<?xml version="1.0" encoding="UTF-8"?>
<Benchmark xmlns="http://checklists.nist.gov/xccdf/1.2" xmlns:xsi="http://www.w3.org/2001/XMLSchema-instance" id="xccdf_org.ssgproject.content_benchmark_UBUNTU_24-04" resolved="1" xml:lang="en-US" style="SCAP_1.2">
  <status date="2025-02-24">draft</status>
  <title xmlns:xhtml="http://www.w3.org/1999/xhtml" xml:lang="en-US">Guide to the Secure Configuration of Ubuntu 24.04</title>
  <description xmlns:xhtml="http://www.w3.org/1999/xhtml" xml:lang="en-US">This guide presents a catalog of security-relevant
configuration settings for Ubuntu 24.04. It is a rendering of
content structured in the eXtensible Configuration Checklist Description Format (XCCDF)
in order to support security automation.  The SCAP content is
is available in the <html:code xmlns:html="http://www.w3.org/1999/xhtml">scap-security-guide</html:code> package which is developed at

    <html:a xmlns:html="http://www.w3.org/1999/xhtml" href="https://www.open-scap.org/security-policies/scap-security-guide">https://www.open-scap.org/security-policies/scap-security-guide</html:a>.
<html:br xmlns:html="http://www.w3.org/1999/xhtml"/>
    <html:br xmlns:html="http://www.w3.org/1999/xhtml"/>
Providing system administrators with such guidance informs them how to securely
configure systems under their control in a variety of network roles. Policy
makers and baseline creators can use this catalog of settings, with its
associated references to higher-level security control catalogs, in order to
assist them in security baseline creation. This guide is a <html:em xmlns:html="http://www.w3.org/1999/xhtml">catalog, not a
checklist</html:em>, and satisfaction of every item is not likely to be possible or
sensible in many operational scenarios. However, the XCCDF format enables
granular selection and adjustment of settings, and their association with OVAL
and OCIL content provides an automated checking capability. Transformations of
this document, and its associated automated checking content, are capable of
providing baselines that meet a diverse set of policy objectives. Some example
XCCDF <html:em xmlns:html="http://www.w3.org/1999/xhtml">Profiles</html:em>, which are selections of items that form checklists and
can be used as baselines, are available with this guide. They can be
processed, in an automated fashion, with tools that support the Security
Content Automation Protocol (SCAP). The DISA STIG, which provides required
settings for US Department of Defense systems, is one example of a baseline
created from this guidance.
</description>
  <notice xmlns:xhtml="http://www.w3.org/1999/xhtml" xml:lang="en-US" id="terms_of_use">Do not attempt to implement any of the settings in
this guide without first testing them in a non-operational environment. The
creators of this guidance assume no responsibility whatsoever for its use by
other parties, and makes no guarantees, expressed or implied, about its
quality, reliability, or any other characteristic.
</notice>
  <front-matter xmlns:xhtml="http://www.w3.org/1999/xhtml" xml:lang="en-US">The SCAP Security Guide Project<html:br xmlns:html="http://www.w3.org/1999/xhtml"/>
    <html:a xmlns:html="http://www.w3.org/1999/xhtml" href="https://www.open-scap.org/security-policies/scap-security-guide">https://www.open-scap.org/security-policies/scap-security-guide</html:a>
   </front-matter>
  <rear-matter xmlns:xhtml="http://www.w3.org/1999/xhtml" xml:lang="en-US">Red Hat and Red Hat Enterprise Linux are either registered
trademarks or trademarks of Red Hat, Inc. in the United States and other
countries. All other names are registered trademarks or trademarks of their
respective companies.</rear-matter>
  <reference href="https://cyber.gouv.fr/sites/default/files/document/linux_configuration-en-v2.pdf">anssi</reference>
  <reference href="https://public.cyber.mil/stigs/downloads/?_dl_facet_stigs=application-servers">app-srg</reference>
  <reference href="https://public.cyber.mil/stigs/downloads/?_dl_facet_stigs=container-platform">app-srg-ctr</reference>
  <reference href="https://www.bsi.bund.de/SharedDocs/Downloads/EN/BSI/Grundschutz/International/bsi_it_gs_comp_2022.pdf">bsi</reference>
  <reference href="https://www.cisecurity.org/benchmark/ubuntu_linux/">cis</reference>
  <reference href="https://www.cisecurity.org/controls/">cis-csc</reference>
  <reference href="https://www.fbi.gov/file-repository/cjis-security-policy-v5_5_20160601-2-1.pdf">cjis</reference>
  <reference href="https://www.isaca.org/resources/cobit">cobit5</reference>
  <reference href="http://nvlpubs.nist.gov/nistpubs/SpecialPublications/NIST.SP.800-171.pdf">cui</reference>
  <reference href="not_officially_available">dcid</reference>
  <reference href="https://public.cyber.mil/stigs/cci/">disa</reference>
  <reference href="https://www.gpo.gov/fdsys/pkg/CFR-2007-title45-vol1/pdf/CFR-2007-title45-vol1-chapA-subchapC.pdf">hipaa</reference>
  <reference href="https://www.isa.org/products/isa-62443-2-1-2009-security-for-industrial-automat">isa-62443-2009</reference>
  <reference href="https://www.isa.org/products/ansi-isa-62443-3-3-99-03-03-2013-security-for-indu">isa-62443-2013</reference>
  <reference href="https://www.cyber.gov.au/acsc/view-all-content/ism">ism</reference>
  <reference href="https://www.iso.org/contents/data/standard/05/45/54534.html">iso27001-2013</reference>
  <reference href="https://www.nerc.com/pa/Stand/AlignRep/One%20Stop%20Shop.xlsx">nerc-cip</reference>
  <reference href="http://nvlpubs.nist.gov/nistpubs/SpecialPublications/NIST.SP.800-53r4.pdf">nist</reference>
  <reference href="https://nvlpubs.nist.gov/nistpubs/CSWP/NIST.CSWP.04162018.pdf">nist-csf</reference>
  <reference href="https://public.cyber.mil/stigs/downloads/?_dl_facet_stigs=operating-systems%2Cgeneral-purpose-os">os-srg</reference>
  <reference href="https://www.niap-ccevs.org/Profile/PP.cfm">ospp</reference>
  <reference href="https://www.pcisecuritystandards.org/documents/PCI_DSS_v3-2-1.pdf">pcidss</reference>
  <reference href="https://docs-prv.pcisecuritystandards.org/PCI%20DSS/Standard/PCI-DSS-v4_0.pdf">pcidss4</reference>
  <reference href="https://public.cyber.mil/stigs/downloads/?_dl_facet_stigs=operating-systems%2Cunix-linux">stigid</reference>
  <reference href="https://public.cyber.mil/stigs/srg-stig-tools/">stigref</reference>
  <platform idref="cpe:/o:canonical:ubuntu_linux:24.04::~~lts~~~"/>
  <version update="https://github.com/ComplianceAsCode/content/releases/latest">0.1.76</version>
  <metadata xmlns:xhtml="http://www.w3.org/1999/xhtml">
        <dc:publisher xmlns:dc="http://purl.org/dc/elements/1.1/">SCAP Security Guide Project</dc:publisher>
        <dc:creator xmlns:dc="http://purl.org/dc/elements/1.1/">SCAP Security Guide Project</dc:creator>
        <dc:contributor xmlns:dc="http://purl.org/dc/elements/1.1/">Frank J Cameron (CAM1244) &lt;cameron@ctc.com&gt;</dc:contributor>
        <dc:contributor xmlns:dc="http://purl.org/dc/elements/1.1/">0x66656c6978 &lt;0x66656c6978@users.noreply.github.com&gt;</dc:contributor>
        <dc:contributor xmlns:dc="http://purl.org/dc/elements/1.1/">Håvard F. Aasen &lt;havard.f.aasen@pfft.no&gt;</dc:contributor>
        <dc:contributor xmlns:dc="http://purl.org/dc/elements/1.1/">Armando Acosta &lt;armando.acosta@oracle.com&gt;</dc:contributor>
        <dc:contributor xmlns:dc="http://purl.org/dc/elements/1.1/">Jack Adolph &lt;jack.adolph@gmail.com&gt;</dc:contributor>
        <dc:contributor xmlns:dc="http://purl.org/dc/elements/1.1/">Edgar Aguilar &lt;edgar.aguilar@oracle.com&gt;</dc:contributor>
        <dc:contributor xmlns:dc="http://purl.org/dc/elements/1.1/">akuster &lt;akuster808@gmail.com&gt;</dc:contributor>
        <dc:contributor xmlns:dc="http://purl.org/dc/elements/1.1/">Gabe Alford &lt;redhatrises@gmail.com&gt;</dc:contributor>
        <dc:contributor xmlns:dc="http://purl.org/dc/elements/1.1/">Firas AlShafei &lt;firas.alshafei@us.abb.com&gt;</dc:contributor>
        <dc:contributor xmlns:dc="http://purl.org/dc/elements/1.1/">Rodrigo Alvares &lt;ralvares@redhat.com&gt;</dc:contributor>
        <dc:contributor xmlns:dc="http://purl.org/dc/elements/1.1/">Christopher Anderson &lt;cba@fedoraproject.org&gt;</dc:contributor>
        <dc:contributor xmlns:dc="http://purl.org/dc/elements/1.1/">Craig Andrews &lt;candrews@integralblue.com&gt;</dc:contributor>
        <dc:contributor xmlns:dc="http://purl.org/dc/elements/1.1/">angystardust &lt;angystardust@users.noreply.github.com&gt;</dc:contributor>
        <dc:contributor xmlns:dc="http://purl.org/dc/elements/1.1/">anivan-suse &lt;anastasija.ivanovic@suse.com&gt;</dc:contributor>
        <dc:contributor xmlns:dc="http://purl.org/dc/elements/1.1/">anixon-rh &lt;55244503+anixon-rh@users.noreply.github.com&gt;</dc:contributor>
        <dc:contributor xmlns:dc="http://purl.org/dc/elements/1.1/">Steve Arnold &lt;sarnold@vctlabs.com&gt;</dc:contributor>
        <dc:contributor xmlns:dc="http://purl.org/dc/elements/1.1/">Ikko Ashimine &lt;eltociear@gmail.com&gt;</dc:contributor>
        <dc:contributor xmlns:dc="http://purl.org/dc/elements/1.1/">Chuck Atkins &lt;chuck.atkins@kitware.com&gt;</dc:contributor>
        <dc:contributor xmlns:dc="http://purl.org/dc/elements/1.1/">Bharath B &lt;bhb@redhat.com&gt;</dc:contributor>
        <dc:contributor xmlns:dc="http://purl.org/dc/elements/1.1/">Ryan Ballanger &lt;root@rballang-admin-2.fastenal.com&gt;</dc:contributor>
        <dc:contributor xmlns:dc="http://purl.org/dc/elements/1.1/">Alex Baranowski &lt;alex@euro-linux.com&gt;</dc:contributor>
        <dc:contributor xmlns:dc="http://purl.org/dc/elements/1.1/">Eduardo Barretto &lt;eduardo.barretto@canonical.com&gt;</dc:contributor>
        <dc:contributor xmlns:dc="http://purl.org/dc/elements/1.1/">Paul Bastide &lt;pbastide@us.ibm.com&gt;</dc:contributor>
        <dc:contributor xmlns:dc="http://purl.org/dc/elements/1.1/">Molly Jo Bault &lt;Molly.Jo.Bault@ballardtech.com&gt;</dc:contributor>
        <dc:contributor xmlns:dc="http://purl.org/dc/elements/1.1/">Andrew Becker &lt;A-Beck@users.noreply.github.com&gt;</dc:contributor>
        <dc:contributor xmlns:dc="http://purl.org/dc/elements/1.1/">Gabriel Becker &lt;ggasparb@redhat.com&gt;</dc:contributor>
        <dc:contributor xmlns:dc="http://purl.org/dc/elements/1.1/">BenGui &lt;benoit.guillon1@etu.unilim.fr&gt;</dc:contributor>
        <dc:contributor xmlns:dc="http://purl.org/dc/elements/1.1/">Alexander Bergmann &lt;abergmann@suse.com&gt;</dc:contributor>
        <dc:contributor xmlns:dc="http://purl.org/dc/elements/1.1/">Eric Berry &lt;eric@approvedworkman.com&gt;</dc:contributor>
        <dc:contributor xmlns:dc="http://purl.org/dc/elements/1.1/">Dale Bewley &lt;dale@bewley.net&gt;</dc:contributor>
        <dc:contributor xmlns:dc="http://purl.org/dc/elements/1.1/">Jose Luis BG &lt;bgjoseluis@gmail.com&gt;</dc:contributor>
        <dc:contributor xmlns:dc="http://purl.org/dc/elements/1.1/">binyanling &lt;binyanling@uniontech.com&gt;</dc:contributor>
        <dc:contributor xmlns:dc="http://purl.org/dc/elements/1.1/">Joseph Bisch &lt;joseph.bisch@gmail.com&gt;</dc:contributor>
        <dc:contributor xmlns:dc="http://purl.org/dc/elements/1.1/">Jeff Blank &lt;blank@eclipse.ncsc.mil&gt;</dc:contributor>
        <dc:contributor xmlns:dc="http://purl.org/dc/elements/1.1/">Olivier Bonhomme &lt;ptitoliv@ptitoliv.net&gt;</dc:contributor>
        <dc:contributor xmlns:dc="http://purl.org/dc/elements/1.1/">Lance Bragstad &lt;lbragstad@gmail.com&gt;</dc:contributor>
        <dc:contributor xmlns:dc="http://purl.org/dc/elements/1.1/">Ted Brunell &lt;tbrunell@redhat.com&gt;</dc:contributor>
        <dc:contributor xmlns:dc="http://purl.org/dc/elements/1.1/">Marcus Burghardt &lt;maburgha@redhat.com&gt;</dc:contributor>
        <dc:contributor xmlns:dc="http://purl.org/dc/elements/1.1/">Matthew Burket &lt;mburket@redhat.com&gt;</dc:contributor>
        <dc:contributor xmlns:dc="http://purl.org/dc/elements/1.1/">Blake Burkhart &lt;blake.burkhart@us.af.mil&gt;</dc:contributor>
        <dc:contributor xmlns:dc="http://purl.org/dc/elements/1.1/">Patrick Callahan &lt;pmc@patrickcallahan.com&gt;</dc:contributor>
        <dc:contributor xmlns:dc="http://purl.org/dc/elements/1.1/">George Campbell &lt;gcampbell@palantir.com&gt;</dc:contributor>
        <dc:contributor xmlns:dc="http://purl.org/dc/elements/1.1/">Nick Carboni &lt;ncarboni@redhat.com&gt;</dc:contributor>
        <dc:contributor xmlns:dc="http://purl.org/dc/elements/1.1/">Carlos &lt;64919342+carlosmmatos@users.noreply.github.com&gt;</dc:contributor>
        <dc:contributor xmlns:dc="http://purl.org/dc/elements/1.1/">James Cassell &lt;james.cassell@ll.mit.edu&gt;</dc:contributor>
        <dc:contributor xmlns:dc="http://purl.org/dc/elements/1.1/">Frank Caviggia &lt;fcaviggia@users.noreply.github.com&gt;</dc:contributor>
        <dc:contributor xmlns:dc="http://purl.org/dc/elements/1.1/">Eric Christensen &lt;echriste@redhat.com&gt;</dc:contributor>
        <dc:contributor xmlns:dc="http://purl.org/dc/elements/1.1/">Dan Clark &lt;danclark@redhat.com&gt;</dc:contributor>
        <dc:contributor xmlns:dc="http://purl.org/dc/elements/1.1/">Jayson Cofell &lt;1051437+70k10@users.noreply.github.com&gt;</dc:contributor>
        <dc:contributor xmlns:dc="http://purl.org/dc/elements/1.1/">David du Colombier &lt;djc@datadoghq.com&gt;</dc:contributor>
        <dc:contributor xmlns:dc="http://purl.org/dc/elements/1.1/">Commandcracker &lt;lukas.fricke.dev@gmail.com&gt;</dc:contributor>
        <dc:contributor xmlns:dc="http://purl.org/dc/elements/1.1/">Caleb Cooper &lt;coopercd@ornl.gov&gt;</dc:contributor>
        <dc:contributor xmlns:dc="http://purl.org/dc/elements/1.1/">CoreyCook8 &lt;129206271+CoreyCook8@users.noreply.github.com&gt;</dc:contributor>
        <dc:contributor xmlns:dc="http://purl.org/dc/elements/1.1/">cortesana &lt;acortes@redhat.com&gt;</dc:contributor>
        <dc:contributor xmlns:dc="http://purl.org/dc/elements/1.1/">Richard Maciel Costa &lt;richard.maciel.costa@canonical.com&gt;</dc:contributor>
        <dc:contributor xmlns:dc="http://purl.org/dc/elements/1.1/">Xavier Coulon &lt;xavier.coulon@suse.com&gt;</dc:contributor>
        <dc:contributor xmlns:dc="http://purl.org/dc/elements/1.1/">Deric Crago &lt;deric.crago@gmail.com&gt;</dc:contributor>
        <dc:contributor xmlns:dc="http://purl.org/dc/elements/1.1/">crleekwc &lt;crleekwc@gmail.com&gt;</dc:contributor>
        <dc:contributor xmlns:dc="http://purl.org/dc/elements/1.1/">cueball23 &lt;christoph.alms@westnetz.de&gt;</dc:contributor>
        <dc:contributor xmlns:dc="http://purl.org/dc/elements/1.1/">cyarbrough76 &lt;42849651+cyarbrough76@users.noreply.github.com&gt;</dc:contributor>
        <dc:contributor xmlns:dc="http://purl.org/dc/elements/1.1/">Maura Dailey &lt;maura@eclipse.ncsc.mil&gt;</dc:contributor>
        <dc:contributor xmlns:dc="http://purl.org/dc/elements/1.1/">Klaas Demter &lt;demter@atix.de&gt;</dc:contributor>
        <dc:contributor xmlns:dc="http://purl.org/dc/elements/1.1/">denknorr &lt;dennis.knorr@suse.com&gt;</dc:contributor>
        <dc:contributor xmlns:dc="http://purl.org/dc/elements/1.1/">dependabot[bot] &lt;49699333+dependabot[bot]@users.noreply.github.com&gt;</dc:contributor>
        <dc:contributor xmlns:dc="http://purl.org/dc/elements/1.1/">dhanushkar-wso2 &lt;dhanushkar@wso2.com&gt;</dc:contributor>
        <dc:contributor xmlns:dc="http://purl.org/dc/elements/1.1/">Andrew DiPrinzio &lt;andrew.diprinzio@jhuapl.edu&gt;</dc:contributor>
        <dc:contributor xmlns:dc="http://purl.org/dc/elements/1.1/">dom &lt;dominique.blaze@devinci.fr&gt;</dc:contributor>
        <dc:contributor xmlns:dc="http://purl.org/dc/elements/1.1/">Jean-Baptiste Donnette &lt;jean-baptiste.donnette@epita.fr&gt;</dc:contributor>
        <dc:contributor xmlns:dc="http://purl.org/dc/elements/1.1/">Marco De Donno &lt;mdedonno1337@gmail.com&gt;</dc:contributor>
        <dc:contributor xmlns:dc="http://purl.org/dc/elements/1.1/">dperrone &lt;dperrone@redhat.com&gt;</dc:contributor>
        <dc:contributor xmlns:dc="http://purl.org/dc/elements/1.1/">drax &lt;applezip@gmail.com&gt;</dc:contributor>
        <dc:contributor xmlns:dc="http://purl.org/dc/elements/1.1/">Sebastian Dunne &lt;sdunne@redhat.com&gt;</dc:contributor>
        <dc:contributor xmlns:dc="http://purl.org/dc/elements/1.1/">François Duthilleul &lt;francoisduthilleul@gmail.com&gt;</dc:contributor>
        <dc:contributor xmlns:dc="http://purl.org/dc/elements/1.1/">Greg Elin &lt;gregelin@gitmachines.com&gt;</dc:contributor>
        <dc:contributor xmlns:dc="http://purl.org/dc/elements/1.1/">eradot4027 &lt;jrtonmac@gmail.com&gt;</dc:contributor>
        <dc:contributor xmlns:dc="http://purl.org/dc/elements/1.1/">ermeratos &lt;manuel.ermer@eviden.net&gt;</dc:contributor>
        <dc:contributor xmlns:dc="http://purl.org/dc/elements/1.1/">Alexis Facques &lt;alexis.facques@mythalesgroup.io&gt;</dc:contributor>
        <dc:contributor xmlns:dc="http://purl.org/dc/elements/1.1/">Henry Finucane &lt;hfinucane@zscaler.com&gt;</dc:contributor>
        <dc:contributor xmlns:dc="http://purl.org/dc/elements/1.1/">Leah Fisher &lt;lfisher047@gmail.com&gt;</dc:contributor>
        <dc:contributor xmlns:dc="http://purl.org/dc/elements/1.1/">Marco Fortina &lt;marco_fortina@hotmail.it&gt;</dc:contributor>
        <dc:contributor xmlns:dc="http://purl.org/dc/elements/1.1/">Yavor Georgiev &lt;strandjata@gmail.com&gt;</dc:contributor>
        <dc:contributor xmlns:dc="http://purl.org/dc/elements/1.1/">Alijohn Ghassemlouei &lt;alijohn@secureagc.com&gt;</dc:contributor>
        <dc:contributor xmlns:dc="http://purl.org/dc/elements/1.1/">Swarup Ghosh &lt;swghosh@redhat.com&gt;</dc:contributor>
        <dc:contributor xmlns:dc="http://purl.org/dc/elements/1.1/">ghylock &lt;ghylock@gmail.com&gt;</dc:contributor>
        <dc:contributor xmlns:dc="http://purl.org/dc/elements/1.1/">Andrew Gilmore &lt;agilmore2@gmail.com&gt;</dc:contributor>
        <dc:contributor xmlns:dc="http://purl.org/dc/elements/1.1/">Joshua Glemza &lt;jglemza@nasa.gov&gt;</dc:contributor>
        <dc:contributor xmlns:dc="http://purl.org/dc/elements/1.1/">Nick Gompper &lt;forestgomp@yahoo.com&gt;</dc:contributor>
        <dc:contributor xmlns:dc="http://purl.org/dc/elements/1.1/">David Fernandez Gonzalez &lt;david.fernandezgonzalez@canonical.com&gt;</dc:contributor>
        <dc:contributor xmlns:dc="http://purl.org/dc/elements/1.1/">Loren Gordon &lt;lorengordon@users.noreply.github.com&gt;</dc:contributor>
        <dc:contributor xmlns:dc="http://purl.org/dc/elements/1.1/">Gene Gotimer &lt;otherdevopsgene@portinfo.com&gt;</dc:contributor>
        <dc:contributor xmlns:dc="http://purl.org/dc/elements/1.1/">Patrik Greco &lt;sikevux@sikevux.se&gt;</dc:contributor>
        <dc:contributor xmlns:dc="http://purl.org/dc/elements/1.1/">Steve Grubb &lt;sgrubb@redhat.com&gt;</dc:contributor>
        <dc:contributor xmlns:dc="http://purl.org/dc/elements/1.1/">guangyee &lt;gyee@suse.com&gt;</dc:contributor>
        <dc:contributor xmlns:dc="http://purl.org/dc/elements/1.1/">Christian Hagenest &lt;christian.hagenest@suse.com&gt;</dc:contributor>
        <dc:contributor xmlns:dc="http://purl.org/dc/elements/1.1/">Marek Haicman &lt;mhaicman@redhat.com&gt;</dc:contributor>
        <dc:contributor xmlns:dc="http://purl.org/dc/elements/1.1/">Vern Hart &lt;vern.hart@canonical.com&gt;</dc:contributor>
        <dc:contributor xmlns:dc="http://purl.org/dc/elements/1.1/">Alex Haydock &lt;alex@alexhaydock.co.uk&gt;</dc:contributor>
        <dc:contributor xmlns:dc="http://purl.org/dc/elements/1.1/">Rebekah Hayes &lt;rhayes@corp.rivierautilities.com&gt;</dc:contributor>
        <dc:contributor xmlns:dc="http://purl.org/dc/elements/1.1/">Trey Henefield &lt;thenefield@gmail.com&gt;</dc:contributor>
        <dc:contributor xmlns:dc="http://purl.org/dc/elements/1.1/">Henning Henkel &lt;henning.henkel@helvetia.ch&gt;</dc:contributor>
        <dc:contributor xmlns:dc="http://purl.org/dc/elements/1.1/">hex2a &lt;hex2a@users.noreply.github.com&gt;</dc:contributor>
        <dc:contributor xmlns:dc="http://purl.org/dc/elements/1.1/">hipponix &lt;mirco.santori@gmail.com&gt;</dc:contributor>
        <dc:contributor xmlns:dc="http://purl.org/dc/elements/1.1/">John Hooks &lt;jhooks@starscream.pa.jhbcomputers.com&gt;</dc:contributor>
        <dc:contributor xmlns:dc="http://purl.org/dc/elements/1.1/">Jakub Hrozek &lt;jhrozek@redhat.com&gt;</dc:contributor>
        <dc:contributor xmlns:dc="http://purl.org/dc/elements/1.1/">Donald Hunter &lt;donald.hunter@gmail.com&gt;</dc:contributor>
        <dc:contributor xmlns:dc="http://purl.org/dc/elements/1.1/">De Huo &lt;De.Huo@windriver.com&gt;</dc:contributor>
        <dc:contributor xmlns:dc="http://purl.org/dc/elements/1.1/">Robin Price II &lt;robin@redhat.com&gt;</dc:contributor>
        <dc:contributor xmlns:dc="http://purl.org/dc/elements/1.1/">Yasir Imam &lt;yimam@redhat.com&gt;</dc:contributor>
        <dc:contributor xmlns:dc="http://purl.org/dc/elements/1.1/">Jiri Jaburek &lt;jjaburek@redhat.com&gt;</dc:contributor>
        <dc:contributor xmlns:dc="http://purl.org/dc/elements/1.1/">Keith Jackson &lt;keithkjackson@gmail.com&gt;</dc:contributor>
        <dc:contributor xmlns:dc="http://purl.org/dc/elements/1.1/">Marc Jadoul &lt;mgjadoul@laptomatic.auth-o-matic.corp&gt;</dc:contributor>
        <dc:contributor xmlns:dc="http://purl.org/dc/elements/1.1/">Jeremiah Jahn &lt;jeremiah@goodinassociates.com&gt;</dc:contributor>
        <dc:contributor xmlns:dc="http://purl.org/dc/elements/1.1/">Jakub Jelen &lt;jjelen@redhat.com&gt;</dc:contributor>
        <dc:contributor xmlns:dc="http://purl.org/dc/elements/1.1/">Jessicahfy &lt;Jessicahfy@users.noreply.github.com&gt;</dc:contributor>
        <dc:contributor xmlns:dc="http://purl.org/dc/elements/1.1/">Stephan Joerrens &lt;Stephan.Joerrens@fiduciagad.de&gt;</dc:contributor>
        <dc:contributor xmlns:dc="http://purl.org/dc/elements/1.1/">Simon John &lt;sjohn@tuxcare.com&gt;</dc:contributor>
        <dc:contributor xmlns:dc="http://purl.org/dc/elements/1.1/">Hunter Jones &lt;hjones2199@gmail.com&gt;</dc:contributor>
        <dc:contributor xmlns:dc="http://purl.org/dc/elements/1.1/">Jono &lt;jono@ubuntu-18.localdomain&gt;</dc:contributor>
        <dc:contributor xmlns:dc="http://purl.org/dc/elements/1.1/">justchris1 &lt;justchris1@justchris1.email&gt;</dc:contributor>
        <dc:contributor xmlns:dc="http://purl.org/dc/elements/1.1/">Kacper &lt;kacper@kacper.se&gt;</dc:contributor>
        <dc:contributor xmlns:dc="http://purl.org/dc/elements/1.1/">Kai Kang &lt;kai.kang@windriver.com&gt;</dc:contributor>
        <dc:contributor xmlns:dc="http://purl.org/dc/elements/1.1/">Charles Kernstock &lt;charles.kernstock@ultra-ats.com&gt;</dc:contributor>
        <dc:contributor xmlns:dc="http://purl.org/dc/elements/1.1/">Yuli Khodorkovskiy &lt;ykhodorkovskiy@tresys.com&gt;</dc:contributor>
        <dc:contributor xmlns:dc="http://purl.org/dc/elements/1.1/">Sherine Khoury &lt;skhoury@redhat.com&gt;</dc:contributor>
        <dc:contributor xmlns:dc="http://purl.org/dc/elements/1.1/">Nathan Kinder &lt;nkinder@redhat.com&gt;</dc:contributor>
        <dc:contributor xmlns:dc="http://purl.org/dc/elements/1.1/">Lee Kinser &lt;lee.kinser@gmail.com&gt;</dc:contributor>
        <dc:contributor xmlns:dc="http://purl.org/dc/elements/1.1/">Evgeny Kolesnikov &lt;ekolesni@redhat.com&gt;</dc:contributor>
        <dc:contributor xmlns:dc="http://purl.org/dc/elements/1.1/">Peter 'Pessoft' Kolínek &lt;github@pessoft.com&gt;</dc:contributor>
        <dc:contributor xmlns:dc="http://purl.org/dc/elements/1.1/">Luke Kordell &lt;luke.t.kordell@lmco.com&gt;</dc:contributor>
        <dc:contributor xmlns:dc="http://purl.org/dc/elements/1.1/">Malte Kraus &lt;malte.kraus@suse.com&gt;</dc:contributor>
        <dc:contributor xmlns:dc="http://purl.org/dc/elements/1.1/">Seth Kress &lt;seth.kress@dsainc.com&gt;</dc:contributor>
        <dc:contributor xmlns:dc="http://purl.org/dc/elements/1.1/">Felix Krohn &lt;felix.krohn@helvetia.ch&gt;</dc:contributor>
        <dc:contributor xmlns:dc="http://purl.org/dc/elements/1.1/">kspargur &lt;kspargur@kspargur.csb&gt;</dc:contributor>
        <dc:contributor xmlns:dc="http://purl.org/dc/elements/1.1/">Amit Kumar &lt;amitkuma@redhat.com&gt;</dc:contributor>
        <dc:contributor xmlns:dc="http://purl.org/dc/elements/1.1/">Fen Labalme &lt;fen@civicactions.com&gt;</dc:contributor>
        <dc:contributor xmlns:dc="http://purl.org/dc/elements/1.1/">Dexter Le &lt;dexter.le@sap.com&gt;</dc:contributor>
        <dc:contributor xmlns:dc="http://purl.org/dc/elements/1.1/">Ade Lee &lt;alee@redhat.com&gt;</dc:contributor>
        <dc:contributor xmlns:dc="http://purl.org/dc/elements/1.1/">Christopher Lee &lt;Crleekwc@gmail.com&gt;</dc:contributor>
        <dc:contributor xmlns:dc="http://purl.org/dc/elements/1.1/">Ian Lee &lt;lee1001@llnl.gov&gt;</dc:contributor>
        <dc:contributor xmlns:dc="http://purl.org/dc/elements/1.1/">Jarrett Lee &lt;jarrettl@umd.edu&gt;</dc:contributor>
        <dc:contributor xmlns:dc="http://purl.org/dc/elements/1.1/">Joseph Lenox &lt;joseph.lenox@collins.com&gt;</dc:contributor>
        <dc:contributor xmlns:dc="http://purl.org/dc/elements/1.1/">lichtblaugue &lt;guenther.lichtblau@eviden.com&gt;</dc:contributor>
        <dc:contributor xmlns:dc="http://purl.org/dc/elements/1.1/">Jan Lieskovsky &lt;jlieskov@redhat.com&gt;</dc:contributor>
        <dc:contributor xmlns:dc="http://purl.org/dc/elements/1.1/">Markus Linnala &lt;Markus.Linnala@knowit.fi&gt;</dc:contributor>
        <dc:contributor xmlns:dc="http://purl.org/dc/elements/1.1/">Flos Lonicerae &lt;lonicerae@gmail.com&gt;</dc:contributor>
        <dc:contributor xmlns:dc="http://purl.org/dc/elements/1.1/">Simon Lukasik &lt;slukasik@redhat.com&gt;</dc:contributor>
        <dc:contributor xmlns:dc="http://purl.org/dc/elements/1.1/">Milan Lysonek &lt;mlysonek@redhat.com&gt;</dc:contributor>
        <dc:contributor xmlns:dc="http://purl.org/dc/elements/1.1/">Fredrik Lysén &lt;fredrik@pipemore.se&gt;</dc:contributor>
        <dc:contributor xmlns:dc="http://purl.org/dc/elements/1.1/">Mab879 &lt;207087+Mab879@users.noreply.github.com&gt;</dc:contributor>
        <dc:contributor xmlns:dc="http://purl.org/dc/elements/1.1/">Mackemania &lt;8738793+Mackemania@users.noreply.github.com&gt;</dc:contributor>
        <dc:contributor xmlns:dc="http://purl.org/dc/elements/1.1/">Caitlin Macleod &lt;caitelatte@gmail.com&gt;</dc:contributor>
        <dc:contributor xmlns:dc="http://purl.org/dc/elements/1.1/">Dmitry Makovey &lt;dmakovey@yahoo.com&gt;</dc:contributor>
        <dc:contributor xmlns:dc="http://purl.org/dc/elements/1.1/">Nick Maludy &lt;nmaludy@gmail.com&gt;</dc:contributor>
        <dc:contributor xmlns:dc="http://purl.org/dc/elements/1.1/">Lokesh Mandvekar &lt;lsm5@fedoraproject.org&gt;</dc:contributor>
        <dc:contributor xmlns:dc="http://purl.org/dc/elements/1.1/">Matus Marhefka &lt;mmarhefk@redhat.com&gt;</dc:contributor>
        <dc:contributor xmlns:dc="http://purl.org/dc/elements/1.1/">Jamie Lorwey Martin &lt;jlmartin@redhat.com&gt;</dc:contributor>
        <dc:contributor xmlns:dc="http://purl.org/dc/elements/1.1/">Carlos Matos &lt;cmatos@redhat.com&gt;</dc:contributor>
        <dc:contributor xmlns:dc="http://purl.org/dc/elements/1.1/">Robert McAllister &lt;rmcallis@redhat.com&gt;</dc:contributor>
        <dc:contributor xmlns:dc="http://purl.org/dc/elements/1.1/">Karen McCarron &lt;kmccarro@redhat.com&gt;</dc:contributor>
        <dc:contributor xmlns:dc="http://purl.org/dc/elements/1.1/">Michael McConachie &lt;michael@redhat.com&gt;</dc:contributor>
        <dc:contributor xmlns:dc="http://purl.org/dc/elements/1.1/">Marcus Meissner &lt;meissner@suse.de&gt;</dc:contributor>
        <dc:contributor xmlns:dc="http://purl.org/dc/elements/1.1/">Khary Mendez &lt;kmendez@redhat.com&gt;</dc:contributor>
        <dc:contributor xmlns:dc="http://purl.org/dc/elements/1.1/">Rodney Mercer &lt;rmercer@harris.com&gt;</dc:contributor>
        <dc:contributor xmlns:dc="http://purl.org/dc/elements/1.1/">Matt Micene &lt;nzwulfin@gmail.com&gt;</dc:contributor>
        <dc:contributor xmlns:dc="http://purl.org/dc/elements/1.1/">Brian Millett &lt;bmillett@gmail.com&gt;</dc:contributor>
        <dc:contributor xmlns:dc="http://purl.org/dc/elements/1.1/">Takuya Mishina &lt;tmishina@jp.ibm.com&gt;</dc:contributor>
        <dc:contributor xmlns:dc="http://purl.org/dc/elements/1.1/">Mixer9 &lt;35545791+Mixer9@users.noreply.github.com&gt;</dc:contributor>
        <dc:contributor xmlns:dc="http://purl.org/dc/elements/1.1/">mmosel &lt;mmosel@kde.example.com&gt;</dc:contributor>
        <dc:contributor xmlns:dc="http://purl.org/dc/elements/1.1/">Thomas Montague &lt;montague.thomas@gmail.com&gt;</dc:contributor>
        <dc:contributor xmlns:dc="http://purl.org/dc/elements/1.1/">Alan Moore &lt;alan.moore@canonical.com&gt;</dc:contributor>
        <dc:contributor xmlns:dc="http://purl.org/dc/elements/1.1/">Zbynek Moravec &lt;zmoravec@redhat.com&gt;</dc:contributor>
        <dc:contributor xmlns:dc="http://purl.org/dc/elements/1.1/">Kazuo Moriwaka &lt;moriwaka@users.noreply.github.com&gt;</dc:contributor>
        <dc:contributor xmlns:dc="http://purl.org/dc/elements/1.1/">Michael Moseley &lt;michael@eclipse.ncsc.mil&gt;</dc:contributor>
        <dc:contributor xmlns:dc="http://purl.org/dc/elements/1.1/">Nathan Moyer &lt;nmoyer@spectric.com&gt;</dc:contributor>
        <dc:contributor xmlns:dc="http://purl.org/dc/elements/1.1/">Ross Murphy &lt;RossMurphy@ibm.com&gt;</dc:contributor>
        <dc:contributor xmlns:dc="http://purl.org/dc/elements/1.1/">Renaud Métrich &lt;rmetrich@redhat.com&gt;</dc:contributor>
        <dc:contributor xmlns:dc="http://purl.org/dc/elements/1.1/">Joe Nall &lt;joe@nall.com&gt;</dc:contributor>
        <dc:contributor xmlns:dc="http://purl.org/dc/elements/1.1/">namoyer10 &lt;48189779+namoyer10@users.noreply.github.com&gt;</dc:contributor>
        <dc:contributor xmlns:dc="http://purl.org/dc/elements/1.1/">Neiloy &lt;neiloy@redhat.com&gt;</dc:contributor>
        <dc:contributor xmlns:dc="http://purl.org/dc/elements/1.1/">Axel Nennker &lt;axel@nennker.de&gt;</dc:contributor>
        <dc:contributor xmlns:dc="http://purl.org/dc/elements/1.1/">Michele Newman &lt;mnewman@redhat.com&gt;</dc:contributor>
        <dc:contributor xmlns:dc="http://purl.org/dc/elements/1.1/">nnerdmann &lt;128606223+nnerdmann@users.noreply.github.com&gt;</dc:contributor>
        <dc:contributor xmlns:dc="http://purl.org/dc/elements/1.1/">Sean O'Keeffe &lt;seanokeeffe797@gmail.com&gt;</dc:contributor>
        <dc:contributor xmlns:dc="http://purl.org/dc/elements/1.1/">Jiri Odehnal &lt;jodehnal@redhat.com&gt;</dc:contributor>
        <dc:contributor xmlns:dc="http://purl.org/dc/elements/1.1/">Ilya Okomin &lt;ilya.okomin@oracle.com&gt;</dc:contributor>
        <dc:contributor xmlns:dc="http://purl.org/dc/elements/1.1/">Kaustubh Padegaonkar &lt;theTuxRacer@gmail.com&gt;</dc:contributor>
        <dc:contributor xmlns:dc="http://purl.org/dc/elements/1.1/">Michael Palmiotto &lt;mpalmiotto@tresys.com&gt;</dc:contributor>
        <dc:contributor xmlns:dc="http://purl.org/dc/elements/1.1/">Eryx Paredes &lt;eryxp@lyft.com&gt;</dc:contributor>
        <dc:contributor xmlns:dc="http://purl.org/dc/elements/1.1/">Max R.D. Parmer &lt;maxp@trystero.is&gt;</dc:contributor>
        <dc:contributor xmlns:dc="http://purl.org/dc/elements/1.1/">Arnaud Patard &lt;apatard@hupstream.com&gt;</dc:contributor>
        <dc:contributor xmlns:dc="http://purl.org/dc/elements/1.1/">Jan Pazdziora &lt;jpazdziora@redhat.com&gt;</dc:contributor>
        <dc:contributor xmlns:dc="http://purl.org/dc/elements/1.1/">pcactr &lt;paul.c.arnold4.ctr@mail.mil&gt;</dc:contributor>
        <dc:contributor xmlns:dc="http://purl.org/dc/elements/1.1/">Kenneth Peeples &lt;kennethwpeeples@gmail.com&gt;</dc:contributor>
        <dc:contributor xmlns:dc="http://purl.org/dc/elements/1.1/">Nathan Peters &lt;Nathaniel.Peters@ca.com&gt;</dc:contributor>
        <dc:contributor xmlns:dc="http://purl.org/dc/elements/1.1/">Frank Lin PIAT &lt;fpiat@klabs.be&gt;</dc:contributor>
        <dc:contributor xmlns:dc="http://purl.org/dc/elements/1.1/">Stefan Pietsch &lt;mail.ipv4v6+gh@gmail.com&gt;</dc:contributor>
        <dc:contributor xmlns:dc="http://purl.org/dc/elements/1.1/">piggyvenus &lt;piggyvenus@gmail.com&gt;</dc:contributor>
        <dc:contributor xmlns:dc="http://purl.org/dc/elements/1.1/">Vojtech Polasek &lt;vpolasek@redhat.com&gt;</dc:contributor>
        <dc:contributor xmlns:dc="http://purl.org/dc/elements/1.1/">Orion Poplawski &lt;orion@nwra.com&gt;</dc:contributor>
        <dc:contributor xmlns:dc="http://purl.org/dc/elements/1.1/">Jennifer Power &lt;barnabei.jennifer@gmail.com&gt;</dc:contributor>
        <dc:contributor xmlns:dc="http://purl.org/dc/elements/1.1/">Nick Poyant &lt;npoyant@redhat.com&gt;</dc:contributor>
        <dc:contributor xmlns:dc="http://purl.org/dc/elements/1.1/">Martin Preisler &lt;mpreisle@redhat.com&gt;</dc:contributor>
        <dc:contributor xmlns:dc="http://purl.org/dc/elements/1.1/">Wesley Ceraso Prudencio &lt;wcerasop@redhat.com&gt;</dc:contributor>
        <dc:contributor xmlns:dc="http://purl.org/dc/elements/1.1/">Raphael Sanchez Prudencio &lt;rsprudencio@redhat.com&gt;</dc:contributor>
        <dc:contributor xmlns:dc="http://purl.org/dc/elements/1.1/">Miha Purg &lt;miha.purg@canonical.com&gt;</dc:contributor>
        <dc:contributor xmlns:dc="http://purl.org/dc/elements/1.1/">T.O. Radzy Radzykewycz &lt;radzy@windriver.com&gt;</dc:contributor>
        <dc:contributor xmlns:dc="http://purl.org/dc/elements/1.1/">rain-Qing &lt;yangyuqing6@qq.com&gt;</dc:contributor>
        <dc:contributor xmlns:dc="http://purl.org/dc/elements/1.1/">Kenyon Ralph &lt;kenyon@kenyonralph.com&gt;</dc:contributor>
        <dc:contributor xmlns:dc="http://purl.org/dc/elements/1.1/">Mike Ralph &lt;mralph@redhat.com&gt;</dc:contributor>
        <dc:contributor xmlns:dc="http://purl.org/dc/elements/1.1/">Federico Ramirez &lt;federico.r.ramirez@oracle.com&gt;</dc:contributor>
        <dc:contributor xmlns:dc="http://purl.org/dc/elements/1.1/">rchikov &lt;rumen.chikov@suse.com&gt;</dc:contributor>
        <dc:contributor xmlns:dc="http://purl.org/dc/elements/1.1/">Rick Renshaw &lt;Richard_Renshaw@xtoenergy.com&gt;</dc:contributor>
        <dc:contributor xmlns:dc="http://purl.org/dc/elements/1.1/">Paul Rensing &lt;prensing@cimetrics.com&gt;</dc:contributor>
        <dc:contributor xmlns:dc="http://purl.org/dc/elements/1.1/">Chris Reynolds &lt;c.reynolds82@gmail.com&gt;</dc:contributor>
        <dc:contributor xmlns:dc="http://purl.org/dc/elements/1.1/">rhayes &lt;rhayes@rivierautilities.com&gt;</dc:contributor>
        <dc:contributor xmlns:dc="http://purl.org/dc/elements/1.1/">Pat Riehecky &lt;riehecky@fnal.gov&gt;</dc:contributor>
        <dc:contributor xmlns:dc="http://purl.org/dc/elements/1.1/">rlucente-se-jboss &lt;rlucente@redhat.com&gt;</dc:contributor>
        <dc:contributor xmlns:dc="http://purl.org/dc/elements/1.1/">Juan Antonio Osorio Robles &lt;juan.osoriorobles@eu.equinix.com&gt;</dc:contributor>
        <dc:contributor xmlns:dc="http://purl.org/dc/elements/1.1/">Paul Roche &lt;paul.roche@menlosecurity.com&gt;</dc:contributor>
        <dc:contributor xmlns:dc="http://purl.org/dc/elements/1.1/">Jan Rodak &lt;hony.com@seznam.cz&gt;</dc:contributor>
        <dc:contributor xmlns:dc="http://purl.org/dc/elements/1.1/">Matt Rogers &lt;mrogers@redhat.com&gt;</dc:contributor>
        <dc:contributor xmlns:dc="http://purl.org/dc/elements/1.1/">Jesse Roland &lt;jesse.roland@onyxpoint.com&gt;</dc:contributor>
        <dc:contributor xmlns:dc="http://purl.org/dc/elements/1.1/">Joshua Roys &lt;roysjosh@gmail.com&gt;</dc:contributor>
        <dc:contributor xmlns:dc="http://purl.org/dc/elements/1.1/">rrenshaw &lt;bofh69@yahoo.com&gt;</dc:contributor>
        <dc:contributor xmlns:dc="http://purl.org/dc/elements/1.1/">Chris Ruffalo &lt;chris.ruffalo@gmail.com&gt;</dc:contributor>
        <dc:contributor xmlns:dc="http://purl.org/dc/elements/1.1/">Benjamin Ruland &lt;benjamin.ruland@gmail.com&gt;</dc:contributor>
        <dc:contributor xmlns:dc="http://purl.org/dc/elements/1.1/">rumch-se &lt;77793453+rumch-se@users.noreply.github.com&gt;</dc:contributor>
        <dc:contributor xmlns:dc="http://purl.org/dc/elements/1.1/">Rutvik &lt;rutksh@gmail.com&gt;</dc:contributor>
        <dc:contributor xmlns:dc="http://purl.org/dc/elements/1.1/">Ray Shaw (Cont ARL/CISD) rvshaw &lt;rvshaw@esme.arl.army.mil&gt;</dc:contributor>
        <dc:contributor xmlns:dc="http://purl.org/dc/elements/1.1/">Nicolas SAID &lt;nicolas.said@atos.net&gt;</dc:contributor>
        <dc:contributor xmlns:dc="http://purl.org/dc/elements/1.1/">Earl Sampson &lt;ESampson@suse.com&gt;</dc:contributor>
        <dc:contributor xmlns:dc="http://purl.org/dc/elements/1.1/">sampsone &lt;esampson@suse.com&gt;</dc:contributor>
        <dc:contributor xmlns:dc="http://purl.org/dc/elements/1.1/">Mirco Santori &lt;mirco.santori@roche.com&gt;</dc:contributor>
        <dc:contributor xmlns:dc="http://purl.org/dc/elements/1.1/">Willy Santos &lt;wsantos@redhat.com&gt;</dc:contributor>
        <dc:contributor xmlns:dc="http://purl.org/dc/elements/1.1/">Nagarjuna Sarvepalli &lt;snagarju@redhat.com&gt;</dc:contributor>
        <dc:contributor xmlns:dc="http://purl.org/dc/elements/1.1/">Anderson Sasaki &lt;33833274+ansasaki@users.noreply.github.com&gt;</dc:contributor>
        <dc:contributor xmlns:dc="http://purl.org/dc/elements/1.1/">Gautam Satish &lt;gautams@hpe.com&gt;</dc:contributor>
        <dc:contributor xmlns:dc="http://purl.org/dc/elements/1.1/">Watson Sato &lt;wsato@redhat.com&gt;</dc:contributor>
        <dc:contributor xmlns:dc="http://purl.org/dc/elements/1.1/">Satoru SATOH &lt;satoru.satoh@gmail.com&gt;</dc:contributor>
        <dc:contributor xmlns:dc="http://purl.org/dc/elements/1.1/">Alexander Scheel &lt;alexander.m.scheel@gmail.com&gt;</dc:contributor>
        <dc:contributor xmlns:dc="http://purl.org/dc/elements/1.1/">Bryan Schneiders &lt;pschneiders@trisept.com&gt;</dc:contributor>
        <dc:contributor xmlns:dc="http://purl.org/dc/elements/1.1/">Robert Schweikert &lt;rjschwei@suse.com&gt;</dc:contributor>
        <dc:contributor xmlns:dc="http://purl.org/dc/elements/1.1/">shaneboulden &lt;shane.boulden@gmail.com&gt;</dc:contributor>
        <dc:contributor xmlns:dc="http://purl.org/dc/elements/1.1/">Vincent Shen &lt;wenshen@redhat.com&gt;</dc:contributor>
        <dc:contributor xmlns:dc="http://purl.org/dc/elements/1.1/">Dhriti Shikhar &lt;dhriti.shikhar.rokz@gmail.com&gt;</dc:contributor>
        <dc:contributor xmlns:dc="http://purl.org/dc/elements/1.1/">Spencer Shimko &lt;sshimko@tresys.com&gt;</dc:contributor>
        <dc:contributor xmlns:dc="http://purl.org/dc/elements/1.1/">Mark Shoger &lt;mshoger@redhat.com&gt;</dc:contributor>
        <dc:contributor xmlns:dc="http://purl.org/dc/elements/1.1/">Shane Siebken &lt;shane.siebken@capellaspace.com&gt;</dc:contributor>
        <dc:contributor xmlns:dc="http://purl.org/dc/elements/1.1/">THOBY Simon &lt;Simon.THOBY@viveris.fr&gt;</dc:contributor>
        <dc:contributor xmlns:dc="http://purl.org/dc/elements/1.1/">Thomas Sjögren &lt;konstruktoid@users.noreply.github.com&gt;</dc:contributor>
        <dc:contributor xmlns:dc="http://purl.org/dc/elements/1.1/">Jindrich Skacel &lt;102800748+jskacel@users.noreply.github.com&gt;</dc:contributor>
        <dc:contributor xmlns:dc="http://purl.org/dc/elements/1.1/">Alexandre Skrzyniarz &lt;alexandre.skrzyniarz@laposte.net&gt;</dc:contributor>
        <dc:contributor xmlns:dc="http://purl.org/dc/elements/1.1/">Francisco Slavin &lt;fslavin@tresys.com&gt;</dc:contributor>
        <dc:contributor xmlns:dc="http://purl.org/dc/elements/1.1/">sluetze &lt;13255307+sluetze@users.noreply.github.com&gt;</dc:contributor>
        <dc:contributor xmlns:dc="http://purl.org/dc/elements/1.1/">Dave Smith &lt;dsmith@eclipse.ncsc.mil&gt;</dc:contributor>
        <dc:contributor xmlns:dc="http://purl.org/dc/elements/1.1/">David Smith &lt;dsmith@fornax.eclipse.ncsc.mil&gt;</dc:contributor>
        <dc:contributor xmlns:dc="http://purl.org/dc/elements/1.1/">Kevin Spargur &lt;kspargur@redhat.com&gt;</dc:contributor>
        <dc:contributor xmlns:dc="http://purl.org/dc/elements/1.1/">Kenneth Stailey &lt;kstailey.lists@gmail.com&gt;</dc:contributor>
        <dc:contributor xmlns:dc="http://purl.org/dc/elements/1.1/">Leland Steinke &lt;leland.j.steinke.ctr@mail.mil&gt;</dc:contributor>
        <dc:contributor xmlns:dc="http://purl.org/dc/elements/1.1/">Justin Stephenson &lt;jstephen@redhat.com&gt;</dc:contributor>
        <dc:contributor xmlns:dc="http://purl.org/dc/elements/1.1/">steven.y.gui &lt;steven_ygui@163.com&gt;</dc:contributor>
        <dc:contributor xmlns:dc="http://purl.org/dc/elements/1.1/">Brian Stinson &lt;brian@bstinson.com&gt;</dc:contributor>
        <dc:contributor xmlns:dc="http://purl.org/dc/elements/1.1/">Jake Stookey &lt;jakestookey@gmail.com&gt;</dc:contributor>
        <dc:contributor xmlns:dc="http://purl.org/dc/elements/1.1/">Jonathan Sturges &lt;jsturges@redhat.com&gt;</dc:contributor>
        <dc:contributor xmlns:dc="http://purl.org/dc/elements/1.1/">svet-se &lt;svetlin.boychev@suse.com&gt;</dc:contributor>
        <dc:contributor xmlns:dc="http://purl.org/dc/elements/1.1/">teacup-on-rockingchair &lt;315160+teacup-on-rockingchair@users.noreply.github.com&gt;</dc:contributor>
        <dc:contributor xmlns:dc="http://purl.org/dc/elements/1.1/">Ian Tewksbury &lt;itewk@redhat.com&gt;</dc:contributor>
        <dc:contributor xmlns:dc="http://purl.org/dc/elements/1.1/">Philippe Thierry &lt;phil@reseau-libre.net&gt;</dc:contributor>
        <dc:contributor xmlns:dc="http://purl.org/dc/elements/1.1/">Simon THOBY &lt;git@nightmared.fr&gt;</dc:contributor>
        <dc:contributor xmlns:dc="http://purl.org/dc/elements/1.1/">Derek Thurston &lt;thegrit@gmail.com&gt;</dc:contributor>
        <dc:contributor xmlns:dc="http://purl.org/dc/elements/1.1/">tianzhenjia &lt;jiatianzhen@cmss.chinamobile.com&gt;</dc:contributor>
        <dc:contributor xmlns:dc="http://purl.org/dc/elements/1.1/">Greg Tinsley &lt;gtinsley@redhat.com&gt;</dc:contributor>
        <dc:contributor xmlns:dc="http://purl.org/dc/elements/1.1/">Paul Tittle &lt;ptittle@cmf.nrl.navy.mil&gt;</dc:contributor>
        <dc:contributor xmlns:dc="http://purl.org/dc/elements/1.1/">tom &lt;tom@localhost.localdomain&gt;</dc:contributor>
        <dc:contributor xmlns:dc="http://purl.org/dc/elements/1.1/">tomas.hudik &lt;tomas.hudik@embedit.cz&gt;</dc:contributor>
        <dc:contributor xmlns:dc="http://purl.org/dc/elements/1.1/">Jeb Trayer &lt;jeb.d.trayer@uscg.mil&gt;</dc:contributor>
        <dc:contributor xmlns:dc="http://purl.org/dc/elements/1.1/">TrilokGeer &lt;tgeer@redhat.com&gt;</dc:contributor>
        <dc:contributor xmlns:dc="http://purl.org/dc/elements/1.1/">Viktors Trubovics &lt;viktors.trubovics@suse.com&gt;</dc:contributor>
        <dc:contributor xmlns:dc="http://purl.org/dc/elements/1.1/">Nico Truzzolino &lt;nico.truzzolino@gmx.de&gt;</dc:contributor>
        <dc:contributor xmlns:dc="http://purl.org/dc/elements/1.1/">Brian Turek &lt;brian.turek@gmail.com&gt;</dc:contributor>
        <dc:contributor xmlns:dc="http://purl.org/dc/elements/1.1/">Matěj Týč &lt;matyc@redhat.com&gt;</dc:contributor>
        <dc:contributor xmlns:dc="http://purl.org/dc/elements/1.1/">VadimDor &lt;29509093+VadimDor@users.noreply.github.com&gt;</dc:contributor>
        <dc:contributor xmlns:dc="http://purl.org/dc/elements/1.1/">Trevor Vaughan &lt;tvaughan@onyxpoint.com&gt;</dc:contributor>
        <dc:contributor xmlns:dc="http://purl.org/dc/elements/1.1/">vtrubovics &lt;82443408+vtrubovics@users.noreply.github.com&gt;</dc:contributor>
        <dc:contributor xmlns:dc="http://purl.org/dc/elements/1.1/">Samuel Warren &lt;swarren@redhat.com&gt;</dc:contributor>
        <dc:contributor xmlns:dc="http://purl.org/dc/elements/1.1/">wcushen &lt;54533890+wcushen@users.noreply.github.com&gt;</dc:contributor>
        <dc:contributor xmlns:dc="http://purl.org/dc/elements/1.1/">Shawn Wells &lt;shawn@redhat.com&gt;</dc:contributor>
        <dc:contributor xmlns:dc="http://purl.org/dc/elements/1.1/">Whidix &lt;31294015+Whidix@users.noreply.github.com&gt;</dc:contributor>
        <dc:contributor xmlns:dc="http://purl.org/dc/elements/1.1/">Daniel E. White &lt;linuxdan@users.noreply.github.com&gt;</dc:contributor>
        <dc:contributor xmlns:dc="http://purl.org/dc/elements/1.1/">Bernhard M. Wiedemann &lt;bwiedemann@suse.de&gt;</dc:contributor>
        <dc:contributor xmlns:dc="http://purl.org/dc/elements/1.1/">Roy Williams &lt;roywilli@roywilli.redhat.com&gt;</dc:contributor>
        <dc:contributor xmlns:dc="http://purl.org/dc/elements/1.1/">Willumpie &lt;willumpie@xs4all.nl&gt;</dc:contributor>
        <dc:contributor xmlns:dc="http://purl.org/dc/elements/1.1/">Rob Wilmoth &lt;rwilmoth@redhat.com&gt;</dc:contributor>
        <dc:contributor xmlns:dc="http://purl.org/dc/elements/1.1/">win97pro &lt;win97pro@protonmail.com&gt;</dc:contributor>
        <dc:contributor xmlns:dc="http://purl.org/dc/elements/1.1/">xcfxr &lt;xucee@qq.com&gt;</dc:contributor>
        <dc:contributor xmlns:dc="http://purl.org/dc/elements/1.1/">Lucas Yamanishi &lt;lucas.yamanishi@onyxpoint.com&gt;</dc:contributor>
        <dc:contributor xmlns:dc="http://purl.org/dc/elements/1.1/">Xirui Yang &lt;xirui.yang@oracle.com&gt;</dc:contributor>
        <dc:contributor xmlns:dc="http://purl.org/dc/elements/1.1/">Yuqing Yang &lt;yyq01323329@alibaba-inc.com&gt;</dc:contributor>
        <dc:contributor xmlns:dc="http://purl.org/dc/elements/1.1/">yarunachalam &lt;yarunachalam@suse.com&gt;</dc:contributor>
        <dc:contributor xmlns:dc="http://purl.org/dc/elements/1.1/">Guang Yee &lt;guang.yee@suse.com&gt;</dc:contributor>
        <dc:contributor xmlns:dc="http://purl.org/dc/elements/1.1/">Achilleas John Yfantis &lt;ayfantis@redhat.com&gt;</dc:contributor>
        <dc:contributor xmlns:dc="http://purl.org/dc/elements/1.1/">YiLin.Li &lt;YiLin.Li@linux.alibaba.com&gt;</dc:contributor>
        <dc:contributor xmlns:dc="http://purl.org/dc/elements/1.1/">yunimoo &lt;yunimoo@nekocake.cafe&gt;</dc:contributor>
        <dc:contributor xmlns:dc="http://purl.org/dc/elements/1.1/">YuQing &lt;yyq0391@163.com&gt;</dc:contributor>
        <dc:contributor xmlns:dc="http://purl.org/dc/elements/1.1/">zhaoyun &lt;zhaoyun@kylinos.cn&gt;</dc:contributor>
        <dc:contributor xmlns:dc="http://purl.org/dc/elements/1.1/">Kevin Zimmerman &lt;kevin.zimmerman@kitware.com&gt;</dc:contributor>
        <dc:contributor xmlns:dc="http://purl.org/dc/elements/1.1/">Luigi Mario Zuccarelli &lt;luzuccar@redhat.com&gt;</dc:contributor>
        <dc:contributor xmlns:dc="http://purl.org/dc/elements/1.1/">Jan Černý &lt;jcerny@redhat.com&gt;</dc:contributor>
        <dc:contributor xmlns:dc="http://purl.org/dc/elements/1.1/">Michal Šrubař &lt;msrubar@redhat.com&gt;</dc:contributor>
        <dc:source xmlns:dc="http://purl.org/dc/elements/1.1/">https://github.com/ComplianceAsCode/content/releases/latest</dc:source>
      </metadata>
  <model system="urn:xccdf:scoring:default"/>
  <Profile id="xccdf_org.ssgproject.content_profile_cis_level1_server">
    <version>draft</version>
    <title xmlns:xhtml="http://www.w3.org/1999/xhtml" xml:lang="en-US" override="true">DRAFT - CIS Ubuntu Linux 24.04 LTS Benchmark for Level 1 - Server</title>
    <description xmlns:xhtml="http://www.w3.org/1999/xhtml" xml:lang="en-US" override="true">This profile defines a baseline that aligns to the "Level 1 - Server"
configuration from the Center for Internet Security® 
Ubuntu Linux 24.04 LTS Benchmark™, v1.0.0, released 2024-08-26.

This profile includes Center for Internet Security®
Ubuntu Linux 24.04 LTS Benchmark™ content.</description>
    <reference>https://www.cisecurity.org/benchmark/ubuntu_linux</reference>
    <select idref="xccdf_org.ssgproject.content_rule_account_disable_post_pw_expiration" selected="true"/>
    <select idref="xccdf_org.ssgproject.content_rule_account_unique_id" selected="true"/>
    <select idref="xccdf_org.ssgproject.content_rule_account_unique_name" selected="true"/>
    <select idref="xccdf_org.ssgproject.content_rule_accounts_maximum_age_login_defs" selected="true"/>
    <select idref="xccdf_org.ssgproject.content_rule_accounts_no_uid_except_zero" selected="true"/>
    <select idref="xccdf_org.ssgproject.content_rule_accounts_password_all_shadowed" selected="true"/>
    <select idref="xccdf_org.ssgproject.content_rule_accounts_password_last_change_is_in_past" selected="true"/>
    <select idref="xccdf_org.ssgproject.content_rule_accounts_password_pam_dcredit" selected="true"/>
    <select idref="xccdf_org.ssgproject.content_rule_accounts_password_pam_dictcheck" selected="true"/>
    <select idref="xccdf_org.ssgproject.content_rule_accounts_password_pam_difok" selected="true"/>
    <select idref="xccdf_org.ssgproject.content_rule_accounts_password_pam_enforce_root" selected="true"/>
    <select idref="xccdf_org.ssgproject.content_rule_accounts_password_pam_enforcing" selected="true"/>
    <select idref="xccdf_org.ssgproject.content_rule_accounts_password_pam_lcredit" selected="true"/>
    <select idref="xccdf_org.ssgproject.content_rule_accounts_password_pam_maxrepeat" selected="true"/>
    <select idref="xccdf_org.ssgproject.content_rule_accounts_password_pam_maxsequence" selected="true"/>
    <select idref="xccdf_org.ssgproject.content_rule_accounts_password_pam_minclass" selected="true"/>
    <select idref="xccdf_org.ssgproject.content_rule_accounts_password_pam_minlen" selected="true"/>
    <select idref="xccdf_org.ssgproject.content_rule_accounts_password_pam_ocredit" selected="true"/>
    <select idref="xccdf_org.ssgproject.content_rule_accounts_password_pam_pwhistory_enabled" selected="true"/>
    <select idref="xccdf_org.ssgproject.content_rule_accounts_password_pam_pwhistory_enforce_root" selected="true"/>
    <select idref="xccdf_org.ssgproject.content_rule_accounts_password_pam_pwhistory_remember" selected="true"/>
    <select idref="xccdf_org.ssgproject.content_rule_accounts_password_pam_pwhistory_use_authtok" selected="true"/>
    <select idref="xccdf_org.ssgproject.content_rule_accounts_password_pam_pwquality_enabled" selected="true"/>
    <select idref="xccdf_org.ssgproject.content_rule_accounts_password_pam_ucredit" selected="true"/>
    <select idref="xccdf_org.ssgproject.content_rule_accounts_password_pam_unix_authtok" selected="true"/>
    <select idref="xccdf_org.ssgproject.content_rule_accounts_password_pam_unix_enabled" selected="true"/>
    <select idref="xccdf_org.ssgproject.content_rule_accounts_password_pam_unix_no_remember" selected="true"/>
    <select idref="xccdf_org.ssgproject.content_rule_accounts_password_set_max_life_existing" selected="true"/>
    <select idref="xccdf_org.ssgproject.content_rule_accounts_password_warn_age_login_defs" selected="true"/>
    <select idref="xccdf_org.ssgproject.content_rule_accounts_passwords_pam_faillock_deny" selected="true"/>
    <select idref="xccdf_org.ssgproject.content_rule_accounts_passwords_pam_faillock_enabled" selected="true"/>
    <select idref="xccdf_org.ssgproject.content_rule_accounts_passwords_pam_faillock_unlock_time" selected="true"/>
    <select idref="xccdf_org.ssgproject.content_rule_accounts_root_gid_zero" selected="true"/>
    <select idref="xccdf_org.ssgproject.content_rule_accounts_root_path_dirs_no_write" selected="true"/>
    <select idref="xccdf_org.ssgproject.content_rule_accounts_tmout" selected="true"/>
    <select idref="xccdf_org.ssgproject.content_rule_accounts_umask_etc_bashrc" selected="true"/>
    <select idref="xccdf_org.ssgproject.content_rule_accounts_umask_etc_login_defs" selected="true"/>
    <select idref="xccdf_org.ssgproject.content_rule_accounts_umask_etc_profile" selected="true"/>
    <select idref="xccdf_org.ssgproject.content_rule_accounts_umask_root" selected="true"/>
    <select idref="xccdf_org.ssgproject.content_rule_accounts_user_dot_group_ownership" selected="true"/>
    <select idref="xccdf_org.ssgproject.content_rule_accounts_user_dot_user_ownership" selected="true"/>
    <select idref="xccdf_org.ssgproject.content_rule_accounts_user_interactive_home_directory_exists" selected="true"/>
    <select idref="xccdf_org.ssgproject.content_rule_aide_build_database" selected="true"/>
    <select idref="xccdf_org.ssgproject.content_rule_aide_periodic_checking_systemd_timer" selected="true"/>
    <select idref="xccdf_org.ssgproject.content_rule_all_apparmor_profiles_in_enforce_complain_mode" selected="true"/>
    <select idref="xccdf_org.ssgproject.content_rule_banner_etc_issue_cis" selected="true"/>
    <select idref="xccdf_org.ssgproject.content_rule_banner_etc_issue_net_cis" selected="true"/>
    <select idref="xccdf_org.ssgproject.content_rule_banner_etc_motd_cis" selected="true"/>
    <select idref="xccdf_org.ssgproject.content_rule_check_ufw_active" selected="true"/>
    <select idref="xccdf_org.ssgproject.content_rule_chronyd_configure_pool_and_server" selected="true"/>
    <select idref="xccdf_org.ssgproject.content_rule_chronyd_run_as_chrony_user" selected="true"/>
    <select idref="xccdf_org.ssgproject.content_rule_dconf_gnome_banner_enabled" selected="true"/>
    <select idref="xccdf_org.ssgproject.content_rule_dconf_gnome_disable_automount" selected="true"/>
    <select idref="xccdf_org.ssgproject.content_rule_dconf_gnome_disable_automount_open" selected="true"/>
    <select idref="xccdf_org.ssgproject.content_rule_dconf_gnome_disable_autorun" selected="true"/>
    <select idref="xccdf_org.ssgproject.content_rule_dconf_gnome_disable_user_list" selected="true"/>
    <select idref="xccdf_org.ssgproject.content_rule_dconf_gnome_login_banner_text" selected="true"/>
    <select idref="xccdf_org.ssgproject.content_rule_dconf_gnome_screensaver_idle_delay" selected="true"/>
    <select idref="xccdf_org.ssgproject.content_rule_dconf_gnome_screensaver_lock_delay" selected="true"/>
    <select idref="xccdf_org.ssgproject.content_rule_dconf_gnome_screensaver_lock_enabled" selected="true"/>
    <select idref="xccdf_org.ssgproject.content_rule_disable_host_auth" selected="true"/>
    <select idref="xccdf_org.ssgproject.content_rule_disable_users_coredumps" selected="true"/>
    <select idref="xccdf_org.ssgproject.content_rule_ensure_pam_wheel_group_empty" selected="true"/>
    <select idref="xccdf_org.ssgproject.content_rule_ensure_root_access_controlled" selected="true"/>
    <select idref="xccdf_org.ssgproject.content_rule_ensure_shadow_group_empty" selected="true"/>
    <select idref="xccdf_org.ssgproject.content_rule_file_at_allow_exists" selected="true"/>
    <select idref="xccdf_org.ssgproject.content_rule_file_cron_allow_exists" selected="true"/>
    <select idref="xccdf_org.ssgproject.content_rule_file_cron_deny_not_exist" selected="true"/>
    <select idref="xccdf_org.ssgproject.content_rule_file_groupowner_at_allow" selected="true"/>
    <select idref="xccdf_org.ssgproject.content_rule_file_groupowner_at_deny" selected="true"/>
    <select idref="xccdf_org.ssgproject.content_rule_file_groupowner_backup_etc_group" selected="true"/>
    <select idref="xccdf_org.ssgproject.content_rule_file_groupowner_backup_etc_gshadow" selected="true"/>
    <select idref="xccdf_org.ssgproject.content_rule_file_groupowner_backup_etc_passwd" selected="true"/>
    <select idref="xccdf_org.ssgproject.content_rule_file_groupowner_backup_etc_shadow" selected="true"/>
    <select idref="xccdf_org.ssgproject.content_rule_file_groupowner_cron_allow" selected="true"/>
    <select idref="xccdf_org.ssgproject.content_rule_file_groupowner_cron_d" selected="true"/>
    <select idref="xccdf_org.ssgproject.content_rule_file_groupowner_cron_daily" selected="true"/>
    <select idref="xccdf_org.ssgproject.content_rule_file_groupowner_cron_hourly" selected="true"/>
    <select idref="xccdf_org.ssgproject.content_rule_file_groupowner_cron_monthly" selected="true"/>
    <select idref="xccdf_org.ssgproject.content_rule_file_groupowner_cron_weekly" selected="true"/>
    <select idref="xccdf_org.ssgproject.content_rule_file_groupowner_crontab" selected="true"/>
    <select idref="xccdf_org.ssgproject.content_rule_file_groupowner_etc_group" selected="true"/>
    <select idref="xccdf_org.ssgproject.content_rule_file_groupowner_etc_gshadow" selected="true"/>
    <select idref="xccdf_org.ssgproject.content_rule_file_groupowner_etc_issue" selected="true"/>
    <select idref="xccdf_org.ssgproject.content_rule_file_groupowner_etc_issue_net" selected="true"/>
    <select idref="xccdf_org.ssgproject.content_rule_file_groupowner_etc_motd" selected="true"/>
    <select idref="xccdf_org.ssgproject.content_rule_file_groupowner_etc_passwd" selected="true"/>
    <select idref="xccdf_org.ssgproject.content_rule_file_groupowner_etc_security_opasswd" selected="true"/>
    <select idref="xccdf_org.ssgproject.content_rule_file_groupowner_etc_security_opasswd_old" selected="true"/>
    <select idref="xccdf_org.ssgproject.content_rule_file_groupowner_etc_shadow" selected="true"/>
    <select idref="xccdf_org.ssgproject.content_rule_file_groupowner_etc_shells" selected="true"/>
    <select idref="xccdf_org.ssgproject.content_rule_file_groupowner_sshd_config" selected="true"/>
    <select idref="xccdf_org.ssgproject.content_rule_file_groupownership_home_directories" selected="true"/>
    <select idref="xccdf_org.ssgproject.content_rule_file_owner_at_allow" selected="true"/>
    <select idref="xccdf_org.ssgproject.content_rule_file_owner_at_deny" selected="true"/>
    <select idref="xccdf_org.ssgproject.content_rule_file_owner_backup_etc_group" selected="true"/>
    <select idref="xccdf_org.ssgproject.content_rule_file_owner_backup_etc_gshadow" selected="true"/>
    <select idref="xccdf_org.ssgproject.content_rule_file_owner_backup_etc_passwd" selected="true"/>
    <select idref="xccdf_org.ssgproject.content_rule_file_owner_backup_etc_shadow" selected="true"/>
    <select idref="xccdf_org.ssgproject.content_rule_file_owner_cron_allow" selected="true"/>
    <select idref="xccdf_org.ssgproject.content_rule_file_owner_cron_d" selected="true"/>
    <select idref="xccdf_org.ssgproject.content_rule_file_owner_cron_daily" selected="true"/>
    <select idref="xccdf_org.ssgproject.content_rule_file_owner_cron_hourly" selected="true"/>
    <select idref="xccdf_org.ssgproject.content_rule_file_owner_cron_monthly" selected="true"/>
    <select idref="xccdf_org.ssgproject.content_rule_file_owner_cron_weekly" selected="true"/>
    <select idref="xccdf_org.ssgproject.content_rule_file_owner_crontab" selected="true"/>
    <select idref="xccdf_org.ssgproject.content_rule_file_owner_etc_group" selected="true"/>
    <select idref="xccdf_org.ssgproject.content_rule_file_owner_etc_gshadow" selected="true"/>
    <select idref="xccdf_org.ssgproject.content_rule_file_owner_etc_issue" selected="true"/>
    <select idref="xccdf_org.ssgproject.content_rule_file_owner_etc_issue_net" selected="true"/>
    <select idref="xccdf_org.ssgproject.content_rule_file_owner_etc_motd" selected="true"/>
    <select idref="xccdf_org.ssgproject.content_rule_file_owner_etc_passwd" selected="true"/>
    <select idref="xccdf_org.ssgproject.content_rule_file_owner_etc_security_opasswd" selected="true"/>
    <select idref="xccdf_org.ssgproject.content_rule_file_owner_etc_security_opasswd_old" selected="true"/>
    <select idref="xccdf_org.ssgproject.content_rule_file_owner_etc_shadow" selected="true"/>
    <select idref="xccdf_org.ssgproject.content_rule_file_owner_etc_shells" selected="true"/>
    <select idref="xccdf_org.ssgproject.content_rule_file_owner_grub2_cfg" selected="true"/>
    <select idref="xccdf_org.ssgproject.content_rule_file_owner_sshd_config" selected="true"/>
    <select idref="xccdf_org.ssgproject.content_rule_file_ownership_home_directories" selected="true"/>
    <select idref="xccdf_org.ssgproject.content_rule_file_permission_user_bash_history" selected="true"/>
    <select idref="xccdf_org.ssgproject.content_rule_file_permission_user_init_files" selected="true"/>
    <select idref="xccdf_org.ssgproject.content_rule_file_permissions_at_allow" selected="true"/>
    <select idref="xccdf_org.ssgproject.content_rule_file_permissions_at_deny" selected="true"/>
    <select idref="xccdf_org.ssgproject.content_rule_file_permissions_backup_etc_group" selected="true"/>
    <select idref="xccdf_org.ssgproject.content_rule_file_permissions_backup_etc_gshadow" selected="true"/>
    <select idref="xccdf_org.ssgproject.content_rule_file_permissions_backup_etc_passwd" selected="true"/>
    <select idref="xccdf_org.ssgproject.content_rule_file_permissions_backup_etc_shadow" selected="true"/>
    <select idref="xccdf_org.ssgproject.content_rule_file_permissions_cron_allow" selected="true"/>
    <select idref="xccdf_org.ssgproject.content_rule_file_permissions_cron_d" selected="true"/>
    <select idref="xccdf_org.ssgproject.content_rule_file_permissions_cron_daily" selected="true"/>
    <select idref="xccdf_org.ssgproject.content_rule_file_permissions_cron_hourly" selected="true"/>
    <select idref="xccdf_org.ssgproject.content_rule_file_permissions_cron_monthly" selected="true"/>
    <select idref="xccdf_org.ssgproject.content_rule_file_permissions_cron_weekly" selected="true"/>
    <select idref="xccdf_org.ssgproject.content_rule_file_permissions_crontab" selected="true"/>
    <select idref="xccdf_org.ssgproject.content_rule_file_permissions_etc_group" selected="true"/>
    <select idref="xccdf_org.ssgproject.content_rule_file_permissions_etc_gshadow" selected="true"/>
    <select idref="xccdf_org.ssgproject.content_rule_file_permissions_etc_issue" selected="true"/>
    <select idref="xccdf_org.ssgproject.content_rule_file_permissions_etc_issue_net" selected="true"/>
    <select idref="xccdf_org.ssgproject.content_rule_file_permissions_etc_motd" selected="true"/>
    <select idref="xccdf_org.ssgproject.content_rule_file_permissions_etc_passwd" selected="true"/>
    <select idref="xccdf_org.ssgproject.content_rule_file_permissions_etc_security_opasswd" selected="true"/>
    <select idref="xccdf_org.ssgproject.content_rule_file_permissions_etc_security_opasswd_old" selected="true"/>
    <select idref="xccdf_org.ssgproject.content_rule_file_permissions_etc_shadow" selected="true"/>
    <select idref="xccdf_org.ssgproject.content_rule_file_permissions_etc_shells" selected="true"/>
    <select idref="xccdf_org.ssgproject.content_rule_file_permissions_grub2_cfg" selected="true"/>
    <select idref="xccdf_org.ssgproject.content_rule_file_permissions_home_directories" selected="true"/>
    <select idref="xccdf_org.ssgproject.content_rule_file_permissions_sshd_config" selected="true"/>
    <select idref="xccdf_org.ssgproject.content_rule_file_permissions_sshd_private_key" selected="true"/>
    <select idref="xccdf_org.ssgproject.content_rule_file_permissions_sshd_pub_key" selected="true"/>
    <select idref="xccdf_org.ssgproject.content_rule_file_permissions_unauthorized_world_writable" selected="true"/>
    <select idref="xccdf_org.ssgproject.content_rule_file_permissions_ungroupowned" selected="true"/>
    <select idref="xccdf_org.ssgproject.content_rule_firewall_single_service_active" selected="true"/>
    <select idref="xccdf_org.ssgproject.content_rule_gid_passwd_group_same" selected="true"/>
    <select idref="xccdf_org.ssgproject.content_rule_gnome_gdm_disable_xdmcp" selected="true"/>
    <select idref="xccdf_org.ssgproject.content_rule_group_unique_id" selected="true"/>
    <select idref="xccdf_org.ssgproject.content_rule_group_unique_name" selected="true"/>
    <select idref="xccdf_org.ssgproject.content_rule_groups_no_zero_gid_except_root" selected="true"/>
    <select idref="xccdf_org.ssgproject.content_rule_grub2_enable_apparmor" selected="true"/>
    <select idref="xccdf_org.ssgproject.content_rule_grub2_password" selected="true"/>
    <select idref="xccdf_org.ssgproject.content_rule_grub2_uefi_password" selected="true"/>
    <select idref="xccdf_org.ssgproject.content_rule_has_nonlocal_mta" selected="true"/>
    <select idref="xccdf_org.ssgproject.content_rule_ip6tables_rules_for_open_ports" selected="true"/>
    <select idref="xccdf_org.ssgproject.content_rule_iptables_rules_for_open_ports" selected="true"/>
    <select idref="xccdf_org.ssgproject.content_rule_journald_compress" selected="true"/>
    <select idref="xccdf_org.ssgproject.content_rule_journald_disable_forward_to_syslog" selected="true"/>
    <select idref="xccdf_org.ssgproject.content_rule_journald_forward_to_syslog" selected="true"/>
    <select idref="xccdf_org.ssgproject.content_rule_journald_storage" selected="true"/>
    <select idref="xccdf_org.ssgproject.content_rule_kernel_module_cramfs_disabled" selected="true"/>
    <select idref="xccdf_org.ssgproject.content_rule_kernel_module_freevxfs_disabled" selected="true"/>
    <select idref="xccdf_org.ssgproject.content_rule_kernel_module_hfs_disabled" selected="true"/>
    <select idref="xccdf_org.ssgproject.content_rule_kernel_module_hfsplus_disabled" selected="true"/>
    <select idref="xccdf_org.ssgproject.content_rule_kernel_module_jffs2_disabled" selected="true"/>
    <select idref="xccdf_org.ssgproject.content_rule_kernel_module_usb-storage_disabled" selected="true"/>
    <select idref="xccdf_org.ssgproject.content_rule_logging_services_active" selected="true"/>
    <select idref="xccdf_org.ssgproject.content_rule_mount_option_dev_shm_nodev" selected="true"/>
    <select idref="xccdf_org.ssgproject.content_rule_mount_option_dev_shm_noexec" selected="true"/>
    <select idref="xccdf_org.ssgproject.content_rule_mount_option_dev_shm_nosuid" selected="true"/>
    <select idref="xccdf_org.ssgproject.content_rule_mount_option_home_nodev" selected="true"/>
    <select idref="xccdf_org.ssgproject.content_rule_mount_option_home_nosuid" selected="true"/>
    <select idref="xccdf_org.ssgproject.content_rule_mount_option_tmp_nodev" selected="true"/>
    <select idref="xccdf_org.ssgproject.content_rule_mount_option_tmp_noexec" selected="true"/>
    <select idref="xccdf_org.ssgproject.content_rule_mount_option_tmp_nosuid" selected="true"/>
    <select idref="xccdf_org.ssgproject.content_rule_mount_option_var_log_audit_nodev" selected="true"/>
    <select idref="xccdf_org.ssgproject.content_rule_mount_option_var_log_audit_noexec" selected="true"/>
    <select idref="xccdf_org.ssgproject.content_rule_mount_option_var_log_audit_nosuid" selected="true"/>
    <select idref="xccdf_org.ssgproject.content_rule_mount_option_var_log_nodev" selected="true"/>
    <select idref="xccdf_org.ssgproject.content_rule_mount_option_var_log_noexec" selected="true"/>
    <select idref="xccdf_org.ssgproject.content_rule_mount_option_var_log_nosuid" selected="true"/>
    <select idref="xccdf_org.ssgproject.content_rule_mount_option_var_nodev" selected="true"/>
    <select idref="xccdf_org.ssgproject.content_rule_mount_option_var_nosuid" selected="true"/>
    <select idref="xccdf_org.ssgproject.content_rule_mount_option_var_tmp_nodev" selected="true"/>
    <select idref="xccdf_org.ssgproject.content_rule_mount_option_var_tmp_noexec" selected="true"/>
    <select idref="xccdf_org.ssgproject.content_rule_mount_option_var_tmp_nosuid" selected="true"/>
    <select idref="xccdf_org.ssgproject.content_rule_nftables_ensure_default_deny_policy" selected="true"/>
    <select idref="xccdf_org.ssgproject.content_rule_no_dirs_unowned_by_root" selected="true"/>
    <select idref="xccdf_org.ssgproject.content_rule_no_empty_passwords_etc_shadow" selected="true"/>
    <select idref="xccdf_org.ssgproject.content_rule_no_empty_passwords_unix" selected="true"/>
    <select idref="xccdf_org.ssgproject.content_rule_no_files_unowned_by_user" selected="true"/>
    <select idref="xccdf_org.ssgproject.content_rule_no_forward_files" selected="true"/>
    <select idref="xccdf_org.ssgproject.content_rule_no_invalid_shell_accounts_unlocked" selected="true"/>
    <select idref="xccdf_org.ssgproject.content_rule_no_netrc_files" selected="true"/>
    <select idref="xccdf_org.ssgproject.content_rule_no_rsh_trust_files" selected="true"/>
    <select idref="xccdf_org.ssgproject.content_rule_no_shelllogin_for_systemaccounts" selected="true"/>
    <select idref="xccdf_org.ssgproject.content_rule_ntp_single_service_active" selected="true"/>
    <select idref="xccdf_org.ssgproject.content_rule_package_aide_installed" selected="true"/>
    <select idref="xccdf_org.ssgproject.content_rule_package_apparmor-utils_installed" selected="true"/>
    <select idref="xccdf_org.ssgproject.content_rule_package_apparmor_installed" selected="true"/>
    <select idref="xccdf_org.ssgproject.content_rule_package_autofs_removed" selected="true"/>
    <select idref="xccdf_org.ssgproject.content_rule_package_avahi_removed" selected="true"/>
    <select idref="xccdf_org.ssgproject.content_rule_package_bind_removed" selected="true"/>
    <select idref="xccdf_org.ssgproject.content_rule_package_chrony_installed" selected="true"/>
    <select idref="xccdf_org.ssgproject.content_rule_package_cron_installed" selected="true"/>
    <select idref="xccdf_org.ssgproject.content_rule_package_cups_removed" selected="true"/>
    <select idref="xccdf_org.ssgproject.content_rule_package_dhcp_removed" selected="true"/>
    <select idref="xccdf_org.ssgproject.content_rule_package_dnsmasq_removed" selected="true"/>
    <select idref="xccdf_org.ssgproject.content_rule_package_dovecot_removed" selected="true"/>
    <select idref="xccdf_org.ssgproject.content_rule_package_ftp_removed" selected="true"/>
    <select idref="xccdf_org.ssgproject.content_rule_package_httpd_removed" selected="true"/>
    <select idref="xccdf_org.ssgproject.content_rule_package_iptables-persistent_installed" selected="true"/>
    <select idref="xccdf_org.ssgproject.content_rule_package_iptables-persistent_removed" selected="true"/>
    <select idref="xccdf_org.ssgproject.content_rule_package_iptables_installed" selected="true"/>
    <select idref="xccdf_org.ssgproject.content_rule_package_net-snmp_removed" selected="true"/>
    <select idref="xccdf_org.ssgproject.content_rule_package_nfs-kernel-server_removed" selected="true"/>
    <select idref="xccdf_org.ssgproject.content_rule_package_nftables_installed" selected="true"/>
    <select idref="xccdf_org.ssgproject.content_rule_package_nginx_removed" selected="true"/>
    <select idref="xccdf_org.ssgproject.content_rule_package_nis_removed" selected="true"/>
    <select idref="xccdf_org.ssgproject.content_rule_package_openldap-clients_removed" selected="true"/>
    <select idref="xccdf_org.ssgproject.content_rule_package_openldap-servers_removed" selected="true"/>
    <select idref="xccdf_org.ssgproject.content_rule_package_pam_modules_installed" selected="true"/>
    <select idref="xccdf_org.ssgproject.content_rule_package_pam_pwquality_installed" selected="true"/>
    <select idref="xccdf_org.ssgproject.content_rule_package_pam_runtime_installed" selected="true"/>
    <select idref="xccdf_org.ssgproject.content_rule_package_prelink_removed" selected="true"/>
    <select idref="xccdf_org.ssgproject.content_rule_package_rpcbind_removed" selected="true"/>
    <select idref="xccdf_org.ssgproject.content_rule_package_rsh_removed" selected="true"/>
    <select idref="xccdf_org.ssgproject.content_rule_package_rsync_removed" selected="true"/>
    <select idref="xccdf_org.ssgproject.content_rule_package_rsyslog_installed" selected="true"/>
    <select idref="xccdf_org.ssgproject.content_rule_package_samba_removed" selected="true"/>
    <select idref="xccdf_org.ssgproject.content_rule_package_squid_removed" selected="true"/>
    <select idref="xccdf_org.ssgproject.content_rule_package_sudo_installed" selected="true"/>
    <select idref="xccdf_org.ssgproject.content_rule_package_systemd-journal-remote_installed" selected="true"/>
    <select idref="xccdf_org.ssgproject.content_rule_package_talk_removed" selected="true"/>
    <select idref="xccdf_org.ssgproject.content_rule_package_telnet_removed" selected="true"/>
    <select idref="xccdf_org.ssgproject.content_rule_package_tftp-server_removed" selected="true"/>
    <select idref="xccdf_org.ssgproject.content_rule_package_timesyncd_installed" selected="true"/>
    <select idref="xccdf_org.ssgproject.content_rule_package_tnftp_removed" selected="true"/>
    <select idref="xccdf_org.ssgproject.content_rule_package_ufw_installed" selected="true"/>
    <select idref="xccdf_org.ssgproject.content_rule_package_ufw_removed" selected="true"/>
    <select idref="xccdf_org.ssgproject.content_rule_package_vsftpd_removed" selected="true"/>
    <select idref="xccdf_org.ssgproject.content_rule_package_xinetd_removed" selected="true"/>
    <select idref="xccdf_org.ssgproject.content_rule_package_ypserv_removed" selected="true"/>
    <select idref="xccdf_org.ssgproject.content_rule_partition_for_dev_shm" selected="true"/>
    <select idref="xccdf_org.ssgproject.content_rule_partition_for_tmp" selected="true"/>
    <select idref="xccdf_org.ssgproject.content_rule_postfix_network_listening_disabled" selected="true"/>
    <select idref="xccdf_org.ssgproject.content_rule_root_path_all_dirs" selected="true"/>
    <select idref="xccdf_org.ssgproject.content_rule_root_path_no_dot" selected="true"/>
    <select idref="xccdf_org.ssgproject.content_rule_rsyslog_filecreatemode" selected="true"/>
    <select idref="xccdf_org.ssgproject.content_rule_rsyslog_nolisten" selected="true"/>
    <select idref="xccdf_org.ssgproject.content_rule_service_apport_disabled" selected="true"/>
    <select idref="xccdf_org.ssgproject.content_rule_service_autofs_disabled" selected="true"/>
    <select idref="xccdf_org.ssgproject.content_rule_service_avahi-daemon_disabled" selected="true"/>
    <select idref="xccdf_org.ssgproject.content_rule_service_bluetooth_disabled" selected="true"/>
    <select idref="xccdf_org.ssgproject.content_rule_service_chronyd_disabled" selected="true"/>
    <select idref="xccdf_org.ssgproject.content_rule_service_chronyd_enabled" selected="true"/>
    <select idref="xccdf_org.ssgproject.content_rule_service_cron_enabled" selected="true"/>
    <select idref="xccdf_org.ssgproject.content_rule_service_cups_disabled" selected="true"/>
    <select idref="xccdf_org.ssgproject.content_rule_service_dhcpd6_disabled" selected="true"/>
    <select idref="xccdf_org.ssgproject.content_rule_service_dhcpd_disabled" selected="true"/>
    <select idref="xccdf_org.ssgproject.content_rule_service_dnsmasq_disabled" selected="true"/>
    <select idref="xccdf_org.ssgproject.content_rule_service_dovecot_disabled" selected="true"/>
    <select idref="xccdf_org.ssgproject.content_rule_service_httpd_disabled" selected="true"/>
    <select idref="xccdf_org.ssgproject.content_rule_service_named_disabled" selected="true"/>
    <select idref="xccdf_org.ssgproject.content_rule_service_nfs_disabled" selected="true"/>
    <select idref="xccdf_org.ssgproject.content_rule_service_nftables_disabled" selected="true"/>
    <select idref="xccdf_org.ssgproject.content_rule_service_nftables_enabled" selected="true"/>
    <select idref="xccdf_org.ssgproject.content_rule_service_nginx_disabled" selected="true"/>
    <select idref="xccdf_org.ssgproject.content_rule_service_rpcbind_disabled" selected="true"/>
    <select idref="xccdf_org.ssgproject.content_rule_service_rsyncd_disabled" selected="true"/>
    <select idref="xccdf_org.ssgproject.content_rule_service_rsyslog_enabled" selected="true"/>
    <select idref="xccdf_org.ssgproject.content_rule_service_slapd_disabled" selected="true"/>
    <select idref="xccdf_org.ssgproject.content_rule_service_smb_disabled" selected="true"/>
    <select idref="xccdf_org.ssgproject.content_rule_service_snmpd_disabled" selected="true"/>
    <select idref="xccdf_org.ssgproject.content_rule_service_squid_disabled" selected="true"/>
    <select idref="xccdf_org.ssgproject.content_rule_service_systemd-journal-upload_enabled" selected="true"/>
    <select idref="xccdf_org.ssgproject.content_rule_service_systemd-journald_enabled" selected="true"/>
    <select idref="xccdf_org.ssgproject.content_rule_service_tftp_disabled" selected="true"/>
    <select idref="xccdf_org.ssgproject.content_rule_service_timesyncd_configured" selected="true"/>
    <select idref="xccdf_org.ssgproject.content_rule_service_timesyncd_disabled" selected="true"/>
    <select idref="xccdf_org.ssgproject.content_rule_service_timesyncd_enabled" selected="true"/>
    <select idref="xccdf_org.ssgproject.content_rule_service_ufw_enabled" selected="true"/>
    <select idref="xccdf_org.ssgproject.content_rule_service_vsftpd_disabled" selected="true"/>
    <select idref="xccdf_org.ssgproject.content_rule_service_xinetd_disabled" selected="true"/>
    <select idref="xccdf_org.ssgproject.content_rule_service_ypserv_disabled" selected="true"/>
    <select idref="xccdf_org.ssgproject.content_rule_set_ip6tables_default_rule" selected="true"/>
    <select idref="xccdf_org.ssgproject.content_rule_set_iptables_default_rule" selected="true"/>
    <select idref="xccdf_org.ssgproject.content_rule_set_ipv6_loopback_traffic" selected="true"/>
    <select idref="xccdf_org.ssgproject.content_rule_set_loopback_traffic" selected="true"/>
    <select idref="xccdf_org.ssgproject.content_rule_set_nftables_base_chain" selected="true"/>
    <select idref="xccdf_org.ssgproject.content_rule_set_nftables_loopback_traffic" selected="true"/>
    <select idref="xccdf_org.ssgproject.content_rule_set_nftables_table" selected="true"/>
    <select idref="xccdf_org.ssgproject.content_rule_set_password_hashing_algorithm_logindefs" selected="true"/>
    <select idref="xccdf_org.ssgproject.content_rule_set_password_hashing_algorithm_systemauth" selected="true"/>
    <select idref="xccdf_org.ssgproject.content_rule_set_ufw_default_rule" selected="true"/>
    <select idref="xccdf_org.ssgproject.content_rule_set_ufw_loopback_traffic" selected="true"/>
    <select idref="xccdf_org.ssgproject.content_rule_socket_systemd-journal-remote_disabled" selected="true"/>
    <select idref="xccdf_org.ssgproject.content_rule_sshd_disable_empty_passwords" selected="true"/>
    <select idref="xccdf_org.ssgproject.content_rule_sshd_disable_rhosts" selected="true"/>
    <select idref="xccdf_org.ssgproject.content_rule_sshd_disable_root_login" selected="true"/>
    <select idref="xccdf_org.ssgproject.content_rule_sshd_do_not_permit_user_env" selected="true"/>
    <select idref="xccdf_org.ssgproject.content_rule_sshd_enable_pam" selected="true"/>
    <select idref="xccdf_org.ssgproject.content_rule_sshd_enable_warning_banner_net" selected="true"/>
    <select idref="xccdf_org.ssgproject.content_rule_sshd_limit_user_access" selected="true"/>
    <select idref="xccdf_org.ssgproject.content_rule_sshd_set_idle_timeout" selected="true"/>
    <select idref="xccdf_org.ssgproject.content_rule_sshd_set_keepalive" selected="true"/>
    <select idref="xccdf_org.ssgproject.content_rule_sshd_set_login_grace_time" selected="true"/>
    <select idref="xccdf_org.ssgproject.content_rule_sshd_set_loglevel_info" selected="true"/>
    <select idref="xccdf_org.ssgproject.content_rule_sshd_set_max_auth_tries" selected="true"/>
    <select idref="xccdf_org.ssgproject.content_rule_sshd_set_max_sessions" selected="true"/>
    <select idref="xccdf_org.ssgproject.content_rule_sshd_set_maxstartups" selected="true"/>
    <select idref="xccdf_org.ssgproject.content_rule_sshd_use_strong_ciphers" selected="true"/>
    <select idref="xccdf_org.ssgproject.content_rule_sshd_use_strong_kex" selected="true"/>
    <select idref="xccdf_org.ssgproject.content_rule_sshd_use_strong_macs" selected="true"/>
    <select idref="xccdf_org.ssgproject.content_rule_sudo_add_use_pty" selected="true"/>
    <select idref="xccdf_org.ssgproject.content_rule_sudo_custom_logfile" selected="true"/>
    <select idref="xccdf_org.ssgproject.content_rule_sudo_remove_no_authenticate" selected="true"/>
    <select idref="xccdf_org.ssgproject.content_rule_sudo_require_reauthentication" selected="true"/>
    <select idref="xccdf_org.ssgproject.content_rule_sysctl_fs_suid_dumpable" selected="true"/>
    <select idref="xccdf_org.ssgproject.content_rule_sysctl_kernel_randomize_va_space" selected="true"/>
    <select idref="xccdf_org.ssgproject.content_rule_sysctl_kernel_yama_ptrace_scope" selected="true"/>
    <select idref="xccdf_org.ssgproject.content_rule_sysctl_net_ipv4_conf_all_accept_redirects" selected="true"/>
    <select idref="xccdf_org.ssgproject.content_rule_sysctl_net_ipv4_conf_all_accept_source_route" selected="true"/>
    <select idref="xccdf_org.ssgproject.content_rule_sysctl_net_ipv4_conf_all_log_martians" selected="true"/>
    <select idref="xccdf_org.ssgproject.content_rule_sysctl_net_ipv4_conf_all_rp_filter" selected="true"/>
    <select idref="xccdf_org.ssgproject.content_rule_sysctl_net_ipv4_conf_all_secure_redirects" selected="true"/>
    <select idref="xccdf_org.ssgproject.content_rule_sysctl_net_ipv4_conf_all_send_redirects" selected="true"/>
    <select idref="xccdf_org.ssgproject.content_rule_sysctl_net_ipv4_conf_default_accept_redirects" selected="true"/>
    <select idref="xccdf_org.ssgproject.content_rule_sysctl_net_ipv4_conf_default_accept_source_route" selected="true"/>
    <select idref="xccdf_org.ssgproject.content_rule_sysctl_net_ipv4_conf_default_log_martians" selected="true"/>
    <select idref="xccdf_org.ssgproject.content_rule_sysctl_net_ipv4_conf_default_rp_filter" selected="true"/>
    <select idref="xccdf_org.ssgproject.content_rule_sysctl_net_ipv4_conf_default_secure_redirects" selected="true"/>
    <select idref="xccdf_org.ssgproject.content_rule_sysctl_net_ipv4_conf_default_send_redirects" selected="true"/>
    <select idref="xccdf_org.ssgproject.content_rule_sysctl_net_ipv4_icmp_echo_ignore_broadcasts" selected="true"/>
    <select idref="xccdf_org.ssgproject.content_rule_sysctl_net_ipv4_icmp_ignore_bogus_error_responses" selected="true"/>
    <select idref="xccdf_org.ssgproject.content_rule_sysctl_net_ipv4_ip_forward" selected="true"/>
    <select idref="xccdf_org.ssgproject.content_rule_sysctl_net_ipv4_tcp_syncookies" selected="true"/>
    <select idref="xccdf_org.ssgproject.content_rule_sysctl_net_ipv6_conf_all_accept_ra" selected="true"/>
    <select idref="xccdf_org.ssgproject.content_rule_sysctl_net_ipv6_conf_all_accept_redirects" selected="true"/>
    <select idref="xccdf_org.ssgproject.content_rule_sysctl_net_ipv6_conf_all_accept_source_route" selected="true"/>
    <select idref="xccdf_org.ssgproject.content_rule_sysctl_net_ipv6_conf_all_forwarding" selected="true"/>
    <select idref="xccdf_org.ssgproject.content_rule_sysctl_net_ipv6_conf_default_accept_ra" selected="true"/>
    <select idref="xccdf_org.ssgproject.content_rule_sysctl_net_ipv6_conf_default_accept_redirects" selected="true"/>
    <select idref="xccdf_org.ssgproject.content_rule_sysctl_net_ipv6_conf_default_accept_source_route" selected="true"/>
    <select idref="xccdf_org.ssgproject.content_rule_systemd_journal_upload_server_tls" selected="true"/>
    <select idref="xccdf_org.ssgproject.content_rule_systemd_journal_upload_url" selected="true"/>
    <select idref="xccdf_org.ssgproject.content_rule_ufw_rules_for_open_ports" selected="true"/>
    <select idref="xccdf_org.ssgproject.content_rule_use_pam_wheel_group_for_su" selected="true"/>
    <select idref="xccdf_org.ssgproject.content_rule_wireless_disable_interfaces" selected="true"/>
    <select idref="xccdf_org.ssgproject.content_group_audit_dac_actions" selected="false"/>
    <select idref="xccdf_org.ssgproject.content_group_audit_execution_acl_commands" selected="false"/>
    <select idref="xccdf_org.ssgproject.content_group_audit_execution_selinux_commands" selected="false"/>
    <select idref="xccdf_org.ssgproject.content_group_audit_file_deletion_events" selected="false"/>
    <select idref="xccdf_org.ssgproject.content_group_audit_file_modification" selected="false"/>
    <select idref="xccdf_org.ssgproject.content_group_audit_kernel_module_loading" selected="false"/>
    <select idref="xccdf_org.ssgproject.content_group_audit_login_events" selected="false"/>
    <select idref="xccdf_org.ssgproject.content_group_audit_privileged_commands" selected="false"/>
    <select idref="xccdf_org.ssgproject.content_group_audit_time_rules" selected="false"/>
    <select idref="xccdf_org.ssgproject.content_group_auditd_configure_rules" selected="false"/>
    <select idref="xccdf_org.ssgproject.content_group_auditing" selected="false"/>
    <select idref="xccdf_org.ssgproject.content_group_bootloader-zipl" selected="false"/>
    <select idref="xccdf_org.ssgproject.content_group_configure_auditd_data_retention" selected="false"/>
    <select idref="xccdf_org.ssgproject.content_group_disabling_xwindows" selected="false"/>
    <select idref="xccdf_org.ssgproject.content_group_file_permissions_auditd" selected="false"/>
    <select idref="xccdf_org.ssgproject.content_group_network-uncommon" selected="false"/>
    <select idref="xccdf_org.ssgproject.content_group_rsyslog_sending_messages" selected="false"/>
    <select idref="xccdf_org.ssgproject.content_group_xwindows" selected="false"/>
    <refine-value idref="xccdf_org.ssgproject.content_value_var_user_initialization_files_regex" selector="all_dotfiles"/>
    <refine-value idref="xccdf_org.ssgproject.content_value_var_accounts_user_umask" selector="027"/>
    <refine-value idref="xccdf_org.ssgproject.content_value_var_accounts_tmout" selector="15_min"/>
    <refine-value idref="xccdf_org.ssgproject.content_value_var_account_disable_post_pw_expiration" selector="45"/>
    <refine-value idref="xccdf_org.ssgproject.content_value_var_password_hashing_algorithm" selector="cis_ubuntu2404"/>
    <refine-value idref="xccdf_org.ssgproject.content_value_var_accounts_password_warn_age_login_defs" selector="7"/>
    <refine-value idref="xccdf_org.ssgproject.content_value_var_accounts_maximum_age_login_defs" selector="365"/>
    <refine-value idref="xccdf_org.ssgproject.content_value_var_password_hashing_algorithm_pam" selector="yescrypt"/>
    <refine-value idref="xccdf_org.ssgproject.content_value_var_password_pam_remember" selector="24"/>
    <refine-value idref="xccdf_org.ssgproject.content_value_var_password_pam_enforcing" selector="1"/>
    <refine-value idref="xccdf_org.ssgproject.content_value_var_password_pam_dictcheck" selector="1"/>
    <refine-value idref="xccdf_org.ssgproject.content_value_var_password_pam_maxrepeat" selector="3"/>
    <refine-value idref="xccdf_org.ssgproject.content_value_var_password_pam_minclass" selector="4"/>
    <refine-value idref="xccdf_org.ssgproject.content_value_var_password_pam_dcredit" selector="1"/>
    <refine-value idref="xccdf_org.ssgproject.content_value_var_password_pam_lcredit" selector="1"/>
    <refine-value idref="xccdf_org.ssgproject.content_value_var_password_pam_ocredit" selector="1"/>
    <refine-value idref="xccdf_org.ssgproject.content_value_var_password_pam_ucredit" selector="1"/>
    <refine-value idref="xccdf_org.ssgproject.content_value_var_password_pam_minlen" selector="14"/>
    <refine-value idref="xccdf_org.ssgproject.content_value_var_password_pam_difok" selector="2"/>
    <refine-value idref="xccdf_org.ssgproject.content_value_var_accounts_passwords_pam_faillock_unlock_time" selector="900"/>
    <refine-value idref="xccdf_org.ssgproject.content_value_var_accounts_passwords_pam_faillock_deny" selector="4"/>
    <refine-value idref="xccdf_org.ssgproject.content_value_var_pam_wheel_group_for_su" selector="cis"/>
    <refine-value idref="xccdf_org.ssgproject.content_value_var_sudo_timestamp_timeout" selector="15_minutes"/>
    <refine-value idref="xccdf_org.ssgproject.content_value_var_sshd_set_maxstartups" selector="10:30:60"/>
    <refine-value idref="xccdf_org.ssgproject.content_value_var_sshd_max_sessions" selector="10"/>
    <refine-value idref="xccdf_org.ssgproject.content_value_sshd_max_auth_tries_value" selector="4"/>
    <refine-value idref="xccdf_org.ssgproject.content_value_sshd_strong_macs" selector="cis_ubuntu2404"/>
    <refine-value idref="xccdf_org.ssgproject.content_value_var_sshd_set_login_grace_time" selector="60"/>
    <refine-value idref="xccdf_org.ssgproject.content_value_sshd_strong_kex" selector="cis_ubuntu2404"/>
    <refine-value idref="xccdf_org.ssgproject.content_value_sshd_idle_timeout_value" selector="5_minutes"/>
    <refine-value idref="xccdf_org.ssgproject.content_value_var_sshd_set_keepalive" selector="3"/>
    <refine-value idref="xccdf_org.ssgproject.content_value_var_nftables_base_chain_names" selector="chain_names"/>
    <refine-value idref="xccdf_org.ssgproject.content_value_var_nftables_base_chain_types" selector="chain_types"/>
    <refine-value idref="xccdf_org.ssgproject.content_value_var_nftables_base_chain_hooks" selector="chain_hooks"/>
    <refine-value idref="xccdf_org.ssgproject.content_value_var_nftables_base_chain_priorities" selector="chain_priorities"/>
    <refine-value idref="xccdf_org.ssgproject.content_value_var_nftables_base_chain_policies" selector="chain_policies"/>
    <refine-value idref="xccdf_org.ssgproject.content_value_var_nftables_family" selector="inet"/>
    <refine-value idref="xccdf_org.ssgproject.content_value_var_nftables_table" selector="filter"/>
    <refine-value idref="xccdf_org.ssgproject.content_value_var_network_filtering_service" selector="nftables"/>
    <refine-value idref="xccdf_org.ssgproject.content_value_var_multiple_time_pools" selector="ubuntu"/>
    <refine-value idref="xccdf_org.ssgproject.content_value_var_multiple_time_servers" selector="ubuntu"/>
    <refine-value idref="xccdf_org.ssgproject.content_value_var_timesync_service" selector="systemd-timesyncd"/>
    <refine-value idref="xccdf_org.ssgproject.content_value_var_postfix_inet_interfaces" selector="loopback-only"/>
    <refine-value idref="xccdf_org.ssgproject.content_value_inactivity_timeout_value" selector="15_minutes"/>
    <refine-value idref="xccdf_org.ssgproject.content_value_var_screensaver_lock_delay" selector="5_seconds"/>
    <refine-value idref="xccdf_org.ssgproject.content_value_login_banner_text" selector="cis_default"/>
    <refine-value idref="xccdf_org.ssgproject.content_value_cis_banner_text" selector="cis"/>
    <refine-value idref="xccdf_org.ssgproject.content_value_sysctl_kernel_yama_ptrace_scope_value" selector="1"/>
    <refine-value idref="xccdf_org.ssgproject.content_value_var_apparmor_mode" selector="enforce"/>
  </Profile>
  <Profile id="xccdf_org.ssgproject.content_profile_cis_level1_workstation">
    <version>draft</version>
    <title xmlns:xhtml="http://www.w3.org/1999/xhtml" xml:lang="en-US" override="true">DRAFT - CIS Ubuntu Linux 24.04 LTS Benchmark for Level 1 - Workstation</title>
    <description xmlns:xhtml="http://www.w3.org/1999/xhtml" xml:lang="en-US" override="true">This profile defines a baseline that aligns to the "Level 1 - Workstation"
configuration from the Center for Internet Security® 
Ubuntu Linux 24.04 LTS Benchmark™, v1.0.0, released 2024-08-26.

This profile includes Center for Internet Security®
Ubuntu Linux 24.04 LTS Benchmark™ content.</description>
    <reference>https://www.cisecurity.org/benchmark/ubuntu_linux</reference>
    <select idref="xccdf_org.ssgproject.content_rule_account_disable_post_pw_expiration" selected="true"/>
    <select idref="xccdf_org.ssgproject.content_rule_account_unique_id" selected="true"/>
    <select idref="xccdf_org.ssgproject.content_rule_account_unique_name" selected="true"/>
    <select idref="xccdf_org.ssgproject.content_rule_accounts_maximum_age_login_defs" selected="true"/>
    <select idref="xccdf_org.ssgproject.content_rule_accounts_no_uid_except_zero" selected="true"/>
    <select idref="xccdf_org.ssgproject.content_rule_accounts_password_all_shadowed" selected="true"/>
    <select idref="xccdf_org.ssgproject.content_rule_accounts_password_last_change_is_in_past" selected="true"/>
    <select idref="xccdf_org.ssgproject.content_rule_accounts_password_pam_dcredit" selected="true"/>
    <select idref="xccdf_org.ssgproject.content_rule_accounts_password_pam_dictcheck" selected="true"/>
    <select idref="xccdf_org.ssgproject.content_rule_accounts_password_pam_difok" selected="true"/>
    <select idref="xccdf_org.ssgproject.content_rule_accounts_password_pam_enforce_root" selected="true"/>
    <select idref="xccdf_org.ssgproject.content_rule_accounts_password_pam_enforcing" selected="true"/>
    <select idref="xccdf_org.ssgproject.content_rule_accounts_password_pam_lcredit" selected="true"/>
    <select idref="xccdf_org.ssgproject.content_rule_accounts_password_pam_maxrepeat" selected="true"/>
    <select idref="xccdf_org.ssgproject.content_rule_accounts_password_pam_maxsequence" selected="true"/>
    <select idref="xccdf_org.ssgproject.content_rule_accounts_password_pam_minclass" selected="true"/>
    <select idref="xccdf_org.ssgproject.content_rule_accounts_password_pam_minlen" selected="true"/>
    <select idref="xccdf_org.ssgproject.content_rule_accounts_password_pam_ocredit" selected="true"/>
    <select idref="xccdf_org.ssgproject.content_rule_accounts_password_pam_pwhistory_enabled" selected="true"/>
    <select idref="xccdf_org.ssgproject.content_rule_accounts_password_pam_pwhistory_enforce_root" selected="true"/>
    <select idref="xccdf_org.ssgproject.content_rule_accounts_password_pam_pwhistory_remember" selected="true"/>
    <select idref="xccdf_org.ssgproject.content_rule_accounts_password_pam_pwhistory_use_authtok" selected="true"/>
    <select idref="xccdf_org.ssgproject.content_rule_accounts_password_pam_pwquality_enabled" selected="true"/>
    <select idref="xccdf_org.ssgproject.content_rule_accounts_password_pam_ucredit" selected="true"/>
    <select idref="xccdf_org.ssgproject.content_rule_accounts_password_pam_unix_authtok" selected="true"/>
    <select idref="xccdf_org.ssgproject.content_rule_accounts_password_pam_unix_enabled" selected="true"/>
    <select idref="xccdf_org.ssgproject.content_rule_accounts_password_pam_unix_no_remember" selected="true"/>
    <select idref="xccdf_org.ssgproject.content_rule_accounts_password_set_max_life_existing" selected="true"/>
    <select idref="xccdf_org.ssgproject.content_rule_accounts_password_warn_age_login_defs" selected="true"/>
    <select idref="xccdf_org.ssgproject.content_rule_accounts_passwords_pam_faillock_deny" selected="true"/>
    <select idref="xccdf_org.ssgproject.content_rule_accounts_passwords_pam_faillock_enabled" selected="true"/>
    <select idref="xccdf_org.ssgproject.content_rule_accounts_passwords_pam_faillock_unlock_time" selected="true"/>
    <select idref="xccdf_org.ssgproject.content_rule_accounts_root_gid_zero" selected="true"/>
    <select idref="xccdf_org.ssgproject.content_rule_accounts_root_path_dirs_no_write" selected="true"/>
    <select idref="xccdf_org.ssgproject.content_rule_accounts_tmout" selected="true"/>
    <select idref="xccdf_org.ssgproject.content_rule_accounts_umask_etc_bashrc" selected="true"/>
    <select idref="xccdf_org.ssgproject.content_rule_accounts_umask_etc_login_defs" selected="true"/>
    <select idref="xccdf_org.ssgproject.content_rule_accounts_umask_etc_profile" selected="true"/>
    <select idref="xccdf_org.ssgproject.content_rule_accounts_umask_root" selected="true"/>
    <select idref="xccdf_org.ssgproject.content_rule_accounts_user_dot_group_ownership" selected="true"/>
    <select idref="xccdf_org.ssgproject.content_rule_accounts_user_dot_user_ownership" selected="true"/>
    <select idref="xccdf_org.ssgproject.content_rule_accounts_user_interactive_home_directory_exists" selected="true"/>
    <select idref="xccdf_org.ssgproject.content_rule_aide_build_database" selected="true"/>
    <select idref="xccdf_org.ssgproject.content_rule_aide_periodic_checking_systemd_timer" selected="true"/>
    <select idref="xccdf_org.ssgproject.content_rule_all_apparmor_profiles_in_enforce_complain_mode" selected="true"/>
    <select idref="xccdf_org.ssgproject.content_rule_banner_etc_issue_cis" selected="true"/>
    <select idref="xccdf_org.ssgproject.content_rule_banner_etc_issue_net_cis" selected="true"/>
    <select idref="xccdf_org.ssgproject.content_rule_banner_etc_motd_cis" selected="true"/>
    <select idref="xccdf_org.ssgproject.content_rule_check_ufw_active" selected="true"/>
    <select idref="xccdf_org.ssgproject.content_rule_chronyd_configure_pool_and_server" selected="true"/>
    <select idref="xccdf_org.ssgproject.content_rule_chronyd_run_as_chrony_user" selected="true"/>
    <select idref="xccdf_org.ssgproject.content_rule_dconf_gnome_banner_enabled" selected="true"/>
    <select idref="xccdf_org.ssgproject.content_rule_dconf_gnome_disable_autorun" selected="true"/>
    <select idref="xccdf_org.ssgproject.content_rule_dconf_gnome_disable_user_list" selected="true"/>
    <select idref="xccdf_org.ssgproject.content_rule_dconf_gnome_login_banner_text" selected="true"/>
    <select idref="xccdf_org.ssgproject.content_rule_dconf_gnome_screensaver_idle_delay" selected="true"/>
    <select idref="xccdf_org.ssgproject.content_rule_dconf_gnome_screensaver_lock_delay" selected="true"/>
    <select idref="xccdf_org.ssgproject.content_rule_dconf_gnome_screensaver_lock_enabled" selected="true"/>
    <select idref="xccdf_org.ssgproject.content_rule_disable_host_auth" selected="true"/>
    <select idref="xccdf_org.ssgproject.content_rule_disable_users_coredumps" selected="true"/>
    <select idref="xccdf_org.ssgproject.content_rule_ensure_pam_wheel_group_empty" selected="true"/>
    <select idref="xccdf_org.ssgproject.content_rule_ensure_root_access_controlled" selected="true"/>
    <select idref="xccdf_org.ssgproject.content_rule_ensure_shadow_group_empty" selected="true"/>
    <select idref="xccdf_org.ssgproject.content_rule_file_at_allow_exists" selected="true"/>
    <select idref="xccdf_org.ssgproject.content_rule_file_cron_allow_exists" selected="true"/>
    <select idref="xccdf_org.ssgproject.content_rule_file_cron_deny_not_exist" selected="true"/>
    <select idref="xccdf_org.ssgproject.content_rule_file_groupowner_at_allow" selected="true"/>
    <select idref="xccdf_org.ssgproject.content_rule_file_groupowner_at_deny" selected="true"/>
    <select idref="xccdf_org.ssgproject.content_rule_file_groupowner_backup_etc_group" selected="true"/>
    <select idref="xccdf_org.ssgproject.content_rule_file_groupowner_backup_etc_gshadow" selected="true"/>
    <select idref="xccdf_org.ssgproject.content_rule_file_groupowner_backup_etc_passwd" selected="true"/>
    <select idref="xccdf_org.ssgproject.content_rule_file_groupowner_backup_etc_shadow" selected="true"/>
    <select idref="xccdf_org.ssgproject.content_rule_file_groupowner_cron_allow" selected="true"/>
    <select idref="xccdf_org.ssgproject.content_rule_file_groupowner_cron_d" selected="true"/>
    <select idref="xccdf_org.ssgproject.content_rule_file_groupowner_cron_daily" selected="true"/>
    <select idref="xccdf_org.ssgproject.content_rule_file_groupowner_cron_hourly" selected="true"/>
    <select idref="xccdf_org.ssgproject.content_rule_file_groupowner_cron_monthly" selected="true"/>
    <select idref="xccdf_org.ssgproject.content_rule_file_groupowner_cron_weekly" selected="true"/>
    <select idref="xccdf_org.ssgproject.content_rule_file_groupowner_crontab" selected="true"/>
    <select idref="xccdf_org.ssgproject.content_rule_file_groupowner_etc_group" selected="true"/>
    <select idref="xccdf_org.ssgproject.content_rule_file_groupowner_etc_gshadow" selected="true"/>
    <select idref="xccdf_org.ssgproject.content_rule_file_groupowner_etc_issue" selected="true"/>
    <select idref="xccdf_org.ssgproject.content_rule_file_groupowner_etc_issue_net" selected="true"/>
    <select idref="xccdf_org.ssgproject.content_rule_file_groupowner_etc_motd" selected="true"/>
    <select idref="xccdf_org.ssgproject.content_rule_file_groupowner_etc_passwd" selected="true"/>
    <select idref="xccdf_org.ssgproject.content_rule_file_groupowner_etc_security_opasswd" selected="true"/>
    <select idref="xccdf_org.ssgproject.content_rule_file_groupowner_etc_security_opasswd_old" selected="true"/>
    <select idref="xccdf_org.ssgproject.content_rule_file_groupowner_etc_shadow" selected="true"/>
    <select idref="xccdf_org.ssgproject.content_rule_file_groupowner_etc_shells" selected="true"/>
    <select idref="xccdf_org.ssgproject.content_rule_file_groupowner_sshd_config" selected="true"/>
    <select idref="xccdf_org.ssgproject.content_rule_file_groupownership_home_directories" selected="true"/>
    <select idref="xccdf_org.ssgproject.content_rule_file_owner_at_allow" selected="true"/>
    <select idref="xccdf_org.ssgproject.content_rule_file_owner_at_deny" selected="true"/>
    <select idref="xccdf_org.ssgproject.content_rule_file_owner_backup_etc_group" selected="true"/>
    <select idref="xccdf_org.ssgproject.content_rule_file_owner_backup_etc_gshadow" selected="true"/>
    <select idref="xccdf_org.ssgproject.content_rule_file_owner_backup_etc_passwd" selected="true"/>
    <select idref="xccdf_org.ssgproject.content_rule_file_owner_backup_etc_shadow" selected="true"/>
    <select idref="xccdf_org.ssgproject.content_rule_file_owner_cron_allow" selected="true"/>
    <select idref="xccdf_org.ssgproject.content_rule_file_owner_cron_d" selected="true"/>
    <select idref="xccdf_org.ssgproject.content_rule_file_owner_cron_daily" selected="true"/>
    <select idref="xccdf_org.ssgproject.content_rule_file_owner_cron_hourly" selected="true"/>
    <select idref="xccdf_org.ssgproject.content_rule_file_owner_cron_monthly" selected="true"/>
    <select idref="xccdf_org.ssgproject.content_rule_file_owner_cron_weekly" selected="true"/>
    <select idref="xccdf_org.ssgproject.content_rule_file_owner_crontab" selected="true"/>
    <select idref="xccdf_org.ssgproject.content_rule_file_owner_etc_group" selected="true"/>
    <select idref="xccdf_org.ssgproject.content_rule_file_owner_etc_gshadow" selected="true"/>
    <select idref="xccdf_org.ssgproject.content_rule_file_owner_etc_issue" selected="true"/>
    <select idref="xccdf_org.ssgproject.content_rule_file_owner_etc_issue_net" selected="true"/>
    <select idref="xccdf_org.ssgproject.content_rule_file_owner_etc_motd" selected="true"/>
    <select idref="xccdf_org.ssgproject.content_rule_file_owner_etc_passwd" selected="true"/>
    <select idref="xccdf_org.ssgproject.content_rule_file_owner_etc_security_opasswd" selected="true"/>
    <select idref="xccdf_org.ssgproject.content_rule_file_owner_etc_security_opasswd_old" selected="true"/>
    <select idref="xccdf_org.ssgproject.content_rule_file_owner_etc_shadow" selected="true"/>
    <select idref="xccdf_org.ssgproject.content_rule_file_owner_etc_shells" selected="true"/>
    <select idref="xccdf_org.ssgproject.content_rule_file_owner_grub2_cfg" selected="true"/>
    <select idref="xccdf_org.ssgproject.content_rule_file_owner_sshd_config" selected="true"/>
    <select idref="xccdf_org.ssgproject.content_rule_file_ownership_home_directories" selected="true"/>
    <select idref="xccdf_org.ssgproject.content_rule_file_permission_user_bash_history" selected="true"/>
    <select idref="xccdf_org.ssgproject.content_rule_file_permission_user_init_files" selected="true"/>
    <select idref="xccdf_org.ssgproject.content_rule_file_permissions_at_allow" selected="true"/>
    <select idref="xccdf_org.ssgproject.content_rule_file_permissions_at_deny" selected="true"/>
    <select idref="xccdf_org.ssgproject.content_rule_file_permissions_backup_etc_group" selected="true"/>
    <select idref="xccdf_org.ssgproject.content_rule_file_permissions_backup_etc_gshadow" selected="true"/>
    <select idref="xccdf_org.ssgproject.content_rule_file_permissions_backup_etc_passwd" selected="true"/>
    <select idref="xccdf_org.ssgproject.content_rule_file_permissions_backup_etc_shadow" selected="true"/>
    <select idref="xccdf_org.ssgproject.content_rule_file_permissions_cron_allow" selected="true"/>
    <select idref="xccdf_org.ssgproject.content_rule_file_permissions_cron_d" selected="true"/>
    <select idref="xccdf_org.ssgproject.content_rule_file_permissions_cron_daily" selected="true"/>
    <select idref="xccdf_org.ssgproject.content_rule_file_permissions_cron_hourly" selected="true"/>
    <select idref="xccdf_org.ssgproject.content_rule_file_permissions_cron_monthly" selected="true"/>
    <select idref="xccdf_org.ssgproject.content_rule_file_permissions_cron_weekly" selected="true"/>
    <select idref="xccdf_org.ssgproject.content_rule_file_permissions_crontab" selected="true"/>
    <select idref="xccdf_org.ssgproject.content_rule_file_permissions_etc_group" selected="true"/>
    <select idref="xccdf_org.ssgproject.content_rule_file_permissions_etc_gshadow" selected="true"/>
    <select idref="xccdf_org.ssgproject.content_rule_file_permissions_etc_issue" selected="true"/>
    <select idref="xccdf_org.ssgproject.content_rule_file_permissions_etc_issue_net" selected="true"/>
    <select idref="xccdf_org.ssgproject.content_rule_file_permissions_etc_motd" selected="true"/>
    <select idref="xccdf_org.ssgproject.content_rule_file_permissions_etc_passwd" selected="true"/>
    <select idref="xccdf_org.ssgproject.content_rule_file_permissions_etc_security_opasswd" selected="true"/>
    <select idref="xccdf_org.ssgproject.content_rule_file_permissions_etc_security_opasswd_old" selected="true"/>
    <select idref="xccdf_org.ssgproject.content_rule_file_permissions_etc_shadow" selected="true"/>
    <select idref="xccdf_org.ssgproject.content_rule_file_permissions_etc_shells" selected="true"/>
    <select idref="xccdf_org.ssgproject.content_rule_file_permissions_grub2_cfg" selected="true"/>
    <select idref="xccdf_org.ssgproject.content_rule_file_permissions_home_directories" selected="true"/>
    <select idref="xccdf_org.ssgproject.content_rule_file_permissions_sshd_config" selected="true"/>
    <select idref="xccdf_org.ssgproject.content_rule_file_permissions_sshd_private_key" selected="true"/>
    <select idref="xccdf_org.ssgproject.content_rule_file_permissions_sshd_pub_key" selected="true"/>
    <select idref="xccdf_org.ssgproject.content_rule_file_permissions_unauthorized_world_writable" selected="true"/>
    <select idref="xccdf_org.ssgproject.content_rule_file_permissions_ungroupowned" selected="true"/>
    <select idref="xccdf_org.ssgproject.content_rule_firewall_single_service_active" selected="true"/>
    <select idref="xccdf_org.ssgproject.content_rule_gid_passwd_group_same" selected="true"/>
    <select idref="xccdf_org.ssgproject.content_rule_gnome_gdm_disable_xdmcp" selected="true"/>
    <select idref="xccdf_org.ssgproject.content_rule_group_unique_id" selected="true"/>
    <select idref="xccdf_org.ssgproject.content_rule_group_unique_name" selected="true"/>
    <select idref="xccdf_org.ssgproject.content_rule_groups_no_zero_gid_except_root" selected="true"/>
    <select idref="xccdf_org.ssgproject.content_rule_grub2_enable_apparmor" selected="true"/>
    <select idref="xccdf_org.ssgproject.content_rule_grub2_password" selected="true"/>
    <select idref="xccdf_org.ssgproject.content_rule_grub2_uefi_password" selected="true"/>
    <select idref="xccdf_org.ssgproject.content_rule_has_nonlocal_mta" selected="true"/>
    <select idref="xccdf_org.ssgproject.content_rule_ip6tables_rules_for_open_ports" selected="true"/>
    <select idref="xccdf_org.ssgproject.content_rule_iptables_rules_for_open_ports" selected="true"/>
    <select idref="xccdf_org.ssgproject.content_rule_journald_compress" selected="true"/>
    <select idref="xccdf_org.ssgproject.content_rule_journald_disable_forward_to_syslog" selected="true"/>
    <select idref="xccdf_org.ssgproject.content_rule_journald_forward_to_syslog" selected="true"/>
    <select idref="xccdf_org.ssgproject.content_rule_journald_storage" selected="true"/>
    <select idref="xccdf_org.ssgproject.content_rule_kernel_module_cramfs_disabled" selected="true"/>
    <select idref="xccdf_org.ssgproject.content_rule_kernel_module_freevxfs_disabled" selected="true"/>
    <select idref="xccdf_org.ssgproject.content_rule_kernel_module_hfs_disabled" selected="true"/>
    <select idref="xccdf_org.ssgproject.content_rule_kernel_module_hfsplus_disabled" selected="true"/>
    <select idref="xccdf_org.ssgproject.content_rule_kernel_module_jffs2_disabled" selected="true"/>
    <select idref="xccdf_org.ssgproject.content_rule_logging_services_active" selected="true"/>
    <select idref="xccdf_org.ssgproject.content_rule_mount_option_dev_shm_nodev" selected="true"/>
    <select idref="xccdf_org.ssgproject.content_rule_mount_option_dev_shm_noexec" selected="true"/>
    <select idref="xccdf_org.ssgproject.content_rule_mount_option_dev_shm_nosuid" selected="true"/>
    <select idref="xccdf_org.ssgproject.content_rule_mount_option_home_nodev" selected="true"/>
    <select idref="xccdf_org.ssgproject.content_rule_mount_option_home_nosuid" selected="true"/>
    <select idref="xccdf_org.ssgproject.content_rule_mount_option_tmp_nodev" selected="true"/>
    <select idref="xccdf_org.ssgproject.content_rule_mount_option_tmp_noexec" selected="true"/>
    <select idref="xccdf_org.ssgproject.content_rule_mount_option_tmp_nosuid" selected="true"/>
    <select idref="xccdf_org.ssgproject.content_rule_mount_option_var_log_audit_nodev" selected="true"/>
    <select idref="xccdf_org.ssgproject.content_rule_mount_option_var_log_audit_noexec" selected="true"/>
    <select idref="xccdf_org.ssgproject.content_rule_mount_option_var_log_audit_nosuid" selected="true"/>
    <select idref="xccdf_org.ssgproject.content_rule_mount_option_var_log_nodev" selected="true"/>
    <select idref="xccdf_org.ssgproject.content_rule_mount_option_var_log_noexec" selected="true"/>
    <select idref="xccdf_org.ssgproject.content_rule_mount_option_var_log_nosuid" selected="true"/>
    <select idref="xccdf_org.ssgproject.content_rule_mount_option_var_nodev" selected="true"/>
    <select idref="xccdf_org.ssgproject.content_rule_mount_option_var_nosuid" selected="true"/>
    <select idref="xccdf_org.ssgproject.content_rule_mount_option_var_tmp_nodev" selected="true"/>
    <select idref="xccdf_org.ssgproject.content_rule_mount_option_var_tmp_noexec" selected="true"/>
    <select idref="xccdf_org.ssgproject.content_rule_mount_option_var_tmp_nosuid" selected="true"/>
    <select idref="xccdf_org.ssgproject.content_rule_nftables_ensure_default_deny_policy" selected="true"/>
    <select idref="xccdf_org.ssgproject.content_rule_no_dirs_unowned_by_root" selected="true"/>
    <select idref="xccdf_org.ssgproject.content_rule_no_empty_passwords_etc_shadow" selected="true"/>
    <select idref="xccdf_org.ssgproject.content_rule_no_empty_passwords_unix" selected="true"/>
    <select idref="xccdf_org.ssgproject.content_rule_no_files_unowned_by_user" selected="true"/>
    <select idref="xccdf_org.ssgproject.content_rule_no_forward_files" selected="true"/>
    <select idref="xccdf_org.ssgproject.content_rule_no_invalid_shell_accounts_unlocked" selected="true"/>
    <select idref="xccdf_org.ssgproject.content_rule_no_netrc_files" selected="true"/>
    <select idref="xccdf_org.ssgproject.content_rule_no_rsh_trust_files" selected="true"/>
    <select idref="xccdf_org.ssgproject.content_rule_no_shelllogin_for_systemaccounts" selected="true"/>
    <select idref="xccdf_org.ssgproject.content_rule_ntp_single_service_active" selected="true"/>
    <select idref="xccdf_org.ssgproject.content_rule_package_aide_installed" selected="true"/>
    <select idref="xccdf_org.ssgproject.content_rule_package_apparmor-utils_installed" selected="true"/>
    <select idref="xccdf_org.ssgproject.content_rule_package_apparmor_installed" selected="true"/>
    <select idref="xccdf_org.ssgproject.content_rule_package_bind_removed" selected="true"/>
    <select idref="xccdf_org.ssgproject.content_rule_package_chrony_installed" selected="true"/>
    <select idref="xccdf_org.ssgproject.content_rule_package_cron_installed" selected="true"/>
    <select idref="xccdf_org.ssgproject.content_rule_package_dhcp_removed" selected="true"/>
    <select idref="xccdf_org.ssgproject.content_rule_package_dnsmasq_removed" selected="true"/>
    <select idref="xccdf_org.ssgproject.content_rule_package_dovecot_removed" selected="true"/>
    <select idref="xccdf_org.ssgproject.content_rule_package_ftp_removed" selected="true"/>
    <select idref="xccdf_org.ssgproject.content_rule_package_httpd_removed" selected="true"/>
    <select idref="xccdf_org.ssgproject.content_rule_package_iptables-persistent_installed" selected="true"/>
    <select idref="xccdf_org.ssgproject.content_rule_package_iptables-persistent_removed" selected="true"/>
    <select idref="xccdf_org.ssgproject.content_rule_package_iptables_installed" selected="true"/>
    <select idref="xccdf_org.ssgproject.content_rule_package_net-snmp_removed" selected="true"/>
    <select idref="xccdf_org.ssgproject.content_rule_package_nfs-kernel-server_removed" selected="true"/>
    <select idref="xccdf_org.ssgproject.content_rule_package_nftables_installed" selected="true"/>
    <select idref="xccdf_org.ssgproject.content_rule_package_nginx_removed" selected="true"/>
    <select idref="xccdf_org.ssgproject.content_rule_package_nis_removed" selected="true"/>
    <select idref="xccdf_org.ssgproject.content_rule_package_openldap-clients_removed" selected="true"/>
    <select idref="xccdf_org.ssgproject.content_rule_package_openldap-servers_removed" selected="true"/>
    <select idref="xccdf_org.ssgproject.content_rule_package_pam_modules_installed" selected="true"/>
    <select idref="xccdf_org.ssgproject.content_rule_package_pam_pwquality_installed" selected="true"/>
    <select idref="xccdf_org.ssgproject.content_rule_package_pam_runtime_installed" selected="true"/>
    <select idref="xccdf_org.ssgproject.content_rule_package_prelink_removed" selected="true"/>
    <select idref="xccdf_org.ssgproject.content_rule_package_rpcbind_removed" selected="true"/>
    <select idref="xccdf_org.ssgproject.content_rule_package_rsh_removed" selected="true"/>
    <select idref="xccdf_org.ssgproject.content_rule_package_rsync_removed" selected="true"/>
    <select idref="xccdf_org.ssgproject.content_rule_package_rsyslog_installed" selected="true"/>
    <select idref="xccdf_org.ssgproject.content_rule_package_samba_removed" selected="true"/>
    <select idref="xccdf_org.ssgproject.content_rule_package_squid_removed" selected="true"/>
    <select idref="xccdf_org.ssgproject.content_rule_package_sudo_installed" selected="true"/>
    <select idref="xccdf_org.ssgproject.content_rule_package_systemd-journal-remote_installed" selected="true"/>
    <select idref="xccdf_org.ssgproject.content_rule_package_talk_removed" selected="true"/>
    <select idref="xccdf_org.ssgproject.content_rule_package_telnet_removed" selected="true"/>
    <select idref="xccdf_org.ssgproject.content_rule_package_tftp-server_removed" selected="true"/>
    <select idref="xccdf_org.ssgproject.content_rule_package_timesyncd_installed" selected="true"/>
    <select idref="xccdf_org.ssgproject.content_rule_package_tnftp_removed" selected="true"/>
    <select idref="xccdf_org.ssgproject.content_rule_package_ufw_installed" selected="true"/>
    <select idref="xccdf_org.ssgproject.content_rule_package_ufw_removed" selected="true"/>
    <select idref="xccdf_org.ssgproject.content_rule_package_vsftpd_removed" selected="true"/>
    <select idref="xccdf_org.ssgproject.content_rule_package_xinetd_removed" selected="true"/>
    <select idref="xccdf_org.ssgproject.content_rule_package_ypserv_removed" selected="true"/>
    <select idref="xccdf_org.ssgproject.content_rule_partition_for_dev_shm" selected="true"/>
    <select idref="xccdf_org.ssgproject.content_rule_partition_for_tmp" selected="true"/>
    <select idref="xccdf_org.ssgproject.content_rule_postfix_network_listening_disabled" selected="true"/>
    <select idref="xccdf_org.ssgproject.content_rule_root_path_all_dirs" selected="true"/>
    <select idref="xccdf_org.ssgproject.content_rule_root_path_no_dot" selected="true"/>
    <select idref="xccdf_org.ssgproject.content_rule_rsyslog_filecreatemode" selected="true"/>
    <select idref="xccdf_org.ssgproject.content_rule_rsyslog_nolisten" selected="true"/>
    <select idref="xccdf_org.ssgproject.content_rule_service_apport_disabled" selected="true"/>
    <select idref="xccdf_org.ssgproject.content_rule_service_chronyd_disabled" selected="true"/>
    <select idref="xccdf_org.ssgproject.content_rule_service_chronyd_enabled" selected="true"/>
    <select idref="xccdf_org.ssgproject.content_rule_service_cron_enabled" selected="true"/>
    <select idref="xccdf_org.ssgproject.content_rule_service_dhcpd6_disabled" selected="true"/>
    <select idref="xccdf_org.ssgproject.content_rule_service_dhcpd_disabled" selected="true"/>
    <select idref="xccdf_org.ssgproject.content_rule_service_dnsmasq_disabled" selected="true"/>
    <select idref="xccdf_org.ssgproject.content_rule_service_dovecot_disabled" selected="true"/>
    <select idref="xccdf_org.ssgproject.content_rule_service_httpd_disabled" selected="true"/>
    <select idref="xccdf_org.ssgproject.content_rule_service_named_disabled" selected="true"/>
    <select idref="xccdf_org.ssgproject.content_rule_service_nfs_disabled" selected="true"/>
    <select idref="xccdf_org.ssgproject.content_rule_service_nftables_disabled" selected="true"/>
    <select idref="xccdf_org.ssgproject.content_rule_service_nftables_enabled" selected="true"/>
    <select idref="xccdf_org.ssgproject.content_rule_service_nginx_disabled" selected="true"/>
    <select idref="xccdf_org.ssgproject.content_rule_service_rpcbind_disabled" selected="true"/>
    <select idref="xccdf_org.ssgproject.content_rule_service_rsyncd_disabled" selected="true"/>
    <select idref="xccdf_org.ssgproject.content_rule_service_rsyslog_enabled" selected="true"/>
    <select idref="xccdf_org.ssgproject.content_rule_service_slapd_disabled" selected="true"/>
    <select idref="xccdf_org.ssgproject.content_rule_service_smb_disabled" selected="true"/>
    <select idref="xccdf_org.ssgproject.content_rule_service_snmpd_disabled" selected="true"/>
    <select idref="xccdf_org.ssgproject.content_rule_service_squid_disabled" selected="true"/>
    <select idref="xccdf_org.ssgproject.content_rule_service_systemd-journal-upload_enabled" selected="true"/>
    <select idref="xccdf_org.ssgproject.content_rule_service_systemd-journald_enabled" selected="true"/>
    <select idref="xccdf_org.ssgproject.content_rule_service_tftp_disabled" selected="true"/>
    <select idref="xccdf_org.ssgproject.content_rule_service_timesyncd_configured" selected="true"/>
    <select idref="xccdf_org.ssgproject.content_rule_service_timesyncd_disabled" selected="true"/>
    <select idref="xccdf_org.ssgproject.content_rule_service_timesyncd_enabled" selected="true"/>
    <select idref="xccdf_org.ssgproject.content_rule_service_ufw_enabled" selected="true"/>
    <select idref="xccdf_org.ssgproject.content_rule_service_vsftpd_disabled" selected="true"/>
    <select idref="xccdf_org.ssgproject.content_rule_service_xinetd_disabled" selected="true"/>
    <select idref="xccdf_org.ssgproject.content_rule_service_ypserv_disabled" selected="true"/>
    <select idref="xccdf_org.ssgproject.content_rule_set_ip6tables_default_rule" selected="true"/>
    <select idref="xccdf_org.ssgproject.content_rule_set_iptables_default_rule" selected="true"/>
    <select idref="xccdf_org.ssgproject.content_rule_set_ipv6_loopback_traffic" selected="true"/>
    <select idref="xccdf_org.ssgproject.content_rule_set_loopback_traffic" selected="true"/>
    <select idref="xccdf_org.ssgproject.content_rule_set_nftables_base_chain" selected="true"/>
    <select idref="xccdf_org.ssgproject.content_rule_set_nftables_loopback_traffic" selected="true"/>
    <select idref="xccdf_org.ssgproject.content_rule_set_nftables_table" selected="true"/>
    <select idref="xccdf_org.ssgproject.content_rule_set_password_hashing_algorithm_logindefs" selected="true"/>
    <select idref="xccdf_org.ssgproject.content_rule_set_password_hashing_algorithm_systemauth" selected="true"/>
    <select idref="xccdf_org.ssgproject.content_rule_set_ufw_default_rule" selected="true"/>
    <select idref="xccdf_org.ssgproject.content_rule_set_ufw_loopback_traffic" selected="true"/>
    <select idref="xccdf_org.ssgproject.content_rule_socket_systemd-journal-remote_disabled" selected="true"/>
    <select idref="xccdf_org.ssgproject.content_rule_sshd_disable_empty_passwords" selected="true"/>
    <select idref="xccdf_org.ssgproject.content_rule_sshd_disable_forwarding" selected="true"/>
    <select idref="xccdf_org.ssgproject.content_rule_sshd_disable_gssapi_auth" selected="true"/>
    <select idref="xccdf_org.ssgproject.content_rule_sshd_disable_rhosts" selected="true"/>
    <select idref="xccdf_org.ssgproject.content_rule_sshd_disable_root_login" selected="true"/>
    <select idref="xccdf_org.ssgproject.content_rule_sshd_do_not_permit_user_env" selected="true"/>
    <select idref="xccdf_org.ssgproject.content_rule_sshd_enable_pam" selected="true"/>
    <select idref="xccdf_org.ssgproject.content_rule_sshd_enable_warning_banner_net" selected="true"/>
    <select idref="xccdf_org.ssgproject.content_rule_sshd_limit_user_access" selected="true"/>
    <select idref="xccdf_org.ssgproject.content_rule_sshd_set_idle_timeout" selected="true"/>
    <select idref="xccdf_org.ssgproject.content_rule_sshd_set_keepalive" selected="true"/>
    <select idref="xccdf_org.ssgproject.content_rule_sshd_set_login_grace_time" selected="true"/>
    <select idref="xccdf_org.ssgproject.content_rule_sshd_set_loglevel_info" selected="true"/>
    <select idref="xccdf_org.ssgproject.content_rule_sshd_set_max_auth_tries" selected="true"/>
    <select idref="xccdf_org.ssgproject.content_rule_sshd_set_max_sessions" selected="true"/>
    <select idref="xccdf_org.ssgproject.content_rule_sshd_set_maxstartups" selected="true"/>
    <select idref="xccdf_org.ssgproject.content_rule_sshd_use_strong_ciphers" selected="true"/>
    <select idref="xccdf_org.ssgproject.content_rule_sshd_use_strong_kex" selected="true"/>
    <select idref="xccdf_org.ssgproject.content_rule_sshd_use_strong_macs" selected="true"/>
    <select idref="xccdf_org.ssgproject.content_rule_sudo_add_use_pty" selected="true"/>
    <select idref="xccdf_org.ssgproject.content_rule_sudo_custom_logfile" selected="true"/>
    <select idref="xccdf_org.ssgproject.content_rule_sudo_remove_no_authenticate" selected="true"/>
    <select idref="xccdf_org.ssgproject.content_rule_sudo_require_reauthentication" selected="true"/>
    <select idref="xccdf_org.ssgproject.content_rule_sysctl_fs_suid_dumpable" selected="true"/>
    <select idref="xccdf_org.ssgproject.content_rule_sysctl_kernel_randomize_va_space" selected="true"/>
    <select idref="xccdf_org.ssgproject.content_rule_sysctl_kernel_yama_ptrace_scope" selected="true"/>
    <select idref="xccdf_org.ssgproject.content_rule_sysctl_net_ipv4_conf_all_accept_redirects" selected="true"/>
    <select idref="xccdf_org.ssgproject.content_rule_sysctl_net_ipv4_conf_all_accept_source_route" selected="true"/>
    <select idref="xccdf_org.ssgproject.content_rule_sysctl_net_ipv4_conf_all_log_martians" selected="true"/>
    <select idref="xccdf_org.ssgproject.content_rule_sysctl_net_ipv4_conf_all_rp_filter" selected="true"/>
    <select idref="xccdf_org.ssgproject.content_rule_sysctl_net_ipv4_conf_all_secure_redirects" selected="true"/>
    <select idref="xccdf_org.ssgproject.content_rule_sysctl_net_ipv4_conf_all_send_redirects" selected="true"/>
    <select idref="xccdf_org.ssgproject.content_rule_sysctl_net_ipv4_conf_default_accept_redirects" selected="true"/>
    <select idref="xccdf_org.ssgproject.content_rule_sysctl_net_ipv4_conf_default_accept_source_route" selected="true"/>
    <select idref="xccdf_org.ssgproject.content_rule_sysctl_net_ipv4_conf_default_log_martians" selected="true"/>
    <select idref="xccdf_org.ssgproject.content_rule_sysctl_net_ipv4_conf_default_rp_filter" selected="true"/>
    <select idref="xccdf_org.ssgproject.content_rule_sysctl_net_ipv4_conf_default_secure_redirects" selected="true"/>
    <select idref="xccdf_org.ssgproject.content_rule_sysctl_net_ipv4_conf_default_send_redirects" selected="true"/>
    <select idref="xccdf_org.ssgproject.content_rule_sysctl_net_ipv4_icmp_echo_ignore_broadcasts" selected="true"/>
    <select idref="xccdf_org.ssgproject.content_rule_sysctl_net_ipv4_icmp_ignore_bogus_error_responses" selected="true"/>
    <select idref="xccdf_org.ssgproject.content_rule_sysctl_net_ipv4_ip_forward" selected="true"/>
    <select idref="xccdf_org.ssgproject.content_rule_sysctl_net_ipv4_tcp_syncookies" selected="true"/>
    <select idref="xccdf_org.ssgproject.content_rule_sysctl_net_ipv6_conf_all_accept_ra" selected="true"/>
    <select idref="xccdf_org.ssgproject.content_rule_sysctl_net_ipv6_conf_all_accept_redirects" selected="true"/>
    <select idref="xccdf_org.ssgproject.content_rule_sysctl_net_ipv6_conf_all_accept_source_route" selected="true"/>
    <select idref="xccdf_org.ssgproject.content_rule_sysctl_net_ipv6_conf_all_forwarding" selected="true"/>
    <select idref="xccdf_org.ssgproject.content_rule_sysctl_net_ipv6_conf_default_accept_ra" selected="true"/>
    <select idref="xccdf_org.ssgproject.content_rule_sysctl_net_ipv6_conf_default_accept_redirects" selected="true"/>
    <select idref="xccdf_org.ssgproject.content_rule_sysctl_net_ipv6_conf_default_accept_source_route" selected="true"/>
    <select idref="xccdf_org.ssgproject.content_rule_systemd_journal_upload_server_tls" selected="true"/>
    <select idref="xccdf_org.ssgproject.content_rule_systemd_journal_upload_url" selected="true"/>
    <select idref="xccdf_org.ssgproject.content_rule_ufw_rules_for_open_ports" selected="true"/>
    <select idref="xccdf_org.ssgproject.content_rule_use_pam_wheel_group_for_su" selected="true"/>
    <select idref="xccdf_org.ssgproject.content_group_audit_dac_actions" selected="false"/>
    <select idref="xccdf_org.ssgproject.content_group_audit_execution_acl_commands" selected="false"/>
    <select idref="xccdf_org.ssgproject.content_group_audit_execution_selinux_commands" selected="false"/>
    <select idref="xccdf_org.ssgproject.content_group_audit_file_deletion_events" selected="false"/>
    <select idref="xccdf_org.ssgproject.content_group_audit_file_modification" selected="false"/>
    <select idref="xccdf_org.ssgproject.content_group_audit_kernel_module_loading" selected="false"/>
    <select idref="xccdf_org.ssgproject.content_group_audit_login_events" selected="false"/>
    <select idref="xccdf_org.ssgproject.content_group_audit_privileged_commands" selected="false"/>
    <select idref="xccdf_org.ssgproject.content_group_audit_time_rules" selected="false"/>
    <select idref="xccdf_org.ssgproject.content_group_auditd_configure_rules" selected="false"/>
    <select idref="xccdf_org.ssgproject.content_group_auditing" selected="false"/>
    <select idref="xccdf_org.ssgproject.content_group_avahi" selected="false"/>
    <select idref="xccdf_org.ssgproject.content_group_bootloader-zipl" selected="false"/>
    <select idref="xccdf_org.ssgproject.content_group_configure_auditd_data_retention" selected="false"/>
    <select idref="xccdf_org.ssgproject.content_group_disable_avahi_group" selected="false"/>
    <select idref="xccdf_org.ssgproject.content_group_disabling_xwindows" selected="false"/>
    <select idref="xccdf_org.ssgproject.content_group_file_permissions_auditd" selected="false"/>
    <select idref="xccdf_org.ssgproject.content_group_network-uncommon" selected="false"/>
    <select idref="xccdf_org.ssgproject.content_group_network-wireless" selected="false"/>
    <select idref="xccdf_org.ssgproject.content_group_printing" selected="false"/>
    <select idref="xccdf_org.ssgproject.content_group_rsyslog_sending_messages" selected="false"/>
    <select idref="xccdf_org.ssgproject.content_group_wireless_software" selected="false"/>
    <select idref="xccdf_org.ssgproject.content_group_xwindows" selected="false"/>
    <refine-value idref="xccdf_org.ssgproject.content_value_var_user_initialization_files_regex" selector="all_dotfiles"/>
    <refine-value idref="xccdf_org.ssgproject.content_value_var_accounts_user_umask" selector="027"/>
    <refine-value idref="xccdf_org.ssgproject.content_value_var_accounts_tmout" selector="15_min"/>
    <refine-value idref="xccdf_org.ssgproject.content_value_var_account_disable_post_pw_expiration" selector="45"/>
    <refine-value idref="xccdf_org.ssgproject.content_value_var_password_hashing_algorithm" selector="cis_ubuntu2404"/>
    <refine-value idref="xccdf_org.ssgproject.content_value_var_accounts_password_warn_age_login_defs" selector="7"/>
    <refine-value idref="xccdf_org.ssgproject.content_value_var_accounts_maximum_age_login_defs" selector="365"/>
    <refine-value idref="xccdf_org.ssgproject.content_value_var_password_hashing_algorithm_pam" selector="yescrypt"/>
    <refine-value idref="xccdf_org.ssgproject.content_value_var_password_pam_remember" selector="24"/>
    <refine-value idref="xccdf_org.ssgproject.content_value_var_password_pam_enforcing" selector="1"/>
    <refine-value idref="xccdf_org.ssgproject.content_value_var_password_pam_dictcheck" selector="1"/>
    <refine-value idref="xccdf_org.ssgproject.content_value_var_password_pam_maxrepeat" selector="3"/>
    <refine-value idref="xccdf_org.ssgproject.content_value_var_password_pam_minclass" selector="4"/>
    <refine-value idref="xccdf_org.ssgproject.content_value_var_password_pam_dcredit" selector="1"/>
    <refine-value idref="xccdf_org.ssgproject.content_value_var_password_pam_lcredit" selector="1"/>
    <refine-value idref="xccdf_org.ssgproject.content_value_var_password_pam_ocredit" selector="1"/>
    <refine-value idref="xccdf_org.ssgproject.content_value_var_password_pam_ucredit" selector="1"/>
    <refine-value idref="xccdf_org.ssgproject.content_value_var_password_pam_minlen" selector="14"/>
    <refine-value idref="xccdf_org.ssgproject.content_value_var_password_pam_difok" selector="2"/>
    <refine-value idref="xccdf_org.ssgproject.content_value_var_accounts_passwords_pam_faillock_unlock_time" selector="900"/>
    <refine-value idref="xccdf_org.ssgproject.content_value_var_accounts_passwords_pam_faillock_deny" selector="4"/>
    <refine-value idref="xccdf_org.ssgproject.content_value_var_pam_wheel_group_for_su" selector="cis"/>
    <refine-value idref="xccdf_org.ssgproject.content_value_var_sudo_timestamp_timeout" selector="15_minutes"/>
    <refine-value idref="xccdf_org.ssgproject.content_value_var_sshd_set_maxstartups" selector="10:30:60"/>
    <refine-value idref="xccdf_org.ssgproject.content_value_var_sshd_max_sessions" selector="10"/>
    <refine-value idref="xccdf_org.ssgproject.content_value_sshd_max_auth_tries_value" selector="4"/>
    <refine-value idref="xccdf_org.ssgproject.content_value_sshd_strong_macs" selector="cis_ubuntu2404"/>
    <refine-value idref="xccdf_org.ssgproject.content_value_var_sshd_set_login_grace_time" selector="60"/>
    <refine-value idref="xccdf_org.ssgproject.content_value_sshd_strong_kex" selector="cis_ubuntu2404"/>
    <refine-value idref="xccdf_org.ssgproject.content_value_sshd_idle_timeout_value" selector="5_minutes"/>
    <refine-value idref="xccdf_org.ssgproject.content_value_var_sshd_set_keepalive" selector="3"/>
    <refine-value idref="xccdf_org.ssgproject.content_value_var_nftables_base_chain_names" selector="chain_names"/>
    <refine-value idref="xccdf_org.ssgproject.content_value_var_nftables_base_chain_types" selector="chain_types"/>
    <refine-value idref="xccdf_org.ssgproject.content_value_var_nftables_base_chain_hooks" selector="chain_hooks"/>
    <refine-value idref="xccdf_org.ssgproject.content_value_var_nftables_base_chain_priorities" selector="chain_priorities"/>
    <refine-value idref="xccdf_org.ssgproject.content_value_var_nftables_base_chain_policies" selector="chain_policies"/>
    <refine-value idref="xccdf_org.ssgproject.content_value_var_nftables_family" selector="inet"/>
    <refine-value idref="xccdf_org.ssgproject.content_value_var_nftables_table" selector="filter"/>
    <refine-value idref="xccdf_org.ssgproject.content_value_var_network_filtering_service" selector="nftables"/>
    <refine-value idref="xccdf_org.ssgproject.content_value_var_multiple_time_pools" selector="ubuntu"/>
    <refine-value idref="xccdf_org.ssgproject.content_value_var_multiple_time_servers" selector="ubuntu"/>
    <refine-value idref="xccdf_org.ssgproject.content_value_var_timesync_service" selector="systemd-timesyncd"/>
    <refine-value idref="xccdf_org.ssgproject.content_value_var_postfix_inet_interfaces" selector="loopback-only"/>
    <refine-value idref="xccdf_org.ssgproject.content_value_inactivity_timeout_value" selector="15_minutes"/>
    <refine-value idref="xccdf_org.ssgproject.content_value_var_screensaver_lock_delay" selector="5_seconds"/>
    <refine-value idref="xccdf_org.ssgproject.content_value_login_banner_text" selector="cis_default"/>
    <refine-value idref="xccdf_org.ssgproject.content_value_cis_banner_text" selector="cis"/>
    <refine-value idref="xccdf_org.ssgproject.content_value_sysctl_kernel_yama_ptrace_scope_value" selector="1"/>
    <refine-value idref="xccdf_org.ssgproject.content_value_var_apparmor_mode" selector="enforce"/>
  </Profile>
  <Profile id="xccdf_org.ssgproject.content_profile_cis_level2_server">
    <version>draft</version>
    <title xmlns:xhtml="http://www.w3.org/1999/xhtml" xml:lang="en-US" override="true">DRAFT - CIS Ubuntu Linux 24.04 LTS Benchmark for Level 2 - Server</title>
    <description xmlns:xhtml="http://www.w3.org/1999/xhtml" xml:lang="en-US" override="true">This profile defines a baseline that aligns to the "Level 2 - Server"
configuration from the Center for Internet Security® 
Ubuntu Linux 24.04 LTS Benchmark™, v1.0.0, released 2024-08-26.

This profile includes Center for Internet Security®
Ubuntu Linux 24.04 LTS Benchmark™ content.</description>
    <reference>https://www.cisecurity.org/benchmark/ubuntu_linux</reference>
    <select idref="xccdf_org.ssgproject.content_rule_account_disable_post_pw_expiration" selected="true"/>
    <select idref="xccdf_org.ssgproject.content_rule_account_unique_id" selected="true"/>
    <select idref="xccdf_org.ssgproject.content_rule_account_unique_name" selected="true"/>
    <select idref="xccdf_org.ssgproject.content_rule_accounts_maximum_age_login_defs" selected="true"/>
    <select idref="xccdf_org.ssgproject.content_rule_accounts_minimum_age_login_defs" selected="true"/>
    <select idref="xccdf_org.ssgproject.content_rule_accounts_no_uid_except_zero" selected="true"/>
    <select idref="xccdf_org.ssgproject.content_rule_accounts_password_all_shadowed" selected="true"/>
    <select idref="xccdf_org.ssgproject.content_rule_accounts_password_last_change_is_in_past" selected="true"/>
    <select idref="xccdf_org.ssgproject.content_rule_accounts_password_pam_dcredit" selected="true"/>
    <select idref="xccdf_org.ssgproject.content_rule_accounts_password_pam_dictcheck" selected="true"/>
    <select idref="xccdf_org.ssgproject.content_rule_accounts_password_pam_difok" selected="true"/>
    <select idref="xccdf_org.ssgproject.content_rule_accounts_password_pam_enforce_root" selected="true"/>
    <select idref="xccdf_org.ssgproject.content_rule_accounts_password_pam_enforcing" selected="true"/>
    <select idref="xccdf_org.ssgproject.content_rule_accounts_password_pam_lcredit" selected="true"/>
    <select idref="xccdf_org.ssgproject.content_rule_accounts_password_pam_maxrepeat" selected="true"/>
    <select idref="xccdf_org.ssgproject.content_rule_accounts_password_pam_maxsequence" selected="true"/>
    <select idref="xccdf_org.ssgproject.content_rule_accounts_password_pam_minclass" selected="true"/>
    <select idref="xccdf_org.ssgproject.content_rule_accounts_password_pam_minlen" selected="true"/>
    <select idref="xccdf_org.ssgproject.content_rule_accounts_password_pam_ocredit" selected="true"/>
    <select idref="xccdf_org.ssgproject.content_rule_accounts_password_pam_pwhistory_enabled" selected="true"/>
    <select idref="xccdf_org.ssgproject.content_rule_accounts_password_pam_pwhistory_enforce_root" selected="true"/>
    <select idref="xccdf_org.ssgproject.content_rule_accounts_password_pam_pwhistory_remember" selected="true"/>
    <select idref="xccdf_org.ssgproject.content_rule_accounts_password_pam_pwhistory_use_authtok" selected="true"/>
    <select idref="xccdf_org.ssgproject.content_rule_accounts_password_pam_pwquality_enabled" selected="true"/>
    <select idref="xccdf_org.ssgproject.content_rule_accounts_password_pam_ucredit" selected="true"/>
    <select idref="xccdf_org.ssgproject.content_rule_accounts_password_pam_unix_authtok" selected="true"/>
    <select idref="xccdf_org.ssgproject.content_rule_accounts_password_pam_unix_enabled" selected="true"/>
    <select idref="xccdf_org.ssgproject.content_rule_accounts_password_pam_unix_no_remember" selected="true"/>
    <select idref="xccdf_org.ssgproject.content_rule_accounts_password_set_max_life_existing" selected="true"/>
    <select idref="xccdf_org.ssgproject.content_rule_accounts_password_set_min_life_existing" selected="true"/>
    <select idref="xccdf_org.ssgproject.content_rule_accounts_password_warn_age_login_defs" selected="true"/>
    <select idref="xccdf_org.ssgproject.content_rule_accounts_passwords_pam_faillock_deny" selected="true"/>
    <select idref="xccdf_org.ssgproject.content_rule_accounts_passwords_pam_faillock_enabled" selected="true"/>
    <select idref="xccdf_org.ssgproject.content_rule_accounts_passwords_pam_faillock_root_unlock_time" selected="true"/>
    <select idref="xccdf_org.ssgproject.content_rule_accounts_passwords_pam_faillock_unlock_time" selected="true"/>
    <select idref="xccdf_org.ssgproject.content_rule_accounts_root_gid_zero" selected="true"/>
    <select idref="xccdf_org.ssgproject.content_rule_accounts_root_path_dirs_no_write" selected="true"/>
    <select idref="xccdf_org.ssgproject.content_rule_accounts_tmout" selected="true"/>
    <select idref="xccdf_org.ssgproject.content_rule_accounts_umask_etc_bashrc" selected="true"/>
    <select idref="xccdf_org.ssgproject.content_rule_accounts_umask_etc_login_defs" selected="true"/>
    <select idref="xccdf_org.ssgproject.content_rule_accounts_umask_etc_profile" selected="true"/>
    <select idref="xccdf_org.ssgproject.content_rule_accounts_umask_root" selected="true"/>
    <select idref="xccdf_org.ssgproject.content_rule_accounts_user_dot_group_ownership" selected="true"/>
    <select idref="xccdf_org.ssgproject.content_rule_accounts_user_dot_user_ownership" selected="true"/>
    <select idref="xccdf_org.ssgproject.content_rule_accounts_user_interactive_home_directory_exists" selected="true"/>
    <select idref="xccdf_org.ssgproject.content_rule_aide_build_database" selected="true"/>
    <select idref="xccdf_org.ssgproject.content_rule_aide_check_audit_tools" selected="true"/>
    <select idref="xccdf_org.ssgproject.content_rule_aide_periodic_checking_systemd_timer" selected="true"/>
    <select idref="xccdf_org.ssgproject.content_rule_all_apparmor_profiles_enforced" selected="true"/>
    <select idref="xccdf_org.ssgproject.content_rule_all_apparmor_profiles_in_enforce_complain_mode" selected="true"/>
    <select idref="xccdf_org.ssgproject.content_rule_audit_rules_dac_modification_chmod" selected="true"/>
    <select idref="xccdf_org.ssgproject.content_rule_audit_rules_dac_modification_chown" selected="true"/>
    <select idref="xccdf_org.ssgproject.content_rule_audit_rules_dac_modification_fchmod" selected="true"/>
    <select idref="xccdf_org.ssgproject.content_rule_audit_rules_dac_modification_fchmodat" selected="true"/>
    <select idref="xccdf_org.ssgproject.content_rule_audit_rules_dac_modification_fchown" selected="true"/>
    <select idref="xccdf_org.ssgproject.content_rule_audit_rules_dac_modification_fchownat" selected="true"/>
    <select idref="xccdf_org.ssgproject.content_rule_audit_rules_dac_modification_fremovexattr" selected="true"/>
    <select idref="xccdf_org.ssgproject.content_rule_audit_rules_dac_modification_fsetxattr" selected="true"/>
    <select idref="xccdf_org.ssgproject.content_rule_audit_rules_dac_modification_lchown" selected="true"/>
    <select idref="xccdf_org.ssgproject.content_rule_audit_rules_dac_modification_lremovexattr" selected="true"/>
    <select idref="xccdf_org.ssgproject.content_rule_audit_rules_dac_modification_lsetxattr" selected="true"/>
    <select idref="xccdf_org.ssgproject.content_rule_audit_rules_dac_modification_removexattr" selected="true"/>
    <select idref="xccdf_org.ssgproject.content_rule_audit_rules_dac_modification_setxattr" selected="true"/>
    <select idref="xccdf_org.ssgproject.content_rule_audit_rules_execution_chacl" selected="true"/>
    <select idref="xccdf_org.ssgproject.content_rule_audit_rules_execution_chcon" selected="true"/>
    <select idref="xccdf_org.ssgproject.content_rule_audit_rules_execution_setfacl" selected="true"/>
    <select idref="xccdf_org.ssgproject.content_rule_audit_rules_file_deletion_events_rename" selected="true"/>
    <select idref="xccdf_org.ssgproject.content_rule_audit_rules_file_deletion_events_renameat" selected="true"/>
    <select idref="xccdf_org.ssgproject.content_rule_audit_rules_file_deletion_events_unlink" selected="true"/>
    <select idref="xccdf_org.ssgproject.content_rule_audit_rules_file_deletion_events_unlinkat" selected="true"/>
    <select idref="xccdf_org.ssgproject.content_rule_audit_rules_immutable" selected="true"/>
    <select idref="xccdf_org.ssgproject.content_rule_audit_rules_kernel_module_loading_delete" selected="true"/>
    <select idref="xccdf_org.ssgproject.content_rule_audit_rules_kernel_module_loading_init" selected="true"/>
    <select idref="xccdf_org.ssgproject.content_rule_audit_rules_login_events_faillock" selected="true"/>
    <select idref="xccdf_org.ssgproject.content_rule_audit_rules_login_events_lastlog" selected="true"/>
    <select idref="xccdf_org.ssgproject.content_rule_audit_rules_mac_modification_etc_apparmor" selected="true"/>
    <select idref="xccdf_org.ssgproject.content_rule_audit_rules_mac_modification_etc_apparmor_d" selected="true"/>
    <select idref="xccdf_org.ssgproject.content_rule_audit_rules_media_export" selected="true"/>
    <select idref="xccdf_org.ssgproject.content_rule_audit_rules_networkconfig_modification" selected="true"/>
    <select idref="xccdf_org.ssgproject.content_rule_audit_rules_privileged_commands" selected="true"/>
    <select idref="xccdf_org.ssgproject.content_rule_audit_rules_privileged_commands_insmod" selected="true"/>
    <select idref="xccdf_org.ssgproject.content_rule_audit_rules_privileged_commands_modprobe" selected="true"/>
    <select idref="xccdf_org.ssgproject.content_rule_audit_rules_privileged_commands_rmmod" selected="true"/>
    <select idref="xccdf_org.ssgproject.content_rule_audit_rules_privileged_commands_usermod" selected="true"/>
    <select idref="xccdf_org.ssgproject.content_rule_audit_rules_session_events" selected="true"/>
    <select idref="xccdf_org.ssgproject.content_rule_audit_rules_suid_privilege_function" selected="true"/>
    <select idref="xccdf_org.ssgproject.content_rule_audit_rules_sysadmin_actions" selected="true"/>
    <select idref="xccdf_org.ssgproject.content_rule_audit_rules_time_adjtimex" selected="true"/>
    <select idref="xccdf_org.ssgproject.content_rule_audit_rules_time_clock_settime" selected="true"/>
    <select idref="xccdf_org.ssgproject.content_rule_audit_rules_time_settimeofday" selected="true"/>
    <select idref="xccdf_org.ssgproject.content_rule_audit_rules_time_watch_localtime" selected="true"/>
    <select idref="xccdf_org.ssgproject.content_rule_audit_rules_unsuccessful_file_modification_creat" selected="true"/>
    <select idref="xccdf_org.ssgproject.content_rule_audit_rules_unsuccessful_file_modification_ftruncate" selected="true"/>
    <select idref="xccdf_org.ssgproject.content_rule_audit_rules_unsuccessful_file_modification_open" selected="true"/>
    <select idref="xccdf_org.ssgproject.content_rule_audit_rules_unsuccessful_file_modification_openat" selected="true"/>
    <select idref="xccdf_org.ssgproject.content_rule_audit_rules_unsuccessful_file_modification_truncate" selected="true"/>
    <select idref="xccdf_org.ssgproject.content_rule_audit_rules_usergroup_modification_group" selected="true"/>
    <select idref="xccdf_org.ssgproject.content_rule_audit_rules_usergroup_modification_gshadow" selected="true"/>
    <select idref="xccdf_org.ssgproject.content_rule_audit_rules_usergroup_modification_nsswitch_conf" selected="true"/>
    <select idref="xccdf_org.ssgproject.content_rule_audit_rules_usergroup_modification_opasswd" selected="true"/>
    <select idref="xccdf_org.ssgproject.content_rule_audit_rules_usergroup_modification_pam_conf" selected="true"/>
    <select idref="xccdf_org.ssgproject.content_rule_audit_rules_usergroup_modification_pamd" selected="true"/>
    <select idref="xccdf_org.ssgproject.content_rule_audit_rules_usergroup_modification_passwd" selected="true"/>
    <select idref="xccdf_org.ssgproject.content_rule_audit_rules_usergroup_modification_shadow" selected="true"/>
    <select idref="xccdf_org.ssgproject.content_rule_audit_sudo_log_events" selected="true"/>
    <select idref="xccdf_org.ssgproject.content_rule_auditd_data_disk_error_action" selected="true"/>
    <select idref="xccdf_org.ssgproject.content_rule_auditd_data_disk_full_action" selected="true"/>
    <select idref="xccdf_org.ssgproject.content_rule_auditd_data_retention_action_mail_acct" selected="true"/>
    <select idref="xccdf_org.ssgproject.content_rule_auditd_data_retention_admin_space_left_action" selected="true"/>
    <select idref="xccdf_org.ssgproject.content_rule_auditd_data_retention_max_log_file" selected="true"/>
    <select idref="xccdf_org.ssgproject.content_rule_auditd_data_retention_max_log_file_action" selected="true"/>
    <select idref="xccdf_org.ssgproject.content_rule_auditd_data_retention_space_left_action" selected="true"/>
    <select idref="xccdf_org.ssgproject.content_rule_banner_etc_issue_cis" selected="true"/>
    <select idref="xccdf_org.ssgproject.content_rule_banner_etc_issue_net_cis" selected="true"/>
    <select idref="xccdf_org.ssgproject.content_rule_banner_etc_motd_cis" selected="true"/>
    <select idref="xccdf_org.ssgproject.content_rule_check_ufw_active" selected="true"/>
    <select idref="xccdf_org.ssgproject.content_rule_chronyd_configure_pool_and_server" selected="true"/>
    <select idref="xccdf_org.ssgproject.content_rule_chronyd_run_as_chrony_user" selected="true"/>
    <select idref="xccdf_org.ssgproject.content_rule_dconf_gnome_banner_enabled" selected="true"/>
    <select idref="xccdf_org.ssgproject.content_rule_dconf_gnome_disable_automount" selected="true"/>
    <select idref="xccdf_org.ssgproject.content_rule_dconf_gnome_disable_automount_open" selected="true"/>
    <select idref="xccdf_org.ssgproject.content_rule_dconf_gnome_disable_autorun" selected="true"/>
    <select idref="xccdf_org.ssgproject.content_rule_dconf_gnome_disable_user_list" selected="true"/>
    <select idref="xccdf_org.ssgproject.content_rule_dconf_gnome_login_banner_text" selected="true"/>
    <select idref="xccdf_org.ssgproject.content_rule_dconf_gnome_screensaver_idle_delay" selected="true"/>
    <select idref="xccdf_org.ssgproject.content_rule_dconf_gnome_screensaver_lock_delay" selected="true"/>
    <select idref="xccdf_org.ssgproject.content_rule_dconf_gnome_screensaver_lock_enabled" selected="true"/>
    <select idref="xccdf_org.ssgproject.content_rule_directory_permissions_var_log_audit" selected="true"/>
    <select idref="xccdf_org.ssgproject.content_rule_disable_host_auth" selected="true"/>
    <select idref="xccdf_org.ssgproject.content_rule_disable_users_coredumps" selected="true"/>
    <select idref="xccdf_org.ssgproject.content_rule_ensure_pam_wheel_group_empty" selected="true"/>
    <select idref="xccdf_org.ssgproject.content_rule_ensure_root_access_controlled" selected="true"/>
    <select idref="xccdf_org.ssgproject.content_rule_ensure_shadow_group_empty" selected="true"/>
    <select idref="xccdf_org.ssgproject.content_rule_file_at_allow_exists" selected="true"/>
    <select idref="xccdf_org.ssgproject.content_rule_file_cron_allow_exists" selected="true"/>
    <select idref="xccdf_org.ssgproject.content_rule_file_cron_deny_not_exist" selected="true"/>
    <select idref="xccdf_org.ssgproject.content_rule_file_group_ownership_var_log_audit" selected="true"/>
    <select idref="xccdf_org.ssgproject.content_rule_file_groupowner_at_allow" selected="true"/>
    <select idref="xccdf_org.ssgproject.content_rule_file_groupowner_at_deny" selected="true"/>
    <select idref="xccdf_org.ssgproject.content_rule_file_groupowner_backup_etc_group" selected="true"/>
    <select idref="xccdf_org.ssgproject.content_rule_file_groupowner_backup_etc_gshadow" selected="true"/>
    <select idref="xccdf_org.ssgproject.content_rule_file_groupowner_backup_etc_passwd" selected="true"/>
    <select idref="xccdf_org.ssgproject.content_rule_file_groupowner_backup_etc_shadow" selected="true"/>
    <select idref="xccdf_org.ssgproject.content_rule_file_groupowner_cron_allow" selected="true"/>
    <select idref="xccdf_org.ssgproject.content_rule_file_groupowner_cron_d" selected="true"/>
    <select idref="xccdf_org.ssgproject.content_rule_file_groupowner_cron_daily" selected="true"/>
    <select idref="xccdf_org.ssgproject.content_rule_file_groupowner_cron_hourly" selected="true"/>
    <select idref="xccdf_org.ssgproject.content_rule_file_groupowner_cron_monthly" selected="true"/>
    <select idref="xccdf_org.ssgproject.content_rule_file_groupowner_cron_weekly" selected="true"/>
    <select idref="xccdf_org.ssgproject.content_rule_file_groupowner_crontab" selected="true"/>
    <select idref="xccdf_org.ssgproject.content_rule_file_groupowner_etc_group" selected="true"/>
    <select idref="xccdf_org.ssgproject.content_rule_file_groupowner_etc_gshadow" selected="true"/>
    <select idref="xccdf_org.ssgproject.content_rule_file_groupowner_etc_issue" selected="true"/>
    <select idref="xccdf_org.ssgproject.content_rule_file_groupowner_etc_issue_net" selected="true"/>
    <select idref="xccdf_org.ssgproject.content_rule_file_groupowner_etc_motd" selected="true"/>
    <select idref="xccdf_org.ssgproject.content_rule_file_groupowner_etc_passwd" selected="true"/>
    <select idref="xccdf_org.ssgproject.content_rule_file_groupowner_etc_security_opasswd" selected="true"/>
    <select idref="xccdf_org.ssgproject.content_rule_file_groupowner_etc_security_opasswd_old" selected="true"/>
    <select idref="xccdf_org.ssgproject.content_rule_file_groupowner_etc_shadow" selected="true"/>
    <select idref="xccdf_org.ssgproject.content_rule_file_groupowner_etc_shells" selected="true"/>
    <select idref="xccdf_org.ssgproject.content_rule_file_groupowner_sshd_config" selected="true"/>
    <select idref="xccdf_org.ssgproject.content_rule_file_groupownership_audit_binaries" selected="true"/>
    <select idref="xccdf_org.ssgproject.content_rule_file_groupownership_audit_configuration" selected="true"/>
    <select idref="xccdf_org.ssgproject.content_rule_file_groupownership_home_directories" selected="true"/>
    <select idref="xccdf_org.ssgproject.content_rule_file_owner_at_allow" selected="true"/>
    <select idref="xccdf_org.ssgproject.content_rule_file_owner_at_deny" selected="true"/>
    <select idref="xccdf_org.ssgproject.content_rule_file_owner_backup_etc_group" selected="true"/>
    <select idref="xccdf_org.ssgproject.content_rule_file_owner_backup_etc_gshadow" selected="true"/>
    <select idref="xccdf_org.ssgproject.content_rule_file_owner_backup_etc_passwd" selected="true"/>
    <select idref="xccdf_org.ssgproject.content_rule_file_owner_backup_etc_shadow" selected="true"/>
    <select idref="xccdf_org.ssgproject.content_rule_file_owner_cron_allow" selected="true"/>
    <select idref="xccdf_org.ssgproject.content_rule_file_owner_cron_d" selected="true"/>
    <select idref="xccdf_org.ssgproject.content_rule_file_owner_cron_daily" selected="true"/>
    <select idref="xccdf_org.ssgproject.content_rule_file_owner_cron_hourly" selected="true"/>
    <select idref="xccdf_org.ssgproject.content_rule_file_owner_cron_monthly" selected="true"/>
    <select idref="xccdf_org.ssgproject.content_rule_file_owner_cron_weekly" selected="true"/>
    <select idref="xccdf_org.ssgproject.content_rule_file_owner_crontab" selected="true"/>
    <select idref="xccdf_org.ssgproject.content_rule_file_owner_etc_group" selected="true"/>
    <select idref="xccdf_org.ssgproject.content_rule_file_owner_etc_gshadow" selected="true"/>
    <select idref="xccdf_org.ssgproject.content_rule_file_owner_etc_issue" selected="true"/>
    <select idref="xccdf_org.ssgproject.content_rule_file_owner_etc_issue_net" selected="true"/>
    <select idref="xccdf_org.ssgproject.content_rule_file_owner_etc_motd" selected="true"/>
    <select idref="xccdf_org.ssgproject.content_rule_file_owner_etc_passwd" selected="true"/>
    <select idref="xccdf_org.ssgproject.content_rule_file_owner_etc_security_opasswd" selected="true"/>
    <select idref="xccdf_org.ssgproject.content_rule_file_owner_etc_security_opasswd_old" selected="true"/>
    <select idref="xccdf_org.ssgproject.content_rule_file_owner_etc_shadow" selected="true"/>
    <select idref="xccdf_org.ssgproject.content_rule_file_owner_etc_shells" selected="true"/>
    <select idref="xccdf_org.ssgproject.content_rule_file_owner_grub2_cfg" selected="true"/>
    <select idref="xccdf_org.ssgproject.content_rule_file_owner_sshd_config" selected="true"/>
    <select idref="xccdf_org.ssgproject.content_rule_file_ownership_audit_binaries" selected="true"/>
    <select idref="xccdf_org.ssgproject.content_rule_file_ownership_audit_configuration" selected="true"/>
    <select idref="xccdf_org.ssgproject.content_rule_file_ownership_home_directories" selected="true"/>
    <select idref="xccdf_org.ssgproject.content_rule_file_ownership_var_log_audit_stig" selected="true"/>
    <select idref="xccdf_org.ssgproject.content_rule_file_permission_user_bash_history" selected="true"/>
    <select idref="xccdf_org.ssgproject.content_rule_file_permission_user_init_files" selected="true"/>
    <select idref="xccdf_org.ssgproject.content_rule_file_permissions_at_allow" selected="true"/>
    <select idref="xccdf_org.ssgproject.content_rule_file_permissions_at_deny" selected="true"/>
    <select idref="xccdf_org.ssgproject.content_rule_file_permissions_audit_binaries" selected="true"/>
    <select idref="xccdf_org.ssgproject.content_rule_file_permissions_backup_etc_group" selected="true"/>
    <select idref="xccdf_org.ssgproject.content_rule_file_permissions_backup_etc_gshadow" selected="true"/>
    <select idref="xccdf_org.ssgproject.content_rule_file_permissions_backup_etc_passwd" selected="true"/>
    <select idref="xccdf_org.ssgproject.content_rule_file_permissions_backup_etc_shadow" selected="true"/>
    <select idref="xccdf_org.ssgproject.content_rule_file_permissions_cron_allow" selected="true"/>
    <select idref="xccdf_org.ssgproject.content_rule_file_permissions_cron_d" selected="true"/>
    <select idref="xccdf_org.ssgproject.content_rule_file_permissions_cron_daily" selected="true"/>
    <select idref="xccdf_org.ssgproject.content_rule_file_permissions_cron_hourly" selected="true"/>
    <select idref="xccdf_org.ssgproject.content_rule_file_permissions_cron_monthly" selected="true"/>
    <select idref="xccdf_org.ssgproject.content_rule_file_permissions_cron_weekly" selected="true"/>
    <select idref="xccdf_org.ssgproject.content_rule_file_permissions_crontab" selected="true"/>
    <select idref="xccdf_org.ssgproject.content_rule_file_permissions_etc_audit_auditd" selected="true"/>
    <select idref="xccdf_org.ssgproject.content_rule_file_permissions_etc_audit_rules" selected="true"/>
    <select idref="xccdf_org.ssgproject.content_rule_file_permissions_etc_audit_rulesd" selected="true"/>
    <select idref="xccdf_org.ssgproject.content_rule_file_permissions_etc_group" selected="true"/>
    <select idref="xccdf_org.ssgproject.content_rule_file_permissions_etc_gshadow" selected="true"/>
    <select idref="xccdf_org.ssgproject.content_rule_file_permissions_etc_issue" selected="true"/>
    <select idref="xccdf_org.ssgproject.content_rule_file_permissions_etc_issue_net" selected="true"/>
    <select idref="xccdf_org.ssgproject.content_rule_file_permissions_etc_motd" selected="true"/>
    <select idref="xccdf_org.ssgproject.content_rule_file_permissions_etc_passwd" selected="true"/>
    <select idref="xccdf_org.ssgproject.content_rule_file_permissions_etc_security_opasswd" selected="true"/>
    <select idref="xccdf_org.ssgproject.content_rule_file_permissions_etc_security_opasswd_old" selected="true"/>
    <select idref="xccdf_org.ssgproject.content_rule_file_permissions_etc_shadow" selected="true"/>
    <select idref="xccdf_org.ssgproject.content_rule_file_permissions_etc_shells" selected="true"/>
    <select idref="xccdf_org.ssgproject.content_rule_file_permissions_grub2_cfg" selected="true"/>
    <select idref="xccdf_org.ssgproject.content_rule_file_permissions_home_directories" selected="true"/>
    <select idref="xccdf_org.ssgproject.content_rule_file_permissions_sshd_config" selected="true"/>
    <select idref="xccdf_org.ssgproject.content_rule_file_permissions_sshd_private_key" selected="true"/>
    <select idref="xccdf_org.ssgproject.content_rule_file_permissions_sshd_pub_key" selected="true"/>
    <select idref="xccdf_org.ssgproject.content_rule_file_permissions_unauthorized_world_writable" selected="true"/>
    <select idref="xccdf_org.ssgproject.content_rule_file_permissions_ungroupowned" selected="true"/>
    <select idref="xccdf_org.ssgproject.content_rule_file_permissions_var_log_audit" selected="true"/>
    <select idref="xccdf_org.ssgproject.content_rule_firewall_single_service_active" selected="true"/>
    <select idref="xccdf_org.ssgproject.content_rule_gid_passwd_group_same" selected="true"/>
    <select idref="xccdf_org.ssgproject.content_rule_gnome_gdm_disable_xdmcp" selected="true"/>
    <select idref="xccdf_org.ssgproject.content_rule_group_unique_id" selected="true"/>
    <select idref="xccdf_org.ssgproject.content_rule_group_unique_name" selected="true"/>
    <select idref="xccdf_org.ssgproject.content_rule_groups_no_zero_gid_except_root" selected="true"/>
    <select idref="xccdf_org.ssgproject.content_rule_grub2_audit_argument" selected="true"/>
    <select idref="xccdf_org.ssgproject.content_rule_grub2_audit_backlog_limit_argument" selected="true"/>
    <select idref="xccdf_org.ssgproject.content_rule_grub2_enable_apparmor" selected="true"/>
    <select idref="xccdf_org.ssgproject.content_rule_grub2_password" selected="true"/>
    <select idref="xccdf_org.ssgproject.content_rule_grub2_uefi_password" selected="true"/>
    <select idref="xccdf_org.ssgproject.content_rule_has_nonlocal_mta" selected="true"/>
    <select idref="xccdf_org.ssgproject.content_rule_ip6tables_rules_for_open_ports" selected="true"/>
    <select idref="xccdf_org.ssgproject.content_rule_iptables_rules_for_open_ports" selected="true"/>
    <select idref="xccdf_org.ssgproject.content_rule_journald_compress" selected="true"/>
    <select idref="xccdf_org.ssgproject.content_rule_journald_disable_forward_to_syslog" selected="true"/>
    <select idref="xccdf_org.ssgproject.content_rule_journald_forward_to_syslog" selected="true"/>
    <select idref="xccdf_org.ssgproject.content_rule_journald_storage" selected="true"/>
    <select idref="xccdf_org.ssgproject.content_rule_kernel_module_cramfs_disabled" selected="true"/>
    <select idref="xccdf_org.ssgproject.content_rule_kernel_module_dccp_disabled" selected="true"/>
    <select idref="xccdf_org.ssgproject.content_rule_kernel_module_freevxfs_disabled" selected="true"/>
    <select idref="xccdf_org.ssgproject.content_rule_kernel_module_hfs_disabled" selected="true"/>
    <select idref="xccdf_org.ssgproject.content_rule_kernel_module_hfsplus_disabled" selected="true"/>
    <select idref="xccdf_org.ssgproject.content_rule_kernel_module_jffs2_disabled" selected="true"/>
    <select idref="xccdf_org.ssgproject.content_rule_kernel_module_overlayfs_disabled" selected="true"/>
    <select idref="xccdf_org.ssgproject.content_rule_kernel_module_rds_disabled" selected="true"/>
    <select idref="xccdf_org.ssgproject.content_rule_kernel_module_sctp_disabled" selected="true"/>
    <select idref="xccdf_org.ssgproject.content_rule_kernel_module_tipc_disabled" selected="true"/>
    <select idref="xccdf_org.ssgproject.content_rule_kernel_module_udf_disabled" selected="true"/>
    <select idref="xccdf_org.ssgproject.content_rule_kernel_module_usb-storage_disabled" selected="true"/>
    <select idref="xccdf_org.ssgproject.content_rule_logging_services_active" selected="true"/>
    <select idref="xccdf_org.ssgproject.content_rule_mount_option_dev_shm_nodev" selected="true"/>
    <select idref="xccdf_org.ssgproject.content_rule_mount_option_dev_shm_noexec" selected="true"/>
    <select idref="xccdf_org.ssgproject.content_rule_mount_option_dev_shm_nosuid" selected="true"/>
    <select idref="xccdf_org.ssgproject.content_rule_mount_option_home_nodev" selected="true"/>
    <select idref="xccdf_org.ssgproject.content_rule_mount_option_home_nosuid" selected="true"/>
    <select idref="xccdf_org.ssgproject.content_rule_mount_option_tmp_nodev" selected="true"/>
    <select idref="xccdf_org.ssgproject.content_rule_mount_option_tmp_noexec" selected="true"/>
    <select idref="xccdf_org.ssgproject.content_rule_mount_option_tmp_nosuid" selected="true"/>
    <select idref="xccdf_org.ssgproject.content_rule_mount_option_var_log_audit_nodev" selected="true"/>
    <select idref="xccdf_org.ssgproject.content_rule_mount_option_var_log_audit_noexec" selected="true"/>
    <select idref="xccdf_org.ssgproject.content_rule_mount_option_var_log_audit_nosuid" selected="true"/>
    <select idref="xccdf_org.ssgproject.content_rule_mount_option_var_log_nodev" selected="true"/>
    <select idref="xccdf_org.ssgproject.content_rule_mount_option_var_log_noexec" selected="true"/>
    <select idref="xccdf_org.ssgproject.content_rule_mount_option_var_log_nosuid" selected="true"/>
    <select idref="xccdf_org.ssgproject.content_rule_mount_option_var_nodev" selected="true"/>
    <select idref="xccdf_org.ssgproject.content_rule_mount_option_var_nosuid" selected="true"/>
    <select idref="xccdf_org.ssgproject.content_rule_mount_option_var_tmp_nodev" selected="true"/>
    <select idref="xccdf_org.ssgproject.content_rule_mount_option_var_tmp_noexec" selected="true"/>
    <select idref="xccdf_org.ssgproject.content_rule_mount_option_var_tmp_nosuid" selected="true"/>
    <select idref="xccdf_org.ssgproject.content_rule_nftables_ensure_default_deny_policy" selected="true"/>
    <select idref="xccdf_org.ssgproject.content_rule_no_dirs_unowned_by_root" selected="true"/>
    <select idref="xccdf_org.ssgproject.content_rule_no_empty_passwords_etc_shadow" selected="true"/>
    <select idref="xccdf_org.ssgproject.content_rule_no_empty_passwords_unix" selected="true"/>
    <select idref="xccdf_org.ssgproject.content_rule_no_files_unowned_by_user" selected="true"/>
    <select idref="xccdf_org.ssgproject.content_rule_no_forward_files" selected="true"/>
    <select idref="xccdf_org.ssgproject.content_rule_no_invalid_shell_accounts_unlocked" selected="true"/>
    <select idref="xccdf_org.ssgproject.content_rule_no_netrc_files" selected="true"/>
    <select idref="xccdf_org.ssgproject.content_rule_no_nologin_in_shells" selected="true"/>
    <select idref="xccdf_org.ssgproject.content_rule_no_rsh_trust_files" selected="true"/>
    <select idref="xccdf_org.ssgproject.content_rule_no_shelllogin_for_systemaccounts" selected="true"/>
    <select idref="xccdf_org.ssgproject.content_rule_ntp_single_service_active" selected="true"/>
    <select idref="xccdf_org.ssgproject.content_rule_package_aide_installed" selected="true"/>
    <select idref="xccdf_org.ssgproject.content_rule_package_apparmor-utils_installed" selected="true"/>
    <select idref="xccdf_org.ssgproject.content_rule_package_apparmor_installed" selected="true"/>
    <select idref="xccdf_org.ssgproject.content_rule_package_audit-audispd-plugins_installed" selected="true"/>
    <select idref="xccdf_org.ssgproject.content_rule_package_audit_installed" selected="true"/>
    <select idref="xccdf_org.ssgproject.content_rule_package_autofs_removed" selected="true"/>
    <select idref="xccdf_org.ssgproject.content_rule_package_avahi_removed" selected="true"/>
    <select idref="xccdf_org.ssgproject.content_rule_package_bind_removed" selected="true"/>
    <select idref="xccdf_org.ssgproject.content_rule_package_chrony_installed" selected="true"/>
    <select idref="xccdf_org.ssgproject.content_rule_package_cron_installed" selected="true"/>
    <select idref="xccdf_org.ssgproject.content_rule_package_cups_removed" selected="true"/>
    <select idref="xccdf_org.ssgproject.content_rule_package_dhcp_removed" selected="true"/>
    <select idref="xccdf_org.ssgproject.content_rule_package_dnsmasq_removed" selected="true"/>
    <select idref="xccdf_org.ssgproject.content_rule_package_dovecot_removed" selected="true"/>
    <select idref="xccdf_org.ssgproject.content_rule_package_ftp_removed" selected="true"/>
    <select idref="xccdf_org.ssgproject.content_rule_package_gdm_removed" selected="true"/>
    <select idref="xccdf_org.ssgproject.content_rule_package_httpd_removed" selected="true"/>
    <select idref="xccdf_org.ssgproject.content_rule_package_iptables-persistent_installed" selected="true"/>
    <select idref="xccdf_org.ssgproject.content_rule_package_iptables-persistent_removed" selected="true"/>
    <select idref="xccdf_org.ssgproject.content_rule_package_iptables_installed" selected="true"/>
    <select idref="xccdf_org.ssgproject.content_rule_package_net-snmp_removed" selected="true"/>
    <select idref="xccdf_org.ssgproject.content_rule_package_nfs-kernel-server_removed" selected="true"/>
    <select idref="xccdf_org.ssgproject.content_rule_package_nftables_installed" selected="true"/>
    <select idref="xccdf_org.ssgproject.content_rule_package_nginx_removed" selected="true"/>
    <select idref="xccdf_org.ssgproject.content_rule_package_nis_removed" selected="true"/>
    <select idref="xccdf_org.ssgproject.content_rule_package_openldap-clients_removed" selected="true"/>
    <select idref="xccdf_org.ssgproject.content_rule_package_openldap-servers_removed" selected="true"/>
    <select idref="xccdf_org.ssgproject.content_rule_package_pam_modules_installed" selected="true"/>
    <select idref="xccdf_org.ssgproject.content_rule_package_pam_pwquality_installed" selected="true"/>
    <select idref="xccdf_org.ssgproject.content_rule_package_pam_runtime_installed" selected="true"/>
    <select idref="xccdf_org.ssgproject.content_rule_package_prelink_removed" selected="true"/>
    <select idref="xccdf_org.ssgproject.content_rule_package_rpcbind_removed" selected="true"/>
    <select idref="xccdf_org.ssgproject.content_rule_package_rsh_removed" selected="true"/>
    <select idref="xccdf_org.ssgproject.content_rule_package_rsync_removed" selected="true"/>
    <select idref="xccdf_org.ssgproject.content_rule_package_rsyslog_installed" selected="true"/>
    <select idref="xccdf_org.ssgproject.content_rule_package_samba_removed" selected="true"/>
    <select idref="xccdf_org.ssgproject.content_rule_package_squid_removed" selected="true"/>
    <select idref="xccdf_org.ssgproject.content_rule_package_sudo_installed" selected="true"/>
    <select idref="xccdf_org.ssgproject.content_rule_package_systemd-journal-remote_installed" selected="true"/>
    <select idref="xccdf_org.ssgproject.content_rule_package_talk_removed" selected="true"/>
    <select idref="xccdf_org.ssgproject.content_rule_package_telnet_removed" selected="true"/>
    <select idref="xccdf_org.ssgproject.content_rule_package_tftp-server_removed" selected="true"/>
    <select idref="xccdf_org.ssgproject.content_rule_package_timesyncd_installed" selected="true"/>
    <select idref="xccdf_org.ssgproject.content_rule_package_tnftp_removed" selected="true"/>
    <select idref="xccdf_org.ssgproject.content_rule_package_ufw_installed" selected="true"/>
    <select idref="xccdf_org.ssgproject.content_rule_package_ufw_removed" selected="true"/>
    <select idref="xccdf_org.ssgproject.content_rule_package_vsftpd_removed" selected="true"/>
    <select idref="xccdf_org.ssgproject.content_rule_package_xinetd_removed" selected="true"/>
    <select idref="xccdf_org.ssgproject.content_rule_package_xorg-x11-server-common_removed" selected="true"/>
    <select idref="xccdf_org.ssgproject.content_rule_package_ypserv_removed" selected="true"/>
    <select idref="xccdf_org.ssgproject.content_rule_partition_for_dev_shm" selected="true"/>
    <select idref="xccdf_org.ssgproject.content_rule_partition_for_home" selected="true"/>
    <select idref="xccdf_org.ssgproject.content_rule_partition_for_tmp" selected="true"/>
    <select idref="xccdf_org.ssgproject.content_rule_partition_for_var" selected="true"/>
    <select idref="xccdf_org.ssgproject.content_rule_partition_for_var_log" selected="true"/>
    <select idref="xccdf_org.ssgproject.content_rule_partition_for_var_log_audit" selected="true"/>
    <select idref="xccdf_org.ssgproject.content_rule_partition_for_var_tmp" selected="true"/>
    <select idref="xccdf_org.ssgproject.content_rule_postfix_network_listening_disabled" selected="true"/>
    <select idref="xccdf_org.ssgproject.content_rule_root_path_all_dirs" selected="true"/>
    <select idref="xccdf_org.ssgproject.content_rule_root_path_no_dot" selected="true"/>
    <select idref="xccdf_org.ssgproject.content_rule_rsyslog_filecreatemode" selected="true"/>
    <select idref="xccdf_org.ssgproject.content_rule_rsyslog_nolisten" selected="true"/>
    <select idref="xccdf_org.ssgproject.content_rule_service_apport_disabled" selected="true"/>
    <select idref="xccdf_org.ssgproject.content_rule_service_auditd_enabled" selected="true"/>
    <select idref="xccdf_org.ssgproject.content_rule_service_autofs_disabled" selected="true"/>
    <select idref="xccdf_org.ssgproject.content_rule_service_avahi-daemon_disabled" selected="true"/>
    <select idref="xccdf_org.ssgproject.content_rule_service_bluetooth_disabled" selected="true"/>
    <select idref="xccdf_org.ssgproject.content_rule_service_chronyd_disabled" selected="true"/>
    <select idref="xccdf_org.ssgproject.content_rule_service_chronyd_enabled" selected="true"/>
    <select idref="xccdf_org.ssgproject.content_rule_service_cron_enabled" selected="true"/>
    <select idref="xccdf_org.ssgproject.content_rule_service_cups_disabled" selected="true"/>
    <select idref="xccdf_org.ssgproject.content_rule_service_dhcpd6_disabled" selected="true"/>
    <select idref="xccdf_org.ssgproject.content_rule_service_dhcpd_disabled" selected="true"/>
    <select idref="xccdf_org.ssgproject.content_rule_service_dnsmasq_disabled" selected="true"/>
    <select idref="xccdf_org.ssgproject.content_rule_service_dovecot_disabled" selected="true"/>
    <select idref="xccdf_org.ssgproject.content_rule_service_httpd_disabled" selected="true"/>
    <select idref="xccdf_org.ssgproject.content_rule_service_named_disabled" selected="true"/>
    <select idref="xccdf_org.ssgproject.content_rule_service_nfs_disabled" selected="true"/>
    <select idref="xccdf_org.ssgproject.content_rule_service_nftables_disabled" selected="true"/>
    <select idref="xccdf_org.ssgproject.content_rule_service_nftables_enabled" selected="true"/>
    <select idref="xccdf_org.ssgproject.content_rule_service_nginx_disabled" selected="true"/>
    <select idref="xccdf_org.ssgproject.content_rule_service_rpcbind_disabled" selected="true"/>
    <select idref="xccdf_org.ssgproject.content_rule_service_rsyncd_disabled" selected="true"/>
    <select idref="xccdf_org.ssgproject.content_rule_service_rsyslog_enabled" selected="true"/>
    <select idref="xccdf_org.ssgproject.content_rule_service_slapd_disabled" selected="true"/>
    <select idref="xccdf_org.ssgproject.content_rule_service_smb_disabled" selected="true"/>
    <select idref="xccdf_org.ssgproject.content_rule_service_snmpd_disabled" selected="true"/>
    <select idref="xccdf_org.ssgproject.content_rule_service_squid_disabled" selected="true"/>
    <select idref="xccdf_org.ssgproject.content_rule_service_systemd-journal-upload_enabled" selected="true"/>
    <select idref="xccdf_org.ssgproject.content_rule_service_systemd-journald_enabled" selected="true"/>
    <select idref="xccdf_org.ssgproject.content_rule_service_tftp_disabled" selected="true"/>
    <select idref="xccdf_org.ssgproject.content_rule_service_timesyncd_configured" selected="true"/>
    <select idref="xccdf_org.ssgproject.content_rule_service_timesyncd_disabled" selected="true"/>
    <select idref="xccdf_org.ssgproject.content_rule_service_timesyncd_enabled" selected="true"/>
    <select idref="xccdf_org.ssgproject.content_rule_service_ufw_enabled" selected="true"/>
    <select idref="xccdf_org.ssgproject.content_rule_service_vsftpd_disabled" selected="true"/>
    <select idref="xccdf_org.ssgproject.content_rule_service_xinetd_disabled" selected="true"/>
    <select idref="xccdf_org.ssgproject.content_rule_service_ypserv_disabled" selected="true"/>
    <select idref="xccdf_org.ssgproject.content_rule_set_ip6tables_default_rule" selected="true"/>
    <select idref="xccdf_org.ssgproject.content_rule_set_iptables_default_rule" selected="true"/>
    <select idref="xccdf_org.ssgproject.content_rule_set_ipv6_loopback_traffic" selected="true"/>
    <select idref="xccdf_org.ssgproject.content_rule_set_loopback_traffic" selected="true"/>
    <select idref="xccdf_org.ssgproject.content_rule_set_nftables_base_chain" selected="true"/>
    <select idref="xccdf_org.ssgproject.content_rule_set_nftables_loopback_traffic" selected="true"/>
    <select idref="xccdf_org.ssgproject.content_rule_set_nftables_table" selected="true"/>
    <select idref="xccdf_org.ssgproject.content_rule_set_password_hashing_algorithm_logindefs" selected="true"/>
    <select idref="xccdf_org.ssgproject.content_rule_set_password_hashing_algorithm_systemauth" selected="true"/>
    <select idref="xccdf_org.ssgproject.content_rule_set_ufw_default_rule" selected="true"/>
    <select idref="xccdf_org.ssgproject.content_rule_set_ufw_loopback_traffic" selected="true"/>
    <select idref="xccdf_org.ssgproject.content_rule_socket_systemd-journal-remote_disabled" selected="true"/>
    <select idref="xccdf_org.ssgproject.content_rule_sshd_disable_empty_passwords" selected="true"/>
    <select idref="xccdf_org.ssgproject.content_rule_sshd_disable_forwarding" selected="true"/>
    <select idref="xccdf_org.ssgproject.content_rule_sshd_disable_gssapi_auth" selected="true"/>
    <select idref="xccdf_org.ssgproject.content_rule_sshd_disable_rhosts" selected="true"/>
    <select idref="xccdf_org.ssgproject.content_rule_sshd_disable_root_login" selected="true"/>
    <select idref="xccdf_org.ssgproject.content_rule_sshd_do_not_permit_user_env" selected="true"/>
    <select idref="xccdf_org.ssgproject.content_rule_sshd_enable_pam" selected="true"/>
    <select idref="xccdf_org.ssgproject.content_rule_sshd_enable_warning_banner_net" selected="true"/>
    <select idref="xccdf_org.ssgproject.content_rule_sshd_limit_user_access" selected="true"/>
    <select idref="xccdf_org.ssgproject.content_rule_sshd_set_idle_timeout" selected="true"/>
    <select idref="xccdf_org.ssgproject.content_rule_sshd_set_keepalive" selected="true"/>
    <select idref="xccdf_org.ssgproject.content_rule_sshd_set_login_grace_time" selected="true"/>
    <select idref="xccdf_org.ssgproject.content_rule_sshd_set_loglevel_info" selected="true"/>
    <select idref="xccdf_org.ssgproject.content_rule_sshd_set_max_auth_tries" selected="true"/>
    <select idref="xccdf_org.ssgproject.content_rule_sshd_set_max_sessions" selected="true"/>
    <select idref="xccdf_org.ssgproject.content_rule_sshd_set_maxstartups" selected="true"/>
    <select idref="xccdf_org.ssgproject.content_rule_sshd_use_strong_ciphers" selected="true"/>
    <select idref="xccdf_org.ssgproject.content_rule_sshd_use_strong_kex" selected="true"/>
    <select idref="xccdf_org.ssgproject.content_rule_sshd_use_strong_macs" selected="true"/>
    <select idref="xccdf_org.ssgproject.content_rule_sudo_add_use_pty" selected="true"/>
    <select idref="xccdf_org.ssgproject.content_rule_sudo_custom_logfile" selected="true"/>
    <select idref="xccdf_org.ssgproject.content_rule_sudo_remove_no_authenticate" selected="true"/>
    <select idref="xccdf_org.ssgproject.content_rule_sudo_require_authentication" selected="true"/>
    <select idref="xccdf_org.ssgproject.content_rule_sudo_require_reauthentication" selected="true"/>
    <select idref="xccdf_org.ssgproject.content_rule_sysctl_fs_suid_dumpable" selected="true"/>
    <select idref="xccdf_org.ssgproject.content_rule_sysctl_kernel_randomize_va_space" selected="true"/>
    <select idref="xccdf_org.ssgproject.content_rule_sysctl_kernel_yama_ptrace_scope" selected="true"/>
    <select idref="xccdf_org.ssgproject.content_rule_sysctl_net_ipv4_conf_all_accept_redirects" selected="true"/>
    <select idref="xccdf_org.ssgproject.content_rule_sysctl_net_ipv4_conf_all_accept_source_route" selected="true"/>
    <select idref="xccdf_org.ssgproject.content_rule_sysctl_net_ipv4_conf_all_log_martians" selected="true"/>
    <select idref="xccdf_org.ssgproject.content_rule_sysctl_net_ipv4_conf_all_rp_filter" selected="true"/>
    <select idref="xccdf_org.ssgproject.content_rule_sysctl_net_ipv4_conf_all_secure_redirects" selected="true"/>
    <select idref="xccdf_org.ssgproject.content_rule_sysctl_net_ipv4_conf_all_send_redirects" selected="true"/>
    <select idref="xccdf_org.ssgproject.content_rule_sysctl_net_ipv4_conf_default_accept_redirects" selected="true"/>
    <select idref="xccdf_org.ssgproject.content_rule_sysctl_net_ipv4_conf_default_accept_source_route" selected="true"/>
    <select idref="xccdf_org.ssgproject.content_rule_sysctl_net_ipv4_conf_default_log_martians" selected="true"/>
    <select idref="xccdf_org.ssgproject.content_rule_sysctl_net_ipv4_conf_default_rp_filter" selected="true"/>
    <select idref="xccdf_org.ssgproject.content_rule_sysctl_net_ipv4_conf_default_secure_redirects" selected="true"/>
    <select idref="xccdf_org.ssgproject.content_rule_sysctl_net_ipv4_conf_default_send_redirects" selected="true"/>
    <select idref="xccdf_org.ssgproject.content_rule_sysctl_net_ipv4_icmp_echo_ignore_broadcasts" selected="true"/>
    <select idref="xccdf_org.ssgproject.content_rule_sysctl_net_ipv4_icmp_ignore_bogus_error_responses" selected="true"/>
    <select idref="xccdf_org.ssgproject.content_rule_sysctl_net_ipv4_ip_forward" selected="true"/>
    <select idref="xccdf_org.ssgproject.content_rule_sysctl_net_ipv4_tcp_syncookies" selected="true"/>
    <select idref="xccdf_org.ssgproject.content_rule_sysctl_net_ipv6_conf_all_accept_ra" selected="true"/>
    <select idref="xccdf_org.ssgproject.content_rule_sysctl_net_ipv6_conf_all_accept_redirects" selected="true"/>
    <select idref="xccdf_org.ssgproject.content_rule_sysctl_net_ipv6_conf_all_accept_source_route" selected="true"/>
    <select idref="xccdf_org.ssgproject.content_rule_sysctl_net_ipv6_conf_all_forwarding" selected="true"/>
    <select idref="xccdf_org.ssgproject.content_rule_sysctl_net_ipv6_conf_default_accept_ra" selected="true"/>
    <select idref="xccdf_org.ssgproject.content_rule_sysctl_net_ipv6_conf_default_accept_redirects" selected="true"/>
    <select idref="xccdf_org.ssgproject.content_rule_sysctl_net_ipv6_conf_default_accept_source_route" selected="true"/>
    <select idref="xccdf_org.ssgproject.content_rule_systemd_journal_upload_server_tls" selected="true"/>
    <select idref="xccdf_org.ssgproject.content_rule_systemd_journal_upload_url" selected="true"/>
    <select idref="xccdf_org.ssgproject.content_rule_ufw_rules_for_open_ports" selected="true"/>
    <select idref="xccdf_org.ssgproject.content_rule_use_pam_wheel_group_for_su" selected="true"/>
    <select idref="xccdf_org.ssgproject.content_rule_wireless_disable_interfaces" selected="true"/>
    <select idref="xccdf_org.ssgproject.content_group_bootloader-zipl" selected="false"/>
    <select idref="xccdf_org.ssgproject.content_group_rsyslog_sending_messages" selected="false"/>
    <refine-value idref="xccdf_org.ssgproject.content_value_var_user_initialization_files_regex" selector="all_dotfiles"/>
    <refine-value idref="xccdf_org.ssgproject.content_value_var_accounts_user_umask" selector="027"/>
    <refine-value idref="xccdf_org.ssgproject.content_value_var_accounts_tmout" selector="15_min"/>
    <refine-value idref="xccdf_org.ssgproject.content_value_var_account_disable_post_pw_expiration" selector="45"/>
    <refine-value idref="xccdf_org.ssgproject.content_value_var_password_hashing_algorithm" selector="cis_ubuntu2404"/>
    <refine-value idref="xccdf_org.ssgproject.content_value_var_accounts_password_warn_age_login_defs" selector="7"/>
    <refine-value idref="xccdf_org.ssgproject.content_value_var_accounts_maximum_age_login_defs" selector="365"/>
    <refine-value idref="xccdf_org.ssgproject.content_value_var_password_hashing_algorithm_pam" selector="yescrypt"/>
    <refine-value idref="xccdf_org.ssgproject.content_value_var_password_pam_remember" selector="24"/>
    <refine-value idref="xccdf_org.ssgproject.content_value_var_password_pam_enforcing" selector="1"/>
    <refine-value idref="xccdf_org.ssgproject.content_value_var_password_pam_dictcheck" selector="1"/>
    <refine-value idref="xccdf_org.ssgproject.content_value_var_password_pam_maxrepeat" selector="3"/>
    <refine-value idref="xccdf_org.ssgproject.content_value_var_password_pam_minclass" selector="4"/>
    <refine-value idref="xccdf_org.ssgproject.content_value_var_password_pam_dcredit" selector="1"/>
    <refine-value idref="xccdf_org.ssgproject.content_value_var_password_pam_lcredit" selector="1"/>
    <refine-value idref="xccdf_org.ssgproject.content_value_var_password_pam_ocredit" selector="1"/>
    <refine-value idref="xccdf_org.ssgproject.content_value_var_password_pam_ucredit" selector="1"/>
    <refine-value idref="xccdf_org.ssgproject.content_value_var_password_pam_minlen" selector="14"/>
    <refine-value idref="xccdf_org.ssgproject.content_value_var_password_pam_difok" selector="2"/>
    <refine-value idref="xccdf_org.ssgproject.content_value_var_accounts_passwords_pam_faillock_deny" selector="4"/>
    <refine-value idref="xccdf_org.ssgproject.content_value_var_pam_wheel_group_for_su" selector="cis"/>
    <refine-value idref="xccdf_org.ssgproject.content_value_var_sudo_timestamp_timeout" selector="15_minutes"/>
    <refine-value idref="xccdf_org.ssgproject.content_value_var_sshd_set_maxstartups" selector="10:30:60"/>
    <refine-value idref="xccdf_org.ssgproject.content_value_var_sshd_max_sessions" selector="10"/>
    <refine-value idref="xccdf_org.ssgproject.content_value_sshd_max_auth_tries_value" selector="4"/>
    <refine-value idref="xccdf_org.ssgproject.content_value_sshd_strong_macs" selector="cis_ubuntu2404"/>
    <refine-value idref="xccdf_org.ssgproject.content_value_var_sshd_set_login_grace_time" selector="60"/>
    <refine-value idref="xccdf_org.ssgproject.content_value_sshd_strong_kex" selector="cis_ubuntu2404"/>
    <refine-value idref="xccdf_org.ssgproject.content_value_sshd_idle_timeout_value" selector="5_minutes"/>
    <refine-value idref="xccdf_org.ssgproject.content_value_var_sshd_set_keepalive" selector="3"/>
    <refine-value idref="xccdf_org.ssgproject.content_value_var_nftables_base_chain_names" selector="chain_names"/>
    <refine-value idref="xccdf_org.ssgproject.content_value_var_nftables_base_chain_types" selector="chain_types"/>
    <refine-value idref="xccdf_org.ssgproject.content_value_var_nftables_base_chain_hooks" selector="chain_hooks"/>
    <refine-value idref="xccdf_org.ssgproject.content_value_var_nftables_base_chain_priorities" selector="chain_priorities"/>
    <refine-value idref="xccdf_org.ssgproject.content_value_var_nftables_base_chain_policies" selector="chain_policies"/>
    <refine-value idref="xccdf_org.ssgproject.content_value_var_nftables_family" selector="inet"/>
    <refine-value idref="xccdf_org.ssgproject.content_value_var_nftables_table" selector="filter"/>
    <refine-value idref="xccdf_org.ssgproject.content_value_var_network_filtering_service" selector="nftables"/>
    <refine-value idref="xccdf_org.ssgproject.content_value_var_multiple_time_pools" selector="ubuntu"/>
    <refine-value idref="xccdf_org.ssgproject.content_value_var_multiple_time_servers" selector="ubuntu"/>
    <refine-value idref="xccdf_org.ssgproject.content_value_var_timesync_service" selector="systemd-timesyncd"/>
    <refine-value idref="xccdf_org.ssgproject.content_value_var_postfix_inet_interfaces" selector="loopback-only"/>
    <refine-value idref="xccdf_org.ssgproject.content_value_inactivity_timeout_value" selector="15_minutes"/>
    <refine-value idref="xccdf_org.ssgproject.content_value_var_screensaver_lock_delay" selector="5_seconds"/>
    <refine-value idref="xccdf_org.ssgproject.content_value_login_banner_text" selector="cis_default"/>
    <refine-value idref="xccdf_org.ssgproject.content_value_cis_banner_text" selector="cis"/>
    <refine-value idref="xccdf_org.ssgproject.content_value_sysctl_kernel_yama_ptrace_scope_value" selector="1"/>
    <refine-value idref="xccdf_org.ssgproject.content_value_var_accounts_passwords_pam_faillock_dir" selector="run"/>
    <refine-value idref="xccdf_org.ssgproject.content_value_var_auditd_action_mail_acct" selector="root"/>
    <refine-value idref="xccdf_org.ssgproject.content_value_var_auditd_space_left_action" selector="email"/>
    <refine-value idref="xccdf_org.ssgproject.content_value_var_auditd_admin_space_left_action" selector="halt"/>
    <refine-value idref="xccdf_org.ssgproject.content_value_var_auditd_disk_error_action" selector="cis_ubuntu2404"/>
    <refine-value idref="xccdf_org.ssgproject.content_value_var_auditd_disk_full_action" selector="cis_ubuntu2404"/>
    <refine-value idref="xccdf_org.ssgproject.content_value_var_auditd_max_log_file_action" selector="keep_logs"/>
    <refine-value idref="xccdf_org.ssgproject.content_value_var_auditd_max_log_file" selector="6"/>
    <refine-value idref="xccdf_org.ssgproject.content_value_var_accounts_minimum_age_login_defs" selector="1"/>
    <refine-value idref="xccdf_org.ssgproject.content_value_var_accounts_passwords_pam_faillock_unlock_time" selector="900"/>
    <refine-value idref="xccdf_org.ssgproject.content_value_var_apparmor_mode" selector="enforce"/>
  </Profile>
  <Profile id="xccdf_org.ssgproject.content_profile_cis_level2_workstation">
    <version>draft</version>
    <title xmlns:xhtml="http://www.w3.org/1999/xhtml" xml:lang="en-US" override="true">DRAFT - CIS Ubuntu Linux 24.04 LTS Benchmark for Level 2 - Workstation</title>
    <description xmlns:xhtml="http://www.w3.org/1999/xhtml" xml:lang="en-US" override="true">This profile defines a baseline that aligns to the "Level 2 - Workstation"
configuration from the Center for Internet Security® 
Ubuntu Linux 24.04 LTS Benchmark™, v1.0.0, released 2024-08-26.

This profile includes Center for Internet Security®
Ubuntu Linux 24.04 LTS Benchmark™ content.</description>
    <reference>https://www.cisecurity.org/benchmark/ubuntu_linux</reference>
    <select idref="xccdf_org.ssgproject.content_rule_account_disable_post_pw_expiration" selected="true"/>
    <select idref="xccdf_org.ssgproject.content_rule_account_unique_id" selected="true"/>
    <select idref="xccdf_org.ssgproject.content_rule_account_unique_name" selected="true"/>
    <select idref="xccdf_org.ssgproject.content_rule_accounts_maximum_age_login_defs" selected="true"/>
    <select idref="xccdf_org.ssgproject.content_rule_accounts_minimum_age_login_defs" selected="true"/>
    <select idref="xccdf_org.ssgproject.content_rule_accounts_no_uid_except_zero" selected="true"/>
    <select idref="xccdf_org.ssgproject.content_rule_accounts_password_all_shadowed" selected="true"/>
    <select idref="xccdf_org.ssgproject.content_rule_accounts_password_last_change_is_in_past" selected="true"/>
    <select idref="xccdf_org.ssgproject.content_rule_accounts_password_pam_dcredit" selected="true"/>
    <select idref="xccdf_org.ssgproject.content_rule_accounts_password_pam_dictcheck" selected="true"/>
    <select idref="xccdf_org.ssgproject.content_rule_accounts_password_pam_difok" selected="true"/>
    <select idref="xccdf_org.ssgproject.content_rule_accounts_password_pam_enforce_root" selected="true"/>
    <select idref="xccdf_org.ssgproject.content_rule_accounts_password_pam_enforcing" selected="true"/>
    <select idref="xccdf_org.ssgproject.content_rule_accounts_password_pam_lcredit" selected="true"/>
    <select idref="xccdf_org.ssgproject.content_rule_accounts_password_pam_maxrepeat" selected="true"/>
    <select idref="xccdf_org.ssgproject.content_rule_accounts_password_pam_maxsequence" selected="true"/>
    <select idref="xccdf_org.ssgproject.content_rule_accounts_password_pam_minclass" selected="true"/>
    <select idref="xccdf_org.ssgproject.content_rule_accounts_password_pam_minlen" selected="true"/>
    <select idref="xccdf_org.ssgproject.content_rule_accounts_password_pam_ocredit" selected="true"/>
    <select idref="xccdf_org.ssgproject.content_rule_accounts_password_pam_pwhistory_enabled" selected="true"/>
    <select idref="xccdf_org.ssgproject.content_rule_accounts_password_pam_pwhistory_enforce_root" selected="true"/>
    <select idref="xccdf_org.ssgproject.content_rule_accounts_password_pam_pwhistory_remember" selected="true"/>
    <select idref="xccdf_org.ssgproject.content_rule_accounts_password_pam_pwhistory_use_authtok" selected="true"/>
    <select idref="xccdf_org.ssgproject.content_rule_accounts_password_pam_pwquality_enabled" selected="true"/>
    <select idref="xccdf_org.ssgproject.content_rule_accounts_password_pam_ucredit" selected="true"/>
    <select idref="xccdf_org.ssgproject.content_rule_accounts_password_pam_unix_authtok" selected="true"/>
    <select idref="xccdf_org.ssgproject.content_rule_accounts_password_pam_unix_enabled" selected="true"/>
    <select idref="xccdf_org.ssgproject.content_rule_accounts_password_pam_unix_no_remember" selected="true"/>
    <select idref="xccdf_org.ssgproject.content_rule_accounts_password_set_max_life_existing" selected="true"/>
    <select idref="xccdf_org.ssgproject.content_rule_accounts_password_set_min_life_existing" selected="true"/>
    <select idref="xccdf_org.ssgproject.content_rule_accounts_password_warn_age_login_defs" selected="true"/>
    <select idref="xccdf_org.ssgproject.content_rule_accounts_passwords_pam_faillock_deny" selected="true"/>
    <select idref="xccdf_org.ssgproject.content_rule_accounts_passwords_pam_faillock_enabled" selected="true"/>
    <select idref="xccdf_org.ssgproject.content_rule_accounts_passwords_pam_faillock_root_unlock_time" selected="true"/>
    <select idref="xccdf_org.ssgproject.content_rule_accounts_passwords_pam_faillock_unlock_time" selected="true"/>
    <select idref="xccdf_org.ssgproject.content_rule_accounts_root_gid_zero" selected="true"/>
    <select idref="xccdf_org.ssgproject.content_rule_accounts_root_path_dirs_no_write" selected="true"/>
    <select idref="xccdf_org.ssgproject.content_rule_accounts_tmout" selected="true"/>
    <select idref="xccdf_org.ssgproject.content_rule_accounts_umask_etc_bashrc" selected="true"/>
    <select idref="xccdf_org.ssgproject.content_rule_accounts_umask_etc_login_defs" selected="true"/>
    <select idref="xccdf_org.ssgproject.content_rule_accounts_umask_etc_profile" selected="true"/>
    <select idref="xccdf_org.ssgproject.content_rule_accounts_umask_root" selected="true"/>
    <select idref="xccdf_org.ssgproject.content_rule_accounts_user_dot_group_ownership" selected="true"/>
    <select idref="xccdf_org.ssgproject.content_rule_accounts_user_dot_user_ownership" selected="true"/>
    <select idref="xccdf_org.ssgproject.content_rule_accounts_user_interactive_home_directory_exists" selected="true"/>
    <select idref="xccdf_org.ssgproject.content_rule_aide_build_database" selected="true"/>
    <select idref="xccdf_org.ssgproject.content_rule_aide_check_audit_tools" selected="true"/>
    <select idref="xccdf_org.ssgproject.content_rule_aide_periodic_checking_systemd_timer" selected="true"/>
    <select idref="xccdf_org.ssgproject.content_rule_all_apparmor_profiles_enforced" selected="true"/>
    <select idref="xccdf_org.ssgproject.content_rule_all_apparmor_profiles_in_enforce_complain_mode" selected="true"/>
    <select idref="xccdf_org.ssgproject.content_rule_audit_rules_dac_modification_chmod" selected="true"/>
    <select idref="xccdf_org.ssgproject.content_rule_audit_rules_dac_modification_chown" selected="true"/>
    <select idref="xccdf_org.ssgproject.content_rule_audit_rules_dac_modification_fchmod" selected="true"/>
    <select idref="xccdf_org.ssgproject.content_rule_audit_rules_dac_modification_fchmodat" selected="true"/>
    <select idref="xccdf_org.ssgproject.content_rule_audit_rules_dac_modification_fchown" selected="true"/>
    <select idref="xccdf_org.ssgproject.content_rule_audit_rules_dac_modification_fchownat" selected="true"/>
    <select idref="xccdf_org.ssgproject.content_rule_audit_rules_dac_modification_fremovexattr" selected="true"/>
    <select idref="xccdf_org.ssgproject.content_rule_audit_rules_dac_modification_fsetxattr" selected="true"/>
    <select idref="xccdf_org.ssgproject.content_rule_audit_rules_dac_modification_lchown" selected="true"/>
    <select idref="xccdf_org.ssgproject.content_rule_audit_rules_dac_modification_lremovexattr" selected="true"/>
    <select idref="xccdf_org.ssgproject.content_rule_audit_rules_dac_modification_lsetxattr" selected="true"/>
    <select idref="xccdf_org.ssgproject.content_rule_audit_rules_dac_modification_removexattr" selected="true"/>
    <select idref="xccdf_org.ssgproject.content_rule_audit_rules_dac_modification_setxattr" selected="true"/>
    <select idref="xccdf_org.ssgproject.content_rule_audit_rules_execution_chacl" selected="true"/>
    <select idref="xccdf_org.ssgproject.content_rule_audit_rules_execution_chcon" selected="true"/>
    <select idref="xccdf_org.ssgproject.content_rule_audit_rules_execution_setfacl" selected="true"/>
    <select idref="xccdf_org.ssgproject.content_rule_audit_rules_file_deletion_events_rename" selected="true"/>
    <select idref="xccdf_org.ssgproject.content_rule_audit_rules_file_deletion_events_renameat" selected="true"/>
    <select idref="xccdf_org.ssgproject.content_rule_audit_rules_file_deletion_events_unlink" selected="true"/>
    <select idref="xccdf_org.ssgproject.content_rule_audit_rules_file_deletion_events_unlinkat" selected="true"/>
    <select idref="xccdf_org.ssgproject.content_rule_audit_rules_immutable" selected="true"/>
    <select idref="xccdf_org.ssgproject.content_rule_audit_rules_kernel_module_loading_delete" selected="true"/>
    <select idref="xccdf_org.ssgproject.content_rule_audit_rules_kernel_module_loading_init" selected="true"/>
    <select idref="xccdf_org.ssgproject.content_rule_audit_rules_login_events_faillock" selected="true"/>
    <select idref="xccdf_org.ssgproject.content_rule_audit_rules_login_events_lastlog" selected="true"/>
    <select idref="xccdf_org.ssgproject.content_rule_audit_rules_mac_modification_etc_apparmor" selected="true"/>
    <select idref="xccdf_org.ssgproject.content_rule_audit_rules_mac_modification_etc_apparmor_d" selected="true"/>
    <select idref="xccdf_org.ssgproject.content_rule_audit_rules_media_export" selected="true"/>
    <select idref="xccdf_org.ssgproject.content_rule_audit_rules_networkconfig_modification" selected="true"/>
    <select idref="xccdf_org.ssgproject.content_rule_audit_rules_privileged_commands" selected="true"/>
    <select idref="xccdf_org.ssgproject.content_rule_audit_rules_privileged_commands_insmod" selected="true"/>
    <select idref="xccdf_org.ssgproject.content_rule_audit_rules_privileged_commands_modprobe" selected="true"/>
    <select idref="xccdf_org.ssgproject.content_rule_audit_rules_privileged_commands_rmmod" selected="true"/>
    <select idref="xccdf_org.ssgproject.content_rule_audit_rules_privileged_commands_usermod" selected="true"/>
    <select idref="xccdf_org.ssgproject.content_rule_audit_rules_session_events" selected="true"/>
    <select idref="xccdf_org.ssgproject.content_rule_audit_rules_suid_privilege_function" selected="true"/>
    <select idref="xccdf_org.ssgproject.content_rule_audit_rules_sysadmin_actions" selected="true"/>
    <select idref="xccdf_org.ssgproject.content_rule_audit_rules_time_adjtimex" selected="true"/>
    <select idref="xccdf_org.ssgproject.content_rule_audit_rules_time_clock_settime" selected="true"/>
    <select idref="xccdf_org.ssgproject.content_rule_audit_rules_time_settimeofday" selected="true"/>
    <select idref="xccdf_org.ssgproject.content_rule_audit_rules_time_watch_localtime" selected="true"/>
    <select idref="xccdf_org.ssgproject.content_rule_audit_rules_unsuccessful_file_modification_creat" selected="true"/>
    <select idref="xccdf_org.ssgproject.content_rule_audit_rules_unsuccessful_file_modification_ftruncate" selected="true"/>
    <select idref="xccdf_org.ssgproject.content_rule_audit_rules_unsuccessful_file_modification_open" selected="true"/>
    <select idref="xccdf_org.ssgproject.content_rule_audit_rules_unsuccessful_file_modification_openat" selected="true"/>
    <select idref="xccdf_org.ssgproject.content_rule_audit_rules_unsuccessful_file_modification_truncate" selected="true"/>
    <select idref="xccdf_org.ssgproject.content_rule_audit_rules_usergroup_modification_group" selected="true"/>
    <select idref="xccdf_org.ssgproject.content_rule_audit_rules_usergroup_modification_gshadow" selected="true"/>
    <select idref="xccdf_org.ssgproject.content_rule_audit_rules_usergroup_modification_nsswitch_conf" selected="true"/>
    <select idref="xccdf_org.ssgproject.content_rule_audit_rules_usergroup_modification_opasswd" selected="true"/>
    <select idref="xccdf_org.ssgproject.content_rule_audit_rules_usergroup_modification_pam_conf" selected="true"/>
    <select idref="xccdf_org.ssgproject.content_rule_audit_rules_usergroup_modification_pamd" selected="true"/>
    <select idref="xccdf_org.ssgproject.content_rule_audit_rules_usergroup_modification_passwd" selected="true"/>
    <select idref="xccdf_org.ssgproject.content_rule_audit_rules_usergroup_modification_shadow" selected="true"/>
    <select idref="xccdf_org.ssgproject.content_rule_audit_sudo_log_events" selected="true"/>
    <select idref="xccdf_org.ssgproject.content_rule_auditd_data_disk_error_action" selected="true"/>
    <select idref="xccdf_org.ssgproject.content_rule_auditd_data_disk_full_action" selected="true"/>
    <select idref="xccdf_org.ssgproject.content_rule_auditd_data_retention_action_mail_acct" selected="true"/>
    <select idref="xccdf_org.ssgproject.content_rule_auditd_data_retention_admin_space_left_action" selected="true"/>
    <select idref="xccdf_org.ssgproject.content_rule_auditd_data_retention_max_log_file" selected="true"/>
    <select idref="xccdf_org.ssgproject.content_rule_auditd_data_retention_max_log_file_action" selected="true"/>
    <select idref="xccdf_org.ssgproject.content_rule_auditd_data_retention_space_left_action" selected="true"/>
    <select idref="xccdf_org.ssgproject.content_rule_banner_etc_issue_cis" selected="true"/>
    <select idref="xccdf_org.ssgproject.content_rule_banner_etc_issue_net_cis" selected="true"/>
    <select idref="xccdf_org.ssgproject.content_rule_banner_etc_motd_cis" selected="true"/>
    <select idref="xccdf_org.ssgproject.content_rule_check_ufw_active" selected="true"/>
    <select idref="xccdf_org.ssgproject.content_rule_chronyd_configure_pool_and_server" selected="true"/>
    <select idref="xccdf_org.ssgproject.content_rule_chronyd_run_as_chrony_user" selected="true"/>
    <select idref="xccdf_org.ssgproject.content_rule_dconf_gnome_banner_enabled" selected="true"/>
    <select idref="xccdf_org.ssgproject.content_rule_dconf_gnome_disable_automount" selected="true"/>
    <select idref="xccdf_org.ssgproject.content_rule_dconf_gnome_disable_automount_open" selected="true"/>
    <select idref="xccdf_org.ssgproject.content_rule_dconf_gnome_disable_autorun" selected="true"/>
    <select idref="xccdf_org.ssgproject.content_rule_dconf_gnome_disable_user_list" selected="true"/>
    <select idref="xccdf_org.ssgproject.content_rule_dconf_gnome_login_banner_text" selected="true"/>
    <select idref="xccdf_org.ssgproject.content_rule_dconf_gnome_screensaver_idle_delay" selected="true"/>
    <select idref="xccdf_org.ssgproject.content_rule_dconf_gnome_screensaver_lock_delay" selected="true"/>
    <select idref="xccdf_org.ssgproject.content_rule_dconf_gnome_screensaver_lock_enabled" selected="true"/>
    <select idref="xccdf_org.ssgproject.content_rule_directory_permissions_var_log_audit" selected="true"/>
    <select idref="xccdf_org.ssgproject.content_rule_disable_host_auth" selected="true"/>
    <select idref="xccdf_org.ssgproject.content_rule_disable_users_coredumps" selected="true"/>
    <select idref="xccdf_org.ssgproject.content_rule_ensure_pam_wheel_group_empty" selected="true"/>
    <select idref="xccdf_org.ssgproject.content_rule_ensure_root_access_controlled" selected="true"/>
    <select idref="xccdf_org.ssgproject.content_rule_ensure_shadow_group_empty" selected="true"/>
    <select idref="xccdf_org.ssgproject.content_rule_file_at_allow_exists" selected="true"/>
    <select idref="xccdf_org.ssgproject.content_rule_file_cron_allow_exists" selected="true"/>
    <select idref="xccdf_org.ssgproject.content_rule_file_cron_deny_not_exist" selected="true"/>
    <select idref="xccdf_org.ssgproject.content_rule_file_group_ownership_var_log_audit" selected="true"/>
    <select idref="xccdf_org.ssgproject.content_rule_file_groupowner_at_allow" selected="true"/>
    <select idref="xccdf_org.ssgproject.content_rule_file_groupowner_at_deny" selected="true"/>
    <select idref="xccdf_org.ssgproject.content_rule_file_groupowner_backup_etc_group" selected="true"/>
    <select idref="xccdf_org.ssgproject.content_rule_file_groupowner_backup_etc_gshadow" selected="true"/>
    <select idref="xccdf_org.ssgproject.content_rule_file_groupowner_backup_etc_passwd" selected="true"/>
    <select idref="xccdf_org.ssgproject.content_rule_file_groupowner_backup_etc_shadow" selected="true"/>
    <select idref="xccdf_org.ssgproject.content_rule_file_groupowner_cron_allow" selected="true"/>
    <select idref="xccdf_org.ssgproject.content_rule_file_groupowner_cron_d" selected="true"/>
    <select idref="xccdf_org.ssgproject.content_rule_file_groupowner_cron_daily" selected="true"/>
    <select idref="xccdf_org.ssgproject.content_rule_file_groupowner_cron_hourly" selected="true"/>
    <select idref="xccdf_org.ssgproject.content_rule_file_groupowner_cron_monthly" selected="true"/>
    <select idref="xccdf_org.ssgproject.content_rule_file_groupowner_cron_weekly" selected="true"/>
    <select idref="xccdf_org.ssgproject.content_rule_file_groupowner_crontab" selected="true"/>
    <select idref="xccdf_org.ssgproject.content_rule_file_groupowner_etc_group" selected="true"/>
    <select idref="xccdf_org.ssgproject.content_rule_file_groupowner_etc_gshadow" selected="true"/>
    <select idref="xccdf_org.ssgproject.content_rule_file_groupowner_etc_issue" selected="true"/>
    <select idref="xccdf_org.ssgproject.content_rule_file_groupowner_etc_issue_net" selected="true"/>
    <select idref="xccdf_org.ssgproject.content_rule_file_groupowner_etc_motd" selected="true"/>
    <select idref="xccdf_org.ssgproject.content_rule_file_groupowner_etc_passwd" selected="true"/>
    <select idref="xccdf_org.ssgproject.content_rule_file_groupowner_etc_security_opasswd" selected="true"/>
    <select idref="xccdf_org.ssgproject.content_rule_file_groupowner_etc_security_opasswd_old" selected="true"/>
    <select idref="xccdf_org.ssgproject.content_rule_file_groupowner_etc_shadow" selected="true"/>
    <select idref="xccdf_org.ssgproject.content_rule_file_groupowner_etc_shells" selected="true"/>
    <select idref="xccdf_org.ssgproject.content_rule_file_groupowner_sshd_config" selected="true"/>
    <select idref="xccdf_org.ssgproject.content_rule_file_groupownership_audit_binaries" selected="true"/>
    <select idref="xccdf_org.ssgproject.content_rule_file_groupownership_audit_configuration" selected="true"/>
    <select idref="xccdf_org.ssgproject.content_rule_file_groupownership_home_directories" selected="true"/>
    <select idref="xccdf_org.ssgproject.content_rule_file_owner_at_allow" selected="true"/>
    <select idref="xccdf_org.ssgproject.content_rule_file_owner_at_deny" selected="true"/>
    <select idref="xccdf_org.ssgproject.content_rule_file_owner_backup_etc_group" selected="true"/>
    <select idref="xccdf_org.ssgproject.content_rule_file_owner_backup_etc_gshadow" selected="true"/>
    <select idref="xccdf_org.ssgproject.content_rule_file_owner_backup_etc_passwd" selected="true"/>
    <select idref="xccdf_org.ssgproject.content_rule_file_owner_backup_etc_shadow" selected="true"/>
    <select idref="xccdf_org.ssgproject.content_rule_file_owner_cron_allow" selected="true"/>
    <select idref="xccdf_org.ssgproject.content_rule_file_owner_cron_d" selected="true"/>
    <select idref="xccdf_org.ssgproject.content_rule_file_owner_cron_daily" selected="true"/>
    <select idref="xccdf_org.ssgproject.content_rule_file_owner_cron_hourly" selected="true"/>
    <select idref="xccdf_org.ssgproject.content_rule_file_owner_cron_monthly" selected="true"/>
    <select idref="xccdf_org.ssgproject.content_rule_file_owner_cron_weekly" selected="true"/>
    <select idref="xccdf_org.ssgproject.content_rule_file_owner_crontab" selected="true"/>
    <select idref="xccdf_org.ssgproject.content_rule_file_owner_etc_group" selected="true"/>
    <select idref="xccdf_org.ssgproject.content_rule_file_owner_etc_gshadow" selected="true"/>
    <select idref="xccdf_org.ssgproject.content_rule_file_owner_etc_issue" selected="true"/>
    <select idref="xccdf_org.ssgproject.content_rule_file_owner_etc_issue_net" selected="true"/>
    <select idref="xccdf_org.ssgproject.content_rule_file_owner_etc_motd" selected="true"/>
    <select idref="xccdf_org.ssgproject.content_rule_file_owner_etc_passwd" selected="true"/>
    <select idref="xccdf_org.ssgproject.content_rule_file_owner_etc_security_opasswd" selected="true"/>
    <select idref="xccdf_org.ssgproject.content_rule_file_owner_etc_security_opasswd_old" selected="true"/>
    <select idref="xccdf_org.ssgproject.content_rule_file_owner_etc_shadow" selected="true"/>
    <select idref="xccdf_org.ssgproject.content_rule_file_owner_etc_shells" selected="true"/>
    <select idref="xccdf_org.ssgproject.content_rule_file_owner_grub2_cfg" selected="true"/>
    <select idref="xccdf_org.ssgproject.content_rule_file_owner_sshd_config" selected="true"/>
    <select idref="xccdf_org.ssgproject.content_rule_file_ownership_audit_binaries" selected="true"/>
    <select idref="xccdf_org.ssgproject.content_rule_file_ownership_audit_configuration" selected="true"/>
    <select idref="xccdf_org.ssgproject.content_rule_file_ownership_home_directories" selected="true"/>
    <select idref="xccdf_org.ssgproject.content_rule_file_ownership_var_log_audit_stig" selected="true"/>
    <select idref="xccdf_org.ssgproject.content_rule_file_permission_user_bash_history" selected="true"/>
    <select idref="xccdf_org.ssgproject.content_rule_file_permission_user_init_files" selected="true"/>
    <select idref="xccdf_org.ssgproject.content_rule_file_permissions_at_allow" selected="true"/>
    <select idref="xccdf_org.ssgproject.content_rule_file_permissions_at_deny" selected="true"/>
    <select idref="xccdf_org.ssgproject.content_rule_file_permissions_audit_binaries" selected="true"/>
    <select idref="xccdf_org.ssgproject.content_rule_file_permissions_backup_etc_group" selected="true"/>
    <select idref="xccdf_org.ssgproject.content_rule_file_permissions_backup_etc_gshadow" selected="true"/>
    <select idref="xccdf_org.ssgproject.content_rule_file_permissions_backup_etc_passwd" selected="true"/>
    <select idref="xccdf_org.ssgproject.content_rule_file_permissions_backup_etc_shadow" selected="true"/>
    <select idref="xccdf_org.ssgproject.content_rule_file_permissions_cron_allow" selected="true"/>
    <select idref="xccdf_org.ssgproject.content_rule_file_permissions_cron_d" selected="true"/>
    <select idref="xccdf_org.ssgproject.content_rule_file_permissions_cron_daily" selected="true"/>
    <select idref="xccdf_org.ssgproject.content_rule_file_permissions_cron_hourly" selected="true"/>
    <select idref="xccdf_org.ssgproject.content_rule_file_permissions_cron_monthly" selected="true"/>
    <select idref="xccdf_org.ssgproject.content_rule_file_permissions_cron_weekly" selected="true"/>
    <select idref="xccdf_org.ssgproject.content_rule_file_permissions_crontab" selected="true"/>
    <select idref="xccdf_org.ssgproject.content_rule_file_permissions_etc_audit_auditd" selected="true"/>
    <select idref="xccdf_org.ssgproject.content_rule_file_permissions_etc_audit_rules" selected="true"/>
    <select idref="xccdf_org.ssgproject.content_rule_file_permissions_etc_audit_rulesd" selected="true"/>
    <select idref="xccdf_org.ssgproject.content_rule_file_permissions_etc_group" selected="true"/>
    <select idref="xccdf_org.ssgproject.content_rule_file_permissions_etc_gshadow" selected="true"/>
    <select idref="xccdf_org.ssgproject.content_rule_file_permissions_etc_issue" selected="true"/>
    <select idref="xccdf_org.ssgproject.content_rule_file_permissions_etc_issue_net" selected="true"/>
    <select idref="xccdf_org.ssgproject.content_rule_file_permissions_etc_motd" selected="true"/>
    <select idref="xccdf_org.ssgproject.content_rule_file_permissions_etc_passwd" selected="true"/>
    <select idref="xccdf_org.ssgproject.content_rule_file_permissions_etc_security_opasswd" selected="true"/>
    <select idref="xccdf_org.ssgproject.content_rule_file_permissions_etc_security_opasswd_old" selected="true"/>
    <select idref="xccdf_org.ssgproject.content_rule_file_permissions_etc_shadow" selected="true"/>
    <select idref="xccdf_org.ssgproject.content_rule_file_permissions_etc_shells" selected="true"/>
    <select idref="xccdf_org.ssgproject.content_rule_file_permissions_grub2_cfg" selected="true"/>
    <select idref="xccdf_org.ssgproject.content_rule_file_permissions_home_directories" selected="true"/>
    <select idref="xccdf_org.ssgproject.content_rule_file_permissions_sshd_config" selected="true"/>
    <select idref="xccdf_org.ssgproject.content_rule_file_permissions_sshd_private_key" selected="true"/>
    <select idref="xccdf_org.ssgproject.content_rule_file_permissions_sshd_pub_key" selected="true"/>
    <select idref="xccdf_org.ssgproject.content_rule_file_permissions_unauthorized_world_writable" selected="true"/>
    <select idref="xccdf_org.ssgproject.content_rule_file_permissions_ungroupowned" selected="true"/>
    <select idref="xccdf_org.ssgproject.content_rule_file_permissions_var_log_audit" selected="true"/>
    <select idref="xccdf_org.ssgproject.content_rule_firewall_single_service_active" selected="true"/>
    <select idref="xccdf_org.ssgproject.content_rule_gid_passwd_group_same" selected="true"/>
    <select idref="xccdf_org.ssgproject.content_rule_gnome_gdm_disable_xdmcp" selected="true"/>
    <select idref="xccdf_org.ssgproject.content_rule_group_unique_id" selected="true"/>
    <select idref="xccdf_org.ssgproject.content_rule_group_unique_name" selected="true"/>
    <select idref="xccdf_org.ssgproject.content_rule_groups_no_zero_gid_except_root" selected="true"/>
    <select idref="xccdf_org.ssgproject.content_rule_grub2_audit_argument" selected="true"/>
    <select idref="xccdf_org.ssgproject.content_rule_grub2_audit_backlog_limit_argument" selected="true"/>
    <select idref="xccdf_org.ssgproject.content_rule_grub2_enable_apparmor" selected="true"/>
    <select idref="xccdf_org.ssgproject.content_rule_grub2_password" selected="true"/>
    <select idref="xccdf_org.ssgproject.content_rule_grub2_uefi_password" selected="true"/>
    <select idref="xccdf_org.ssgproject.content_rule_has_nonlocal_mta" selected="true"/>
    <select idref="xccdf_org.ssgproject.content_rule_ip6tables_rules_for_open_ports" selected="true"/>
    <select idref="xccdf_org.ssgproject.content_rule_iptables_rules_for_open_ports" selected="true"/>
    <select idref="xccdf_org.ssgproject.content_rule_journald_compress" selected="true"/>
    <select idref="xccdf_org.ssgproject.content_rule_journald_disable_forward_to_syslog" selected="true"/>
    <select idref="xccdf_org.ssgproject.content_rule_journald_forward_to_syslog" selected="true"/>
    <select idref="xccdf_org.ssgproject.content_rule_journald_storage" selected="true"/>
    <select idref="xccdf_org.ssgproject.content_rule_kernel_module_cramfs_disabled" selected="true"/>
    <select idref="xccdf_org.ssgproject.content_rule_kernel_module_dccp_disabled" selected="true"/>
    <select idref="xccdf_org.ssgproject.content_rule_kernel_module_freevxfs_disabled" selected="true"/>
    <select idref="xccdf_org.ssgproject.content_rule_kernel_module_hfs_disabled" selected="true"/>
    <select idref="xccdf_org.ssgproject.content_rule_kernel_module_hfsplus_disabled" selected="true"/>
    <select idref="xccdf_org.ssgproject.content_rule_kernel_module_jffs2_disabled" selected="true"/>
    <select idref="xccdf_org.ssgproject.content_rule_kernel_module_overlayfs_disabled" selected="true"/>
    <select idref="xccdf_org.ssgproject.content_rule_kernel_module_rds_disabled" selected="true"/>
    <select idref="xccdf_org.ssgproject.content_rule_kernel_module_sctp_disabled" selected="true"/>
    <select idref="xccdf_org.ssgproject.content_rule_kernel_module_tipc_disabled" selected="true"/>
    <select idref="xccdf_org.ssgproject.content_rule_kernel_module_udf_disabled" selected="true"/>
    <select idref="xccdf_org.ssgproject.content_rule_kernel_module_usb-storage_disabled" selected="true"/>
    <select idref="xccdf_org.ssgproject.content_rule_logging_services_active" selected="true"/>
    <select idref="xccdf_org.ssgproject.content_rule_mount_option_dev_shm_nodev" selected="true"/>
    <select idref="xccdf_org.ssgproject.content_rule_mount_option_dev_shm_noexec" selected="true"/>
    <select idref="xccdf_org.ssgproject.content_rule_mount_option_dev_shm_nosuid" selected="true"/>
    <select idref="xccdf_org.ssgproject.content_rule_mount_option_home_nodev" selected="true"/>
    <select idref="xccdf_org.ssgproject.content_rule_mount_option_home_nosuid" selected="true"/>
    <select idref="xccdf_org.ssgproject.content_rule_mount_option_tmp_nodev" selected="true"/>
    <select idref="xccdf_org.ssgproject.content_rule_mount_option_tmp_noexec" selected="true"/>
    <select idref="xccdf_org.ssgproject.content_rule_mount_option_tmp_nosuid" selected="true"/>
    <select idref="xccdf_org.ssgproject.content_rule_mount_option_var_log_audit_nodev" selected="true"/>
    <select idref="xccdf_org.ssgproject.content_rule_mount_option_var_log_audit_noexec" selected="true"/>
    <select idref="xccdf_org.ssgproject.content_rule_mount_option_var_log_audit_nosuid" selected="true"/>
    <select idref="xccdf_org.ssgproject.content_rule_mount_option_var_log_nodev" selected="true"/>
    <select idref="xccdf_org.ssgproject.content_rule_mount_option_var_log_noexec" selected="true"/>
    <select idref="xccdf_org.ssgproject.content_rule_mount_option_var_log_nosuid" selected="true"/>
    <select idref="xccdf_org.ssgproject.content_rule_mount_option_var_nodev" selected="true"/>
    <select idref="xccdf_org.ssgproject.content_rule_mount_option_var_nosuid" selected="true"/>
    <select idref="xccdf_org.ssgproject.content_rule_mount_option_var_tmp_nodev" selected="true"/>
    <select idref="xccdf_org.ssgproject.content_rule_mount_option_var_tmp_noexec" selected="true"/>
    <select idref="xccdf_org.ssgproject.content_rule_mount_option_var_tmp_nosuid" selected="true"/>
    <select idref="xccdf_org.ssgproject.content_rule_nftables_ensure_default_deny_policy" selected="true"/>
    <select idref="xccdf_org.ssgproject.content_rule_no_dirs_unowned_by_root" selected="true"/>
    <select idref="xccdf_org.ssgproject.content_rule_no_empty_passwords_etc_shadow" selected="true"/>
    <select idref="xccdf_org.ssgproject.content_rule_no_empty_passwords_unix" selected="true"/>
    <select idref="xccdf_org.ssgproject.content_rule_no_files_unowned_by_user" selected="true"/>
    <select idref="xccdf_org.ssgproject.content_rule_no_forward_files" selected="true"/>
    <select idref="xccdf_org.ssgproject.content_rule_no_invalid_shell_accounts_unlocked" selected="true"/>
    <select idref="xccdf_org.ssgproject.content_rule_no_netrc_files" selected="true"/>
    <select idref="xccdf_org.ssgproject.content_rule_no_nologin_in_shells" selected="true"/>
    <select idref="xccdf_org.ssgproject.content_rule_no_rsh_trust_files" selected="true"/>
    <select idref="xccdf_org.ssgproject.content_rule_no_shelllogin_for_systemaccounts" selected="true"/>
    <select idref="xccdf_org.ssgproject.content_rule_ntp_single_service_active" selected="true"/>
    <select idref="xccdf_org.ssgproject.content_rule_package_aide_installed" selected="true"/>
    <select idref="xccdf_org.ssgproject.content_rule_package_apparmor-utils_installed" selected="true"/>
    <select idref="xccdf_org.ssgproject.content_rule_package_apparmor_installed" selected="true"/>
    <select idref="xccdf_org.ssgproject.content_rule_package_audit-audispd-plugins_installed" selected="true"/>
    <select idref="xccdf_org.ssgproject.content_rule_package_audit_installed" selected="true"/>
    <select idref="xccdf_org.ssgproject.content_rule_package_autofs_removed" selected="true"/>
    <select idref="xccdf_org.ssgproject.content_rule_package_avahi_removed" selected="true"/>
    <select idref="xccdf_org.ssgproject.content_rule_package_bind_removed" selected="true"/>
    <select idref="xccdf_org.ssgproject.content_rule_package_chrony_installed" selected="true"/>
    <select idref="xccdf_org.ssgproject.content_rule_package_cron_installed" selected="true"/>
    <select idref="xccdf_org.ssgproject.content_rule_package_cups_removed" selected="true"/>
    <select idref="xccdf_org.ssgproject.content_rule_package_dhcp_removed" selected="true"/>
    <select idref="xccdf_org.ssgproject.content_rule_package_dnsmasq_removed" selected="true"/>
    <select idref="xccdf_org.ssgproject.content_rule_package_dovecot_removed" selected="true"/>
    <select idref="xccdf_org.ssgproject.content_rule_package_ftp_removed" selected="true"/>
    <select idref="xccdf_org.ssgproject.content_rule_package_httpd_removed" selected="true"/>
    <select idref="xccdf_org.ssgproject.content_rule_package_iptables-persistent_installed" selected="true"/>
    <select idref="xccdf_org.ssgproject.content_rule_package_iptables-persistent_removed" selected="true"/>
    <select idref="xccdf_org.ssgproject.content_rule_package_iptables_installed" selected="true"/>
    <select idref="xccdf_org.ssgproject.content_rule_package_net-snmp_removed" selected="true"/>
    <select idref="xccdf_org.ssgproject.content_rule_package_nfs-kernel-server_removed" selected="true"/>
    <select idref="xccdf_org.ssgproject.content_rule_package_nftables_installed" selected="true"/>
    <select idref="xccdf_org.ssgproject.content_rule_package_nginx_removed" selected="true"/>
    <select idref="xccdf_org.ssgproject.content_rule_package_nis_removed" selected="true"/>
    <select idref="xccdf_org.ssgproject.content_rule_package_openldap-clients_removed" selected="true"/>
    <select idref="xccdf_org.ssgproject.content_rule_package_openldap-servers_removed" selected="true"/>
    <select idref="xccdf_org.ssgproject.content_rule_package_pam_modules_installed" selected="true"/>
    <select idref="xccdf_org.ssgproject.content_rule_package_pam_pwquality_installed" selected="true"/>
    <select idref="xccdf_org.ssgproject.content_rule_package_pam_runtime_installed" selected="true"/>
    <select idref="xccdf_org.ssgproject.content_rule_package_prelink_removed" selected="true"/>
    <select idref="xccdf_org.ssgproject.content_rule_package_rpcbind_removed" selected="true"/>
    <select idref="xccdf_org.ssgproject.content_rule_package_rsh_removed" selected="true"/>
    <select idref="xccdf_org.ssgproject.content_rule_package_rsync_removed" selected="true"/>
    <select idref="xccdf_org.ssgproject.content_rule_package_rsyslog_installed" selected="true"/>
    <select idref="xccdf_org.ssgproject.content_rule_package_samba_removed" selected="true"/>
    <select idref="xccdf_org.ssgproject.content_rule_package_squid_removed" selected="true"/>
    <select idref="xccdf_org.ssgproject.content_rule_package_sudo_installed" selected="true"/>
    <select idref="xccdf_org.ssgproject.content_rule_package_systemd-journal-remote_installed" selected="true"/>
    <select idref="xccdf_org.ssgproject.content_rule_package_talk_removed" selected="true"/>
    <select idref="xccdf_org.ssgproject.content_rule_package_telnet_removed" selected="true"/>
    <select idref="xccdf_org.ssgproject.content_rule_package_tftp-server_removed" selected="true"/>
    <select idref="xccdf_org.ssgproject.content_rule_package_timesyncd_installed" selected="true"/>
    <select idref="xccdf_org.ssgproject.content_rule_package_tnftp_removed" selected="true"/>
    <select idref="xccdf_org.ssgproject.content_rule_package_ufw_installed" selected="true"/>
    <select idref="xccdf_org.ssgproject.content_rule_package_ufw_removed" selected="true"/>
    <select idref="xccdf_org.ssgproject.content_rule_package_vsftpd_removed" selected="true"/>
    <select idref="xccdf_org.ssgproject.content_rule_package_xinetd_removed" selected="true"/>
    <select idref="xccdf_org.ssgproject.content_rule_package_ypserv_removed" selected="true"/>
    <select idref="xccdf_org.ssgproject.content_rule_partition_for_dev_shm" selected="true"/>
    <select idref="xccdf_org.ssgproject.content_rule_partition_for_home" selected="true"/>
    <select idref="xccdf_org.ssgproject.content_rule_partition_for_tmp" selected="true"/>
    <select idref="xccdf_org.ssgproject.content_rule_partition_for_var" selected="true"/>
    <select idref="xccdf_org.ssgproject.content_rule_partition_for_var_log" selected="true"/>
    <select idref="xccdf_org.ssgproject.content_rule_partition_for_var_log_audit" selected="true"/>
    <select idref="xccdf_org.ssgproject.content_rule_partition_for_var_tmp" selected="true"/>
    <select idref="xccdf_org.ssgproject.content_rule_postfix_network_listening_disabled" selected="true"/>
    <select idref="xccdf_org.ssgproject.content_rule_root_path_all_dirs" selected="true"/>
    <select idref="xccdf_org.ssgproject.content_rule_root_path_no_dot" selected="true"/>
    <select idref="xccdf_org.ssgproject.content_rule_rsyslog_filecreatemode" selected="true"/>
    <select idref="xccdf_org.ssgproject.content_rule_rsyslog_nolisten" selected="true"/>
    <select idref="xccdf_org.ssgproject.content_rule_service_apport_disabled" selected="true"/>
    <select idref="xccdf_org.ssgproject.content_rule_service_auditd_enabled" selected="true"/>
    <select idref="xccdf_org.ssgproject.content_rule_service_autofs_disabled" selected="true"/>
    <select idref="xccdf_org.ssgproject.content_rule_service_avahi-daemon_disabled" selected="true"/>
    <select idref="xccdf_org.ssgproject.content_rule_service_bluetooth_disabled" selected="true"/>
    <select idref="xccdf_org.ssgproject.content_rule_service_chronyd_disabled" selected="true"/>
    <select idref="xccdf_org.ssgproject.content_rule_service_chronyd_enabled" selected="true"/>
    <select idref="xccdf_org.ssgproject.content_rule_service_cron_enabled" selected="true"/>
    <select idref="xccdf_org.ssgproject.content_rule_service_cups_disabled" selected="true"/>
    <select idref="xccdf_org.ssgproject.content_rule_service_dhcpd6_disabled" selected="true"/>
    <select idref="xccdf_org.ssgproject.content_rule_service_dhcpd_disabled" selected="true"/>
    <select idref="xccdf_org.ssgproject.content_rule_service_dnsmasq_disabled" selected="true"/>
    <select idref="xccdf_org.ssgproject.content_rule_service_dovecot_disabled" selected="true"/>
    <select idref="xccdf_org.ssgproject.content_rule_service_httpd_disabled" selected="true"/>
    <select idref="xccdf_org.ssgproject.content_rule_service_named_disabled" selected="true"/>
    <select idref="xccdf_org.ssgproject.content_rule_service_nfs_disabled" selected="true"/>
    <select idref="xccdf_org.ssgproject.content_rule_service_nftables_disabled" selected="true"/>
    <select idref="xccdf_org.ssgproject.content_rule_service_nftables_enabled" selected="true"/>
    <select idref="xccdf_org.ssgproject.content_rule_service_nginx_disabled" selected="true"/>
    <select idref="xccdf_org.ssgproject.content_rule_service_rpcbind_disabled" selected="true"/>
    <select idref="xccdf_org.ssgproject.content_rule_service_rsyncd_disabled" selected="true"/>
    <select idref="xccdf_org.ssgproject.content_rule_service_rsyslog_enabled" selected="true"/>
    <select idref="xccdf_org.ssgproject.content_rule_service_slapd_disabled" selected="true"/>
    <select idref="xccdf_org.ssgproject.content_rule_service_smb_disabled" selected="true"/>
    <select idref="xccdf_org.ssgproject.content_rule_service_snmpd_disabled" selected="true"/>
    <select idref="xccdf_org.ssgproject.content_rule_service_squid_disabled" selected="true"/>
    <select idref="xccdf_org.ssgproject.content_rule_service_systemd-journal-upload_enabled" selected="true"/>
    <select idref="xccdf_org.ssgproject.content_rule_service_systemd-journald_enabled" selected="true"/>
    <select idref="xccdf_org.ssgproject.content_rule_service_tftp_disabled" selected="true"/>
    <select idref="xccdf_org.ssgproject.content_rule_service_timesyncd_configured" selected="true"/>
    <select idref="xccdf_org.ssgproject.content_rule_service_timesyncd_disabled" selected="true"/>
    <select idref="xccdf_org.ssgproject.content_rule_service_timesyncd_enabled" selected="true"/>
    <select idref="xccdf_org.ssgproject.content_rule_service_ufw_enabled" selected="true"/>
    <select idref="xccdf_org.ssgproject.content_rule_service_vsftpd_disabled" selected="true"/>
    <select idref="xccdf_org.ssgproject.content_rule_service_xinetd_disabled" selected="true"/>
    <select idref="xccdf_org.ssgproject.content_rule_service_ypserv_disabled" selected="true"/>
    <select idref="xccdf_org.ssgproject.content_rule_set_ip6tables_default_rule" selected="true"/>
    <select idref="xccdf_org.ssgproject.content_rule_set_iptables_default_rule" selected="true"/>
    <select idref="xccdf_org.ssgproject.content_rule_set_ipv6_loopback_traffic" selected="true"/>
    <select idref="xccdf_org.ssgproject.content_rule_set_loopback_traffic" selected="true"/>
    <select idref="xccdf_org.ssgproject.content_rule_set_nftables_base_chain" selected="true"/>
    <select idref="xccdf_org.ssgproject.content_rule_set_nftables_loopback_traffic" selected="true"/>
    <select idref="xccdf_org.ssgproject.content_rule_set_nftables_table" selected="true"/>
    <select idref="xccdf_org.ssgproject.content_rule_set_password_hashing_algorithm_logindefs" selected="true"/>
    <select idref="xccdf_org.ssgproject.content_rule_set_password_hashing_algorithm_systemauth" selected="true"/>
    <select idref="xccdf_org.ssgproject.content_rule_set_ufw_default_rule" selected="true"/>
    <select idref="xccdf_org.ssgproject.content_rule_set_ufw_loopback_traffic" selected="true"/>
    <select idref="xccdf_org.ssgproject.content_rule_socket_systemd-journal-remote_disabled" selected="true"/>
    <select idref="xccdf_org.ssgproject.content_rule_sshd_disable_empty_passwords" selected="true"/>
    <select idref="xccdf_org.ssgproject.content_rule_sshd_disable_forwarding" selected="true"/>
    <select idref="xccdf_org.ssgproject.content_rule_sshd_disable_gssapi_auth" selected="true"/>
    <select idref="xccdf_org.ssgproject.content_rule_sshd_disable_rhosts" selected="true"/>
    <select idref="xccdf_org.ssgproject.content_rule_sshd_disable_root_login" selected="true"/>
    <select idref="xccdf_org.ssgproject.content_rule_sshd_do_not_permit_user_env" selected="true"/>
    <select idref="xccdf_org.ssgproject.content_rule_sshd_enable_pam" selected="true"/>
    <select idref="xccdf_org.ssgproject.content_rule_sshd_enable_warning_banner_net" selected="true"/>
    <select idref="xccdf_org.ssgproject.content_rule_sshd_limit_user_access" selected="true"/>
    <select idref="xccdf_org.ssgproject.content_rule_sshd_set_idle_timeout" selected="true"/>
    <select idref="xccdf_org.ssgproject.content_rule_sshd_set_keepalive" selected="true"/>
    <select idref="xccdf_org.ssgproject.content_rule_sshd_set_login_grace_time" selected="true"/>
    <select idref="xccdf_org.ssgproject.content_rule_sshd_set_loglevel_info" selected="true"/>
    <select idref="xccdf_org.ssgproject.content_rule_sshd_set_max_auth_tries" selected="true"/>
    <select idref="xccdf_org.ssgproject.content_rule_sshd_set_max_sessions" selected="true"/>
    <select idref="xccdf_org.ssgproject.content_rule_sshd_set_maxstartups" selected="true"/>
    <select idref="xccdf_org.ssgproject.content_rule_sshd_use_strong_ciphers" selected="true"/>
    <select idref="xccdf_org.ssgproject.content_rule_sshd_use_strong_kex" selected="true"/>
    <select idref="xccdf_org.ssgproject.content_rule_sshd_use_strong_macs" selected="true"/>
    <select idref="xccdf_org.ssgproject.content_rule_sudo_add_use_pty" selected="true"/>
    <select idref="xccdf_org.ssgproject.content_rule_sudo_custom_logfile" selected="true"/>
    <select idref="xccdf_org.ssgproject.content_rule_sudo_remove_no_authenticate" selected="true"/>
    <select idref="xccdf_org.ssgproject.content_rule_sudo_require_authentication" selected="true"/>
    <select idref="xccdf_org.ssgproject.content_rule_sudo_require_reauthentication" selected="true"/>
    <select idref="xccdf_org.ssgproject.content_rule_sysctl_fs_suid_dumpable" selected="true"/>
    <select idref="xccdf_org.ssgproject.content_rule_sysctl_kernel_randomize_va_space" selected="true"/>
    <select idref="xccdf_org.ssgproject.content_rule_sysctl_kernel_yama_ptrace_scope" selected="true"/>
    <select idref="xccdf_org.ssgproject.content_rule_sysctl_net_ipv4_conf_all_accept_redirects" selected="true"/>
    <select idref="xccdf_org.ssgproject.content_rule_sysctl_net_ipv4_conf_all_accept_source_route" selected="true"/>
    <select idref="xccdf_org.ssgproject.content_rule_sysctl_net_ipv4_conf_all_log_martians" selected="true"/>
    <select idref="xccdf_org.ssgproject.content_rule_sysctl_net_ipv4_conf_all_rp_filter" selected="true"/>
    <select idref="xccdf_org.ssgproject.content_rule_sysctl_net_ipv4_conf_all_secure_redirects" selected="true"/>
    <select idref="xccdf_org.ssgproject.content_rule_sysctl_net_ipv4_conf_all_send_redirects" selected="true"/>
    <select idref="xccdf_org.ssgproject.content_rule_sysctl_net_ipv4_conf_default_accept_redirects" selected="true"/>
    <select idref="xccdf_org.ssgproject.content_rule_sysctl_net_ipv4_conf_default_accept_source_route" selected="true"/>
    <select idref="xccdf_org.ssgproject.content_rule_sysctl_net_ipv4_conf_default_log_martians" selected="true"/>
    <select idref="xccdf_org.ssgproject.content_rule_sysctl_net_ipv4_conf_default_rp_filter" selected="true"/>
    <select idref="xccdf_org.ssgproject.content_rule_sysctl_net_ipv4_conf_default_secure_redirects" selected="true"/>
    <select idref="xccdf_org.ssgproject.content_rule_sysctl_net_ipv4_conf_default_send_redirects" selected="true"/>
    <select idref="xccdf_org.ssgproject.content_rule_sysctl_net_ipv4_icmp_echo_ignore_broadcasts" selected="true"/>
    <select idref="xccdf_org.ssgproject.content_rule_sysctl_net_ipv4_icmp_ignore_bogus_error_responses" selected="true"/>
    <select idref="xccdf_org.ssgproject.content_rule_sysctl_net_ipv4_ip_forward" selected="true"/>
    <select idref="xccdf_org.ssgproject.content_rule_sysctl_net_ipv4_tcp_syncookies" selected="true"/>
    <select idref="xccdf_org.ssgproject.content_rule_sysctl_net_ipv6_conf_all_accept_ra" selected="true"/>
    <select idref="xccdf_org.ssgproject.content_rule_sysctl_net_ipv6_conf_all_accept_redirects" selected="true"/>
    <select idref="xccdf_org.ssgproject.content_rule_sysctl_net_ipv6_conf_all_accept_source_route" selected="true"/>
    <select idref="xccdf_org.ssgproject.content_rule_sysctl_net_ipv6_conf_all_forwarding" selected="true"/>
    <select idref="xccdf_org.ssgproject.content_rule_sysctl_net_ipv6_conf_default_accept_ra" selected="true"/>
    <select idref="xccdf_org.ssgproject.content_rule_sysctl_net_ipv6_conf_default_accept_redirects" selected="true"/>
    <select idref="xccdf_org.ssgproject.content_rule_sysctl_net_ipv6_conf_default_accept_source_route" selected="true"/>
    <select idref="xccdf_org.ssgproject.content_rule_systemd_journal_upload_server_tls" selected="true"/>
    <select idref="xccdf_org.ssgproject.content_rule_systemd_journal_upload_url" selected="true"/>
    <select idref="xccdf_org.ssgproject.content_rule_ufw_rules_for_open_ports" selected="true"/>
    <select idref="xccdf_org.ssgproject.content_rule_use_pam_wheel_group_for_su" selected="true"/>
    <select idref="xccdf_org.ssgproject.content_group_bootloader-zipl" selected="false"/>
    <select idref="xccdf_org.ssgproject.content_group_disabling_xwindows" selected="false"/>
    <select idref="xccdf_org.ssgproject.content_group_rsyslog_sending_messages" selected="false"/>
    <select idref="xccdf_org.ssgproject.content_group_xwindows" selected="false"/>
    <refine-value idref="xccdf_org.ssgproject.content_value_var_user_initialization_files_regex" selector="all_dotfiles"/>
    <refine-value idref="xccdf_org.ssgproject.content_value_var_accounts_user_umask" selector="027"/>
    <refine-value idref="xccdf_org.ssgproject.content_value_var_accounts_tmout" selector="15_min"/>
    <refine-value idref="xccdf_org.ssgproject.content_value_var_account_disable_post_pw_expiration" selector="45"/>
    <refine-value idref="xccdf_org.ssgproject.content_value_var_password_hashing_algorithm" selector="cis_ubuntu2404"/>
    <refine-value idref="xccdf_org.ssgproject.content_value_var_accounts_password_warn_age_login_defs" selector="7"/>
    <refine-value idref="xccdf_org.ssgproject.content_value_var_accounts_maximum_age_login_defs" selector="365"/>
    <refine-value idref="xccdf_org.ssgproject.content_value_var_password_hashing_algorithm_pam" selector="yescrypt"/>
    <refine-value idref="xccdf_org.ssgproject.content_value_var_password_pam_remember" selector="24"/>
    <refine-value idref="xccdf_org.ssgproject.content_value_var_password_pam_enforcing" selector="1"/>
    <refine-value idref="xccdf_org.ssgproject.content_value_var_password_pam_dictcheck" selector="1"/>
    <refine-value idref="xccdf_org.ssgproject.content_value_var_password_pam_maxrepeat" selector="3"/>
    <refine-value idref="xccdf_org.ssgproject.content_value_var_password_pam_minclass" selector="4"/>
    <refine-value idref="xccdf_org.ssgproject.content_value_var_password_pam_dcredit" selector="1"/>
    <refine-value idref="xccdf_org.ssgproject.content_value_var_password_pam_lcredit" selector="1"/>
    <refine-value idref="xccdf_org.ssgproject.content_value_var_password_pam_ocredit" selector="1"/>
    <refine-value idref="xccdf_org.ssgproject.content_value_var_password_pam_ucredit" selector="1"/>
    <refine-value idref="xccdf_org.ssgproject.content_value_var_password_pam_minlen" selector="14"/>
    <refine-value idref="xccdf_org.ssgproject.content_value_var_password_pam_difok" selector="2"/>
    <refine-value idref="xccdf_org.ssgproject.content_value_var_accounts_passwords_pam_faillock_deny" selector="4"/>
    <refine-value idref="xccdf_org.ssgproject.content_value_var_pam_wheel_group_for_su" selector="cis"/>
    <refine-value idref="xccdf_org.ssgproject.content_value_var_sudo_timestamp_timeout" selector="15_minutes"/>
    <refine-value idref="xccdf_org.ssgproject.content_value_var_sshd_set_maxstartups" selector="10:30:60"/>
    <refine-value idref="xccdf_org.ssgproject.content_value_var_sshd_max_sessions" selector="10"/>
    <refine-value idref="xccdf_org.ssgproject.content_value_sshd_max_auth_tries_value" selector="4"/>
    <refine-value idref="xccdf_org.ssgproject.content_value_sshd_strong_macs" selector="cis_ubuntu2404"/>
    <refine-value idref="xccdf_org.ssgproject.content_value_var_sshd_set_login_grace_time" selector="60"/>
    <refine-value idref="xccdf_org.ssgproject.content_value_sshd_strong_kex" selector="cis_ubuntu2404"/>
    <refine-value idref="xccdf_org.ssgproject.content_value_sshd_idle_timeout_value" selector="5_minutes"/>
    <refine-value idref="xccdf_org.ssgproject.content_value_var_sshd_set_keepalive" selector="3"/>
    <refine-value idref="xccdf_org.ssgproject.content_value_var_nftables_base_chain_names" selector="chain_names"/>
    <refine-value idref="xccdf_org.ssgproject.content_value_var_nftables_base_chain_types" selector="chain_types"/>
    <refine-value idref="xccdf_org.ssgproject.content_value_var_nftables_base_chain_hooks" selector="chain_hooks"/>
    <refine-value idref="xccdf_org.ssgproject.content_value_var_nftables_base_chain_priorities" selector="chain_priorities"/>
    <refine-value idref="xccdf_org.ssgproject.content_value_var_nftables_base_chain_policies" selector="chain_policies"/>
    <refine-value idref="xccdf_org.ssgproject.content_value_var_nftables_family" selector="inet"/>
    <refine-value idref="xccdf_org.ssgproject.content_value_var_nftables_table" selector="filter"/>
    <refine-value idref="xccdf_org.ssgproject.content_value_var_network_filtering_service" selector="nftables"/>
    <refine-value idref="xccdf_org.ssgproject.content_value_var_multiple_time_pools" selector="ubuntu"/>
    <refine-value idref="xccdf_org.ssgproject.content_value_var_multiple_time_servers" selector="ubuntu"/>
    <refine-value idref="xccdf_org.ssgproject.content_value_var_timesync_service" selector="systemd-timesyncd"/>
    <refine-value idref="xccdf_org.ssgproject.content_value_var_postfix_inet_interfaces" selector="loopback-only"/>
    <refine-value idref="xccdf_org.ssgproject.content_value_inactivity_timeout_value" selector="15_minutes"/>
    <refine-value idref="xccdf_org.ssgproject.content_value_var_screensaver_lock_delay" selector="5_seconds"/>
    <refine-value idref="xccdf_org.ssgproject.content_value_login_banner_text" selector="cis_default"/>
    <refine-value idref="xccdf_org.ssgproject.content_value_cis_banner_text" selector="cis"/>
    <refine-value idref="xccdf_org.ssgproject.content_value_sysctl_kernel_yama_ptrace_scope_value" selector="1"/>
    <refine-value idref="xccdf_org.ssgproject.content_value_var_accounts_passwords_pam_faillock_dir" selector="run"/>
    <refine-value idref="xccdf_org.ssgproject.content_value_var_auditd_action_mail_acct" selector="root"/>
    <refine-value idref="xccdf_org.ssgproject.content_value_var_auditd_space_left_action" selector="email"/>
    <refine-value idref="xccdf_org.ssgproject.content_value_var_auditd_admin_space_left_action" selector="halt"/>
    <refine-value idref="xccdf_org.ssgproject.content_value_var_auditd_disk_error_action" selector="cis_ubuntu2404"/>
    <refine-value idref="xccdf_org.ssgproject.content_value_var_auditd_disk_full_action" selector="cis_ubuntu2404"/>
    <refine-value idref="xccdf_org.ssgproject.content_value_var_auditd_max_log_file_action" selector="keep_logs"/>
    <refine-value idref="xccdf_org.ssgproject.content_value_var_auditd_max_log_file" selector="6"/>
    <refine-value idref="xccdf_org.ssgproject.content_value_var_accounts_minimum_age_login_defs" selector="1"/>
    <refine-value idref="xccdf_org.ssgproject.content_value_var_accounts_passwords_pam_faillock_unlock_time" selector="900"/>
    <refine-value idref="xccdf_org.ssgproject.content_value_var_apparmor_mode" selector="enforce"/>
  </Profile>
  <Group id="xccdf_org.ssgproject.content_group_system">
    <title xmlns:xhtml="http://www.w3.org/1999/xhtml" xml:lang="en-US">System Settings</title>
    <description xmlns:xhtml="http://www.w3.org/1999/xhtml" xml:lang="en-US">Contains rules that check correct system settings.</description>
    <Group id="xccdf_org.ssgproject.content_group_software">
      <title xmlns:xhtml="http://www.w3.org/1999/xhtml" xml:lang="en-US">Installing and Maintaining Software</title>
      <description xmlns:xhtml="http://www.w3.org/1999/xhtml" xml:lang="en-US">The following sections contain information on
security-relevant choices during the initial operating system
installation process and the setup of software
updates.</description>
      <Group id="xccdf_org.ssgproject.content_group_integrity">
        <title xmlns:xhtml="http://www.w3.org/1999/xhtml" xml:lang="en-US">System and Software Integrity</title>
        <description xmlns:xhtml="http://www.w3.org/1999/xhtml" xml:lang="en-US">System and software integrity can be gained by installing antivirus, increasing
system encryption strength with FIPS, verifying installed software, enabling SELinux,
installing an Intrusion Prevention System, etc. However, installing or enabling integrity
checking tools cannot <html:i xmlns:html="http://www.w3.org/1999/xhtml">prevent</html:i> intrusions, but they can detect that an intrusion
may have occurred. Requirements for integrity checking may be highly dependent on
the environment in which the system will be used. Snapshot-based approaches such
as AIDE may induce considerable overhead in the presence of frequent software updates.</description>
        <Rule id="xccdf_org.ssgproject.content_rule_package_prelink_removed" selected="false" role="full" severity="medium">
          <title xmlns:xhtml="http://www.w3.org/1999/xhtml" xml:lang="en-US">Package "prelink" Must not be Installed</title>
          <description xmlns:xhtml="http://www.w3.org/1999/xhtml" xml:lang="en-US">The <html:code xmlns:html="http://www.w3.org/1999/xhtml">prelink</html:code> package can be removed with the following command:
 <html:pre xmlns:html="http://www.w3.org/1999/xhtml">
 $ apt-get remove prelink</html:pre>
       </description>
          <reference href="https://www.cisecurity.org/benchmark/ubuntu_linux/">1.5.4</reference>
          <rationale xmlns:xhtml="http://www.w3.org/1999/xhtml" xml:lang="en-US">The use of the <html:code xmlns:html="http://www.w3.org/1999/xhtml">prelink</html:code> package can interfere with the operation of AIDE since it binaries.
Prelinking can also increase damage caused by vulnerability in a common library like libc.</rationale>
          <fix xmlns:xhtml="http://www.w3.org/1999/xhtml" id="package_prelink_removed" system="urn:xccdf:fix:script:puppet" complexity="low" disruption="low" strategy="disable">include remove_prelink

class remove_prelink {
  package { 'prelink':
    ensure =&gt; 'purged',
  }
}
</fix>
          <fix xmlns:xhtml="http://www.w3.org/1999/xhtml" id="package_prelink_removed" system="urn:xccdf:fix:script:ansible" complexity="medium" disruption="low" strategy="disable">- name: Check If Prelinked Is Installed
  ansible.builtin.stat:
    path: /usr/sbin/prelink
    get_checksum: false
  register: prelink
  tags:
  - disable_strategy
  - low_disruption
  - medium_complexity
  - medium_severity
  - no_reboot_needed
  - package_prelink_removed

- name: Restore Prelinked Binaries
  ansible.builtin.command:
    cmd: prelink -ua
  when: prelink.stat.exists
  tags:
  - disable_strategy
  - low_disruption
  - medium_complexity
  - medium_severity
  - no_reboot_needed
  - package_prelink_removed

- name: Ensure prelink is Removed
  ansible.builtin.package:
    name: prelink
    state: absent
  tags:
  - disable_strategy
  - low_disruption
  - medium_complexity
  - medium_severity
  - no_reboot_needed
  - package_prelink_removed
</fix>
          <fix xmlns:xhtml="http://www.w3.org/1999/xhtml" id="package_prelink_removed" system="urn:xccdf:fix:script:sh" complexity="medium" disruption="low" strategy="disable">
if [[ -f /usr/sbin/prelink ]];
then
prelink -ua
fi

DEBIAN_FRONTEND=noninteractive apt-get remove -y "prelink"
</fix>
          <check system="http://oval.mitre.org/XMLSchema/oval-definitions-5">
            <check-content-ref name="oval:ssg-package_prelink_removed:def:1" href="ssg-ubuntu2404-oval.xml"/>
          </check>
        </Rule>
        <Group id="xccdf_org.ssgproject.content_group_software-integrity">
          <title xmlns:xhtml="http://www.w3.org/1999/xhtml" xml:lang="en-US">Software Integrity Checking</title>
          <description xmlns:xhtml="http://www.w3.org/1999/xhtml" xml:lang="en-US">Both the AIDE (Advanced Intrusion Detection Environment)
software and the RPM package management system provide
mechanisms for verifying the integrity of installed software.
AIDE uses snapshots of file metadata (such as hashes) and compares these
to current system files in order to detect changes.
<html:br xmlns:html="http://www.w3.org/1999/xhtml"/>
        <html:br xmlns:html="http://www.w3.org/1999/xhtml"/>
The RPM package management system can conduct integrity
checks by comparing information in its metadata database with
files installed on the system.</description>
          <Group id="xccdf_org.ssgproject.content_group_aide">
            <title xmlns:xhtml="http://www.w3.org/1999/xhtml" xml:lang="en-US">Verify Integrity with AIDE</title>
            <description xmlns:xhtml="http://www.w3.org/1999/xhtml" xml:lang="en-US">AIDE conducts integrity checks by comparing information about
files with previously-gathered information. Ideally, the AIDE database is
created immediately after initial system configuration, and then again after any
software update.  AIDE is highly configurable, with further configuration
information located in <html:code xmlns:html="http://www.w3.org/1999/xhtml">/usr/share/doc/aide-<html:i>VERSION</html:i>
         </html:code>.</description>
            <platform idref="#system_with_kernel"/>
            <Rule id="xccdf_org.ssgproject.content_rule_package_aide_installed" selected="false" role="full" severity="medium">
              <title xmlns:xhtml="http://www.w3.org/1999/xhtml" xml:lang="en-US">Install AIDE</title>
              <description xmlns:xhtml="http://www.w3.org/1999/xhtml" xml:lang="en-US">The <html:code xmlns:html="http://www.w3.org/1999/xhtml">aide</html:code> package can be installed with the following command:
<html:pre xmlns:html="http://www.w3.org/1999/xhtml">
$ apt-get install aide</html:pre>
         </description>
              <reference href="https://www.cisecurity.org/controls/">1</reference>
              <reference href="https://www.cisecurity.org/controls/">11</reference>
              <reference href="https://www.cisecurity.org/controls/">12</reference>
              <reference href="https://www.cisecurity.org/controls/">13</reference>
              <reference href="https://www.cisecurity.org/controls/">14</reference>
              <reference href="https://www.cisecurity.org/controls/">15</reference>
              <reference href="https://www.cisecurity.org/controls/">16</reference>
              <reference href="https://www.cisecurity.org/controls/">2</reference>
              <reference href="https://www.cisecurity.org/controls/">3</reference>
              <reference href="https://www.cisecurity.org/controls/">5</reference>
              <reference href="https://www.cisecurity.org/controls/">7</reference>
              <reference href="https://www.cisecurity.org/controls/">8</reference>
              <reference href="https://www.cisecurity.org/controls/">9</reference>
              <reference href="https://www.fbi.gov/file-repository/cjis-security-policy-v5_5_20160601-2-1.pdf">5.10.1.3</reference>
              <reference href="https://www.isaca.org/resources/cobit">APO01.06</reference>
              <reference href="https://www.isaca.org/resources/cobit">BAI01.06</reference>
              <reference href="https://www.isaca.org/resources/cobit">BAI02.01</reference>
              <reference href="https://www.isaca.org/resources/cobit">BAI03.05</reference>
              <reference href="https://www.isaca.org/resources/cobit">BAI06.01</reference>
              <reference href="https://www.isaca.org/resources/cobit">BAI10.01</reference>
              <reference href="https://www.isaca.org/resources/cobit">BAI10.02</reference>
              <reference href="https://www.isaca.org/resources/cobit">BAI10.03</reference>
              <reference href="https://www.isaca.org/resources/cobit">BAI10.05</reference>
              <reference href="https://www.isaca.org/resources/cobit">DSS01.03</reference>
              <reference href="https://www.isaca.org/resources/cobit">DSS03.05</reference>
              <reference href="https://www.isaca.org/resources/cobit">DSS04.07</reference>
              <reference href="https://www.isaca.org/resources/cobit">DSS05.02</reference>
              <reference href="https://www.isaca.org/resources/cobit">DSS05.03</reference>
              <reference href="https://www.isaca.org/resources/cobit">DSS05.05</reference>
              <reference href="https://www.isaca.org/resources/cobit">DSS05.07</reference>
              <reference href="https://www.isaca.org/resources/cobit">DSS06.02</reference>
              <reference href="https://www.isaca.org/resources/cobit">DSS06.06</reference>
              <reference href="https://public.cyber.mil/stigs/cci/">CCI-002696</reference>
              <reference href="https://public.cyber.mil/stigs/cci/">CCI-001744</reference>
              <reference href="https://www.isa.org/products/isa-62443-2-1-2009-security-for-industrial-automat">4.3.4.3.2</reference>
              <reference href="https://www.isa.org/products/isa-62443-2-1-2009-security-for-industrial-automat">4.3.4.3.3</reference>
              <reference href="https://www.isa.org/products/isa-62443-2-1-2009-security-for-industrial-automat">4.3.4.4.4</reference>
              <reference href="https://www.isa.org/products/ansi-isa-62443-3-3-99-03-03-2013-security-for-indu">SR 3.1</reference>
              <reference href="https://www.isa.org/products/ansi-isa-62443-3-3-99-03-03-2013-security-for-indu">SR 3.3</reference>
              <reference href="https://www.isa.org/products/ansi-isa-62443-3-3-99-03-03-2013-security-for-indu">SR 3.4</reference>
              <reference href="https://www.isa.org/products/ansi-isa-62443-3-3-99-03-03-2013-security-for-indu">SR 3.8</reference>
              <reference href="https://www.isa.org/products/ansi-isa-62443-3-3-99-03-03-2013-security-for-indu">SR 4.1</reference>
              <reference href="https://www.isa.org/products/ansi-isa-62443-3-3-99-03-03-2013-security-for-indu">SR 6.2</reference>
              <reference href="https://www.isa.org/products/ansi-isa-62443-3-3-99-03-03-2013-security-for-indu">SR 7.6</reference>
              <reference href="https://www.cyber.gov.au/acsc/view-all-content/ism">1034</reference>
              <reference href="https://www.cyber.gov.au/acsc/view-all-content/ism">1288</reference>
              <reference href="https://www.cyber.gov.au/acsc/view-all-content/ism">1341</reference>
              <reference href="https://www.cyber.gov.au/acsc/view-all-content/ism">1417</reference>
              <reference href="https://www.iso.org/contents/data/standard/05/45/54534.html">A.11.2.4</reference>
              <reference href="https://www.iso.org/contents/data/standard/05/45/54534.html">A.12.1.2</reference>
              <reference href="https://www.iso.org/contents/data/standard/05/45/54534.html">A.12.2.1</reference>
              <reference href="https://www.iso.org/contents/data/standard/05/45/54534.html">A.12.4.1</reference>
              <reference href="https://www.iso.org/contents/data/standard/05/45/54534.html">A.12.5.1</reference>
              <reference href="https://www.iso.org/contents/data/standard/05/45/54534.html">A.12.6.2</reference>
              <reference href="https://www.iso.org/contents/data/standard/05/45/54534.html">A.14.1.2</reference>
              <reference href="https://www.iso.org/contents/data/standard/05/45/54534.html">A.14.1.3</reference>
              <reference href="https://www.iso.org/contents/data/standard/05/45/54534.html">A.14.2.2</reference>
              <reference href="https://www.iso.org/contents/data/standard/05/45/54534.html">A.14.2.3</reference>
              <reference href="https://www.iso.org/contents/data/standard/05/45/54534.html">A.14.2.4</reference>
              <reference href="https://www.iso.org/contents/data/standard/05/45/54534.html">A.14.2.7</reference>
              <reference href="https://www.iso.org/contents/data/standard/05/45/54534.html">A.15.2.1</reference>
              <reference href="https://www.iso.org/contents/data/standard/05/45/54534.html">A.8.2.3</reference>
              <reference href="http://nvlpubs.nist.gov/nistpubs/SpecialPublications/NIST.SP.800-53r4.pdf">CM-6(a)</reference>
              <reference href="https://nvlpubs.nist.gov/nistpubs/CSWP/NIST.CSWP.04162018.pdf">DE.CM-1</reference>
              <reference href="https://nvlpubs.nist.gov/nistpubs/CSWP/NIST.CSWP.04162018.pdf">DE.CM-7</reference>
              <reference href="https://nvlpubs.nist.gov/nistpubs/CSWP/NIST.CSWP.04162018.pdf">PR.DS-1</reference>
              <reference href="https://nvlpubs.nist.gov/nistpubs/CSWP/NIST.CSWP.04162018.pdf">PR.DS-6</reference>
              <reference href="https://nvlpubs.nist.gov/nistpubs/CSWP/NIST.CSWP.04162018.pdf">PR.DS-8</reference>
              <reference href="https://nvlpubs.nist.gov/nistpubs/CSWP/NIST.CSWP.04162018.pdf">PR.IP-1</reference>
              <reference href="https://nvlpubs.nist.gov/nistpubs/CSWP/NIST.CSWP.04162018.pdf">PR.IP-3</reference>
              <reference href="https://www.pcisecuritystandards.org/documents/PCI_DSS_v3-2-1.pdf">Req-11.5</reference>
              <reference href="https://public.cyber.mil/stigs/downloads/?_dl_facet_stigs=operating-systems%2Cgeneral-purpose-os">SRG-OS-000445-GPOS-00199</reference>
              <reference href="https://cyber.gouv.fr/sites/default/files/document/linux_configuration-en-v2.pdf">R76</reference>
              <reference href="https://cyber.gouv.fr/sites/default/files/document/linux_configuration-en-v2.pdf">R79</reference>
              <reference href="https://www.cisecurity.org/benchmark/ubuntu_linux/">6.3.1</reference>
              <reference href="https://docs-prv.pcisecuritystandards.org/PCI%20DSS/Standard/PCI-DSS-v4_0.pdf">11.5.2</reference>
              <rationale xmlns:xhtml="http://www.w3.org/1999/xhtml" xml:lang="en-US">The AIDE package must be installed if it is to be available for integrity checking.</rationale>
              <fix xmlns:xhtml="http://www.w3.org/1999/xhtml" id="package_aide_installed" system="urn:redhat:osbuild:blueprint">
[[packages]]
name = "aide"
version = "*"
</fix>
              <fix xmlns:xhtml="http://www.w3.org/1999/xhtml" id="package_aide_installed" system="urn:xccdf:fix:script:puppet" complexity="low" disruption="low" strategy="enable">include install_aide

class install_aide {
  package { 'aide':
    ensure =&gt; 'installed',
  }
}
</fix>
              <fix xmlns:xhtml="http://www.w3.org/1999/xhtml" id="package_aide_installed" system="urn:xccdf:fix:script:ansible" complexity="low" disruption="low" strategy="enable">- name: Gather the package facts
  package_facts:
    manager: auto
  tags:
  - CJIS-5.10.1.3
  - NIST-800-53-CM-6(a)
  - PCI-DSS-Req-11.5
  - PCI-DSSv4-11.5.2
  - enable_strategy
  - low_complexity
  - low_disruption
  - medium_severity
  - no_reboot_needed
  - package_aide_installed

- name: Ensure aide is installed
  package:
    name: aide
    state: present
  when: '"linux-base" in ansible_facts.packages'
  tags:
  - CJIS-5.10.1.3
  - NIST-800-53-CM-6(a)
  - PCI-DSS-Req-11.5
  - PCI-DSSv4-11.5.2
  - enable_strategy
  - low_complexity
  - low_disruption
  - medium_severity
  - no_reboot_needed
  - package_aide_installed
</fix>
              <fix xmlns:xhtml="http://www.w3.org/1999/xhtml" id="package_aide_installed" system="urn:xccdf:fix:script:sh" complexity="low" disruption="low" strategy="enable"># Remediation is applicable only in certain platforms
if dpkg-query --show --showformat='${db:Status-Status}
' 'linux-base' 2&gt;/dev/null | grep -q ^installed; then

DEBIAN_FRONTEND=noninteractive apt-get install -y "aide"

else
    &gt;&amp;2 echo 'Remediation is not applicable, nothing was done'
fi
</fix>
              <check system="http://oval.mitre.org/XMLSchema/oval-definitions-5">
                <check-content-ref name="oval:ssg-package_aide_installed:def:1" href="ssg-ubuntu2404-oval.xml"/>
              </check>
              <check system="http://scap.nist.gov/schema/ocil/2">
                <check-content-ref name="ocil:ssg-package_aide_installed_ocil:questionnaire:1" href="ssg-ubuntu2404-ocil.xml"/>
              </check>
            </Rule>
            <Rule id="xccdf_org.ssgproject.content_rule_aide_build_database" selected="false" role="full" severity="medium">
              <title xmlns:xhtml="http://www.w3.org/1999/xhtml" xml:lang="en-US">Build and Test AIDE Database</title>
              <description xmlns:xhtml="http://www.w3.org/1999/xhtml" xml:lang="en-US">Run the following command to generate a new database:

<html:pre xmlns:html="http://www.w3.org/1999/xhtml">$ sudo aideinit</html:pre>

By default, the database will be written to the file

<html:code xmlns:html="http://www.w3.org/1999/xhtml">/var/lib/aide/aide.db.new</html:code>.

Storing the database, the configuration file <html:code xmlns:html="http://www.w3.org/1999/xhtml">/etc/aide.conf</html:code>, and the binary
<html:code xmlns:html="http://www.w3.org/1999/xhtml">/usr/bin/aide</html:code>
(or hashes of these files), in a secure location (such as on read-only media) provides additional assurance about their integrity.
The newly-generated database can be installed as follows:

<html:pre xmlns:html="http://www.w3.org/1999/xhtml">$ sudo cp /var/lib/aide/aide.db.new /var/lib/aide/aide.db</html:pre>

To initiate a manual check, run the following command:
<html:pre xmlns:html="http://www.w3.org/1999/xhtml">$ sudo /usr/bin/aide --check</html:pre>
If this check produces any unexpected output, investigate.</description>
              <reference href="https://www.cisecurity.org/controls/">1</reference>
              <reference href="https://www.cisecurity.org/controls/">11</reference>
              <reference href="https://www.cisecurity.org/controls/">12</reference>
              <reference href="https://www.cisecurity.org/controls/">13</reference>
              <reference href="https://www.cisecurity.org/controls/">14</reference>
              <reference href="https://www.cisecurity.org/controls/">15</reference>
              <reference href="https://www.cisecurity.org/controls/">16</reference>
              <reference href="https://www.cisecurity.org/controls/">2</reference>
              <reference href="https://www.cisecurity.org/controls/">3</reference>
              <reference href="https://www.cisecurity.org/controls/">5</reference>
              <reference href="https://www.cisecurity.org/controls/">7</reference>
              <reference href="https://www.cisecurity.org/controls/">8</reference>
              <reference href="https://www.cisecurity.org/controls/">9</reference>
              <reference href="https://www.fbi.gov/file-repository/cjis-security-policy-v5_5_20160601-2-1.pdf">5.10.1.3</reference>
              <reference href="https://www.isaca.org/resources/cobit">APO01.06</reference>
              <reference href="https://www.isaca.org/resources/cobit">BAI01.06</reference>
              <reference href="https://www.isaca.org/resources/cobit">BAI02.01</reference>
              <reference href="https://www.isaca.org/resources/cobit">BAI03.05</reference>
              <reference href="https://www.isaca.org/resources/cobit">BAI06.01</reference>
              <reference href="https://www.isaca.org/resources/cobit">BAI10.01</reference>
              <reference href="https://www.isaca.org/resources/cobit">BAI10.02</reference>
              <reference href="https://www.isaca.org/resources/cobit">BAI10.03</reference>
              <reference href="https://www.isaca.org/resources/cobit">BAI10.05</reference>
              <reference href="https://www.isaca.org/resources/cobit">DSS01.03</reference>
              <reference href="https://www.isaca.org/resources/cobit">DSS03.05</reference>
              <reference href="https://www.isaca.org/resources/cobit">DSS04.07</reference>
              <reference href="https://www.isaca.org/resources/cobit">DSS05.02</reference>
              <reference href="https://www.isaca.org/resources/cobit">DSS05.03</reference>
              <reference href="https://www.isaca.org/resources/cobit">DSS05.05</reference>
              <reference href="https://www.isaca.org/resources/cobit">DSS05.07</reference>
              <reference href="https://www.isaca.org/resources/cobit">DSS06.02</reference>
              <reference href="https://www.isaca.org/resources/cobit">DSS06.06</reference>
              <reference href="https://public.cyber.mil/stigs/cci/">CCI-002696</reference>
              <reference href="https://public.cyber.mil/stigs/cci/">CCI-001744</reference>
              <reference href="https://www.isa.org/products/isa-62443-2-1-2009-security-for-industrial-automat">4.3.4.3.2</reference>
              <reference href="https://www.isa.org/products/isa-62443-2-1-2009-security-for-industrial-automat">4.3.4.3.3</reference>
              <reference href="https://www.isa.org/products/isa-62443-2-1-2009-security-for-industrial-automat">4.3.4.4.4</reference>
              <reference href="https://www.isa.org/products/ansi-isa-62443-3-3-99-03-03-2013-security-for-indu">SR 3.1</reference>
              <reference href="https://www.isa.org/products/ansi-isa-62443-3-3-99-03-03-2013-security-for-indu">SR 3.3</reference>
              <reference href="https://www.isa.org/products/ansi-isa-62443-3-3-99-03-03-2013-security-for-indu">SR 3.4</reference>
              <reference href="https://www.isa.org/products/ansi-isa-62443-3-3-99-03-03-2013-security-for-indu">SR 3.8</reference>
              <reference href="https://www.isa.org/products/ansi-isa-62443-3-3-99-03-03-2013-security-for-indu">SR 4.1</reference>
              <reference href="https://www.isa.org/products/ansi-isa-62443-3-3-99-03-03-2013-security-for-indu">SR 6.2</reference>
              <reference href="https://www.isa.org/products/ansi-isa-62443-3-3-99-03-03-2013-security-for-indu">SR 7.6</reference>
              <reference href="https://www.iso.org/contents/data/standard/05/45/54534.html">A.11.2.4</reference>
              <reference href="https://www.iso.org/contents/data/standard/05/45/54534.html">A.12.1.2</reference>
              <reference href="https://www.iso.org/contents/data/standard/05/45/54534.html">A.12.2.1</reference>
              <reference href="https://www.iso.org/contents/data/standard/05/45/54534.html">A.12.4.1</reference>
              <reference href="https://www.iso.org/contents/data/standard/05/45/54534.html">A.12.5.1</reference>
              <reference href="https://www.iso.org/contents/data/standard/05/45/54534.html">A.12.6.2</reference>
              <reference href="https://www.iso.org/contents/data/standard/05/45/54534.html">A.14.1.2</reference>
              <reference href="https://www.iso.org/contents/data/standard/05/45/54534.html">A.14.1.3</reference>
              <reference href="https://www.iso.org/contents/data/standard/05/45/54534.html">A.14.2.2</reference>
              <reference href="https://www.iso.org/contents/data/standard/05/45/54534.html">A.14.2.3</reference>
              <reference href="https://www.iso.org/contents/data/standard/05/45/54534.html">A.14.2.4</reference>
              <reference href="https://www.iso.org/contents/data/standard/05/45/54534.html">A.14.2.7</reference>
              <reference href="https://www.iso.org/contents/data/standard/05/45/54534.html">A.15.2.1</reference>
              <reference href="https://www.iso.org/contents/data/standard/05/45/54534.html">A.8.2.3</reference>
              <reference href="http://nvlpubs.nist.gov/nistpubs/SpecialPublications/NIST.SP.800-53r4.pdf">CM-6(a)</reference>
              <reference href="https://nvlpubs.nist.gov/nistpubs/CSWP/NIST.CSWP.04162018.pdf">DE.CM-1</reference>
              <reference href="https://nvlpubs.nist.gov/nistpubs/CSWP/NIST.CSWP.04162018.pdf">DE.CM-7</reference>
              <reference href="https://nvlpubs.nist.gov/nistpubs/CSWP/NIST.CSWP.04162018.pdf">PR.DS-1</reference>
              <reference href="https://nvlpubs.nist.gov/nistpubs/CSWP/NIST.CSWP.04162018.pdf">PR.DS-6</reference>
              <reference href="https://nvlpubs.nist.gov/nistpubs/CSWP/NIST.CSWP.04162018.pdf">PR.DS-8</reference>
              <reference href="https://nvlpubs.nist.gov/nistpubs/CSWP/NIST.CSWP.04162018.pdf">PR.IP-1</reference>
              <reference href="https://nvlpubs.nist.gov/nistpubs/CSWP/NIST.CSWP.04162018.pdf">PR.IP-3</reference>
              <reference href="https://www.pcisecuritystandards.org/documents/PCI_DSS_v3-2-1.pdf">Req-11.5</reference>
              <reference href="https://public.cyber.mil/stigs/downloads/?_dl_facet_stigs=operating-systems%2Cgeneral-purpose-os">SRG-OS-000445-GPOS-00199</reference>
              <reference href="https://cyber.gouv.fr/sites/default/files/document/linux_configuration-en-v2.pdf">R76</reference>
              <reference href="https://cyber.gouv.fr/sites/default/files/document/linux_configuration-en-v2.pdf">R79</reference>
              <reference href="https://www.cisecurity.org/benchmark/ubuntu_linux/">6.3.1</reference>
              <reference href="https://docs-prv.pcisecuritystandards.org/PCI%20DSS/Standard/PCI-DSS-v4_0.pdf">11.5.2</reference>
              <rationale xmlns:xhtml="http://www.w3.org/1999/xhtml" xml:lang="en-US">For AIDE to be effective, an initial database of "known-good" information about files
must be captured and it should be able to be verified against the installed files.</rationale>
              <fix xmlns:xhtml="http://www.w3.org/1999/xhtml" id="aide_build_database" system="urn:xccdf:fix:script:ansible" complexity="low" disruption="low" strategy="restrict">- name: Gather the package facts
  package_facts:
    manager: auto
  tags:
  - CJIS-5.10.1.3
  - NIST-800-53-CM-6(a)
  - PCI-DSS-Req-11.5
  - PCI-DSSv4-11.5.2
  - aide_build_database
  - low_complexity
  - low_disruption
  - medium_severity
  - no_reboot_needed
  - restrict_strategy

- name: Build and Test AIDE Database - Ensure AIDE Is Installed
  ansible.builtin.apt:
    name: aide
    state: present
  when: '"linux-base" in ansible_facts.packages'
  tags:
  - CJIS-5.10.1.3
  - NIST-800-53-CM-6(a)
  - PCI-DSS-Req-11.5
  - PCI-DSSv4-11.5.2
  - aide_build_database
  - low_complexity
  - low_disruption
  - medium_severity
  - no_reboot_needed
  - restrict_strategy

- name: Build and Test AIDE Database - Check if DB Path in /etc/aide/aide.conf Is
    Already Set
  ansible.builtin.lineinfile:
    path: /etc/aide/aide.conf
    regexp: ^#?(\s*)(database=)(.*)$
    state: absent
  check_mode: true
  changed_when: false
  register: database_replace
  when: '"linux-base" in ansible_facts.packages'
  tags:
  - CJIS-5.10.1.3
  - NIST-800-53-CM-6(a)
  - PCI-DSS-Req-11.5
  - PCI-DSSv4-11.5.2
  - aide_build_database
  - low_complexity
  - low_disruption
  - medium_severity
  - no_reboot_needed
  - restrict_strategy

- name: Build and Test AIDE Database - Check if DB Out Path in /etc/aide/aide.conf
    Is Already Set
  ansible.builtin.lineinfile:
    path: /etc/aide/aide.conf
    regexp: ^#?(\s*)(database_out=)(.*)$
    state: absent
  check_mode: true
  changed_when: false
  register: database_out_replace
  when: '"linux-base" in ansible_facts.packages'
  tags:
  - CJIS-5.10.1.3
  - NIST-800-53-CM-6(a)
  - PCI-DSS-Req-11.5
  - PCI-DSSv4-11.5.2
  - aide_build_database
  - low_complexity
  - low_disruption
  - medium_severity
  - no_reboot_needed
  - restrict_strategy

- name: Build and Test AIDE Database - Fix DB Path in Config File if Necessary
  ansible.builtin.lineinfile:
    path: /etc/aide/aide.conf
    regexp: ^#?(\s*)(database)(\s*)=(\s*)(.*)$
    line: \2\3=\4file:/var/lib/aide/aide.db
    backrefs: true
  when:
  - '"linux-base" in ansible_facts.packages'
  - database_replace.found &gt; 0
  tags:
  - CJIS-5.10.1.3
  - NIST-800-53-CM-6(a)
  - PCI-DSS-Req-11.5
  - PCI-DSSv4-11.5.2
  - aide_build_database
  - low_complexity
  - low_disruption
  - medium_severity
  - no_reboot_needed
  - restrict_strategy

- name: Build and Test AIDE Database - Fix DB Out Path in Config File if Necessary
  ansible.builtin.lineinfile:
    path: /etc/aide/aide.conf
    regexp: ^#?(\s*)(database_out)(\s*)=(\s*)(.*)$
    line: \2\3=\4file:/var/lib/aide/aide.db.new
    backrefs: true
  when:
  - '"linux-base" in ansible_facts.packages'
  - database_out_replace.found &gt; 0
  tags:
  - CJIS-5.10.1.3
  - NIST-800-53-CM-6(a)
  - PCI-DSS-Req-11.5
  - PCI-DSSv4-11.5.2
  - aide_build_database
  - low_complexity
  - low_disruption
  - medium_severity
  - no_reboot_needed
  - restrict_strategy

- name: Build and Test AIDE Database - Ensure the Default DB Path is Added
  ansible.builtin.lineinfile:
    path: /etc/aide/aide.conf
    line: database=file:/var/lib/aide/aide.db
    create: true
  when:
  - '"linux-base" in ansible_facts.packages'
  - database_replace.found == 0
  tags:
  - CJIS-5.10.1.3
  - NIST-800-53-CM-6(a)
  - PCI-DSS-Req-11.5
  - PCI-DSSv4-11.5.2
  - aide_build_database
  - low_complexity
  - low_disruption
  - medium_severity
  - no_reboot_needed
  - restrict_strategy

- name: Build and Test AIDE Database - Ensure the Default Out Path is Added
  ansible.builtin.lineinfile:
    path: /etc/aide/aide.conf
    line: database_out=file:/var/lib/aide/aide.db.new
    create: true
  when:
  - '"linux-base" in ansible_facts.packages'
  - database_out_replace.found == 0
  tags:
  - CJIS-5.10.1.3
  - NIST-800-53-CM-6(a)
  - PCI-DSS-Req-11.5
  - PCI-DSSv4-11.5.2
  - aide_build_database
  - low_complexity
  - low_disruption
  - medium_severity
  - no_reboot_needed
  - restrict_strategy

- name: Build and Test AIDE Database - Build and Test AIDE Database
  ansible.builtin.command: /usr/sbin/aideinit -y -f
  when: '"linux-base" in ansible_facts.packages'
  tags:
  - CJIS-5.10.1.3
  - NIST-800-53-CM-6(a)
  - PCI-DSS-Req-11.5
  - PCI-DSSv4-11.5.2
  - aide_build_database
  - low_complexity
  - low_disruption
  - medium_severity
  - no_reboot_needed
  - restrict_strategy
</fix>
              <fix xmlns:xhtml="http://www.w3.org/1999/xhtml" id="aide_build_database" system="urn:xccdf:fix:script:sh"># Remediation is applicable only in certain platforms
if dpkg-query --show --showformat='${db:Status-Status}
' 'linux-base' 2&gt;/dev/null | grep -q ^installed; then

DEBIAN_FRONTEND=noninteractive apt-get install -y "aide"

AIDE_CONFIG=/etc/aide/aide.conf
DEFAULT_DB_PATH=/var/lib/aide/aide.db

# Fix db path in the config file, if necessary
if ! grep -q '^database=file:' ${AIDE_CONFIG}; then
    # replace_or_append gets confused by 'database=file' as a key, so should not be used.
    #replace_or_append "${AIDE_CONFIG}" '^database=file' "${DEFAULT_DB_PATH}" '@CCENUM@' '%s:%s'
    echo "database=file:${DEFAULT_DB_PATH}" &gt;&gt; ${AIDE_CONFIG}
fi

# Fix db out path in the config file, if necessary
if ! grep -q '^database_out=file:' ${AIDE_CONFIG}; then
    echo "database_out=file:${DEFAULT_DB_PATH}.new" &gt;&gt; ${AIDE_CONFIG}
fi

/usr/sbin/aideinit -y -f

else
    &gt;&amp;2 echo 'Remediation is not applicable, nothing was done'
fi
</fix>
              <check system="http://oval.mitre.org/XMLSchema/oval-definitions-5">
                <check-content-ref name="oval:ssg-aide_build_database:def:1" href="ssg-ubuntu2404-oval.xml"/>
              </check>
              <check system="http://scap.nist.gov/schema/ocil/2">
                <check-content-ref name="ocil:ssg-aide_build_database_ocil:questionnaire:1" href="ssg-ubuntu2404-ocil.xml"/>
              </check>
            </Rule>
            <Rule id="xccdf_org.ssgproject.content_rule_aide_check_audit_tools" selected="false" role="full" severity="medium">
              <title xmlns:xhtml="http://www.w3.org/1999/xhtml" xml:lang="en-US">Configure AIDE to Verify the Audit Tools</title>
              <description xmlns:xhtml="http://www.w3.org/1999/xhtml" xml:lang="en-US">The operating system file integrity tool must be configured to protect the integrity of the audit tools.</description>
              <reference href="https://public.cyber.mil/stigs/cci/">CCI-001496</reference>
              <reference href="https://public.cyber.mil/stigs/cci/">CCI-001494</reference>
              <reference href="https://public.cyber.mil/stigs/cci/">CCI-001495</reference>
              <reference href="https://public.cyber.mil/stigs/cci/">CCI-001493</reference>
              <reference href="http://nvlpubs.nist.gov/nistpubs/SpecialPublications/NIST.SP.800-53r4.pdf">AU-9(3)</reference>
              <reference href="http://nvlpubs.nist.gov/nistpubs/SpecialPublications/NIST.SP.800-53r4.pdf">AU-9(3).1</reference>
              <reference href="https://public.cyber.mil/stigs/downloads/?_dl_facet_stigs=operating-systems%2Cgeneral-purpose-os">SRG-OS-000278-GPOS-00108</reference>
              <reference href="https://www.cisecurity.org/benchmark/ubuntu_linux/">6.3.3</reference>
              <rationale xmlns:xhtml="http://www.w3.org/1999/xhtml" xml:lang="en-US">Protecting the integrity of the tools used for auditing purposes is a
critical step toward ensuring the integrity of audit information. Audit
information includes all information (e.g., audit records, audit settings,
and audit reports) needed to successfully audit information system
activity.

Audit tools include but are not limited to vendor-provided and open-source
audit tools needed to successfully view and manipulate audit information
system activity and records. Audit tools include custom queries and report
generators.

It is not uncommon for attackers to replace the audit tools or inject code
into the existing tools to provide the capability to hide or erase system
activity from the audit logs.

To address this risk, audit tools must be cryptographically signed to
provide the capability to identify when the audit tools have been modified,
manipulated, or replaced. An example is a checksum hash of the file or
files.</rationale>
              <fix xmlns:xhtml="http://www.w3.org/1999/xhtml" id="aide_check_audit_tools" system="urn:xccdf:fix:script:ansible" complexity="low" disruption="low" strategy="restrict">- name: Gather the package facts
  package_facts:
    manager: auto
  tags:
  - NIST-800-53-AU-9(3)
  - NIST-800-53-AU-9(3).1
  - aide_check_audit_tools
  - low_complexity
  - low_disruption
  - medium_severity
  - no_reboot_needed
  - restrict_strategy

- name: Configure AIDE to Verify the Audit Tools - Gather List of Packages
  tags:
  - NIST-800-53-AU-9(3)
  - NIST-800-53-AU-9(3).1
  - aide_check_audit_tools
  - aide_check_audit_tools
  - low_complexity
  - low_disruption
  - medium_severity
  - no_reboot_needed
  - restrict_strategy
  ansible.builtin.package_facts:
    manager: auto
  when: '"linux-base" in ansible_facts.packages'

- name: Ensure aide is installed
  package:
    name: '{{ item }}'
    state: present
  with_items:
  - aide
  when: '"linux-base" in ansible_facts.packages'
  tags:
  - NIST-800-53-AU-9(3)
  - NIST-800-53-AU-9(3).1
  - aide_check_audit_tools
  - low_complexity
  - low_disruption
  - medium_severity
  - no_reboot_needed
  - restrict_strategy

- name: Set audit_tools fact
  set_fact:
    audit_tools:
    - /usr/sbin/auditctl
    - /usr/sbin/auditd
    - /usr/sbin/augenrules
    - /usr/sbin/aureport
    - /usr/sbin/ausearch
    - /usr/sbin/autrace
  when: '"linux-base" in ansible_facts.packages'
  tags:
  - NIST-800-53-AU-9(3)
  - NIST-800-53-AU-9(3).1
  - aide_check_audit_tools
  - low_complexity
  - low_disruption
  - medium_severity
  - no_reboot_needed
  - restrict_strategy

- name: Ensure existing AIDE configuration for audit tools are correct
  lineinfile:
    path: /etc/aide/aide.conf
    regexp: ^{{ item }}\s
    line: '{{ item }} p+i+n+u+g+s+b+acl+xattrs+sha512'
  with_items: '{{ audit_tools }}'
  when: '"linux-base" in ansible_facts.packages'
  tags:
  - NIST-800-53-AU-9(3)
  - NIST-800-53-AU-9(3).1
  - aide_check_audit_tools
  - low_complexity
  - low_disruption
  - medium_severity
  - no_reboot_needed
  - restrict_strategy

- name: Configure AIDE to properly protect audit tools
  lineinfile:
    path: /etc/aide/aide.conf
    line: '{{ item }} p+i+n+u+g+s+b+acl+xattrs+sha512'
  with_items: '{{ audit_tools }}'
  when: '"linux-base" in ansible_facts.packages'
  tags:
  - NIST-800-53-AU-9(3)
  - NIST-800-53-AU-9(3).1
  - aide_check_audit_tools
  - low_complexity
  - low_disruption
  - medium_severity
  - no_reboot_needed
  - restrict_strategy
</fix>
              <fix xmlns:xhtml="http://www.w3.org/1999/xhtml" id="aide_check_audit_tools" system="urn:xccdf:fix:script:sh" complexity="low" disruption="low" strategy="restrict"># Remediation is applicable only in certain platforms
if dpkg-query --show --showformat='${db:Status-Status}
' 'linux-base' 2&gt;/dev/null | grep -q ^installed; then

DEBIAN_FRONTEND=noninteractive apt-get install -y "aide"








if grep -i '^.*/usr/sbin/auditctl.*$' /etc/aide/aide.conf; then
sed -i "s#.*/usr/sbin/auditctl.*#/usr/sbin/auditctl p+i+n+u+g+s+b+acl+xattrs+sha512#" /etc/aide/aide.conf
else
echo "/usr/sbin/auditctl p+i+n+u+g+s+b+acl+xattrs+sha512" &gt;&gt; /etc/aide/aide.conf
fi

if grep -i '^.*/usr/sbin/auditd.*$' /etc/aide/aide.conf; then
sed -i "s#.*/usr/sbin/auditd.*#/usr/sbin/auditd p+i+n+u+g+s+b+acl+xattrs+sha512#" /etc/aide/aide.conf
else
echo "/usr/sbin/auditd p+i+n+u+g+s+b+acl+xattrs+sha512" &gt;&gt; /etc/aide/aide.conf
fi

if grep -i '^.*/usr/sbin/ausearch.*$' /etc/aide/aide.conf; then
sed -i "s#.*/usr/sbin/ausearch.*#/usr/sbin/ausearch p+i+n+u+g+s+b+acl+xattrs+sha512#" /etc/aide/aide.conf
else
echo "/usr/sbin/ausearch p+i+n+u+g+s+b+acl+xattrs+sha512" &gt;&gt; /etc/aide/aide.conf
fi

if grep -i '^.*/usr/sbin/aureport.*$' /etc/aide/aide.conf; then
sed -i "s#.*/usr/sbin/aureport.*#/usr/sbin/aureport p+i+n+u+g+s+b+acl+xattrs+sha512#" /etc/aide/aide.conf
else
echo "/usr/sbin/aureport p+i+n+u+g+s+b+acl+xattrs+sha512" &gt;&gt; /etc/aide/aide.conf
fi

if grep -i '^.*/usr/sbin/autrace.*$' /etc/aide/aide.conf; then
sed -i "s#.*/usr/sbin/autrace.*#/usr/sbin/autrace p+i+n+u+g+s+b+acl+xattrs+sha512#" /etc/aide/aide.conf
else
echo "/usr/sbin/autrace p+i+n+u+g+s+b+acl+xattrs+sha512" &gt;&gt; /etc/aide/aide.conf
fi

if grep -i '^.*/usr/sbin/augenrules.*$' /etc/aide/aide.conf; then
sed -i "s#.*/usr/sbin/augenrules.*#/usr/sbin/augenrules p+i+n+u+g+s+b+acl+xattrs+sha512#" /etc/aide/aide.conf
else
echo "/usr/sbin/augenrules p+i+n+u+g+s+b+acl+xattrs+sha512" &gt;&gt; /etc/aide/aide.conf
fi

else
    &gt;&amp;2 echo 'Remediation is not applicable, nothing was done'
fi
</fix>
              <check system="http://oval.mitre.org/XMLSchema/oval-definitions-5">
                <check-content-ref name="oval:ssg-aide_check_audit_tools:def:1" href="ssg-ubuntu2404-oval.xml"/>
              </check>
              <check system="http://scap.nist.gov/schema/ocil/2">
                <check-content-ref name="ocil:ssg-aide_check_audit_tools_ocil:questionnaire:1" href="ssg-ubuntu2404-ocil.xml"/>
              </check>
            </Rule>
            <Rule id="xccdf_org.ssgproject.content_rule_aide_periodic_checking_systemd_timer" selected="false" role="full" severity="medium">
              <title xmlns:xhtml="http://www.w3.org/1999/xhtml" xml:lang="en-US">Configure Systemd Timer Execution of AIDE</title>
              <description xmlns:xhtml="http://www.w3.org/1999/xhtml" xml:lang="en-US">At a minimum, AIDE should be configured to run a weekly scan.
To implement a systemd service and a timer unit to run the service periodically:
For example, if a systemd timer is expected to be started every day at 5AM
<html:pre xmlns:html="http://www.w3.org/1999/xhtml">OnCalendar=*-*-* 05:00:0</html:pre>
          <html:pre xmlns:html="http://www.w3.org/1999/xhtml">[Timer]</html:pre> section in the timer unit and
a Unit section starting the AIDE check service unit should be referred.</description>
              <reference href="https://www.cisecurity.org/controls/">1</reference>
              <reference href="https://www.cisecurity.org/controls/">11</reference>
              <reference href="https://www.cisecurity.org/controls/">12</reference>
              <reference href="https://www.cisecurity.org/controls/">13</reference>
              <reference href="https://www.cisecurity.org/controls/">14</reference>
              <reference href="https://www.cisecurity.org/controls/">15</reference>
              <reference href="https://www.cisecurity.org/controls/">16</reference>
              <reference href="https://www.cisecurity.org/controls/">2</reference>
              <reference href="https://www.cisecurity.org/controls/">3</reference>
              <reference href="https://www.cisecurity.org/controls/">5</reference>
              <reference href="https://www.cisecurity.org/controls/">7</reference>
              <reference href="https://www.cisecurity.org/controls/">8</reference>
              <reference href="https://www.cisecurity.org/controls/">9</reference>
              <reference href="https://www.fbi.gov/file-repository/cjis-security-policy-v5_5_20160601-2-1.pdf">5.10.1.3</reference>
              <reference href="https://www.isaca.org/resources/cobit">APO01.06</reference>
              <reference href="https://www.isaca.org/resources/cobit">BAI01.06</reference>
              <reference href="https://www.isaca.org/resources/cobit">BAI02.01</reference>
              <reference href="https://www.isaca.org/resources/cobit">BAI03.05</reference>
              <reference href="https://www.isaca.org/resources/cobit">BAI06.01</reference>
              <reference href="https://www.isaca.org/resources/cobit">BAI10.01</reference>
              <reference href="https://www.isaca.org/resources/cobit">BAI10.02</reference>
              <reference href="https://www.isaca.org/resources/cobit">BAI10.03</reference>
              <reference href="https://www.isaca.org/resources/cobit">BAI10.05</reference>
              <reference href="https://www.isaca.org/resources/cobit">DSS01.03</reference>
              <reference href="https://www.isaca.org/resources/cobit">DSS03.05</reference>
              <reference href="https://www.isaca.org/resources/cobit">DSS04.07</reference>
              <reference href="https://www.isaca.org/resources/cobit">DSS05.02</reference>
              <reference href="https://www.isaca.org/resources/cobit">DSS05.03</reference>
              <reference href="https://www.isaca.org/resources/cobit">DSS05.05</reference>
              <reference href="https://www.isaca.org/resources/cobit">DSS05.07</reference>
              <reference href="https://www.isaca.org/resources/cobit">DSS06.02</reference>
              <reference href="https://www.isaca.org/resources/cobit">DSS06.06</reference>
              <reference href="https://public.cyber.mil/stigs/cci/">CCI-001744</reference>
              <reference href="https://public.cyber.mil/stigs/cci/">CCI-002699</reference>
              <reference href="https://public.cyber.mil/stigs/cci/">CCI-002702</reference>
              <reference href="https://www.isa.org/products/isa-62443-2-1-2009-security-for-industrial-automat">4.3.4.3.2</reference>
              <reference href="https://www.isa.org/products/isa-62443-2-1-2009-security-for-industrial-automat">4.3.4.3.3</reference>
              <reference href="https://www.isa.org/products/isa-62443-2-1-2009-security-for-industrial-automat">4.3.4.4.4</reference>
              <reference href="https://www.isa.org/products/ansi-isa-62443-3-3-99-03-03-2013-security-for-indu">SR 3.1</reference>
              <reference href="https://www.isa.org/products/ansi-isa-62443-3-3-99-03-03-2013-security-for-indu">SR 3.3</reference>
              <reference href="https://www.isa.org/products/ansi-isa-62443-3-3-99-03-03-2013-security-for-indu">SR 3.4</reference>
              <reference href="https://www.isa.org/products/ansi-isa-62443-3-3-99-03-03-2013-security-for-indu">SR 3.8</reference>
              <reference href="https://www.isa.org/products/ansi-isa-62443-3-3-99-03-03-2013-security-for-indu">SR 4.1</reference>
              <reference href="https://www.isa.org/products/ansi-isa-62443-3-3-99-03-03-2013-security-for-indu">SR 6.2</reference>
              <reference href="https://www.isa.org/products/ansi-isa-62443-3-3-99-03-03-2013-security-for-indu">SR 7.6</reference>
              <reference href="https://www.iso.org/contents/data/standard/05/45/54534.html">A.11.2.4</reference>
              <reference href="https://www.iso.org/contents/data/standard/05/45/54534.html">A.12.1.2</reference>
              <reference href="https://www.iso.org/contents/data/standard/05/45/54534.html">A.12.2.1</reference>
              <reference href="https://www.iso.org/contents/data/standard/05/45/54534.html">A.12.4.1</reference>
              <reference href="https://www.iso.org/contents/data/standard/05/45/54534.html">A.12.5.1</reference>
              <reference href="https://www.iso.org/contents/data/standard/05/45/54534.html">A.12.6.2</reference>
              <reference href="https://www.iso.org/contents/data/standard/05/45/54534.html">A.14.1.2</reference>
              <reference href="https://www.iso.org/contents/data/standard/05/45/54534.html">A.14.1.3</reference>
              <reference href="https://www.iso.org/contents/data/standard/05/45/54534.html">A.14.2.2</reference>
              <reference href="https://www.iso.org/contents/data/standard/05/45/54534.html">A.14.2.3</reference>
              <reference href="https://www.iso.org/contents/data/standard/05/45/54534.html">A.14.2.4</reference>
              <reference href="https://www.iso.org/contents/data/standard/05/45/54534.html">A.14.2.7</reference>
              <reference href="https://www.iso.org/contents/data/standard/05/45/54534.html">A.15.2.1</reference>
              <reference href="https://www.iso.org/contents/data/standard/05/45/54534.html">A.8.2.3</reference>
              <reference href="http://nvlpubs.nist.gov/nistpubs/SpecialPublications/NIST.SP.800-53r4.pdf">SI-7</reference>
              <reference href="http://nvlpubs.nist.gov/nistpubs/SpecialPublications/NIST.SP.800-53r4.pdf">SI-7(1)</reference>
              <reference href="http://nvlpubs.nist.gov/nistpubs/SpecialPublications/NIST.SP.800-53r4.pdf">CM-6(a)</reference>
              <reference href="https://nvlpubs.nist.gov/nistpubs/CSWP/NIST.CSWP.04162018.pdf">DE.CM-1</reference>
              <reference href="https://nvlpubs.nist.gov/nistpubs/CSWP/NIST.CSWP.04162018.pdf">DE.CM-7</reference>
              <reference href="https://nvlpubs.nist.gov/nistpubs/CSWP/NIST.CSWP.04162018.pdf">PR.DS-1</reference>
              <reference href="https://nvlpubs.nist.gov/nistpubs/CSWP/NIST.CSWP.04162018.pdf">PR.DS-6</reference>
              <reference href="https://nvlpubs.nist.gov/nistpubs/CSWP/NIST.CSWP.04162018.pdf">PR.DS-8</reference>
              <reference href="https://nvlpubs.nist.gov/nistpubs/CSWP/NIST.CSWP.04162018.pdf">PR.IP-1</reference>
              <reference href="https://nvlpubs.nist.gov/nistpubs/CSWP/NIST.CSWP.04162018.pdf">PR.IP-3</reference>
              <reference href="https://www.pcisecuritystandards.org/documents/PCI_DSS_v3-2-1.pdf">Req-11.5</reference>
              <reference href="https://public.cyber.mil/stigs/downloads/?_dl_facet_stigs=operating-systems%2Cgeneral-purpose-os">SRG-OS-000363-GPOS-00150</reference>
              <reference href="https://public.cyber.mil/stigs/downloads/?_dl_facet_stigs=operating-systems%2Cgeneral-purpose-os">SRG-OS-000446-GPOS-00200</reference>
              <reference href="https://public.cyber.mil/stigs/downloads/?_dl_facet_stigs=operating-systems%2Cgeneral-purpose-os">SRG-OS-000447-GPOS-00201</reference>
              <reference href="https://cyber.gouv.fr/sites/default/files/document/linux_configuration-en-v2.pdf">R76</reference>
              <reference href="https://www.cisecurity.org/benchmark/ubuntu_linux/">6.3.2</reference>
              <reference href="https://docs-prv.pcisecuritystandards.org/PCI%20DSS/Standard/PCI-DSS-v4_0.pdf">11.5.2</reference>
              <rationale xmlns:xhtml="http://www.w3.org/1999/xhtml" xml:lang="en-US">AIDE provides a means to check if unauthorized changes are made to the system.
AIDE itself does not setup a periodic execution, so in order to detect unauthorized
changes a systemd service to run the check and a systemd timer to take care
of periodical execution of that systemd service should be defined.</rationale>
              <platform idref="#package_aide_and_package_systemd"/>
              <fix xmlns:xhtml="http://www.w3.org/1999/xhtml" id="aide_periodic_checking_systemd_timer" system="urn:xccdf:fix:script:ansible" complexity="low" disruption="low" strategy="configure">- name: Gather the package facts
  package_facts:
    manager: auto
  tags:
  - CJIS-5.10.1.3
  - NIST-800-53-CM-6(a)
  - NIST-800-53-SI-7
  - NIST-800-53-SI-7(1)
  - PCI-DSS-Req-11.5
  - PCI-DSSv4-11.5.2
  - aide_periodic_checking_systemd_timer
  - configure_strategy
  - low_complexity
  - low_disruption
  - medium_severity
  - no_reboot_needed

- name: Configure Systemd Timer Execution of AIDE - Ensure AIDE Service is Enabled
  ansible.builtin.systemd:
    name: dailyaidecheck.service
    enabled: true
    daemon_reload: true
    masked: false
  when:
  - '"linux-base" in ansible_facts.packages'
  - ( "aide" in ansible_facts.packages and "systemd" in ansible_facts.packages )
  tags:
  - CJIS-5.10.1.3
  - NIST-800-53-CM-6(a)
  - NIST-800-53-SI-7
  - NIST-800-53-SI-7(1)
  - PCI-DSS-Req-11.5
  - PCI-DSSv4-11.5.2
  - aide_periodic_checking_systemd_timer
  - configure_strategy
  - low_complexity
  - low_disruption
  - medium_severity
  - no_reboot_needed

- name: Configure Systemd Timer Execution of AIDE - Ensure AIDE Service Timer is Enabled
  ansible.builtin.systemd:
    name: dailyaidecheck.timer
    state: started
    enabled: true
    daemon_reload: true
    masked: false
  when:
  - '"linux-base" in ansible_facts.packages'
  - ( "aide" in ansible_facts.packages and "systemd" in ansible_facts.packages )
  tags:
  - CJIS-5.10.1.3
  - NIST-800-53-CM-6(a)
  - NIST-800-53-SI-7
  - NIST-800-53-SI-7(1)
  - PCI-DSS-Req-11.5
  - PCI-DSSv4-11.5.2
  - aide_periodic_checking_systemd_timer
  - configure_strategy
  - low_complexity
  - low_disruption
  - medium_severity
  - no_reboot_needed
</fix>
              <fix xmlns:xhtml="http://www.w3.org/1999/xhtml" id="aide_periodic_checking_systemd_timer" system="urn:xccdf:fix:script:sh"># Remediation is applicable only in certain platforms
if dpkg-query --show --showformat='${db:Status-Status}
' 'linux-base' 2&gt;/dev/null | grep -q ^installed &amp;&amp; { ( dpkg-query --show --showformat='${db:Status-Status}\n' 'aide' 2&gt;/dev/null | grep -q '^installed' &amp;&amp; dpkg-query --show --showformat='${db:Status-Status}\n' 'systemd' 2&gt;/dev/null | grep -q '^installed' ); }; then

#!/bin/bash

DEBIAN_FRONTEND=noninteractive apt-get install -y "aide"

systemctl unmask dailyaidecheck.service
systemctl unmask dailyaidecheck.timer
systemctl --now enable dailyaidecheck.timer

else
    &gt;&amp;2 echo 'Remediation is not applicable, nothing was done'
fi
</fix>
              <check system="http://oval.mitre.org/XMLSchema/oval-definitions-5">
                <check-content-ref name="oval:ssg-aide_periodic_checking_systemd_timer:def:1" href="ssg-ubuntu2404-oval.xml"/>
              </check>
              <check system="http://scap.nist.gov/schema/ocil/2">
                <check-content-ref name="ocil:ssg-aide_periodic_checking_systemd_timer_ocil:questionnaire:1" href="ssg-ubuntu2404-ocil.xml"/>
              </check>
            </Rule>
          </Group>
        </Group>
      </Group>
      <Group id="xccdf_org.ssgproject.content_group_disk_partitioning">
        <title xmlns:xhtml="http://www.w3.org/1999/xhtml" xml:lang="en-US">Disk Partitioning</title>
        <description xmlns:xhtml="http://www.w3.org/1999/xhtml" xml:lang="en-US">To ensure separation and protection of data, there
are top-level system directories which should be placed on their
own physical partition or logical volume. The installer's default
partitioning scheme creates separate logical volumes for
<html:code xmlns:html="http://www.w3.org/1999/xhtml">/</html:code>, <html:code xmlns:html="http://www.w3.org/1999/xhtml">/boot</html:code>, and <html:code xmlns:html="http://www.w3.org/1999/xhtml">swap</html:code>.
<html:ul xmlns:html="http://www.w3.org/1999/xhtml"><html:li>If starting with any of the default layouts, check the box to
\"Review and modify partitioning.\" This allows for the easy creation
of additional logical volumes inside the volume group already
created, though it may require making <html:code>/</html:code>'s logical volume smaller to
create space. In general, using logical volumes is preferable to
using partitions because they can be more easily adjusted
later.</html:li><html:li>If creating a custom layout, create the partitions mentioned in
the previous paragraph (which the installer will require anyway),
as well as separate ones described in the following sections.</html:li></html:ul>
If a system has already been installed, and the default
partitioning
scheme was used, it is possible but nontrivial to
modify it to create separate logical volumes for the directories
listed above. The Logical Volume Manager (LVM) makes this possible.</description>
        <platform idref="#not_container"/>
        <Rule id="xccdf_org.ssgproject.content_rule_partition_for_dev_shm" selected="false" role="full" severity="low">
          <title xmlns:xhtml="http://www.w3.org/1999/xhtml" xml:lang="en-US">Ensure /dev/shm is configured</title>
          <description xmlns:xhtml="http://www.w3.org/1999/xhtml" xml:lang="en-US">The <html:code xmlns:html="http://www.w3.org/1999/xhtml">/dev/shm</html:code> is a traditional shared memory concept.
One program will create a memory portion, which other processes
(if permitted) can access. If <html:code xmlns:html="http://www.w3.org/1999/xhtml">/dev/shm</html:code> is not configured,
tmpfs will be mounted to /dev/shm by systemd.</description>
          <warning xmlns:xhtml="http://www.w3.org/1999/xhtml" xml:lang="en-US" category="general">This rule does not have a remedation.
It is expected that this will be managed by systemd and will be a tmpfs partition.</warning>
          <reference href="https://www.cisecurity.org/benchmark/ubuntu_linux/">1.1.2.2.1</reference>
          <rationale xmlns:xhtml="http://www.w3.org/1999/xhtml" xml:lang="en-US">Any user can upload and execute files inside the <html:code xmlns:html="http://www.w3.org/1999/xhtml">/dev/shm</html:code> similar to
the <html:code xmlns:html="http://www.w3.org/1999/xhtml">/tmp</html:code> partition. Configuring <html:code xmlns:html="http://www.w3.org/1999/xhtml">/dev/shm</html:code> allows an administrator
to set the noexec option on the mount, making /dev/shm useless for an attacker to
install executable code. It would also prevent an attacker from establishing a
hardlink to a system setuid program and wait for it to be updated. Once the program
was updated, the hardlink would be broken and the attacker would have his own copy
of the program. If the program happened to have a security vulnerability, the attacker
could continue to exploit the known flaw.</rationale>
          <check system="http://oval.mitre.org/XMLSchema/oval-definitions-5">
            <check-content-ref name="oval:ssg-partition_for_dev_shm:def:1" href="ssg-ubuntu2404-oval.xml"/>
          </check>
          <check system="http://scap.nist.gov/schema/ocil/2">
            <check-content-ref name="ocil:ssg-partition_for_dev_shm_ocil:questionnaire:1" href="ssg-ubuntu2404-ocil.xml"/>
          </check>
        </Rule>
        <Rule id="xccdf_org.ssgproject.content_rule_partition_for_home" selected="false" role="full" severity="low">
          <title xmlns:xhtml="http://www.w3.org/1999/xhtml" xml:lang="en-US">Ensure /home Located On Separate Partition</title>
          <description xmlns:xhtml="http://www.w3.org/1999/xhtml" xml:lang="en-US">If user home directories will be stored locally, create a separate partition
for <html:code xmlns:html="http://www.w3.org/1999/xhtml">/home</html:code> at installation time (or migrate it later using LVM). If
<html:code xmlns:html="http://www.w3.org/1999/xhtml">/home</html:code> will be mounted from another system such as an NFS server, then
creating a separate partition is not necessary at installation time, and the
mountpoint can instead be configured later.</description>
          <reference href="https://www.cisecurity.org/controls/">12</reference>
          <reference href="https://www.cisecurity.org/controls/">15</reference>
          <reference href="https://www.cisecurity.org/controls/">8</reference>
          <reference href="https://www.isaca.org/resources/cobit">APO13.01</reference>
          <reference href="https://www.isaca.org/resources/cobit">DSS05.02</reference>
          <reference href="https://public.cyber.mil/stigs/cci/">CCI-000366</reference>
          <reference href="https://www.isa.org/products/ansi-isa-62443-3-3-99-03-03-2013-security-for-indu">SR 3.1</reference>
          <reference href="https://www.isa.org/products/ansi-isa-62443-3-3-99-03-03-2013-security-for-indu">SR 3.5</reference>
          <reference href="https://www.isa.org/products/ansi-isa-62443-3-3-99-03-03-2013-security-for-indu">SR 3.8</reference>
          <reference href="https://www.isa.org/products/ansi-isa-62443-3-3-99-03-03-2013-security-for-indu">SR 4.1</reference>
          <reference href="https://www.isa.org/products/ansi-isa-62443-3-3-99-03-03-2013-security-for-indu">SR 4.3</reference>
          <reference href="https://www.isa.org/products/ansi-isa-62443-3-3-99-03-03-2013-security-for-indu">SR 5.1</reference>
          <reference href="https://www.isa.org/products/ansi-isa-62443-3-3-99-03-03-2013-security-for-indu">SR 5.2</reference>
          <reference href="https://www.isa.org/products/ansi-isa-62443-3-3-99-03-03-2013-security-for-indu">SR 5.3</reference>
          <reference href="https://www.isa.org/products/ansi-isa-62443-3-3-99-03-03-2013-security-for-indu">SR 7.1</reference>
          <reference href="https://www.isa.org/products/ansi-isa-62443-3-3-99-03-03-2013-security-for-indu">SR 7.6</reference>
          <reference href="https://www.iso.org/contents/data/standard/05/45/54534.html">A.13.1.1</reference>
          <reference href="https://www.iso.org/contents/data/standard/05/45/54534.html">A.13.2.1</reference>
          <reference href="https://www.iso.org/contents/data/standard/05/45/54534.html">A.14.1.3</reference>
          <reference href="http://nvlpubs.nist.gov/nistpubs/SpecialPublications/NIST.SP.800-53r4.pdf">CM-6(a)</reference>
          <reference href="http://nvlpubs.nist.gov/nistpubs/SpecialPublications/NIST.SP.800-53r4.pdf">SC-5(2)</reference>
          <reference href="https://nvlpubs.nist.gov/nistpubs/CSWP/NIST.CSWP.04162018.pdf">PR.PT-4</reference>
          <reference href="https://public.cyber.mil/stigs/downloads/?_dl_facet_stigs=operating-systems%2Cgeneral-purpose-os">SRG-OS-000480-GPOS-00227</reference>
          <reference href="https://cyber.gouv.fr/sites/default/files/document/linux_configuration-en-v2.pdf">R28</reference>
          <reference href="https://www.cisecurity.org/benchmark/ubuntu_linux/">1.1.2.3.1</reference>
          <rationale xmlns:xhtml="http://www.w3.org/1999/xhtml" xml:lang="en-US">Ensuring that <html:code xmlns:html="http://www.w3.org/1999/xhtml">/home</html:code> is mounted on its own partition enables the
setting of more restrictive mount options, and also helps ensure that
users cannot trivially fill partitions used for log or audit data storage.</rationale>
          <check system="http://oval.mitre.org/XMLSchema/oval-definitions-5">
            <check-content-ref name="oval:ssg-partition_for_home:def:1" href="ssg-ubuntu2404-oval.xml"/>
          </check>
          <check system="http://scap.nist.gov/schema/ocil/2">
            <check-content-ref name="ocil:ssg-partition_for_home_ocil:questionnaire:1" href="ssg-ubuntu2404-ocil.xml"/>
          </check>
        </Rule>
        <Rule id="xccdf_org.ssgproject.content_rule_partition_for_tmp" selected="false" role="full" severity="low">
          <title xmlns:xhtml="http://www.w3.org/1999/xhtml" xml:lang="en-US">Ensure /tmp Located On Separate Partition</title>
          <description xmlns:xhtml="http://www.w3.org/1999/xhtml" xml:lang="en-US">The <html:code xmlns:html="http://www.w3.org/1999/xhtml">/tmp</html:code> directory is a world-writable directory used
for temporary file storage. Ensure it has its own partition or
logical volume at installation time, or migrate it using LVM.</description>
          <reference href="https://www.cisecurity.org/controls/">12</reference>
          <reference href="https://www.cisecurity.org/controls/">15</reference>
          <reference href="https://www.cisecurity.org/controls/">8</reference>
          <reference href="https://www.isaca.org/resources/cobit">APO13.01</reference>
          <reference href="https://www.isaca.org/resources/cobit">DSS05.02</reference>
          <reference href="https://public.cyber.mil/stigs/cci/">CCI-000366</reference>
          <reference href="https://www.isa.org/products/ansi-isa-62443-3-3-99-03-03-2013-security-for-indu">SR 3.1</reference>
          <reference href="https://www.isa.org/products/ansi-isa-62443-3-3-99-03-03-2013-security-for-indu">SR 3.5</reference>
          <reference href="https://www.isa.org/products/ansi-isa-62443-3-3-99-03-03-2013-security-for-indu">SR 3.8</reference>
          <reference href="https://www.isa.org/products/ansi-isa-62443-3-3-99-03-03-2013-security-for-indu">SR 4.1</reference>
          <reference href="https://www.isa.org/products/ansi-isa-62443-3-3-99-03-03-2013-security-for-indu">SR 4.3</reference>
          <reference href="https://www.isa.org/products/ansi-isa-62443-3-3-99-03-03-2013-security-for-indu">SR 5.1</reference>
          <reference href="https://www.isa.org/products/ansi-isa-62443-3-3-99-03-03-2013-security-for-indu">SR 5.2</reference>
          <reference href="https://www.isa.org/products/ansi-isa-62443-3-3-99-03-03-2013-security-for-indu">SR 5.3</reference>
          <reference href="https://www.isa.org/products/ansi-isa-62443-3-3-99-03-03-2013-security-for-indu">SR 7.1</reference>
          <reference href="https://www.isa.org/products/ansi-isa-62443-3-3-99-03-03-2013-security-for-indu">SR 7.6</reference>
          <reference href="https://www.iso.org/contents/data/standard/05/45/54534.html">A.13.1.1</reference>
          <reference href="https://www.iso.org/contents/data/standard/05/45/54534.html">A.13.2.1</reference>
          <reference href="https://www.iso.org/contents/data/standard/05/45/54534.html">A.14.1.3</reference>
          <reference href="http://nvlpubs.nist.gov/nistpubs/SpecialPublications/NIST.SP.800-53r4.pdf">CM-6(a)</reference>
          <reference href="http://nvlpubs.nist.gov/nistpubs/SpecialPublications/NIST.SP.800-53r4.pdf">SC-5(2)</reference>
          <reference href="https://nvlpubs.nist.gov/nistpubs/CSWP/NIST.CSWP.04162018.pdf">PR.PT-4</reference>
          <reference href="https://public.cyber.mil/stigs/downloads/?_dl_facet_stigs=operating-systems%2Cgeneral-purpose-os">SRG-OS-000480-GPOS-00227</reference>
          <reference href="https://www.cisecurity.org/benchmark/ubuntu_linux/">1.1.2.1.1</reference>
          <rationale xmlns:xhtml="http://www.w3.org/1999/xhtml" xml:lang="en-US">The <html:code xmlns:html="http://www.w3.org/1999/xhtml">/tmp</html:code> partition is used as temporary storage by many programs.
Placing <html:code xmlns:html="http://www.w3.org/1999/xhtml">/tmp</html:code> in its own partition enables the setting of more
restrictive mount options, which can help protect programs which use it.</rationale>
          <check system="http://oval.mitre.org/XMLSchema/oval-definitions-5">
            <check-content-ref name="oval:ssg-partition_for_tmp:def:1" href="ssg-ubuntu2404-oval.xml"/>
          </check>
          <check system="http://scap.nist.gov/schema/ocil/2">
            <check-content-ref name="ocil:ssg-partition_for_tmp_ocil:questionnaire:1" href="ssg-ubuntu2404-ocil.xml"/>
          </check>
        </Rule>
        <Rule id="xccdf_org.ssgproject.content_rule_partition_for_var" selected="false" role="full" severity="low">
          <title xmlns:xhtml="http://www.w3.org/1999/xhtml" xml:lang="en-US">Ensure /var Located On Separate Partition</title>
          <description xmlns:xhtml="http://www.w3.org/1999/xhtml" xml:lang="en-US">The <html:code xmlns:html="http://www.w3.org/1999/xhtml">/var</html:code> directory is used by daemons and other system
services to store frequently-changing data. Ensure that <html:code xmlns:html="http://www.w3.org/1999/xhtml">/var</html:code> has its own partition
or logical volume at installation time, or migrate it using LVM.</description>
          <reference href="https://www.cisecurity.org/controls/">12</reference>
          <reference href="https://www.cisecurity.org/controls/">15</reference>
          <reference href="https://www.cisecurity.org/controls/">8</reference>
          <reference href="https://www.isaca.org/resources/cobit">APO13.01</reference>
          <reference href="https://www.isaca.org/resources/cobit">DSS05.02</reference>
          <reference href="https://public.cyber.mil/stigs/cci/">CCI-000366</reference>
          <reference href="https://www.isa.org/products/ansi-isa-62443-3-3-99-03-03-2013-security-for-indu">SR 3.1</reference>
          <reference href="https://www.isa.org/products/ansi-isa-62443-3-3-99-03-03-2013-security-for-indu">SR 3.5</reference>
          <reference href="https://www.isa.org/products/ansi-isa-62443-3-3-99-03-03-2013-security-for-indu">SR 3.8</reference>
          <reference href="https://www.isa.org/products/ansi-isa-62443-3-3-99-03-03-2013-security-for-indu">SR 4.1</reference>
          <reference href="https://www.isa.org/products/ansi-isa-62443-3-3-99-03-03-2013-security-for-indu">SR 4.3</reference>
          <reference href="https://www.isa.org/products/ansi-isa-62443-3-3-99-03-03-2013-security-for-indu">SR 5.1</reference>
          <reference href="https://www.isa.org/products/ansi-isa-62443-3-3-99-03-03-2013-security-for-indu">SR 5.2</reference>
          <reference href="https://www.isa.org/products/ansi-isa-62443-3-3-99-03-03-2013-security-for-indu">SR 5.3</reference>
          <reference href="https://www.isa.org/products/ansi-isa-62443-3-3-99-03-03-2013-security-for-indu">SR 7.1</reference>
          <reference href="https://www.isa.org/products/ansi-isa-62443-3-3-99-03-03-2013-security-for-indu">SR 7.6</reference>
          <reference href="https://www.iso.org/contents/data/standard/05/45/54534.html">A.13.1.1</reference>
          <reference href="https://www.iso.org/contents/data/standard/05/45/54534.html">A.13.2.1</reference>
          <reference href="https://www.iso.org/contents/data/standard/05/45/54534.html">A.14.1.3</reference>
          <reference href="http://nvlpubs.nist.gov/nistpubs/SpecialPublications/NIST.SP.800-53r4.pdf">CM-6(a)</reference>
          <reference href="http://nvlpubs.nist.gov/nistpubs/SpecialPublications/NIST.SP.800-53r4.pdf">SC-5(2)</reference>
          <reference href="https://nvlpubs.nist.gov/nistpubs/CSWP/NIST.CSWP.04162018.pdf">PR.PT-4</reference>
          <reference href="https://public.cyber.mil/stigs/downloads/?_dl_facet_stigs=operating-systems%2Cgeneral-purpose-os">SRG-OS-000480-GPOS-00227</reference>
          <reference href="https://cyber.gouv.fr/sites/default/files/document/linux_configuration-en-v2.pdf">R28</reference>
          <reference href="https://www.cisecurity.org/benchmark/ubuntu_linux/">1.1.2.4.1</reference>
          <rationale xmlns:xhtml="http://www.w3.org/1999/xhtml" xml:lang="en-US">Ensuring that <html:code xmlns:html="http://www.w3.org/1999/xhtml">/var</html:code> is mounted on its own partition enables the
setting of more restrictive mount options. This helps protect
system services such as daemons or other programs which use it.
It is not uncommon for the <html:code xmlns:html="http://www.w3.org/1999/xhtml">/var</html:code> directory to contain
world-writable directories installed by other software packages.</rationale>
          <check system="http://oval.mitre.org/XMLSchema/oval-definitions-5">
            <check-content-ref name="oval:ssg-partition_for_var:def:1" href="ssg-ubuntu2404-oval.xml"/>
          </check>
          <check system="http://scap.nist.gov/schema/ocil/2">
            <check-content-ref name="ocil:ssg-partition_for_var_ocil:questionnaire:1" href="ssg-ubuntu2404-ocil.xml"/>
          </check>
        </Rule>
        <Rule id="xccdf_org.ssgproject.content_rule_partition_for_var_log" selected="false" role="full" severity="low">
          <title xmlns:xhtml="http://www.w3.org/1999/xhtml" xml:lang="en-US">Ensure /var/log Located On Separate Partition</title>
          <description xmlns:xhtml="http://www.w3.org/1999/xhtml" xml:lang="en-US">System logs are stored in the <html:code xmlns:html="http://www.w3.org/1999/xhtml">/var/log</html:code> directory.

Ensure that <html:code xmlns:html="http://www.w3.org/1999/xhtml">/var/log</html:code> has its own partition or logical
volume at installation time, or migrate it using LVM.</description>
          <reference href="https://www.cisecurity.org/controls/">1</reference>
          <reference href="https://www.cisecurity.org/controls/">12</reference>
          <reference href="https://www.cisecurity.org/controls/">14</reference>
          <reference href="https://www.cisecurity.org/controls/">15</reference>
          <reference href="https://www.cisecurity.org/controls/">16</reference>
          <reference href="https://www.cisecurity.org/controls/">3</reference>
          <reference href="https://www.cisecurity.org/controls/">5</reference>
          <reference href="https://www.cisecurity.org/controls/">6</reference>
          <reference href="https://www.cisecurity.org/controls/">8</reference>
          <reference href="https://www.isaca.org/resources/cobit">APO11.04</reference>
          <reference href="https://www.isaca.org/resources/cobit">APO13.01</reference>
          <reference href="https://www.isaca.org/resources/cobit">BAI03.05</reference>
          <reference href="https://www.isaca.org/resources/cobit">DSS05.02</reference>
          <reference href="https://www.isaca.org/resources/cobit">DSS05.04</reference>
          <reference href="https://www.isaca.org/resources/cobit">DSS05.07</reference>
          <reference href="https://www.isaca.org/resources/cobit">MEA02.01</reference>
          <reference href="https://public.cyber.mil/stigs/cci/">CCI-000366</reference>
          <reference href="https://www.isa.org/products/isa-62443-2-1-2009-security-for-industrial-automat">4.3.3.3.9</reference>
          <reference href="https://www.isa.org/products/isa-62443-2-1-2009-security-for-industrial-automat">4.3.3.5.8</reference>
          <reference href="https://www.isa.org/products/isa-62443-2-1-2009-security-for-industrial-automat">4.3.4.4.7</reference>
          <reference href="https://www.isa.org/products/isa-62443-2-1-2009-security-for-industrial-automat">4.4.2.1</reference>
          <reference href="https://www.isa.org/products/isa-62443-2-1-2009-security-for-industrial-automat">4.4.2.2</reference>
          <reference href="https://www.isa.org/products/isa-62443-2-1-2009-security-for-industrial-automat">4.4.2.4</reference>
          <reference href="https://www.isa.org/products/ansi-isa-62443-3-3-99-03-03-2013-security-for-indu">SR 2.10</reference>
          <reference href="https://www.isa.org/products/ansi-isa-62443-3-3-99-03-03-2013-security-for-indu">SR 2.11</reference>
          <reference href="https://www.isa.org/products/ansi-isa-62443-3-3-99-03-03-2013-security-for-indu">SR 2.12</reference>
          <reference href="https://www.isa.org/products/ansi-isa-62443-3-3-99-03-03-2013-security-for-indu">SR 2.8</reference>
          <reference href="https://www.isa.org/products/ansi-isa-62443-3-3-99-03-03-2013-security-for-indu">SR 2.9</reference>
          <reference href="https://www.isa.org/products/ansi-isa-62443-3-3-99-03-03-2013-security-for-indu">SR 3.1</reference>
          <reference href="https://www.isa.org/products/ansi-isa-62443-3-3-99-03-03-2013-security-for-indu">SR 3.5</reference>
          <reference href="https://www.isa.org/products/ansi-isa-62443-3-3-99-03-03-2013-security-for-indu">SR 3.8</reference>
          <reference href="https://www.isa.org/products/ansi-isa-62443-3-3-99-03-03-2013-security-for-indu">SR 4.1</reference>
          <reference href="https://www.isa.org/products/ansi-isa-62443-3-3-99-03-03-2013-security-for-indu">SR 4.3</reference>
          <reference href="https://www.isa.org/products/ansi-isa-62443-3-3-99-03-03-2013-security-for-indu">SR 5.1</reference>
          <reference href="https://www.isa.org/products/ansi-isa-62443-3-3-99-03-03-2013-security-for-indu">SR 5.2</reference>
          <reference href="https://www.isa.org/products/ansi-isa-62443-3-3-99-03-03-2013-security-for-indu">SR 5.3</reference>
          <reference href="https://www.isa.org/products/ansi-isa-62443-3-3-99-03-03-2013-security-for-indu">SR 7.1</reference>
          <reference href="https://www.isa.org/products/ansi-isa-62443-3-3-99-03-03-2013-security-for-indu">SR 7.6</reference>
          <reference href="https://www.iso.org/contents/data/standard/05/45/54534.html">A.12.4.1</reference>
          <reference href="https://www.iso.org/contents/data/standard/05/45/54534.html">A.12.4.2</reference>
          <reference href="https://www.iso.org/contents/data/standard/05/45/54534.html">A.12.4.3</reference>
          <reference href="https://www.iso.org/contents/data/standard/05/45/54534.html">A.12.4.4</reference>
          <reference href="https://www.iso.org/contents/data/standard/05/45/54534.html">A.12.7.1</reference>
          <reference href="https://www.iso.org/contents/data/standard/05/45/54534.html">A.13.1.1</reference>
          <reference href="https://www.iso.org/contents/data/standard/05/45/54534.html">A.13.2.1</reference>
          <reference href="https://www.iso.org/contents/data/standard/05/45/54534.html">A.14.1.3</reference>
          <reference href="https://www.nerc.com/pa/Stand/AlignRep/One%20Stop%20Shop.xlsx">CIP-007-3 R6.5</reference>
          <reference href="http://nvlpubs.nist.gov/nistpubs/SpecialPublications/NIST.SP.800-53r4.pdf">CM-6(a)</reference>
          <reference href="http://nvlpubs.nist.gov/nistpubs/SpecialPublications/NIST.SP.800-53r4.pdf">AU-4</reference>
          <reference href="http://nvlpubs.nist.gov/nistpubs/SpecialPublications/NIST.SP.800-53r4.pdf">SC-5(2)</reference>
          <reference href="https://nvlpubs.nist.gov/nistpubs/CSWP/NIST.CSWP.04162018.pdf">PR.PT-1</reference>
          <reference href="https://nvlpubs.nist.gov/nistpubs/CSWP/NIST.CSWP.04162018.pdf">PR.PT-4</reference>
          <reference href="https://public.cyber.mil/stigs/downloads/?_dl_facet_stigs=operating-systems%2Cgeneral-purpose-os">SRG-OS-000480-GPOS-00227</reference>
          <reference href="https://cyber.gouv.fr/sites/default/files/document/linux_configuration-en-v2.pdf">R28</reference>
          <reference href="https://www.cisecurity.org/benchmark/ubuntu_linux/">1.1.2.6.1</reference>
          <rationale xmlns:xhtml="http://www.w3.org/1999/xhtml" xml:lang="en-US">Placing <html:code xmlns:html="http://www.w3.org/1999/xhtml">/var/log</html:code> in its own partition
enables better separation between log files
and other files in <html:code xmlns:html="http://www.w3.org/1999/xhtml">/var/</html:code>.</rationale>
          <check system="http://oval.mitre.org/XMLSchema/oval-definitions-5">
            <check-content-ref name="oval:ssg-partition_for_var_log:def:1" href="ssg-ubuntu2404-oval.xml"/>
          </check>
          <check system="http://scap.nist.gov/schema/ocil/2">
            <check-content-ref name="ocil:ssg-partition_for_var_log_ocil:questionnaire:1" href="ssg-ubuntu2404-ocil.xml"/>
          </check>
        </Rule>
        <Rule id="xccdf_org.ssgproject.content_rule_partition_for_var_log_audit" selected="false" role="full" severity="low">
          <title xmlns:xhtml="http://www.w3.org/1999/xhtml" xml:lang="en-US">Ensure /var/log/audit Located On Separate Partition</title>
          <description xmlns:xhtml="http://www.w3.org/1999/xhtml" xml:lang="en-US">Audit logs are stored in the <html:code xmlns:html="http://www.w3.org/1999/xhtml">/var/log/audit</html:code> directory.

Ensure that <html:code xmlns:html="http://www.w3.org/1999/xhtml">/var/log/audit</html:code> has its own partition or logical
volume at installation time, or migrate it using LVM.
Make absolutely certain that it is large enough to store all
audit logs that will be created by the auditing daemon.</description>
          <reference href="https://www.cisecurity.org/controls/">1</reference>
          <reference href="https://www.cisecurity.org/controls/">12</reference>
          <reference href="https://www.cisecurity.org/controls/">13</reference>
          <reference href="https://www.cisecurity.org/controls/">14</reference>
          <reference href="https://www.cisecurity.org/controls/">15</reference>
          <reference href="https://www.cisecurity.org/controls/">16</reference>
          <reference href="https://www.cisecurity.org/controls/">2</reference>
          <reference href="https://www.cisecurity.org/controls/">3</reference>
          <reference href="https://www.cisecurity.org/controls/">5</reference>
          <reference href="https://www.cisecurity.org/controls/">6</reference>
          <reference href="https://www.cisecurity.org/controls/">8</reference>
          <reference href="https://www.isaca.org/resources/cobit">APO11.04</reference>
          <reference href="https://www.isaca.org/resources/cobit">APO13.01</reference>
          <reference href="https://www.isaca.org/resources/cobit">BAI03.05</reference>
          <reference href="https://www.isaca.org/resources/cobit">BAI04.04</reference>
          <reference href="https://www.isaca.org/resources/cobit">DSS05.02</reference>
          <reference href="https://www.isaca.org/resources/cobit">DSS05.04</reference>
          <reference href="https://www.isaca.org/resources/cobit">DSS05.07</reference>
          <reference href="https://www.isaca.org/resources/cobit">MEA02.01</reference>
          <reference href="https://public.cyber.mil/stigs/cci/">CCI-000366</reference>
          <reference href="https://public.cyber.mil/stigs/cci/">CCI-001849</reference>
          <reference href="https://www.gpo.gov/fdsys/pkg/CFR-2007-title45-vol1/pdf/CFR-2007-title45-vol1-chapA-subchapC.pdf">164.312(a)(2)(ii)</reference>
          <reference href="https://www.isa.org/products/isa-62443-2-1-2009-security-for-industrial-automat">4.3.3.3.9</reference>
          <reference href="https://www.isa.org/products/isa-62443-2-1-2009-security-for-industrial-automat">4.3.3.5.8</reference>
          <reference href="https://www.isa.org/products/isa-62443-2-1-2009-security-for-industrial-automat">4.3.4.4.7</reference>
          <reference href="https://www.isa.org/products/isa-62443-2-1-2009-security-for-industrial-automat">4.4.2.1</reference>
          <reference href="https://www.isa.org/products/isa-62443-2-1-2009-security-for-industrial-automat">4.4.2.2</reference>
          <reference href="https://www.isa.org/products/isa-62443-2-1-2009-security-for-industrial-automat">4.4.2.4</reference>
          <reference href="https://www.isa.org/products/ansi-isa-62443-3-3-99-03-03-2013-security-for-indu">SR 2.10</reference>
          <reference href="https://www.isa.org/products/ansi-isa-62443-3-3-99-03-03-2013-security-for-indu">SR 2.11</reference>
          <reference href="https://www.isa.org/products/ansi-isa-62443-3-3-99-03-03-2013-security-for-indu">SR 2.12</reference>
          <reference href="https://www.isa.org/products/ansi-isa-62443-3-3-99-03-03-2013-security-for-indu">SR 2.8</reference>
          <reference href="https://www.isa.org/products/ansi-isa-62443-3-3-99-03-03-2013-security-for-indu">SR 2.9</reference>
          <reference href="https://www.isa.org/products/ansi-isa-62443-3-3-99-03-03-2013-security-for-indu">SR 3.1</reference>
          <reference href="https://www.isa.org/products/ansi-isa-62443-3-3-99-03-03-2013-security-for-indu">SR 3.5</reference>
          <reference href="https://www.isa.org/products/ansi-isa-62443-3-3-99-03-03-2013-security-for-indu">SR 3.8</reference>
          <reference href="https://www.isa.org/products/ansi-isa-62443-3-3-99-03-03-2013-security-for-indu">SR 4.1</reference>
          <reference href="https://www.isa.org/products/ansi-isa-62443-3-3-99-03-03-2013-security-for-indu">SR 4.3</reference>
          <reference href="https://www.isa.org/products/ansi-isa-62443-3-3-99-03-03-2013-security-for-indu">SR 5.1</reference>
          <reference href="https://www.isa.org/products/ansi-isa-62443-3-3-99-03-03-2013-security-for-indu">SR 5.2</reference>
          <reference href="https://www.isa.org/products/ansi-isa-62443-3-3-99-03-03-2013-security-for-indu">SR 5.3</reference>
          <reference href="https://www.isa.org/products/ansi-isa-62443-3-3-99-03-03-2013-security-for-indu">SR 7.1</reference>
          <reference href="https://www.isa.org/products/ansi-isa-62443-3-3-99-03-03-2013-security-for-indu">SR 7.2</reference>
          <reference href="https://www.isa.org/products/ansi-isa-62443-3-3-99-03-03-2013-security-for-indu">SR 7.6</reference>
          <reference href="https://www.iso.org/contents/data/standard/05/45/54534.html">A.12.1.3</reference>
          <reference href="https://www.iso.org/contents/data/standard/05/45/54534.html">A.12.4.1</reference>
          <reference href="https://www.iso.org/contents/data/standard/05/45/54534.html">A.12.4.2</reference>
          <reference href="https://www.iso.org/contents/data/standard/05/45/54534.html">A.12.4.3</reference>
          <reference href="https://www.iso.org/contents/data/standard/05/45/54534.html">A.12.4.4</reference>
          <reference href="https://www.iso.org/contents/data/standard/05/45/54534.html">A.12.7.1</reference>
          <reference href="https://www.iso.org/contents/data/standard/05/45/54534.html">A.13.1.1</reference>
          <reference href="https://www.iso.org/contents/data/standard/05/45/54534.html">A.13.2.1</reference>
          <reference href="https://www.iso.org/contents/data/standard/05/45/54534.html">A.14.1.3</reference>
          <reference href="https://www.iso.org/contents/data/standard/05/45/54534.html">A.17.2.1</reference>
          <reference href="https://www.nerc.com/pa/Stand/AlignRep/One%20Stop%20Shop.xlsx">CIP-007-3 R6.5</reference>
          <reference href="http://nvlpubs.nist.gov/nistpubs/SpecialPublications/NIST.SP.800-53r4.pdf">CM-6(a)</reference>
          <reference href="http://nvlpubs.nist.gov/nistpubs/SpecialPublications/NIST.SP.800-53r4.pdf">AU-4</reference>
          <reference href="http://nvlpubs.nist.gov/nistpubs/SpecialPublications/NIST.SP.800-53r4.pdf">SC-5(2)</reference>
          <reference href="https://nvlpubs.nist.gov/nistpubs/CSWP/NIST.CSWP.04162018.pdf">PR.DS-4</reference>
          <reference href="https://nvlpubs.nist.gov/nistpubs/CSWP/NIST.CSWP.04162018.pdf">PR.PT-1</reference>
          <reference href="https://nvlpubs.nist.gov/nistpubs/CSWP/NIST.CSWP.04162018.pdf">PR.PT-4</reference>
          <reference href="https://www.niap-ccevs.org/Profile/PP.cfm">FMT_SMF_EXT.1</reference>
          <reference href="https://public.cyber.mil/stigs/downloads/?_dl_facet_stigs=operating-systems%2Cgeneral-purpose-os">SRG-OS-000341-GPOS-00132</reference>
          <reference href="https://public.cyber.mil/stigs/downloads/?_dl_facet_stigs=operating-systems%2Cgeneral-purpose-os">SRG-OS-000480-GPOS-00227</reference>
          <reference href="https://public.cyber.mil/stigs/downloads/?_dl_facet_stigs=container-platform">SRG-APP-000357-CTR-000800</reference>
          <reference href="https://cyber.gouv.fr/sites/default/files/document/linux_configuration-en-v2.pdf">R71</reference>
          <reference href="https://www.cisecurity.org/benchmark/ubuntu_linux/">1.1.2.7.1</reference>
          <rationale xmlns:xhtml="http://www.w3.org/1999/xhtml" xml:lang="en-US">Placing <html:code xmlns:html="http://www.w3.org/1999/xhtml">/var/log/audit</html:code> in its own partition
enables better separation between audit files
and other files, and helps ensure that
auditing cannot be halted due to the partition running out
of space.</rationale>
          <check system="http://oval.mitre.org/XMLSchema/oval-definitions-5">
            <check-content-ref name="oval:ssg-partition_for_var_log_audit:def:1" href="ssg-ubuntu2404-oval.xml"/>
          </check>
          <check system="http://scap.nist.gov/schema/ocil/2">
            <check-content-ref name="ocil:ssg-partition_for_var_log_audit_ocil:questionnaire:1" href="ssg-ubuntu2404-ocil.xml"/>
          </check>
        </Rule>
        <Rule id="xccdf_org.ssgproject.content_rule_partition_for_var_tmp" selected="false" role="full" severity="medium">
          <title xmlns:xhtml="http://www.w3.org/1999/xhtml" xml:lang="en-US">Ensure /var/tmp Located On Separate Partition</title>
          <description xmlns:xhtml="http://www.w3.org/1999/xhtml" xml:lang="en-US">The <html:code xmlns:html="http://www.w3.org/1999/xhtml">/var/tmp</html:code> directory is a world-writable directory used
for temporary file storage. Ensure it has its own partition or
logical volume at installation time, or migrate it using LVM.</description>
          <reference href="https://public.cyber.mil/stigs/cci/">CCI-000366</reference>
          <reference href="https://public.cyber.mil/stigs/downloads/?_dl_facet_stigs=operating-systems%2Cgeneral-purpose-os">SRG-OS-000480-GPOS-00227</reference>
          <reference href="https://cyber.gouv.fr/sites/default/files/document/linux_configuration-en-v2.pdf">R28</reference>
          <reference href="https://www.cisecurity.org/benchmark/ubuntu_linux/">1.1.2.5.1</reference>
          <rationale xmlns:xhtml="http://www.w3.org/1999/xhtml" xml:lang="en-US">The <html:code xmlns:html="http://www.w3.org/1999/xhtml">/var/tmp</html:code> partition is used as temporary storage by many programs.
Placing <html:code xmlns:html="http://www.w3.org/1999/xhtml">/var/tmp</html:code> in its own partition enables the setting of more
restrictive mount options, which can help protect programs which use it.</rationale>
          <check system="http://oval.mitre.org/XMLSchema/oval-definitions-5">
            <check-content-ref name="oval:ssg-partition_for_var_tmp:def:1" href="ssg-ubuntu2404-oval.xml"/>
          </check>
          <check system="http://scap.nist.gov/schema/ocil/2">
            <check-content-ref name="ocil:ssg-partition_for_var_tmp_ocil:questionnaire:1" href="ssg-ubuntu2404-ocil.xml"/>
          </check>
        </Rule>
      </Group>
      <Group id="xccdf_org.ssgproject.content_group_gnome">
        <title xmlns:xhtml="http://www.w3.org/1999/xhtml" xml:lang="en-US">GNOME Desktop Environment</title>
        <description xmlns:xhtml="http://www.w3.org/1999/xhtml" xml:lang="en-US">GNOME is a graphical desktop environment bundled with many Linux distributions that
allow users to easily interact with the operating system graphically rather than
textually. The GNOME Graphical Display Manager (GDM) provides login, logout, and user
switching contexts as well as display server management.
<html:br xmlns:html="http://www.w3.org/1999/xhtml"/>
       <html:br xmlns:html="http://www.w3.org/1999/xhtml"/>
GNOME is developed by the GNOME Project and is considered the default

Red Hat Graphical environment.

<html:br xmlns:html="http://www.w3.org/1999/xhtml"/>
       <html:br xmlns:html="http://www.w3.org/1999/xhtml"/>
For more information on GNOME and the GNOME Project, see <html:b xmlns:html="http://www.w3.org/1999/xhtml"><html:a href="https://www.gnome.org">https://www.gnome.org</html:a></html:b>.</description>
        <platform idref="#package_gdm"/>
        <Rule id="xccdf_org.ssgproject.content_rule_package_gdm_removed" selected="false" role="full" severity="medium">
          <title xmlns:xhtml="http://www.w3.org/1999/xhtml" xml:lang="en-US">Remove the GDM Package Group</title>
          <description xmlns:xhtml="http://www.w3.org/1999/xhtml" xml:lang="en-US">
By removing the <html:code xmlns:html="http://www.w3.org/1999/xhtml">gdm3</html:code> package, the system no longer has GNOME installed

installed. If X Windows is not installed then the system cannot boot into graphical user mode.
This prevents the system from being accidentally or maliciously booted into a <html:code xmlns:html="http://www.w3.org/1999/xhtml">graphical.target</html:code>
mode. To do so, run the following command:

<html:pre xmlns:html="http://www.w3.org/1999/xhtml">$ sudo apt remove gdm3</html:pre>
       </description>
          <reference href="https://public.cyber.mil/stigs/cci/">CCI-000366</reference>
          <reference href="http://nvlpubs.nist.gov/nistpubs/SpecialPublications/NIST.SP.800-53r4.pdf">CM-7(a)</reference>
          <reference href="http://nvlpubs.nist.gov/nistpubs/SpecialPublications/NIST.SP.800-53r4.pdf">CM-7(b)</reference>
          <reference href="http://nvlpubs.nist.gov/nistpubs/SpecialPublications/NIST.SP.800-53r4.pdf">CM-6(a)</reference>
          <reference href="https://public.cyber.mil/stigs/downloads/?_dl_facet_stigs=operating-systems%2Cgeneral-purpose-os">SRG-OS-000480-GPOS-00227</reference>
          <reference href="https://www.cisecurity.org/benchmark/ubuntu_linux/">1.7.1</reference>
          <rationale xmlns:xhtml="http://www.w3.org/1999/xhtml" xml:lang="en-US">Unnecessary service packages must not be installed to decrease the attack surface of the system.
A graphical environment is unnecessary for certain types of systems including a virtualization
hypervisor.</rationale>
          <fix xmlns:xhtml="http://www.w3.org/1999/xhtml" id="package_gdm_removed" system="urn:xccdf:fix:script:puppet" complexity="low" disruption="low" strategy="disable">include remove_gdm3

class remove_gdm3 {
  package { 'gdm3':
    ensure =&gt; 'purged',
  }
}
</fix>
          <fix xmlns:xhtml="http://www.w3.org/1999/xhtml" id="package_gdm_removed" system="urn:xccdf:fix:script:ansible" complexity="low" disruption="low" strategy="disable">- name: Gather the package facts
  package_facts:
    manager: auto
  tags:
  - NIST-800-53-CM-6(a)
  - NIST-800-53-CM-7(a)
  - NIST-800-53-CM-7(b)
  - disable_strategy
  - low_complexity
  - low_disruption
  - medium_severity
  - no_reboot_needed
  - package_gdm_removed

- name: Ensure gdm3 is removed
  package:
    name: gdm3
    state: absent
  when: '"gdm3" in ansible_facts.packages'
  tags:
  - NIST-800-53-CM-6(a)
  - NIST-800-53-CM-7(a)
  - NIST-800-53-CM-7(b)
  - disable_strategy
  - low_complexity
  - low_disruption
  - medium_severity
  - no_reboot_needed
  - package_gdm_removed
</fix>
          <fix xmlns:xhtml="http://www.w3.org/1999/xhtml" id="package_gdm_removed" system="urn:xccdf:fix:script:sh" complexity="low" disruption="low" strategy="disable"># Remediation is applicable only in certain platforms
if dpkg-query --show --showformat='${db:Status-Status}\n' 'gdm3' 2&gt;/dev/null | grep -q '^installed'; then

# CAUTION: This remediation script will remove gdm3
#	   from the system, and may remove any packages
#	   that depend on gdm3. Execute this
#	   remediation AFTER testing on a non-production
#	   system!

DEBIAN_FRONTEND=noninteractive apt-get remove -y "gdm3"

else
    &gt;&amp;2 echo 'Remediation is not applicable, nothing was done'
fi
</fix>
          <check system="http://oval.mitre.org/XMLSchema/oval-definitions-5">
            <check-content-ref name="oval:ssg-package_gdm_removed:def:1" href="ssg-ubuntu2404-oval.xml"/>
          </check>
          <check system="http://scap.nist.gov/schema/ocil/2">
            <check-content-ref name="ocil:ssg-package_gdm_removed_ocil:questionnaire:1" href="ssg-ubuntu2404-ocil.xml"/>
          </check>
        </Rule>
        <Group id="xccdf_org.ssgproject.content_group_gnome_login_screen">
          <title xmlns:xhtml="http://www.w3.org/1999/xhtml" xml:lang="en-US">Configure GNOME Login Screen</title>
          <description xmlns:xhtml="http://www.w3.org/1999/xhtml" xml:lang="en-US">In the default GNOME desktop, the login is displayed after system boot
and can display user accounts, allow users to reboot the system, and allow users to
login automatically and/or with a guest account. The login screen should be configured
to prevent such behavior.
<html:br xmlns:html="http://www.w3.org/1999/xhtml"/>
        <html:br xmlns:html="http://www.w3.org/1999/xhtml"/>

For more information about enforcing preferences in the GNOME3 environment using the DConf
configuration system, see <html:b xmlns:html="http://www.w3.org/1999/xhtml"><html:a href="https://access.redhat.com/documentation/en-us/red_hat_enterprise_linux/7/html/desktop_migration_and_administration_guide">https://access.redhat.com/documentation/en-us/red_hat_enterprise_linux/7/html/desktop_migration_and_administration_guide</html:a>/&gt;</html:b> and the man page <html:code xmlns:html="http://www.w3.org/1999/xhtml">dconf(1)</html:code>.</description>
          <Rule id="xccdf_org.ssgproject.content_rule_dconf_gnome_disable_user_list" selected="false" role="full" severity="medium">
            <title xmlns:xhtml="http://www.w3.org/1999/xhtml" xml:lang="en-US">Disable the GNOME3 Login User List</title>
            <description xmlns:xhtml="http://www.w3.org/1999/xhtml" xml:lang="en-US">In the default graphical environment, users logging directly into the
system are greeted with a login screen that displays all known users.
This functionality should be disabled by setting <html:code xmlns:html="http://www.w3.org/1999/xhtml">disable-user-list</html:code>
to <html:code xmlns:html="http://www.w3.org/1999/xhtml">true</html:code>.
<html:br xmlns:html="http://www.w3.org/1999/xhtml"/>
         <html:br xmlns:html="http://www.w3.org/1999/xhtml"/>
To disable, add or edit <html:code xmlns:html="http://www.w3.org/1999/xhtml">disable-user-list</html:code> to
<html:code xmlns:html="http://www.w3.org/1999/xhtml">/etc/dconf/db/gdm.d/00-security-settings</html:code>. For example:
<html:pre xmlns:html="http://www.w3.org/1999/xhtml">[org/gnome/login-screen]
disable-user-list=true</html:pre>
Once the setting has been added, add a lock to
<html:code xmlns:html="http://www.w3.org/1999/xhtml">/etc/dconf/db/gdm.d/locks/00-security-settings-lock</html:code> to prevent
user modification. For example:
<html:pre xmlns:html="http://www.w3.org/1999/xhtml">/org/gnome/login-screen/disable-user-list</html:pre>
After the settings have been set, run <html:code xmlns:html="http://www.w3.org/1999/xhtml">dconf update</html:code>.</description>
            <reference href="https://public.cyber.mil/stigs/cci/">CCI-000366</reference>
            <reference href="http://nvlpubs.nist.gov/nistpubs/SpecialPublications/NIST.SP.800-53r4.pdf">CM-6(a)</reference>
            <reference href="http://nvlpubs.nist.gov/nistpubs/SpecialPublications/NIST.SP.800-53r4.pdf">AC-23</reference>
            <reference href="https://public.cyber.mil/stigs/downloads/?_dl_facet_stigs=operating-systems%2Cgeneral-purpose-os">SRG-OS-000480-GPOS-00227</reference>
            <reference href="https://www.cisecurity.org/benchmark/ubuntu_linux/">1.7.3</reference>
            <rationale xmlns:xhtml="http://www.w3.org/1999/xhtml" xml:lang="en-US">Leaving the user list enabled is a security risk since it allows anyone
with physical access to the system to quickly enumerate known user accounts
without logging in.</rationale>
            <platform idref="#machine"/>
            <fix xmlns:xhtml="http://www.w3.org/1999/xhtml" id="dconf_gnome_disable_user_list" system="urn:xccdf:fix:script:sh"># Remediation is applicable only in certain platforms
if dpkg-query --show --showformat='${db:Status-Status}\n' 'gdm3' 2&gt;/dev/null | grep -q '^installed' &amp;&amp; { [ ! -f /.dockerenv ] &amp;&amp; [ ! -f /run/.containerenv ]; }; then

mkdir -p /etc/dconf/profile
dconf_profile_path=/etc/dconf/profile/user

[[ -s "${dconf_profile_path}" ]] || echo &gt; "${dconf_profile_path}"

if ! grep -Pzq "(?s)^\s*user-db:user.*\n\s*system-db:local" "${dconf_profile_path}"; then
    sed -i --follow-symlinks "1s/^/user-db:user\nsystem-db:local\n/" "${dconf_profile_path}"
fi

# Make sure the corresponding directories exist
mkdir -p /etc/dconf/db/local.d

# Make sure permissions allow regular users to read dconf settings.
# Also define the umask to avoid `dconf update` changing permissions.
chmod -R u=rwX,go=rX /etc/dconf/profile
(umask 0022 &amp;&amp; dconf update)
mkdir -p /etc/dconf/profile
dconf_profile_path=/etc/dconf/profile/gdm

[[ -s "${dconf_profile_path}" ]] || echo &gt; "${dconf_profile_path}"

if ! grep -Pzq "(?s)^\s*user-db:user.*\n\s*system-db:gdm" "${dconf_profile_path}"; then
    sed -i --follow-symlinks "1s/^/user-db:user\nsystem-db:gdm\n/" "${dconf_profile_path}"
fi

# Make sure the corresponding directories exist
mkdir -p /etc/dconf/db/gdm.d

# Make sure permissions allow regular users to read dconf settings.
# Also define the umask to avoid `dconf update` changing permissions.
chmod -R u=rwX,go=rX /etc/dconf/profile
(umask 0022 &amp;&amp; dconf update)


# Check for setting in any of the DConf db directories
# If files contain ibus or distro, ignore them.
# The assignment assumes that individual filenames don't contain :
readarray -t SETTINGSFILES &lt; &lt;(grep -r "\\[org/gnome/login-screen\\]" "/etc/dconf/db/" \
                                | grep -v 'distro\|ibus\|gdm.d' | cut -d":" -f1)
DCONFFILE="/etc/dconf/db/gdm.d/00-security-settings"
DBDIR="/etc/dconf/db/gdm.d"

mkdir -p "${DBDIR}"

# Comment out the configurations in databases different from the target one
if [ "${#SETTINGSFILES[@]}" -ne 0 ]
then
    if grep -q "^\\s*disable-user-list\\s*=" "${SETTINGSFILES[@]}"
    then
        
        sed -Ei "s/(^\s*)disable-user-list(\s*=)/#\1disable-user-list\2/g" "${SETTINGSFILES[@]}"
    fi
fi

[ ! -z "${DCONFFILE}" ] &amp;&amp; echo "" &gt;&gt; "${DCONFFILE}"
if ! grep -q "\\[org/gnome/login-screen\\]" "${DCONFFILE}"
then
    printf '%s\n' "[org/gnome/login-screen]" &gt;&gt; ${DCONFFILE}
fi

escaped_value="$(sed -e 's/\\/\\\\/g' &lt;&lt;&lt; "true")"
if grep -q "^\\s*disable-user-list\\s*=" "${DCONFFILE}"
then
        sed -i "s/\\s*disable-user-list\\s*=\\s*.*/disable-user-list=${escaped_value}/g" "${DCONFFILE}"
    else
        sed -i "\\|\\[org/gnome/login-screen\\]|a\\disable-user-list=${escaped_value}" "${DCONFFILE}"
fi
# Make sure permissions allow regular users to read dconf settings.
# Also define the umask to avoid `dconf update` changing permissions.
chmod -R u=rwX,go=rX /etc/dconf/db
(umask 0022 &amp;&amp; dconf update)
# Check for setting in any of the DConf db directories
LOCKFILES=$(grep -r "^/org/gnome/login-screen/disable-user-list$" "/etc/dconf/db/" \
            | grep -v 'distro\|ibus\|gdm.d' | grep ":" | cut -d":" -f1)
LOCKSFOLDER="/etc/dconf/db/gdm.d/locks"

mkdir -p "${LOCKSFOLDER}"

# Comment out the configurations in databases different from the target one
if [[ ! -z "${LOCKFILES}" ]]
then
    sed -i -E "s|^/org/gnome/login-screen/disable-user-list$|#&amp;|" "${LOCKFILES[@]}"
fi

if ! grep -qr "^/org/gnome/login-screen/disable-user-list$" /etc/dconf/db/gdm.d/
then
    echo "/org/gnome/login-screen/disable-user-list" &gt;&gt; "/etc/dconf/db/gdm.d/locks/00-security-settings-lock"
fi
# Make sure permissions allow regular users to read dconf settings.
# Also define the umask to avoid `dconf update` changing permissions.
chmod -R u=rwX,go=rX /etc/dconf/db
(umask 0022 &amp;&amp; dconf update)

else
    &gt;&amp;2 echo 'Remediation is not applicable, nothing was done'
fi
</fix>
            <check system="http://oval.mitre.org/XMLSchema/oval-definitions-5">
              <check-content-ref name="oval:ssg-dconf_gnome_disable_user_list:def:1" href="ssg-ubuntu2404-oval.xml"/>
            </check>
            <check system="http://scap.nist.gov/schema/ocil/2">
              <check-content-ref name="ocil:ssg-dconf_gnome_disable_user_list_ocil:questionnaire:1" href="ssg-ubuntu2404-ocil.xml"/>
            </check>
          </Rule>
          <Rule id="xccdf_org.ssgproject.content_rule_gnome_gdm_disable_xdmcp" selected="false" role="full" severity="high">
            <title xmlns:xhtml="http://www.w3.org/1999/xhtml" xml:lang="en-US">Disable XDMCP in GDM</title>
            <description xmlns:xhtml="http://www.w3.org/1999/xhtml" xml:lang="en-US">XDMCP is an unencrypted protocol, and therefore, presents a security risk, see e.g.
<html:a xmlns:html="http://www.w3.org/1999/xhtml" href="https://help.gnome.org/admin/gdm/stable/security.html.en_GB#xdmcpsecurity">XDMCP Gnome docs</html:a>.

To disable XDMCP support in Gnome, set <html:code xmlns:html="http://www.w3.org/1999/xhtml">Enable</html:code> to <html:code xmlns:html="http://www.w3.org/1999/xhtml">false</html:code> under the <html:code xmlns:html="http://www.w3.org/1999/xhtml">[xdmcp]</html:code> configuration section in <html:code xmlns:html="http://www.w3.org/1999/xhtml">/etc/gdm/custom.conf</html:code>. For example:
<html:pre xmlns:html="http://www.w3.org/1999/xhtml">
[xdmcp]
Enable=false
</html:pre>
        </description>
            <reference href="https://www.cisecurity.org/benchmark/ubuntu_linux/">1.7.10</reference>
            <rationale xmlns:xhtml="http://www.w3.org/1999/xhtml" xml:lang="en-US">XDMCP provides unencrypted remote access through the Gnome Display Manager (GDM) which does
not provide for the confidentiality and integrity of user passwords or the
remote session. If a privileged user were to login using XDMCP, the
privileged user password could be compromised due to typed XEvents
and keystrokes will traversing over the network in clear text.</rationale>
            <fix xmlns:xhtml="http://www.w3.org/1999/xhtml" id="gnome_gdm_disable_xdmcp" system="urn:xccdf:fix:script:sh"># Remediation is applicable only in certain platforms
if dpkg-query --show --showformat='${db:Status-Status}\n' 'gdm3' 2&gt;/dev/null | grep -q '^installed'; then

# Try find '[xdmcp]' and 'Enable' in '/etc/gdm3/custom.conf', if it exists, set
# to 'false', if it isn't here, add it, if '[xdmcp]' doesn't exist, add it there
if grep -qzosP '[[:space:]]*\[xdmcp]([^\n\[]*\n+)+?[[:space:]]*Enable' '/etc/gdm3/custom.conf'; then
    
    sed -i "s/Enable[^(\n)]*/Enable=false/" '/etc/gdm3/custom.conf'
elif grep -qs '[[:space:]]*\[xdmcp]' '/etc/gdm3/custom.conf'; then
    sed -i "/[[:space:]]*\[xdmcp]/a Enable=false" '/etc/gdm3/custom.conf'
else
    if test -d "/etc/gdm3"; then
        printf '%s\n' '[xdmcp]' "Enable=false" &gt;&gt; '/etc/gdm3/custom.conf'
    else
        echo "Config file directory '/etc/gdm3' doesnt exist, not remediating, assuming non-applicability." &gt;&amp;2
    fi
fi

else
    &gt;&amp;2 echo 'Remediation is not applicable, nothing was done'
fi
</fix>
            <check system="http://oval.mitre.org/XMLSchema/oval-definitions-5">
              <check-content-ref name="oval:ssg-gnome_gdm_disable_xdmcp:def:1" href="ssg-ubuntu2404-oval.xml"/>
            </check>
            <check system="http://scap.nist.gov/schema/ocil/2">
              <check-content-ref name="ocil:ssg-gnome_gdm_disable_xdmcp_ocil:questionnaire:1" href="ssg-ubuntu2404-ocil.xml"/>
            </check>
          </Rule>
        </Group>
        <Group id="xccdf_org.ssgproject.content_group_gnome_media_settings">
          <title xmlns:xhtml="http://www.w3.org/1999/xhtml" xml:lang="en-US">GNOME Media Settings</title>
          <description xmlns:xhtml="http://www.w3.org/1999/xhtml" xml:lang="en-US">GNOME media settings that apply to the graphical interface.</description>
          <Rule id="xccdf_org.ssgproject.content_rule_dconf_gnome_disable_automount" selected="false" role="full" severity="medium">
            <title xmlns:xhtml="http://www.w3.org/1999/xhtml" xml:lang="en-US">Disable GNOME3 Automounting</title>
            <description xmlns:xhtml="http://www.w3.org/1999/xhtml" xml:lang="en-US">The system's default desktop environment, GNOME3, will mount
devices and removable media (such as DVDs, CDs and USB flash drives) whenever
they are inserted into the system. To disable automount within GNOME3, add or set
<html:code xmlns:html="http://www.w3.org/1999/xhtml">automount</html:code> to <html:code xmlns:html="http://www.w3.org/1999/xhtml">false</html:code> in <html:code xmlns:html="http://www.w3.org/1999/xhtml">/etc/dconf/db/local.d/00-security-settings</html:code>.
For example:
<html:pre xmlns:html="http://www.w3.org/1999/xhtml">[org/gnome/desktop/media-handling]
automount=false</html:pre>
Once the settings have been added, add a lock to
<html:code xmlns:html="http://www.w3.org/1999/xhtml">/etc/dconf/db/local.d/locks/00-security-settings-lock</html:code> to prevent user modification.
For example:
<html:pre xmlns:html="http://www.w3.org/1999/xhtml">/org/gnome/desktop/media-handling/automount</html:pre>
After the settings have been set, run <html:code xmlns:html="http://www.w3.org/1999/xhtml">dconf update</html:code>.</description>
            <reference href="https://www.cisecurity.org/controls/">12</reference>
            <reference href="https://www.cisecurity.org/controls/">16</reference>
            <reference href="https://www.isaca.org/resources/cobit">APO13.01</reference>
            <reference href="https://www.isaca.org/resources/cobit">DSS01.04</reference>
            <reference href="https://www.isaca.org/resources/cobit">DSS05.03</reference>
            <reference href="https://www.isaca.org/resources/cobit">DSS05.04</reference>
            <reference href="https://www.isaca.org/resources/cobit">DSS05.05</reference>
            <reference href="https://www.isaca.org/resources/cobit">DSS05.07</reference>
            <reference href="https://www.isaca.org/resources/cobit">DSS06.03</reference>
            <reference href="http://nvlpubs.nist.gov/nistpubs/SpecialPublications/NIST.SP.800-171.pdf">3.1.7</reference>
            <reference href="https://public.cyber.mil/stigs/cci/">CCI-000366</reference>
            <reference href="https://public.cyber.mil/stigs/cci/">CCI-000778</reference>
            <reference href="https://public.cyber.mil/stigs/cci/">CCI-001958</reference>
            <reference href="https://www.isa.org/products/isa-62443-2-1-2009-security-for-industrial-automat">4.3.3.2.2</reference>
            <reference href="https://www.isa.org/products/isa-62443-2-1-2009-security-for-industrial-automat">4.3.3.5.2</reference>
            <reference href="https://www.isa.org/products/isa-62443-2-1-2009-security-for-industrial-automat">4.3.3.6.6</reference>
            <reference href="https://www.isa.org/products/isa-62443-2-1-2009-security-for-industrial-automat">4.3.3.7.2</reference>
            <reference href="https://www.isa.org/products/isa-62443-2-1-2009-security-for-industrial-automat">4.3.3.7.4</reference>
            <reference href="https://www.isa.org/products/ansi-isa-62443-3-3-99-03-03-2013-security-for-indu">SR 1.1</reference>
            <reference href="https://www.isa.org/products/ansi-isa-62443-3-3-99-03-03-2013-security-for-indu">SR 1.13</reference>
            <reference href="https://www.isa.org/products/ansi-isa-62443-3-3-99-03-03-2013-security-for-indu">SR 1.2</reference>
            <reference href="https://www.isa.org/products/ansi-isa-62443-3-3-99-03-03-2013-security-for-indu">SR 1.4</reference>
            <reference href="https://www.isa.org/products/ansi-isa-62443-3-3-99-03-03-2013-security-for-indu">SR 1.5</reference>
            <reference href="https://www.isa.org/products/ansi-isa-62443-3-3-99-03-03-2013-security-for-indu">SR 1.9</reference>
            <reference href="https://www.isa.org/products/ansi-isa-62443-3-3-99-03-03-2013-security-for-indu">SR 2.1</reference>
            <reference href="https://www.isa.org/products/ansi-isa-62443-3-3-99-03-03-2013-security-for-indu">SR 2.6</reference>
            <reference href="https://www.iso.org/contents/data/standard/05/45/54534.html">A.11.2.6</reference>
            <reference href="https://www.iso.org/contents/data/standard/05/45/54534.html">A.13.1.1</reference>
            <reference href="https://www.iso.org/contents/data/standard/05/45/54534.html">A.13.2.1</reference>
            <reference href="https://www.iso.org/contents/data/standard/05/45/54534.html">A.6.2.1</reference>
            <reference href="https://www.iso.org/contents/data/standard/05/45/54534.html">A.6.2.2</reference>
            <reference href="https://www.iso.org/contents/data/standard/05/45/54534.html">A.7.1.1</reference>
            <reference href="https://www.iso.org/contents/data/standard/05/45/54534.html">A.9.2.1</reference>
            <reference href="http://nvlpubs.nist.gov/nistpubs/SpecialPublications/NIST.SP.800-53r4.pdf">CM-7(a)</reference>
            <reference href="http://nvlpubs.nist.gov/nistpubs/SpecialPublications/NIST.SP.800-53r4.pdf">CM-7(b)</reference>
            <reference href="http://nvlpubs.nist.gov/nistpubs/SpecialPublications/NIST.SP.800-53r4.pdf">CM-6(a)</reference>
            <reference href="https://nvlpubs.nist.gov/nistpubs/CSWP/NIST.CSWP.04162018.pdf">PR.AC-3</reference>
            <reference href="https://nvlpubs.nist.gov/nistpubs/CSWP/NIST.CSWP.04162018.pdf">PR.AC-6</reference>
            <reference href="https://public.cyber.mil/stigs/downloads/?_dl_facet_stigs=operating-systems%2Cgeneral-purpose-os">SRG-OS-000114-GPOS-00059</reference>
            <reference href="https://public.cyber.mil/stigs/downloads/?_dl_facet_stigs=operating-systems%2Cgeneral-purpose-os">SRG-OS-000378-GPOS-00163</reference>
            <reference href="https://public.cyber.mil/stigs/downloads/?_dl_facet_stigs=operating-systems%2Cgeneral-purpose-os">SRG-OS-000480-GPOS-00227</reference>
            <reference href="https://www.cisecurity.org/benchmark/ubuntu_linux/">1.7.6</reference>
            <reference href="https://www.cisecurity.org/benchmark/ubuntu_linux/">1.7.7</reference>
            <reference href="https://docs-prv.pcisecuritystandards.org/PCI%20DSS/Standard/PCI-DSS-v4_0.pdf">3.4.2</reference>
            <reference href="https://docs-prv.pcisecuritystandards.org/PCI%20DSS/Standard/PCI-DSS-v4_0.pdf">3.4</reference>
            <rationale xmlns:xhtml="http://www.w3.org/1999/xhtml" xml:lang="en-US">Disabling automatic mounting in GNOME3 can prevent
the introduction of malware via removable media.
It will, however, also prevent desktop users from legitimate use
of removable media.</rationale>
            <platform idref="#machine"/>
            <fix xmlns:xhtml="http://www.w3.org/1999/xhtml" id="dconf_gnome_disable_automount" system="urn:xccdf:fix:script:sh"># Remediation is applicable only in certain platforms
if dpkg-query --show --showformat='${db:Status-Status}\n' 'gdm3' 2&gt;/dev/null | grep -q '^installed' &amp;&amp; { [ ! -f /.dockerenv ] &amp;&amp; [ ! -f /run/.containerenv ]; }; then

mkdir -p /etc/dconf/profile
dconf_profile_path=/etc/dconf/profile/user

[[ -s "${dconf_profile_path}" ]] || echo &gt; "${dconf_profile_path}"

if ! grep -Pzq "(?s)^\s*user-db:user.*\n\s*system-db:local" "${dconf_profile_path}"; then
    sed -i --follow-symlinks "1s/^/user-db:user\nsystem-db:local\n/" "${dconf_profile_path}"
fi

# Make sure the corresponding directories exist
mkdir -p /etc/dconf/db/local.d

# Make sure permissions allow regular users to read dconf settings.
# Also define the umask to avoid `dconf update` changing permissions.
chmod -R u=rwX,go=rX /etc/dconf/profile
(umask 0022 &amp;&amp; dconf update)
mkdir -p /etc/dconf/profile
dconf_profile_path=/etc/dconf/profile/gdm

[[ -s "${dconf_profile_path}" ]] || echo &gt; "${dconf_profile_path}"

if ! grep -Pzq "(?s)^\s*user-db:user.*\n\s*system-db:gdm" "${dconf_profile_path}"; then
    sed -i --follow-symlinks "1s/^/user-db:user\nsystem-db:gdm\n/" "${dconf_profile_path}"
fi

# Make sure the corresponding directories exist
mkdir -p /etc/dconf/db/gdm.d

# Make sure permissions allow regular users to read dconf settings.
# Also define the umask to avoid `dconf update` changing permissions.
chmod -R u=rwX,go=rX /etc/dconf/profile
(umask 0022 &amp;&amp; dconf update)


# Check for setting in any of the DConf db directories
# If files contain ibus or distro, ignore them.
# The assignment assumes that individual filenames don't contain :
readarray -t SETTINGSFILES &lt; &lt;(grep -r "\\[org/gnome/desktop/media-handling\\]" "/etc/dconf/db/" \
                                | grep -v 'distro\|ibus\|local.d' | cut -d":" -f1)
DCONFFILE="/etc/dconf/db/local.d/00-security-settings"
DBDIR="/etc/dconf/db/local.d"

mkdir -p "${DBDIR}"

# Comment out the configurations in databases different from the target one
if [ "${#SETTINGSFILES[@]}" -ne 0 ]
then
    if grep -q "^\\s*automount\\s*=" "${SETTINGSFILES[@]}"
    then
        
        sed -Ei "s/(^\s*)automount(\s*=)/#\1automount\2/g" "${SETTINGSFILES[@]}"
    fi
fi

[ ! -z "${DCONFFILE}" ] &amp;&amp; echo "" &gt;&gt; "${DCONFFILE}"
if ! grep -q "\\[org/gnome/desktop/media-handling\\]" "${DCONFFILE}"
then
    printf '%s\n' "[org/gnome/desktop/media-handling]" &gt;&gt; ${DCONFFILE}
fi

escaped_value="$(sed -e 's/\\/\\\\/g' &lt;&lt;&lt; "false")"
if grep -q "^\\s*automount\\s*=" "${DCONFFILE}"
then
        sed -i "s/\\s*automount\\s*=\\s*.*/automount=${escaped_value}/g" "${DCONFFILE}"
    else
        sed -i "\\|\\[org/gnome/desktop/media-handling\\]|a\\automount=${escaped_value}" "${DCONFFILE}"
fi
# Make sure permissions allow regular users to read dconf settings.
# Also define the umask to avoid `dconf update` changing permissions.
chmod -R u=rwX,go=rX /etc/dconf/db
(umask 0022 &amp;&amp; dconf update)
# Check for setting in any of the DConf db directories
LOCKFILES=$(grep -r "^/org/gnome/desktop/media-handling/automount$" "/etc/dconf/db/" \
            | grep -v 'distro\|ibus\|local.d' | grep ":" | cut -d":" -f1)
LOCKSFOLDER="/etc/dconf/db/local.d/locks"

mkdir -p "${LOCKSFOLDER}"

# Comment out the configurations in databases different from the target one
if [[ ! -z "${LOCKFILES}" ]]
then
    sed -i -E "s|^/org/gnome/desktop/media-handling/automount$|#&amp;|" "${LOCKFILES[@]}"
fi

if ! grep -qr "^/org/gnome/desktop/media-handling/automount$" /etc/dconf/db/local.d/
then
    echo "/org/gnome/desktop/media-handling/automount" &gt;&gt; "/etc/dconf/db/local.d/locks/00-security-settings-lock"
fi
# Make sure permissions allow regular users to read dconf settings.
# Also define the umask to avoid `dconf update` changing permissions.
chmod -R u=rwX,go=rX /etc/dconf/db
(umask 0022 &amp;&amp; dconf update)

else
    &gt;&amp;2 echo 'Remediation is not applicable, nothing was done'
fi
</fix>
            <check system="http://oval.mitre.org/XMLSchema/oval-definitions-5">
              <check-content-ref name="oval:ssg-dconf_gnome_disable_automount:def:1" href="ssg-ubuntu2404-oval.xml"/>
            </check>
            <check system="http://scap.nist.gov/schema/ocil/2">
              <check-content-ref name="ocil:ssg-dconf_gnome_disable_automount_ocil:questionnaire:1" href="ssg-ubuntu2404-ocil.xml"/>
            </check>
          </Rule>
          <Rule id="xccdf_org.ssgproject.content_rule_dconf_gnome_disable_automount_open" selected="false" role="full" severity="medium">
            <title xmlns:xhtml="http://www.w3.org/1999/xhtml" xml:lang="en-US">Disable GNOME3 Automount Opening</title>
            <description xmlns:xhtml="http://www.w3.org/1999/xhtml" xml:lang="en-US">The system's default desktop environment, GNOME3, will mount
devices and removable media (such as DVDs, CDs and USB flash drives) whenever
they are inserted into the system. To disable automount-open within GNOME3, add or set
<html:code xmlns:html="http://www.w3.org/1999/xhtml">automount-open</html:code> to <html:code xmlns:html="http://www.w3.org/1999/xhtml">false</html:code> in <html:code xmlns:html="http://www.w3.org/1999/xhtml">/etc/dconf/db/local.d/00-security-settings</html:code>.
For example:
<html:pre xmlns:html="http://www.w3.org/1999/xhtml">[org/gnome/desktop/media-handling]
automount-open=false</html:pre>
Once the settings have been added, add a lock to
<html:code xmlns:html="http://www.w3.org/1999/xhtml">/etc/dconf/db/local.d/locks/00-security-settings-lock</html:code> to prevent user modification.
For example:
<html:pre xmlns:html="http://www.w3.org/1999/xhtml">/org/gnome/desktop/media-handling/automount-open</html:pre>
After the settings have been set, run <html:code xmlns:html="http://www.w3.org/1999/xhtml">dconf update</html:code>.</description>
            <reference href="https://www.cisecurity.org/controls/">12</reference>
            <reference href="https://www.cisecurity.org/controls/">16</reference>
            <reference href="https://www.isaca.org/resources/cobit">APO13.01</reference>
            <reference href="https://www.isaca.org/resources/cobit">DSS01.04</reference>
            <reference href="https://www.isaca.org/resources/cobit">DSS05.03</reference>
            <reference href="https://www.isaca.org/resources/cobit">DSS05.04</reference>
            <reference href="https://www.isaca.org/resources/cobit">DSS05.05</reference>
            <reference href="https://www.isaca.org/resources/cobit">DSS05.07</reference>
            <reference href="https://www.isaca.org/resources/cobit">DSS06.03</reference>
            <reference href="http://nvlpubs.nist.gov/nistpubs/SpecialPublications/NIST.SP.800-171.pdf">3.1.7</reference>
            <reference href="https://public.cyber.mil/stigs/cci/">CCI-000778</reference>
            <reference href="https://public.cyber.mil/stigs/cci/">CCI-000366</reference>
            <reference href="https://public.cyber.mil/stigs/cci/">CCI-001958</reference>
            <reference href="https://www.isa.org/products/isa-62443-2-1-2009-security-for-industrial-automat">4.3.3.2.2</reference>
            <reference href="https://www.isa.org/products/isa-62443-2-1-2009-security-for-industrial-automat">4.3.3.5.2</reference>
            <reference href="https://www.isa.org/products/isa-62443-2-1-2009-security-for-industrial-automat">4.3.3.6.6</reference>
            <reference href="https://www.isa.org/products/isa-62443-2-1-2009-security-for-industrial-automat">4.3.3.7.2</reference>
            <reference href="https://www.isa.org/products/isa-62443-2-1-2009-security-for-industrial-automat">4.3.3.7.4</reference>
            <reference href="https://www.isa.org/products/ansi-isa-62443-3-3-99-03-03-2013-security-for-indu">SR 1.1</reference>
            <reference href="https://www.isa.org/products/ansi-isa-62443-3-3-99-03-03-2013-security-for-indu">SR 1.13</reference>
            <reference href="https://www.isa.org/products/ansi-isa-62443-3-3-99-03-03-2013-security-for-indu">SR 1.2</reference>
            <reference href="https://www.isa.org/products/ansi-isa-62443-3-3-99-03-03-2013-security-for-indu">SR 1.4</reference>
            <reference href="https://www.isa.org/products/ansi-isa-62443-3-3-99-03-03-2013-security-for-indu">SR 1.5</reference>
            <reference href="https://www.isa.org/products/ansi-isa-62443-3-3-99-03-03-2013-security-for-indu">SR 1.9</reference>
            <reference href="https://www.isa.org/products/ansi-isa-62443-3-3-99-03-03-2013-security-for-indu">SR 2.1</reference>
            <reference href="https://www.isa.org/products/ansi-isa-62443-3-3-99-03-03-2013-security-for-indu">SR 2.6</reference>
            <reference href="https://www.iso.org/contents/data/standard/05/45/54534.html">A.11.2.6</reference>
            <reference href="https://www.iso.org/contents/data/standard/05/45/54534.html">A.13.1.1</reference>
            <reference href="https://www.iso.org/contents/data/standard/05/45/54534.html">A.13.2.1</reference>
            <reference href="https://www.iso.org/contents/data/standard/05/45/54534.html">A.6.2.1</reference>
            <reference href="https://www.iso.org/contents/data/standard/05/45/54534.html">A.6.2.2</reference>
            <reference href="https://www.iso.org/contents/data/standard/05/45/54534.html">A.7.1.1</reference>
            <reference href="https://www.iso.org/contents/data/standard/05/45/54534.html">A.9.2.1</reference>
            <reference href="http://nvlpubs.nist.gov/nistpubs/SpecialPublications/NIST.SP.800-53r4.pdf">CM-7(a)</reference>
            <reference href="http://nvlpubs.nist.gov/nistpubs/SpecialPublications/NIST.SP.800-53r4.pdf">CM-7(b)</reference>
            <reference href="http://nvlpubs.nist.gov/nistpubs/SpecialPublications/NIST.SP.800-53r4.pdf">CM-6(a)</reference>
            <reference href="https://nvlpubs.nist.gov/nistpubs/CSWP/NIST.CSWP.04162018.pdf">PR.AC-3</reference>
            <reference href="https://nvlpubs.nist.gov/nistpubs/CSWP/NIST.CSWP.04162018.pdf">PR.AC-6</reference>
            <reference href="https://public.cyber.mil/stigs/downloads/?_dl_facet_stigs=operating-systems%2Cgeneral-purpose-os">SRG-OS-000114-GPOS-00059</reference>
            <reference href="https://public.cyber.mil/stigs/downloads/?_dl_facet_stigs=operating-systems%2Cgeneral-purpose-os">SRG-OS-000378-GPOS-00163</reference>
            <reference href="https://public.cyber.mil/stigs/downloads/?_dl_facet_stigs=operating-systems%2Cgeneral-purpose-os">SRG-OS-000480-GPOS-00227</reference>
            <reference href="https://www.cisecurity.org/benchmark/ubuntu_linux/">1.7.6</reference>
            <reference href="https://www.cisecurity.org/benchmark/ubuntu_linux/">1.7.7</reference>
            <reference href="https://docs-prv.pcisecuritystandards.org/PCI%20DSS/Standard/PCI-DSS-v4_0.pdf">3.4.2</reference>
            <reference href="https://docs-prv.pcisecuritystandards.org/PCI%20DSS/Standard/PCI-DSS-v4_0.pdf">3.4</reference>
            <rationale xmlns:xhtml="http://www.w3.org/1999/xhtml" xml:lang="en-US">Automatically mounting file systems permits easy introduction of unknown devices, thereby facilitating malicious activity.
Disabling automatic mounting in GNOME3 can prevent
the introduction of malware via removable media.
It will, however, also prevent desktop users from legitimate use
of removable media.</rationale>
            <platform idref="#machine"/>
            <fix xmlns:xhtml="http://www.w3.org/1999/xhtml" id="dconf_gnome_disable_automount_open" system="urn:xccdf:fix:script:sh"># Remediation is applicable only in certain platforms
if dpkg-query --show --showformat='${db:Status-Status}\n' 'gdm3' 2&gt;/dev/null | grep -q '^installed' &amp;&amp; { [ ! -f /.dockerenv ] &amp;&amp; [ ! -f /run/.containerenv ]; }; then

mkdir -p /etc/dconf/profile
dconf_profile_path=/etc/dconf/profile/user

[[ -s "${dconf_profile_path}" ]] || echo &gt; "${dconf_profile_path}"

if ! grep -Pzq "(?s)^\s*user-db:user.*\n\s*system-db:local" "${dconf_profile_path}"; then
    sed -i --follow-symlinks "1s/^/user-db:user\nsystem-db:local\n/" "${dconf_profile_path}"
fi

# Make sure the corresponding directories exist
mkdir -p /etc/dconf/db/local.d

# Make sure permissions allow regular users to read dconf settings.
# Also define the umask to avoid `dconf update` changing permissions.
chmod -R u=rwX,go=rX /etc/dconf/profile
(umask 0022 &amp;&amp; dconf update)
mkdir -p /etc/dconf/profile
dconf_profile_path=/etc/dconf/profile/gdm

[[ -s "${dconf_profile_path}" ]] || echo &gt; "${dconf_profile_path}"

if ! grep -Pzq "(?s)^\s*user-db:user.*\n\s*system-db:gdm" "${dconf_profile_path}"; then
    sed -i --follow-symlinks "1s/^/user-db:user\nsystem-db:gdm\n/" "${dconf_profile_path}"
fi

# Make sure the corresponding directories exist
mkdir -p /etc/dconf/db/gdm.d

# Make sure permissions allow regular users to read dconf settings.
# Also define the umask to avoid `dconf update` changing permissions.
chmod -R u=rwX,go=rX /etc/dconf/profile
(umask 0022 &amp;&amp; dconf update)


# Check for setting in any of the DConf db directories
# If files contain ibus or distro, ignore them.
# The assignment assumes that individual filenames don't contain :
readarray -t SETTINGSFILES &lt; &lt;(grep -r "\\[org/gnome/desktop/media-handling\\]" "/etc/dconf/db/" \
                                | grep -v 'distro\|ibus\|local.d' | cut -d":" -f1)
DCONFFILE="/etc/dconf/db/local.d/00-security-settings"
DBDIR="/etc/dconf/db/local.d"

mkdir -p "${DBDIR}"

# Comment out the configurations in databases different from the target one
if [ "${#SETTINGSFILES[@]}" -ne 0 ]
then
    if grep -q "^\\s*automount-open\\s*=" "${SETTINGSFILES[@]}"
    then
        
        sed -Ei "s/(^\s*)automount-open(\s*=)/#\1automount-open\2/g" "${SETTINGSFILES[@]}"
    fi
fi

[ ! -z "${DCONFFILE}" ] &amp;&amp; echo "" &gt;&gt; "${DCONFFILE}"
if ! grep -q "\\[org/gnome/desktop/media-handling\\]" "${DCONFFILE}"
then
    printf '%s\n' "[org/gnome/desktop/media-handling]" &gt;&gt; ${DCONFFILE}
fi

escaped_value="$(sed -e 's/\\/\\\\/g' &lt;&lt;&lt; "false")"
if grep -q "^\\s*automount-open\\s*=" "${DCONFFILE}"
then
        sed -i "s/\\s*automount-open\\s*=\\s*.*/automount-open=${escaped_value}/g" "${DCONFFILE}"
    else
        sed -i "\\|\\[org/gnome/desktop/media-handling\\]|a\\automount-open=${escaped_value}" "${DCONFFILE}"
fi
# Make sure permissions allow regular users to read dconf settings.
# Also define the umask to avoid `dconf update` changing permissions.
chmod -R u=rwX,go=rX /etc/dconf/db
(umask 0022 &amp;&amp; dconf update)
# Check for setting in any of the DConf db directories
LOCKFILES=$(grep -r "^/org/gnome/desktop/media-handling/automount-open$" "/etc/dconf/db/" \
            | grep -v 'distro\|ibus\|local.d' | grep ":" | cut -d":" -f1)
LOCKSFOLDER="/etc/dconf/db/local.d/locks"

mkdir -p "${LOCKSFOLDER}"

# Comment out the configurations in databases different from the target one
if [[ ! -z "${LOCKFILES}" ]]
then
    sed -i -E "s|^/org/gnome/desktop/media-handling/automount-open$|#&amp;|" "${LOCKFILES[@]}"
fi

if ! grep -qr "^/org/gnome/desktop/media-handling/automount-open$" /etc/dconf/db/local.d/
then
    echo "/org/gnome/desktop/media-handling/automount-open" &gt;&gt; "/etc/dconf/db/local.d/locks/00-security-settings-lock"
fi
# Make sure permissions allow regular users to read dconf settings.
# Also define the umask to avoid `dconf update` changing permissions.
chmod -R u=rwX,go=rX /etc/dconf/db
(umask 0022 &amp;&amp; dconf update)

else
    &gt;&amp;2 echo 'Remediation is not applicable, nothing was done'
fi
</fix>
            <check system="http://oval.mitre.org/XMLSchema/oval-definitions-5">
              <check-content-ref name="oval:ssg-dconf_gnome_disable_automount_open:def:1" href="ssg-ubuntu2404-oval.xml"/>
            </check>
            <check system="http://scap.nist.gov/schema/ocil/2">
              <check-content-ref name="ocil:ssg-dconf_gnome_disable_automount_open_ocil:questionnaire:1" href="ssg-ubuntu2404-ocil.xml"/>
            </check>
          </Rule>
          <Rule id="xccdf_org.ssgproject.content_rule_dconf_gnome_disable_autorun" selected="false" role="full" severity="low">
            <title xmlns:xhtml="http://www.w3.org/1999/xhtml" xml:lang="en-US">Disable GNOME3 Automount running</title>
            <description xmlns:xhtml="http://www.w3.org/1999/xhtml" xml:lang="en-US">The system's default desktop environment, GNOME3, will mount
devices and removable media (such as DVDs, CDs and USB flash drives) whenever
they are inserted into the system. To disable autorun-never within GNOME3, add or set
<html:code xmlns:html="http://www.w3.org/1999/xhtml">autorun-never</html:code> to <html:code xmlns:html="http://www.w3.org/1999/xhtml">true</html:code> in <html:code xmlns:html="http://www.w3.org/1999/xhtml">/etc/dconf/db/local.d/00-security-settings</html:code>.
For example:
<html:pre xmlns:html="http://www.w3.org/1999/xhtml">[org/gnome/desktop/media-handling]
autorun-never=true</html:pre>
Once the settings have been added, add a lock to
<html:code xmlns:html="http://www.w3.org/1999/xhtml">/etc/dconf/db/local.d/locks/00-security-settings-lock</html:code> to prevent user modification.
For example:
<html:pre xmlns:html="http://www.w3.org/1999/xhtml">/org/gnome/desktop/media-handling/autorun-never</html:pre>
After the settings have been set, run <html:code xmlns:html="http://www.w3.org/1999/xhtml">dconf update</html:code>.</description>
            <reference href="https://www.cisecurity.org/controls/">12</reference>
            <reference href="https://www.cisecurity.org/controls/">16</reference>
            <reference href="https://www.isaca.org/resources/cobit">APO13.01</reference>
            <reference href="https://www.isaca.org/resources/cobit">DSS01.04</reference>
            <reference href="https://www.isaca.org/resources/cobit">DSS05.03</reference>
            <reference href="https://www.isaca.org/resources/cobit">DSS05.04</reference>
            <reference href="https://www.isaca.org/resources/cobit">DSS05.05</reference>
            <reference href="https://www.isaca.org/resources/cobit">DSS05.07</reference>
            <reference href="https://www.isaca.org/resources/cobit">DSS06.03</reference>
            <reference href="http://nvlpubs.nist.gov/nistpubs/SpecialPublications/NIST.SP.800-171.pdf">3.1.7</reference>
            <reference href="https://public.cyber.mil/stigs/cci/">CCI-000366</reference>
            <reference href="https://public.cyber.mil/stigs/cci/">CCI-001764</reference>
            <reference href="https://public.cyber.mil/stigs/cci/">CCI-001958</reference>
            <reference href="https://public.cyber.mil/stigs/cci/">CCI-000778</reference>
            <reference href="https://www.isa.org/products/isa-62443-2-1-2009-security-for-industrial-automat">4.3.3.2.2</reference>
            <reference href="https://www.isa.org/products/isa-62443-2-1-2009-security-for-industrial-automat">4.3.3.5.2</reference>
            <reference href="https://www.isa.org/products/isa-62443-2-1-2009-security-for-industrial-automat">4.3.3.6.6</reference>
            <reference href="https://www.isa.org/products/isa-62443-2-1-2009-security-for-industrial-automat">4.3.3.7.2</reference>
            <reference href="https://www.isa.org/products/isa-62443-2-1-2009-security-for-industrial-automat">4.3.3.7.4</reference>
            <reference href="https://www.isa.org/products/ansi-isa-62443-3-3-99-03-03-2013-security-for-indu">SR 1.1</reference>
            <reference href="https://www.isa.org/products/ansi-isa-62443-3-3-99-03-03-2013-security-for-indu">SR 1.13</reference>
            <reference href="https://www.isa.org/products/ansi-isa-62443-3-3-99-03-03-2013-security-for-indu">SR 1.2</reference>
            <reference href="https://www.isa.org/products/ansi-isa-62443-3-3-99-03-03-2013-security-for-indu">SR 1.4</reference>
            <reference href="https://www.isa.org/products/ansi-isa-62443-3-3-99-03-03-2013-security-for-indu">SR 1.5</reference>
            <reference href="https://www.isa.org/products/ansi-isa-62443-3-3-99-03-03-2013-security-for-indu">SR 1.9</reference>
            <reference href="https://www.isa.org/products/ansi-isa-62443-3-3-99-03-03-2013-security-for-indu">SR 2.1</reference>
            <reference href="https://www.isa.org/products/ansi-isa-62443-3-3-99-03-03-2013-security-for-indu">SR 2.6</reference>
            <reference href="https://www.iso.org/contents/data/standard/05/45/54534.html">A.11.2.6</reference>
            <reference href="https://www.iso.org/contents/data/standard/05/45/54534.html">A.13.1.1</reference>
            <reference href="https://www.iso.org/contents/data/standard/05/45/54534.html">A.13.2.1</reference>
            <reference href="https://www.iso.org/contents/data/standard/05/45/54534.html">A.6.2.1</reference>
            <reference href="https://www.iso.org/contents/data/standard/05/45/54534.html">A.6.2.2</reference>
            <reference href="https://www.iso.org/contents/data/standard/05/45/54534.html">A.7.1.1</reference>
            <reference href="https://www.iso.org/contents/data/standard/05/45/54534.html">A.9.2.1</reference>
            <reference href="http://nvlpubs.nist.gov/nistpubs/SpecialPublications/NIST.SP.800-53r4.pdf">CM-7(a)</reference>
            <reference href="http://nvlpubs.nist.gov/nistpubs/SpecialPublications/NIST.SP.800-53r4.pdf">CM-7(b)</reference>
            <reference href="http://nvlpubs.nist.gov/nistpubs/SpecialPublications/NIST.SP.800-53r4.pdf">CM-6(a)</reference>
            <reference href="https://nvlpubs.nist.gov/nistpubs/CSWP/NIST.CSWP.04162018.pdf">PR.AC-3</reference>
            <reference href="https://nvlpubs.nist.gov/nistpubs/CSWP/NIST.CSWP.04162018.pdf">PR.AC-6</reference>
            <reference href="https://public.cyber.mil/stigs/downloads/?_dl_facet_stigs=operating-systems%2Cgeneral-purpose-os">SRG-OS-000114-GPOS-00059</reference>
            <reference href="https://public.cyber.mil/stigs/downloads/?_dl_facet_stigs=operating-systems%2Cgeneral-purpose-os">SRG-OS-000378-GPOS-00163</reference>
            <reference href="https://public.cyber.mil/stigs/downloads/?_dl_facet_stigs=operating-systems%2Cgeneral-purpose-os">SRG-OS-000480-GPOS-00227</reference>
            <reference href="https://www.cisecurity.org/benchmark/ubuntu_linux/">1.7.8</reference>
            <reference href="https://www.cisecurity.org/benchmark/ubuntu_linux/">1.7.9</reference>
            <rationale xmlns:xhtml="http://www.w3.org/1999/xhtml" xml:lang="en-US">Automatically mounting file systems permits easy introduction of unknown devices, thereby facilitating malicious activity.
Disabling automatic mount running in GNOME3 can prevent
the introduction of malware via removable media.
It will, however, also prevent desktop users from legitimate use
of removable media.</rationale>
            <platform idref="#machine"/>
            <fix xmlns:xhtml="http://www.w3.org/1999/xhtml" id="dconf_gnome_disable_autorun" system="urn:xccdf:fix:script:sh"># Remediation is applicable only in certain platforms
if dpkg-query --show --showformat='${db:Status-Status}\n' 'gdm3' 2&gt;/dev/null | grep -q '^installed' &amp;&amp; { [ ! -f /.dockerenv ] &amp;&amp; [ ! -f /run/.containerenv ]; }; then

mkdir -p /etc/dconf/profile
dconf_profile_path=/etc/dconf/profile/user

[[ -s "${dconf_profile_path}" ]] || echo &gt; "${dconf_profile_path}"

if ! grep -Pzq "(?s)^\s*user-db:user.*\n\s*system-db:local" "${dconf_profile_path}"; then
    sed -i --follow-symlinks "1s/^/user-db:user\nsystem-db:local\n/" "${dconf_profile_path}"
fi

# Make sure the corresponding directories exist
mkdir -p /etc/dconf/db/local.d

# Make sure permissions allow regular users to read dconf settings.
# Also define the umask to avoid `dconf update` changing permissions.
chmod -R u=rwX,go=rX /etc/dconf/profile
(umask 0022 &amp;&amp; dconf update)
mkdir -p /etc/dconf/profile
dconf_profile_path=/etc/dconf/profile/gdm

[[ -s "${dconf_profile_path}" ]] || echo &gt; "${dconf_profile_path}"

if ! grep -Pzq "(?s)^\s*user-db:user.*\n\s*system-db:gdm" "${dconf_profile_path}"; then
    sed -i --follow-symlinks "1s/^/user-db:user\nsystem-db:gdm\n/" "${dconf_profile_path}"
fi

# Make sure the corresponding directories exist
mkdir -p /etc/dconf/db/gdm.d

# Make sure permissions allow regular users to read dconf settings.
# Also define the umask to avoid `dconf update` changing permissions.
chmod -R u=rwX,go=rX /etc/dconf/profile
(umask 0022 &amp;&amp; dconf update)


# Check for setting in any of the DConf db directories
# If files contain ibus or distro, ignore them.
# The assignment assumes that individual filenames don't contain :
readarray -t SETTINGSFILES &lt; &lt;(grep -r "\\[org/gnome/desktop/media-handling\\]" "/etc/dconf/db/" \
                                | grep -v 'distro\|ibus\|local.d' | cut -d":" -f1)
DCONFFILE="/etc/dconf/db/local.d/00-security-settings"
DBDIR="/etc/dconf/db/local.d"

mkdir -p "${DBDIR}"

# Comment out the configurations in databases different from the target one
if [ "${#SETTINGSFILES[@]}" -ne 0 ]
then
    if grep -q "^\\s*autorun-never\\s*=" "${SETTINGSFILES[@]}"
    then
        
        sed -Ei "s/(^\s*)autorun-never(\s*=)/#\1autorun-never\2/g" "${SETTINGSFILES[@]}"
    fi
fi

[ ! -z "${DCONFFILE}" ] &amp;&amp; echo "" &gt;&gt; "${DCONFFILE}"
if ! grep -q "\\[org/gnome/desktop/media-handling\\]" "${DCONFFILE}"
then
    printf '%s\n' "[org/gnome/desktop/media-handling]" &gt;&gt; ${DCONFFILE}
fi

escaped_value="$(sed -e 's/\\/\\\\/g' &lt;&lt;&lt; "true")"
if grep -q "^\\s*autorun-never\\s*=" "${DCONFFILE}"
then
        sed -i "s/\\s*autorun-never\\s*=\\s*.*/autorun-never=${escaped_value}/g" "${DCONFFILE}"
    else
        sed -i "\\|\\[org/gnome/desktop/media-handling\\]|a\\autorun-never=${escaped_value}" "${DCONFFILE}"
fi
# Make sure permissions allow regular users to read dconf settings.
# Also define the umask to avoid `dconf update` changing permissions.
chmod -R u=rwX,go=rX /etc/dconf/db
(umask 0022 &amp;&amp; dconf update)
# Check for setting in any of the DConf db directories
LOCKFILES=$(grep -r "^/org/gnome/desktop/media-handling/autorun-never$" "/etc/dconf/db/" \
            | grep -v 'distro\|ibus\|local.d' | grep ":" | cut -d":" -f1)
LOCKSFOLDER="/etc/dconf/db/local.d/locks"

mkdir -p "${LOCKSFOLDER}"

# Comment out the configurations in databases different from the target one
if [[ ! -z "${LOCKFILES}" ]]
then
    sed -i -E "s|^/org/gnome/desktop/media-handling/autorun-never$|#&amp;|" "${LOCKFILES[@]}"
fi

if ! grep -qr "^/org/gnome/desktop/media-handling/autorun-never$" /etc/dconf/db/local.d/
then
    echo "/org/gnome/desktop/media-handling/autorun-never" &gt;&gt; "/etc/dconf/db/local.d/locks/00-security-settings-lock"
fi
# Make sure permissions allow regular users to read dconf settings.
# Also define the umask to avoid `dconf update` changing permissions.
chmod -R u=rwX,go=rX /etc/dconf/db
(umask 0022 &amp;&amp; dconf update)

else
    &gt;&amp;2 echo 'Remediation is not applicable, nothing was done'
fi
</fix>
            <check system="http://oval.mitre.org/XMLSchema/oval-definitions-5">
              <check-content-ref name="oval:ssg-dconf_gnome_disable_autorun:def:1" href="ssg-ubuntu2404-oval.xml"/>
            </check>
            <check system="http://scap.nist.gov/schema/ocil/2">
              <check-content-ref name="ocil:ssg-dconf_gnome_disable_autorun_ocil:questionnaire:1" href="ssg-ubuntu2404-ocil.xml"/>
            </check>
          </Rule>
        </Group>
        <Group id="xccdf_org.ssgproject.content_group_gnome_screen_locking">
          <title xmlns:xhtml="http://www.w3.org/1999/xhtml" xml:lang="en-US">Configure GNOME Screen Locking</title>
          <description xmlns:xhtml="http://www.w3.org/1999/xhtml" xml:lang="en-US">In the default GNOME3 desktop, the screen can be locked
by selecting the user name in the far right corner of the main panel and
selecting <html:b xmlns:html="http://www.w3.org/1999/xhtml">Lock</html:b>.
<html:br xmlns:html="http://www.w3.org/1999/xhtml"/>
        <html:br xmlns:html="http://www.w3.org/1999/xhtml"/>
The following sections detail commands to enforce idle activation of the screensaver,
screen locking, a blank-screen screensaver, and an idle activation time.
<html:br xmlns:html="http://www.w3.org/1999/xhtml"/>
        <html:br xmlns:html="http://www.w3.org/1999/xhtml"/>
Because users should be trained to lock the screen when they
step away from the computer, the automatic locking feature is only
meant as a backup.
<html:br xmlns:html="http://www.w3.org/1999/xhtml"/>
        <html:br xmlns:html="http://www.w3.org/1999/xhtml"/>
The root account can be screen-locked; however, the root account should
<html:i xmlns:html="http://www.w3.org/1999/xhtml">never</html:i> be used to log into an X Windows environment and should only
be used to for direct login via console in emergency circumstances.
<html:br xmlns:html="http://www.w3.org/1999/xhtml"/>
        <html:br xmlns:html="http://www.w3.org/1999/xhtml"/>
For more information about enforcing preferences in the GNOME3 environment using the DConf
configuration system, see <html:b xmlns:html="http://www.w3.org/1999/xhtml"><html:a href="http://wiki.gnome.org/dconf">http://wiki.gnome.org/dconf</html:a></html:b> and
the man page <html:code xmlns:html="http://www.w3.org/1999/xhtml">dconf(1)</html:code>.</description>
          <Value id="xccdf_org.ssgproject.content_value_inactivity_timeout_value" type="number">
            <title xmlns:xhtml="http://www.w3.org/1999/xhtml" xml:lang="en-US">Screensaver Inactivity timeout</title>
            <description xmlns:xhtml="http://www.w3.org/1999/xhtml" xml:lang="en-US">Choose allowed duration (in seconds) of inactive graphical sessions</description>
            <value selector="10_minutes">600</value>
            <value selector="15_minutes">900</value>
            <value selector="30_minutes">1800</value>
            <value selector="5_minutes">300</value>
            <value>900</value>
          </Value>
          <Value id="xccdf_org.ssgproject.content_value_var_screensaver_lock_delay" type="number">
            <title xmlns:xhtml="http://www.w3.org/1999/xhtml" xml:lang="en-US">Screensaver Lock Delay</title>
            <description xmlns:xhtml="http://www.w3.org/1999/xhtml" xml:lang="en-US">Choose allowed duration (in seconds) after a screensaver becomes active before displaying an authentication prompt</description>
            <value selector="10_seconds">10</value>
            <value selector="5_seconds">5</value>
            <value>0</value>
            <value selector="immediate">0</value>
          </Value>
          <Rule id="xccdf_org.ssgproject.content_rule_dconf_gnome_screensaver_idle_delay" selected="false" role="full" severity="medium">
            <title xmlns:xhtml="http://www.w3.org/1999/xhtml" xml:lang="en-US">Set GNOME3 Screensaver Inactivity Timeout</title>
            <description xmlns:xhtml="http://www.w3.org/1999/xhtml" xml:lang="en-US">The idle time-out value for inactivity in the GNOME3 desktop is configured via the <html:code xmlns:html="http://www.w3.org/1999/xhtml">idle-delay</html:code>
setting must be set under an appropriate configuration file(s) in the <html:code xmlns:html="http://www.w3.org/1999/xhtml">/etc/dconf/db/local.d</html:code> directory
and locked in <html:code xmlns:html="http://www.w3.org/1999/xhtml">/etc/dconf/db/local.d/locks</html:code> directory to prevent user modification.
<html:br xmlns:html="http://www.w3.org/1999/xhtml"/>
         <html:br xmlns:html="http://www.w3.org/1999/xhtml"/>
For example, to configure the system for a 15 minute delay, add the following to
<html:code xmlns:html="http://www.w3.org/1999/xhtml">/etc/dconf/db/local.d/00-security-settings</html:code>:
<html:pre xmlns:html="http://www.w3.org/1999/xhtml">[org/gnome/desktop/session]
idle-delay=uint32 900</html:pre>
        </description>
            <reference href="https://www.cisecurity.org/controls/">1</reference>
            <reference href="https://www.cisecurity.org/controls/">12</reference>
            <reference href="https://www.cisecurity.org/controls/">15</reference>
            <reference href="https://www.cisecurity.org/controls/">16</reference>
            <reference href="https://www.fbi.gov/file-repository/cjis-security-policy-v5_5_20160601-2-1.pdf">5.5.5</reference>
            <reference href="https://www.isaca.org/resources/cobit">DSS05.04</reference>
            <reference href="https://www.isaca.org/resources/cobit">DSS05.10</reference>
            <reference href="https://www.isaca.org/resources/cobit">DSS06.10</reference>
            <reference href="http://nvlpubs.nist.gov/nistpubs/SpecialPublications/NIST.SP.800-171.pdf">3.1.10</reference>
            <reference href="https://public.cyber.mil/stigs/cci/">CCI-000057</reference>
            <reference href="https://public.cyber.mil/stigs/cci/">CCI-000060</reference>
            <reference href="https://www.isa.org/products/isa-62443-2-1-2009-security-for-industrial-automat">4.3.3.6.1</reference>
            <reference href="https://www.isa.org/products/isa-62443-2-1-2009-security-for-industrial-automat">4.3.3.6.2</reference>
            <reference href="https://www.isa.org/products/isa-62443-2-1-2009-security-for-industrial-automat">4.3.3.6.3</reference>
            <reference href="https://www.isa.org/products/isa-62443-2-1-2009-security-for-industrial-automat">4.3.3.6.4</reference>
            <reference href="https://www.isa.org/products/isa-62443-2-1-2009-security-for-industrial-automat">4.3.3.6.5</reference>
            <reference href="https://www.isa.org/products/isa-62443-2-1-2009-security-for-industrial-automat">4.3.3.6.6</reference>
            <reference href="https://www.isa.org/products/isa-62443-2-1-2009-security-for-industrial-automat">4.3.3.6.7</reference>
            <reference href="https://www.isa.org/products/isa-62443-2-1-2009-security-for-industrial-automat">4.3.3.6.8</reference>
            <reference href="https://www.isa.org/products/isa-62443-2-1-2009-security-for-industrial-automat">4.3.3.6.9</reference>
            <reference href="https://www.isa.org/products/ansi-isa-62443-3-3-99-03-03-2013-security-for-indu">SR 1.1</reference>
            <reference href="https://www.isa.org/products/ansi-isa-62443-3-3-99-03-03-2013-security-for-indu">SR 1.10</reference>
            <reference href="https://www.isa.org/products/ansi-isa-62443-3-3-99-03-03-2013-security-for-indu">SR 1.2</reference>
            <reference href="https://www.isa.org/products/ansi-isa-62443-3-3-99-03-03-2013-security-for-indu">SR 1.5</reference>
            <reference href="https://www.isa.org/products/ansi-isa-62443-3-3-99-03-03-2013-security-for-indu">SR 1.7</reference>
            <reference href="https://www.isa.org/products/ansi-isa-62443-3-3-99-03-03-2013-security-for-indu">SR 1.8</reference>
            <reference href="https://www.isa.org/products/ansi-isa-62443-3-3-99-03-03-2013-security-for-indu">SR 1.9</reference>
            <reference href="https://www.iso.org/contents/data/standard/05/45/54534.html">A.18.1.4</reference>
            <reference href="https://www.iso.org/contents/data/standard/05/45/54534.html">A.9.2.1</reference>
            <reference href="https://www.iso.org/contents/data/standard/05/45/54534.html">A.9.2.4</reference>
            <reference href="https://www.iso.org/contents/data/standard/05/45/54534.html">A.9.3.1</reference>
            <reference href="https://www.iso.org/contents/data/standard/05/45/54534.html">A.9.4.2</reference>
            <reference href="https://www.iso.org/contents/data/standard/05/45/54534.html">A.9.4.3</reference>
            <reference href="http://nvlpubs.nist.gov/nistpubs/SpecialPublications/NIST.SP.800-53r4.pdf">AC-11(a)</reference>
            <reference href="http://nvlpubs.nist.gov/nistpubs/SpecialPublications/NIST.SP.800-53r4.pdf">CM-6(a)</reference>
            <reference href="https://nvlpubs.nist.gov/nistpubs/CSWP/NIST.CSWP.04162018.pdf">PR.AC-7</reference>
            <reference href="https://www.pcisecuritystandards.org/documents/PCI_DSS_v3-2-1.pdf">Req-8.1.8</reference>
            <reference href="https://public.cyber.mil/stigs/downloads/?_dl_facet_stigs=operating-systems%2Cgeneral-purpose-os">SRG-OS-000029-GPOS-00010</reference>
            <reference href="https://public.cyber.mil/stigs/downloads/?_dl_facet_stigs=operating-systems%2Cgeneral-purpose-os">SRG-OS-000031-GPOS-00012</reference>
            <reference href="https://www.cisecurity.org/benchmark/ubuntu_linux/">1.7.4</reference>
            <reference href="https://www.cisecurity.org/benchmark/ubuntu_linux/">1.7.5</reference>
            <reference href="https://docs-prv.pcisecuritystandards.org/PCI%20DSS/Standard/PCI-DSS-v4_0.pdf">8.2.8</reference>
            <reference href="https://docs-prv.pcisecuritystandards.org/PCI%20DSS/Standard/PCI-DSS-v4_0.pdf">8.2</reference>
            <rationale xmlns:xhtml="http://www.w3.org/1999/xhtml" xml:lang="en-US">A session time-out lock is a temporary action taken when a user stops work and moves away from
the immediate physical vicinity of the information system but does not logout because of the
temporary nature of the absence. Rather than relying on the user to manually lock their operating
system session prior to vacating the vicinity, GNOME3 can be configured to identify when
a user's session has idled and take action to initiate a session lock.</rationale>
            <platform idref="#machine"/>
            <fix xmlns:xhtml="http://www.w3.org/1999/xhtml" id="dconf_gnome_screensaver_idle_delay" system="urn:xccdf:fix:script:sh"># Remediation is applicable only in certain platforms
if dpkg-query --show --showformat='${db:Status-Status}\n' 'gdm3' 2&gt;/dev/null | grep -q '^installed' &amp;&amp; { [ ! -f /.dockerenv ] &amp;&amp; [ ! -f /run/.containerenv ]; }; then

mkdir -p /etc/dconf/profile
dconf_profile_path=/etc/dconf/profile/user

[[ -s "${dconf_profile_path}" ]] || echo &gt; "${dconf_profile_path}"

if ! grep -Pzq "(?s)^\s*user-db:user.*\n\s*system-db:local" "${dconf_profile_path}"; then
    sed -i --follow-symlinks "1s/^/user-db:user\nsystem-db:local\n/" "${dconf_profile_path}"
fi

# Make sure the corresponding directories exist
mkdir -p /etc/dconf/db/local.d

# Make sure permissions allow regular users to read dconf settings.
# Also define the umask to avoid `dconf update` changing permissions.
chmod -R u=rwX,go=rX /etc/dconf/profile
(umask 0022 &amp;&amp; dconf update)
mkdir -p /etc/dconf/profile
dconf_profile_path=/etc/dconf/profile/gdm

[[ -s "${dconf_profile_path}" ]] || echo &gt; "${dconf_profile_path}"

if ! grep -Pzq "(?s)^\s*user-db:user.*\n\s*system-db:gdm" "${dconf_profile_path}"; then
    sed -i --follow-symlinks "1s/^/user-db:user\nsystem-db:gdm\n/" "${dconf_profile_path}"
fi

# Make sure the corresponding directories exist
mkdir -p /etc/dconf/db/gdm.d

# Make sure permissions allow regular users to read dconf settings.
# Also define the umask to avoid `dconf update` changing permissions.
chmod -R u=rwX,go=rX /etc/dconf/profile
(umask 0022 &amp;&amp; dconf update)
# Check for setting in any of the DConf db directories
LOCKFILES=$(grep -r "^/org/gnome/desktop/screensaver/idle-delay$" "/etc/dconf/db/" \
            | grep -v 'distro\|ibus\|local.d' | grep ":" | cut -d":" -f1)
LOCKSFOLDER="/etc/dconf/db/local.d/locks"

mkdir -p "${LOCKSFOLDER}"

# Comment out the configurations in databases different from the target one
if [[ ! -z "${LOCKFILES}" ]]
then
    sed -i -E "s|^/org/gnome/desktop/screensaver/idle-delay$|#&amp;|" "${LOCKFILES[@]}"
fi

if ! grep -qr "^/org/gnome/desktop/screensaver/idle-delay$" /etc/dconf/db/local.d/
then
    echo "/org/gnome/desktop/screensaver/idle-delay" &gt;&gt; "/etc/dconf/db/local.d/locks/00-security-settings-lock"
fi
# Make sure permissions allow regular users to read dconf settings.
# Also define the umask to avoid `dconf update` changing permissions.
chmod -R u=rwX,go=rX /etc/dconf/db
(umask 0022 &amp;&amp; dconf update)


inactivity_timeout_value='<xccdf-1.2:sub xmlns:xccdf-1.2="http://checklists.nist.gov/xccdf/1.2" idref="xccdf_org.ssgproject.content_value_inactivity_timeout_value" use="legacy"/>'


# Check for setting in any of the DConf db directories
# If files contain ibus or distro, ignore them.
# The assignment assumes that individual filenames don't contain :
readarray -t SETTINGSFILES &lt; &lt;(grep -r "\\[org/gnome/desktop/session\\]" "/etc/dconf/db/" \
                                | grep -v 'distro\|ibus\|local.d' | cut -d":" -f1)
DCONFFILE="/etc/dconf/db/local.d/00-security-settings"
DBDIR="/etc/dconf/db/local.d"

mkdir -p "${DBDIR}"

# Comment out the configurations in databases different from the target one
if [ "${#SETTINGSFILES[@]}" -ne 0 ]
then
    if grep -q "^\\s*idle-delay\\s*=" "${SETTINGSFILES[@]}"
    then
        
        sed -Ei "s/(^\s*)idle-delay(\s*=)/#\1idle-delay\2/g" "${SETTINGSFILES[@]}"
    fi
fi

[ ! -z "${DCONFFILE}" ] &amp;&amp; echo "" &gt;&gt; "${DCONFFILE}"
if ! grep -q "\\[org/gnome/desktop/session\\]" "${DCONFFILE}"
then
    printf '%s\n' "[org/gnome/desktop/session]" &gt;&gt; ${DCONFFILE}
fi

escaped_value="$(sed -e 's/\\/\\\\/g' &lt;&lt;&lt; "uint32 ${inactivity_timeout_value}")"
if grep -q "^\\s*idle-delay\\s*=" "${DCONFFILE}"
then
        sed -i "s/\\s*idle-delay\\s*=\\s*.*/idle-delay=${escaped_value}/g" "${DCONFFILE}"
    else
        sed -i "\\|\\[org/gnome/desktop/session\\]|a\\idle-delay=${escaped_value}" "${DCONFFILE}"
fi
# Make sure permissions allow regular users to read dconf settings.
# Also define the umask to avoid `dconf update` changing permissions.
chmod -R u=rwX,go=rX /etc/dconf/db
(umask 0022 &amp;&amp; dconf update)

else
    &gt;&amp;2 echo 'Remediation is not applicable, nothing was done'
fi
</fix>
            <check system="http://oval.mitre.org/XMLSchema/oval-definitions-5">
              <check-export export-name="oval:ssg-inactivity_timeout_value:var:1" value-id="xccdf_org.ssgproject.content_value_inactivity_timeout_value"/>
              <check-content-ref name="oval:ssg-dconf_gnome_screensaver_idle_delay:def:1" href="ssg-ubuntu2404-oval.xml"/>
            </check>
            <check system="http://scap.nist.gov/schema/ocil/2">
              <check-content-ref name="ocil:ssg-dconf_gnome_screensaver_idle_delay_ocil:questionnaire:1" href="ssg-ubuntu2404-ocil.xml"/>
            </check>
          </Rule>
          <Rule id="xccdf_org.ssgproject.content_rule_dconf_gnome_screensaver_lock_delay" selected="false" role="full" severity="medium">
            <title xmlns:xhtml="http://www.w3.org/1999/xhtml" xml:lang="en-US">Set GNOME3 Screensaver Lock Delay After Activation Period</title>
            <description xmlns:xhtml="http://www.w3.org/1999/xhtml" xml:lang="en-US">To activate the locking delay of the screensaver in the GNOME3 desktop when
the screensaver is activated, add or set <html:code xmlns:html="http://www.w3.org/1999/xhtml">lock-delay</html:code> to <html:code xmlns:html="http://www.w3.org/1999/xhtml" xmlns:xccdf-1.2="http://checklists.nist.gov/xccdf/1.2">uint32 <xccdf-1.2:sub idref="xccdf_org.ssgproject.content_value_var_screensaver_lock_delay" use="legacy"/>
         </html:code> in
<html:code xmlns:html="http://www.w3.org/1999/xhtml">/etc/dconf/db/local.d/00-security-settings</html:code>. For example:
<html:pre xmlns:html="http://www.w3.org/1999/xhtml" xmlns:xccdf-1.2="http://checklists.nist.gov/xccdf/1.2">[org/gnome/desktop/screensaver]
lock-delay=uint32 <xccdf-1.2:sub idref="xccdf_org.ssgproject.content_value_var_screensaver_lock_delay" use="legacy"/>
         </html:pre>
After the settings have been set, run <html:code xmlns:html="http://www.w3.org/1999/xhtml">dconf update</html:code>.</description>
            <reference href="https://www.cisecurity.org/controls/">1</reference>
            <reference href="https://www.cisecurity.org/controls/">12</reference>
            <reference href="https://www.cisecurity.org/controls/">15</reference>
            <reference href="https://www.cisecurity.org/controls/">16</reference>
            <reference href="https://www.isaca.org/resources/cobit">DSS05.04</reference>
            <reference href="https://www.isaca.org/resources/cobit">DSS05.10</reference>
            <reference href="https://www.isaca.org/resources/cobit">DSS06.10</reference>
            <reference href="http://nvlpubs.nist.gov/nistpubs/SpecialPublications/NIST.SP.800-171.pdf">3.1.10</reference>
            <reference href="https://public.cyber.mil/stigs/cci/">CCI-000057</reference>
            <reference href="https://www.isa.org/products/isa-62443-2-1-2009-security-for-industrial-automat">4.3.3.6.1</reference>
            <reference href="https://www.isa.org/products/isa-62443-2-1-2009-security-for-industrial-automat">4.3.3.6.2</reference>
            <reference href="https://www.isa.org/products/isa-62443-2-1-2009-security-for-industrial-automat">4.3.3.6.3</reference>
            <reference href="https://www.isa.org/products/isa-62443-2-1-2009-security-for-industrial-automat">4.3.3.6.4</reference>
            <reference href="https://www.isa.org/products/isa-62443-2-1-2009-security-for-industrial-automat">4.3.3.6.5</reference>
            <reference href="https://www.isa.org/products/isa-62443-2-1-2009-security-for-industrial-automat">4.3.3.6.6</reference>
            <reference href="https://www.isa.org/products/isa-62443-2-1-2009-security-for-industrial-automat">4.3.3.6.7</reference>
            <reference href="https://www.isa.org/products/isa-62443-2-1-2009-security-for-industrial-automat">4.3.3.6.8</reference>
            <reference href="https://www.isa.org/products/isa-62443-2-1-2009-security-for-industrial-automat">4.3.3.6.9</reference>
            <reference href="https://www.isa.org/products/ansi-isa-62443-3-3-99-03-03-2013-security-for-indu">SR 1.1</reference>
            <reference href="https://www.isa.org/products/ansi-isa-62443-3-3-99-03-03-2013-security-for-indu">SR 1.10</reference>
            <reference href="https://www.isa.org/products/ansi-isa-62443-3-3-99-03-03-2013-security-for-indu">SR 1.2</reference>
            <reference href="https://www.isa.org/products/ansi-isa-62443-3-3-99-03-03-2013-security-for-indu">SR 1.5</reference>
            <reference href="https://www.isa.org/products/ansi-isa-62443-3-3-99-03-03-2013-security-for-indu">SR 1.7</reference>
            <reference href="https://www.isa.org/products/ansi-isa-62443-3-3-99-03-03-2013-security-for-indu">SR 1.8</reference>
            <reference href="https://www.isa.org/products/ansi-isa-62443-3-3-99-03-03-2013-security-for-indu">SR 1.9</reference>
            <reference href="https://www.iso.org/contents/data/standard/05/45/54534.html">A.18.1.4</reference>
            <reference href="https://www.iso.org/contents/data/standard/05/45/54534.html">A.9.2.1</reference>
            <reference href="https://www.iso.org/contents/data/standard/05/45/54534.html">A.9.2.4</reference>
            <reference href="https://www.iso.org/contents/data/standard/05/45/54534.html">A.9.3.1</reference>
            <reference href="https://www.iso.org/contents/data/standard/05/45/54534.html">A.9.4.2</reference>
            <reference href="https://www.iso.org/contents/data/standard/05/45/54534.html">A.9.4.3</reference>
            <reference href="http://nvlpubs.nist.gov/nistpubs/SpecialPublications/NIST.SP.800-53r4.pdf">AC-11(a)</reference>
            <reference href="http://nvlpubs.nist.gov/nistpubs/SpecialPublications/NIST.SP.800-53r4.pdf">CM-6(a)</reference>
            <reference href="https://nvlpubs.nist.gov/nistpubs/CSWP/NIST.CSWP.04162018.pdf">PR.AC-7</reference>
            <reference href="https://www.pcisecuritystandards.org/documents/PCI_DSS_v3-2-1.pdf">Req-8.1.8</reference>
            <reference href="https://public.cyber.mil/stigs/downloads/?_dl_facet_stigs=operating-systems%2Cgeneral-purpose-os">SRG-OS-000029-GPOS-00010</reference>
            <reference href="https://public.cyber.mil/stigs/downloads/?_dl_facet_stigs=operating-systems%2Cgeneral-purpose-os">SRG-OS-000031-GPOS-00012</reference>
            <reference href="https://www.cisecurity.org/benchmark/ubuntu_linux/">1.7.4</reference>
            <reference href="https://www.cisecurity.org/benchmark/ubuntu_linux/">1.7.5</reference>
            <reference href="https://docs-prv.pcisecuritystandards.org/PCI%20DSS/Standard/PCI-DSS-v4_0.pdf">8.2.8</reference>
            <reference href="https://docs-prv.pcisecuritystandards.org/PCI%20DSS/Standard/PCI-DSS-v4_0.pdf">8.2</reference>
            <rationale xmlns:xhtml="http://www.w3.org/1999/xhtml" xml:lang="en-US">A session lock is a temporary action taken when a user stops work and moves away from the immediate physical vicinity
of the information system but does not want to logout because of the temporary nature of the absense.</rationale>
            <platform idref="#machine"/>
            <fix xmlns:xhtml="http://www.w3.org/1999/xhtml" id="dconf_gnome_screensaver_lock_delay" system="urn:xccdf:fix:script:sh"># Remediation is applicable only in certain platforms
if dpkg-query --show --showformat='${db:Status-Status}\n' 'gdm3' 2&gt;/dev/null | grep -q '^installed' &amp;&amp; { [ ! -f /.dockerenv ] &amp;&amp; [ ! -f /run/.containerenv ]; }; then

mkdir -p /etc/dconf/profile
dconf_profile_path=/etc/dconf/profile/user

[[ -s "${dconf_profile_path}" ]] || echo &gt; "${dconf_profile_path}"

if ! grep -Pzq "(?s)^\s*user-db:user.*\n\s*system-db:local" "${dconf_profile_path}"; then
    sed -i --follow-symlinks "1s/^/user-db:user\nsystem-db:local\n/" "${dconf_profile_path}"
fi

# Make sure the corresponding directories exist
mkdir -p /etc/dconf/db/local.d

# Make sure permissions allow regular users to read dconf settings.
# Also define the umask to avoid `dconf update` changing permissions.
chmod -R u=rwX,go=rX /etc/dconf/profile
(umask 0022 &amp;&amp; dconf update)
mkdir -p /etc/dconf/profile
dconf_profile_path=/etc/dconf/profile/gdm

[[ -s "${dconf_profile_path}" ]] || echo &gt; "${dconf_profile_path}"

if ! grep -Pzq "(?s)^\s*user-db:user.*\n\s*system-db:gdm" "${dconf_profile_path}"; then
    sed -i --follow-symlinks "1s/^/user-db:user\nsystem-db:gdm\n/" "${dconf_profile_path}"
fi

# Make sure the corresponding directories exist
mkdir -p /etc/dconf/db/gdm.d

# Make sure permissions allow regular users to read dconf settings.
# Also define the umask to avoid `dconf update` changing permissions.
chmod -R u=rwX,go=rX /etc/dconf/profile
(umask 0022 &amp;&amp; dconf update)
# Check for setting in any of the DConf db directories
LOCKFILES=$(grep -r "^/org/gnome/desktop/screensaver/lock-delay$" "/etc/dconf/db/" \
            | grep -v 'distro\|ibus\|local.d' | grep ":" | cut -d":" -f1)
LOCKSFOLDER="/etc/dconf/db/local.d/locks"

mkdir -p "${LOCKSFOLDER}"

# Comment out the configurations in databases different from the target one
if [[ ! -z "${LOCKFILES}" ]]
then
    sed -i -E "s|^/org/gnome/desktop/screensaver/lock-delay$|#&amp;|" "${LOCKFILES[@]}"
fi

if ! grep -qr "^/org/gnome/desktop/screensaver/lock-delay$" /etc/dconf/db/local.d/
then
    echo "/org/gnome/desktop/screensaver/lock-delay" &gt;&gt; "/etc/dconf/db/local.d/locks/00-security-settings-lock"
fi
# Make sure permissions allow regular users to read dconf settings.
# Also define the umask to avoid `dconf update` changing permissions.
chmod -R u=rwX,go=rX /etc/dconf/db
(umask 0022 &amp;&amp; dconf update)


var_screensaver_lock_delay='<xccdf-1.2:sub xmlns:xccdf-1.2="http://checklists.nist.gov/xccdf/1.2" idref="xccdf_org.ssgproject.content_value_var_screensaver_lock_delay" use="legacy"/>'


# Check for setting in any of the DConf db directories
# If files contain ibus or distro, ignore them.
# The assignment assumes that individual filenames don't contain :
readarray -t SETTINGSFILES &lt; &lt;(grep -r "\\[org/gnome/desktop/screensaver\\]" "/etc/dconf/db/" \
                                | grep -v 'distro\|ibus\|local.d' | cut -d":" -f1)
DCONFFILE="/etc/dconf/db/local.d/00-security-settings"
DBDIR="/etc/dconf/db/local.d"

mkdir -p "${DBDIR}"

# Comment out the configurations in databases different from the target one
if [ "${#SETTINGSFILES[@]}" -ne 0 ]
then
    if grep -q "^\\s*lock-delay\\s*=" "${SETTINGSFILES[@]}"
    then
        
        sed -Ei "s/(^\s*)lock-delay(\s*=)/#\1lock-delay\2/g" "${SETTINGSFILES[@]}"
    fi
fi

[ ! -z "${DCONFFILE}" ] &amp;&amp; echo "" &gt;&gt; "${DCONFFILE}"
if ! grep -q "\\[org/gnome/desktop/screensaver\\]" "${DCONFFILE}"
then
    printf '%s\n' "[org/gnome/desktop/screensaver]" &gt;&gt; ${DCONFFILE}
fi

escaped_value="$(sed -e 's/\\/\\\\/g' &lt;&lt;&lt; "uint32 ${var_screensaver_lock_delay}")"
if grep -q "^\\s*lock-delay\\s*=" "${DCONFFILE}"
then
        sed -i "s/\\s*lock-delay\\s*=\\s*.*/lock-delay=${escaped_value}/g" "${DCONFFILE}"
    else
        sed -i "\\|\\[org/gnome/desktop/screensaver\\]|a\\lock-delay=${escaped_value}" "${DCONFFILE}"
fi
# Make sure permissions allow regular users to read dconf settings.
# Also define the umask to avoid `dconf update` changing permissions.
chmod -R u=rwX,go=rX /etc/dconf/db
(umask 0022 &amp;&amp; dconf update)

else
    &gt;&amp;2 echo 'Remediation is not applicable, nothing was done'
fi
</fix>
            <check system="http://oval.mitre.org/XMLSchema/oval-definitions-5">
              <check-export export-name="oval:ssg-var_screensaver_lock_delay:var:1" value-id="xccdf_org.ssgproject.content_value_var_screensaver_lock_delay"/>
              <check-content-ref name="oval:ssg-dconf_gnome_screensaver_lock_delay:def:1" href="ssg-ubuntu2404-oval.xml"/>
            </check>
            <check system="http://scap.nist.gov/schema/ocil/2">
              <check-content-ref name="ocil:ssg-dconf_gnome_screensaver_lock_delay_ocil:questionnaire:1" href="ssg-ubuntu2404-ocil.xml"/>
            </check>
          </Rule>
          <Rule id="xccdf_org.ssgproject.content_rule_dconf_gnome_screensaver_lock_enabled" selected="false" role="full" severity="medium">
            <title xmlns:xhtml="http://www.w3.org/1999/xhtml" xml:lang="en-US">Enable GNOME3 Screensaver Lock After Idle Period</title>
            <description xmlns:xhtml="http://www.w3.org/1999/xhtml" xml:lang="en-US">
To activate locking of the screensaver in the GNOME3 desktop when it is activated,
add or set <html:code xmlns:html="http://www.w3.org/1999/xhtml">lock-enabled</html:code> to <html:code xmlns:html="http://www.w3.org/1999/xhtml">true</html:code> in
<html:code xmlns:html="http://www.w3.org/1999/xhtml">/etc/dconf/db/local.d/00-security-settings</html:code>. For example:
<html:pre xmlns:html="http://www.w3.org/1999/xhtml">[org/gnome/desktop/screensaver]
lock-enabled=true
</html:pre>
Once the settings have been added, add a lock to
<html:code xmlns:html="http://www.w3.org/1999/xhtml">/etc/dconf/db/local.d/locks/00-security-settings-lock</html:code> to prevent user modification.
For example:
<html:pre xmlns:html="http://www.w3.org/1999/xhtml">/org/gnome/desktop/screensaver/lock-enabled</html:pre>
After the settings have been set, run <html:code xmlns:html="http://www.w3.org/1999/xhtml">dconf update</html:code>.</description>
            <reference href="https://www.cisecurity.org/controls/">1</reference>
            <reference href="https://www.cisecurity.org/controls/">12</reference>
            <reference href="https://www.cisecurity.org/controls/">15</reference>
            <reference href="https://www.cisecurity.org/controls/">16</reference>
            <reference href="https://www.fbi.gov/file-repository/cjis-security-policy-v5_5_20160601-2-1.pdf">5.5.5</reference>
            <reference href="https://www.isaca.org/resources/cobit">DSS05.04</reference>
            <reference href="https://www.isaca.org/resources/cobit">DSS05.10</reference>
            <reference href="https://www.isaca.org/resources/cobit">DSS06.10</reference>
            <reference href="http://nvlpubs.nist.gov/nistpubs/SpecialPublications/NIST.SP.800-171.pdf">3.1.10</reference>
            <reference href="https://public.cyber.mil/stigs/cci/">CCI-000057</reference>
            <reference href="https://public.cyber.mil/stigs/cci/">CCI-000056</reference>
            <reference href="https://www.isa.org/products/isa-62443-2-1-2009-security-for-industrial-automat">4.3.3.6.1</reference>
            <reference href="https://www.isa.org/products/isa-62443-2-1-2009-security-for-industrial-automat">4.3.3.6.2</reference>
            <reference href="https://www.isa.org/products/isa-62443-2-1-2009-security-for-industrial-automat">4.3.3.6.3</reference>
            <reference href="https://www.isa.org/products/isa-62443-2-1-2009-security-for-industrial-automat">4.3.3.6.4</reference>
            <reference href="https://www.isa.org/products/isa-62443-2-1-2009-security-for-industrial-automat">4.3.3.6.5</reference>
            <reference href="https://www.isa.org/products/isa-62443-2-1-2009-security-for-industrial-automat">4.3.3.6.6</reference>
            <reference href="https://www.isa.org/products/isa-62443-2-1-2009-security-for-industrial-automat">4.3.3.6.7</reference>
            <reference href="https://www.isa.org/products/isa-62443-2-1-2009-security-for-industrial-automat">4.3.3.6.8</reference>
            <reference href="https://www.isa.org/products/isa-62443-2-1-2009-security-for-industrial-automat">4.3.3.6.9</reference>
            <reference href="https://www.isa.org/products/ansi-isa-62443-3-3-99-03-03-2013-security-for-indu">SR 1.1</reference>
            <reference href="https://www.isa.org/products/ansi-isa-62443-3-3-99-03-03-2013-security-for-indu">SR 1.10</reference>
            <reference href="https://www.isa.org/products/ansi-isa-62443-3-3-99-03-03-2013-security-for-indu">SR 1.2</reference>
            <reference href="https://www.isa.org/products/ansi-isa-62443-3-3-99-03-03-2013-security-for-indu">SR 1.5</reference>
            <reference href="https://www.isa.org/products/ansi-isa-62443-3-3-99-03-03-2013-security-for-indu">SR 1.7</reference>
            <reference href="https://www.isa.org/products/ansi-isa-62443-3-3-99-03-03-2013-security-for-indu">SR 1.8</reference>
            <reference href="https://www.isa.org/products/ansi-isa-62443-3-3-99-03-03-2013-security-for-indu">SR 1.9</reference>
            <reference href="https://www.iso.org/contents/data/standard/05/45/54534.html">A.18.1.4</reference>
            <reference href="https://www.iso.org/contents/data/standard/05/45/54534.html">A.9.2.1</reference>
            <reference href="https://www.iso.org/contents/data/standard/05/45/54534.html">A.9.2.4</reference>
            <reference href="https://www.iso.org/contents/data/standard/05/45/54534.html">A.9.3.1</reference>
            <reference href="https://www.iso.org/contents/data/standard/05/45/54534.html">A.9.4.2</reference>
            <reference href="https://www.iso.org/contents/data/standard/05/45/54534.html">A.9.4.3</reference>
            <reference href="http://nvlpubs.nist.gov/nistpubs/SpecialPublications/NIST.SP.800-53r4.pdf">CM-6(a)</reference>
            <reference href="https://nvlpubs.nist.gov/nistpubs/CSWP/NIST.CSWP.04162018.pdf">PR.AC-7</reference>
            <reference href="https://www.pcisecuritystandards.org/documents/PCI_DSS_v3-2-1.pdf">Req-8.1.8</reference>
            <reference href="https://public.cyber.mil/stigs/downloads/?_dl_facet_stigs=operating-systems%2Cgeneral-purpose-os">SRG-OS-000028-GPOS-00009</reference>
            <reference href="https://public.cyber.mil/stigs/downloads/?_dl_facet_stigs=operating-systems%2Cgeneral-purpose-os">SRG-OS-000030-GPOS-00011</reference>
            <reference href="https://www.cisecurity.org/benchmark/ubuntu_linux/">1.7.4</reference>
            <reference href="https://www.cisecurity.org/benchmark/ubuntu_linux/">1.7.5</reference>
            <reference href="https://docs-prv.pcisecuritystandards.org/PCI%20DSS/Standard/PCI-DSS-v4_0.pdf">8.2.8</reference>
            <reference href="https://docs-prv.pcisecuritystandards.org/PCI%20DSS/Standard/PCI-DSS-v4_0.pdf">8.2</reference>
            <rationale xmlns:xhtml="http://www.w3.org/1999/xhtml" xml:lang="en-US">A session lock is a temporary action taken when a user stops work and moves away from the immediate physical vicinity
of the information system but does not want to logout because of the temporary nature of the absense.</rationale>
            <platform idref="#machine"/>
            <fix xmlns:xhtml="http://www.w3.org/1999/xhtml" id="dconf_gnome_screensaver_lock_enabled" system="urn:xccdf:fix:script:sh"># Remediation is applicable only in certain platforms
if dpkg-query --show --showformat='${db:Status-Status}\n' 'gdm3' 2&gt;/dev/null | grep -q '^installed' &amp;&amp; { [ ! -f /.dockerenv ] &amp;&amp; [ ! -f /run/.containerenv ]; }; then

mkdir -p /etc/dconf/profile
dconf_profile_path=/etc/dconf/profile/user

[[ -s "${dconf_profile_path}" ]] || echo &gt; "${dconf_profile_path}"

if ! grep -Pzq "(?s)^\s*user-db:user.*\n\s*system-db:local" "${dconf_profile_path}"; then
    sed -i --follow-symlinks "1s/^/user-db:user\nsystem-db:local\n/" "${dconf_profile_path}"
fi

# Make sure the corresponding directories exist
mkdir -p /etc/dconf/db/local.d

# Make sure permissions allow regular users to read dconf settings.
# Also define the umask to avoid `dconf update` changing permissions.
chmod -R u=rwX,go=rX /etc/dconf/profile
(umask 0022 &amp;&amp; dconf update)
mkdir -p /etc/dconf/profile
dconf_profile_path=/etc/dconf/profile/gdm

[[ -s "${dconf_profile_path}" ]] || echo &gt; "${dconf_profile_path}"

if ! grep -Pzq "(?s)^\s*user-db:user.*\n\s*system-db:gdm" "${dconf_profile_path}"; then
    sed -i --follow-symlinks "1s/^/user-db:user\nsystem-db:gdm\n/" "${dconf_profile_path}"
fi

# Make sure the corresponding directories exist
mkdir -p /etc/dconf/db/gdm.d

# Make sure permissions allow regular users to read dconf settings.
# Also define the umask to avoid `dconf update` changing permissions.
chmod -R u=rwX,go=rX /etc/dconf/profile
(umask 0022 &amp;&amp; dconf update)



# Check for setting in any of the DConf db directories
# If files contain ibus or distro, ignore them.
# The assignment assumes that individual filenames don't contain :
readarray -t SETTINGSFILES &lt; &lt;(grep -r "\\[org/gnome/desktop/screensaver\\]" "/etc/dconf/db/" \
                                | grep -v 'distro\|ibus\|local.d' | cut -d":" -f1)
DCONFFILE="/etc/dconf/db/local.d/00-security-settings"
DBDIR="/etc/dconf/db/local.d"

mkdir -p "${DBDIR}"

# Comment out the configurations in databases different from the target one
if [ "${#SETTINGSFILES[@]}" -ne 0 ]
then
    if grep -q "^\\s*lock-enabled\\s*=" "${SETTINGSFILES[@]}"
    then
        
        sed -Ei "s/(^\s*)lock-enabled(\s*=)/#\1lock-enabled\2/g" "${SETTINGSFILES[@]}"
    fi
fi

[ ! -z "${DCONFFILE}" ] &amp;&amp; echo "" &gt;&gt; "${DCONFFILE}"
if ! grep -q "\\[org/gnome/desktop/screensaver\\]" "${DCONFFILE}"
then
    printf '%s\n' "[org/gnome/desktop/screensaver]" &gt;&gt; ${DCONFFILE}
fi

escaped_value="$(sed -e 's/\\/\\\\/g' &lt;&lt;&lt; "true")"
if grep -q "^\\s*lock-enabled\\s*=" "${DCONFFILE}"
then
        sed -i "s/\\s*lock-enabled\\s*=\\s*.*/lock-enabled=${escaped_value}/g" "${DCONFFILE}"
    else
        sed -i "\\|\\[org/gnome/desktop/screensaver\\]|a\\lock-enabled=${escaped_value}" "${DCONFFILE}"
fi
# Make sure permissions allow regular users to read dconf settings.
# Also define the umask to avoid `dconf update` changing permissions.
chmod -R u=rwX,go=rX /etc/dconf/db
(umask 0022 &amp;&amp; dconf update)
# Check for setting in any of the DConf db directories
LOCKFILES=$(grep -r "^/org/gnome/desktop/screensaver/lock-enabled$" "/etc/dconf/db/" \
            | grep -v 'distro\|ibus\|local.d' | grep ":" | cut -d":" -f1)
LOCKSFOLDER="/etc/dconf/db/local.d/locks"

mkdir -p "${LOCKSFOLDER}"

# Comment out the configurations in databases different from the target one
if [[ ! -z "${LOCKFILES}" ]]
then
    sed -i -E "s|^/org/gnome/desktop/screensaver/lock-enabled$|#&amp;|" "${LOCKFILES[@]}"
fi

if ! grep -qr "^/org/gnome/desktop/screensaver/lock-enabled$" /etc/dconf/db/local.d/
then
    echo "/org/gnome/desktop/screensaver/lock-enabled" &gt;&gt; "/etc/dconf/db/local.d/locks/00-security-settings-lock"
fi
# Make sure permissions allow regular users to read dconf settings.
# Also define the umask to avoid `dconf update` changing permissions.
chmod -R u=rwX,go=rX /etc/dconf/db
(umask 0022 &amp;&amp; dconf update)

else
    &gt;&amp;2 echo 'Remediation is not applicable, nothing was done'
fi
</fix>
            <check system="http://oval.mitre.org/XMLSchema/oval-definitions-5">
              <check-content-ref name="oval:ssg-dconf_gnome_screensaver_lock_enabled:def:1" href="ssg-ubuntu2404-oval.xml"/>
            </check>
            <check system="http://scap.nist.gov/schema/ocil/2">
              <check-content-ref name="ocil:ssg-dconf_gnome_screensaver_lock_enabled_ocil:questionnaire:1" href="ssg-ubuntu2404-ocil.xml"/>
            </check>
          </Rule>
        </Group>
      </Group>
      <Group id="xccdf_org.ssgproject.content_group_sudo">
        <title xmlns:xhtml="http://www.w3.org/1999/xhtml" xml:lang="en-US">Sudo</title>
        <description xmlns:xhtml="http://www.w3.org/1999/xhtml" xml:lang="en-US"><html:code xmlns:html="http://www.w3.org/1999/xhtml">Sudo</html:code>, which stands for "su 'do'", provides the ability to delegate authority
to certain users, groups of users, or system administrators. When configured for system
users and/or groups, <html:code xmlns:html="http://www.w3.org/1999/xhtml">Sudo</html:code> can allow a user or group to execute privileged commands
that normally only <html:code xmlns:html="http://www.w3.org/1999/xhtml">root</html:code> is allowed to execute.
<html:br xmlns:html="http://www.w3.org/1999/xhtml"/>
       <html:br xmlns:html="http://www.w3.org/1999/xhtml"/>
For more information on <html:code xmlns:html="http://www.w3.org/1999/xhtml">Sudo</html:code> and addition <html:code xmlns:html="http://www.w3.org/1999/xhtml">Sudo</html:code> configuration options, see
<html:b xmlns:html="http://www.w3.org/1999/xhtml"><html:a href="https://www.sudo.ws">https://www.sudo.ws</html:a></html:b>.</description>
        <Value id="xccdf_org.ssgproject.content_value_var_sudo_logfile" type="string" interactive="true">
          <title xmlns:xhtml="http://www.w3.org/1999/xhtml" xml:lang="en-US">Sudo - logfile value</title>
          <description xmlns:xhtml="http://www.w3.org/1999/xhtml" xml:lang="en-US">Specify the sudo logfile to use. The default value used here matches the example
location from CIS, which uses /var/log/sudo.log.</description>
          <value>/var/log/sudo.log</value>
          <value selector="var_log_sudo_log">/var/log/sudo.log</value>
        </Value>
        <Value id="xccdf_org.ssgproject.content_value_var_sudo_timestamp_timeout" type="string">
          <title xmlns:xhtml="http://www.w3.org/1999/xhtml" xml:lang="en-US">Sudo - timestamp_timeout value</title>
          <description xmlns:xhtml="http://www.w3.org/1999/xhtml" xml:lang="en-US">Defines the number of minutes that can elapse before <html:code xmlns:html="http://www.w3.org/1999/xhtml">sudo</html:code> will ask for a passwd again.
If set to a value less than 0 the user's time stamp will never expire. Defining 0 means always prompt for a 
password. The default timeout value is 5 minutes.</description>
          <value>5</value>
          <value selector="always_prompt">0</value>
          <value selector="1_minute">1</value>
          <value selector="2_minutes">2</value>
          <value selector="3_minutes">3</value>
          <value selector="5_minutes">5</value>
          <value selector="15_minutes">15</value>
        </Value>
        <Rule id="xccdf_org.ssgproject.content_rule_package_sudo_installed" selected="false" role="full" severity="medium">
          <title xmlns:xhtml="http://www.w3.org/1999/xhtml" xml:lang="en-US">Install sudo Package</title>
          <description xmlns:xhtml="http://www.w3.org/1999/xhtml" xml:lang="en-US">The <html:code xmlns:html="http://www.w3.org/1999/xhtml">sudo</html:code> package can be installed with the following command:
<html:pre xmlns:html="http://www.w3.org/1999/xhtml">
$ apt-get install sudo</html:pre>
       </description>
          <reference href="https://public.cyber.mil/stigs/cci/">CCI-002235</reference>
          <reference href="https://www.cyber.gov.au/acsc/view-all-content/ism">1382</reference>
          <reference href="https://www.cyber.gov.au/acsc/view-all-content/ism">1384</reference>
          <reference href="https://www.cyber.gov.au/acsc/view-all-content/ism">1386</reference>
          <reference href="http://nvlpubs.nist.gov/nistpubs/SpecialPublications/NIST.SP.800-53r4.pdf">CM-6(a)</reference>
          <reference href="https://www.niap-ccevs.org/Profile/PP.cfm">FMT_MOF_EXT.1</reference>
          <reference href="https://public.cyber.mil/stigs/downloads/?_dl_facet_stigs=operating-systems%2Cgeneral-purpose-os">SRG-OS-000324-GPOS-00125</reference>
          <reference href="https://cyber.gouv.fr/sites/default/files/document/linux_configuration-en-v2.pdf">R33</reference>
          <reference href="https://www.cisecurity.org/benchmark/ubuntu_linux/">5.2.1</reference>
          <reference href="https://docs-prv.pcisecuritystandards.org/PCI%20DSS/Standard/PCI-DSS-v4_0.pdf">2.2.6</reference>
          <reference href="https://docs-prv.pcisecuritystandards.org/PCI%20DSS/Standard/PCI-DSS-v4_0.pdf">2.2</reference>
          <rationale xmlns:xhtml="http://www.w3.org/1999/xhtml" xml:lang="en-US"><html:code xmlns:html="http://www.w3.org/1999/xhtml">sudo</html:code> is a program designed to allow a system administrator to give
limited root privileges to users and log root activity. The basic philosophy
is to give as few privileges as possible but still allow system users to
get their work done.</rationale>
          <platform idref="#system_with_kernel"/>
          <fix xmlns:xhtml="http://www.w3.org/1999/xhtml" id="package_sudo_installed" system="urn:redhat:osbuild:blueprint">
[[packages]]
name = "sudo"
version = "*"
</fix>
          <fix xmlns:xhtml="http://www.w3.org/1999/xhtml" id="package_sudo_installed" system="urn:xccdf:fix:script:puppet" complexity="low" disruption="low" strategy="enable">include install_sudo

class install_sudo {
  package { 'sudo':
    ensure =&gt; 'installed',
  }
}
</fix>
          <fix xmlns:xhtml="http://www.w3.org/1999/xhtml" id="package_sudo_installed" system="urn:xccdf:fix:script:ansible" complexity="low" disruption="low" strategy="enable">- name: Gather the package facts
  package_facts:
    manager: auto
  tags:
  - NIST-800-53-CM-6(a)
  - PCI-DSSv4-2.2
  - PCI-DSSv4-2.2.6
  - enable_strategy
  - low_complexity
  - low_disruption
  - medium_severity
  - no_reboot_needed
  - package_sudo_installed

- name: Ensure sudo is installed
  package:
    name: sudo
    state: present
  when: '"linux-base" in ansible_facts.packages'
  tags:
  - NIST-800-53-CM-6(a)
  - PCI-DSSv4-2.2
  - PCI-DSSv4-2.2.6
  - enable_strategy
  - low_complexity
  - low_disruption
  - medium_severity
  - no_reboot_needed
  - package_sudo_installed
</fix>
          <fix xmlns:xhtml="http://www.w3.org/1999/xhtml" id="package_sudo_installed" system="urn:xccdf:fix:script:sh" complexity="low" disruption="low" strategy="enable"># Remediation is applicable only in certain platforms
if dpkg-query --show --showformat='${db:Status-Status}
' 'linux-base' 2&gt;/dev/null | grep -q ^installed; then

DEBIAN_FRONTEND=noninteractive apt-get install -y "sudo"

else
    &gt;&amp;2 echo 'Remediation is not applicable, nothing was done'
fi
</fix>
          <check system="http://oval.mitre.org/XMLSchema/oval-definitions-5">
            <check-content-ref name="oval:ssg-package_sudo_installed:def:1" href="ssg-ubuntu2404-oval.xml"/>
          </check>
          <check system="http://scap.nist.gov/schema/ocil/2">
            <check-content-ref name="ocil:ssg-package_sudo_installed_ocil:questionnaire:1" href="ssg-ubuntu2404-ocil.xml"/>
          </check>
        </Rule>
        <Rule id="xccdf_org.ssgproject.content_rule_sudo_add_use_pty" selected="false" role="full" severity="medium">
          <title xmlns:xhtml="http://www.w3.org/1999/xhtml" xml:lang="en-US">Ensure Only Users Logged In To Real tty Can Execute Sudo - sudo use_pty</title>
          <description xmlns:xhtml="http://www.w3.org/1999/xhtml" xml:lang="en-US">The sudo <html:code xmlns:html="http://www.w3.org/1999/xhtml">use_pty</html:code> tag, when specified, will only execute sudo
commands from users logged in to a real tty.
This should be enabled by making sure that the <html:code xmlns:html="http://www.w3.org/1999/xhtml">use_pty</html:code> tag exists in
<html:code xmlns:html="http://www.w3.org/1999/xhtml">/etc/sudoers</html:code> configuration file or any sudo configuration snippets
in <html:code xmlns:html="http://www.w3.org/1999/xhtml">/etc/sudoers.d/</html:code>.</description>
          <reference href="https://www.pcisecuritystandards.org/documents/PCI_DSS_v3-2-1.pdf">Req-10.2.5</reference>
          <reference href="https://cyber.gouv.fr/sites/default/files/document/linux_configuration-en-v2.pdf">R39</reference>
          <reference href="https://www.cisecurity.org/benchmark/ubuntu_linux/">5.2.2</reference>
          <reference href="https://docs-prv.pcisecuritystandards.org/PCI%20DSS/Standard/PCI-DSS-v4_0.pdf">2.2.6</reference>
          <reference href="https://docs-prv.pcisecuritystandards.org/PCI%20DSS/Standard/PCI-DSS-v4_0.pdf">2.2</reference>
          <rationale xmlns:xhtml="http://www.w3.org/1999/xhtml" xml:lang="en-US">Requiring that sudo commands be run in a pseudo-terminal can prevent an attacker from retaining
access to the user's terminal after the main program has finished executing.</rationale>
          <platform idref="#package_sudo"/>
          <fix xmlns:xhtml="http://www.w3.org/1999/xhtml" id="sudo_add_use_pty" system="urn:xccdf:fix:script:ansible" complexity="low" disruption="low" strategy="restrict">- name: Gather the package facts
  package_facts:
    manager: auto
  tags:
  - PCI-DSS-Req-10.2.5
  - PCI-DSSv4-2.2
  - PCI-DSSv4-2.2.6
  - low_complexity
  - low_disruption
  - medium_severity
  - no_reboot_needed
  - restrict_strategy
  - sudo_add_use_pty

- name: Ensure use_pty is enabled in /etc/sudoers
  lineinfile:
    path: /etc/sudoers
    regexp: ^[\s]*Defaults.*\buse_pty\b.*$
    line: Defaults use_pty
    validate: /usr/sbin/visudo -cf %s
  when: '"sudo" in ansible_facts.packages'
  tags:
  - PCI-DSS-Req-10.2.5
  - PCI-DSSv4-2.2
  - PCI-DSSv4-2.2.6
  - low_complexity
  - low_disruption
  - medium_severity
  - no_reboot_needed
  - restrict_strategy
  - sudo_add_use_pty
</fix>
          <fix xmlns:xhtml="http://www.w3.org/1999/xhtml" id="sudo_add_use_pty" system="urn:xccdf:fix:script:sh" complexity="low" disruption="low" strategy="restrict"># Remediation is applicable only in certain platforms
if dpkg-query --show --showformat='${db:Status-Status}\n' 'sudo' 2&gt;/dev/null | grep -q '^installed'; then

if /usr/sbin/visudo -qcf /etc/sudoers; then
    cp /etc/sudoers /etc/sudoers.bak
    if ! grep -P '^[\s]*Defaults[\s]*\buse_pty\b.*$' /etc/sudoers; then
        # sudoers file doesn't define Option use_pty
        echo "Defaults use_pty" &gt;&gt; /etc/sudoers
    fi
    
    # Check validity of sudoers and cleanup bak
    if /usr/sbin/visudo -qcf /etc/sudoers; then
        rm -f /etc/sudoers.bak
    else
        echo "Fail to validate remediated /etc/sudoers, reverting to original file."
        mv /etc/sudoers.bak /etc/sudoers
        false
    fi
else
    echo "Skipping remediation, /etc/sudoers failed to validate"
    false
fi

else
    &gt;&amp;2 echo 'Remediation is not applicable, nothing was done'
fi
</fix>
          <check system="http://oval.mitre.org/XMLSchema/oval-definitions-5">
            <check-content-ref name="oval:ssg-sudo_add_use_pty:def:1" href="ssg-ubuntu2404-oval.xml"/>
          </check>
          <check system="http://scap.nist.gov/schema/ocil/2">
            <check-content-ref name="ocil:ssg-sudo_add_use_pty_ocil:questionnaire:1" href="ssg-ubuntu2404-ocil.xml"/>
          </check>
        </Rule>
        <Rule id="xccdf_org.ssgproject.content_rule_sudo_custom_logfile" selected="false" role="full" severity="low">
          <title xmlns:xhtml="http://www.w3.org/1999/xhtml" xml:lang="en-US">Ensure Sudo Logfile Exists - sudo logfile</title>
          <description xmlns:xhtml="http://www.w3.org/1999/xhtml" xml:lang="en-US">A custom log sudo file can be configured with the 'logfile' tag. This rule configures
a sudo custom logfile at the default location suggested by CIS, which uses
/var/log/sudo.log.</description>
          <reference href="https://www.pcisecuritystandards.org/documents/PCI_DSS_v3-2-1.pdf">Req-10.2.5</reference>
          <reference href="https://www.cisecurity.org/benchmark/ubuntu_linux/">5.2.3</reference>
          <reference href="https://docs-prv.pcisecuritystandards.org/PCI%20DSS/Standard/PCI-DSS-v4_0.pdf">2.2.6</reference>
          <reference href="https://docs-prv.pcisecuritystandards.org/PCI%20DSS/Standard/PCI-DSS-v4_0.pdf">2.2</reference>
          <rationale xmlns:xhtml="http://www.w3.org/1999/xhtml" xml:lang="en-US">A sudo log file simplifies auditing of sudo commands.</rationale>
          <platform idref="#package_sudo"/>
          <fix xmlns:xhtml="http://www.w3.org/1999/xhtml" id="sudo_custom_logfile" system="urn:xccdf:fix:script:ansible" complexity="low" disruption="low" strategy="restrict">- name: Gather the package facts
  package_facts:
    manager: auto
  tags:
  - PCI-DSS-Req-10.2.5
  - PCI-DSSv4-2.2
  - PCI-DSSv4-2.2.6
  - low_complexity
  - low_disruption
  - low_severity
  - no_reboot_needed
  - restrict_strategy
  - sudo_custom_logfile
- name: XCCDF Value var_sudo_logfile # promote to variable
  set_fact:
    var_sudo_logfile: !!str <xccdf-1.2:sub xmlns:xccdf-1.2="http://checklists.nist.gov/xccdf/1.2" idref="xccdf_org.ssgproject.content_value_var_sudo_logfile" use="legacy"/>
  tags:
    - always

- name: Ensure logfile is enabled with the appropriate value in /etc/sudoers
  lineinfile:
    path: /etc/sudoers
    regexp: ^[\s]*Defaults\s(.*)\blogfile=[-]?.+\b(.*)$
    line: Defaults \1logfile={{ var_sudo_logfile }}\2
    validate: /usr/sbin/visudo -cf %s
    backrefs: true
  register: edit_sudoers_logfile_option
  when: '"sudo" in ansible_facts.packages'
  tags:
  - PCI-DSS-Req-10.2.5
  - PCI-DSSv4-2.2
  - PCI-DSSv4-2.2.6
  - low_complexity
  - low_disruption
  - low_severity
  - no_reboot_needed
  - restrict_strategy
  - sudo_custom_logfile

- name: Enable logfile option with appropriate value in /etc/sudoers
  lineinfile:
    path: /etc/sudoers
    line: Defaults logfile={{ var_sudo_logfile }}
    validate: /usr/sbin/visudo -cf %s
  when:
  - '"sudo" in ansible_facts.packages'
  - edit_sudoers_logfile_option is defined and not edit_sudoers_logfile_option.changed
  tags:
  - PCI-DSS-Req-10.2.5
  - PCI-DSSv4-2.2
  - PCI-DSSv4-2.2.6
  - low_complexity
  - low_disruption
  - low_severity
  - no_reboot_needed
  - restrict_strategy
  - sudo_custom_logfile
</fix>
          <fix xmlns:xhtml="http://www.w3.org/1999/xhtml" id="sudo_custom_logfile" system="urn:xccdf:fix:script:sh" complexity="low" disruption="low" strategy="restrict"># Remediation is applicable only in certain platforms
if dpkg-query --show --showformat='${db:Status-Status}\n' 'sudo' 2&gt;/dev/null | grep -q '^installed'; then

var_sudo_logfile='<xccdf-1.2:sub xmlns:xccdf-1.2="http://checklists.nist.gov/xccdf/1.2" idref="xccdf_org.ssgproject.content_value_var_sudo_logfile" use="legacy"/>'


if /usr/sbin/visudo -qcf /etc/sudoers; then
    cp /etc/sudoers /etc/sudoers.bak
    if ! grep -P '^[\s]*Defaults[\s]*\blogfile\s*=\s*(?:"?([^",\s]+)"?)\b.*$' /etc/sudoers; then
        # sudoers file doesn't define Option logfile
        echo "Defaults logfile=${var_sudo_logfile}" &gt;&gt; /etc/sudoers
    else
        # sudoers file defines Option logfile, remediate if appropriate value is not set
        if ! grep -P "^[\s]*Defaults.*\blogfile=${var_sudo_logfile}\b.*$" /etc/sudoers; then
            
            escaped_variable=${var_sudo_logfile//$'/'/$'\/'}
            sed -Ei "s/(^[\s]*Defaults.*\blogfile=)[-]?.+(\b.*$)/\1$escaped_variable\2/" /etc/sudoers
        fi
    fi
    
    # Check validity of sudoers and cleanup bak
    if /usr/sbin/visudo -qcf /etc/sudoers; then
        rm -f /etc/sudoers.bak
    else
        echo "Fail to validate remediated /etc/sudoers, reverting to original file."
        mv /etc/sudoers.bak /etc/sudoers
        false
    fi
else
    echo "Skipping remediation, /etc/sudoers failed to validate"
    false
fi

else
    &gt;&amp;2 echo 'Remediation is not applicable, nothing was done'
fi
</fix>
          <check system="http://oval.mitre.org/XMLSchema/oval-definitions-5">
            <check-export export-name="oval:ssg-var_sudo_logfile:var:1" value-id="xccdf_org.ssgproject.content_value_var_sudo_logfile"/>
            <check-content-ref name="oval:ssg-sudo_custom_logfile:def:1" href="ssg-ubuntu2404-oval.xml"/>
          </check>
          <check system="http://scap.nist.gov/schema/ocil/2">
            <check-content-ref name="ocil:ssg-sudo_custom_logfile_ocil:questionnaire:1" href="ssg-ubuntu2404-ocil.xml"/>
          </check>
        </Rule>
        <Rule id="xccdf_org.ssgproject.content_rule_sudo_remove_no_authenticate" selected="false" role="full" severity="medium">
          <title xmlns:xhtml="http://www.w3.org/1999/xhtml" xml:lang="en-US">Ensure Users Re-Authenticate for Privilege Escalation - sudo !authenticate</title>
          <description xmlns:xhtml="http://www.w3.org/1999/xhtml" xml:lang="en-US">The sudo <html:code xmlns:html="http://www.w3.org/1999/xhtml">!authenticate</html:code> option, when specified, allows a user to execute commands using
sudo without having to authenticate. This should be disabled by making sure that the
<html:code xmlns:html="http://www.w3.org/1999/xhtml">!authenticate</html:code> option does not exist in <html:code xmlns:html="http://www.w3.org/1999/xhtml">/etc/sudoers</html:code> configuration file or
any sudo configuration snippets in <html:code xmlns:html="http://www.w3.org/1999/xhtml">/etc/sudoers.d/</html:code>.</description>
          <reference href="https://www.cisecurity.org/controls/">1</reference>
          <reference href="https://www.cisecurity.org/controls/">12</reference>
          <reference href="https://www.cisecurity.org/controls/">15</reference>
          <reference href="https://www.cisecurity.org/controls/">16</reference>
          <reference href="https://www.cisecurity.org/controls/">5</reference>
          <reference href="https://www.isaca.org/resources/cobit">DSS05.04</reference>
          <reference href="https://www.isaca.org/resources/cobit">DSS05.10</reference>
          <reference href="https://www.isaca.org/resources/cobit">DSS06.03</reference>
          <reference href="https://www.isaca.org/resources/cobit">DSS06.10</reference>
          <reference href="https://public.cyber.mil/stigs/cci/">CCI-004895</reference>
          <reference href="https://www.isa.org/products/isa-62443-2-1-2009-security-for-industrial-automat">4.3.3.5.1</reference>
          <reference href="https://www.isa.org/products/isa-62443-2-1-2009-security-for-industrial-automat">4.3.3.6.1</reference>
          <reference href="https://www.isa.org/products/isa-62443-2-1-2009-security-for-industrial-automat">4.3.3.6.2</reference>
          <reference href="https://www.isa.org/products/isa-62443-2-1-2009-security-for-industrial-automat">4.3.3.6.3</reference>
          <reference href="https://www.isa.org/products/isa-62443-2-1-2009-security-for-industrial-automat">4.3.3.6.4</reference>
          <reference href="https://www.isa.org/products/isa-62443-2-1-2009-security-for-industrial-automat">4.3.3.6.5</reference>
          <reference href="https://www.isa.org/products/isa-62443-2-1-2009-security-for-industrial-automat">4.3.3.6.6</reference>
          <reference href="https://www.isa.org/products/isa-62443-2-1-2009-security-for-industrial-automat">4.3.3.6.7</reference>
          <reference href="https://www.isa.org/products/isa-62443-2-1-2009-security-for-industrial-automat">4.3.3.6.8</reference>
          <reference href="https://www.isa.org/products/isa-62443-2-1-2009-security-for-industrial-automat">4.3.3.6.9</reference>
          <reference href="https://www.isa.org/products/ansi-isa-62443-3-3-99-03-03-2013-security-for-indu">SR 1.1</reference>
          <reference href="https://www.isa.org/products/ansi-isa-62443-3-3-99-03-03-2013-security-for-indu">SR 1.10</reference>
          <reference href="https://www.isa.org/products/ansi-isa-62443-3-3-99-03-03-2013-security-for-indu">SR 1.2</reference>
          <reference href="https://www.isa.org/products/ansi-isa-62443-3-3-99-03-03-2013-security-for-indu">SR 1.3</reference>
          <reference href="https://www.isa.org/products/ansi-isa-62443-3-3-99-03-03-2013-security-for-indu">SR 1.4</reference>
          <reference href="https://www.isa.org/products/ansi-isa-62443-3-3-99-03-03-2013-security-for-indu">SR 1.5</reference>
          <reference href="https://www.isa.org/products/ansi-isa-62443-3-3-99-03-03-2013-security-for-indu">SR 1.7</reference>
          <reference href="https://www.isa.org/products/ansi-isa-62443-3-3-99-03-03-2013-security-for-indu">SR 1.8</reference>
          <reference href="https://www.isa.org/products/ansi-isa-62443-3-3-99-03-03-2013-security-for-indu">SR 1.9</reference>
          <reference href="https://www.iso.org/contents/data/standard/05/45/54534.html">A.18.1.4</reference>
          <reference href="https://www.iso.org/contents/data/standard/05/45/54534.html">A.9.2.1</reference>
          <reference href="https://www.iso.org/contents/data/standard/05/45/54534.html">A.9.2.2</reference>
          <reference href="https://www.iso.org/contents/data/standard/05/45/54534.html">A.9.2.3</reference>
          <reference href="https://www.iso.org/contents/data/standard/05/45/54534.html">A.9.2.4</reference>
          <reference href="https://www.iso.org/contents/data/standard/05/45/54534.html">A.9.2.6</reference>
          <reference href="https://www.iso.org/contents/data/standard/05/45/54534.html">A.9.3.1</reference>
          <reference href="https://www.iso.org/contents/data/standard/05/45/54534.html">A.9.4.2</reference>
          <reference href="https://www.iso.org/contents/data/standard/05/45/54534.html">A.9.4.3</reference>
          <reference href="http://nvlpubs.nist.gov/nistpubs/SpecialPublications/NIST.SP.800-53r4.pdf">IA-11</reference>
          <reference href="http://nvlpubs.nist.gov/nistpubs/SpecialPublications/NIST.SP.800-53r4.pdf">CM-6(a)</reference>
          <reference href="https://nvlpubs.nist.gov/nistpubs/CSWP/NIST.CSWP.04162018.pdf">PR.AC-1</reference>
          <reference href="https://nvlpubs.nist.gov/nistpubs/CSWP/NIST.CSWP.04162018.pdf">PR.AC-7</reference>
          <reference href="https://public.cyber.mil/stigs/downloads/?_dl_facet_stigs=operating-systems%2Cgeneral-purpose-os">SRG-OS-000373-GPOS-00156</reference>
          <reference href="https://public.cyber.mil/stigs/downloads/?_dl_facet_stigs=operating-systems%2Cgeneral-purpose-os">SRG-OS-000373-GPOS-00157</reference>
          <reference href="https://public.cyber.mil/stigs/downloads/?_dl_facet_stigs=operating-systems%2Cgeneral-purpose-os">SRG-OS-000373-GPOS-00158</reference>
          <reference href="https://www.cisecurity.org/benchmark/ubuntu_linux/">5.2.5</reference>
          <rationale xmlns:xhtml="http://www.w3.org/1999/xhtml" xml:lang="en-US">Without re-authentication, users may access resources or perform tasks for which they
do not have authorization.
<html:br xmlns:html="http://www.w3.org/1999/xhtml"/>
        <html:br xmlns:html="http://www.w3.org/1999/xhtml"/>
When operating systems provide the capability to escalate a functional capability, it
is critical that the user re-authenticate.</rationale>
          <fix xmlns:xhtml="http://www.w3.org/1999/xhtml" id="sudo_remove_no_authenticate" system="urn:xccdf:fix:script:ansible" complexity="low" disruption="low" strategy="restrict">- name: Find /etc/sudoers.d/ files
  ansible.builtin.find:
    paths:
    - /etc/sudoers.d/
  register: sudoers
  tags:
  - NIST-800-53-CM-6(a)
  - NIST-800-53-IA-11
  - low_complexity
  - low_disruption
  - medium_severity
  - no_reboot_needed
  - restrict_strategy
  - sudo_remove_no_authenticate

- name: Remove lines containing !authenticate from sudoers files
  ansible.builtin.replace:
    regexp: (^(?!#).*[\s]+\!authenticate.*$)
    replace: '# \g&lt;1&gt;'
    path: '{{ item.path }}'
    validate: /usr/sbin/visudo -cf %s
  with_items:
  - path: /etc/sudoers
  - '{{ sudoers.files }}'
  tags:
  - NIST-800-53-CM-6(a)
  - NIST-800-53-IA-11
  - low_complexity
  - low_disruption
  - medium_severity
  - no_reboot_needed
  - restrict_strategy
  - sudo_remove_no_authenticate
</fix>
          <fix xmlns:xhtml="http://www.w3.org/1999/xhtml" id="sudo_remove_no_authenticate" system="urn:xccdf:fix:script:sh" complexity="low" disruption="low" strategy="restrict">
for f in /etc/sudoers /etc/sudoers.d/* ; do
  if [ ! -e "$f" ] ; then
    continue
  fi
  matching_list=$(grep -P '^(?!#).*[\s]+\!authenticate.*$' $f | uniq )
  if ! test -z "$matching_list"; then
    while IFS= read -r entry; do
      # comment out "!authenticate" matches to preserve user data
      sed -i "s/^${entry}$/# &amp;/g" $f
    done &lt;&lt;&lt; "$matching_list"

    /usr/sbin/visudo -cf $f &amp;&gt; /dev/null || echo "Fail to validate $f with visudo"
  fi
done
</fix>
          <check system="http://oval.mitre.org/XMLSchema/oval-definitions-5">
            <check-content-ref name="oval:ssg-sudo_remove_no_authenticate:def:1" href="ssg-ubuntu2404-oval.xml"/>
          </check>
          <check system="http://scap.nist.gov/schema/ocil/2">
            <check-content-ref name="ocil:ssg-sudo_remove_no_authenticate_ocil:questionnaire:1" href="ssg-ubuntu2404-ocil.xml"/>
          </check>
        </Rule>
        <Rule id="xccdf_org.ssgproject.content_rule_sudo_require_authentication" selected="false" role="full" severity="medium">
          <title xmlns:xhtml="http://www.w3.org/1999/xhtml" xml:lang="en-US">Ensure Users Re-Authenticate for Privilege Escalation - sudo</title>
          <description xmlns:xhtml="http://www.w3.org/1999/xhtml" xml:lang="en-US">The sudo <html:code xmlns:html="http://www.w3.org/1999/xhtml">NOPASSWD</html:code> and <html:code xmlns:html="http://www.w3.org/1999/xhtml">!authenticate</html:code> option, when
specified, allows a user to execute commands using sudo without having to
authenticate. This should be disabled by making sure that
<html:code xmlns:html="http://www.w3.org/1999/xhtml">NOPASSWD</html:code> and/or <html:code xmlns:html="http://www.w3.org/1999/xhtml">!authenticate</html:code> do not exist in
<html:code xmlns:html="http://www.w3.org/1999/xhtml">/etc/sudoers</html:code> configuration file or any sudo configuration snippets
in <html:code xmlns:html="http://www.w3.org/1999/xhtml">/etc/sudoers.d/</html:code>."</description>
          <reference href="https://www.cisecurity.org/controls/">1</reference>
          <reference href="https://www.cisecurity.org/controls/">12</reference>
          <reference href="https://www.cisecurity.org/controls/">15</reference>
          <reference href="https://www.cisecurity.org/controls/">16</reference>
          <reference href="https://www.cisecurity.org/controls/">5</reference>
          <reference href="https://www.isaca.org/resources/cobit">DSS05.04</reference>
          <reference href="https://www.isaca.org/resources/cobit">DSS05.10</reference>
          <reference href="https://www.isaca.org/resources/cobit">DSS06.03</reference>
          <reference href="https://www.isaca.org/resources/cobit">DSS06.10</reference>
          <reference href="https://public.cyber.mil/stigs/cci/">CCI-002038</reference>
          <reference href="https://public.cyber.mil/stigs/cci/">CCI-004895</reference>
          <reference href="https://www.isa.org/products/isa-62443-2-1-2009-security-for-industrial-automat">4.3.3.5.1</reference>
          <reference href="https://www.isa.org/products/isa-62443-2-1-2009-security-for-industrial-automat">4.3.3.6.1</reference>
          <reference href="https://www.isa.org/products/isa-62443-2-1-2009-security-for-industrial-automat">4.3.3.6.2</reference>
          <reference href="https://www.isa.org/products/isa-62443-2-1-2009-security-for-industrial-automat">4.3.3.6.3</reference>
          <reference href="https://www.isa.org/products/isa-62443-2-1-2009-security-for-industrial-automat">4.3.3.6.4</reference>
          <reference href="https://www.isa.org/products/isa-62443-2-1-2009-security-for-industrial-automat">4.3.3.6.5</reference>
          <reference href="https://www.isa.org/products/isa-62443-2-1-2009-security-for-industrial-automat">4.3.3.6.6</reference>
          <reference href="https://www.isa.org/products/isa-62443-2-1-2009-security-for-industrial-automat">4.3.3.6.7</reference>
          <reference href="https://www.isa.org/products/isa-62443-2-1-2009-security-for-industrial-automat">4.3.3.6.8</reference>
          <reference href="https://www.isa.org/products/isa-62443-2-1-2009-security-for-industrial-automat">4.3.3.6.9</reference>
          <reference href="https://www.isa.org/products/ansi-isa-62443-3-3-99-03-03-2013-security-for-indu">SR 1.1</reference>
          <reference href="https://www.isa.org/products/ansi-isa-62443-3-3-99-03-03-2013-security-for-indu">SR 1.10</reference>
          <reference href="https://www.isa.org/products/ansi-isa-62443-3-3-99-03-03-2013-security-for-indu">SR 1.2</reference>
          <reference href="https://www.isa.org/products/ansi-isa-62443-3-3-99-03-03-2013-security-for-indu">SR 1.3</reference>
          <reference href="https://www.isa.org/products/ansi-isa-62443-3-3-99-03-03-2013-security-for-indu">SR 1.4</reference>
          <reference href="https://www.isa.org/products/ansi-isa-62443-3-3-99-03-03-2013-security-for-indu">SR 1.5</reference>
          <reference href="https://www.isa.org/products/ansi-isa-62443-3-3-99-03-03-2013-security-for-indu">SR 1.7</reference>
          <reference href="https://www.isa.org/products/ansi-isa-62443-3-3-99-03-03-2013-security-for-indu">SR 1.8</reference>
          <reference href="https://www.isa.org/products/ansi-isa-62443-3-3-99-03-03-2013-security-for-indu">SR 1.9</reference>
          <reference href="https://www.iso.org/contents/data/standard/05/45/54534.html">A.18.1.4</reference>
          <reference href="https://www.iso.org/contents/data/standard/05/45/54534.html">A.9.2.1</reference>
          <reference href="https://www.iso.org/contents/data/standard/05/45/54534.html">A.9.2.2</reference>
          <reference href="https://www.iso.org/contents/data/standard/05/45/54534.html">A.9.2.3</reference>
          <reference href="https://www.iso.org/contents/data/standard/05/45/54534.html">A.9.2.4</reference>
          <reference href="https://www.iso.org/contents/data/standard/05/45/54534.html">A.9.2.6</reference>
          <reference href="https://www.iso.org/contents/data/standard/05/45/54534.html">A.9.3.1</reference>
          <reference href="https://www.iso.org/contents/data/standard/05/45/54534.html">A.9.4.2</reference>
          <reference href="https://www.iso.org/contents/data/standard/05/45/54534.html">A.9.4.3</reference>
          <reference href="http://nvlpubs.nist.gov/nistpubs/SpecialPublications/NIST.SP.800-53r4.pdf">IA-11</reference>
          <reference href="http://nvlpubs.nist.gov/nistpubs/SpecialPublications/NIST.SP.800-53r4.pdf">CM-6(a)</reference>
          <reference href="https://nvlpubs.nist.gov/nistpubs/CSWP/NIST.CSWP.04162018.pdf">PR.AC-1</reference>
          <reference href="https://nvlpubs.nist.gov/nistpubs/CSWP/NIST.CSWP.04162018.pdf">PR.AC-7</reference>
          <reference href="https://public.cyber.mil/stigs/downloads/?_dl_facet_stigs=operating-systems%2Cgeneral-purpose-os">SRG-OS-000373-GPOS-00156</reference>
          <reference href="https://www.cisecurity.org/benchmark/ubuntu_linux/">5.2.4</reference>
          <reference href="https://docs-prv.pcisecuritystandards.org/PCI%20DSS/Standard/PCI-DSS-v4_0.pdf">2.2.6</reference>
          <reference href="https://docs-prv.pcisecuritystandards.org/PCI%20DSS/Standard/PCI-DSS-v4_0.pdf">2.2</reference>
          <rationale xmlns:xhtml="http://www.w3.org/1999/xhtml" xml:lang="en-US">Without re-authentication, users may access resources or perform tasks for which they
do not have authorization.
<html:br xmlns:html="http://www.w3.org/1999/xhtml"/>
        <html:br xmlns:html="http://www.w3.org/1999/xhtml"/>
When operating systems provide the capability to escalate a functional capability, it
is critical that the user re-authenticate.</rationale>
          <fix xmlns:xhtml="http://www.w3.org/1999/xhtml" id="sudo_require_authentication" system="urn:xccdf:fix:script:ansible" complexity="low" disruption="low" strategy="restrict">- name: Find /etc/sudoers.d/ files
  ansible.builtin.find:
    paths:
    - /etc/sudoers.d/
  register: sudoers
  tags:
  - NIST-800-53-CM-6(a)
  - NIST-800-53-IA-11
  - PCI-DSSv4-2.2
  - PCI-DSSv4-2.2.6
  - low_complexity
  - low_disruption
  - medium_severity
  - no_reboot_needed
  - restrict_strategy
  - sudo_require_authentication

- name: Remove lines containing NOPASSWD from sudoers files
  ansible.builtin.replace:
    regexp: (^(?!#).*[\s]+NOPASSWD[\s]*\:.*$)
    replace: '# \g&lt;1&gt;'
    path: '{{ item.path }}'
    validate: /usr/sbin/visudo -cf %s
  with_items:
  - path: /etc/sudoers
  - '{{ sudoers.files }}'
  tags:
  - NIST-800-53-CM-6(a)
  - NIST-800-53-IA-11
  - PCI-DSSv4-2.2
  - PCI-DSSv4-2.2.6
  - low_complexity
  - low_disruption
  - medium_severity
  - no_reboot_needed
  - restrict_strategy
  - sudo_require_authentication

- name: Find /etc/sudoers.d/ files
  ansible.builtin.find:
    paths:
    - /etc/sudoers.d/
  register: sudoers
  tags:
  - NIST-800-53-CM-6(a)
  - NIST-800-53-IA-11
  - PCI-DSSv4-2.2
  - PCI-DSSv4-2.2.6
  - low_complexity
  - low_disruption
  - medium_severity
  - no_reboot_needed
  - restrict_strategy
  - sudo_require_authentication

- name: Remove lines containing !authenticate from sudoers files
  ansible.builtin.replace:
    regexp: (^(?!#).*[\s]+\!authenticate.*$)
    replace: '# \g&lt;1&gt;'
    path: '{{ item.path }}'
    validate: /usr/sbin/visudo -cf %s
  with_items:
  - path: /etc/sudoers
  - '{{ sudoers.files }}'
  tags:
  - NIST-800-53-CM-6(a)
  - NIST-800-53-IA-11
  - PCI-DSSv4-2.2
  - PCI-DSSv4-2.2.6
  - low_complexity
  - low_disruption
  - medium_severity
  - no_reboot_needed
  - restrict_strategy
  - sudo_require_authentication
</fix>
          <fix xmlns:xhtml="http://www.w3.org/1999/xhtml" id="sudo_require_authentication" system="urn:xccdf:fix:script:sh" complexity="low" disruption="low" strategy="restrict">
for f in /etc/sudoers /etc/sudoers.d/* ; do
  if [ ! -e "$f" ] ; then
    continue
  fi
  matching_list=$(grep -P '^(?!#).*[\s]+NOPASSWD[\s]*\:.*$' $f | uniq )
  if ! test -z "$matching_list"; then
    while IFS= read -r entry; do
      # comment out "NOPASSWD" matches to preserve user data
      sed -i "s/^${entry}$/# &amp;/g" $f
    done &lt;&lt;&lt; "$matching_list"

    /usr/sbin/visudo -cf $f &amp;&gt; /dev/null || echo "Fail to validate $f with visudo"
  fi
done

for f in /etc/sudoers /etc/sudoers.d/* ; do
  if [ ! -e "$f" ] ; then
    continue
  fi
  matching_list=$(grep -P '^(?!#).*[\s]+\!authenticate.*$' $f | uniq )
  if ! test -z "$matching_list"; then
    while IFS= read -r entry; do
      # comment out "!authenticate" matches to preserve user data
      sed -i "s/^${entry}$/# &amp;/g" $f
    done &lt;&lt;&lt; "$matching_list"

    /usr/sbin/visudo -cf $f &amp;&gt; /dev/null || echo "Fail to validate $f with visudo"
  fi
done
</fix>
          <check system="http://oval.mitre.org/XMLSchema/oval-definitions-5">
            <check-content-ref name="oval:ssg-sudo_require_authentication:def:1" href="ssg-ubuntu2404-oval.xml"/>
          </check>
          <check system="http://scap.nist.gov/schema/ocil/2">
            <check-content-ref name="ocil:ssg-sudo_require_authentication_ocil:questionnaire:1" href="ssg-ubuntu2404-ocil.xml"/>
          </check>
        </Rule>
        <Rule id="xccdf_org.ssgproject.content_rule_sudo_require_reauthentication" selected="false" role="full" severity="medium">
          <title xmlns:xhtml="http://www.w3.org/1999/xhtml" xml:lang="en-US">Require Re-Authentication When Using the sudo Command</title>
          <description xmlns:xhtml="http://www.w3.org/1999/xhtml" xml:lang="en-US">The sudo <html:code xmlns:html="http://www.w3.org/1999/xhtml">timestamp_timeout</html:code> tag sets the amount of time sudo password prompt waits.
The default <html:code xmlns:html="http://www.w3.org/1999/xhtml">timestamp_timeout</html:code> value is 5 minutes.
The timestamp_timeout should be configured by making sure that the
<html:code xmlns:html="http://www.w3.org/1999/xhtml">timestamp_timeout</html:code> tag exists in
<html:code xmlns:html="http://www.w3.org/1999/xhtml">/etc/sudoers</html:code> configuration file or any sudo configuration snippets
in <html:code xmlns:html="http://www.w3.org/1999/xhtml">/etc/sudoers.d/</html:code>.
If the value is set to an integer less than 0, the user's time stamp will not expire
and the user will not have to re-authenticate for privileged actions until the user's session is terminated.</description>
          <reference href="https://public.cyber.mil/stigs/cci/">CCI-004895</reference>
          <reference href="http://nvlpubs.nist.gov/nistpubs/SpecialPublications/NIST.SP.800-53r4.pdf">IA-11</reference>
          <reference href="https://public.cyber.mil/stigs/downloads/?_dl_facet_stigs=operating-systems%2Cgeneral-purpose-os">SRG-OS-000373-GPOS-00156</reference>
          <reference href="https://public.cyber.mil/stigs/downloads/?_dl_facet_stigs=operating-systems%2Cgeneral-purpose-os">SRG-OS-000373-GPOS-00157</reference>
          <reference href="https://public.cyber.mil/stigs/downloads/?_dl_facet_stigs=operating-systems%2Cgeneral-purpose-os">SRG-OS-000373-GPOS-00158</reference>
          <reference href="https://www.cisecurity.org/benchmark/ubuntu_linux/">5.2.6</reference>
          <reference href="https://docs-prv.pcisecuritystandards.org/PCI%20DSS/Standard/PCI-DSS-v4_0.pdf">2.2.6</reference>
          <reference href="https://docs-prv.pcisecuritystandards.org/PCI%20DSS/Standard/PCI-DSS-v4_0.pdf">2.2</reference>
          <rationale xmlns:xhtml="http://www.w3.org/1999/xhtml" xml:lang="en-US">Without re-authentication, users may access resources or perform tasks for which they
do not have authorization.
<html:br xmlns:html="http://www.w3.org/1999/xhtml"/>
        <html:br xmlns:html="http://www.w3.org/1999/xhtml"/>
When operating systems provide the capability to escalate a functional capability, it
is critical that the user re-authenticate.</rationale>
          <platform idref="#package_sudo"/>
          <fix xmlns:xhtml="http://www.w3.org/1999/xhtml" id="sudo_require_reauthentication" system="urn:xccdf:fix:script:ansible" complexity="low" disruption="low" strategy="restrict">- name: Gather the package facts
  package_facts:
    manager: auto
  tags:
  - NIST-800-53-IA-11
  - PCI-DSSv4-2.2
  - PCI-DSSv4-2.2.6
  - low_complexity
  - low_disruption
  - medium_severity
  - no_reboot_needed
  - restrict_strategy
  - sudo_require_reauthentication
- name: XCCDF Value var_sudo_timestamp_timeout # promote to variable
  set_fact:
    var_sudo_timestamp_timeout: !!str <xccdf-1.2:sub xmlns:xccdf-1.2="http://checklists.nist.gov/xccdf/1.2" idref="xccdf_org.ssgproject.content_value_var_sudo_timestamp_timeout" use="legacy"/>
  tags:
    - always

- name: Require Re-Authentication When Using the sudo Command - Find /etc/sudoers.d/*
    files containing 'Defaults timestamp_timeout'
  ansible.builtin.find:
    path: /etc/sudoers.d
    patterns: '*'
    contains: ^[\s]*Defaults\s.*\btimestamp_timeout[\s]*=.*
  register: sudoers_d_defaults_timestamp_timeout
  when: '"sudo" in ansible_facts.packages'
  tags:
  - NIST-800-53-IA-11
  - PCI-DSSv4-2.2
  - PCI-DSSv4-2.2.6
  - low_complexity
  - low_disruption
  - medium_severity
  - no_reboot_needed
  - restrict_strategy
  - sudo_require_reauthentication

- name: Require Re-Authentication When Using the sudo Command - Remove 'Defaults timestamp_timeout'
    from /etc/sudoers.d/* files
  ansible.builtin.lineinfile:
    path: '{{ item.path }}'
    regexp: ^[\s]*Defaults\s.*\btimestamp_timeout[\s]*=.*
    state: absent
  with_items: '{{ sudoers_d_defaults_timestamp_timeout.files }}'
  when: '"sudo" in ansible_facts.packages'
  tags:
  - NIST-800-53-IA-11
  - PCI-DSSv4-2.2
  - PCI-DSSv4-2.2.6
  - low_complexity
  - low_disruption
  - medium_severity
  - no_reboot_needed
  - restrict_strategy
  - sudo_require_reauthentication

- name: Require Re-Authentication When Using the sudo Command - Ensure timestamp_timeout
    has the appropriate value in /etc/sudoers
  ansible.builtin.lineinfile:
    path: /etc/sudoers
    regexp: ^[\s]*Defaults\s(.*)\btimestamp_timeout[\s]*=[\s]*[-]?\w+\b(.*)$
    line: Defaults \1timestamp_timeout={{ var_sudo_timestamp_timeout }}\2
    validate: /usr/sbin/visudo -cf %s
    backrefs: true
  register: edit_sudoers_timestamp_timeout_option
  when: '"sudo" in ansible_facts.packages'
  tags:
  - NIST-800-53-IA-11
  - PCI-DSSv4-2.2
  - PCI-DSSv4-2.2.6
  - low_complexity
  - low_disruption
  - medium_severity
  - no_reboot_needed
  - restrict_strategy
  - sudo_require_reauthentication

- name: Require Re-Authentication When Using the sudo Command - Enable timestamp_timeout
    option with correct value in /etc/sudoers
  ansible.builtin.lineinfile:
    path: /etc/sudoers
    line: Defaults timestamp_timeout={{ var_sudo_timestamp_timeout }}
    validate: /usr/sbin/visudo -cf %s
  when:
  - '"sudo" in ansible_facts.packages'
  - |
    edit_sudoers_timestamp_timeout_option is defined and not edit_sudoers_timestamp_timeout_option.changed
  tags:
  - NIST-800-53-IA-11
  - PCI-DSSv4-2.2
  - PCI-DSSv4-2.2.6
  - low_complexity
  - low_disruption
  - medium_severity
  - no_reboot_needed
  - restrict_strategy
  - sudo_require_reauthentication

- name: Require Re-Authentication When Using the sudo Command - Remove timestamp_timeout
    wrong values in /etc/sudoers
  ansible.builtin.lineinfile:
    path: /etc/sudoers
    regexp: ^[\s]*Defaults\s.*\btimestamp_timeout[\s]*=[\s]*(?!{{ var_sudo_timestamp_timeout
      }}\b)[-]?\w+\b.*$
    state: absent
    validate: /usr/sbin/visudo -cf %s
  when: '"sudo" in ansible_facts.packages'
  tags:
  - NIST-800-53-IA-11
  - PCI-DSSv4-2.2
  - PCI-DSSv4-2.2.6
  - low_complexity
  - low_disruption
  - medium_severity
  - no_reboot_needed
  - restrict_strategy
  - sudo_require_reauthentication
</fix>
          <fix xmlns:xhtml="http://www.w3.org/1999/xhtml" id="sudo_require_reauthentication" system="urn:xccdf:fix:script:sh" complexity="low" disruption="low" strategy="restrict"># Remediation is applicable only in certain platforms
if dpkg-query --show --showformat='${db:Status-Status}\n' 'sudo' 2&gt;/dev/null | grep -q '^installed'; then

var_sudo_timestamp_timeout='<xccdf-1.2:sub xmlns:xccdf-1.2="http://checklists.nist.gov/xccdf/1.2" idref="xccdf_org.ssgproject.content_value_var_sudo_timestamp_timeout" use="legacy"/>'


if grep -Px '^[\s]*Defaults.*timestamp_timeout[\s]*=.*' /etc/sudoers.d/*; then
    find /etc/sudoers.d/ -type f -exec sed -Ei "/^[[:blank:]]*Defaults.*timestamp_timeout[[:blank:]]*=.*/d" {} \;
fi

if /usr/sbin/visudo -qcf /etc/sudoers; then
    cp /etc/sudoers /etc/sudoers.bak
    if ! grep -P '^[\s]*Defaults.*timestamp_timeout[\s]*=[\s]*[-]?\w+.*$' /etc/sudoers; then
        # sudoers file doesn't define Option timestamp_timeout
        echo "Defaults timestamp_timeout=${var_sudo_timestamp_timeout}" &gt;&gt; /etc/sudoers
    else
        # sudoers file defines Option timestamp_timeout, remediate wrong values if present
        if grep -qP "^[\s]*Defaults\s.*\btimestamp_timeout[\s]*=[\s]*(?!${var_sudo_timestamp_timeout}\b)[-]?\w+\b.*$" /etc/sudoers; then
            sed -Ei "s/(^[[:blank:]]*Defaults.*timestamp_timeout[[:blank:]]*=)[[:blank:]]*[-]?\w+(.*$)/\1${var_sudo_timestamp_timeout}\2/" /etc/sudoers
        fi
    fi
    
    # Check validity of sudoers and cleanup bak
    if /usr/sbin/visudo -qcf /etc/sudoers; then
        rm -f /etc/sudoers.bak
    else
        echo "Fail to validate remediated /etc/sudoers, reverting to original file."
        mv /etc/sudoers.bak /etc/sudoers
        false
    fi
else
    echo "Skipping remediation, /etc/sudoers failed to validate"
    false
fi

else
    &gt;&amp;2 echo 'Remediation is not applicable, nothing was done'
fi
</fix>
          <check system="http://oval.mitre.org/XMLSchema/oval-definitions-5">
            <check-content-ref name="oval:ssg-sudo_require_reauthentication:def:1" href="ssg-ubuntu2404-oval.xml"/>
          </check>
          <check system="http://scap.nist.gov/schema/ocil/2">
            <check-content-ref name="ocil:ssg-sudo_require_reauthentication_ocil:questionnaire:1" href="ssg-ubuntu2404-ocil.xml"/>
          </check>
        </Rule>
      </Group>
    </Group>
    <Group id="xccdf_org.ssgproject.content_group_accounts">
      <title xmlns:xhtml="http://www.w3.org/1999/xhtml" xml:lang="en-US">Account and Access Control</title>
      <description xmlns:xhtml="http://www.w3.org/1999/xhtml" xml:lang="en-US">In traditional Unix security, if an attacker gains
shell access to a certain login account, they can perform any action
or access any file to which that account has access. Therefore,
making it more difficult for unauthorized people to gain shell
access to accounts, particularly to privileged accounts, is a
necessary part of securing a system. This section introduces
mechanisms for restricting access to accounts under
Ubuntu 24.04.</description>
      <Group id="xccdf_org.ssgproject.content_group_accounts-banners">
        <title xmlns:xhtml="http://www.w3.org/1999/xhtml" xml:lang="en-US">Warning Banners for System Accesses</title>
        <description xmlns:xhtml="http://www.w3.org/1999/xhtml" xml:lang="en-US">Each system should expose as little information about
itself as possible.
<html:br xmlns:html="http://www.w3.org/1999/xhtml"/>
       <html:br xmlns:html="http://www.w3.org/1999/xhtml"/>
System banners, which are typically displayed just before a
login prompt, give out information about the service or the host's
operating system. This might include the distribution name and the
system kernel version, and the particular version of a network
service. This information can assist intruders in gaining access to
the system as it can reveal whether the system is running
vulnerable software. Most network services can be configured to
limit what information is displayed.
<html:br xmlns:html="http://www.w3.org/1999/xhtml"/>
       <html:br xmlns:html="http://www.w3.org/1999/xhtml"/>
Many organizations implement security policies that require a
system banner provide notice of the system's ownership, provide
warning to unauthorized users, and remind authorized users of their
consent to monitoring.</description>
        <Value id="xccdf_org.ssgproject.content_value_cis_banner_text" type="string" interactive="true">
          <title xmlns:xhtml="http://www.w3.org/1999/xhtml" xml:lang="en-US">CIS Login Banner Verbiage</title>
          <description xmlns:xhtml="http://www.w3.org/1999/xhtml" xml:lang="en-US">Enter an appropriate login banner for your organization according to the local policy.</description>
          <value>Authorized users only. All activity may be monitored and reported.</value>
          <value selector="cis">Authorized users only. All activity may be monitored and reported.</value>
        </Value>
        <Value id="xccdf_org.ssgproject.content_value_login_banner_text" type="string">
          <title xmlns:xhtml="http://www.w3.org/1999/xhtml" xml:lang="en-US">Login Banner Verbiage</title>
          <description xmlns:xhtml="http://www.w3.org/1999/xhtml" xml:lang="en-US">Enter an appropriate login banner for your organization. Please note that new lines must
be expressed by the '\n' character and special characters like parentheses and quotation marks must be escaped with '\\'.</description>
          <value selector="cis_banners">^(Authorized[\s\n]+users[\s\n]+only\.[\s\n]+All[\s\n]+activity[\s\n]+may[\s\n]+be[\s\n]+monitored[\s\n]+and[\s\n]+reported\.|^(?!.*(\\|fedora|rhel|sle|ubuntu)).*)$</value>
          <value selector="cis_default">^Authorized[\s\n]+users[\s\n]+only\.[\s\n]+All[\s\n]+activity[\s\n]+may[\s\n]+be[\s\n]+monitored[\s\n]+and[\s\n]+reported\.$</value>
          <value selector="dod_banners">^(You[\s\n]+are[\s\n]+accessing[\s\n]+a[\s\n]+U\.S\.[\s\n]+Government[\s\n]+\(USG\)[\s\n]+Information[\s\n]+System[\s\n]+\(IS\)[\s\n]+that[\s\n]+is[\s\n]+provided[\s\n]+for[\s\n]+USG\-authorized[\s\n]+use[\s\n]+only\.[\s\n]+By[\s\n]+using[\s\n]+this[\s\n]+IS[\s\n]+\(which[\s\n]+includes[\s\n]+any[\s\n]+device[\s\n]+attached[\s\n]+to[\s\n]+this[\s\n]+IS\),[\s\n]+you[\s\n]+consent[\s\n]+to[\s\n]+the[\s\n]+following[\s\n]+conditions\:(?:[\n]+|(?:\\n)+)\-The[\s\n]+USG[\s\n]+routinely[\s\n]+intercepts[\s\n]+and[\s\n]+monitors[\s\n]+communications[\s\n]+on[\s\n]+this[\s\n]+IS[\s\n]+for[\s\n]+purposes[\s\n]+including,[\s\n]+but[\s\n]+not[\s\n]+limited[\s\n]+to,[\s\n]+penetration[\s\n]+testing,[\s\n]+COMSEC[\s\n]+monitoring,[\s\n]+network[\s\n]+operations[\s\n]+and[\s\n]+defense,[\s\n]+personnel[\s\n]+misconduct[\s\n]+\(PM\),[\s\n]+law[\s\n]+enforcement[\s\n]+\(LE\),[\s\n]+and[\s\n]+counterintelligence[\s\n]+\(CI\)[\s\n]+investigations\.(?:[\n]+|(?:\\n)+)\-At[\s\n]+any[\s\n]+time,[\s\n]+the[\s\n]+USG[\s\n]+may[\s\n]+inspect[\s\n]+and[\s\n]+seize[\s\n]+data[\s\n]+stored[\s\n]+on[\s\n]+this[\s\n]+IS\.(?:[\n]+|(?:\\n)+)\-Communications[\s\n]+using,[\s\n]+or[\s\n]+data[\s\n]+stored[\s\n]+on,[\s\n]+this[\s\n]+IS[\s\n]+are[\s\n]+not[\s\n]+private,[\s\n]+are[\s\n]+subject[\s\n]+to[\s\n]+routine[\s\n]+monitoring,[\s\n]+interception,[\s\n]+and[\s\n]+search,[\s\n]+and[\s\n]+may[\s\n]+be[\s\n]+disclosed[\s\n]+or[\s\n]+used[\s\n]+for[\s\n]+any[\s\n]+USG\-authorized[\s\n]+purpose\.(?:[\n]+|(?:\\n)+)\-This[\s\n]+IS[\s\n]+includes[\s\n]+security[\s\n]+measures[\s\n]+\(e\.g\.,[\s\n]+authentication[\s\n]+and[\s\n]+access[\s\n]+controls\)[\s\n]+to[\s\n]+protect[\s\n]+USG[\s\n]+interests\-\-not[\s\n]+for[\s\n]+your[\s\n]+personal[\s\n]+benefit[\s\n]+or[\s\n]+privacy\.(?:[\n]+|(?:\\n)+)\-Notwithstanding[\s\n]+the[\s\n]+above,[\s\n]+using[\s\n]+this[\s\n]+IS[\s\n]+does[\s\n]+not[\s\n]+constitute[\s\n]+consent[\s\n]+to[\s\n]+PM,[\s\n]+LE[\s\n]+or[\s\n]+CI[\s\n]+investigative[\s\n]+searching[\s\n]+or[\s\n]+monitoring[\s\n]+of[\s\n]+the[\s\n]+content[\s\n]+of[\s\n]+privileged[\s\n]+communications,[\s\n]+or[\s\n]+work[\s\n]+product,[\s\n]+related[\s\n]+to[\s\n]+personal[\s\n]+representation[\s\n]+or[\s\n]+services[\s\n]+by[\s\n]+attorneys,[\s\n]+psychotherapists,[\s\n]+or[\s\n]+clergy,[\s\n]+and[\s\n]+their[\s\n]+assistants\.[\s\n]+Such[\s\n]+communications[\s\n]+and[\s\n]+work[\s\n]+product[\s\n]+are[\s\n]+private[\s\n]+and[\s\n]+confidential\.[\s\n]+See[\s\n]+User[\s\n]+Agreement[\s\n]+for[\s\n]+details\.|I've[\s\n]+read[\s\n]+\&amp;[\s\n]+consent[\s\n]+to[\s\n]+terms[\s\n]+in[\s\n]+IS[\s\n]+user[\s\n]+agreem't\.)$</value>
          <value selector="dod_default">^You[\s\n]+are[\s\n]+accessing[\s\n]+a[\s\n]+U\.S\.[\s\n]+Government[\s\n]+\(USG\)[\s\n]+Information[\s\n]+System[\s\n]+\(IS\)[\s\n]+that[\s\n]+is[\s\n]+provided[\s\n]+for[\s\n]+USG\-authorized[\s\n]+use[\s\n]+only\.[\s\n]+By[\s\n]+using[\s\n]+this[\s\n]+IS[\s\n]+\(which[\s\n]+includes[\s\n]+any[\s\n]+device[\s\n]+attached[\s\n]+to[\s\n]+this[\s\n]+IS\),[\s\n]+you[\s\n]+consent[\s\n]+to[\s\n]+the[\s\n]+following[\s\n]+conditions\:(?:[\n]+|(?:\\n)+)\-The[\s\n]+USG[\s\n]+routinely[\s\n]+intercepts[\s\n]+and[\s\n]+monitors[\s\n]+communications[\s\n]+on[\s\n]+this[\s\n]+IS[\s\n]+for[\s\n]+purposes[\s\n]+including,[\s\n]+but[\s\n]+not[\s\n]+limited[\s\n]+to,[\s\n]+penetration[\s\n]+testing,[\s\n]+COMSEC[\s\n]+monitoring,[\s\n]+network[\s\n]+operations[\s\n]+and[\s\n]+defense,[\s\n]+personnel[\s\n]+misconduct[\s\n]+\(PM\),[\s\n]+law[\s\n]+enforcement[\s\n]+\(LE\),[\s\n]+and[\s\n]+counterintelligence[\s\n]+\(CI\)[\s\n]+investigations\.(?:[\n]+|(?:\\n)+)\-At[\s\n]+any[\s\n]+time,[\s\n]+the[\s\n]+USG[\s\n]+may[\s\n]+inspect[\s\n]+and[\s\n]+seize[\s\n]+data[\s\n]+stored[\s\n]+on[\s\n]+this[\s\n]+IS\.(?:[\n]+|(?:\\n)+)\-Communications[\s\n]+using,[\s\n]+or[\s\n]+data[\s\n]+stored[\s\n]+on,[\s\n]+this[\s\n]+IS[\s\n]+are[\s\n]+not[\s\n]+private,[\s\n]+are[\s\n]+subject[\s\n]+to[\s\n]+routine[\s\n]+monitoring,[\s\n]+interception,[\s\n]+and[\s\n]+search,[\s\n]+and[\s\n]+may[\s\n]+be[\s\n]+disclosed[\s\n]+or[\s\n]+used[\s\n]+for[\s\n]+any[\s\n]+USG\-authorized[\s\n]+purpose\.(?:[\n]+|(?:\\n)+)\-This[\s\n]+IS[\s\n]+includes[\s\n]+security[\s\n]+measures[\s\n]+\(e\.g\.,[\s\n]+authentication[\s\n]+and[\s\n]+access[\s\n]+controls\)[\s\n]+to[\s\n]+protect[\s\n]+USG[\s\n]+interests\-\-not[\s\n]+for[\s\n]+your[\s\n]+personal[\s\n]+benefit[\s\n]+or[\s\n]+privacy\.(?:[\n]+|(?:\\n)+)\-Notwithstanding[\s\n]+the[\s\n]+above,[\s\n]+using[\s\n]+this[\s\n]+IS[\s\n]+does[\s\n]+not[\s\n]+constitute[\s\n]+consent[\s\n]+to[\s\n]+PM,[\s\n]+LE[\s\n]+or[\s\n]+CI[\s\n]+investigative[\s\n]+searching[\s\n]+or[\s\n]+monitoring[\s\n]+of[\s\n]+the[\s\n]+content[\s\n]+of[\s\n]+privileged[\s\n]+communications,[\s\n]+or[\s\n]+work[\s\n]+product,[\s\n]+related[\s\n]+to[\s\n]+personal[\s\n]+representation[\s\n]+or[\s\n]+services[\s\n]+by[\s\n]+attorneys,[\s\n]+psychotherapists,[\s\n]+or[\s\n]+clergy,[\s\n]+and[\s\n]+their[\s\n]+assistants\.[\s\n]+Such[\s\n]+communications[\s\n]+and[\s\n]+work[\s\n]+product[\s\n]+are[\s\n]+private[\s\n]+and[\s\n]+confidential\.[\s\n]+See[\s\n]+User[\s\n]+Agreement[\s\n]+for[\s\n]+details\.$</value>
          <value selector="dod_short">^I've[\s\n]+read[\s\n]+\&amp;[\s\n]+consent[\s\n]+to[\s\n]+terms[\s\n]+in[\s\n]+IS[\s\n]+user[\s\n]+agreem't\.$</value>
          <value selector="dss_odaa_default">^Use[\s\n]+of[\s\n]+this[\s\n]+or[\s\n]+any[\s\n]+other[\s\n]+DoD[\s\n]+interest[\s\n]+computer[\s\n]+system[\s\n]+constitutes[\s\n]+consent[\s\n]+to[\s\n]+monitoring[\s\n]+at[\s\n]+all[\s\n]+times\.[\s\n]+This[\s\n]+is[\s\n]+a[\s\n]+DoD[\s\n]+interest[\s\n]+computer[\s\n]+system\.[\s\n]+All[\s\n]+DoD[\s\n]+interest[\s\n]+computer[\s\n]+systems[\s\n]+and[\s\n]+related[\s\n]+equipment[\s\n]+are[\s\n]+intended[\s\n]+for[\s\n]+the[\s\n]+communication,[\s\n]+transmission,[\s\n]+processing,[\s\n]+and[\s\n]+storage[\s\n]+of[\s\n]+official[\s\n]+U\.S\.[\s\n]+Government[\s\n]+or[\s\n]+other[\s\n]+authorized[\s\n]+information[\s\n]+only\.[\s\n]+All[\s\n]+DoD[\s\n]+interest[\s\n]+computer[\s\n]+systems[\s\n]+are[\s\n]+subject[\s\n]+to[\s\n]+monitoring[\s\n]+at[\s\n]+all[\s\n]+times[\s\n]+to[\s\n]+ensure[\s\n]+proper[\s\n]+functioning[\s\n]+of[\s\n]+equipment[\s\n]+and[\s\n]+systems[\s\n]+including[\s\n]+security[\s\n]+devices[\s\n]+and[\s\n]+systems,[\s\n]+to[\s\n]+prevent[\s\n]+unauthorized[\s\n]+use[\s\n]+and[\s\n]+violations[\s\n]+of[\s\n]+statutes[\s\n]+and[\s\n]+security[\s\n]+regulations,[\s\n]+to[\s\n]+deter[\s\n]+criminal[\s\n]+activity,[\s\n]+and[\s\n]+for[\s\n]+other[\s\n]+similar[\s\n]+purposes\.[\s\n]+Any[\s\n]+user[\s\n]+of[\s\n]+a[\s\n]+DoD[\s\n]+interest[\s\n]+computer[\s\n]+system[\s\n]+should[\s\n]+be[\s\n]+aware[\s\n]+that[\s\n]+any[\s\n]+information[\s\n]+placed[\s\n]+in[\s\n]+the[\s\n]+system[\s\n]+is[\s\n]+subject[\s\n]+to[\s\n]+monitoring[\s\n]+and[\s\n]+is[\s\n]+not[\s\n]+subject[\s\n]+to[\s\n]+any[\s\n]+expectation[\s\n]+of[\s\n]+privacy\.[\s\n]+If[\s\n]+monitoring[\s\n]+of[\s\n]+this[\s\n]+or[\s\n]+any[\s\n]+other[\s\n]+DoD[\s\n]+interest[\s\n]+computer[\s\n]+system[\s\n]+reveals[\s\n]+possible[\s\n]+evidence[\s\n]+of[\s\n]+violation[\s\n]+of[\s\n]+criminal[\s\n]+statutes,[\s\n]+this[\s\n]+evidence[\s\n]+and[\s\n]+any[\s\n]+other[\s\n]+related[\s\n]+information,[\s\n]+including[\s\n]+identification[\s\n]+information[\s\n]+about[\s\n]+the[\s\n]+user,[\s\n]+may[\s\n]+be[\s\n]+provided[\s\n]+to[\s\n]+law[\s\n]+enforcement[\s\n]+officials\.[\s\n]+If[\s\n]+monitoring[\s\n]+of[\s\n]+this[\s\n]+or[\s\n]+any[\s\n]+other[\s\n]+DoD[\s\n]+interest[\s\n]+computer[\s\n]+systems[\s\n]+reveals[\s\n]+violations[\s\n]+of[\s\n]+security[\s\n]+regulations[\s\n]+or[\s\n]+unauthorized[\s\n]+use,[\s\n]+employees[\s\n]+who[\s\n]+violate[\s\n]+security[\s\n]+regulations[\s\n]+or[\s\n]+make[\s\n]+unauthorized[\s\n]+use[\s\n]+of[\s\n]+DoD[\s\n]+interest[\s\n]+computer[\s\n]+systems[\s\n]+are[\s\n]+subject[\s\n]+to[\s\n]+appropriate[\s\n]+disciplinary[\s\n]+action\.[\s\n]+Use[\s\n]+of[\s\n]+this[\s\n]+or[\s\n]+any[\s\n]+other[\s\n]+DoD[\s\n]+interest[\s\n]+computer[\s\n]+system[\s\n]+constitutes[\s\n]+consent[\s\n]+to[\s\n]+monitoring[\s\n]+at[\s\n]+all[\s\n]+times\.$</value>
          <value selector="usgcb_default">^\-\-[\s\n]+WARNING[\s\n]+\-\-[\s\n]+This[\s\n]+system[\s\n]+is[\s\n]+for[\s\n]+the[\s\n]+use[\s\n]+of[\s\n]+authorized[\s\n]+users[\s\n]+only\.[\s\n]+Individuals[\s\n]+using[\s\n]+this[\s\n]+computer[\s\n]+system[\s\n]+without[\s\n]+authority[\s\n]+or[\s\n]+in[\s\n]+excess[\s\n]+of[\s\n]+their[\s\n]+authority[\s\n]+are[\s\n]+subject[\s\n]+to[\s\n]+having[\s\n]+all[\s\n]+their[\s\n]+activities[\s\n]+on[\s\n]+this[\s\n]+system[\s\n]+monitored[\s\n]+and[\s\n]+recorded[\s\n]+by[\s\n]+system[\s\n]+personnel\.[\s\n]+Anyone[\s\n]+using[\s\n]+this[\s\n]+system[\s\n]+expressly[\s\n]+consents[\s\n]+to[\s\n]+such[\s\n]+monitoring[\s\n]+and[\s\n]+is[\s\n]+advised[\s\n]+that[\s\n]+if[\s\n]+such[\s\n]+monitoring[\s\n]+reveals[\s\n]+possible[\s\n]+evidence[\s\n]+of[\s\n]+criminal[\s\n]+activity[\s\n]+system[\s\n]+personal[\s\n]+may[\s\n]+provide[\s\n]+the[\s\n]+evidence[\s\n]+of[\s\n]+such[\s\n]+monitoring[\s\n]+to[\s\n]+law[\s\n]+enforcement[\s\n]+officials\.$</value>
          <value>^Authorized[\s\n]+users[\s\n]+only\.[\s\n]+All[\s\n]+activity[\s\n]+may[\s\n]+be[\s\n]+monitored[\s\n]+and[\s\n]+reported\.$</value>
        </Value>
        <Rule id="xccdf_org.ssgproject.content_rule_banner_etc_issue_cis" selected="false" role="full" severity="medium">
          <title xmlns:xhtml="http://www.w3.org/1999/xhtml" xml:lang="en-US">Ensure Local Login Warning Banner Is Configured Properly</title>
          <description xmlns:xhtml="http://www.w3.org/1999/xhtml" xml:lang="en-US">To configure the system local login warning banner edit the <html:code xmlns:html="http://www.w3.org/1999/xhtml">/etc/issue</html:code> file.
The contents of this file is displayed to users prior to login to local terminals.
Replace the default text with a message compliant with the local site policy.
The message should not contain information about operating system version,
release, kernel version or patch level.

The recommended banner text can be tailored in the XCCDF Value <html:code xmlns:html="http://www.w3.org/1999/xhtml">xccdf_org.ssgproject.content_value_cis_banner_text</html:code>:
<html:pre xmlns:html="http://www.w3.org/1999/xhtml" xmlns:xccdf-1.2="http://checklists.nist.gov/xccdf/1.2"><xccdf-1.2:sub idref="xccdf_org.ssgproject.content_value_cis_banner_text" use="legacy"/></html:pre>
       </description>
          <reference href="https://www.cisecurity.org/benchmark/ubuntu_linux/">1.6.2</reference>
          <rationale xmlns:xhtml="http://www.w3.org/1999/xhtml" xml:lang="en-US">Warning messages inform users who are attempting to login to the system of their legal
status regarding the system and must include the name of the organization that owns
the system and any monitoring policies that are in place. Displaying OS and patch level
information in login banners also has the side effect of providing detailed system
information to attackers attempting to target specific exploits of a system. Authorized
users can easily get this information by running the <html:code xmlns:html="http://www.w3.org/1999/xhtml">uname -a</html:code> command once they
have logged in.</rationale>
          <platform idref="#system_with_kernel"/>
          <fix xmlns:xhtml="http://www.w3.org/1999/xhtml" id="banner_etc_issue_cis" system="urn:xccdf:fix:script:ansible" complexity="low" disruption="low" strategy="restrict">- name: Gather the package facts
  package_facts:
    manager: auto
  tags:
  - banner_etc_issue_cis
  - low_complexity
  - low_disruption
  - medium_severity
  - no_reboot_needed
  - restrict_strategy
- name: XCCDF Value cis_banner_text # promote to variable
  set_fact:
    cis_banner_text: !!str <xccdf-1.2:sub xmlns:xccdf-1.2="http://checklists.nist.gov/xccdf/1.2" idref="xccdf_org.ssgproject.content_value_cis_banner_text" use="legacy"/>
  tags:
    - always

- name: Ensure Local Login Warning Banner Is Configured Properly - Copy using inline
    content
  ansible.builtin.copy:
    content: '{{ cis_banner_text }}'
    dest: /etc/issue
  when: '"linux-base" in ansible_facts.packages'
  tags:
  - banner_etc_issue_cis
  - low_complexity
  - low_disruption
  - medium_severity
  - no_reboot_needed
  - restrict_strategy
</fix>
          <fix xmlns:xhtml="http://www.w3.org/1999/xhtml" id="banner_etc_issue_cis" system="urn:xccdf:fix:script:sh" complexity="low" disruption="low" strategy="restrict"># Remediation is applicable only in certain platforms
if dpkg-query --show --showformat='${db:Status-Status}
' 'linux-base' 2&gt;/dev/null | grep -q ^installed; then

cis_banner_text='<xccdf-1.2:sub xmlns:xccdf-1.2="http://checklists.nist.gov/xccdf/1.2" idref="xccdf_org.ssgproject.content_value_cis_banner_text" use="legacy"/>'

echo "$cis_banner_text" &gt; "/etc/issue"

else
    &gt;&amp;2 echo 'Remediation is not applicable, nothing was done'
fi
</fix>
          <check system="http://oval.mitre.org/XMLSchema/oval-definitions-5">
            <check-content-ref name="oval:ssg-banner_etc_issue_cis:def:1" href="ssg-ubuntu2404-oval.xml"/>
          </check>
          <check system="http://scap.nist.gov/schema/ocil/2">
            <check-content-ref name="ocil:ssg-banner_etc_issue_cis_ocil:questionnaire:1" href="ssg-ubuntu2404-ocil.xml"/>
          </check>
        </Rule>
        <Rule id="xccdf_org.ssgproject.content_rule_banner_etc_issue_net_cis" selected="false" role="full" severity="medium">
          <title xmlns:xhtml="http://www.w3.org/1999/xhtml" xml:lang="en-US">Ensure Remote Login Warning Banner Is Configured Properly</title>
          <description xmlns:xhtml="http://www.w3.org/1999/xhtml" xml:lang="en-US">To configure the system remote login warning banner edit the <html:code xmlns:html="http://www.w3.org/1999/xhtml">/etc/issue.net</html:code> file.
The contents of this file is displayed to users prior to login from remote connections.
Replace the default text with a message compliant with the local site policy.
The message should not contain information about operating system version,
release, kernel version or patch level.

The recommended banner text can be tailored in the XCCDF Value <html:code xmlns:html="http://www.w3.org/1999/xhtml">xccdf_org.ssgproject.content_value_cis_banner_text</html:code>:
<html:pre xmlns:html="http://www.w3.org/1999/xhtml" xmlns:xccdf-1.2="http://checklists.nist.gov/xccdf/1.2"><xccdf-1.2:sub idref="xccdf_org.ssgproject.content_value_cis_banner_text" use="legacy"/></html:pre>
       </description>
          <reference href="https://www.cisecurity.org/benchmark/ubuntu_linux/">1.6.3</reference>
          <rationale xmlns:xhtml="http://www.w3.org/1999/xhtml" xml:lang="en-US">Warning messages inform users who are attempting to login to the system of their legal
status regarding the system and must include the name of the organization that owns
the system and any monitoring policies that are in place. Displaying OS and patch level
information in login banners also has the side effect of providing detailed system
information to attackers attempting to target specific exploits of a system. Authorized
users can easily get this information by running the <html:code xmlns:html="http://www.w3.org/1999/xhtml">uname -a</html:code> command once they
have logged in.</rationale>
          <platform idref="#system_with_kernel"/>
          <fix xmlns:xhtml="http://www.w3.org/1999/xhtml" id="banner_etc_issue_net_cis" system="urn:xccdf:fix:script:ansible" complexity="low" disruption="low" strategy="restrict">- name: Gather the package facts
  package_facts:
    manager: auto
  tags:
  - banner_etc_issue_net_cis
  - low_complexity
  - low_disruption
  - medium_severity
  - no_reboot_needed
  - restrict_strategy
- name: XCCDF Value cis_banner_text # promote to variable
  set_fact:
    cis_banner_text: !!str <xccdf-1.2:sub xmlns:xccdf-1.2="http://checklists.nist.gov/xccdf/1.2" idref="xccdf_org.ssgproject.content_value_cis_banner_text" use="legacy"/>
  tags:
    - always

- name: Ensure Remote Login Warning Banner Is Configured Properly - Copy using inline
    content
  ansible.builtin.copy:
    content: '{{ cis_banner_text }}'
    dest: /etc/issue.net
  when: '"linux-base" in ansible_facts.packages'
  tags:
  - banner_etc_issue_net_cis
  - low_complexity
  - low_disruption
  - medium_severity
  - no_reboot_needed
  - restrict_strategy
</fix>
          <fix xmlns:xhtml="http://www.w3.org/1999/xhtml" id="banner_etc_issue_net_cis" system="urn:xccdf:fix:script:sh" complexity="low" disruption="low" strategy="restrict"># Remediation is applicable only in certain platforms
if dpkg-query --show --showformat='${db:Status-Status}
' 'linux-base' 2&gt;/dev/null | grep -q ^installed; then

cis_banner_text='<xccdf-1.2:sub xmlns:xccdf-1.2="http://checklists.nist.gov/xccdf/1.2" idref="xccdf_org.ssgproject.content_value_cis_banner_text" use="legacy"/>'

echo "$cis_banner_text" &gt; "/etc/issue.net"

else
    &gt;&amp;2 echo 'Remediation is not applicable, nothing was done'
fi
</fix>
          <check system="http://oval.mitre.org/XMLSchema/oval-definitions-5">
            <check-content-ref name="oval:ssg-banner_etc_issue_net_cis:def:1" href="ssg-ubuntu2404-oval.xml"/>
          </check>
          <check system="http://scap.nist.gov/schema/ocil/2">
            <check-content-ref name="ocil:ssg-banner_etc_issue_net_cis_ocil:questionnaire:1" href="ssg-ubuntu2404-ocil.xml"/>
          </check>
        </Rule>
        <Rule id="xccdf_org.ssgproject.content_rule_banner_etc_motd_cis" selected="false" role="full" severity="medium">
          <title xmlns:xhtml="http://www.w3.org/1999/xhtml" xml:lang="en-US">Ensure Message Of The Day Is Configured Properly</title>
          <description xmlns:xhtml="http://www.w3.org/1999/xhtml" xml:lang="en-US">To configure the system message of the day banner edit the <html:code xmlns:html="http://www.w3.org/1999/xhtml">/etc/motd</html:code> file.
Replace the default text with a message compliant with the local site policy.
The message should not contain information about operating system version,
release, kernel version or patch level.

The recommended banner text can be tailored in the XCCDF Value <html:code xmlns:html="http://www.w3.org/1999/xhtml">xccdf_org.ssgproject.content_value_cis_banner_text</html:code>:
<html:pre xmlns:html="http://www.w3.org/1999/xhtml" xmlns:xccdf-1.2="http://checklists.nist.gov/xccdf/1.2"><xccdf-1.2:sub idref="xccdf_org.ssgproject.content_value_cis_banner_text" use="legacy"/></html:pre>
       </description>
          <reference href="https://www.cisecurity.org/benchmark/ubuntu_linux/">1.6.1</reference>
          <rationale xmlns:xhtml="http://www.w3.org/1999/xhtml" xml:lang="en-US">Warning messages inform users who are attempting to login to the system of their legal
status regarding the system and must include the name of the organization that owns
the system and any monitoring policies that are in place. Displaying OS and patch level
information in login banners also has the side effect of providing detailed system
information to attackers attempting to target specific exploits of a system. Authorized
users can easily get this information by running the <html:code xmlns:html="http://www.w3.org/1999/xhtml">uname -a</html:code> command once they
have logged in.</rationale>
          <platform idref="#system_with_kernel"/>
          <fix xmlns:xhtml="http://www.w3.org/1999/xhtml" id="banner_etc_motd_cis" system="urn:xccdf:fix:script:ansible" complexity="low" disruption="low" strategy="restrict">- name: Gather the package facts
  package_facts:
    manager: auto
  tags:
  - banner_etc_motd_cis
  - low_complexity
  - low_disruption
  - medium_severity
  - no_reboot_needed
  - restrict_strategy
- name: XCCDF Value cis_banner_text # promote to variable
  set_fact:
    cis_banner_text: !!str <xccdf-1.2:sub xmlns:xccdf-1.2="http://checklists.nist.gov/xccdf/1.2" idref="xccdf_org.ssgproject.content_value_cis_banner_text" use="legacy"/>
  tags:
    - always

- name: Ensure Message Of The Day Is Configured Properly - Copy using inline content
  ansible.builtin.copy:
    content: '{{ cis_banner_text }}'
    dest: /etc/motd
  when: '"linux-base" in ansible_facts.packages'
  tags:
  - banner_etc_motd_cis
  - low_complexity
  - low_disruption
  - medium_severity
  - no_reboot_needed
  - restrict_strategy
</fix>
          <fix xmlns:xhtml="http://www.w3.org/1999/xhtml" id="banner_etc_motd_cis" system="urn:xccdf:fix:script:sh" complexity="low" disruption="low" strategy="restrict"># Remediation is applicable only in certain platforms
if dpkg-query --show --showformat='${db:Status-Status}
' 'linux-base' 2&gt;/dev/null | grep -q ^installed; then

cis_banner_text='<xccdf-1.2:sub xmlns:xccdf-1.2="http://checklists.nist.gov/xccdf/1.2" idref="xccdf_org.ssgproject.content_value_cis_banner_text" use="legacy"/>'

echo "$cis_banner_text" &gt; "/etc/motd"

else
    &gt;&amp;2 echo 'Remediation is not applicable, nothing was done'
fi
</fix>
          <check system="http://oval.mitre.org/XMLSchema/oval-definitions-5">
            <check-content-ref name="oval:ssg-banner_etc_motd_cis:def:1" href="ssg-ubuntu2404-oval.xml"/>
          </check>
          <check system="http://scap.nist.gov/schema/ocil/2">
            <check-content-ref name="ocil:ssg-banner_etc_motd_cis_ocil:questionnaire:1" href="ssg-ubuntu2404-ocil.xml"/>
          </check>
        </Rule>
        <Rule id="xccdf_org.ssgproject.content_rule_file_groupowner_etc_issue" selected="false" role="full" severity="medium">
          <title xmlns:xhtml="http://www.w3.org/1999/xhtml" xml:lang="en-US">Verify Group Ownership of System Login Banner</title>
          <description xmlns:xhtml="http://www.w3.org/1999/xhtml" xml:lang="en-US">
To properly set the group owner of <html:code xmlns:html="http://www.w3.org/1999/xhtml">/etc/issue</html:code>, run the command:
<html:pre xmlns:html="http://www.w3.org/1999/xhtml">$ sudo chgrp root /etc/issue</html:pre>
       </description>
          <reference href="https://www.cisecurity.org/benchmark/ubuntu_linux/">1.6.5</reference>
          <rationale xmlns:xhtml="http://www.w3.org/1999/xhtml" xml:lang="en-US">Display of a standardized and approved use notification before granting
access to the operating system ensures privacy and security notification
verbiage used is consistent with applicable federal laws, Executive Orders,
directives, policies, regulations, standards, and guidance.<html:br xmlns:html="http://www.w3.org/1999/xhtml"/>
Proper group ownership will ensure that only root user can modify the banner.</rationale>
          <fix xmlns:xhtml="http://www.w3.org/1999/xhtml" id="file_groupowner_etc_issue" system="urn:xccdf:fix:script:ansible" complexity="low" disruption="low" strategy="configure">- name: Test for existence /etc/issue
  stat:
    path: /etc/issue
  register: file_exists
  tags:
  - configure_strategy
  - file_groupowner_etc_issue
  - low_complexity
  - low_disruption
  - medium_severity
  - no_reboot_needed

- name: Ensure group owner 0 on /etc/issue
  file:
    path: /etc/issue
    group: '0'
  when: file_exists.stat is defined and file_exists.stat.exists
  tags:
  - configure_strategy
  - file_groupowner_etc_issue
  - low_complexity
  - low_disruption
  - medium_severity
  - no_reboot_needed
</fix>
          <fix xmlns:xhtml="http://www.w3.org/1999/xhtml" id="file_groupowner_etc_issue" system="urn:xccdf:fix:script:sh" complexity="low" disruption="low" strategy="configure">chgrp 0 /etc/issue
</fix>
          <check system="http://oval.mitre.org/XMLSchema/oval-definitions-5">
            <check-content-ref name="oval:ssg-file_groupowner_etc_issue:def:1" href="ssg-ubuntu2404-oval.xml"/>
          </check>
          <check system="http://scap.nist.gov/schema/ocil/2">
            <check-content-ref name="ocil:ssg-file_groupowner_etc_issue_ocil:questionnaire:1" href="ssg-ubuntu2404-ocil.xml"/>
          </check>
        </Rule>
        <Rule id="xccdf_org.ssgproject.content_rule_file_groupowner_etc_issue_net" selected="false" role="full" severity="medium">
          <title xmlns:xhtml="http://www.w3.org/1999/xhtml" xml:lang="en-US">Verify Group Ownership of System Login Banner for Remote Connections</title>
          <description xmlns:xhtml="http://www.w3.org/1999/xhtml" xml:lang="en-US">
To properly set the group owner of <html:code xmlns:html="http://www.w3.org/1999/xhtml">/etc/issue.net</html:code>, run the command:
<html:pre xmlns:html="http://www.w3.org/1999/xhtml">$ sudo chgrp root /etc/issue.net</html:pre>
       </description>
          <reference href="https://www.cisecurity.org/benchmark/ubuntu_linux/">1.6.6</reference>
          <reference href="https://docs-prv.pcisecuritystandards.org/PCI%20DSS/Standard/PCI-DSS-v4_0.pdf">1.2.8</reference>
          <reference href="https://docs-prv.pcisecuritystandards.org/PCI%20DSS/Standard/PCI-DSS-v4_0.pdf">1.2</reference>
          <rationale xmlns:xhtml="http://www.w3.org/1999/xhtml" xml:lang="en-US">Display of a standardized and approved use notification before granting
access to the operating system ensures privacy and security notification
verbiage used is consistent with applicable federal laws, Executive Orders,
directives, policies, regulations, standards, and guidance.<html:br xmlns:html="http://www.w3.org/1999/xhtml"/>
Proper group ownership will ensure that only root user can modify the banner.</rationale>
          <fix xmlns:xhtml="http://www.w3.org/1999/xhtml" id="file_groupowner_etc_issue_net" system="urn:xccdf:fix:script:ansible" complexity="low" disruption="low" strategy="configure">- name: Test for existence /etc/issue.net
  stat:
    path: /etc/issue.net
  register: file_exists
  tags:
  - PCI-DSSv4-1.2
  - PCI-DSSv4-1.2.8
  - configure_strategy
  - file_groupowner_etc_issue_net
  - low_complexity
  - low_disruption
  - medium_severity
  - no_reboot_needed

- name: Ensure group owner 0 on /etc/issue.net
  file:
    path: /etc/issue.net
    group: '0'
  when: file_exists.stat is defined and file_exists.stat.exists
  tags:
  - PCI-DSSv4-1.2
  - PCI-DSSv4-1.2.8
  - configure_strategy
  - file_groupowner_etc_issue_net
  - low_complexity
  - low_disruption
  - medium_severity
  - no_reboot_needed
</fix>
          <fix xmlns:xhtml="http://www.w3.org/1999/xhtml" id="file_groupowner_etc_issue_net" system="urn:xccdf:fix:script:sh" complexity="low" disruption="low" strategy="configure">chgrp 0 /etc/issue.net
</fix>
          <check system="http://oval.mitre.org/XMLSchema/oval-definitions-5">
            <check-content-ref name="oval:ssg-file_groupowner_etc_issue_net:def:1" href="ssg-ubuntu2404-oval.xml"/>
          </check>
          <check system="http://scap.nist.gov/schema/ocil/2">
            <check-content-ref name="ocil:ssg-file_groupowner_etc_issue_net_ocil:questionnaire:1" href="ssg-ubuntu2404-ocil.xml"/>
          </check>
        </Rule>
        <Rule id="xccdf_org.ssgproject.content_rule_file_groupowner_etc_motd" selected="false" role="full" severity="medium">
          <title xmlns:xhtml="http://www.w3.org/1999/xhtml" xml:lang="en-US">Verify Group Ownership of Message of the Day Banner</title>
          <description xmlns:xhtml="http://www.w3.org/1999/xhtml" xml:lang="en-US">
To properly set the group owner of <html:code xmlns:html="http://www.w3.org/1999/xhtml">/etc/motd</html:code>, run the command:
<html:pre xmlns:html="http://www.w3.org/1999/xhtml">$ sudo chgrp root /etc/motd</html:pre>
       </description>
          <reference href="https://www.cisecurity.org/benchmark/ubuntu_linux/">1.6.4</reference>
          <rationale xmlns:xhtml="http://www.w3.org/1999/xhtml" xml:lang="en-US">Display of a standardized and approved use notification before granting
access to the operating system ensures privacy and security notification
verbiage used is consistent with applicable federal laws, Executive Orders,
directives, policies, regulations, standards, and guidance.<html:br xmlns:html="http://www.w3.org/1999/xhtml"/>
Proper group ownership will ensure that only root user can modify the banner.</rationale>
          <fix xmlns:xhtml="http://www.w3.org/1999/xhtml" id="file_groupowner_etc_motd" system="urn:xccdf:fix:script:ansible" complexity="low" disruption="low" strategy="configure">- name: Test for existence /etc/motd
  stat:
    path: /etc/motd
  register: file_exists
  tags:
  - configure_strategy
  - file_groupowner_etc_motd
  - low_complexity
  - low_disruption
  - medium_severity
  - no_reboot_needed

- name: Ensure group owner 0 on /etc/motd
  file:
    path: /etc/motd
    group: '0'
  when: file_exists.stat is defined and file_exists.stat.exists
  tags:
  - configure_strategy
  - file_groupowner_etc_motd
  - low_complexity
  - low_disruption
  - medium_severity
  - no_reboot_needed
</fix>
          <fix xmlns:xhtml="http://www.w3.org/1999/xhtml" id="file_groupowner_etc_motd" system="urn:xccdf:fix:script:sh" complexity="low" disruption="low" strategy="configure">chgrp 0 /etc/motd
</fix>
          <check system="http://oval.mitre.org/XMLSchema/oval-definitions-5">
            <check-content-ref name="oval:ssg-file_groupowner_etc_motd:def:1" href="ssg-ubuntu2404-oval.xml"/>
          </check>
          <check system="http://scap.nist.gov/schema/ocil/2">
            <check-content-ref name="ocil:ssg-file_groupowner_etc_motd_ocil:questionnaire:1" href="ssg-ubuntu2404-ocil.xml"/>
          </check>
        </Rule>
        <Rule id="xccdf_org.ssgproject.content_rule_file_owner_etc_issue" selected="false" role="full" severity="medium">
          <title xmlns:xhtml="http://www.w3.org/1999/xhtml" xml:lang="en-US">Verify ownership of System Login Banner</title>
          <description xmlns:xhtml="http://www.w3.org/1999/xhtml" xml:lang="en-US">
To properly set the owner of <html:code xmlns:html="http://www.w3.org/1999/xhtml">/etc/issue</html:code>, run the command:
<html:pre xmlns:html="http://www.w3.org/1999/xhtml">$ sudo chown root /etc/issue </html:pre>
       </description>
          <reference href="https://www.cisecurity.org/benchmark/ubuntu_linux/">1.6.5</reference>
          <rationale xmlns:xhtml="http://www.w3.org/1999/xhtml" xml:lang="en-US">Display of a standardized and approved use notification before granting
access to the operating system ensures privacy and security notification
verbiage used is consistent with applicable federal laws, Executive Orders,
directives, policies, regulations, standards, and guidance.<html:br xmlns:html="http://www.w3.org/1999/xhtml"/>
Proper ownership will ensure that only root user can modify the banner.</rationale>
          <fix xmlns:xhtml="http://www.w3.org/1999/xhtml" id="file_owner_etc_issue" system="urn:xccdf:fix:script:ansible" complexity="low" disruption="low" strategy="configure">- name: Test for existence /etc/issue
  stat:
    path: /etc/issue
  register: file_exists
  tags:
  - configure_strategy
  - file_owner_etc_issue
  - low_complexity
  - low_disruption
  - medium_severity
  - no_reboot_needed

- name: Ensure owner 0 on /etc/issue
  file:
    path: /etc/issue
    owner: '0'
  when: file_exists.stat is defined and file_exists.stat.exists
  tags:
  - configure_strategy
  - file_owner_etc_issue
  - low_complexity
  - low_disruption
  - medium_severity
  - no_reboot_needed
</fix>
          <fix xmlns:xhtml="http://www.w3.org/1999/xhtml" id="file_owner_etc_issue" system="urn:xccdf:fix:script:sh" complexity="low" disruption="low" strategy="configure">chown 0 /etc/issue
</fix>
          <check system="http://oval.mitre.org/XMLSchema/oval-definitions-5">
            <check-content-ref name="oval:ssg-file_owner_etc_issue:def:1" href="ssg-ubuntu2404-oval.xml"/>
          </check>
          <check system="http://scap.nist.gov/schema/ocil/2">
            <check-content-ref name="ocil:ssg-file_owner_etc_issue_ocil:questionnaire:1" href="ssg-ubuntu2404-ocil.xml"/>
          </check>
        </Rule>
        <Rule id="xccdf_org.ssgproject.content_rule_file_owner_etc_issue_net" selected="false" role="full" severity="medium">
          <title xmlns:xhtml="http://www.w3.org/1999/xhtml" xml:lang="en-US">Verify ownership of System Login Banner for Remote Connections</title>
          <description xmlns:xhtml="http://www.w3.org/1999/xhtml" xml:lang="en-US">
To properly set the owner of <html:code xmlns:html="http://www.w3.org/1999/xhtml">/etc/issue.net</html:code>, run the command:
<html:pre xmlns:html="http://www.w3.org/1999/xhtml">$ sudo chown root /etc/issue.net </html:pre>
       </description>
          <reference href="https://www.cisecurity.org/benchmark/ubuntu_linux/">1.6.6</reference>
          <reference href="https://docs-prv.pcisecuritystandards.org/PCI%20DSS/Standard/PCI-DSS-v4_0.pdf">1.2.8</reference>
          <reference href="https://docs-prv.pcisecuritystandards.org/PCI%20DSS/Standard/PCI-DSS-v4_0.pdf">1.2</reference>
          <rationale xmlns:xhtml="http://www.w3.org/1999/xhtml" xml:lang="en-US">Display of a standardized and approved use notification before granting
access to the operating system ensures privacy and security notification
verbiage used is consistent with applicable federal laws, Executive Orders,
directives, policies, regulations, standards, and guidance.<html:br xmlns:html="http://www.w3.org/1999/xhtml"/>
Proper ownership will ensure that only root user can modify the banner.</rationale>
          <fix xmlns:xhtml="http://www.w3.org/1999/xhtml" id="file_owner_etc_issue_net" system="urn:xccdf:fix:script:ansible" complexity="low" disruption="low" strategy="configure">- name: Test for existence /etc/issue.net
  stat:
    path: /etc/issue.net
  register: file_exists
  tags:
  - PCI-DSSv4-1.2
  - PCI-DSSv4-1.2.8
  - configure_strategy
  - file_owner_etc_issue_net
  - low_complexity
  - low_disruption
  - medium_severity
  - no_reboot_needed

- name: Ensure owner 0 on /etc/issue.net
  file:
    path: /etc/issue.net
    owner: '0'
  when: file_exists.stat is defined and file_exists.stat.exists
  tags:
  - PCI-DSSv4-1.2
  - PCI-DSSv4-1.2.8
  - configure_strategy
  - file_owner_etc_issue_net
  - low_complexity
  - low_disruption
  - medium_severity
  - no_reboot_needed
</fix>
          <fix xmlns:xhtml="http://www.w3.org/1999/xhtml" id="file_owner_etc_issue_net" system="urn:xccdf:fix:script:sh" complexity="low" disruption="low" strategy="configure">chown 0 /etc/issue.net
</fix>
          <check system="http://oval.mitre.org/XMLSchema/oval-definitions-5">
            <check-content-ref name="oval:ssg-file_owner_etc_issue_net:def:1" href="ssg-ubuntu2404-oval.xml"/>
          </check>
          <check system="http://scap.nist.gov/schema/ocil/2">
            <check-content-ref name="ocil:ssg-file_owner_etc_issue_net_ocil:questionnaire:1" href="ssg-ubuntu2404-ocil.xml"/>
          </check>
        </Rule>
        <Rule id="xccdf_org.ssgproject.content_rule_file_owner_etc_motd" selected="false" role="full" severity="medium">
          <title xmlns:xhtml="http://www.w3.org/1999/xhtml" xml:lang="en-US">Verify ownership of Message of the Day Banner</title>
          <description xmlns:xhtml="http://www.w3.org/1999/xhtml" xml:lang="en-US">
To properly set the owner of <html:code xmlns:html="http://www.w3.org/1999/xhtml">/etc/motd</html:code>, run the command:
<html:pre xmlns:html="http://www.w3.org/1999/xhtml">$ sudo chown root /etc/motd </html:pre>
       </description>
          <reference href="https://www.cisecurity.org/benchmark/ubuntu_linux/">1.6.4</reference>
          <rationale xmlns:xhtml="http://www.w3.org/1999/xhtml" xml:lang="en-US">Display of a standardized and approved use notification before granting
access to the operating system ensures privacy and security notification
verbiage used is consistent with applicable federal laws, Executive Orders,
directives, policies, regulations, standards, and guidance.<html:br xmlns:html="http://www.w3.org/1999/xhtml"/>
Proper ownership will ensure that only root user can modify the banner.</rationale>
          <fix xmlns:xhtml="http://www.w3.org/1999/xhtml" id="file_owner_etc_motd" system="urn:xccdf:fix:script:ansible" complexity="low" disruption="low" strategy="configure">- name: Test for existence /etc/motd
  stat:
    path: /etc/motd
  register: file_exists
  tags:
  - configure_strategy
  - file_owner_etc_motd
  - low_complexity
  - low_disruption
  - medium_severity
  - no_reboot_needed

- name: Ensure owner 0 on /etc/motd
  file:
    path: /etc/motd
    owner: '0'
  when: file_exists.stat is defined and file_exists.stat.exists
  tags:
  - configure_strategy
  - file_owner_etc_motd
  - low_complexity
  - low_disruption
  - medium_severity
  - no_reboot_needed
</fix>
          <fix xmlns:xhtml="http://www.w3.org/1999/xhtml" id="file_owner_etc_motd" system="urn:xccdf:fix:script:sh" complexity="low" disruption="low" strategy="configure">chown 0 /etc/motd
</fix>
          <check system="http://oval.mitre.org/XMLSchema/oval-definitions-5">
            <check-content-ref name="oval:ssg-file_owner_etc_motd:def:1" href="ssg-ubuntu2404-oval.xml"/>
          </check>
          <check system="http://scap.nist.gov/schema/ocil/2">
            <check-content-ref name="ocil:ssg-file_owner_etc_motd_ocil:questionnaire:1" href="ssg-ubuntu2404-ocil.xml"/>
          </check>
        </Rule>
        <Rule id="xccdf_org.ssgproject.content_rule_file_permissions_etc_issue" selected="false" role="full" severity="medium">
          <title xmlns:xhtml="http://www.w3.org/1999/xhtml" xml:lang="en-US">Verify permissions on System Login Banner</title>
          <description xmlns:xhtml="http://www.w3.org/1999/xhtml" xml:lang="en-US">
To properly set the permissions of <html:code xmlns:html="http://www.w3.org/1999/xhtml">/etc/issue</html:code>, run the command:
<html:pre xmlns:html="http://www.w3.org/1999/xhtml">$ sudo chmod 0644 /etc/issue</html:pre>
       </description>
          <reference href="https://www.cisecurity.org/benchmark/ubuntu_linux/">1.6.5</reference>
          <rationale xmlns:xhtml="http://www.w3.org/1999/xhtml" xml:lang="en-US">Display of a standardized and approved use notification before granting
access to the operating system ensures privacy and security notification
verbiage used is consistent with applicable federal laws, Executive Orders,
directives, policies, regulations, standards, and guidance.<html:br xmlns:html="http://www.w3.org/1999/xhtml"/>
Proper permissions will ensure that only root user can modify the banner.</rationale>
          <fix xmlns:xhtml="http://www.w3.org/1999/xhtml" id="file_permissions_etc_issue" system="urn:xccdf:fix:script:ansible" complexity="low" disruption="low" strategy="configure">- name: Test for existence /etc/issue
  stat:
    path: /etc/issue
  register: file_exists
  tags:
  - configure_strategy
  - file_permissions_etc_issue
  - low_complexity
  - low_disruption
  - medium_severity
  - no_reboot_needed

- name: Ensure permission u-xs,g-xws,o-xwt on /etc/issue
  file:
    path: /etc/issue
    mode: u-xs,g-xws,o-xwt
  when: file_exists.stat is defined and file_exists.stat.exists
  tags:
  - configure_strategy
  - file_permissions_etc_issue
  - low_complexity
  - low_disruption
  - medium_severity
  - no_reboot_needed
</fix>
          <fix xmlns:xhtml="http://www.w3.org/1999/xhtml" id="file_permissions_etc_issue" system="urn:xccdf:fix:script:sh" complexity="low" disruption="low" strategy="configure">



chmod u-xs,g-xws,o-xwt /etc/issue
</fix>
          <check system="http://oval.mitre.org/XMLSchema/oval-definitions-5">
            <check-content-ref name="oval:ssg-file_permissions_etc_issue:def:1" href="ssg-ubuntu2404-oval.xml"/>
          </check>
          <check system="http://scap.nist.gov/schema/ocil/2">
            <check-content-ref name="ocil:ssg-file_permissions_etc_issue_ocil:questionnaire:1" href="ssg-ubuntu2404-ocil.xml"/>
          </check>
        </Rule>
        <Rule id="xccdf_org.ssgproject.content_rule_file_permissions_etc_issue_net" selected="false" role="full" severity="medium">
          <title xmlns:xhtml="http://www.w3.org/1999/xhtml" xml:lang="en-US">Verify permissions on System Login Banner for Remote Connections</title>
          <description xmlns:xhtml="http://www.w3.org/1999/xhtml" xml:lang="en-US">
To properly set the permissions of <html:code xmlns:html="http://www.w3.org/1999/xhtml">/etc/issue.net</html:code>, run the command:
<html:pre xmlns:html="http://www.w3.org/1999/xhtml">$ sudo chmod 0644 /etc/issue.net</html:pre>
       </description>
          <reference href="https://www.cisecurity.org/benchmark/ubuntu_linux/">1.6.6</reference>
          <reference href="https://docs-prv.pcisecuritystandards.org/PCI%20DSS/Standard/PCI-DSS-v4_0.pdf">1.2.8</reference>
          <reference href="https://docs-prv.pcisecuritystandards.org/PCI%20DSS/Standard/PCI-DSS-v4_0.pdf">1.2</reference>
          <rationale xmlns:xhtml="http://www.w3.org/1999/xhtml" xml:lang="en-US">Display of a standardized and approved use notification before granting
access to the operating system ensures privacy and security notification
verbiage used is consistent with applicable federal laws, Executive Orders,
directives, policies, regulations, standards, and guidance.<html:br xmlns:html="http://www.w3.org/1999/xhtml"/>
Proper permissions will ensure that only root user can modify the banner.</rationale>
          <fix xmlns:xhtml="http://www.w3.org/1999/xhtml" id="file_permissions_etc_issue_net" system="urn:xccdf:fix:script:ansible" complexity="low" disruption="low" strategy="configure">- name: Test for existence /etc/issue.net
  stat:
    path: /etc/issue.net
  register: file_exists
  tags:
  - PCI-DSSv4-1.2
  - PCI-DSSv4-1.2.8
  - configure_strategy
  - file_permissions_etc_issue_net
  - low_complexity
  - low_disruption
  - medium_severity
  - no_reboot_needed

- name: Ensure permission u-xs,g-xws,o-xwt on /etc/issue.net
  file:
    path: /etc/issue.net
    mode: u-xs,g-xws,o-xwt
  when: file_exists.stat is defined and file_exists.stat.exists
  tags:
  - PCI-DSSv4-1.2
  - PCI-DSSv4-1.2.8
  - configure_strategy
  - file_permissions_etc_issue_net
  - low_complexity
  - low_disruption
  - medium_severity
  - no_reboot_needed
</fix>
          <fix xmlns:xhtml="http://www.w3.org/1999/xhtml" id="file_permissions_etc_issue_net" system="urn:xccdf:fix:script:sh" complexity="low" disruption="low" strategy="configure">



chmod u-xs,g-xws,o-xwt /etc/issue.net
</fix>
          <check system="http://oval.mitre.org/XMLSchema/oval-definitions-5">
            <check-content-ref name="oval:ssg-file_permissions_etc_issue_net:def:1" href="ssg-ubuntu2404-oval.xml"/>
          </check>
          <check system="http://scap.nist.gov/schema/ocil/2">
            <check-content-ref name="ocil:ssg-file_permissions_etc_issue_net_ocil:questionnaire:1" href="ssg-ubuntu2404-ocil.xml"/>
          </check>
        </Rule>
        <Rule id="xccdf_org.ssgproject.content_rule_file_permissions_etc_motd" selected="false" role="full" severity="medium">
          <title xmlns:xhtml="http://www.w3.org/1999/xhtml" xml:lang="en-US">Verify permissions on Message of the Day Banner</title>
          <description xmlns:xhtml="http://www.w3.org/1999/xhtml" xml:lang="en-US">
To properly set the permissions of <html:code xmlns:html="http://www.w3.org/1999/xhtml">/etc/motd</html:code>, run the command:
<html:pre xmlns:html="http://www.w3.org/1999/xhtml">$ sudo chmod 0644 /etc/motd</html:pre>
       </description>
          <reference href="https://www.cisecurity.org/benchmark/ubuntu_linux/">1.6.4</reference>
          <rationale xmlns:xhtml="http://www.w3.org/1999/xhtml" xml:lang="en-US">Display of a standardized and approved use notification before granting
access to the operating system ensures privacy and security notification
verbiage used is consistent with applicable federal laws, Executive Orders,
directives, policies, regulations, standards, and guidance.<html:br xmlns:html="http://www.w3.org/1999/xhtml"/>
Proper permissions will ensure that only root user can modify the banner.</rationale>
          <fix xmlns:xhtml="http://www.w3.org/1999/xhtml" id="file_permissions_etc_motd" system="urn:xccdf:fix:script:ansible" complexity="low" disruption="low" strategy="configure">- name: Test for existence /etc/motd
  stat:
    path: /etc/motd
  register: file_exists
  tags:
  - configure_strategy
  - file_permissions_etc_motd
  - low_complexity
  - low_disruption
  - medium_severity
  - no_reboot_needed

- name: Ensure permission u-xs,g-xws,o-xwt on /etc/motd
  file:
    path: /etc/motd
    mode: u-xs,g-xws,o-xwt
  when: file_exists.stat is defined and file_exists.stat.exists
  tags:
  - configure_strategy
  - file_permissions_etc_motd
  - low_complexity
  - low_disruption
  - medium_severity
  - no_reboot_needed
</fix>
          <fix xmlns:xhtml="http://www.w3.org/1999/xhtml" id="file_permissions_etc_motd" system="urn:xccdf:fix:script:sh" complexity="low" disruption="low" strategy="configure">



chmod u-xs,g-xws,o-xwt /etc/motd
</fix>
          <check system="http://oval.mitre.org/XMLSchema/oval-definitions-5">
            <check-content-ref name="oval:ssg-file_permissions_etc_motd:def:1" href="ssg-ubuntu2404-oval.xml"/>
          </check>
          <check system="http://scap.nist.gov/schema/ocil/2">
            <check-content-ref name="ocil:ssg-file_permissions_etc_motd_ocil:questionnaire:1" href="ssg-ubuntu2404-ocil.xml"/>
          </check>
        </Rule>
        <Group id="xccdf_org.ssgproject.content_group_gui_login_banner">
          <title xmlns:xhtml="http://www.w3.org/1999/xhtml" xml:lang="en-US">Implement a GUI Warning Banner</title>
          <description xmlns:xhtml="http://www.w3.org/1999/xhtml" xml:lang="en-US">In the default graphical environment, users logging
directly into the system are greeted with a login screen provided
by the GNOME Display Manager (GDM). The warning banner should be
displayed in this graphical environment for these users.
The following sections describe how to configure the GDM login
banner.</description>
          <platform idref="#package_gdm"/>
          <Rule id="xccdf_org.ssgproject.content_rule_dconf_gnome_banner_enabled" selected="false" role="full" severity="medium">
            <title xmlns:xhtml="http://www.w3.org/1999/xhtml" xml:lang="en-US">Enable GNOME3 Login Warning Banner</title>
            <description xmlns:xhtml="http://www.w3.org/1999/xhtml" xml:lang="en-US">In the default graphical environment, displaying a login warning banner
in the GNOME Display Manager's login screen can be enabled on the login
screen by setting <html:code xmlns:html="http://www.w3.org/1999/xhtml">banner-message-enable</html:code> to <html:code xmlns:html="http://www.w3.org/1999/xhtml">true</html:code>.
<html:br xmlns:html="http://www.w3.org/1999/xhtml"/>
         <html:br xmlns:html="http://www.w3.org/1999/xhtml"/>
To enable, add or edit <html:code xmlns:html="http://www.w3.org/1999/xhtml">banner-message-enable</html:code> to
<html:code xmlns:html="http://www.w3.org/1999/xhtml">/etc/dconf/db/gdm.d/00-security-settings</html:code>. For example:
<html:pre xmlns:html="http://www.w3.org/1999/xhtml">[org/gnome/login-screen]
banner-message-enable=true</html:pre>
Once the setting has been added, add a lock to
<html:code xmlns:html="http://www.w3.org/1999/xhtml">/etc/dconf/db/gdm.d/locks/00-security-settings-lock</html:code> to prevent user modification.
For example:
<html:pre xmlns:html="http://www.w3.org/1999/xhtml">/org/gnome/login-screen/banner-message-enable</html:pre>
After the settings have been set, run <html:code xmlns:html="http://www.w3.org/1999/xhtml">dconf update</html:code>.
The banner text must also be set.</description>
            <reference href="https://www.cisecurity.org/controls/">1</reference>
            <reference href="https://www.cisecurity.org/controls/">12</reference>
            <reference href="https://www.cisecurity.org/controls/">15</reference>
            <reference href="https://www.cisecurity.org/controls/">16</reference>
            <reference href="https://www.isaca.org/resources/cobit">DSS05.04</reference>
            <reference href="https://www.isaca.org/resources/cobit">DSS05.10</reference>
            <reference href="https://www.isaca.org/resources/cobit">DSS06.10</reference>
            <reference href="http://nvlpubs.nist.gov/nistpubs/SpecialPublications/NIST.SP.800-171.pdf">3.1.9</reference>
            <reference href="https://public.cyber.mil/stigs/cci/">CCI-001387</reference>
            <reference href="https://public.cyber.mil/stigs/cci/">CCI-001384</reference>
            <reference href="https://public.cyber.mil/stigs/cci/">CCI-000048</reference>
            <reference href="https://public.cyber.mil/stigs/cci/">CCI-001386</reference>
            <reference href="https://public.cyber.mil/stigs/cci/">CCI-001388</reference>
            <reference href="https://public.cyber.mil/stigs/cci/">CCI-001385</reference>
            <reference href="https://www.isa.org/products/isa-62443-2-1-2009-security-for-industrial-automat">4.3.3.6.1</reference>
            <reference href="https://www.isa.org/products/isa-62443-2-1-2009-security-for-industrial-automat">4.3.3.6.2</reference>
            <reference href="https://www.isa.org/products/isa-62443-2-1-2009-security-for-industrial-automat">4.3.3.6.3</reference>
            <reference href="https://www.isa.org/products/isa-62443-2-1-2009-security-for-industrial-automat">4.3.3.6.4</reference>
            <reference href="https://www.isa.org/products/isa-62443-2-1-2009-security-for-industrial-automat">4.3.3.6.5</reference>
            <reference href="https://www.isa.org/products/isa-62443-2-1-2009-security-for-industrial-automat">4.3.3.6.6</reference>
            <reference href="https://www.isa.org/products/isa-62443-2-1-2009-security-for-industrial-automat">4.3.3.6.7</reference>
            <reference href="https://www.isa.org/products/isa-62443-2-1-2009-security-for-industrial-automat">4.3.3.6.8</reference>
            <reference href="https://www.isa.org/products/isa-62443-2-1-2009-security-for-industrial-automat">4.3.3.6.9</reference>
            <reference href="https://www.isa.org/products/ansi-isa-62443-3-3-99-03-03-2013-security-for-indu">SR 1.1</reference>
            <reference href="https://www.isa.org/products/ansi-isa-62443-3-3-99-03-03-2013-security-for-indu">SR 1.10</reference>
            <reference href="https://www.isa.org/products/ansi-isa-62443-3-3-99-03-03-2013-security-for-indu">SR 1.2</reference>
            <reference href="https://www.isa.org/products/ansi-isa-62443-3-3-99-03-03-2013-security-for-indu">SR 1.5</reference>
            <reference href="https://www.isa.org/products/ansi-isa-62443-3-3-99-03-03-2013-security-for-indu">SR 1.7</reference>
            <reference href="https://www.isa.org/products/ansi-isa-62443-3-3-99-03-03-2013-security-for-indu">SR 1.8</reference>
            <reference href="https://www.isa.org/products/ansi-isa-62443-3-3-99-03-03-2013-security-for-indu">SR 1.9</reference>
            <reference href="https://www.iso.org/contents/data/standard/05/45/54534.html">A.18.1.4</reference>
            <reference href="https://www.iso.org/contents/data/standard/05/45/54534.html">A.9.2.1</reference>
            <reference href="https://www.iso.org/contents/data/standard/05/45/54534.html">A.9.2.4</reference>
            <reference href="https://www.iso.org/contents/data/standard/05/45/54534.html">A.9.3.1</reference>
            <reference href="https://www.iso.org/contents/data/standard/05/45/54534.html">A.9.4.2</reference>
            <reference href="https://www.iso.org/contents/data/standard/05/45/54534.html">A.9.4.3</reference>
            <reference href="http://nvlpubs.nist.gov/nistpubs/SpecialPublications/NIST.SP.800-53r4.pdf">AC-8(a)</reference>
            <reference href="http://nvlpubs.nist.gov/nistpubs/SpecialPublications/NIST.SP.800-53r4.pdf">AC-8(b)</reference>
            <reference href="http://nvlpubs.nist.gov/nistpubs/SpecialPublications/NIST.SP.800-53r4.pdf">AC-8(c)</reference>
            <reference href="https://nvlpubs.nist.gov/nistpubs/CSWP/NIST.CSWP.04162018.pdf">PR.AC-7</reference>
            <reference href="https://public.cyber.mil/stigs/downloads/?_dl_facet_stigs=operating-systems%2Cgeneral-purpose-os">SRG-OS-000023-GPOS-00006</reference>
            <reference href="https://public.cyber.mil/stigs/downloads/?_dl_facet_stigs=operating-systems%2Cgeneral-purpose-os">SRG-OS-000228-GPOS-00088</reference>
            <reference href="https://www.cisecurity.org/benchmark/ubuntu_linux/">1.7.2</reference>
            <rationale xmlns:xhtml="http://www.w3.org/1999/xhtml" xml:lang="en-US">Display of a standardized and approved use notification before granting access to the operating system
ensures privacy and security notification verbiage used is consistent with applicable federal laws,
Executive Orders, directives, policies, regulations, standards, and guidance.
<html:br xmlns:html="http://www.w3.org/1999/xhtml"/>
         <html:br xmlns:html="http://www.w3.org/1999/xhtml"/>
For U.S. Government systems, system use notifications are required only for access via login interfaces
with human users and are not required when such human interfaces do not exist.</rationale>
            <fix xmlns:xhtml="http://www.w3.org/1999/xhtml" id="dconf_gnome_banner_enabled" system="urn:xccdf:fix:script:sh"># Remediation is applicable only in certain platforms
if dpkg-query --show --showformat='${db:Status-Status}\n' 'gdm3' 2&gt;/dev/null | grep -q '^installed'; then

mkdir -p /etc/dconf/profile
dconf_profile_path=/etc/dconf/profile/user

[[ -s "${dconf_profile_path}" ]] || echo &gt; "${dconf_profile_path}"

if ! grep -Pzq "(?s)^\s*user-db:user.*\n\s*system-db:local" "${dconf_profile_path}"; then
    sed -i --follow-symlinks "1s/^/user-db:user\nsystem-db:local\n/" "${dconf_profile_path}"
fi

# Make sure the corresponding directories exist
mkdir -p /etc/dconf/db/local.d

# Make sure permissions allow regular users to read dconf settings.
# Also define the umask to avoid `dconf update` changing permissions.
chmod -R u=rwX,go=rX /etc/dconf/profile
(umask 0022 &amp;&amp; dconf update)
mkdir -p /etc/dconf/profile
dconf_profile_path=/etc/dconf/profile/gdm

[[ -s "${dconf_profile_path}" ]] || echo &gt; "${dconf_profile_path}"

if ! grep -Pzq "(?s)^\s*user-db:user.*\n\s*system-db:gdm" "${dconf_profile_path}"; then
    sed -i --follow-symlinks "1s/^/user-db:user\nsystem-db:gdm\n/" "${dconf_profile_path}"
fi

# Make sure the corresponding directories exist
mkdir -p /etc/dconf/db/gdm.d

# Make sure permissions allow regular users to read dconf settings.
# Also define the umask to avoid `dconf update` changing permissions.
chmod -R u=rwX,go=rX /etc/dconf/profile
(umask 0022 &amp;&amp; dconf update)
# Duplicate the setting also in 'greeter.dconf-defaults' for consistency with
# 'dconf_gnome_login_banner_text' and better alignment with STIG V1R1.
if [ -e "/etc/gdm3/greeter.dconf-defaults" ] ; then
    
    LC_ALL=C sed -i "/^\s*banner\-message\-enable/Id" "/etc/gdm3/greeter.dconf-defaults"
else
    touch "/etc/gdm3/greeter.dconf-defaults"
fi
# make sure file has newline at the end
sed -i -e '$a\' "/etc/gdm3/greeter.dconf-defaults"

cp "/etc/gdm3/greeter.dconf-defaults" "/etc/gdm3/greeter.dconf-defaults.bak"
# Insert after the line matching the regex '\[org/gnome/login-screen\]'
line_number="$(LC_ALL=C grep -n "\[org/gnome/login-screen\]" "/etc/gdm3/greeter.dconf-defaults.bak" | LC_ALL=C sed 's/:.*//g')"
if [ -z "$line_number" ]; then
    # There was no match of '\[org/gnome/login-screen\]', insert at
    # the end of the file.
    printf '%s\n' "banner-message-enable=true" &gt;&gt; "/etc/gdm3/greeter.dconf-defaults"
else
    head -n "$(( line_number ))" "/etc/gdm3/greeter.dconf-defaults.bak" &gt; "/etc/gdm3/greeter.dconf-defaults"
    printf '%s\n' "banner-message-enable=true" &gt;&gt; "/etc/gdm3/greeter.dconf-defaults"
    tail -n "+$(( line_number + 1 ))" "/etc/gdm3/greeter.dconf-defaults.bak" &gt;&gt; "/etc/gdm3/greeter.dconf-defaults"
fi
# Clean up after ourselves.
rm "/etc/gdm3/greeter.dconf-defaults.bak"


# Check for setting in any of the DConf db directories
# If files contain ibus or distro, ignore them.
# The assignment assumes that individual filenames don't contain :
readarray -t SETTINGSFILES &lt; &lt;(grep -r "\\[org/gnome/login-screen\\]" "/etc/dconf/db/" \
                                | grep -v 'distro\|ibus\|gdm.d' | cut -d":" -f1)
DCONFFILE="/etc/dconf/db/gdm.d/00-security-settings"
DBDIR="/etc/dconf/db/gdm.d"

mkdir -p "${DBDIR}"

# Comment out the configurations in databases different from the target one
if [ "${#SETTINGSFILES[@]}" -ne 0 ]
then
    if grep -q "^\\s*banner-message-enable\\s*=" "${SETTINGSFILES[@]}"
    then
        
        sed -Ei "s/(^\s*)banner-message-enable(\s*=)/#\1banner-message-enable\2/g" "${SETTINGSFILES[@]}"
    fi
fi

[ ! -z "${DCONFFILE}" ] &amp;&amp; echo "" &gt;&gt; "${DCONFFILE}"
if ! grep -q "\\[org/gnome/login-screen\\]" "${DCONFFILE}"
then
    printf '%s\n' "[org/gnome/login-screen]" &gt;&gt; ${DCONFFILE}
fi

escaped_value="$(sed -e 's/\\/\\\\/g' &lt;&lt;&lt; "true")"
if grep -q "^\\s*banner-message-enable\\s*=" "${DCONFFILE}"
then
        sed -i "s/\\s*banner-message-enable\\s*=\\s*.*/banner-message-enable=${escaped_value}/g" "${DCONFFILE}"
    else
        sed -i "\\|\\[org/gnome/login-screen\\]|a\\banner-message-enable=${escaped_value}" "${DCONFFILE}"
fi
# Make sure permissions allow regular users to read dconf settings.
# Also define the umask to avoid `dconf update` changing permissions.
chmod -R u=rwX,go=rX /etc/dconf/db
(umask 0022 &amp;&amp; dconf update)
# Check for setting in any of the DConf db directories
LOCKFILES=$(grep -r "^/org/gnome/login-screen/banner-message-enable$" "/etc/dconf/db/" \
            | grep -v 'distro\|ibus\|gdm.d' | grep ":" | cut -d":" -f1)
LOCKSFOLDER="/etc/dconf/db/gdm.d/locks"

mkdir -p "${LOCKSFOLDER}"

# Comment out the configurations in databases different from the target one
if [[ ! -z "${LOCKFILES}" ]]
then
    sed -i -E "s|^/org/gnome/login-screen/banner-message-enable$|#&amp;|" "${LOCKFILES[@]}"
fi

if ! grep -qr "^/org/gnome/login-screen/banner-message-enable$" /etc/dconf/db/gdm.d/
then
    echo "/org/gnome/login-screen/banner-message-enable" &gt;&gt; "/etc/dconf/db/gdm.d/locks/00-security-settings-lock"
fi
# Make sure permissions allow regular users to read dconf settings.
# Also define the umask to avoid `dconf update` changing permissions.
chmod -R u=rwX,go=rX /etc/dconf/db
(umask 0022 &amp;&amp; dconf update)

else
    &gt;&amp;2 echo 'Remediation is not applicable, nothing was done'
fi
</fix>
            <check system="http://oval.mitre.org/XMLSchema/oval-definitions-5">
              <check-content-ref name="oval:ssg-dconf_gnome_banner_enabled:def:1" href="ssg-ubuntu2404-oval.xml"/>
            </check>
            <check system="http://scap.nist.gov/schema/ocil/2">
              <check-content-ref name="ocil:ssg-dconf_gnome_banner_enabled_ocil:questionnaire:1" href="ssg-ubuntu2404-ocil.xml"/>
            </check>
          </Rule>
          <Rule id="xccdf_org.ssgproject.content_rule_dconf_gnome_login_banner_text" selected="false" role="full" severity="medium">
            <title xmlns:xhtml="http://www.w3.org/1999/xhtml" xml:lang="en-US">Set the GNOME3 Login Warning Banner Text</title>
            <description xmlns:xhtml="http://www.w3.org/1999/xhtml" xml:lang="en-US">In the default graphical environment, configuring the login warning banner text
in the GNOME Display Manager's login screen can be configured on the login
screen by setting <html:code xmlns:html="http://www.w3.org/1999/xhtml">banner-message-text</html:code> to <html:code xmlns:html="http://www.w3.org/1999/xhtml">'<html:i>APPROVED_BANNER</html:i>'</html:code>
where <html:i xmlns:html="http://www.w3.org/1999/xhtml">APPROVED_BANNER</html:i> is the approved banner for your environment.
<html:br xmlns:html="http://www.w3.org/1999/xhtml"/>
         <html:br xmlns:html="http://www.w3.org/1999/xhtml"/>
To enable, add or edit <html:code xmlns:html="http://www.w3.org/1999/xhtml">banner-message-text</html:code> to

<html:code xmlns:html="http://www.w3.org/1999/xhtml">/etc/gdm3/greeter.dconf-defaults</html:code>. For example:
<html:pre xmlns:html="http://www.w3.org/1999/xhtml">[org/gnome/login-screen]
banner-message-text='<html:i>APPROVED_BANNER</html:i>'</html:pre>

After the settings have been set, run <html:code xmlns:html="http://www.w3.org/1999/xhtml">dconf update</html:code>.
When entering a warning banner that spans several lines, remember
to begin and end the string with <html:code xmlns:html="http://www.w3.org/1999/xhtml">'</html:code> and use <html:code xmlns:html="http://www.w3.org/1999/xhtml">\n</html:code> for new lines.</description>
            <reference href="https://www.cisecurity.org/controls/">1</reference>
            <reference href="https://www.cisecurity.org/controls/">12</reference>
            <reference href="https://www.cisecurity.org/controls/">15</reference>
            <reference href="https://www.cisecurity.org/controls/">16</reference>
            <reference href="https://www.isaca.org/resources/cobit">DSS05.04</reference>
            <reference href="https://www.isaca.org/resources/cobit">DSS05.10</reference>
            <reference href="https://www.isaca.org/resources/cobit">DSS06.10</reference>
            <reference href="http://nvlpubs.nist.gov/nistpubs/SpecialPublications/NIST.SP.800-171.pdf">3.1.9</reference>
            <reference href="https://public.cyber.mil/stigs/cci/">CCI-000048</reference>
            <reference href="https://public.cyber.mil/stigs/cci/">CCI-001384</reference>
            <reference href="https://public.cyber.mil/stigs/cci/">CCI-001385</reference>
            <reference href="https://public.cyber.mil/stigs/cci/">CCI-001386</reference>
            <reference href="https://public.cyber.mil/stigs/cci/">CCI-001387</reference>
            <reference href="https://public.cyber.mil/stigs/cci/">CCI-001388</reference>
            <reference href="https://www.isa.org/products/isa-62443-2-1-2009-security-for-industrial-automat">4.3.3.6.1</reference>
            <reference href="https://www.isa.org/products/isa-62443-2-1-2009-security-for-industrial-automat">4.3.3.6.2</reference>
            <reference href="https://www.isa.org/products/isa-62443-2-1-2009-security-for-industrial-automat">4.3.3.6.3</reference>
            <reference href="https://www.isa.org/products/isa-62443-2-1-2009-security-for-industrial-automat">4.3.3.6.4</reference>
            <reference href="https://www.isa.org/products/isa-62443-2-1-2009-security-for-industrial-automat">4.3.3.6.5</reference>
            <reference href="https://www.isa.org/products/isa-62443-2-1-2009-security-for-industrial-automat">4.3.3.6.6</reference>
            <reference href="https://www.isa.org/products/isa-62443-2-1-2009-security-for-industrial-automat">4.3.3.6.7</reference>
            <reference href="https://www.isa.org/products/isa-62443-2-1-2009-security-for-industrial-automat">4.3.3.6.8</reference>
            <reference href="https://www.isa.org/products/isa-62443-2-1-2009-security-for-industrial-automat">4.3.3.6.9</reference>
            <reference href="https://www.isa.org/products/ansi-isa-62443-3-3-99-03-03-2013-security-for-indu">SR 1.1</reference>
            <reference href="https://www.isa.org/products/ansi-isa-62443-3-3-99-03-03-2013-security-for-indu">SR 1.10</reference>
            <reference href="https://www.isa.org/products/ansi-isa-62443-3-3-99-03-03-2013-security-for-indu">SR 1.2</reference>
            <reference href="https://www.isa.org/products/ansi-isa-62443-3-3-99-03-03-2013-security-for-indu">SR 1.5</reference>
            <reference href="https://www.isa.org/products/ansi-isa-62443-3-3-99-03-03-2013-security-for-indu">SR 1.7</reference>
            <reference href="https://www.isa.org/products/ansi-isa-62443-3-3-99-03-03-2013-security-for-indu">SR 1.8</reference>
            <reference href="https://www.isa.org/products/ansi-isa-62443-3-3-99-03-03-2013-security-for-indu">SR 1.9</reference>
            <reference href="https://www.iso.org/contents/data/standard/05/45/54534.html">A.18.1.4</reference>
            <reference href="https://www.iso.org/contents/data/standard/05/45/54534.html">A.9.2.1</reference>
            <reference href="https://www.iso.org/contents/data/standard/05/45/54534.html">A.9.2.4</reference>
            <reference href="https://www.iso.org/contents/data/standard/05/45/54534.html">A.9.3.1</reference>
            <reference href="https://www.iso.org/contents/data/standard/05/45/54534.html">A.9.4.2</reference>
            <reference href="https://www.iso.org/contents/data/standard/05/45/54534.html">A.9.4.3</reference>
            <reference href="http://nvlpubs.nist.gov/nistpubs/SpecialPublications/NIST.SP.800-53r4.pdf">AC-8(a)</reference>
            <reference href="http://nvlpubs.nist.gov/nistpubs/SpecialPublications/NIST.SP.800-53r4.pdf">AC-8(c)</reference>
            <reference href="https://nvlpubs.nist.gov/nistpubs/CSWP/NIST.CSWP.04162018.pdf">PR.AC-7</reference>
            <reference href="https://public.cyber.mil/stigs/downloads/?_dl_facet_stigs=operating-systems%2Cgeneral-purpose-os">SRG-OS-000023-GPOS-00006</reference>
            <reference href="https://public.cyber.mil/stigs/downloads/?_dl_facet_stigs=operating-systems%2Cgeneral-purpose-os">SRG-OS-000228-GPOS-00088</reference>
            <reference href="https://www.cisecurity.org/benchmark/ubuntu_linux/">1.7.2</reference>
            <rationale xmlns:xhtml="http://www.w3.org/1999/xhtml" xml:lang="en-US">An appropriate warning message reinforces policy awareness during the logon
process and facilitates possible legal action against attackers.</rationale>
            <fix xmlns:xhtml="http://www.w3.org/1999/xhtml" id="dconf_gnome_login_banner_text" system="urn:xccdf:fix:script:sh"># Remediation is applicable only in certain platforms
if dpkg-query --show --showformat='${db:Status-Status}\n' 'gdm3' 2&gt;/dev/null | grep -q '^installed'; then

login_banner_text='<xccdf-1.2:sub xmlns:xccdf-1.2="http://checklists.nist.gov/xccdf/1.2" idref="xccdf_org.ssgproject.content_value_login_banner_text" use="legacy"/>'


# Multiple regexes transform the banner regex into a usable banner
# 0 - Remove anchors around the banner text
login_banner_text=$(echo "$login_banner_text" | sed 's/^\^\(.*\)\$$/\1/g')
# 1 - Keep only the first banners if there are multiple
#    (dod_banners contains the long and short banner)
login_banner_text=$(echo "$login_banner_text" | sed 's/^(\(.*\.\)|.*)$/\1/g')
# 2 - Add spaces ' '. (Transforms regex for "space or newline" into a " ")
login_banner_text=$(echo "$login_banner_text" | sed 's/\[\\s\\n\]+/ /g')
# 3 - Adds newline "tokens". (Transforms "(?:\[\\n\]+|(?:\\n)+)" into "(n)*")
login_banner_text=$(echo "$login_banner_text" | sed 's/(?:\[\\n\]+|(?:\\\\n)+)/(n)*/g')
# 4 - Remove any leftover backslash. (From any parethesis in the banner, for example).
login_banner_text=$(echo "$login_banner_text" | sed 's/\\//g')
# 5 - Removes the newline "token." (Transforms them into newline escape sequences "\n").
#    ( Needs to be done after 4, otherwise the escapce sequence will become just "n".
login_banner_text=$(echo "$login_banner_text" | sed 's/(n)\*/\\n/g')

mkdir -p /etc/dconf/profile
dconf_profile_path=/etc/dconf/profile/user

[[ -s "${dconf_profile_path}" ]] || echo &gt; "${dconf_profile_path}"

if ! grep -Pzq "(?s)^\s*user-db:user.*\n\s*system-db:local" "${dconf_profile_path}"; then
    sed -i --follow-symlinks "1s/^/user-db:user\nsystem-db:local\n/" "${dconf_profile_path}"
fi

# Make sure the corresponding directories exist
mkdir -p /etc/dconf/db/local.d

# Make sure permissions allow regular users to read dconf settings.
# Also define the umask to avoid `dconf update` changing permissions.
chmod -R u=rwX,go=rX /etc/dconf/profile
(umask 0022 &amp;&amp; dconf update)
mkdir -p /etc/dconf/profile
dconf_profile_path=/etc/dconf/profile/gdm

[[ -s "${dconf_profile_path}" ]] || echo &gt; "${dconf_profile_path}"

if ! grep -Pzq "(?s)^\s*user-db:user.*\n\s*system-db:gdm" "${dconf_profile_path}"; then
    sed -i --follow-symlinks "1s/^/user-db:user\nsystem-db:gdm\n/" "${dconf_profile_path}"
fi

# Make sure the corresponding directories exist
mkdir -p /etc/dconf/db/gdm.d

# Make sure permissions allow regular users to read dconf settings.
# Also define the umask to avoid `dconf update` changing permissions.
chmod -R u=rwX,go=rX /etc/dconf/profile
(umask 0022 &amp;&amp; dconf update)

# Will do both approach, since we plan to migrate to checks over dconf db. That way, future updates of the tool
# will pass the check even if we decide to check only for the dconf db path.
if [ -e "/etc/gdm3/greeter.dconf-defaults" ] ; then
    
    LC_ALL=C sed -i "/^\s*banner\-message\-text/Id" "/etc/gdm3/greeter.dconf-defaults"
else
    touch "/etc/gdm3/greeter.dconf-defaults"
fi
# make sure file has newline at the end
sed -i -e '$a\' "/etc/gdm3/greeter.dconf-defaults"

cp "/etc/gdm3/greeter.dconf-defaults" "/etc/gdm3/greeter.dconf-defaults.bak"
# Insert after the line matching the regex '\[org/gnome/login-screen\]'
line_number="$(LC_ALL=C grep -n "\[org/gnome/login-screen\]" "/etc/gdm3/greeter.dconf-defaults.bak" | LC_ALL=C sed 's/:.*//g')"
if [ -z "$line_number" ]; then
    # There was no match of '\[org/gnome/login-screen\]', insert at
    # the end of the file.
    printf '%s\n' "banner-message-text='${login_banner_text}'" &gt;&gt; "/etc/gdm3/greeter.dconf-defaults"
else
    head -n "$(( line_number ))" "/etc/gdm3/greeter.dconf-defaults.bak" &gt; "/etc/gdm3/greeter.dconf-defaults"
    printf '%s\n' "banner-message-text='${login_banner_text}'" &gt;&gt; "/etc/gdm3/greeter.dconf-defaults"
    tail -n "+$(( line_number + 1 ))" "/etc/gdm3/greeter.dconf-defaults.bak" &gt;&gt; "/etc/gdm3/greeter.dconf-defaults"
fi
# Clean up after ourselves.
rm "/etc/gdm3/greeter.dconf-defaults.bak"
# Check for setting in any of the DConf db directories
# If files contain ibus or distro, ignore them.
# The assignment assumes that individual filenames don't contain :
readarray -t SETTINGSFILES &lt; &lt;(grep -r "\\[org/gnome/login-screen\\]" "/etc/dconf/db/" \
                                | grep -v 'distro\|ibus\|gdm.d' | cut -d":" -f1)
DCONFFILE="/etc/dconf/db/gdm.d/00-security-settings"
DBDIR="/etc/dconf/db/gdm.d"

mkdir -p "${DBDIR}"

# Comment out the configurations in databases different from the target one
if [ "${#SETTINGSFILES[@]}" -ne 0 ]
then
    if grep -q "^\\s*banner-message-text\\s*=" "${SETTINGSFILES[@]}"
    then
        
        sed -Ei "s/(^\s*)banner-message-text(\s*=)/#\1banner-message-text\2/g" "${SETTINGSFILES[@]}"
    fi
fi

[ ! -z "${DCONFFILE}" ] &amp;&amp; echo "" &gt;&gt; "${DCONFFILE}"
if ! grep -q "\\[org/gnome/login-screen\\]" "${DCONFFILE}"
then
    printf '%s\n' "[org/gnome/login-screen]" &gt;&gt; ${DCONFFILE}
fi

escaped_value="$(sed -e 's/\\/\\\\/g' &lt;&lt;&lt; "'${login_banner_text}'")"
if grep -q "^\\s*banner-message-text\\s*=" "${DCONFFILE}"
then
        sed -i "s/\\s*banner-message-text\\s*=\\s*.*/banner-message-text=${escaped_value}/g" "${DCONFFILE}"
    else
        sed -i "\\|\\[org/gnome/login-screen\\]|a\\banner-message-text=${escaped_value}" "${DCONFFILE}"
fi
# Make sure permissions allow regular users to read dconf settings.
# Also define the umask to avoid `dconf update` changing permissions.
chmod -R u=rwX,go=rX /etc/dconf/db
(umask 0022 &amp;&amp; dconf update)
# No need to use dconf update, since bash_dconf_settings does that already

else
    &gt;&amp;2 echo 'Remediation is not applicable, nothing was done'
fi
</fix>
            <check system="http://oval.mitre.org/XMLSchema/oval-definitions-5">
              <check-export export-name="oval:ssg-login_banner_text:var:1" value-id="xccdf_org.ssgproject.content_value_login_banner_text"/>
              <check-content-ref name="oval:ssg-dconf_gnome_login_banner_text:def:1" href="ssg-ubuntu2404-oval.xml"/>
            </check>
            <check system="http://scap.nist.gov/schema/ocil/2">
              <check-content-ref name="ocil:ssg-dconf_gnome_login_banner_text_ocil:questionnaire:1" href="ssg-ubuntu2404-ocil.xml"/>
            </check>
          </Rule>
        </Group>
      </Group>
      <Group id="xccdf_org.ssgproject.content_group_accounts-pam">
        <title xmlns:xhtml="http://www.w3.org/1999/xhtml" xml:lang="en-US">Protect Accounts by Configuring PAM</title>
        <description xmlns:xhtml="http://www.w3.org/1999/xhtml" xml:lang="en-US">PAM, or Pluggable Authentication Modules, is a system
which implements modular authentication for Linux programs. PAM provides
a flexible and configurable architecture for authentication, and it should be configured
to minimize exposure to unnecessary risk. This section contains
guidance on how to accomplish that.
<html:br xmlns:html="http://www.w3.org/1999/xhtml"/>
       <html:br xmlns:html="http://www.w3.org/1999/xhtml"/>
PAM is implemented as a set of shared objects which are
loaded and invoked whenever an application wishes to authenticate a
user. Typically, the application must be running as root in order
to take advantage of PAM, because PAM's modules often need to be able
to access sensitive stores of account information, such as /etc/shadow.
Traditional privileged network listeners
(e.g. sshd) or SUID programs (e.g. sudo) already meet this
requirement. An SUID root application, userhelper, is provided so
that programs which are not SUID or privileged themselves can still
take advantage of PAM.
<html:br xmlns:html="http://www.w3.org/1999/xhtml"/>
       <html:br xmlns:html="http://www.w3.org/1999/xhtml"/>
PAM looks in the directory <html:code xmlns:html="http://www.w3.org/1999/xhtml">/etc/pam.d</html:code> for
application-specific configuration information. For instance, if
the program login attempts to authenticate a user, then PAM's
libraries follow the instructions in the file <html:code xmlns:html="http://www.w3.org/1999/xhtml">/etc/pam.d/login</html:code>
to determine what actions should be taken.
<html:br xmlns:html="http://www.w3.org/1999/xhtml"/>
       <html:br xmlns:html="http://www.w3.org/1999/xhtml"/>
One very important file in <html:code xmlns:html="http://www.w3.org/1999/xhtml">/etc/pam.d</html:code> is
<html:code xmlns:html="http://www.w3.org/1999/xhtml">/etc/pam.d/system-auth</html:code>. This file, which is included by
many other PAM configuration files, defines 'default' system authentication
measures. Modifying this file is a good way to make far-reaching
authentication changes, for instance when implementing a
centralized authentication service.</description>
        <warning xmlns:xhtml="http://www.w3.org/1999/xhtml" xml:lang="en-US" category="functionality">Be careful when making changes to PAM's configuration files.
The syntax for these files is complex, and modifications can
have unexpected consequences. The default configurations shipped
with applications should be sufficient for most users.</warning>
        <warning xmlns:xhtml="http://www.w3.org/1999/xhtml" xml:lang="en-US" category="functionality">Running <html:code xmlns:html="http://www.w3.org/1999/xhtml">authconfig</html:code> or <html:code xmlns:html="http://www.w3.org/1999/xhtml">system-config-authentication</html:code>
will re-write the PAM configuration files, destroying any manually
made changes and replacing them with a series of system defaults.
One reference to the configuration file syntax can be found at

<html:a xmlns:html="http://www.w3.org/1999/xhtml" href="https://fossies.org/linux/Linux-PAM-docs/doc/sag/Linux-PAM_SAG.pdf">https://fossies.org/linux/Linux-PAM-docs/doc/sag/Linux-PAM_SAG.pdf</html:a>.</warning>
        <Value id="xccdf_org.ssgproject.content_value_var_password_hashing_algorithm" type="string">
          <title xmlns:xhtml="http://www.w3.org/1999/xhtml" xml:lang="en-US">Password Hashing algorithm</title>
          <description xmlns:xhtml="http://www.w3.org/1999/xhtml" xml:lang="en-US">Specify the system default encryption algorithm for encrypting passwords.
Defines the value set as ENCRYPT_METHOD in /etc/login.defs.</description>
          <value>SHA512</value>
          <value selector="SHA512">SHA512</value>
          <value selector="SHA256">SHA256</value>
          <value selector="yescrypt">YESCRYPT</value>
          <value selector="cis_ubuntu2404">SHA512|YESCRYPT</value>
        </Value>
        <Value id="xccdf_org.ssgproject.content_value_var_password_hashing_algorithm_pam" type="string">
          <title xmlns:xhtml="http://www.w3.org/1999/xhtml" xml:lang="en-US">Password Hashing algorithm for pam_unix.so</title>
          <description xmlns:xhtml="http://www.w3.org/1999/xhtml" xml:lang="en-US">Specify the system default encryption algorithm for encrypting passwords.
Defines the hashing algorithm to be used in pam_unix.so.</description>
          <value>sha512</value>
          <value selector="sha512">sha512</value>
          <value selector="yescrypt">yescrypt</value>
        </Value>
        <Rule id="xccdf_org.ssgproject.content_rule_package_pam_modules_installed" selected="false" role="full" severity="medium">
          <title xmlns:xhtml="http://www.w3.org/1999/xhtml" xml:lang="en-US">Install pam-modules Package</title>
          <description xmlns:xhtml="http://www.w3.org/1999/xhtml" xml:lang="en-US">The <html:code xmlns:html="http://www.w3.org/1999/xhtml">libpam-modules</html:code> package can be installed with the following command:
<html:pre xmlns:html="http://www.w3.org/1999/xhtml">
$ apt-get install libpam-modules</html:pre>
       </description>
          <reference href="https://www.cisecurity.org/benchmark/ubuntu_linux/">5.3.1.2</reference>
          <rationale xmlns:xhtml="http://www.w3.org/1999/xhtml" xml:lang="en-US">libpam-modules contains PAM modules that are needed
by other rules when configuring PAM options.</rationale>
          <platform idref="#package_pam"/>
          <fix xmlns:xhtml="http://www.w3.org/1999/xhtml" id="package_pam_modules_installed" system="urn:redhat:osbuild:blueprint">
[[packages]]
name = "libpam-modules"
version = "*"
</fix>
          <fix xmlns:xhtml="http://www.w3.org/1999/xhtml" id="package_pam_modules_installed" system="urn:xccdf:fix:script:puppet" complexity="low" disruption="low" strategy="enable">include install_libpam-modules

class install_libpam-modules {
  package { 'libpam-modules':
    ensure =&gt; 'installed',
  }
}
</fix>
          <fix xmlns:xhtml="http://www.w3.org/1999/xhtml" id="package_pam_modules_installed" system="urn:xccdf:fix:script:ansible" complexity="low" disruption="low" strategy="enable">- name: Gather the package facts
  package_facts:
    manager: auto
  tags:
  - enable_strategy
  - low_complexity
  - low_disruption
  - medium_severity
  - no_reboot_needed
  - package_pam_modules_installed

- name: Ensure libpam-modules is installed
  package:
    name: libpam-modules
    state: present
  when: '"libpam-runtime" in ansible_facts.packages'
  tags:
  - enable_strategy
  - low_complexity
  - low_disruption
  - medium_severity
  - no_reboot_needed
  - package_pam_modules_installed
</fix>
          <fix xmlns:xhtml="http://www.w3.org/1999/xhtml" id="package_pam_modules_installed" system="urn:xccdf:fix:script:sh" complexity="low" disruption="low" strategy="enable"># Remediation is applicable only in certain platforms
if dpkg-query --show --showformat='${db:Status-Status}\n' 'libpam-runtime' 2&gt;/dev/null | grep -q '^installed'; then

DEBIAN_FRONTEND=noninteractive apt-get install -y "libpam-modules"

else
    &gt;&amp;2 echo 'Remediation is not applicable, nothing was done'
fi
</fix>
          <check system="http://oval.mitre.org/XMLSchema/oval-definitions-5">
            <check-content-ref name="oval:ssg-package_pam_modules_installed:def:1" href="ssg-ubuntu2404-oval.xml"/>
          </check>
        </Rule>
        <Rule id="xccdf_org.ssgproject.content_rule_package_pam_pwquality_installed" selected="false" role="full" severity="medium">
          <title xmlns:xhtml="http://www.w3.org/1999/xhtml" xml:lang="en-US">Install pam_pwquality Package</title>
          <description xmlns:xhtml="http://www.w3.org/1999/xhtml" xml:lang="en-US">
The <html:code xmlns:html="http://www.w3.org/1999/xhtml">libpam-pwquality</html:code> package can be installed with the following command:
<html:pre xmlns:html="http://www.w3.org/1999/xhtml">
$ apt-get install libpam-pwquality</html:pre>
       </description>
          <reference href="https://public.cyber.mil/stigs/cci/">CCI-000366</reference>
          <reference href="https://public.cyber.mil/stigs/downloads/?_dl_facet_stigs=operating-systems%2Cgeneral-purpose-os">SRG-OS-000480-GPOS-00225</reference>
          <reference href="https://www.cisecurity.org/benchmark/ubuntu_linux/">5.3.1.3</reference>
          <rationale xmlns:xhtml="http://www.w3.org/1999/xhtml" xml:lang="en-US">Use of a complex password helps to increase the time and resources required
to compromise the password. Password complexity, or strength, is a measure
of the effectiveness of a password in resisting attempts at guessing and
brute-force attacks. "pwquality" enforces complex password construction
configuration and has the ability to limit brute-force attacks on the system.</rationale>
          <platform idref="#package_pam"/>
          <fix xmlns:xhtml="http://www.w3.org/1999/xhtml" id="package_pam_pwquality_installed" system="urn:redhat:osbuild:blueprint">
[[packages]]
name = "libpam-pwquality"
version = "*"
</fix>
          <fix xmlns:xhtml="http://www.w3.org/1999/xhtml" id="package_pam_pwquality_installed" system="urn:xccdf:fix:script:puppet" complexity="low" disruption="low" strategy="enable">include install_libpam-pwquality

class install_libpam-pwquality {
  package { 'libpam-pwquality':
    ensure =&gt; 'installed',
  }
}
</fix>
          <fix xmlns:xhtml="http://www.w3.org/1999/xhtml" id="package_pam_pwquality_installed" system="urn:xccdf:fix:script:ansible" complexity="low" disruption="low" strategy="enable">- name: Gather the package facts
  package_facts:
    manager: auto
  tags:
  - enable_strategy
  - low_complexity
  - low_disruption
  - medium_severity
  - no_reboot_needed
  - package_pam_pwquality_installed

- name: Ensure libpam-pwquality is installed
  package:
    name: libpam-pwquality
    state: present
  when: '"libpam-runtime" in ansible_facts.packages'
  tags:
  - enable_strategy
  - low_complexity
  - low_disruption
  - medium_severity
  - no_reboot_needed
  - package_pam_pwquality_installed
</fix>
          <fix xmlns:xhtml="http://www.w3.org/1999/xhtml" id="package_pam_pwquality_installed" system="urn:xccdf:fix:script:sh" complexity="low" disruption="low" strategy="enable"># Remediation is applicable only in certain platforms
if dpkg-query --show --showformat='${db:Status-Status}\n' 'libpam-runtime' 2&gt;/dev/null | grep -q '^installed'; then

DEBIAN_FRONTEND=noninteractive apt-get install -y "libpam-pwquality"

else
    &gt;&amp;2 echo 'Remediation is not applicable, nothing was done'
fi
</fix>
          <check system="http://oval.mitre.org/XMLSchema/oval-definitions-5">
            <check-content-ref name="oval:ssg-package_pam_pwquality_installed:def:1" href="ssg-ubuntu2404-oval.xml"/>
          </check>
          <check system="http://scap.nist.gov/schema/ocil/2">
            <check-content-ref name="ocil:ssg-package_pam_pwquality_installed_ocil:questionnaire:1" href="ssg-ubuntu2404-ocil.xml"/>
          </check>
        </Rule>
        <Rule id="xccdf_org.ssgproject.content_rule_package_pam_runtime_installed" selected="false" role="full" severity="medium">
          <title xmlns:xhtml="http://www.w3.org/1999/xhtml" xml:lang="en-US">Install pam-runtime Package</title>
          <description xmlns:xhtml="http://www.w3.org/1999/xhtml" xml:lang="en-US">The <html:code xmlns:html="http://www.w3.org/1999/xhtml">libpam-runtime</html:code> package can be installed with the following command:
<html:pre xmlns:html="http://www.w3.org/1999/xhtml">
$ apt-get install libpam-runtime</html:pre>
       </description>
          <reference href="https://www.cisecurity.org/benchmark/ubuntu_linux/">5.3.1.1</reference>
          <rationale xmlns:xhtml="http://www.w3.org/1999/xhtml" xml:lang="en-US">libpam-runtime contains configuration that is needed
by other rules when configuring PAM options.</rationale>
          <fix xmlns:xhtml="http://www.w3.org/1999/xhtml" id="package_pam_runtime_installed" system="urn:redhat:osbuild:blueprint">
[[packages]]
name = "libpam-runtime"
version = "*"
</fix>
          <fix xmlns:xhtml="http://www.w3.org/1999/xhtml" id="package_pam_runtime_installed" system="urn:xccdf:fix:script:puppet" complexity="low" disruption="low" strategy="enable">include install_libpam-runtime

class install_libpam-runtime {
  package { 'libpam-runtime':
    ensure =&gt; 'installed',
  }
}
</fix>
          <fix xmlns:xhtml="http://www.w3.org/1999/xhtml" id="package_pam_runtime_installed" system="urn:xccdf:fix:script:ansible" complexity="low" disruption="low" strategy="enable">- name: Ensure libpam-runtime is installed
  package:
    name: libpam-runtime
    state: present
  tags:
  - enable_strategy
  - low_complexity
  - low_disruption
  - medium_severity
  - no_reboot_needed
  - package_pam_runtime_installed
</fix>
          <fix xmlns:xhtml="http://www.w3.org/1999/xhtml" id="package_pam_runtime_installed" system="urn:xccdf:fix:script:sh" complexity="low" disruption="low" strategy="enable">
DEBIAN_FRONTEND=noninteractive apt-get install -y "libpam-runtime"
</fix>
          <check system="http://oval.mitre.org/XMLSchema/oval-definitions-5">
            <check-content-ref name="oval:ssg-package_pam_runtime_installed:def:1" href="ssg-ubuntu2404-oval.xml"/>
          </check>
        </Rule>
        <Rule id="xccdf_org.ssgproject.content_rule_accounts_password_pam_unix_enabled" selected="false" role="full" severity="medium">
          <title xmlns:xhtml="http://www.w3.org/1999/xhtml" xml:lang="en-US">Verify pam_unix module is activated</title>
          <description xmlns:xhtml="http://www.w3.org/1999/xhtml" xml:lang="en-US"><html:code xmlns:html="http://www.w3.org/1999/xhtml">pam_unix</html:code> is the standard Unix authentication module. It uses standard calls from the
system's libraries to retrieve and set account information as well as authentication.
Usually this is obtained from the <html:code xmlns:html="http://www.w3.org/1999/xhtml">/etc/passwd</html:code> and if shadow is enabled, the
<html:code xmlns:html="http://www.w3.org/1999/xhtml">/etc/shadow</html:code> file as well.
<html:br xmlns:html="http://www.w3.org/1999/xhtml"/>
        <html:br xmlns:html="http://www.w3.org/1999/xhtml"/>
The account component performs the task of establishing the status of the user's
account and password based on the following shadow elements: <html:code xmlns:html="http://www.w3.org/1999/xhtml">expire,
last_change, max_change, min_change, warn_change</html:code>. In the case of the latter, it may
offer advice to the user on changing their password or, through the
<html:code xmlns:html="http://www.w3.org/1999/xhtml">PAM_AUTHTOKEN_REQD</html:code> return, delay giving service to the user until they have
established a new password. The entries listed above are documented in the shadow(5)
manual page. Should the user's record not contain one or more of these entries, the
corresponding shadow check is not performed.
<html:br xmlns:html="http://www.w3.org/1999/xhtml"/>
        <html:br xmlns:html="http://www.w3.org/1999/xhtml"/>
The authentication component performs the task of checking the users credentials
(password). The default action of this module is to not permit the user access to a
service if their official password is blank.</description>
          <reference href="https://www.cisecurity.org/benchmark/ubuntu_linux/">5.3.2.1</reference>
          <rationale xmlns:xhtml="http://www.w3.org/1999/xhtml" xml:lang="en-US">The system should only provide access after performing authentication of a user.</rationale>
          <platform idref="#package_pam"/>
          <fix xmlns:xhtml="http://www.w3.org/1999/xhtml" id="accounts_password_pam_unix_enabled" system="urn:xccdf:fix:script:sh"># Remediation is applicable only in certain platforms
if dpkg-query --show --showformat='${db:Status-Status}\n' 'libpam-runtime' 2&gt;/dev/null | grep -q '^installed'; then

conf_name=cac_unix
conf_path="/usr/share/pam-configs"

if [ ! -f "$conf_path"/"$conf_name" ]; then
    if [ -f "$conf_path"/unix ]; then
        if grep -q "$(md5sum "$conf_path"/unix | cut -d ' ' -f 1)" /var/lib/dpkg/info/libpam-runtime.md5sums;then
            cp "$conf_path"/unix "$conf_path"/"$conf_name"
            sed -i 's/Priority: [0-9]\+/Priority: 257\
Conflicts: unix/' "$conf_path"/"$conf_name"
            DEBIAN_FRONTEND=noninteractive pam-auth-update
        else
            echo "Not applicable - checksum of $conf_path/unix does not match the original." &gt;&amp;2
        fi
    else
        echo "Not applicable - $conf_path/unix does not exist" &gt;&amp;2
    fi
fi

else
    &gt;&amp;2 echo 'Remediation is not applicable, nothing was done'
fi
</fix>
          <check system="http://oval.mitre.org/XMLSchema/oval-definitions-5">
            <check-content-ref name="oval:ssg-accounts_password_pam_unix_enabled:def:1" href="ssg-ubuntu2404-oval.xml"/>
          </check>
        </Rule>
        <Group id="xccdf_org.ssgproject.content_group_locking_out_password_attempts">
          <title xmlns:xhtml="http://www.w3.org/1999/xhtml" xml:lang="en-US">Set Lockouts for Failed Password Attempts</title>
          <description xmlns:xhtml="http://www.w3.org/1999/xhtml" xml:lang="en-US">The <html:code xmlns:html="http://www.w3.org/1999/xhtml">pam_faillock</html:code> PAM module provides the capability to
lock out user accounts after a number of failed login attempts. Its
documentation is available in
<html:code xmlns:html="http://www.w3.org/1999/xhtml">/usr/share/doc/pam-VERSION/txts/README.pam_faillock</html:code>.
<html:br xmlns:html="http://www.w3.org/1999/xhtml"/>
        <html:br xmlns:html="http://www.w3.org/1999/xhtml"/>
       </description>
          <warning xmlns:xhtml="http://www.w3.org/1999/xhtml" xml:lang="en-US" category="general">Locking out user accounts presents the
risk of a denial-of-service attack. The lockout policy
must weigh whether the risk of such a
denial-of-service attack outweighs the benefits of thwarting
password guessing attacks.</warning>
          <Value id="xccdf_org.ssgproject.content_value_var_accounts_passwords_pam_faillock_deny" type="number">
            <title xmlns:xhtml="http://www.w3.org/1999/xhtml" xml:lang="en-US">fail_deny</title>
            <description xmlns:xhtml="http://www.w3.org/1999/xhtml" xml:lang="en-US">Number of failed login attempts before account lockout</description>
            <value selector="10">10</value>
            <value selector="3">3</value>
            <value selector="4">4</value>
            <value selector="5">5</value>
            <value selector="6">6</value>
            <value selector="8">8</value>
            <value>3</value>
          </Value>
          <Value id="xccdf_org.ssgproject.content_value_var_accounts_passwords_pam_faillock_dir" type="string">
            <title xmlns:xhtml="http://www.w3.org/1999/xhtml" xml:lang="en-US">faillock directory</title>
            <description xmlns:xhtml="http://www.w3.org/1999/xhtml" xml:lang="en-US">The directory where the user files with the failure records are kept</description>
            <value selector="ol8">/var/log/faillock</value>
            <value>/var/log/faillock</value>
            <value selector="run">/var/run/faillock</value>
          </Value>
          <Value id="xccdf_org.ssgproject.content_value_var_accounts_passwords_pam_faillock_unlock_time" type="number">
            <title xmlns:xhtml="http://www.w3.org/1999/xhtml" xml:lang="en-US">fail_unlock_time</title>
            <description xmlns:xhtml="http://www.w3.org/1999/xhtml" xml:lang="en-US">Seconds before automatic unlocking or permanently locking after excessive failed logins</description>
            <value selector="1800">1800</value>
            <value selector="3600">3600</value>
            <value selector="600">600</value>
            <value selector="604800">604800</value>
            <value selector="86400">86400</value>
            <value selector="900">900</value>
            <value selector="300">300</value>
            <value>0</value>
            <value selector="never">0</value>
          </Value>
          <Value id="xccdf_org.ssgproject.content_value_var_password_pam_remember" type="number">
            <title xmlns:xhtml="http://www.w3.org/1999/xhtml" xml:lang="en-US">pwhistory_remember</title>
            <description xmlns:xhtml="http://www.w3.org/1999/xhtml" xml:lang="en-US">Prevent password re-use using password history lookup</description>
            <value selector="0">0</value>
            <value selector="1">1</value>
            <value selector="2">2</value>
            <value selector="3">3</value>
            <value selector="4">4</value>
            <value selector="5">5</value>
            <value selector="6">6</value>
            <value selector="7">7</value>
            <value selector="8">8</value>
            <value selector="9">9</value>
            <value selector="24">24</value>
            <value>5</value>
          </Value>
          <Rule id="xccdf_org.ssgproject.content_rule_accounts_password_pam_pwhistory_enabled" selected="false" role="full" severity="medium">
            <title xmlns:xhtml="http://www.w3.org/1999/xhtml" xml:lang="en-US">Verify pam_pwhistory module is activated</title>
            <description xmlns:xhtml="http://www.w3.org/1999/xhtml" xml:lang="en-US">The <html:code xmlns:html="http://www.w3.org/1999/xhtml">pam_pwhistory.so</html:code> module is part of the Pluggable Authentication Modules (PAM) 
framework designed to increase password security. It works by storing a history of previously 
used passwords for each user, ensuring users cannot alternate between the same passwords too frequently.
<html:br xmlns:html="http://www.w3.org/1999/xhtml"/>
         <html:br xmlns:html="http://www.w3.org/1999/xhtml"/>
This module is incompatible with Kerberos. Furthermore, its usage with <html:code xmlns:html="http://www.w3.org/1999/xhtml">NIS</html:code> or <html:code xmlns:html="http://www.w3.org/1999/xhtml">LDAP</html:code> is 
generally impractical, as other machines can not access local password histories.</description>
            <reference href="https://www.cisecurity.org/benchmark/ubuntu_linux/">5.3.2.4</reference>
            <rationale xmlns:xhtml="http://www.w3.org/1999/xhtml" xml:lang="en-US">Enforcing strong passwords increases the difficulty and resources required 
for password compromise.</rationale>
            <platform idref="#package_pam"/>
            <fix xmlns:xhtml="http://www.w3.org/1999/xhtml" id="accounts_password_pam_pwhistory_enabled" system="urn:xccdf:fix:script:sh"># Remediation is applicable only in certain platforms
if dpkg-query --show --showformat='${db:Status-Status}\n' 'libpam-runtime' 2&gt;/dev/null | grep -q '^installed'; then

if [ -f /usr/bin/authselect ]; then
    if authselect list-features sssd | grep -q with-pwhistory; then
        if ! authselect check; then
        echo "
        authselect integrity check failed. Remediation aborted!
        This remediation could not be applied because an authselect profile was not selected or the selected profile is not intact.
        It is not recommended to manually edit the PAM files when authselect tool is available.
        In cases where the default authselect profile does not cover a specific demand, a custom authselect profile is recommended."
        exit 1
        fi
        authselect enable-feature with-pwhistory

        authselect apply-changes -b
    else
        
        if ! authselect check; then
        echo "
        authselect integrity check failed. Remediation aborted!
        This remediation could not be applied because an authselect profile was not selected or the selected profile is not intact.
        It is not recommended to manually edit the PAM files when authselect tool is available.
        In cases where the default authselect profile does not cover a specific demand, a custom authselect profile is recommended."
        exit 1
        fi

        CURRENT_PROFILE=$(authselect current -r | awk '{ print $1 }')
        # If not already in use, a custom profile is created preserving the enabled features.
        if [[ ! $CURRENT_PROFILE == custom/* ]]; then
            ENABLED_FEATURES=$(authselect current | tail -n+3 | awk '{ print $2 }')
            # The "local" profile does not contain essential security features required by multiple Benchmarks.
            # If currently used, it is replaced by "sssd", which is the best option in this case.
            if [[ $CURRENT_PROFILE == local ]]; then
                CURRENT_PROFILE="sssd"
            fi
            authselect create-profile hardening -b $CURRENT_PROFILE
            CURRENT_PROFILE="custom/hardening"
            
            authselect apply-changes -b --backup=before-hardening-custom-profile
            authselect select $CURRENT_PROFILE
            for feature in $ENABLED_FEATURES; do
                authselect enable-feature $feature;
            done
            
            authselect apply-changes -b --backup=after-hardening-custom-profile
        fi
        PAM_FILE_NAME=$(basename "cac_pwhistory")
        PAM_FILE_PATH="/etc/authselect/$CURRENT_PROFILE/$PAM_FILE_NAME"

        authselect apply-changes -b
        
        if ! grep -qP "^\s*password\s+requisite\s+pam_pwhistory.so\s*.*" "$PAM_FILE_PATH"; then
            # Line matching group + control + module was not found. Check group + module.
            if [ "$(grep -cP '^\s*password\s+.*\s+pam_pwhistory.so\s*' "$PAM_FILE_PATH")" -eq 1 ]; then
                # The control is updated only if one single line matches.
                sed -i -E --follow-symlinks "s/^(\s*password\s+).*(\bpam_pwhistory.so.*)/\1requisite \2/" "$PAM_FILE_PATH"
            else
                echo "password    requisite    pam_pwhistory.so" &gt;&gt; "$PAM_FILE_PATH"
            fi
        fi
    fi
else

conf_name=cac_pwhistory
conf_path="/usr/share/pam-configs"

if [ ! -f "$conf_path"/"$conf_name" ]; then
    cat &lt;&lt; EOF &gt; "$conf_path"/"$conf_name"
Name: pwhistory password history checking
Default: yes
Priority: 1024
Password-Type: Primary
Password: requisite pam_pwhistory.so remember=24 enforce_for_root try_first_pass use_authtok
Password-Initial: requisite pam_pwhistory.so remember=24 enforce_for_root try_first_pass
EOF
fi

DEBIAN_FRONTEND=noninteractive pam-auth-update

fi

else
    &gt;&amp;2 echo 'Remediation is not applicable, nothing was done'
fi
</fix>
            <check system="http://oval.mitre.org/XMLSchema/oval-definitions-5">
              <check-content-ref name="oval:ssg-accounts_password_pam_pwhistory_enabled:def:1" href="ssg-ubuntu2404-oval.xml"/>
            </check>
          </Rule>
          <Rule id="xccdf_org.ssgproject.content_rule_accounts_password_pam_pwhistory_enforce_root" selected="false" role="full" severity="medium">
            <title xmlns:xhtml="http://www.w3.org/1999/xhtml" xml:lang="en-US">Limit Password Reuse</title>
            <description xmlns:xhtml="http://www.w3.org/1999/xhtml" xml:lang="en-US">Do not allow root to reuse recent passwords. This can be
accomplished by using the <html:code xmlns:html="http://www.w3.org/1999/xhtml">enforce_for_root</html:code> option for the
<html:code xmlns:html="http://www.w3.org/1999/xhtml">pam_pwhistory</html:code> PAM modules.
<html:br xmlns:html="http://www.w3.org/1999/xhtml"/>
         <html:br xmlns:html="http://www.w3.org/1999/xhtml"/>
In the file <html:code xmlns:html="http://www.w3.org/1999/xhtml">/etc/pam.d/common-password</html:code>, make sure the parameters
<html:code xmlns:html="http://www.w3.org/1999/xhtml">enforce_for_root</html:code> is present.</description>
            <reference href="https://www.cisecurity.org/benchmark/ubuntu_linux/">5.3.3.3.2</reference>
            <rationale xmlns:xhtml="http://www.w3.org/1999/xhtml" xml:lang="en-US">Preventing re-use of previous passwords helps ensure that a compromised password is not re-used by a user.</rationale>
            <platform idref="#package_pam"/>
            <fix xmlns:xhtml="http://www.w3.org/1999/xhtml" id="accounts_password_pam_pwhistory_enforce_root" system="urn:xccdf:fix:script:sh"># Remediation is applicable only in certain platforms
if dpkg-query --show --showformat='${db:Status-Status}\n' 'libpam-runtime' 2&gt;/dev/null | grep -q '^installed'; then

if [ -f /usr/bin/authselect ]; then
    if authselect list-features sssd | grep -q with-pwhistory; then
        if ! authselect check; then
        echo "
        authselect integrity check failed. Remediation aborted!
        This remediation could not be applied because an authselect profile was not selected or the selected profile is not intact.
        It is not recommended to manually edit the PAM files when authselect tool is available.
        In cases where the default authselect profile does not cover a specific demand, a custom authselect profile is recommended."
        exit 1
        fi
        authselect enable-feature with-pwhistory

        authselect apply-changes -b
    else
        
        if ! authselect check; then
        echo "
        authselect integrity check failed. Remediation aborted!
        This remediation could not be applied because an authselect profile was not selected or the selected profile is not intact.
        It is not recommended to manually edit the PAM files when authselect tool is available.
        In cases where the default authselect profile does not cover a specific demand, a custom authselect profile is recommended."
        exit 1
        fi

        CURRENT_PROFILE=$(authselect current -r | awk '{ print $1 }')
        # If not already in use, a custom profile is created preserving the enabled features.
        if [[ ! $CURRENT_PROFILE == custom/* ]]; then
            ENABLED_FEATURES=$(authselect current | tail -n+3 | awk '{ print $2 }')
            # The "local" profile does not contain essential security features required by multiple Benchmarks.
            # If currently used, it is replaced by "sssd", which is the best option in this case.
            if [[ $CURRENT_PROFILE == local ]]; then
                CURRENT_PROFILE="sssd"
            fi
            authselect create-profile hardening -b $CURRENT_PROFILE
            CURRENT_PROFILE="custom/hardening"
            
            authselect apply-changes -b --backup=before-hardening-custom-profile
            authselect select $CURRENT_PROFILE
            for feature in $ENABLED_FEATURES; do
                authselect enable-feature $feature;
            done
            
            authselect apply-changes -b --backup=after-hardening-custom-profile
        fi
        PAM_FILE_NAME=$(basename "cac_pwhistory")
        PAM_FILE_PATH="/etc/authselect/$CURRENT_PROFILE/$PAM_FILE_NAME"

        authselect apply-changes -b
        
        if ! grep -qP "^\s*password\s+requisite\s+pam_pwhistory.so\s*.*" "$PAM_FILE_PATH"; then
            # Line matching group + control + module was not found. Check group + module.
            if [ "$(grep -cP '^\s*password\s+.*\s+pam_pwhistory.so\s*' "$PAM_FILE_PATH")" -eq 1 ]; then
                # The control is updated only if one single line matches.
                sed -i -E --follow-symlinks "s/^(\s*password\s+).*(\bpam_pwhistory.so.*)/\1requisite \2/" "$PAM_FILE_PATH"
            else
                echo "password    requisite    pam_pwhistory.so" &gt;&gt; "$PAM_FILE_PATH"
            fi
        fi
    fi
else

conf_name=cac_pwhistory
conf_path="/usr/share/pam-configs"

if [ ! -f "$conf_path"/"$conf_name" ]; then
    cat &lt;&lt; EOF &gt; "$conf_path"/"$conf_name"
Name: pwhistory password history checking
Default: yes
Priority: 1024
Password-Type: Primary
Password: requisite pam_pwhistory.so remember=24 enforce_for_root try_first_pass use_authtok
Password-Initial: requisite pam_pwhistory.so remember=24 enforce_for_root try_first_pass
EOF
fi

DEBIAN_FRONTEND=noninteractive pam-auth-update

fi
conf_file=/usr/share/pam-configs/cac_pwhistory
if ! grep -qE 'pam_pwhistory\.so\s+[^#\n]*\benforce_for_root\b' "$conf_file"; then
	sed -i -E '/^Password:/,/^[^[:space:]]/ {
    /pam_pwhistory\.so/ {
        s/$/ enforce_for_root/g
    }
    }' "$conf_file"

    sed -i -E '/^Password-Initial:/,/^[^[:space:]]/ {
    /pam_pwhistory\.so/ {
        s/$/ enforce_for_root/g
    }
    }' "$conf_file"
fi

DEBIAN_FRONTEND=noninteractive pam-auth-update --enable cac_pwhistory

else
    &gt;&amp;2 echo 'Remediation is not applicable, nothing was done'
fi
</fix>
            <check system="http://oval.mitre.org/XMLSchema/oval-definitions-5">
              <check-content-ref name="oval:ssg-accounts_password_pam_pwhistory_enforce_root:def:1" href="ssg-ubuntu2404-oval.xml"/>
            </check>
          </Rule>
          <Rule id="xccdf_org.ssgproject.content_rule_accounts_password_pam_pwhistory_remember" selected="false" role="full" severity="medium">
            <title xmlns:xhtml="http://www.w3.org/1999/xhtml" xml:lang="en-US">Limit Password Reuse</title>
            <description xmlns:xhtml="http://www.w3.org/1999/xhtml" xml:lang="en-US">Do not allow users to reuse recent passwords. This can be
accomplished by using the <html:code xmlns:html="http://www.w3.org/1999/xhtml">remember</html:code> option for the
<html:code xmlns:html="http://www.w3.org/1999/xhtml">pam_pwhistory</html:code> PAM modules.
<html:br xmlns:html="http://www.w3.org/1999/xhtml"/>
         <html:br xmlns:html="http://www.w3.org/1999/xhtml"/>
In the file <html:code xmlns:html="http://www.w3.org/1999/xhtml">/etc/pam.d/common-password</html:code>, make sure the parameters
<html:code xmlns:html="http://www.w3.org/1999/xhtml">remember</html:code> and <html:code xmlns:html="http://www.w3.org/1999/xhtml">use_authtok</html:code> are present, and that the value
for the <html:code xmlns:html="http://www.w3.org/1999/xhtml">remember</html:code> parameter is <xccdf-1.2:sub xmlns:xccdf-1.2="http://checklists.nist.gov/xccdf/1.2" idref="xccdf_org.ssgproject.content_value_var_password_pam_remember" use="legacy"/> or greater. For example:
<html:pre xmlns:html="http://www.w3.org/1999/xhtml" xmlns:xccdf-1.2="http://checklists.nist.gov/xccdf/1.2">password requisite pam_pwhistory.so <html:i>...existing_options...</html:i> remember=<xccdf-1.2:sub idref="xccdf_org.ssgproject.content_value_var_password_pam_remember" use="legacy"/> use_authtok</html:pre>
The DoD STIG requirement is 5 passwords.</description>
            <reference href="https://public.cyber.mil/stigs/cci/">CCI-000200</reference>
            <reference href="https://public.cyber.mil/stigs/downloads/?_dl_facet_stigs=operating-systems%2Cgeneral-purpose-os">SRG-OS-000077-GPOS-00045</reference>
            <reference href="https://www.cisecurity.org/benchmark/ubuntu_linux/">5.3.3.3.1</reference>
            <rationale xmlns:xhtml="http://www.w3.org/1999/xhtml" xml:lang="en-US">Preventing re-use of previous passwords helps ensure that a compromised password is not re-used by a user.</rationale>
            <platform idref="#package_pam"/>
            <fix xmlns:xhtml="http://www.w3.org/1999/xhtml" id="accounts_password_pam_pwhistory_remember" system="urn:xccdf:fix:script:sh"># Remediation is applicable only in certain platforms
if dpkg-query --show --showformat='${db:Status-Status}\n' 'libpam-runtime' 2&gt;/dev/null | grep -q '^installed'; then

if [ -f /usr/bin/authselect ]; then
    if authselect list-features sssd | grep -q with-pwhistory; then
        if ! authselect check; then
        echo "
        authselect integrity check failed. Remediation aborted!
        This remediation could not be applied because an authselect profile was not selected or the selected profile is not intact.
        It is not recommended to manually edit the PAM files when authselect tool is available.
        In cases where the default authselect profile does not cover a specific demand, a custom authselect profile is recommended."
        exit 1
        fi
        authselect enable-feature with-pwhistory

        authselect apply-changes -b
    else
        
        if ! authselect check; then
        echo "
        authselect integrity check failed. Remediation aborted!
        This remediation could not be applied because an authselect profile was not selected or the selected profile is not intact.
        It is not recommended to manually edit the PAM files when authselect tool is available.
        In cases where the default authselect profile does not cover a specific demand, a custom authselect profile is recommended."
        exit 1
        fi

        CURRENT_PROFILE=$(authselect current -r | awk '{ print $1 }')
        # If not already in use, a custom profile is created preserving the enabled features.
        if [[ ! $CURRENT_PROFILE == custom/* ]]; then
            ENABLED_FEATURES=$(authselect current | tail -n+3 | awk '{ print $2 }')
            # The "local" profile does not contain essential security features required by multiple Benchmarks.
            # If currently used, it is replaced by "sssd", which is the best option in this case.
            if [[ $CURRENT_PROFILE == local ]]; then
                CURRENT_PROFILE="sssd"
            fi
            authselect create-profile hardening -b $CURRENT_PROFILE
            CURRENT_PROFILE="custom/hardening"
            
            authselect apply-changes -b --backup=before-hardening-custom-profile
            authselect select $CURRENT_PROFILE
            for feature in $ENABLED_FEATURES; do
                authselect enable-feature $feature;
            done
            
            authselect apply-changes -b --backup=after-hardening-custom-profile
        fi
        PAM_FILE_NAME=$(basename "cac_pwhistory")
        PAM_FILE_PATH="/etc/authselect/$CURRENT_PROFILE/$PAM_FILE_NAME"

        authselect apply-changes -b
        
        if ! grep -qP "^\s*password\s+requisite\s+pam_pwhistory.so\s*.*" "$PAM_FILE_PATH"; then
            # Line matching group + control + module was not found. Check group + module.
            if [ "$(grep -cP '^\s*password\s+.*\s+pam_pwhistory.so\s*' "$PAM_FILE_PATH")" -eq 1 ]; then
                # The control is updated only if one single line matches.
                sed -i -E --follow-symlinks "s/^(\s*password\s+).*(\bpam_pwhistory.so.*)/\1requisite \2/" "$PAM_FILE_PATH"
            else
                echo "password    requisite    pam_pwhistory.so" &gt;&gt; "$PAM_FILE_PATH"
            fi
        fi
    fi
else

conf_name=cac_pwhistory
conf_path="/usr/share/pam-configs"

if [ ! -f "$conf_path"/"$conf_name" ]; then
    cat &lt;&lt; EOF &gt; "$conf_path"/"$conf_name"
Name: pwhistory password history checking
Default: yes
Priority: 1024
Password-Type: Primary
Password: requisite pam_pwhistory.so remember=24 enforce_for_root try_first_pass use_authtok
Password-Initial: requisite pam_pwhistory.so remember=24 enforce_for_root try_first_pass
EOF
fi

DEBIAN_FRONTEND=noninteractive pam-auth-update

fi

var_password_pam_remember='<xccdf-1.2:sub xmlns:xccdf-1.2="http://checklists.nist.gov/xccdf/1.2" idref="xccdf_org.ssgproject.content_value_var_password_pam_remember" use="legacy"/>'


sed -i -E '/^Password:/,/^[^[:space:]]/ {
    /pam_pwhistory\.so/ {
        s/\s*remember=[^[:space:]]*//g
        s/$/ remember='"$var_password_pam_remember"'/g
    }
}' /usr/share/pam-configs/cac_pwhistory

sed -i -E '/^Password-Initial:/,/^[^[:space:]]/ {
    /pam_pwhistory\.so/ {
        s/\s*remember=[^[:space:]]*//g
        s/$/ remember='"$var_password_pam_remember"'/g
    }
}' /usr/share/pam-configs/cac_pwhistory

DEBIAN_FRONTEND=noninteractive pam-auth-update --enable cac_pwhistory

else
    &gt;&amp;2 echo 'Remediation is not applicable, nothing was done'
fi
</fix>
            <check system="http://oval.mitre.org/XMLSchema/oval-definitions-5">
              <check-export export-name="oval:ssg-var_password_pam_remember:var:1" value-id="xccdf_org.ssgproject.content_value_var_password_pam_remember"/>
              <check-content-ref name="oval:ssg-accounts_password_pam_pwhistory_remember:def:1" href="ssg-ubuntu2404-oval.xml"/>
            </check>
            <check system="http://scap.nist.gov/schema/ocil/2">
              <check-content-ref name="ocil:ssg-accounts_password_pam_pwhistory_remember_ocil:questionnaire:1" href="ssg-ubuntu2404-ocil.xml"/>
            </check>
          </Rule>
          <Rule id="xccdf_org.ssgproject.content_rule_accounts_password_pam_pwhistory_use_authtok" selected="false" role="full" severity="medium">
            <title xmlns:xhtml="http://www.w3.org/1999/xhtml" xml:lang="en-US">Enforce Password History with use_authtok</title>
            <description xmlns:xhtml="http://www.w3.org/1999/xhtml" xml:lang="en-US">The <html:code xmlns:html="http://www.w3.org/1999/xhtml">use_authtok</html:code> option ensures the pam_pwhistory module uses the new
password provided by a previously stacked PAM module during password
changes, rather than prompting the user again.</description>
            <reference href="https://www.cisecurity.org/benchmark/ubuntu_linux/">5.3.3.3.3</reference>
            <rationale xmlns:xhtml="http://www.w3.org/1999/xhtml" xml:lang="en-US">The <html:code xmlns:html="http://www.w3.org/1999/xhtml">use_authtok</html:code> option allows multiple PAM modules to validate the new
password before it is accepted, ensuring it meets all security requirements
without requiring the user to re-enter it multiple times.</rationale>
            <platform idref="#package_pam"/>
            <fix xmlns:xhtml="http://www.w3.org/1999/xhtml" id="accounts_password_pam_pwhistory_use_authtok" system="urn:xccdf:fix:script:sh"># Remediation is applicable only in certain platforms
if dpkg-query --show --showformat='${db:Status-Status}\n' 'libpam-runtime' 2&gt;/dev/null | grep -q '^installed'; then

if [ -f /usr/bin/authselect ]; then
    if authselect list-features sssd | grep -q with-pwhistory; then
        if ! authselect check; then
        echo "
        authselect integrity check failed. Remediation aborted!
        This remediation could not be applied because an authselect profile was not selected or the selected profile is not intact.
        It is not recommended to manually edit the PAM files when authselect tool is available.
        In cases where the default authselect profile does not cover a specific demand, a custom authselect profile is recommended."
        exit 1
        fi
        authselect enable-feature with-pwhistory

        authselect apply-changes -b
    else
        
        if ! authselect check; then
        echo "
        authselect integrity check failed. Remediation aborted!
        This remediation could not be applied because an authselect profile was not selected or the selected profile is not intact.
        It is not recommended to manually edit the PAM files when authselect tool is available.
        In cases where the default authselect profile does not cover a specific demand, a custom authselect profile is recommended."
        exit 1
        fi

        CURRENT_PROFILE=$(authselect current -r | awk '{ print $1 }')
        # If not already in use, a custom profile is created preserving the enabled features.
        if [[ ! $CURRENT_PROFILE == custom/* ]]; then
            ENABLED_FEATURES=$(authselect current | tail -n+3 | awk '{ print $2 }')
            # The "local" profile does not contain essential security features required by multiple Benchmarks.
            # If currently used, it is replaced by "sssd", which is the best option in this case.
            if [[ $CURRENT_PROFILE == local ]]; then
                CURRENT_PROFILE="sssd"
            fi
            authselect create-profile hardening -b $CURRENT_PROFILE
            CURRENT_PROFILE="custom/hardening"
            
            authselect apply-changes -b --backup=before-hardening-custom-profile
            authselect select $CURRENT_PROFILE
            for feature in $ENABLED_FEATURES; do
                authselect enable-feature $feature;
            done
            
            authselect apply-changes -b --backup=after-hardening-custom-profile
        fi
        PAM_FILE_NAME=$(basename "cac_pwhistory")
        PAM_FILE_PATH="/etc/authselect/$CURRENT_PROFILE/$PAM_FILE_NAME"

        authselect apply-changes -b
        
        if ! grep -qP "^\s*password\s+requisite\s+pam_pwhistory.so\s*.*" "$PAM_FILE_PATH"; then
            # Line matching group + control + module was not found. Check group + module.
            if [ "$(grep -cP '^\s*password\s+.*\s+pam_pwhistory.so\s*' "$PAM_FILE_PATH")" -eq 1 ]; then
                # The control is updated only if one single line matches.
                sed -i -E --follow-symlinks "s/^(\s*password\s+).*(\bpam_pwhistory.so.*)/\1requisite \2/" "$PAM_FILE_PATH"
            else
                echo "password    requisite    pam_pwhistory.so" &gt;&gt; "$PAM_FILE_PATH"
            fi
        fi
    fi
else

conf_name=cac_pwhistory
conf_path="/usr/share/pam-configs"

if [ ! -f "$conf_path"/"$conf_name" ]; then
    cat &lt;&lt; EOF &gt; "$conf_path"/"$conf_name"
Name: pwhistory password history checking
Default: yes
Priority: 1024
Password-Type: Primary
Password: requisite pam_pwhistory.so remember=24 enforce_for_root try_first_pass use_authtok
Password-Initial: requisite pam_pwhistory.so remember=24 enforce_for_root try_first_pass
EOF
fi

DEBIAN_FRONTEND=noninteractive pam-auth-update

fi
conf_file=/usr/share/pam-configs/cac_pwhistory
if ! grep -qE 'pam_pwhistory\.so\s+[^#]*\buse_authtok\b' "$conf_file"; then
	sed -i -E '/^Password:/,/^[^[:space:]]/ {
    /pam_pwhistory\.so/ {
        s/$/ use_authtok/g
    }
    }' "$conf_file"
fi

DEBIAN_FRONTEND=noninteractive pam-auth-update --enable cac_pwhistory

else
    &gt;&amp;2 echo 'Remediation is not applicable, nothing was done'
fi
</fix>
            <check system="http://oval.mitre.org/XMLSchema/oval-definitions-5">
              <check-content-ref name="oval:ssg-accounts_password_pam_pwhistory_use_authtok:def:1" href="ssg-ubuntu2404-oval.xml"/>
            </check>
          </Rule>
          <Rule id="xccdf_org.ssgproject.content_rule_accounts_password_pam_unix_authtok" selected="false" role="full" severity="medium">
            <title xmlns:xhtml="http://www.w3.org/1999/xhtml" xml:lang="en-US">Require use_authtok for pam_unix.so</title>
            <description xmlns:xhtml="http://www.w3.org/1999/xhtml" xml:lang="en-US">When password changing enforce the module to set the new password to the one
provided by a previously stacked password module</description>
            <reference href="https://www.cisecurity.org/benchmark/ubuntu_linux/">5.3.3.4.4</reference>
            <rationale xmlns:xhtml="http://www.w3.org/1999/xhtml" xml:lang="en-US">Require use_authtok in pam_unix.so configuration</rationale>
            <platform idref="#package_pam"/>
            <fix xmlns:xhtml="http://www.w3.org/1999/xhtml" id="accounts_password_pam_unix_authtok" system="urn:xccdf:fix:script:sh"># Remediation is applicable only in certain platforms
if dpkg-query --show --showformat='${db:Status-Status}\n' 'libpam-runtime' 2&gt;/dev/null | grep -q '^installed'; then

config_file="/usr/share/pam-configs/cac_unix"
conf_name=cac_unix
conf_path="/usr/share/pam-configs"

if [ ! -f "$conf_path"/"$conf_name" ]; then
    if [ -f "$conf_path"/unix ]; then
        if grep -q "$(md5sum "$conf_path"/unix | cut -d ' ' -f 1)" /var/lib/dpkg/info/libpam-runtime.md5sums;then
            cp "$conf_path"/unix "$conf_path"/"$conf_name"
            sed -i 's/Priority: [0-9]\+/Priority: 257\
Conflicts: unix/' "$conf_path"/"$conf_name"
            DEBIAN_FRONTEND=noninteractive pam-auth-update
        else
            echo "Not applicable - checksum of $conf_path/unix does not match the original." &gt;&amp;2
        fi
    else
        echo "Not applicable - $conf_path/unix does not exist" &gt;&amp;2
    fi
fi
sed -i -E '/^Password:/,/^[^[:space:]]/ {
    /pam_unix\.so/ {
        /use_authtok/! s/$/ use_authtok/g
    }
}'  "$config_file"


DEBIAN_FRONTEND=noninteractive pam-auth-update --remove unix --enable cac_unix

else
    &gt;&amp;2 echo 'Remediation is not applicable, nothing was done'
fi
</fix>
            <check system="http://oval.mitre.org/XMLSchema/oval-definitions-5">
              <check-content-ref name="oval:ssg-accounts_password_pam_unix_authtok:def:1" href="ssg-ubuntu2404-oval.xml"/>
            </check>
            <check system="http://scap.nist.gov/schema/ocil/2">
              <check-content-ref name="ocil:ssg-accounts_password_pam_unix_authtok_ocil:questionnaire:1" href="ssg-ubuntu2404-ocil.xml"/>
            </check>
          </Rule>
          <Rule id="xccdf_org.ssgproject.content_rule_accounts_passwords_pam_faillock_deny" selected="false" role="full" severity="medium">
            <title xmlns:xhtml="http://www.w3.org/1999/xhtml" xml:lang="en-US">Lock Accounts After Failed Password Attempts</title>
            <description xmlns:xhtml="http://www.w3.org/1999/xhtml" xml:lang="en-US">This rule configures the system to lock out accounts after a number of incorrect login attempts
using <html:code xmlns:html="http://www.w3.org/1999/xhtml">pam_faillock.so</html:code>.
pam_faillock.so module requires multiple entries in pam files. These entries must be carefully
defined to work as expected.
Ensure that the file <html:code xmlns:html="http://www.w3.org/1999/xhtml">/etc/security/faillock.conf</html:code> contains the following entry:
<html:code xmlns:html="http://www.w3.org/1999/xhtml">deny = &lt;count&gt;</html:code>
Where count should be less than or equal to
<xccdf-1.2:sub xmlns:xccdf-1.2="http://checklists.nist.gov/xccdf/1.2" idref="xccdf_org.ssgproject.content_value_var_accounts_passwords_pam_faillock_deny" use="legacy"/> and greater than 0.</description>
            <warning xmlns:xhtml="http://www.w3.org/1999/xhtml" xml:lang="en-US" category="general">If the system relies on <html:code xmlns:html="http://www.w3.org/1999/xhtml">authselect</html:code> tool to manage PAM settings, the remediation
will also use <html:code xmlns:html="http://www.w3.org/1999/xhtml">authselect</html:code> tool. However, if any manual modification was made in
PAM files, the <html:code xmlns:html="http://www.w3.org/1999/xhtml">authselect</html:code> integrity check will fail and the remediation will be
aborted in order to preserve intentional changes. In this case, an informative message will
be shown in the remediation report.
If the system supports the <html:code xmlns:html="http://www.w3.org/1999/xhtml">/etc/security/faillock.conf</html:code> file, the pam_faillock
parameters should be defined in <html:code xmlns:html="http://www.w3.org/1999/xhtml">faillock.conf</html:code> file.</warning>
            <reference href="https://www.cisecurity.org/controls/">1</reference>
            <reference href="https://www.cisecurity.org/controls/">12</reference>
            <reference href="https://www.cisecurity.org/controls/">15</reference>
            <reference href="https://www.cisecurity.org/controls/">16</reference>
            <reference href="https://www.fbi.gov/file-repository/cjis-security-policy-v5_5_20160601-2-1.pdf">5.5.3</reference>
            <reference href="https://www.isaca.org/resources/cobit">DSS05.04</reference>
            <reference href="https://www.isaca.org/resources/cobit">DSS05.10</reference>
            <reference href="https://www.isaca.org/resources/cobit">DSS06.10</reference>
            <reference href="http://nvlpubs.nist.gov/nistpubs/SpecialPublications/NIST.SP.800-171.pdf">3.1.8</reference>
            <reference href="https://public.cyber.mil/stigs/cci/">CCI-000044</reference>
            <reference href="https://public.cyber.mil/stigs/cci/">CCI-002238</reference>
            <reference href="https://www.isa.org/products/isa-62443-2-1-2009-security-for-industrial-automat">4.3.3.6.1</reference>
            <reference href="https://www.isa.org/products/isa-62443-2-1-2009-security-for-industrial-automat">4.3.3.6.2</reference>
            <reference href="https://www.isa.org/products/isa-62443-2-1-2009-security-for-industrial-automat">4.3.3.6.3</reference>
            <reference href="https://www.isa.org/products/isa-62443-2-1-2009-security-for-industrial-automat">4.3.3.6.4</reference>
            <reference href="https://www.isa.org/products/isa-62443-2-1-2009-security-for-industrial-automat">4.3.3.6.5</reference>
            <reference href="https://www.isa.org/products/isa-62443-2-1-2009-security-for-industrial-automat">4.3.3.6.6</reference>
            <reference href="https://www.isa.org/products/isa-62443-2-1-2009-security-for-industrial-automat">4.3.3.6.7</reference>
            <reference href="https://www.isa.org/products/isa-62443-2-1-2009-security-for-industrial-automat">4.3.3.6.8</reference>
            <reference href="https://www.isa.org/products/isa-62443-2-1-2009-security-for-industrial-automat">4.3.3.6.9</reference>
            <reference href="https://www.isa.org/products/ansi-isa-62443-3-3-99-03-03-2013-security-for-indu">SR 1.1</reference>
            <reference href="https://www.isa.org/products/ansi-isa-62443-3-3-99-03-03-2013-security-for-indu">SR 1.10</reference>
            <reference href="https://www.isa.org/products/ansi-isa-62443-3-3-99-03-03-2013-security-for-indu">SR 1.2</reference>
            <reference href="https://www.isa.org/products/ansi-isa-62443-3-3-99-03-03-2013-security-for-indu">SR 1.5</reference>
            <reference href="https://www.isa.org/products/ansi-isa-62443-3-3-99-03-03-2013-security-for-indu">SR 1.7</reference>
            <reference href="https://www.isa.org/products/ansi-isa-62443-3-3-99-03-03-2013-security-for-indu">SR 1.8</reference>
            <reference href="https://www.isa.org/products/ansi-isa-62443-3-3-99-03-03-2013-security-for-indu">SR 1.9</reference>
            <reference href="https://www.cyber.gov.au/acsc/view-all-content/ism">0421</reference>
            <reference href="https://www.cyber.gov.au/acsc/view-all-content/ism">0422</reference>
            <reference href="https://www.cyber.gov.au/acsc/view-all-content/ism">0431</reference>
            <reference href="https://www.cyber.gov.au/acsc/view-all-content/ism">0974</reference>
            <reference href="https://www.cyber.gov.au/acsc/view-all-content/ism">1173</reference>
            <reference href="https://www.cyber.gov.au/acsc/view-all-content/ism">1401</reference>
            <reference href="https://www.cyber.gov.au/acsc/view-all-content/ism">1504</reference>
            <reference href="https://www.cyber.gov.au/acsc/view-all-content/ism">1505</reference>
            <reference href="https://www.cyber.gov.au/acsc/view-all-content/ism">1546</reference>
            <reference href="https://www.cyber.gov.au/acsc/view-all-content/ism">1557</reference>
            <reference href="https://www.cyber.gov.au/acsc/view-all-content/ism">1558</reference>
            <reference href="https://www.cyber.gov.au/acsc/view-all-content/ism">1559</reference>
            <reference href="https://www.cyber.gov.au/acsc/view-all-content/ism">1560</reference>
            <reference href="https://www.cyber.gov.au/acsc/view-all-content/ism">1561</reference>
            <reference href="https://www.iso.org/contents/data/standard/05/45/54534.html">A.18.1.4</reference>
            <reference href="https://www.iso.org/contents/data/standard/05/45/54534.html">A.9.2.1</reference>
            <reference href="https://www.iso.org/contents/data/standard/05/45/54534.html">A.9.2.4</reference>
            <reference href="https://www.iso.org/contents/data/standard/05/45/54534.html">A.9.3.1</reference>
            <reference href="https://www.iso.org/contents/data/standard/05/45/54534.html">A.9.4.2</reference>
            <reference href="https://www.iso.org/contents/data/standard/05/45/54534.html">A.9.4.3</reference>
            <reference href="http://nvlpubs.nist.gov/nistpubs/SpecialPublications/NIST.SP.800-53r4.pdf">CM-6(a)</reference>
            <reference href="http://nvlpubs.nist.gov/nistpubs/SpecialPublications/NIST.SP.800-53r4.pdf">AC-7(a)</reference>
            <reference href="https://nvlpubs.nist.gov/nistpubs/CSWP/NIST.CSWP.04162018.pdf">PR.AC-7</reference>
            <reference href="https://www.niap-ccevs.org/Profile/PP.cfm">FIA_AFL.1</reference>
            <reference href="https://www.pcisecuritystandards.org/documents/PCI_DSS_v3-2-1.pdf">Req-8.1.6</reference>
            <reference href="https://public.cyber.mil/stigs/downloads/?_dl_facet_stigs=operating-systems%2Cgeneral-purpose-os">SRG-OS-000329-GPOS-00128</reference>
            <reference href="https://public.cyber.mil/stigs/downloads/?_dl_facet_stigs=operating-systems%2Cgeneral-purpose-os">SRG-OS-000021-GPOS-00005</reference>
            <reference href="https://cyber.gouv.fr/sites/default/files/document/linux_configuration-en-v2.pdf">R31</reference>
            <reference href="https://www.cisecurity.org/benchmark/ubuntu_linux/">5.3.3.1.1</reference>
            <reference href="https://docs-prv.pcisecuritystandards.org/PCI%20DSS/Standard/PCI-DSS-v4_0.pdf">8.3.4</reference>
            <reference href="https://docs-prv.pcisecuritystandards.org/PCI%20DSS/Standard/PCI-DSS-v4_0.pdf">8.3</reference>
            <rationale xmlns:xhtml="http://www.w3.org/1999/xhtml" xml:lang="en-US">By limiting the number of failed logon attempts, the risk of unauthorized system access via
user password guessing, also known as brute-forcing, is reduced. Limits are imposed by locking
the account.</rationale>
            <platform idref="#package_pam"/>
            <fix xmlns:xhtml="http://www.w3.org/1999/xhtml" id="accounts_passwords_pam_faillock_deny" system="urn:xccdf:fix:script:sh"># Remediation is applicable only in certain platforms
if dpkg-query --show --showformat='${db:Status-Status}\n' 'libpam-runtime' 2&gt;/dev/null | grep -q '^installed'; then

var_accounts_passwords_pam_faillock_deny='<xccdf-1.2:sub xmlns:xccdf-1.2="http://checklists.nist.gov/xccdf/1.2" idref="xccdf_org.ssgproject.content_value_var_accounts_passwords_pam_faillock_deny" use="legacy"/>'


if [ -f /usr/bin/authselect ]; then
    if ! authselect check; then
echo "
authselect integrity check failed. Remediation aborted!
This remediation could not be applied because an authselect profile was not selected or the selected profile is not intact.
It is not recommended to manually edit the PAM files when authselect tool is available.
In cases where the default authselect profile does not cover a specific demand, a custom authselect profile is recommended."
exit 1
fi
authselect enable-feature with-faillock

authselect apply-changes -b
else
    
conf_name=cac_faillock

if [ ! -f /usr/share/pam-configs/"$conf_name" ]; then
    cat &lt;&lt; EOF &gt; /usr/share/pam-configs/"$conf_name"
Name: Enable pam_faillock to deny access
Default: yes
Conflicts: faillock
Priority: 0
Auth-Type: Primary
Auth:
    [default=die]                   pam_faillock.so authfail
EOF
fi

if [ ! -f /usr/share/pam-configs/"$conf_name"_notify ]; then
    cat &lt;&lt; EOF &gt; /usr/share/pam-configs/"$conf_name"_notify
Name: Notify of failed login attempts and reset count upon success
Default: yes
Conflicts: faillock_notify
Priority: 1025
Auth-Type: Primary
Auth:
    requisite                       pam_faillock.so preauth
Account-Type: Primary
Account:
    required                        pam_faillock.so
EOF
fi

DEBIAN_FRONTEND=noninteractive pam-auth-update


fi

AUTH_FILES=("/etc/pam.d/common-auth")
SKIP_FAILLOCK_CHECK=true

FAILLOCK_CONF="/etc/security/faillock.conf"
if [ -f $FAILLOCK_CONF ] || [ "$SKIP_FAILLOCK_CHECK" = "true" ]; then
    regex="^\s*deny\s*="
    line="deny = $var_accounts_passwords_pam_faillock_deny"
    if ! grep -q $regex $FAILLOCK_CONF; then
        echo $line &gt;&gt; $FAILLOCK_CONF
    else
        sed -i --follow-symlinks 's|^\s*\(deny\s*=\s*\)\(\S\+\)|\1'"$var_accounts_passwords_pam_faillock_deny"'|g' $FAILLOCK_CONF
    fi
    
else
    for pam_file in "${AUTH_FILES[@]}"
    do
        if ! grep -qE '^\s*auth.*pam_faillock\.so (preauth|authfail).*deny' "$pam_file"; then
            sed -i --follow-symlinks '/^auth.*required.*pam_faillock\.so.*preauth.*silent.*/ s/$/ deny='"$var_accounts_passwords_pam_faillock_deny"'/' "$pam_file"
            sed -i --follow-symlinks '/^auth.*required.*pam_faillock\.so.*authfail.*/ s/$/ deny='"$var_accounts_passwords_pam_faillock_deny"'/' "$pam_file"
        else
            sed -i --follow-symlinks 's/\(^auth.*required.*pam_faillock\.so.*preauth.*silent.*\)\('"deny"'=\)[0-9]\+\(.*\)/\1\2'"$var_accounts_passwords_pam_faillock_deny"'\3/' "$pam_file"
            sed -i --follow-symlinks 's/\(^auth.*required.*pam_faillock\.so.*authfail.*\)\('"deny"'=\)[0-9]\+\(.*\)/\1\2'"$var_accounts_passwords_pam_faillock_deny"'\3/' "$pam_file"
        fi
    done
fi

else
    &gt;&amp;2 echo 'Remediation is not applicable, nothing was done'
fi
</fix>
            <check system="http://oval.mitre.org/XMLSchema/oval-definitions-5">
              <check-export export-name="oval:ssg-var_accounts_passwords_pam_faillock_deny:var:1" value-id="xccdf_org.ssgproject.content_value_var_accounts_passwords_pam_faillock_deny"/>
              <check-content-ref name="oval:ssg-accounts_passwords_pam_faillock_deny:def:1" href="ssg-ubuntu2404-oval.xml"/>
            </check>
            <check system="http://scap.nist.gov/schema/ocil/2">
              <check-content-ref name="ocil:ssg-accounts_passwords_pam_faillock_deny_ocil:questionnaire:1" href="ssg-ubuntu2404-ocil.xml"/>
            </check>
          </Rule>
          <Rule id="xccdf_org.ssgproject.content_rule_accounts_passwords_pam_faillock_enabled" selected="false" role="full" severity="medium">
            <title xmlns:xhtml="http://www.w3.org/1999/xhtml" xml:lang="en-US">Ensure pam_faillock module is enabled</title>
            <description xmlns:xhtml="http://www.w3.org/1999/xhtml" xml:lang="en-US">The <html:code xmlns:html="http://www.w3.org/1999/xhtml">pam_faillock.so</html:code> module maintains a list of failed authentication attempts per
user during a specified interval and locks the account in case there were more than the
configured number of consecutive failed authentications (this is defined by the <html:code xmlns:html="http://www.w3.org/1999/xhtml">deny</html:code>
parameter in the faillock configuration). It stores the failure records into per-user files in
the tally directory.</description>
            <reference href="https://www.cisecurity.org/benchmark/ubuntu_linux/">5.3.2.2</reference>
            <rationale xmlns:xhtml="http://www.w3.org/1999/xhtml" xml:lang="en-US">Locking out user IDs after n unsuccessful consecutive login attempts mitigates brute
force password attacks against your systems.</rationale>
            <platform idref="#package_pam"/>
            <fix xmlns:xhtml="http://www.w3.org/1999/xhtml" id="accounts_passwords_pam_faillock_enabled" system="urn:xccdf:fix:script:sh"># Remediation is applicable only in certain platforms
if dpkg-query --show --showformat='${db:Status-Status}\n' 'libpam-runtime' 2&gt;/dev/null | grep -q '^installed'; then

if [ -f /usr/bin/authselect ]; then
    if ! authselect check; then
echo "
authselect integrity check failed. Remediation aborted!
This remediation could not be applied because an authselect profile was not selected or the selected profile is not intact.
It is not recommended to manually edit the PAM files when authselect tool is available.
In cases where the default authselect profile does not cover a specific demand, a custom authselect profile is recommended."
exit 1
fi
authselect enable-feature with-faillock

authselect apply-changes -b
else
    
conf_name=cac_faillock

if [ ! -f /usr/share/pam-configs/"$conf_name" ]; then
    cat &lt;&lt; EOF &gt; /usr/share/pam-configs/"$conf_name"
Name: Enable pam_faillock to deny access
Default: yes
Conflicts: faillock
Priority: 0
Auth-Type: Primary
Auth:
    [default=die]                   pam_faillock.so authfail
EOF
fi

if [ ! -f /usr/share/pam-configs/"$conf_name"_notify ]; then
    cat &lt;&lt; EOF &gt; /usr/share/pam-configs/"$conf_name"_notify
Name: Notify of failed login attempts and reset count upon success
Default: yes
Conflicts: faillock_notify
Priority: 1025
Auth-Type: Primary
Auth:
    requisite                       pam_faillock.so preauth
Account-Type: Primary
Account:
    required                        pam_faillock.so
EOF
fi

DEBIAN_FRONTEND=noninteractive pam-auth-update


fi

else
    &gt;&amp;2 echo 'Remediation is not applicable, nothing was done'
fi
</fix>
            <check system="http://oval.mitre.org/XMLSchema/oval-definitions-5">
              <check-content-ref name="oval:ssg-accounts_passwords_pam_faillock_enabled:def:1" href="ssg-ubuntu2404-oval.xml"/>
            </check>
          </Rule>
          <Rule id="xccdf_org.ssgproject.content_rule_accounts_passwords_pam_faillock_root_unlock_time" selected="false" role="full" severity="medium">
            <title xmlns:xhtml="http://www.w3.org/1999/xhtml" xml:lang="en-US">Set Root Lockout Time for Failed Password Attempts</title>
            <description xmlns:xhtml="http://www.w3.org/1999/xhtml" xml:lang="en-US">This rule configures the system to lock out root during a specified time period after a
number of incorrect login attempts using <html:code xmlns:html="http://www.w3.org/1999/xhtml">pam_faillock.so</html:code>.

Ensure that the file <html:code xmlns:html="http://www.w3.org/1999/xhtml">/etc/security/faillock.conf</html:code> contains the following entry:
<html:code xmlns:html="http://www.w3.org/1999/xhtml">root_unlock_time=&lt;interval-in-seconds&gt;</html:code> where
<html:code xmlns:html="http://www.w3.org/1999/xhtml">interval-in-seconds</html:code> is <html:code xmlns:html="http://www.w3.org/1999/xhtml" xmlns:xccdf-1.2="http://checklists.nist.gov/xccdf/1.2"><xccdf-1.2:sub idref="xccdf_org.ssgproject.content_value_var_accounts_passwords_pam_faillock_unlock_time" use="legacy"/></html:code> or greater.

If <html:code xmlns:html="http://www.w3.org/1999/xhtml">root_unlock_time</html:code> is set to <html:code xmlns:html="http://www.w3.org/1999/xhtml">0</html:code>, it may enable attacker to
apply denial of service to legitimate users.</description>
            <reference href="https://www.cisecurity.org/benchmark/ubuntu_linux/">5.3.3.1.3</reference>
            <rationale xmlns:xhtml="http://www.w3.org/1999/xhtml" xml:lang="en-US">By limiting the number of failed logon attempts the risk of unauthorized root
access via password guessing, otherwise known as brute-forcing, is reduced.
Limits are imposed by locking the account.</rationale>
            <platform idref="#package_pam"/>
            <fix xmlns:xhtml="http://www.w3.org/1999/xhtml" id="accounts_passwords_pam_faillock_root_unlock_time" system="urn:xccdf:fix:script:sh"># Remediation is applicable only in certain platforms
if dpkg-query --show --showformat='${db:Status-Status}\n' 'libpam-runtime' 2&gt;/dev/null | grep -q '^installed'; then

var_accounts_passwords_pam_faillock_unlock_time='<xccdf-1.2:sub xmlns:xccdf-1.2="http://checklists.nist.gov/xccdf/1.2" idref="xccdf_org.ssgproject.content_value_var_accounts_passwords_pam_faillock_unlock_time" use="legacy"/>'


if [ -f /usr/bin/authselect ]; then
    if ! authselect check; then
echo "
authselect integrity check failed. Remediation aborted!
This remediation could not be applied because an authselect profile was not selected or the selected profile is not intact.
It is not recommended to manually edit the PAM files when authselect tool is available.
In cases where the default authselect profile does not cover a specific demand, a custom authselect profile is recommended."
exit 1
fi
authselect enable-feature with-faillock

authselect apply-changes -b
else
    
conf_name=cac_faillock

if [ ! -f /usr/share/pam-configs/"$conf_name" ]; then
    cat &lt;&lt; EOF &gt; /usr/share/pam-configs/"$conf_name"
Name: Enable pam_faillock to deny access
Default: yes
Conflicts: faillock
Priority: 0
Auth-Type: Primary
Auth:
    [default=die]                   pam_faillock.so authfail
EOF
fi

if [ ! -f /usr/share/pam-configs/"$conf_name"_notify ]; then
    cat &lt;&lt; EOF &gt; /usr/share/pam-configs/"$conf_name"_notify
Name: Notify of failed login attempts and reset count upon success
Default: yes
Conflicts: faillock_notify
Priority: 1025
Auth-Type: Primary
Auth:
    requisite                       pam_faillock.so preauth
Account-Type: Primary
Account:
    required                        pam_faillock.so
EOF
fi

DEBIAN_FRONTEND=noninteractive pam-auth-update


fi

AUTH_FILES=("/etc/pam.d/common-auth")
SKIP_FAILLOCK_CHECK=true

FAILLOCK_CONF="/etc/security/faillock.conf"
if [ -f $FAILLOCK_CONF ] || [ "$SKIP_FAILLOCK_CHECK" = "true" ]; then
    regex="^\s*root_unlock_time\s*="
    line="root_unlock_time = $var_accounts_passwords_pam_faillock_unlock_time"
    if ! grep -q $regex $FAILLOCK_CONF; then
        echo $line &gt;&gt; $FAILLOCK_CONF
    else
        sed -i --follow-symlinks 's|^\s*\(root_unlock_time\s*=\s*\)\(\S\+\)|\1'"$var_accounts_passwords_pam_faillock_unlock_time"'|g' $FAILLOCK_CONF
    fi
    
else
    for pam_file in "${AUTH_FILES[@]}"
    do
        if ! grep -qE '^\s*auth.*pam_faillock\.so (preauth|authfail).*root_unlock_time' "$pam_file"; then
            sed -i --follow-symlinks '/^auth.*required.*pam_faillock\.so.*preauth.*silent.*/ s/$/ root_unlock_time='"$var_accounts_passwords_pam_faillock_unlock_time"'/' "$pam_file"
            sed -i --follow-symlinks '/^auth.*required.*pam_faillock\.so.*authfail.*/ s/$/ root_unlock_time='"$var_accounts_passwords_pam_faillock_unlock_time"'/' "$pam_file"
        else
            sed -i --follow-symlinks 's/\(^auth.*required.*pam_faillock\.so.*preauth.*silent.*\)\('"root_unlock_time"'=\)[0-9]\+\(.*\)/\1\2'"$var_accounts_passwords_pam_faillock_unlock_time"'\3/' "$pam_file"
            sed -i --follow-symlinks 's/\(^auth.*required.*pam_faillock\.so.*authfail.*\)\('"root_unlock_time"'=\)[0-9]\+\(.*\)/\1\2'"$var_accounts_passwords_pam_faillock_unlock_time"'\3/' "$pam_file"
        fi
    done
fi

else
    &gt;&amp;2 echo 'Remediation is not applicable, nothing was done'
fi
</fix>
            <check system="http://oval.mitre.org/XMLSchema/oval-definitions-5">
              <check-export export-name="oval:ssg-var_accounts_passwords_pam_faillock_unlock_time:var:1" value-id="xccdf_org.ssgproject.content_value_var_accounts_passwords_pam_faillock_unlock_time"/>
              <check-content-ref name="oval:ssg-accounts_passwords_pam_faillock_root_unlock_time:def:1" href="ssg-ubuntu2404-oval.xml"/>
            </check>
          </Rule>
          <Rule id="xccdf_org.ssgproject.content_rule_accounts_passwords_pam_faillock_unlock_time" selected="false" role="full" severity="medium">
            <title xmlns:xhtml="http://www.w3.org/1999/xhtml" xml:lang="en-US">Set Lockout Time for Failed Password Attempts</title>
            <description xmlns:xhtml="http://www.w3.org/1999/xhtml" xml:lang="en-US">This rule configures the system to lock out accounts during a specified time period after a
number of incorrect login attempts using <html:code xmlns:html="http://www.w3.org/1999/xhtml">pam_faillock.so</html:code>.

Ensure that the file <html:code xmlns:html="http://www.w3.org/1999/xhtml">/etc/security/faillock.conf</html:code> contains the following entry:
<html:code xmlns:html="http://www.w3.org/1999/xhtml">unlock_time=&lt;interval-in-seconds&gt;</html:code> where
<html:code xmlns:html="http://www.w3.org/1999/xhtml">interval-in-seconds</html:code> is <html:code xmlns:html="http://www.w3.org/1999/xhtml" xmlns:xccdf-1.2="http://checklists.nist.gov/xccdf/1.2"><xccdf-1.2:sub idref="xccdf_org.ssgproject.content_value_var_accounts_passwords_pam_faillock_unlock_time" use="legacy"/></html:code> or greater.

pam_faillock.so module requires multiple entries in pam files. These entries must be carefully
defined to work as expected. In order to avoid any errors when manually editing these files,
it is recommended to use the appropriate tools, such as <html:code xmlns:html="http://www.w3.org/1999/xhtml">authselect</html:code> or <html:code xmlns:html="http://www.w3.org/1999/xhtml">authconfig</html:code>,
depending on the OS version.

If <html:code xmlns:html="http://www.w3.org/1999/xhtml">unlock_time</html:code> is set to <html:code xmlns:html="http://www.w3.org/1999/xhtml">0</html:code>, manual intervention by an administrator is required
to unlock a user. This should be done using the <html:code xmlns:html="http://www.w3.org/1999/xhtml">faillock</html:code> tool.</description>
            <warning xmlns:xhtml="http://www.w3.org/1999/xhtml" xml:lang="en-US" category="general">If the system supports the new <html:code xmlns:html="http://www.w3.org/1999/xhtml">/etc/security/faillock.conf</html:code> file but the
pam_faillock.so parameters are defined directly in <html:code xmlns:html="http://www.w3.org/1999/xhtml">/etc/pam.d/system-auth</html:code> and
<html:code xmlns:html="http://www.w3.org/1999/xhtml">/etc/pam.d/password-auth</html:code>, the remediation will migrate the <html:code xmlns:html="http://www.w3.org/1999/xhtml">unlock_time</html:code> parameter
to <html:code xmlns:html="http://www.w3.org/1999/xhtml">/etc/security/faillock.conf</html:code> to ensure compatibility with <html:code xmlns:html="http://www.w3.org/1999/xhtml">authselect</html:code> tool.
The parameters <html:code xmlns:html="http://www.w3.org/1999/xhtml">deny</html:code> and <html:code xmlns:html="http://www.w3.org/1999/xhtml">fail_interval</html:code>, if used, also have to be migrated
by their respective remediation.</warning>
            <warning xmlns:xhtml="http://www.w3.org/1999/xhtml" xml:lang="en-US" category="general">If the system relies on <html:code xmlns:html="http://www.w3.org/1999/xhtml">authselect</html:code> tool to manage PAM settings, the remediation
will also use <html:code xmlns:html="http://www.w3.org/1999/xhtml">authselect</html:code> tool. However, if any manual modification was made in
PAM files, the <html:code xmlns:html="http://www.w3.org/1999/xhtml">authselect</html:code> integrity check will fail and the remediation will be
aborted in order to preserve intentional changes. In this case, an informative message will
be shown in the remediation report.
If the system supports the <html:code xmlns:html="http://www.w3.org/1999/xhtml">/etc/security/faillock.conf</html:code> file, the pam_faillock
parameters should be defined in <html:code xmlns:html="http://www.w3.org/1999/xhtml">faillock.conf</html:code> file.</warning>
            <reference href="https://www.cisecurity.org/controls/">1</reference>
            <reference href="https://www.cisecurity.org/controls/">12</reference>
            <reference href="https://www.cisecurity.org/controls/">15</reference>
            <reference href="https://www.cisecurity.org/controls/">16</reference>
            <reference href="https://www.fbi.gov/file-repository/cjis-security-policy-v5_5_20160601-2-1.pdf">5.5.3</reference>
            <reference href="https://www.isaca.org/resources/cobit">DSS05.04</reference>
            <reference href="https://www.isaca.org/resources/cobit">DSS05.10</reference>
            <reference href="https://www.isaca.org/resources/cobit">DSS06.10</reference>
            <reference href="http://nvlpubs.nist.gov/nistpubs/SpecialPublications/NIST.SP.800-171.pdf">3.1.8</reference>
            <reference href="https://public.cyber.mil/stigs/cci/">CCI-000044</reference>
            <reference href="https://public.cyber.mil/stigs/cci/">CCI-002238</reference>
            <reference href="https://www.isa.org/products/isa-62443-2-1-2009-security-for-industrial-automat">4.3.3.6.1</reference>
            <reference href="https://www.isa.org/products/isa-62443-2-1-2009-security-for-industrial-automat">4.3.3.6.2</reference>
            <reference href="https://www.isa.org/products/isa-62443-2-1-2009-security-for-industrial-automat">4.3.3.6.3</reference>
            <reference href="https://www.isa.org/products/isa-62443-2-1-2009-security-for-industrial-automat">4.3.3.6.4</reference>
            <reference href="https://www.isa.org/products/isa-62443-2-1-2009-security-for-industrial-automat">4.3.3.6.5</reference>
            <reference href="https://www.isa.org/products/isa-62443-2-1-2009-security-for-industrial-automat">4.3.3.6.6</reference>
            <reference href="https://www.isa.org/products/isa-62443-2-1-2009-security-for-industrial-automat">4.3.3.6.7</reference>
            <reference href="https://www.isa.org/products/isa-62443-2-1-2009-security-for-industrial-automat">4.3.3.6.8</reference>
            <reference href="https://www.isa.org/products/isa-62443-2-1-2009-security-for-industrial-automat">4.3.3.6.9</reference>
            <reference href="https://www.isa.org/products/ansi-isa-62443-3-3-99-03-03-2013-security-for-indu">SR 1.1</reference>
            <reference href="https://www.isa.org/products/ansi-isa-62443-3-3-99-03-03-2013-security-for-indu">SR 1.10</reference>
            <reference href="https://www.isa.org/products/ansi-isa-62443-3-3-99-03-03-2013-security-for-indu">SR 1.2</reference>
            <reference href="https://www.isa.org/products/ansi-isa-62443-3-3-99-03-03-2013-security-for-indu">SR 1.5</reference>
            <reference href="https://www.isa.org/products/ansi-isa-62443-3-3-99-03-03-2013-security-for-indu">SR 1.7</reference>
            <reference href="https://www.isa.org/products/ansi-isa-62443-3-3-99-03-03-2013-security-for-indu">SR 1.8</reference>
            <reference href="https://www.isa.org/products/ansi-isa-62443-3-3-99-03-03-2013-security-for-indu">SR 1.9</reference>
            <reference href="https://www.cyber.gov.au/acsc/view-all-content/ism">0421</reference>
            <reference href="https://www.cyber.gov.au/acsc/view-all-content/ism">0422</reference>
            <reference href="https://www.cyber.gov.au/acsc/view-all-content/ism">0431</reference>
            <reference href="https://www.cyber.gov.au/acsc/view-all-content/ism">0974</reference>
            <reference href="https://www.cyber.gov.au/acsc/view-all-content/ism">1173</reference>
            <reference href="https://www.cyber.gov.au/acsc/view-all-content/ism">1401</reference>
            <reference href="https://www.cyber.gov.au/acsc/view-all-content/ism">1504</reference>
            <reference href="https://www.cyber.gov.au/acsc/view-all-content/ism">1505</reference>
            <reference href="https://www.cyber.gov.au/acsc/view-all-content/ism">1546</reference>
            <reference href="https://www.cyber.gov.au/acsc/view-all-content/ism">1557</reference>
            <reference href="https://www.cyber.gov.au/acsc/view-all-content/ism">1558</reference>
            <reference href="https://www.cyber.gov.au/acsc/view-all-content/ism">1559</reference>
            <reference href="https://www.cyber.gov.au/acsc/view-all-content/ism">1560</reference>
            <reference href="https://www.cyber.gov.au/acsc/view-all-content/ism">1561</reference>
            <reference href="https://www.iso.org/contents/data/standard/05/45/54534.html">A.18.1.4</reference>
            <reference href="https://www.iso.org/contents/data/standard/05/45/54534.html">A.9.2.1</reference>
            <reference href="https://www.iso.org/contents/data/standard/05/45/54534.html">A.9.2.4</reference>
            <reference href="https://www.iso.org/contents/data/standard/05/45/54534.html">A.9.3.1</reference>
            <reference href="https://www.iso.org/contents/data/standard/05/45/54534.html">A.9.4.2</reference>
            <reference href="https://www.iso.org/contents/data/standard/05/45/54534.html">A.9.4.3</reference>
            <reference href="http://nvlpubs.nist.gov/nistpubs/SpecialPublications/NIST.SP.800-53r4.pdf">CM-6(a)</reference>
            <reference href="http://nvlpubs.nist.gov/nistpubs/SpecialPublications/NIST.SP.800-53r4.pdf">AC-7(b)</reference>
            <reference href="https://nvlpubs.nist.gov/nistpubs/CSWP/NIST.CSWP.04162018.pdf">PR.AC-7</reference>
            <reference href="https://www.niap-ccevs.org/Profile/PP.cfm">FIA_AFL.1</reference>
            <reference href="https://www.pcisecuritystandards.org/documents/PCI_DSS_v3-2-1.pdf">Req-8.1.7</reference>
            <reference href="https://public.cyber.mil/stigs/downloads/?_dl_facet_stigs=operating-systems%2Cgeneral-purpose-os">SRG-OS-000329-GPOS-00128</reference>
            <reference href="https://public.cyber.mil/stigs/downloads/?_dl_facet_stigs=operating-systems%2Cgeneral-purpose-os">SRG-OS-000021-GPOS-00005</reference>
            <reference href="https://cyber.gouv.fr/sites/default/files/document/linux_configuration-en-v2.pdf">R31</reference>
            <reference href="https://www.cisecurity.org/benchmark/ubuntu_linux/">5.3.3.1.2</reference>
            <reference href="https://docs-prv.pcisecuritystandards.org/PCI%20DSS/Standard/PCI-DSS-v4_0.pdf">8.3.4</reference>
            <reference href="https://docs-prv.pcisecuritystandards.org/PCI%20DSS/Standard/PCI-DSS-v4_0.pdf">8.3</reference>
            <rationale xmlns:xhtml="http://www.w3.org/1999/xhtml" xml:lang="en-US">By limiting the number of failed logon attempts the risk of unauthorized system
access via user password guessing, otherwise known as brute-forcing, is reduced.
Limits are imposed by locking the account.</rationale>
            <platform idref="#package_pam"/>
            <fix xmlns:xhtml="http://www.w3.org/1999/xhtml" id="accounts_passwords_pam_faillock_unlock_time" system="urn:xccdf:fix:script:sh"># Remediation is applicable only in certain platforms
if dpkg-query --show --showformat='${db:Status-Status}\n' 'libpam-runtime' 2&gt;/dev/null | grep -q '^installed'; then

var_accounts_passwords_pam_faillock_unlock_time='<xccdf-1.2:sub xmlns:xccdf-1.2="http://checklists.nist.gov/xccdf/1.2" idref="xccdf_org.ssgproject.content_value_var_accounts_passwords_pam_faillock_unlock_time" use="legacy"/>'


if [ -f /usr/bin/authselect ]; then
    if ! authselect check; then
echo "
authselect integrity check failed. Remediation aborted!
This remediation could not be applied because an authselect profile was not selected or the selected profile is not intact.
It is not recommended to manually edit the PAM files when authselect tool is available.
In cases where the default authselect profile does not cover a specific demand, a custom authselect profile is recommended."
exit 1
fi
authselect enable-feature with-faillock

authselect apply-changes -b
else
    
conf_name=cac_faillock

if [ ! -f /usr/share/pam-configs/"$conf_name" ]; then
    cat &lt;&lt; EOF &gt; /usr/share/pam-configs/"$conf_name"
Name: Enable pam_faillock to deny access
Default: yes
Conflicts: faillock
Priority: 0
Auth-Type: Primary
Auth:
    [default=die]                   pam_faillock.so authfail
EOF
fi

if [ ! -f /usr/share/pam-configs/"$conf_name"_notify ]; then
    cat &lt;&lt; EOF &gt; /usr/share/pam-configs/"$conf_name"_notify
Name: Notify of failed login attempts and reset count upon success
Default: yes
Conflicts: faillock_notify
Priority: 1025
Auth-Type: Primary
Auth:
    requisite                       pam_faillock.so preauth
Account-Type: Primary
Account:
    required                        pam_faillock.so
EOF
fi

DEBIAN_FRONTEND=noninteractive pam-auth-update


fi

AUTH_FILES=("/etc/pam.d/common-auth")
SKIP_FAILLOCK_CHECK=true

FAILLOCK_CONF="/etc/security/faillock.conf"
if [ -f $FAILLOCK_CONF ] || [ "$SKIP_FAILLOCK_CHECK" = "true" ]; then
    regex="^\s*unlock_time\s*="
    line="unlock_time = $var_accounts_passwords_pam_faillock_unlock_time"
    if ! grep -q $regex $FAILLOCK_CONF; then
        echo $line &gt;&gt; $FAILLOCK_CONF
    else
        sed -i --follow-symlinks 's|^\s*\(unlock_time\s*=\s*\)\(\S\+\)|\1'"$var_accounts_passwords_pam_faillock_unlock_time"'|g' $FAILLOCK_CONF
    fi
    
else
    for pam_file in "${AUTH_FILES[@]}"
    do
        if ! grep -qE '^\s*auth.*pam_faillock\.so (preauth|authfail).*unlock_time' "$pam_file"; then
            sed -i --follow-symlinks '/^auth.*required.*pam_faillock\.so.*preauth.*silent.*/ s/$/ unlock_time='"$var_accounts_passwords_pam_faillock_unlock_time"'/' "$pam_file"
            sed -i --follow-symlinks '/^auth.*required.*pam_faillock\.so.*authfail.*/ s/$/ unlock_time='"$var_accounts_passwords_pam_faillock_unlock_time"'/' "$pam_file"
        else
            sed -i --follow-symlinks 's/\(^auth.*required.*pam_faillock\.so.*preauth.*silent.*\)\('"unlock_time"'=\)[0-9]\+\(.*\)/\1\2'"$var_accounts_passwords_pam_faillock_unlock_time"'\3/' "$pam_file"
            sed -i --follow-symlinks 's/\(^auth.*required.*pam_faillock\.so.*authfail.*\)\('"unlock_time"'=\)[0-9]\+\(.*\)/\1\2'"$var_accounts_passwords_pam_faillock_unlock_time"'\3/' "$pam_file"
        fi
    done
fi

else
    &gt;&amp;2 echo 'Remediation is not applicable, nothing was done'
fi
</fix>
            <check system="http://oval.mitre.org/XMLSchema/oval-definitions-5">
              <check-export export-name="oval:ssg-var_accounts_passwords_pam_faillock_unlock_time:var:1" value-id="xccdf_org.ssgproject.content_value_var_accounts_passwords_pam_faillock_unlock_time"/>
              <check-content-ref name="oval:ssg-accounts_passwords_pam_faillock_unlock_time:def:1" href="ssg-ubuntu2404-oval.xml"/>
            </check>
            <check system="http://scap.nist.gov/schema/ocil/2">
              <check-content-ref name="ocil:ssg-accounts_passwords_pam_faillock_unlock_time_ocil:questionnaire:1" href="ssg-ubuntu2404-ocil.xml"/>
            </check>
          </Rule>
        </Group>
        <Group id="xccdf_org.ssgproject.content_group_password_quality">
          <title xmlns:xhtml="http://www.w3.org/1999/xhtml" xml:lang="en-US">Set Password Quality Requirements</title>
          <description xmlns:xhtml="http://www.w3.org/1999/xhtml" xml:lang="en-US">The default <html:code xmlns:html="http://www.w3.org/1999/xhtml">pam_pwquality</html:code> PAM module provides strength
checking for passwords. It performs a number of checks, such as
making sure passwords are not similar to dictionary words, are of
at least a certain length, are not the previous password reversed,
and are not simply a change of case from the previous password. It
can also require passwords to be in certain character classes. The
<html:code xmlns:html="http://www.w3.org/1999/xhtml">pam_pwquality</html:code> module is the preferred way of configuring
password requirements.
<html:br xmlns:html="http://www.w3.org/1999/xhtml"/>
        <html:br xmlns:html="http://www.w3.org/1999/xhtml"/>
The man pages <html:code xmlns:html="http://www.w3.org/1999/xhtml">pam_pwquality(8)</html:code>
provide information on the capabilities and configuration of
each.</description>
          <Group id="xccdf_org.ssgproject.content_group_password_quality_pwquality">
            <title xmlns:xhtml="http://www.w3.org/1999/xhtml" xml:lang="en-US">Set Password Quality Requirements with pam_pwquality</title>
            <description xmlns:xhtml="http://www.w3.org/1999/xhtml" xml:lang="en-US">The <html:code xmlns:html="http://www.w3.org/1999/xhtml">pam_pwquality</html:code> PAM module can be configured to meet
requirements for a variety of policies.
<html:br xmlns:html="http://www.w3.org/1999/xhtml"/>
         <html:br xmlns:html="http://www.w3.org/1999/xhtml"/>
For example, to configure <html:code xmlns:html="http://www.w3.org/1999/xhtml">pam_pwquality</html:code> to require at least one uppercase
character, lowercase character, digit, and other (special)
character, make sure that <html:code xmlns:html="http://www.w3.org/1999/xhtml">pam_pwquality</html:code> exists in <html:code xmlns:html="http://www.w3.org/1999/xhtml">/etc/pam.d/system-auth</html:code>:
<html:pre xmlns:html="http://www.w3.org/1999/xhtml">password    requisite     pam_pwquality.so try_first_pass local_users_only retry=3 authtok_type=</html:pre>
If no such line exists, add one as the first line of the password section in <html:code xmlns:html="http://www.w3.org/1999/xhtml">/etc/pam.d/system-auth</html:code>.
Next, modify the settings in <html:code xmlns:html="http://www.w3.org/1999/xhtml">/etc/security/pwquality.conf</html:code> to match the following:
<html:pre xmlns:html="http://www.w3.org/1999/xhtml">difok = 4
minlen = 14
dcredit = -1
ucredit = -1
lcredit = -1
ocredit = -1
maxrepeat = 3</html:pre>
The arguments can be modified to ensure compliance with
your organization's security policy. Discussion of each parameter follows.</description>
            <Value id="xccdf_org.ssgproject.content_value_var_password_pam_dcredit" type="number">
              <title xmlns:xhtml="http://www.w3.org/1999/xhtml" xml:lang="en-US">dcredit</title>
              <description xmlns:xhtml="http://www.w3.org/1999/xhtml" xml:lang="en-US">Minimum number of digits in password</description>
              <value selector="0">0</value>
              <value selector="1">-1</value>
              <value selector="2">-2</value>
              <value>-1</value>
            </Value>
            <Value id="xccdf_org.ssgproject.content_value_var_password_pam_dictcheck" type="number">
              <title xmlns:xhtml="http://www.w3.org/1999/xhtml" xml:lang="en-US">dictcheck</title>
              <description xmlns:xhtml="http://www.w3.org/1999/xhtml" xml:lang="en-US">Prevent the use of dictionary words for passwords.</description>
              <value selector="1">1</value>
              <value>1</value>
            </Value>
            <Value id="xccdf_org.ssgproject.content_value_var_password_pam_difok" type="number">
              <title xmlns:xhtml="http://www.w3.org/1999/xhtml" xml:lang="en-US">difok</title>
              <description xmlns:xhtml="http://www.w3.org/1999/xhtml" xml:lang="en-US">Minimum number of characters not present in old
password</description>
              <value selector="15">15</value>
              <value selector="1">1</value>
              <value selector="2">2</value>
              <value selector="3">3</value>
              <value selector="4">4</value>
              <value selector="5">5</value>
              <value selector="6">6</value>
              <value selector="7">7</value>
              <value selector="8">8</value>
              <value>8</value>
            </Value>
            <Value id="xccdf_org.ssgproject.content_value_var_password_pam_enforcing" type="number">
              <title xmlns:xhtml="http://www.w3.org/1999/xhtml" xml:lang="en-US">enforcing</title>
              <description xmlns:xhtml="http://www.w3.org/1999/xhtml" xml:lang="en-US">Disallow a password that does not meet the criteria</description>
              <value selector="1">1</value>
              <value>1</value>
            </Value>
            <Value id="xccdf_org.ssgproject.content_value_var_password_pam_lcredit" type="number">
              <title xmlns:xhtml="http://www.w3.org/1999/xhtml" xml:lang="en-US">lcredit</title>
              <description xmlns:xhtml="http://www.w3.org/1999/xhtml" xml:lang="en-US">Minimum number of lower case in password</description>
              <value selector="0">0</value>
              <value selector="1">-1</value>
              <value selector="2">-2</value>
              <value>-1</value>
            </Value>
            <Value id="xccdf_org.ssgproject.content_value_var_password_pam_maxrepeat" type="number">
              <title xmlns:xhtml="http://www.w3.org/1999/xhtml" xml:lang="en-US">maxrepeat</title>
              <description xmlns:xhtml="http://www.w3.org/1999/xhtml" xml:lang="en-US">Maximum Number of Consecutive Repeating Characters in a Password</description>
              <value selector="1">1</value>
              <value selector="2">2</value>
              <value selector="3">3</value>
              <value>3</value>
            </Value>
            <Value id="xccdf_org.ssgproject.content_value_var_password_pam_maxsequence" type="number">
              <title xmlns:xhtml="http://www.w3.org/1999/xhtml" xml:lang="en-US">maxsequence</title>
              <description xmlns:xhtml="http://www.w3.org/1999/xhtml" xml:lang="en-US">Maximum Number of Consecutive Character Sequences in a Password</description>
              <value selector="1">1</value>
              <value selector="2">2</value>
              <value selector="3">3</value>
              <value>3</value>
            </Value>
            <Value id="xccdf_org.ssgproject.content_value_var_password_pam_minclass" type="number">
              <title xmlns:xhtml="http://www.w3.org/1999/xhtml" xml:lang="en-US">minclass</title>
              <description xmlns:xhtml="http://www.w3.org/1999/xhtml" xml:lang="en-US">Minimum number of categories of characters that must exist in a password</description>
              <value selector="1">1</value>
              <value selector="2">2</value>
              <value selector="3">3</value>
              <value selector="4">4</value>
              <value>3</value>
            </Value>
            <Value id="xccdf_org.ssgproject.content_value_var_password_pam_minlen" type="number">
              <title xmlns:xhtml="http://www.w3.org/1999/xhtml" xml:lang="en-US">minlen</title>
              <description xmlns:xhtml="http://www.w3.org/1999/xhtml" xml:lang="en-US">Minimum number of characters in password</description>
              <value selector="10">10</value>
              <value selector="12">12</value>
              <value selector="14">14</value>
              <value selector="15">15</value>
              <value selector="17">17</value>
              <value selector="18">18</value>
              <value selector="20">20</value>
              <value selector="6">6</value>
              <value selector="7">7</value>
              <value selector="8">8</value>
              <value>15</value>
            </Value>
            <Value id="xccdf_org.ssgproject.content_value_var_password_pam_ocredit" type="number">
              <title xmlns:xhtml="http://www.w3.org/1999/xhtml" xml:lang="en-US">ocredit</title>
              <description xmlns:xhtml="http://www.w3.org/1999/xhtml" xml:lang="en-US">Minimum number of other (special characters) in
password</description>
              <value selector="0">0</value>
              <value selector="1">-1</value>
              <value selector="2">-2</value>
              <value>-1</value>
            </Value>
            <Value id="xccdf_org.ssgproject.content_value_var_password_pam_ucredit" type="number">
              <title xmlns:xhtml="http://www.w3.org/1999/xhtml" xml:lang="en-US">ucredit</title>
              <description xmlns:xhtml="http://www.w3.org/1999/xhtml" xml:lang="en-US">Minimum number of upper case in password</description>
              <value selector="0">0</value>
              <value selector="1">-1</value>
              <value selector="2">-2</value>
              <value>-1</value>
            </Value>
            <Rule id="xccdf_org.ssgproject.content_rule_accounts_password_pam_dcredit" selected="false" role="full" severity="medium">
              <title xmlns:xhtml="http://www.w3.org/1999/xhtml" xml:lang="en-US">Ensure PAM Enforces Password Requirements - Minimum Digit Characters</title>
              <description xmlns:xhtml="http://www.w3.org/1999/xhtml" xml:lang="en-US">The pam_pwquality module's <html:code xmlns:html="http://www.w3.org/1999/xhtml">dcredit</html:code> parameter controls requirements for
usage of digits in a password. When set to a negative number, any password will be required to
contain that many digits. When set to a positive number, pam_pwquality will grant +1 additional
length credit for each digit. Modify the <html:code xmlns:html="http://www.w3.org/1999/xhtml">dcredit</html:code> setting in
<html:code xmlns:html="http://www.w3.org/1999/xhtml">/etc/security/pwquality.conf</html:code> to require the use of a digit in passwords.</description>
              <reference href="https://www.cisecurity.org/controls/">1</reference>
              <reference href="https://www.cisecurity.org/controls/">12</reference>
              <reference href="https://www.cisecurity.org/controls/">15</reference>
              <reference href="https://www.cisecurity.org/controls/">16</reference>
              <reference href="https://www.cisecurity.org/controls/">5</reference>
              <reference href="https://www.isaca.org/resources/cobit">DSS05.04</reference>
              <reference href="https://www.isaca.org/resources/cobit">DSS05.05</reference>
              <reference href="https://www.isaca.org/resources/cobit">DSS05.07</reference>
              <reference href="https://www.isaca.org/resources/cobit">DSS05.10</reference>
              <reference href="https://www.isaca.org/resources/cobit">DSS06.03</reference>
              <reference href="https://www.isaca.org/resources/cobit">DSS06.10</reference>
              <reference href="https://public.cyber.mil/stigs/cci/">CCI-004066</reference>
              <reference href="https://www.isa.org/products/isa-62443-2-1-2009-security-for-industrial-automat">4.3.3.2.2</reference>
              <reference href="https://www.isa.org/products/isa-62443-2-1-2009-security-for-industrial-automat">4.3.3.5.1</reference>
              <reference href="https://www.isa.org/products/isa-62443-2-1-2009-security-for-industrial-automat">4.3.3.5.2</reference>
              <reference href="https://www.isa.org/products/isa-62443-2-1-2009-security-for-industrial-automat">4.3.3.6.1</reference>
              <reference href="https://www.isa.org/products/isa-62443-2-1-2009-security-for-industrial-automat">4.3.3.6.2</reference>
              <reference href="https://www.isa.org/products/isa-62443-2-1-2009-security-for-industrial-automat">4.3.3.6.3</reference>
              <reference href="https://www.isa.org/products/isa-62443-2-1-2009-security-for-industrial-automat">4.3.3.6.4</reference>
              <reference href="https://www.isa.org/products/isa-62443-2-1-2009-security-for-industrial-automat">4.3.3.6.5</reference>
              <reference href="https://www.isa.org/products/isa-62443-2-1-2009-security-for-industrial-automat">4.3.3.6.6</reference>
              <reference href="https://www.isa.org/products/isa-62443-2-1-2009-security-for-industrial-automat">4.3.3.6.7</reference>
              <reference href="https://www.isa.org/products/isa-62443-2-1-2009-security-for-industrial-automat">4.3.3.6.8</reference>
              <reference href="https://www.isa.org/products/isa-62443-2-1-2009-security-for-industrial-automat">4.3.3.6.9</reference>
              <reference href="https://www.isa.org/products/isa-62443-2-1-2009-security-for-industrial-automat">4.3.3.7.2</reference>
              <reference href="https://www.isa.org/products/isa-62443-2-1-2009-security-for-industrial-automat">4.3.3.7.4</reference>
              <reference href="https://www.isa.org/products/ansi-isa-62443-3-3-99-03-03-2013-security-for-indu">SR 1.1</reference>
              <reference href="https://www.isa.org/products/ansi-isa-62443-3-3-99-03-03-2013-security-for-indu">SR 1.10</reference>
              <reference href="https://www.isa.org/products/ansi-isa-62443-3-3-99-03-03-2013-security-for-indu">SR 1.2</reference>
              <reference href="https://www.isa.org/products/ansi-isa-62443-3-3-99-03-03-2013-security-for-indu">SR 1.3</reference>
              <reference href="https://www.isa.org/products/ansi-isa-62443-3-3-99-03-03-2013-security-for-indu">SR 1.4</reference>
              <reference href="https://www.isa.org/products/ansi-isa-62443-3-3-99-03-03-2013-security-for-indu">SR 1.5</reference>
              <reference href="https://www.isa.org/products/ansi-isa-62443-3-3-99-03-03-2013-security-for-indu">SR 1.7</reference>
              <reference href="https://www.isa.org/products/ansi-isa-62443-3-3-99-03-03-2013-security-for-indu">SR 1.8</reference>
              <reference href="https://www.isa.org/products/ansi-isa-62443-3-3-99-03-03-2013-security-for-indu">SR 1.9</reference>
              <reference href="https://www.isa.org/products/ansi-isa-62443-3-3-99-03-03-2013-security-for-indu">SR 2.1</reference>
              <reference href="https://www.cyber.gov.au/acsc/view-all-content/ism">0421</reference>
              <reference href="https://www.cyber.gov.au/acsc/view-all-content/ism">0422</reference>
              <reference href="https://www.cyber.gov.au/acsc/view-all-content/ism">0431</reference>
              <reference href="https://www.cyber.gov.au/acsc/view-all-content/ism">0974</reference>
              <reference href="https://www.cyber.gov.au/acsc/view-all-content/ism">1173</reference>
              <reference href="https://www.cyber.gov.au/acsc/view-all-content/ism">1401</reference>
              <reference href="https://www.cyber.gov.au/acsc/view-all-content/ism">1504</reference>
              <reference href="https://www.cyber.gov.au/acsc/view-all-content/ism">1505</reference>
              <reference href="https://www.cyber.gov.au/acsc/view-all-content/ism">1546</reference>
              <reference href="https://www.cyber.gov.au/acsc/view-all-content/ism">1557</reference>
              <reference href="https://www.cyber.gov.au/acsc/view-all-content/ism">1558</reference>
              <reference href="https://www.cyber.gov.au/acsc/view-all-content/ism">1559</reference>
              <reference href="https://www.cyber.gov.au/acsc/view-all-content/ism">1560</reference>
              <reference href="https://www.cyber.gov.au/acsc/view-all-content/ism">1561</reference>
              <reference href="https://www.iso.org/contents/data/standard/05/45/54534.html">A.18.1.4</reference>
              <reference href="https://www.iso.org/contents/data/standard/05/45/54534.html">A.7.1.1</reference>
              <reference href="https://www.iso.org/contents/data/standard/05/45/54534.html">A.9.2.1</reference>
              <reference href="https://www.iso.org/contents/data/standard/05/45/54534.html">A.9.2.2</reference>
              <reference href="https://www.iso.org/contents/data/standard/05/45/54534.html">A.9.2.3</reference>
              <reference href="https://www.iso.org/contents/data/standard/05/45/54534.html">A.9.2.4</reference>
              <reference href="https://www.iso.org/contents/data/standard/05/45/54534.html">A.9.2.6</reference>
              <reference href="https://www.iso.org/contents/data/standard/05/45/54534.html">A.9.3.1</reference>
              <reference href="https://www.iso.org/contents/data/standard/05/45/54534.html">A.9.4.2</reference>
              <reference href="https://www.iso.org/contents/data/standard/05/45/54534.html">A.9.4.3</reference>
              <reference href="http://nvlpubs.nist.gov/nistpubs/SpecialPublications/NIST.SP.800-53r4.pdf">IA-5(c)</reference>
              <reference href="http://nvlpubs.nist.gov/nistpubs/SpecialPublications/NIST.SP.800-53r4.pdf">IA-5(1)(a)</reference>
              <reference href="http://nvlpubs.nist.gov/nistpubs/SpecialPublications/NIST.SP.800-53r4.pdf">CM-6(a)</reference>
              <reference href="http://nvlpubs.nist.gov/nistpubs/SpecialPublications/NIST.SP.800-53r4.pdf">IA-5(4)</reference>
              <reference href="https://nvlpubs.nist.gov/nistpubs/CSWP/NIST.CSWP.04162018.pdf">PR.AC-1</reference>
              <reference href="https://nvlpubs.nist.gov/nistpubs/CSWP/NIST.CSWP.04162018.pdf">PR.AC-6</reference>
              <reference href="https://nvlpubs.nist.gov/nistpubs/CSWP/NIST.CSWP.04162018.pdf">PR.AC-7</reference>
              <reference href="https://www.niap-ccevs.org/Profile/PP.cfm">FMT_SMF_EXT.1</reference>
              <reference href="https://www.pcisecuritystandards.org/documents/PCI_DSS_v3-2-1.pdf">Req-8.2.3</reference>
              <reference href="https://public.cyber.mil/stigs/downloads/?_dl_facet_stigs=operating-systems%2Cgeneral-purpose-os">SRG-OS-000071-GPOS-00039</reference>
              <reference href="https://cyber.gouv.fr/sites/default/files/document/linux_configuration-en-v2.pdf">R31</reference>
              <reference href="https://www.cisecurity.org/benchmark/ubuntu_linux/">5.3.3.2.3</reference>
              <reference href="https://docs-prv.pcisecuritystandards.org/PCI%20DSS/Standard/PCI-DSS-v4_0.pdf">8.3.6</reference>
              <reference href="https://docs-prv.pcisecuritystandards.org/PCI%20DSS/Standard/PCI-DSS-v4_0.pdf">8.3</reference>
              <rationale xmlns:xhtml="http://www.w3.org/1999/xhtml" xml:lang="en-US">Use of a complex password helps to increase the time and resources required
to compromise the password. Password complexity, or strength, is a measure of
the effectiveness of a password in resisting attempts at guessing and brute-force
attacks.
<html:br xmlns:html="http://www.w3.org/1999/xhtml"/>
          <html:br xmlns:html="http://www.w3.org/1999/xhtml"/>
Password complexity is one factor of several that determines how long it takes
to crack a password. The more complex the password, the greater the number of
possible combinations that need to be tested before the password is compromised.
Requiring digits makes password guessing attacks more difficult by ensuring a larger
search space.</rationale>
              <platform idref="#package_pam"/>
              <fix xmlns:xhtml="http://www.w3.org/1999/xhtml" id="accounts_password_pam_dcredit" system="urn:xccdf:fix:script:ansible" complexity="low" disruption="low" strategy="restrict">- name: Gather the package facts
  package_facts:
    manager: auto
  tags:
  - NIST-800-53-CM-6(a)
  - NIST-800-53-IA-5(1)(a)
  - NIST-800-53-IA-5(4)
  - NIST-800-53-IA-5(c)
  - PCI-DSS-Req-8.2.3
  - PCI-DSSv4-8.3
  - PCI-DSSv4-8.3.6
  - accounts_password_pam_dcredit
  - low_complexity
  - low_disruption
  - medium_severity
  - no_reboot_needed
  - restrict_strategy
- name: XCCDF Value var_password_pam_dcredit # promote to variable
  set_fact:
    var_password_pam_dcredit: !!str <xccdf-1.2:sub xmlns:xccdf-1.2="http://checklists.nist.gov/xccdf/1.2" idref="xccdf_org.ssgproject.content_value_var_password_pam_dcredit" use="legacy"/>
  tags:
    - always

- name: Ensure PAM Enforces Password Requirements - Minimum Digit Characters - Check
    if system relies on pam-auth-update tool
  ansible.builtin.stat:
    path: /usr/sbin/pam-auth-update
  register: result_pam_auth_update_present
  when: '"libpam-runtime" in ansible_facts.packages'
  tags:
  - NIST-800-53-CM-6(a)
  - NIST-800-53-IA-5(1)(a)
  - NIST-800-53-IA-5(4)
  - NIST-800-53-IA-5(c)
  - PCI-DSS-Req-8.2.3
  - PCI-DSSv4-8.3
  - PCI-DSSv4-8.3.6
  - accounts_password_pam_dcredit
  - low_complexity
  - low_disruption
  - medium_severity
  - no_reboot_needed
  - restrict_strategy

- name: Ensure PAM Enforces Password Requirements - Minimum Digit Characters - Remediation
    where pam-auth-update tool is present
  block:

  - name: Check if /usr/share/pam-configs/cac_pwquality exists
    stat:
      path: /usr/share/pam-configs/cac_pwquality
    register: pwquality_file_stat

  - name: Put the content into /usr/share/pam-configs/cac_pwquality if it does not
      exist
    copy:
      dest: /usr/share/pam-configs/cac_pwquality
      content: |
        Name: Pwquality password strength checking
        Default: yes
        Priority: 1024
        Conflicts: cracklib
        Password-Type: Primary
        Password:
          requisite           pam_pwquality.so retry=3
      force: true
    when: not pwquality_file_stat.stat.exists

  - name: Ensure PAM Enforces Password Requirements - Minimum Digit Characters - Ensure
      pam-auth-update profile changes are applied
    ansible.builtin.command:
      cmd: pam-auth-update --enable cac_pwquality
  when:
  - '"libpam-runtime" in ansible_facts.packages'
  - result_pam_auth_update_present.stat.exists
  tags:
  - NIST-800-53-CM-6(a)
  - NIST-800-53-IA-5(1)(a)
  - NIST-800-53-IA-5(4)
  - NIST-800-53-IA-5(c)
  - PCI-DSS-Req-8.2.3
  - PCI-DSSv4-8.3
  - PCI-DSSv4-8.3.6
  - accounts_password_pam_dcredit
  - low_complexity
  - low_disruption
  - medium_severity
  - no_reboot_needed
  - restrict_strategy

- name: Ensure PAM Enforces Password Requirements - Minimum Digit Characters - Ensure
    PAM variable dcredit is set accordingly
  ansible.builtin.lineinfile:
    create: true
    dest: /etc/security/pwquality.conf
    regexp: ^#?\s*dcredit
    line: dcredit = {{ var_password_pam_dcredit }}
  when: '"libpam-runtime" in ansible_facts.packages'
  tags:
  - NIST-800-53-CM-6(a)
  - NIST-800-53-IA-5(1)(a)
  - NIST-800-53-IA-5(4)
  - NIST-800-53-IA-5(c)
  - PCI-DSS-Req-8.2.3
  - PCI-DSSv4-8.3
  - PCI-DSSv4-8.3.6
  - accounts_password_pam_dcredit
  - low_complexity
  - low_disruption
  - medium_severity
  - no_reboot_needed
  - restrict_strategy
</fix>
              <fix xmlns:xhtml="http://www.w3.org/1999/xhtml" id="accounts_password_pam_dcredit" system="urn:xccdf:fix:script:sh" complexity="low" disruption="low" strategy="restrict"># Remediation is applicable only in certain platforms
if dpkg-query --show --showformat='${db:Status-Status}\n' 'libpam-runtime' 2&gt;/dev/null | grep -q '^installed'; then

var_password_pam_dcredit='<xccdf-1.2:sub xmlns:xccdf-1.2="http://checklists.nist.gov/xccdf/1.2" idref="xccdf_org.ssgproject.content_value_var_password_pam_dcredit" use="legacy"/>'







conf_name=cac_pwquality
if [ ! -f /usr/share/pam-configs/"$conf_name" ]; then
    cat &lt;&lt; EOF &gt; /usr/share/pam-configs/"$conf_name"
Name: Pwquality password strength checking
Default: yes
Priority: 1025
Conflicts: cracklib, pwquality
Password-Type: Primary
Password:
    requisite                   pam_pwquality.so
EOF
fi

DEBIAN_FRONTEND=noninteractive pam-auth-update


# Strip any search characters in the key arg so that the key can be replaced without
# adding any search characters to the config file.
stripped_key=$(sed 's/[\^=\$,;+]*//g' &lt;&lt;&lt; "^dcredit")

# shellcheck disable=SC2059
printf -v formatted_output "%s = %s" "$stripped_key" "$var_password_pam_dcredit"

# If the key exists, change it. Otherwise, add it to the config_file.
# We search for the key string followed by a word boundary (matched by \&gt;),
# so if we search for 'setting', 'setting2' won't match.
if LC_ALL=C grep -q -m 1 -i -e "^dcredit\\&gt;" "/etc/security/pwquality.conf"; then
    escaped_formatted_output=$(sed -e 's|/|\\/|g' &lt;&lt;&lt; "$formatted_output")
    LC_ALL=C sed -i --follow-symlinks "s/^dcredit\\&gt;.*/$escaped_formatted_output/gi" "/etc/security/pwquality.conf"
else
    if [[ -s "/etc/security/pwquality.conf" ]] &amp;&amp; [[ -n "$(tail -c 1 -- "/etc/security/pwquality.conf" || true)" ]]; then
        LC_ALL=C sed -i --follow-symlinks '$a'\\ "/etc/security/pwquality.conf"
    fi
    printf '%s\n' "$formatted_output" &gt;&gt; "/etc/security/pwquality.conf"
fi

else
    &gt;&amp;2 echo 'Remediation is not applicable, nothing was done'
fi
</fix>
              <check system="http://oval.mitre.org/XMLSchema/oval-definitions-5">
                <check-export export-name="oval:ssg-var_password_pam_dcredit:var:1" value-id="xccdf_org.ssgproject.content_value_var_password_pam_dcredit"/>
                <check-content-ref name="oval:ssg-accounts_password_pam_dcredit:def:1" href="ssg-ubuntu2404-oval.xml"/>
              </check>
              <check system="http://scap.nist.gov/schema/ocil/2">
                <check-content-ref name="ocil:ssg-accounts_password_pam_dcredit_ocil:questionnaire:1" href="ssg-ubuntu2404-ocil.xml"/>
              </check>
            </Rule>
            <Rule id="xccdf_org.ssgproject.content_rule_accounts_password_pam_dictcheck" selected="false" role="full" severity="medium">
              <title xmlns:xhtml="http://www.w3.org/1999/xhtml" xml:lang="en-US">Ensure PAM Enforces Password Requirements - Prevent the Use of Dictionary Words</title>
              <description xmlns:xhtml="http://www.w3.org/1999/xhtml" xml:lang="en-US">The pam_pwquality module's <html:code xmlns:html="http://www.w3.org/1999/xhtml">dictcheck</html:code> check if passwords contains dictionary words. When
<html:code xmlns:html="http://www.w3.org/1999/xhtml">dictcheck</html:code> is set to <html:code xmlns:html="http://www.w3.org/1999/xhtml">1</html:code> passwords will be checked for dictionary words.</description>
              <reference href="https://public.cyber.mil/stigs/cci/">CCI-000366</reference>
              <reference href="http://nvlpubs.nist.gov/nistpubs/SpecialPublications/NIST.SP.800-53r4.pdf">IA-5(c)</reference>
              <reference href="http://nvlpubs.nist.gov/nistpubs/SpecialPublications/NIST.SP.800-53r4.pdf">IA-5(1)(a)</reference>
              <reference href="http://nvlpubs.nist.gov/nistpubs/SpecialPublications/NIST.SP.800-53r4.pdf">CM-6(a)</reference>
              <reference href="http://nvlpubs.nist.gov/nistpubs/SpecialPublications/NIST.SP.800-53r4.pdf">IA-5(4)</reference>
              <reference href="https://public.cyber.mil/stigs/downloads/?_dl_facet_stigs=operating-systems%2Cgeneral-purpose-os">SRG-OS-000480-GPOS-00225</reference>
              <reference href="https://public.cyber.mil/stigs/downloads/?_dl_facet_stigs=operating-systems%2Cgeneral-purpose-os">SRG-OS-000072-GPOS-00040</reference>
              <reference href="https://www.cisecurity.org/benchmark/ubuntu_linux/">5.3.3.2.6</reference>
              <rationale xmlns:xhtml="http://www.w3.org/1999/xhtml" xml:lang="en-US">Use of a complex password helps to increase the time and resources required to compromise the password.
Password complexity, or strength, is a measure of the effectiveness of a password in resisting attempts at
guessing and brute-force attacks.
<html:br xmlns:html="http://www.w3.org/1999/xhtml"/>
          <html:br xmlns:html="http://www.w3.org/1999/xhtml"/>
Password complexity is one factor of several that determines how long it takes to crack a password. The more
complex the password, the greater the number of possible combinations that need to be tested before the
password is compromised.
<html:br xmlns:html="http://www.w3.org/1999/xhtml"/>
          <html:br xmlns:html="http://www.w3.org/1999/xhtml"/>
Passwords with dictionary words may be more vulnerable to password-guessing attacks.</rationale>
              <platform idref="#package_pam"/>
              <fix xmlns:xhtml="http://www.w3.org/1999/xhtml" id="accounts_password_pam_dictcheck" system="urn:xccdf:fix:script:ansible" complexity="low" disruption="low" strategy="restrict">- name: Gather the package facts
  package_facts:
    manager: auto
  tags:
  - NIST-800-53-CM-6(a)
  - NIST-800-53-IA-5(1)(a)
  - NIST-800-53-IA-5(4)
  - NIST-800-53-IA-5(c)
  - accounts_password_pam_dictcheck
  - low_complexity
  - low_disruption
  - medium_severity
  - no_reboot_needed
  - restrict_strategy
- name: XCCDF Value var_password_pam_dictcheck # promote to variable
  set_fact:
    var_password_pam_dictcheck: !!str <xccdf-1.2:sub xmlns:xccdf-1.2="http://checklists.nist.gov/xccdf/1.2" idref="xccdf_org.ssgproject.content_value_var_password_pam_dictcheck" use="legacy"/>
  tags:
    - always

- name: Ensure PAM Enforces Password Requirements - Prevent the Use of Dictionary
    Words - Check if system relies on pam-auth-update tool
  ansible.builtin.stat:
    path: /usr/sbin/pam-auth-update
  register: result_pam_auth_update_present
  when: '"libpam-runtime" in ansible_facts.packages'
  tags:
  - NIST-800-53-CM-6(a)
  - NIST-800-53-IA-5(1)(a)
  - NIST-800-53-IA-5(4)
  - NIST-800-53-IA-5(c)
  - accounts_password_pam_dictcheck
  - low_complexity
  - low_disruption
  - medium_severity
  - no_reboot_needed
  - restrict_strategy

- name: Ensure PAM Enforces Password Requirements - Prevent the Use of Dictionary
    Words - Remediation where pam-auth-update tool is present
  block:

  - name: Check if /usr/share/pam-configs/cac_pwquality exists
    stat:
      path: /usr/share/pam-configs/cac_pwquality
    register: pwquality_file_stat

  - name: Put the content into /usr/share/pam-configs/cac_pwquality if it does not
      exist
    copy:
      dest: /usr/share/pam-configs/cac_pwquality
      content: |
        Name: Pwquality password strength checking
        Default: yes
        Priority: 1024
        Conflicts: cracklib
        Password-Type: Primary
        Password:
          requisite           pam_pwquality.so retry=3
      force: true
    when: not pwquality_file_stat.stat.exists

  - name: Ensure PAM Enforces Password Requirements - Prevent the Use of Dictionary
      Words - Ensure pam-auth-update profile changes are applied
    ansible.builtin.command:
      cmd: pam-auth-update --enable cac_pwquality
  when:
  - '"libpam-runtime" in ansible_facts.packages'
  - result_pam_auth_update_present.stat.exists
  tags:
  - NIST-800-53-CM-6(a)
  - NIST-800-53-IA-5(1)(a)
  - NIST-800-53-IA-5(4)
  - NIST-800-53-IA-5(c)
  - accounts_password_pam_dictcheck
  - low_complexity
  - low_disruption
  - medium_severity
  - no_reboot_needed
  - restrict_strategy

- name: Ensure PAM Enforces Password Requirements - Prevent the Use of Dictionary
    Words - Ensure PAM variable dictcheck is set accordingly
  ansible.builtin.lineinfile:
    create: true
    dest: /etc/security/pwquality.conf
    regexp: ^#?\s*dictcheck
    line: dictcheck = {{ var_password_pam_dictcheck }}
  when: '"libpam-runtime" in ansible_facts.packages'
  tags:
  - NIST-800-53-CM-6(a)
  - NIST-800-53-IA-5(1)(a)
  - NIST-800-53-IA-5(4)
  - NIST-800-53-IA-5(c)
  - accounts_password_pam_dictcheck
  - low_complexity
  - low_disruption
  - medium_severity
  - no_reboot_needed
  - restrict_strategy
</fix>
              <fix xmlns:xhtml="http://www.w3.org/1999/xhtml" id="accounts_password_pam_dictcheck" system="urn:xccdf:fix:script:sh" complexity="low" disruption="low" strategy="restrict"># Remediation is applicable only in certain platforms
if dpkg-query --show --showformat='${db:Status-Status}\n' 'libpam-runtime' 2&gt;/dev/null | grep -q '^installed'; then

var_password_pam_dictcheck='<xccdf-1.2:sub xmlns:xccdf-1.2="http://checklists.nist.gov/xccdf/1.2" idref="xccdf_org.ssgproject.content_value_var_password_pam_dictcheck" use="legacy"/>'







conf_name=cac_pwquality
if [ ! -f /usr/share/pam-configs/"$conf_name" ]; then
    cat &lt;&lt; EOF &gt; /usr/share/pam-configs/"$conf_name"
Name: Pwquality password strength checking
Default: yes
Priority: 1025
Conflicts: cracklib, pwquality
Password-Type: Primary
Password:
    requisite                   pam_pwquality.so
EOF
fi

DEBIAN_FRONTEND=noninteractive pam-auth-update


# Strip any search characters in the key arg so that the key can be replaced without
# adding any search characters to the config file.
stripped_key=$(sed 's/[\^=\$,;+]*//g' &lt;&lt;&lt; "^dictcheck")

# shellcheck disable=SC2059
printf -v formatted_output "%s = %s" "$stripped_key" "$var_password_pam_dictcheck"

# If the key exists, change it. Otherwise, add it to the config_file.
# We search for the key string followed by a word boundary (matched by \&gt;),
# so if we search for 'setting', 'setting2' won't match.
if LC_ALL=C grep -q -m 1 -i -e "^dictcheck\\&gt;" "/etc/security/pwquality.conf"; then
    escaped_formatted_output=$(sed -e 's|/|\\/|g' &lt;&lt;&lt; "$formatted_output")
    LC_ALL=C sed -i --follow-symlinks "s/^dictcheck\\&gt;.*/$escaped_formatted_output/gi" "/etc/security/pwquality.conf"
else
    if [[ -s "/etc/security/pwquality.conf" ]] &amp;&amp; [[ -n "$(tail -c 1 -- "/etc/security/pwquality.conf" || true)" ]]; then
        LC_ALL=C sed -i --follow-symlinks '$a'\\ "/etc/security/pwquality.conf"
    fi
    printf '%s\n' "$formatted_output" &gt;&gt; "/etc/security/pwquality.conf"
fi

else
    &gt;&amp;2 echo 'Remediation is not applicable, nothing was done'
fi
</fix>
              <check system="http://oval.mitre.org/XMLSchema/oval-definitions-5">
                <check-export export-name="oval:ssg-var_password_pam_dictcheck:var:1" value-id="xccdf_org.ssgproject.content_value_var_password_pam_dictcheck"/>
                <check-content-ref name="oval:ssg-accounts_password_pam_dictcheck:def:1" href="ssg-ubuntu2404-oval.xml"/>
              </check>
              <check system="http://scap.nist.gov/schema/ocil/2">
                <check-content-ref name="ocil:ssg-accounts_password_pam_dictcheck_ocil:questionnaire:1" href="ssg-ubuntu2404-ocil.xml"/>
              </check>
            </Rule>
            <Rule id="xccdf_org.ssgproject.content_rule_accounts_password_pam_difok" selected="false" role="full" severity="medium">
              <title xmlns:xhtml="http://www.w3.org/1999/xhtml" xml:lang="en-US">Ensure PAM Enforces Password Requirements - Minimum Different Characters</title>
              <description xmlns:xhtml="http://www.w3.org/1999/xhtml" xml:lang="en-US">The pam_pwquality module's <html:code xmlns:html="http://www.w3.org/1999/xhtml">difok</html:code> parameter sets the number of characters
in a password that must not be present in and old password during a password change.
<html:br xmlns:html="http://www.w3.org/1999/xhtml"/>
          <html:br xmlns:html="http://www.w3.org/1999/xhtml"/>
Modify the <html:code xmlns:html="http://www.w3.org/1999/xhtml">difok</html:code> setting in <html:code xmlns:html="http://www.w3.org/1999/xhtml">/etc/security/pwquality.conf</html:code>
to equal <xccdf-1.2:sub xmlns:xccdf-1.2="http://checklists.nist.gov/xccdf/1.2" idref="xccdf_org.ssgproject.content_value_var_password_pam_difok" use="legacy"/> to require differing characters
when changing passwords.</description>
              <reference href="https://www.cisecurity.org/controls/">1</reference>
              <reference href="https://www.cisecurity.org/controls/">12</reference>
              <reference href="https://www.cisecurity.org/controls/">15</reference>
              <reference href="https://www.cisecurity.org/controls/">16</reference>
              <reference href="https://www.cisecurity.org/controls/">5</reference>
              <reference href="https://www.fbi.gov/file-repository/cjis-security-policy-v5_5_20160601-2-1.pdf">5.6.2.1.1</reference>
              <reference href="https://www.isaca.org/resources/cobit">DSS05.04</reference>
              <reference href="https://www.isaca.org/resources/cobit">DSS05.05</reference>
              <reference href="https://www.isaca.org/resources/cobit">DSS05.07</reference>
              <reference href="https://www.isaca.org/resources/cobit">DSS05.10</reference>
              <reference href="https://www.isaca.org/resources/cobit">DSS06.03</reference>
              <reference href="https://www.isaca.org/resources/cobit">DSS06.10</reference>
              <reference href="https://public.cyber.mil/stigs/cci/">CCI-004066</reference>
              <reference href="https://www.isa.org/products/isa-62443-2-1-2009-security-for-industrial-automat">4.3.3.2.2</reference>
              <reference href="https://www.isa.org/products/isa-62443-2-1-2009-security-for-industrial-automat">4.3.3.5.1</reference>
              <reference href="https://www.isa.org/products/isa-62443-2-1-2009-security-for-industrial-automat">4.3.3.5.2</reference>
              <reference href="https://www.isa.org/products/isa-62443-2-1-2009-security-for-industrial-automat">4.3.3.6.1</reference>
              <reference href="https://www.isa.org/products/isa-62443-2-1-2009-security-for-industrial-automat">4.3.3.6.2</reference>
              <reference href="https://www.isa.org/products/isa-62443-2-1-2009-security-for-industrial-automat">4.3.3.6.3</reference>
              <reference href="https://www.isa.org/products/isa-62443-2-1-2009-security-for-industrial-automat">4.3.3.6.4</reference>
              <reference href="https://www.isa.org/products/isa-62443-2-1-2009-security-for-industrial-automat">4.3.3.6.5</reference>
              <reference href="https://www.isa.org/products/isa-62443-2-1-2009-security-for-industrial-automat">4.3.3.6.6</reference>
              <reference href="https://www.isa.org/products/isa-62443-2-1-2009-security-for-industrial-automat">4.3.3.6.7</reference>
              <reference href="https://www.isa.org/products/isa-62443-2-1-2009-security-for-industrial-automat">4.3.3.6.8</reference>
              <reference href="https://www.isa.org/products/isa-62443-2-1-2009-security-for-industrial-automat">4.3.3.6.9</reference>
              <reference href="https://www.isa.org/products/isa-62443-2-1-2009-security-for-industrial-automat">4.3.3.7.2</reference>
              <reference href="https://www.isa.org/products/isa-62443-2-1-2009-security-for-industrial-automat">4.3.3.7.4</reference>
              <reference href="https://www.isa.org/products/ansi-isa-62443-3-3-99-03-03-2013-security-for-indu">SR 1.1</reference>
              <reference href="https://www.isa.org/products/ansi-isa-62443-3-3-99-03-03-2013-security-for-indu">SR 1.10</reference>
              <reference href="https://www.isa.org/products/ansi-isa-62443-3-3-99-03-03-2013-security-for-indu">SR 1.2</reference>
              <reference href="https://www.isa.org/products/ansi-isa-62443-3-3-99-03-03-2013-security-for-indu">SR 1.3</reference>
              <reference href="https://www.isa.org/products/ansi-isa-62443-3-3-99-03-03-2013-security-for-indu">SR 1.4</reference>
              <reference href="https://www.isa.org/products/ansi-isa-62443-3-3-99-03-03-2013-security-for-indu">SR 1.5</reference>
              <reference href="https://www.isa.org/products/ansi-isa-62443-3-3-99-03-03-2013-security-for-indu">SR 1.7</reference>
              <reference href="https://www.isa.org/products/ansi-isa-62443-3-3-99-03-03-2013-security-for-indu">SR 1.8</reference>
              <reference href="https://www.isa.org/products/ansi-isa-62443-3-3-99-03-03-2013-security-for-indu">SR 1.9</reference>
              <reference href="https://www.isa.org/products/ansi-isa-62443-3-3-99-03-03-2013-security-for-indu">SR 2.1</reference>
              <reference href="https://www.iso.org/contents/data/standard/05/45/54534.html">A.18.1.4</reference>
              <reference href="https://www.iso.org/contents/data/standard/05/45/54534.html">A.7.1.1</reference>
              <reference href="https://www.iso.org/contents/data/standard/05/45/54534.html">A.9.2.1</reference>
              <reference href="https://www.iso.org/contents/data/standard/05/45/54534.html">A.9.2.2</reference>
              <reference href="https://www.iso.org/contents/data/standard/05/45/54534.html">A.9.2.3</reference>
              <reference href="https://www.iso.org/contents/data/standard/05/45/54534.html">A.9.2.4</reference>
              <reference href="https://www.iso.org/contents/data/standard/05/45/54534.html">A.9.2.6</reference>
              <reference href="https://www.iso.org/contents/data/standard/05/45/54534.html">A.9.3.1</reference>
              <reference href="https://www.iso.org/contents/data/standard/05/45/54534.html">A.9.4.2</reference>
              <reference href="https://www.iso.org/contents/data/standard/05/45/54534.html">A.9.4.3</reference>
              <reference href="http://nvlpubs.nist.gov/nistpubs/SpecialPublications/NIST.SP.800-53r4.pdf">IA-5(c)</reference>
              <reference href="http://nvlpubs.nist.gov/nistpubs/SpecialPublications/NIST.SP.800-53r4.pdf">IA-5(1)(b)</reference>
              <reference href="http://nvlpubs.nist.gov/nistpubs/SpecialPublications/NIST.SP.800-53r4.pdf">CM-6(a)</reference>
              <reference href="http://nvlpubs.nist.gov/nistpubs/SpecialPublications/NIST.SP.800-53r4.pdf">IA-5(4)</reference>
              <reference href="https://nvlpubs.nist.gov/nistpubs/CSWP/NIST.CSWP.04162018.pdf">PR.AC-1</reference>
              <reference href="https://nvlpubs.nist.gov/nistpubs/CSWP/NIST.CSWP.04162018.pdf">PR.AC-6</reference>
              <reference href="https://nvlpubs.nist.gov/nistpubs/CSWP/NIST.CSWP.04162018.pdf">PR.AC-7</reference>
              <reference href="https://public.cyber.mil/stigs/downloads/?_dl_facet_stigs=operating-systems%2Cgeneral-purpose-os">SRG-OS-000072-GPOS-00040</reference>
              <reference href="https://www.cisecurity.org/benchmark/ubuntu_linux/">5.3.3.2.1</reference>
              <rationale xmlns:xhtml="http://www.w3.org/1999/xhtml" xml:lang="en-US">Use of a complex password helps to increase the time and resources
required to compromise the password. Password complexity, or strength,
is a measure of the effectiveness of a password in resisting attempts
at guessing and brute–force attacks.
<html:br xmlns:html="http://www.w3.org/1999/xhtml"/>
          <html:br xmlns:html="http://www.w3.org/1999/xhtml"/>
Password complexity is one factor of several that determines how long
it takes to crack a password. The more complex the password, the
greater the number of possible combinations that need to be tested
before the password is compromised.
<html:br xmlns:html="http://www.w3.org/1999/xhtml"/>
          <html:br xmlns:html="http://www.w3.org/1999/xhtml"/>
Requiring a minimum number of different characters during password changes ensures that
newly changed passwords should not resemble previously compromised ones.
Note that passwords which are changed on compromised systems will still be compromised, however.</rationale>
              <platform idref="#package_pam"/>
              <fix xmlns:xhtml="http://www.w3.org/1999/xhtml" id="accounts_password_pam_difok" system="urn:xccdf:fix:script:ansible" complexity="low" disruption="low" strategy="restrict">- name: Gather the package facts
  package_facts:
    manager: auto
  tags:
  - CJIS-5.6.2.1.1
  - NIST-800-53-CM-6(a)
  - NIST-800-53-IA-5(1)(b)
  - NIST-800-53-IA-5(4)
  - NIST-800-53-IA-5(c)
  - accounts_password_pam_difok
  - low_complexity
  - low_disruption
  - medium_severity
  - no_reboot_needed
  - restrict_strategy
- name: XCCDF Value var_password_pam_difok # promote to variable
  set_fact:
    var_password_pam_difok: !!str <xccdf-1.2:sub xmlns:xccdf-1.2="http://checklists.nist.gov/xccdf/1.2" idref="xccdf_org.ssgproject.content_value_var_password_pam_difok" use="legacy"/>
  tags:
    - always

- name: Ensure PAM Enforces Password Requirements - Minimum Different Characters -
    Check if system relies on pam-auth-update tool
  ansible.builtin.stat:
    path: /usr/sbin/pam-auth-update
  register: result_pam_auth_update_present
  when: '"libpam-runtime" in ansible_facts.packages'
  tags:
  - CJIS-5.6.2.1.1
  - NIST-800-53-CM-6(a)
  - NIST-800-53-IA-5(1)(b)
  - NIST-800-53-IA-5(4)
  - NIST-800-53-IA-5(c)
  - accounts_password_pam_difok
  - low_complexity
  - low_disruption
  - medium_severity
  - no_reboot_needed
  - restrict_strategy

- name: Ensure PAM Enforces Password Requirements - Minimum Different Characters -
    Remediation where pam-auth-update tool is present
  block:

  - name: Check if /usr/share/pam-configs/cac_pwquality exists
    stat:
      path: /usr/share/pam-configs/cac_pwquality
    register: pwquality_file_stat

  - name: Put the content into /usr/share/pam-configs/cac_pwquality if it does not
      exist
    copy:
      dest: /usr/share/pam-configs/cac_pwquality
      content: |
        Name: Pwquality password strength checking
        Default: yes
        Priority: 1024
        Conflicts: cracklib
        Password-Type: Primary
        Password:
          requisite           pam_pwquality.so retry=3
      force: true
    when: not pwquality_file_stat.stat.exists

  - name: Ensure PAM Enforces Password Requirements - Minimum Different Characters
      - Ensure pam-auth-update profile changes are applied
    ansible.builtin.command:
      cmd: pam-auth-update --enable cac_pwquality
  when:
  - '"libpam-runtime" in ansible_facts.packages'
  - result_pam_auth_update_present.stat.exists
  tags:
  - CJIS-5.6.2.1.1
  - NIST-800-53-CM-6(a)
  - NIST-800-53-IA-5(1)(b)
  - NIST-800-53-IA-5(4)
  - NIST-800-53-IA-5(c)
  - accounts_password_pam_difok
  - low_complexity
  - low_disruption
  - medium_severity
  - no_reboot_needed
  - restrict_strategy

- name: Ensure PAM Enforces Password Requirements - Minimum Different Characters -
    Ensure PAM variable difok is set accordingly
  ansible.builtin.lineinfile:
    create: true
    dest: /etc/security/pwquality.conf
    regexp: ^#?\s*difok
    line: difok = {{ var_password_pam_difok }}
  when: '"libpam-runtime" in ansible_facts.packages'
  tags:
  - CJIS-5.6.2.1.1
  - NIST-800-53-CM-6(a)
  - NIST-800-53-IA-5(1)(b)
  - NIST-800-53-IA-5(4)
  - NIST-800-53-IA-5(c)
  - accounts_password_pam_difok
  - low_complexity
  - low_disruption
  - medium_severity
  - no_reboot_needed
  - restrict_strategy
</fix>
              <fix xmlns:xhtml="http://www.w3.org/1999/xhtml" id="accounts_password_pam_difok" system="urn:xccdf:fix:script:sh" complexity="low" disruption="low" strategy="restrict"># Remediation is applicable only in certain platforms
if dpkg-query --show --showformat='${db:Status-Status}\n' 'libpam-runtime' 2&gt;/dev/null | grep -q '^installed'; then

var_password_pam_difok='<xccdf-1.2:sub xmlns:xccdf-1.2="http://checklists.nist.gov/xccdf/1.2" idref="xccdf_org.ssgproject.content_value_var_password_pam_difok" use="legacy"/>'







conf_name=cac_pwquality
if [ ! -f /usr/share/pam-configs/"$conf_name" ]; then
    cat &lt;&lt; EOF &gt; /usr/share/pam-configs/"$conf_name"
Name: Pwquality password strength checking
Default: yes
Priority: 1025
Conflicts: cracklib, pwquality
Password-Type: Primary
Password:
    requisite                   pam_pwquality.so
EOF
fi

DEBIAN_FRONTEND=noninteractive pam-auth-update


# Strip any search characters in the key arg so that the key can be replaced without
# adding any search characters to the config file.
stripped_key=$(sed 's/[\^=\$,;+]*//g' &lt;&lt;&lt; "^difok")

# shellcheck disable=SC2059
printf -v formatted_output "%s = %s" "$stripped_key" "$var_password_pam_difok"

# If the key exists, change it. Otherwise, add it to the config_file.
# We search for the key string followed by a word boundary (matched by \&gt;),
# so if we search for 'setting', 'setting2' won't match.
if LC_ALL=C grep -q -m 1 -i -e "^difok\\&gt;" "/etc/security/pwquality.conf"; then
    escaped_formatted_output=$(sed -e 's|/|\\/|g' &lt;&lt;&lt; "$formatted_output")
    LC_ALL=C sed -i --follow-symlinks "s/^difok\\&gt;.*/$escaped_formatted_output/gi" "/etc/security/pwquality.conf"
else
    if [[ -s "/etc/security/pwquality.conf" ]] &amp;&amp; [[ -n "$(tail -c 1 -- "/etc/security/pwquality.conf" || true)" ]]; then
        LC_ALL=C sed -i --follow-symlinks '$a'\\ "/etc/security/pwquality.conf"
    fi
    printf '%s\n' "$formatted_output" &gt;&gt; "/etc/security/pwquality.conf"
fi

else
    &gt;&amp;2 echo 'Remediation is not applicable, nothing was done'
fi
</fix>
              <check system="http://oval.mitre.org/XMLSchema/oval-definitions-5">
                <check-export export-name="oval:ssg-var_password_pam_difok:var:1" value-id="xccdf_org.ssgproject.content_value_var_password_pam_difok"/>
                <check-content-ref name="oval:ssg-accounts_password_pam_difok:def:1" href="ssg-ubuntu2404-oval.xml"/>
              </check>
              <check system="http://scap.nist.gov/schema/ocil/2">
                <check-content-ref name="ocil:ssg-accounts_password_pam_difok_ocil:questionnaire:1" href="ssg-ubuntu2404-ocil.xml"/>
              </check>
            </Rule>
            <Rule id="xccdf_org.ssgproject.content_rule_accounts_password_pam_enforce_root" selected="false" role="full" severity="medium">
              <title xmlns:xhtml="http://www.w3.org/1999/xhtml" xml:lang="en-US">Ensure PAM Enforces Password Requirements - Enforce for root User</title>
              <description xmlns:xhtml="http://www.w3.org/1999/xhtml" xml:lang="en-US">The pam_pwquality module's <html:code xmlns:html="http://www.w3.org/1999/xhtml">enforce_for_root</html:code> parameter controls requirements for
enforcing password complexity for the root user. Enable the <html:code xmlns:html="http://www.w3.org/1999/xhtml">enforce_for_root</html:code>
setting in <html:code xmlns:html="http://www.w3.org/1999/xhtml">/etc/security/pwquality.conf</html:code> to require the <html:code xmlns:html="http://www.w3.org/1999/xhtml">root</html:code> user
to use complex passwords.</description>
              <reference href="https://public.cyber.mil/stigs/cci/">CCI-004066</reference>
              <reference href="http://nvlpubs.nist.gov/nistpubs/SpecialPublications/NIST.SP.800-53r4.pdf">IA-5(c)</reference>
              <reference href="http://nvlpubs.nist.gov/nistpubs/SpecialPublications/NIST.SP.800-53r4.pdf">IA-5(1)(a)</reference>
              <reference href="http://nvlpubs.nist.gov/nistpubs/SpecialPublications/NIST.SP.800-53r4.pdf">CM-6(a)</reference>
              <reference href="http://nvlpubs.nist.gov/nistpubs/SpecialPublications/NIST.SP.800-53r4.pdf">IA-5(4)</reference>
              <reference href="https://public.cyber.mil/stigs/downloads/?_dl_facet_stigs=operating-systems%2Cgeneral-purpose-os">SRG-OS-000072-GPOS-00040</reference>
              <reference href="https://public.cyber.mil/stigs/downloads/?_dl_facet_stigs=operating-systems%2Cgeneral-purpose-os">SRG-OS-000071-GPOS-00039</reference>
              <reference href="https://public.cyber.mil/stigs/downloads/?_dl_facet_stigs=operating-systems%2Cgeneral-purpose-os">SRG-OS-000070-GPOS-00038</reference>
              <reference href="https://public.cyber.mil/stigs/downloads/?_dl_facet_stigs=operating-systems%2Cgeneral-purpose-os">SRG-OS-000266-GPOS-00101</reference>
              <reference href="https://public.cyber.mil/stigs/downloads/?_dl_facet_stigs=operating-systems%2Cgeneral-purpose-os">SRG-OS-000078-GPOS-00046</reference>
              <reference href="https://public.cyber.mil/stigs/downloads/?_dl_facet_stigs=operating-systems%2Cgeneral-purpose-os">SRG-OS-000480-GPOS-00225</reference>
              <reference href="https://public.cyber.mil/stigs/downloads/?_dl_facet_stigs=operating-systems%2Cgeneral-purpose-os">SRG-OS-000069-GPOS-00037</reference>
              <reference href="https://www.cisecurity.org/benchmark/ubuntu_linux/">5.3.3.2.8</reference>
              <rationale xmlns:xhtml="http://www.w3.org/1999/xhtml" xml:lang="en-US">Use of a complex password helps to increase the time and resources required to compromise
the password. Password complexity, or strength, is a measure of the effectiveness of a
password in resisting attempts at guessing and brute-force attacks.

Password complexity is one factor of several that determines how long it takes to crack a
password. The more complex the password, the greater the number of possible combinations
that need to be tested before the password is compromised.</rationale>
              <platform idref="#package_pam"/>
              <fix xmlns:xhtml="http://www.w3.org/1999/xhtml" id="accounts_password_pam_enforce_root" system="urn:xccdf:fix:script:ansible" complexity="low" disruption="low" strategy="restrict">- name: Gather the package facts
  package_facts:
    manager: auto
  tags:
  - NIST-800-53-CM-6(a)
  - NIST-800-53-IA-5(1)(a)
  - NIST-800-53-IA-5(4)
  - NIST-800-53-IA-5(c)
  - accounts_password_pam_enforce_root
  - low_complexity
  - low_disruption
  - medium_severity
  - no_reboot_needed
  - restrict_strategy

- name: Ensure PAM Enforces Password Requirements - Enforce for root User
  lineinfile:
    path: /etc/security/pwquality.conf
    create: true
    regexp: ''
    line: enforce_for_root
    state: present
  when: '"libpam-runtime" in ansible_facts.packages'
  tags:
  - NIST-800-53-CM-6(a)
  - NIST-800-53-IA-5(1)(a)
  - NIST-800-53-IA-5(4)
  - NIST-800-53-IA-5(c)
  - accounts_password_pam_enforce_root
  - low_complexity
  - low_disruption
  - medium_severity
  - no_reboot_needed
  - restrict_strategy
</fix>
              <fix xmlns:xhtml="http://www.w3.org/1999/xhtml" id="accounts_password_pam_enforce_root" system="urn:xccdf:fix:script:sh" complexity="low" disruption="low" strategy="restrict"># Remediation is applicable only in certain platforms
if dpkg-query --show --showformat='${db:Status-Status}\n' 'libpam-runtime' 2&gt;/dev/null | grep -q '^installed'; then

if [ -e "/etc/security/pwquality.conf" ] ; then
    
    LC_ALL=C sed -i "/^\s*enforce_for_root/Id" "/etc/security/pwquality.conf"
else
    touch "/etc/security/pwquality.conf"
fi
# make sure file has newline at the end
sed -i -e '$a\' "/etc/security/pwquality.conf"

cp "/etc/security/pwquality.conf" "/etc/security/pwquality.conf.bak"
# Insert at the end of the file
printf '%s\n' "enforce_for_root" &gt;&gt; "/etc/security/pwquality.conf"
# Clean up after ourselves.
rm "/etc/security/pwquality.conf.bak"

else
    &gt;&amp;2 echo 'Remediation is not applicable, nothing was done'
fi
</fix>
              <check system="http://oval.mitre.org/XMLSchema/oval-definitions-5">
                <check-content-ref name="oval:ssg-accounts_password_pam_enforce_root:def:1" href="ssg-ubuntu2404-oval.xml"/>
              </check>
              <check system="http://scap.nist.gov/schema/ocil/2">
                <check-content-ref name="ocil:ssg-accounts_password_pam_enforce_root_ocil:questionnaire:1" href="ssg-ubuntu2404-ocil.xml"/>
              </check>
            </Rule>
            <Rule id="xccdf_org.ssgproject.content_rule_accounts_password_pam_enforcing" selected="false" role="full" severity="medium">
              <title xmlns:xhtml="http://www.w3.org/1999/xhtml" xml:lang="en-US">Ensure PAM Enforces Password Requirements - Enforcing</title>
              <description xmlns:xhtml="http://www.w3.org/1999/xhtml" xml:lang="en-US">Verify that the operating system uses "pwquality" to enforce the
password complexity rules.

Verify the pwquality module is being enforced by operating system by
running the following command:
<html:pre xmlns:html="http://www.w3.org/1999/xhtml">
$ grep -i enforcing /etc/security/pwquality.conf
enforcing = 1
</html:pre>

If the value of "enforcing" is not "1" or the line is commented out,
this is a finding.</description>
              <reference href="https://public.cyber.mil/stigs/cci/">CCI-000366</reference>
              <reference href="https://public.cyber.mil/stigs/downloads/?_dl_facet_stigs=operating-systems%2Cgeneral-purpose-os">SRG-OS-000480-GPOS-00225</reference>
              <reference href="https://www.cisecurity.org/benchmark/ubuntu_linux/">5.3.3.2.7</reference>
              <rationale xmlns:xhtml="http://www.w3.org/1999/xhtml" xml:lang="en-US">Use of a complex password helps to increase the time and resources
required to compromise the password. Password complexity, or strength,
is a measure of the effectiveness of a password in resisting attempts at
guessing and brute-force attacks. Using enforcing=1 ensures "pwquality"
enforces complex password construction configuration and has the ability
to limit brute-force attacks on the system.</rationale>
              <platform idref="#package_pam"/>
              <fix xmlns:xhtml="http://www.w3.org/1999/xhtml" id="accounts_password_pam_enforcing" system="urn:xccdf:fix:script:ansible" complexity="low" disruption="low" strategy="restrict">- name: Gather the package facts
  package_facts:
    manager: auto
  tags:
  - accounts_password_pam_enforcing
  - low_complexity
  - low_disruption
  - medium_severity
  - no_reboot_needed
  - restrict_strategy
- name: XCCDF Value var_password_pam_enforcing # promote to variable
  set_fact:
    var_password_pam_enforcing: !!str <xccdf-1.2:sub xmlns:xccdf-1.2="http://checklists.nist.gov/xccdf/1.2" idref="xccdf_org.ssgproject.content_value_var_password_pam_enforcing" use="legacy"/>
  tags:
    - always

- name: Ensure PAM Enforces Password Requirements - Enforcing - Check if system relies
    on pam-auth-update tool
  ansible.builtin.stat:
    path: /usr/sbin/pam-auth-update
  register: result_pam_auth_update_present
  when: '"libpam-runtime" in ansible_facts.packages'
  tags:
  - accounts_password_pam_enforcing
  - low_complexity
  - low_disruption
  - medium_severity
  - no_reboot_needed
  - restrict_strategy

- name: Ensure PAM Enforces Password Requirements - Enforcing - Remediation where
    pam-auth-update tool is present
  block:

  - name: Check if /usr/share/pam-configs/cac_pwquality exists
    stat:
      path: /usr/share/pam-configs/cac_pwquality
    register: pwquality_file_stat

  - name: Put the content into /usr/share/pam-configs/cac_pwquality if it does not
      exist
    copy:
      dest: /usr/share/pam-configs/cac_pwquality
      content: |
        Name: Pwquality password strength checking
        Default: yes
        Priority: 1024
        Conflicts: cracklib
        Password-Type: Primary
        Password:
          requisite           pam_pwquality.so retry=3
      force: true
    when: not pwquality_file_stat.stat.exists

  - name: Ensure PAM Enforces Password Requirements - Enforcing - Ensure pam-auth-update
      profile changes are applied
    ansible.builtin.command:
      cmd: pam-auth-update --enable cac_pwquality
  when:
  - '"libpam-runtime" in ansible_facts.packages'
  - result_pam_auth_update_present.stat.exists
  tags:
  - accounts_password_pam_enforcing
  - low_complexity
  - low_disruption
  - medium_severity
  - no_reboot_needed
  - restrict_strategy

- name: Ensure PAM Enforces Password Requirements - Enforcing - Ensure PAM variable
    enforcing is set accordingly
  ansible.builtin.lineinfile:
    create: true
    dest: /etc/security/pwquality.conf
    regexp: ^#?\s*enforcing
    line: enforcing = {{ var_password_pam_enforcing }}
  when: '"libpam-runtime" in ansible_facts.packages'
  tags:
  - accounts_password_pam_enforcing
  - low_complexity
  - low_disruption
  - medium_severity
  - no_reboot_needed
  - restrict_strategy
</fix>
              <fix xmlns:xhtml="http://www.w3.org/1999/xhtml" id="accounts_password_pam_enforcing" system="urn:xccdf:fix:script:sh" complexity="low" disruption="low" strategy="restrict"># Remediation is applicable only in certain platforms
if dpkg-query --show --showformat='${db:Status-Status}\n' 'libpam-runtime' 2&gt;/dev/null | grep -q '^installed'; then

var_password_pam_enforcing='<xccdf-1.2:sub xmlns:xccdf-1.2="http://checklists.nist.gov/xccdf/1.2" idref="xccdf_org.ssgproject.content_value_var_password_pam_enforcing" use="legacy"/>'







conf_name=cac_pwquality
if [ ! -f /usr/share/pam-configs/"$conf_name" ]; then
    cat &lt;&lt; EOF &gt; /usr/share/pam-configs/"$conf_name"
Name: Pwquality password strength checking
Default: yes
Priority: 1025
Conflicts: cracklib, pwquality
Password-Type: Primary
Password:
    requisite                   pam_pwquality.so
EOF
fi

DEBIAN_FRONTEND=noninteractive pam-auth-update


# Strip any search characters in the key arg so that the key can be replaced without
# adding any search characters to the config file.
stripped_key=$(sed 's/[\^=\$,;+]*//g' &lt;&lt;&lt; "^enforcing")

# shellcheck disable=SC2059
printf -v formatted_output "%s = %s" "$stripped_key" "$var_password_pam_enforcing"

# If the key exists, change it. Otherwise, add it to the config_file.
# We search for the key string followed by a word boundary (matched by \&gt;),
# so if we search for 'setting', 'setting2' won't match.
if LC_ALL=C grep -q -m 1 -i -e "^enforcing\\&gt;" "/etc/security/pwquality.conf"; then
    escaped_formatted_output=$(sed -e 's|/|\\/|g' &lt;&lt;&lt; "$formatted_output")
    LC_ALL=C sed -i --follow-symlinks "s/^enforcing\\&gt;.*/$escaped_formatted_output/gi" "/etc/security/pwquality.conf"
else
    if [[ -s "/etc/security/pwquality.conf" ]] &amp;&amp; [[ -n "$(tail -c 1 -- "/etc/security/pwquality.conf" || true)" ]]; then
        LC_ALL=C sed -i --follow-symlinks '$a'\\ "/etc/security/pwquality.conf"
    fi
    printf '%s\n' "$formatted_output" &gt;&gt; "/etc/security/pwquality.conf"
fi

else
    &gt;&amp;2 echo 'Remediation is not applicable, nothing was done'
fi
</fix>
              <check system="http://oval.mitre.org/XMLSchema/oval-definitions-5">
                <check-export export-name="oval:ssg-var_password_pam_enforcing:var:1" value-id="xccdf_org.ssgproject.content_value_var_password_pam_enforcing"/>
                <check-content-ref name="oval:ssg-accounts_password_pam_enforcing:def:1" href="ssg-ubuntu2404-oval.xml"/>
              </check>
              <check system="http://scap.nist.gov/schema/ocil/2">
                <check-content-ref name="ocil:ssg-accounts_password_pam_enforcing_ocil:questionnaire:1" href="ssg-ubuntu2404-ocil.xml"/>
              </check>
            </Rule>
            <Rule id="xccdf_org.ssgproject.content_rule_accounts_password_pam_lcredit" selected="false" role="full" severity="medium">
              <title xmlns:xhtml="http://www.w3.org/1999/xhtml" xml:lang="en-US">Ensure PAM Enforces Password Requirements - Minimum Lowercase Characters</title>
              <description xmlns:xhtml="http://www.w3.org/1999/xhtml" xml:lang="en-US">The pam_pwquality module's <html:code xmlns:html="http://www.w3.org/1999/xhtml">lcredit</html:code> parameter controls requirements for
usage of lowercase letters in a password. When set to a negative number, any password will be required to
contain that many lowercase characters. When set to a positive number, pam_pwquality will grant +1 additional
length credit for each lowercase character. Modify the <html:code xmlns:html="http://www.w3.org/1999/xhtml">lcredit</html:code> setting in
<html:code xmlns:html="http://www.w3.org/1999/xhtml">/etc/security/pwquality.conf</html:code> to require the use of a lowercase character in passwords.</description>
              <reference href="https://www.cisecurity.org/controls/">1</reference>
              <reference href="https://www.cisecurity.org/controls/">12</reference>
              <reference href="https://www.cisecurity.org/controls/">15</reference>
              <reference href="https://www.cisecurity.org/controls/">16</reference>
              <reference href="https://www.cisecurity.org/controls/">5</reference>
              <reference href="https://www.isaca.org/resources/cobit">DSS05.04</reference>
              <reference href="https://www.isaca.org/resources/cobit">DSS05.05</reference>
              <reference href="https://www.isaca.org/resources/cobit">DSS05.07</reference>
              <reference href="https://www.isaca.org/resources/cobit">DSS05.10</reference>
              <reference href="https://www.isaca.org/resources/cobit">DSS06.03</reference>
              <reference href="https://www.isaca.org/resources/cobit">DSS06.10</reference>
              <reference href="https://public.cyber.mil/stigs/cci/">CCI-004066</reference>
              <reference href="https://www.isa.org/products/isa-62443-2-1-2009-security-for-industrial-automat">4.3.3.2.2</reference>
              <reference href="https://www.isa.org/products/isa-62443-2-1-2009-security-for-industrial-automat">4.3.3.5.1</reference>
              <reference href="https://www.isa.org/products/isa-62443-2-1-2009-security-for-industrial-automat">4.3.3.5.2</reference>
              <reference href="https://www.isa.org/products/isa-62443-2-1-2009-security-for-industrial-automat">4.3.3.6.1</reference>
              <reference href="https://www.isa.org/products/isa-62443-2-1-2009-security-for-industrial-automat">4.3.3.6.2</reference>
              <reference href="https://www.isa.org/products/isa-62443-2-1-2009-security-for-industrial-automat">4.3.3.6.3</reference>
              <reference href="https://www.isa.org/products/isa-62443-2-1-2009-security-for-industrial-automat">4.3.3.6.4</reference>
              <reference href="https://www.isa.org/products/isa-62443-2-1-2009-security-for-industrial-automat">4.3.3.6.5</reference>
              <reference href="https://www.isa.org/products/isa-62443-2-1-2009-security-for-industrial-automat">4.3.3.6.6</reference>
              <reference href="https://www.isa.org/products/isa-62443-2-1-2009-security-for-industrial-automat">4.3.3.6.7</reference>
              <reference href="https://www.isa.org/products/isa-62443-2-1-2009-security-for-industrial-automat">4.3.3.6.8</reference>
              <reference href="https://www.isa.org/products/isa-62443-2-1-2009-security-for-industrial-automat">4.3.3.6.9</reference>
              <reference href="https://www.isa.org/products/isa-62443-2-1-2009-security-for-industrial-automat">4.3.3.7.2</reference>
              <reference href="https://www.isa.org/products/isa-62443-2-1-2009-security-for-industrial-automat">4.3.3.7.4</reference>
              <reference href="https://www.isa.org/products/ansi-isa-62443-3-3-99-03-03-2013-security-for-indu">SR 1.1</reference>
              <reference href="https://www.isa.org/products/ansi-isa-62443-3-3-99-03-03-2013-security-for-indu">SR 1.10</reference>
              <reference href="https://www.isa.org/products/ansi-isa-62443-3-3-99-03-03-2013-security-for-indu">SR 1.2</reference>
              <reference href="https://www.isa.org/products/ansi-isa-62443-3-3-99-03-03-2013-security-for-indu">SR 1.3</reference>
              <reference href="https://www.isa.org/products/ansi-isa-62443-3-3-99-03-03-2013-security-for-indu">SR 1.4</reference>
              <reference href="https://www.isa.org/products/ansi-isa-62443-3-3-99-03-03-2013-security-for-indu">SR 1.5</reference>
              <reference href="https://www.isa.org/products/ansi-isa-62443-3-3-99-03-03-2013-security-for-indu">SR 1.7</reference>
              <reference href="https://www.isa.org/products/ansi-isa-62443-3-3-99-03-03-2013-security-for-indu">SR 1.8</reference>
              <reference href="https://www.isa.org/products/ansi-isa-62443-3-3-99-03-03-2013-security-for-indu">SR 1.9</reference>
              <reference href="https://www.isa.org/products/ansi-isa-62443-3-3-99-03-03-2013-security-for-indu">SR 2.1</reference>
              <reference href="https://www.cyber.gov.au/acsc/view-all-content/ism">0421</reference>
              <reference href="https://www.cyber.gov.au/acsc/view-all-content/ism">0422</reference>
              <reference href="https://www.cyber.gov.au/acsc/view-all-content/ism">0431</reference>
              <reference href="https://www.cyber.gov.au/acsc/view-all-content/ism">0974</reference>
              <reference href="https://www.cyber.gov.au/acsc/view-all-content/ism">1173</reference>
              <reference href="https://www.cyber.gov.au/acsc/view-all-content/ism">1401</reference>
              <reference href="https://www.cyber.gov.au/acsc/view-all-content/ism">1504</reference>
              <reference href="https://www.cyber.gov.au/acsc/view-all-content/ism">1505</reference>
              <reference href="https://www.cyber.gov.au/acsc/view-all-content/ism">1546</reference>
              <reference href="https://www.cyber.gov.au/acsc/view-all-content/ism">1557</reference>
              <reference href="https://www.cyber.gov.au/acsc/view-all-content/ism">1558</reference>
              <reference href="https://www.cyber.gov.au/acsc/view-all-content/ism">1559</reference>
              <reference href="https://www.cyber.gov.au/acsc/view-all-content/ism">1560</reference>
              <reference href="https://www.cyber.gov.au/acsc/view-all-content/ism">1561</reference>
              <reference href="https://www.iso.org/contents/data/standard/05/45/54534.html">A.18.1.4</reference>
              <reference href="https://www.iso.org/contents/data/standard/05/45/54534.html">A.7.1.1</reference>
              <reference href="https://www.iso.org/contents/data/standard/05/45/54534.html">A.9.2.1</reference>
              <reference href="https://www.iso.org/contents/data/standard/05/45/54534.html">A.9.2.2</reference>
              <reference href="https://www.iso.org/contents/data/standard/05/45/54534.html">A.9.2.3</reference>
              <reference href="https://www.iso.org/contents/data/standard/05/45/54534.html">A.9.2.4</reference>
              <reference href="https://www.iso.org/contents/data/standard/05/45/54534.html">A.9.2.6</reference>
              <reference href="https://www.iso.org/contents/data/standard/05/45/54534.html">A.9.3.1</reference>
              <reference href="https://www.iso.org/contents/data/standard/05/45/54534.html">A.9.4.2</reference>
              <reference href="https://www.iso.org/contents/data/standard/05/45/54534.html">A.9.4.3</reference>
              <reference href="http://nvlpubs.nist.gov/nistpubs/SpecialPublications/NIST.SP.800-53r4.pdf">IA-5(c)</reference>
              <reference href="http://nvlpubs.nist.gov/nistpubs/SpecialPublications/NIST.SP.800-53r4.pdf">IA-5(1)(a)</reference>
              <reference href="http://nvlpubs.nist.gov/nistpubs/SpecialPublications/NIST.SP.800-53r4.pdf">CM-6(a)</reference>
              <reference href="http://nvlpubs.nist.gov/nistpubs/SpecialPublications/NIST.SP.800-53r4.pdf">IA-5(4)</reference>
              <reference href="https://nvlpubs.nist.gov/nistpubs/CSWP/NIST.CSWP.04162018.pdf">PR.AC-1</reference>
              <reference href="https://nvlpubs.nist.gov/nistpubs/CSWP/NIST.CSWP.04162018.pdf">PR.AC-6</reference>
              <reference href="https://nvlpubs.nist.gov/nistpubs/CSWP/NIST.CSWP.04162018.pdf">PR.AC-7</reference>
              <reference href="https://www.niap-ccevs.org/Profile/PP.cfm">FMT_SMF_EXT.1</reference>
              <reference href="https://www.pcisecuritystandards.org/documents/PCI_DSS_v3-2-1.pdf">Req-8.2.3</reference>
              <reference href="https://public.cyber.mil/stigs/downloads/?_dl_facet_stigs=operating-systems%2Cgeneral-purpose-os">SRG-OS-000070-GPOS-00038</reference>
              <reference href="https://cyber.gouv.fr/sites/default/files/document/linux_configuration-en-v2.pdf">R31</reference>
              <reference href="https://www.cisecurity.org/benchmark/ubuntu_linux/">5.3.3.2.3</reference>
              <reference href="https://docs-prv.pcisecuritystandards.org/PCI%20DSS/Standard/PCI-DSS-v4_0.pdf">8.3.6</reference>
              <reference href="https://docs-prv.pcisecuritystandards.org/PCI%20DSS/Standard/PCI-DSS-v4_0.pdf">8.3</reference>
              <rationale xmlns:xhtml="http://www.w3.org/1999/xhtml" xml:lang="en-US">Use of a complex password helps to increase the time and resources required
to compromise the password. Password complexity, or strength, is a measure of
the effectiveness of a password in resisting attempts at guessing and brute-force
attacks.
<html:br xmlns:html="http://www.w3.org/1999/xhtml"/>
Password complexity is one factor of several that determines how long it takes
to crack a password. The more complex the password, the greater the number of
possble combinations that need to be tested before the password is compromised.
Requiring a minimum number of lowercase characters makes password guessing attacks
more difficult by ensuring a larger search space.</rationale>
              <platform idref="#package_pam"/>
              <fix xmlns:xhtml="http://www.w3.org/1999/xhtml" id="accounts_password_pam_lcredit" system="urn:xccdf:fix:script:ansible" complexity="low" disruption="low" strategy="restrict">- name: Gather the package facts
  package_facts:
    manager: auto
  tags:
  - NIST-800-53-CM-6(a)
  - NIST-800-53-IA-5(1)(a)
  - NIST-800-53-IA-5(4)
  - NIST-800-53-IA-5(c)
  - PCI-DSS-Req-8.2.3
  - PCI-DSSv4-8.3
  - PCI-DSSv4-8.3.6
  - accounts_password_pam_lcredit
  - low_complexity
  - low_disruption
  - medium_severity
  - no_reboot_needed
  - restrict_strategy
- name: XCCDF Value var_password_pam_lcredit # promote to variable
  set_fact:
    var_password_pam_lcredit: !!str <xccdf-1.2:sub xmlns:xccdf-1.2="http://checklists.nist.gov/xccdf/1.2" idref="xccdf_org.ssgproject.content_value_var_password_pam_lcredit" use="legacy"/>
  tags:
    - always

- name: Ensure PAM Enforces Password Requirements - Minimum Lowercase Characters -
    Check if system relies on pam-auth-update tool
  ansible.builtin.stat:
    path: /usr/sbin/pam-auth-update
  register: result_pam_auth_update_present
  when: '"libpam-runtime" in ansible_facts.packages'
  tags:
  - NIST-800-53-CM-6(a)
  - NIST-800-53-IA-5(1)(a)
  - NIST-800-53-IA-5(4)
  - NIST-800-53-IA-5(c)
  - PCI-DSS-Req-8.2.3
  - PCI-DSSv4-8.3
  - PCI-DSSv4-8.3.6
  - accounts_password_pam_lcredit
  - low_complexity
  - low_disruption
  - medium_severity
  - no_reboot_needed
  - restrict_strategy

- name: Ensure PAM Enforces Password Requirements - Minimum Lowercase Characters -
    Remediation where pam-auth-update tool is present
  block:

  - name: Check if /usr/share/pam-configs/cac_pwquality exists
    stat:
      path: /usr/share/pam-configs/cac_pwquality
    register: pwquality_file_stat

  - name: Put the content into /usr/share/pam-configs/cac_pwquality if it does not
      exist
    copy:
      dest: /usr/share/pam-configs/cac_pwquality
      content: |
        Name: Pwquality password strength checking
        Default: yes
        Priority: 1024
        Conflicts: cracklib
        Password-Type: Primary
        Password:
          requisite           pam_pwquality.so retry=3
      force: true
    when: not pwquality_file_stat.stat.exists

  - name: Ensure PAM Enforces Password Requirements - Minimum Lowercase Characters
      - Ensure pam-auth-update profile changes are applied
    ansible.builtin.command:
      cmd: pam-auth-update --enable cac_pwquality
  when:
  - '"libpam-runtime" in ansible_facts.packages'
  - result_pam_auth_update_present.stat.exists
  tags:
  - NIST-800-53-CM-6(a)
  - NIST-800-53-IA-5(1)(a)
  - NIST-800-53-IA-5(4)
  - NIST-800-53-IA-5(c)
  - PCI-DSS-Req-8.2.3
  - PCI-DSSv4-8.3
  - PCI-DSSv4-8.3.6
  - accounts_password_pam_lcredit
  - low_complexity
  - low_disruption
  - medium_severity
  - no_reboot_needed
  - restrict_strategy

- name: Ensure PAM Enforces Password Requirements - Minimum Lowercase Characters -
    Ensure PAM variable lcredit is set accordingly
  ansible.builtin.lineinfile:
    create: true
    dest: /etc/security/pwquality.conf
    regexp: ^#?\s*lcredit
    line: lcredit = {{ var_password_pam_lcredit }}
  when: '"libpam-runtime" in ansible_facts.packages'
  tags:
  - NIST-800-53-CM-6(a)
  - NIST-800-53-IA-5(1)(a)
  - NIST-800-53-IA-5(4)
  - NIST-800-53-IA-5(c)
  - PCI-DSS-Req-8.2.3
  - PCI-DSSv4-8.3
  - PCI-DSSv4-8.3.6
  - accounts_password_pam_lcredit
  - low_complexity
  - low_disruption
  - medium_severity
  - no_reboot_needed
  - restrict_strategy
</fix>
              <fix xmlns:xhtml="http://www.w3.org/1999/xhtml" id="accounts_password_pam_lcredit" system="urn:xccdf:fix:script:sh" complexity="low" disruption="low" strategy="restrict"># Remediation is applicable only in certain platforms
if dpkg-query --show --showformat='${db:Status-Status}\n' 'libpam-runtime' 2&gt;/dev/null | grep -q '^installed'; then

var_password_pam_lcredit='<xccdf-1.2:sub xmlns:xccdf-1.2="http://checklists.nist.gov/xccdf/1.2" idref="xccdf_org.ssgproject.content_value_var_password_pam_lcredit" use="legacy"/>'







conf_name=cac_pwquality
if [ ! -f /usr/share/pam-configs/"$conf_name" ]; then
    cat &lt;&lt; EOF &gt; /usr/share/pam-configs/"$conf_name"
Name: Pwquality password strength checking
Default: yes
Priority: 1025
Conflicts: cracklib, pwquality
Password-Type: Primary
Password:
    requisite                   pam_pwquality.so
EOF
fi

DEBIAN_FRONTEND=noninteractive pam-auth-update


# Strip any search characters in the key arg so that the key can be replaced without
# adding any search characters to the config file.
stripped_key=$(sed 's/[\^=\$,;+]*//g' &lt;&lt;&lt; "^lcredit")

# shellcheck disable=SC2059
printf -v formatted_output "%s = %s" "$stripped_key" "$var_password_pam_lcredit"

# If the key exists, change it. Otherwise, add it to the config_file.
# We search for the key string followed by a word boundary (matched by \&gt;),
# so if we search for 'setting', 'setting2' won't match.
if LC_ALL=C grep -q -m 1 -i -e "^lcredit\\&gt;" "/etc/security/pwquality.conf"; then
    escaped_formatted_output=$(sed -e 's|/|\\/|g' &lt;&lt;&lt; "$formatted_output")
    LC_ALL=C sed -i --follow-symlinks "s/^lcredit\\&gt;.*/$escaped_formatted_output/gi" "/etc/security/pwquality.conf"
else
    if [[ -s "/etc/security/pwquality.conf" ]] &amp;&amp; [[ -n "$(tail -c 1 -- "/etc/security/pwquality.conf" || true)" ]]; then
        LC_ALL=C sed -i --follow-symlinks '$a'\\ "/etc/security/pwquality.conf"
    fi
    printf '%s\n' "$formatted_output" &gt;&gt; "/etc/security/pwquality.conf"
fi

else
    &gt;&amp;2 echo 'Remediation is not applicable, nothing was done'
fi
</fix>
              <check system="http://oval.mitre.org/XMLSchema/oval-definitions-5">
                <check-export export-name="oval:ssg-var_password_pam_lcredit:var:1" value-id="xccdf_org.ssgproject.content_value_var_password_pam_lcredit"/>
                <check-content-ref name="oval:ssg-accounts_password_pam_lcredit:def:1" href="ssg-ubuntu2404-oval.xml"/>
              </check>
              <check system="http://scap.nist.gov/schema/ocil/2">
                <check-content-ref name="ocil:ssg-accounts_password_pam_lcredit_ocil:questionnaire:1" href="ssg-ubuntu2404-ocil.xml"/>
              </check>
            </Rule>
            <Rule id="xccdf_org.ssgproject.content_rule_accounts_password_pam_maxrepeat" selected="false" role="full" severity="medium">
              <title xmlns:xhtml="http://www.w3.org/1999/xhtml" xml:lang="en-US">Set Password Maximum Consecutive Repeating Characters</title>
              <description xmlns:xhtml="http://www.w3.org/1999/xhtml" xml:lang="en-US">The pam_pwquality module's <html:code xmlns:html="http://www.w3.org/1999/xhtml">maxrepeat</html:code> parameter controls requirements for
consecutive repeating characters. When set to a positive number, it will reject passwords
which contain more than that number of consecutive characters. Modify the <html:code xmlns:html="http://www.w3.org/1999/xhtml">maxrepeat</html:code> setting
in <html:code xmlns:html="http://www.w3.org/1999/xhtml">/etc/security/pwquality.conf</html:code> to equal <xccdf-1.2:sub xmlns:xccdf-1.2="http://checklists.nist.gov/xccdf/1.2" idref="xccdf_org.ssgproject.content_value_var_password_pam_maxrepeat" use="legacy"/> to prevent a
run of (<xccdf-1.2:sub xmlns:xccdf-1.2="http://checklists.nist.gov/xccdf/1.2" idref="xccdf_org.ssgproject.content_value_var_password_pam_maxrepeat" use="legacy"/> + 1) or more identical characters.</description>
              <reference href="https://www.cisecurity.org/controls/">1</reference>
              <reference href="https://www.cisecurity.org/controls/">12</reference>
              <reference href="https://www.cisecurity.org/controls/">15</reference>
              <reference href="https://www.cisecurity.org/controls/">16</reference>
              <reference href="https://www.cisecurity.org/controls/">5</reference>
              <reference href="https://www.isaca.org/resources/cobit">DSS05.04</reference>
              <reference href="https://www.isaca.org/resources/cobit">DSS05.05</reference>
              <reference href="https://www.isaca.org/resources/cobit">DSS05.07</reference>
              <reference href="https://www.isaca.org/resources/cobit">DSS05.10</reference>
              <reference href="https://www.isaca.org/resources/cobit">DSS06.03</reference>
              <reference href="https://www.isaca.org/resources/cobit">DSS06.10</reference>
              <reference href="https://public.cyber.mil/stigs/cci/">CCI-004066</reference>
              <reference href="https://www.isa.org/products/isa-62443-2-1-2009-security-for-industrial-automat">4.3.3.2.2</reference>
              <reference href="https://www.isa.org/products/isa-62443-2-1-2009-security-for-industrial-automat">4.3.3.5.1</reference>
              <reference href="https://www.isa.org/products/isa-62443-2-1-2009-security-for-industrial-automat">4.3.3.5.2</reference>
              <reference href="https://www.isa.org/products/isa-62443-2-1-2009-security-for-industrial-automat">4.3.3.6.1</reference>
              <reference href="https://www.isa.org/products/isa-62443-2-1-2009-security-for-industrial-automat">4.3.3.6.2</reference>
              <reference href="https://www.isa.org/products/isa-62443-2-1-2009-security-for-industrial-automat">4.3.3.6.3</reference>
              <reference href="https://www.isa.org/products/isa-62443-2-1-2009-security-for-industrial-automat">4.3.3.6.4</reference>
              <reference href="https://www.isa.org/products/isa-62443-2-1-2009-security-for-industrial-automat">4.3.3.6.5</reference>
              <reference href="https://www.isa.org/products/isa-62443-2-1-2009-security-for-industrial-automat">4.3.3.6.6</reference>
              <reference href="https://www.isa.org/products/isa-62443-2-1-2009-security-for-industrial-automat">4.3.3.6.7</reference>
              <reference href="https://www.isa.org/products/isa-62443-2-1-2009-security-for-industrial-automat">4.3.3.6.8</reference>
              <reference href="https://www.isa.org/products/isa-62443-2-1-2009-security-for-industrial-automat">4.3.3.6.9</reference>
              <reference href="https://www.isa.org/products/isa-62443-2-1-2009-security-for-industrial-automat">4.3.3.7.2</reference>
              <reference href="https://www.isa.org/products/isa-62443-2-1-2009-security-for-industrial-automat">4.3.3.7.4</reference>
              <reference href="https://www.isa.org/products/ansi-isa-62443-3-3-99-03-03-2013-security-for-indu">SR 1.1</reference>
              <reference href="https://www.isa.org/products/ansi-isa-62443-3-3-99-03-03-2013-security-for-indu">SR 1.10</reference>
              <reference href="https://www.isa.org/products/ansi-isa-62443-3-3-99-03-03-2013-security-for-indu">SR 1.2</reference>
              <reference href="https://www.isa.org/products/ansi-isa-62443-3-3-99-03-03-2013-security-for-indu">SR 1.3</reference>
              <reference href="https://www.isa.org/products/ansi-isa-62443-3-3-99-03-03-2013-security-for-indu">SR 1.4</reference>
              <reference href="https://www.isa.org/products/ansi-isa-62443-3-3-99-03-03-2013-security-for-indu">SR 1.5</reference>
              <reference href="https://www.isa.org/products/ansi-isa-62443-3-3-99-03-03-2013-security-for-indu">SR 1.7</reference>
              <reference href="https://www.isa.org/products/ansi-isa-62443-3-3-99-03-03-2013-security-for-indu">SR 1.8</reference>
              <reference href="https://www.isa.org/products/ansi-isa-62443-3-3-99-03-03-2013-security-for-indu">SR 1.9</reference>
              <reference href="https://www.isa.org/products/ansi-isa-62443-3-3-99-03-03-2013-security-for-indu">SR 2.1</reference>
              <reference href="https://www.iso.org/contents/data/standard/05/45/54534.html">A.18.1.4</reference>
              <reference href="https://www.iso.org/contents/data/standard/05/45/54534.html">A.7.1.1</reference>
              <reference href="https://www.iso.org/contents/data/standard/05/45/54534.html">A.9.2.1</reference>
              <reference href="https://www.iso.org/contents/data/standard/05/45/54534.html">A.9.2.2</reference>
              <reference href="https://www.iso.org/contents/data/standard/05/45/54534.html">A.9.2.3</reference>
              <reference href="https://www.iso.org/contents/data/standard/05/45/54534.html">A.9.2.4</reference>
              <reference href="https://www.iso.org/contents/data/standard/05/45/54534.html">A.9.2.6</reference>
              <reference href="https://www.iso.org/contents/data/standard/05/45/54534.html">A.9.3.1</reference>
              <reference href="https://www.iso.org/contents/data/standard/05/45/54534.html">A.9.4.2</reference>
              <reference href="https://www.iso.org/contents/data/standard/05/45/54534.html">A.9.4.3</reference>
              <reference href="http://nvlpubs.nist.gov/nistpubs/SpecialPublications/NIST.SP.800-53r4.pdf">IA-5(c)</reference>
              <reference href="http://nvlpubs.nist.gov/nistpubs/SpecialPublications/NIST.SP.800-53r4.pdf">CM-6(a)</reference>
              <reference href="http://nvlpubs.nist.gov/nistpubs/SpecialPublications/NIST.SP.800-53r4.pdf">IA-5(4)</reference>
              <reference href="https://nvlpubs.nist.gov/nistpubs/CSWP/NIST.CSWP.04162018.pdf">PR.AC-1</reference>
              <reference href="https://nvlpubs.nist.gov/nistpubs/CSWP/NIST.CSWP.04162018.pdf">PR.AC-6</reference>
              <reference href="https://nvlpubs.nist.gov/nistpubs/CSWP/NIST.CSWP.04162018.pdf">PR.AC-7</reference>
              <reference href="https://public.cyber.mil/stigs/downloads/?_dl_facet_stigs=operating-systems%2Cgeneral-purpose-os">SRG-OS-000072-GPOS-00040</reference>
              <reference href="https://www.cisecurity.org/benchmark/ubuntu_linux/">5.3.3.2.4</reference>
              <rationale xmlns:xhtml="http://www.w3.org/1999/xhtml" xml:lang="en-US">Use of a complex password helps to increase the time and resources required to compromise the password.
Password complexity, or strength, is a measure of the effectiveness of a password in resisting attempts at
guessing and brute-force attacks.
<html:br xmlns:html="http://www.w3.org/1999/xhtml"/>
          <html:br xmlns:html="http://www.w3.org/1999/xhtml"/>
Password complexity is one factor of several that determines how long it takes to crack a password. The more
complex the password, the greater the number of possible combinations that need to be tested before the
password is compromised.
<html:br xmlns:html="http://www.w3.org/1999/xhtml"/>
          <html:br xmlns:html="http://www.w3.org/1999/xhtml"/>
Passwords with excessive repeating characters may be more vulnerable to password-guessing attacks.</rationale>
              <platform idref="#package_pam"/>
              <fix xmlns:xhtml="http://www.w3.org/1999/xhtml" id="accounts_password_pam_maxrepeat" system="urn:xccdf:fix:script:ansible" complexity="low" disruption="low" strategy="restrict">- name: Gather the package facts
  package_facts:
    manager: auto
  tags:
  - NIST-800-53-CM-6(a)
  - NIST-800-53-IA-5(4)
  - NIST-800-53-IA-5(c)
  - accounts_password_pam_maxrepeat
  - low_complexity
  - low_disruption
  - medium_severity
  - no_reboot_needed
  - restrict_strategy
- name: XCCDF Value var_password_pam_maxrepeat # promote to variable
  set_fact:
    var_password_pam_maxrepeat: !!str <xccdf-1.2:sub xmlns:xccdf-1.2="http://checklists.nist.gov/xccdf/1.2" idref="xccdf_org.ssgproject.content_value_var_password_pam_maxrepeat" use="legacy"/>
  tags:
    - always

- name: Set Password Maximum Consecutive Repeating Characters - Check if system relies
    on pam-auth-update tool
  ansible.builtin.stat:
    path: /usr/sbin/pam-auth-update
  register: result_pam_auth_update_present
  when: '"libpam-runtime" in ansible_facts.packages'
  tags:
  - NIST-800-53-CM-6(a)
  - NIST-800-53-IA-5(4)
  - NIST-800-53-IA-5(c)
  - accounts_password_pam_maxrepeat
  - low_complexity
  - low_disruption
  - medium_severity
  - no_reboot_needed
  - restrict_strategy

- name: Set Password Maximum Consecutive Repeating Characters - Remediation where
    pam-auth-update tool is present
  block:

  - name: Check if /usr/share/pam-configs/cac_pwquality exists
    stat:
      path: /usr/share/pam-configs/cac_pwquality
    register: pwquality_file_stat

  - name: Put the content into /usr/share/pam-configs/cac_pwquality if it does not
      exist
    copy:
      dest: /usr/share/pam-configs/cac_pwquality
      content: |
        Name: Pwquality password strength checking
        Default: yes
        Priority: 1024
        Conflicts: cracklib
        Password-Type: Primary
        Password:
          requisite           pam_pwquality.so retry=3
      force: true
    when: not pwquality_file_stat.stat.exists

  - name: Set Password Maximum Consecutive Repeating Characters - Ensure pam-auth-update
      profile changes are applied
    ansible.builtin.command:
      cmd: pam-auth-update --enable cac_pwquality
  when:
  - '"libpam-runtime" in ansible_facts.packages'
  - result_pam_auth_update_present.stat.exists
  tags:
  - NIST-800-53-CM-6(a)
  - NIST-800-53-IA-5(4)
  - NIST-800-53-IA-5(c)
  - accounts_password_pam_maxrepeat
  - low_complexity
  - low_disruption
  - medium_severity
  - no_reboot_needed
  - restrict_strategy

- name: Set Password Maximum Consecutive Repeating Characters - Ensure PAM variable
    maxrepeat is set accordingly
  ansible.builtin.lineinfile:
    create: true
    dest: /etc/security/pwquality.conf
    regexp: ^#?\s*maxrepeat
    line: maxrepeat = {{ var_password_pam_maxrepeat }}
  when: '"libpam-runtime" in ansible_facts.packages'
  tags:
  - NIST-800-53-CM-6(a)
  - NIST-800-53-IA-5(4)
  - NIST-800-53-IA-5(c)
  - accounts_password_pam_maxrepeat
  - low_complexity
  - low_disruption
  - medium_severity
  - no_reboot_needed
  - restrict_strategy
</fix>
              <fix xmlns:xhtml="http://www.w3.org/1999/xhtml" id="accounts_password_pam_maxrepeat" system="urn:xccdf:fix:script:sh" complexity="low" disruption="low" strategy="restrict"># Remediation is applicable only in certain platforms
if dpkg-query --show --showformat='${db:Status-Status}\n' 'libpam-runtime' 2&gt;/dev/null | grep -q '^installed'; then

var_password_pam_maxrepeat='<xccdf-1.2:sub xmlns:xccdf-1.2="http://checklists.nist.gov/xccdf/1.2" idref="xccdf_org.ssgproject.content_value_var_password_pam_maxrepeat" use="legacy"/>'







conf_name=cac_pwquality
if [ ! -f /usr/share/pam-configs/"$conf_name" ]; then
    cat &lt;&lt; EOF &gt; /usr/share/pam-configs/"$conf_name"
Name: Pwquality password strength checking
Default: yes
Priority: 1025
Conflicts: cracklib, pwquality
Password-Type: Primary
Password:
    requisite                   pam_pwquality.so
EOF
fi

DEBIAN_FRONTEND=noninteractive pam-auth-update


# Strip any search characters in the key arg so that the key can be replaced without
# adding any search characters to the config file.
stripped_key=$(sed 's/[\^=\$,;+]*//g' &lt;&lt;&lt; "^maxrepeat")

# shellcheck disable=SC2059
printf -v formatted_output "%s = %s" "$stripped_key" "$var_password_pam_maxrepeat"

# If the key exists, change it. Otherwise, add it to the config_file.
# We search for the key string followed by a word boundary (matched by \&gt;),
# so if we search for 'setting', 'setting2' won't match.
if LC_ALL=C grep -q -m 1 -i -e "^maxrepeat\\&gt;" "/etc/security/pwquality.conf"; then
    escaped_formatted_output=$(sed -e 's|/|\\/|g' &lt;&lt;&lt; "$formatted_output")
    LC_ALL=C sed -i --follow-symlinks "s/^maxrepeat\\&gt;.*/$escaped_formatted_output/gi" "/etc/security/pwquality.conf"
else
    if [[ -s "/etc/security/pwquality.conf" ]] &amp;&amp; [[ -n "$(tail -c 1 -- "/etc/security/pwquality.conf" || true)" ]]; then
        LC_ALL=C sed -i --follow-symlinks '$a'\\ "/etc/security/pwquality.conf"
    fi
    printf '%s\n' "$formatted_output" &gt;&gt; "/etc/security/pwquality.conf"
fi

else
    &gt;&amp;2 echo 'Remediation is not applicable, nothing was done'
fi
</fix>
              <check system="http://oval.mitre.org/XMLSchema/oval-definitions-5">
                <check-export export-name="oval:ssg-var_password_pam_maxrepeat:var:1" value-id="xccdf_org.ssgproject.content_value_var_password_pam_maxrepeat"/>
                <check-content-ref name="oval:ssg-accounts_password_pam_maxrepeat:def:1" href="ssg-ubuntu2404-oval.xml"/>
              </check>
              <check system="http://scap.nist.gov/schema/ocil/2">
                <check-content-ref name="ocil:ssg-accounts_password_pam_maxrepeat_ocil:questionnaire:1" href="ssg-ubuntu2404-ocil.xml"/>
              </check>
            </Rule>
            <Rule id="xccdf_org.ssgproject.content_rule_accounts_password_pam_maxsequence" selected="false" role="full" severity="medium">
              <title xmlns:xhtml="http://www.w3.org/1999/xhtml" xml:lang="en-US">Limit the maximum number of sequential characters in passwords</title>
              <description xmlns:xhtml="http://www.w3.org/1999/xhtml" xml:lang="en-US">The <html:code xmlns:html="http://www.w3.org/1999/xhtml">pwquality maxsequence</html:code> setting defines the maximum allowable length for consecutive 
character sequences in a new password. Such sequences can be, e.g., 123 or abc. If the value is 
set to 0, this check will be turned off.
<html:br xmlns:html="http://www.w3.org/1999/xhtml"/>
          <html:br xmlns:html="http://www.w3.org/1999/xhtml"/>
Note: Passwords that consist mainly of such sequences are unlikely to meet the simplicity criteria 
unless the sequence constitutes only a small portion of the overall password.</description>
              <reference href="https://www.cisecurity.org/benchmark/ubuntu_linux/">5.3.3.2.5</reference>
              <rationale xmlns:xhtml="http://www.w3.org/1999/xhtml" xml:lang="en-US">Use of a strong password helps to increase the time and resources required to
compromise the password. Password complexity, or strength, is a measure of the
effectiveness of a password in resisting attempts at guessing and brute-force attacks.
<html:br xmlns:html="http://www.w3.org/1999/xhtml"/>
          <html:br xmlns:html="http://www.w3.org/1999/xhtml"/>
Password complexity is one important factor that determines the duration required to crack it.
A more intricate password results in a larger number of potential combinations that must be 
tested before successfully compromising the password.</rationale>
              <platform idref="#package_pam"/>
              <fix xmlns:xhtml="http://www.w3.org/1999/xhtml" id="accounts_password_pam_maxsequence" system="urn:xccdf:fix:script:ansible" complexity="low" disruption="low" strategy="restrict">- name: Gather the package facts
  package_facts:
    manager: auto
  tags:
  - accounts_password_pam_maxsequence
  - low_complexity
  - low_disruption
  - medium_severity
  - no_reboot_needed
  - restrict_strategy
- name: XCCDF Value var_password_pam_maxsequence # promote to variable
  set_fact:
    var_password_pam_maxsequence: !!str <xccdf-1.2:sub xmlns:xccdf-1.2="http://checklists.nist.gov/xccdf/1.2" idref="xccdf_org.ssgproject.content_value_var_password_pam_maxsequence" use="legacy"/>
  tags:
    - always

- name: Limit the maximum number of sequential characters in passwords - Check if
    system relies on pam-auth-update tool
  ansible.builtin.stat:
    path: /usr/sbin/pam-auth-update
  register: result_pam_auth_update_present
  when: '"libpam-runtime" in ansible_facts.packages'
  tags:
  - accounts_password_pam_maxsequence
  - low_complexity
  - low_disruption
  - medium_severity
  - no_reboot_needed
  - restrict_strategy

- name: Limit the maximum number of sequential characters in passwords - Remediation
    where pam-auth-update tool is present
  block:

  - name: Check if /usr/share/pam-configs/cac_pwquality exists
    stat:
      path: /usr/share/pam-configs/cac_pwquality
    register: pwquality_file_stat

  - name: Put the content into /usr/share/pam-configs/cac_pwquality if it does not
      exist
    copy:
      dest: /usr/share/pam-configs/cac_pwquality
      content: |
        Name: Pwquality password strength checking
        Default: yes
        Priority: 1024
        Conflicts: cracklib
        Password-Type: Primary
        Password:
          requisite           pam_pwquality.so retry=3
      force: true
    when: not pwquality_file_stat.stat.exists

  - name: Limit the maximum number of sequential characters in passwords - Ensure
      pam-auth-update profile changes are applied
    ansible.builtin.command:
      cmd: pam-auth-update --enable cac_pwquality
  when:
  - '"libpam-runtime" in ansible_facts.packages'
  - result_pam_auth_update_present.stat.exists
  tags:
  - accounts_password_pam_maxsequence
  - low_complexity
  - low_disruption
  - medium_severity
  - no_reboot_needed
  - restrict_strategy

- name: Limit the maximum number of sequential characters in passwords - Ensure PAM
    variable maxsequence is set accordingly
  ansible.builtin.lineinfile:
    create: true
    dest: /etc/security/pwquality.conf
    regexp: ^#?\s*maxsequence
    line: maxsequence = {{ var_password_pam_maxsequence }}
  when: '"libpam-runtime" in ansible_facts.packages'
  tags:
  - accounts_password_pam_maxsequence
  - low_complexity
  - low_disruption
  - medium_severity
  - no_reboot_needed
  - restrict_strategy
</fix>
              <fix xmlns:xhtml="http://www.w3.org/1999/xhtml" id="accounts_password_pam_maxsequence" system="urn:xccdf:fix:script:sh" complexity="low" disruption="low" strategy="restrict"># Remediation is applicable only in certain platforms
if dpkg-query --show --showformat='${db:Status-Status}\n' 'libpam-runtime' 2&gt;/dev/null | grep -q '^installed'; then

var_password_pam_maxsequence='<xccdf-1.2:sub xmlns:xccdf-1.2="http://checklists.nist.gov/xccdf/1.2" idref="xccdf_org.ssgproject.content_value_var_password_pam_maxsequence" use="legacy"/>'







conf_name=cac_pwquality
if [ ! -f /usr/share/pam-configs/"$conf_name" ]; then
    cat &lt;&lt; EOF &gt; /usr/share/pam-configs/"$conf_name"
Name: Pwquality password strength checking
Default: yes
Priority: 1025
Conflicts: cracklib, pwquality
Password-Type: Primary
Password:
    requisite                   pam_pwquality.so
EOF
fi

DEBIAN_FRONTEND=noninteractive pam-auth-update


# Strip any search characters in the key arg so that the key can be replaced without
# adding any search characters to the config file.
stripped_key=$(sed 's/[\^=\$,;+]*//g' &lt;&lt;&lt; "^maxsequence")

# shellcheck disable=SC2059
printf -v formatted_output "%s = %s" "$stripped_key" "$var_password_pam_maxsequence"

# If the key exists, change it. Otherwise, add it to the config_file.
# We search for the key string followed by a word boundary (matched by \&gt;),
# so if we search for 'setting', 'setting2' won't match.
if LC_ALL=C grep -q -m 1 -i -e "^maxsequence\\&gt;" "/etc/security/pwquality.conf"; then
    escaped_formatted_output=$(sed -e 's|/|\\/|g' &lt;&lt;&lt; "$formatted_output")
    LC_ALL=C sed -i --follow-symlinks "s/^maxsequence\\&gt;.*/$escaped_formatted_output/gi" "/etc/security/pwquality.conf"
else
    if [[ -s "/etc/security/pwquality.conf" ]] &amp;&amp; [[ -n "$(tail -c 1 -- "/etc/security/pwquality.conf" || true)" ]]; then
        LC_ALL=C sed -i --follow-symlinks '$a'\\ "/etc/security/pwquality.conf"
    fi
    printf '%s\n' "$formatted_output" &gt;&gt; "/etc/security/pwquality.conf"
fi

else
    &gt;&amp;2 echo 'Remediation is not applicable, nothing was done'
fi
</fix>
              <check system="http://oval.mitre.org/XMLSchema/oval-definitions-5">
                <check-export export-name="oval:ssg-var_password_pam_maxsequence:var:1" value-id="xccdf_org.ssgproject.content_value_var_password_pam_maxsequence"/>
                <check-content-ref name="oval:ssg-accounts_password_pam_maxsequence:def:1" href="ssg-ubuntu2404-oval.xml"/>
              </check>
            </Rule>
            <Rule id="xccdf_org.ssgproject.content_rule_accounts_password_pam_minclass" selected="false" role="full" severity="medium">
              <title xmlns:xhtml="http://www.w3.org/1999/xhtml" xml:lang="en-US">Ensure PAM Enforces Password Requirements - Minimum Different Categories</title>
              <description xmlns:xhtml="http://www.w3.org/1999/xhtml" xml:lang="en-US">The pam_pwquality module's <html:code xmlns:html="http://www.w3.org/1999/xhtml">minclass</html:code> parameter controls
requirements for usage of different character classes, or types, of character
that must exist in a password before it is considered valid. For example,
setting this value to three (3) requires that any password must have characters
from at least three different categories in order to be approved. The default
value is zero (0), meaning there are no required classes. There are four
categories available:
<html:pre xmlns:html="http://www.w3.org/1999/xhtml">
* Upper-case characters
* Lower-case characters
* Digits
* Special characters (for example, punctuation)
</html:pre>
Modify the <html:code xmlns:html="http://www.w3.org/1999/xhtml">minclass</html:code> setting in <html:code xmlns:html="http://www.w3.org/1999/xhtml">/etc/security/pwquality.conf</html:code> entry
to require <xccdf-1.2:sub xmlns:xccdf-1.2="http://checklists.nist.gov/xccdf/1.2" idref="xccdf_org.ssgproject.content_value_var_password_pam_minclass" use="legacy"/>
differing categories of characters when changing passwords.</description>
              <reference href="https://www.cisecurity.org/controls/">1</reference>
              <reference href="https://www.cisecurity.org/controls/">12</reference>
              <reference href="https://www.cisecurity.org/controls/">15</reference>
              <reference href="https://www.cisecurity.org/controls/">16</reference>
              <reference href="https://www.cisecurity.org/controls/">5</reference>
              <reference href="https://www.isaca.org/resources/cobit">DSS05.04</reference>
              <reference href="https://www.isaca.org/resources/cobit">DSS05.05</reference>
              <reference href="https://www.isaca.org/resources/cobit">DSS05.07</reference>
              <reference href="https://www.isaca.org/resources/cobit">DSS05.10</reference>
              <reference href="https://www.isaca.org/resources/cobit">DSS06.03</reference>
              <reference href="https://www.isaca.org/resources/cobit">DSS06.10</reference>
              <reference href="https://public.cyber.mil/stigs/cci/">CCI-004066</reference>
              <reference href="https://www.isa.org/products/isa-62443-2-1-2009-security-for-industrial-automat">4.3.3.2.2</reference>
              <reference href="https://www.isa.org/products/isa-62443-2-1-2009-security-for-industrial-automat">4.3.3.5.1</reference>
              <reference href="https://www.isa.org/products/isa-62443-2-1-2009-security-for-industrial-automat">4.3.3.5.2</reference>
              <reference href="https://www.isa.org/products/isa-62443-2-1-2009-security-for-industrial-automat">4.3.3.6.1</reference>
              <reference href="https://www.isa.org/products/isa-62443-2-1-2009-security-for-industrial-automat">4.3.3.6.2</reference>
              <reference href="https://www.isa.org/products/isa-62443-2-1-2009-security-for-industrial-automat">4.3.3.6.3</reference>
              <reference href="https://www.isa.org/products/isa-62443-2-1-2009-security-for-industrial-automat">4.3.3.6.4</reference>
              <reference href="https://www.isa.org/products/isa-62443-2-1-2009-security-for-industrial-automat">4.3.3.6.5</reference>
              <reference href="https://www.isa.org/products/isa-62443-2-1-2009-security-for-industrial-automat">4.3.3.6.6</reference>
              <reference href="https://www.isa.org/products/isa-62443-2-1-2009-security-for-industrial-automat">4.3.3.6.7</reference>
              <reference href="https://www.isa.org/products/isa-62443-2-1-2009-security-for-industrial-automat">4.3.3.6.8</reference>
              <reference href="https://www.isa.org/products/isa-62443-2-1-2009-security-for-industrial-automat">4.3.3.6.9</reference>
              <reference href="https://www.isa.org/products/isa-62443-2-1-2009-security-for-industrial-automat">4.3.3.7.2</reference>
              <reference href="https://www.isa.org/products/isa-62443-2-1-2009-security-for-industrial-automat">4.3.3.7.4</reference>
              <reference href="https://www.isa.org/products/ansi-isa-62443-3-3-99-03-03-2013-security-for-indu">SR 1.1</reference>
              <reference href="https://www.isa.org/products/ansi-isa-62443-3-3-99-03-03-2013-security-for-indu">SR 1.10</reference>
              <reference href="https://www.isa.org/products/ansi-isa-62443-3-3-99-03-03-2013-security-for-indu">SR 1.2</reference>
              <reference href="https://www.isa.org/products/ansi-isa-62443-3-3-99-03-03-2013-security-for-indu">SR 1.3</reference>
              <reference href="https://www.isa.org/products/ansi-isa-62443-3-3-99-03-03-2013-security-for-indu">SR 1.4</reference>
              <reference href="https://www.isa.org/products/ansi-isa-62443-3-3-99-03-03-2013-security-for-indu">SR 1.5</reference>
              <reference href="https://www.isa.org/products/ansi-isa-62443-3-3-99-03-03-2013-security-for-indu">SR 1.7</reference>
              <reference href="https://www.isa.org/products/ansi-isa-62443-3-3-99-03-03-2013-security-for-indu">SR 1.8</reference>
              <reference href="https://www.isa.org/products/ansi-isa-62443-3-3-99-03-03-2013-security-for-indu">SR 1.9</reference>
              <reference href="https://www.isa.org/products/ansi-isa-62443-3-3-99-03-03-2013-security-for-indu">SR 2.1</reference>
              <reference href="https://www.cyber.gov.au/acsc/view-all-content/ism">0421</reference>
              <reference href="https://www.cyber.gov.au/acsc/view-all-content/ism">0422</reference>
              <reference href="https://www.cyber.gov.au/acsc/view-all-content/ism">0431</reference>
              <reference href="https://www.cyber.gov.au/acsc/view-all-content/ism">0974</reference>
              <reference href="https://www.cyber.gov.au/acsc/view-all-content/ism">1173</reference>
              <reference href="https://www.cyber.gov.au/acsc/view-all-content/ism">1401</reference>
              <reference href="https://www.cyber.gov.au/acsc/view-all-content/ism">1504</reference>
              <reference href="https://www.cyber.gov.au/acsc/view-all-content/ism">1505</reference>
              <reference href="https://www.cyber.gov.au/acsc/view-all-content/ism">1546</reference>
              <reference href="https://www.cyber.gov.au/acsc/view-all-content/ism">1557</reference>
              <reference href="https://www.cyber.gov.au/acsc/view-all-content/ism">1558</reference>
              <reference href="https://www.cyber.gov.au/acsc/view-all-content/ism">1559</reference>
              <reference href="https://www.cyber.gov.au/acsc/view-all-content/ism">1560</reference>
              <reference href="https://www.cyber.gov.au/acsc/view-all-content/ism">1561</reference>
              <reference href="https://www.iso.org/contents/data/standard/05/45/54534.html">A.18.1.4</reference>
              <reference href="https://www.iso.org/contents/data/standard/05/45/54534.html">A.7.1.1</reference>
              <reference href="https://www.iso.org/contents/data/standard/05/45/54534.html">A.9.2.1</reference>
              <reference href="https://www.iso.org/contents/data/standard/05/45/54534.html">A.9.2.2</reference>
              <reference href="https://www.iso.org/contents/data/standard/05/45/54534.html">A.9.2.3</reference>
              <reference href="https://www.iso.org/contents/data/standard/05/45/54534.html">A.9.2.4</reference>
              <reference href="https://www.iso.org/contents/data/standard/05/45/54534.html">A.9.2.6</reference>
              <reference href="https://www.iso.org/contents/data/standard/05/45/54534.html">A.9.3.1</reference>
              <reference href="https://www.iso.org/contents/data/standard/05/45/54534.html">A.9.4.2</reference>
              <reference href="https://www.iso.org/contents/data/standard/05/45/54534.html">A.9.4.3</reference>
              <reference href="http://nvlpubs.nist.gov/nistpubs/SpecialPublications/NIST.SP.800-53r4.pdf">IA-5(c)</reference>
              <reference href="http://nvlpubs.nist.gov/nistpubs/SpecialPublications/NIST.SP.800-53r4.pdf">IA-5(1)(a)</reference>
              <reference href="http://nvlpubs.nist.gov/nistpubs/SpecialPublications/NIST.SP.800-53r4.pdf">CM-6(a)</reference>
              <reference href="http://nvlpubs.nist.gov/nistpubs/SpecialPublications/NIST.SP.800-53r4.pdf">IA-5(4)</reference>
              <reference href="https://nvlpubs.nist.gov/nistpubs/CSWP/NIST.CSWP.04162018.pdf">PR.AC-1</reference>
              <reference href="https://nvlpubs.nist.gov/nistpubs/CSWP/NIST.CSWP.04162018.pdf">PR.AC-6</reference>
              <reference href="https://nvlpubs.nist.gov/nistpubs/CSWP/NIST.CSWP.04162018.pdf">PR.AC-7</reference>
              <reference href="https://public.cyber.mil/stigs/downloads/?_dl_facet_stigs=operating-systems%2Cgeneral-purpose-os">SRG-OS-000072-GPOS-00040</reference>
              <reference href="https://cyber.gouv.fr/sites/default/files/document/linux_configuration-en-v2.pdf">R68</reference>
              <reference href="https://www.cisecurity.org/benchmark/ubuntu_linux/">5.3.3.2.3</reference>
              <rationale xmlns:xhtml="http://www.w3.org/1999/xhtml" xml:lang="en-US">Use of a complex password helps to increase the time and resources required to compromise the password.
Password complexity, or strength, is a measure of the effectiveness of a password in resisting attempts
at guessing and brute-force attacks.
<html:br xmlns:html="http://www.w3.org/1999/xhtml"/>
          <html:br xmlns:html="http://www.w3.org/1999/xhtml"/>
Password complexity is one factor of several that determines how long it takes to crack a password. The
more complex the password, the greater the number of possible combinations that need to be tested before
the password is compromised.
<html:br xmlns:html="http://www.w3.org/1999/xhtml"/>
          <html:br xmlns:html="http://www.w3.org/1999/xhtml"/>
Requiring a minimum number of character categories makes password guessing attacks more difficult
by ensuring a larger search space.</rationale>
              <platform idref="#package_pam"/>
              <fix xmlns:xhtml="http://www.w3.org/1999/xhtml" id="accounts_password_pam_minclass" system="urn:xccdf:fix:script:ansible" complexity="low" disruption="low" strategy="restrict">- name: Gather the package facts
  package_facts:
    manager: auto
  tags:
  - NIST-800-53-CM-6(a)
  - NIST-800-53-IA-5(1)(a)
  - NIST-800-53-IA-5(4)
  - NIST-800-53-IA-5(c)
  - accounts_password_pam_minclass
  - low_complexity
  - low_disruption
  - medium_severity
  - no_reboot_needed
  - restrict_strategy
- name: XCCDF Value var_password_pam_minclass # promote to variable
  set_fact:
    var_password_pam_minclass: !!str <xccdf-1.2:sub xmlns:xccdf-1.2="http://checklists.nist.gov/xccdf/1.2" idref="xccdf_org.ssgproject.content_value_var_password_pam_minclass" use="legacy"/>
  tags:
    - always

- name: Ensure PAM Enforces Password Requirements - Minimum Different Categories -
    Check if system relies on pam-auth-update tool
  ansible.builtin.stat:
    path: /usr/sbin/pam-auth-update
  register: result_pam_auth_update_present
  when: '"libpam-runtime" in ansible_facts.packages'
  tags:
  - NIST-800-53-CM-6(a)
  - NIST-800-53-IA-5(1)(a)
  - NIST-800-53-IA-5(4)
  - NIST-800-53-IA-5(c)
  - accounts_password_pam_minclass
  - low_complexity
  - low_disruption
  - medium_severity
  - no_reboot_needed
  - restrict_strategy

- name: Ensure PAM Enforces Password Requirements - Minimum Different Categories -
    Remediation where pam-auth-update tool is present
  block:

  - name: Check if /usr/share/pam-configs/cac_pwquality exists
    stat:
      path: /usr/share/pam-configs/cac_pwquality
    register: pwquality_file_stat

  - name: Put the content into /usr/share/pam-configs/cac_pwquality if it does not
      exist
    copy:
      dest: /usr/share/pam-configs/cac_pwquality
      content: |
        Name: Pwquality password strength checking
        Default: yes
        Priority: 1024
        Conflicts: cracklib
        Password-Type: Primary
        Password:
          requisite           pam_pwquality.so retry=3
      force: true
    when: not pwquality_file_stat.stat.exists

  - name: Ensure PAM Enforces Password Requirements - Minimum Different Categories
      - Ensure pam-auth-update profile changes are applied
    ansible.builtin.command:
      cmd: pam-auth-update --enable cac_pwquality
  when:
  - '"libpam-runtime" in ansible_facts.packages'
  - result_pam_auth_update_present.stat.exists
  tags:
  - NIST-800-53-CM-6(a)
  - NIST-800-53-IA-5(1)(a)
  - NIST-800-53-IA-5(4)
  - NIST-800-53-IA-5(c)
  - accounts_password_pam_minclass
  - low_complexity
  - low_disruption
  - medium_severity
  - no_reboot_needed
  - restrict_strategy

- name: Ensure PAM Enforces Password Requirements - Minimum Different Categories -
    Ensure PAM variable minclass is set accordingly
  ansible.builtin.lineinfile:
    create: true
    dest: /etc/security/pwquality.conf
    regexp: ^#?\s*minclass
    line: minclass = {{ var_password_pam_minclass }}
  when: '"libpam-runtime" in ansible_facts.packages'
  tags:
  - NIST-800-53-CM-6(a)
  - NIST-800-53-IA-5(1)(a)
  - NIST-800-53-IA-5(4)
  - NIST-800-53-IA-5(c)
  - accounts_password_pam_minclass
  - low_complexity
  - low_disruption
  - medium_severity
  - no_reboot_needed
  - restrict_strategy
</fix>
              <fix xmlns:xhtml="http://www.w3.org/1999/xhtml" id="accounts_password_pam_minclass" system="urn:xccdf:fix:script:sh" complexity="low" disruption="low" strategy="restrict"># Remediation is applicable only in certain platforms
if dpkg-query --show --showformat='${db:Status-Status}\n' 'libpam-runtime' 2&gt;/dev/null | grep -q '^installed'; then

var_password_pam_minclass='<xccdf-1.2:sub xmlns:xccdf-1.2="http://checklists.nist.gov/xccdf/1.2" idref="xccdf_org.ssgproject.content_value_var_password_pam_minclass" use="legacy"/>'







conf_name=cac_pwquality
if [ ! -f /usr/share/pam-configs/"$conf_name" ]; then
    cat &lt;&lt; EOF &gt; /usr/share/pam-configs/"$conf_name"
Name: Pwquality password strength checking
Default: yes
Priority: 1025
Conflicts: cracklib, pwquality
Password-Type: Primary
Password:
    requisite                   pam_pwquality.so
EOF
fi

DEBIAN_FRONTEND=noninteractive pam-auth-update


# Strip any search characters in the key arg so that the key can be replaced without
# adding any search characters to the config file.
stripped_key=$(sed 's/[\^=\$,;+]*//g' &lt;&lt;&lt; "^minclass")

# shellcheck disable=SC2059
printf -v formatted_output "%s = %s" "$stripped_key" "$var_password_pam_minclass"

# If the key exists, change it. Otherwise, add it to the config_file.
# We search for the key string followed by a word boundary (matched by \&gt;),
# so if we search for 'setting', 'setting2' won't match.
if LC_ALL=C grep -q -m 1 -i -e "^minclass\\&gt;" "/etc/security/pwquality.conf"; then
    escaped_formatted_output=$(sed -e 's|/|\\/|g' &lt;&lt;&lt; "$formatted_output")
    LC_ALL=C sed -i --follow-symlinks "s/^minclass\\&gt;.*/$escaped_formatted_output/gi" "/etc/security/pwquality.conf"
else
    if [[ -s "/etc/security/pwquality.conf" ]] &amp;&amp; [[ -n "$(tail -c 1 -- "/etc/security/pwquality.conf" || true)" ]]; then
        LC_ALL=C sed -i --follow-symlinks '$a'\\ "/etc/security/pwquality.conf"
    fi
    printf '%s\n' "$formatted_output" &gt;&gt; "/etc/security/pwquality.conf"
fi

else
    &gt;&amp;2 echo 'Remediation is not applicable, nothing was done'
fi
</fix>
              <check system="http://oval.mitre.org/XMLSchema/oval-definitions-5">
                <check-export export-name="oval:ssg-var_password_pam_minclass:var:1" value-id="xccdf_org.ssgproject.content_value_var_password_pam_minclass"/>
                <check-content-ref name="oval:ssg-accounts_password_pam_minclass:def:1" href="ssg-ubuntu2404-oval.xml"/>
              </check>
              <check system="http://scap.nist.gov/schema/ocil/2">
                <check-content-ref name="ocil:ssg-accounts_password_pam_minclass_ocil:questionnaire:1" href="ssg-ubuntu2404-ocil.xml"/>
              </check>
            </Rule>
            <Rule id="xccdf_org.ssgproject.content_rule_accounts_password_pam_minlen" selected="false" role="full" severity="medium">
              <title xmlns:xhtml="http://www.w3.org/1999/xhtml" xml:lang="en-US">Ensure PAM Enforces Password Requirements - Minimum Length</title>
              <description xmlns:xhtml="http://www.w3.org/1999/xhtml" xml:lang="en-US">The pam_pwquality module's <html:code xmlns:html="http://www.w3.org/1999/xhtml">minlen</html:code> parameter controls requirements for
minimum characters required in a password. Add <html:code xmlns:html="http://www.w3.org/1999/xhtml" xmlns:xccdf-1.2="http://checklists.nist.gov/xccdf/1.2">minlen=<xccdf-1.2:sub idref="xccdf_org.ssgproject.content_value_var_password_pam_minlen" use="legacy"/>
          </html:code>
after pam_pwquality to set minimum password length requirements.</description>
              <reference href="https://www.cisecurity.org/controls/">1</reference>
              <reference href="https://www.cisecurity.org/controls/">12</reference>
              <reference href="https://www.cisecurity.org/controls/">15</reference>
              <reference href="https://www.cisecurity.org/controls/">16</reference>
              <reference href="https://www.cisecurity.org/controls/">5</reference>
              <reference href="https://www.fbi.gov/file-repository/cjis-security-policy-v5_5_20160601-2-1.pdf">5.6.2.1.1</reference>
              <reference href="https://www.isaca.org/resources/cobit">DSS05.04</reference>
              <reference href="https://www.isaca.org/resources/cobit">DSS05.05</reference>
              <reference href="https://www.isaca.org/resources/cobit">DSS05.07</reference>
              <reference href="https://www.isaca.org/resources/cobit">DSS05.10</reference>
              <reference href="https://www.isaca.org/resources/cobit">DSS06.03</reference>
              <reference href="https://www.isaca.org/resources/cobit">DSS06.10</reference>
              <reference href="https://public.cyber.mil/stigs/cci/">CCI-004066</reference>
              <reference href="https://www.isa.org/products/isa-62443-2-1-2009-security-for-industrial-automat">4.3.3.2.2</reference>
              <reference href="https://www.isa.org/products/isa-62443-2-1-2009-security-for-industrial-automat">4.3.3.5.1</reference>
              <reference href="https://www.isa.org/products/isa-62443-2-1-2009-security-for-industrial-automat">4.3.3.5.2</reference>
              <reference href="https://www.isa.org/products/isa-62443-2-1-2009-security-for-industrial-automat">4.3.3.6.1</reference>
              <reference href="https://www.isa.org/products/isa-62443-2-1-2009-security-for-industrial-automat">4.3.3.6.2</reference>
              <reference href="https://www.isa.org/products/isa-62443-2-1-2009-security-for-industrial-automat">4.3.3.6.3</reference>
              <reference href="https://www.isa.org/products/isa-62443-2-1-2009-security-for-industrial-automat">4.3.3.6.4</reference>
              <reference href="https://www.isa.org/products/isa-62443-2-1-2009-security-for-industrial-automat">4.3.3.6.5</reference>
              <reference href="https://www.isa.org/products/isa-62443-2-1-2009-security-for-industrial-automat">4.3.3.6.6</reference>
              <reference href="https://www.isa.org/products/isa-62443-2-1-2009-security-for-industrial-automat">4.3.3.6.7</reference>
              <reference href="https://www.isa.org/products/isa-62443-2-1-2009-security-for-industrial-automat">4.3.3.6.8</reference>
              <reference href="https://www.isa.org/products/isa-62443-2-1-2009-security-for-industrial-automat">4.3.3.6.9</reference>
              <reference href="https://www.isa.org/products/isa-62443-2-1-2009-security-for-industrial-automat">4.3.3.7.2</reference>
              <reference href="https://www.isa.org/products/isa-62443-2-1-2009-security-for-industrial-automat">4.3.3.7.4</reference>
              <reference href="https://www.isa.org/products/ansi-isa-62443-3-3-99-03-03-2013-security-for-indu">SR 1.1</reference>
              <reference href="https://www.isa.org/products/ansi-isa-62443-3-3-99-03-03-2013-security-for-indu">SR 1.10</reference>
              <reference href="https://www.isa.org/products/ansi-isa-62443-3-3-99-03-03-2013-security-for-indu">SR 1.2</reference>
              <reference href="https://www.isa.org/products/ansi-isa-62443-3-3-99-03-03-2013-security-for-indu">SR 1.3</reference>
              <reference href="https://www.isa.org/products/ansi-isa-62443-3-3-99-03-03-2013-security-for-indu">SR 1.4</reference>
              <reference href="https://www.isa.org/products/ansi-isa-62443-3-3-99-03-03-2013-security-for-indu">SR 1.5</reference>
              <reference href="https://www.isa.org/products/ansi-isa-62443-3-3-99-03-03-2013-security-for-indu">SR 1.7</reference>
              <reference href="https://www.isa.org/products/ansi-isa-62443-3-3-99-03-03-2013-security-for-indu">SR 1.8</reference>
              <reference href="https://www.isa.org/products/ansi-isa-62443-3-3-99-03-03-2013-security-for-indu">SR 1.9</reference>
              <reference href="https://www.isa.org/products/ansi-isa-62443-3-3-99-03-03-2013-security-for-indu">SR 2.1</reference>
              <reference href="https://www.cyber.gov.au/acsc/view-all-content/ism">0421</reference>
              <reference href="https://www.cyber.gov.au/acsc/view-all-content/ism">0422</reference>
              <reference href="https://www.cyber.gov.au/acsc/view-all-content/ism">0431</reference>
              <reference href="https://www.cyber.gov.au/acsc/view-all-content/ism">0974</reference>
              <reference href="https://www.cyber.gov.au/acsc/view-all-content/ism">1173</reference>
              <reference href="https://www.cyber.gov.au/acsc/view-all-content/ism">1401</reference>
              <reference href="https://www.cyber.gov.au/acsc/view-all-content/ism">1504</reference>
              <reference href="https://www.cyber.gov.au/acsc/view-all-content/ism">1505</reference>
              <reference href="https://www.cyber.gov.au/acsc/view-all-content/ism">1546</reference>
              <reference href="https://www.cyber.gov.au/acsc/view-all-content/ism">1557</reference>
              <reference href="https://www.cyber.gov.au/acsc/view-all-content/ism">1558</reference>
              <reference href="https://www.cyber.gov.au/acsc/view-all-content/ism">1559</reference>
              <reference href="https://www.cyber.gov.au/acsc/view-all-content/ism">1560</reference>
              <reference href="https://www.cyber.gov.au/acsc/view-all-content/ism">1561</reference>
              <reference href="https://www.iso.org/contents/data/standard/05/45/54534.html">A.18.1.4</reference>
              <reference href="https://www.iso.org/contents/data/standard/05/45/54534.html">A.7.1.1</reference>
              <reference href="https://www.iso.org/contents/data/standard/05/45/54534.html">A.9.2.1</reference>
              <reference href="https://www.iso.org/contents/data/standard/05/45/54534.html">A.9.2.2</reference>
              <reference href="https://www.iso.org/contents/data/standard/05/45/54534.html">A.9.2.3</reference>
              <reference href="https://www.iso.org/contents/data/standard/05/45/54534.html">A.9.2.4</reference>
              <reference href="https://www.iso.org/contents/data/standard/05/45/54534.html">A.9.2.6</reference>
              <reference href="https://www.iso.org/contents/data/standard/05/45/54534.html">A.9.3.1</reference>
              <reference href="https://www.iso.org/contents/data/standard/05/45/54534.html">A.9.4.2</reference>
              <reference href="https://www.iso.org/contents/data/standard/05/45/54534.html">A.9.4.3</reference>
              <reference href="http://nvlpubs.nist.gov/nistpubs/SpecialPublications/NIST.SP.800-53r4.pdf">IA-5(c)</reference>
              <reference href="http://nvlpubs.nist.gov/nistpubs/SpecialPublications/NIST.SP.800-53r4.pdf">IA-5(1)(a)</reference>
              <reference href="http://nvlpubs.nist.gov/nistpubs/SpecialPublications/NIST.SP.800-53r4.pdf">CM-6(a)</reference>
              <reference href="http://nvlpubs.nist.gov/nistpubs/SpecialPublications/NIST.SP.800-53r4.pdf">IA-5(4)</reference>
              <reference href="https://nvlpubs.nist.gov/nistpubs/CSWP/NIST.CSWP.04162018.pdf">PR.AC-1</reference>
              <reference href="https://nvlpubs.nist.gov/nistpubs/CSWP/NIST.CSWP.04162018.pdf">PR.AC-6</reference>
              <reference href="https://nvlpubs.nist.gov/nistpubs/CSWP/NIST.CSWP.04162018.pdf">PR.AC-7</reference>
              <reference href="https://www.niap-ccevs.org/Profile/PP.cfm">FMT_SMF_EXT.1</reference>
              <reference href="https://www.pcisecuritystandards.org/documents/PCI_DSS_v3-2-1.pdf">Req-8.2.3</reference>
              <reference href="https://public.cyber.mil/stigs/downloads/?_dl_facet_stigs=operating-systems%2Cgeneral-purpose-os">SRG-OS-000078-GPOS-00046</reference>
              <reference href="https://cyber.gouv.fr/sites/default/files/document/linux_configuration-en-v2.pdf">R31</reference>
              <reference href="https://cyber.gouv.fr/sites/default/files/document/linux_configuration-en-v2.pdf">R68</reference>
              <reference href="https://www.cisecurity.org/benchmark/ubuntu_linux/">5.3.3.2.2</reference>
              <reference href="https://docs-prv.pcisecuritystandards.org/PCI%20DSS/Standard/PCI-DSS-v4_0.pdf">8.3.6</reference>
              <reference href="https://docs-prv.pcisecuritystandards.org/PCI%20DSS/Standard/PCI-DSS-v4_0.pdf">8.3</reference>
              <rationale xmlns:xhtml="http://www.w3.org/1999/xhtml" xml:lang="en-US">The shorter the password, the lower the number of possible combinations
that need to be tested before the password is compromised.
<html:br xmlns:html="http://www.w3.org/1999/xhtml"/>
Password complexity, or strength, is a measure of the effectiveness of a
password in resisting attempts at guessing and brute-force attacks.
Password length is one factor of several that helps to determine strength
and how long it takes to crack a password. Use of more characters in a password
helps to exponentially increase the time and/or resources required to
compromise the password.</rationale>
              <platform idref="#package_pam"/>
              <fix xmlns:xhtml="http://www.w3.org/1999/xhtml" id="accounts_password_pam_minlen" system="urn:xccdf:fix:script:ansible" complexity="low" disruption="low" strategy="restrict">- name: Gather the package facts
  package_facts:
    manager: auto
  tags:
  - CJIS-5.6.2.1.1
  - NIST-800-53-CM-6(a)
  - NIST-800-53-IA-5(1)(a)
  - NIST-800-53-IA-5(4)
  - NIST-800-53-IA-5(c)
  - PCI-DSS-Req-8.2.3
  - PCI-DSSv4-8.3
  - PCI-DSSv4-8.3.6
  - accounts_password_pam_minlen
  - low_complexity
  - low_disruption
  - medium_severity
  - no_reboot_needed
  - restrict_strategy
- name: XCCDF Value var_password_pam_minlen # promote to variable
  set_fact:
    var_password_pam_minlen: !!str <xccdf-1.2:sub xmlns:xccdf-1.2="http://checklists.nist.gov/xccdf/1.2" idref="xccdf_org.ssgproject.content_value_var_password_pam_minlen" use="legacy"/>
  tags:
    - always

- name: Ensure PAM Enforces Password Requirements - Minimum Length - Check if system
    relies on pam-auth-update tool
  ansible.builtin.stat:
    path: /usr/sbin/pam-auth-update
  register: result_pam_auth_update_present
  when: '"libpam-runtime" in ansible_facts.packages'
  tags:
  - CJIS-5.6.2.1.1
  - NIST-800-53-CM-6(a)
  - NIST-800-53-IA-5(1)(a)
  - NIST-800-53-IA-5(4)
  - NIST-800-53-IA-5(c)
  - PCI-DSS-Req-8.2.3
  - PCI-DSSv4-8.3
  - PCI-DSSv4-8.3.6
  - accounts_password_pam_minlen
  - low_complexity
  - low_disruption
  - medium_severity
  - no_reboot_needed
  - restrict_strategy

- name: Ensure PAM Enforces Password Requirements - Minimum Length - Remediation where
    pam-auth-update tool is present
  block:

  - name: Check if /usr/share/pam-configs/cac_pwquality exists
    stat:
      path: /usr/share/pam-configs/cac_pwquality
    register: pwquality_file_stat

  - name: Put the content into /usr/share/pam-configs/cac_pwquality if it does not
      exist
    copy:
      dest: /usr/share/pam-configs/cac_pwquality
      content: |
        Name: Pwquality password strength checking
        Default: yes
        Priority: 1024
        Conflicts: cracklib
        Password-Type: Primary
        Password:
          requisite           pam_pwquality.so retry=3
      force: true
    when: not pwquality_file_stat.stat.exists

  - name: Ensure PAM Enforces Password Requirements - Minimum Length - Ensure pam-auth-update
      profile changes are applied
    ansible.builtin.command:
      cmd: pam-auth-update --enable cac_pwquality
  when:
  - '"libpam-runtime" in ansible_facts.packages'
  - result_pam_auth_update_present.stat.exists
  tags:
  - CJIS-5.6.2.1.1
  - NIST-800-53-CM-6(a)
  - NIST-800-53-IA-5(1)(a)
  - NIST-800-53-IA-5(4)
  - NIST-800-53-IA-5(c)
  - PCI-DSS-Req-8.2.3
  - PCI-DSSv4-8.3
  - PCI-DSSv4-8.3.6
  - accounts_password_pam_minlen
  - low_complexity
  - low_disruption
  - medium_severity
  - no_reboot_needed
  - restrict_strategy

- name: Ensure PAM Enforces Password Requirements - Minimum Length - Ensure PAM variable
    minlen is set accordingly
  ansible.builtin.lineinfile:
    create: true
    dest: /etc/security/pwquality.conf
    regexp: ^#?\s*minlen
    line: minlen = {{ var_password_pam_minlen }}
  when: '"libpam-runtime" in ansible_facts.packages'
  tags:
  - CJIS-5.6.2.1.1
  - NIST-800-53-CM-6(a)
  - NIST-800-53-IA-5(1)(a)
  - NIST-800-53-IA-5(4)
  - NIST-800-53-IA-5(c)
  - PCI-DSS-Req-8.2.3
  - PCI-DSSv4-8.3
  - PCI-DSSv4-8.3.6
  - accounts_password_pam_minlen
  - low_complexity
  - low_disruption
  - medium_severity
  - no_reboot_needed
  - restrict_strategy
</fix>
              <fix xmlns:xhtml="http://www.w3.org/1999/xhtml" id="accounts_password_pam_minlen" system="urn:xccdf:fix:script:sh" complexity="low" disruption="low" strategy="restrict"># Remediation is applicable only in certain platforms
if dpkg-query --show --showformat='${db:Status-Status}\n' 'libpam-runtime' 2&gt;/dev/null | grep -q '^installed'; then

var_password_pam_minlen='<xccdf-1.2:sub xmlns:xccdf-1.2="http://checklists.nist.gov/xccdf/1.2" idref="xccdf_org.ssgproject.content_value_var_password_pam_minlen" use="legacy"/>'







conf_name=cac_pwquality
if [ ! -f /usr/share/pam-configs/"$conf_name" ]; then
    cat &lt;&lt; EOF &gt; /usr/share/pam-configs/"$conf_name"
Name: Pwquality password strength checking
Default: yes
Priority: 1025
Conflicts: cracklib, pwquality
Password-Type: Primary
Password:
    requisite                   pam_pwquality.so
EOF
fi

DEBIAN_FRONTEND=noninteractive pam-auth-update


# Strip any search characters in the key arg so that the key can be replaced without
# adding any search characters to the config file.
stripped_key=$(sed 's/[\^=\$,;+]*//g' &lt;&lt;&lt; "^minlen")

# shellcheck disable=SC2059
printf -v formatted_output "%s = %s" "$stripped_key" "$var_password_pam_minlen"

# If the key exists, change it. Otherwise, add it to the config_file.
# We search for the key string followed by a word boundary (matched by \&gt;),
# so if we search for 'setting', 'setting2' won't match.
if LC_ALL=C grep -q -m 1 -i -e "^minlen\\&gt;" "/etc/security/pwquality.conf"; then
    escaped_formatted_output=$(sed -e 's|/|\\/|g' &lt;&lt;&lt; "$formatted_output")
    LC_ALL=C sed -i --follow-symlinks "s/^minlen\\&gt;.*/$escaped_formatted_output/gi" "/etc/security/pwquality.conf"
else
    if [[ -s "/etc/security/pwquality.conf" ]] &amp;&amp; [[ -n "$(tail -c 1 -- "/etc/security/pwquality.conf" || true)" ]]; then
        LC_ALL=C sed -i --follow-symlinks '$a'\\ "/etc/security/pwquality.conf"
    fi
    printf '%s\n' "$formatted_output" &gt;&gt; "/etc/security/pwquality.conf"
fi

else
    &gt;&amp;2 echo 'Remediation is not applicable, nothing was done'
fi
</fix>
              <check system="http://oval.mitre.org/XMLSchema/oval-definitions-5">
                <check-export export-name="oval:ssg-var_password_pam_minlen:var:1" value-id="xccdf_org.ssgproject.content_value_var_password_pam_minlen"/>
                <check-content-ref name="oval:ssg-accounts_password_pam_minlen:def:1" href="ssg-ubuntu2404-oval.xml"/>
              </check>
              <check system="http://scap.nist.gov/schema/ocil/2">
                <check-content-ref name="ocil:ssg-accounts_password_pam_minlen_ocil:questionnaire:1" href="ssg-ubuntu2404-ocil.xml"/>
              </check>
            </Rule>
            <Rule id="xccdf_org.ssgproject.content_rule_accounts_password_pam_ocredit" selected="false" role="full" severity="medium">
              <title xmlns:xhtml="http://www.w3.org/1999/xhtml" xml:lang="en-US">Ensure PAM Enforces Password Requirements - Minimum Special Characters</title>
              <description xmlns:xhtml="http://www.w3.org/1999/xhtml" xml:lang="en-US">The pam_pwquality module's <html:code xmlns:html="http://www.w3.org/1999/xhtml">ocredit=</html:code> parameter controls requirements for
usage of special (or "other") characters in a password. When set to a negative number,
any password will be required to contain that many special characters.
When set to a positive number, pam_pwquality will grant +1
additional length credit for each special character. Modify the <html:code xmlns:html="http://www.w3.org/1999/xhtml">ocredit</html:code> setting
in <html:code xmlns:html="http://www.w3.org/1999/xhtml">/etc/security/pwquality.conf</html:code> to equal <xccdf-1.2:sub xmlns:xccdf-1.2="http://checklists.nist.gov/xccdf/1.2" idref="xccdf_org.ssgproject.content_value_var_password_pam_ocredit" use="legacy"/>
to require use of a special character in passwords.</description>
              <reference href="https://www.cisecurity.org/controls/">1</reference>
              <reference href="https://www.cisecurity.org/controls/">12</reference>
              <reference href="https://www.cisecurity.org/controls/">15</reference>
              <reference href="https://www.cisecurity.org/controls/">16</reference>
              <reference href="https://www.cisecurity.org/controls/">5</reference>
              <reference href="https://www.isaca.org/resources/cobit">DSS05.04</reference>
              <reference href="https://www.isaca.org/resources/cobit">DSS05.05</reference>
              <reference href="https://www.isaca.org/resources/cobit">DSS05.07</reference>
              <reference href="https://www.isaca.org/resources/cobit">DSS05.10</reference>
              <reference href="https://www.isaca.org/resources/cobit">DSS06.03</reference>
              <reference href="https://www.isaca.org/resources/cobit">DSS06.10</reference>
              <reference href="https://public.cyber.mil/stigs/cci/">CCI-004066</reference>
              <reference href="https://www.isa.org/products/isa-62443-2-1-2009-security-for-industrial-automat">4.3.3.2.2</reference>
              <reference href="https://www.isa.org/products/isa-62443-2-1-2009-security-for-industrial-automat">4.3.3.5.1</reference>
              <reference href="https://www.isa.org/products/isa-62443-2-1-2009-security-for-industrial-automat">4.3.3.5.2</reference>
              <reference href="https://www.isa.org/products/isa-62443-2-1-2009-security-for-industrial-automat">4.3.3.6.1</reference>
              <reference href="https://www.isa.org/products/isa-62443-2-1-2009-security-for-industrial-automat">4.3.3.6.2</reference>
              <reference href="https://www.isa.org/products/isa-62443-2-1-2009-security-for-industrial-automat">4.3.3.6.3</reference>
              <reference href="https://www.isa.org/products/isa-62443-2-1-2009-security-for-industrial-automat">4.3.3.6.4</reference>
              <reference href="https://www.isa.org/products/isa-62443-2-1-2009-security-for-industrial-automat">4.3.3.6.5</reference>
              <reference href="https://www.isa.org/products/isa-62443-2-1-2009-security-for-industrial-automat">4.3.3.6.6</reference>
              <reference href="https://www.isa.org/products/isa-62443-2-1-2009-security-for-industrial-automat">4.3.3.6.7</reference>
              <reference href="https://www.isa.org/products/isa-62443-2-1-2009-security-for-industrial-automat">4.3.3.6.8</reference>
              <reference href="https://www.isa.org/products/isa-62443-2-1-2009-security-for-industrial-automat">4.3.3.6.9</reference>
              <reference href="https://www.isa.org/products/isa-62443-2-1-2009-security-for-industrial-automat">4.3.3.7.2</reference>
              <reference href="https://www.isa.org/products/isa-62443-2-1-2009-security-for-industrial-automat">4.3.3.7.4</reference>
              <reference href="https://www.isa.org/products/ansi-isa-62443-3-3-99-03-03-2013-security-for-indu">SR 1.1</reference>
              <reference href="https://www.isa.org/products/ansi-isa-62443-3-3-99-03-03-2013-security-for-indu">SR 1.10</reference>
              <reference href="https://www.isa.org/products/ansi-isa-62443-3-3-99-03-03-2013-security-for-indu">SR 1.2</reference>
              <reference href="https://www.isa.org/products/ansi-isa-62443-3-3-99-03-03-2013-security-for-indu">SR 1.3</reference>
              <reference href="https://www.isa.org/products/ansi-isa-62443-3-3-99-03-03-2013-security-for-indu">SR 1.4</reference>
              <reference href="https://www.isa.org/products/ansi-isa-62443-3-3-99-03-03-2013-security-for-indu">SR 1.5</reference>
              <reference href="https://www.isa.org/products/ansi-isa-62443-3-3-99-03-03-2013-security-for-indu">SR 1.7</reference>
              <reference href="https://www.isa.org/products/ansi-isa-62443-3-3-99-03-03-2013-security-for-indu">SR 1.8</reference>
              <reference href="https://www.isa.org/products/ansi-isa-62443-3-3-99-03-03-2013-security-for-indu">SR 1.9</reference>
              <reference href="https://www.isa.org/products/ansi-isa-62443-3-3-99-03-03-2013-security-for-indu">SR 2.1</reference>
              <reference href="https://www.cyber.gov.au/acsc/view-all-content/ism">0421</reference>
              <reference href="https://www.cyber.gov.au/acsc/view-all-content/ism">0422</reference>
              <reference href="https://www.cyber.gov.au/acsc/view-all-content/ism">0431</reference>
              <reference href="https://www.cyber.gov.au/acsc/view-all-content/ism">0974</reference>
              <reference href="https://www.cyber.gov.au/acsc/view-all-content/ism">1173</reference>
              <reference href="https://www.cyber.gov.au/acsc/view-all-content/ism">1401</reference>
              <reference href="https://www.cyber.gov.au/acsc/view-all-content/ism">1504</reference>
              <reference href="https://www.cyber.gov.au/acsc/view-all-content/ism">1505</reference>
              <reference href="https://www.cyber.gov.au/acsc/view-all-content/ism">1546</reference>
              <reference href="https://www.cyber.gov.au/acsc/view-all-content/ism">1557</reference>
              <reference href="https://www.cyber.gov.au/acsc/view-all-content/ism">1558</reference>
              <reference href="https://www.cyber.gov.au/acsc/view-all-content/ism">1559</reference>
              <reference href="https://www.cyber.gov.au/acsc/view-all-content/ism">1560</reference>
              <reference href="https://www.cyber.gov.au/acsc/view-all-content/ism">1561</reference>
              <reference href="https://www.iso.org/contents/data/standard/05/45/54534.html">A.18.1.4</reference>
              <reference href="https://www.iso.org/contents/data/standard/05/45/54534.html">A.7.1.1</reference>
              <reference href="https://www.iso.org/contents/data/standard/05/45/54534.html">A.9.2.1</reference>
              <reference href="https://www.iso.org/contents/data/standard/05/45/54534.html">A.9.2.2</reference>
              <reference href="https://www.iso.org/contents/data/standard/05/45/54534.html">A.9.2.3</reference>
              <reference href="https://www.iso.org/contents/data/standard/05/45/54534.html">A.9.2.4</reference>
              <reference href="https://www.iso.org/contents/data/standard/05/45/54534.html">A.9.2.6</reference>
              <reference href="https://www.iso.org/contents/data/standard/05/45/54534.html">A.9.3.1</reference>
              <reference href="https://www.iso.org/contents/data/standard/05/45/54534.html">A.9.4.2</reference>
              <reference href="https://www.iso.org/contents/data/standard/05/45/54534.html">A.9.4.3</reference>
              <reference href="http://nvlpubs.nist.gov/nistpubs/SpecialPublications/NIST.SP.800-53r4.pdf">IA-5(c)</reference>
              <reference href="http://nvlpubs.nist.gov/nistpubs/SpecialPublications/NIST.SP.800-53r4.pdf">IA-5(1)(a)</reference>
              <reference href="http://nvlpubs.nist.gov/nistpubs/SpecialPublications/NIST.SP.800-53r4.pdf">CM-6(a)</reference>
              <reference href="http://nvlpubs.nist.gov/nistpubs/SpecialPublications/NIST.SP.800-53r4.pdf">IA-5(4)</reference>
              <reference href="https://nvlpubs.nist.gov/nistpubs/CSWP/NIST.CSWP.04162018.pdf">PR.AC-1</reference>
              <reference href="https://nvlpubs.nist.gov/nistpubs/CSWP/NIST.CSWP.04162018.pdf">PR.AC-6</reference>
              <reference href="https://nvlpubs.nist.gov/nistpubs/CSWP/NIST.CSWP.04162018.pdf">PR.AC-7</reference>
              <reference href="https://www.niap-ccevs.org/Profile/PP.cfm">FMT_SMF_EXT.1</reference>
              <reference href="https://public.cyber.mil/stigs/downloads/?_dl_facet_stigs=operating-systems%2Cgeneral-purpose-os">SRG-OS-000266-GPOS-00101</reference>
              <reference href="https://cyber.gouv.fr/sites/default/files/document/linux_configuration-en-v2.pdf">R31</reference>
              <reference href="https://www.cisecurity.org/benchmark/ubuntu_linux/">5.3.3.2.3</reference>
              <rationale xmlns:xhtml="http://www.w3.org/1999/xhtml" xml:lang="en-US">Use of a complex password helps to increase the time and resources required
to compromise the password. Password complexity, or strength, is a measure of
the effectiveness of a password in resisting attempts at guessing and brute-force
attacks.
<html:br xmlns:html="http://www.w3.org/1999/xhtml"/>
          <html:br xmlns:html="http://www.w3.org/1999/xhtml"/>
Password complexity is one factor of several that determines how long it takes
to crack a password. The more complex the password, the greater the number of
possible combinations that need to be tested before the password is compromised.
Requiring a minimum number of special characters makes password guessing attacks
more difficult by ensuring a larger search space.</rationale>
              <platform idref="#package_pam"/>
              <fix xmlns:xhtml="http://www.w3.org/1999/xhtml" id="accounts_password_pam_ocredit" system="urn:xccdf:fix:script:ansible" complexity="low" disruption="low" strategy="restrict">- name: Gather the package facts
  package_facts:
    manager: auto
  tags:
  - NIST-800-53-CM-6(a)
  - NIST-800-53-IA-5(1)(a)
  - NIST-800-53-IA-5(4)
  - NIST-800-53-IA-5(c)
  - accounts_password_pam_ocredit
  - low_complexity
  - low_disruption
  - medium_severity
  - no_reboot_needed
  - restrict_strategy
- name: XCCDF Value var_password_pam_ocredit # promote to variable
  set_fact:
    var_password_pam_ocredit: !!str <xccdf-1.2:sub xmlns:xccdf-1.2="http://checklists.nist.gov/xccdf/1.2" idref="xccdf_org.ssgproject.content_value_var_password_pam_ocredit" use="legacy"/>
  tags:
    - always

- name: Ensure PAM Enforces Password Requirements - Minimum Special Characters - Check
    if system relies on pam-auth-update tool
  ansible.builtin.stat:
    path: /usr/sbin/pam-auth-update
  register: result_pam_auth_update_present
  when: '"libpam-runtime" in ansible_facts.packages'
  tags:
  - NIST-800-53-CM-6(a)
  - NIST-800-53-IA-5(1)(a)
  - NIST-800-53-IA-5(4)
  - NIST-800-53-IA-5(c)
  - accounts_password_pam_ocredit
  - low_complexity
  - low_disruption
  - medium_severity
  - no_reboot_needed
  - restrict_strategy

- name: Ensure PAM Enforces Password Requirements - Minimum Special Characters - Remediation
    where pam-auth-update tool is present
  block:

  - name: Check if /usr/share/pam-configs/cac_pwquality exists
    stat:
      path: /usr/share/pam-configs/cac_pwquality
    register: pwquality_file_stat

  - name: Put the content into /usr/share/pam-configs/cac_pwquality if it does not
      exist
    copy:
      dest: /usr/share/pam-configs/cac_pwquality
      content: |
        Name: Pwquality password strength checking
        Default: yes
        Priority: 1024
        Conflicts: cracklib
        Password-Type: Primary
        Password:
          requisite           pam_pwquality.so retry=3
      force: true
    when: not pwquality_file_stat.stat.exists

  - name: Ensure PAM Enforces Password Requirements - Minimum Special Characters -
      Ensure pam-auth-update profile changes are applied
    ansible.builtin.command:
      cmd: pam-auth-update --enable cac_pwquality
  when:
  - '"libpam-runtime" in ansible_facts.packages'
  - result_pam_auth_update_present.stat.exists
  tags:
  - NIST-800-53-CM-6(a)
  - NIST-800-53-IA-5(1)(a)
  - NIST-800-53-IA-5(4)
  - NIST-800-53-IA-5(c)
  - accounts_password_pam_ocredit
  - low_complexity
  - low_disruption
  - medium_severity
  - no_reboot_needed
  - restrict_strategy

- name: Ensure PAM Enforces Password Requirements - Minimum Special Characters - Ensure
    PAM variable ocredit is set accordingly
  ansible.builtin.lineinfile:
    create: true
    dest: /etc/security/pwquality.conf
    regexp: ^#?\s*ocredit
    line: ocredit = {{ var_password_pam_ocredit }}
  when: '"libpam-runtime" in ansible_facts.packages'
  tags:
  - NIST-800-53-CM-6(a)
  - NIST-800-53-IA-5(1)(a)
  - NIST-800-53-IA-5(4)
  - NIST-800-53-IA-5(c)
  - accounts_password_pam_ocredit
  - low_complexity
  - low_disruption
  - medium_severity
  - no_reboot_needed
  - restrict_strategy
</fix>
              <fix xmlns:xhtml="http://www.w3.org/1999/xhtml" id="accounts_password_pam_ocredit" system="urn:xccdf:fix:script:sh" complexity="low" disruption="low" strategy="restrict"># Remediation is applicable only in certain platforms
if dpkg-query --show --showformat='${db:Status-Status}\n' 'libpam-runtime' 2&gt;/dev/null | grep -q '^installed'; then

var_password_pam_ocredit='<xccdf-1.2:sub xmlns:xccdf-1.2="http://checklists.nist.gov/xccdf/1.2" idref="xccdf_org.ssgproject.content_value_var_password_pam_ocredit" use="legacy"/>'







conf_name=cac_pwquality
if [ ! -f /usr/share/pam-configs/"$conf_name" ]; then
    cat &lt;&lt; EOF &gt; /usr/share/pam-configs/"$conf_name"
Name: Pwquality password strength checking
Default: yes
Priority: 1025
Conflicts: cracklib, pwquality
Password-Type: Primary
Password:
    requisite                   pam_pwquality.so
EOF
fi

DEBIAN_FRONTEND=noninteractive pam-auth-update


# Strip any search characters in the key arg so that the key can be replaced without
# adding any search characters to the config file.
stripped_key=$(sed 's/[\^=\$,;+]*//g' &lt;&lt;&lt; "^ocredit")

# shellcheck disable=SC2059
printf -v formatted_output "%s = %s" "$stripped_key" "$var_password_pam_ocredit"

# If the key exists, change it. Otherwise, add it to the config_file.
# We search for the key string followed by a word boundary (matched by \&gt;),
# so if we search for 'setting', 'setting2' won't match.
if LC_ALL=C grep -q -m 1 -i -e "^ocredit\\&gt;" "/etc/security/pwquality.conf"; then
    escaped_formatted_output=$(sed -e 's|/|\\/|g' &lt;&lt;&lt; "$formatted_output")
    LC_ALL=C sed -i --follow-symlinks "s/^ocredit\\&gt;.*/$escaped_formatted_output/gi" "/etc/security/pwquality.conf"
else
    if [[ -s "/etc/security/pwquality.conf" ]] &amp;&amp; [[ -n "$(tail -c 1 -- "/etc/security/pwquality.conf" || true)" ]]; then
        LC_ALL=C sed -i --follow-symlinks '$a'\\ "/etc/security/pwquality.conf"
    fi
    printf '%s\n' "$formatted_output" &gt;&gt; "/etc/security/pwquality.conf"
fi

else
    &gt;&amp;2 echo 'Remediation is not applicable, nothing was done'
fi
</fix>
              <check system="http://oval.mitre.org/XMLSchema/oval-definitions-5">
                <check-export export-name="oval:ssg-var_password_pam_ocredit:var:1" value-id="xccdf_org.ssgproject.content_value_var_password_pam_ocredit"/>
                <check-content-ref name="oval:ssg-accounts_password_pam_ocredit:def:1" href="ssg-ubuntu2404-oval.xml"/>
              </check>
              <check system="http://scap.nist.gov/schema/ocil/2">
                <check-content-ref name="ocil:ssg-accounts_password_pam_ocredit_ocil:questionnaire:1" href="ssg-ubuntu2404-ocil.xml"/>
              </check>
            </Rule>
            <Rule id="xccdf_org.ssgproject.content_rule_accounts_password_pam_pwquality_enabled" selected="false" role="full" severity="medium">
              <title xmlns:xhtml="http://www.w3.org/1999/xhtml" xml:lang="en-US">Verify pam_pwquality module is activated</title>
              <description xmlns:xhtml="http://www.w3.org/1999/xhtml" xml:lang="en-US">The <html:code xmlns:html="http://www.w3.org/1999/xhtml">pam_pwquality.so</html:code> module ensures password quality by evaluating user-created passwords 
against a system dictionary and a set of rules designed to detect weak choices. Originally derived 
from the pam_cracklib module, this module is backward-compatible with options of pam_cracklib.
<html:br xmlns:html="http://www.w3.org/1999/xhtml"/>
          <html:br xmlns:html="http://www.w3.org/1999/xhtml"/>
The module's process includes prompting the user for a password, checking its strength, and if it 
meets the criteria requesting the password again for confirmation. If both entries match, the 
password is passed to subsequent modules to be set as the new authentication token.</description>
              <reference href="https://www.cisecurity.org/benchmark/ubuntu_linux/">5.3.2.3</reference>
              <rationale xmlns:xhtml="http://www.w3.org/1999/xhtml" xml:lang="en-US">Strong passwords significantly increase the time and effort required for unauthorized access, 
increasing overall system security.</rationale>
              <platform idref="#package_pam"/>
              <fix xmlns:xhtml="http://www.w3.org/1999/xhtml" id="accounts_password_pam_pwquality_enabled" system="urn:xccdf:fix:script:sh"># Remediation is applicable only in certain platforms
if dpkg-query --show --showformat='${db:Status-Status}\n' 'libpam-runtime' 2&gt;/dev/null | grep -q '^installed'; then

conf_name=cac_pwquality
if [ ! -f /usr/share/pam-configs/"$conf_name" ]; then
    cat &lt;&lt; EOF &gt; /usr/share/pam-configs/"$conf_name"
Name: Pwquality password strength checking
Default: yes
Priority: 1025
Conflicts: cracklib, pwquality
Password-Type: Primary
Password:
    requisite                   pam_pwquality.so
EOF
fi

DEBIAN_FRONTEND=noninteractive pam-auth-update

else
    &gt;&amp;2 echo 'Remediation is not applicable, nothing was done'
fi
</fix>
              <check system="http://oval.mitre.org/XMLSchema/oval-definitions-5">
                <check-content-ref name="oval:ssg-accounts_password_pam_pwquality_enabled:def:1" href="ssg-ubuntu2404-oval.xml"/>
              </check>
            </Rule>
            <Rule id="xccdf_org.ssgproject.content_rule_accounts_password_pam_ucredit" selected="false" role="full" severity="medium">
              <title xmlns:xhtml="http://www.w3.org/1999/xhtml" xml:lang="en-US">Ensure PAM Enforces Password Requirements - Minimum Uppercase Characters</title>
              <description xmlns:xhtml="http://www.w3.org/1999/xhtml" xml:lang="en-US">The pam_pwquality module's <html:code xmlns:html="http://www.w3.org/1999/xhtml">ucredit=</html:code> parameter controls requirements for
usage of uppercase letters in a password. When set to a negative number, any password will be required to
contain that many uppercase characters. When set to a positive number, pam_pwquality will grant +1 additional
length credit for each uppercase character. Modify the <html:code xmlns:html="http://www.w3.org/1999/xhtml">ucredit</html:code> setting in
<html:code xmlns:html="http://www.w3.org/1999/xhtml">/etc/security/pwquality.conf</html:code> to require the use of an uppercase character in passwords.</description>
              <reference href="https://www.cisecurity.org/controls/">1</reference>
              <reference href="https://www.cisecurity.org/controls/">12</reference>
              <reference href="https://www.cisecurity.org/controls/">15</reference>
              <reference href="https://www.cisecurity.org/controls/">16</reference>
              <reference href="https://www.cisecurity.org/controls/">5</reference>
              <reference href="https://www.isaca.org/resources/cobit">DSS05.04</reference>
              <reference href="https://www.isaca.org/resources/cobit">DSS05.05</reference>
              <reference href="https://www.isaca.org/resources/cobit">DSS05.07</reference>
              <reference href="https://www.isaca.org/resources/cobit">DSS05.10</reference>
              <reference href="https://www.isaca.org/resources/cobit">DSS06.03</reference>
              <reference href="https://www.isaca.org/resources/cobit">DSS06.10</reference>
              <reference href="https://public.cyber.mil/stigs/cci/">CCI-004066</reference>
              <reference href="https://www.isa.org/products/isa-62443-2-1-2009-security-for-industrial-automat">4.3.3.2.2</reference>
              <reference href="https://www.isa.org/products/isa-62443-2-1-2009-security-for-industrial-automat">4.3.3.5.1</reference>
              <reference href="https://www.isa.org/products/isa-62443-2-1-2009-security-for-industrial-automat">4.3.3.5.2</reference>
              <reference href="https://www.isa.org/products/isa-62443-2-1-2009-security-for-industrial-automat">4.3.3.6.1</reference>
              <reference href="https://www.isa.org/products/isa-62443-2-1-2009-security-for-industrial-automat">4.3.3.6.2</reference>
              <reference href="https://www.isa.org/products/isa-62443-2-1-2009-security-for-industrial-automat">4.3.3.6.3</reference>
              <reference href="https://www.isa.org/products/isa-62443-2-1-2009-security-for-industrial-automat">4.3.3.6.4</reference>
              <reference href="https://www.isa.org/products/isa-62443-2-1-2009-security-for-industrial-automat">4.3.3.6.5</reference>
              <reference href="https://www.isa.org/products/isa-62443-2-1-2009-security-for-industrial-automat">4.3.3.6.6</reference>
              <reference href="https://www.isa.org/products/isa-62443-2-1-2009-security-for-industrial-automat">4.3.3.6.7</reference>
              <reference href="https://www.isa.org/products/isa-62443-2-1-2009-security-for-industrial-automat">4.3.3.6.8</reference>
              <reference href="https://www.isa.org/products/isa-62443-2-1-2009-security-for-industrial-automat">4.3.3.6.9</reference>
              <reference href="https://www.isa.org/products/isa-62443-2-1-2009-security-for-industrial-automat">4.3.3.7.2</reference>
              <reference href="https://www.isa.org/products/isa-62443-2-1-2009-security-for-industrial-automat">4.3.3.7.4</reference>
              <reference href="https://www.isa.org/products/ansi-isa-62443-3-3-99-03-03-2013-security-for-indu">SR 1.1</reference>
              <reference href="https://www.isa.org/products/ansi-isa-62443-3-3-99-03-03-2013-security-for-indu">SR 1.10</reference>
              <reference href="https://www.isa.org/products/ansi-isa-62443-3-3-99-03-03-2013-security-for-indu">SR 1.2</reference>
              <reference href="https://www.isa.org/products/ansi-isa-62443-3-3-99-03-03-2013-security-for-indu">SR 1.3</reference>
              <reference href="https://www.isa.org/products/ansi-isa-62443-3-3-99-03-03-2013-security-for-indu">SR 1.4</reference>
              <reference href="https://www.isa.org/products/ansi-isa-62443-3-3-99-03-03-2013-security-for-indu">SR 1.5</reference>
              <reference href="https://www.isa.org/products/ansi-isa-62443-3-3-99-03-03-2013-security-for-indu">SR 1.7</reference>
              <reference href="https://www.isa.org/products/ansi-isa-62443-3-3-99-03-03-2013-security-for-indu">SR 1.8</reference>
              <reference href="https://www.isa.org/products/ansi-isa-62443-3-3-99-03-03-2013-security-for-indu">SR 1.9</reference>
              <reference href="https://www.isa.org/products/ansi-isa-62443-3-3-99-03-03-2013-security-for-indu">SR 2.1</reference>
              <reference href="https://www.cyber.gov.au/acsc/view-all-content/ism">0421</reference>
              <reference href="https://www.cyber.gov.au/acsc/view-all-content/ism">0422</reference>
              <reference href="https://www.cyber.gov.au/acsc/view-all-content/ism">0431</reference>
              <reference href="https://www.cyber.gov.au/acsc/view-all-content/ism">0974</reference>
              <reference href="https://www.cyber.gov.au/acsc/view-all-content/ism">1173</reference>
              <reference href="https://www.cyber.gov.au/acsc/view-all-content/ism">1401</reference>
              <reference href="https://www.cyber.gov.au/acsc/view-all-content/ism">1504</reference>
              <reference href="https://www.cyber.gov.au/acsc/view-all-content/ism">1505</reference>
              <reference href="https://www.cyber.gov.au/acsc/view-all-content/ism">1546</reference>
              <reference href="https://www.cyber.gov.au/acsc/view-all-content/ism">1557</reference>
              <reference href="https://www.cyber.gov.au/acsc/view-all-content/ism">1558</reference>
              <reference href="https://www.cyber.gov.au/acsc/view-all-content/ism">1559</reference>
              <reference href="https://www.cyber.gov.au/acsc/view-all-content/ism">1560</reference>
              <reference href="https://www.cyber.gov.au/acsc/view-all-content/ism">1561</reference>
              <reference href="https://www.iso.org/contents/data/standard/05/45/54534.html">A.18.1.4</reference>
              <reference href="https://www.iso.org/contents/data/standard/05/45/54534.html">A.7.1.1</reference>
              <reference href="https://www.iso.org/contents/data/standard/05/45/54534.html">A.9.2.1</reference>
              <reference href="https://www.iso.org/contents/data/standard/05/45/54534.html">A.9.2.2</reference>
              <reference href="https://www.iso.org/contents/data/standard/05/45/54534.html">A.9.2.3</reference>
              <reference href="https://www.iso.org/contents/data/standard/05/45/54534.html">A.9.2.4</reference>
              <reference href="https://www.iso.org/contents/data/standard/05/45/54534.html">A.9.2.6</reference>
              <reference href="https://www.iso.org/contents/data/standard/05/45/54534.html">A.9.3.1</reference>
              <reference href="https://www.iso.org/contents/data/standard/05/45/54534.html">A.9.4.2</reference>
              <reference href="https://www.iso.org/contents/data/standard/05/45/54534.html">A.9.4.3</reference>
              <reference href="http://nvlpubs.nist.gov/nistpubs/SpecialPublications/NIST.SP.800-53r4.pdf">IA-5(c)</reference>
              <reference href="http://nvlpubs.nist.gov/nistpubs/SpecialPublications/NIST.SP.800-53r4.pdf">IA-5(1)(a)</reference>
              <reference href="http://nvlpubs.nist.gov/nistpubs/SpecialPublications/NIST.SP.800-53r4.pdf">CM-6(a)</reference>
              <reference href="http://nvlpubs.nist.gov/nistpubs/SpecialPublications/NIST.SP.800-53r4.pdf">IA-5(4)</reference>
              <reference href="https://nvlpubs.nist.gov/nistpubs/CSWP/NIST.CSWP.04162018.pdf">PR.AC-1</reference>
              <reference href="https://nvlpubs.nist.gov/nistpubs/CSWP/NIST.CSWP.04162018.pdf">PR.AC-6</reference>
              <reference href="https://nvlpubs.nist.gov/nistpubs/CSWP/NIST.CSWP.04162018.pdf">PR.AC-7</reference>
              <reference href="https://www.niap-ccevs.org/Profile/PP.cfm">FMT_SMF_EXT.1</reference>
              <reference href="https://www.pcisecuritystandards.org/documents/PCI_DSS_v3-2-1.pdf">Req-8.2.3</reference>
              <reference href="https://public.cyber.mil/stigs/downloads/?_dl_facet_stigs=operating-systems%2Cgeneral-purpose-os">SRG-OS-000069-GPOS-00037</reference>
              <reference href="https://public.cyber.mil/stigs/downloads/?_dl_facet_stigs=operating-systems%2Cgeneral-purpose-os">SRG-OS-000070-GPOS-00038</reference>
              <reference href="https://cyber.gouv.fr/sites/default/files/document/linux_configuration-en-v2.pdf">R31</reference>
              <reference href="https://www.cisecurity.org/benchmark/ubuntu_linux/">5.3.3.2.3</reference>
              <rationale xmlns:xhtml="http://www.w3.org/1999/xhtml" xml:lang="en-US">Use of a complex password helps to increase the time and resources required to compromise the password.
Password complexity, or strength, is a measure of the effectiveness of a password in resisting attempts
at guessing and brute-force attacks.
<html:br xmlns:html="http://www.w3.org/1999/xhtml"/>
          <html:br xmlns:html="http://www.w3.org/1999/xhtml"/>
Password complexity is one factor of several that determines how long it takes to crack a password. The more
complex the password, the greater the number of possible combinations that need to be tested before
the password is compromised.</rationale>
              <platform idref="#package_pam"/>
              <fix xmlns:xhtml="http://www.w3.org/1999/xhtml" id="accounts_password_pam_ucredit" system="urn:xccdf:fix:script:ansible" complexity="low" disruption="low" strategy="restrict">- name: Gather the package facts
  package_facts:
    manager: auto
  tags:
  - NIST-800-53-CM-6(a)
  - NIST-800-53-IA-5(1)(a)
  - NIST-800-53-IA-5(4)
  - NIST-800-53-IA-5(c)
  - PCI-DSS-Req-8.2.3
  - accounts_password_pam_ucredit
  - low_complexity
  - low_disruption
  - medium_severity
  - no_reboot_needed
  - restrict_strategy
- name: XCCDF Value var_password_pam_ucredit # promote to variable
  set_fact:
    var_password_pam_ucredit: !!str <xccdf-1.2:sub xmlns:xccdf-1.2="http://checklists.nist.gov/xccdf/1.2" idref="xccdf_org.ssgproject.content_value_var_password_pam_ucredit" use="legacy"/>
  tags:
    - always

- name: Ensure PAM Enforces Password Requirements - Minimum Uppercase Characters -
    Check if system relies on pam-auth-update tool
  ansible.builtin.stat:
    path: /usr/sbin/pam-auth-update
  register: result_pam_auth_update_present
  when: '"libpam-runtime" in ansible_facts.packages'
  tags:
  - NIST-800-53-CM-6(a)
  - NIST-800-53-IA-5(1)(a)
  - NIST-800-53-IA-5(4)
  - NIST-800-53-IA-5(c)
  - PCI-DSS-Req-8.2.3
  - accounts_password_pam_ucredit
  - low_complexity
  - low_disruption
  - medium_severity
  - no_reboot_needed
  - restrict_strategy

- name: Ensure PAM Enforces Password Requirements - Minimum Uppercase Characters -
    Remediation where pam-auth-update tool is present
  block:

  - name: Check if /usr/share/pam-configs/cac_pwquality exists
    stat:
      path: /usr/share/pam-configs/cac_pwquality
    register: pwquality_file_stat

  - name: Put the content into /usr/share/pam-configs/cac_pwquality if it does not
      exist
    copy:
      dest: /usr/share/pam-configs/cac_pwquality
      content: |
        Name: Pwquality password strength checking
        Default: yes
        Priority: 1024
        Conflicts: cracklib
        Password-Type: Primary
        Password:
          requisite           pam_pwquality.so retry=3
      force: true
    when: not pwquality_file_stat.stat.exists

  - name: Ensure PAM Enforces Password Requirements - Minimum Uppercase Characters
      - Ensure pam-auth-update profile changes are applied
    ansible.builtin.command:
      cmd: pam-auth-update --enable cac_pwquality
  when:
  - '"libpam-runtime" in ansible_facts.packages'
  - result_pam_auth_update_present.stat.exists
  tags:
  - NIST-800-53-CM-6(a)
  - NIST-800-53-IA-5(1)(a)
  - NIST-800-53-IA-5(4)
  - NIST-800-53-IA-5(c)
  - PCI-DSS-Req-8.2.3
  - accounts_password_pam_ucredit
  - low_complexity
  - low_disruption
  - medium_severity
  - no_reboot_needed
  - restrict_strategy

- name: Ensure PAM Enforces Password Requirements - Minimum Uppercase Characters -
    Ensure PAM variable ucredit is set accordingly
  ansible.builtin.lineinfile:
    create: true
    dest: /etc/security/pwquality.conf
    regexp: ^#?\s*ucredit
    line: ucredit = {{ var_password_pam_ucredit }}
  when: '"libpam-runtime" in ansible_facts.packages'
  tags:
  - NIST-800-53-CM-6(a)
  - NIST-800-53-IA-5(1)(a)
  - NIST-800-53-IA-5(4)
  - NIST-800-53-IA-5(c)
  - PCI-DSS-Req-8.2.3
  - accounts_password_pam_ucredit
  - low_complexity
  - low_disruption
  - medium_severity
  - no_reboot_needed
  - restrict_strategy
</fix>
              <fix xmlns:xhtml="http://www.w3.org/1999/xhtml" id="accounts_password_pam_ucredit" system="urn:xccdf:fix:script:sh" complexity="low" disruption="low" strategy="restrict"># Remediation is applicable only in certain platforms
if dpkg-query --show --showformat='${db:Status-Status}\n' 'libpam-runtime' 2&gt;/dev/null | grep -q '^installed'; then

var_password_pam_ucredit='<xccdf-1.2:sub xmlns:xccdf-1.2="http://checklists.nist.gov/xccdf/1.2" idref="xccdf_org.ssgproject.content_value_var_password_pam_ucredit" use="legacy"/>'







conf_name=cac_pwquality
if [ ! -f /usr/share/pam-configs/"$conf_name" ]; then
    cat &lt;&lt; EOF &gt; /usr/share/pam-configs/"$conf_name"
Name: Pwquality password strength checking
Default: yes
Priority: 1025
Conflicts: cracklib, pwquality
Password-Type: Primary
Password:
    requisite                   pam_pwquality.so
EOF
fi

DEBIAN_FRONTEND=noninteractive pam-auth-update


# Strip any search characters in the key arg so that the key can be replaced without
# adding any search characters to the config file.
stripped_key=$(sed 's/[\^=\$,;+]*//g' &lt;&lt;&lt; "^ucredit")

# shellcheck disable=SC2059
printf -v formatted_output "%s = %s" "$stripped_key" "$var_password_pam_ucredit"

# If the key exists, change it. Otherwise, add it to the config_file.
# We search for the key string followed by a word boundary (matched by \&gt;),
# so if we search for 'setting', 'setting2' won't match.
if LC_ALL=C grep -q -m 1 -i -e "^ucredit\\&gt;" "/etc/security/pwquality.conf"; then
    escaped_formatted_output=$(sed -e 's|/|\\/|g' &lt;&lt;&lt; "$formatted_output")
    LC_ALL=C sed -i --follow-symlinks "s/^ucredit\\&gt;.*/$escaped_formatted_output/gi" "/etc/security/pwquality.conf"
else
    if [[ -s "/etc/security/pwquality.conf" ]] &amp;&amp; [[ -n "$(tail -c 1 -- "/etc/security/pwquality.conf" || true)" ]]; then
        LC_ALL=C sed -i --follow-symlinks '$a'\\ "/etc/security/pwquality.conf"
    fi
    printf '%s\n' "$formatted_output" &gt;&gt; "/etc/security/pwquality.conf"
fi

else
    &gt;&amp;2 echo 'Remediation is not applicable, nothing was done'
fi
</fix>
              <check system="http://oval.mitre.org/XMLSchema/oval-definitions-5">
                <check-export export-name="oval:ssg-var_password_pam_ucredit:var:1" value-id="xccdf_org.ssgproject.content_value_var_password_pam_ucredit"/>
                <check-content-ref name="oval:ssg-accounts_password_pam_ucredit:def:1" href="ssg-ubuntu2404-oval.xml"/>
              </check>
              <check system="http://scap.nist.gov/schema/ocil/2">
                <check-content-ref name="ocil:ssg-accounts_password_pam_ucredit_ocil:questionnaire:1" href="ssg-ubuntu2404-ocil.xml"/>
              </check>
            </Rule>
          </Group>
        </Group>
        <Group id="xccdf_org.ssgproject.content_group_set_password_hashing_algorithm">
          <title xmlns:xhtml="http://www.w3.org/1999/xhtml" xml:lang="en-US">Set Password Hashing Algorithm</title>
          <description xmlns:xhtml="http://www.w3.org/1999/xhtml" xml:lang="en-US">The system's default algorithm for storing password hashes in
<html:code xmlns:html="http://www.w3.org/1999/xhtml">/etc/shadow</html:code> is SHA-512. This can be configured in several
locations.</description>
          <Rule id="xccdf_org.ssgproject.content_rule_set_password_hashing_algorithm_logindefs" selected="false" role="full" severity="medium">
            <title xmlns:xhtml="http://www.w3.org/1999/xhtml" xml:lang="en-US">Set Password Hashing Algorithm in /etc/login.defs</title>
            <description xmlns:xhtml="http://www.w3.org/1999/xhtml" xml:lang="en-US">In <html:code xmlns:html="http://www.w3.org/1999/xhtml">/etc/login.defs</html:code>, add or update the following line to ensure the system will use
<xccdf-1.2:sub xmlns:xccdf-1.2="http://checklists.nist.gov/xccdf/1.2" idref="xccdf_org.ssgproject.content_value_var_password_hashing_algorithm" use="legacy"/> as the hashing algorithm:
<html:pre xmlns:html="http://www.w3.org/1999/xhtml" xmlns:xccdf-1.2="http://checklists.nist.gov/xccdf/1.2">ENCRYPT_METHOD <xccdf-1.2:sub idref="xccdf_org.ssgproject.content_value_var_password_hashing_algorithm" use="legacy"/>
         </html:pre>
        </description>
            <reference href="https://www.cisecurity.org/controls/">1</reference>
            <reference href="https://www.cisecurity.org/controls/">12</reference>
            <reference href="https://www.cisecurity.org/controls/">15</reference>
            <reference href="https://www.cisecurity.org/controls/">16</reference>
            <reference href="https://www.cisecurity.org/controls/">5</reference>
            <reference href="https://www.fbi.gov/file-repository/cjis-security-policy-v5_5_20160601-2-1.pdf">5.6.2.2</reference>
            <reference href="https://www.isaca.org/resources/cobit">DSS05.04</reference>
            <reference href="https://www.isaca.org/resources/cobit">DSS05.05</reference>
            <reference href="https://www.isaca.org/resources/cobit">DSS05.07</reference>
            <reference href="https://www.isaca.org/resources/cobit">DSS05.10</reference>
            <reference href="https://www.isaca.org/resources/cobit">DSS06.03</reference>
            <reference href="https://www.isaca.org/resources/cobit">DSS06.10</reference>
            <reference href="http://nvlpubs.nist.gov/nistpubs/SpecialPublications/NIST.SP.800-171.pdf">3.13.11</reference>
            <reference href="https://public.cyber.mil/stigs/cci/">CCI-004062</reference>
            <reference href="https://www.isa.org/products/isa-62443-2-1-2009-security-for-industrial-automat">4.3.3.2.2</reference>
            <reference href="https://www.isa.org/products/isa-62443-2-1-2009-security-for-industrial-automat">4.3.3.5.1</reference>
            <reference href="https://www.isa.org/products/isa-62443-2-1-2009-security-for-industrial-automat">4.3.3.5.2</reference>
            <reference href="https://www.isa.org/products/isa-62443-2-1-2009-security-for-industrial-automat">4.3.3.6.1</reference>
            <reference href="https://www.isa.org/products/isa-62443-2-1-2009-security-for-industrial-automat">4.3.3.6.2</reference>
            <reference href="https://www.isa.org/products/isa-62443-2-1-2009-security-for-industrial-automat">4.3.3.6.3</reference>
            <reference href="https://www.isa.org/products/isa-62443-2-1-2009-security-for-industrial-automat">4.3.3.6.4</reference>
            <reference href="https://www.isa.org/products/isa-62443-2-1-2009-security-for-industrial-automat">4.3.3.6.5</reference>
            <reference href="https://www.isa.org/products/isa-62443-2-1-2009-security-for-industrial-automat">4.3.3.6.6</reference>
            <reference href="https://www.isa.org/products/isa-62443-2-1-2009-security-for-industrial-automat">4.3.3.6.7</reference>
            <reference href="https://www.isa.org/products/isa-62443-2-1-2009-security-for-industrial-automat">4.3.3.6.8</reference>
            <reference href="https://www.isa.org/products/isa-62443-2-1-2009-security-for-industrial-automat">4.3.3.6.9</reference>
            <reference href="https://www.isa.org/products/isa-62443-2-1-2009-security-for-industrial-automat">4.3.3.7.2</reference>
            <reference href="https://www.isa.org/products/isa-62443-2-1-2009-security-for-industrial-automat">4.3.3.7.4</reference>
            <reference href="https://www.isa.org/products/ansi-isa-62443-3-3-99-03-03-2013-security-for-indu">SR 1.1</reference>
            <reference href="https://www.isa.org/products/ansi-isa-62443-3-3-99-03-03-2013-security-for-indu">SR 1.10</reference>
            <reference href="https://www.isa.org/products/ansi-isa-62443-3-3-99-03-03-2013-security-for-indu">SR 1.2</reference>
            <reference href="https://www.isa.org/products/ansi-isa-62443-3-3-99-03-03-2013-security-for-indu">SR 1.3</reference>
            <reference href="https://www.isa.org/products/ansi-isa-62443-3-3-99-03-03-2013-security-for-indu">SR 1.4</reference>
            <reference href="https://www.isa.org/products/ansi-isa-62443-3-3-99-03-03-2013-security-for-indu">SR 1.5</reference>
            <reference href="https://www.isa.org/products/ansi-isa-62443-3-3-99-03-03-2013-security-for-indu">SR 1.7</reference>
            <reference href="https://www.isa.org/products/ansi-isa-62443-3-3-99-03-03-2013-security-for-indu">SR 1.8</reference>
            <reference href="https://www.isa.org/products/ansi-isa-62443-3-3-99-03-03-2013-security-for-indu">SR 1.9</reference>
            <reference href="https://www.isa.org/products/ansi-isa-62443-3-3-99-03-03-2013-security-for-indu">SR 2.1</reference>
            <reference href="https://www.cyber.gov.au/acsc/view-all-content/ism">0418</reference>
            <reference href="https://www.cyber.gov.au/acsc/view-all-content/ism">1055</reference>
            <reference href="https://www.cyber.gov.au/acsc/view-all-content/ism">1402</reference>
            <reference href="https://www.iso.org/contents/data/standard/05/45/54534.html">A.18.1.4</reference>
            <reference href="https://www.iso.org/contents/data/standard/05/45/54534.html">A.7.1.1</reference>
            <reference href="https://www.iso.org/contents/data/standard/05/45/54534.html">A.9.2.1</reference>
            <reference href="https://www.iso.org/contents/data/standard/05/45/54534.html">A.9.2.2</reference>
            <reference href="https://www.iso.org/contents/data/standard/05/45/54534.html">A.9.2.3</reference>
            <reference href="https://www.iso.org/contents/data/standard/05/45/54534.html">A.9.2.4</reference>
            <reference href="https://www.iso.org/contents/data/standard/05/45/54534.html">A.9.2.6</reference>
            <reference href="https://www.iso.org/contents/data/standard/05/45/54534.html">A.9.3.1</reference>
            <reference href="https://www.iso.org/contents/data/standard/05/45/54534.html">A.9.4.2</reference>
            <reference href="https://www.iso.org/contents/data/standard/05/45/54534.html">A.9.4.3</reference>
            <reference href="http://nvlpubs.nist.gov/nistpubs/SpecialPublications/NIST.SP.800-53r4.pdf">IA-5(c)</reference>
            <reference href="http://nvlpubs.nist.gov/nistpubs/SpecialPublications/NIST.SP.800-53r4.pdf">IA-5(1)(c)</reference>
            <reference href="http://nvlpubs.nist.gov/nistpubs/SpecialPublications/NIST.SP.800-53r4.pdf">CM-6(a)</reference>
            <reference href="https://nvlpubs.nist.gov/nistpubs/CSWP/NIST.CSWP.04162018.pdf">PR.AC-1</reference>
            <reference href="https://nvlpubs.nist.gov/nistpubs/CSWP/NIST.CSWP.04162018.pdf">PR.AC-6</reference>
            <reference href="https://nvlpubs.nist.gov/nistpubs/CSWP/NIST.CSWP.04162018.pdf">PR.AC-7</reference>
            <reference href="https://www.pcisecuritystandards.org/documents/PCI_DSS_v3-2-1.pdf">Req-8.2.1</reference>
            <reference href="https://public.cyber.mil/stigs/downloads/?_dl_facet_stigs=operating-systems%2Cgeneral-purpose-os">SRG-OS-000073-GPOS-00041</reference>
            <reference href="https://www.cisecurity.org/benchmark/ubuntu_linux/">5.4.1.4</reference>
            <reference href="https://docs-prv.pcisecuritystandards.org/PCI%20DSS/Standard/PCI-DSS-v4_0.pdf">8.3.2</reference>
            <reference href="https://docs-prv.pcisecuritystandards.org/PCI%20DSS/Standard/PCI-DSS-v4_0.pdf">8.3</reference>
            <rationale xmlns:xhtml="http://www.w3.org/1999/xhtml" xml:lang="en-US">Passwords need to be protected at all times, and encryption is the standard method for
protecting passwords. If passwords are not encrypted, they can be plainly read
(i.e., clear text) and easily compromised. Passwords that are encrypted with a weak algorithm
are no more protected than if they are kept in plain text.
<html:br xmlns:html="http://www.w3.org/1999/xhtml"/>
         <html:br xmlns:html="http://www.w3.org/1999/xhtml"/>
Using a stronger hashing algorithm makes password cracking attacks more difficult.</rationale>
            <platform idref="#package_shadow-utils"/>
            <fix xmlns:xhtml="http://www.w3.org/1999/xhtml" id="set_password_hashing_algorithm_logindefs" system="urn:xccdf:fix:script:sh"># Remediation is applicable only in certain platforms
if dpkg-query --show --showformat='${db:Status-Status}\n' 'login' 2&gt;/dev/null | grep -q '^installed'; then

var_password_hashing_algorithm='<xccdf-1.2:sub xmlns:xccdf-1.2="http://checklists.nist.gov/xccdf/1.2" idref="xccdf_org.ssgproject.content_value_var_password_hashing_algorithm" use="legacy"/>'


# Allow multiple algorithms, but choose the first one for remediation
#
var_password_hashing_algorithm="$(echo $var_password_hashing_algorithm | cut -d \| -f 1)"

# Strip any search characters in the key arg so that the key can be replaced without
# adding any search characters to the config file.
stripped_key=$(sed 's/[\^=\$,;+]*//g' &lt;&lt;&lt; "^ENCRYPT_METHOD")

# shellcheck disable=SC2059
printf -v formatted_output "%s %s" "$stripped_key" "$var_password_hashing_algorithm"

# If the key exists, change it. Otherwise, add it to the config_file.
# We search for the key string followed by a word boundary (matched by \&gt;),
# so if we search for 'setting', 'setting2' won't match.
if LC_ALL=C grep -q -m 1 -i -e "^ENCRYPT_METHOD\\&gt;" "/etc/login.defs"; then
    escaped_formatted_output=$(sed -e 's|/|\\/|g' &lt;&lt;&lt; "$formatted_output")
    LC_ALL=C sed -i --follow-symlinks "s/^ENCRYPT_METHOD\\&gt;.*/$escaped_formatted_output/gi" "/etc/login.defs"
else
    if [[ -s "/etc/login.defs" ]] &amp;&amp; [[ -n "$(tail -c 1 -- "/etc/login.defs" || true)" ]]; then
        LC_ALL=C sed -i --follow-symlinks '$a'\\ "/etc/login.defs"
    fi
    printf '%s\n' "$formatted_output" &gt;&gt; "/etc/login.defs"
fi

else
    &gt;&amp;2 echo 'Remediation is not applicable, nothing was done'
fi
</fix>
            <check system="http://oval.mitre.org/XMLSchema/oval-definitions-5">
              <check-export export-name="oval:ssg-var_password_hashing_algorithm:var:1" value-id="xccdf_org.ssgproject.content_value_var_password_hashing_algorithm"/>
              <check-content-ref name="oval:ssg-set_password_hashing_algorithm_logindefs:def:1" href="ssg-ubuntu2404-oval.xml"/>
            </check>
            <check system="http://scap.nist.gov/schema/ocil/2">
              <check-content-ref name="ocil:ssg-set_password_hashing_algorithm_logindefs_ocil:questionnaire:1" href="ssg-ubuntu2404-ocil.xml"/>
            </check>
          </Rule>
          <Rule id="xccdf_org.ssgproject.content_rule_set_password_hashing_algorithm_systemauth" selected="false" role="full" severity="medium">
            <title xmlns:xhtml="http://www.w3.org/1999/xhtml" xml:lang="en-US">Set PAM''s Password Hashing Algorithm</title>
            <description xmlns:xhtml="http://www.w3.org/1999/xhtml" xml:lang="en-US">The PAM system service can be configured to only store encrypted representations of passwords.
In "/etc/pam.d/common-password", the <html:code xmlns:html="http://www.w3.org/1999/xhtml">password</html:code> section of the file controls which
PAM modules to execute during a password change.

Set the <html:code xmlns:html="http://www.w3.org/1999/xhtml">pam_unix.so</html:code> module in the <html:code xmlns:html="http://www.w3.org/1999/xhtml">password</html:code> section to include the option
<html:code xmlns:html="http://www.w3.org/1999/xhtml" xmlns:xccdf-1.2="http://checklists.nist.gov/xccdf/1.2"><xccdf-1.2:sub idref="xccdf_org.ssgproject.content_value_var_password_hashing_algorithm_pam" use="legacy"/></html:code> and no other hashing
algorithms as shown below:
<html:br xmlns:html="http://www.w3.org/1999/xhtml"/>
         <html:pre xmlns:html="http://www.w3.org/1999/xhtml" xmlns:xccdf-1.2="http://checklists.nist.gov/xccdf/1.2">password    [success=1 default=ignore]   pam_unix.so <xccdf-1.2:sub idref="xccdf_org.ssgproject.content_value_var_password_hashing_algorithm_pam" use="legacy"/>
          <html:i>other arguments...</html:i>
         </html:pre>
         <html:br xmlns:html="http://www.w3.org/1999/xhtml"/>
This will help ensure that new passwords for local users will be stored using the
<xccdf-1.2:sub xmlns:xccdf-1.2="http://checklists.nist.gov/xccdf/1.2" idref="xccdf_org.ssgproject.content_value_var_password_hashing_algorithm_pam" use="legacy"/> algorithm.</description>
            <warning xmlns:xhtml="http://www.w3.org/1999/xhtml" xml:lang="en-US" category="general">The hashing algorithms to be used with pam_unix.so are defined with independent module
options. There are at least 7 possible algorithms and likely more algorithms will be
introduced along the time. Due the the number of options and its possible combinations,
the use of multiple hashing algorithm options may bring unexpected behaviors to the
system. For this reason the check will pass only when one hashing algorithm option is
defined and is aligned to the "var_password_hashing_algorithm_pam" variable. The
remediation will ensure the correct option and remove any other extra hashing algorithm
option.</warning>
            <reference href="https://www.cisecurity.org/controls/">1</reference>
            <reference href="https://www.cisecurity.org/controls/">12</reference>
            <reference href="https://www.cisecurity.org/controls/">15</reference>
            <reference href="https://www.cisecurity.org/controls/">16</reference>
            <reference href="https://www.cisecurity.org/controls/">5</reference>
            <reference href="https://www.fbi.gov/file-repository/cjis-security-policy-v5_5_20160601-2-1.pdf">5.6.2.2</reference>
            <reference href="https://www.isaca.org/resources/cobit">DSS05.04</reference>
            <reference href="https://www.isaca.org/resources/cobit">DSS05.05</reference>
            <reference href="https://www.isaca.org/resources/cobit">DSS05.07</reference>
            <reference href="https://www.isaca.org/resources/cobit">DSS05.10</reference>
            <reference href="https://www.isaca.org/resources/cobit">DSS06.03</reference>
            <reference href="https://www.isaca.org/resources/cobit">DSS06.10</reference>
            <reference href="http://nvlpubs.nist.gov/nistpubs/SpecialPublications/NIST.SP.800-171.pdf">3.13.11</reference>
            <reference href="https://public.cyber.mil/stigs/cci/">CCI-000196</reference>
            <reference href="https://public.cyber.mil/stigs/cci/">CCI-000803</reference>
            <reference href="https://public.cyber.mil/stigs/cci/">CCI-004062</reference>
            <reference href="https://www.isa.org/products/isa-62443-2-1-2009-security-for-industrial-automat">4.3.3.2.2</reference>
            <reference href="https://www.isa.org/products/isa-62443-2-1-2009-security-for-industrial-automat">4.3.3.5.1</reference>
            <reference href="https://www.isa.org/products/isa-62443-2-1-2009-security-for-industrial-automat">4.3.3.5.2</reference>
            <reference href="https://www.isa.org/products/isa-62443-2-1-2009-security-for-industrial-automat">4.3.3.6.1</reference>
            <reference href="https://www.isa.org/products/isa-62443-2-1-2009-security-for-industrial-automat">4.3.3.6.2</reference>
            <reference href="https://www.isa.org/products/isa-62443-2-1-2009-security-for-industrial-automat">4.3.3.6.3</reference>
            <reference href="https://www.isa.org/products/isa-62443-2-1-2009-security-for-industrial-automat">4.3.3.6.4</reference>
            <reference href="https://www.isa.org/products/isa-62443-2-1-2009-security-for-industrial-automat">4.3.3.6.5</reference>
            <reference href="https://www.isa.org/products/isa-62443-2-1-2009-security-for-industrial-automat">4.3.3.6.6</reference>
            <reference href="https://www.isa.org/products/isa-62443-2-1-2009-security-for-industrial-automat">4.3.3.6.7</reference>
            <reference href="https://www.isa.org/products/isa-62443-2-1-2009-security-for-industrial-automat">4.3.3.6.8</reference>
            <reference href="https://www.isa.org/products/isa-62443-2-1-2009-security-for-industrial-automat">4.3.3.6.9</reference>
            <reference href="https://www.isa.org/products/isa-62443-2-1-2009-security-for-industrial-automat">4.3.3.7.2</reference>
            <reference href="https://www.isa.org/products/isa-62443-2-1-2009-security-for-industrial-automat">4.3.3.7.4</reference>
            <reference href="https://www.isa.org/products/ansi-isa-62443-3-3-99-03-03-2013-security-for-indu">SR 1.1</reference>
            <reference href="https://www.isa.org/products/ansi-isa-62443-3-3-99-03-03-2013-security-for-indu">SR 1.10</reference>
            <reference href="https://www.isa.org/products/ansi-isa-62443-3-3-99-03-03-2013-security-for-indu">SR 1.2</reference>
            <reference href="https://www.isa.org/products/ansi-isa-62443-3-3-99-03-03-2013-security-for-indu">SR 1.3</reference>
            <reference href="https://www.isa.org/products/ansi-isa-62443-3-3-99-03-03-2013-security-for-indu">SR 1.4</reference>
            <reference href="https://www.isa.org/products/ansi-isa-62443-3-3-99-03-03-2013-security-for-indu">SR 1.5</reference>
            <reference href="https://www.isa.org/products/ansi-isa-62443-3-3-99-03-03-2013-security-for-indu">SR 1.7</reference>
            <reference href="https://www.isa.org/products/ansi-isa-62443-3-3-99-03-03-2013-security-for-indu">SR 1.8</reference>
            <reference href="https://www.isa.org/products/ansi-isa-62443-3-3-99-03-03-2013-security-for-indu">SR 1.9</reference>
            <reference href="https://www.isa.org/products/ansi-isa-62443-3-3-99-03-03-2013-security-for-indu">SR 2.1</reference>
            <reference href="https://www.cyber.gov.au/acsc/view-all-content/ism">0418</reference>
            <reference href="https://www.cyber.gov.au/acsc/view-all-content/ism">1055</reference>
            <reference href="https://www.cyber.gov.au/acsc/view-all-content/ism">1402</reference>
            <reference href="https://www.iso.org/contents/data/standard/05/45/54534.html">A.18.1.4</reference>
            <reference href="https://www.iso.org/contents/data/standard/05/45/54534.html">A.7.1.1</reference>
            <reference href="https://www.iso.org/contents/data/standard/05/45/54534.html">A.9.2.1</reference>
            <reference href="https://www.iso.org/contents/data/standard/05/45/54534.html">A.9.2.2</reference>
            <reference href="https://www.iso.org/contents/data/standard/05/45/54534.html">A.9.2.3</reference>
            <reference href="https://www.iso.org/contents/data/standard/05/45/54534.html">A.9.2.4</reference>
            <reference href="https://www.iso.org/contents/data/standard/05/45/54534.html">A.9.2.6</reference>
            <reference href="https://www.iso.org/contents/data/standard/05/45/54534.html">A.9.3.1</reference>
            <reference href="https://www.iso.org/contents/data/standard/05/45/54534.html">A.9.4.2</reference>
            <reference href="https://www.iso.org/contents/data/standard/05/45/54534.html">A.9.4.3</reference>
            <reference href="http://nvlpubs.nist.gov/nistpubs/SpecialPublications/NIST.SP.800-53r4.pdf">IA-5(c)</reference>
            <reference href="http://nvlpubs.nist.gov/nistpubs/SpecialPublications/NIST.SP.800-53r4.pdf">IA-5(1)(c)</reference>
            <reference href="http://nvlpubs.nist.gov/nistpubs/SpecialPublications/NIST.SP.800-53r4.pdf">CM-6(a)</reference>
            <reference href="https://nvlpubs.nist.gov/nistpubs/CSWP/NIST.CSWP.04162018.pdf">PR.AC-1</reference>
            <reference href="https://nvlpubs.nist.gov/nistpubs/CSWP/NIST.CSWP.04162018.pdf">PR.AC-6</reference>
            <reference href="https://nvlpubs.nist.gov/nistpubs/CSWP/NIST.CSWP.04162018.pdf">PR.AC-7</reference>
            <reference href="https://www.pcisecuritystandards.org/documents/PCI_DSS_v3-2-1.pdf">Req-8.2.1</reference>
            <reference href="https://public.cyber.mil/stigs/downloads/?_dl_facet_stigs=operating-systems%2Cgeneral-purpose-os">SRG-OS-000073-GPOS-00041</reference>
            <reference href="https://public.cyber.mil/stigs/downloads/?_dl_facet_stigs=operating-systems%2Cgeneral-purpose-os">SRG-OS-000120-GPOS-00061</reference>
            <reference href="https://cyber.gouv.fr/sites/default/files/document/linux_configuration-en-v2.pdf">R68</reference>
            <reference href="https://www.cisecurity.org/benchmark/ubuntu_linux/">5.3.3.4.3</reference>
            <reference href="https://docs-prv.pcisecuritystandards.org/PCI%20DSS/Standard/PCI-DSS-v4_0.pdf">8.3.2</reference>
            <reference href="https://docs-prv.pcisecuritystandards.org/PCI%20DSS/Standard/PCI-DSS-v4_0.pdf">8.3</reference>
            <rationale xmlns:xhtml="http://www.w3.org/1999/xhtml" xml:lang="en-US">Passwords need to be protected at all times, and encryption is the standard method for
protecting passwords. If passwords are not encrypted, they can be plainly read
(i.e., clear text) and easily compromised. Passwords that are encrypted with a weak algorithm
are no more protected than if they are kept in plain text.
<html:br xmlns:html="http://www.w3.org/1999/xhtml"/>
         <html:br xmlns:html="http://www.w3.org/1999/xhtml"/>
This setting ensures user and group account administration utilities are configured to store
only encrypted representations of passwords. Additionally, the <html:code xmlns:html="http://www.w3.org/1999/xhtml">crypt_style</html:code>
configuration option in <html:code xmlns:html="http://www.w3.org/1999/xhtml">/etc/libuser.conf</html:code> ensures the use of a strong hashing
algorithm that makes password cracking attacks more difficult.</rationale>
            <platform idref="#package_pam"/>
            <fix xmlns:xhtml="http://www.w3.org/1999/xhtml" id="set_password_hashing_algorithm_systemauth" system="urn:xccdf:fix:script:ansible" complexity="low" disruption="medium" strategy="configure">- name: Gather the package facts
  package_facts:
    manager: auto
  tags:
  - CJIS-5.6.2.2
  - NIST-800-171-3.13.11
  - NIST-800-53-CM-6(a)
  - NIST-800-53-IA-5(1)(c)
  - NIST-800-53-IA-5(c)
  - PCI-DSS-Req-8.2.1
  - PCI-DSSv4-8.3
  - PCI-DSSv4-8.3.2
  - configure_strategy
  - low_complexity
  - medium_disruption
  - medium_severity
  - no_reboot_needed
  - set_password_hashing_algorithm_systemauth
- name: XCCDF Value var_password_hashing_algorithm_pam # promote to variable
  set_fact:
    var_password_hashing_algorithm_pam: !!str <xccdf-1.2:sub xmlns:xccdf-1.2="http://checklists.nist.gov/xccdf/1.2" idref="xccdf_org.ssgproject.content_value_var_password_hashing_algorithm_pam" use="legacy"/>
  tags:
    - always

- name: Set PAM's Password Hashing Algorithm - Check if /etc/pam.d/system-auth file
    is present
  ansible.builtin.stat:
    path: /etc/pam.d/system-auth
  register: result_pam_file_present
  when: '"libpam-runtime" in ansible_facts.packages'
  tags:
  - CJIS-5.6.2.2
  - NIST-800-171-3.13.11
  - NIST-800-53-CM-6(a)
  - NIST-800-53-IA-5(1)(c)
  - NIST-800-53-IA-5(c)
  - PCI-DSS-Req-8.2.1
  - PCI-DSSv4-8.3
  - PCI-DSSv4-8.3.2
  - configure_strategy
  - low_complexity
  - medium_disruption
  - medium_severity
  - no_reboot_needed
  - set_password_hashing_algorithm_systemauth

- name: Set PAM's Password Hashing Algorithm - Check the proper remediation for the
    system
  block:

  - name: Set PAM's Password Hashing Algorithm - Define the PAM file to be edited
      as a local fact
    ansible.builtin.set_fact:
      pam_file_path: /etc/pam.d/system-auth

  - name: Set PAM's Password Hashing Algorithm - Check if system relies on authselect
      tool
    ansible.builtin.stat:
      path: /usr/bin/authselect
    register: result_authselect_present

  - name: Set PAM's Password Hashing Algorithm - Ensure authselect custom profile
      is used if authselect is present
    block:

    - name: Set PAM's Password Hashing Algorithm - Check integrity of authselect current
        profile
      ansible.builtin.command:
        cmd: authselect check
      register: result_authselect_check_cmd
      changed_when: false
      failed_when: false

    - name: Set PAM's Password Hashing Algorithm - Informative message based on the
        authselect integrity check result
      ansible.builtin.assert:
        that:
        - result_authselect_check_cmd.rc == 0
        fail_msg:
        - authselect integrity check failed. Remediation aborted!
        - This remediation could not be applied because an authselect profile was
          not selected or the selected profile is not intact.
        - It is not recommended to manually edit the PAM files when authselect tool
          is available.
        - In cases where the default authselect profile does not cover a specific
          demand, a custom authselect profile is recommended.
        success_msg:
        - authselect integrity check passed

    - name: Set PAM's Password Hashing Algorithm - Get authselect current profile
      ansible.builtin.shell:
        cmd: authselect current -r | awk '{ print $1 }'
      register: result_authselect_profile
      changed_when: false
      when:
      - result_authselect_check_cmd is success

    - name: Set PAM's Password Hashing Algorithm - Define the current authselect profile
        as a local fact
      ansible.builtin.set_fact:
        authselect_current_profile: '{{ result_authselect_profile.stdout }}'
        authselect_custom_profile: '{{ result_authselect_profile.stdout }}'
      when:
      - result_authselect_profile is not skipped
      - result_authselect_profile.stdout is match("custom/")

    - name: Set PAM's Password Hashing Algorithm - Define the new authselect custom
        profile as a local fact
      ansible.builtin.set_fact:
        authselect_current_profile: '{{ result_authselect_profile.stdout }}'
        authselect_custom_profile: custom/hardening
      when:
      - result_authselect_profile is not skipped
      - result_authselect_profile.stdout is not match("custom/")

    - name: Set PAM's Password Hashing Algorithm - Get authselect current features
        to also enable them in the custom profile
      ansible.builtin.shell:
        cmd: authselect current | tail -n+3 | awk '{ print $2 }'
      register: result_authselect_features
      changed_when: false
      when:
      - result_authselect_profile is not skipped
      - authselect_current_profile is not match("custom/")

    - name: Set PAM's Password Hashing Algorithm - Check if any custom profile with
        the same name was already created
      ansible.builtin.stat:
        path: /etc/authselect/{{ authselect_custom_profile }}
      register: result_authselect_custom_profile_present
      changed_when: false
      when:
      - authselect_current_profile is not match("custom/")

    - name: Set PAM's Password Hashing Algorithm - Create an authselect custom profile
        based on the current profile
      ansible.builtin.command:
        cmd: authselect create-profile hardening -b {{ authselect_current_profile
          }}
      when:
      - result_authselect_check_cmd is success
      - authselect_current_profile is not match("^(custom/|local)")
      - not result_authselect_custom_profile_present.stat.exists

    - name: Set PAM's Password Hashing Algorithm - Create an authselect custom profile
        based on sssd profile
      ansible.builtin.command:
        cmd: authselect create-profile hardening -b sssd
      when:
      - result_authselect_check_cmd is success
      - authselect_current_profile is match("local")
      - not result_authselect_custom_profile_present.stat.exists

    - name: Set PAM's Password Hashing Algorithm - Ensure authselect changes are applied
      ansible.builtin.command:
        cmd: authselect apply-changes -b --backup=before-hardening-custom-profile
      when:
      - result_authselect_check_cmd is success
      - result_authselect_profile is not skipped
      - authselect_current_profile is not match("custom/")
      - authselect_custom_profile is not match(authselect_current_profile)

    - name: Set PAM's Password Hashing Algorithm - Ensure the authselect custom profile
        is selected
      ansible.builtin.command:
        cmd: authselect select {{ authselect_custom_profile }}
      register: result_pam_authselect_select_profile
      when:
      - result_authselect_check_cmd is success
      - result_authselect_profile is not skipped
      - authselect_current_profile is not match("custom/")
      - authselect_custom_profile is not match(authselect_current_profile)

    - name: Set PAM's Password Hashing Algorithm - Restore the authselect features
        in the custom profile
      ansible.builtin.command:
        cmd: authselect enable-feature {{ item }}
      loop: '{{ result_authselect_features.stdout_lines }}'
      register: result_pam_authselect_restore_features
      when:
      - result_authselect_profile is not skipped
      - result_authselect_features is not skipped
      - result_pam_authselect_select_profile is not skipped

    - name: Set PAM's Password Hashing Algorithm - Ensure authselect changes are applied
      ansible.builtin.command:
        cmd: authselect apply-changes -b --backup=after-hardening-custom-profile
      when:
      - result_authselect_check_cmd is success
      - result_authselect_profile is not skipped
      - result_pam_authselect_restore_features is not skipped

    - name: Set PAM's Password Hashing Algorithm - Change the PAM file to be edited
        according to the custom authselect profile
      ansible.builtin.set_fact:
        pam_file_path: /etc/authselect/{{ authselect_custom_profile }}/{{ pam_file_path
          | basename }}
    when:
    - result_authselect_present.stat.exists

  - name: Set PAM's Password Hashing Algorithm - Define a fact for control already
      filtered in case filters are used
    ansible.builtin.set_fact:
      pam_module_control: sufficient

  - name: Set PAM's Password Hashing Algorithm - Check if expected PAM module line
      is present in {{ pam_file_path }}
    ansible.builtin.lineinfile:
      path: '{{ pam_file_path }}'
      regexp: ^\s*password\s+{{ pam_module_control | regex_escape() }}\s+pam_unix.so\s*.*
      state: absent
    check_mode: true
    changed_when: false
    register: result_pam_line_present

  - name: Set PAM's Password Hashing Algorithm - Include or update the PAM module
      line in {{ pam_file_path }}
    block:

    - name: Set PAM's Password Hashing Algorithm - Check if required PAM module line
        is present in {{ pam_file_path }} with different control
      ansible.builtin.lineinfile:
        path: '{{ pam_file_path }}'
        regexp: ^\s*password\s+.*\s+pam_unix.so\s*
        state: absent
      check_mode: true
      changed_when: false
      register: result_pam_line_other_control_present

    - name: Set PAM's Password Hashing Algorithm - Ensure the correct control for
        the required PAM module line in {{ pam_file_path }}
      ansible.builtin.replace:
        dest: '{{ pam_file_path }}'
        regexp: ^(\s*password\s+).*(\bpam_unix.so.*)
        replace: \1{{ pam_module_control }} \2
      register: result_pam_module_edit
      when:
      - result_pam_line_other_control_present.found == 1

    - name: Set PAM's Password Hashing Algorithm - Ensure the required PAM module
        line is included in {{ pam_file_path }}
      ansible.builtin.lineinfile:
        dest: '{{ pam_file_path }}'
        line: password    {{ pam_module_control }}    pam_unix.so
      register: result_pam_module_add
      when:
      - result_pam_line_other_control_present.found == 0 or result_pam_line_other_control_present.found
        &gt; 1

    - name: Set PAM's Password Hashing Algorithm - Ensure authselect changes are applied
      ansible.builtin.command:
        cmd: authselect apply-changes -b
      when:
      - result_authselect_present is defined
      - result_authselect_present.stat.exists
      - |-
        (result_pam_module_add is defined and result_pam_module_add.changed)
         or (result_pam_module_edit is defined and result_pam_module_edit.changed)
    when:
    - result_pam_line_present.found is defined
    - result_pam_line_present.found == 0

  - name: Set PAM's Password Hashing Algorithm - Define a fact for control already
      filtered in case filters are used
    ansible.builtin.set_fact:
      pam_module_control: sufficient

  - name: Set PAM's Password Hashing Algorithm - Check if the required PAM module
      option is present in {{ pam_file_path }}
    ansible.builtin.lineinfile:
      path: '{{ pam_file_path }}'
      regexp: ^\s*password\s+{{ pam_module_control | regex_escape() }}\s+pam_unix.so\s*.*\s{{
        var_password_hashing_algorithm_pam }}\b
      state: absent
    check_mode: true
    changed_when: false
    register: result_pam_module_set_password_hashing_algorithm_systemauth_option_present

  - name: Set PAM's Password Hashing Algorithm - Ensure the "{{ var_password_hashing_algorithm_pam
      }}" PAM option for "pam_unix.so" is included in {{ pam_file_path }}
    ansible.builtin.lineinfile:
      path: '{{ pam_file_path }}'
      backrefs: true
      regexp: ^(\s*password\s+{{ pam_module_control | regex_escape() }}\s+pam_unix.so.*)
      line: \1 {{ var_password_hashing_algorithm_pam }}
      state: present
    register: result_pam_set_password_hashing_algorithm_systemauth_add
    when:
    - result_pam_module_set_password_hashing_algorithm_systemauth_option_present.found
      == 0

  - name: Set PAM's Password Hashing Algorithm - Ensure authselect changes are applied
    ansible.builtin.command:
      cmd: authselect apply-changes -b
    when:
    - result_authselect_present.stat.exists
    - |-
      (result_pam_set_password_hashing_algorithm_systemauth_add is defined and result_pam_set_password_hashing_algorithm_systemauth_add.changed)
       or (result_pam_set_password_hashing_algorithm_systemauth_edit is defined and result_pam_set_password_hashing_algorithm_systemauth_edit.changed)
  when:
  - '"libpam-runtime" in ansible_facts.packages'
  - result_pam_file_present.stat.exists
  tags:
  - CJIS-5.6.2.2
  - NIST-800-171-3.13.11
  - NIST-800-53-CM-6(a)
  - NIST-800-53-IA-5(1)(c)
  - NIST-800-53-IA-5(c)
  - PCI-DSS-Req-8.2.1
  - PCI-DSSv4-8.3
  - PCI-DSSv4-8.3.2
  - configure_strategy
  - low_complexity
  - medium_disruption
  - medium_severity
  - no_reboot_needed
  - set_password_hashing_algorithm_systemauth

- name: Set PAM's Password Hashing Algorithm - Check if /etc/pam.d/system-auth File
    is Present
  ansible.builtin.stat:
    path: /etc/pam.d/system-auth
  register: result_pam_file_present
  when: '"libpam-runtime" in ansible_facts.packages'
  tags:
  - CJIS-5.6.2.2
  - NIST-800-171-3.13.11
  - NIST-800-53-CM-6(a)
  - NIST-800-53-IA-5(1)(c)
  - NIST-800-53-IA-5(c)
  - PCI-DSS-Req-8.2.1
  - PCI-DSSv4-8.3
  - PCI-DSSv4-8.3.2
  - configure_strategy
  - low_complexity
  - medium_disruption
  - medium_severity
  - no_reboot_needed
  - set_password_hashing_algorithm_systemauth

- name: Set PAM's Password Hashing Algorithm - Check The Proper Remediation For The
    System
  block:

  - name: Set PAM's Password Hashing Algorithm - Define the PAM file to be edited
      as a local fact
    ansible.builtin.set_fact:
      pam_file_path: /etc/pam.d/system-auth

  - name: Set PAM's Password Hashing Algorithm - Check if system relies on authselect
      tool
    ansible.builtin.stat:
      path: /usr/bin/authselect
    register: result_authselect_present

  - name: Set PAM's Password Hashing Algorithm - Ensure authselect custom profile
      is used if authselect is present
    block:

    - name: Set PAM's Password Hashing Algorithm - Check integrity of authselect current
        profile
      ansible.builtin.command:
        cmd: authselect check
      register: result_authselect_check_cmd
      changed_when: false
      failed_when: false

    - name: Set PAM's Password Hashing Algorithm - Informative message based on the
        authselect integrity check result
      ansible.builtin.assert:
        that:
        - result_authselect_check_cmd.rc == 0
        fail_msg:
        - authselect integrity check failed. Remediation aborted!
        - This remediation could not be applied because an authselect profile was
          not selected or the selected profile is not intact.
        - It is not recommended to manually edit the PAM files when authselect tool
          is available.
        - In cases where the default authselect profile does not cover a specific
          demand, a custom authselect profile is recommended.
        success_msg:
        - authselect integrity check passed

    - name: Set PAM's Password Hashing Algorithm - Get authselect current profile
      ansible.builtin.shell:
        cmd: authselect current -r | awk '{ print $1 }'
      register: result_authselect_profile
      changed_when: false
      when:
      - result_authselect_check_cmd is success

    - name: Set PAM's Password Hashing Algorithm - Define the current authselect profile
        as a local fact
      ansible.builtin.set_fact:
        authselect_current_profile: '{{ result_authselect_profile.stdout }}'
        authselect_custom_profile: '{{ result_authselect_profile.stdout }}'
      when:
      - result_authselect_profile is not skipped
      - result_authselect_profile.stdout is match("custom/")

    - name: Set PAM's Password Hashing Algorithm - Define the new authselect custom
        profile as a local fact
      ansible.builtin.set_fact:
        authselect_current_profile: '{{ result_authselect_profile.stdout }}'
        authselect_custom_profile: custom/hardening
      when:
      - result_authselect_profile is not skipped
      - result_authselect_profile.stdout is not match("custom/")

    - name: Set PAM's Password Hashing Algorithm - Get authselect current features
        to also enable them in the custom profile
      ansible.builtin.shell:
        cmd: authselect current | tail -n+3 | awk '{ print $2 }'
      register: result_authselect_features
      changed_when: false
      when:
      - result_authselect_profile is not skipped
      - authselect_current_profile is not match("custom/")

    - name: Set PAM's Password Hashing Algorithm - Check if any custom profile with
        the same name was already created
      ansible.builtin.stat:
        path: /etc/authselect/{{ authselect_custom_profile }}
      register: result_authselect_custom_profile_present
      changed_when: false
      when:
      - authselect_current_profile is not match("custom/")

    - name: Set PAM's Password Hashing Algorithm - Create an authselect custom profile
        based on the current profile
      ansible.builtin.command:
        cmd: authselect create-profile hardening -b {{ authselect_current_profile
          }}
      when:
      - result_authselect_check_cmd is success
      - authselect_current_profile is not match("^(custom/|local)")
      - not result_authselect_custom_profile_present.stat.exists

    - name: Set PAM's Password Hashing Algorithm - Create an authselect custom profile
        based on sssd profile
      ansible.builtin.command:
        cmd: authselect create-profile hardening -b sssd
      when:
      - result_authselect_check_cmd is success
      - authselect_current_profile is match("local")
      - not result_authselect_custom_profile_present.stat.exists

    - name: Set PAM's Password Hashing Algorithm - Ensure authselect changes are applied
      ansible.builtin.command:
        cmd: authselect apply-changes -b --backup=before-hardening-custom-profile
      when:
      - result_authselect_check_cmd is success
      - result_authselect_profile is not skipped
      - authselect_current_profile is not match("custom/")
      - authselect_custom_profile is not match(authselect_current_profile)

    - name: Set PAM's Password Hashing Algorithm - Ensure the authselect custom profile
        is selected
      ansible.builtin.command:
        cmd: authselect select {{ authselect_custom_profile }}
      register: result_pam_authselect_select_profile
      when:
      - result_authselect_check_cmd is success
      - result_authselect_profile is not skipped
      - authselect_current_profile is not match("custom/")
      - authselect_custom_profile is not match(authselect_current_profile)

    - name: Set PAM's Password Hashing Algorithm - Restore the authselect features
        in the custom profile
      ansible.builtin.command:
        cmd: authselect enable-feature {{ item }}
      loop: '{{ result_authselect_features.stdout_lines }}'
      register: result_pam_authselect_restore_features
      when:
      - result_authselect_profile is not skipped
      - result_authselect_features is not skipped
      - result_pam_authselect_select_profile is not skipped

    - name: Set PAM's Password Hashing Algorithm - Ensure authselect changes are applied
      ansible.builtin.command:
        cmd: authselect apply-changes -b --backup=after-hardening-custom-profile
      when:
      - result_authselect_check_cmd is success
      - result_authselect_profile is not skipped
      - result_pam_authselect_restore_features is not skipped

    - name: Set PAM's Password Hashing Algorithm - Change the PAM file to be edited
        according to the custom authselect profile
      ansible.builtin.set_fact:
        pam_file_path: /etc/authselect/{{ authselect_custom_profile }}/{{ pam_file_path
          | basename }}
    when:
    - result_authselect_present.stat.exists

  - name: Set PAM's Password Hashing Algorithm - Ensure That Only the Correct Hashing
      Algorithm Option For pam_unix.so Is Used in /etc/pam.d/system-auth
    ansible.builtin.replace:
      dest: '{{ pam_file_path }}'
      regexp: (^\s*password.*pam_unix\.so.*)\b{{ item }}\b\s*(.*)
      replace: \1\2
    when: item != var_password_hashing_algorithm_pam
    loop:
    - sha512
    - yescrypt
    - gost_yescrypt
    - blowfish
    - sha256
    - md5
    - bigcrypt
    register: result_pam_hashing_options_removal

  - name: Set PAM's Password Hashing Algorithm - Ensure authselect changes are applied
    ansible.builtin.command:
      cmd: authselect apply-changes -b
    when:
    - result_authselect_present.stat.exists
    - result_pam_hashing_options_removal is changed
  when:
  - '"libpam-runtime" in ansible_facts.packages'
  - result_pam_file_present.stat.exists
  tags:
  - CJIS-5.6.2.2
  - NIST-800-171-3.13.11
  - NIST-800-53-CM-6(a)
  - NIST-800-53-IA-5(1)(c)
  - NIST-800-53-IA-5(c)
  - PCI-DSS-Req-8.2.1
  - PCI-DSSv4-8.3
  - PCI-DSSv4-8.3.2
  - configure_strategy
  - low_complexity
  - medium_disruption
  - medium_severity
  - no_reboot_needed
  - set_password_hashing_algorithm_systemauth
</fix>
            <fix xmlns:xhtml="http://www.w3.org/1999/xhtml" id="set_password_hashing_algorithm_systemauth" system="urn:xccdf:fix:script:sh"># Remediation is applicable only in certain platforms
if dpkg-query --show --showformat='${db:Status-Status}\n' 'libpam-runtime' 2&gt;/dev/null | grep -q '^installed'; then

var_password_hashing_algorithm_pam='<xccdf-1.2:sub xmlns:xccdf-1.2="http://checklists.nist.gov/xccdf/1.2" idref="xccdf_org.ssgproject.content_value_var_password_hashing_algorithm_pam" use="legacy"/>'


conf_name=cac_unix
conf_path="/usr/share/pam-configs"

if [ ! -f "$conf_path"/"$conf_name" ]; then
    if [ -f "$conf_path"/unix ]; then
        if grep -q "$(md5sum "$conf_path"/unix | cut -d ' ' -f 1)" /var/lib/dpkg/info/libpam-runtime.md5sums;then
            cp "$conf_path"/unix "$conf_path"/"$conf_name"
            sed -i 's/Priority: [0-9]\+/Priority: 257\
Conflicts: unix/' "$conf_path"/"$conf_name"
            DEBIAN_FRONTEND=noninteractive pam-auth-update
        else
            echo "Not applicable - checksum of $conf_path/unix does not match the original." &gt;&amp;2
        fi
    else
        echo "Not applicable - $conf_path/unix does not exist" &gt;&amp;2
    fi
fi
PAM_FILE_PATH=/usr/share/pam-configs/cac_unix

if ! grep -qzP "Password:\s*\n\s+.*\s+pam_unix.so\s+.*\b$var_password_hashing_algorithm_pam\b" "$PAM_FILE_PATH"; then
  sed -i -E '/^Password:/,/^[^[:space:]]/ {
    /pam_unix\.so/ {
        s/$/ '"$var_password_hashing_algorithm_pam"'/g
    }
}' "$PAM_FILE_PATH"
fi

if ! grep -qzP "Password-Initial:\s*\n\s+.*\s+pam_unix.so\s+.*\b$var_password_hashing_algorithm_pam\b" "$PAM_FILE_PATH"; then
  sed -i -E '/^Password-Initial:/,/^[^[:space:]]/ {
    /pam_unix\.so/ {
        s/$/ '"$var_password_hashing_algorithm_pam"'/g
    }
}' "$PAM_FILE_PATH"
fi

# Ensure only the correct hashing algorithm option is used.
declare -a HASHING_ALGORITHMS_OPTIONS=("sha512" "yescrypt" "gost_yescrypt" "blowfish" "sha256" "md5" "bigcrypt")

for hash_option in "${HASHING_ALGORITHMS_OPTIONS[@]}"; do
  if [ "$hash_option" != "$var_password_hashing_algorithm_pam" ]; then
    sed -i -E '/^Password:/,/^[^[:space:]]/ {
      /pam_unix\.so/ {
        s/\s*'"$hash_option"'//g
      }
      }' "$PAM_FILE_PATH"
      sed -i -E '/^Password-Initial:/,/^[^[:space:]]/ {
      /pam_unix\.so/ {
        s/\s*'"$hash_option"'//g
      }
      }' "$PAM_FILE_PATH"
      DEBIAN_FRONTEND=noninteractive pam-auth-update
  fi
done

else
    &gt;&amp;2 echo 'Remediation is not applicable, nothing was done'
fi
</fix>
            <check system="http://oval.mitre.org/XMLSchema/oval-definitions-5">
              <check-export export-name="oval:ssg-var_password_hashing_algorithm_pam:var:1" value-id="xccdf_org.ssgproject.content_value_var_password_hashing_algorithm_pam"/>
              <check-content-ref name="oval:ssg-set_password_hashing_algorithm_systemauth:def:1" href="ssg-ubuntu2404-oval.xml"/>
            </check>
            <check system="http://scap.nist.gov/schema/ocil/2">
              <check-content-ref name="ocil:ssg-set_password_hashing_algorithm_systemauth_ocil:questionnaire:1" href="ssg-ubuntu2404-ocil.xml"/>
            </check>
          </Rule>
        </Group>
      </Group>
      <Group id="xccdf_org.ssgproject.content_group_accounts-restrictions">
        <title xmlns:xhtml="http://www.w3.org/1999/xhtml" xml:lang="en-US">Protect Accounts by Restricting Password-Based Login</title>
        <description xmlns:xhtml="http://www.w3.org/1999/xhtml" xml:lang="en-US">Conventionally, Unix shell accounts are accessed by
providing a username and password to a login program, which tests
these values for correctness using the <html:code xmlns:html="http://www.w3.org/1999/xhtml">/etc/passwd</html:code> and
<html:code xmlns:html="http://www.w3.org/1999/xhtml">/etc/shadow</html:code> files. Password-based login is vulnerable to
guessing of weak passwords, and to sniffing and man-in-the-middle
attacks against passwords entered over a network or at an insecure
console. Therefore, mechanisms for accessing accounts by entering
usernames and passwords should be restricted to those which are
operationally necessary.</description>
        <Rule id="xccdf_org.ssgproject.content_rule_account_unique_id" selected="false" role="full" severity="medium">
          <title xmlns:xhtml="http://www.w3.org/1999/xhtml" xml:lang="en-US">Ensure All Accounts on the System Have Unique User IDs</title>
          <description xmlns:xhtml="http://www.w3.org/1999/xhtml" xml:lang="en-US">Change user IDs (UIDs), or delete accounts, so each has a unique name.</description>
          <warning xmlns:xhtml="http://www.w3.org/1999/xhtml" xml:lang="en-US" category="general">Automatic remediation of this control is not available due to unique requirements of each
system.</warning>
          <reference href="https://public.cyber.mil/stigs/cci/">CCI-000135</reference>
          <reference href="https://public.cyber.mil/stigs/cci/">CCI-000764</reference>
          <reference href="https://public.cyber.mil/stigs/cci/">CCI-000804</reference>
          <reference href="https://www.pcisecuritystandards.org/documents/PCI_DSS_v3-2-1.pdf">Req-8.1.1</reference>
          <reference href="https://public.cyber.mil/stigs/downloads/?_dl_facet_stigs=operating-systems%2Cgeneral-purpose-os">SRG-OS-000104-GPOS-00051</reference>
          <reference href="https://public.cyber.mil/stigs/downloads/?_dl_facet_stigs=operating-systems%2Cgeneral-purpose-os">SRG-OS-000121-GPOS-00062</reference>
          <reference href="https://www.cisecurity.org/benchmark/ubuntu_linux/">7.2.5</reference>
          <reference href="https://docs-prv.pcisecuritystandards.org/PCI%20DSS/Standard/PCI-DSS-v4_0.pdf">8.2.1</reference>
          <reference href="https://docs-prv.pcisecuritystandards.org/PCI%20DSS/Standard/PCI-DSS-v4_0.pdf">8.2</reference>
          <rationale xmlns:xhtml="http://www.w3.org/1999/xhtml" xml:lang="en-US">To assure accountability and prevent unauthenticated access, interactive users must be identified and authenticated to prevent potential misuse and compromise of the system.</rationale>
          <platform idref="#system_with_kernel"/>
          <check system="http://oval.mitre.org/XMLSchema/oval-definitions-5">
            <check-content-ref name="oval:ssg-account_unique_id:def:1" href="ssg-ubuntu2404-oval.xml"/>
          </check>
          <check system="http://scap.nist.gov/schema/ocil/2">
            <check-content-ref name="ocil:ssg-account_unique_id_ocil:questionnaire:1" href="ssg-ubuntu2404-ocil.xml"/>
          </check>
        </Rule>
        <Rule id="xccdf_org.ssgproject.content_rule_group_unique_id" selected="false" role="full" severity="medium">
          <title xmlns:xhtml="http://www.w3.org/1999/xhtml" xml:lang="en-US">Ensure All Groups on the System Have Unique Group ID</title>
          <description xmlns:xhtml="http://www.w3.org/1999/xhtml" xml:lang="en-US">Change the group name or delete groups, so each has a unique id.</description>
          <warning xmlns:xhtml="http://www.w3.org/1999/xhtml" xml:lang="en-US" category="general">Automatic remediation of this control is not available due to the unique requirements of each system.</warning>
          <reference href="https://public.cyber.mil/stigs/cci/">CCI-000764</reference>
          <reference href="https://public.cyber.mil/stigs/downloads/?_dl_facet_stigs=operating-systems%2Cgeneral-purpose-os">SRG-OS-000104-GPOS-00051</reference>
          <reference href="https://www.cisecurity.org/benchmark/ubuntu_linux/">7.2.6</reference>
          <reference href="https://docs-prv.pcisecuritystandards.org/PCI%20DSS/Standard/PCI-DSS-v4_0.pdf">8.2.1</reference>
          <reference href="https://docs-prv.pcisecuritystandards.org/PCI%20DSS/Standard/PCI-DSS-v4_0.pdf">8.2</reference>
          <rationale xmlns:xhtml="http://www.w3.org/1999/xhtml" xml:lang="en-US">To assure accountability and prevent unauthenticated access, groups must be identified uniquely to prevent potential misuse and compromise of the system.</rationale>
          <check system="http://oval.mitre.org/XMLSchema/oval-definitions-5">
            <check-content-ref name="oval:ssg-group_unique_id:def:1" href="ssg-ubuntu2404-oval.xml"/>
          </check>
          <check system="http://scap.nist.gov/schema/ocil/2">
            <check-content-ref name="ocil:ssg-group_unique_id_ocil:questionnaire:1" href="ssg-ubuntu2404-ocil.xml"/>
          </check>
        </Rule>
        <Rule id="xccdf_org.ssgproject.content_rule_group_unique_name" selected="false" role="full" severity="medium">
          <title xmlns:xhtml="http://www.w3.org/1999/xhtml" xml:lang="en-US">Ensure All Groups on the System Have Unique Group Names</title>
          <description xmlns:xhtml="http://www.w3.org/1999/xhtml" xml:lang="en-US">Change the group name or delete groups, so each has a unique name.</description>
          <warning xmlns:xhtml="http://www.w3.org/1999/xhtml" xml:lang="en-US" category="general">Automatic remediation of this control is not available due to the unique requirements of each system.</warning>
          <reference href="https://www.cisecurity.org/benchmark/ubuntu_linux/">7.2.8</reference>
          <reference href="https://docs-prv.pcisecuritystandards.org/PCI%20DSS/Standard/PCI-DSS-v4_0.pdf">8.2.1</reference>
          <reference href="https://docs-prv.pcisecuritystandards.org/PCI%20DSS/Standard/PCI-DSS-v4_0.pdf">8.2</reference>
          <rationale xmlns:xhtml="http://www.w3.org/1999/xhtml" xml:lang="en-US">To assure accountability and prevent unauthenticated access, groups must be identified uniquely to prevent potential misuse and compromise of the system.</rationale>
          <check system="http://oval.mitre.org/XMLSchema/oval-definitions-5">
            <check-content-ref name="oval:ssg-group_unique_name:def:1" href="ssg-ubuntu2404-oval.xml"/>
          </check>
          <check system="http://scap.nist.gov/schema/ocil/2">
            <check-content-ref name="ocil:ssg-group_unique_name_ocil:questionnaire:1" href="ssg-ubuntu2404-ocil.xml"/>
          </check>
        </Rule>
        <Rule id="xccdf_org.ssgproject.content_rule_no_nologin_in_shells" selected="false" role="full" severity="medium">
          <title xmlns:xhtml="http://www.w3.org/1999/xhtml" xml:lang="en-US">Ensure nologin Shell is Not Listed in /etc/shells</title>
          <description xmlns:xhtml="http://www.w3.org/1999/xhtml" xml:lang="en-US">The <html:code xmlns:html="http://www.w3.org/1999/xhtml">/sbin/nologin</html:code> shell is used to restrict accounts from having login access
and should not be listed as a valid login shell in <html:code xmlns:html="http://www.w3.org/1999/xhtml">/etc/shells</html:code>.
To verify that nologin is not listed in /etc/shells, run:
<html:pre xmlns:html="http://www.w3.org/1999/xhtml">$ grep nologin /etc/shells</html:pre>
The command should return no output.</description>
          <reference href="https://www.cisecurity.org/benchmark/ubuntu_linux/">5.4.3.1</reference>
          <rationale xmlns:xhtml="http://www.w3.org/1999/xhtml" xml:lang="en-US">The <html:code xmlns:html="http://www.w3.org/1999/xhtml">/etc/shells</html:code> is consulted by various programs to evaluate
whether the user is somehow restricted. For example, the chsh utility will
consult the file to determine if the user is allowed to change their shell. </rationale>
          <fix xmlns:xhtml="http://www.w3.org/1999/xhtml" id="no_nologin_in_shells" system="urn:xccdf:fix:script:sh" complexity="low" disruption="low" strategy="configure">
if grep -q -E "^[^#]*/nologin\b.*$" /etc/shells; then
  sed -i --follow-symlinks 's/^[^#]*\/nologin\b.*$/#&amp;/g' /etc/shells
fi
</fix>
          <check system="http://oval.mitre.org/XMLSchema/oval-definitions-5">
            <check-content-ref name="oval:ssg-no_nologin_in_shells:def:1" href="ssg-ubuntu2404-oval.xml"/>
          </check>
          <check system="http://scap.nist.gov/schema/ocil/2">
            <check-content-ref name="ocil:ssg-no_nologin_in_shells_ocil:questionnaire:1" href="ssg-ubuntu2404-ocil.xml"/>
          </check>
        </Rule>
        <Group id="xccdf_org.ssgproject.content_group_account_expiration">
          <title xmlns:xhtml="http://www.w3.org/1999/xhtml" xml:lang="en-US">Set Account Expiration Parameters</title>
          <description xmlns:xhtml="http://www.w3.org/1999/xhtml" xml:lang="en-US">Accounts can be configured to be automatically disabled
after a certain time period,
meaning that they will require administrator interaction to become usable again.
Expiration of accounts after inactivity can be set for all accounts by default
and also on a per-account basis, such as for accounts that are known to be temporary.
To configure automatic expiration of an account following
the expiration of its password (that is, after the password has expired and not been changed),
run the following command, substituting <html:code xmlns:html="http://www.w3.org/1999/xhtml"><html:i>NUM_DAYS</html:i></html:code> and <html:code xmlns:html="http://www.w3.org/1999/xhtml"><html:i>USER</html:i></html:code> appropriately:
<html:pre xmlns:html="http://www.w3.org/1999/xhtml">$ sudo chage -I <html:i>NUM_DAYS USER</html:i>
        </html:pre>
Accounts, such as temporary accounts, can also be configured to expire on an explicitly-set date with the
<html:code xmlns:html="http://www.w3.org/1999/xhtml">-E</html:code> option.
The file <html:code xmlns:html="http://www.w3.org/1999/xhtml">/etc/default/useradd</html:code> controls
default settings for all newly-created accounts created with the system's
normal command line utilities.</description>
          <warning xmlns:xhtml="http://www.w3.org/1999/xhtml" xml:lang="en-US" category="general">This will only apply to newly created accounts</warning>
          <Value id="xccdf_org.ssgproject.content_value_var_account_disable_post_pw_expiration" type="number">
            <title xmlns:xhtml="http://www.w3.org/1999/xhtml" xml:lang="en-US">number of days after a password expires until the account is permanently disabled</title>
            <description xmlns:xhtml="http://www.w3.org/1999/xhtml" xml:lang="en-US">The number of days to wait after a password expires, until the account will be permanently disabled.</description>
            <value selector="0">0</value>
            <value selector="180">180</value>
            <value selector="30">30</value>
            <value selector="35">35</value>
            <value selector="40">40</value>
            <value selector="45">45</value>
            <value selector="60">60</value>
            <value selector="90">90</value>
            <value>35</value>
          </Value>
          <Rule id="xccdf_org.ssgproject.content_rule_account_disable_post_pw_expiration" selected="false" role="full" severity="medium">
            <title xmlns:xhtml="http://www.w3.org/1999/xhtml" xml:lang="en-US">Set Account Expiration Following Inactivity</title>
            <description xmlns:xhtml="http://www.w3.org/1999/xhtml" xml:lang="en-US">To specify the number of days after a password expires (which
signifies inactivity) until an account is permanently disabled, add or correct
the following line in <html:code xmlns:html="http://www.w3.org/1999/xhtml">/etc/default/useradd</html:code>:
<html:pre xmlns:html="http://www.w3.org/1999/xhtml" xmlns:xccdf-1.2="http://checklists.nist.gov/xccdf/1.2">INACTIVE=<html:i><xccdf-1.2:sub idref="xccdf_org.ssgproject.content_value_var_account_disable_post_pw_expiration" use="legacy"/></html:i>
         </html:pre>
If a password is currently on the verge of expiration, then
<html:code xmlns:html="http://www.w3.org/1999/xhtml" xmlns:xccdf-1.2="http://checklists.nist.gov/xccdf/1.2"><xccdf-1.2:sub idref="xccdf_org.ssgproject.content_value_var_account_disable_post_pw_expiration" use="legacy"/></html:code>
day(s) remain(s) until the account is automatically
disabled. However, if the password will not expire for another 60 days, then 60
days plus <html:code xmlns:html="http://www.w3.org/1999/xhtml" xmlns:xccdf-1.2="http://checklists.nist.gov/xccdf/1.2"><xccdf-1.2:sub idref="xccdf_org.ssgproject.content_value_var_account_disable_post_pw_expiration" use="legacy"/></html:code> day(s) could
elapse until the account would be automatically disabled. See the
<html:code xmlns:html="http://www.w3.org/1999/xhtml">useradd</html:code> man page for more information.</description>
            <reference href="https://www.cisecurity.org/controls/">1</reference>
            <reference href="https://www.cisecurity.org/controls/">12</reference>
            <reference href="https://www.cisecurity.org/controls/">13</reference>
            <reference href="https://www.cisecurity.org/controls/">14</reference>
            <reference href="https://www.cisecurity.org/controls/">15</reference>
            <reference href="https://www.cisecurity.org/controls/">16</reference>
            <reference href="https://www.cisecurity.org/controls/">18</reference>
            <reference href="https://www.cisecurity.org/controls/">3</reference>
            <reference href="https://www.cisecurity.org/controls/">5</reference>
            <reference href="https://www.cisecurity.org/controls/">7</reference>
            <reference href="https://www.cisecurity.org/controls/">8</reference>
            <reference href="https://www.fbi.gov/file-repository/cjis-security-policy-v5_5_20160601-2-1.pdf">5.6.2.1.1</reference>
            <reference href="https://www.isaca.org/resources/cobit">DSS01.03</reference>
            <reference href="https://www.isaca.org/resources/cobit">DSS03.05</reference>
            <reference href="https://www.isaca.org/resources/cobit">DSS05.04</reference>
            <reference href="https://www.isaca.org/resources/cobit">DSS05.05</reference>
            <reference href="https://www.isaca.org/resources/cobit">DSS05.07</reference>
            <reference href="https://www.isaca.org/resources/cobit">DSS05.10</reference>
            <reference href="https://www.isaca.org/resources/cobit">DSS06.03</reference>
            <reference href="https://www.isaca.org/resources/cobit">DSS06.10</reference>
            <reference href="http://nvlpubs.nist.gov/nistpubs/SpecialPublications/NIST.SP.800-171.pdf">3.5.6</reference>
            <reference href="https://public.cyber.mil/stigs/cci/">CCI-003628</reference>
            <reference href="https://public.cyber.mil/stigs/cci/">CCI-003627</reference>
            <reference href="https://www.isa.org/products/isa-62443-2-1-2009-security-for-industrial-automat">4.3.3.2.2</reference>
            <reference href="https://www.isa.org/products/isa-62443-2-1-2009-security-for-industrial-automat">4.3.3.5.1</reference>
            <reference href="https://www.isa.org/products/isa-62443-2-1-2009-security-for-industrial-automat">4.3.3.5.2</reference>
            <reference href="https://www.isa.org/products/isa-62443-2-1-2009-security-for-industrial-automat">4.3.3.6.1</reference>
            <reference href="https://www.isa.org/products/isa-62443-2-1-2009-security-for-industrial-automat">4.3.3.6.2</reference>
            <reference href="https://www.isa.org/products/isa-62443-2-1-2009-security-for-industrial-automat">4.3.3.6.3</reference>
            <reference href="https://www.isa.org/products/isa-62443-2-1-2009-security-for-industrial-automat">4.3.3.6.4</reference>
            <reference href="https://www.isa.org/products/isa-62443-2-1-2009-security-for-industrial-automat">4.3.3.6.5</reference>
            <reference href="https://www.isa.org/products/isa-62443-2-1-2009-security-for-industrial-automat">4.3.3.6.6</reference>
            <reference href="https://www.isa.org/products/isa-62443-2-1-2009-security-for-industrial-automat">4.3.3.6.7</reference>
            <reference href="https://www.isa.org/products/isa-62443-2-1-2009-security-for-industrial-automat">4.3.3.6.8</reference>
            <reference href="https://www.isa.org/products/isa-62443-2-1-2009-security-for-industrial-automat">4.3.3.6.9</reference>
            <reference href="https://www.isa.org/products/isa-62443-2-1-2009-security-for-industrial-automat">4.3.3.7.2</reference>
            <reference href="https://www.isa.org/products/isa-62443-2-1-2009-security-for-industrial-automat">4.3.3.7.3</reference>
            <reference href="https://www.isa.org/products/isa-62443-2-1-2009-security-for-industrial-automat">4.3.3.7.4</reference>
            <reference href="https://www.isa.org/products/ansi-isa-62443-3-3-99-03-03-2013-security-for-indu">SR 1.1</reference>
            <reference href="https://www.isa.org/products/ansi-isa-62443-3-3-99-03-03-2013-security-for-indu">SR 1.10</reference>
            <reference href="https://www.isa.org/products/ansi-isa-62443-3-3-99-03-03-2013-security-for-indu">SR 1.2</reference>
            <reference href="https://www.isa.org/products/ansi-isa-62443-3-3-99-03-03-2013-security-for-indu">SR 1.3</reference>
            <reference href="https://www.isa.org/products/ansi-isa-62443-3-3-99-03-03-2013-security-for-indu">SR 1.4</reference>
            <reference href="https://www.isa.org/products/ansi-isa-62443-3-3-99-03-03-2013-security-for-indu">SR 1.5</reference>
            <reference href="https://www.isa.org/products/ansi-isa-62443-3-3-99-03-03-2013-security-for-indu">SR 1.7</reference>
            <reference href="https://www.isa.org/products/ansi-isa-62443-3-3-99-03-03-2013-security-for-indu">SR 1.8</reference>
            <reference href="https://www.isa.org/products/ansi-isa-62443-3-3-99-03-03-2013-security-for-indu">SR 1.9</reference>
            <reference href="https://www.isa.org/products/ansi-isa-62443-3-3-99-03-03-2013-security-for-indu">SR 2.1</reference>
            <reference href="https://www.isa.org/products/ansi-isa-62443-3-3-99-03-03-2013-security-for-indu">SR 6.2</reference>
            <reference href="https://www.iso.org/contents/data/standard/05/45/54534.html">A.12.4.1</reference>
            <reference href="https://www.iso.org/contents/data/standard/05/45/54534.html">A.12.4.3</reference>
            <reference href="https://www.iso.org/contents/data/standard/05/45/54534.html">A.18.1.4</reference>
            <reference href="https://www.iso.org/contents/data/standard/05/45/54534.html">A.6.1.2</reference>
            <reference href="https://www.iso.org/contents/data/standard/05/45/54534.html">A.7.1.1</reference>
            <reference href="https://www.iso.org/contents/data/standard/05/45/54534.html">A.9.1.2</reference>
            <reference href="https://www.iso.org/contents/data/standard/05/45/54534.html">A.9.2.1</reference>
            <reference href="https://www.iso.org/contents/data/standard/05/45/54534.html">A.9.2.2</reference>
            <reference href="https://www.iso.org/contents/data/standard/05/45/54534.html">A.9.2.3</reference>
            <reference href="https://www.iso.org/contents/data/standard/05/45/54534.html">A.9.2.4</reference>
            <reference href="https://www.iso.org/contents/data/standard/05/45/54534.html">A.9.2.6</reference>
            <reference href="https://www.iso.org/contents/data/standard/05/45/54534.html">A.9.3.1</reference>
            <reference href="https://www.iso.org/contents/data/standard/05/45/54534.html">A.9.4.1</reference>
            <reference href="https://www.iso.org/contents/data/standard/05/45/54534.html">A.9.4.2</reference>
            <reference href="https://www.iso.org/contents/data/standard/05/45/54534.html">A.9.4.3</reference>
            <reference href="https://www.iso.org/contents/data/standard/05/45/54534.html">A.9.4.4</reference>
            <reference href="https://www.iso.org/contents/data/standard/05/45/54534.html">A.9.4.5</reference>
            <reference href="https://www.nerc.com/pa/Stand/AlignRep/One%20Stop%20Shop.xlsx">CIP-004-6 R2.2.2</reference>
            <reference href="https://www.nerc.com/pa/Stand/AlignRep/One%20Stop%20Shop.xlsx">CIP-004-6 R2.2.3</reference>
            <reference href="https://www.nerc.com/pa/Stand/AlignRep/One%20Stop%20Shop.xlsx">CIP-007-3 R.1.3</reference>
            <reference href="https://www.nerc.com/pa/Stand/AlignRep/One%20Stop%20Shop.xlsx">CIP-007-3 R5</reference>
            <reference href="https://www.nerc.com/pa/Stand/AlignRep/One%20Stop%20Shop.xlsx">CIP-007-3 R5.1.1</reference>
            <reference href="https://www.nerc.com/pa/Stand/AlignRep/One%20Stop%20Shop.xlsx">CIP-007-3 R5.1.3</reference>
            <reference href="https://www.nerc.com/pa/Stand/AlignRep/One%20Stop%20Shop.xlsx">CIP-007-3 R5.2.1</reference>
            <reference href="https://www.nerc.com/pa/Stand/AlignRep/One%20Stop%20Shop.xlsx">CIP-007-3 R5.2.3</reference>
            <reference href="http://nvlpubs.nist.gov/nistpubs/SpecialPublications/NIST.SP.800-53r4.pdf">IA-4(e)</reference>
            <reference href="http://nvlpubs.nist.gov/nistpubs/SpecialPublications/NIST.SP.800-53r4.pdf">AC-2(3)</reference>
            <reference href="http://nvlpubs.nist.gov/nistpubs/SpecialPublications/NIST.SP.800-53r4.pdf">CM-6(a)</reference>
            <reference href="https://nvlpubs.nist.gov/nistpubs/CSWP/NIST.CSWP.04162018.pdf">DE.CM-1</reference>
            <reference href="https://nvlpubs.nist.gov/nistpubs/CSWP/NIST.CSWP.04162018.pdf">DE.CM-3</reference>
            <reference href="https://nvlpubs.nist.gov/nistpubs/CSWP/NIST.CSWP.04162018.pdf">PR.AC-1</reference>
            <reference href="https://nvlpubs.nist.gov/nistpubs/CSWP/NIST.CSWP.04162018.pdf">PR.AC-4</reference>
            <reference href="https://nvlpubs.nist.gov/nistpubs/CSWP/NIST.CSWP.04162018.pdf">PR.AC-6</reference>
            <reference href="https://nvlpubs.nist.gov/nistpubs/CSWP/NIST.CSWP.04162018.pdf">PR.AC-7</reference>
            <reference href="https://www.pcisecuritystandards.org/documents/PCI_DSS_v3-2-1.pdf">Req-8.1.4</reference>
            <reference href="https://public.cyber.mil/stigs/downloads/?_dl_facet_stigs=operating-systems%2Cgeneral-purpose-os">SRG-OS-000118-GPOS-00060</reference>
            <reference href="https://www.cisecurity.org/benchmark/ubuntu_linux/">5.4.1.5</reference>
            <reference href="https://docs-prv.pcisecuritystandards.org/PCI%20DSS/Standard/PCI-DSS-v4_0.pdf">8.2.6</reference>
            <reference href="https://docs-prv.pcisecuritystandards.org/PCI%20DSS/Standard/PCI-DSS-v4_0.pdf">8.2</reference>
            <rationale xmlns:xhtml="http://www.w3.org/1999/xhtml" xml:lang="en-US">Inactive identifiers pose a risk to systems and applications because attackers may exploit an inactive identifier and potentially obtain undetected access to the system.
Disabling inactive accounts ensures that accounts which may not have been responsibly removed are not available to attackers who may have compromised their credentials.
Owners of inactive accounts will not notice if unauthorized access to their user account has been obtained.</rationale>
            <platform idref="#package_shadow-utils"/>
            <fix xmlns:xhtml="http://www.w3.org/1999/xhtml" id="account_disable_post_pw_expiration" system="urn:xccdf:fix:script:sh"># Remediation is applicable only in certain platforms
if dpkg-query --show --showformat='${db:Status-Status}\n' 'login' 2&gt;/dev/null | grep -q '^installed'; then

var_account_disable_post_pw_expiration='<xccdf-1.2:sub xmlns:xccdf-1.2="http://checklists.nist.gov/xccdf/1.2" idref="xccdf_org.ssgproject.content_value_var_account_disable_post_pw_expiration" use="legacy"/>'


# Strip any search characters in the key arg so that the key can be replaced without
# adding any search characters to the config file.
stripped_key=$(sed 's/[\^=\$,;+]*//g' &lt;&lt;&lt; "^INACTIVE")

# shellcheck disable=SC2059
printf -v formatted_output "%s=%s" "$stripped_key" "$var_account_disable_post_pw_expiration"

# If the key exists, change it. Otherwise, add it to the config_file.
# We search for the key string followed by a word boundary (matched by \&gt;),
# so if we search for 'setting', 'setting2' won't match.
if LC_ALL=C grep -q -m 1 -i -e "^INACTIVE\\&gt;" "/etc/default/useradd"; then
    escaped_formatted_output=$(sed -e 's|/|\\/|g' &lt;&lt;&lt; "$formatted_output")
    LC_ALL=C sed -i --follow-symlinks "s/^INACTIVE\\&gt;.*/$escaped_formatted_output/gi" "/etc/default/useradd"
else
    if [[ -s "/etc/default/useradd" ]] &amp;&amp; [[ -n "$(tail -c 1 -- "/etc/default/useradd" || true)" ]]; then
        LC_ALL=C sed -i --follow-symlinks '$a'\\ "/etc/default/useradd"
    fi
    printf '%s\n' "$formatted_output" &gt;&gt; "/etc/default/useradd"
fi

else
    &gt;&amp;2 echo 'Remediation is not applicable, nothing was done'
fi
</fix>
            <check system="http://oval.mitre.org/XMLSchema/oval-definitions-5">
              <check-export export-name="oval:ssg-var_account_disable_post_pw_expiration:var:1" value-id="xccdf_org.ssgproject.content_value_var_account_disable_post_pw_expiration"/>
              <check-content-ref name="oval:ssg-account_disable_post_pw_expiration:def:1" href="ssg-ubuntu2404-oval.xml"/>
            </check>
            <check system="http://scap.nist.gov/schema/ocil/2">
              <check-content-ref name="ocil:ssg-account_disable_post_pw_expiration_ocil:questionnaire:1" href="ssg-ubuntu2404-ocil.xml"/>
            </check>
          </Rule>
          <Rule id="xccdf_org.ssgproject.content_rule_account_unique_name" selected="false" role="full" severity="medium">
            <title xmlns:xhtml="http://www.w3.org/1999/xhtml" xml:lang="en-US">Ensure All Accounts on the System Have Unique Names</title>
            <description xmlns:xhtml="http://www.w3.org/1999/xhtml" xml:lang="en-US">Ensure accounts on the system have unique names.

To ensure all accounts have unique names, run the following command:
<html:pre xmlns:html="http://www.w3.org/1999/xhtml">$ sudo getent passwd | awk -F: '{ print $1}' | uniq -d</html:pre>
If a username is returned, change or delete the username.</description>
            <reference href="https://www.fbi.gov/file-repository/cjis-security-policy-v5_5_20160601-2-1.pdf">5.5.2</reference>
            <reference href="https://public.cyber.mil/stigs/cci/">CCI-000770</reference>
            <reference href="https://public.cyber.mil/stigs/cci/">CCI-000804</reference>
            <reference href="https://www.pcisecuritystandards.org/documents/PCI_DSS_v3-2-1.pdf">Req-8.1.1</reference>
            <reference href="https://www.cisecurity.org/benchmark/ubuntu_linux/">7.2.7</reference>
            <reference href="https://docs-prv.pcisecuritystandards.org/PCI%20DSS/Standard/PCI-DSS-v4_0.pdf">8.2.1</reference>
            <reference href="https://docs-prv.pcisecuritystandards.org/PCI%20DSS/Standard/PCI-DSS-v4_0.pdf">8.2</reference>
            <rationale xmlns:xhtml="http://www.w3.org/1999/xhtml" xml:lang="en-US">Unique usernames allow for accountability on the system.</rationale>
            <check system="http://oval.mitre.org/XMLSchema/oval-definitions-5">
              <check-content-ref name="oval:ssg-account_unique_name:def:1" href="ssg-ubuntu2404-oval.xml"/>
            </check>
            <check system="http://scap.nist.gov/schema/ocil/2">
              <check-content-ref name="ocil:ssg-account_unique_name_ocil:questionnaire:1" href="ssg-ubuntu2404-ocil.xml"/>
            </check>
          </Rule>
          <Rule id="xccdf_org.ssgproject.content_rule_ensure_shadow_group_empty" selected="false" role="full" severity="medium">
            <title xmlns:xhtml="http://www.w3.org/1999/xhtml" xml:lang="en-US">Ensure shadow Group is Empty</title>
            <description xmlns:xhtml="http://www.w3.org/1999/xhtml" xml:lang="en-US">The shadow group allows system programs which require access the ability
to read the /etc/shadow file. No users should be assigned to the shadow group.</description>
            <warning xmlns:xhtml="http://www.w3.org/1999/xhtml" xml:lang="en-US" category="general">This rule remediation will ensure the group membership is empty in /etc/group. To avoid any
disruption the remediation won't change the primary group of users in /etc/passwd if any
user has the shadow GID as primary group.</warning>
            <reference href="https://www.pcisecuritystandards.org/documents/PCI_DSS_v3-2-1.pdf">Req-8.2.1</reference>
            <reference href="https://www.cisecurity.org/benchmark/ubuntu_linux/">7.2.4</reference>
            <reference href="https://docs-prv.pcisecuritystandards.org/PCI%20DSS/Standard/PCI-DSS-v4_0.pdf">8.3.2</reference>
            <reference href="https://docs-prv.pcisecuritystandards.org/PCI%20DSS/Standard/PCI-DSS-v4_0.pdf">8.3</reference>
            <rationale xmlns:xhtml="http://www.w3.org/1999/xhtml" xml:lang="en-US">Any users assigned to the shadow group would be granted read access to the
/etc/shadow file. If attackers can gain read access to the /etc/shadow file,
they can easily run a password cracking program against the hashed passwords
to break them. Other security information that is stored in the /etc/shadow
file (such as expiration) could also be useful to subvert additional user
accounts.</rationale>
            <fix xmlns:xhtml="http://www.w3.org/1999/xhtml" id="ensure_shadow_group_empty" system="urn:xccdf:fix:script:ansible" complexity="low" disruption="medium" strategy="restrict">- name: Ensure interactive local users are the owners of their respective initialization
    files
  ansible.builtin.lineinfile:
    dest: /etc/group
    backrefs: true
    regexp: (^shadow:[^:]*:[^:]*:)([^:]+$)
    line: \1
  tags:
  - PCI-DSS-Req-8.2.1
  - PCI-DSSv4-8.3
  - PCI-DSSv4-8.3.2
  - ensure_shadow_group_empty
  - low_complexity
  - medium_disruption
  - medium_severity
  - no_reboot_needed
  - restrict_strategy
</fix>
            <fix xmlns:xhtml="http://www.w3.org/1999/xhtml" id="ensure_shadow_group_empty" system="urn:xccdf:fix:script:sh">
sed -ri 's/(^shadow:[^:]*:[^:]*:)([^:]+$)/\1/' /etc/group
</fix>
            <check system="http://oval.mitre.org/XMLSchema/oval-definitions-5">
              <check-content-ref name="oval:ssg-ensure_shadow_group_empty:def:1" href="ssg-ubuntu2404-oval.xml"/>
            </check>
            <check system="http://scap.nist.gov/schema/ocil/2">
              <check-content-ref name="ocil:ssg-ensure_shadow_group_empty_ocil:questionnaire:1" href="ssg-ubuntu2404-ocil.xml"/>
            </check>
          </Rule>
        </Group>
        <Group id="xccdf_org.ssgproject.content_group_password_expiration">
          <title xmlns:xhtml="http://www.w3.org/1999/xhtml" xml:lang="en-US">Set Password Expiration Parameters</title>
          <description xmlns:xhtml="http://www.w3.org/1999/xhtml" xml:lang="en-US">The file <html:code xmlns:html="http://www.w3.org/1999/xhtml">/etc/login.defs</html:code> controls several
password-related settings. Programs such as <html:code xmlns:html="http://www.w3.org/1999/xhtml">passwd</html:code>,
<html:code xmlns:html="http://www.w3.org/1999/xhtml">su</html:code>, and
<html:code xmlns:html="http://www.w3.org/1999/xhtml">login</html:code> consult <html:code xmlns:html="http://www.w3.org/1999/xhtml">/etc/login.defs</html:code> to determine
behavior with regard to password aging, expiration warnings,
and length. See the man page <html:code xmlns:html="http://www.w3.org/1999/xhtml">login.defs(5)</html:code> for more information.
<html:br xmlns:html="http://www.w3.org/1999/xhtml"/>
        <html:br xmlns:html="http://www.w3.org/1999/xhtml"/>
Users should be forced to change their passwords, in order to
decrease the utility of compromised passwords. However, the need to
change passwords often should be balanced against the risk that
users will reuse or write down passwords if forced to change them
too often. Forcing password changes every 90-360 days, depending on
the environment, is recommended. Set the appropriate value as
<html:code xmlns:html="http://www.w3.org/1999/xhtml">PASS_MAX_DAYS</html:code> and apply it to existing accounts with the
<html:code xmlns:html="http://www.w3.org/1999/xhtml">-M</html:code> flag.
<html:br xmlns:html="http://www.w3.org/1999/xhtml"/>
        <html:br xmlns:html="http://www.w3.org/1999/xhtml"/>
The <html:code xmlns:html="http://www.w3.org/1999/xhtml">PASS_MIN_DAYS</html:code> (<html:code xmlns:html="http://www.w3.org/1999/xhtml">-m</html:code>) setting prevents password
changes for 7 days after the first change, to discourage password
cycling. If you use this setting, train users to contact an administrator
for an emergency password change in case a new password becomes
compromised. The <html:code xmlns:html="http://www.w3.org/1999/xhtml">PASS_WARN_AGE</html:code> (<html:code xmlns:html="http://www.w3.org/1999/xhtml">-W</html:code>) setting gives
users 7 days of warnings at login time that their passwords are about to expire.
<html:br xmlns:html="http://www.w3.org/1999/xhtml"/>
        <html:br xmlns:html="http://www.w3.org/1999/xhtml"/>
For example, for each existing human user <html:i xmlns:html="http://www.w3.org/1999/xhtml">USER</html:i>, expiration parameters
could be adjusted to a 180 day maximum password age, 7 day minimum password
age, and 7 day warning period with the following command:
<html:pre xmlns:html="http://www.w3.org/1999/xhtml">$ sudo chage -M 180 -m 7 -W 7 USER</html:pre>
       </description>
          <Value id="xccdf_org.ssgproject.content_value_var_accounts_maximum_age_login_defs" type="number">
            <title xmlns:xhtml="http://www.w3.org/1999/xhtml" xml:lang="en-US">maximum password age</title>
            <description xmlns:xhtml="http://www.w3.org/1999/xhtml" xml:lang="en-US">Maximum age of password in days</description>
            <value selector="365">365</value>
            <value selector="120">120</value>
            <value selector="180">180</value>
            <value selector="90">90</value>
            <value selector="60">60</value>
            <value selector="45">45</value>
            <value>60</value>
          </Value>
          <Value id="xccdf_org.ssgproject.content_value_var_accounts_minimum_age_login_defs" type="number">
            <title xmlns:xhtml="http://www.w3.org/1999/xhtml" xml:lang="en-US">minimum password age</title>
            <description xmlns:xhtml="http://www.w3.org/1999/xhtml" xml:lang="en-US">Minimum age of password in days</description>
            <value selector="0">0</value>
            <value selector="1">1</value>
            <value selector="2">2</value>
            <value selector="3">3</value>
            <value selector="4">4</value>
            <value selector="5">5</value>
            <value selector="6">6</value>
            <value selector="7">7</value>
            <value>7</value>
          </Value>
          <Value id="xccdf_org.ssgproject.content_value_var_accounts_password_warn_age_login_defs" type="number">
            <title xmlns:xhtml="http://www.w3.org/1999/xhtml" xml:lang="en-US">warning days before password expires</title>
            <description xmlns:xhtml="http://www.w3.org/1999/xhtml" xml:lang="en-US">The number of days' warning given before a password expires.</description>
            <warning xmlns:xhtml="http://www.w3.org/1999/xhtml" xml:lang="en-US" category="general">This will only apply to newly created accounts</warning>
            <value selector="0">0</value>
            <value selector="14">14</value>
            <value selector="10">10</value>
            <value selector="7">7</value>
            <value>7</value>
          </Value>
          <Rule id="xccdf_org.ssgproject.content_rule_accounts_maximum_age_login_defs" selected="false" role="full" severity="medium">
            <title xmlns:xhtml="http://www.w3.org/1999/xhtml" xml:lang="en-US">Set Password Maximum Age</title>
            <description xmlns:xhtml="http://www.w3.org/1999/xhtml" xml:lang="en-US">To specify password maximum age for new accounts,
edit the file <html:code xmlns:html="http://www.w3.org/1999/xhtml">/etc/login.defs</html:code>
and add or correct the following line:
<html:pre xmlns:html="http://www.w3.org/1999/xhtml" xmlns:xccdf-1.2="http://checklists.nist.gov/xccdf/1.2">PASS_MAX_DAYS <xccdf-1.2:sub idref="xccdf_org.ssgproject.content_value_var_accounts_maximum_age_login_defs" use="legacy"/>
         </html:pre>
A value of 180 days is sufficient for many environments.
The DoD requirement is 60.
The profile requirement is <html:code xmlns:html="http://www.w3.org/1999/xhtml" xmlns:xccdf-1.2="http://checklists.nist.gov/xccdf/1.2"><xccdf-1.2:sub idref="xccdf_org.ssgproject.content_value_var_accounts_maximum_age_login_defs" use="legacy"/></html:code>.</description>
            <reference href="https://www.cisecurity.org/controls/">1</reference>
            <reference href="https://www.cisecurity.org/controls/">12</reference>
            <reference href="https://www.cisecurity.org/controls/">15</reference>
            <reference href="https://www.cisecurity.org/controls/">16</reference>
            <reference href="https://www.cisecurity.org/controls/">5</reference>
            <reference href="https://www.fbi.gov/file-repository/cjis-security-policy-v5_5_20160601-2-1.pdf">5.6.2.1</reference>
            <reference href="https://www.isaca.org/resources/cobit">DSS05.04</reference>
            <reference href="https://www.isaca.org/resources/cobit">DSS05.05</reference>
            <reference href="https://www.isaca.org/resources/cobit">DSS05.07</reference>
            <reference href="https://www.isaca.org/resources/cobit">DSS05.10</reference>
            <reference href="https://www.isaca.org/resources/cobit">DSS06.03</reference>
            <reference href="https://www.isaca.org/resources/cobit">DSS06.10</reference>
            <reference href="http://nvlpubs.nist.gov/nistpubs/SpecialPublications/NIST.SP.800-171.pdf">3.5.6</reference>
            <reference href="https://public.cyber.mil/stigs/cci/">CCI-004066</reference>
            <reference href="https://www.isa.org/products/isa-62443-2-1-2009-security-for-industrial-automat">4.3.3.2.2</reference>
            <reference href="https://www.isa.org/products/isa-62443-2-1-2009-security-for-industrial-automat">4.3.3.5.1</reference>
            <reference href="https://www.isa.org/products/isa-62443-2-1-2009-security-for-industrial-automat">4.3.3.5.2</reference>
            <reference href="https://www.isa.org/products/isa-62443-2-1-2009-security-for-industrial-automat">4.3.3.6.1</reference>
            <reference href="https://www.isa.org/products/isa-62443-2-1-2009-security-for-industrial-automat">4.3.3.6.2</reference>
            <reference href="https://www.isa.org/products/isa-62443-2-1-2009-security-for-industrial-automat">4.3.3.6.3</reference>
            <reference href="https://www.isa.org/products/isa-62443-2-1-2009-security-for-industrial-automat">4.3.3.6.4</reference>
            <reference href="https://www.isa.org/products/isa-62443-2-1-2009-security-for-industrial-automat">4.3.3.6.5</reference>
            <reference href="https://www.isa.org/products/isa-62443-2-1-2009-security-for-industrial-automat">4.3.3.6.6</reference>
            <reference href="https://www.isa.org/products/isa-62443-2-1-2009-security-for-industrial-automat">4.3.3.6.7</reference>
            <reference href="https://www.isa.org/products/isa-62443-2-1-2009-security-for-industrial-automat">4.3.3.6.8</reference>
            <reference href="https://www.isa.org/products/isa-62443-2-1-2009-security-for-industrial-automat">4.3.3.6.9</reference>
            <reference href="https://www.isa.org/products/isa-62443-2-1-2009-security-for-industrial-automat">4.3.3.7.2</reference>
            <reference href="https://www.isa.org/products/isa-62443-2-1-2009-security-for-industrial-automat">4.3.3.7.4</reference>
            <reference href="https://www.isa.org/products/ansi-isa-62443-3-3-99-03-03-2013-security-for-indu">SR 1.1</reference>
            <reference href="https://www.isa.org/products/ansi-isa-62443-3-3-99-03-03-2013-security-for-indu">SR 1.10</reference>
            <reference href="https://www.isa.org/products/ansi-isa-62443-3-3-99-03-03-2013-security-for-indu">SR 1.2</reference>
            <reference href="https://www.isa.org/products/ansi-isa-62443-3-3-99-03-03-2013-security-for-indu">SR 1.3</reference>
            <reference href="https://www.isa.org/products/ansi-isa-62443-3-3-99-03-03-2013-security-for-indu">SR 1.4</reference>
            <reference href="https://www.isa.org/products/ansi-isa-62443-3-3-99-03-03-2013-security-for-indu">SR 1.5</reference>
            <reference href="https://www.isa.org/products/ansi-isa-62443-3-3-99-03-03-2013-security-for-indu">SR 1.7</reference>
            <reference href="https://www.isa.org/products/ansi-isa-62443-3-3-99-03-03-2013-security-for-indu">SR 1.8</reference>
            <reference href="https://www.isa.org/products/ansi-isa-62443-3-3-99-03-03-2013-security-for-indu">SR 1.9</reference>
            <reference href="https://www.isa.org/products/ansi-isa-62443-3-3-99-03-03-2013-security-for-indu">SR 2.1</reference>
            <reference href="https://www.cyber.gov.au/acsc/view-all-content/ism">0418</reference>
            <reference href="https://www.cyber.gov.au/acsc/view-all-content/ism">1055</reference>
            <reference href="https://www.cyber.gov.au/acsc/view-all-content/ism">1402</reference>
            <reference href="https://www.iso.org/contents/data/standard/05/45/54534.html">A.18.1.4</reference>
            <reference href="https://www.iso.org/contents/data/standard/05/45/54534.html">A.7.1.1</reference>
            <reference href="https://www.iso.org/contents/data/standard/05/45/54534.html">A.9.2.1</reference>
            <reference href="https://www.iso.org/contents/data/standard/05/45/54534.html">A.9.2.2</reference>
            <reference href="https://www.iso.org/contents/data/standard/05/45/54534.html">A.9.2.3</reference>
            <reference href="https://www.iso.org/contents/data/standard/05/45/54534.html">A.9.2.4</reference>
            <reference href="https://www.iso.org/contents/data/standard/05/45/54534.html">A.9.2.6</reference>
            <reference href="https://www.iso.org/contents/data/standard/05/45/54534.html">A.9.3.1</reference>
            <reference href="https://www.iso.org/contents/data/standard/05/45/54534.html">A.9.4.2</reference>
            <reference href="https://www.iso.org/contents/data/standard/05/45/54534.html">A.9.4.3</reference>
            <reference href="http://nvlpubs.nist.gov/nistpubs/SpecialPublications/NIST.SP.800-53r4.pdf">IA-5(f)</reference>
            <reference href="http://nvlpubs.nist.gov/nistpubs/SpecialPublications/NIST.SP.800-53r4.pdf">IA-5(1)(d)</reference>
            <reference href="http://nvlpubs.nist.gov/nistpubs/SpecialPublications/NIST.SP.800-53r4.pdf">CM-6(a)</reference>
            <reference href="https://nvlpubs.nist.gov/nistpubs/CSWP/NIST.CSWP.04162018.pdf">PR.AC-1</reference>
            <reference href="https://nvlpubs.nist.gov/nistpubs/CSWP/NIST.CSWP.04162018.pdf">PR.AC-6</reference>
            <reference href="https://nvlpubs.nist.gov/nistpubs/CSWP/NIST.CSWP.04162018.pdf">PR.AC-7</reference>
            <reference href="https://www.pcisecuritystandards.org/documents/PCI_DSS_v3-2-1.pdf">Req-8.2.4</reference>
            <reference href="https://public.cyber.mil/stigs/downloads/?_dl_facet_stigs=operating-systems%2Cgeneral-purpose-os">SRG-OS-000076-GPOS-00044</reference>
            <reference href="https://www.cisecurity.org/benchmark/ubuntu_linux/">5.4.1.1</reference>
            <reference href="https://docs-prv.pcisecuritystandards.org/PCI%20DSS/Standard/PCI-DSS-v4_0.pdf">8.3.9</reference>
            <reference href="https://docs-prv.pcisecuritystandards.org/PCI%20DSS/Standard/PCI-DSS-v4_0.pdf">8.3</reference>
            <rationale xmlns:xhtml="http://www.w3.org/1999/xhtml" xml:lang="en-US">Any password, no matter how complex, can eventually be cracked. Therefore, passwords
need to be changed periodically. If the operating system does not limit the lifetime
of passwords and force users to change their passwords, there is the risk that the
operating system passwords could be compromised.
<html:br xmlns:html="http://www.w3.org/1999/xhtml"/>
         <html:br xmlns:html="http://www.w3.org/1999/xhtml"/>
Setting the password maximum age ensures users are required to
periodically change their passwords. Requiring shorter password lifetimes
increases the risk of users writing down the password in a convenient
location subject to physical compromise.</rationale>
            <platform idref="#package_shadow-utils"/>
            <fix xmlns:xhtml="http://www.w3.org/1999/xhtml" id="accounts_maximum_age_login_defs" system="urn:xccdf:fix:script:sh"># Remediation is applicable only in certain platforms
if dpkg-query --show --showformat='${db:Status-Status}\n' 'login' 2&gt;/dev/null | grep -q '^installed'; then

var_accounts_maximum_age_login_defs='<xccdf-1.2:sub xmlns:xccdf-1.2="http://checklists.nist.gov/xccdf/1.2" idref="xccdf_org.ssgproject.content_value_var_accounts_maximum_age_login_defs" use="legacy"/>'

# Strip any search characters in the key arg so that the key can be replaced without
# adding any search characters to the config file.
stripped_key=$(sed 's/[\^=\$,;+]*//g' &lt;&lt;&lt; "^PASS_MAX_DAYS")

# shellcheck disable=SC2059
printf -v formatted_output "%s %s" "$stripped_key" "$var_accounts_maximum_age_login_defs"

# If the key exists, change it. Otherwise, add it to the config_file.
# We search for the key string followed by a word boundary (matched by \&gt;),
# so if we search for 'setting', 'setting2' won't match.
if LC_ALL=C grep -q -m 1 -i -e "^PASS_MAX_DAYS\\&gt;" "/etc/login.defs"; then
    escaped_formatted_output=$(sed -e 's|/|\\/|g' &lt;&lt;&lt; "$formatted_output")
    LC_ALL=C sed -i --follow-symlinks "s/^PASS_MAX_DAYS\\&gt;.*/$escaped_formatted_output/gi" "/etc/login.defs"
else
    if [[ -s "/etc/login.defs" ]] &amp;&amp; [[ -n "$(tail -c 1 -- "/etc/login.defs" || true)" ]]; then
        LC_ALL=C sed -i --follow-symlinks '$a'\\ "/etc/login.defs"
    fi
    printf '%s\n' "$formatted_output" &gt;&gt; "/etc/login.defs"
fi

else
    &gt;&amp;2 echo 'Remediation is not applicable, nothing was done'
fi
</fix>
            <check system="http://oval.mitre.org/XMLSchema/oval-definitions-5">
              <check-export export-name="oval:ssg-var_accounts_maximum_age_login_defs:var:1" value-id="xccdf_org.ssgproject.content_value_var_accounts_maximum_age_login_defs"/>
              <check-content-ref name="oval:ssg-accounts_maximum_age_login_defs:def:1" href="ssg-ubuntu2404-oval.xml"/>
            </check>
            <check system="http://scap.nist.gov/schema/ocil/2">
              <check-content-ref name="ocil:ssg-accounts_maximum_age_login_defs_ocil:questionnaire:1" href="ssg-ubuntu2404-ocil.xml"/>
            </check>
          </Rule>
          <Rule id="xccdf_org.ssgproject.content_rule_accounts_minimum_age_login_defs" selected="false" role="full" severity="medium">
            <title xmlns:xhtml="http://www.w3.org/1999/xhtml" xml:lang="en-US">Set Password Minimum Age</title>
            <description xmlns:xhtml="http://www.w3.org/1999/xhtml" xml:lang="en-US">To specify password minimum age for new accounts,
edit the file <html:code xmlns:html="http://www.w3.org/1999/xhtml">/etc/login.defs</html:code>
and add or correct the following line:
<html:pre xmlns:html="http://www.w3.org/1999/xhtml" xmlns:xccdf-1.2="http://checklists.nist.gov/xccdf/1.2">PASS_MIN_DAYS <xccdf-1.2:sub idref="xccdf_org.ssgproject.content_value_var_accounts_minimum_age_login_defs" use="legacy"/>
         </html:pre>
A value of 1 day is considered sufficient for many
environments. The DoD requirement is 1.
The profile requirement is <html:code xmlns:html="http://www.w3.org/1999/xhtml" xmlns:xccdf-1.2="http://checklists.nist.gov/xccdf/1.2"><xccdf-1.2:sub idref="xccdf_org.ssgproject.content_value_var_accounts_minimum_age_login_defs" use="legacy"/></html:code>.</description>
            <reference href="https://www.cisecurity.org/controls/">1</reference>
            <reference href="https://www.cisecurity.org/controls/">12</reference>
            <reference href="https://www.cisecurity.org/controls/">15</reference>
            <reference href="https://www.cisecurity.org/controls/">16</reference>
            <reference href="https://www.cisecurity.org/controls/">5</reference>
            <reference href="https://www.fbi.gov/file-repository/cjis-security-policy-v5_5_20160601-2-1.pdf">5.6.2.1.1</reference>
            <reference href="https://www.isaca.org/resources/cobit">DSS05.04</reference>
            <reference href="https://www.isaca.org/resources/cobit">DSS05.05</reference>
            <reference href="https://www.isaca.org/resources/cobit">DSS05.07</reference>
            <reference href="https://www.isaca.org/resources/cobit">DSS05.10</reference>
            <reference href="https://www.isaca.org/resources/cobit">DSS06.03</reference>
            <reference href="https://www.isaca.org/resources/cobit">DSS06.10</reference>
            <reference href="http://nvlpubs.nist.gov/nistpubs/SpecialPublications/NIST.SP.800-171.pdf">3.5.8</reference>
            <reference href="https://public.cyber.mil/stigs/cci/">CCI-004066</reference>
            <reference href="https://www.isa.org/products/isa-62443-2-1-2009-security-for-industrial-automat">4.3.3.2.2</reference>
            <reference href="https://www.isa.org/products/isa-62443-2-1-2009-security-for-industrial-automat">4.3.3.5.1</reference>
            <reference href="https://www.isa.org/products/isa-62443-2-1-2009-security-for-industrial-automat">4.3.3.5.2</reference>
            <reference href="https://www.isa.org/products/isa-62443-2-1-2009-security-for-industrial-automat">4.3.3.6.1</reference>
            <reference href="https://www.isa.org/products/isa-62443-2-1-2009-security-for-industrial-automat">4.3.3.6.2</reference>
            <reference href="https://www.isa.org/products/isa-62443-2-1-2009-security-for-industrial-automat">4.3.3.6.3</reference>
            <reference href="https://www.isa.org/products/isa-62443-2-1-2009-security-for-industrial-automat">4.3.3.6.4</reference>
            <reference href="https://www.isa.org/products/isa-62443-2-1-2009-security-for-industrial-automat">4.3.3.6.5</reference>
            <reference href="https://www.isa.org/products/isa-62443-2-1-2009-security-for-industrial-automat">4.3.3.6.6</reference>
            <reference href="https://www.isa.org/products/isa-62443-2-1-2009-security-for-industrial-automat">4.3.3.6.7</reference>
            <reference href="https://www.isa.org/products/isa-62443-2-1-2009-security-for-industrial-automat">4.3.3.6.8</reference>
            <reference href="https://www.isa.org/products/isa-62443-2-1-2009-security-for-industrial-automat">4.3.3.6.9</reference>
            <reference href="https://www.isa.org/products/isa-62443-2-1-2009-security-for-industrial-automat">4.3.3.7.2</reference>
            <reference href="https://www.isa.org/products/isa-62443-2-1-2009-security-for-industrial-automat">4.3.3.7.4</reference>
            <reference href="https://www.isa.org/products/ansi-isa-62443-3-3-99-03-03-2013-security-for-indu">SR 1.1</reference>
            <reference href="https://www.isa.org/products/ansi-isa-62443-3-3-99-03-03-2013-security-for-indu">SR 1.10</reference>
            <reference href="https://www.isa.org/products/ansi-isa-62443-3-3-99-03-03-2013-security-for-indu">SR 1.2</reference>
            <reference href="https://www.isa.org/products/ansi-isa-62443-3-3-99-03-03-2013-security-for-indu">SR 1.3</reference>
            <reference href="https://www.isa.org/products/ansi-isa-62443-3-3-99-03-03-2013-security-for-indu">SR 1.4</reference>
            <reference href="https://www.isa.org/products/ansi-isa-62443-3-3-99-03-03-2013-security-for-indu">SR 1.5</reference>
            <reference href="https://www.isa.org/products/ansi-isa-62443-3-3-99-03-03-2013-security-for-indu">SR 1.7</reference>
            <reference href="https://www.isa.org/products/ansi-isa-62443-3-3-99-03-03-2013-security-for-indu">SR 1.8</reference>
            <reference href="https://www.isa.org/products/ansi-isa-62443-3-3-99-03-03-2013-security-for-indu">SR 1.9</reference>
            <reference href="https://www.isa.org/products/ansi-isa-62443-3-3-99-03-03-2013-security-for-indu">SR 2.1</reference>
            <reference href="https://www.cyber.gov.au/acsc/view-all-content/ism">0418</reference>
            <reference href="https://www.cyber.gov.au/acsc/view-all-content/ism">1055</reference>
            <reference href="https://www.cyber.gov.au/acsc/view-all-content/ism">1402</reference>
            <reference href="https://www.iso.org/contents/data/standard/05/45/54534.html">A.18.1.4</reference>
            <reference href="https://www.iso.org/contents/data/standard/05/45/54534.html">A.7.1.1</reference>
            <reference href="https://www.iso.org/contents/data/standard/05/45/54534.html">A.9.2.1</reference>
            <reference href="https://www.iso.org/contents/data/standard/05/45/54534.html">A.9.2.2</reference>
            <reference href="https://www.iso.org/contents/data/standard/05/45/54534.html">A.9.2.3</reference>
            <reference href="https://www.iso.org/contents/data/standard/05/45/54534.html">A.9.2.4</reference>
            <reference href="https://www.iso.org/contents/data/standard/05/45/54534.html">A.9.2.6</reference>
            <reference href="https://www.iso.org/contents/data/standard/05/45/54534.html">A.9.3.1</reference>
            <reference href="https://www.iso.org/contents/data/standard/05/45/54534.html">A.9.4.2</reference>
            <reference href="https://www.iso.org/contents/data/standard/05/45/54534.html">A.9.4.3</reference>
            <reference href="http://nvlpubs.nist.gov/nistpubs/SpecialPublications/NIST.SP.800-53r4.pdf">IA-5(f)</reference>
            <reference href="http://nvlpubs.nist.gov/nistpubs/SpecialPublications/NIST.SP.800-53r4.pdf">IA-5(1)(d)</reference>
            <reference href="http://nvlpubs.nist.gov/nistpubs/SpecialPublications/NIST.SP.800-53r4.pdf">CM-6(a)</reference>
            <reference href="https://nvlpubs.nist.gov/nistpubs/CSWP/NIST.CSWP.04162018.pdf">PR.AC-1</reference>
            <reference href="https://nvlpubs.nist.gov/nistpubs/CSWP/NIST.CSWP.04162018.pdf">PR.AC-6</reference>
            <reference href="https://nvlpubs.nist.gov/nistpubs/CSWP/NIST.CSWP.04162018.pdf">PR.AC-7</reference>
            <reference href="https://public.cyber.mil/stigs/downloads/?_dl_facet_stigs=operating-systems%2Cgeneral-purpose-os">SRG-OS-000075-GPOS-00043</reference>
            <reference href="https://www.cisecurity.org/benchmark/ubuntu_linux/">5.4.1.2</reference>
            <rationale xmlns:xhtml="http://www.w3.org/1999/xhtml" xml:lang="en-US">Enforcing a minimum password lifetime helps to prevent repeated password
changes to defeat the password reuse or history enforcement requirement. If
users are allowed to immediately and continually change their password,
then the password could be repeatedly changed in a short period of time to
defeat the organization's policy regarding password reuse.
<html:br xmlns:html="http://www.w3.org/1999/xhtml"/>
         <html:br xmlns:html="http://www.w3.org/1999/xhtml"/>
Setting the minimum password age protects against users cycling back to a
favorite password after satisfying the password reuse requirement.</rationale>
            <platform idref="#package_shadow-utils"/>
            <fix xmlns:xhtml="http://www.w3.org/1999/xhtml" id="accounts_minimum_age_login_defs" system="urn:xccdf:fix:script:sh"># Remediation is applicable only in certain platforms
if dpkg-query --show --showformat='${db:Status-Status}\n' 'login' 2&gt;/dev/null | grep -q '^installed'; then

var_accounts_minimum_age_login_defs='<xccdf-1.2:sub xmlns:xccdf-1.2="http://checklists.nist.gov/xccdf/1.2" idref="xccdf_org.ssgproject.content_value_var_accounts_minimum_age_login_defs" use="legacy"/>'

# Strip any search characters in the key arg so that the key can be replaced without
# adding any search characters to the config file.
stripped_key=$(sed 's/[\^=\$,;+]*//g' &lt;&lt;&lt; "^PASS_MIN_DAYS")

# shellcheck disable=SC2059
printf -v formatted_output "%s %s" "$stripped_key" "$var_accounts_minimum_age_login_defs"

# If the key exists, change it. Otherwise, add it to the config_file.
# We search for the key string followed by a word boundary (matched by \&gt;),
# so if we search for 'setting', 'setting2' won't match.
if LC_ALL=C grep -q -m 1 -i -e "^PASS_MIN_DAYS\\&gt;" "/etc/login.defs"; then
    escaped_formatted_output=$(sed -e 's|/|\\/|g' &lt;&lt;&lt; "$formatted_output")
    LC_ALL=C sed -i --follow-symlinks "s/^PASS_MIN_DAYS\\&gt;.*/$escaped_formatted_output/gi" "/etc/login.defs"
else
    if [[ -s "/etc/login.defs" ]] &amp;&amp; [[ -n "$(tail -c 1 -- "/etc/login.defs" || true)" ]]; then
        LC_ALL=C sed -i --follow-symlinks '$a'\\ "/etc/login.defs"
    fi
    printf '%s\n' "$formatted_output" &gt;&gt; "/etc/login.defs"
fi

else
    &gt;&amp;2 echo 'Remediation is not applicable, nothing was done'
fi
</fix>
            <check system="http://oval.mitre.org/XMLSchema/oval-definitions-5">
              <check-export export-name="oval:ssg-var_accounts_minimum_age_login_defs:var:1" value-id="xccdf_org.ssgproject.content_value_var_accounts_minimum_age_login_defs"/>
              <check-content-ref name="oval:ssg-accounts_minimum_age_login_defs:def:1" href="ssg-ubuntu2404-oval.xml"/>
            </check>
            <check system="http://scap.nist.gov/schema/ocil/2">
              <check-content-ref name="ocil:ssg-accounts_minimum_age_login_defs_ocil:questionnaire:1" href="ssg-ubuntu2404-ocil.xml"/>
            </check>
          </Rule>
          <Rule id="xccdf_org.ssgproject.content_rule_accounts_password_set_max_life_existing" selected="false" role="full" severity="medium">
            <title xmlns:xhtml="http://www.w3.org/1999/xhtml" xml:lang="en-US">Set Existing Passwords Maximum Age</title>
            <description xmlns:xhtml="http://www.w3.org/1999/xhtml" xml:lang="en-US">Configure non-compliant accounts to enforce a <xccdf-1.2:sub xmlns:xccdf-1.2="http://checklists.nist.gov/xccdf/1.2" idref="xccdf_org.ssgproject.content_value_var_accounts_maximum_age_login_defs" use="legacy"/>-day maximum password lifetime
restriction by running the following command:
<html:pre xmlns:html="http://www.w3.org/1999/xhtml" xmlns:xccdf-1.2="http://checklists.nist.gov/xccdf/1.2">$ sudo chage -M <xccdf-1.2:sub idref="xccdf_org.ssgproject.content_value_var_accounts_maximum_age_login_defs" use="legacy"/>
          <html:i>USER</html:i>
         </html:pre>
        </description>
            <reference href="https://public.cyber.mil/stigs/cci/">CCI-004066</reference>
            <reference href="http://nvlpubs.nist.gov/nistpubs/SpecialPublications/NIST.SP.800-53r4.pdf">IA-5(f)</reference>
            <reference href="http://nvlpubs.nist.gov/nistpubs/SpecialPublications/NIST.SP.800-53r4.pdf">IA-5(1)(d)</reference>
            <reference href="http://nvlpubs.nist.gov/nistpubs/SpecialPublications/NIST.SP.800-53r4.pdf">CM-6(a)</reference>
            <reference href="https://public.cyber.mil/stigs/downloads/?_dl_facet_stigs=operating-systems%2Cgeneral-purpose-os">SRG-OS-000076-GPOS-00044</reference>
            <reference href="https://www.cisecurity.org/benchmark/ubuntu_linux/">5.4.1.1</reference>
            <reference href="https://docs-prv.pcisecuritystandards.org/PCI%20DSS/Standard/PCI-DSS-v4_0.pdf">8.3.9</reference>
            <reference href="https://docs-prv.pcisecuritystandards.org/PCI%20DSS/Standard/PCI-DSS-v4_0.pdf">8.3</reference>
            <rationale xmlns:xhtml="http://www.w3.org/1999/xhtml" xml:lang="en-US">Any password, no matter how complex, can eventually be cracked. Therefore,
passwords need to be changed periodically. If the operating system does
not limit the lifetime of passwords and force users to change their
passwords, there is the risk that the operating system passwords could be
compromised.</rationale>
            <fix xmlns:xhtml="http://www.w3.org/1999/xhtml" id="accounts_password_set_max_life_existing" system="urn:xccdf:fix:script:sh" complexity="low" disruption="low" strategy="restrict">
var_accounts_maximum_age_login_defs='<xccdf-1.2:sub xmlns:xccdf-1.2="http://checklists.nist.gov/xccdf/1.2" idref="xccdf_org.ssgproject.content_value_var_accounts_maximum_age_login_defs" use="legacy"/>'


while IFS= read -r i; do
    
    chage -M $var_accounts_maximum_age_login_defs $i

done &lt;   &lt;(awk -v var="$var_accounts_maximum_age_login_defs" -F: '(/^[^:]+:[^!*]/ &amp;&amp; ($5 &gt; var || $5 == "")) {print $1}' /etc/shadow)
</fix>
            <check system="http://oval.mitre.org/XMLSchema/oval-definitions-5">
              <check-export export-name="oval:ssg-var_accounts_minimum_age_login_defs:var:1" value-id="xccdf_org.ssgproject.content_value_var_accounts_minimum_age_login_defs"/>
              <check-export export-name="oval:ssg-var_accounts_maximum_age_login_defs:var:1" value-id="xccdf_org.ssgproject.content_value_var_accounts_maximum_age_login_defs"/>
              <check-content-ref name="oval:ssg-accounts_password_set_max_life_existing:def:1" href="ssg-ubuntu2404-oval.xml"/>
            </check>
            <check system="http://scap.nist.gov/schema/ocil/2">
              <check-content-ref name="ocil:ssg-accounts_password_set_max_life_existing_ocil:questionnaire:1" href="ssg-ubuntu2404-ocil.xml"/>
            </check>
          </Rule>
          <Rule id="xccdf_org.ssgproject.content_rule_accounts_password_set_min_life_existing" selected="false" role="full" severity="medium">
            <title xmlns:xhtml="http://www.w3.org/1999/xhtml" xml:lang="en-US">Set Existing Passwords Minimum Age</title>
            <description xmlns:xhtml="http://www.w3.org/1999/xhtml" xml:lang="en-US">Configure non-compliant accounts to enforce a 24 hours/1 day minimum password
lifetime by running the following command:
<html:pre xmlns:html="http://www.w3.org/1999/xhtml">$ sudo chage -m 1 <html:i>USER</html:i>
         </html:pre>
        </description>
            <reference href="https://public.cyber.mil/stigs/cci/">CCI-004066</reference>
            <reference href="http://nvlpubs.nist.gov/nistpubs/SpecialPublications/NIST.SP.800-53r4.pdf">IA-5(f)</reference>
            <reference href="http://nvlpubs.nist.gov/nistpubs/SpecialPublications/NIST.SP.800-53r4.pdf">IA-5(1)(d)</reference>
            <reference href="http://nvlpubs.nist.gov/nistpubs/SpecialPublications/NIST.SP.800-53r4.pdf">CM-6(a)</reference>
            <reference href="https://public.cyber.mil/stigs/downloads/?_dl_facet_stigs=operating-systems%2Cgeneral-purpose-os">SRG-OS-000075-GPOS-00043</reference>
            <reference href="https://www.cisecurity.org/benchmark/ubuntu_linux/">5.4.1.2</reference>
            <rationale xmlns:xhtml="http://www.w3.org/1999/xhtml" xml:lang="en-US">Enforcing a minimum password lifetime helps to prevent repeated password
changes to defeat the password reuse or history enforcement requirement. If
users are allowed to immediately and continually change their password, the
password could be repeatedly changed in a short period of time to defeat the
organization's policy regarding password reuse.</rationale>
            <fix xmlns:xhtml="http://www.w3.org/1999/xhtml" id="accounts_password_set_min_life_existing" system="urn:xccdf:fix:script:ansible" complexity="low" disruption="low" strategy="restrict">- name: XCCDF Value var_accounts_minimum_age_login_defs # promote to variable
  set_fact:
    var_accounts_minimum_age_login_defs: !!str <xccdf-1.2:sub xmlns:xccdf-1.2="http://checklists.nist.gov/xccdf/1.2" idref="xccdf_org.ssgproject.content_value_var_accounts_minimum_age_login_defs" use="legacy"/>
  tags:
    - always

- name: Collect users with not correct minimum time period between password changes
  command: |
    awk -F':' '(/^[^:]+:[^!*]/ &amp;&amp; ($4 &lt; {{ var_accounts_minimum_age_login_defs }} || $4 == "")) {print $1}' /etc/shadow
  register: user_names
  tags:
  - NIST-800-53-CM-6(a)
  - NIST-800-53-IA-5(1)(d)
  - NIST-800-53-IA-5(f)
  - accounts_password_set_min_life_existing
  - low_complexity
  - low_disruption
  - medium_severity
  - no_reboot_needed
  - restrict_strategy

- name: Change the minimum time period between password changes
  command: |
    chage -m {{ var_accounts_minimum_age_login_defs }} {{ item }}
  with_items: '{{ user_names.stdout_lines }}'
  when: user_names.stdout_lines | length &gt; 0
  tags:
  - NIST-800-53-CM-6(a)
  - NIST-800-53-IA-5(1)(d)
  - NIST-800-53-IA-5(f)
  - accounts_password_set_min_life_existing
  - low_complexity
  - low_disruption
  - medium_severity
  - no_reboot_needed
  - restrict_strategy
</fix>
            <fix xmlns:xhtml="http://www.w3.org/1999/xhtml" id="accounts_password_set_min_life_existing" system="urn:xccdf:fix:script:sh" complexity="low" disruption="low" strategy="restrict">
var_accounts_minimum_age_login_defs='<xccdf-1.2:sub xmlns:xccdf-1.2="http://checklists.nist.gov/xccdf/1.2" idref="xccdf_org.ssgproject.content_value_var_accounts_minimum_age_login_defs" use="legacy"/>'


while IFS= read -r i; do
    
    chage -m $var_accounts_minimum_age_login_defs $i

done &lt;   &lt;(awk -v var="$var_accounts_minimum_age_login_defs" -F: '(/^[^:]+:[^!*]/ &amp;&amp; ($4 &lt; var || $4 == "")) {print $1}' /etc/shadow)
</fix>
            <check system="http://oval.mitre.org/XMLSchema/oval-definitions-5">
              <check-export export-name="oval:ssg-var_accounts_minimum_age_login_defs:var:1" value-id="xccdf_org.ssgproject.content_value_var_accounts_minimum_age_login_defs"/>
              <check-export export-name="oval:ssg-var_accounts_maximum_age_login_defs:var:1" value-id="xccdf_org.ssgproject.content_value_var_accounts_maximum_age_login_defs"/>
              <check-content-ref name="oval:ssg-accounts_password_set_min_life_existing:def:1" href="ssg-ubuntu2404-oval.xml"/>
            </check>
            <check system="http://scap.nist.gov/schema/ocil/2">
              <check-content-ref name="ocil:ssg-accounts_password_set_min_life_existing_ocil:questionnaire:1" href="ssg-ubuntu2404-ocil.xml"/>
            </check>
          </Rule>
          <Rule id="xccdf_org.ssgproject.content_rule_accounts_password_warn_age_login_defs" selected="false" role="full" severity="medium">
            <title xmlns:xhtml="http://www.w3.org/1999/xhtml" xml:lang="en-US">Set Password Warning Age</title>
            <description xmlns:xhtml="http://www.w3.org/1999/xhtml" xml:lang="en-US">To specify how many days prior to password
expiration that a warning will be issued to users,
edit the file <html:code xmlns:html="http://www.w3.org/1999/xhtml">/etc/login.defs</html:code> and add or correct
 the following line:
<html:pre xmlns:html="http://www.w3.org/1999/xhtml" xmlns:xccdf-1.2="http://checklists.nist.gov/xccdf/1.2">PASS_WARN_AGE <xccdf-1.2:sub idref="xccdf_org.ssgproject.content_value_var_accounts_password_warn_age_login_defs" use="legacy"/>
         </html:pre>
The DoD requirement is 7.
The profile requirement is <html:code xmlns:html="http://www.w3.org/1999/xhtml" xmlns:xccdf-1.2="http://checklists.nist.gov/xccdf/1.2"><xccdf-1.2:sub idref="xccdf_org.ssgproject.content_value_var_accounts_password_warn_age_login_defs" use="legacy"/></html:code>.</description>
            <reference href="https://www.cisecurity.org/controls/">1</reference>
            <reference href="https://www.cisecurity.org/controls/">12</reference>
            <reference href="https://www.cisecurity.org/controls/">13</reference>
            <reference href="https://www.cisecurity.org/controls/">14</reference>
            <reference href="https://www.cisecurity.org/controls/">15</reference>
            <reference href="https://www.cisecurity.org/controls/">16</reference>
            <reference href="https://www.cisecurity.org/controls/">18</reference>
            <reference href="https://www.cisecurity.org/controls/">3</reference>
            <reference href="https://www.cisecurity.org/controls/">5</reference>
            <reference href="https://www.cisecurity.org/controls/">7</reference>
            <reference href="https://www.cisecurity.org/controls/">8</reference>
            <reference href="https://www.isaca.org/resources/cobit">DSS01.03</reference>
            <reference href="https://www.isaca.org/resources/cobit">DSS03.05</reference>
            <reference href="https://www.isaca.org/resources/cobit">DSS05.04</reference>
            <reference href="https://www.isaca.org/resources/cobit">DSS05.05</reference>
            <reference href="https://www.isaca.org/resources/cobit">DSS05.07</reference>
            <reference href="https://www.isaca.org/resources/cobit">DSS05.10</reference>
            <reference href="https://www.isaca.org/resources/cobit">DSS06.03</reference>
            <reference href="https://www.isaca.org/resources/cobit">DSS06.10</reference>
            <reference href="http://nvlpubs.nist.gov/nistpubs/SpecialPublications/NIST.SP.800-171.pdf">3.5.8</reference>
            <reference href="https://www.isa.org/products/isa-62443-2-1-2009-security-for-industrial-automat">4.3.3.2.2</reference>
            <reference href="https://www.isa.org/products/isa-62443-2-1-2009-security-for-industrial-automat">4.3.3.5.1</reference>
            <reference href="https://www.isa.org/products/isa-62443-2-1-2009-security-for-industrial-automat">4.3.3.5.2</reference>
            <reference href="https://www.isa.org/products/isa-62443-2-1-2009-security-for-industrial-automat">4.3.3.6.1</reference>
            <reference href="https://www.isa.org/products/isa-62443-2-1-2009-security-for-industrial-automat">4.3.3.6.2</reference>
            <reference href="https://www.isa.org/products/isa-62443-2-1-2009-security-for-industrial-automat">4.3.3.6.3</reference>
            <reference href="https://www.isa.org/products/isa-62443-2-1-2009-security-for-industrial-automat">4.3.3.6.4</reference>
            <reference href="https://www.isa.org/products/isa-62443-2-1-2009-security-for-industrial-automat">4.3.3.6.5</reference>
            <reference href="https://www.isa.org/products/isa-62443-2-1-2009-security-for-industrial-automat">4.3.3.6.6</reference>
            <reference href="https://www.isa.org/products/isa-62443-2-1-2009-security-for-industrial-automat">4.3.3.6.7</reference>
            <reference href="https://www.isa.org/products/isa-62443-2-1-2009-security-for-industrial-automat">4.3.3.6.8</reference>
            <reference href="https://www.isa.org/products/isa-62443-2-1-2009-security-for-industrial-automat">4.3.3.6.9</reference>
            <reference href="https://www.isa.org/products/isa-62443-2-1-2009-security-for-industrial-automat">4.3.3.7.2</reference>
            <reference href="https://www.isa.org/products/isa-62443-2-1-2009-security-for-industrial-automat">4.3.3.7.3</reference>
            <reference href="https://www.isa.org/products/isa-62443-2-1-2009-security-for-industrial-automat">4.3.3.7.4</reference>
            <reference href="https://www.isa.org/products/ansi-isa-62443-3-3-99-03-03-2013-security-for-indu">SR 1.1</reference>
            <reference href="https://www.isa.org/products/ansi-isa-62443-3-3-99-03-03-2013-security-for-indu">SR 1.10</reference>
            <reference href="https://www.isa.org/products/ansi-isa-62443-3-3-99-03-03-2013-security-for-indu">SR 1.2</reference>
            <reference href="https://www.isa.org/products/ansi-isa-62443-3-3-99-03-03-2013-security-for-indu">SR 1.3</reference>
            <reference href="https://www.isa.org/products/ansi-isa-62443-3-3-99-03-03-2013-security-for-indu">SR 1.4</reference>
            <reference href="https://www.isa.org/products/ansi-isa-62443-3-3-99-03-03-2013-security-for-indu">SR 1.5</reference>
            <reference href="https://www.isa.org/products/ansi-isa-62443-3-3-99-03-03-2013-security-for-indu">SR 1.7</reference>
            <reference href="https://www.isa.org/products/ansi-isa-62443-3-3-99-03-03-2013-security-for-indu">SR 1.8</reference>
            <reference href="https://www.isa.org/products/ansi-isa-62443-3-3-99-03-03-2013-security-for-indu">SR 1.9</reference>
            <reference href="https://www.isa.org/products/ansi-isa-62443-3-3-99-03-03-2013-security-for-indu">SR 2.1</reference>
            <reference href="https://www.isa.org/products/ansi-isa-62443-3-3-99-03-03-2013-security-for-indu">SR 6.2</reference>
            <reference href="https://www.cyber.gov.au/acsc/view-all-content/ism">0418</reference>
            <reference href="https://www.cyber.gov.au/acsc/view-all-content/ism">1055</reference>
            <reference href="https://www.cyber.gov.au/acsc/view-all-content/ism">1402</reference>
            <reference href="https://www.iso.org/contents/data/standard/05/45/54534.html">A.12.4.1</reference>
            <reference href="https://www.iso.org/contents/data/standard/05/45/54534.html">A.12.4.3</reference>
            <reference href="https://www.iso.org/contents/data/standard/05/45/54534.html">A.18.1.4</reference>
            <reference href="https://www.iso.org/contents/data/standard/05/45/54534.html">A.6.1.2</reference>
            <reference href="https://www.iso.org/contents/data/standard/05/45/54534.html">A.7.1.1</reference>
            <reference href="https://www.iso.org/contents/data/standard/05/45/54534.html">A.9.1.2</reference>
            <reference href="https://www.iso.org/contents/data/standard/05/45/54534.html">A.9.2.1</reference>
            <reference href="https://www.iso.org/contents/data/standard/05/45/54534.html">A.9.2.2</reference>
            <reference href="https://www.iso.org/contents/data/standard/05/45/54534.html">A.9.2.3</reference>
            <reference href="https://www.iso.org/contents/data/standard/05/45/54534.html">A.9.2.4</reference>
            <reference href="https://www.iso.org/contents/data/standard/05/45/54534.html">A.9.2.6</reference>
            <reference href="https://www.iso.org/contents/data/standard/05/45/54534.html">A.9.3.1</reference>
            <reference href="https://www.iso.org/contents/data/standard/05/45/54534.html">A.9.4.1</reference>
            <reference href="https://www.iso.org/contents/data/standard/05/45/54534.html">A.9.4.2</reference>
            <reference href="https://www.iso.org/contents/data/standard/05/45/54534.html">A.9.4.3</reference>
            <reference href="https://www.iso.org/contents/data/standard/05/45/54534.html">A.9.4.4</reference>
            <reference href="https://www.iso.org/contents/data/standard/05/45/54534.html">A.9.4.5</reference>
            <reference href="http://nvlpubs.nist.gov/nistpubs/SpecialPublications/NIST.SP.800-53r4.pdf">IA-5(f)</reference>
            <reference href="http://nvlpubs.nist.gov/nistpubs/SpecialPublications/NIST.SP.800-53r4.pdf">IA-5(1)(d)</reference>
            <reference href="http://nvlpubs.nist.gov/nistpubs/SpecialPublications/NIST.SP.800-53r4.pdf">CM-6(a)</reference>
            <reference href="https://nvlpubs.nist.gov/nistpubs/CSWP/NIST.CSWP.04162018.pdf">DE.CM-1</reference>
            <reference href="https://nvlpubs.nist.gov/nistpubs/CSWP/NIST.CSWP.04162018.pdf">DE.CM-3</reference>
            <reference href="https://nvlpubs.nist.gov/nistpubs/CSWP/NIST.CSWP.04162018.pdf">PR.AC-1</reference>
            <reference href="https://nvlpubs.nist.gov/nistpubs/CSWP/NIST.CSWP.04162018.pdf">PR.AC-4</reference>
            <reference href="https://nvlpubs.nist.gov/nistpubs/CSWP/NIST.CSWP.04162018.pdf">PR.AC-6</reference>
            <reference href="https://nvlpubs.nist.gov/nistpubs/CSWP/NIST.CSWP.04162018.pdf">PR.AC-7</reference>
            <reference href="https://www.pcisecuritystandards.org/documents/PCI_DSS_v3-2-1.pdf">Req-8.2.4</reference>
            <reference href="https://www.cisecurity.org/benchmark/ubuntu_linux/">5.4.1.3</reference>
            <reference href="https://docs-prv.pcisecuritystandards.org/PCI%20DSS/Standard/PCI-DSS-v4_0.pdf">8.3.9</reference>
            <reference href="https://docs-prv.pcisecuritystandards.org/PCI%20DSS/Standard/PCI-DSS-v4_0.pdf">8.3</reference>
            <rationale xmlns:xhtml="http://www.w3.org/1999/xhtml" xml:lang="en-US">Setting the password warning age enables users to
make the change at a practical time.</rationale>
            <platform idref="#package_shadow-utils"/>
            <fix xmlns:xhtml="http://www.w3.org/1999/xhtml" id="accounts_password_warn_age_login_defs" system="urn:xccdf:fix:script:sh"># Remediation is applicable only in certain platforms
if dpkg-query --show --showformat='${db:Status-Status}\n' 'login' 2&gt;/dev/null | grep -q '^installed'; then

var_accounts_password_warn_age_login_defs='<xccdf-1.2:sub xmlns:xccdf-1.2="http://checklists.nist.gov/xccdf/1.2" idref="xccdf_org.ssgproject.content_value_var_accounts_password_warn_age_login_defs" use="legacy"/>'

# Strip any search characters in the key arg so that the key can be replaced without
# adding any search characters to the config file.
stripped_key=$(sed 's/[\^=\$,;+]*//g' &lt;&lt;&lt; "^PASS_WARN_AGE")

# shellcheck disable=SC2059
printf -v formatted_output "%s %s" "$stripped_key" "$var_accounts_password_warn_age_login_defs"

# If the key exists, change it. Otherwise, add it to the config_file.
# We search for the key string followed by a word boundary (matched by \&gt;),
# so if we search for 'setting', 'setting2' won't match.
if LC_ALL=C grep -q -m 1 -i -e "^PASS_WARN_AGE\\&gt;" "/etc/login.defs"; then
    escaped_formatted_output=$(sed -e 's|/|\\/|g' &lt;&lt;&lt; "$formatted_output")
    LC_ALL=C sed -i --follow-symlinks "s/^PASS_WARN_AGE\\&gt;.*/$escaped_formatted_output/gi" "/etc/login.defs"
else
    if [[ -s "/etc/login.defs" ]] &amp;&amp; [[ -n "$(tail -c 1 -- "/etc/login.defs" || true)" ]]; then
        LC_ALL=C sed -i --follow-symlinks '$a'\\ "/etc/login.defs"
    fi
    printf '%s\n' "$formatted_output" &gt;&gt; "/etc/login.defs"
fi

else
    &gt;&amp;2 echo 'Remediation is not applicable, nothing was done'
fi
</fix>
            <check system="http://oval.mitre.org/XMLSchema/oval-definitions-5">
              <check-export export-name="oval:ssg-var_accounts_password_warn_age_login_defs:var:1" value-id="xccdf_org.ssgproject.content_value_var_accounts_password_warn_age_login_defs"/>
              <check-content-ref name="oval:ssg-accounts_password_warn_age_login_defs:def:1" href="ssg-ubuntu2404-oval.xml"/>
            </check>
            <check system="http://scap.nist.gov/schema/ocil/2">
              <check-content-ref name="ocil:ssg-accounts_password_warn_age_login_defs_ocil:questionnaire:1" href="ssg-ubuntu2404-ocil.xml"/>
            </check>
          </Rule>
        </Group>
        <Group id="xccdf_org.ssgproject.content_group_password_storage">
          <title xmlns:xhtml="http://www.w3.org/1999/xhtml" xml:lang="en-US">Verify Proper Storage and Existence of Password
Hashes</title>
          <description xmlns:xhtml="http://www.w3.org/1999/xhtml" xml:lang="en-US">By default, password hashes for local accounts are stored
in the second field (colon-separated) in
<html:code xmlns:html="http://www.w3.org/1999/xhtml">/etc/shadow</html:code>. This file should be readable only by
processes running with root credentials, preventing users from
casually accessing others' password hashes and attempting
to crack them.
However, it remains possible to misconfigure the system
and store password hashes
in world-readable files such as <html:code xmlns:html="http://www.w3.org/1999/xhtml">/etc/passwd</html:code>, or
to even store passwords themselves in plaintext on the system.
Using system-provided tools for password change/creation
should allow administrators to avoid such misconfiguration.</description>
          <Rule id="xccdf_org.ssgproject.content_rule_accounts_password_all_shadowed" selected="false" role="full" severity="medium">
            <title xmlns:xhtml="http://www.w3.org/1999/xhtml" xml:lang="en-US">Verify All Account Password Hashes are Shadowed</title>
            <description xmlns:xhtml="http://www.w3.org/1999/xhtml" xml:lang="en-US">If any password hashes are stored in <html:code xmlns:html="http://www.w3.org/1999/xhtml">/etc/passwd</html:code> (in the second field,
instead of an <html:code xmlns:html="http://www.w3.org/1999/xhtml">x</html:code> or <html:code xmlns:html="http://www.w3.org/1999/xhtml">*</html:code>), the cause of this misconfiguration should be
investigated. The account should have its password reset and the hash should be
properly stored, or the account should be deleted entirely.</description>
            <reference href="https://www.cisecurity.org/controls/">1</reference>
            <reference href="https://www.cisecurity.org/controls/">12</reference>
            <reference href="https://www.cisecurity.org/controls/">15</reference>
            <reference href="https://www.cisecurity.org/controls/">16</reference>
            <reference href="https://www.cisecurity.org/controls/">5</reference>
            <reference href="https://www.fbi.gov/file-repository/cjis-security-policy-v5_5_20160601-2-1.pdf">5.5.2</reference>
            <reference href="https://www.isaca.org/resources/cobit">DSS05.04</reference>
            <reference href="https://www.isaca.org/resources/cobit">DSS05.05</reference>
            <reference href="https://www.isaca.org/resources/cobit">DSS05.07</reference>
            <reference href="https://www.isaca.org/resources/cobit">DSS05.10</reference>
            <reference href="https://www.isaca.org/resources/cobit">DSS06.03</reference>
            <reference href="https://www.isaca.org/resources/cobit">DSS06.10</reference>
            <reference href="http://nvlpubs.nist.gov/nistpubs/SpecialPublications/NIST.SP.800-171.pdf">3.5.10</reference>
            <reference href="https://www.isa.org/products/isa-62443-2-1-2009-security-for-industrial-automat">4.3.3.2.2</reference>
            <reference href="https://www.isa.org/products/isa-62443-2-1-2009-security-for-industrial-automat">4.3.3.5.1</reference>
            <reference href="https://www.isa.org/products/isa-62443-2-1-2009-security-for-industrial-automat">4.3.3.5.2</reference>
            <reference href="https://www.isa.org/products/isa-62443-2-1-2009-security-for-industrial-automat">4.3.3.6.1</reference>
            <reference href="https://www.isa.org/products/isa-62443-2-1-2009-security-for-industrial-automat">4.3.3.6.2</reference>
            <reference href="https://www.isa.org/products/isa-62443-2-1-2009-security-for-industrial-automat">4.3.3.6.3</reference>
            <reference href="https://www.isa.org/products/isa-62443-2-1-2009-security-for-industrial-automat">4.3.3.6.4</reference>
            <reference href="https://www.isa.org/products/isa-62443-2-1-2009-security-for-industrial-automat">4.3.3.6.5</reference>
            <reference href="https://www.isa.org/products/isa-62443-2-1-2009-security-for-industrial-automat">4.3.3.6.6</reference>
            <reference href="https://www.isa.org/products/isa-62443-2-1-2009-security-for-industrial-automat">4.3.3.6.7</reference>
            <reference href="https://www.isa.org/products/isa-62443-2-1-2009-security-for-industrial-automat">4.3.3.6.8</reference>
            <reference href="https://www.isa.org/products/isa-62443-2-1-2009-security-for-industrial-automat">4.3.3.6.9</reference>
            <reference href="https://www.isa.org/products/isa-62443-2-1-2009-security-for-industrial-automat">4.3.3.7.2</reference>
            <reference href="https://www.isa.org/products/isa-62443-2-1-2009-security-for-industrial-automat">4.3.3.7.4</reference>
            <reference href="https://www.isa.org/products/ansi-isa-62443-3-3-99-03-03-2013-security-for-indu">SR 1.1</reference>
            <reference href="https://www.isa.org/products/ansi-isa-62443-3-3-99-03-03-2013-security-for-indu">SR 1.10</reference>
            <reference href="https://www.isa.org/products/ansi-isa-62443-3-3-99-03-03-2013-security-for-indu">SR 1.2</reference>
            <reference href="https://www.isa.org/products/ansi-isa-62443-3-3-99-03-03-2013-security-for-indu">SR 1.3</reference>
            <reference href="https://www.isa.org/products/ansi-isa-62443-3-3-99-03-03-2013-security-for-indu">SR 1.4</reference>
            <reference href="https://www.isa.org/products/ansi-isa-62443-3-3-99-03-03-2013-security-for-indu">SR 1.5</reference>
            <reference href="https://www.isa.org/products/ansi-isa-62443-3-3-99-03-03-2013-security-for-indu">SR 1.7</reference>
            <reference href="https://www.isa.org/products/ansi-isa-62443-3-3-99-03-03-2013-security-for-indu">SR 1.8</reference>
            <reference href="https://www.isa.org/products/ansi-isa-62443-3-3-99-03-03-2013-security-for-indu">SR 1.9</reference>
            <reference href="https://www.isa.org/products/ansi-isa-62443-3-3-99-03-03-2013-security-for-indu">SR 2.1</reference>
            <reference href="https://www.cyber.gov.au/acsc/view-all-content/ism">1410</reference>
            <reference href="https://www.iso.org/contents/data/standard/05/45/54534.html">A.18.1.4</reference>
            <reference href="https://www.iso.org/contents/data/standard/05/45/54534.html">A.7.1.1</reference>
            <reference href="https://www.iso.org/contents/data/standard/05/45/54534.html">A.9.2.1</reference>
            <reference href="https://www.iso.org/contents/data/standard/05/45/54534.html">A.9.2.2</reference>
            <reference href="https://www.iso.org/contents/data/standard/05/45/54534.html">A.9.2.3</reference>
            <reference href="https://www.iso.org/contents/data/standard/05/45/54534.html">A.9.2.4</reference>
            <reference href="https://www.iso.org/contents/data/standard/05/45/54534.html">A.9.2.6</reference>
            <reference href="https://www.iso.org/contents/data/standard/05/45/54534.html">A.9.3.1</reference>
            <reference href="https://www.iso.org/contents/data/standard/05/45/54534.html">A.9.4.2</reference>
            <reference href="https://www.iso.org/contents/data/standard/05/45/54534.html">A.9.4.3</reference>
            <reference href="http://nvlpubs.nist.gov/nistpubs/SpecialPublications/NIST.SP.800-53r4.pdf">IA-5(h)</reference>
            <reference href="http://nvlpubs.nist.gov/nistpubs/SpecialPublications/NIST.SP.800-53r4.pdf">CM-6(a)</reference>
            <reference href="https://nvlpubs.nist.gov/nistpubs/CSWP/NIST.CSWP.04162018.pdf">PR.AC-1</reference>
            <reference href="https://nvlpubs.nist.gov/nistpubs/CSWP/NIST.CSWP.04162018.pdf">PR.AC-6</reference>
            <reference href="https://nvlpubs.nist.gov/nistpubs/CSWP/NIST.CSWP.04162018.pdf">PR.AC-7</reference>
            <reference href="https://www.pcisecuritystandards.org/documents/PCI_DSS_v3-2-1.pdf">Req-8.2.1</reference>
            <reference href="https://www.cisecurity.org/benchmark/ubuntu_linux/">7.2.1</reference>
            <reference href="https://docs-prv.pcisecuritystandards.org/PCI%20DSS/Standard/PCI-DSS-v4_0.pdf">8.3.2</reference>
            <reference href="https://docs-prv.pcisecuritystandards.org/PCI%20DSS/Standard/PCI-DSS-v4_0.pdf">8.3</reference>
            <rationale xmlns:xhtml="http://www.w3.org/1999/xhtml" xml:lang="en-US">The hashes for all user account passwords should be stored in
the file <html:code xmlns:html="http://www.w3.org/1999/xhtml">/etc/shadow</html:code> and never in <html:code xmlns:html="http://www.w3.org/1999/xhtml">/etc/passwd</html:code>,
which is readable by all users.</rationale>
            <platform idref="#system_with_kernel"/>
            <check system="http://oval.mitre.org/XMLSchema/oval-definitions-5">
              <check-content-ref name="oval:ssg-accounts_password_all_shadowed:def:1" href="ssg-ubuntu2404-oval.xml"/>
            </check>
            <check system="http://scap.nist.gov/schema/ocil/2">
              <check-content-ref name="ocil:ssg-accounts_password_all_shadowed_ocil:questionnaire:1" href="ssg-ubuntu2404-ocil.xml"/>
            </check>
          </Rule>
          <Rule id="xccdf_org.ssgproject.content_rule_accounts_password_last_change_is_in_past" selected="false" role="full" severity="medium">
            <title xmlns:xhtml="http://www.w3.org/1999/xhtml" xml:lang="en-US">Ensure all users last password change date is in the past</title>
            <description xmlns:xhtml="http://www.w3.org/1999/xhtml" xml:lang="en-US">All users should have a password change date in the past.</description>
            <warning xmlns:xhtml="http://www.w3.org/1999/xhtml" xml:lang="en-US" category="general">Automatic remediation is not available, in order to avoid any system disruption.</warning>
            <reference href="https://www.cisecurity.org/benchmark/ubuntu_linux/">5.4.1.6</reference>
            <reference href="https://docs-prv.pcisecuritystandards.org/PCI%20DSS/Standard/PCI-DSS-v4_0.pdf">8.3.5</reference>
            <reference href="https://docs-prv.pcisecuritystandards.org/PCI%20DSS/Standard/PCI-DSS-v4_0.pdf">8.3</reference>
            <rationale xmlns:xhtml="http://www.w3.org/1999/xhtml" xml:lang="en-US">If a user recorded password change date is in the future then they could
bypass any set password expiration.</rationale>
            <platform idref="#system_with_kernel"/>
            <check system="http://oval.mitre.org/XMLSchema/oval-definitions-5">
              <check-content-ref name="oval:ssg-accounts_password_last_change_is_in_past:def:1" href="ssg-ubuntu2404-oval.xml"/>
            </check>
            <check system="http://scap.nist.gov/schema/ocil/2">
              <check-content-ref name="ocil:ssg-accounts_password_last_change_is_in_past_ocil:questionnaire:1" href="ssg-ubuntu2404-ocil.xml"/>
            </check>
          </Rule>
          <Rule id="xccdf_org.ssgproject.content_rule_accounts_password_pam_unix_no_remember" selected="false" role="full" severity="medium">
            <title xmlns:xhtml="http://www.w3.org/1999/xhtml" xml:lang="en-US">Avoid using remember in pam_unix module</title>
            <description xmlns:xhtml="http://www.w3.org/1999/xhtml" xml:lang="en-US">The <html:code xmlns:html="http://www.w3.org/1999/xhtml">remember</html:code> option stores the last n passwords for each user in <html:code xmlns:html="http://www.w3.org/1999/xhtml">/etc/security/opasswd</html:code>,
enforcing password history and preventing users from reusing the same passwords. However, this feature
relies on the MD5 password hash algorithm, which is less secure. Instead, the <html:code xmlns:html="http://www.w3.org/1999/xhtml">pam_pwhistory</html:code>
module should be used. This module also stores the last n passwords in <html:code xmlns:html="http://www.w3.org/1999/xhtml">/etc/security/opasswd</html:code>
and it uses the password hash algorithm configured in the pam_unix module, such as yescrypt or SHA512,
offering enhanced security.</description>
            <reference href="https://www.cisecurity.org/benchmark/ubuntu_linux/">5.3.3.4.2</reference>
            <rationale xmlns:xhtml="http://www.w3.org/1999/xhtml" xml:lang="en-US">Removing the <html:code xmlns:html="http://www.w3.org/1999/xhtml">remember</html:code> argument ensures the use of a stronger password hashing algorithm.
A more robust hash algorithm increases the difficulty for attackers to crack stored
passwords in <html:code xmlns:html="http://www.w3.org/1999/xhtml">/etc/security/opasswd</html:code>, thereby improving system security and
protecting user credentials. </rationale>
            <platform idref="#package_pam"/>
            <fix xmlns:xhtml="http://www.w3.org/1999/xhtml" id="accounts_password_pam_unix_no_remember" system="urn:xccdf:fix:script:sh" complexity="low" disruption="medium" strategy="configure"># Remediation is applicable only in certain platforms
if dpkg-query --show --showformat='${db:Status-Status}\n' 'libpam-runtime' 2&gt;/dev/null | grep -q '^installed'; then

conf_name=cac_unix
conf_path="/usr/share/pam-configs"

if [ ! -f "$conf_path"/"$conf_name" ]; then
    if [ -f "$conf_path"/unix ]; then
        if grep -q "$(md5sum "$conf_path"/unix | cut -d ' ' -f 1)" /var/lib/dpkg/info/libpam-runtime.md5sums;then
            cp "$conf_path"/unix "$conf_path"/"$conf_name"
            sed -i 's/Priority: [0-9]\+/Priority: 257\
Conflicts: unix/' "$conf_path"/"$conf_name"
            DEBIAN_FRONTEND=noninteractive pam-auth-update
        else
            echo "Not applicable - checksum of $conf_path/unix does not match the original." &gt;&amp;2
        fi
    else
        echo "Not applicable - $conf_path/unix does not exist" &gt;&amp;2
    fi
fi
config_file="/usr/share/pam-configs/cac_unix"
sed -i -E '/^Password(-Initial)?:/,/^[^[:space:]]/ {
    /pam_unix\.so/ {
        s/\s*\bremember=\d+\b//g
    }
}' "$config_file"

DEBIAN_FRONTEND=noninteractive pam-auth-update

else
    &gt;&amp;2 echo 'Remediation is not applicable, nothing was done'
fi
</fix>
            <check system="http://oval.mitre.org/XMLSchema/oval-definitions-5">
              <check-content-ref name="oval:ssg-accounts_password_pam_unix_no_remember:def:1" href="ssg-ubuntu2404-oval.xml"/>
            </check>
          </Rule>
          <Rule id="xccdf_org.ssgproject.content_rule_gid_passwd_group_same" selected="false" role="full" severity="low">
            <title xmlns:xhtml="http://www.w3.org/1999/xhtml" xml:lang="en-US">All GIDs referenced in /etc/passwd must be defined in /etc/group</title>
            <description xmlns:xhtml="http://www.w3.org/1999/xhtml" xml:lang="en-US">Add a group to the system for each GID referenced without a corresponding group.</description>
            <reference href="https://www.cisecurity.org/controls/">1</reference>
            <reference href="https://www.cisecurity.org/controls/">12</reference>
            <reference href="https://www.cisecurity.org/controls/">15</reference>
            <reference href="https://www.cisecurity.org/controls/">16</reference>
            <reference href="https://www.cisecurity.org/controls/">5</reference>
            <reference href="https://www.fbi.gov/file-repository/cjis-security-policy-v5_5_20160601-2-1.pdf">5.5.2</reference>
            <reference href="https://www.isaca.org/resources/cobit">DSS05.04</reference>
            <reference href="https://www.isaca.org/resources/cobit">DSS05.05</reference>
            <reference href="https://www.isaca.org/resources/cobit">DSS05.07</reference>
            <reference href="https://www.isaca.org/resources/cobit">DSS05.10</reference>
            <reference href="https://www.isaca.org/resources/cobit">DSS06.03</reference>
            <reference href="https://www.isaca.org/resources/cobit">DSS06.10</reference>
            <reference href="https://public.cyber.mil/stigs/cci/">CCI-000764</reference>
            <reference href="https://www.isa.org/products/isa-62443-2-1-2009-security-for-industrial-automat">4.3.3.2.2</reference>
            <reference href="https://www.isa.org/products/isa-62443-2-1-2009-security-for-industrial-automat">4.3.3.5.1</reference>
            <reference href="https://www.isa.org/products/isa-62443-2-1-2009-security-for-industrial-automat">4.3.3.5.2</reference>
            <reference href="https://www.isa.org/products/isa-62443-2-1-2009-security-for-industrial-automat">4.3.3.6.1</reference>
            <reference href="https://www.isa.org/products/isa-62443-2-1-2009-security-for-industrial-automat">4.3.3.6.2</reference>
            <reference href="https://www.isa.org/products/isa-62443-2-1-2009-security-for-industrial-automat">4.3.3.6.3</reference>
            <reference href="https://www.isa.org/products/isa-62443-2-1-2009-security-for-industrial-automat">4.3.3.6.4</reference>
            <reference href="https://www.isa.org/products/isa-62443-2-1-2009-security-for-industrial-automat">4.3.3.6.5</reference>
            <reference href="https://www.isa.org/products/isa-62443-2-1-2009-security-for-industrial-automat">4.3.3.6.6</reference>
            <reference href="https://www.isa.org/products/isa-62443-2-1-2009-security-for-industrial-automat">4.3.3.6.7</reference>
            <reference href="https://www.isa.org/products/isa-62443-2-1-2009-security-for-industrial-automat">4.3.3.6.8</reference>
            <reference href="https://www.isa.org/products/isa-62443-2-1-2009-security-for-industrial-automat">4.3.3.6.9</reference>
            <reference href="https://www.isa.org/products/isa-62443-2-1-2009-security-for-industrial-automat">4.3.3.7.2</reference>
            <reference href="https://www.isa.org/products/isa-62443-2-1-2009-security-for-industrial-automat">4.3.3.7.4</reference>
            <reference href="https://www.isa.org/products/ansi-isa-62443-3-3-99-03-03-2013-security-for-indu">SR 1.1</reference>
            <reference href="https://www.isa.org/products/ansi-isa-62443-3-3-99-03-03-2013-security-for-indu">SR 1.10</reference>
            <reference href="https://www.isa.org/products/ansi-isa-62443-3-3-99-03-03-2013-security-for-indu">SR 1.2</reference>
            <reference href="https://www.isa.org/products/ansi-isa-62443-3-3-99-03-03-2013-security-for-indu">SR 1.3</reference>
            <reference href="https://www.isa.org/products/ansi-isa-62443-3-3-99-03-03-2013-security-for-indu">SR 1.4</reference>
            <reference href="https://www.isa.org/products/ansi-isa-62443-3-3-99-03-03-2013-security-for-indu">SR 1.5</reference>
            <reference href="https://www.isa.org/products/ansi-isa-62443-3-3-99-03-03-2013-security-for-indu">SR 1.7</reference>
            <reference href="https://www.isa.org/products/ansi-isa-62443-3-3-99-03-03-2013-security-for-indu">SR 1.8</reference>
            <reference href="https://www.isa.org/products/ansi-isa-62443-3-3-99-03-03-2013-security-for-indu">SR 1.9</reference>
            <reference href="https://www.isa.org/products/ansi-isa-62443-3-3-99-03-03-2013-security-for-indu">SR 2.1</reference>
            <reference href="https://www.iso.org/contents/data/standard/05/45/54534.html">A.18.1.4</reference>
            <reference href="https://www.iso.org/contents/data/standard/05/45/54534.html">A.7.1.1</reference>
            <reference href="https://www.iso.org/contents/data/standard/05/45/54534.html">A.9.2.1</reference>
            <reference href="https://www.iso.org/contents/data/standard/05/45/54534.html">A.9.2.2</reference>
            <reference href="https://www.iso.org/contents/data/standard/05/45/54534.html">A.9.2.3</reference>
            <reference href="https://www.iso.org/contents/data/standard/05/45/54534.html">A.9.2.4</reference>
            <reference href="https://www.iso.org/contents/data/standard/05/45/54534.html">A.9.2.6</reference>
            <reference href="https://www.iso.org/contents/data/standard/05/45/54534.html">A.9.3.1</reference>
            <reference href="https://www.iso.org/contents/data/standard/05/45/54534.html">A.9.4.2</reference>
            <reference href="https://www.iso.org/contents/data/standard/05/45/54534.html">A.9.4.3</reference>
            <reference href="https://www.nerc.com/pa/Stand/AlignRep/One%20Stop%20Shop.xlsx">CIP-003-8 R5.1.1</reference>
            <reference href="https://www.nerc.com/pa/Stand/AlignRep/One%20Stop%20Shop.xlsx">CIP-003-8 R5.3</reference>
            <reference href="https://www.nerc.com/pa/Stand/AlignRep/One%20Stop%20Shop.xlsx">CIP-004-6 R2.2.3</reference>
            <reference href="https://www.nerc.com/pa/Stand/AlignRep/One%20Stop%20Shop.xlsx">CIP-004-6 R2.3</reference>
            <reference href="https://www.nerc.com/pa/Stand/AlignRep/One%20Stop%20Shop.xlsx">CIP-007-3 R5.1</reference>
            <reference href="https://www.nerc.com/pa/Stand/AlignRep/One%20Stop%20Shop.xlsx">CIP-007-3 R5.1.2</reference>
            <reference href="https://www.nerc.com/pa/Stand/AlignRep/One%20Stop%20Shop.xlsx">CIP-007-3 R5.2</reference>
            <reference href="https://www.nerc.com/pa/Stand/AlignRep/One%20Stop%20Shop.xlsx">CIP-007-3 R5.3.1</reference>
            <reference href="https://www.nerc.com/pa/Stand/AlignRep/One%20Stop%20Shop.xlsx">CIP-007-3 R5.3.2</reference>
            <reference href="https://www.nerc.com/pa/Stand/AlignRep/One%20Stop%20Shop.xlsx">CIP-007-3 R5.3.3</reference>
            <reference href="http://nvlpubs.nist.gov/nistpubs/SpecialPublications/NIST.SP.800-53r4.pdf">IA-2</reference>
            <reference href="http://nvlpubs.nist.gov/nistpubs/SpecialPublications/NIST.SP.800-53r4.pdf">CM-6(a)</reference>
            <reference href="https://nvlpubs.nist.gov/nistpubs/CSWP/NIST.CSWP.04162018.pdf">PR.AC-1</reference>
            <reference href="https://nvlpubs.nist.gov/nistpubs/CSWP/NIST.CSWP.04162018.pdf">PR.AC-6</reference>
            <reference href="https://nvlpubs.nist.gov/nistpubs/CSWP/NIST.CSWP.04162018.pdf">PR.AC-7</reference>
            <reference href="https://www.pcisecuritystandards.org/documents/PCI_DSS_v3-2-1.pdf">Req-8.5.a</reference>
            <reference href="https://public.cyber.mil/stigs/downloads/?_dl_facet_stigs=operating-systems%2Cgeneral-purpose-os">SRG-OS-000104-GPOS-00051</reference>
            <reference href="https://www.cisecurity.org/benchmark/ubuntu_linux/">7.2.3</reference>
            <reference href="https://docs-prv.pcisecuritystandards.org/PCI%20DSS/Standard/PCI-DSS-v4_0.pdf">8.2.2</reference>
            <reference href="https://docs-prv.pcisecuritystandards.org/PCI%20DSS/Standard/PCI-DSS-v4_0.pdf">8.2</reference>
            <rationale xmlns:xhtml="http://www.w3.org/1999/xhtml" xml:lang="en-US">If a user is assigned the Group Identifier (GID) of a group not existing on the system, and a group
with the Group Identifier (GID) is subsequently created, the user may have unintended rights to
any files associated with the group.</rationale>
            <check system="http://oval.mitre.org/XMLSchema/oval-definitions-5">
              <check-content-ref name="oval:ssg-gid_passwd_group_same:def:1" href="ssg-ubuntu2404-oval.xml"/>
            </check>
            <check system="http://scap.nist.gov/schema/ocil/2">
              <check-content-ref name="ocil:ssg-gid_passwd_group_same_ocil:questionnaire:1" href="ssg-ubuntu2404-ocil.xml"/>
            </check>
          </Rule>
          <Rule id="xccdf_org.ssgproject.content_rule_no_empty_passwords" selected="false" role="full" severity="high">
            <title xmlns:xhtml="http://www.w3.org/1999/xhtml" xml:lang="en-US">Prevent Login to Accounts With Empty Password</title>
            <description xmlns:xhtml="http://www.w3.org/1999/xhtml" xml:lang="en-US">If an account is configured for password authentication
but does not have an assigned password, it may be possible to log
into the account without authentication. Remove any instances of the
<html:code xmlns:html="http://www.w3.org/1999/xhtml">nullok</html:code> in

<html:code xmlns:html="http://www.w3.org/1999/xhtml">/etc/pam.d/common-password</html:code>

to prevent logins with empty passwords.</description>
            <warning xmlns:xhtml="http://www.w3.org/1999/xhtml" xml:lang="en-US" category="general">If the system relies on <html:code xmlns:html="http://www.w3.org/1999/xhtml">authselect</html:code> tool to manage PAM settings, the remediation
will also use <html:code xmlns:html="http://www.w3.org/1999/xhtml">authselect</html:code> tool. However, if any manual modification was made in
PAM files, the <html:code xmlns:html="http://www.w3.org/1999/xhtml">authselect</html:code> integrity check will fail and the remediation will be
aborted in order to preserve intentional changes. In this case, an informative message will
be shown in the remediation report.
Note that this rule is not applicable for systems running within a
container. Having user with empty password within a container is not
considered a risk, because it should not be possible to directly login into
a container anyway.</warning>
            <reference href="https://www.cisecurity.org/controls/">1</reference>
            <reference href="https://www.cisecurity.org/controls/">12</reference>
            <reference href="https://www.cisecurity.org/controls/">13</reference>
            <reference href="https://www.cisecurity.org/controls/">14</reference>
            <reference href="https://www.cisecurity.org/controls/">15</reference>
            <reference href="https://www.cisecurity.org/controls/">16</reference>
            <reference href="https://www.cisecurity.org/controls/">18</reference>
            <reference href="https://www.cisecurity.org/controls/">3</reference>
            <reference href="https://www.cisecurity.org/controls/">5</reference>
            <reference href="https://www.fbi.gov/file-repository/cjis-security-policy-v5_5_20160601-2-1.pdf">5.5.2</reference>
            <reference href="https://www.isaca.org/resources/cobit">APO01.06</reference>
            <reference href="https://www.isaca.org/resources/cobit">DSS05.04</reference>
            <reference href="https://www.isaca.org/resources/cobit">DSS05.05</reference>
            <reference href="https://www.isaca.org/resources/cobit">DSS05.07</reference>
            <reference href="https://www.isaca.org/resources/cobit">DSS05.10</reference>
            <reference href="https://www.isaca.org/resources/cobit">DSS06.02</reference>
            <reference href="https://www.isaca.org/resources/cobit">DSS06.03</reference>
            <reference href="https://www.isaca.org/resources/cobit">DSS06.10</reference>
            <reference href="http://nvlpubs.nist.gov/nistpubs/SpecialPublications/NIST.SP.800-171.pdf">3.1.1</reference>
            <reference href="http://nvlpubs.nist.gov/nistpubs/SpecialPublications/NIST.SP.800-171.pdf">3.1.5</reference>
            <reference href="https://public.cyber.mil/stigs/cci/">CCI-000366</reference>
            <reference href="https://www.gpo.gov/fdsys/pkg/CFR-2007-title45-vol1/pdf/CFR-2007-title45-vol1-chapA-subchapC.pdf">164.308(a)(1)(ii)(B)</reference>
            <reference href="https://www.gpo.gov/fdsys/pkg/CFR-2007-title45-vol1/pdf/CFR-2007-title45-vol1-chapA-subchapC.pdf">164.308(a)(7)(i)</reference>
            <reference href="https://www.gpo.gov/fdsys/pkg/CFR-2007-title45-vol1/pdf/CFR-2007-title45-vol1-chapA-subchapC.pdf">164.308(a)(7)(ii)(A)</reference>
            <reference href="https://www.gpo.gov/fdsys/pkg/CFR-2007-title45-vol1/pdf/CFR-2007-title45-vol1-chapA-subchapC.pdf">164.310(a)(1)</reference>
            <reference href="https://www.gpo.gov/fdsys/pkg/CFR-2007-title45-vol1/pdf/CFR-2007-title45-vol1-chapA-subchapC.pdf">164.310(a)(2)(i)</reference>
            <reference href="https://www.gpo.gov/fdsys/pkg/CFR-2007-title45-vol1/pdf/CFR-2007-title45-vol1-chapA-subchapC.pdf">164.310(a)(2)(ii)</reference>
            <reference href="https://www.gpo.gov/fdsys/pkg/CFR-2007-title45-vol1/pdf/CFR-2007-title45-vol1-chapA-subchapC.pdf">164.310(a)(2)(iii)</reference>
            <reference href="https://www.gpo.gov/fdsys/pkg/CFR-2007-title45-vol1/pdf/CFR-2007-title45-vol1-chapA-subchapC.pdf">164.310(b)</reference>
            <reference href="https://www.gpo.gov/fdsys/pkg/CFR-2007-title45-vol1/pdf/CFR-2007-title45-vol1-chapA-subchapC.pdf">164.310(c)</reference>
            <reference href="https://www.gpo.gov/fdsys/pkg/CFR-2007-title45-vol1/pdf/CFR-2007-title45-vol1-chapA-subchapC.pdf">164.310(d)(1)</reference>
            <reference href="https://www.gpo.gov/fdsys/pkg/CFR-2007-title45-vol1/pdf/CFR-2007-title45-vol1-chapA-subchapC.pdf">164.310(d)(2)(iii)</reference>
            <reference href="https://www.isa.org/products/isa-62443-2-1-2009-security-for-industrial-automat">4.3.3.2.2</reference>
            <reference href="https://www.isa.org/products/isa-62443-2-1-2009-security-for-industrial-automat">4.3.3.5.1</reference>
            <reference href="https://www.isa.org/products/isa-62443-2-1-2009-security-for-industrial-automat">4.3.3.5.2</reference>
            <reference href="https://www.isa.org/products/isa-62443-2-1-2009-security-for-industrial-automat">4.3.3.6.1</reference>
            <reference href="https://www.isa.org/products/isa-62443-2-1-2009-security-for-industrial-automat">4.3.3.6.2</reference>
            <reference href="https://www.isa.org/products/isa-62443-2-1-2009-security-for-industrial-automat">4.3.3.6.3</reference>
            <reference href="https://www.isa.org/products/isa-62443-2-1-2009-security-for-industrial-automat">4.3.3.6.4</reference>
            <reference href="https://www.isa.org/products/isa-62443-2-1-2009-security-for-industrial-automat">4.3.3.6.5</reference>
            <reference href="https://www.isa.org/products/isa-62443-2-1-2009-security-for-industrial-automat">4.3.3.6.6</reference>
            <reference href="https://www.isa.org/products/isa-62443-2-1-2009-security-for-industrial-automat">4.3.3.6.7</reference>
            <reference href="https://www.isa.org/products/isa-62443-2-1-2009-security-for-industrial-automat">4.3.3.6.8</reference>
            <reference href="https://www.isa.org/products/isa-62443-2-1-2009-security-for-industrial-automat">4.3.3.6.9</reference>
            <reference href="https://www.isa.org/products/isa-62443-2-1-2009-security-for-industrial-automat">4.3.3.7.2</reference>
            <reference href="https://www.isa.org/products/isa-62443-2-1-2009-security-for-industrial-automat">4.3.3.7.3</reference>
            <reference href="https://www.isa.org/products/isa-62443-2-1-2009-security-for-industrial-automat">4.3.3.7.4</reference>
            <reference href="https://www.isa.org/products/ansi-isa-62443-3-3-99-03-03-2013-security-for-indu">SR 1.1</reference>
            <reference href="https://www.isa.org/products/ansi-isa-62443-3-3-99-03-03-2013-security-for-indu">SR 1.10</reference>
            <reference href="https://www.isa.org/products/ansi-isa-62443-3-3-99-03-03-2013-security-for-indu">SR 1.2</reference>
            <reference href="https://www.isa.org/products/ansi-isa-62443-3-3-99-03-03-2013-security-for-indu">SR 1.3</reference>
            <reference href="https://www.isa.org/products/ansi-isa-62443-3-3-99-03-03-2013-security-for-indu">SR 1.4</reference>
            <reference href="https://www.isa.org/products/ansi-isa-62443-3-3-99-03-03-2013-security-for-indu">SR 1.5</reference>
            <reference href="https://www.isa.org/products/ansi-isa-62443-3-3-99-03-03-2013-security-for-indu">SR 1.7</reference>
            <reference href="https://www.isa.org/products/ansi-isa-62443-3-3-99-03-03-2013-security-for-indu">SR 1.8</reference>
            <reference href="https://www.isa.org/products/ansi-isa-62443-3-3-99-03-03-2013-security-for-indu">SR 1.9</reference>
            <reference href="https://www.isa.org/products/ansi-isa-62443-3-3-99-03-03-2013-security-for-indu">SR 2.1</reference>
            <reference href="https://www.isa.org/products/ansi-isa-62443-3-3-99-03-03-2013-security-for-indu">SR 5.2</reference>
            <reference href="https://www.iso.org/contents/data/standard/05/45/54534.html">A.10.1.1</reference>
            <reference href="https://www.iso.org/contents/data/standard/05/45/54534.html">A.11.1.4</reference>
            <reference href="https://www.iso.org/contents/data/standard/05/45/54534.html">A.11.1.5</reference>
            <reference href="https://www.iso.org/contents/data/standard/05/45/54534.html">A.11.2.1</reference>
            <reference href="https://www.iso.org/contents/data/standard/05/45/54534.html">A.13.1.1</reference>
            <reference href="https://www.iso.org/contents/data/standard/05/45/54534.html">A.13.1.3</reference>
            <reference href="https://www.iso.org/contents/data/standard/05/45/54534.html">A.13.2.1</reference>
            <reference href="https://www.iso.org/contents/data/standard/05/45/54534.html">A.13.2.3</reference>
            <reference href="https://www.iso.org/contents/data/standard/05/45/54534.html">A.13.2.4</reference>
            <reference href="https://www.iso.org/contents/data/standard/05/45/54534.html">A.14.1.2</reference>
            <reference href="https://www.iso.org/contents/data/standard/05/45/54534.html">A.14.1.3</reference>
            <reference href="https://www.iso.org/contents/data/standard/05/45/54534.html">A.18.1.4</reference>
            <reference href="https://www.iso.org/contents/data/standard/05/45/54534.html">A.6.1.2</reference>
            <reference href="https://www.iso.org/contents/data/standard/05/45/54534.html">A.7.1.1</reference>
            <reference href="https://www.iso.org/contents/data/standard/05/45/54534.html">A.7.1.2</reference>
            <reference href="https://www.iso.org/contents/data/standard/05/45/54534.html">A.7.3.1</reference>
            <reference href="https://www.iso.org/contents/data/standard/05/45/54534.html">A.8.2.2</reference>
            <reference href="https://www.iso.org/contents/data/standard/05/45/54534.html">A.8.2.3</reference>
            <reference href="https://www.iso.org/contents/data/standard/05/45/54534.html">A.9.1.1</reference>
            <reference href="https://www.iso.org/contents/data/standard/05/45/54534.html">A.9.1.2</reference>
            <reference href="https://www.iso.org/contents/data/standard/05/45/54534.html">A.9.2.1</reference>
            <reference href="https://www.iso.org/contents/data/standard/05/45/54534.html">A.9.2.2</reference>
            <reference href="https://www.iso.org/contents/data/standard/05/45/54534.html">A.9.2.3</reference>
            <reference href="https://www.iso.org/contents/data/standard/05/45/54534.html">A.9.2.4</reference>
            <reference href="https://www.iso.org/contents/data/standard/05/45/54534.html">A.9.2.6</reference>
            <reference href="https://www.iso.org/contents/data/standard/05/45/54534.html">A.9.3.1</reference>
            <reference href="https://www.iso.org/contents/data/standard/05/45/54534.html">A.9.4.1</reference>
            <reference href="https://www.iso.org/contents/data/standard/05/45/54534.html">A.9.4.2</reference>
            <reference href="https://www.iso.org/contents/data/standard/05/45/54534.html">A.9.4.3</reference>
            <reference href="https://www.iso.org/contents/data/standard/05/45/54534.html">A.9.4.4</reference>
            <reference href="https://www.iso.org/contents/data/standard/05/45/54534.html">A.9.4.5</reference>
            <reference href="http://nvlpubs.nist.gov/nistpubs/SpecialPublications/NIST.SP.800-53r4.pdf">IA-5(1)(a)</reference>
            <reference href="http://nvlpubs.nist.gov/nistpubs/SpecialPublications/NIST.SP.800-53r4.pdf">IA-5(c)</reference>
            <reference href="http://nvlpubs.nist.gov/nistpubs/SpecialPublications/NIST.SP.800-53r4.pdf">CM-6(a)</reference>
            <reference href="https://nvlpubs.nist.gov/nistpubs/CSWP/NIST.CSWP.04162018.pdf">PR.AC-1</reference>
            <reference href="https://nvlpubs.nist.gov/nistpubs/CSWP/NIST.CSWP.04162018.pdf">PR.AC-4</reference>
            <reference href="https://nvlpubs.nist.gov/nistpubs/CSWP/NIST.CSWP.04162018.pdf">PR.AC-6</reference>
            <reference href="https://nvlpubs.nist.gov/nistpubs/CSWP/NIST.CSWP.04162018.pdf">PR.AC-7</reference>
            <reference href="https://nvlpubs.nist.gov/nistpubs/CSWP/NIST.CSWP.04162018.pdf">PR.DS-5</reference>
            <reference href="https://www.niap-ccevs.org/Profile/PP.cfm">FIA_UAU.1</reference>
            <reference href="https://www.pcisecuritystandards.org/documents/PCI_DSS_v3-2-1.pdf">Req-8.2.3</reference>
            <reference href="https://public.cyber.mil/stigs/downloads/?_dl_facet_stigs=operating-systems%2Cgeneral-purpose-os">SRG-OS-000480-GPOS-00227</reference>
            <reference href="https://docs-prv.pcisecuritystandards.org/PCI%20DSS/Standard/PCI-DSS-v4_0.pdf">8.3.1</reference>
            <reference href="https://docs-prv.pcisecuritystandards.org/PCI%20DSS/Standard/PCI-DSS-v4_0.pdf">8.3</reference>
            <rationale xmlns:xhtml="http://www.w3.org/1999/xhtml" xml:lang="en-US">If an account has an empty password, anyone could log in and
run commands with the privileges of that account. Accounts with
empty passwords should never be used in operational environments.</rationale>
            <platform idref="#package_pam"/>
            <fix xmlns:xhtml="http://www.w3.org/1999/xhtml" id="no_empty_passwords" system="urn:xccdf:fix:script:ansible" complexity="low" disruption="medium" strategy="configure">- name: Gather the package facts
  package_facts:
    manager: auto
  tags:
  - CJIS-5.5.2
  - NIST-800-171-3.1.1
  - NIST-800-171-3.1.5
  - NIST-800-53-CM-6(a)
  - NIST-800-53-IA-5(1)(a)
  - NIST-800-53-IA-5(c)
  - PCI-DSS-Req-8.2.3
  - PCI-DSSv4-8.3
  - PCI-DSSv4-8.3.1
  - configure_strategy
  - high_severity
  - low_complexity
  - medium_disruption
  - no_empty_passwords
  - no_reboot_needed

- name: Prevent Login to Accounts With Empty Password - Check if system relies on
    authselect
  ansible.builtin.stat:
    path: /usr/bin/authselect
  register: result_authselect_present
  when: '"libpam-runtime" in ansible_facts.packages'
  tags:
  - CJIS-5.5.2
  - NIST-800-171-3.1.1
  - NIST-800-171-3.1.5
  - NIST-800-53-CM-6(a)
  - NIST-800-53-IA-5(1)(a)
  - NIST-800-53-IA-5(c)
  - PCI-DSS-Req-8.2.3
  - PCI-DSSv4-8.3
  - PCI-DSSv4-8.3.1
  - configure_strategy
  - high_severity
  - low_complexity
  - medium_disruption
  - no_empty_passwords
  - no_reboot_needed

- name: Prevent Login to Accounts With Empty Password - Remediate using authselect
  block:

  - name: Prevent Login to Accounts With Empty Password - Check integrity of authselect
      current profile
    ansible.builtin.command:
      cmd: authselect check
    register: result_authselect_check_cmd
    changed_when: false
    failed_when: false

  - name: Prevent Login to Accounts With Empty Password - Informative message based
      on the authselect integrity check result
    ansible.builtin.assert:
      that:
      - result_authselect_check_cmd.rc == 0
      fail_msg:
      - authselect integrity check failed. Remediation aborted!
      - This remediation could not be applied because an authselect profile was not
        selected or the selected profile is not intact.
      - It is not recommended to manually edit the PAM files when authselect tool
        is available.
      - In cases where the default authselect profile does not cover a specific demand,
        a custom authselect profile is recommended.
      success_msg:
      - authselect integrity check passed

  - name: Prevent Login to Accounts With Empty Password - Get authselect current features
    ansible.builtin.shell:
      cmd: authselect current | tail -n+3 | awk '{ print $2 }'
    register: result_authselect_features
    changed_when: false
    when:
    - result_authselect_check_cmd is success

  - name: Prevent Login to Accounts With Empty Password - Ensure "without-nullok"
      feature is enabled using authselect tool
    ansible.builtin.command:
      cmd: authselect enable-feature without-nullok
    register: result_authselect_enable_feature_cmd
    when:
    - result_authselect_check_cmd is success
    - result_authselect_features.stdout is not search("without-nullok")

  - name: Prevent Login to Accounts With Empty Password - Ensure authselect changes
      are applied
    ansible.builtin.command:
      cmd: authselect apply-changes -b
    when:
    - result_authselect_enable_feature_cmd is not skipped
    - result_authselect_enable_feature_cmd is success
  when:
  - '"libpam-runtime" in ansible_facts.packages'
  - result_authselect_present.stat.exists
  tags:
  - CJIS-5.5.2
  - NIST-800-171-3.1.1
  - NIST-800-171-3.1.5
  - NIST-800-53-CM-6(a)
  - NIST-800-53-IA-5(1)(a)
  - NIST-800-53-IA-5(c)
  - PCI-DSS-Req-8.2.3
  - PCI-DSSv4-8.3
  - PCI-DSSv4-8.3.1
  - configure_strategy
  - high_severity
  - low_complexity
  - medium_disruption
  - no_empty_passwords
  - no_reboot_needed

- name: Prevent Login to Accounts With Empty Password - Remediate directly editing
    PAM files
  ansible.builtin.replace:
    dest: '{{ item }}'
    regexp: nullok
  loop:
  - /etc/pam.d/common-password
  when:
  - '"libpam-runtime" in ansible_facts.packages'
  - not result_authselect_present.stat.exists
  tags:
  - CJIS-5.5.2
  - NIST-800-171-3.1.1
  - NIST-800-171-3.1.5
  - NIST-800-53-CM-6(a)
  - NIST-800-53-IA-5(1)(a)
  - NIST-800-53-IA-5(c)
  - PCI-DSS-Req-8.2.3
  - PCI-DSSv4-8.3
  - PCI-DSSv4-8.3.1
  - configure_strategy
  - high_severity
  - low_complexity
  - medium_disruption
  - no_empty_passwords
  - no_reboot_needed
</fix>
            <fix xmlns:xhtml="http://www.w3.org/1999/xhtml" id="no_empty_passwords" system="urn:xccdf:fix:script:sh" complexity="low" disruption="medium" strategy="configure"># Remediation is applicable only in certain platforms
if dpkg-query --show --showformat='${db:Status-Status}\n' 'libpam-runtime' 2&gt;/dev/null | grep -q '^installed'; then

conf_name=cac_unix
conf_path="/usr/share/pam-configs"

if [ ! -f "$conf_path"/"$conf_name" ]; then
    if [ -f "$conf_path"/unix ]; then
        if grep -q "$(md5sum "$conf_path"/unix | cut -d ' ' -f 1)" /var/lib/dpkg/info/libpam-runtime.md5sums;then
            cp "$conf_path"/unix "$conf_path"/"$conf_name"
            sed -i 's/Priority: [0-9]\+/Priority: 257\
Conflicts: unix/' "$conf_path"/"$conf_name"
            DEBIAN_FRONTEND=noninteractive pam-auth-update
        else
            echo "Not applicable - checksum of $conf_path/unix does not match the original." &gt;&amp;2
        fi
    else
        echo "Not applicable - $conf_path/unix does not exist" &gt;&amp;2
    fi
fi
config_file="/usr/share/pam-configs/cac_unix"
sed -i -E '/^Password:/,/^[^[:space:]]/ {
    /pam_unix\.so/ {
        s/\s*nullok//g
    }
}' "$config_file"

sed -i -E '/^Password-Initial:/,/^[^[:space:]]/ {
    /pam_unix\.so/ {
        s/\s*nullok//g
    }
}' "$config_file"

DEBIAN_FRONTEND=noninteractive pam-auth-update

else
    &gt;&amp;2 echo 'Remediation is not applicable, nothing was done'
fi
</fix>
            <check system="http://oval.mitre.org/XMLSchema/oval-definitions-5">
              <check-content-ref name="oval:ssg-no_empty_passwords:def:1" href="ssg-ubuntu2404-oval.xml"/>
            </check>
            <check system="http://scap.nist.gov/schema/ocil/2">
              <check-content-ref name="ocil:ssg-no_empty_passwords_ocil:questionnaire:1" href="ssg-ubuntu2404-ocil.xml"/>
            </check>
          </Rule>
          <Rule id="xccdf_org.ssgproject.content_rule_no_empty_passwords_etc_shadow" selected="false" role="full" severity="high">
            <title xmlns:xhtml="http://www.w3.org/1999/xhtml" xml:lang="en-US">Ensure There Are No Accounts With Blank or Null Passwords</title>
            <description xmlns:xhtml="http://www.w3.org/1999/xhtml" xml:lang="en-US">Check the "/etc/shadow" file for blank passwords with the
following command:
<html:pre xmlns:html="http://www.w3.org/1999/xhtml">$ sudo awk -F: '!$2 {print $1}' /etc/shadow</html:pre>
If the command returns any results, this is a finding.
Configure all accounts on the system to have a password or lock
the account with the following commands:
Perform a password reset:
<html:pre xmlns:html="http://www.w3.org/1999/xhtml">$ sudo passwd [username]</html:pre>
Lock an account:
<html:pre xmlns:html="http://www.w3.org/1999/xhtml">$ sudo passwd -l [username]</html:pre>
        </description>
            <warning xmlns:xhtml="http://www.w3.org/1999/xhtml" xml:lang="en-US" category="general">Note that this rule is not applicable for systems running within a container. Having user with empty password within a container is not considered a risk, because it should not be possible to directly login into a container anyway.</warning>
            <reference href="https://public.cyber.mil/stigs/cci/">CCI-000366</reference>
            <reference href="http://nvlpubs.nist.gov/nistpubs/SpecialPublications/NIST.SP.800-53r4.pdf">CM-6(b)</reference>
            <reference href="http://nvlpubs.nist.gov/nistpubs/SpecialPublications/NIST.SP.800-53r4.pdf">CM-6.1(iv)</reference>
            <reference href="https://public.cyber.mil/stigs/downloads/?_dl_facet_stigs=operating-systems%2Cgeneral-purpose-os">SRG-OS-000480-GPOS-00227</reference>
            <reference href="https://www.cisecurity.org/benchmark/ubuntu_linux/">7.2.2</reference>
            <reference href="https://docs-prv.pcisecuritystandards.org/PCI%20DSS/Standard/PCI-DSS-v4_0.pdf">2.2.2</reference>
            <reference href="https://docs-prv.pcisecuritystandards.org/PCI%20DSS/Standard/PCI-DSS-v4_0.pdf">2.2</reference>
            <rationale xmlns:xhtml="http://www.w3.org/1999/xhtml" xml:lang="en-US">If an account has an empty password, anyone could log in and
run commands with the privileges of that account. Accounts with
empty passwords should never be used in operational environments.</rationale>
            <platform idref="#system_with_kernel"/>
            <fix xmlns:xhtml="http://www.w3.org/1999/xhtml" id="no_empty_passwords_etc_shadow" system="urn:xccdf:fix:script:ansible" complexity="low" disruption="low" strategy="restrict">- name: Gather the package facts
  package_facts:
    manager: auto
  tags:
  - NIST-800-53-CM-6(b)
  - NIST-800-53-CM-6.1(iv)
  - PCI-DSSv4-2.2
  - PCI-DSSv4-2.2.2
  - high_severity
  - low_complexity
  - low_disruption
  - no_empty_passwords_etc_shadow
  - no_reboot_needed
  - restrict_strategy

- name: Collect users with no password
  command: |
    awk -F: '!$2 {print $1}' /etc/shadow
  register: users_nopasswd
  changed_when: false
  when: '"linux-base" in ansible_facts.packages'
  tags:
  - NIST-800-53-CM-6(b)
  - NIST-800-53-CM-6.1(iv)
  - PCI-DSSv4-2.2
  - PCI-DSSv4-2.2.2
  - high_severity
  - low_complexity
  - low_disruption
  - no_empty_passwords_etc_shadow
  - no_reboot_needed
  - restrict_strategy

- name: Lock users with no password
  command: |
    passwd -l {{ item }}
  with_items: '{{ users_nopasswd.stdout_lines }}'
  when:
  - '"linux-base" in ansible_facts.packages'
  - users_nopasswd is not skipped and users_nopasswd.stdout_lines | length &gt; 0
  tags:
  - NIST-800-53-CM-6(b)
  - NIST-800-53-CM-6.1(iv)
  - PCI-DSSv4-2.2
  - PCI-DSSv4-2.2.2
  - high_severity
  - low_complexity
  - low_disruption
  - no_empty_passwords_etc_shadow
  - no_reboot_needed
  - restrict_strategy
</fix>
            <fix xmlns:xhtml="http://www.w3.org/1999/xhtml" id="no_empty_passwords_etc_shadow" system="urn:xccdf:fix:script:sh"># Remediation is applicable only in certain platforms
if dpkg-query --show --showformat='${db:Status-Status}
' 'linux-base' 2&gt;/dev/null | grep -q ^installed; then

readarray -t users_with_empty_pass &lt; &lt;(sudo awk -F: '!$2 {print $1}' /etc/shadow)

for user_with_empty_pass in "${users_with_empty_pass[@]}"
do
    passwd -l $user_with_empty_pass
done

else
    &gt;&amp;2 echo 'Remediation is not applicable, nothing was done'
fi
</fix>
            <check system="http://oval.mitre.org/XMLSchema/oval-definitions-5">
              <check-content-ref name="oval:ssg-no_empty_passwords_etc_shadow:def:1" href="ssg-ubuntu2404-oval.xml"/>
            </check>
            <check system="http://scap.nist.gov/schema/ocil/2">
              <check-content-ref name="ocil:ssg-no_empty_passwords_etc_shadow_ocil:questionnaire:1" href="ssg-ubuntu2404-ocil.xml"/>
            </check>
          </Rule>
          <Rule id="xccdf_org.ssgproject.content_rule_no_empty_passwords_unix" selected="false" role="full" severity="high">
            <title xmlns:xhtml="http://www.w3.org/1999/xhtml" xml:lang="en-US">Prevent Login to Accounts With Empty Password</title>
            <description xmlns:xhtml="http://www.w3.org/1999/xhtml" xml:lang="en-US">If an account is configured for password authentication
but does not have an assigned password, it may be possible to log
into the account without authentication. Remove any instances of the
<html:code xmlns:html="http://www.w3.org/1999/xhtml">nullok</html:code> in
<html:code xmlns:html="http://www.w3.org/1999/xhtml">/etc/pam.d/common-{password,auth,account,session,session-noninteractive}</html:code>
to prevent logins with empty passwords.</description>
            <reference href="https://www.cisecurity.org/benchmark/ubuntu_linux/">5.3.3.4.1</reference>
            <rationale xmlns:xhtml="http://www.w3.org/1999/xhtml" xml:lang="en-US">If an account has an empty password, anyone could log in and
run commands with the privileges of that account. Accounts with
empty passwords should never be used in operational environments.</rationale>
            <platform idref="#package_pam_and_system_with_kernel"/>
            <fix xmlns:xhtml="http://www.w3.org/1999/xhtml" id="no_empty_passwords_unix" system="urn:xccdf:fix:script:sh" complexity="low" disruption="medium" strategy="configure"># Remediation is applicable only in certain platforms
if ( dpkg-query --show --showformat='${db:Status-Status}\n' 'libpam-runtime' 2&gt;/dev/null | grep -q '^installed' &amp;&amp; dpkg-query --show --showformat='${db:Status-Status}
' 'linux-base' 2&gt;/dev/null | grep -q ^installed ); then

conf_name=cac_unix
conf_path="/usr/share/pam-configs"

if [ ! -f "$conf_path"/"$conf_name" ]; then
    if [ -f "$conf_path"/unix ]; then
        if grep -q "$(md5sum "$conf_path"/unix | cut -d ' ' -f 1)" /var/lib/dpkg/info/libpam-runtime.md5sums;then
            cp "$conf_path"/unix "$conf_path"/"$conf_name"
            sed -i 's/Priority: [0-9]\+/Priority: 257\
Conflicts: unix/' "$conf_path"/"$conf_name"
            DEBIAN_FRONTEND=noninteractive pam-auth-update
        else
            echo "Not applicable - checksum of $conf_path/unix does not match the original." &gt;&amp;2
        fi
    else
        echo "Not applicable - $conf_path/unix does not exist" &gt;&amp;2
    fi
fi
config_file="/usr/share/pam-configs/cac_unix"
sed -i '/pam_unix\.so/s/nullok//g' "$config_file"

DEBIAN_FRONTEND=noninteractive pam-auth-update

else
    &gt;&amp;2 echo 'Remediation is not applicable, nothing was done'
fi
</fix>
            <check system="http://oval.mitre.org/XMLSchema/oval-definitions-5">
              <check-content-ref name="oval:ssg-no_empty_passwords_unix:def:1" href="ssg-ubuntu2404-oval.xml"/>
            </check>
          </Rule>
          <Rule id="xccdf_org.ssgproject.content_rule_no_forward_files" selected="false" role="full" severity="medium">
            <title xmlns:xhtml="http://www.w3.org/1999/xhtml" xml:lang="en-US">Verify No .forward Files Exist</title>
            <description xmlns:xhtml="http://www.w3.org/1999/xhtml" xml:lang="en-US">The <html:code xmlns:html="http://www.w3.org/1999/xhtml">.forward</html:code> file specifies an email address to forward the user's mail to.</description>
            <reference href="https://www.cisecurity.org/benchmark/ubuntu_linux/">7.2.10</reference>
            <rationale xmlns:xhtml="http://www.w3.org/1999/xhtml" xml:lang="en-US">Use of the <html:code xmlns:html="http://www.w3.org/1999/xhtml">.forward</html:code> file poses a security risk in that sensitive data may
be inadvertently transferred outside the organization. The .forward file
also poses a risk as it can be used to execute commands that may perform
unintended actions.</rationale>
            <check system="http://oval.mitre.org/XMLSchema/oval-definitions-5">
              <check-content-ref name="oval:ssg-no_forward_files:def:1" href="ssg-ubuntu2404-oval.xml"/>
            </check>
            <check system="http://scap.nist.gov/schema/ocil/2">
              <check-content-ref name="ocil:ssg-no_forward_files_ocil:questionnaire:1" href="ssg-ubuntu2404-ocil.xml"/>
            </check>
          </Rule>
          <Rule id="xccdf_org.ssgproject.content_rule_no_netrc_files" selected="false" role="full" severity="medium">
            <title xmlns:xhtml="http://www.w3.org/1999/xhtml" xml:lang="en-US">Verify No netrc Files Exist</title>
            <description xmlns:xhtml="http://www.w3.org/1999/xhtml" xml:lang="en-US">The <html:code xmlns:html="http://www.w3.org/1999/xhtml">.netrc</html:code> files contain login information
used to auto-login into FTP servers and reside in the user's home
directory. These files may contain unencrypted passwords to
remote FTP servers making them susceptible to access by unauthorized
users and should not be used.  Any <html:code xmlns:html="http://www.w3.org/1999/xhtml">.netrc</html:code> files should be removed.</description>
            <reference href="https://www.cisecurity.org/controls/">1</reference>
            <reference href="https://www.cisecurity.org/controls/">11</reference>
            <reference href="https://www.cisecurity.org/controls/">12</reference>
            <reference href="https://www.cisecurity.org/controls/">14</reference>
            <reference href="https://www.cisecurity.org/controls/">15</reference>
            <reference href="https://www.cisecurity.org/controls/">16</reference>
            <reference href="https://www.cisecurity.org/controls/">18</reference>
            <reference href="https://www.cisecurity.org/controls/">3</reference>
            <reference href="https://www.cisecurity.org/controls/">5</reference>
            <reference href="https://www.isaca.org/resources/cobit">DSS05.02</reference>
            <reference href="https://www.isaca.org/resources/cobit">DSS05.04</reference>
            <reference href="https://www.isaca.org/resources/cobit">DSS05.05</reference>
            <reference href="https://www.isaca.org/resources/cobit">DSS05.07</reference>
            <reference href="https://www.isaca.org/resources/cobit">DSS05.10</reference>
            <reference href="https://www.isaca.org/resources/cobit">DSS06.03</reference>
            <reference href="https://www.isaca.org/resources/cobit">DSS06.06</reference>
            <reference href="https://www.isaca.org/resources/cobit">DSS06.10</reference>
            <reference href="https://public.cyber.mil/stigs/cci/">CCI-000196</reference>
            <reference href="https://www.isa.org/products/isa-62443-2-1-2009-security-for-industrial-automat">4.3.3.2.2</reference>
            <reference href="https://www.isa.org/products/isa-62443-2-1-2009-security-for-industrial-automat">4.3.3.5.1</reference>
            <reference href="https://www.isa.org/products/isa-62443-2-1-2009-security-for-industrial-automat">4.3.3.5.2</reference>
            <reference href="https://www.isa.org/products/isa-62443-2-1-2009-security-for-industrial-automat">4.3.3.5.3</reference>
            <reference href="https://www.isa.org/products/isa-62443-2-1-2009-security-for-industrial-automat">4.3.3.5.4</reference>
            <reference href="https://www.isa.org/products/isa-62443-2-1-2009-security-for-industrial-automat">4.3.3.5.5</reference>
            <reference href="https://www.isa.org/products/isa-62443-2-1-2009-security-for-industrial-automat">4.3.3.5.6</reference>
            <reference href="https://www.isa.org/products/isa-62443-2-1-2009-security-for-industrial-automat">4.3.3.5.7</reference>
            <reference href="https://www.isa.org/products/isa-62443-2-1-2009-security-for-industrial-automat">4.3.3.5.8</reference>
            <reference href="https://www.isa.org/products/isa-62443-2-1-2009-security-for-industrial-automat">4.3.3.6.1</reference>
            <reference href="https://www.isa.org/products/isa-62443-2-1-2009-security-for-industrial-automat">4.3.3.6.2</reference>
            <reference href="https://www.isa.org/products/isa-62443-2-1-2009-security-for-industrial-automat">4.3.3.6.3</reference>
            <reference href="https://www.isa.org/products/isa-62443-2-1-2009-security-for-industrial-automat">4.3.3.6.4</reference>
            <reference href="https://www.isa.org/products/isa-62443-2-1-2009-security-for-industrial-automat">4.3.3.6.5</reference>
            <reference href="https://www.isa.org/products/isa-62443-2-1-2009-security-for-industrial-automat">4.3.3.6.6</reference>
            <reference href="https://www.isa.org/products/isa-62443-2-1-2009-security-for-industrial-automat">4.3.3.6.7</reference>
            <reference href="https://www.isa.org/products/isa-62443-2-1-2009-security-for-industrial-automat">4.3.3.6.8</reference>
            <reference href="https://www.isa.org/products/isa-62443-2-1-2009-security-for-industrial-automat">4.3.3.6.9</reference>
            <reference href="https://www.isa.org/products/isa-62443-2-1-2009-security-for-industrial-automat">4.3.3.7.1</reference>
            <reference href="https://www.isa.org/products/isa-62443-2-1-2009-security-for-industrial-automat">4.3.3.7.2</reference>
            <reference href="https://www.isa.org/products/isa-62443-2-1-2009-security-for-industrial-automat">4.3.3.7.3</reference>
            <reference href="https://www.isa.org/products/isa-62443-2-1-2009-security-for-industrial-automat">4.3.3.7.4</reference>
            <reference href="https://www.isa.org/products/ansi-isa-62443-3-3-99-03-03-2013-security-for-indu">SR 1.1</reference>
            <reference href="https://www.isa.org/products/ansi-isa-62443-3-3-99-03-03-2013-security-for-indu">SR 1.10</reference>
            <reference href="https://www.isa.org/products/ansi-isa-62443-3-3-99-03-03-2013-security-for-indu">SR 1.11</reference>
            <reference href="https://www.isa.org/products/ansi-isa-62443-3-3-99-03-03-2013-security-for-indu">SR 1.12</reference>
            <reference href="https://www.isa.org/products/ansi-isa-62443-3-3-99-03-03-2013-security-for-indu">SR 1.13</reference>
            <reference href="https://www.isa.org/products/ansi-isa-62443-3-3-99-03-03-2013-security-for-indu">SR 1.2</reference>
            <reference href="https://www.isa.org/products/ansi-isa-62443-3-3-99-03-03-2013-security-for-indu">SR 1.3</reference>
            <reference href="https://www.isa.org/products/ansi-isa-62443-3-3-99-03-03-2013-security-for-indu">SR 1.4</reference>
            <reference href="https://www.isa.org/products/ansi-isa-62443-3-3-99-03-03-2013-security-for-indu">SR 1.5</reference>
            <reference href="https://www.isa.org/products/ansi-isa-62443-3-3-99-03-03-2013-security-for-indu">SR 1.6</reference>
            <reference href="https://www.isa.org/products/ansi-isa-62443-3-3-99-03-03-2013-security-for-indu">SR 1.7</reference>
            <reference href="https://www.isa.org/products/ansi-isa-62443-3-3-99-03-03-2013-security-for-indu">SR 1.8</reference>
            <reference href="https://www.isa.org/products/ansi-isa-62443-3-3-99-03-03-2013-security-for-indu">SR 1.9</reference>
            <reference href="https://www.isa.org/products/ansi-isa-62443-3-3-99-03-03-2013-security-for-indu">SR 2.1</reference>
            <reference href="https://www.isa.org/products/ansi-isa-62443-3-3-99-03-03-2013-security-for-indu">SR 2.2</reference>
            <reference href="https://www.isa.org/products/ansi-isa-62443-3-3-99-03-03-2013-security-for-indu">SR 2.3</reference>
            <reference href="https://www.isa.org/products/ansi-isa-62443-3-3-99-03-03-2013-security-for-indu">SR 2.4</reference>
            <reference href="https://www.isa.org/products/ansi-isa-62443-3-3-99-03-03-2013-security-for-indu">SR 2.5</reference>
            <reference href="https://www.isa.org/products/ansi-isa-62443-3-3-99-03-03-2013-security-for-indu">SR 2.6</reference>
            <reference href="https://www.isa.org/products/ansi-isa-62443-3-3-99-03-03-2013-security-for-indu">SR 2.7</reference>
            <reference href="https://www.iso.org/contents/data/standard/05/45/54534.html">A.18.1.4</reference>
            <reference href="https://www.iso.org/contents/data/standard/05/45/54534.html">A.6.1.2</reference>
            <reference href="https://www.iso.org/contents/data/standard/05/45/54534.html">A.7.1.1</reference>
            <reference href="https://www.iso.org/contents/data/standard/05/45/54534.html">A.9.1.2</reference>
            <reference href="https://www.iso.org/contents/data/standard/05/45/54534.html">A.9.2.1</reference>
            <reference href="https://www.iso.org/contents/data/standard/05/45/54534.html">A.9.2.2</reference>
            <reference href="https://www.iso.org/contents/data/standard/05/45/54534.html">A.9.2.3</reference>
            <reference href="https://www.iso.org/contents/data/standard/05/45/54534.html">A.9.2.4</reference>
            <reference href="https://www.iso.org/contents/data/standard/05/45/54534.html">A.9.2.6</reference>
            <reference href="https://www.iso.org/contents/data/standard/05/45/54534.html">A.9.3.1</reference>
            <reference href="https://www.iso.org/contents/data/standard/05/45/54534.html">A.9.4.1</reference>
            <reference href="https://www.iso.org/contents/data/standard/05/45/54534.html">A.9.4.2</reference>
            <reference href="https://www.iso.org/contents/data/standard/05/45/54534.html">A.9.4.3</reference>
            <reference href="https://www.iso.org/contents/data/standard/05/45/54534.html">A.9.4.4</reference>
            <reference href="https://www.iso.org/contents/data/standard/05/45/54534.html">A.9.4.5</reference>
            <reference href="https://www.nerc.com/pa/Stand/AlignRep/One%20Stop%20Shop.xlsx">CIP-003-8 R1.3</reference>
            <reference href="https://www.nerc.com/pa/Stand/AlignRep/One%20Stop%20Shop.xlsx">CIP-003-8 R3</reference>
            <reference href="https://www.nerc.com/pa/Stand/AlignRep/One%20Stop%20Shop.xlsx">CIP-003-8 R3.1</reference>
            <reference href="https://www.nerc.com/pa/Stand/AlignRep/One%20Stop%20Shop.xlsx">CIP-003-8 R3.2</reference>
            <reference href="https://www.nerc.com/pa/Stand/AlignRep/One%20Stop%20Shop.xlsx">CIP-003-8 R3.3</reference>
            <reference href="https://www.nerc.com/pa/Stand/AlignRep/One%20Stop%20Shop.xlsx">CIP-003-8 R5.1.1</reference>
            <reference href="https://www.nerc.com/pa/Stand/AlignRep/One%20Stop%20Shop.xlsx">CIP-003-8 R5.3</reference>
            <reference href="https://www.nerc.com/pa/Stand/AlignRep/One%20Stop%20Shop.xlsx">CIP-004-6 R2.2.3</reference>
            <reference href="https://www.nerc.com/pa/Stand/AlignRep/One%20Stop%20Shop.xlsx">CIP-004-6 R2.3</reference>
            <reference href="https://www.nerc.com/pa/Stand/AlignRep/One%20Stop%20Shop.xlsx">CIP-007-3 R5.1</reference>
            <reference href="https://www.nerc.com/pa/Stand/AlignRep/One%20Stop%20Shop.xlsx">CIP-007-3 R5.1.2</reference>
            <reference href="https://www.nerc.com/pa/Stand/AlignRep/One%20Stop%20Shop.xlsx">CIP-007-3 R5.2</reference>
            <reference href="https://www.nerc.com/pa/Stand/AlignRep/One%20Stop%20Shop.xlsx">CIP-007-3 R5.3.1</reference>
            <reference href="https://www.nerc.com/pa/Stand/AlignRep/One%20Stop%20Shop.xlsx">CIP-007-3 R5.3.2</reference>
            <reference href="https://www.nerc.com/pa/Stand/AlignRep/One%20Stop%20Shop.xlsx">CIP-007-3 R5.3.3</reference>
            <reference href="http://nvlpubs.nist.gov/nistpubs/SpecialPublications/NIST.SP.800-53r4.pdf">IA-5(h)</reference>
            <reference href="http://nvlpubs.nist.gov/nistpubs/SpecialPublications/NIST.SP.800-53r4.pdf">IA-5(1)(c)</reference>
            <reference href="http://nvlpubs.nist.gov/nistpubs/SpecialPublications/NIST.SP.800-53r4.pdf">CM-6(a)</reference>
            <reference href="http://nvlpubs.nist.gov/nistpubs/SpecialPublications/NIST.SP.800-53r4.pdf">IA-5(7)</reference>
            <reference href="https://nvlpubs.nist.gov/nistpubs/CSWP/NIST.CSWP.04162018.pdf">PR.AC-1</reference>
            <reference href="https://nvlpubs.nist.gov/nistpubs/CSWP/NIST.CSWP.04162018.pdf">PR.AC-4</reference>
            <reference href="https://nvlpubs.nist.gov/nistpubs/CSWP/NIST.CSWP.04162018.pdf">PR.AC-6</reference>
            <reference href="https://nvlpubs.nist.gov/nistpubs/CSWP/NIST.CSWP.04162018.pdf">PR.AC-7</reference>
            <reference href="https://nvlpubs.nist.gov/nistpubs/CSWP/NIST.CSWP.04162018.pdf">PR.PT-3</reference>
            <reference href="https://www.cisecurity.org/benchmark/ubuntu_linux/">7.2.10</reference>
            <rationale xmlns:xhtml="http://www.w3.org/1999/xhtml" xml:lang="en-US">Unencrypted passwords for remote FTP servers may be stored in <html:code xmlns:html="http://www.w3.org/1999/xhtml">.netrc</html:code>
files.</rationale>
            <check system="http://oval.mitre.org/XMLSchema/oval-definitions-5">
              <check-content-ref name="oval:ssg-no_netrc_files:def:1" href="ssg-ubuntu2404-oval.xml"/>
            </check>
            <check system="http://scap.nist.gov/schema/ocil/2">
              <check-content-ref name="ocil:ssg-no_netrc_files_ocil:questionnaire:1" href="ssg-ubuntu2404-ocil.xml"/>
            </check>
          </Rule>
        </Group>
        <Group id="xccdf_org.ssgproject.content_group_root_logins">
          <title xmlns:xhtml="http://www.w3.org/1999/xhtml" xml:lang="en-US">Restrict Root Logins</title>
          <description xmlns:xhtml="http://www.w3.org/1999/xhtml" xml:lang="en-US">Direct root logins should be allowed only for emergency use.
In normal situations, the administrator should access the system
via a unique unprivileged account, and then use <html:code xmlns:html="http://www.w3.org/1999/xhtml">su</html:code> or <html:code xmlns:html="http://www.w3.org/1999/xhtml">sudo</html:code> to execute
privileged commands. Discouraging administrators from accessing the
root account directly ensures an audit trail in organizations with
multiple administrators. Locking down the channels through which
root can connect directly also reduces opportunities for
password-guessing against the root account. The <html:code xmlns:html="http://www.w3.org/1999/xhtml">login</html:code> program
uses the file <html:code xmlns:html="http://www.w3.org/1999/xhtml">/etc/securetty</html:code> to determine which interfaces
should allow root logins.

The virtual devices <html:code xmlns:html="http://www.w3.org/1999/xhtml">/dev/console</html:code>
and <html:code xmlns:html="http://www.w3.org/1999/xhtml">/dev/tty*</html:code> represent the system consoles (accessible via
the Ctrl-Alt-F1 through Ctrl-Alt-F6 keyboard sequences on a default
installation). The default securetty file also contains <html:code xmlns:html="http://www.w3.org/1999/xhtml">/dev/vc/*</html:code>.
These are likely to be deprecated in most environments, but may be retained
for compatibility. Root should also be prohibited from connecting
via network protocols. Other sections of this document
include guidance describing how to prevent root from logging in via SSH.</description>
          <Value id="xccdf_org.ssgproject.content_value_var_pam_wheel_group_for_su" type="string">
            <title xmlns:xhtml="http://www.w3.org/1999/xhtml" xml:lang="en-US">Group Name Used by pam_wheel Group Parameter</title>
            <description xmlns:xhtml="http://www.w3.org/1999/xhtml" xml:lang="en-US">pam_wheel module has a parameter called group, which controls which groups
can access the su command.
This variable holds the valid value for the parameter.</description>
            <value>sugroup</value>
            <value selector="cis">sugroup</value>
          </Value>
          <Rule id="xccdf_org.ssgproject.content_rule_accounts_no_uid_except_zero" selected="false" role="full" severity="high">
            <title xmlns:xhtml="http://www.w3.org/1999/xhtml" xml:lang="en-US">Verify Only Root Has UID 0</title>
            <description xmlns:xhtml="http://www.w3.org/1999/xhtml" xml:lang="en-US">If any account other than root has a UID of 0, this misconfiguration should
be investigated and the accounts other than root should be removed or have
their UID changed.
<html:br xmlns:html="http://www.w3.org/1999/xhtml"/>
If the account is associated with system commands or applications the UID
should be changed to one greater than "0" but less than "1000."
Otherwise assign a UID greater than "1000" that has not already been
assigned.</description>
            <reference href="https://www.cisecurity.org/controls/">1</reference>
            <reference href="https://www.cisecurity.org/controls/">12</reference>
            <reference href="https://www.cisecurity.org/controls/">13</reference>
            <reference href="https://www.cisecurity.org/controls/">14</reference>
            <reference href="https://www.cisecurity.org/controls/">15</reference>
            <reference href="https://www.cisecurity.org/controls/">16</reference>
            <reference href="https://www.cisecurity.org/controls/">18</reference>
            <reference href="https://www.cisecurity.org/controls/">3</reference>
            <reference href="https://www.cisecurity.org/controls/">5</reference>
            <reference href="https://www.isaca.org/resources/cobit">APO01.06</reference>
            <reference href="https://www.isaca.org/resources/cobit">DSS05.04</reference>
            <reference href="https://www.isaca.org/resources/cobit">DSS05.05</reference>
            <reference href="https://www.isaca.org/resources/cobit">DSS05.07</reference>
            <reference href="https://www.isaca.org/resources/cobit">DSS05.10</reference>
            <reference href="https://www.isaca.org/resources/cobit">DSS06.02</reference>
            <reference href="https://www.isaca.org/resources/cobit">DSS06.03</reference>
            <reference href="https://www.isaca.org/resources/cobit">DSS06.10</reference>
            <reference href="http://nvlpubs.nist.gov/nistpubs/SpecialPublications/NIST.SP.800-171.pdf">3.1.1</reference>
            <reference href="http://nvlpubs.nist.gov/nistpubs/SpecialPublications/NIST.SP.800-171.pdf">3.1.5</reference>
            <reference href="https://public.cyber.mil/stigs/cci/">CCI-000366</reference>
            <reference href="https://www.isa.org/products/isa-62443-2-1-2009-security-for-industrial-automat">4.3.3.2.2</reference>
            <reference href="https://www.isa.org/products/isa-62443-2-1-2009-security-for-industrial-automat">4.3.3.5.1</reference>
            <reference href="https://www.isa.org/products/isa-62443-2-1-2009-security-for-industrial-automat">4.3.3.5.2</reference>
            <reference href="https://www.isa.org/products/isa-62443-2-1-2009-security-for-industrial-automat">4.3.3.6.1</reference>
            <reference href="https://www.isa.org/products/isa-62443-2-1-2009-security-for-industrial-automat">4.3.3.6.2</reference>
            <reference href="https://www.isa.org/products/isa-62443-2-1-2009-security-for-industrial-automat">4.3.3.6.3</reference>
            <reference href="https://www.isa.org/products/isa-62443-2-1-2009-security-for-industrial-automat">4.3.3.6.4</reference>
            <reference href="https://www.isa.org/products/isa-62443-2-1-2009-security-for-industrial-automat">4.3.3.6.5</reference>
            <reference href="https://www.isa.org/products/isa-62443-2-1-2009-security-for-industrial-automat">4.3.3.6.6</reference>
            <reference href="https://www.isa.org/products/isa-62443-2-1-2009-security-for-industrial-automat">4.3.3.6.7</reference>
            <reference href="https://www.isa.org/products/isa-62443-2-1-2009-security-for-industrial-automat">4.3.3.6.8</reference>
            <reference href="https://www.isa.org/products/isa-62443-2-1-2009-security-for-industrial-automat">4.3.3.6.9</reference>
            <reference href="https://www.isa.org/products/isa-62443-2-1-2009-security-for-industrial-automat">4.3.3.7.2</reference>
            <reference href="https://www.isa.org/products/isa-62443-2-1-2009-security-for-industrial-automat">4.3.3.7.3</reference>
            <reference href="https://www.isa.org/products/isa-62443-2-1-2009-security-for-industrial-automat">4.3.3.7.4</reference>
            <reference href="https://www.isa.org/products/ansi-isa-62443-3-3-99-03-03-2013-security-for-indu">SR 1.1</reference>
            <reference href="https://www.isa.org/products/ansi-isa-62443-3-3-99-03-03-2013-security-for-indu">SR 1.10</reference>
            <reference href="https://www.isa.org/products/ansi-isa-62443-3-3-99-03-03-2013-security-for-indu">SR 1.2</reference>
            <reference href="https://www.isa.org/products/ansi-isa-62443-3-3-99-03-03-2013-security-for-indu">SR 1.3</reference>
            <reference href="https://www.isa.org/products/ansi-isa-62443-3-3-99-03-03-2013-security-for-indu">SR 1.4</reference>
            <reference href="https://www.isa.org/products/ansi-isa-62443-3-3-99-03-03-2013-security-for-indu">SR 1.5</reference>
            <reference href="https://www.isa.org/products/ansi-isa-62443-3-3-99-03-03-2013-security-for-indu">SR 1.7</reference>
            <reference href="https://www.isa.org/products/ansi-isa-62443-3-3-99-03-03-2013-security-for-indu">SR 1.8</reference>
            <reference href="https://www.isa.org/products/ansi-isa-62443-3-3-99-03-03-2013-security-for-indu">SR 1.9</reference>
            <reference href="https://www.isa.org/products/ansi-isa-62443-3-3-99-03-03-2013-security-for-indu">SR 2.1</reference>
            <reference href="https://www.isa.org/products/ansi-isa-62443-3-3-99-03-03-2013-security-for-indu">SR 5.2</reference>
            <reference href="https://www.iso.org/contents/data/standard/05/45/54534.html">A.10.1.1</reference>
            <reference href="https://www.iso.org/contents/data/standard/05/45/54534.html">A.11.1.4</reference>
            <reference href="https://www.iso.org/contents/data/standard/05/45/54534.html">A.11.1.5</reference>
            <reference href="https://www.iso.org/contents/data/standard/05/45/54534.html">A.11.2.1</reference>
            <reference href="https://www.iso.org/contents/data/standard/05/45/54534.html">A.13.1.1</reference>
            <reference href="https://www.iso.org/contents/data/standard/05/45/54534.html">A.13.1.3</reference>
            <reference href="https://www.iso.org/contents/data/standard/05/45/54534.html">A.13.2.1</reference>
            <reference href="https://www.iso.org/contents/data/standard/05/45/54534.html">A.13.2.3</reference>
            <reference href="https://www.iso.org/contents/data/standard/05/45/54534.html">A.13.2.4</reference>
            <reference href="https://www.iso.org/contents/data/standard/05/45/54534.html">A.14.1.2</reference>
            <reference href="https://www.iso.org/contents/data/standard/05/45/54534.html">A.14.1.3</reference>
            <reference href="https://www.iso.org/contents/data/standard/05/45/54534.html">A.18.1.4</reference>
            <reference href="https://www.iso.org/contents/data/standard/05/45/54534.html">A.6.1.2</reference>
            <reference href="https://www.iso.org/contents/data/standard/05/45/54534.html">A.7.1.1</reference>
            <reference href="https://www.iso.org/contents/data/standard/05/45/54534.html">A.7.1.2</reference>
            <reference href="https://www.iso.org/contents/data/standard/05/45/54534.html">A.7.3.1</reference>
            <reference href="https://www.iso.org/contents/data/standard/05/45/54534.html">A.8.2.2</reference>
            <reference href="https://www.iso.org/contents/data/standard/05/45/54534.html">A.8.2.3</reference>
            <reference href="https://www.iso.org/contents/data/standard/05/45/54534.html">A.9.1.1</reference>
            <reference href="https://www.iso.org/contents/data/standard/05/45/54534.html">A.9.1.2</reference>
            <reference href="https://www.iso.org/contents/data/standard/05/45/54534.html">A.9.2.1</reference>
            <reference href="https://www.iso.org/contents/data/standard/05/45/54534.html">A.9.2.2</reference>
            <reference href="https://www.iso.org/contents/data/standard/05/45/54534.html">A.9.2.3</reference>
            <reference href="https://www.iso.org/contents/data/standard/05/45/54534.html">A.9.2.4</reference>
            <reference href="https://www.iso.org/contents/data/standard/05/45/54534.html">A.9.2.6</reference>
            <reference href="https://www.iso.org/contents/data/standard/05/45/54534.html">A.9.3.1</reference>
            <reference href="https://www.iso.org/contents/data/standard/05/45/54534.html">A.9.4.1</reference>
            <reference href="https://www.iso.org/contents/data/standard/05/45/54534.html">A.9.4.2</reference>
            <reference href="https://www.iso.org/contents/data/standard/05/45/54534.html">A.9.4.3</reference>
            <reference href="https://www.iso.org/contents/data/standard/05/45/54534.html">A.9.4.4</reference>
            <reference href="https://www.iso.org/contents/data/standard/05/45/54534.html">A.9.4.5</reference>
            <reference href="https://www.nerc.com/pa/Stand/AlignRep/One%20Stop%20Shop.xlsx">CIP-003-8 R5.1.1</reference>
            <reference href="https://www.nerc.com/pa/Stand/AlignRep/One%20Stop%20Shop.xlsx">CIP-003-8 R5.3</reference>
            <reference href="https://www.nerc.com/pa/Stand/AlignRep/One%20Stop%20Shop.xlsx">CIP-004-6 R2.2.3</reference>
            <reference href="https://www.nerc.com/pa/Stand/AlignRep/One%20Stop%20Shop.xlsx">CIP-004-6 R2.3</reference>
            <reference href="https://www.nerc.com/pa/Stand/AlignRep/One%20Stop%20Shop.xlsx">CIP-007-3 R5.1</reference>
            <reference href="https://www.nerc.com/pa/Stand/AlignRep/One%20Stop%20Shop.xlsx">CIP-007-3 R5.1.2</reference>
            <reference href="https://www.nerc.com/pa/Stand/AlignRep/One%20Stop%20Shop.xlsx">CIP-007-3 R5.2</reference>
            <reference href="https://www.nerc.com/pa/Stand/AlignRep/One%20Stop%20Shop.xlsx">CIP-007-3 R5.3.1</reference>
            <reference href="https://www.nerc.com/pa/Stand/AlignRep/One%20Stop%20Shop.xlsx">CIP-007-3 R5.3.2</reference>
            <reference href="https://www.nerc.com/pa/Stand/AlignRep/One%20Stop%20Shop.xlsx">CIP-007-3 R5.3.3</reference>
            <reference href="http://nvlpubs.nist.gov/nistpubs/SpecialPublications/NIST.SP.800-53r4.pdf">IA-2</reference>
            <reference href="http://nvlpubs.nist.gov/nistpubs/SpecialPublications/NIST.SP.800-53r4.pdf">AC-6(5)</reference>
            <reference href="http://nvlpubs.nist.gov/nistpubs/SpecialPublications/NIST.SP.800-53r4.pdf">IA-4(b)</reference>
            <reference href="https://nvlpubs.nist.gov/nistpubs/CSWP/NIST.CSWP.04162018.pdf">PR.AC-1</reference>
            <reference href="https://nvlpubs.nist.gov/nistpubs/CSWP/NIST.CSWP.04162018.pdf">PR.AC-4</reference>
            <reference href="https://nvlpubs.nist.gov/nistpubs/CSWP/NIST.CSWP.04162018.pdf">PR.AC-6</reference>
            <reference href="https://nvlpubs.nist.gov/nistpubs/CSWP/NIST.CSWP.04162018.pdf">PR.AC-7</reference>
            <reference href="https://nvlpubs.nist.gov/nistpubs/CSWP/NIST.CSWP.04162018.pdf">PR.DS-5</reference>
            <reference href="https://www.pcisecuritystandards.org/documents/PCI_DSS_v3-2-1.pdf">Req-8.5</reference>
            <reference href="https://public.cyber.mil/stigs/downloads/?_dl_facet_stigs=operating-systems%2Cgeneral-purpose-os">SRG-OS-000480-GPOS-00227</reference>
            <reference href="https://www.cisecurity.org/benchmark/ubuntu_linux/">5.4.2.1</reference>
            <reference href="https://docs-prv.pcisecuritystandards.org/PCI%20DSS/Standard/PCI-DSS-v4_0.pdf">8.2.1</reference>
            <reference href="https://docs-prv.pcisecuritystandards.org/PCI%20DSS/Standard/PCI-DSS-v4_0.pdf">8.2</reference>
            <rationale xmlns:xhtml="http://www.w3.org/1999/xhtml" xml:lang="en-US">An account has root authority if it has a UID of 0. Multiple accounts
with a UID of 0 afford more opportunity for potential intruders to
guess a password for a privileged account. Proper configuration of
sudo is recommended to afford multiple system administrators
access to root privileges in an accountable manner.</rationale>
            <fix xmlns:xhtml="http://www.w3.org/1999/xhtml" id="accounts_no_uid_except_zero" system="urn:xccdf:fix:script:ansible" complexity="low" disruption="low" strategy="restrict">- name: Get all /etc/passwd file entries
  getent:
    database: passwd
    split: ':'
  tags:
  - NIST-800-171-3.1.1
  - NIST-800-171-3.1.5
  - NIST-800-53-AC-6(5)
  - NIST-800-53-IA-2
  - NIST-800-53-IA-4(b)
  - PCI-DSS-Req-8.5
  - PCI-DSSv4-8.2
  - PCI-DSSv4-8.2.1
  - accounts_no_uid_except_zero
  - high_severity
  - low_complexity
  - low_disruption
  - no_reboot_needed
  - restrict_strategy

- name: Lock the password of the user accounts other than root with uid 0
  command: passwd -l {{ item.key }}
  loop: '{{ getent_passwd | dict2items | rejectattr(''key'', ''search'', ''root'')
    | list }}'
  when: item.value.1  == '0'
  tags:
  - NIST-800-171-3.1.1
  - NIST-800-171-3.1.5
  - NIST-800-53-AC-6(5)
  - NIST-800-53-IA-2
  - NIST-800-53-IA-4(b)
  - PCI-DSS-Req-8.5
  - PCI-DSSv4-8.2
  - PCI-DSSv4-8.2.1
  - accounts_no_uid_except_zero
  - high_severity
  - low_complexity
  - low_disruption
  - no_reboot_needed
  - restrict_strategy
</fix>
            <fix xmlns:xhtml="http://www.w3.org/1999/xhtml" id="accounts_no_uid_except_zero" system="urn:xccdf:fix:script:sh">awk -F: '$3 == 0 &amp;&amp; $1 != "root" { print $1 }' /etc/passwd | xargs --no-run-if-empty --max-lines=1 passwd -l
</fix>
            <check system="http://oval.mitre.org/XMLSchema/oval-definitions-5">
              <check-content-ref name="oval:ssg-accounts_no_uid_except_zero:def:1" href="ssg-ubuntu2404-oval.xml"/>
            </check>
            <check system="http://scap.nist.gov/schema/ocil/2">
              <check-content-ref name="ocil:ssg-accounts_no_uid_except_zero_ocil:questionnaire:1" href="ssg-ubuntu2404-ocil.xml"/>
            </check>
          </Rule>
          <Rule id="xccdf_org.ssgproject.content_rule_accounts_root_gid_zero" selected="false" role="full" severity="high">
            <title xmlns:xhtml="http://www.w3.org/1999/xhtml" xml:lang="en-US">Verify Root Has A Primary GID 0</title>
            <description xmlns:xhtml="http://www.w3.org/1999/xhtml" xml:lang="en-US">The <html:code xmlns:html="http://www.w3.org/1999/xhtml">root</html:code> user should have a primary group of 0.</description>
            <reference href="https://www.pcisecuritystandards.org/documents/PCI_DSS_v3-2-1.pdf">Req-8.1.1</reference>
            <reference href="https://www.cisecurity.org/benchmark/ubuntu_linux/">5.4.2.2</reference>
            <reference href="https://docs-prv.pcisecuritystandards.org/PCI%20DSS/Standard/PCI-DSS-v4_0.pdf">8.2.1</reference>
            <reference href="https://docs-prv.pcisecuritystandards.org/PCI%20DSS/Standard/PCI-DSS-v4_0.pdf">8.2</reference>
            <rationale xmlns:xhtml="http://www.w3.org/1999/xhtml" xml:lang="en-US">To help ensure that root-owned files are not inadvertently exposed to other users.</rationale>
            <check system="http://oval.mitre.org/XMLSchema/oval-definitions-5">
              <check-content-ref name="oval:ssg-accounts_root_gid_zero:def:1" href="ssg-ubuntu2404-oval.xml"/>
            </check>
            <check system="http://scap.nist.gov/schema/ocil/2">
              <check-content-ref name="ocil:ssg-accounts_root_gid_zero_ocil:questionnaire:1" href="ssg-ubuntu2404-ocil.xml"/>
            </check>
          </Rule>
          <Rule id="xccdf_org.ssgproject.content_rule_ensure_pam_wheel_group_empty" selected="false" role="full" severity="medium">
            <title xmlns:xhtml="http://www.w3.org/1999/xhtml" xml:lang="en-US">Ensure the Group Used by pam_wheel.so Module Exists on System and is Empty</title>
            <description xmlns:xhtml="http://www.w3.org/1999/xhtml" xml:lang="en-US">Ensure that the group <html:code xmlns:html="http://www.w3.org/1999/xhtml" xmlns:xccdf-1.2="http://checklists.nist.gov/xccdf/1.2"><xccdf-1.2:sub idref="xccdf_org.ssgproject.content_value_var_pam_wheel_group_for_su" use="legacy"/></html:code> referenced by
<html:code xmlns:html="http://www.w3.org/1999/xhtml">var_pam_wheel_group_for_su</html:code> variable and used as value for the <html:code xmlns:html="http://www.w3.org/1999/xhtml">pam_wheel.so</html:code>
         <html:code xmlns:html="http://www.w3.org/1999/xhtml">group</html:code> option exists and has no members. This empty group used by
<html:code xmlns:html="http://www.w3.org/1999/xhtml">pam_wheel.so</html:code> in <html:code xmlns:html="http://www.w3.org/1999/xhtml">/etc/pam.d/su</html:code> ensures that no user can run commands with
altered privileges through the <html:code xmlns:html="http://www.w3.org/1999/xhtml">su</html:code> command.</description>
            <warning xmlns:xhtml="http://www.w3.org/1999/xhtml" xml:lang="en-US" category="general">Note that this rule just ensures the group exists and has no members. This rule does not
configure <html:code xmlns:html="http://www.w3.org/1999/xhtml">pam_wheel.so</html:code> module. The <html:code xmlns:html="http://www.w3.org/1999/xhtml">pam_wheel.so</html:code> module configuration is
accomplished by <html:code xmlns:html="http://www.w3.org/1999/xhtml">use_pam_wheel_group_for_su</html:code> rule.</warning>
            <reference href="https://www.cisecurity.org/benchmark/ubuntu_linux/">5.2.7</reference>
            <reference href="https://docs-prv.pcisecuritystandards.org/PCI%20DSS/Standard/PCI-DSS-v4_0.pdf">2.2.6</reference>
            <reference href="https://docs-prv.pcisecuritystandards.org/PCI%20DSS/Standard/PCI-DSS-v4_0.pdf">2.2</reference>
            <rationale xmlns:xhtml="http://www.w3.org/1999/xhtml" xml:lang="en-US">The <html:code xmlns:html="http://www.w3.org/1999/xhtml">su</html:code> program allows to run commands with a substitute user and group ID.
It is commonly used to run commands as the root user.
Limiting access to such command is considered a good security practice.</rationale>
            <platform idref="#package_pam"/>
            <fix xmlns:xhtml="http://www.w3.org/1999/xhtml" id="ensure_pam_wheel_group_empty" system="urn:xccdf:fix:script:ansible" complexity="low" disruption="low" strategy="restrict">- name: Gather the package facts
  package_facts:
    manager: auto
  tags:
  - PCI-DSSv4-2.2
  - PCI-DSSv4-2.2.6
  - ensure_pam_wheel_group_empty
  - low_complexity
  - low_disruption
  - medium_severity
  - no_reboot_needed
  - restrict_strategy
- name: XCCDF Value var_pam_wheel_group_for_su # promote to variable
  set_fact:
    var_pam_wheel_group_for_su: !!str <xccdf-1.2:sub xmlns:xccdf-1.2="http://checklists.nist.gov/xccdf/1.2" idref="xccdf_org.ssgproject.content_value_var_pam_wheel_group_for_su" use="legacy"/>
  tags:
    - always

- name: Ensure the Group Used by pam_wheel.so Module Exists on System and is Empty
    - Ensure {{ var_pam_wheel_group_for_su }} Group Exists
  ansible.builtin.group:
    name: '{{ var_pam_wheel_group_for_su }}'
    state: present
  when: '"libpam-runtime" in ansible_facts.packages'
  tags:
  - PCI-DSSv4-2.2
  - PCI-DSSv4-2.2.6
  - ensure_pam_wheel_group_empty
  - low_complexity
  - low_disruption
  - medium_severity
  - no_reboot_needed
  - restrict_strategy

- name: Ensure the Group Used by pam_wheel.so Module Exists on System and is Empty
    - Ensure {{ var_pam_wheel_group_for_su }} Group is Empty
  ansible.builtin.lineinfile:
    path: /etc/group
    regexp: ^({{ var_pam_wheel_group_for_su }}:[^:]+:[0-9]+:).*$
    line: \1
    backrefs: true
  when: '"libpam-runtime" in ansible_facts.packages'
  tags:
  - PCI-DSSv4-2.2
  - PCI-DSSv4-2.2.6
  - ensure_pam_wheel_group_empty
  - low_complexity
  - low_disruption
  - medium_severity
  - no_reboot_needed
  - restrict_strategy
</fix>
            <fix xmlns:xhtml="http://www.w3.org/1999/xhtml" id="ensure_pam_wheel_group_empty" system="urn:xccdf:fix:script:sh"># Remediation is applicable only in certain platforms
if dpkg-query --show --showformat='${db:Status-Status}\n' 'libpam-runtime' 2&gt;/dev/null | grep -q '^installed'; then

var_pam_wheel_group_for_su='<xccdf-1.2:sub xmlns:xccdf-1.2="http://checklists.nist.gov/xccdf/1.2" idref="xccdf_org.ssgproject.content_value_var_pam_wheel_group_for_su" use="legacy"/>'


if ! grep -q "^${var_pam_wheel_group_for_su}:[^:]*:[^:]*:[^:]*" /etc/group; then
    groupadd ${var_pam_wheel_group_for_su}
fi

# group must be empty
gpasswd -M '' ${var_pam_wheel_group_for_su}

else
    &gt;&amp;2 echo 'Remediation is not applicable, nothing was done'
fi
</fix>
            <check system="http://oval.mitre.org/XMLSchema/oval-definitions-5">
              <check-export export-name="oval:ssg-var_pam_wheel_group_for_su:var:1" value-id="xccdf_org.ssgproject.content_value_var_pam_wheel_group_for_su"/>
              <check-content-ref name="oval:ssg-ensure_pam_wheel_group_empty:def:1" href="ssg-ubuntu2404-oval.xml"/>
            </check>
            <check system="http://scap.nist.gov/schema/ocil/2">
              <check-content-ref name="ocil:ssg-ensure_pam_wheel_group_empty_ocil:questionnaire:1" href="ssg-ubuntu2404-ocil.xml"/>
            </check>
          </Rule>
          <Rule id="xccdf_org.ssgproject.content_rule_ensure_root_access_controlled" selected="false" role="full" severity="medium">
            <title xmlns:xhtml="http://www.w3.org/1999/xhtml" xml:lang="en-US">Ensure root account access is controlled</title>
            <description xmlns:xhtml="http://www.w3.org/1999/xhtml" xml:lang="en-US">There are a number of methods to access the root account directly. 
Without a password set any user would be able to gain access and 
thus control over the entire system.</description>
            <warning xmlns:xhtml="http://www.w3.org/1999/xhtml" xml:lang="en-US" category="general">This rule doesn't come with a remediation, as the exact requirement allows root to either have a password or be locked.</warning>
            <reference href="https://www.cisecurity.org/benchmark/ubuntu_linux/">5.4.2.4</reference>
            <rationale xmlns:xhtml="http://www.w3.org/1999/xhtml" xml:lang="en-US">Access to root should be secured at all times.</rationale>
            <platform idref="#system_with_kernel"/>
            <check system="http://oval.mitre.org/XMLSchema/oval-definitions-5">
              <check-content-ref name="oval:ssg-ensure_root_access_controlled:def:1" href="ssg-ubuntu2404-oval.xml"/>
            </check>
            <check system="http://scap.nist.gov/schema/ocil/2">
              <check-content-ref name="ocil:ssg-ensure_root_access_controlled_ocil:questionnaire:1" href="ssg-ubuntu2404-ocil.xml"/>
            </check>
          </Rule>
          <Rule id="xccdf_org.ssgproject.content_rule_groups_no_zero_gid_except_root" selected="false" role="full" severity="high">
            <title xmlns:xhtml="http://www.w3.org/1999/xhtml" xml:lang="en-US">Verify Only Group Root Has GID 0</title>
            <description xmlns:xhtml="http://www.w3.org/1999/xhtml" xml:lang="en-US">If any group other than root has a GID of 0, this misconfiguration should
be investigated and the groups other than root should be removed or have
their GID changed.</description>
            <warning xmlns:xhtml="http://www.w3.org/1999/xhtml" xml:lang="en-US" category="general">This rule doesn't come with a remediation. The removal of groups from a system
or reassigning the GID is considered too disruptive.</warning>
            <reference href="https://www.cisecurity.org/benchmark/ubuntu_linux/">5.4.2.3</reference>
            <rationale xmlns:xhtml="http://www.w3.org/1999/xhtml" xml:lang="en-US">Ensuring that only the <html:code xmlns:html="http://www.w3.org/1999/xhtml">root</html:code> group has a GID of 0 helps prevent
root group owned files from becoming accidentally accessible to
non-privileged users.</rationale>
            <check system="http://oval.mitre.org/XMLSchema/oval-definitions-5">
              <check-content-ref name="oval:ssg-groups_no_zero_gid_except_root:def:1" href="ssg-ubuntu2404-oval.xml"/>
            </check>
            <check system="http://scap.nist.gov/schema/ocil/2">
              <check-content-ref name="ocil:ssg-groups_no_zero_gid_except_root_ocil:questionnaire:1" href="ssg-ubuntu2404-ocil.xml"/>
            </check>
          </Rule>
          <Rule id="xccdf_org.ssgproject.content_rule_no_invalid_shell_accounts_unlocked" selected="false" role="full" severity="medium">
            <title xmlns:xhtml="http://www.w3.org/1999/xhtml" xml:lang="en-US">Verify Non-Interactive Accounts Are Locked</title>
            <description xmlns:xhtml="http://www.w3.org/1999/xhtml" xml:lang="en-US">Accounts meant for non-interactive purposes should be locked to prevent
unauthorized access. Accounts with non-standard shells (those not defined in
<html:code xmlns:html="http://www.w3.org/1999/xhtml">/etc/shells</html:code>) should be locked using <html:code xmlns:html="http://www.w3.org/1999/xhtml">usermod -L</html:code>.</description>
            <warning xmlns:xhtml="http://www.w3.org/1999/xhtml" xml:lang="en-US" category="general">Automatic remediation of this control is not recommended. Locking system accounts
could be highly disruptive.</warning>
            <reference href="https://www.cisecurity.org/benchmark/ubuntu_linux/">5.4.2.8</reference>
            <rationale xmlns:xhtml="http://www.w3.org/1999/xhtml" xml:lang="en-US">Locking non-interactive accounts improves security by preventing potential
misuse. While many systems configure these accounts with invalid strings,
setting the shell field to <html:code xmlns:html="http://www.w3.org/1999/xhtml">nologin</html:code> is also suggested</rationale>
            <check system="http://oval.mitre.org/XMLSchema/oval-definitions-5">
              <check-content-ref name="oval:ssg-no_invalid_shell_accounts_unlocked:def:1" href="ssg-ubuntu2404-oval.xml"/>
            </check>
          </Rule>
          <Rule id="xccdf_org.ssgproject.content_rule_no_shelllogin_for_systemaccounts" selected="false" role="full" severity="medium">
            <title xmlns:xhtml="http://www.w3.org/1999/xhtml" xml:lang="en-US">Ensure that System Accounts Do Not Run a Shell Upon Login</title>
            <description xmlns:xhtml="http://www.w3.org/1999/xhtml" xml:lang="en-US">Some accounts are not associated with a human user of the system, and exist to perform some
administrative functions. Should an attacker be able to log into these accounts, they should
not be granted access to a shell.
<html:br xmlns:html="http://www.w3.org/1999/xhtml"/>
         <html:br xmlns:html="http://www.w3.org/1999/xhtml"/>
The login shell for each local account is stored in the last field of each line in
<html:code xmlns:html="http://www.w3.org/1999/xhtml">/etc/passwd</html:code>. System accounts are those user accounts with a user ID less than
<html:code xmlns:html="http://www.w3.org/1999/xhtml">1000</html:code>. The user ID is stored in the third field. If any system account
other than <html:code xmlns:html="http://www.w3.org/1999/xhtml">root</html:code> has a login shell, disable it with the command:
<html:pre xmlns:html="http://www.w3.org/1999/xhtml">$ sudo usermod -s /sbin/nologin <html:i>account</html:i>
         </html:pre>
        </description>
            <warning xmlns:xhtml="http://www.w3.org/1999/xhtml" xml:lang="en-US" category="functionality">Do not perform the steps in this section on the root account. Doing so might cause the
system to become inaccessible.</warning>
            <reference href="https://www.cisecurity.org/controls/">1</reference>
            <reference href="https://www.cisecurity.org/controls/">12</reference>
            <reference href="https://www.cisecurity.org/controls/">13</reference>
            <reference href="https://www.cisecurity.org/controls/">14</reference>
            <reference href="https://www.cisecurity.org/controls/">15</reference>
            <reference href="https://www.cisecurity.org/controls/">16</reference>
            <reference href="https://www.cisecurity.org/controls/">18</reference>
            <reference href="https://www.cisecurity.org/controls/">3</reference>
            <reference href="https://www.cisecurity.org/controls/">5</reference>
            <reference href="https://www.cisecurity.org/controls/">7</reference>
            <reference href="https://www.cisecurity.org/controls/">8</reference>
            <reference href="https://www.isaca.org/resources/cobit">DSS01.03</reference>
            <reference href="https://www.isaca.org/resources/cobit">DSS03.05</reference>
            <reference href="https://www.isaca.org/resources/cobit">DSS05.04</reference>
            <reference href="https://www.isaca.org/resources/cobit">DSS05.05</reference>
            <reference href="https://www.isaca.org/resources/cobit">DSS05.07</reference>
            <reference href="https://www.isaca.org/resources/cobit">DSS06.03</reference>
            <reference href="https://public.cyber.mil/stigs/cci/">CCI-000366</reference>
            <reference href="https://www.isa.org/products/isa-62443-2-1-2009-security-for-industrial-automat">4.3.3.2.2</reference>
            <reference href="https://www.isa.org/products/isa-62443-2-1-2009-security-for-industrial-automat">4.3.3.5.1</reference>
            <reference href="https://www.isa.org/products/isa-62443-2-1-2009-security-for-industrial-automat">4.3.3.5.2</reference>
            <reference href="https://www.isa.org/products/isa-62443-2-1-2009-security-for-industrial-automat">4.3.3.7.2</reference>
            <reference href="https://www.isa.org/products/isa-62443-2-1-2009-security-for-industrial-automat">4.3.3.7.3</reference>
            <reference href="https://www.isa.org/products/isa-62443-2-1-2009-security-for-industrial-automat">4.3.3.7.4</reference>
            <reference href="https://www.isa.org/products/ansi-isa-62443-3-3-99-03-03-2013-security-for-indu">SR 1.1</reference>
            <reference href="https://www.isa.org/products/ansi-isa-62443-3-3-99-03-03-2013-security-for-indu">SR 1.2</reference>
            <reference href="https://www.isa.org/products/ansi-isa-62443-3-3-99-03-03-2013-security-for-indu">SR 1.3</reference>
            <reference href="https://www.isa.org/products/ansi-isa-62443-3-3-99-03-03-2013-security-for-indu">SR 1.4</reference>
            <reference href="https://www.isa.org/products/ansi-isa-62443-3-3-99-03-03-2013-security-for-indu">SR 1.5</reference>
            <reference href="https://www.isa.org/products/ansi-isa-62443-3-3-99-03-03-2013-security-for-indu">SR 1.7</reference>
            <reference href="https://www.isa.org/products/ansi-isa-62443-3-3-99-03-03-2013-security-for-indu">SR 1.8</reference>
            <reference href="https://www.isa.org/products/ansi-isa-62443-3-3-99-03-03-2013-security-for-indu">SR 1.9</reference>
            <reference href="https://www.isa.org/products/ansi-isa-62443-3-3-99-03-03-2013-security-for-indu">SR 2.1</reference>
            <reference href="https://www.isa.org/products/ansi-isa-62443-3-3-99-03-03-2013-security-for-indu">SR 6.2</reference>
            <reference href="https://www.cyber.gov.au/acsc/view-all-content/ism">1491</reference>
            <reference href="https://www.iso.org/contents/data/standard/05/45/54534.html">A.12.4.1</reference>
            <reference href="https://www.iso.org/contents/data/standard/05/45/54534.html">A.12.4.3</reference>
            <reference href="https://www.iso.org/contents/data/standard/05/45/54534.html">A.6.1.2</reference>
            <reference href="https://www.iso.org/contents/data/standard/05/45/54534.html">A.7.1.1</reference>
            <reference href="https://www.iso.org/contents/data/standard/05/45/54534.html">A.9.1.2</reference>
            <reference href="https://www.iso.org/contents/data/standard/05/45/54534.html">A.9.2.1</reference>
            <reference href="https://www.iso.org/contents/data/standard/05/45/54534.html">A.9.2.2</reference>
            <reference href="https://www.iso.org/contents/data/standard/05/45/54534.html">A.9.2.3</reference>
            <reference href="https://www.iso.org/contents/data/standard/05/45/54534.html">A.9.2.4</reference>
            <reference href="https://www.iso.org/contents/data/standard/05/45/54534.html">A.9.2.6</reference>
            <reference href="https://www.iso.org/contents/data/standard/05/45/54534.html">A.9.3.1</reference>
            <reference href="https://www.iso.org/contents/data/standard/05/45/54534.html">A.9.4.1</reference>
            <reference href="https://www.iso.org/contents/data/standard/05/45/54534.html">A.9.4.2</reference>
            <reference href="https://www.iso.org/contents/data/standard/05/45/54534.html">A.9.4.3</reference>
            <reference href="https://www.iso.org/contents/data/standard/05/45/54534.html">A.9.4.4</reference>
            <reference href="https://www.iso.org/contents/data/standard/05/45/54534.html">A.9.4.5</reference>
            <reference href="http://nvlpubs.nist.gov/nistpubs/SpecialPublications/NIST.SP.800-53r4.pdf">AC-6</reference>
            <reference href="http://nvlpubs.nist.gov/nistpubs/SpecialPublications/NIST.SP.800-53r4.pdf">CM-6(a)</reference>
            <reference href="http://nvlpubs.nist.gov/nistpubs/SpecialPublications/NIST.SP.800-53r4.pdf">CM-6(b)</reference>
            <reference href="http://nvlpubs.nist.gov/nistpubs/SpecialPublications/NIST.SP.800-53r4.pdf">CM-6.1(iv)</reference>
            <reference href="https://nvlpubs.nist.gov/nistpubs/CSWP/NIST.CSWP.04162018.pdf">DE.CM-1</reference>
            <reference href="https://nvlpubs.nist.gov/nistpubs/CSWP/NIST.CSWP.04162018.pdf">DE.CM-3</reference>
            <reference href="https://nvlpubs.nist.gov/nistpubs/CSWP/NIST.CSWP.04162018.pdf">PR.AC-1</reference>
            <reference href="https://nvlpubs.nist.gov/nistpubs/CSWP/NIST.CSWP.04162018.pdf">PR.AC-4</reference>
            <reference href="https://nvlpubs.nist.gov/nistpubs/CSWP/NIST.CSWP.04162018.pdf">PR.AC-6</reference>
            <reference href="https://public.cyber.mil/stigs/downloads/?_dl_facet_stigs=operating-systems%2Cgeneral-purpose-os">SRG-OS-000480-GPOS-00227</reference>
            <reference href="https://www.cisecurity.org/benchmark/ubuntu_linux/">5.4.2.7</reference>
            <reference href="https://docs-prv.pcisecuritystandards.org/PCI%20DSS/Standard/PCI-DSS-v4_0.pdf">8.2.2</reference>
            <reference href="https://docs-prv.pcisecuritystandards.org/PCI%20DSS/Standard/PCI-DSS-v4_0.pdf">8.2</reference>
            <rationale xmlns:xhtml="http://www.w3.org/1999/xhtml" xml:lang="en-US">Ensuring shells are not given to system accounts upon login makes it more difficult for
attackers to make use of system accounts.</rationale>
            <fix xmlns:xhtml="http://www.w3.org/1999/xhtml" id="no_shelllogin_for_systemaccounts" system="urn:xccdf:fix:script:ansible" complexity="low" disruption="medium" strategy="restrict">- name: Ensure that System Accounts Do Not Run a Shell Upon Login - Get All Local
    Users From /etc/passwd
  ansible.builtin.getent:
    database: passwd
    split: ':'
  tags:
  - NIST-800-53-AC-6
  - NIST-800-53-CM-6(a)
  - NIST-800-53-CM-6(b)
  - NIST-800-53-CM-6.1(iv)
  - PCI-DSSv4-8.2
  - PCI-DSSv4-8.2.2
  - low_complexity
  - medium_disruption
  - medium_severity
  - no_reboot_needed
  - no_shelllogin_for_systemaccounts
  - restrict_strategy

- name: Ensure that System Accounts Do Not Run a Shell Upon Login - Create local_users
    Variable From getent_passwd Facts
  ansible.builtin.set_fact:
    local_users: '{{ ansible_facts.getent_passwd | dict2items }}'
  tags:
  - NIST-800-53-AC-6
  - NIST-800-53-CM-6(a)
  - NIST-800-53-CM-6(b)
  - NIST-800-53-CM-6.1(iv)
  - PCI-DSSv4-8.2
  - PCI-DSSv4-8.2.2
  - low_complexity
  - medium_disruption
  - medium_severity
  - no_reboot_needed
  - no_shelllogin_for_systemaccounts
  - restrict_strategy

- name: Ensure that System Accounts Do Not Run a Shell Upon Login -  Disable Login
    Shell for System Accounts
  ansible.builtin.user:
    name: '{{ item.key }}'
    shell: /sbin/nologin
  loop: '{{ local_users }}'
  when:
  - item.key not in ['root']
  - item.value[1]|int &lt; 1000
  - item.value[5] not in ['/sbin/shutdown', '/sbin/halt', '/bin/sync']
  tags:
  - NIST-800-53-AC-6
  - NIST-800-53-CM-6(a)
  - NIST-800-53-CM-6(b)
  - NIST-800-53-CM-6.1(iv)
  - PCI-DSSv4-8.2
  - PCI-DSSv4-8.2.2
  - low_complexity
  - medium_disruption
  - medium_severity
  - no_reboot_needed
  - no_shelllogin_for_systemaccounts
  - restrict_strategy
</fix>
            <fix xmlns:xhtml="http://www.w3.org/1999/xhtml" id="no_shelllogin_for_systemaccounts" system="urn:xccdf:fix:script:sh" complexity="low" disruption="medium" strategy="restrict">
readarray -t systemaccounts &lt; &lt;(awk -F: '($3 &lt; 1000 &amp;&amp; $3 != root \
  &amp;&amp; $7 != "\/sbin\/shutdown" &amp;&amp; $7 != "\/sbin\/halt" &amp;&amp; $7 != "\/bin\/sync") \
  { print $1 }' /etc/passwd)

for systemaccount in "${systemaccounts[@]}"; do
    usermod -s /sbin/nologin "$systemaccount"
done
</fix>
            <check system="http://oval.mitre.org/XMLSchema/oval-definitions-5">
              <check-content-ref name="oval:ssg-no_shelllogin_for_systemaccounts:def:1" href="ssg-ubuntu2404-oval.xml"/>
            </check>
            <check system="http://scap.nist.gov/schema/ocil/2">
              <check-content-ref name="ocil:ssg-no_shelllogin_for_systemaccounts_ocil:questionnaire:1" href="ssg-ubuntu2404-ocil.xml"/>
            </check>
          </Rule>
          <Rule id="xccdf_org.ssgproject.content_rule_use_pam_wheel_group_for_su" selected="false" role="full" severity="medium">
            <title xmlns:xhtml="http://www.w3.org/1999/xhtml" xml:lang="en-US">Enforce Usage of pam_wheel with Group Parameter for su Authentication</title>
            <description xmlns:xhtml="http://www.w3.org/1999/xhtml" xml:lang="en-US">To ensure that only users who are members of the group set in the <html:code xmlns:html="http://www.w3.org/1999/xhtml">group</html:code> option of
<html:code xmlns:html="http://www.w3.org/1999/xhtml">pam_wheel.so</html:code> module can run commands with altered privileges through the <html:code xmlns:html="http://www.w3.org/1999/xhtml">su</html:code>
command, make sure that the following line exists in the file <html:code xmlns:html="http://www.w3.org/1999/xhtml">/etc/pam.d/su</html:code>:
<html:pre xmlns:html="http://www.w3.org/1999/xhtml" xmlns:xccdf-1.2="http://checklists.nist.gov/xccdf/1.2">auth required pam_wheel.so use_uid group=<xccdf-1.2:sub idref="xccdf_org.ssgproject.content_value_var_pam_wheel_group_for_su" use="legacy"/>
         </html:pre>
        </description>
            <warning xmlns:xhtml="http://www.w3.org/1999/xhtml" xml:lang="en-US" category="general">Note that <html:code xmlns:html="http://www.w3.org/1999/xhtml">ensure_pam_wheel_group_empty</html:code> rule complements this requirement by
ensuring the referenced group exists and has no members.</warning>
            <reference href="https://www.cisecurity.org/benchmark/ubuntu_linux/">5.2.7</reference>
            <reference href="https://docs-prv.pcisecuritystandards.org/PCI%20DSS/Standard/PCI-DSS-v4_0.pdf">2.2.6</reference>
            <reference href="https://docs-prv.pcisecuritystandards.org/PCI%20DSS/Standard/PCI-DSS-v4_0.pdf">2.2</reference>
            <rationale xmlns:xhtml="http://www.w3.org/1999/xhtml" xml:lang="en-US">The <html:code xmlns:html="http://www.w3.org/1999/xhtml">su</html:code> program allows to run commands with a substitute user and group ID.
It is commonly used to run commands as the root user.
Limiting access to such command is considered a good security practice.</rationale>
            <platform idref="#package_pam"/>
            <fix xmlns:xhtml="http://www.w3.org/1999/xhtml" id="use_pam_wheel_group_for_su" system="urn:xccdf:fix:script:ansible" complexity="low" disruption="low" strategy="restrict">- name: Gather the package facts
  package_facts:
    manager: auto
  tags:
  - PCI-DSSv4-2.2
  - PCI-DSSv4-2.2.6
  - low_complexity
  - low_disruption
  - medium_severity
  - no_reboot_needed
  - restrict_strategy
  - use_pam_wheel_group_for_su
- name: XCCDF Value var_pam_wheel_group_for_su # promote to variable
  set_fact:
    var_pam_wheel_group_for_su: !!str <xccdf-1.2:sub xmlns:xccdf-1.2="http://checklists.nist.gov/xccdf/1.2" idref="xccdf_org.ssgproject.content_value_var_pam_wheel_group_for_su" use="legacy"/>
  tags:
    - always

- name: Enforce Usage of pam_wheel with Group Parameter for su Authentication - Add
    the group to the /etc/pam.d/su file
  ansible.builtin.lineinfile:
    path: /etc/pam.d/su
    state: present
    regexp: ^[\s]*#[\s]*auth[\s]+required[\s]+pam_wheel\.so[\s]+use_uid group=$
    line: auth             required        pam_wheel.so use_uid group={{ var_pam_wheel_group_for_su
      }}
  when: '"libpam-runtime" in ansible_facts.packages'
  tags:
  - PCI-DSSv4-2.2
  - PCI-DSSv4-2.2.6
  - low_complexity
  - low_disruption
  - medium_severity
  - no_reboot_needed
  - restrict_strategy
  - use_pam_wheel_group_for_su
</fix>
            <fix xmlns:xhtml="http://www.w3.org/1999/xhtml" id="use_pam_wheel_group_for_su" system="urn:xccdf:fix:script:sh"># Remediation is applicable only in certain platforms
if dpkg-query --show --showformat='${db:Status-Status}\n' 'libpam-runtime' 2&gt;/dev/null | grep -q '^installed'; then

var_pam_wheel_group_for_su='<xccdf-1.2:sub xmlns:xccdf-1.2="http://checklists.nist.gov/xccdf/1.2" idref="xccdf_org.ssgproject.content_value_var_pam_wheel_group_for_su" use="legacy"/>'


PAM_CONF=/etc/pam.d/su

pamstr=$(grep -P '^auth\s+required\s+pam_wheel\.so\s+(?=[^#]*\buse_uid\b)(?=[^#]*\bgroup=)' ${PAM_CONF})
if [ -z "$pamstr" ]; then
    sed -Ei '/^auth\b.*\brequired\b.*\bpam_wheel\.so/d' ${PAM_CONF} # remove any remaining uncommented pam_wheel.so line
    sed -Ei "/^auth\s+sufficient\s+pam_rootok\.so.*$/a auth             required        pam_wheel.so use_uid group=${var_pam_wheel_group_for_su}" ${PAM_CONF}
else
    group_val=$(echo -n "$pamstr" | grep -Eo '\bgroup=[_a-z][-0-9_a-z]*' | cut -d '=' -f 2)
    if [ -z "${group_val}" ] || [ ${group_val} != ${var_pam_wheel_group_for_su} ]; then
        sed -Ei "s/(^auth\s+required\s+pam_wheel.so\s+[^#]*group=)[_a-z][-0-9_a-z]*/\1${var_pam_wheel_group_for_su}/" ${PAM_CONF}
    fi
fi

else
    &gt;&amp;2 echo 'Remediation is not applicable, nothing was done'
fi
</fix>
            <check system="http://oval.mitre.org/XMLSchema/oval-definitions-5">
              <check-export export-name="oval:ssg-var_pam_wheel_group_for_su:var:1" value-id="xccdf_org.ssgproject.content_value_var_pam_wheel_group_for_su"/>
              <check-content-ref name="oval:ssg-use_pam_wheel_group_for_su:def:1" href="ssg-ubuntu2404-oval.xml"/>
            </check>
            <check system="http://scap.nist.gov/schema/ocil/2">
              <check-content-ref name="ocil:ssg-use_pam_wheel_group_for_su_ocil:questionnaire:1" href="ssg-ubuntu2404-ocil.xml"/>
            </check>
          </Rule>
        </Group>
      </Group>
      <Group id="xccdf_org.ssgproject.content_group_accounts-session">
        <title xmlns:xhtml="http://www.w3.org/1999/xhtml" xml:lang="en-US">Secure Session Configuration Files for Login Accounts</title>
        <description xmlns:xhtml="http://www.w3.org/1999/xhtml" xml:lang="en-US">When a user logs into a Unix account, the system
configures the user's session by reading a number of files. Many of
these files are located in the user's home directory, and may have
weak permissions as a result of user error or misconfiguration. If
an attacker can modify or even read certain types of account
configuration information, they can often gain full access to the
affected user's account. Therefore, it is important to test and
correct configuration file permissions for interactive accounts,
particularly those of privileged users such as root or system
administrators.</description>
        <Value id="xccdf_org.ssgproject.content_value_var_accounts_tmout" type="number">
          <title xmlns:xhtml="http://www.w3.org/1999/xhtml" xml:lang="en-US">Account Inactivity Timeout (seconds)</title>
          <description xmlns:xhtml="http://www.w3.org/1999/xhtml" xml:lang="en-US">In an interactive shell, the value is interpreted as the
number of seconds to wait for input after issuing the primary prompt.
Bash terminates after waiting for that number of seconds if input does
not arrive.</description>
          <value selector="30_min">1800</value>
          <value selector="10_min">600</value>
          <value selector="15_min">900</value>
          <value selector="5_min">300</value>
          <value>600</value>
        </Value>
        <Value id="xccdf_org.ssgproject.content_value_var_user_initialization_files_regex" type="string">
          <title xmlns:xhtml="http://www.w3.org/1999/xhtml" xml:lang="en-US">Interactive users initialization files</title>
          <description xmlns:xhtml="http://www.w3.org/1999/xhtml" xml:lang="en-US">'A regular expression describing a list of file names
for files that are sourced at login time for interactive users'</description>
          <value>^(\.bashrc|\.zshrc|\.cshrc|\.profile|\.bash_login|\.bash_profile)$</value>
          <value selector="all_dotfiles">^\.[\w\- ]+$</value>
        </Value>
        <Rule id="xccdf_org.ssgproject.content_rule_accounts_tmout" selected="false" role="full" severity="medium">
          <title xmlns:xhtml="http://www.w3.org/1999/xhtml" xml:lang="en-US">Set Interactive Session Timeout</title>
          <description xmlns:xhtml="http://www.w3.org/1999/xhtml" xml:lang="en-US">Setting the <html:code xmlns:html="http://www.w3.org/1999/xhtml">TMOUT</html:code> option in <html:code xmlns:html="http://www.w3.org/1999/xhtml">/etc/profile</html:code> ensures that
all user sessions will terminate based on inactivity.
The value of TMOUT should be exported and read only.
The <html:code xmlns:html="http://www.w3.org/1999/xhtml">TMOUT</html:code>

setting in a file loaded by <html:code xmlns:html="http://www.w3.org/1999/xhtml">/etc/profile</html:code>, e.g.
<html:code xmlns:html="http://www.w3.org/1999/xhtml">/etc/profile.d/tmout.sh</html:code> should read as follows:
<html:pre xmlns:html="http://www.w3.org/1999/xhtml" xmlns:xccdf-1.2="http://checklists.nist.gov/xccdf/1.2">TMOUT=<xccdf-1.2:sub idref="xccdf_org.ssgproject.content_value_var_accounts_tmout" use="legacy"/>
        </html:pre>
readonly TMOUT
export TMOUT</description>
          <reference href="https://www.cisecurity.org/controls/">1</reference>
          <reference href="https://www.cisecurity.org/controls/">12</reference>
          <reference href="https://www.cisecurity.org/controls/">15</reference>
          <reference href="https://www.cisecurity.org/controls/">16</reference>
          <reference href="https://www.isaca.org/resources/cobit">DSS05.04</reference>
          <reference href="https://www.isaca.org/resources/cobit">DSS05.10</reference>
          <reference href="https://www.isaca.org/resources/cobit">DSS06.10</reference>
          <reference href="http://nvlpubs.nist.gov/nistpubs/SpecialPublications/NIST.SP.800-171.pdf">3.1.11</reference>
          <reference href="https://public.cyber.mil/stigs/cci/">CCI-000057</reference>
          <reference href="https://public.cyber.mil/stigs/cci/">CCI-001133</reference>
          <reference href="https://www.isa.org/products/isa-62443-2-1-2009-security-for-industrial-automat">4.3.3.6.1</reference>
          <reference href="https://www.isa.org/products/isa-62443-2-1-2009-security-for-industrial-automat">4.3.3.6.2</reference>
          <reference href="https://www.isa.org/products/isa-62443-2-1-2009-security-for-industrial-automat">4.3.3.6.3</reference>
          <reference href="https://www.isa.org/products/isa-62443-2-1-2009-security-for-industrial-automat">4.3.3.6.4</reference>
          <reference href="https://www.isa.org/products/isa-62443-2-1-2009-security-for-industrial-automat">4.3.3.6.5</reference>
          <reference href="https://www.isa.org/products/isa-62443-2-1-2009-security-for-industrial-automat">4.3.3.6.6</reference>
          <reference href="https://www.isa.org/products/isa-62443-2-1-2009-security-for-industrial-automat">4.3.3.6.7</reference>
          <reference href="https://www.isa.org/products/isa-62443-2-1-2009-security-for-industrial-automat">4.3.3.6.8</reference>
          <reference href="https://www.isa.org/products/isa-62443-2-1-2009-security-for-industrial-automat">4.3.3.6.9</reference>
          <reference href="https://www.isa.org/products/ansi-isa-62443-3-3-99-03-03-2013-security-for-indu">SR 1.1</reference>
          <reference href="https://www.isa.org/products/ansi-isa-62443-3-3-99-03-03-2013-security-for-indu">SR 1.10</reference>
          <reference href="https://www.isa.org/products/ansi-isa-62443-3-3-99-03-03-2013-security-for-indu">SR 1.2</reference>
          <reference href="https://www.isa.org/products/ansi-isa-62443-3-3-99-03-03-2013-security-for-indu">SR 1.5</reference>
          <reference href="https://www.isa.org/products/ansi-isa-62443-3-3-99-03-03-2013-security-for-indu">SR 1.7</reference>
          <reference href="https://www.isa.org/products/ansi-isa-62443-3-3-99-03-03-2013-security-for-indu">SR 1.8</reference>
          <reference href="https://www.isa.org/products/ansi-isa-62443-3-3-99-03-03-2013-security-for-indu">SR 1.9</reference>
          <reference href="https://www.iso.org/contents/data/standard/05/45/54534.html">A.18.1.4</reference>
          <reference href="https://www.iso.org/contents/data/standard/05/45/54534.html">A.9.2.1</reference>
          <reference href="https://www.iso.org/contents/data/standard/05/45/54534.html">A.9.2.4</reference>
          <reference href="https://www.iso.org/contents/data/standard/05/45/54534.html">A.9.3.1</reference>
          <reference href="https://www.iso.org/contents/data/standard/05/45/54534.html">A.9.4.2</reference>
          <reference href="https://www.iso.org/contents/data/standard/05/45/54534.html">A.9.4.3</reference>
          <reference href="https://www.nerc.com/pa/Stand/AlignRep/One%20Stop%20Shop.xlsx">CIP-004-6 R2.2.3</reference>
          <reference href="https://www.nerc.com/pa/Stand/AlignRep/One%20Stop%20Shop.xlsx">CIP-007-3 R5.1</reference>
          <reference href="https://www.nerc.com/pa/Stand/AlignRep/One%20Stop%20Shop.xlsx">CIP-007-3 R5.2</reference>
          <reference href="https://www.nerc.com/pa/Stand/AlignRep/One%20Stop%20Shop.xlsx">CIP-007-3 R5.3.1</reference>
          <reference href="https://www.nerc.com/pa/Stand/AlignRep/One%20Stop%20Shop.xlsx">CIP-007-3 R5.3.2</reference>
          <reference href="https://www.nerc.com/pa/Stand/AlignRep/One%20Stop%20Shop.xlsx">CIP-007-3 R5.3.3</reference>
          <reference href="http://nvlpubs.nist.gov/nistpubs/SpecialPublications/NIST.SP.800-53r4.pdf">AC-12</reference>
          <reference href="http://nvlpubs.nist.gov/nistpubs/SpecialPublications/NIST.SP.800-53r4.pdf">SC-10</reference>
          <reference href="http://nvlpubs.nist.gov/nistpubs/SpecialPublications/NIST.SP.800-53r4.pdf">AC-2(5)</reference>
          <reference href="http://nvlpubs.nist.gov/nistpubs/SpecialPublications/NIST.SP.800-53r4.pdf">CM-6(a)</reference>
          <reference href="https://nvlpubs.nist.gov/nistpubs/CSWP/NIST.CSWP.04162018.pdf">PR.AC-7</reference>
          <reference href="https://public.cyber.mil/stigs/downloads/?_dl_facet_stigs=operating-systems%2Cgeneral-purpose-os">SRG-OS-000163-GPOS-00072</reference>
          <reference href="https://public.cyber.mil/stigs/downloads/?_dl_facet_stigs=operating-systems%2Cgeneral-purpose-os">SRG-OS-000029-GPOS-00010</reference>
          <reference href="https://cyber.gouv.fr/sites/default/files/document/linux_configuration-en-v2.pdf">R32</reference>
          <reference href="https://www.cisecurity.org/benchmark/ubuntu_linux/">5.4.3.2</reference>
          <reference href="https://docs-prv.pcisecuritystandards.org/PCI%20DSS/Standard/PCI-DSS-v4_0.pdf">8.6.1</reference>
          <reference href="https://docs-prv.pcisecuritystandards.org/PCI%20DSS/Standard/PCI-DSS-v4_0.pdf">8.6</reference>
          <rationale xmlns:xhtml="http://www.w3.org/1999/xhtml" xml:lang="en-US">Terminating an idle session within a short time period reduces
the window of opportunity for unauthorized personnel to take control of a
management session enabled on the console or console port that has been
left unattended.</rationale>
          <platform idref="#system_with_kernel"/>
          <fix xmlns:xhtml="http://www.w3.org/1999/xhtml" id="accounts_tmout" system="urn:xccdf:fix:script:ansible" complexity="low" disruption="low" strategy="restrict">- name: Gather the package facts
  package_facts:
    manager: auto
  tags:
  - NIST-800-171-3.1.11
  - NIST-800-53-AC-12
  - NIST-800-53-AC-2(5)
  - NIST-800-53-CM-6(a)
  - NIST-800-53-SC-10
  - PCI-DSSv4-8.6
  - PCI-DSSv4-8.6.1
  - accounts_tmout
  - low_complexity
  - low_disruption
  - medium_severity
  - no_reboot_needed
  - restrict_strategy
- name: XCCDF Value var_accounts_tmout # promote to variable
  set_fact:
    var_accounts_tmout: !!str <xccdf-1.2:sub xmlns:xccdf-1.2="http://checklists.nist.gov/xccdf/1.2" idref="xccdf_org.ssgproject.content_value_var_accounts_tmout" use="legacy"/>
  tags:
    - always

- name: Correct any occurrence of TMOUT in /etc/profile
  replace:
    path: /etc/profile
    regexp: ^[^#].*TMOUT=.*
    replace: typeset -xr TMOUT={{ var_accounts_tmout }}
  register: profile_replaced
  when: '"linux-base" in ansible_facts.packages'
  tags:
  - NIST-800-171-3.1.11
  - NIST-800-53-AC-12
  - NIST-800-53-AC-2(5)
  - NIST-800-53-CM-6(a)
  - NIST-800-53-SC-10
  - PCI-DSSv4-8.6
  - PCI-DSSv4-8.6.1
  - accounts_tmout
  - low_complexity
  - low_disruption
  - medium_severity
  - no_reboot_needed
  - restrict_strategy

- name: Set Interactive Session Timeout
  lineinfile:
    path: /etc/profile.d/tmout.sh
    create: true
    regexp: TMOUT=
    line: typeset -xr TMOUT={{ var_accounts_tmout }}
    state: present
  when: '"linux-base" in ansible_facts.packages'
  tags:
  - NIST-800-171-3.1.11
  - NIST-800-53-AC-12
  - NIST-800-53-AC-2(5)
  - NIST-800-53-CM-6(a)
  - NIST-800-53-SC-10
  - PCI-DSSv4-8.6
  - PCI-DSSv4-8.6.1
  - accounts_tmout
  - low_complexity
  - low_disruption
  - medium_severity
  - no_reboot_needed
  - restrict_strategy
</fix>
          <fix xmlns:xhtml="http://www.w3.org/1999/xhtml" id="accounts_tmout" system="urn:xccdf:fix:script:sh"># Remediation is applicable only in certain platforms
if dpkg-query --show --showformat='${db:Status-Status}
' 'linux-base' 2&gt;/dev/null | grep -q ^installed; then

var_accounts_tmout='<xccdf-1.2:sub xmlns:xccdf-1.2="http://checklists.nist.gov/xccdf/1.2" idref="xccdf_org.ssgproject.content_value_var_accounts_tmout" use="legacy"/>'


# if 0, no occurence of tmout found, if 1, occurence found
tmout_found=0

for f in /etc/bash.bashrc /etc/profile /etc/profile.d/*.sh; do
    if grep --silent '^\s*TMOUT' $f; then
        sed -i -E "s/^(\s*)TMOUT\s*=\s*(\w|\$)*(.*)$/\1TMOUT=$var_accounts_tmout\3/g" $f
        tmout_found=1
        if ! grep --silent '^\s*readonly TMOUT' $f ; then
            echo "readonly TMOUT" &gt;&gt; $f
        fi
        if ! grep --silent '^\s*export TMOUT' $f ; then
            echo "export TMOUT" &gt;&gt; $f
        fi
    fi
done

if [ $tmout_found -eq 0 ]; then
        echo -e "\n# Set TMOUT to $var_accounts_tmout per security requirements" &gt;&gt; /etc/profile.d/tmout.sh
        echo "TMOUT=$var_accounts_tmout" &gt;&gt; /etc/profile.d/tmout.sh
        echo "readonly TMOUT" &gt;&gt; /etc/profile.d/tmout.sh
        echo "export TMOUT" &gt;&gt; /etc/profile.d/tmout.sh
fi

else
    &gt;&amp;2 echo 'Remediation is not applicable, nothing was done'
fi
</fix>
          <check system="http://oval.mitre.org/XMLSchema/oval-definitions-5">
            <check-export export-name="oval:ssg-var_accounts_tmout:var:1" value-id="xccdf_org.ssgproject.content_value_var_accounts_tmout"/>
            <check-content-ref name="oval:ssg-accounts_tmout:def:1" href="ssg-ubuntu2404-oval.xml"/>
          </check>
          <check system="http://scap.nist.gov/schema/ocil/2">
            <check-content-ref name="ocil:ssg-accounts_tmout_ocil:questionnaire:1" href="ssg-ubuntu2404-ocil.xml"/>
          </check>
        </Rule>
        <Rule id="xccdf_org.ssgproject.content_rule_accounts_user_dot_group_ownership" selected="false" role="full" severity="medium">
          <title xmlns:xhtml="http://www.w3.org/1999/xhtml" xml:lang="en-US">User Initialization Files Must Be Group-Owned By The Primary Group</title>
          <description xmlns:xhtml="http://www.w3.org/1999/xhtml" xml:lang="en-US">Change the group owner of interactive users files to the group found
in <html:pre xmlns:html="http://www.w3.org/1999/xhtml">/etc/passwd</html:pre> for the user. To change the group owner of a local
interactive user home directory, use the following command:
<html:pre xmlns:html="http://www.w3.org/1999/xhtml">$ sudo chgrp <html:i>USER_GROUP</html:i> /home/<html:i>USER</html:i>/.<html:i>INIT_FILE</html:i>
        </html:pre>

This rule ensures every initialization file related to an interactive user
is group-owned by an interactive user.</description>
          <warning xmlns:xhtml="http://www.w3.org/1999/xhtml" xml:lang="en-US" category="general">Due to OVAL limitation, this rule can report a false negative in a
specific situation where two interactive users swap the group-ownership
of their respective initialization files.</warning>
          <reference href="https://public.cyber.mil/stigs/cci/">CCI-000366</reference>
          <reference href="https://public.cyber.mil/stigs/downloads/?_dl_facet_stigs=operating-systems%2Cgeneral-purpose-os">SRG-OS-000480-GPOS-00227</reference>
          <reference href="https://cyber.gouv.fr/sites/default/files/document/linux_configuration-en-v2.pdf">R50</reference>
          <reference href="https://www.cisecurity.org/benchmark/ubuntu_linux/">7.2.10</reference>
          <rationale xmlns:xhtml="http://www.w3.org/1999/xhtml" xml:lang="en-US">Local initialization files for interactive users are used to configure the
user's shell environment upon logon. Malicious modification of these files could
compromise accounts upon logon.</rationale>
          <fix xmlns:xhtml="http://www.w3.org/1999/xhtml" id="accounts_user_dot_group_ownership" system="urn:xccdf:fix:script:ansible" complexity="low" disruption="low" strategy="restrict">- name: Ensure interactive local users are the group-owners of their respective initialization
    files
  ansible.builtin.command:
    cmd: awk -F':' '{ if ($3 &gt;= 1000 &amp;&amp; $3 != 65534) system("chgrp -f " $4" "$6"/.[^\.]?*")
      }' /etc/passwd
  tags:
  - accounts_user_dot_group_ownership
  - low_complexity
  - low_disruption
  - medium_severity
  - no_reboot_needed
  - restrict_strategy
</fix>
          <fix xmlns:xhtml="http://www.w3.org/1999/xhtml" id="accounts_user_dot_group_ownership" system="urn:xccdf:fix:script:sh" complexity="low" disruption="low" strategy="restrict">
awk -F':' '{ if ($3 &gt;= 1000 &amp;&amp; $3 != 65534) system("chgrp -f " $4" "$6"/.[^\.]?*") }' /etc/passwd
</fix>
          <check system="http://oval.mitre.org/XMLSchema/oval-definitions-5">
            <check-content-ref name="oval:ssg-accounts_user_dot_group_ownership:def:1" href="ssg-ubuntu2404-oval.xml"/>
          </check>
          <check system="http://scap.nist.gov/schema/ocil/2">
            <check-content-ref name="ocil:ssg-accounts_user_dot_group_ownership_ocil:questionnaire:1" href="ssg-ubuntu2404-ocil.xml"/>
          </check>
        </Rule>
        <Rule id="xccdf_org.ssgproject.content_rule_accounts_user_dot_user_ownership" selected="false" role="full" severity="medium">
          <title xmlns:xhtml="http://www.w3.org/1999/xhtml" xml:lang="en-US">User Initialization Files Must Be Owned By the Primary User</title>
          <description xmlns:xhtml="http://www.w3.org/1999/xhtml" xml:lang="en-US">Set the owner of the user initialization files for interactive users to
the primary owner with the following command:
<html:pre xmlns:html="http://www.w3.org/1999/xhtml">$ sudo chown <html:i>USER</html:i> /home/<html:i>USER</html:i>/.*</html:pre>

This rule ensures every initialization file related to an interactive user
is owned by an interactive user.</description>
          <warning xmlns:xhtml="http://www.w3.org/1999/xhtml" xml:lang="en-US" category="general">Due to OVAL limitation, this rule can report a false negative in a
specific situation where two interactive users swap the ownership of
their respective initialization files.</warning>
          <reference href="https://public.cyber.mil/stigs/cci/">CCI-000366</reference>
          <reference href="https://public.cyber.mil/stigs/downloads/?_dl_facet_stigs=operating-systems%2Cgeneral-purpose-os">SRG-OS-000480-GPOS-00227</reference>
          <reference href="https://cyber.gouv.fr/sites/default/files/document/linux_configuration-en-v2.pdf">R50</reference>
          <reference href="https://www.cisecurity.org/benchmark/ubuntu_linux/">7.2.10</reference>
          <rationale xmlns:xhtml="http://www.w3.org/1999/xhtml" xml:lang="en-US">Local initialization files are used to configure the user's shell environment
upon logon. Malicious modification of these files could compromise accounts upon
logon.</rationale>
          <fix xmlns:xhtml="http://www.w3.org/1999/xhtml" id="accounts_user_dot_user_ownership" system="urn:xccdf:fix:script:ansible" complexity="low" disruption="low" strategy="restrict">- name: Ensure interactive local users are the owners of their respective initialization
    files
  ansible.builtin.command:
    cmd: awk -F':' '{ if ($3 &gt;= 1000 &amp;&amp; $3 != 65534) system("chown -f " $3" "$6"/.[^\.]?*")
      }' /etc/passwd
  tags:
  - accounts_user_dot_user_ownership
  - low_complexity
  - low_disruption
  - medium_severity
  - no_reboot_needed
  - restrict_strategy
</fix>
          <fix xmlns:xhtml="http://www.w3.org/1999/xhtml" id="accounts_user_dot_user_ownership" system="urn:xccdf:fix:script:sh" complexity="low" disruption="low" strategy="restrict">
awk -F':' '{ if ($3 &gt;= 1000 &amp;&amp; $3 != 65534) system("chown -f " $3" "$6"/.[^\.]?*") }' /etc/passwd
</fix>
          <check system="http://oval.mitre.org/XMLSchema/oval-definitions-5">
            <check-content-ref name="oval:ssg-accounts_user_dot_user_ownership:def:1" href="ssg-ubuntu2404-oval.xml"/>
          </check>
          <check system="http://scap.nist.gov/schema/ocil/2">
            <check-content-ref name="ocil:ssg-accounts_user_dot_user_ownership_ocil:questionnaire:1" href="ssg-ubuntu2404-ocil.xml"/>
          </check>
        </Rule>
        <Rule id="xccdf_org.ssgproject.content_rule_accounts_user_interactive_home_directory_exists" selected="false" role="full" severity="medium">
          <title xmlns:xhtml="http://www.w3.org/1999/xhtml" xml:lang="en-US">All Interactive Users Home Directories Must Exist</title>
          <description xmlns:xhtml="http://www.w3.org/1999/xhtml" xml:lang="en-US">Create home directories to all local interactive users that currently do not
have a home directory assigned. Use the following commands to create the user
home directory assigned in <html:code xmlns:html="http://www.w3.org/1999/xhtml">/etc/passwd</html:code>:
<html:pre xmlns:html="http://www.w3.org/1999/xhtml">$ sudo mkdir /home/<html:i>USER</html:i>
        </html:pre>
       </description>
          <reference href="https://public.cyber.mil/stigs/cci/">CCI-000366</reference>
          <reference href="https://public.cyber.mil/stigs/downloads/?_dl_facet_stigs=operating-systems%2Cgeneral-purpose-os">SRG-OS-000480-GPOS-00227</reference>
          <reference href="https://www.cisecurity.org/benchmark/ubuntu_linux/">7.2.9</reference>
          <rationale xmlns:xhtml="http://www.w3.org/1999/xhtml" xml:lang="en-US">If a local interactive user has a home directory defined that does not exist,
the user may be given access to the / directory as the current working directory
upon logon. This could create a Denial of Service because the user would not be
able to access their logon configuration files, and it may give them visibility
to system files they normally would not be able to access.</rationale>
          <fix xmlns:xhtml="http://www.w3.org/1999/xhtml" id="accounts_user_interactive_home_directory_exists" system="urn:xccdf:fix:script:ansible" complexity="low" disruption="low" strategy="restrict">- name: Get all local users from /etc/passwd
  ansible.builtin.getent:
    database: passwd
    split: ':'
  tags:
  - accounts_user_interactive_home_directory_exists
  - low_complexity
  - low_disruption
  - medium_severity
  - no_reboot_needed
  - restrict_strategy

- name: Create local_users variable from the getent output
  ansible.builtin.set_fact:
    local_users: '{{ ansible_facts.getent_passwd|dict2items }}'
  tags:
  - accounts_user_interactive_home_directory_exists
  - low_complexity
  - low_disruption
  - medium_severity
  - no_reboot_needed
  - restrict_strategy

- name: Ensure interactive users have a home directory exists
  ansible.builtin.user:
    name: '{{ item.key }}'
    create_home: true
  loop: '{{ local_users }}'
  when:
  - item.value[2]|int &gt;= 1000
  - item.value[2]|int != 65534
  tags:
  - accounts_user_interactive_home_directory_exists
  - low_complexity
  - low_disruption
  - medium_severity
  - no_reboot_needed
  - restrict_strategy
</fix>
          <fix xmlns:xhtml="http://www.w3.org/1999/xhtml" id="accounts_user_interactive_home_directory_exists" system="urn:xccdf:fix:script:sh" complexity="low" disruption="low" strategy="restrict">
for user in $(awk -F':' '{ if ($3 &gt;= 1000 &amp;&amp; $3 != 65534) print $1}' /etc/passwd); do
    mkhomedir_helper $user 0077;
done
</fix>
          <check system="http://oval.mitre.org/XMLSchema/oval-definitions-5">
            <check-content-ref name="oval:ssg-accounts_user_interactive_home_directory_exists:def:1" href="ssg-ubuntu2404-oval.xml"/>
          </check>
          <check system="http://scap.nist.gov/schema/ocil/2">
            <check-content-ref name="ocil:ssg-accounts_user_interactive_home_directory_exists_ocil:questionnaire:1" href="ssg-ubuntu2404-ocil.xml"/>
          </check>
        </Rule>
        <Rule id="xccdf_org.ssgproject.content_rule_file_groupownership_home_directories" selected="false" role="full" severity="medium">
          <title xmlns:xhtml="http://www.w3.org/1999/xhtml" xml:lang="en-US">All Interactive User Home Directories Must Be Group-Owned By The Primary Group</title>
          <description xmlns:xhtml="http://www.w3.org/1999/xhtml" xml:lang="en-US">Change the group owner of interactive users home directory to the
group found in <html:code xmlns:html="http://www.w3.org/1999/xhtml">/etc/passwd</html:code>. To change the group owner of
interactive users home directory, use the following command:
<html:pre xmlns:html="http://www.w3.org/1999/xhtml">$ sudo chgrp <html:i>USER_GROUP</html:i> /home/<html:i>USER</html:i>
        </html:pre>

This rule ensures every home directory related to an interactive user is
group-owned by an interactive user. It also ensures that interactive users
are group-owners of one and only one home directory.</description>
          <warning xmlns:xhtml="http://www.w3.org/1999/xhtml" xml:lang="en-US" category="general">Due to OVAL limitation, this rule can report a false negative in a
specific situation where two interactive users swap the group-ownership
of their respective home directories.</warning>
          <reference href="https://public.cyber.mil/stigs/cci/">CCI-000366</reference>
          <reference href="https://public.cyber.mil/stigs/downloads/?_dl_facet_stigs=operating-systems%2Cgeneral-purpose-os">SRG-OS-000480-GPOS-00227</reference>
          <reference href="https://www.cisecurity.org/benchmark/ubuntu_linux/">7.2.9</reference>
          <rationale xmlns:xhtml="http://www.w3.org/1999/xhtml" xml:lang="en-US">If the Group Identifier (GID) of a local interactive users home directory is
not the same as the primary GID of the user, this would allow unauthorized
access to the users files, and users that share the same group may not be
able to access files that they legitimately should.</rationale>
          <fix xmlns:xhtml="http://www.w3.org/1999/xhtml" id="file_groupownership_home_directories" system="urn:xccdf:fix:script:ansible" complexity="low" disruption="low" strategy="restrict">- name: Get all local users from /etc/passwd
  ansible.builtin.getent:
    database: passwd
    split: ':'
  tags:
  - file_groupownership_home_directories
  - low_complexity
  - low_disruption
  - medium_severity
  - no_reboot_needed
  - restrict_strategy

- name: Create local_users variable from the getent output
  ansible.builtin.set_fact:
    local_users: '{{ ansible_facts.getent_passwd|dict2items }}'
  tags:
  - file_groupownership_home_directories
  - low_complexity
  - low_disruption
  - medium_severity
  - no_reboot_needed
  - restrict_strategy

- name: Test for existence of home directories to avoid creating them, but only fixing
    group ownership
  ansible.builtin.stat:
    path: '{{ item.value[4] }}'
  register: path_exists
  loop: '{{ local_users }}'
  when:
  - item.value[1]|int &gt;= 1000
  - item.value[1]|int != 65534
  tags:
  - file_groupownership_home_directories
  - low_complexity
  - low_disruption
  - medium_severity
  - no_reboot_needed
  - restrict_strategy

- name: Ensure interactive local users are the group-owners of their respective home
    directories
  ansible.builtin.file:
    path: '{{ item.0.value[4] }}'
    group: '{{ item.0.value[2] }}'
  loop: '{{ local_users|zip(path_exists.results)|list }}'
  when: item.1.stat is defined and item.1.stat.exists
  tags:
  - file_groupownership_home_directories
  - low_complexity
  - low_disruption
  - medium_severity
  - no_reboot_needed
  - restrict_strategy
</fix>
          <fix xmlns:xhtml="http://www.w3.org/1999/xhtml" id="file_groupownership_home_directories" system="urn:xccdf:fix:script:sh" complexity="low" disruption="low" strategy="restrict">
awk -F':' '{ if ($3 &gt;= 1000 &amp;&amp; $3 != 65534) system("chgrp -f " $4" "$6) }' /etc/passwd
</fix>
          <check system="http://oval.mitre.org/XMLSchema/oval-definitions-5">
            <check-content-ref name="oval:ssg-file_groupownership_home_directories:def:1" href="ssg-ubuntu2404-oval.xml"/>
          </check>
          <check system="http://scap.nist.gov/schema/ocil/2">
            <check-content-ref name="ocil:ssg-file_groupownership_home_directories_ocil:questionnaire:1" href="ssg-ubuntu2404-ocil.xml"/>
          </check>
        </Rule>
        <Rule id="xccdf_org.ssgproject.content_rule_file_ownership_home_directories" selected="false" role="full" severity="medium">
          <title xmlns:xhtml="http://www.w3.org/1999/xhtml" xml:lang="en-US">All Interactive User Home Directories Must Be Owned By The Primary User</title>
          <description xmlns:xhtml="http://www.w3.org/1999/xhtml" xml:lang="en-US">Change the owner of interactive users home directories to that correct
owner. To change the owner of a interactive users home directory, use
the following command:
<html:pre xmlns:html="http://www.w3.org/1999/xhtml">$ sudo chown <html:i>USER</html:i> /home/<html:i>USER</html:i>
        </html:pre>

This rule ensures every home directory related to an interactive user is
owned by an interactive user. It also ensures that interactive users are
owners of one and only one home directory.</description>
          <warning xmlns:xhtml="http://www.w3.org/1999/xhtml" xml:lang="en-US" category="general">Due to OVAL limitation, this rule can report a false negative in a
specific situation where two interactive users swap the ownership of
their respective home directories.</warning>
          <reference href="https://public.cyber.mil/stigs/cci/">CCI-000366</reference>
          <reference href="https://public.cyber.mil/stigs/downloads/?_dl_facet_stigs=operating-systems%2Cgeneral-purpose-os">SRG-OS-000480-GPOS-00227</reference>
          <reference href="https://www.cisecurity.org/benchmark/ubuntu_linux/">7.2.9</reference>
          <rationale xmlns:xhtml="http://www.w3.org/1999/xhtml" xml:lang="en-US">If a local interactive user does not own their home directory, unauthorized
users could access or modify the user's files, and the users may not be able to
access their own files.</rationale>
          <fix xmlns:xhtml="http://www.w3.org/1999/xhtml" id="file_ownership_home_directories" system="urn:xccdf:fix:script:ansible" complexity="low" disruption="low" strategy="restrict">- name: Get all local users from /etc/passwd
  ansible.builtin.getent:
    database: passwd
    split: ':'
  tags:
  - file_ownership_home_directories
  - low_complexity
  - low_disruption
  - medium_severity
  - no_reboot_needed
  - restrict_strategy

- name: Create local_users variable from the getent output
  ansible.builtin.set_fact:
    local_users: '{{ ansible_facts.getent_passwd|dict2items }}'
  tags:
  - file_ownership_home_directories
  - low_complexity
  - low_disruption
  - medium_severity
  - no_reboot_needed
  - restrict_strategy

- name: Test for existence of home directories to avoid creating them, but only fixing
    ownership
  ansible.builtin.stat:
    path: '{{ item.value[4] }}'
  register: path_exists
  loop: '{{ local_users }}'
  when:
  - item.value[1]|int &gt;= 1000
  - item.value[1]|int != 65534
  tags:
  - file_ownership_home_directories
  - low_complexity
  - low_disruption
  - medium_severity
  - no_reboot_needed
  - restrict_strategy

- name: Ensure interactive local users are the owners of their respective home directories
  ansible.builtin.file:
    path: '{{ item.0.value[4] }}'
    owner: '{{ item.0.value[1] }}'
  loop: '{{ local_users|zip(path_exists.results)|list }}'
  when: item.1.stat is defined and item.1.stat.exists
  tags:
  - file_ownership_home_directories
  - low_complexity
  - low_disruption
  - medium_severity
  - no_reboot_needed
  - restrict_strategy
</fix>
          <fix xmlns:xhtml="http://www.w3.org/1999/xhtml" id="file_ownership_home_directories" system="urn:xccdf:fix:script:sh" complexity="low" disruption="low" strategy="restrict">
awk -F':' '{ if ($3 &gt;= 1000 &amp;&amp; $3 != 65534) system("chown -f " $3" "$6) }' /etc/passwd
</fix>
          <check system="http://oval.mitre.org/XMLSchema/oval-definitions-5">
            <check-content-ref name="oval:ssg-file_ownership_home_directories:def:1" href="ssg-ubuntu2404-oval.xml"/>
          </check>
          <check system="http://scap.nist.gov/schema/ocil/2">
            <check-content-ref name="ocil:ssg-file_ownership_home_directories_ocil:questionnaire:1" href="ssg-ubuntu2404-ocil.xml"/>
          </check>
        </Rule>
        <Rule id="xccdf_org.ssgproject.content_rule_file_permission_user_bash_history" selected="false" role="full" severity="medium">
          <title xmlns:xhtml="http://www.w3.org/1999/xhtml" xml:lang="en-US">Ensure User Bash History File Has Correct Permissions</title>
          <description xmlns:xhtml="http://www.w3.org/1999/xhtml" xml:lang="en-US">Set the mode of the bash history file to <html:code xmlns:html="http://www.w3.org/1999/xhtml">0600</html:code> with the
following command:
<html:pre xmlns:html="http://www.w3.org/1999/xhtml">$ sudo chmod 0600 /home/<html:i>USER</html:i>/.bash_history</html:pre>
       </description>
          <reference href="https://www.cisecurity.org/benchmark/ubuntu_linux/">7.2.10</reference>
          <rationale xmlns:xhtml="http://www.w3.org/1999/xhtml" xml:lang="en-US">Incorrect permissions may enable malicious users to recover
other users' command history.</rationale>
          <fix xmlns:xhtml="http://www.w3.org/1999/xhtml" id="file_permission_user_bash_history" system="urn:xccdf:fix:script:sh" complexity="low" disruption="low" strategy="restrict">
readarray -t interactive_users &lt; &lt;(awk -F: '$3&gt;=1000   {print $1}' /etc/passwd)
readarray -t interactive_users_home &lt; &lt;(awk -F: '$3&gt;=1000   {print $6}' /etc/passwd)
readarray -t interactive_users_shell &lt; &lt;(awk -F: '$3&gt;=1000   {print $7}' /etc/passwd)

USERS_IGNORED_REGEX='nobody|nfsnobody'

for (( i=0; i&lt;"${#interactive_users[@]}"; i++ )); do
    if ! grep -qP "$USERS_IGNORED_REGEX" &lt;&lt;&lt; "${interactive_users[$i]}" &amp;&amp; \
        [ "${interactive_users_shell[$i]}" != "/sbin/nologin" ]; then
        
        chmod u-sx,go= "${interactive_users_home[$i]}/.bash_history"
    fi
done
</fix>
          <check system="http://oval.mitre.org/XMLSchema/oval-definitions-5">
            <check-content-ref name="oval:ssg-file_permission_user_bash_history:def:1" href="ssg-ubuntu2404-oval.xml"/>
          </check>
          <check system="http://scap.nist.gov/schema/ocil/2">
            <check-content-ref name="ocil:ssg-file_permission_user_bash_history_ocil:questionnaire:1" href="ssg-ubuntu2404-ocil.xml"/>
          </check>
        </Rule>
        <Rule id="xccdf_org.ssgproject.content_rule_file_permission_user_init_files" selected="false" role="full" severity="medium">
          <title xmlns:xhtml="http://www.w3.org/1999/xhtml" xml:lang="en-US">Ensure All User Initialization Files Have Mode 0740 Or Less Permissive</title>
          <description xmlns:xhtml="http://www.w3.org/1999/xhtml" xml:lang="en-US">Set the mode of the user initialization files to <html:code xmlns:html="http://www.w3.org/1999/xhtml">0740</html:code> with the
following command:
<html:pre xmlns:html="http://www.w3.org/1999/xhtml">$ sudo chmod 0740 /home/<html:i>USER</html:i>/.<html:i>INIT_FILE</html:i>
        </html:pre>
       </description>
          <reference href="https://public.cyber.mil/stigs/cci/">CCI-000366</reference>
          <reference href="https://public.cyber.mil/stigs/downloads/?_dl_facet_stigs=operating-systems%2Cgeneral-purpose-os">SRG-OS-000480-GPOS-00227</reference>
          <reference href="https://cyber.gouv.fr/sites/default/files/document/linux_configuration-en-v2.pdf">R50</reference>
          <reference href="https://www.cisecurity.org/benchmark/ubuntu_linux/">7.2.10</reference>
          <rationale xmlns:xhtml="http://www.w3.org/1999/xhtml" xml:lang="en-US">Local initialization files are used to configure the user's shell environment
upon logon. Malicious modification of these files could compromise accounts upon
logon.</rationale>
          <fix xmlns:xhtml="http://www.w3.org/1999/xhtml" id="file_permission_user_init_files" system="urn:xccdf:fix:script:ansible" complexity="low" disruption="low" strategy="restrict">- name: XCCDF Value var_user_initialization_files_regex # promote to variable
  set_fact:
    var_user_initialization_files_regex: !!str <xccdf-1.2:sub xmlns:xccdf-1.2="http://checklists.nist.gov/xccdf/1.2" idref="xccdf_org.ssgproject.content_value_var_user_initialization_files_regex" use="legacy"/>
  tags:
    - always

- name: Ensure All User Initialization Files Have Mode 0740 Or Less Permissive - Gather
    User Info
  ansible.builtin.getent:
    database: passwd
  tags:
  - file_permission_user_init_files
  - low_complexity
  - low_disruption
  - medium_severity
  - no_reboot_needed
  - restrict_strategy

- name: Ensure All User Initialization Files Have Mode 0740 Or Less Permissive - Find
    Init Files
  ansible.builtin.find:
    paths: '{{ item.value[4] }}'
    pattern: '{{ var_user_initialization_files_regex }}'
    hidden: true
    use_regex: true
  with_dict: '{{ ansible_facts.getent_passwd }}'
  when:
  - item.value[4] != "/sbin/nologin"
  - item.key not in ["nobody", "nfsnobody"]
  - item.value[1] | int &gt;= 1000
  register: found_init_files
  tags:
  - file_permission_user_init_files
  - low_complexity
  - low_disruption
  - medium_severity
  - no_reboot_needed
  - restrict_strategy

- name: Ensure All User Initialization Files Have Mode 0740 Or Less Permissive - Fix
    Init Files Permissions
  ansible.builtin.file:
    path: '{{ item.1.path }}'
    mode: u-s,g-wxs,o=
  loop: '{{ q(''ansible.builtin.subelements'', found_init_files.results, ''files'',
    {''skip_missing'': True}) }}'
  tags:
  - file_permission_user_init_files
  - low_complexity
  - low_disruption
  - medium_severity
  - no_reboot_needed
  - restrict_strategy
</fix>
          <fix xmlns:xhtml="http://www.w3.org/1999/xhtml" id="file_permission_user_init_files" system="urn:xccdf:fix:script:sh" complexity="low" disruption="low" strategy="restrict">
var_user_initialization_files_regex='<xccdf-1.2:sub xmlns:xccdf-1.2="http://checklists.nist.gov/xccdf/1.2" idref="xccdf_org.ssgproject.content_value_var_user_initialization_files_regex" use="legacy"/>'


readarray -t interactive_users &lt; &lt;(awk -F: '$3&gt;=1000   {print $1}' /etc/passwd)
readarray -t interactive_users_home &lt; &lt;(awk -F: '$3&gt;=1000   {print $6}' /etc/passwd)
readarray -t interactive_users_shell &lt; &lt;(awk -F: '$3&gt;=1000   {print $7}' /etc/passwd)

USERS_IGNORED_REGEX='nobody|nfsnobody'

for (( i=0; i&lt;"${#interactive_users[@]}"; i++ )); do
    if ! grep -qP "$USERS_IGNORED_REGEX" &lt;&lt;&lt; "${interactive_users[$i]}" &amp;&amp; \
        [ "${interactive_users_shell[$i]}" != "/sbin/nologin" ]; then
        
        readarray -t init_files &lt; &lt;(find "${interactive_users_home[$i]}" -maxdepth 1 \
            -exec basename {} \; | grep -P "$var_user_initialization_files_regex")
        for file in "${init_files[@]}"; do
            chmod u-s,g-wxs,o= "${interactive_users_home[$i]}/$file"
        done
    fi
done
</fix>
          <check system="http://oval.mitre.org/XMLSchema/oval-definitions-5">
            <check-export export-name="oval:ssg-var_user_initialization_files_regex:var:1" value-id="xccdf_org.ssgproject.content_value_var_user_initialization_files_regex"/>
            <check-content-ref name="oval:ssg-file_permission_user_init_files:def:1" href="ssg-ubuntu2404-oval.xml"/>
          </check>
          <check system="http://scap.nist.gov/schema/ocil/2">
            <check-content-ref name="ocil:ssg-file_permission_user_init_files_ocil:questionnaire:1" href="ssg-ubuntu2404-ocil.xml"/>
          </check>
        </Rule>
        <Rule id="xccdf_org.ssgproject.content_rule_file_permissions_home_directories" selected="false" role="full" severity="medium">
          <title xmlns:xhtml="http://www.w3.org/1999/xhtml" xml:lang="en-US">All Interactive User Home Directories Must Have mode 0750 Or Less Permissive</title>
          <description xmlns:xhtml="http://www.w3.org/1999/xhtml" xml:lang="en-US">Change the mode of interactive users home directories to <html:code xmlns:html="http://www.w3.org/1999/xhtml">0750</html:code>. To
change the mode of interactive users home directory, use the
following command:
<html:pre xmlns:html="http://www.w3.org/1999/xhtml">$ sudo chmod 0750 /home/<html:i>USER</html:i>
        </html:pre>
       </description>
          <reference href="https://public.cyber.mil/stigs/cci/">CCI-000366</reference>
          <reference href="https://public.cyber.mil/stigs/downloads/?_dl_facet_stigs=operating-systems%2Cgeneral-purpose-os">SRG-OS-000480-GPOS-00227</reference>
          <reference href="https://www.cisecurity.org/benchmark/ubuntu_linux/">7.2.9</reference>
          <rationale xmlns:xhtml="http://www.w3.org/1999/xhtml" xml:lang="en-US">Excessive permissions on local interactive user home directories may allow
unauthorized access to user files by other users.</rationale>
          <fix xmlns:xhtml="http://www.w3.org/1999/xhtml" id="file_permissions_home_directories" system="urn:xccdf:fix:script:ansible" complexity="low" disruption="low" strategy="restrict">- name: Get all local users from /etc/passwd
  ansible.builtin.getent:
    database: passwd
    split: ':'
  tags:
  - file_permissions_home_directories
  - low_complexity
  - low_disruption
  - medium_severity
  - no_reboot_needed
  - restrict_strategy

- name: Create local_users variable from the getent output
  ansible.builtin.set_fact:
    local_users: '{{ ansible_facts.getent_passwd|dict2items }}'
  tags:
  - file_permissions_home_directories
  - low_complexity
  - low_disruption
  - medium_severity
  - no_reboot_needed
  - restrict_strategy

- name: Test for existence home directories to avoid creating them.
  ansible.builtin.stat:
    path: '{{ item.value[4] }}'
  register: path_exists
  loop: '{{ local_users }}'
  when:
  - item.value[1]|int &gt;= 1000
  - item.value[1]|int != 65534
  - item.value[4] != "/"
  tags:
  - file_permissions_home_directories
  - low_complexity
  - low_disruption
  - medium_severity
  - no_reboot_needed
  - restrict_strategy

- name: Ensure interactive local users have proper permissions on their respective
    home directories
  ansible.builtin.file:
    path: '{{ item.0.value[4] }}'
    mode: u-s,g-w-s,o=-
    follow: false
    recurse: false
  loop: '{{ local_users|zip(path_exists.results)|list }}'
  when: item.1.stat is defined and item.1.stat.exists
  tags:
  - file_permissions_home_directories
  - low_complexity
  - low_disruption
  - medium_severity
  - no_reboot_needed
  - restrict_strategy
</fix>
          <fix xmlns:xhtml="http://www.w3.org/1999/xhtml" id="file_permissions_home_directories" system="urn:xccdf:fix:script:sh" complexity="low" disruption="low" strategy="restrict">
for home_dir in $(awk -F':' '{ if ($3 &gt;= 1000 &amp;&amp; $3 != 65534 &amp;&amp; $6 != "/") print $6 }' /etc/passwd); do
    # Only update the permissions when necessary. This will avoid changing the inode timestamp when
    # the permission is already defined as expected, therefore not impacting in possible integrity
    # check systems that also check inodes timestamps.
    find "$home_dir" -maxdepth 0 -perm /7027 \! -type l -exec chmod u-s,g-w-s,o=- {} \;
done
</fix>
          <check system="http://oval.mitre.org/XMLSchema/oval-definitions-5">
            <check-content-ref name="oval:ssg-file_permissions_home_directories:def:1" href="ssg-ubuntu2404-oval.xml"/>
          </check>
          <check system="http://scap.nist.gov/schema/ocil/2">
            <check-content-ref name="ocil:ssg-file_permissions_home_directories_ocil:questionnaire:1" href="ssg-ubuntu2404-ocil.xml"/>
          </check>
        </Rule>
        <Group id="xccdf_org.ssgproject.content_group_root_paths">
          <title xmlns:xhtml="http://www.w3.org/1999/xhtml" xml:lang="en-US">Ensure that No Dangerous Directories Exist in Root's Path</title>
          <description xmlns:xhtml="http://www.w3.org/1999/xhtml" xml:lang="en-US">The active path of the root account can be obtained by
starting a new root shell and running:
<html:pre xmlns:html="http://www.w3.org/1999/xhtml"># echo $PATH</html:pre>
This will produce a colon-separated list of
directories in the path.
<html:br xmlns:html="http://www.w3.org/1999/xhtml"/>
        <html:br xmlns:html="http://www.w3.org/1999/xhtml"/>
Certain path elements could be considered dangerous, as they could lead
to root executing unknown or
untrusted programs, which could contain malicious
code.
Since root may sometimes work inside
untrusted directories, the <html:code xmlns:html="http://www.w3.org/1999/xhtml">.</html:code> character, which represents the
current directory, should never be in the root path, nor should any
directory which can be written to by an unprivileged or
semi-privileged (system) user.
<html:br xmlns:html="http://www.w3.org/1999/xhtml"/>
        <html:br xmlns:html="http://www.w3.org/1999/xhtml"/>
It is a good practice for administrators to always execute
privileged commands by typing the full path to the
command.</description>
          <Rule id="xccdf_org.ssgproject.content_rule_accounts_root_path_dirs_no_write" selected="false" role="full" severity="medium">
            <title xmlns:xhtml="http://www.w3.org/1999/xhtml" xml:lang="en-US">Ensure that Root's Path Does Not Include World or Group-Writable Directories</title>
            <description xmlns:xhtml="http://www.w3.org/1999/xhtml" xml:lang="en-US">For each element in root's path, run:
<html:pre xmlns:html="http://www.w3.org/1999/xhtml"># ls -ld <html:i>DIR</html:i>
         </html:pre>
and ensure that write permissions are disabled for group and
other.</description>
            <reference href="https://www.cisecurity.org/controls/">11</reference>
            <reference href="https://www.cisecurity.org/controls/">3</reference>
            <reference href="https://www.cisecurity.org/controls/">9</reference>
            <reference href="https://www.isaca.org/resources/cobit">BAI10.01</reference>
            <reference href="https://www.isaca.org/resources/cobit">BAI10.02</reference>
            <reference href="https://www.isaca.org/resources/cobit">BAI10.03</reference>
            <reference href="https://www.isaca.org/resources/cobit">BAI10.05</reference>
            <reference href="https://public.cyber.mil/stigs/cci/">CCI-000366</reference>
            <reference href="https://www.isa.org/products/isa-62443-2-1-2009-security-for-industrial-automat">4.3.4.3.2</reference>
            <reference href="https://www.isa.org/products/isa-62443-2-1-2009-security-for-industrial-automat">4.3.4.3.3</reference>
            <reference href="https://www.isa.org/products/ansi-isa-62443-3-3-99-03-03-2013-security-for-indu">SR 7.6</reference>
            <reference href="https://www.iso.org/contents/data/standard/05/45/54534.html">A.12.1.2</reference>
            <reference href="https://www.iso.org/contents/data/standard/05/45/54534.html">A.12.5.1</reference>
            <reference href="https://www.iso.org/contents/data/standard/05/45/54534.html">A.12.6.2</reference>
            <reference href="https://www.iso.org/contents/data/standard/05/45/54534.html">A.14.2.2</reference>
            <reference href="https://www.iso.org/contents/data/standard/05/45/54534.html">A.14.2.3</reference>
            <reference href="https://www.iso.org/contents/data/standard/05/45/54534.html">A.14.2.4</reference>
            <reference href="http://nvlpubs.nist.gov/nistpubs/SpecialPublications/NIST.SP.800-53r4.pdf">CM-6(a)</reference>
            <reference href="http://nvlpubs.nist.gov/nistpubs/SpecialPublications/NIST.SP.800-53r4.pdf">CM-6(a)</reference>
            <reference href="https://nvlpubs.nist.gov/nistpubs/CSWP/NIST.CSWP.04162018.pdf">PR.IP-1</reference>
            <reference href="https://www.cisecurity.org/benchmark/ubuntu_linux/">5.4.2.5</reference>
            <rationale xmlns:xhtml="http://www.w3.org/1999/xhtml" xml:lang="en-US">Such entries increase the risk that root could
execute code provided by unprivileged users,
and potentially malicious code.</rationale>
            <check system="http://oval.mitre.org/XMLSchema/oval-definitions-5">
              <check-content-ref name="oval:ssg-accounts_root_path_dirs_no_write:def:1" href="ssg-ubuntu2404-oval.xml"/>
            </check>
            <check system="http://scap.nist.gov/schema/ocil/2">
              <check-content-ref name="ocil:ssg-accounts_root_path_dirs_no_write_ocil:questionnaire:1" href="ssg-ubuntu2404-ocil.xml"/>
            </check>
          </Rule>
          <Rule id="xccdf_org.ssgproject.content_rule_no_dirs_unowned_by_root" selected="false" role="full" severity="medium">
            <title xmlns:xhtml="http://www.w3.org/1999/xhtml" xml:lang="en-US">Ensure that All Root's Path Directories Are Owned by Root</title>
            <description xmlns:xhtml="http://www.w3.org/1999/xhtml" xml:lang="en-US">For each element in root's path, run:
<html:pre xmlns:html="http://www.w3.org/1999/xhtml"># ls -ld <html:i>DIR</html:i>
         </html:pre>
and ensure that the directory is owned by the root user.</description>
            <reference href="https://www.cisecurity.org/benchmark/ubuntu_linux/">5.4.2.5</reference>
            <rationale xmlns:xhtml="http://www.w3.org/1999/xhtml" xml:lang="en-US">Directories in root's path that are not owned by root could allow
unprivileged users to manipulate the execution environment of root,
potentially leading to privilege escalation or execution of malicious code.</rationale>
            <check system="http://oval.mitre.org/XMLSchema/oval-definitions-5">
              <check-content-ref name="oval:ssg-no_dirs_unowned_by_root:def:1" href="ssg-ubuntu2404-oval.xml"/>
            </check>
          </Rule>
          <Rule id="xccdf_org.ssgproject.content_rule_root_path_all_dirs" selected="false" role="full" severity="medium">
            <title xmlns:xhtml="http://www.w3.org/1999/xhtml" xml:lang="en-US">Ensure that All Entries in The Path of Root Are Directories</title>
            <description xmlns:xhtml="http://www.w3.org/1999/xhtml" xml:lang="en-US">For each element in root's path, run:
<html:pre xmlns:html="http://www.w3.org/1999/xhtml"># ls -ld <html:i>DIR</html:i>
         </html:pre>
and ensure that the entry is a directory.</description>
            <reference href="https://www.cisecurity.org/benchmark/ubuntu_linux/">5.4.2.5</reference>
            <rationale xmlns:xhtml="http://www.w3.org/1999/xhtml" xml:lang="en-US">Locations in root's path that are not directories could cause unexpected behavior,
such as executing scrips from unintended locations. Ensuring that all locations in
root's path are directories helps maintain a secure environment for root.</rationale>
            <check system="http://oval.mitre.org/XMLSchema/oval-definitions-5">
              <check-content-ref name="oval:ssg-root_path_all_dirs:def:1" href="ssg-ubuntu2404-oval.xml"/>
            </check>
          </Rule>
          <Rule id="xccdf_org.ssgproject.content_rule_root_path_no_dot" selected="false" role="full" severity="unknown">
            <title xmlns:xhtml="http://www.w3.org/1999/xhtml" xml:lang="en-US">Ensure that Root's Path Does Not Include Relative Paths or Null Directories</title>
            <description xmlns:xhtml="http://www.w3.org/1999/xhtml" xml:lang="en-US">Ensure that none of the directories in root's path is equal to a single
<html:code xmlns:html="http://www.w3.org/1999/xhtml">.</html:code> character, or
that it contains any instances that lead to relative path traversal, such as
<html:code xmlns:html="http://www.w3.org/1999/xhtml">..</html:code> or beginning a path without the slash (<html:code xmlns:html="http://www.w3.org/1999/xhtml">/</html:code>) character.
Also ensure that there are no "empty" elements in the path, such as in these examples:
<html:pre xmlns:html="http://www.w3.org/1999/xhtml">PATH=:/bin
PATH=/bin:
PATH=/bin::/sbin</html:pre>
These empty elements have the same effect as a single <html:code xmlns:html="http://www.w3.org/1999/xhtml">.</html:code> character.</description>
            <reference href="https://www.cisecurity.org/controls/">11</reference>
            <reference href="https://www.cisecurity.org/controls/">3</reference>
            <reference href="https://www.cisecurity.org/controls/">9</reference>
            <reference href="https://www.isaca.org/resources/cobit">BAI10.01</reference>
            <reference href="https://www.isaca.org/resources/cobit">BAI10.02</reference>
            <reference href="https://www.isaca.org/resources/cobit">BAI10.03</reference>
            <reference href="https://www.isaca.org/resources/cobit">BAI10.05</reference>
            <reference href="https://public.cyber.mil/stigs/cci/">CCI-000366</reference>
            <reference href="https://www.isa.org/products/isa-62443-2-1-2009-security-for-industrial-automat">4.3.4.3.2</reference>
            <reference href="https://www.isa.org/products/isa-62443-2-1-2009-security-for-industrial-automat">4.3.4.3.3</reference>
            <reference href="https://www.isa.org/products/ansi-isa-62443-3-3-99-03-03-2013-security-for-indu">SR 7.6</reference>
            <reference href="https://www.iso.org/contents/data/standard/05/45/54534.html">A.12.1.2</reference>
            <reference href="https://www.iso.org/contents/data/standard/05/45/54534.html">A.12.5.1</reference>
            <reference href="https://www.iso.org/contents/data/standard/05/45/54534.html">A.12.6.2</reference>
            <reference href="https://www.iso.org/contents/data/standard/05/45/54534.html">A.14.2.2</reference>
            <reference href="https://www.iso.org/contents/data/standard/05/45/54534.html">A.14.2.3</reference>
            <reference href="https://www.iso.org/contents/data/standard/05/45/54534.html">A.14.2.4</reference>
            <reference href="http://nvlpubs.nist.gov/nistpubs/SpecialPublications/NIST.SP.800-53r4.pdf">CM-6(a)</reference>
            <reference href="http://nvlpubs.nist.gov/nistpubs/SpecialPublications/NIST.SP.800-53r4.pdf">CM-6(a)</reference>
            <reference href="https://nvlpubs.nist.gov/nistpubs/CSWP/NIST.CSWP.04162018.pdf">PR.IP-1</reference>
            <reference href="https://www.cisecurity.org/benchmark/ubuntu_linux/">5.4.2.5</reference>
            <rationale xmlns:xhtml="http://www.w3.org/1999/xhtml" xml:lang="en-US">Including these entries increases the risk that root could
execute code from an untrusted location.</rationale>
            <check system="http://oval.mitre.org/XMLSchema/oval-definitions-5">
              <check-content-ref name="oval:ssg-root_path_no_dot:def:1" href="ssg-ubuntu2404-oval.xml"/>
            </check>
          </Rule>
        </Group>
        <Group id="xccdf_org.ssgproject.content_group_user_umask">
          <title xmlns:xhtml="http://www.w3.org/1999/xhtml" xml:lang="en-US">Ensure that Users Have Sensible Umask Values</title>
          <description xmlns:xhtml="http://www.w3.org/1999/xhtml" xml:lang="en-US">The umask setting controls the default permissions
for the creation of new files.
With a default <html:code xmlns:html="http://www.w3.org/1999/xhtml">umask</html:code> setting of 077, files and directories
created by users will not be readable by any other user on the
system. Users who wish to make specific files group- or
world-readable can accomplish this by using the chmod command.
Additionally, users can make all their files readable to their
group by default by setting a <html:code xmlns:html="http://www.w3.org/1999/xhtml">umask</html:code> of 027 in their shell
configuration files. If default per-user groups exist (that is, if
every user has a default group whose name is the same as that
user's username and whose only member is the user), then it may
even be safe for users to select a <html:code xmlns:html="http://www.w3.org/1999/xhtml">umask</html:code> of 007, making it very
easy to intentionally share files with groups of which the user is
a member.
<html:br xmlns:html="http://www.w3.org/1999/xhtml"/>
        <html:br xmlns:html="http://www.w3.org/1999/xhtml"/>
       </description>
          <Value id="xccdf_org.ssgproject.content_value_var_accounts_user_umask" type="string">
            <title xmlns:xhtml="http://www.w3.org/1999/xhtml" xml:lang="en-US">Sensible umask</title>
            <description xmlns:xhtml="http://www.w3.org/1999/xhtml" xml:lang="en-US">Enter default user umask</description>
            <value selector="007">007</value>
            <value selector="022">022</value>
            <value selector="027">027</value>
            <value selector="077">077</value>
            <value>027</value>
          </Value>
          <Rule id="xccdf_org.ssgproject.content_rule_accounts_umask_etc_bashrc" selected="false" role="full" severity="medium">
            <title xmlns:xhtml="http://www.w3.org/1999/xhtml" xml:lang="en-US">Ensure the Default Bash Umask is Set Correctly</title>
            <description xmlns:xhtml="http://www.w3.org/1999/xhtml" xml:lang="en-US">To ensure the default umask for users of the Bash shell is set properly,
add or correct the <html:code xmlns:html="http://www.w3.org/1999/xhtml">umask</html:code> setting in <html:code xmlns:html="http://www.w3.org/1999/xhtml">/etc/bash.bashrc</html:code> to read
as follows:
<html:pre xmlns:html="http://www.w3.org/1999/xhtml" xmlns:xccdf-1.2="http://checklists.nist.gov/xccdf/1.2">umask <xccdf-1.2:sub idref="xccdf_org.ssgproject.content_value_var_accounts_user_umask" use="legacy"/>
         </html:pre>
        </description>
            <reference href="https://www.cisecurity.org/controls/">18</reference>
            <reference href="https://www.isaca.org/resources/cobit">APO13.01</reference>
            <reference href="https://www.isaca.org/resources/cobit">BAI03.01</reference>
            <reference href="https://www.isaca.org/resources/cobit">BAI03.02</reference>
            <reference href="https://www.isaca.org/resources/cobit">BAI03.03</reference>
            <reference href="https://public.cyber.mil/stigs/cci/">CCI-000366</reference>
            <reference href="https://www.isa.org/products/isa-62443-2-1-2009-security-for-industrial-automat">4.3.4.3.3</reference>
            <reference href="https://www.iso.org/contents/data/standard/05/45/54534.html">A.14.1.1</reference>
            <reference href="https://www.iso.org/contents/data/standard/05/45/54534.html">A.14.2.1</reference>
            <reference href="https://www.iso.org/contents/data/standard/05/45/54534.html">A.14.2.5</reference>
            <reference href="https://www.iso.org/contents/data/standard/05/45/54534.html">A.6.1.5</reference>
            <reference href="https://www.nerc.com/pa/Stand/AlignRep/One%20Stop%20Shop.xlsx">CIP-003-8 R5.1.1</reference>
            <reference href="https://www.nerc.com/pa/Stand/AlignRep/One%20Stop%20Shop.xlsx">CIP-003-8 R5.3</reference>
            <reference href="https://www.nerc.com/pa/Stand/AlignRep/One%20Stop%20Shop.xlsx">CIP-004-6 R2.3</reference>
            <reference href="https://www.nerc.com/pa/Stand/AlignRep/One%20Stop%20Shop.xlsx">CIP-007-3 R2.1</reference>
            <reference href="https://www.nerc.com/pa/Stand/AlignRep/One%20Stop%20Shop.xlsx">CIP-007-3 R2.2</reference>
            <reference href="https://www.nerc.com/pa/Stand/AlignRep/One%20Stop%20Shop.xlsx">CIP-007-3 R2.3</reference>
            <reference href="https://www.nerc.com/pa/Stand/AlignRep/One%20Stop%20Shop.xlsx">CIP-007-3 R5.1</reference>
            <reference href="https://www.nerc.com/pa/Stand/AlignRep/One%20Stop%20Shop.xlsx">CIP-007-3 R5.1.1</reference>
            <reference href="https://www.nerc.com/pa/Stand/AlignRep/One%20Stop%20Shop.xlsx">CIP-007-3 R5.1.2</reference>
            <reference href="http://nvlpubs.nist.gov/nistpubs/SpecialPublications/NIST.SP.800-53r4.pdf">AC-6(1)</reference>
            <reference href="http://nvlpubs.nist.gov/nistpubs/SpecialPublications/NIST.SP.800-53r4.pdf">CM-6(a)</reference>
            <reference href="https://nvlpubs.nist.gov/nistpubs/CSWP/NIST.CSWP.04162018.pdf">PR.IP-2</reference>
            <reference href="https://public.cyber.mil/stigs/downloads/?_dl_facet_stigs=operating-systems%2Cgeneral-purpose-os">SRG-OS-000480-GPOS-00228</reference>
            <reference href="https://public.cyber.mil/stigs/downloads/?_dl_facet_stigs=operating-systems%2Cgeneral-purpose-os">SRG-OS-000480-GPOS-00227</reference>
            <reference href="https://cyber.gouv.fr/sites/default/files/document/linux_configuration-en-v2.pdf">R36</reference>
            <reference href="https://www.cisecurity.org/benchmark/ubuntu_linux/">5.4.3.3</reference>
            <rationale xmlns:xhtml="http://www.w3.org/1999/xhtml" xml:lang="en-US">The umask value influences the permissions assigned to files when they are created.
A misconfigured umask value could result in files with excessive permissions that can be read or
written to by unauthorized users.</rationale>
            <platform idref="#package_bash"/>
            <fix xmlns:xhtml="http://www.w3.org/1999/xhtml" id="accounts_umask_etc_bashrc" system="urn:xccdf:fix:script:ansible" complexity="low" disruption="low" strategy="restrict">- name: Gather the package facts
  package_facts:
    manager: auto
  tags:
  - NIST-800-53-AC-6(1)
  - NIST-800-53-CM-6(a)
  - accounts_umask_etc_bashrc
  - low_complexity
  - low_disruption
  - medium_severity
  - no_reboot_needed
  - restrict_strategy
- name: XCCDF Value var_accounts_user_umask # promote to variable
  set_fact:
    var_accounts_user_umask: !!str <xccdf-1.2:sub xmlns:xccdf-1.2="http://checklists.nist.gov/xccdf/1.2" idref="xccdf_org.ssgproject.content_value_var_accounts_user_umask" use="legacy"/>
  tags:
    - always

- name: Check if umask in /etc/bash.bashrc is already set
  ansible.builtin.lineinfile:
    path: /etc/bash.bashrc
    regexp: ^[^#]*\bumask\s+\d+$
    state: absent
  check_mode: true
  changed_when: false
  register: umask_replace
  when: '"bash" in ansible_facts.packages'
  tags:
  - NIST-800-53-AC-6(1)
  - NIST-800-53-CM-6(a)
  - accounts_umask_etc_bashrc
  - low_complexity
  - low_disruption
  - medium_severity
  - no_reboot_needed
  - restrict_strategy

- name: Replace user umask in /etc/bash.bashrc
  ansible.builtin.replace:
    path: /etc/bash.bashrc
    regexp: ^([^#]*\b)umask\s+\d+$
    replace: \g&lt;1&gt;umask {{ var_accounts_user_umask }}
  when:
  - '"bash" in ansible_facts.packages'
  - umask_replace.found &gt; 0
  tags:
  - NIST-800-53-AC-6(1)
  - NIST-800-53-CM-6(a)
  - accounts_umask_etc_bashrc
  - low_complexity
  - low_disruption
  - medium_severity
  - no_reboot_needed
  - restrict_strategy

- name: Ensure the Default umask is Appended Correctly
  ansible.builtin.lineinfile:
    create: true
    path: /etc/bash.bashrc
    line: umask {{ var_accounts_user_umask }}
  when:
  - '"bash" in ansible_facts.packages'
  - umask_replace.found == 0
  tags:
  - NIST-800-53-AC-6(1)
  - NIST-800-53-CM-6(a)
  - accounts_umask_etc_bashrc
  - low_complexity
  - low_disruption
  - medium_severity
  - no_reboot_needed
  - restrict_strategy
</fix>
            <fix xmlns:xhtml="http://www.w3.org/1999/xhtml" id="accounts_umask_etc_bashrc" system="urn:xccdf:fix:script:sh"># Remediation is applicable only in certain platforms
if dpkg-query --show --showformat='${db:Status-Status}\n' 'bash' 2&gt;/dev/null | grep -q '^installed'; then

var_accounts_user_umask='<xccdf-1.2:sub xmlns:xccdf-1.2="http://checklists.nist.gov/xccdf/1.2" idref="xccdf_org.ssgproject.content_value_var_accounts_user_umask" use="legacy"/>'






grep -q "^[^#]*\bumask" /etc/bash.bashrc &amp;&amp; \
  sed -i -E -e "s/^([^#]*\bumask)[[:space:]]+[[:digit:]]+/\1 $var_accounts_user_umask/g" /etc/bash.bashrc
if ! [ $? -eq 0 ]; then
    echo "umask $var_accounts_user_umask" &gt;&gt; /etc/bash.bashrc
fi

else
    &gt;&amp;2 echo 'Remediation is not applicable, nothing was done'
fi
</fix>
            <check system="http://oval.mitre.org/XMLSchema/oval-definitions-5">
              <check-export export-name="oval:ssg-var_accounts_user_umask:var:1" value-id="xccdf_org.ssgproject.content_value_var_accounts_user_umask"/>
              <check-content-ref name="oval:ssg-accounts_umask_etc_bashrc:def:1" href="ssg-ubuntu2404-oval.xml"/>
            </check>
            <check system="http://scap.nist.gov/schema/ocil/2">
              <check-content-ref name="ocil:ssg-accounts_umask_etc_bashrc_ocil:questionnaire:1" href="ssg-ubuntu2404-ocil.xml"/>
            </check>
          </Rule>
          <Rule id="xccdf_org.ssgproject.content_rule_accounts_umask_etc_login_defs" selected="false" role="full" severity="medium">
            <title xmlns:xhtml="http://www.w3.org/1999/xhtml" xml:lang="en-US">Ensure the Default Umask is Set Correctly in login.defs</title>
            <description xmlns:xhtml="http://www.w3.org/1999/xhtml" xml:lang="en-US">To ensure the default umask controlled by <html:code xmlns:html="http://www.w3.org/1999/xhtml">/etc/login.defs</html:code> is set properly,
add or correct the <html:code xmlns:html="http://www.w3.org/1999/xhtml">UMASK</html:code> setting in <html:code xmlns:html="http://www.w3.org/1999/xhtml">/etc/login.defs</html:code> to read as follows:
<html:pre xmlns:html="http://www.w3.org/1999/xhtml" xmlns:xccdf-1.2="http://checklists.nist.gov/xccdf/1.2">UMASK <xccdf-1.2:sub idref="xccdf_org.ssgproject.content_value_var_accounts_user_umask" use="legacy"/>
         </html:pre>
        </description>
            <reference href="https://www.cisecurity.org/controls/">11</reference>
            <reference href="https://www.cisecurity.org/controls/">18</reference>
            <reference href="https://www.cisecurity.org/controls/">3</reference>
            <reference href="https://www.cisecurity.org/controls/">9</reference>
            <reference href="https://www.isaca.org/resources/cobit">APO13.01</reference>
            <reference href="https://www.isaca.org/resources/cobit">BAI03.01</reference>
            <reference href="https://www.isaca.org/resources/cobit">BAI03.02</reference>
            <reference href="https://www.isaca.org/resources/cobit">BAI03.03</reference>
            <reference href="https://www.isaca.org/resources/cobit">BAI10.01</reference>
            <reference href="https://www.isaca.org/resources/cobit">BAI10.02</reference>
            <reference href="https://www.isaca.org/resources/cobit">BAI10.03</reference>
            <reference href="https://www.isaca.org/resources/cobit">BAI10.05</reference>
            <reference href="https://public.cyber.mil/stigs/cci/">CCI-000366</reference>
            <reference href="https://www.isa.org/products/isa-62443-2-1-2009-security-for-industrial-automat">4.3.4.3.2</reference>
            <reference href="https://www.isa.org/products/isa-62443-2-1-2009-security-for-industrial-automat">4.3.4.3.3</reference>
            <reference href="https://www.isa.org/products/ansi-isa-62443-3-3-99-03-03-2013-security-for-indu">SR 7.6</reference>
            <reference href="https://www.iso.org/contents/data/standard/05/45/54534.html">A.12.1.2</reference>
            <reference href="https://www.iso.org/contents/data/standard/05/45/54534.html">A.12.5.1</reference>
            <reference href="https://www.iso.org/contents/data/standard/05/45/54534.html">A.12.6.2</reference>
            <reference href="https://www.iso.org/contents/data/standard/05/45/54534.html">A.14.1.1</reference>
            <reference href="https://www.iso.org/contents/data/standard/05/45/54534.html">A.14.2.1</reference>
            <reference href="https://www.iso.org/contents/data/standard/05/45/54534.html">A.14.2.2</reference>
            <reference href="https://www.iso.org/contents/data/standard/05/45/54534.html">A.14.2.3</reference>
            <reference href="https://www.iso.org/contents/data/standard/05/45/54534.html">A.14.2.4</reference>
            <reference href="https://www.iso.org/contents/data/standard/05/45/54534.html">A.14.2.5</reference>
            <reference href="https://www.iso.org/contents/data/standard/05/45/54534.html">A.6.1.5</reference>
            <reference href="https://www.nerc.com/pa/Stand/AlignRep/One%20Stop%20Shop.xlsx">CIP-003-8 R5.1.1</reference>
            <reference href="https://www.nerc.com/pa/Stand/AlignRep/One%20Stop%20Shop.xlsx">CIP-003-8 R5.3</reference>
            <reference href="https://www.nerc.com/pa/Stand/AlignRep/One%20Stop%20Shop.xlsx">CIP-004-6 R2.3</reference>
            <reference href="https://www.nerc.com/pa/Stand/AlignRep/One%20Stop%20Shop.xlsx">CIP-007-3 R2.1</reference>
            <reference href="https://www.nerc.com/pa/Stand/AlignRep/One%20Stop%20Shop.xlsx">CIP-007-3 R2.2</reference>
            <reference href="https://www.nerc.com/pa/Stand/AlignRep/One%20Stop%20Shop.xlsx">CIP-007-3 R2.3</reference>
            <reference href="https://www.nerc.com/pa/Stand/AlignRep/One%20Stop%20Shop.xlsx">CIP-007-3 R5.1</reference>
            <reference href="https://www.nerc.com/pa/Stand/AlignRep/One%20Stop%20Shop.xlsx">CIP-007-3 R5.1.1</reference>
            <reference href="https://www.nerc.com/pa/Stand/AlignRep/One%20Stop%20Shop.xlsx">CIP-007-3 R5.1.2</reference>
            <reference href="http://nvlpubs.nist.gov/nistpubs/SpecialPublications/NIST.SP.800-53r4.pdf">AC-6(1)</reference>
            <reference href="http://nvlpubs.nist.gov/nistpubs/SpecialPublications/NIST.SP.800-53r4.pdf">CM-6(a)</reference>
            <reference href="https://nvlpubs.nist.gov/nistpubs/CSWP/NIST.CSWP.04162018.pdf">PR.IP-1</reference>
            <reference href="https://nvlpubs.nist.gov/nistpubs/CSWP/NIST.CSWP.04162018.pdf">PR.IP-2</reference>
            <reference href="https://public.cyber.mil/stigs/downloads/?_dl_facet_stigs=operating-systems%2Cgeneral-purpose-os">SRG-OS-000480-GPOS-00228</reference>
            <reference href="https://cyber.gouv.fr/sites/default/files/document/linux_configuration-en-v2.pdf">R36</reference>
            <reference href="https://www.cisecurity.org/benchmark/ubuntu_linux/">5.4.3.3</reference>
            <rationale xmlns:xhtml="http://www.w3.org/1999/xhtml" xml:lang="en-US">The umask value influences the permissions assigned to files when they are created.
A misconfigured umask value could result in files with excessive permissions that can be read and
written to by unauthorized users.</rationale>
            <platform idref="#package_shadow-utils"/>
            <fix xmlns:xhtml="http://www.w3.org/1999/xhtml" id="accounts_umask_etc_login_defs" system="urn:xccdf:fix:script:ansible" complexity="low" disruption="low" strategy="restrict">- name: Gather the package facts
  package_facts:
    manager: auto
  tags:
  - NIST-800-53-AC-6(1)
  - NIST-800-53-CM-6(a)
  - accounts_umask_etc_login_defs
  - low_complexity
  - low_disruption
  - medium_severity
  - no_reboot_needed
  - restrict_strategy
- name: XCCDF Value var_accounts_user_umask # promote to variable
  set_fact:
    var_accounts_user_umask: !!str <xccdf-1.2:sub xmlns:xccdf-1.2="http://checklists.nist.gov/xccdf/1.2" idref="xccdf_org.ssgproject.content_value_var_accounts_user_umask" use="legacy"/>
  tags:
    - always

- name: Check if UMASK is already set
  ansible.builtin.lineinfile:
    path: /etc/login.defs
    regexp: ^(\s*)UMASK\s+.*
    state: absent
  check_mode: true
  changed_when: false
  register: result_umask_is_set
  when: '"login" in ansible_facts.packages'
  tags:
  - NIST-800-53-AC-6(1)
  - NIST-800-53-CM-6(a)
  - accounts_umask_etc_login_defs
  - low_complexity
  - low_disruption
  - medium_severity
  - no_reboot_needed
  - restrict_strategy

- name: Replace user UMASK in /etc/login.defs
  ansible.builtin.replace:
    path: /etc/login.defs
    regexp: ^(\s*)UMASK(\s+).*
    replace: \g&lt;1&gt;UMASK\g&lt;2&gt;{{ var_accounts_user_umask }}
  when:
  - '"login" in ansible_facts.packages'
  - result_umask_is_set.found &gt; 0
  tags:
  - NIST-800-53-AC-6(1)
  - NIST-800-53-CM-6(a)
  - accounts_umask_etc_login_defs
  - low_complexity
  - low_disruption
  - medium_severity
  - no_reboot_needed
  - restrict_strategy

- name: Ensure the Default UMASK is Appended Correctly
  ansible.builtin.lineinfile:
    create: true
    path: /etc/login.defs
    line: UMASK {{ var_accounts_user_umask }}
  when:
  - '"login" in ansible_facts.packages'
  - result_umask_is_set.found == 0
  tags:
  - NIST-800-53-AC-6(1)
  - NIST-800-53-CM-6(a)
  - accounts_umask_etc_login_defs
  - low_complexity
  - low_disruption
  - medium_severity
  - no_reboot_needed
  - restrict_strategy
</fix>
            <fix xmlns:xhtml="http://www.w3.org/1999/xhtml" id="accounts_umask_etc_login_defs" system="urn:xccdf:fix:script:sh"># Remediation is applicable only in certain platforms
if dpkg-query --show --showformat='${db:Status-Status}\n' 'login' 2&gt;/dev/null | grep -q '^installed'; then

var_accounts_user_umask='<xccdf-1.2:sub xmlns:xccdf-1.2="http://checklists.nist.gov/xccdf/1.2" idref="xccdf_org.ssgproject.content_value_var_accounts_user_umask" use="legacy"/>'


# Strip any search characters in the key arg so that the key can be replaced without
# adding any search characters to the config file.
stripped_key=$(sed 's/[\^=\$,;+]*//g' &lt;&lt;&lt; "^UMASK")

# shellcheck disable=SC2059
printf -v formatted_output "%s %s" "$stripped_key" "$var_accounts_user_umask"

# If the key exists, change it. Otherwise, add it to the config_file.
# We search for the key string followed by a word boundary (matched by \&gt;),
# so if we search for 'setting', 'setting2' won't match.
if LC_ALL=C grep -q -m 1 -i -e "^UMASK\\&gt;" "/etc/login.defs"; then
    escaped_formatted_output=$(sed -e 's|/|\\/|g' &lt;&lt;&lt; "$formatted_output")
    LC_ALL=C sed -i --follow-symlinks "s/^UMASK\\&gt;.*/$escaped_formatted_output/gi" "/etc/login.defs"
else
    if [[ -s "/etc/login.defs" ]] &amp;&amp; [[ -n "$(tail -c 1 -- "/etc/login.defs" || true)" ]]; then
        LC_ALL=C sed -i --follow-symlinks '$a'\\ "/etc/login.defs"
    fi
    printf '%s\n' "$formatted_output" &gt;&gt; "/etc/login.defs"
fi

else
    &gt;&amp;2 echo 'Remediation is not applicable, nothing was done'
fi
</fix>
            <check system="http://oval.mitre.org/XMLSchema/oval-definitions-5">
              <check-export export-name="oval:ssg-var_accounts_user_umask:var:1" value-id="xccdf_org.ssgproject.content_value_var_accounts_user_umask"/>
              <check-content-ref name="oval:ssg-accounts_umask_etc_login_defs:def:1" href="ssg-ubuntu2404-oval.xml"/>
            </check>
            <check system="http://scap.nist.gov/schema/ocil/2">
              <check-content-ref name="ocil:ssg-accounts_umask_etc_login_defs_ocil:questionnaire:1" href="ssg-ubuntu2404-ocil.xml"/>
            </check>
          </Rule>
          <Rule id="xccdf_org.ssgproject.content_rule_accounts_umask_etc_profile" selected="false" role="full" severity="medium">
            <title xmlns:xhtml="http://www.w3.org/1999/xhtml" xml:lang="en-US">Ensure the Default Umask is Set Correctly in /etc/profile</title>
            <description xmlns:xhtml="http://www.w3.org/1999/xhtml" xml:lang="en-US">To ensure the default umask controlled by <html:code xmlns:html="http://www.w3.org/1999/xhtml">/etc/profile</html:code> is set properly,
add or correct the <html:code xmlns:html="http://www.w3.org/1999/xhtml">umask</html:code> setting in <html:code xmlns:html="http://www.w3.org/1999/xhtml">/etc/profile</html:code> to read as follows:
<html:pre xmlns:html="http://www.w3.org/1999/xhtml" xmlns:xccdf-1.2="http://checklists.nist.gov/xccdf/1.2">umask <xccdf-1.2:sub idref="xccdf_org.ssgproject.content_value_var_accounts_user_umask" use="legacy"/>
         </html:pre>

Note that <html:code xmlns:html="http://www.w3.org/1999/xhtml">/etc/profile</html:code> also reads scrips within <html:code xmlns:html="http://www.w3.org/1999/xhtml">/etc/profile.d</html:code> directory.
These scripts are also valid files to set umask value. Therefore, they should also be
considered during the check and properly remediated, if necessary.</description>
            <reference href="https://www.cisecurity.org/controls/">18</reference>
            <reference href="https://www.isaca.org/resources/cobit">APO13.01</reference>
            <reference href="https://www.isaca.org/resources/cobit">BAI03.01</reference>
            <reference href="https://www.isaca.org/resources/cobit">BAI03.02</reference>
            <reference href="https://www.isaca.org/resources/cobit">BAI03.03</reference>
            <reference href="https://public.cyber.mil/stigs/cci/">CCI-000366</reference>
            <reference href="https://www.isa.org/products/isa-62443-2-1-2009-security-for-industrial-automat">4.3.4.3.3</reference>
            <reference href="https://www.iso.org/contents/data/standard/05/45/54534.html">A.14.1.1</reference>
            <reference href="https://www.iso.org/contents/data/standard/05/45/54534.html">A.14.2.1</reference>
            <reference href="https://www.iso.org/contents/data/standard/05/45/54534.html">A.14.2.5</reference>
            <reference href="https://www.iso.org/contents/data/standard/05/45/54534.html">A.6.1.5</reference>
            <reference href="https://www.nerc.com/pa/Stand/AlignRep/One%20Stop%20Shop.xlsx">CIP-003-8 R5.1.1</reference>
            <reference href="https://www.nerc.com/pa/Stand/AlignRep/One%20Stop%20Shop.xlsx">CIP-003-8 R5.3</reference>
            <reference href="https://www.nerc.com/pa/Stand/AlignRep/One%20Stop%20Shop.xlsx">CIP-004-6 R2.3</reference>
            <reference href="https://www.nerc.com/pa/Stand/AlignRep/One%20Stop%20Shop.xlsx">CIP-007-3 R2.1</reference>
            <reference href="https://www.nerc.com/pa/Stand/AlignRep/One%20Stop%20Shop.xlsx">CIP-007-3 R2.2</reference>
            <reference href="https://www.nerc.com/pa/Stand/AlignRep/One%20Stop%20Shop.xlsx">CIP-007-3 R2.3</reference>
            <reference href="https://www.nerc.com/pa/Stand/AlignRep/One%20Stop%20Shop.xlsx">CIP-007-3 R5.1</reference>
            <reference href="https://www.nerc.com/pa/Stand/AlignRep/One%20Stop%20Shop.xlsx">CIP-007-3 R5.1.1</reference>
            <reference href="https://www.nerc.com/pa/Stand/AlignRep/One%20Stop%20Shop.xlsx">CIP-007-3 R5.1.2</reference>
            <reference href="http://nvlpubs.nist.gov/nistpubs/SpecialPublications/NIST.SP.800-53r4.pdf">AC-6(1)</reference>
            <reference href="http://nvlpubs.nist.gov/nistpubs/SpecialPublications/NIST.SP.800-53r4.pdf">CM-6(a)</reference>
            <reference href="https://nvlpubs.nist.gov/nistpubs/CSWP/NIST.CSWP.04162018.pdf">PR.IP-2</reference>
            <reference href="https://public.cyber.mil/stigs/downloads/?_dl_facet_stigs=operating-systems%2Cgeneral-purpose-os">SRG-OS-000480-GPOS-00228</reference>
            <reference href="https://public.cyber.mil/stigs/downloads/?_dl_facet_stigs=operating-systems%2Cgeneral-purpose-os">SRG-OS-000480-GPOS-00227</reference>
            <reference href="https://cyber.gouv.fr/sites/default/files/document/linux_configuration-en-v2.pdf">R36</reference>
            <reference href="https://www.cisecurity.org/benchmark/ubuntu_linux/">5.4.3.3</reference>
            <rationale xmlns:xhtml="http://www.w3.org/1999/xhtml" xml:lang="en-US">The umask value influences the permissions assigned to files when they are created.
A misconfigured umask value could result in files with excessive permissions that can be read or
written to by unauthorized users.</rationale>
            <fix xmlns:xhtml="http://www.w3.org/1999/xhtml" id="accounts_umask_etc_profile" system="urn:xccdf:fix:script:ansible" complexity="low" disruption="low" strategy="restrict">- name: XCCDF Value var_accounts_user_umask # promote to variable
  set_fact:
    var_accounts_user_umask: !!str <xccdf-1.2:sub xmlns:xccdf-1.2="http://checklists.nist.gov/xccdf/1.2" idref="xccdf_org.ssgproject.content_value_var_accounts_user_umask" use="legacy"/>
  tags:
    - always

- name: Ensure the Default Umask is Set Correctly in /etc/profile - Locate Profile
    Configuration Files Where umask Is Defined
  ansible.builtin.find:
    paths:
    - /etc/profile.d
    patterns:
    - sh.local
    - '*.sh'
    contains: ^[\s]*umask\s+\d+
  register: result_profile_d_files
  tags:
  - NIST-800-53-AC-6(1)
  - NIST-800-53-CM-6(a)
  - accounts_umask_etc_profile
  - low_complexity
  - low_disruption
  - medium_severity
  - no_reboot_needed
  - restrict_strategy

- name: Ensure the Default Umask is Set Correctly in /etc/profile - Replace Existing
    umask Value in Files From /etc/profile.d
  ansible.builtin.replace:
    path: '{{ item.path }}'
    regexp: ^(\s*)umask\s+\d+
    replace: \1umask {{ var_accounts_user_umask }}
  loop: '{{ result_profile_d_files.files }}'
  register: result_umask_replaced_profile_d
  when: result_profile_d_files.matched
  tags:
  - NIST-800-53-AC-6(1)
  - NIST-800-53-CM-6(a)
  - accounts_umask_etc_profile
  - low_complexity
  - low_disruption
  - medium_severity
  - no_reboot_needed
  - restrict_strategy

- name: Ensure the Default Umask is Set Correctly in /etc/profile - Ensure umask Is
    Set in /etc/profile if Not Already Set Elsewhere
  ansible.builtin.lineinfile:
    create: true
    mode: 420
    path: /etc/profile
    line: umask {{ var_accounts_user_umask }}
  when: not result_profile_d_files.matched
  tags:
  - NIST-800-53-AC-6(1)
  - NIST-800-53-CM-6(a)
  - accounts_umask_etc_profile
  - low_complexity
  - low_disruption
  - medium_severity
  - no_reboot_needed
  - restrict_strategy

- name: Ensure the Default Umask is Set Correctly in /etc/profile - Ensure umask Value
    For All Existing umask Definition in /etc/profile
  ansible.builtin.replace:
    path: /etc/profile
    regexp: ^(\s*)umask\s+\d+
    replace: \1umask {{ var_accounts_user_umask }}
  register: result_umask_replaced_profile
  tags:
  - NIST-800-53-AC-6(1)
  - NIST-800-53-CM-6(a)
  - accounts_umask_etc_profile
  - low_complexity
  - low_disruption
  - medium_severity
  - no_reboot_needed
  - restrict_strategy
</fix>
            <fix xmlns:xhtml="http://www.w3.org/1999/xhtml" id="accounts_umask_etc_profile" system="urn:xccdf:fix:script:sh" complexity="low" disruption="low" strategy="restrict">
var_accounts_user_umask='<xccdf-1.2:sub xmlns:xccdf-1.2="http://checklists.nist.gov/xccdf/1.2" idref="xccdf_org.ssgproject.content_value_var_accounts_user_umask" use="legacy"/>'


readarray -t profile_files &lt; &lt;(find /etc/profile.d/ -type f -name '*.sh' -or -name 'sh.local')

for file in "${profile_files[@]}" /etc/profile; do
  grep -qE '^[^#]*umask' "$file" &amp;&amp; sed -i -E "s/^(\s*umask\s*)[0-7]+/\1$var_accounts_user_umask/g" "$file"
done

if ! grep -qrE '^[^#]*umask' /etc/profile*; then
  echo "umask $var_accounts_user_umask" &gt;&gt; /etc/profile
fi
</fix>
            <check system="http://oval.mitre.org/XMLSchema/oval-definitions-5">
              <check-export export-name="oval:ssg-var_accounts_user_umask:var:1" value-id="xccdf_org.ssgproject.content_value_var_accounts_user_umask"/>
              <check-content-ref name="oval:ssg-accounts_umask_etc_profile:def:1" href="ssg-ubuntu2404-oval.xml"/>
            </check>
            <check system="http://scap.nist.gov/schema/ocil/2">
              <check-content-ref name="ocil:ssg-accounts_umask_etc_profile_ocil:questionnaire:1" href="ssg-ubuntu2404-ocil.xml"/>
            </check>
          </Rule>
          <Rule id="xccdf_org.ssgproject.content_rule_accounts_umask_root" selected="false" role="full" severity="medium">
            <title xmlns:xhtml="http://www.w3.org/1999/xhtml" xml:lang="en-US">Ensure the Root Bash Umask is Set Correctly</title>
            <description xmlns:xhtml="http://www.w3.org/1999/xhtml" xml:lang="en-US">To ensure the root user's umask of the Bash shell is set properly,
add or correct the <html:code xmlns:html="http://www.w3.org/1999/xhtml">umask</html:code> setting in <html:code xmlns:html="http://www.w3.org/1999/xhtml">/root/.bashrc</html:code>
or <html:code xmlns:html="http://www.w3.org/1999/xhtml">/root/.bashrc</html:code> to read as follows:
<html:pre xmlns:html="http://www.w3.org/1999/xhtml">umask 0027</html:pre>
        </description>
            <reference href="https://www.cisecurity.org/benchmark/ubuntu_linux/">5.4.2.6</reference>
            <rationale xmlns:xhtml="http://www.w3.org/1999/xhtml" xml:lang="en-US">The umask value influences the permissions assigned to files when they are created.
A misconfigured umask value could result in files with excessive permissions that can be read or
written to by unauthorized users.</rationale>
            <platform idref="#package_bash"/>
            <fix xmlns:xhtml="http://www.w3.org/1999/xhtml" id="accounts_umask_root" system="urn:xccdf:fix:script:sh"># Remediation is applicable only in certain platforms
if dpkg-query --show --showformat='${db:Status-Status}\n' 'bash' 2&gt;/dev/null | grep -q '^installed'; then

sed -i -E -e "s/^([^#]*\bumask)[[:space:]]+[[:digit:]]+/\1 0027/g" /root/.bashrc /root/.profile

else
    &gt;&amp;2 echo 'Remediation is not applicable, nothing was done'
fi
</fix>
            <check system="http://oval.mitre.org/XMLSchema/oval-definitions-5">
              <check-content-ref name="oval:ssg-accounts_umask_root:def:1" href="ssg-ubuntu2404-oval.xml"/>
            </check>
          </Rule>
        </Group>
      </Group>
    </Group>
    <Group id="xccdf_org.ssgproject.content_group_apparmor">
      <title xmlns:xhtml="http://www.w3.org/1999/xhtml" xml:lang="en-US">AppArmor</title>
      <description xmlns:xhtml="http://www.w3.org/1999/xhtml" xml:lang="en-US">Many security vulnerabilities result from bugs in trusted programs. A trusted
program runs with privileges that attackers want to possess. The program fails
to keep that trust if there is a bug in the program that allows the attacker to
acquire said privilege.
<html:br xmlns:html="http://www.w3.org/1999/xhtml"/>
      <html:br xmlns:html="http://www.w3.org/1999/xhtml"/>
AppArmor® is an application security solution designed specifically to apply
privilege confinement to suspect programs. AppArmor allows the administrator to
specify the domain of activities the program can perform by developing a
security profile. A security profile is a listing of files that the program may
access and the operations the program may perform. AppArmor secures
applications by enforcing good application behavior without relying on attack
signatures, so it can prevent attacks even if previously unknown
vulnerabilities are being exploited.</description>
      <platform idref="#machine"/>
      <Value id="xccdf_org.ssgproject.content_value_var_apparmor_mode" type="string">
        <title xmlns:xhtml="http://www.w3.org/1999/xhtml" xml:lang="en-US">AppArmor profiles mode</title>
        <description xmlns:xhtml="http://www.w3.org/1999/xhtml" xml:lang="en-US">enforce - Set all AppArmor profiles to enforce mode<html:br xmlns:html="http://www.w3.org/1999/xhtml"/>
complain - Set all AppArmor profiles to complain mode</description>
        <value>enforce</value>
        <value selector="complain">complain</value>
        <value selector="enforce">enforce</value>
      </Value>
      <Rule id="xccdf_org.ssgproject.content_rule_package_apparmor-utils_installed" selected="false" role="full" severity="medium">
        <title xmlns:xhtml="http://www.w3.org/1999/xhtml" xml:lang="en-US">Ensure AppArmor Utils is installed</title>
        <description xmlns:xhtml="http://www.w3.org/1999/xhtml" xml:lang="en-US">AppArmor provide Mandatory Access Controls.</description>
        <reference href="https://www.cisecurity.org/benchmark/ubuntu_linux/">1.3.1.1</reference>
        <rationale xmlns:xhtml="http://www.w3.org/1999/xhtml" xml:lang="en-US">Without a Mandatory Access Control system installed only the default
Discretionary Access Control system will be available.</rationale>
        <fix xmlns:xhtml="http://www.w3.org/1999/xhtml" id="package_apparmor-utils_installed" system="urn:redhat:osbuild:blueprint">
[[packages]]
name = "apparmor-utils"
version = "*"
</fix>
        <fix xmlns:xhtml="http://www.w3.org/1999/xhtml" id="package_apparmor-utils_installed" system="urn:xccdf:fix:script:puppet" complexity="low" disruption="low" strategy="enable">include install_apparmor-utils

class install_apparmor-utils {
  package { 'apparmor-utils':
    ensure =&gt; 'installed',
  }
}
</fix>
        <fix xmlns:xhtml="http://www.w3.org/1999/xhtml" id="package_apparmor-utils_installed" system="urn:xccdf:fix:script:ansible" complexity="low" disruption="low" strategy="enable">- name: Ensure apparmor-utils is installed
  package:
    name: apparmor-utils
    state: present
  when: ansible_virtualization_type not in ["docker", "lxc", "openvz", "podman", "container"]
  tags:
  - enable_strategy
  - low_complexity
  - low_disruption
  - medium_severity
  - no_reboot_needed
  - package_apparmor-utils_installed
</fix>
        <fix xmlns:xhtml="http://www.w3.org/1999/xhtml" id="package_apparmor-utils_installed" system="urn:xccdf:fix:script:sh" complexity="low" disruption="low" strategy="enable"># Remediation is applicable only in certain platforms
if [ ! -f /.dockerenv ] &amp;&amp; [ ! -f /run/.containerenv ]; then

DEBIAN_FRONTEND=noninteractive apt-get install -y "apparmor-utils"

else
    &gt;&amp;2 echo 'Remediation is not applicable, nothing was done'
fi
</fix>
        <check system="http://oval.mitre.org/XMLSchema/oval-definitions-5">
          <check-content-ref name="oval:ssg-package_apparmor-utils_installed:def:1" href="ssg-ubuntu2404-oval.xml"/>
        </check>
      </Rule>
      <Rule id="xccdf_org.ssgproject.content_rule_package_apparmor_installed" selected="false" role="full" severity="medium">
        <title xmlns:xhtml="http://www.w3.org/1999/xhtml" xml:lang="en-US">Ensure AppArmor is installed</title>
        <description xmlns:xhtml="http://www.w3.org/1999/xhtml" xml:lang="en-US">AppArmor provide Mandatory Access Controls.</description>
        <reference href="https://public.cyber.mil/stigs/cci/">CCI-001764</reference>
        <reference href="https://public.cyber.mil/stigs/cci/">CCI-001774</reference>
        <reference href="https://public.cyber.mil/stigs/cci/">CCI-002165</reference>
        <reference href="https://public.cyber.mil/stigs/cci/">CCI-002235</reference>
        <reference href="https://public.cyber.mil/stigs/downloads/?_dl_facet_stigs=operating-systems%2Cgeneral-purpose-os">SRG-OS-000368-GPOS-00154</reference>
        <reference href="https://public.cyber.mil/stigs/downloads/?_dl_facet_stigs=operating-systems%2Cgeneral-purpose-os">SRG-OS-000312-GPOS-00122</reference>
        <reference href="https://public.cyber.mil/stigs/downloads/?_dl_facet_stigs=operating-systems%2Cgeneral-purpose-os">SRG-OS-000312-GPOS-00123</reference>
        <reference href="https://public.cyber.mil/stigs/downloads/?_dl_facet_stigs=operating-systems%2Cgeneral-purpose-os">SRG-OS-000312-GPOS-00124</reference>
        <reference href="https://public.cyber.mil/stigs/downloads/?_dl_facet_stigs=operating-systems%2Cgeneral-purpose-os">SRG-OS-000324-GPOS-00125</reference>
        <reference href="https://public.cyber.mil/stigs/downloads/?_dl_facet_stigs=operating-systems%2Cgeneral-purpose-os">SRG-OS-000370-GPOS-00155</reference>
        <reference href="https://cyber.gouv.fr/sites/default/files/document/linux_configuration-en-v2.pdf">R45</reference>
        <reference href="https://www.cisecurity.org/benchmark/ubuntu_linux/">1.3.1.1</reference>
        <rationale xmlns:xhtml="http://www.w3.org/1999/xhtml" xml:lang="en-US">Without a Mandatory Access Control system installed only the default
Discretionary Access Control system will be available.</rationale>
        <fix xmlns:xhtml="http://www.w3.org/1999/xhtml" id="package_apparmor_installed" system="urn:redhat:osbuild:blueprint">
[[packages]]
name = "apparmor"
version = "*"
</fix>
        <fix xmlns:xhtml="http://www.w3.org/1999/xhtml" id="package_apparmor_installed" system="urn:xccdf:fix:script:puppet" complexity="low" disruption="low" strategy="enable">include install_apparmor

class install_apparmor {
  package { 'apparmor':
    ensure =&gt; 'installed',
  }
}
</fix>
        <fix xmlns:xhtml="http://www.w3.org/1999/xhtml" id="package_apparmor_installed" system="urn:xccdf:fix:script:ansible" complexity="low" disruption="low" strategy="enable">- name: Ensure apparmor is installed
  package:
    name: apparmor
    state: present
  when: ansible_virtualization_type not in ["docker", "lxc", "openvz", "podman", "container"]
  tags:
  - enable_strategy
  - low_complexity
  - low_disruption
  - medium_severity
  - no_reboot_needed
  - package_apparmor_installed
</fix>
        <fix xmlns:xhtml="http://www.w3.org/1999/xhtml" id="package_apparmor_installed" system="urn:xccdf:fix:script:sh" complexity="low" disruption="low" strategy="enable"># Remediation is applicable only in certain platforms
if [ ! -f /.dockerenv ] &amp;&amp; [ ! -f /run/.containerenv ]; then

DEBIAN_FRONTEND=noninteractive apt-get install -y "apparmor"

else
    &gt;&amp;2 echo 'Remediation is not applicable, nothing was done'
fi
</fix>
        <check system="http://oval.mitre.org/XMLSchema/oval-definitions-5">
          <check-content-ref name="oval:ssg-package_apparmor_installed:def:1" href="ssg-ubuntu2404-oval.xml"/>
        </check>
      </Rule>
      <Rule id="xccdf_org.ssgproject.content_rule_all_apparmor_profiles_enforced" selected="false" role="full" severity="medium">
        <title xmlns:xhtml="http://www.w3.org/1999/xhtml" xml:lang="en-US">Enforce all AppArmor Profiles</title>
        <description xmlns:xhtml="http://www.w3.org/1999/xhtml" xml:lang="en-US">AppArmor profiles define what resources applications are able to access.
To set all profiles to enforce mode run the following command:
<html:pre xmlns:html="http://www.w3.org/1999/xhtml">$ sudo aa-enforce /etc/apparmor.d/*</html:pre>
To list unconfined processes run the following command:

<html:pre xmlns:html="http://www.w3.org/1999/xhtml">$ sudo apparmor_status | grep processes</html:pre>

Any unconfined processes may need to have a profile created or activated
for them and then be restarted.</description>
        <reference href="https://cyber.gouv.fr/sites/default/files/document/linux_configuration-en-v2.pdf">R45</reference>
        <reference href="https://www.cisecurity.org/benchmark/ubuntu_linux/">1.3.1.4</reference>
        <rationale xmlns:xhtml="http://www.w3.org/1999/xhtml" xml:lang="en-US">Security configuration requirements vary from site to site. Some sites may
mandate a policy that is stricter than the default policy, which is perfectly
acceptable. This recommendation is intended to ensure that any policies that
exist on the system are activated.</rationale>
        <platform idref="#machine_and_package_apparmor"/>
        <fix xmlns:xhtml="http://www.w3.org/1999/xhtml" id="all_apparmor_profiles_enforced" system="urn:xccdf:fix:script:sh"># Remediation is applicable only in certain platforms
if [ ! -f /.dockerenv ] &amp;&amp; [ ! -f /run/.containerenv ] &amp;&amp; { ( [ ! -f /.dockerenv ] &amp;&amp; [ ! -f /run/.containerenv ] &amp;&amp; dpkg-query --show --showformat='${db:Status-Status}\n' 'apparmor' 2&gt;/dev/null | grep -q '^installed' ); }; then

# make sure apparmor-utils is installed for aa-complain and aa-enforce
DEBIAN_FRONTEND=noninteractive apt-get install -y "apparmor-utils"

# Ensure all AppArmor Profiles are enforcing
apparmor_parser -q -r /etc/apparmor.d/

# Current version of apparmor-utils has issue https://gitlab.com/apparmor/apparmor/-/issues/411 and we're waiting for https://gitlab.com/apparmor/apparmor/-/merge_requests/1218 to be landed on noble
find /etc/apparmor.d -maxdepth 1 ! -type d -exec aa-enforce "{}" \;



UNCONFINED=$(aa-status | grep "processes are unconfined" | awk '{print $1;}')
if [ $UNCONFINED -ne 0 ];

then
  echo -e "***WARNING***: There are some unconfined processes:"
  echo -e "----------------------------"
  echo "The may need to have a profile created or activated for them and then be restarted."
  for PROCESS in "${UNCONFINED[@]}"
  do
      echo "$PROCESS"
  done
  echo -e "----------------------------"
  echo "The may need to have a profile created or activated for them and then be restarted."
fi

else
    &gt;&amp;2 echo 'Remediation is not applicable, nothing was done'
fi
</fix>
      </Rule>
      <Rule id="xccdf_org.ssgproject.content_rule_all_apparmor_profiles_in_enforce_complain_mode" selected="false" role="full" severity="medium">
        <title xmlns:xhtml="http://www.w3.org/1999/xhtml" xml:lang="en-US">All AppArmor Profiles are in enforce or complain mode</title>
        <description xmlns:xhtml="http://www.w3.org/1999/xhtml" xml:lang="en-US">AppArmor profiles define what resources applications are able to access.
To set all profiles to either <html:code xmlns:html="http://www.w3.org/1999/xhtml">enforce</html:code> or <html:code xmlns:html="http://www.w3.org/1999/xhtml">complain</html:code>  mode
run the following command to set all profiles to <html:code xmlns:html="http://www.w3.org/1999/xhtml">enforce</html:code> mode:
<html:pre xmlns:html="http://www.w3.org/1999/xhtml">$ sudo aa-enforce /etc/apparmor.d/*</html:pre>
run the following command to set all profiles to <html:code xmlns:html="http://www.w3.org/1999/xhtml">complain</html:code> mode:
<html:pre xmlns:html="http://www.w3.org/1999/xhtml">$ sudo aa-complain /etc/apparmor.d/*</html:pre>
To list unconfined processes run the following command:

<html:pre xmlns:html="http://www.w3.org/1999/xhtml">$ sudo apparmor_status | grep processes</html:pre>

Any unconfined processes may need to have a profile created or activated
for them and then be restarted.</description>
        <reference href="https://www.cisecurity.org/benchmark/ubuntu_linux/">1.3.1.3</reference>
        <rationale xmlns:xhtml="http://www.w3.org/1999/xhtml" xml:lang="en-US">Security configuration requirements vary from site to site. Some sites may
mandate a policy that is stricter than the default policy, which is perfectly
acceptable. This recommendation is intended to ensure that any policies that
exist on the system are activated.</rationale>
        <platform idref="#machine_and_package_apparmor"/>
        <fix xmlns:xhtml="http://www.w3.org/1999/xhtml" id="all_apparmor_profiles_in_enforce_complain_mode" system="urn:xccdf:fix:script:sh"># Remediation is applicable only in certain platforms
if [ ! -f /.dockerenv ] &amp;&amp; [ ! -f /run/.containerenv ] &amp;&amp; { ( [ ! -f /.dockerenv ] &amp;&amp; [ ! -f /run/.containerenv ] &amp;&amp; dpkg-query --show --showformat='${db:Status-Status}\n' 'apparmor' 2&gt;/dev/null | grep -q '^installed' ); }; then

var_apparmor_mode='<xccdf-1.2:sub xmlns:xccdf-1.2="http://checklists.nist.gov/xccdf/1.2" idref="xccdf_org.ssgproject.content_value_var_apparmor_mode" use="legacy"/>'


# make sure apparmor-utils is installed for aa-complain and aa-enforce
DEBIAN_FRONTEND=noninteractive apt-get install -y "apparmor-utils"

# Reload all AppArmor profiles
apparmor_parser -q -r /etc/apparmor.d/

# Set the mode
APPARMOR_MODE="$var_apparmor_mode"

if [ "$APPARMOR_MODE" = "enforce" ]
then
  
  # Set all profiles to enforce mode except disabled profiles
  find /etc/apparmor.d -maxdepth 1 ! -type d -exec bash -c '[[ -e "/etc/apparmor.d/disable/$(basename "$1")" ]] || aa-enforce "$1"' _ {} \;
  
fi

if [ "$APPARMOR_MODE" = "complain" ]
then
  
  # Load all not-loaded profiles into complain mode
  apparmor_parser -a --Complain /etc/apparmor.d/
  echo "***WARNING***: This remediation will not downgrade any existing AppArmor profiles."
  
fi


UNCONFINED=$(aa-status | grep "processes are unconfined" | awk '{print $1;}')
if [ $UNCONFINED -ne 0 ];

then
  echo -e "***WARNING***: There are some unconfined processes:"
  echo -e "----------------------------"
  echo "The may need to have a profile created or activated for them and then be restarted."
  for PROCESS in "${UNCONFINED[@]}"
  do
      echo "$PROCESS"
  done
  echo -e "----------------------------"
  echo "The may need to have a profile created or activated for them and then be restarted."
fi

else
    &gt;&amp;2 echo 'Remediation is not applicable, nothing was done'
fi
</fix>
        <check system="http://oval.mitre.org/XMLSchema/oval-definitions-5">
          <check-content-ref name="oval:ssg-all_apparmor_profiles_in_enforce_complain_mode:def:1" href="ssg-ubuntu2404-oval.xml"/>
        </check>
      </Rule>
      <Rule id="xccdf_org.ssgproject.content_rule_grub2_enable_apparmor" selected="false" role="full" severity="medium">
        <title xmlns:xhtml="http://www.w3.org/1999/xhtml" xml:lang="en-US">Ensure AppArmor is enabled in the bootloader configuration</title>
        <description xmlns:xhtml="http://www.w3.org/1999/xhtml" xml:lang="en-US">Configure AppArmor to be enabled at boot time and verify that it has not been
overwritten by the bootloader boot parameters.

Note: This recommendation is designed around the grub bootloader, if LILO or
another bootloader is in use in your environment, enact equivalent settings.</description>
        <reference href="https://cyber.gouv.fr/sites/default/files/document/linux_configuration-en-v2.pdf">R45</reference>
        <reference href="https://www.cisecurity.org/benchmark/ubuntu_linux/">1.3.1.2</reference>
        <rationale xmlns:xhtml="http://www.w3.org/1999/xhtml" xml:lang="en-US">AppArmor must be enabled at boot time in your bootloader configuration to
ensure that the controls it provides are not overridden.</rationale>
        <fix xmlns:xhtml="http://www.w3.org/1999/xhtml" id="grub2_enable_apparmor" system="urn:xccdf:fix:script:sh"># Remediation is applicable only in certain platforms
if [ ! -f /.dockerenv ] &amp;&amp; [ ! -f /run/.containerenv ]; then

# Correct the form of default kernel command line in GRUB
if grep -q '^\s*GRUB_CMDLINE_LINUX=.*apparmor=.*"'  '/etc/default/grub' ; then
       # modify the GRUB command-line if an apparmor= arg already exists
       sed -i "s/\(^\s*GRUB_CMDLINE_LINUX=\".*\)apparmor=[^[:space:]]\+\(.*\"\)/\1apparmor=1\2/"  '/etc/default/grub'
# Add to already existing GRUB_CMDLINE_LINUX parameters
elif grep -q '^\s*GRUB_CMDLINE_LINUX='  '/etc/default/grub' ; then
       # no apparmor=arg is present, append it
       sed -i "s/\(^\s*GRUB_CMDLINE_LINUX=\".*\)\"/\1 apparmor=1\"/"  '/etc/default/grub'
# Add GRUB_CMDLINE_LINUX parameters line
else
       echo "GRUB_CMDLINE_LINUX=\"apparmor=1\"" &gt;&gt; '/etc/default/grub'
fi
# Correct the form of default kernel command line in GRUB
if grep -q '^\s*GRUB_CMDLINE_LINUX=.*security=.*"'  '/etc/default/grub' ; then
       # modify the GRUB command-line if an security= arg already exists
       sed -i "s/\(^\s*GRUB_CMDLINE_LINUX=\".*\)security=[^[:space:]]\+\(.*\"\)/\1security=apparmor\2/"  '/etc/default/grub'
# Add to already existing GRUB_CMDLINE_LINUX parameters
elif grep -q '^\s*GRUB_CMDLINE_LINUX='  '/etc/default/grub' ; then
       # no security=arg is present, append it
       sed -i "s/\(^\s*GRUB_CMDLINE_LINUX=\".*\)\"/\1 security=apparmor\"/"  '/etc/default/grub'
# Add GRUB_CMDLINE_LINUX parameters line
else
       echo "GRUB_CMDLINE_LINUX=\"security=apparmor\"" &gt;&gt; '/etc/default/grub'
fi


update-grub

else
    &gt;&amp;2 echo 'Remediation is not applicable, nothing was done'
fi
</fix>
        <check system="http://oval.mitre.org/XMLSchema/oval-definitions-5">
          <check-content-ref name="oval:ssg-grub2_enable_apparmor:def:1" href="ssg-ubuntu2404-oval.xml"/>
        </check>
      </Rule>
    </Group>
    <Group id="xccdf_org.ssgproject.content_group_bootloader-grub2">
      <title xmlns:xhtml="http://www.w3.org/1999/xhtml" xml:lang="en-US">GRUB2 bootloader configuration</title>
      <description xmlns:xhtml="http://www.w3.org/1999/xhtml" xml:lang="en-US">During the boot process, the boot loader is
responsible for starting the execution of the kernel and passing
options to it. The boot loader allows for the selection of
different kernels - possibly on different partitions or media.
The default Ubuntu 24.04 boot loader for x86 systems is called GRUB2.
Options it can pass to the kernel include <html:i xmlns:html="http://www.w3.org/1999/xhtml">single-user mode</html:i>, which
provides root access without any authentication, and the ability to
disable SELinux. To prevent local users from modifying the boot
parameters and endangering security, protect the boot loader configuration
with a password and ensure its configuration file's permissions
are set properly.</description>
      <platform idref="#grub2_and_system_with_kernel"/>
      <Group id="xccdf_org.ssgproject.content_group_non-uefi">
        <title xmlns:xhtml="http://www.w3.org/1999/xhtml" xml:lang="en-US">Non-UEFI GRUB2 bootloader configuration</title>
        <description xmlns:xhtml="http://www.w3.org/1999/xhtml" xml:lang="en-US">Non-UEFI GRUB2 bootloader configuration</description>
        <platform idref="#non-uefi"/>
        <Rule id="xccdf_org.ssgproject.content_rule_file_owner_grub2_cfg" selected="false" role="full" severity="medium">
          <title xmlns:xhtml="http://www.w3.org/1999/xhtml" xml:lang="en-US">Verify /boot/grub/grub.cfg User Ownership</title>
          <description xmlns:xhtml="http://www.w3.org/1999/xhtml" xml:lang="en-US">The file <html:code xmlns:html="http://www.w3.org/1999/xhtml">/boot/grub/grub.cfg</html:code> should
be owned by the <html:code xmlns:html="http://www.w3.org/1999/xhtml">root</html:code> user to prevent destruction
or modification of the file.

To properly set the owner of <html:code xmlns:html="http://www.w3.org/1999/xhtml">/boot/grub/grub.cfg</html:code>, run the command:
<html:pre xmlns:html="http://www.w3.org/1999/xhtml">$ sudo chown root /boot/grub/grub.cfg </html:pre>
       </description>
          <reference href="https://www.cisecurity.org/controls/">12</reference>
          <reference href="https://www.cisecurity.org/controls/">13</reference>
          <reference href="https://www.cisecurity.org/controls/">14</reference>
          <reference href="https://www.cisecurity.org/controls/">15</reference>
          <reference href="https://www.cisecurity.org/controls/">16</reference>
          <reference href="https://www.cisecurity.org/controls/">18</reference>
          <reference href="https://www.cisecurity.org/controls/">3</reference>
          <reference href="https://www.cisecurity.org/controls/">5</reference>
          <reference href="https://www.fbi.gov/file-repository/cjis-security-policy-v5_5_20160601-2-1.pdf">5.5.2.2</reference>
          <reference href="https://www.isaca.org/resources/cobit">APO01.06</reference>
          <reference href="https://www.isaca.org/resources/cobit">DSS05.04</reference>
          <reference href="https://www.isaca.org/resources/cobit">DSS05.07</reference>
          <reference href="https://www.isaca.org/resources/cobit">DSS06.02</reference>
          <reference href="http://nvlpubs.nist.gov/nistpubs/SpecialPublications/NIST.SP.800-171.pdf">3.4.5</reference>
          <reference href="https://public.cyber.mil/stigs/cci/">CCI-000366</reference>
          <reference href="https://www.gpo.gov/fdsys/pkg/CFR-2007-title45-vol1/pdf/CFR-2007-title45-vol1-chapA-subchapC.pdf">164.308(a)(1)(ii)(B)</reference>
          <reference href="https://www.gpo.gov/fdsys/pkg/CFR-2007-title45-vol1/pdf/CFR-2007-title45-vol1-chapA-subchapC.pdf">164.308(a)(7)(i)</reference>
          <reference href="https://www.gpo.gov/fdsys/pkg/CFR-2007-title45-vol1/pdf/CFR-2007-title45-vol1-chapA-subchapC.pdf">164.308(a)(7)(ii)(A)</reference>
          <reference href="https://www.gpo.gov/fdsys/pkg/CFR-2007-title45-vol1/pdf/CFR-2007-title45-vol1-chapA-subchapC.pdf">164.310(a)(1)</reference>
          <reference href="https://www.gpo.gov/fdsys/pkg/CFR-2007-title45-vol1/pdf/CFR-2007-title45-vol1-chapA-subchapC.pdf">164.310(a)(2)(i)</reference>
          <reference href="https://www.gpo.gov/fdsys/pkg/CFR-2007-title45-vol1/pdf/CFR-2007-title45-vol1-chapA-subchapC.pdf">164.310(a)(2)(ii)</reference>
          <reference href="https://www.gpo.gov/fdsys/pkg/CFR-2007-title45-vol1/pdf/CFR-2007-title45-vol1-chapA-subchapC.pdf">164.310(a)(2)(iii)</reference>
          <reference href="https://www.gpo.gov/fdsys/pkg/CFR-2007-title45-vol1/pdf/CFR-2007-title45-vol1-chapA-subchapC.pdf">164.310(b)</reference>
          <reference href="https://www.gpo.gov/fdsys/pkg/CFR-2007-title45-vol1/pdf/CFR-2007-title45-vol1-chapA-subchapC.pdf">164.310(c)</reference>
          <reference href="https://www.gpo.gov/fdsys/pkg/CFR-2007-title45-vol1/pdf/CFR-2007-title45-vol1-chapA-subchapC.pdf">164.310(d)(1)</reference>
          <reference href="https://www.gpo.gov/fdsys/pkg/CFR-2007-title45-vol1/pdf/CFR-2007-title45-vol1-chapA-subchapC.pdf">164.310(d)(2)(iii)</reference>
          <reference href="https://www.isa.org/products/isa-62443-2-1-2009-security-for-industrial-automat">4.3.3.7.3</reference>
          <reference href="https://www.isa.org/products/ansi-isa-62443-3-3-99-03-03-2013-security-for-indu">SR 2.1</reference>
          <reference href="https://www.isa.org/products/ansi-isa-62443-3-3-99-03-03-2013-security-for-indu">SR 5.2</reference>
          <reference href="https://www.iso.org/contents/data/standard/05/45/54534.html">A.10.1.1</reference>
          <reference href="https://www.iso.org/contents/data/standard/05/45/54534.html">A.11.1.4</reference>
          <reference href="https://www.iso.org/contents/data/standard/05/45/54534.html">A.11.1.5</reference>
          <reference href="https://www.iso.org/contents/data/standard/05/45/54534.html">A.11.2.1</reference>
          <reference href="https://www.iso.org/contents/data/standard/05/45/54534.html">A.13.1.1</reference>
          <reference href="https://www.iso.org/contents/data/standard/05/45/54534.html">A.13.1.3</reference>
          <reference href="https://www.iso.org/contents/data/standard/05/45/54534.html">A.13.2.1</reference>
          <reference href="https://www.iso.org/contents/data/standard/05/45/54534.html">A.13.2.3</reference>
          <reference href="https://www.iso.org/contents/data/standard/05/45/54534.html">A.13.2.4</reference>
          <reference href="https://www.iso.org/contents/data/standard/05/45/54534.html">A.14.1.2</reference>
          <reference href="https://www.iso.org/contents/data/standard/05/45/54534.html">A.14.1.3</reference>
          <reference href="https://www.iso.org/contents/data/standard/05/45/54534.html">A.6.1.2</reference>
          <reference href="https://www.iso.org/contents/data/standard/05/45/54534.html">A.7.1.1</reference>
          <reference href="https://www.iso.org/contents/data/standard/05/45/54534.html">A.7.1.2</reference>
          <reference href="https://www.iso.org/contents/data/standard/05/45/54534.html">A.7.3.1</reference>
          <reference href="https://www.iso.org/contents/data/standard/05/45/54534.html">A.8.2.2</reference>
          <reference href="https://www.iso.org/contents/data/standard/05/45/54534.html">A.8.2.3</reference>
          <reference href="https://www.iso.org/contents/data/standard/05/45/54534.html">A.9.1.1</reference>
          <reference href="https://www.iso.org/contents/data/standard/05/45/54534.html">A.9.1.2</reference>
          <reference href="https://www.iso.org/contents/data/standard/05/45/54534.html">A.9.2.3</reference>
          <reference href="https://www.iso.org/contents/data/standard/05/45/54534.html">A.9.4.1</reference>
          <reference href="https://www.iso.org/contents/data/standard/05/45/54534.html">A.9.4.4</reference>
          <reference href="https://www.iso.org/contents/data/standard/05/45/54534.html">A.9.4.5</reference>
          <reference href="http://nvlpubs.nist.gov/nistpubs/SpecialPublications/NIST.SP.800-53r4.pdf">CM-6(a)</reference>
          <reference href="http://nvlpubs.nist.gov/nistpubs/SpecialPublications/NIST.SP.800-53r4.pdf">AC-6(1)</reference>
          <reference href="https://nvlpubs.nist.gov/nistpubs/CSWP/NIST.CSWP.04162018.pdf">PR.AC-4</reference>
          <reference href="https://nvlpubs.nist.gov/nistpubs/CSWP/NIST.CSWP.04162018.pdf">PR.DS-5</reference>
          <reference href="https://www.pcisecuritystandards.org/documents/PCI_DSS_v3-2-1.pdf">Req-7.1</reference>
          <reference href="https://public.cyber.mil/stigs/downloads/?_dl_facet_stigs=operating-systems%2Cgeneral-purpose-os">SRG-OS-000480-GPOS-00227</reference>
          <reference href="https://cyber.gouv.fr/sites/default/files/document/linux_configuration-en-v2.pdf">R29</reference>
          <reference href="https://www.cisecurity.org/benchmark/ubuntu_linux/">1.4.2</reference>
          <reference href="https://docs-prv.pcisecuritystandards.org/PCI%20DSS/Standard/PCI-DSS-v4_0.pdf">2.2.6</reference>
          <reference href="https://docs-prv.pcisecuritystandards.org/PCI%20DSS/Standard/PCI-DSS-v4_0.pdf">2.2</reference>
          <rationale xmlns:xhtml="http://www.w3.org/1999/xhtml" xml:lang="en-US">Only root should be able to modify important boot parameters.</rationale>
          <platform idref="#not_container"/>
          <fix xmlns:xhtml="http://www.w3.org/1999/xhtml" id="file_owner_grub2_cfg" system="urn:xccdf:fix:script:ansible" complexity="low" disruption="low" strategy="configure">- name: Gather the package facts
  package_facts:
    manager: auto
  tags:
  - CJIS-5.5.2.2
  - NIST-800-171-3.4.5
  - NIST-800-53-AC-6(1)
  - NIST-800-53-CM-6(a)
  - PCI-DSS-Req-7.1
  - PCI-DSSv4-2.2
  - PCI-DSSv4-2.2.6
  - configure_strategy
  - file_owner_grub2_cfg
  - low_complexity
  - low_disruption
  - medium_severity
  - no_reboot_needed

- name: Test for existence /boot/grub/grub.cfg
  stat:
    path: /boot/grub/grub.cfg
  register: file_exists
  when:
  - '"/boot/efi" not in ansible_mounts | map(attribute="mount") | list'
  - ( "grub2-common" in ansible_facts.packages and "linux-base" in ansible_facts.packages
    )
  - not ( ansible_virtualization_type in ["docker", "lxc", "openvz", "podman", "container"]
    )
  tags:
  - CJIS-5.5.2.2
  - NIST-800-171-3.4.5
  - NIST-800-53-AC-6(1)
  - NIST-800-53-CM-6(a)
  - PCI-DSS-Req-7.1
  - PCI-DSSv4-2.2
  - PCI-DSSv4-2.2.6
  - configure_strategy
  - file_owner_grub2_cfg
  - low_complexity
  - low_disruption
  - medium_severity
  - no_reboot_needed

- name: Ensure owner 0 on /boot/grub/grub.cfg
  file:
    path: /boot/grub/grub.cfg
    owner: '0'
  when:
  - '"/boot/efi" not in ansible_mounts | map(attribute="mount") | list'
  - ( "grub2-common" in ansible_facts.packages and "linux-base" in ansible_facts.packages
    )
  - not ( ansible_virtualization_type in ["docker", "lxc", "openvz", "podman", "container"]
    )
  - file_exists.stat is defined and file_exists.stat.exists
  tags:
  - CJIS-5.5.2.2
  - NIST-800-171-3.4.5
  - NIST-800-53-AC-6(1)
  - NIST-800-53-CM-6(a)
  - PCI-DSS-Req-7.1
  - PCI-DSSv4-2.2
  - PCI-DSSv4-2.2.6
  - configure_strategy
  - file_owner_grub2_cfg
  - low_complexity
  - low_disruption
  - medium_severity
  - no_reboot_needed
</fix>
          <fix xmlns:xhtml="http://www.w3.org/1999/xhtml" id="file_owner_grub2_cfg" system="urn:xccdf:fix:script:sh" complexity="low" disruption="low" strategy="configure"># Remediation is applicable only in certain platforms
if ( dpkg-query --show --showformat='${db:Status-Status}\n' 'grub2-common' 2&gt;/dev/null | grep -q '^installed' &amp;&amp; dpkg-query --show --showformat='${db:Status-Status}
' 'linux-base' 2&gt;/dev/null | grep -q ^installed ) &amp;&amp; [ ! -d /sys/firmware/efi ] &amp;&amp; { ! ( [ -f /.dockerenv ] || [ -f /run/.containerenv ] ); }; then

chown 0 /boot/grub/grub.cfg

else
    &gt;&amp;2 echo 'Remediation is not applicable, nothing was done'
fi
</fix>
          <check system="http://oval.mitre.org/XMLSchema/oval-definitions-5">
            <check-content-ref name="oval:ssg-file_owner_grub2_cfg:def:1" href="ssg-ubuntu2404-oval.xml"/>
          </check>
          <check system="http://scap.nist.gov/schema/ocil/2">
            <check-content-ref name="ocil:ssg-file_owner_grub2_cfg_ocil:questionnaire:1" href="ssg-ubuntu2404-ocil.xml"/>
          </check>
        </Rule>
        <Rule id="xccdf_org.ssgproject.content_rule_file_permissions_grub2_cfg" selected="false" role="full" severity="medium">
          <title xmlns:xhtml="http://www.w3.org/1999/xhtml" xml:lang="en-US">Verify /boot/grub/grub.cfg Permissions</title>
          <description xmlns:xhtml="http://www.w3.org/1999/xhtml" xml:lang="en-US">File permissions for <html:code xmlns:html="http://www.w3.org/1999/xhtml">/boot/grub/grub.cfg</html:code> should be set to 600.

To properly set the permissions of <html:code xmlns:html="http://www.w3.org/1999/xhtml">/boot/grub/grub.cfg</html:code>, run the command:
<html:pre xmlns:html="http://www.w3.org/1999/xhtml">$ sudo chmod 600 /boot/grub/grub.cfg</html:pre>
       </description>
          <reference href="https://www.cisecurity.org/controls/">12</reference>
          <reference href="https://www.cisecurity.org/controls/">13</reference>
          <reference href="https://www.cisecurity.org/controls/">14</reference>
          <reference href="https://www.cisecurity.org/controls/">15</reference>
          <reference href="https://www.cisecurity.org/controls/">16</reference>
          <reference href="https://www.cisecurity.org/controls/">18</reference>
          <reference href="https://www.cisecurity.org/controls/">3</reference>
          <reference href="https://www.cisecurity.org/controls/">5</reference>
          <reference href="https://www.isaca.org/resources/cobit">APO01.06</reference>
          <reference href="https://www.isaca.org/resources/cobit">DSS05.04</reference>
          <reference href="https://www.isaca.org/resources/cobit">DSS05.07</reference>
          <reference href="https://www.isaca.org/resources/cobit">DSS06.02</reference>
          <reference href="http://nvlpubs.nist.gov/nistpubs/SpecialPublications/NIST.SP.800-171.pdf">3.4.5</reference>
          <reference href="https://public.cyber.mil/stigs/cci/">CCI-000225</reference>
          <reference href="https://www.gpo.gov/fdsys/pkg/CFR-2007-title45-vol1/pdf/CFR-2007-title45-vol1-chapA-subchapC.pdf">164.308(a)(1)(ii)(B)</reference>
          <reference href="https://www.gpo.gov/fdsys/pkg/CFR-2007-title45-vol1/pdf/CFR-2007-title45-vol1-chapA-subchapC.pdf">164.308(a)(7)(i)</reference>
          <reference href="https://www.gpo.gov/fdsys/pkg/CFR-2007-title45-vol1/pdf/CFR-2007-title45-vol1-chapA-subchapC.pdf">164.308(a)(7)(ii)(A)</reference>
          <reference href="https://www.gpo.gov/fdsys/pkg/CFR-2007-title45-vol1/pdf/CFR-2007-title45-vol1-chapA-subchapC.pdf">164.310(a)(1)</reference>
          <reference href="https://www.gpo.gov/fdsys/pkg/CFR-2007-title45-vol1/pdf/CFR-2007-title45-vol1-chapA-subchapC.pdf">164.310(a)(2)(i)</reference>
          <reference href="https://www.gpo.gov/fdsys/pkg/CFR-2007-title45-vol1/pdf/CFR-2007-title45-vol1-chapA-subchapC.pdf">164.310(a)(2)(ii)</reference>
          <reference href="https://www.gpo.gov/fdsys/pkg/CFR-2007-title45-vol1/pdf/CFR-2007-title45-vol1-chapA-subchapC.pdf">164.310(a)(2)(iii)</reference>
          <reference href="https://www.gpo.gov/fdsys/pkg/CFR-2007-title45-vol1/pdf/CFR-2007-title45-vol1-chapA-subchapC.pdf">164.310(b)</reference>
          <reference href="https://www.gpo.gov/fdsys/pkg/CFR-2007-title45-vol1/pdf/CFR-2007-title45-vol1-chapA-subchapC.pdf">164.310(c)</reference>
          <reference href="https://www.gpo.gov/fdsys/pkg/CFR-2007-title45-vol1/pdf/CFR-2007-title45-vol1-chapA-subchapC.pdf">164.310(d)(1)</reference>
          <reference href="https://www.gpo.gov/fdsys/pkg/CFR-2007-title45-vol1/pdf/CFR-2007-title45-vol1-chapA-subchapC.pdf">164.310(d)(2)(iii)</reference>
          <reference href="https://www.isa.org/products/isa-62443-2-1-2009-security-for-industrial-automat">4.3.3.7.3</reference>
          <reference href="https://www.isa.org/products/ansi-isa-62443-3-3-99-03-03-2013-security-for-indu">SR 2.1</reference>
          <reference href="https://www.isa.org/products/ansi-isa-62443-3-3-99-03-03-2013-security-for-indu">SR 5.2</reference>
          <reference href="https://www.iso.org/contents/data/standard/05/45/54534.html">A.10.1.1</reference>
          <reference href="https://www.iso.org/contents/data/standard/05/45/54534.html">A.11.1.4</reference>
          <reference href="https://www.iso.org/contents/data/standard/05/45/54534.html">A.11.1.5</reference>
          <reference href="https://www.iso.org/contents/data/standard/05/45/54534.html">A.11.2.1</reference>
          <reference href="https://www.iso.org/contents/data/standard/05/45/54534.html">A.13.1.1</reference>
          <reference href="https://www.iso.org/contents/data/standard/05/45/54534.html">A.13.1.3</reference>
          <reference href="https://www.iso.org/contents/data/standard/05/45/54534.html">A.13.2.1</reference>
          <reference href="https://www.iso.org/contents/data/standard/05/45/54534.html">A.13.2.3</reference>
          <reference href="https://www.iso.org/contents/data/standard/05/45/54534.html">A.13.2.4</reference>
          <reference href="https://www.iso.org/contents/data/standard/05/45/54534.html">A.14.1.2</reference>
          <reference href="https://www.iso.org/contents/data/standard/05/45/54534.html">A.14.1.3</reference>
          <reference href="https://www.iso.org/contents/data/standard/05/45/54534.html">A.6.1.2</reference>
          <reference href="https://www.iso.org/contents/data/standard/05/45/54534.html">A.7.1.1</reference>
          <reference href="https://www.iso.org/contents/data/standard/05/45/54534.html">A.7.1.2</reference>
          <reference href="https://www.iso.org/contents/data/standard/05/45/54534.html">A.7.3.1</reference>
          <reference href="https://www.iso.org/contents/data/standard/05/45/54534.html">A.8.2.2</reference>
          <reference href="https://www.iso.org/contents/data/standard/05/45/54534.html">A.8.2.3</reference>
          <reference href="https://www.iso.org/contents/data/standard/05/45/54534.html">A.9.1.1</reference>
          <reference href="https://www.iso.org/contents/data/standard/05/45/54534.html">A.9.1.2</reference>
          <reference href="https://www.iso.org/contents/data/standard/05/45/54534.html">A.9.2.3</reference>
          <reference href="https://www.iso.org/contents/data/standard/05/45/54534.html">A.9.4.1</reference>
          <reference href="https://www.iso.org/contents/data/standard/05/45/54534.html">A.9.4.4</reference>
          <reference href="https://www.iso.org/contents/data/standard/05/45/54534.html">A.9.4.5</reference>
          <reference href="http://nvlpubs.nist.gov/nistpubs/SpecialPublications/NIST.SP.800-53r4.pdf">CM-6(a)</reference>
          <reference href="http://nvlpubs.nist.gov/nistpubs/SpecialPublications/NIST.SP.800-53r4.pdf">AC-6(1)</reference>
          <reference href="https://nvlpubs.nist.gov/nistpubs/CSWP/NIST.CSWP.04162018.pdf">PR.AC-4</reference>
          <reference href="https://nvlpubs.nist.gov/nistpubs/CSWP/NIST.CSWP.04162018.pdf">PR.DS-5</reference>
          <reference href="https://cyber.gouv.fr/sites/default/files/document/linux_configuration-en-v2.pdf">R29</reference>
          <reference href="https://www.cisecurity.org/benchmark/ubuntu_linux/">1.4.2</reference>
          <reference href="https://docs-prv.pcisecuritystandards.org/PCI%20DSS/Standard/PCI-DSS-v4_0.pdf">2.2.6</reference>
          <reference href="https://docs-prv.pcisecuritystandards.org/PCI%20DSS/Standard/PCI-DSS-v4_0.pdf">2.2</reference>
          <rationale xmlns:xhtml="http://www.w3.org/1999/xhtml" xml:lang="en-US">Proper permissions ensure that only the root user can modify important boot
parameters.</rationale>
          <platform idref="#not_container"/>
          <fix xmlns:xhtml="http://www.w3.org/1999/xhtml" id="file_permissions_grub2_cfg" system="urn:xccdf:fix:script:ansible" complexity="low" disruption="low" strategy="configure">- name: Gather the package facts
  package_facts:
    manager: auto
  tags:
  - NIST-800-171-3.4.5
  - NIST-800-53-AC-6(1)
  - NIST-800-53-CM-6(a)
  - PCI-DSSv4-2.2
  - PCI-DSSv4-2.2.6
  - configure_strategy
  - file_permissions_grub2_cfg
  - low_complexity
  - low_disruption
  - medium_severity
  - no_reboot_needed

- name: Test for existence /boot/grub/grub.cfg
  stat:
    path: /boot/grub/grub.cfg
  register: file_exists
  when:
  - '"/boot/efi" not in ansible_mounts | map(attribute="mount") | list'
  - ( "grub2-common" in ansible_facts.packages and "linux-base" in ansible_facts.packages
    )
  - not ( ansible_virtualization_type in ["docker", "lxc", "openvz", "podman", "container"]
    )
  tags:
  - NIST-800-171-3.4.5
  - NIST-800-53-AC-6(1)
  - NIST-800-53-CM-6(a)
  - PCI-DSSv4-2.2
  - PCI-DSSv4-2.2.6
  - configure_strategy
  - file_permissions_grub2_cfg
  - low_complexity
  - low_disruption
  - medium_severity
  - no_reboot_needed

- name: Ensure permission u-xs,g-xwrs,o-xwrt on /boot/grub/grub.cfg
  file:
    path: /boot/grub/grub.cfg
    mode: u-xs,g-xwrs,o-xwrt
  when:
  - '"/boot/efi" not in ansible_mounts | map(attribute="mount") | list'
  - ( "grub2-common" in ansible_facts.packages and "linux-base" in ansible_facts.packages
    )
  - not ( ansible_virtualization_type in ["docker", "lxc", "openvz", "podman", "container"]
    )
  - file_exists.stat is defined and file_exists.stat.exists
  tags:
  - NIST-800-171-3.4.5
  - NIST-800-53-AC-6(1)
  - NIST-800-53-CM-6(a)
  - PCI-DSSv4-2.2
  - PCI-DSSv4-2.2.6
  - configure_strategy
  - file_permissions_grub2_cfg
  - low_complexity
  - low_disruption
  - medium_severity
  - no_reboot_needed
</fix>
          <fix xmlns:xhtml="http://www.w3.org/1999/xhtml" id="file_permissions_grub2_cfg" system="urn:xccdf:fix:script:sh" complexity="low" disruption="low" strategy="configure"># Remediation is applicable only in certain platforms
if ( dpkg-query --show --showformat='${db:Status-Status}\n' 'grub2-common' 2&gt;/dev/null | grep -q '^installed' &amp;&amp; dpkg-query --show --showformat='${db:Status-Status}
' 'linux-base' 2&gt;/dev/null | grep -q ^installed ) &amp;&amp; [ ! -d /sys/firmware/efi ] &amp;&amp; { ! ( [ -f /.dockerenv ] || [ -f /run/.containerenv ] ); }; then

chmod u-xs,g-xwrs,o-xwrt /boot/grub/grub.cfg

else
    &gt;&amp;2 echo 'Remediation is not applicable, nothing was done'
fi
</fix>
          <check system="http://oval.mitre.org/XMLSchema/oval-definitions-5">
            <check-content-ref name="oval:ssg-file_permissions_grub2_cfg:def:1" href="ssg-ubuntu2404-oval.xml"/>
          </check>
          <check system="http://scap.nist.gov/schema/ocil/2">
            <check-content-ref name="ocil:ssg-file_permissions_grub2_cfg_ocil:questionnaire:1" href="ssg-ubuntu2404-ocil.xml"/>
          </check>
        </Rule>
        <Rule id="xccdf_org.ssgproject.content_rule_grub2_password" selected="false" role="full" severity="high">
          <title xmlns:xhtml="http://www.w3.org/1999/xhtml" xml:lang="en-US">Set Boot Loader Password in grub2</title>
          <description xmlns:xhtml="http://www.w3.org/1999/xhtml" xml:lang="en-US">The grub2 boot loader should have a superuser account and password
protection enabled to protect boot-time settings.
<html:br xmlns:html="http://www.w3.org/1999/xhtml"/>
        <html:br xmlns:html="http://www.w3.org/1999/xhtml"/>
Since plaintext passwords are a security risk, generate a hash for the password
by running the following command:

<html:pre xmlns:html="http://www.w3.org/1999/xhtml"># grub2-mkpasswd-pbkdf2</html:pre>

When prompted, enter the password that was selected.
<html:br xmlns:html="http://www.w3.org/1999/xhtml"/>
        <html:br xmlns:html="http://www.w3.org/1999/xhtml"/>

Using the hash from the output, modify the <html:code xmlns:html="http://www.w3.org/1999/xhtml">/etc/grub.d/40_custom</html:code>
file with the following content:
<html:pre xmlns:html="http://www.w3.org/1999/xhtml">set superusers="boot"
password_pbkdf2 boot grub.pbkdf2.sha512.VeryLongString
</html:pre>
NOTE: the bootloader superuser account and password MUST differ from the
root account and password.
Once the superuser password has been added,
update the
<html:code xmlns:html="http://www.w3.org/1999/xhtml">grub.cfg</html:code> file by running:
<html:pre xmlns:html="http://www.w3.org/1999/xhtml">update-grub </html:pre>
       </description>
          <warning xmlns:xhtml="http://www.w3.org/1999/xhtml" xml:lang="en-US" category="general">To prevent hard-coded passwords, automatic remediation of this control is not available. Remediation
must be automated as a component of machine provisioning, or followed manually as outlined above.

Also, do NOT manually add the superuser account and password to the
<html:code xmlns:html="http://www.w3.org/1999/xhtml">grub.cfg</html:code> file as the grub2-mkconfig command overwrites this file.</warning>
          <reference href="https://www.cisecurity.org/controls/">1</reference>
          <reference href="https://www.cisecurity.org/controls/">11</reference>
          <reference href="https://www.cisecurity.org/controls/">12</reference>
          <reference href="https://www.cisecurity.org/controls/">14</reference>
          <reference href="https://www.cisecurity.org/controls/">15</reference>
          <reference href="https://www.cisecurity.org/controls/">16</reference>
          <reference href="https://www.cisecurity.org/controls/">18</reference>
          <reference href="https://www.cisecurity.org/controls/">3</reference>
          <reference href="https://www.cisecurity.org/controls/">5</reference>
          <reference href="https://www.isaca.org/resources/cobit">DSS05.02</reference>
          <reference href="https://www.isaca.org/resources/cobit">DSS05.04</reference>
          <reference href="https://www.isaca.org/resources/cobit">DSS05.05</reference>
          <reference href="https://www.isaca.org/resources/cobit">DSS05.07</reference>
          <reference href="https://www.isaca.org/resources/cobit">DSS05.10</reference>
          <reference href="https://www.isaca.org/resources/cobit">DSS06.03</reference>
          <reference href="https://www.isaca.org/resources/cobit">DSS06.06</reference>
          <reference href="https://www.isaca.org/resources/cobit">DSS06.10</reference>
          <reference href="http://nvlpubs.nist.gov/nistpubs/SpecialPublications/NIST.SP.800-171.pdf">3.4.5</reference>
          <reference href="https://public.cyber.mil/stigs/cci/">CCI-000213</reference>
          <reference href="https://www.gpo.gov/fdsys/pkg/CFR-2007-title45-vol1/pdf/CFR-2007-title45-vol1-chapA-subchapC.pdf">164.308(a)(1)(ii)(B)</reference>
          <reference href="https://www.gpo.gov/fdsys/pkg/CFR-2007-title45-vol1/pdf/CFR-2007-title45-vol1-chapA-subchapC.pdf">164.308(a)(7)(i)</reference>
          <reference href="https://www.gpo.gov/fdsys/pkg/CFR-2007-title45-vol1/pdf/CFR-2007-title45-vol1-chapA-subchapC.pdf">164.308(a)(7)(ii)(A)</reference>
          <reference href="https://www.gpo.gov/fdsys/pkg/CFR-2007-title45-vol1/pdf/CFR-2007-title45-vol1-chapA-subchapC.pdf">164.310(a)(1)</reference>
          <reference href="https://www.gpo.gov/fdsys/pkg/CFR-2007-title45-vol1/pdf/CFR-2007-title45-vol1-chapA-subchapC.pdf">164.310(a)(2)(i)</reference>
          <reference href="https://www.gpo.gov/fdsys/pkg/CFR-2007-title45-vol1/pdf/CFR-2007-title45-vol1-chapA-subchapC.pdf">164.310(a)(2)(ii)</reference>
          <reference href="https://www.gpo.gov/fdsys/pkg/CFR-2007-title45-vol1/pdf/CFR-2007-title45-vol1-chapA-subchapC.pdf">164.310(a)(2)(iii)</reference>
          <reference href="https://www.gpo.gov/fdsys/pkg/CFR-2007-title45-vol1/pdf/CFR-2007-title45-vol1-chapA-subchapC.pdf">164.310(b)</reference>
          <reference href="https://www.gpo.gov/fdsys/pkg/CFR-2007-title45-vol1/pdf/CFR-2007-title45-vol1-chapA-subchapC.pdf">164.310(c)</reference>
          <reference href="https://www.gpo.gov/fdsys/pkg/CFR-2007-title45-vol1/pdf/CFR-2007-title45-vol1-chapA-subchapC.pdf">164.310(d)(1)</reference>
          <reference href="https://www.gpo.gov/fdsys/pkg/CFR-2007-title45-vol1/pdf/CFR-2007-title45-vol1-chapA-subchapC.pdf">164.310(d)(2)(iii)</reference>
          <reference href="https://www.isa.org/products/isa-62443-2-1-2009-security-for-industrial-automat">4.3.3.2.2</reference>
          <reference href="https://www.isa.org/products/isa-62443-2-1-2009-security-for-industrial-automat">4.3.3.5.1</reference>
          <reference href="https://www.isa.org/products/isa-62443-2-1-2009-security-for-industrial-automat">4.3.3.5.2</reference>
          <reference href="https://www.isa.org/products/isa-62443-2-1-2009-security-for-industrial-automat">4.3.3.5.3</reference>
          <reference href="https://www.isa.org/products/isa-62443-2-1-2009-security-for-industrial-automat">4.3.3.5.4</reference>
          <reference href="https://www.isa.org/products/isa-62443-2-1-2009-security-for-industrial-automat">4.3.3.5.5</reference>
          <reference href="https://www.isa.org/products/isa-62443-2-1-2009-security-for-industrial-automat">4.3.3.5.6</reference>
          <reference href="https://www.isa.org/products/isa-62443-2-1-2009-security-for-industrial-automat">4.3.3.5.7</reference>
          <reference href="https://www.isa.org/products/isa-62443-2-1-2009-security-for-industrial-automat">4.3.3.5.8</reference>
          <reference href="https://www.isa.org/products/isa-62443-2-1-2009-security-for-industrial-automat">4.3.3.6.1</reference>
          <reference href="https://www.isa.org/products/isa-62443-2-1-2009-security-for-industrial-automat">4.3.3.6.2</reference>
          <reference href="https://www.isa.org/products/isa-62443-2-1-2009-security-for-industrial-automat">4.3.3.6.3</reference>
          <reference href="https://www.isa.org/products/isa-62443-2-1-2009-security-for-industrial-automat">4.3.3.6.4</reference>
          <reference href="https://www.isa.org/products/isa-62443-2-1-2009-security-for-industrial-automat">4.3.3.6.5</reference>
          <reference href="https://www.isa.org/products/isa-62443-2-1-2009-security-for-industrial-automat">4.3.3.6.6</reference>
          <reference href="https://www.isa.org/products/isa-62443-2-1-2009-security-for-industrial-automat">4.3.3.6.7</reference>
          <reference href="https://www.isa.org/products/isa-62443-2-1-2009-security-for-industrial-automat">4.3.3.6.8</reference>
          <reference href="https://www.isa.org/products/isa-62443-2-1-2009-security-for-industrial-automat">4.3.3.6.9</reference>
          <reference href="https://www.isa.org/products/isa-62443-2-1-2009-security-for-industrial-automat">4.3.3.7.1</reference>
          <reference href="https://www.isa.org/products/isa-62443-2-1-2009-security-for-industrial-automat">4.3.3.7.2</reference>
          <reference href="https://www.isa.org/products/isa-62443-2-1-2009-security-for-industrial-automat">4.3.3.7.3</reference>
          <reference href="https://www.isa.org/products/isa-62443-2-1-2009-security-for-industrial-automat">4.3.3.7.4</reference>
          <reference href="https://www.isa.org/products/ansi-isa-62443-3-3-99-03-03-2013-security-for-indu">SR 1.1</reference>
          <reference href="https://www.isa.org/products/ansi-isa-62443-3-3-99-03-03-2013-security-for-indu">SR 1.10</reference>
          <reference href="https://www.isa.org/products/ansi-isa-62443-3-3-99-03-03-2013-security-for-indu">SR 1.11</reference>
          <reference href="https://www.isa.org/products/ansi-isa-62443-3-3-99-03-03-2013-security-for-indu">SR 1.12</reference>
          <reference href="https://www.isa.org/products/ansi-isa-62443-3-3-99-03-03-2013-security-for-indu">SR 1.13</reference>
          <reference href="https://www.isa.org/products/ansi-isa-62443-3-3-99-03-03-2013-security-for-indu">SR 1.2</reference>
          <reference href="https://www.isa.org/products/ansi-isa-62443-3-3-99-03-03-2013-security-for-indu">SR 1.3</reference>
          <reference href="https://www.isa.org/products/ansi-isa-62443-3-3-99-03-03-2013-security-for-indu">SR 1.4</reference>
          <reference href="https://www.isa.org/products/ansi-isa-62443-3-3-99-03-03-2013-security-for-indu">SR 1.5</reference>
          <reference href="https://www.isa.org/products/ansi-isa-62443-3-3-99-03-03-2013-security-for-indu">SR 1.6</reference>
          <reference href="https://www.isa.org/products/ansi-isa-62443-3-3-99-03-03-2013-security-for-indu">SR 1.7</reference>
          <reference href="https://www.isa.org/products/ansi-isa-62443-3-3-99-03-03-2013-security-for-indu">SR 1.8</reference>
          <reference href="https://www.isa.org/products/ansi-isa-62443-3-3-99-03-03-2013-security-for-indu">SR 1.9</reference>
          <reference href="https://www.isa.org/products/ansi-isa-62443-3-3-99-03-03-2013-security-for-indu">SR 2.1</reference>
          <reference href="https://www.isa.org/products/ansi-isa-62443-3-3-99-03-03-2013-security-for-indu">SR 2.2</reference>
          <reference href="https://www.isa.org/products/ansi-isa-62443-3-3-99-03-03-2013-security-for-indu">SR 2.3</reference>
          <reference href="https://www.isa.org/products/ansi-isa-62443-3-3-99-03-03-2013-security-for-indu">SR 2.4</reference>
          <reference href="https://www.isa.org/products/ansi-isa-62443-3-3-99-03-03-2013-security-for-indu">SR 2.5</reference>
          <reference href="https://www.isa.org/products/ansi-isa-62443-3-3-99-03-03-2013-security-for-indu">SR 2.6</reference>
          <reference href="https://www.isa.org/products/ansi-isa-62443-3-3-99-03-03-2013-security-for-indu">SR 2.7</reference>
          <reference href="https://www.iso.org/contents/data/standard/05/45/54534.html">A.18.1.4</reference>
          <reference href="https://www.iso.org/contents/data/standard/05/45/54534.html">A.6.1.2</reference>
          <reference href="https://www.iso.org/contents/data/standard/05/45/54534.html">A.7.1.1</reference>
          <reference href="https://www.iso.org/contents/data/standard/05/45/54534.html">A.9.1.2</reference>
          <reference href="https://www.iso.org/contents/data/standard/05/45/54534.html">A.9.2.1</reference>
          <reference href="https://www.iso.org/contents/data/standard/05/45/54534.html">A.9.2.2</reference>
          <reference href="https://www.iso.org/contents/data/standard/05/45/54534.html">A.9.2.3</reference>
          <reference href="https://www.iso.org/contents/data/standard/05/45/54534.html">A.9.2.4</reference>
          <reference href="https://www.iso.org/contents/data/standard/05/45/54534.html">A.9.2.6</reference>
          <reference href="https://www.iso.org/contents/data/standard/05/45/54534.html">A.9.3.1</reference>
          <reference href="https://www.iso.org/contents/data/standard/05/45/54534.html">A.9.4.1</reference>
          <reference href="https://www.iso.org/contents/data/standard/05/45/54534.html">A.9.4.2</reference>
          <reference href="https://www.iso.org/contents/data/standard/05/45/54534.html">A.9.4.3</reference>
          <reference href="https://www.iso.org/contents/data/standard/05/45/54534.html">A.9.4.4</reference>
          <reference href="https://www.iso.org/contents/data/standard/05/45/54534.html">A.9.4.5</reference>
          <reference href="http://nvlpubs.nist.gov/nistpubs/SpecialPublications/NIST.SP.800-53r4.pdf">CM-6(a)</reference>
          <reference href="https://nvlpubs.nist.gov/nistpubs/CSWP/NIST.CSWP.04162018.pdf">PR.AC-1</reference>
          <reference href="https://nvlpubs.nist.gov/nistpubs/CSWP/NIST.CSWP.04162018.pdf">PR.AC-4</reference>
          <reference href="https://nvlpubs.nist.gov/nistpubs/CSWP/NIST.CSWP.04162018.pdf">PR.AC-6</reference>
          <reference href="https://nvlpubs.nist.gov/nistpubs/CSWP/NIST.CSWP.04162018.pdf">PR.AC-7</reference>
          <reference href="https://nvlpubs.nist.gov/nistpubs/CSWP/NIST.CSWP.04162018.pdf">PR.PT-3</reference>
          <reference href="https://public.cyber.mil/stigs/downloads/?_dl_facet_stigs=operating-systems%2Cgeneral-purpose-os">SRG-OS-000080-GPOS-00048</reference>
          <reference href="https://cyber.gouv.fr/sites/default/files/document/linux_configuration-en-v2.pdf">R5</reference>
          <reference href="https://www.cisecurity.org/benchmark/ubuntu_linux/">1.4.1</reference>
          <rationale xmlns:xhtml="http://www.w3.org/1999/xhtml" xml:lang="en-US">Password protection on the boot loader configuration ensures
users with physical access cannot trivially alter
important bootloader settings. These include which kernel to use,
and whether to enter single-user mode.</rationale>
          <check system="http://oval.mitre.org/XMLSchema/oval-definitions-5">
            <check-content-ref name="oval:ssg-grub2_password:def:1" href="ssg-ubuntu2404-oval.xml"/>
          </check>
          <check system="http://scap.nist.gov/schema/ocil/2">
            <check-content-ref name="ocil:ssg-grub2_password_ocil:questionnaire:1" href="ssg-ubuntu2404-ocil.xml"/>
          </check>
        </Rule>
      </Group>
      <Group id="xccdf_org.ssgproject.content_group_uefi">
        <title xmlns:xhtml="http://www.w3.org/1999/xhtml" xml:lang="en-US">UEFI GRUB2 bootloader configuration</title>
        <description xmlns:xhtml="http://www.w3.org/1999/xhtml" xml:lang="en-US">UEFI GRUB2 bootloader configuration</description>
        <warning xmlns:xhtml="http://www.w3.org/1999/xhtml" xml:lang="en-US" category="functionality">UEFI generally uses vfat file systems, which does not support Unix-style permissions
managed by chmod command. In this case, in order to change file permissions for files
within /boot/efi it is necessary to update the mount options in /etc/fstab file and
reboot the system.</warning>
        <platform idref="#uefi"/>
        <Rule id="xccdf_org.ssgproject.content_rule_grub2_uefi_password" selected="false" role="full" severity="high">
          <title xmlns:xhtml="http://www.w3.org/1999/xhtml" xml:lang="en-US">Set the UEFI Boot Loader Password</title>
          <description xmlns:xhtml="http://www.w3.org/1999/xhtml" xml:lang="en-US">The grub2 boot loader should have a superuser account and password
protection enabled to protect boot-time settings.
<html:br xmlns:html="http://www.w3.org/1999/xhtml"/>
        <html:br xmlns:html="http://www.w3.org/1999/xhtml"/>
Since plaintext passwords are a security risk, generate a hash for the password
by running the following command:

<html:pre xmlns:html="http://www.w3.org/1999/xhtml"># grub2-mkpasswd-pbkdf2</html:pre>

When prompted, enter the password that was selected.
<html:br xmlns:html="http://www.w3.org/1999/xhtml"/>
        <html:br xmlns:html="http://www.w3.org/1999/xhtml"/>

Using the hash from the output, modify the <html:code xmlns:html="http://www.w3.org/1999/xhtml">/etc/grub.d/40_custom</html:code>
file with the following content:
<html:pre xmlns:html="http://www.w3.org/1999/xhtml">set superusers="boot"
password_pbkdf2 boot grub.pbkdf2.sha512.VeryLongString
</html:pre>
NOTE: the bootloader superuser account and password MUST differ from the
root account and password.
Once the superuser password has been added,
update the
<html:code xmlns:html="http://www.w3.org/1999/xhtml">grub.cfg</html:code> file by running:
<html:pre xmlns:html="http://www.w3.org/1999/xhtml">update-grub </html:pre>
       </description>
          <warning xmlns:xhtml="http://www.w3.org/1999/xhtml" xml:lang="en-US" category="general">To prevent hard-coded passwords, automatic remediation of this control is not available. Remediation
must be automated as a component of machine provisioning, or followed manually as outlined above.

Also, do NOT manually add the superuser account and password to the
<html:code xmlns:html="http://www.w3.org/1999/xhtml">grub.cfg</html:code> file as the grub2-mkconfig command overwrites this file.</warning>
          <reference href="https://www.cisecurity.org/controls/">11</reference>
          <reference href="https://www.cisecurity.org/controls/">12</reference>
          <reference href="https://www.cisecurity.org/controls/">14</reference>
          <reference href="https://www.cisecurity.org/controls/">15</reference>
          <reference href="https://www.cisecurity.org/controls/">16</reference>
          <reference href="https://www.cisecurity.org/controls/">18</reference>
          <reference href="https://www.cisecurity.org/controls/">3</reference>
          <reference href="https://www.cisecurity.org/controls/">5</reference>
          <reference href="https://www.isaca.org/resources/cobit">DSS05.02</reference>
          <reference href="https://www.isaca.org/resources/cobit">DSS05.04</reference>
          <reference href="https://www.isaca.org/resources/cobit">DSS05.05</reference>
          <reference href="https://www.isaca.org/resources/cobit">DSS05.07</reference>
          <reference href="https://www.isaca.org/resources/cobit">DSS06.03</reference>
          <reference href="https://www.isaca.org/resources/cobit">DSS06.06</reference>
          <reference href="http://nvlpubs.nist.gov/nistpubs/SpecialPublications/NIST.SP.800-171.pdf">3.4.5</reference>
          <reference href="https://public.cyber.mil/stigs/cci/">CCI-000213</reference>
          <reference href="https://www.gpo.gov/fdsys/pkg/CFR-2007-title45-vol1/pdf/CFR-2007-title45-vol1-chapA-subchapC.pdf">164.308(a)(1)(ii)(B)</reference>
          <reference href="https://www.gpo.gov/fdsys/pkg/CFR-2007-title45-vol1/pdf/CFR-2007-title45-vol1-chapA-subchapC.pdf">164.308(a)(7)(i)</reference>
          <reference href="https://www.gpo.gov/fdsys/pkg/CFR-2007-title45-vol1/pdf/CFR-2007-title45-vol1-chapA-subchapC.pdf">164.308(a)(7)(ii)(A)</reference>
          <reference href="https://www.gpo.gov/fdsys/pkg/CFR-2007-title45-vol1/pdf/CFR-2007-title45-vol1-chapA-subchapC.pdf">164.310(a)(1)</reference>
          <reference href="https://www.gpo.gov/fdsys/pkg/CFR-2007-title45-vol1/pdf/CFR-2007-title45-vol1-chapA-subchapC.pdf">164.310(a)(2)(i)</reference>
          <reference href="https://www.gpo.gov/fdsys/pkg/CFR-2007-title45-vol1/pdf/CFR-2007-title45-vol1-chapA-subchapC.pdf">164.310(a)(2)(ii)</reference>
          <reference href="https://www.gpo.gov/fdsys/pkg/CFR-2007-title45-vol1/pdf/CFR-2007-title45-vol1-chapA-subchapC.pdf">164.310(a)(2)(iii)</reference>
          <reference href="https://www.gpo.gov/fdsys/pkg/CFR-2007-title45-vol1/pdf/CFR-2007-title45-vol1-chapA-subchapC.pdf">164.310(b)</reference>
          <reference href="https://www.gpo.gov/fdsys/pkg/CFR-2007-title45-vol1/pdf/CFR-2007-title45-vol1-chapA-subchapC.pdf">164.310(c)</reference>
          <reference href="https://www.gpo.gov/fdsys/pkg/CFR-2007-title45-vol1/pdf/CFR-2007-title45-vol1-chapA-subchapC.pdf">164.310(d)(1)</reference>
          <reference href="https://www.gpo.gov/fdsys/pkg/CFR-2007-title45-vol1/pdf/CFR-2007-title45-vol1-chapA-subchapC.pdf">164.310(d)(2)(iii)</reference>
          <reference href="https://www.isa.org/products/isa-62443-2-1-2009-security-for-industrial-automat">4.3.3.2.2</reference>
          <reference href="https://www.isa.org/products/isa-62443-2-1-2009-security-for-industrial-automat">4.3.3.5.1</reference>
          <reference href="https://www.isa.org/products/isa-62443-2-1-2009-security-for-industrial-automat">4.3.3.5.2</reference>
          <reference href="https://www.isa.org/products/isa-62443-2-1-2009-security-for-industrial-automat">4.3.3.5.3</reference>
          <reference href="https://www.isa.org/products/isa-62443-2-1-2009-security-for-industrial-automat">4.3.3.5.4</reference>
          <reference href="https://www.isa.org/products/isa-62443-2-1-2009-security-for-industrial-automat">4.3.3.5.5</reference>
          <reference href="https://www.isa.org/products/isa-62443-2-1-2009-security-for-industrial-automat">4.3.3.5.6</reference>
          <reference href="https://www.isa.org/products/isa-62443-2-1-2009-security-for-industrial-automat">4.3.3.5.7</reference>
          <reference href="https://www.isa.org/products/isa-62443-2-1-2009-security-for-industrial-automat">4.3.3.5.8</reference>
          <reference href="https://www.isa.org/products/isa-62443-2-1-2009-security-for-industrial-automat">4.3.3.6.1</reference>
          <reference href="https://www.isa.org/products/isa-62443-2-1-2009-security-for-industrial-automat">4.3.3.6.2</reference>
          <reference href="https://www.isa.org/products/isa-62443-2-1-2009-security-for-industrial-automat">4.3.3.6.3</reference>
          <reference href="https://www.isa.org/products/isa-62443-2-1-2009-security-for-industrial-automat">4.3.3.6.4</reference>
          <reference href="https://www.isa.org/products/isa-62443-2-1-2009-security-for-industrial-automat">4.3.3.6.5</reference>
          <reference href="https://www.isa.org/products/isa-62443-2-1-2009-security-for-industrial-automat">4.3.3.6.6</reference>
          <reference href="https://www.isa.org/products/isa-62443-2-1-2009-security-for-industrial-automat">4.3.3.6.7</reference>
          <reference href="https://www.isa.org/products/isa-62443-2-1-2009-security-for-industrial-automat">4.3.3.6.8</reference>
          <reference href="https://www.isa.org/products/isa-62443-2-1-2009-security-for-industrial-automat">4.3.3.6.9</reference>
          <reference href="https://www.isa.org/products/isa-62443-2-1-2009-security-for-industrial-automat">4.3.3.7.1</reference>
          <reference href="https://www.isa.org/products/isa-62443-2-1-2009-security-for-industrial-automat">4.3.3.7.2</reference>
          <reference href="https://www.isa.org/products/isa-62443-2-1-2009-security-for-industrial-automat">4.3.3.7.3</reference>
          <reference href="https://www.isa.org/products/isa-62443-2-1-2009-security-for-industrial-automat">4.3.3.7.4</reference>
          <reference href="https://www.isa.org/products/ansi-isa-62443-3-3-99-03-03-2013-security-for-indu">SR 1.1</reference>
          <reference href="https://www.isa.org/products/ansi-isa-62443-3-3-99-03-03-2013-security-for-indu">SR 1.10</reference>
          <reference href="https://www.isa.org/products/ansi-isa-62443-3-3-99-03-03-2013-security-for-indu">SR 1.11</reference>
          <reference href="https://www.isa.org/products/ansi-isa-62443-3-3-99-03-03-2013-security-for-indu">SR 1.12</reference>
          <reference href="https://www.isa.org/products/ansi-isa-62443-3-3-99-03-03-2013-security-for-indu">SR 1.13</reference>
          <reference href="https://www.isa.org/products/ansi-isa-62443-3-3-99-03-03-2013-security-for-indu">SR 1.2</reference>
          <reference href="https://www.isa.org/products/ansi-isa-62443-3-3-99-03-03-2013-security-for-indu">SR 1.3</reference>
          <reference href="https://www.isa.org/products/ansi-isa-62443-3-3-99-03-03-2013-security-for-indu">SR 1.4</reference>
          <reference href="https://www.isa.org/products/ansi-isa-62443-3-3-99-03-03-2013-security-for-indu">SR 1.5</reference>
          <reference href="https://www.isa.org/products/ansi-isa-62443-3-3-99-03-03-2013-security-for-indu">SR 1.6</reference>
          <reference href="https://www.isa.org/products/ansi-isa-62443-3-3-99-03-03-2013-security-for-indu">SR 1.7</reference>
          <reference href="https://www.isa.org/products/ansi-isa-62443-3-3-99-03-03-2013-security-for-indu">SR 1.8</reference>
          <reference href="https://www.isa.org/products/ansi-isa-62443-3-3-99-03-03-2013-security-for-indu">SR 1.9</reference>
          <reference href="https://www.isa.org/products/ansi-isa-62443-3-3-99-03-03-2013-security-for-indu">SR 2.1</reference>
          <reference href="https://www.isa.org/products/ansi-isa-62443-3-3-99-03-03-2013-security-for-indu">SR 2.2</reference>
          <reference href="https://www.isa.org/products/ansi-isa-62443-3-3-99-03-03-2013-security-for-indu">SR 2.3</reference>
          <reference href="https://www.isa.org/products/ansi-isa-62443-3-3-99-03-03-2013-security-for-indu">SR 2.4</reference>
          <reference href="https://www.isa.org/products/ansi-isa-62443-3-3-99-03-03-2013-security-for-indu">SR 2.5</reference>
          <reference href="https://www.isa.org/products/ansi-isa-62443-3-3-99-03-03-2013-security-for-indu">SR 2.6</reference>
          <reference href="https://www.isa.org/products/ansi-isa-62443-3-3-99-03-03-2013-security-for-indu">SR 2.7</reference>
          <reference href="https://www.iso.org/contents/data/standard/05/45/54534.html">A.6.1.2</reference>
          <reference href="https://www.iso.org/contents/data/standard/05/45/54534.html">A.7.1.1</reference>
          <reference href="https://www.iso.org/contents/data/standard/05/45/54534.html">A.9.1.2</reference>
          <reference href="https://www.iso.org/contents/data/standard/05/45/54534.html">A.9.2.1</reference>
          <reference href="https://www.iso.org/contents/data/standard/05/45/54534.html">A.9.2.3</reference>
          <reference href="https://www.iso.org/contents/data/standard/05/45/54534.html">A.9.4.1</reference>
          <reference href="https://www.iso.org/contents/data/standard/05/45/54534.html">A.9.4.4</reference>
          <reference href="https://www.iso.org/contents/data/standard/05/45/54534.html">A.9.4.5</reference>
          <reference href="http://nvlpubs.nist.gov/nistpubs/SpecialPublications/NIST.SP.800-53r4.pdf">CM-6(a)</reference>
          <reference href="https://nvlpubs.nist.gov/nistpubs/CSWP/NIST.CSWP.04162018.pdf">PR.AC-4</reference>
          <reference href="https://nvlpubs.nist.gov/nistpubs/CSWP/NIST.CSWP.04162018.pdf">PR.AC-6</reference>
          <reference href="https://nvlpubs.nist.gov/nistpubs/CSWP/NIST.CSWP.04162018.pdf">PR.PT-3</reference>
          <reference href="https://www.niap-ccevs.org/Profile/PP.cfm">FIA_UAU.1</reference>
          <reference href="https://public.cyber.mil/stigs/downloads/?_dl_facet_stigs=operating-systems%2Cgeneral-purpose-os">SRG-OS-000080-GPOS-00048</reference>
          <reference href="https://cyber.gouv.fr/sites/default/files/document/linux_configuration-en-v2.pdf">R5</reference>
          <reference href="https://www.cisecurity.org/benchmark/ubuntu_linux/">1.4.1</reference>
          <rationale xmlns:xhtml="http://www.w3.org/1999/xhtml" xml:lang="en-US">Password protection on the boot loader configuration ensures
users with physical access cannot trivially alter
important bootloader settings. These include which kernel to use,
and whether to enter single-user mode.</rationale>
          <check system="http://oval.mitre.org/XMLSchema/oval-definitions-5">
            <check-content-ref name="oval:ssg-grub2_uefi_password:def:1" href="ssg-ubuntu2404-oval.xml"/>
          </check>
          <check system="http://scap.nist.gov/schema/ocil/2">
            <check-content-ref name="ocil:ssg-grub2_uefi_password_ocil:questionnaire:1" href="ssg-ubuntu2404-ocil.xml"/>
          </check>
        </Rule>
      </Group>
    </Group>
    <Group id="xccdf_org.ssgproject.content_group_bootloader-zipl">
      <title xmlns:xhtml="http://www.w3.org/1999/xhtml" xml:lang="en-US">zIPL bootloader configuration</title>
      <description xmlns:xhtml="http://www.w3.org/1999/xhtml" xml:lang="en-US">During the boot process, the bootloader is
responsible for starting the execution of the kernel and passing
options to it.
The default Ubuntu 24.04 boot loader for s390x systems is called zIPL.</description>
      <platform idref="#s390x_arch"/>
      <Rule id="xccdf_org.ssgproject.content_rule_zipl_audit_argument" selected="false" role="full" severity="medium">
        <title xmlns:xhtml="http://www.w3.org/1999/xhtml" xml:lang="en-US">Enable Auditing to Start Prior to the Audit Daemon in zIPL</title>
        <description xmlns:xhtml="http://www.w3.org/1999/xhtml" xml:lang="en-US">To ensure all processes can be audited, even those which start prior to the audit daemon,
check that all boot entries in <html:code xmlns:html="http://www.w3.org/1999/xhtml">/boot/loader/entries/*.conf</html:code> have <html:code xmlns:html="http://www.w3.org/1999/xhtml">audit=1</html:code>
included in its options.<html:br xmlns:html="http://www.w3.org/1999/xhtml"/>

To ensure that new kernels and boot entries continue to enable audit,
add <html:code xmlns:html="http://www.w3.org/1999/xhtml">audit=1</html:code> to <html:code xmlns:html="http://www.w3.org/1999/xhtml">/etc/kernel/cmdline</html:code>.</description>
        <reference href="https://www.niap-ccevs.org/Profile/PP.cfm">FAU_GEN.1</reference>
        <reference href="https://www.cisecurity.org/benchmark/ubuntu_linux/">6.2.1.3</reference>
        <rationale xmlns:xhtml="http://www.w3.org/1999/xhtml" xml:lang="en-US">Each process on the system carries an "auditable" flag which indicates whether
its activities can be audited. Although <html:code xmlns:html="http://www.w3.org/1999/xhtml">auditd</html:code> takes care of enabling
this for all processes which launch after it does, adding the kernel argument
ensures it is set for every process during boot.</rationale>
        <platform idref="#machine"/>
        <check system="http://oval.mitre.org/XMLSchema/oval-definitions-5">
          <check-content-ref name="oval:ssg-zipl_audit_argument:def:1" href="ssg-ubuntu2404-oval.xml"/>
        </check>
        <check system="http://scap.nist.gov/schema/ocil/2">
          <check-content-ref name="ocil:ssg-zipl_audit_argument_ocil:questionnaire:1" href="ssg-ubuntu2404-ocil.xml"/>
        </check>
      </Rule>
      <Rule id="xccdf_org.ssgproject.content_rule_zipl_audit_backlog_limit_argument" selected="false" role="full" severity="medium">
        <title xmlns:xhtml="http://www.w3.org/1999/xhtml" xml:lang="en-US">Extend Audit Backlog Limit for the Audit Daemon in zIPL</title>
        <description xmlns:xhtml="http://www.w3.org/1999/xhtml" xml:lang="en-US">To improve the kernel capacity to queue all log events, even those which start prior to the audit daemon,
check that all boot entries in <html:code xmlns:html="http://www.w3.org/1999/xhtml">/boot/loader/entries/*.conf</html:code> have <html:code xmlns:html="http://www.w3.org/1999/xhtml">audit_backlog_limit=8192</html:code>
included in its options.<html:br xmlns:html="http://www.w3.org/1999/xhtml"/>
To ensure that new kernels and boot entries continue to extend the audit log events queue,
add <html:code xmlns:html="http://www.w3.org/1999/xhtml">audit_backlog_limit=8192</html:code> to <html:code xmlns:html="http://www.w3.org/1999/xhtml">/etc/kernel/cmdline</html:code>.</description>
        <reference href="https://www.niap-ccevs.org/Profile/PP.cfm">FAU_STG.1</reference>
        <reference href="https://www.niap-ccevs.org/Profile/PP.cfm">FAU_STG.3</reference>
        <reference href="https://www.cisecurity.org/benchmark/ubuntu_linux/">6.2.1.4</reference>
        <rationale xmlns:xhtml="http://www.w3.org/1999/xhtml" xml:lang="en-US">audit_backlog_limit sets the queue length for audit events awaiting transfer
to the audit daemon. Until the audit daemon is up and running, all log messages
are stored in this queue.  If the queue is overrun during boot process, the action
defined by audit failure flag is taken.</rationale>
        <platform idref="#machine"/>
        <check system="http://oval.mitre.org/XMLSchema/oval-definitions-5">
          <check-content-ref name="oval:ssg-zipl_audit_backlog_limit_argument:def:1" href="ssg-ubuntu2404-oval.xml"/>
        </check>
        <check system="http://scap.nist.gov/schema/ocil/2">
          <check-content-ref name="ocil:ssg-zipl_audit_backlog_limit_argument_ocil:questionnaire:1" href="ssg-ubuntu2404-ocil.xml"/>
        </check>
      </Rule>
    </Group>
    <Group id="xccdf_org.ssgproject.content_group_logging">
      <title xmlns:xhtml="http://www.w3.org/1999/xhtml" xml:lang="en-US">Configure Syslog</title>
      <description xmlns:xhtml="http://www.w3.org/1999/xhtml" xml:lang="en-US">The syslog service has been the default Unix logging mechanism for
many years. It has a number of downsides, including inconsistent log format,
lack of authentication for received messages, and lack of authentication,
encryption, or reliable transport for messages sent over a network. However,
due to its long history, syslog is a de facto standard which is supported by
almost all Unix applications.
<html:br xmlns:html="http://www.w3.org/1999/xhtml"/>
      <html:br xmlns:html="http://www.w3.org/1999/xhtml"/>
In Ubuntu 24.04, rsyslog has replaced ksyslogd as the
syslog daemon of choice, and it includes some additional security features
such as reliable, connection-oriented (i.e. TCP) transmission of logs, the
option to log to database formats, and the encryption of log data en route to
a central logging server.
This section discusses how to configure rsyslog for
best effect, and how to use tools provided with the system to maintain and
monitor logs.</description>
      <platform idref="#system_with_kernel"/>
      <Rule id="xccdf_org.ssgproject.content_rule_package_rsyslog_installed" selected="false" role="full" severity="medium">
        <title xmlns:xhtml="http://www.w3.org/1999/xhtml" xml:lang="en-US">Ensure rsyslog is Installed</title>
        <description xmlns:xhtml="http://www.w3.org/1999/xhtml" xml:lang="en-US">Rsyslog is installed by default. The <html:code xmlns:html="http://www.w3.org/1999/xhtml">rsyslog</html:code> package can be installed with the following command: <html:pre xmlns:html="http://www.w3.org/1999/xhtml"> $ apt-get install rsyslog</html:pre>
      </description>
        <reference href="https://www.cisecurity.org/controls/">1</reference>
        <reference href="https://www.cisecurity.org/controls/">14</reference>
        <reference href="https://www.cisecurity.org/controls/">15</reference>
        <reference href="https://www.cisecurity.org/controls/">16</reference>
        <reference href="https://www.cisecurity.org/controls/">3</reference>
        <reference href="https://www.cisecurity.org/controls/">5</reference>
        <reference href="https://www.cisecurity.org/controls/">6</reference>
        <reference href="https://www.isaca.org/resources/cobit">APO11.04</reference>
        <reference href="https://www.isaca.org/resources/cobit">BAI03.05</reference>
        <reference href="https://www.isaca.org/resources/cobit">DSS05.04</reference>
        <reference href="https://www.isaca.org/resources/cobit">DSS05.07</reference>
        <reference href="https://www.isaca.org/resources/cobit">MEA02.01</reference>
        <reference href="https://public.cyber.mil/stigs/cci/">CCI-000366</reference>
        <reference href="https://public.cyber.mil/stigs/cci/">CCI-000154</reference>
        <reference href="https://public.cyber.mil/stigs/cci/">CCI-001851</reference>
        <reference href="https://www.gpo.gov/fdsys/pkg/CFR-2007-title45-vol1/pdf/CFR-2007-title45-vol1-chapA-subchapC.pdf">164.312(a)(2)(ii)</reference>
        <reference href="https://www.isa.org/products/isa-62443-2-1-2009-security-for-industrial-automat">4.3.3.3.9</reference>
        <reference href="https://www.isa.org/products/isa-62443-2-1-2009-security-for-industrial-automat">4.3.3.5.8</reference>
        <reference href="https://www.isa.org/products/isa-62443-2-1-2009-security-for-industrial-automat">4.3.4.4.7</reference>
        <reference href="https://www.isa.org/products/isa-62443-2-1-2009-security-for-industrial-automat">4.4.2.1</reference>
        <reference href="https://www.isa.org/products/isa-62443-2-1-2009-security-for-industrial-automat">4.4.2.2</reference>
        <reference href="https://www.isa.org/products/isa-62443-2-1-2009-security-for-industrial-automat">4.4.2.4</reference>
        <reference href="https://www.isa.org/products/ansi-isa-62443-3-3-99-03-03-2013-security-for-indu">SR 2.10</reference>
        <reference href="https://www.isa.org/products/ansi-isa-62443-3-3-99-03-03-2013-security-for-indu">SR 2.11</reference>
        <reference href="https://www.isa.org/products/ansi-isa-62443-3-3-99-03-03-2013-security-for-indu">SR 2.12</reference>
        <reference href="https://www.isa.org/products/ansi-isa-62443-3-3-99-03-03-2013-security-for-indu">SR 2.8</reference>
        <reference href="https://www.isa.org/products/ansi-isa-62443-3-3-99-03-03-2013-security-for-indu">SR 2.9</reference>
        <reference href="https://www.iso.org/contents/data/standard/05/45/54534.html">A.12.4.1</reference>
        <reference href="https://www.iso.org/contents/data/standard/05/45/54534.html">A.12.4.2</reference>
        <reference href="https://www.iso.org/contents/data/standard/05/45/54534.html">A.12.4.3</reference>
        <reference href="https://www.iso.org/contents/data/standard/05/45/54534.html">A.12.4.4</reference>
        <reference href="https://www.iso.org/contents/data/standard/05/45/54534.html">A.12.7.1</reference>
        <reference href="http://nvlpubs.nist.gov/nistpubs/SpecialPublications/NIST.SP.800-53r4.pdf">CM-6(a)</reference>
        <reference href="https://nvlpubs.nist.gov/nistpubs/CSWP/NIST.CSWP.04162018.pdf">PR.PT-1</reference>
        <reference href="https://public.cyber.mil/stigs/downloads/?_dl_facet_stigs=operating-systems%2Cgeneral-purpose-os">SRG-OS-000479-GPOS-00224</reference>
        <reference href="https://public.cyber.mil/stigs/downloads/?_dl_facet_stigs=operating-systems%2Cgeneral-purpose-os">SRG-OS-000051-GPOS-00024</reference>
        <reference href="https://public.cyber.mil/stigs/downloads/?_dl_facet_stigs=operating-systems%2Cgeneral-purpose-os">SRG-OS-000480-GPOS-00227</reference>
        <reference href="https://www.cisecurity.org/benchmark/ubuntu_linux/">6.1.3.1</reference>
        <rationale xmlns:xhtml="http://www.w3.org/1999/xhtml" xml:lang="en-US">The rsyslog package provides the rsyslog daemon, which provides
system logging services.</rationale>
        <fix xmlns:xhtml="http://www.w3.org/1999/xhtml" id="package_rsyslog_installed" system="urn:redhat:osbuild:blueprint">
[[packages]]
name = "rsyslog"
version = "*"
</fix>
        <fix xmlns:xhtml="http://www.w3.org/1999/xhtml" id="package_rsyslog_installed" system="urn:xccdf:fix:script:puppet" complexity="low" disruption="low" strategy="enable">include install_rsyslog

class install_rsyslog {
  package { 'rsyslog':
    ensure =&gt; 'installed',
  }
}
</fix>
        <fix xmlns:xhtml="http://www.w3.org/1999/xhtml" id="package_rsyslog_installed" system="urn:xccdf:fix:script:ansible" complexity="low" disruption="low" strategy="enable">- name: Gather the package facts
  package_facts:
    manager: auto
  tags:
  - NIST-800-53-CM-6(a)
  - enable_strategy
  - low_complexity
  - low_disruption
  - medium_severity
  - no_reboot_needed
  - package_rsyslog_installed

- name: Ensure rsyslog is installed
  package:
    name: rsyslog
    state: present
  when: '"linux-base" in ansible_facts.packages'
  tags:
  - NIST-800-53-CM-6(a)
  - enable_strategy
  - low_complexity
  - low_disruption
  - medium_severity
  - no_reboot_needed
  - package_rsyslog_installed
</fix>
        <fix xmlns:xhtml="http://www.w3.org/1999/xhtml" id="package_rsyslog_installed" system="urn:xccdf:fix:script:sh" complexity="low" disruption="low" strategy="enable"># Remediation is applicable only in certain platforms
if dpkg-query --show --showformat='${db:Status-Status}
' 'linux-base' 2&gt;/dev/null | grep -q ^installed; then

DEBIAN_FRONTEND=noninteractive apt-get install -y "rsyslog"

else
    &gt;&amp;2 echo 'Remediation is not applicable, nothing was done'
fi
</fix>
        <check system="http://oval.mitre.org/XMLSchema/oval-definitions-5">
          <check-content-ref name="oval:ssg-package_rsyslog_installed:def:1" href="ssg-ubuntu2404-oval.xml"/>
        </check>
        <check system="http://scap.nist.gov/schema/ocil/2">
          <check-content-ref name="ocil:ssg-package_rsyslog_installed_ocil:questionnaire:1" href="ssg-ubuntu2404-ocil.xml"/>
        </check>
      </Rule>
      <Rule id="xccdf_org.ssgproject.content_rule_service_rsyslog_enabled" selected="false" role="full" severity="medium">
        <title xmlns:xhtml="http://www.w3.org/1999/xhtml" xml:lang="en-US">Enable rsyslog Service</title>
        <description xmlns:xhtml="http://www.w3.org/1999/xhtml" xml:lang="en-US">The <html:code xmlns:html="http://www.w3.org/1999/xhtml">rsyslog</html:code> service provides syslog-style logging by default on Ubuntu 24.04.

The <html:code xmlns:html="http://www.w3.org/1999/xhtml">rsyslog</html:code> service can be enabled with the following command:
<html:pre xmlns:html="http://www.w3.org/1999/xhtml">$ sudo systemctl enable rsyslog.service</html:pre>
      </description>
        <reference href="https://www.cisecurity.org/controls/">1</reference>
        <reference href="https://www.cisecurity.org/controls/">12</reference>
        <reference href="https://www.cisecurity.org/controls/">13</reference>
        <reference href="https://www.cisecurity.org/controls/">14</reference>
        <reference href="https://www.cisecurity.org/controls/">15</reference>
        <reference href="https://www.cisecurity.org/controls/">16</reference>
        <reference href="https://www.cisecurity.org/controls/">2</reference>
        <reference href="https://www.cisecurity.org/controls/">3</reference>
        <reference href="https://www.cisecurity.org/controls/">5</reference>
        <reference href="https://www.cisecurity.org/controls/">6</reference>
        <reference href="https://www.cisecurity.org/controls/">7</reference>
        <reference href="https://www.cisecurity.org/controls/">8</reference>
        <reference href="https://www.cisecurity.org/controls/">9</reference>
        <reference href="https://www.isaca.org/resources/cobit">APO10.01</reference>
        <reference href="https://www.isaca.org/resources/cobit">APO10.03</reference>
        <reference href="https://www.isaca.org/resources/cobit">APO10.04</reference>
        <reference href="https://www.isaca.org/resources/cobit">APO10.05</reference>
        <reference href="https://www.isaca.org/resources/cobit">APO11.04</reference>
        <reference href="https://www.isaca.org/resources/cobit">APO13.01</reference>
        <reference href="https://www.isaca.org/resources/cobit">BAI03.05</reference>
        <reference href="https://www.isaca.org/resources/cobit">BAI04.04</reference>
        <reference href="https://www.isaca.org/resources/cobit">DSS01.03</reference>
        <reference href="https://www.isaca.org/resources/cobit">DSS03.05</reference>
        <reference href="https://www.isaca.org/resources/cobit">DSS05.02</reference>
        <reference href="https://www.isaca.org/resources/cobit">DSS05.04</reference>
        <reference href="https://www.isaca.org/resources/cobit">DSS05.05</reference>
        <reference href="https://www.isaca.org/resources/cobit">DSS05.07</reference>
        <reference href="https://www.isaca.org/resources/cobit">MEA01.01</reference>
        <reference href="https://www.isaca.org/resources/cobit">MEA01.02</reference>
        <reference href="https://www.isaca.org/resources/cobit">MEA01.03</reference>
        <reference href="https://www.isaca.org/resources/cobit">MEA01.04</reference>
        <reference href="https://www.isaca.org/resources/cobit">MEA01.05</reference>
        <reference href="https://www.isaca.org/resources/cobit">MEA02.01</reference>
        <reference href="https://public.cyber.mil/stigs/cci/">CCI-000366</reference>
        <reference href="https://www.gpo.gov/fdsys/pkg/CFR-2007-title45-vol1/pdf/CFR-2007-title45-vol1-chapA-subchapC.pdf">164.312(a)(2)(ii)</reference>
        <reference href="https://www.isa.org/products/isa-62443-2-1-2009-security-for-industrial-automat">4.3.2.6.7</reference>
        <reference href="https://www.isa.org/products/isa-62443-2-1-2009-security-for-industrial-automat">4.3.3.3.9</reference>
        <reference href="https://www.isa.org/products/isa-62443-2-1-2009-security-for-industrial-automat">4.3.3.5.8</reference>
        <reference href="https://www.isa.org/products/isa-62443-2-1-2009-security-for-industrial-automat">4.3.4.4.7</reference>
        <reference href="https://www.isa.org/products/isa-62443-2-1-2009-security-for-industrial-automat">4.4.2.1</reference>
        <reference href="https://www.isa.org/products/isa-62443-2-1-2009-security-for-industrial-automat">4.4.2.2</reference>
        <reference href="https://www.isa.org/products/isa-62443-2-1-2009-security-for-industrial-automat">4.4.2.4</reference>
        <reference href="https://www.isa.org/products/ansi-isa-62443-3-3-99-03-03-2013-security-for-indu">SR 2.10</reference>
        <reference href="https://www.isa.org/products/ansi-isa-62443-3-3-99-03-03-2013-security-for-indu">SR 2.11</reference>
        <reference href="https://www.isa.org/products/ansi-isa-62443-3-3-99-03-03-2013-security-for-indu">SR 2.12</reference>
        <reference href="https://www.isa.org/products/ansi-isa-62443-3-3-99-03-03-2013-security-for-indu">SR 2.8</reference>
        <reference href="https://www.isa.org/products/ansi-isa-62443-3-3-99-03-03-2013-security-for-indu">SR 2.9</reference>
        <reference href="https://www.isa.org/products/ansi-isa-62443-3-3-99-03-03-2013-security-for-indu">SR 6.1</reference>
        <reference href="https://www.isa.org/products/ansi-isa-62443-3-3-99-03-03-2013-security-for-indu">SR 6.2</reference>
        <reference href="https://www.isa.org/products/ansi-isa-62443-3-3-99-03-03-2013-security-for-indu">SR 7.1</reference>
        <reference href="https://www.isa.org/products/ansi-isa-62443-3-3-99-03-03-2013-security-for-indu">SR 7.2</reference>
        <reference href="https://www.iso.org/contents/data/standard/05/45/54534.html">A.12.1.3</reference>
        <reference href="https://www.iso.org/contents/data/standard/05/45/54534.html">A.12.4.1</reference>
        <reference href="https://www.iso.org/contents/data/standard/05/45/54534.html">A.12.4.2</reference>
        <reference href="https://www.iso.org/contents/data/standard/05/45/54534.html">A.12.4.3</reference>
        <reference href="https://www.iso.org/contents/data/standard/05/45/54534.html">A.12.4.4</reference>
        <reference href="https://www.iso.org/contents/data/standard/05/45/54534.html">A.12.7.1</reference>
        <reference href="https://www.iso.org/contents/data/standard/05/45/54534.html">A.14.2.7</reference>
        <reference href="https://www.iso.org/contents/data/standard/05/45/54534.html">A.15.2.1</reference>
        <reference href="https://www.iso.org/contents/data/standard/05/45/54534.html">A.15.2.2</reference>
        <reference href="https://www.iso.org/contents/data/standard/05/45/54534.html">A.17.2.1</reference>
        <reference href="http://nvlpubs.nist.gov/nistpubs/SpecialPublications/NIST.SP.800-53r4.pdf">CM-6(a)</reference>
        <reference href="http://nvlpubs.nist.gov/nistpubs/SpecialPublications/NIST.SP.800-53r4.pdf">AU-4(1)</reference>
        <reference href="https://nvlpubs.nist.gov/nistpubs/CSWP/NIST.CSWP.04162018.pdf">DE.CM-1</reference>
        <reference href="https://nvlpubs.nist.gov/nistpubs/CSWP/NIST.CSWP.04162018.pdf">DE.CM-3</reference>
        <reference href="https://nvlpubs.nist.gov/nistpubs/CSWP/NIST.CSWP.04162018.pdf">DE.CM-7</reference>
        <reference href="https://nvlpubs.nist.gov/nistpubs/CSWP/NIST.CSWP.04162018.pdf">ID.SC-4</reference>
        <reference href="https://nvlpubs.nist.gov/nistpubs/CSWP/NIST.CSWP.04162018.pdf">PR.DS-4</reference>
        <reference href="https://nvlpubs.nist.gov/nistpubs/CSWP/NIST.CSWP.04162018.pdf">PR.PT-1</reference>
        <reference href="https://public.cyber.mil/stigs/downloads/?_dl_facet_stigs=operating-systems%2Cgeneral-purpose-os">SRG-OS-000480-GPOS-00227</reference>
        <reference href="https://www.cisecurity.org/benchmark/ubuntu_linux/">6.1.3.2</reference>
        <rationale xmlns:xhtml="http://www.w3.org/1999/xhtml" xml:lang="en-US">The <html:code xmlns:html="http://www.w3.org/1999/xhtml">rsyslog</html:code> service must be running in order to provide
logging services, which are essential to system administration.</rationale>
        <fix xmlns:xhtml="http://www.w3.org/1999/xhtml" id="service_rsyslog_enabled" system="urn:redhat:osbuild:blueprint">
[customizations.services]
enabled = ["rsyslog"]
</fix>
        <fix xmlns:xhtml="http://www.w3.org/1999/xhtml" id="service_rsyslog_enabled" system="urn:xccdf:fix:script:puppet" complexity="low" disruption="low" strategy="enable">include enable_rsyslog

class enable_rsyslog {
  service {'rsyslog':
    enable =&gt; true,
    ensure =&gt; 'running',
  }
}
</fix>
        <fix xmlns:xhtml="http://www.w3.org/1999/xhtml" id="service_rsyslog_enabled" system="urn:xccdf:fix:script:ansible" complexity="low" disruption="low" strategy="enable">- name: Gather the package facts
  package_facts:
    manager: auto
  tags:
  - NIST-800-53-AU-4(1)
  - NIST-800-53-CM-6(a)
  - enable_strategy
  - low_complexity
  - low_disruption
  - medium_severity
  - no_reboot_needed
  - service_rsyslog_enabled

- name: Enable rsyslog Service - Enable service rsyslog
  block:

  - name: Gather the package facts
    package_facts:
      manager: auto

  - name: Enable rsyslog Service - Enable Service rsyslog
    ansible.builtin.systemd:
      name: rsyslog
      enabled: true
      state: started
      masked: false
    when:
    - '"rsyslog" in ansible_facts.packages'
  when: '"linux-base" in ansible_facts.packages'
  tags:
  - NIST-800-53-AU-4(1)
  - NIST-800-53-CM-6(a)
  - enable_strategy
  - low_complexity
  - low_disruption
  - medium_severity
  - no_reboot_needed
  - service_rsyslog_enabled
</fix>
        <fix xmlns:xhtml="http://www.w3.org/1999/xhtml" id="service_rsyslog_enabled" system="urn:xccdf:fix:script:sh" complexity="low" disruption="low" strategy="enable"># Remediation is applicable only in certain platforms
if dpkg-query --show --showformat='${db:Status-Status}
' 'linux-base' 2&gt;/dev/null | grep -q ^installed; then

SYSTEMCTL_EXEC='/usr/bin/systemctl'
"$SYSTEMCTL_EXEC" unmask 'rsyslog.service'
if [[ $("$SYSTEMCTL_EXEC" is-system-running) != "offline" ]]; then
  "$SYSTEMCTL_EXEC" start 'rsyslog.service'
fi
"$SYSTEMCTL_EXEC" enable 'rsyslog.service'

else
    &gt;&amp;2 echo 'Remediation is not applicable, nothing was done'
fi
</fix>
        <check system="http://oval.mitre.org/XMLSchema/oval-definitions-5">
          <check-content-ref name="oval:ssg-service_rsyslog_enabled:def:1" href="ssg-ubuntu2404-oval.xml"/>
        </check>
        <check system="http://scap.nist.gov/schema/ocil/2">
          <check-content-ref name="ocil:ssg-service_rsyslog_enabled_ocil:questionnaire:1" href="ssg-ubuntu2404-ocil.xml"/>
        </check>
      </Rule>
      <Rule id="xccdf_org.ssgproject.content_rule_logging_services_active" selected="false" role="full" severity="medium">
        <title xmlns:xhtml="http://www.w3.org/1999/xhtml" xml:lang="en-US">Ensure One Logging Service Is In Use</title>
        <description xmlns:xhtml="http://www.w3.org/1999/xhtml" xml:lang="en-US">Ensure that a logging system is active and in use.
<html:pre xmlns:html="http://www.w3.org/1999/xhtml">
systemctl is-active rsyslog systemd-journald
</html:pre>
The command should return at least one <html:code xmlns:html="http://www.w3.org/1999/xhtml">active</html:code>.</description>
        <warning xmlns:xhtml="http://www.w3.org/1999/xhtml" xml:lang="en-US" category="general">This rule does not come with a remediation. There are specific rules
for enabling each logging service which should be enabled instead.</warning>
        <reference href="https://www.cisecurity.org/benchmark/ubuntu_linux/">6.1.1.4</reference>
        <rationale xmlns:xhtml="http://www.w3.org/1999/xhtml" xml:lang="en-US">The system should have one active logging service to avoid conflicts
and ensure consistency.</rationale>
        <platform idref="#machine"/>
        <check system="http://oval.mitre.org/XMLSchema/oval-definitions-5">
          <check-content-ref name="oval:ssg-logging_services_active:def:1" href="ssg-ubuntu2404-oval.xml"/>
        </check>
      </Rule>
      <Rule id="xccdf_org.ssgproject.content_rule_rsyslog_filecreatemode" selected="false" role="full" severity="medium">
        <title xmlns:xhtml="http://www.w3.org/1999/xhtml" xml:lang="en-US">Ensure rsyslog Default File Permissions Configured</title>
        <description xmlns:xhtml="http://www.w3.org/1999/xhtml" xml:lang="en-US">rsyslog will create logfiles that do not already exist on the system.
This settings controls what permissions will be applied to these newly
created files.</description>
        <reference href="https://www.cisecurity.org/benchmark/ubuntu_linux/">6.1.3.4</reference>
        <rationale xmlns:xhtml="http://www.w3.org/1999/xhtml" xml:lang="en-US">It is important to ensure that log files have the correct permissions
to ensure that sensitive data is archived and protected.</rationale>
        <fix xmlns:xhtml="http://www.w3.org/1999/xhtml" id="rsyslog_filecreatemode" system="urn:xccdf:fix:script:ansible" complexity="low" disruption="low" strategy="configure">- name: Gather the package facts
  package_facts:
    manager: auto
  tags:
  - configure_strategy
  - low_complexity
  - low_disruption
  - medium_severity
  - no_reboot_needed
  - rsyslog_filecreatemode

- name: Ensure rsyslog Default File Permissions Configured - Search for $FileCreateMode
    Parameter in rsyslog Main Config File
  ansible.builtin.find:
    paths: /etc
    pattern: rsyslog.conf
    contains: ^\s*\$FileCreateMode\s*\d+
  register: rsyslog_main_file_with_filecreatemode
  when: '"linux-base" in ansible_facts.packages'
  tags:
  - configure_strategy
  - low_complexity
  - low_disruption
  - medium_severity
  - no_reboot_needed
  - rsyslog_filecreatemode

- name: Ensure rsyslog Default File Permissions Configured - Search for $FileCreateMode
    Parameter in rsyslog Include Files
  ansible.builtin.find:
    paths: /etc/rsyslog.d/
    pattern: '*.conf'
    contains: ^\s*\$FileCreateMode\s*\d+
  register: rsyslog_includes_with_filecreatemode
  when: '"linux-base" in ansible_facts.packages'
  tags:
  - configure_strategy
  - low_complexity
  - low_disruption
  - medium_severity
  - no_reboot_needed
  - rsyslog_filecreatemode

- name: Ensure rsyslog Default File Permissions Configured - Assemble List of rsyslog
    Configuration Files with $FileCreateMode Parameter
  ansible.builtin.set_fact:
    rsyslog_filecreatemode_files: '{{ rsyslog_main_file_with_filecreatemode.files
      | map(attribute=''path'') | list + rsyslog_includes_with_filecreatemode.files
      | map(attribute=''path'') | list }}'
  when: '"linux-base" in ansible_facts.packages'
  tags:
  - configure_strategy
  - low_complexity
  - low_disruption
  - medium_severity
  - no_reboot_needed
  - rsyslog_filecreatemode

- name: Ensure rsyslog Default File Permissions Configured - Remove $FileCreateMode
    Parameter from Multiple Files to Avoid Conflicts
  ansible.builtin.lineinfile:
    path: '{{ item }}'
    regexp: \$FileCreateMode.*
    state: absent
  register: result_rsyslog_filecreatemode_removed
  loop: '{{ rsyslog_filecreatemode_files }}'
  when:
  - '"linux-base" in ansible_facts.packages'
  - rsyslog_filecreatemode_files | length &gt; 1
  tags:
  - configure_strategy
  - low_complexity
  - low_disruption
  - medium_severity
  - no_reboot_needed
  - rsyslog_filecreatemode

- name: Ensure rsyslog Default File Permissions Configured - Add $FileCreateMode Parameter
    and Expected Value
  ansible.builtin.lineinfile:
    path: /etc/rsyslog.d/99-rsyslog_filecreatemode.conf
    line: $FileCreateMode 0640
    mode: 416
    create: true
  when:
  - '"linux-base" in ansible_facts.packages'
  - rsyslog_filecreatemode_files | length == 0 or result_rsyslog_filecreatemode_removed
    is not skipped
  tags:
  - configure_strategy
  - low_complexity
  - low_disruption
  - medium_severity
  - no_reboot_needed
  - rsyslog_filecreatemode

- name: Ensure rsyslog Default File Permissions Configured - Ensure Correct Value
    of Existing $FileCreateMode Parameter
  ansible.builtin.lineinfile:
    path: '{{ item }}'
    regexp: ^\$FileCreateMode
    line: $FileCreateMode 0640
  loop: '{{ rsyslog_filecreatemode_files }}'
  when:
  - '"linux-base" in ansible_facts.packages'
  - rsyslog_filecreatemode_files | length == 1
  tags:
  - configure_strategy
  - low_complexity
  - low_disruption
  - medium_severity
  - no_reboot_needed
  - rsyslog_filecreatemode
</fix>
        <fix xmlns:xhtml="http://www.w3.org/1999/xhtml" id="rsyslog_filecreatemode" system="urn:xccdf:fix:script:sh" complexity="low" disruption="low" strategy="configure"># Remediation is applicable only in certain platforms
if dpkg-query --show --showformat='${db:Status-Status}
' 'linux-base' 2&gt;/dev/null | grep -q ^installed; then

readarray -t targets &lt; &lt;(grep -H '^\s*$FileCreateMode' /etc/rsyslog.conf /etc/rsyslog.d/*)

# if $FileCreateMode set in multiple places
if [ ${#targets[@]} -gt 1 ]; then
    # delete all and create new entry with expected value
    sed -i '/^\s*$FileCreateMode/d' /etc/rsyslog.conf /etc/rsyslog.d/*
    echo '$FileCreateMode 0640' &gt; /etc/rsyslog.d/99-rsyslog_filecreatemode.conf
# if $FileCreateMode set in only one place
elif [ "${#targets[@]}" -eq 1 ]; then
    filename=$(echo "${targets[0]}" | cut -d':' -f1)
    value=$(echo "${targets[0]}" | cut -d' ' -f2)
    #convert to decimal and bitwise or operation
    result=$((8#$value | 416))
    # if more permissive than expected, then set it to 0640
    if [ $result -ne 416 ]; then
        # if value is wrong remove it
        sed -i '/^\s*$FileCreateMode/d' $filename
        echo '$FileCreateMode 0640' &gt; $filename
    fi
else
    echo '$FileCreateMode 0640' &gt; /etc/rsyslog.d/99-rsyslog_filecreatemode.conf
fi

systemctl restart rsyslog.service

else
    &gt;&amp;2 echo 'Remediation is not applicable, nothing was done'
fi
</fix>
        <check system="http://oval.mitre.org/XMLSchema/oval-definitions-5">
          <check-content-ref name="oval:ssg-rsyslog_filecreatemode:def:1" href="ssg-ubuntu2404-oval.xml"/>
        </check>
        <check system="http://scap.nist.gov/schema/ocil/2">
          <check-content-ref name="ocil:ssg-rsyslog_filecreatemode_ocil:questionnaire:1" href="ssg-ubuntu2404-ocil.xml"/>
        </check>
      </Rule>
      <Group id="xccdf_org.ssgproject.content_group_journald">
        <title xmlns:xhtml="http://www.w3.org/1999/xhtml" xml:lang="en-US">systemd-journald</title>
        <description xmlns:xhtml="http://www.w3.org/1999/xhtml" xml:lang="en-US">systemd-journald is a system service that collects and stores
logging data. It creates and maintains structured, indexed
journals based on logging information that is received from a
variety of sources.

For more information on <html:code xmlns:html="http://www.w3.org/1999/xhtml">systemd-journald </html:code> and additional <html:code xmlns:html="http://www.w3.org/1999/xhtml">systemd-journald</html:code> configuration options, see
<html:b xmlns:html="http://www.w3.org/1999/xhtml"><html:a href="https://systemd.io/">https://systemd.io/</html:a></html:b>.</description>
        <Value id="xccdf_org.ssgproject.content_value_var_journal_upload_server_certificate_file" type="string" interactive="true">
          <title xmlns:xhtml="http://www.w3.org/1999/xhtml" xml:lang="en-US">Remote server SSL CA certificate in PEM format for systemd-journal-upload service</title>
          <description xmlns:xhtml="http://www.w3.org/1999/xhtml" xml:lang="en-US">The setting for ServerCertificateFile in the journal-upload config file.</description>
          <value>/etc/pki/systemd/certs/journal-upload.pem</value>
        </Value>
        <Value id="xccdf_org.ssgproject.content_value_var_journal_upload_server_key_file" type="string" interactive="true">
          <title xmlns:xhtml="http://www.w3.org/1999/xhtml" xml:lang="en-US">Remote server SSL key in PEM format for systemd-journal-upload service</title>
          <description xmlns:xhtml="http://www.w3.org/1999/xhtml" xml:lang="en-US">The setting for ServerKeyFile in the journal-upload config file.</description>
          <value>/etc/pki/systemd/private/journal-upload.pem</value>
        </Value>
        <Value id="xccdf_org.ssgproject.content_value_var_journal_upload_server_trusted_certificate_file" type="string" interactive="true">
          <title xmlns:xhtml="http://www.w3.org/1999/xhtml" xml:lang="en-US">Remote server SSL CA certificate for systemd-journal-upload service</title>
          <description xmlns:xhtml="http://www.w3.org/1999/xhtml" xml:lang="en-US">The setting for TrustedCertificateFile in the journal-upload config file.</description>
          <value>/etc/pki/systemd/ca/trusted.pem</value>
        </Value>
        <Value id="xccdf_org.ssgproject.content_value_var_journal_upload_url" type="string" interactive="true">
          <title xmlns:xhtml="http://www.w3.org/1999/xhtml" xml:lang="en-US">Remote server for systemd-journal-upload service</title>
          <description xmlns:xhtml="http://www.w3.org/1999/xhtml" xml:lang="en-US">The setting for URL in the journal-upload config file.</description>
          <value>remotelogserver</value>
        </Value>
        <Rule id="xccdf_org.ssgproject.content_rule_package_systemd-journal-remote_installed" selected="false" role="full" severity="medium">
          <title xmlns:xhtml="http://www.w3.org/1999/xhtml" xml:lang="en-US">Install systemd-journal-remote Package</title>
          <description xmlns:xhtml="http://www.w3.org/1999/xhtml" xml:lang="en-US">Journald (via systemd-journal-remote ) supports the ability to send
log events it gathers to a remote log host or to receive messages
from remote hosts, thus enabling centralised log management.</description>
          <reference href="https://public.cyber.mil/stigs/downloads/?_dl_facet_stigs=operating-systems%2Cgeneral-purpose-os">SRG-OS-000479-GPOS-00224</reference>
          <reference href="https://www.cisecurity.org/benchmark/ubuntu_linux/">6.1.2.1.1</reference>
          <rationale xmlns:xhtml="http://www.w3.org/1999/xhtml" xml:lang="en-US">Storing log data on a remote host protects log integrity from local
attacks. If an attacker gains root access on the local system, they
could tamper with or remove log data that is stored on the local system.</rationale>
          <fix xmlns:xhtml="http://www.w3.org/1999/xhtml" id="package_systemd-journal-remote_installed" system="urn:redhat:osbuild:blueprint">
[[packages]]
name = "systemd-journal-remote"
version = "*"
</fix>
          <fix xmlns:xhtml="http://www.w3.org/1999/xhtml" id="package_systemd-journal-remote_installed" system="urn:xccdf:fix:script:puppet" complexity="low" disruption="low" strategy="enable">include install_systemd-journal-remote

class install_systemd-journal-remote {
  package { 'systemd-journal-remote':
    ensure =&gt; 'installed',
  }
}
</fix>
          <fix xmlns:xhtml="http://www.w3.org/1999/xhtml" id="package_systemd-journal-remote_installed" system="urn:xccdf:fix:script:ansible" complexity="low" disruption="low" strategy="enable">- name: Gather the package facts
  package_facts:
    manager: auto
  tags:
  - enable_strategy
  - low_complexity
  - low_disruption
  - medium_severity
  - no_reboot_needed
  - package_systemd-journal-remote_installed

- name: Ensure systemd-journal-remote is installed
  package:
    name: systemd-journal-remote
    state: present
  when: '"linux-base" in ansible_facts.packages'
  tags:
  - enable_strategy
  - low_complexity
  - low_disruption
  - medium_severity
  - no_reboot_needed
  - package_systemd-journal-remote_installed
</fix>
          <fix xmlns:xhtml="http://www.w3.org/1999/xhtml" id="package_systemd-journal-remote_installed" system="urn:xccdf:fix:script:sh" complexity="low" disruption="low" strategy="enable"># Remediation is applicable only in certain platforms
if dpkg-query --show --showformat='${db:Status-Status}
' 'linux-base' 2&gt;/dev/null | grep -q ^installed; then

DEBIAN_FRONTEND=noninteractive apt-get install -y "systemd-journal-remote"

else
    &gt;&amp;2 echo 'Remediation is not applicable, nothing was done'
fi
</fix>
          <check system="http://oval.mitre.org/XMLSchema/oval-definitions-5">
            <check-content-ref name="oval:ssg-package_systemd-journal-remote_installed:def:1" href="ssg-ubuntu2404-oval.xml"/>
          </check>
          <check system="http://scap.nist.gov/schema/ocil/2">
            <check-content-ref name="ocil:ssg-package_systemd-journal-remote_installed_ocil:questionnaire:1" href="ssg-ubuntu2404-ocil.xml"/>
          </check>
        </Rule>
        <Rule id="xccdf_org.ssgproject.content_rule_service_systemd-journal-upload_enabled" selected="false" role="full" severity="medium">
          <title xmlns:xhtml="http://www.w3.org/1999/xhtml" xml:lang="en-US">Enable systemd-journal-upload Service</title>
          <description xmlns:xhtml="http://www.w3.org/1999/xhtml" xml:lang="en-US">Ubuntu 24.04 must offload rsyslog messages for networked systems in real time and
offload standalone systems at least weekly.

The <html:code xmlns:html="http://www.w3.org/1999/xhtml">systemd-journal-upload</html:code> service can be enabled with the following command:
<html:pre xmlns:html="http://www.w3.org/1999/xhtml">$ sudo systemctl enable systemd-journal-upload.service</html:pre>
       </description>
          <reference href="https://public.cyber.mil/stigs/downloads/?_dl_facet_stigs=operating-systems%2Cgeneral-purpose-os">SRG-OS-000479-GPOS-00224</reference>
          <reference href="https://www.cisecurity.org/benchmark/ubuntu_linux/">6.1.2.1.3</reference>
          <rationale xmlns:xhtml="http://www.w3.org/1999/xhtml" xml:lang="en-US">Ubuntu 24.04 must offload rsyslog messages for networked systems in real time and
offload standalone systems at least weekly.</rationale>
          <platform idref="#machine"/>
          <fix xmlns:xhtml="http://www.w3.org/1999/xhtml" id="service_systemd-journal-upload_enabled" system="urn:redhat:osbuild:blueprint">
[customizations.services]
enabled = ["systemd-journal-upload"]
</fix>
          <fix xmlns:xhtml="http://www.w3.org/1999/xhtml" id="service_systemd-journal-upload_enabled" system="urn:xccdf:fix:script:puppet" complexity="low" disruption="low" strategy="enable">include enable_systemd-journal-upload

class enable_systemd-journal-upload {
  service {'systemd-journal-upload':
    enable =&gt; true,
    ensure =&gt; 'running',
  }
}
</fix>
          <fix xmlns:xhtml="http://www.w3.org/1999/xhtml" id="service_systemd-journal-upload_enabled" system="urn:xccdf:fix:script:ansible" complexity="low" disruption="low" strategy="enable">- name: Gather the package facts
  package_facts:
    manager: auto
  tags:
  - enable_strategy
  - low_complexity
  - low_disruption
  - medium_severity
  - no_reboot_needed
  - service_systemd-journal-upload_enabled

- name: Enable systemd-journal-upload Service - Enable service systemd-journal-upload
  block:

  - name: Gather the package facts
    package_facts:
      manager: auto

  - name: Enable systemd-journal-upload Service - Enable Service systemd-journal-upload
    ansible.builtin.systemd:
      name: systemd-journal-upload
      enabled: true
      state: started
      masked: false
    when:
    - '"systemd-journal-remote" in ansible_facts.packages'
  when:
  - '"linux-base" in ansible_facts.packages'
  - ansible_virtualization_type not in ["docker", "lxc", "openvz", "podman", "container"]
  tags:
  - enable_strategy
  - low_complexity
  - low_disruption
  - medium_severity
  - no_reboot_needed
  - service_systemd-journal-upload_enabled
</fix>
          <fix xmlns:xhtml="http://www.w3.org/1999/xhtml" id="service_systemd-journal-upload_enabled" system="urn:xccdf:fix:script:sh" complexity="low" disruption="low" strategy="enable"># Remediation is applicable only in certain platforms
if dpkg-query --show --showformat='${db:Status-Status}
' 'linux-base' 2&gt;/dev/null | grep -q ^installed &amp;&amp; { [ ! -f /.dockerenv ] &amp;&amp; [ ! -f /run/.containerenv ]; }; then

SYSTEMCTL_EXEC='/usr/bin/systemctl'
"$SYSTEMCTL_EXEC" unmask 'systemd-journal-upload.service'
if [[ $("$SYSTEMCTL_EXEC" is-system-running) != "offline" ]]; then
  "$SYSTEMCTL_EXEC" start 'systemd-journal-upload.service'
fi
"$SYSTEMCTL_EXEC" enable 'systemd-journal-upload.service'

else
    &gt;&amp;2 echo 'Remediation is not applicable, nothing was done'
fi
</fix>
          <check system="http://oval.mitre.org/XMLSchema/oval-definitions-5">
            <check-content-ref name="oval:ssg-service_systemd-journal-upload_enabled:def:1" href="ssg-ubuntu2404-oval.xml"/>
          </check>
          <check system="http://scap.nist.gov/schema/ocil/2">
            <check-content-ref name="ocil:ssg-service_systemd-journal-upload_enabled_ocil:questionnaire:1" href="ssg-ubuntu2404-ocil.xml"/>
          </check>
        </Rule>
        <Rule id="xccdf_org.ssgproject.content_rule_service_systemd-journald_enabled" selected="false" role="full" severity="medium">
          <title xmlns:xhtml="http://www.w3.org/1999/xhtml" xml:lang="en-US">Enable systemd-journald Service</title>
          <description xmlns:xhtml="http://www.w3.org/1999/xhtml" xml:lang="en-US">The <html:code xmlns:html="http://www.w3.org/1999/xhtml">systemd-journald</html:code> service is an essential component of
systemd.

The <html:code xmlns:html="http://www.w3.org/1999/xhtml">systemd-journald</html:code> service can be enabled with the following command:
<html:pre xmlns:html="http://www.w3.org/1999/xhtml">$ sudo systemctl enable systemd-journald.service</html:pre>
       </description>
          <reference href="https://public.cyber.mil/stigs/cci/">CCI-001665</reference>
          <reference href="http://nvlpubs.nist.gov/nistpubs/SpecialPublications/NIST.SP.800-53r4.pdf">SC-24</reference>
          <reference href="https://public.cyber.mil/stigs/downloads/?_dl_facet_stigs=operating-systems%2Cgeneral-purpose-os">SRG-OS-000269-GPOS-00103</reference>
          <reference href="https://www.cisecurity.org/benchmark/ubuntu_linux/">6.1.1.1</reference>
          <rationale xmlns:xhtml="http://www.w3.org/1999/xhtml" xml:lang="en-US">In the event of a system failure, Ubuntu 24.04 must preserve any information necessary to determine cause of failure and any information necessary to return to operations with least disruption to system processes.</rationale>
          <fix xmlns:xhtml="http://www.w3.org/1999/xhtml" id="service_systemd-journald_enabled" system="urn:redhat:osbuild:blueprint">
[customizations.services]
enabled = ["systemd-journald"]
</fix>
          <fix xmlns:xhtml="http://www.w3.org/1999/xhtml" id="service_systemd-journald_enabled" system="urn:xccdf:fix:script:puppet" complexity="low" disruption="low" strategy="enable">include enable_systemd-journald

class enable_systemd-journald {
  service {'systemd-journald':
    enable =&gt; true,
    ensure =&gt; 'running',
  }
}
</fix>
          <fix xmlns:xhtml="http://www.w3.org/1999/xhtml" id="service_systemd-journald_enabled" system="urn:xccdf:fix:script:ansible" complexity="low" disruption="low" strategy="enable">- name: Gather the package facts
  package_facts:
    manager: auto
  tags:
  - NIST-800-53-SC-24
  - enable_strategy
  - low_complexity
  - low_disruption
  - medium_severity
  - no_reboot_needed
  - service_systemd-journald_enabled

- name: Enable systemd-journald Service - Enable service systemd-journald
  block:

  - name: Gather the package facts
    package_facts:
      manager: auto

  - name: Enable systemd-journald Service - Enable Service systemd-journald
    ansible.builtin.systemd:
      name: systemd-journald
      enabled: true
      state: started
      masked: false
    when:
    - '"systemd" in ansible_facts.packages'
  when: '"linux-base" in ansible_facts.packages'
  tags:
  - NIST-800-53-SC-24
  - enable_strategy
  - low_complexity
  - low_disruption
  - medium_severity
  - no_reboot_needed
  - service_systemd-journald_enabled
</fix>
          <fix xmlns:xhtml="http://www.w3.org/1999/xhtml" id="service_systemd-journald_enabled" system="urn:xccdf:fix:script:sh" complexity="low" disruption="low" strategy="enable"># Remediation is applicable only in certain platforms
if dpkg-query --show --showformat='${db:Status-Status}
' 'linux-base' 2&gt;/dev/null | grep -q ^installed; then

SYSTEMCTL_EXEC='/usr/bin/systemctl'
"$SYSTEMCTL_EXEC" unmask 'systemd-journald.service'
if [[ $("$SYSTEMCTL_EXEC" is-system-running) != "offline" ]]; then
  "$SYSTEMCTL_EXEC" start 'systemd-journald.service'
fi
"$SYSTEMCTL_EXEC" enable 'systemd-journald.service'

else
    &gt;&amp;2 echo 'Remediation is not applicable, nothing was done'
fi
</fix>
          <check system="http://oval.mitre.org/XMLSchema/oval-definitions-5">
            <check-content-ref name="oval:ssg-service_systemd-journald_enabled:def:1" href="ssg-ubuntu2404-oval.xml"/>
          </check>
          <check system="http://scap.nist.gov/schema/ocil/2">
            <check-content-ref name="ocil:ssg-service_systemd-journald_enabled_ocil:questionnaire:1" href="ssg-ubuntu2404-ocil.xml"/>
          </check>
        </Rule>
        <Rule id="xccdf_org.ssgproject.content_rule_journald_compress" selected="false" role="full" severity="medium">
          <title xmlns:xhtml="http://www.w3.org/1999/xhtml" xml:lang="en-US">Ensure journald is configured to compress large log files</title>
          <description xmlns:xhtml="http://www.w3.org/1999/xhtml" xml:lang="en-US">The journald system can compress large log files to avoid fill the system disk.</description>
          <reference href="https://www.cisecurity.org/benchmark/ubuntu_linux/">6.1.2.3</reference>
          <rationale xmlns:xhtml="http://www.w3.org/1999/xhtml" xml:lang="en-US">Log files that are not properly compressed run the risk of growing so large that they fill up the log partition. Valuable logging information could be lost if the log partition becomes full.</rationale>
          <fix xmlns:xhtml="http://www.w3.org/1999/xhtml" id="journald_compress" system="urn:xccdf:fix:script:ansible" complexity="low" disruption="low" strategy="restrict">- name: Gather the package facts
  package_facts:
    manager: auto
  tags:
  - journald_compress
  - low_complexity
  - low_disruption
  - medium_severity
  - no_reboot_needed
  - restrict_strategy

- name: Setting unquoted shell-style assignment of 'Compress' to 'yes' in '/etc/systemd/journald.conf'
  block:

  - name: Check for duplicate values
    lineinfile:
      path: /etc/systemd/journald.conf
      create: true
      regexp: (?i)^\s*Compress=
      state: absent
    check_mode: true
    changed_when: false
    register: dupes

  - name: Deduplicate values from /etc/systemd/journald.conf
    lineinfile:
      path: /etc/systemd/journald.conf
      create: true
      regexp: (?i)^\s*Compress=
      state: absent
    when: dupes.found is defined and dupes.found &gt; 1

  - name: Insert correct line to /etc/systemd/journald.conf
    lineinfile:
      path: /etc/systemd/journald.conf
      create: true
      regexp: (?i)^\s*Compress=
      line: Compress=yes
      state: present
      insertbefore: ^# Compress
      validate: /usr/bin/bash -n %s
  when: '"linux-base" in ansible_facts.packages'
  tags:
  - journald_compress
  - low_complexity
  - low_disruption
  - medium_severity
  - no_reboot_needed
  - restrict_strategy
</fix>
          <fix xmlns:xhtml="http://www.w3.org/1999/xhtml" id="journald_compress" system="urn:xccdf:fix:script:sh" complexity="low" disruption="low" strategy="restrict"># Remediation is applicable only in certain platforms
if dpkg-query --show --showformat='${db:Status-Status}
' 'linux-base' 2&gt;/dev/null | grep -q ^installed; then

if [ -e "/etc/systemd/journald.conf" ] ; then
    
    LC_ALL=C sed -i "/^\s*Compress\s*=\s*/d" "/etc/systemd/journald.conf"
else
    touch "/etc/systemd/journald.conf"
fi
# make sure file has newline at the end
sed -i -e '$a\' "/etc/systemd/journald.conf"

cp "/etc/systemd/journald.conf" "/etc/systemd/journald.conf.bak"
# Insert before the line matching the regex '^#\s*Compress'.
line_number="$(LC_ALL=C grep -n "^#\s*Compress" "/etc/systemd/journald.conf.bak" | LC_ALL=C sed 's/:.*//g')"
if [ -z "$line_number" ]; then
    # There was no match of '^#\s*Compress', insert at
    # the end of the file.
    printf '%s\n' "Compress=yes" &gt;&gt; "/etc/systemd/journald.conf"
else
    head -n "$(( line_number - 1 ))" "/etc/systemd/journald.conf.bak" &gt; "/etc/systemd/journald.conf"
    printf '%s\n' "Compress=yes" &gt;&gt; "/etc/systemd/journald.conf"
    tail -n "+$(( line_number ))" "/etc/systemd/journald.conf.bak" &gt;&gt; "/etc/systemd/journald.conf"
fi
# Clean up after ourselves.
rm "/etc/systemd/journald.conf.bak"

else
    &gt;&amp;2 echo 'Remediation is not applicable, nothing was done'
fi
</fix>
          <check system="http://oval.mitre.org/XMLSchema/oval-definitions-5">
            <check-content-ref name="oval:ssg-journald_compress:def:1" href="ssg-ubuntu2404-oval.xml"/>
          </check>
          <check system="http://scap.nist.gov/schema/ocil/2">
            <check-content-ref name="ocil:ssg-journald_compress_ocil:questionnaire:1" href="ssg-ubuntu2404-ocil.xml"/>
          </check>
        </Rule>
        <Rule id="xccdf_org.ssgproject.content_rule_journald_disable_forward_to_syslog" selected="false" role="full" severity="medium">
          <title xmlns:xhtml="http://www.w3.org/1999/xhtml" xml:lang="en-US">Ensure journald ForwardToSyslog is disabled</title>
          <description xmlns:xhtml="http://www.w3.org/1999/xhtml" xml:lang="en-US">Data from journald should be kept in the confines of the service and not forwarded to other services.</description>
          <reference href="https://www.cisecurity.org/benchmark/ubuntu_linux/">6.1.2.2</reference>
          <rationale xmlns:xhtml="http://www.w3.org/1999/xhtml" xml:lang="en-US">If journald is the method for capturing logs, all logs of the system should be handled by journald and not forwarded to other logging mechanisms.</rationale>
          <platform idref="#package_systemd"/>
          <fix xmlns:xhtml="http://www.w3.org/1999/xhtml" id="journald_disable_forward_to_syslog" system="urn:xccdf:fix:script:ansible" complexity="low" disruption="low" strategy="restrict">- name: Gather the package facts
  package_facts:
    manager: auto
  tags:
  - journald_disable_forward_to_syslog
  - low_complexity
  - low_disruption
  - medium_severity
  - no_reboot_needed
  - restrict_strategy

- name: Setting unquoted shell-style assignment of 'ForwardToSyslog' to 'no' in '/etc/systemd/journald.conf'
  block:

  - name: Check for duplicate values
    lineinfile:
      path: /etc/systemd/journald.conf
      create: true
      regexp: (?i)^\s*ForwardToSyslog=
      state: absent
    check_mode: true
    changed_when: false
    register: dupes

  - name: Deduplicate values from /etc/systemd/journald.conf
    lineinfile:
      path: /etc/systemd/journald.conf
      create: true
      regexp: (?i)^\s*ForwardToSyslog=
      state: absent
    when: dupes.found is defined and dupes.found &gt; 1

  - name: Insert correct line to /etc/systemd/journald.conf
    lineinfile:
      path: /etc/systemd/journald.conf
      create: true
      regexp: (?i)^\s*ForwardToSyslog=
      line: ForwardToSyslog=no
      state: present
      insertbefore: ^# ForwardToSyslog
      validate: /usr/bin/bash -n %s
  when:
  - '"linux-base" in ansible_facts.packages'
  - '"systemd" in ansible_facts.packages'
  tags:
  - journald_disable_forward_to_syslog
  - low_complexity
  - low_disruption
  - medium_severity
  - no_reboot_needed
  - restrict_strategy
</fix>
          <fix xmlns:xhtml="http://www.w3.org/1999/xhtml" id="journald_disable_forward_to_syslog" system="urn:xccdf:fix:script:sh" complexity="low" disruption="low" strategy="restrict"># Remediation is applicable only in certain platforms
if dpkg-query --show --showformat='${db:Status-Status}
' 'linux-base' 2&gt;/dev/null | grep -q ^installed &amp;&amp; { dpkg-query --show --showformat='${db:Status-Status}\n' 'systemd' 2&gt;/dev/null | grep -q '^installed'; }; then

if [ -e "/etc/systemd/journald.conf" ] ; then
    
    LC_ALL=C sed -i "/^\s*ForwardToSyslog\s*=\s*/d" "/etc/systemd/journald.conf"
else
    touch "/etc/systemd/journald.conf"
fi
# make sure file has newline at the end
sed -i -e '$a\' "/etc/systemd/journald.conf"

cp "/etc/systemd/journald.conf" "/etc/systemd/journald.conf.bak"
# Insert before the line matching the regex '^#\s*ForwardToSyslog'.
line_number="$(LC_ALL=C grep -n "^#\s*ForwardToSyslog" "/etc/systemd/journald.conf.bak" | LC_ALL=C sed 's/:.*//g')"
if [ -z "$line_number" ]; then
    # There was no match of '^#\s*ForwardToSyslog', insert at
    # the end of the file.
    printf '%s\n' "ForwardToSyslog=no" &gt;&gt; "/etc/systemd/journald.conf"
else
    head -n "$(( line_number - 1 ))" "/etc/systemd/journald.conf.bak" &gt; "/etc/systemd/journald.conf"
    printf '%s\n' "ForwardToSyslog=no" &gt;&gt; "/etc/systemd/journald.conf"
    tail -n "+$(( line_number ))" "/etc/systemd/journald.conf.bak" &gt;&gt; "/etc/systemd/journald.conf"
fi
# Clean up after ourselves.
rm "/etc/systemd/journald.conf.bak"

else
    &gt;&amp;2 echo 'Remediation is not applicable, nothing was done'
fi
</fix>
          <check system="http://oval.mitre.org/XMLSchema/oval-definitions-5">
            <check-content-ref name="oval:ssg-journald_disable_forward_to_syslog:def:1" href="ssg-ubuntu2404-oval.xml"/>
          </check>
        </Rule>
        <Rule id="xccdf_org.ssgproject.content_rule_journald_forward_to_syslog" selected="false" role="full" severity="medium">
          <title xmlns:xhtml="http://www.w3.org/1999/xhtml" xml:lang="en-US">Ensure journald is configured to send logs to rsyslog</title>
          <description xmlns:xhtml="http://www.w3.org/1999/xhtml" xml:lang="en-US">Data from journald may be stored in volatile memory or persisted locally.
Utilities exist to accept remote export of journald logs.</description>
          <reference href="https://www.cisecurity.org/benchmark/ubuntu_linux/">6.1.3.3</reference>
          <rationale xmlns:xhtml="http://www.w3.org/1999/xhtml" xml:lang="en-US">Storing log data on a remote host protects log integrity from local attacks. If an attacker gains root access on the local system, they could tamper with or remove log data that is stored on the local system.</rationale>
          <fix xmlns:xhtml="http://www.w3.org/1999/xhtml" id="journald_forward_to_syslog" system="urn:xccdf:fix:script:ansible" complexity="low" disruption="low" strategy="restrict">- name: Gather the package facts
  package_facts:
    manager: auto
  tags:
  - journald_forward_to_syslog
  - low_complexity
  - low_disruption
  - medium_severity
  - no_reboot_needed
  - restrict_strategy

- name: Setting unquoted shell-style assignment of 'ForwardToSyslog' to 'yes' in '/etc/systemd/journald.conf'
  block:

  - name: Check for duplicate values
    lineinfile:
      path: /etc/systemd/journald.conf
      create: true
      regexp: (?i)^\s*ForwardToSyslog=
      state: absent
    check_mode: true
    changed_when: false
    register: dupes

  - name: Deduplicate values from /etc/systemd/journald.conf
    lineinfile:
      path: /etc/systemd/journald.conf
      create: true
      regexp: (?i)^\s*ForwardToSyslog=
      state: absent
    when: dupes.found is defined and dupes.found &gt; 1

  - name: Insert correct line to /etc/systemd/journald.conf
    lineinfile:
      path: /etc/systemd/journald.conf
      create: true
      regexp: (?i)^\s*ForwardToSyslog=
      line: ForwardToSyslog=yes
      state: present
      insertbefore: ^# ForwardToSyslog
      validate: /usr/bin/bash -n %s
  when: '"linux-base" in ansible_facts.packages'
  tags:
  - journald_forward_to_syslog
  - low_complexity
  - low_disruption
  - medium_severity
  - no_reboot_needed
  - restrict_strategy
</fix>
          <fix xmlns:xhtml="http://www.w3.org/1999/xhtml" id="journald_forward_to_syslog" system="urn:xccdf:fix:script:sh" complexity="low" disruption="low" strategy="restrict"># Remediation is applicable only in certain platforms
if dpkg-query --show --showformat='${db:Status-Status}
' 'linux-base' 2&gt;/dev/null | grep -q ^installed; then

if [ -e "/etc/systemd/journald.conf" ] ; then
    
    LC_ALL=C sed -i "/^\s*ForwardToSyslog\s*=\s*/d" "/etc/systemd/journald.conf"
else
    touch "/etc/systemd/journald.conf"
fi
# make sure file has newline at the end
sed -i -e '$a\' "/etc/systemd/journald.conf"

cp "/etc/systemd/journald.conf" "/etc/systemd/journald.conf.bak"
# Insert before the line matching the regex '^#\s*ForwardToSyslog'.
line_number="$(LC_ALL=C grep -n "^#\s*ForwardToSyslog" "/etc/systemd/journald.conf.bak" | LC_ALL=C sed 's/:.*//g')"
if [ -z "$line_number" ]; then
    # There was no match of '^#\s*ForwardToSyslog', insert at
    # the end of the file.
    printf '%s\n' "ForwardToSyslog=yes" &gt;&gt; "/etc/systemd/journald.conf"
else
    head -n "$(( line_number - 1 ))" "/etc/systemd/journald.conf.bak" &gt; "/etc/systemd/journald.conf"
    printf '%s\n' "ForwardToSyslog=yes" &gt;&gt; "/etc/systemd/journald.conf"
    tail -n "+$(( line_number ))" "/etc/systemd/journald.conf.bak" &gt;&gt; "/etc/systemd/journald.conf"
fi
# Clean up after ourselves.
rm "/etc/systemd/journald.conf.bak"

else
    &gt;&amp;2 echo 'Remediation is not applicable, nothing was done'
fi
</fix>
          <check system="http://oval.mitre.org/XMLSchema/oval-definitions-5">
            <check-content-ref name="oval:ssg-journald_forward_to_syslog:def:1" href="ssg-ubuntu2404-oval.xml"/>
          </check>
          <check system="http://scap.nist.gov/schema/ocil/2">
            <check-content-ref name="ocil:ssg-journald_forward_to_syslog_ocil:questionnaire:1" href="ssg-ubuntu2404-ocil.xml"/>
          </check>
        </Rule>
        <Rule id="xccdf_org.ssgproject.content_rule_journald_storage" selected="false" role="full" severity="medium">
          <title xmlns:xhtml="http://www.w3.org/1999/xhtml" xml:lang="en-US">Ensure journald is configured to write log files to persistent disk</title>
          <description xmlns:xhtml="http://www.w3.org/1999/xhtml" xml:lang="en-US">The journald system may store log files in volatile memory or locally on disk.
If the logs are only stored in volatile memory they will we lost upon reboot.</description>
          <reference href="https://www.cisecurity.org/benchmark/ubuntu_linux/">6.1.2.4</reference>
          <rationale xmlns:xhtml="http://www.w3.org/1999/xhtml" xml:lang="en-US">Log files contain valuable data and need to be persistent to aid in possible investigations.</rationale>
          <fix xmlns:xhtml="http://www.w3.org/1999/xhtml" id="journald_storage" system="urn:xccdf:fix:script:ansible" complexity="low" disruption="low" strategy="restrict">- name: Gather the package facts
  package_facts:
    manager: auto
  tags:
  - journald_storage
  - low_complexity
  - low_disruption
  - medium_severity
  - no_reboot_needed
  - restrict_strategy

- name: Setting unquoted shell-style assignment of 'Storage' to 'persistent' in '/etc/systemd/journald.conf'
  block:

  - name: Check for duplicate values
    lineinfile:
      path: /etc/systemd/journald.conf
      create: true
      regexp: (?i)^\s*Storage=
      state: absent
    check_mode: true
    changed_when: false
    register: dupes

  - name: Deduplicate values from /etc/systemd/journald.conf
    lineinfile:
      path: /etc/systemd/journald.conf
      create: true
      regexp: (?i)^\s*Storage=
      state: absent
    when: dupes.found is defined and dupes.found &gt; 1

  - name: Insert correct line to /etc/systemd/journald.conf
    lineinfile:
      path: /etc/systemd/journald.conf
      create: true
      regexp: (?i)^\s*Storage=
      line: Storage=persistent
      state: present
      insertbefore: ^# Storage
      validate: /usr/bin/bash -n %s
  when: '"linux-base" in ansible_facts.packages'
  tags:
  - journald_storage
  - low_complexity
  - low_disruption
  - medium_severity
  - no_reboot_needed
  - restrict_strategy
</fix>
          <fix xmlns:xhtml="http://www.w3.org/1999/xhtml" id="journald_storage" system="urn:xccdf:fix:script:sh" complexity="low" disruption="low" strategy="restrict"># Remediation is applicable only in certain platforms
if dpkg-query --show --showformat='${db:Status-Status}
' 'linux-base' 2&gt;/dev/null | grep -q ^installed; then

if [ -e "/etc/systemd/journald.conf" ] ; then
    
    LC_ALL=C sed -i "/^\s*Storage\s*=\s*/d" "/etc/systemd/journald.conf"
else
    touch "/etc/systemd/journald.conf"
fi
# make sure file has newline at the end
sed -i -e '$a\' "/etc/systemd/journald.conf"

cp "/etc/systemd/journald.conf" "/etc/systemd/journald.conf.bak"
# Insert before the line matching the regex '^#\s*Storage'.
line_number="$(LC_ALL=C grep -n "^#\s*Storage" "/etc/systemd/journald.conf.bak" | LC_ALL=C sed 's/:.*//g')"
if [ -z "$line_number" ]; then
    # There was no match of '^#\s*Storage', insert at
    # the end of the file.
    printf '%s\n' "Storage=persistent" &gt;&gt; "/etc/systemd/journald.conf"
else
    head -n "$(( line_number - 1 ))" "/etc/systemd/journald.conf.bak" &gt; "/etc/systemd/journald.conf"
    printf '%s\n' "Storage=persistent" &gt;&gt; "/etc/systemd/journald.conf"
    tail -n "+$(( line_number ))" "/etc/systemd/journald.conf.bak" &gt;&gt; "/etc/systemd/journald.conf"
fi
# Clean up after ourselves.
rm "/etc/systemd/journald.conf.bak"

else
    &gt;&amp;2 echo 'Remediation is not applicable, nothing was done'
fi
</fix>
          <check system="http://oval.mitre.org/XMLSchema/oval-definitions-5">
            <check-content-ref name="oval:ssg-journald_storage:def:1" href="ssg-ubuntu2404-oval.xml"/>
          </check>
          <check system="http://scap.nist.gov/schema/ocil/2">
            <check-content-ref name="ocil:ssg-journald_storage_ocil:questionnaire:1" href="ssg-ubuntu2404-ocil.xml"/>
          </check>
        </Rule>
        <Rule id="xccdf_org.ssgproject.content_rule_socket_systemd-journal-remote_disabled" selected="false" role="full" severity="medium">
          <title xmlns:xhtml="http://www.w3.org/1999/xhtml" xml:lang="en-US">Disable systemd-journal-remote Socket</title>
          <description xmlns:xhtml="http://www.w3.org/1999/xhtml" xml:lang="en-US">Journald supports the ability to receive messages from remote hosts,
thus acting as a log server. Clients should not receive data from
other hosts.
NOTE:
    The same package, systemd-journal-remote , is used for both sending
    logs to remote hosts and receiving incoming logs.
    With regards to receiving logs, there are two Systemd unit files;
    systemd-journal-remote.socket and systemd-journal-remote.service.</description>
          <reference href="https://www.cisecurity.org/benchmark/ubuntu_linux/">6.1.2.1.4</reference>
          <rationale xmlns:xhtml="http://www.w3.org/1999/xhtml" xml:lang="en-US">If a client is configured to also receive data, thus turning it into
a server, the client system is acting outside it's operational boundary.</rationale>
          <fix xmlns:xhtml="http://www.w3.org/1999/xhtml" id="socket_systemd-journal-remote_disabled" system="urn:xccdf:fix:script:ansible" complexity="low" disruption="low" strategy="disable">- name: Gather the package facts
  package_facts:
    manager: auto
  tags:
  - disable_strategy
  - low_complexity
  - low_disruption
  - medium_severity
  - no_reboot_needed
  - socket_systemd-journal-remote_disabled

- name: Disable systemd-journal-remote Socket - Collect systemd Socket Units Present
    in the System
  ansible.builtin.command:
    cmd: systemctl -q list-unit-files --type socket
  register: result_systemd_unit_files
  changed_when: false
  when: '"linux-base" in ansible_facts.packages'
  tags:
  - disable_strategy
  - low_complexity
  - low_disruption
  - medium_severity
  - no_reboot_needed
  - socket_systemd-journal-remote_disabled

- name: Disable systemd-journal-remote Socket - Ensure systemd-journal-remote.socket
    is Masked
  ansible.builtin.systemd:
    name: systemd-journal-remote.socket
    state: stopped
    enabled: false
    masked: true
  when:
  - '"linux-base" in ansible_facts.packages'
  - result_systemd_unit_files.stdout_lines is search("systemd-journal-remote.socket")
  tags:
  - disable_strategy
  - low_complexity
  - low_disruption
  - medium_severity
  - no_reboot_needed
  - socket_systemd-journal-remote_disabled
</fix>
          <fix xmlns:xhtml="http://www.w3.org/1999/xhtml" id="socket_systemd-journal-remote_disabled" system="urn:xccdf:fix:script:sh" complexity="low" disruption="low" strategy="disable"># Remediation is applicable only in certain platforms
if dpkg-query --show --showformat='${db:Status-Status}
' 'linux-base' 2&gt;/dev/null | grep -q ^installed; then

SOCKET_NAME="systemd-journal-remote.socket"
SYSTEMCTL_EXEC='/usr/bin/systemctl'

if "$SYSTEMCTL_EXEC" -q list-unit-files --type socket | grep -q "$SOCKET_NAME"; then
    if [[ $("$SYSTEMCTL_EXEC" is-system-running) != "offline" ]]; then
      "$SYSTEMCTL_EXEC" stop "$SOCKET_NAME"
    fi
    "$SYSTEMCTL_EXEC" mask "$SOCKET_NAME"
fi

else
    &gt;&amp;2 echo 'Remediation is not applicable, nothing was done'
fi
</fix>
          <check system="http://oval.mitre.org/XMLSchema/oval-definitions-5">
            <check-content-ref name="oval:ssg-socket_systemd-journal-remote_disabled:def:1" href="ssg-ubuntu2404-oval.xml"/>
          </check>
          <check system="http://scap.nist.gov/schema/ocil/2">
            <check-content-ref name="ocil:ssg-socket_systemd-journal-remote_disabled_ocil:questionnaire:1" href="ssg-ubuntu2404-ocil.xml"/>
          </check>
        </Rule>
        <Rule id="xccdf_org.ssgproject.content_rule_systemd_journal_upload_server_tls" selected="false" role="full" severity="medium">
          <title xmlns:xhtml="http://www.w3.org/1999/xhtml" xml:lang="en-US">Configure systemd-journal-upload TLS parameters: ServerKeyFile, ServerCertificateFile and TrustedCertificateFile</title>
          <description xmlns:xhtml="http://www.w3.org/1999/xhtml" xml:lang="en-US">Ubuntu 24.04 must offload rsyslog messages for networked systems in real time and
offload standalone systems at least weekly</description>
          <reference href="https://public.cyber.mil/stigs/downloads/?_dl_facet_stigs=operating-systems%2Cgeneral-purpose-os">SRG-OS-000479-GPOS-00224</reference>
          <reference href="https://www.cisecurity.org/benchmark/ubuntu_linux/">6.1.2.1.2</reference>
          <rationale xmlns:xhtml="http://www.w3.org/1999/xhtml" xml:lang="en-US">Information stored in one location is vulnerable to accidental or incidental deletion or alteration.
Offloading is a common process in information systems with limited audit storage capacity</rationale>
          <fix xmlns:xhtml="http://www.w3.org/1999/xhtml" id="systemd_journal_upload_server_tls" system="urn:xccdf:fix:script:sh"># Remediation is applicable only in certain platforms
if dpkg-query --show --showformat='${db:Status-Status}
' 'linux-base' 2&gt;/dev/null | grep -q ^installed; then

var_journal_upload_conf_file=/etc/systemd/journal-upload.conf.d/60-journald_upload.conf
mkdir -p /etc/systemd/journal-upload.conf.d
touch /etc/systemd/journal-upload.conf.d/60-journald_upload.conf

# If the key exists, comment it. Otherwise do nothing
# We search for the key string followed by a blank space,
# so if we search for 'setting', 'setting2' won't match.
if LC_ALL=C grep -q -m 1 -i -e "^ServerKeyFile[[:blank:]]" "/etc/systemd/journal-upload.conf(\.d/[^/]+\.conf)"; then
    LC_ALL=C sed -i --follow-symlinks "s/^ServerKeyFile[[:blank:]].*/#&amp;/gi" "/etc/systemd/journal-upload.conf(\.d/[^/]+\.conf)"
fi
# If the key exists, comment it. Otherwise do nothing
# We search for the key string followed by a blank space,
# so if we search for 'setting', 'setting2' won't match.
if LC_ALL=C grep -q -m 1 -i -e "^ServerCertificateFile[[:blank:]]" "/etc/systemd/journal-upload.conf(\.d/[^/]+\.conf)"; then
    LC_ALL=C sed -i --follow-symlinks "s/^ServerCertificateFile[[:blank:]].*/#&amp;/gi" "/etc/systemd/journal-upload.conf(\.d/[^/]+\.conf)"
fi
# If the key exists, comment it. Otherwise do nothing
# We search for the key string followed by a blank space,
# so if we search for 'setting', 'setting2' won't match.
if LC_ALL=C grep -q -m 1 -i -e "^TrustedCertificateFile[[:blank:]]" "/etc/systemd/journal-upload.conf(\.d/[^/]+\.conf)"; then
    LC_ALL=C sed -i --follow-symlinks "s/^TrustedCertificateFile[[:blank:]].*/#&amp;/gi" "/etc/systemd/journal-upload.conf(\.d/[^/]+\.conf)"
fi


var_journal_upload_server_key_file='<xccdf-1.2:sub xmlns:xccdf-1.2="http://checklists.nist.gov/xccdf/1.2" idref="xccdf_org.ssgproject.content_value_var_journal_upload_server_key_file" use="legacy"/>'

# Strip any search characters in the key arg so that the key can be replaced without
# adding any search characters to the config file.
stripped_key=$(sed 's/[\^=\$,;+]*//g' &lt;&lt;&lt; "^ServerKeyFile")

# shellcheck disable=SC2059
printf -v formatted_output "%s=%s" "$stripped_key" "$var_journal_upload_server_key_file"

# If the key exists, change it. Otherwise, add it to the config_file.
# We search for the key string followed by a word boundary (matched by \&gt;),
# so if we search for 'setting', 'setting2' won't match.
if LC_ALL=C grep -q -m 1 -i -e "^ServerKeyFile\\&gt;" "$var_journal_upload_conf_file"; then
    escaped_formatted_output=$(sed -e 's|/|\\/|g' &lt;&lt;&lt; "$formatted_output")
    LC_ALL=C sed -i --follow-symlinks "s/^ServerKeyFile\\&gt;.*/$escaped_formatted_output/gi" "$var_journal_upload_conf_file"
else
    if [[ -s "$var_journal_upload_conf_file" ]] &amp;&amp; [[ -n "$(tail -c 1 -- "$var_journal_upload_conf_file" || true)" ]]; then
        LC_ALL=C sed -i --follow-symlinks '$a'\\ "$var_journal_upload_conf_file"
    fi
    printf '%s\n' "$formatted_output" &gt;&gt; "$var_journal_upload_conf_file"
fi

var_journal_upload_server_certificate_file='<xccdf-1.2:sub xmlns:xccdf-1.2="http://checklists.nist.gov/xccdf/1.2" idref="xccdf_org.ssgproject.content_value_var_journal_upload_server_certificate_file" use="legacy"/>'

# Strip any search characters in the key arg so that the key can be replaced without
# adding any search characters to the config file.
stripped_key=$(sed 's/[\^=\$,;+]*//g' &lt;&lt;&lt; "^ServerCertificateFile")

# shellcheck disable=SC2059
printf -v formatted_output "%s=%s" "$stripped_key" "$var_journal_upload_server_certificate_file"

# If the key exists, change it. Otherwise, add it to the config_file.
# We search for the key string followed by a word boundary (matched by \&gt;),
# so if we search for 'setting', 'setting2' won't match.
if LC_ALL=C grep -q -m 1 -i -e "^ServerCertificateFile\\&gt;" "$var_journal_upload_conf_file"; then
    escaped_formatted_output=$(sed -e 's|/|\\/|g' &lt;&lt;&lt; "$formatted_output")
    LC_ALL=C sed -i --follow-symlinks "s/^ServerCertificateFile\\&gt;.*/$escaped_formatted_output/gi" "$var_journal_upload_conf_file"
else
    if [[ -s "$var_journal_upload_conf_file" ]] &amp;&amp; [[ -n "$(tail -c 1 -- "$var_journal_upload_conf_file" || true)" ]]; then
        LC_ALL=C sed -i --follow-symlinks '$a'\\ "$var_journal_upload_conf_file"
    fi
    printf '%s\n' "$formatted_output" &gt;&gt; "$var_journal_upload_conf_file"
fi

var_journal_upload_server_trusted_certificate_file='<xccdf-1.2:sub xmlns:xccdf-1.2="http://checklists.nist.gov/xccdf/1.2" idref="xccdf_org.ssgproject.content_value_var_journal_upload_server_trusted_certificate_file" use="legacy"/>'

# Strip any search characters in the key arg so that the key can be replaced without
# adding any search characters to the config file.
stripped_key=$(sed 's/[\^=\$,;+]*//g' &lt;&lt;&lt; "^TrustedCertificateFile")

# shellcheck disable=SC2059
printf -v formatted_output "%s=%s" "$stripped_key" "$var_journal_upload_server_trusted_certificate_file"

# If the key exists, change it. Otherwise, add it to the config_file.
# We search for the key string followed by a word boundary (matched by \&gt;),
# so if we search for 'setting', 'setting2' won't match.
if LC_ALL=C grep -q -m 1 -i -e "^TrustedCertificateFile\\&gt;" "$var_journal_upload_conf_file"; then
    escaped_formatted_output=$(sed -e 's|/|\\/|g' &lt;&lt;&lt; "$formatted_output")
    LC_ALL=C sed -i --follow-symlinks "s/^TrustedCertificateFile\\&gt;.*/$escaped_formatted_output/gi" "$var_journal_upload_conf_file"
else
    if [[ -s "$var_journal_upload_conf_file" ]] &amp;&amp; [[ -n "$(tail -c 1 -- "$var_journal_upload_conf_file" || true)" ]]; then
        LC_ALL=C sed -i --follow-symlinks '$a'\\ "$var_journal_upload_conf_file"
    fi
    printf '%s\n' "$formatted_output" &gt;&gt; "$var_journal_upload_conf_file"
fi

else
    &gt;&amp;2 echo 'Remediation is not applicable, nothing was done'
fi
</fix>
          <check system="http://oval.mitre.org/XMLSchema/oval-definitions-5">
            <check-export export-name="oval:ssg-var_journal_upload_server_trusted_certificate_file:var:1" value-id="xccdf_org.ssgproject.content_value_var_journal_upload_server_trusted_certificate_file"/>
            <check-export export-name="oval:ssg-var_journal_upload_server_key_file:var:1" value-id="xccdf_org.ssgproject.content_value_var_journal_upload_server_key_file"/>
            <check-export export-name="oval:ssg-var_journal_upload_server_certificate_file:var:1" value-id="xccdf_org.ssgproject.content_value_var_journal_upload_server_certificate_file"/>
            <check-content-ref name="oval:ssg-systemd_journal_upload_server_tls:def:1" href="ssg-ubuntu2404-oval.xml"/>
          </check>
          <check system="http://scap.nist.gov/schema/ocil/2">
            <check-content-ref name="ocil:ssg-systemd_journal_upload_server_tls_ocil:questionnaire:1" href="ssg-ubuntu2404-ocil.xml"/>
          </check>
        </Rule>
        <Rule id="xccdf_org.ssgproject.content_rule_systemd_journal_upload_url" selected="false" role="full" severity="medium">
          <title xmlns:xhtml="http://www.w3.org/1999/xhtml" xml:lang="en-US">Configure systemd-journal-upload URL</title>
          <description xmlns:xhtml="http://www.w3.org/1999/xhtml" xml:lang="en-US">Ubuntu 24.04 must offload rsyslog messages for networked systems in real time and
offload standalone systems at least weekly</description>
          <reference href="https://public.cyber.mil/stigs/downloads/?_dl_facet_stigs=operating-systems%2Cgeneral-purpose-os">SRG-OS-000479-GPOS-00224</reference>
          <reference href="https://www.cisecurity.org/benchmark/ubuntu_linux/">6.1.2.1.2</reference>
          <rationale xmlns:xhtml="http://www.w3.org/1999/xhtml" xml:lang="en-US">Information stored in one location is vulnerable to accidental or incidental deletion or alteration.
Offloading is a common process in information systems with limited audit storage capacity</rationale>
          <fix xmlns:xhtml="http://www.w3.org/1999/xhtml" id="systemd_journal_upload_url" system="urn:xccdf:fix:script:sh"># Remediation is applicable only in certain platforms
if dpkg-query --show --showformat='${db:Status-Status}
' 'linux-base' 2&gt;/dev/null | grep -q ^installed; then

var_journal_upload_conf_file=/etc/systemd/journal-upload.conf.d/60-journald_upload.conf
mkdir -p /etc/systemd/journal-upload.conf.d
touch /etc/systemd/journal-upload.conf.d/60-journald_upload.conf

# If the key exists, comment it. Otherwise do nothing
# We search for the key string followed by a blank space,
# so if we search for 'setting', 'setting2' won't match.
if LC_ALL=C grep -q -m 1 -i -e "^URL[[:blank:]]" "/etc/systemd/journal-upload.conf(\.d/[^/]+\.conf)"; then
    LC_ALL=C sed -i --follow-symlinks "s/^URL[[:blank:]].*/#&amp;/gi" "/etc/systemd/journal-upload.conf(\.d/[^/]+\.conf)"
fi


var_journal_upload_url='<xccdf-1.2:sub xmlns:xccdf-1.2="http://checklists.nist.gov/xccdf/1.2" idref="xccdf_org.ssgproject.content_value_var_journal_upload_url" use="legacy"/>'

# Strip any search characters in the key arg so that the key can be replaced without
# adding any search characters to the config file.
stripped_key=$(sed 's/[\^=\$,;+]*//g' &lt;&lt;&lt; "^URL")

# shellcheck disable=SC2059
printf -v formatted_output "%s=%s" "$stripped_key" "$var_journal_upload_url"

# If the key exists, change it. Otherwise, add it to the config_file.
# We search for the key string followed by a word boundary (matched by \&gt;),
# so if we search for 'setting', 'setting2' won't match.
if LC_ALL=C grep -q -m 1 -i -e "^URL\\&gt;" "$var_journal_upload_conf_file"; then
    escaped_formatted_output=$(sed -e 's|/|\\/|g' &lt;&lt;&lt; "$formatted_output")
    LC_ALL=C sed -i --follow-symlinks "s/^URL\\&gt;.*/$escaped_formatted_output/gi" "$var_journal_upload_conf_file"
else
    if [[ -s "$var_journal_upload_conf_file" ]] &amp;&amp; [[ -n "$(tail -c 1 -- "$var_journal_upload_conf_file" || true)" ]]; then
        LC_ALL=C sed -i --follow-symlinks '$a'\\ "$var_journal_upload_conf_file"
    fi
    printf '%s\n' "$formatted_output" &gt;&gt; "$var_journal_upload_conf_file"
fi

else
    &gt;&amp;2 echo 'Remediation is not applicable, nothing was done'
fi
</fix>
          <check system="http://oval.mitre.org/XMLSchema/oval-definitions-5">
            <check-export export-name="oval:ssg-var_journal_upload_url:var:1" value-id="xccdf_org.ssgproject.content_value_var_journal_upload_url"/>
            <check-content-ref name="oval:ssg-systemd_journal_upload_url:def:1" href="ssg-ubuntu2404-oval.xml"/>
          </check>
          <check system="http://scap.nist.gov/schema/ocil/2">
            <check-content-ref name="ocil:ssg-systemd_journal_upload_url_ocil:questionnaire:1" href="ssg-ubuntu2404-ocil.xml"/>
          </check>
        </Rule>
      </Group>
      <Group id="xccdf_org.ssgproject.content_group_rsyslog_accepting_remote_messages">
        <title xmlns:xhtml="http://www.w3.org/1999/xhtml" xml:lang="en-US">Configure rsyslogd to Accept Remote Messages If Acting as a Log Server</title>
        <description xmlns:xhtml="http://www.w3.org/1999/xhtml" xml:lang="en-US">By default, <html:code xmlns:html="http://www.w3.org/1999/xhtml">rsyslog</html:code> does not listen over the network
for log messages. If needed, modules can be enabled to allow
the rsyslog daemon to receive messages from other systems and for the system
thus to act as a log server.
If the system is not a log server, then lines concerning these modules
should remain commented out.
<html:br xmlns:html="http://www.w3.org/1999/xhtml"/>
       <html:br xmlns:html="http://www.w3.org/1999/xhtml"/>
      </description>
        <Rule id="xccdf_org.ssgproject.content_rule_rsyslog_nolisten" selected="false" role="full" severity="medium">
          <title xmlns:xhtml="http://www.w3.org/1999/xhtml" xml:lang="en-US">Ensure rsyslog Does Not Accept Remote Messages Unless Acting As Log Server</title>
          <description xmlns:xhtml="http://www.w3.org/1999/xhtml" xml:lang="en-US">The <html:code xmlns:html="http://www.w3.org/1999/xhtml">rsyslog</html:code> daemon should not accept remote messages unless the system acts as a log
server. To ensure that it is not listening on the network, ensure any of the following lines
are <html:i xmlns:html="http://www.w3.org/1999/xhtml">not</html:i> found in <html:code xmlns:html="http://www.w3.org/1999/xhtml">rsyslog</html:code> configuration files.

If using legacy syntax:
<html:pre xmlns:html="http://www.w3.org/1999/xhtml">$ModLoad imtcp
$InputTCPServerRun <html:i>port</html:i>
$ModLoad imudp
$UDPServerRun <html:i>port</html:i>
$ModLoad imrelp
$InputRELPServerRun <html:i>port</html:i>
        </html:pre>

If using RainerScript syntax:
<html:pre xmlns:html="http://www.w3.org/1999/xhtml">module(load="imtcp")
module(load="imudp")
input(type="imtcp" port="514")
input(type="imudp" port="514")
</html:pre>
       </description>
          <reference href="https://www.cisecurity.org/controls/">1</reference>
          <reference href="https://www.cisecurity.org/controls/">11</reference>
          <reference href="https://www.cisecurity.org/controls/">12</reference>
          <reference href="https://www.cisecurity.org/controls/">13</reference>
          <reference href="https://www.cisecurity.org/controls/">14</reference>
          <reference href="https://www.cisecurity.org/controls/">15</reference>
          <reference href="https://www.cisecurity.org/controls/">16</reference>
          <reference href="https://www.cisecurity.org/controls/">18</reference>
          <reference href="https://www.cisecurity.org/controls/">3</reference>
          <reference href="https://www.cisecurity.org/controls/">4</reference>
          <reference href="https://www.cisecurity.org/controls/">5</reference>
          <reference href="https://www.cisecurity.org/controls/">6</reference>
          <reference href="https://www.cisecurity.org/controls/">8</reference>
          <reference href="https://www.cisecurity.org/controls/">9</reference>
          <reference href="https://www.isaca.org/resources/cobit">APO01.06</reference>
          <reference href="https://www.isaca.org/resources/cobit">APO11.04</reference>
          <reference href="https://www.isaca.org/resources/cobit">APO13.01</reference>
          <reference href="https://www.isaca.org/resources/cobit">BAI03.05</reference>
          <reference href="https://www.isaca.org/resources/cobit">BAI10.01</reference>
          <reference href="https://www.isaca.org/resources/cobit">BAI10.02</reference>
          <reference href="https://www.isaca.org/resources/cobit">BAI10.03</reference>
          <reference href="https://www.isaca.org/resources/cobit">BAI10.05</reference>
          <reference href="https://www.isaca.org/resources/cobit">DSS01.05</reference>
          <reference href="https://www.isaca.org/resources/cobit">DSS03.01</reference>
          <reference href="https://www.isaca.org/resources/cobit">DSS05.02</reference>
          <reference href="https://www.isaca.org/resources/cobit">DSS05.04</reference>
          <reference href="https://www.isaca.org/resources/cobit">DSS05.07</reference>
          <reference href="https://www.isaca.org/resources/cobit">DSS06.02</reference>
          <reference href="https://www.isaca.org/resources/cobit">MEA02.01</reference>
          <reference href="https://public.cyber.mil/stigs/cci/">CCI-000366</reference>
          <reference href="https://www.isa.org/products/isa-62443-2-1-2009-security-for-industrial-automat">4.2.3.4</reference>
          <reference href="https://www.isa.org/products/isa-62443-2-1-2009-security-for-industrial-automat">4.3.3.3.9</reference>
          <reference href="https://www.isa.org/products/isa-62443-2-1-2009-security-for-industrial-automat">4.3.3.4</reference>
          <reference href="https://www.isa.org/products/isa-62443-2-1-2009-security-for-industrial-automat">4.3.3.5.8</reference>
          <reference href="https://www.isa.org/products/isa-62443-2-1-2009-security-for-industrial-automat">4.3.4.3.2</reference>
          <reference href="https://www.isa.org/products/isa-62443-2-1-2009-security-for-industrial-automat">4.3.4.3.3</reference>
          <reference href="https://www.isa.org/products/isa-62443-2-1-2009-security-for-industrial-automat">4.3.4.4.7</reference>
          <reference href="https://www.isa.org/products/isa-62443-2-1-2009-security-for-industrial-automat">4.4.2.1</reference>
          <reference href="https://www.isa.org/products/isa-62443-2-1-2009-security-for-industrial-automat">4.4.2.2</reference>
          <reference href="https://www.isa.org/products/isa-62443-2-1-2009-security-for-industrial-automat">4.4.2.4</reference>
          <reference href="https://www.isa.org/products/isa-62443-2-1-2009-security-for-industrial-automat">4.4.3.3</reference>
          <reference href="https://www.isa.org/products/ansi-isa-62443-3-3-99-03-03-2013-security-for-indu">SR 2.10</reference>
          <reference href="https://www.isa.org/products/ansi-isa-62443-3-3-99-03-03-2013-security-for-indu">SR 2.11</reference>
          <reference href="https://www.isa.org/products/ansi-isa-62443-3-3-99-03-03-2013-security-for-indu">SR 2.12</reference>
          <reference href="https://www.isa.org/products/ansi-isa-62443-3-3-99-03-03-2013-security-for-indu">SR 2.8</reference>
          <reference href="https://www.isa.org/products/ansi-isa-62443-3-3-99-03-03-2013-security-for-indu">SR 2.9</reference>
          <reference href="https://www.isa.org/products/ansi-isa-62443-3-3-99-03-03-2013-security-for-indu">SR 3.1</reference>
          <reference href="https://www.isa.org/products/ansi-isa-62443-3-3-99-03-03-2013-security-for-indu">SR 3.5</reference>
          <reference href="https://www.isa.org/products/ansi-isa-62443-3-3-99-03-03-2013-security-for-indu">SR 3.8</reference>
          <reference href="https://www.isa.org/products/ansi-isa-62443-3-3-99-03-03-2013-security-for-indu">SR 4.1</reference>
          <reference href="https://www.isa.org/products/ansi-isa-62443-3-3-99-03-03-2013-security-for-indu">SR 4.3</reference>
          <reference href="https://www.isa.org/products/ansi-isa-62443-3-3-99-03-03-2013-security-for-indu">SR 5.1</reference>
          <reference href="https://www.isa.org/products/ansi-isa-62443-3-3-99-03-03-2013-security-for-indu">SR 5.2</reference>
          <reference href="https://www.isa.org/products/ansi-isa-62443-3-3-99-03-03-2013-security-for-indu">SR 5.3</reference>
          <reference href="https://www.isa.org/products/ansi-isa-62443-3-3-99-03-03-2013-security-for-indu">SR 7.1</reference>
          <reference href="https://www.isa.org/products/ansi-isa-62443-3-3-99-03-03-2013-security-for-indu">SR 7.6</reference>
          <reference href="https://www.cyber.gov.au/acsc/view-all-content/ism">0988</reference>
          <reference href="https://www.cyber.gov.au/acsc/view-all-content/ism">1405</reference>
          <reference href="https://www.iso.org/contents/data/standard/05/45/54534.html">A.10.1.1</reference>
          <reference href="https://www.iso.org/contents/data/standard/05/45/54534.html">A.11.1.4</reference>
          <reference href="https://www.iso.org/contents/data/standard/05/45/54534.html">A.11.1.5</reference>
          <reference href="https://www.iso.org/contents/data/standard/05/45/54534.html">A.11.2.1</reference>
          <reference href="https://www.iso.org/contents/data/standard/05/45/54534.html">A.12.1.1</reference>
          <reference href="https://www.iso.org/contents/data/standard/05/45/54534.html">A.12.1.2</reference>
          <reference href="https://www.iso.org/contents/data/standard/05/45/54534.html">A.12.4.1</reference>
          <reference href="https://www.iso.org/contents/data/standard/05/45/54534.html">A.12.4.2</reference>
          <reference href="https://www.iso.org/contents/data/standard/05/45/54534.html">A.12.4.3</reference>
          <reference href="https://www.iso.org/contents/data/standard/05/45/54534.html">A.12.4.4</reference>
          <reference href="https://www.iso.org/contents/data/standard/05/45/54534.html">A.12.5.1</reference>
          <reference href="https://www.iso.org/contents/data/standard/05/45/54534.html">A.12.6.2</reference>
          <reference href="https://www.iso.org/contents/data/standard/05/45/54534.html">A.12.7.1</reference>
          <reference href="https://www.iso.org/contents/data/standard/05/45/54534.html">A.13.1.1</reference>
          <reference href="https://www.iso.org/contents/data/standard/05/45/54534.html">A.13.1.2</reference>
          <reference href="https://www.iso.org/contents/data/standard/05/45/54534.html">A.13.1.3</reference>
          <reference href="https://www.iso.org/contents/data/standard/05/45/54534.html">A.13.2.1</reference>
          <reference href="https://www.iso.org/contents/data/standard/05/45/54534.html">A.13.2.2</reference>
          <reference href="https://www.iso.org/contents/data/standard/05/45/54534.html">A.13.2.3</reference>
          <reference href="https://www.iso.org/contents/data/standard/05/45/54534.html">A.13.2.4</reference>
          <reference href="https://www.iso.org/contents/data/standard/05/45/54534.html">A.14.1.2</reference>
          <reference href="https://www.iso.org/contents/data/standard/05/45/54534.html">A.14.1.3</reference>
          <reference href="https://www.iso.org/contents/data/standard/05/45/54534.html">A.14.2.2</reference>
          <reference href="https://www.iso.org/contents/data/standard/05/45/54534.html">A.14.2.3</reference>
          <reference href="https://www.iso.org/contents/data/standard/05/45/54534.html">A.14.2.4</reference>
          <reference href="https://www.iso.org/contents/data/standard/05/45/54534.html">A.6.1.2</reference>
          <reference href="https://www.iso.org/contents/data/standard/05/45/54534.html">A.7.1.1</reference>
          <reference href="https://www.iso.org/contents/data/standard/05/45/54534.html">A.7.1.2</reference>
          <reference href="https://www.iso.org/contents/data/standard/05/45/54534.html">A.7.3.1</reference>
          <reference href="https://www.iso.org/contents/data/standard/05/45/54534.html">A.8.2.2</reference>
          <reference href="https://www.iso.org/contents/data/standard/05/45/54534.html">A.8.2.3</reference>
          <reference href="https://www.iso.org/contents/data/standard/05/45/54534.html">A.9.1.1</reference>
          <reference href="https://www.iso.org/contents/data/standard/05/45/54534.html">A.9.1.2</reference>
          <reference href="https://www.iso.org/contents/data/standard/05/45/54534.html">A.9.2.3</reference>
          <reference href="https://www.iso.org/contents/data/standard/05/45/54534.html">A.9.4.1</reference>
          <reference href="https://www.iso.org/contents/data/standard/05/45/54534.html">A.9.4.4</reference>
          <reference href="https://www.iso.org/contents/data/standard/05/45/54534.html">A.9.4.5</reference>
          <reference href="http://nvlpubs.nist.gov/nistpubs/SpecialPublications/NIST.SP.800-53r4.pdf">CM-7(a)</reference>
          <reference href="http://nvlpubs.nist.gov/nistpubs/SpecialPublications/NIST.SP.800-53r4.pdf">CM-7(b)</reference>
          <reference href="http://nvlpubs.nist.gov/nistpubs/SpecialPublications/NIST.SP.800-53r4.pdf">CM-6(a)</reference>
          <reference href="https://nvlpubs.nist.gov/nistpubs/CSWP/NIST.CSWP.04162018.pdf">DE.AE-1</reference>
          <reference href="https://nvlpubs.nist.gov/nistpubs/CSWP/NIST.CSWP.04162018.pdf">ID.AM-3</reference>
          <reference href="https://nvlpubs.nist.gov/nistpubs/CSWP/NIST.CSWP.04162018.pdf">PR.AC-5</reference>
          <reference href="https://nvlpubs.nist.gov/nistpubs/CSWP/NIST.CSWP.04162018.pdf">PR.DS-5</reference>
          <reference href="https://nvlpubs.nist.gov/nistpubs/CSWP/NIST.CSWP.04162018.pdf">PR.IP-1</reference>
          <reference href="https://nvlpubs.nist.gov/nistpubs/CSWP/NIST.CSWP.04162018.pdf">PR.PT-1</reference>
          <reference href="https://nvlpubs.nist.gov/nistpubs/CSWP/NIST.CSWP.04162018.pdf">PR.PT-4</reference>
          <reference href="https://public.cyber.mil/stigs/downloads/?_dl_facet_stigs=operating-systems%2Cgeneral-purpose-os">SRG-OS-000480-GPOS-00227</reference>
          <reference href="https://www.cisecurity.org/benchmark/ubuntu_linux/">6.1.3.7</reference>
          <rationale xmlns:xhtml="http://www.w3.org/1999/xhtml" xml:lang="en-US">Any process which receives messages from the network incurs some risk of receiving malicious
messages. This risk can be eliminated for rsyslog by configuring it not to listen on the
network.</rationale>
          <fix xmlns:xhtml="http://www.w3.org/1999/xhtml" id="rsyslog_nolisten" system="urn:xccdf:fix:script:ansible" complexity="low" disruption="low" strategy="configure">- name: Gather the package facts
  package_facts:
    manager: auto
  tags:
  - NIST-800-53-CM-6(a)
  - NIST-800-53-CM-7(a)
  - NIST-800-53-CM-7(b)
  - configure_strategy
  - low_complexity
  - low_disruption
  - medium_severity
  - no_reboot_needed
  - rsyslog_nolisten

- name: Ensure rsyslog Does Not Accept Remote Messages Unless Acting As Log Server
    - Define Rsyslog Config Lines Regex in Legacy Syntax
  ansible.builtin.set_fact:
    rsyslog_listen_legacy_regex: ^\s*\$(((Input(TCP|RELP)|UDP)ServerRun)|ModLoad\s+(imtcp|imudp|imrelp))
  when: '"linux-base" in ansible_facts.packages'
  tags:
  - NIST-800-53-CM-6(a)
  - NIST-800-53-CM-7(a)
  - NIST-800-53-CM-7(b)
  - configure_strategy
  - low_complexity
  - low_disruption
  - medium_severity
  - no_reboot_needed
  - rsyslog_nolisten

- name: Ensure rsyslog Does Not Accept Remote Messages Unless Acting As Log Server
    - Search for Legacy Config Lines in Rsyslog Main Config File
  ansible.builtin.find:
    paths: /etc
    pattern: rsyslog.conf
    contains: '{{ rsyslog_listen_legacy_regex }}'
  register: rsyslog_listen_legacy_main_file
  when: '"linux-base" in ansible_facts.packages'
  tags:
  - NIST-800-53-CM-6(a)
  - NIST-800-53-CM-7(a)
  - NIST-800-53-CM-7(b)
  - configure_strategy
  - low_complexity
  - low_disruption
  - medium_severity
  - no_reboot_needed
  - rsyslog_nolisten

- name: Ensure rsyslog Does Not Accept Remote Messages Unless Acting As Log Server
    - Search for Legacy Config Lines in Rsyslog Include Files
  ansible.builtin.find:
    paths: /etc/rsyslog.d/
    pattern: '*.conf'
    contains: '{{ rsyslog_listen_legacy_regex }}'
  register: rsyslog_listen_legacy_include_files
  when: '"linux-base" in ansible_facts.packages'
  tags:
  - NIST-800-53-CM-6(a)
  - NIST-800-53-CM-7(a)
  - NIST-800-53-CM-7(b)
  - configure_strategy
  - low_complexity
  - low_disruption
  - medium_severity
  - no_reboot_needed
  - rsyslog_nolisten

- name: Ensure rsyslog Does Not Accept Remote Messages Unless Acting As Log Server
    - Assemble List of Config Files With Listen Lines in Legacy Syntax
  ansible.builtin.set_fact:
    rsyslog_legacy_remote_listen_files: '{{ rsyslog_listen_legacy_main_file.files
      | map(attribute=''path'') | list + rsyslog_listen_legacy_include_files.files
      | map(attribute=''path'') | list }}'
  when: '"linux-base" in ansible_facts.packages'
  tags:
  - NIST-800-53-CM-6(a)
  - NIST-800-53-CM-7(a)
  - NIST-800-53-CM-7(b)
  - configure_strategy
  - low_complexity
  - low_disruption
  - medium_severity
  - no_reboot_needed
  - rsyslog_nolisten

- name: Ensure rsyslog Does Not Accept Remote Messages Unless Acting As Log Server
    - Comment Listen Config Lines Wherever Defined Using Legacy Syntax
  ansible.builtin.replace:
    path: '{{ item }}'
    regexp: '{{ rsyslog_listen_legacy_regex }}'
    replace: '# \1'
  loop: '{{ rsyslog_legacy_remote_listen_files }}'
  register: rsyslog_listen_legacy_comment
  when:
  - '"linux-base" in ansible_facts.packages'
  - rsyslog_legacy_remote_listen_files | length &gt; 0
  tags:
  - NIST-800-53-CM-6(a)
  - NIST-800-53-CM-7(a)
  - NIST-800-53-CM-7(b)
  - configure_strategy
  - low_complexity
  - low_disruption
  - medium_severity
  - no_reboot_needed
  - rsyslog_nolisten

- name: Ensure rsyslog Does Not Accept Remote Messages Unless Acting As Log Server
    - Define Rsyslog Config Lines Regex in RainerScript Syntax
  ansible.builtin.set_fact:
    rsyslog_listen_rainer_regex: ^\s*(module|input)\((load|type)="(imtcp|imudp)".*$
  when: '"linux-base" in ansible_facts.packages'
  tags:
  - NIST-800-53-CM-6(a)
  - NIST-800-53-CM-7(a)
  - NIST-800-53-CM-7(b)
  - configure_strategy
  - low_complexity
  - low_disruption
  - medium_severity
  - no_reboot_needed
  - rsyslog_nolisten

- name: Ensure rsyslog Does Not Accept Remote Messages Unless Acting As Log Server
    - Search for RainerScript Config Lines in Rsyslog Main Config File
  ansible.builtin.find:
    paths: /etc
    pattern: rsyslog.conf
    contains: '{{ rsyslog_listen_rainer_regex }}'
  register: rsyslog_rainer_remote_main_file
  when: '"linux-base" in ansible_facts.packages'
  tags:
  - NIST-800-53-CM-6(a)
  - NIST-800-53-CM-7(a)
  - NIST-800-53-CM-7(b)
  - configure_strategy
  - low_complexity
  - low_disruption
  - medium_severity
  - no_reboot_needed
  - rsyslog_nolisten

- name: Ensure rsyslog Does Not Accept Remote Messages Unless Acting As Log Server
    - Search for RainerScript Config Lines in Rsyslog Include Files
  ansible.builtin.find:
    paths: /etc/rsyslog.d/
    pattern: '*.conf'
    contains: '{{ rsyslog_listen_rainer_regex }}'
  register: rsyslog_rainer_remote_include_files
  when: '"linux-base" in ansible_facts.packages'
  tags:
  - NIST-800-53-CM-6(a)
  - NIST-800-53-CM-7(a)
  - NIST-800-53-CM-7(b)
  - configure_strategy
  - low_complexity
  - low_disruption
  - medium_severity
  - no_reboot_needed
  - rsyslog_nolisten

- name: Ensure rsyslog Does Not Accept Remote Messages Unless Acting As Log Server
    - Assemble List of Config Files With Listen Lines in RainerScript
  ansible.builtin.set_fact:
    rsyslog_rainer_remote_listen_files: '{{ rsyslog_rainer_remote_main_file.files
      | map(attribute=''path'') | list + rsyslog_rainer_remote_include_files.files
      | map(attribute=''path'') | list }}'
  when: '"linux-base" in ansible_facts.packages'
  tags:
  - NIST-800-53-CM-6(a)
  - NIST-800-53-CM-7(a)
  - NIST-800-53-CM-7(b)
  - configure_strategy
  - low_complexity
  - low_disruption
  - medium_severity
  - no_reboot_needed
  - rsyslog_nolisten

- name: Ensure rsyslog Does Not Accept Remote Messages Unless Acting As Log Server
    - Comment Listen Config Lines Wherever Defined Using RainerScript
  ansible.builtin.replace:
    path: '{{ item }}'
    regexp: '{{ rsyslog_listen_rainer_regex }}'
    replace: '# \1'
  loop: '{{ rsyslog_rainer_remote_listen_files }}'
  register: rsyslog_listen_rainer_comment
  when:
  - '"linux-base" in ansible_facts.packages'
  - rsyslog_rainer_remote_listen_files | length &gt; 0
  tags:
  - NIST-800-53-CM-6(a)
  - NIST-800-53-CM-7(a)
  - NIST-800-53-CM-7(b)
  - configure_strategy
  - low_complexity
  - low_disruption
  - medium_severity
  - no_reboot_needed
  - rsyslog_nolisten

- name: Ensure rsyslog Does Not Accept Remote Messages Unless Acting As Log Server
    - Restart Rsyslog if Any Line Were Commented Out
  ansible.builtin.service:
    name: rsyslog
    state: restarted
  when:
  - '"linux-base" in ansible_facts.packages'
  - rsyslog_listen_legacy_comment is changed or rsyslog_listen_rainer_comment is changed
  tags:
  - NIST-800-53-CM-6(a)
  - NIST-800-53-CM-7(a)
  - NIST-800-53-CM-7(b)
  - configure_strategy
  - low_complexity
  - low_disruption
  - medium_severity
  - no_reboot_needed
  - rsyslog_nolisten
</fix>
          <fix xmlns:xhtml="http://www.w3.org/1999/xhtml" id="rsyslog_nolisten" system="urn:xccdf:fix:script:sh" complexity="low" disruption="low" strategy="configure"># Remediation is applicable only in certain platforms
if dpkg-query --show --showformat='${db:Status-Status}
' 'linux-base' 2&gt;/dev/null | grep -q ^installed; then

legacy_regex='^\s*\$(((Input(TCP|RELP)|UDP)ServerRun)|ModLoad\s+(imtcp|imudp|imrelp))'
rainer_regex='^\s*(module|input)\((load|type)="(imtcp|imudp)".*$'

readarray -t legacy_targets &lt; &lt;(grep -l -E -r "${legacy_regex[@]}" /etc/rsyslog.conf /etc/rsyslog.d/)
readarray -t rainer_targets &lt; &lt;(grep -l -E -r "${rainer_regex[@]}" /etc/rsyslog.conf /etc/rsyslog.d/)

config_changed=false
if [ ${#legacy_targets[@]} -gt 0 ]; then
    for target in "${legacy_targets[@]}"; do
        sed -E -i "/$legacy_regex/ s/^/# /" "$target"
    done
    config_changed=true
fi

if [ ${#rainer_targets[@]} -gt 0 ]; then
    for target in "${rainer_targets[@]}"; do
        sed -E -i "/$rainer_regex/ s/^/# /" "$target"
    done
    config_changed=true
fi

if $config_changed; then
    systemctl restart rsyslog.service
fi

else
    &gt;&amp;2 echo 'Remediation is not applicable, nothing was done'
fi
</fix>
          <check system="http://oval.mitre.org/XMLSchema/oval-definitions-5">
            <check-content-ref name="oval:ssg-rsyslog_nolisten:def:1" href="ssg-ubuntu2404-oval.xml"/>
          </check>
          <check system="http://scap.nist.gov/schema/ocil/2">
            <check-content-ref name="ocil:ssg-rsyslog_nolisten_ocil:questionnaire:1" href="ssg-ubuntu2404-ocil.xml"/>
          </check>
        </Rule>
      </Group>
      <Group id="xccdf_org.ssgproject.content_group_rsyslog_sending_messages">
        <title xmlns:xhtml="http://www.w3.org/1999/xhtml" xml:lang="en-US">Rsyslog Logs Sent To Remote Host</title>
        <description xmlns:xhtml="http://www.w3.org/1999/xhtml" xml:lang="en-US">If system logs are to be useful in detecting malicious
activities, it is necessary to send logs to a remote server. An
intruder who has compromised the root account on a system may
delete the log entries which indicate that the system was attacked
before they are seen by an administrator.
<html:br xmlns:html="http://www.w3.org/1999/xhtml"/>
       <html:br xmlns:html="http://www.w3.org/1999/xhtml"/>
However, it is recommended that logs be stored on the local
host in addition to being sent to the loghost, especially if
<html:code xmlns:html="http://www.w3.org/1999/xhtml">rsyslog</html:code> has been configured to use the UDP protocol to send
messages over a network. UDP does not guarantee reliable delivery,
and moderately busy sites will lose log messages occasionally,
especially in periods of high traffic which may be the result of an
attack. In addition, remote <html:code xmlns:html="http://www.w3.org/1999/xhtml">rsyslog</html:code> messages are not
authenticated in any way by default, so it is easy for an attacker to
introduce spurious messages to the central log server. Also, some
problems cause loss of network connectivity, which will prevent the
sending of messages to the central server. For all of these reasons, it is
better to store log messages both centrally and on each host, so
that they can be correlated if necessary.</description>
        <Value id="xccdf_org.ssgproject.content_value_rsyslog_remote_loghost_address" type="string" interactive="true">
          <title xmlns:xhtml="http://www.w3.org/1999/xhtml" xml:lang="en-US">Remote Log Server</title>
          <description xmlns:xhtml="http://www.w3.org/1999/xhtml" xml:lang="en-US">Specify an URI or IP address of a remote host where the log messages will be sent and stored.</description>
          <value>logcollector</value>
        </Value>
        <Rule id="xccdf_org.ssgproject.content_rule_rsyslog_remote_loghost" selected="false" role="full" severity="medium">
          <title xmlns:xhtml="http://www.w3.org/1999/xhtml" xml:lang="en-US">Ensure Logs Sent To Remote Host</title>
          <description xmlns:xhtml="http://www.w3.org/1999/xhtml" xml:lang="en-US">To configure rsyslog to send logs to a remote log server,
open <html:code xmlns:html="http://www.w3.org/1999/xhtml">/etc/rsyslog.conf</html:code> and read and understand the last section of the file,
which describes the multiple directives necessary to activate remote
logging.
Along with these other directives, the system can be configured
to forward its logs to a particular log server by
adding or correcting one of the following lines,
substituting <html:code xmlns:html="http://www.w3.org/1999/xhtml" xmlns:xccdf-1.2="http://checklists.nist.gov/xccdf/1.2"><html:i><xccdf-1.2:sub idref="xccdf_org.ssgproject.content_value_rsyslog_remote_loghost_address" use="legacy"/></html:i></html:code> appropriately.
The choice of protocol depends on the environment of the system;
although TCP and RELP provide more reliable message delivery,
they may not be supported in all environments.
<html:br xmlns:html="http://www.w3.org/1999/xhtml"/>
To use UDP for log message delivery:
<html:pre xmlns:html="http://www.w3.org/1999/xhtml" xmlns:xccdf-1.2="http://checklists.nist.gov/xccdf/1.2">*.* @<html:i><xccdf-1.2:sub idref="xccdf_org.ssgproject.content_value_rsyslog_remote_loghost_address" use="legacy"/></html:i>
        </html:pre>
        <html:br xmlns:html="http://www.w3.org/1999/xhtml"/>
To use TCP for log message delivery:
<html:pre xmlns:html="http://www.w3.org/1999/xhtml" xmlns:xccdf-1.2="http://checklists.nist.gov/xccdf/1.2">*.* @@<html:i><xccdf-1.2:sub idref="xccdf_org.ssgproject.content_value_rsyslog_remote_loghost_address" use="legacy"/></html:i>
        </html:pre>
        <html:br xmlns:html="http://www.w3.org/1999/xhtml"/>
To use RELP for log message delivery:
<html:pre xmlns:html="http://www.w3.org/1999/xhtml" xmlns:xccdf-1.2="http://checklists.nist.gov/xccdf/1.2">*.* :omrelp:<html:i><xccdf-1.2:sub idref="xccdf_org.ssgproject.content_value_rsyslog_remote_loghost_address" use="legacy"/></html:i>
        </html:pre>
        <html:br xmlns:html="http://www.w3.org/1999/xhtml"/>
There must be a resolvable DNS CNAME or Alias record set to "<xccdf-1.2:sub xmlns:xccdf-1.2="http://checklists.nist.gov/xccdf/1.2" idref="xccdf_org.ssgproject.content_value_rsyslog_remote_loghost_address" use="legacy"/>" for logs to be sent correctly to the centralized logging utility.</description>
          <warning xmlns:xhtml="http://www.w3.org/1999/xhtml" xml:lang="en-US" category="functionality">It is important to configure queues in case the client is sending log
messages to a remote server. If queues are not configured,
the system will stop functioning when the connection
to the remote server is not available. Please consult Rsyslog
documentation for more information about configuration of queues. The
example configuration which should go into <html:code xmlns:html="http://www.w3.org/1999/xhtml">/etc/rsyslog.conf</html:code>
can look like the following lines:
<html:pre xmlns:html="http://www.w3.org/1999/xhtml">
$ActionQueueType LinkedList
$ActionQueueFileName queuefilename
$ActionQueueMaxDiskSpace 1g
$ActionQueueSaveOnShutdown on
$ActionResumeRetryCount -1
</html:pre>
       </warning>
          <reference href="https://www.cisecurity.org/controls/">1</reference>
          <reference href="https://www.cisecurity.org/controls/">13</reference>
          <reference href="https://www.cisecurity.org/controls/">14</reference>
          <reference href="https://www.cisecurity.org/controls/">15</reference>
          <reference href="https://www.cisecurity.org/controls/">16</reference>
          <reference href="https://www.cisecurity.org/controls/">2</reference>
          <reference href="https://www.cisecurity.org/controls/">3</reference>
          <reference href="https://www.cisecurity.org/controls/">5</reference>
          <reference href="https://www.cisecurity.org/controls/">6</reference>
          <reference href="https://www.isaca.org/resources/cobit">APO11.04</reference>
          <reference href="https://www.isaca.org/resources/cobit">APO13.01</reference>
          <reference href="https://www.isaca.org/resources/cobit">BAI03.05</reference>
          <reference href="https://www.isaca.org/resources/cobit">BAI04.04</reference>
          <reference href="https://www.isaca.org/resources/cobit">DSS05.04</reference>
          <reference href="https://www.isaca.org/resources/cobit">DSS05.07</reference>
          <reference href="https://www.isaca.org/resources/cobit">MEA02.01</reference>
          <reference href="https://public.cyber.mil/stigs/cci/">CCI-000366</reference>
          <reference href="https://public.cyber.mil/stigs/cci/">CCI-001851</reference>
          <reference href="https://www.gpo.gov/fdsys/pkg/CFR-2007-title45-vol1/pdf/CFR-2007-title45-vol1-chapA-subchapC.pdf">164.308(a)(1)(ii)(D)</reference>
          <reference href="https://www.gpo.gov/fdsys/pkg/CFR-2007-title45-vol1/pdf/CFR-2007-title45-vol1-chapA-subchapC.pdf">164.308(a)(5)(ii)(B)</reference>
          <reference href="https://www.gpo.gov/fdsys/pkg/CFR-2007-title45-vol1/pdf/CFR-2007-title45-vol1-chapA-subchapC.pdf">164.308(a)(5)(ii)(C)</reference>
          <reference href="https://www.gpo.gov/fdsys/pkg/CFR-2007-title45-vol1/pdf/CFR-2007-title45-vol1-chapA-subchapC.pdf">164.308(a)(6)(ii)</reference>
          <reference href="https://www.gpo.gov/fdsys/pkg/CFR-2007-title45-vol1/pdf/CFR-2007-title45-vol1-chapA-subchapC.pdf">164.308(a)(8)</reference>
          <reference href="https://www.gpo.gov/fdsys/pkg/CFR-2007-title45-vol1/pdf/CFR-2007-title45-vol1-chapA-subchapC.pdf">164.310(d)(2)(iii)</reference>
          <reference href="https://www.gpo.gov/fdsys/pkg/CFR-2007-title45-vol1/pdf/CFR-2007-title45-vol1-chapA-subchapC.pdf">164.312(b)</reference>
          <reference href="https://www.gpo.gov/fdsys/pkg/CFR-2007-title45-vol1/pdf/CFR-2007-title45-vol1-chapA-subchapC.pdf">164.314(a)(2)(i)(C)</reference>
          <reference href="https://www.gpo.gov/fdsys/pkg/CFR-2007-title45-vol1/pdf/CFR-2007-title45-vol1-chapA-subchapC.pdf">164.314(a)(2)(iii)</reference>
          <reference href="https://www.isa.org/products/isa-62443-2-1-2009-security-for-industrial-automat">4.3.3.3.9</reference>
          <reference href="https://www.isa.org/products/isa-62443-2-1-2009-security-for-industrial-automat">4.3.3.5.8</reference>
          <reference href="https://www.isa.org/products/isa-62443-2-1-2009-security-for-industrial-automat">4.3.4.4.7</reference>
          <reference href="https://www.isa.org/products/isa-62443-2-1-2009-security-for-industrial-automat">4.4.2.1</reference>
          <reference href="https://www.isa.org/products/isa-62443-2-1-2009-security-for-industrial-automat">4.4.2.2</reference>
          <reference href="https://www.isa.org/products/isa-62443-2-1-2009-security-for-industrial-automat">4.4.2.4</reference>
          <reference href="https://www.isa.org/products/ansi-isa-62443-3-3-99-03-03-2013-security-for-indu">SR 2.10</reference>
          <reference href="https://www.isa.org/products/ansi-isa-62443-3-3-99-03-03-2013-security-for-indu">SR 2.11</reference>
          <reference href="https://www.isa.org/products/ansi-isa-62443-3-3-99-03-03-2013-security-for-indu">SR 2.12</reference>
          <reference href="https://www.isa.org/products/ansi-isa-62443-3-3-99-03-03-2013-security-for-indu">SR 2.8</reference>
          <reference href="https://www.isa.org/products/ansi-isa-62443-3-3-99-03-03-2013-security-for-indu">SR 2.9</reference>
          <reference href="https://www.isa.org/products/ansi-isa-62443-3-3-99-03-03-2013-security-for-indu">SR 7.1</reference>
          <reference href="https://www.isa.org/products/ansi-isa-62443-3-3-99-03-03-2013-security-for-indu">SR 7.2</reference>
          <reference href="https://www.cyber.gov.au/acsc/view-all-content/ism">0988</reference>
          <reference href="https://www.cyber.gov.au/acsc/view-all-content/ism">1405</reference>
          <reference href="https://www.iso.org/contents/data/standard/05/45/54534.html">A.12.1.3</reference>
          <reference href="https://www.iso.org/contents/data/standard/05/45/54534.html">A.12.4.1</reference>
          <reference href="https://www.iso.org/contents/data/standard/05/45/54534.html">A.12.4.2</reference>
          <reference href="https://www.iso.org/contents/data/standard/05/45/54534.html">A.12.4.3</reference>
          <reference href="https://www.iso.org/contents/data/standard/05/45/54534.html">A.12.4.4</reference>
          <reference href="https://www.iso.org/contents/data/standard/05/45/54534.html">A.12.7.1</reference>
          <reference href="https://www.iso.org/contents/data/standard/05/45/54534.html">A.17.2.1</reference>
          <reference href="https://www.nerc.com/pa/Stand/AlignRep/One%20Stop%20Shop.xlsx">CIP-003-8 R5.2</reference>
          <reference href="https://www.nerc.com/pa/Stand/AlignRep/One%20Stop%20Shop.xlsx">CIP-004-6 R3.3</reference>
          <reference href="http://nvlpubs.nist.gov/nistpubs/SpecialPublications/NIST.SP.800-53r4.pdf">CM-6(a)</reference>
          <reference href="http://nvlpubs.nist.gov/nistpubs/SpecialPublications/NIST.SP.800-53r4.pdf">AU-4(1)</reference>
          <reference href="http://nvlpubs.nist.gov/nistpubs/SpecialPublications/NIST.SP.800-53r4.pdf">AU-9(2)</reference>
          <reference href="https://nvlpubs.nist.gov/nistpubs/CSWP/NIST.CSWP.04162018.pdf">PR.DS-4</reference>
          <reference href="https://nvlpubs.nist.gov/nistpubs/CSWP/NIST.CSWP.04162018.pdf">PR.PT-1</reference>
          <reference href="https://public.cyber.mil/stigs/downloads/?_dl_facet_stigs=operating-systems%2Cgeneral-purpose-os">SRG-OS-000479-GPOS-00224</reference>
          <reference href="https://public.cyber.mil/stigs/downloads/?_dl_facet_stigs=operating-systems%2Cgeneral-purpose-os">SRG-OS-000480-GPOS-00227</reference>
          <reference href="https://public.cyber.mil/stigs/downloads/?_dl_facet_stigs=operating-systems%2Cgeneral-purpose-os">SRG-OS-000342-GPOS-00133</reference>
          <reference href="https://cyber.gouv.fr/sites/default/files/document/linux_configuration-en-v2.pdf">R71</reference>
          <rationale xmlns:xhtml="http://www.w3.org/1999/xhtml" xml:lang="en-US">A log server (loghost) receives syslog messages from one or more
systems. This data can be used as an additional log source in the event a
system is compromised and its local logs are suspect. Forwarding log messages
to a remote loghost also provides system administrators with a centralized
place to view the status of multiple hosts within the enterprise.</rationale>
          <fix xmlns:xhtml="http://www.w3.org/1999/xhtml" id="rsyslog_remote_loghost" system="urn:xccdf:fix:script:sh"># Remediation is applicable only in certain platforms
if dpkg-query --show --showformat='${db:Status-Status}
' 'linux-base' 2&gt;/dev/null | grep -q ^installed; then

rsyslog_remote_loghost_address='<xccdf-1.2:sub xmlns:xccdf-1.2="http://checklists.nist.gov/xccdf/1.2" idref="xccdf_org.ssgproject.content_value_rsyslog_remote_loghost_address" use="legacy"/>'


# Strip any search characters in the key arg so that the key can be replaced without
# adding any search characters to the config file.
stripped_key=$(sed 's/[\^=\$,;+]*//g' &lt;&lt;&lt; "^\*\.\*")

# shellcheck disable=SC2059
printf -v formatted_output "%s %s" "$stripped_key" "@@$rsyslog_remote_loghost_address"

# If the key exists, change it. Otherwise, add it to the config_file.
# We search for the key string followed by a word boundary (matched by \&gt;),
# so if we search for 'setting', 'setting2' won't match.
if LC_ALL=C grep -q -m 1 -i -e "^\*\.\*\\&gt;" "/etc/rsyslog.conf"; then
    escaped_formatted_output=$(sed -e 's|/|\\/|g' &lt;&lt;&lt; "$formatted_output")
    LC_ALL=C sed -i --follow-symlinks "s/^\*\.\*\\&gt;.*/$escaped_formatted_output/gi" "/etc/rsyslog.conf"
else
    if [[ -s "/etc/rsyslog.conf" ]] &amp;&amp; [[ -n "$(tail -c 1 -- "/etc/rsyslog.conf" || true)" ]]; then
        LC_ALL=C sed -i --follow-symlinks '$a'\\ "/etc/rsyslog.conf"
    fi
    printf '%s\n' "$formatted_output" &gt;&gt; "/etc/rsyslog.conf"
fi

else
    &gt;&amp;2 echo 'Remediation is not applicable, nothing was done'
fi
</fix>
          <check system="http://oval.mitre.org/XMLSchema/oval-definitions-5">
            <check-content-ref name="oval:ssg-rsyslog_remote_loghost:def:1" href="ssg-ubuntu2404-oval.xml"/>
          </check>
          <check system="http://scap.nist.gov/schema/ocil/2">
            <check-content-ref name="ocil:ssg-rsyslog_remote_loghost_ocil:questionnaire:1" href="ssg-ubuntu2404-ocil.xml"/>
          </check>
        </Rule>
      </Group>
    </Group>
    <Group id="xccdf_org.ssgproject.content_group_network">
      <title xmlns:xhtml="http://www.w3.org/1999/xhtml" xml:lang="en-US">Network Configuration and Firewalls</title>
      <description xmlns:xhtml="http://www.w3.org/1999/xhtml" xml:lang="en-US">Most systems must be connected to a network of some
sort, and this brings with it the substantial risk of network
attack. This section discusses the security impact of decisions
about networking which must be made when configuring a system.
<html:br xmlns:html="http://www.w3.org/1999/xhtml"/>
      <html:br xmlns:html="http://www.w3.org/1999/xhtml"/>
This section also discusses firewalls, network access
controls, and other network security frameworks, which allow
system-level rules to be written that can limit an attackers' ability
to connect to your system. These rules can specify that network
traffic should be allowed or denied from certain IP addresses,
hosts, and networks. The rules can also specify which of the
system's network services are available to particular hosts or
networks.</description>
      <Value id="xccdf_org.ssgproject.content_value_var_network_filtering_service" type="string" interactive="true">
        <title xmlns:xhtml="http://www.w3.org/1999/xhtml" xml:lang="en-US">Network filtering service</title>
        <description xmlns:xhtml="http://www.w3.org/1999/xhtml" xml:lang="en-US">Network filtering service: iptables, nftables, firewalld or ufw</description>
        <value selector="iptables">iptables</value>
        <value selector="nftables">nftables</value>
        <value selector="ufw">ufw</value>
        <value>nftables</value>
      </Value>
      <Rule id="xccdf_org.ssgproject.content_rule_firewall_single_service_active" selected="false" role="full" severity="medium">
        <title xmlns:xhtml="http://www.w3.org/1999/xhtml" xml:lang="en-US">Ensure Only One Firewall Service is Active</title>
        <description xmlns:xhtml="http://www.w3.org/1999/xhtml" xml:lang="en-US">The system must have exactly one active firewall service running to avoid conflicts
and ensure consistent packet filtering. Only one of the following services should
be enabled and active at any time:
<html:ul xmlns:html="http://www.w3.org/1999/xhtml"><html:li>ufw - Uncomplicated Firewall (Ubuntu/Debian default)</html:li><html:li>iptables - Classic Linux firewall</html:li><html:li>nftables - Next Generation Firewall replacement for iptables</html:li></html:ul>
Having zero active firewalls leaves the system vulnerable, while having multiple
active firewalls can lead to rule conflicts and security gaps.</description>
        <warning xmlns:xhtml="http://www.w3.org/1999/xhtml" xml:lang="en-US" category="general">This rule does not come with a remediation. There are specific rules
for enabling each firewall which should be enabled instead.</warning>
        <reference href="https://www.cisecurity.org/benchmark/ubuntu_linux/">4.1.1</reference>
        <rationale xmlns:xhtml="http://www.w3.org/1999/xhtml" xml:lang="en-US">Running multiple firewall services simultaneously can lead to conflicts in rule
processing, unpredictable behavior, and potential security gaps. A single
firewall service ensures consistent and predictable packet filtering.

Having no active firewall service leaves the system exposed to network-based
attacks and unauthorized access.</rationale>
        <platform idref="#machine"/>
        <check system="http://oval.mitre.org/XMLSchema/oval-definitions-5">
          <check-content-ref name="oval:ssg-firewall_single_service_active:def:1" href="ssg-ubuntu2404-oval.xml"/>
        </check>
      </Rule>
      <Group id="xccdf_org.ssgproject.content_group_network-iptables">
        <title xmlns:xhtml="http://www.w3.org/1999/xhtml" xml:lang="en-US">iptables and ip6tables</title>
        <description xmlns:xhtml="http://www.w3.org/1999/xhtml" xml:lang="en-US">A host-based firewall called <html:code xmlns:html="http://www.w3.org/1999/xhtml">netfilter</html:code> is included as
part of the Linux kernel distributed with the system. It is
activated by default. This firewall is controlled by the program
<html:code xmlns:html="http://www.w3.org/1999/xhtml">iptables</html:code>, and the entire capability is frequently referred to by
this name. An analogous program called <html:code xmlns:html="http://www.w3.org/1999/xhtml">ip6tables</html:code> handles filtering
for IPv6.
<html:br xmlns:html="http://www.w3.org/1999/xhtml"/>
       <html:br xmlns:html="http://www.w3.org/1999/xhtml"/>
Unlike TCP Wrappers, which depends on the network server
program to support and respect the rules written, <html:code xmlns:html="http://www.w3.org/1999/xhtml">netfilter</html:code>
filtering occurs at the kernel level, before a program can even
process the data from the network packet. As such, any program on
the system is affected by the rules written.
<html:br xmlns:html="http://www.w3.org/1999/xhtml"/>
       <html:br xmlns:html="http://www.w3.org/1999/xhtml"/>
This section provides basic information about strengthening
the <html:code xmlns:html="http://www.w3.org/1999/xhtml">iptables</html:code> and <html:code xmlns:html="http://www.w3.org/1999/xhtml">ip6tables</html:code> configurations included with the system.
For more complete information that may allow the construction of a
sophisticated ruleset tailored to your environment, please consult
the references at the end of this section.</description>
        <Rule id="xccdf_org.ssgproject.content_rule_package_iptables-persistent_installed" selected="false" role="full" severity="medium">
          <title xmlns:xhtml="http://www.w3.org/1999/xhtml" xml:lang="en-US">Install iptables-persistent Package</title>
          <description xmlns:xhtml="http://www.w3.org/1999/xhtml" xml:lang="en-US">The <html:code xmlns:html="http://www.w3.org/1999/xhtml">iptables-persistent</html:code> package can be installed with the following command:
<html:pre xmlns:html="http://www.w3.org/1999/xhtml">
$ apt-get install iptables-persistent</html:pre>
       </description>
          <reference href="https://www.cisecurity.org/benchmark/ubuntu_linux/">4.4.1.1</reference>
          <rationale xmlns:xhtml="http://www.w3.org/1999/xhtml" xml:lang="en-US">A method of configuring and maintaining firewall rules is
necessary to configure a Host Based Firewall.</rationale>
          <platform idref="#package_iptables"/>
          <fix xmlns:xhtml="http://www.w3.org/1999/xhtml" id="package_iptables-persistent_installed" system="urn:redhat:osbuild:blueprint">
[[packages]]
name = "iptables-persistent"
version = "*"
</fix>
          <fix xmlns:xhtml="http://www.w3.org/1999/xhtml" id="package_iptables-persistent_installed" system="urn:xccdf:fix:script:puppet" complexity="low" disruption="low" strategy="enable">include install_iptables-persistent

class install_iptables-persistent {
  package { 'iptables-persistent':
    ensure =&gt; 'installed',
  }
}
</fix>
          <fix xmlns:xhtml="http://www.w3.org/1999/xhtml" id="package_iptables-persistent_installed" system="urn:xccdf:fix:script:ansible" complexity="low" disruption="low" strategy="enable">- name: Gather the package facts
  package_facts:
    manager: auto
  tags:
  - enable_strategy
  - low_complexity
  - low_disruption
  - medium_severity
  - no_reboot_needed
  - package_iptables-persistent_installed

- name: Ensure iptables-persistent is installed
  package:
    name: iptables-persistent
    state: present
  when: '"iptables" in ansible_facts.packages'
  tags:
  - enable_strategy
  - low_complexity
  - low_disruption
  - medium_severity
  - no_reboot_needed
  - package_iptables-persistent_installed
</fix>
          <fix xmlns:xhtml="http://www.w3.org/1999/xhtml" id="package_iptables-persistent_installed" system="urn:xccdf:fix:script:sh" complexity="low" disruption="low" strategy="enable"># Remediation is applicable only in certain platforms
if dpkg-query --show --showformat='${db:Status-Status}\n' 'iptables' 2&gt;/dev/null | grep -q '^installed'; then

DEBIAN_FRONTEND=noninteractive apt-get install -y "iptables-persistent"

else
    &gt;&amp;2 echo 'Remediation is not applicable, nothing was done'
fi
</fix>
          <check system="http://oval.mitre.org/XMLSchema/oval-definitions-5">
            <check-content-ref name="oval:ssg-package_iptables-persistent_installed:def:1" href="ssg-ubuntu2404-oval.xml"/>
          </check>
          <check system="http://scap.nist.gov/schema/ocil/2">
            <check-content-ref name="ocil:ssg-package_iptables-persistent_installed_ocil:questionnaire:1" href="ssg-ubuntu2404-ocil.xml"/>
          </check>
        </Rule>
        <Rule id="xccdf_org.ssgproject.content_rule_package_iptables_installed" selected="false" role="full" severity="medium">
          <title xmlns:xhtml="http://www.w3.org/1999/xhtml" xml:lang="en-US">Install iptables Package</title>
          <description xmlns:xhtml="http://www.w3.org/1999/xhtml" xml:lang="en-US">The <html:code xmlns:html="http://www.w3.org/1999/xhtml">iptables</html:code> package can be installed with the following command:
<html:pre xmlns:html="http://www.w3.org/1999/xhtml">
$ apt-get install iptables</html:pre>
       </description>
          <reference href="http://nvlpubs.nist.gov/nistpubs/SpecialPublications/NIST.SP.800-53r4.pdf">CM-6(a)</reference>
          <reference href="https://www.pcisecuritystandards.org/documents/PCI_DSS_v3-2-1.pdf">Req-1.4.1</reference>
          <reference href="https://public.cyber.mil/stigs/downloads/?_dl_facet_stigs=operating-systems%2Cgeneral-purpose-os">SRG-OS-000480-GPOS-00227</reference>
          <reference href="https://www.cisecurity.org/benchmark/ubuntu_linux/">4.4.1.1</reference>
          <rationale xmlns:xhtml="http://www.w3.org/1999/xhtml" xml:lang="en-US"><html:code xmlns:html="http://www.w3.org/1999/xhtml">iptables</html:code> controls the Linux kernel network packet filtering
code. <html:code xmlns:html="http://www.w3.org/1999/xhtml">iptables</html:code> allows system operators to set up firewalls and IP
masquerading, etc.</rationale>
          <platform idref="#not_rhcos4-rhel9_and_service_disabled_nftables_and_service_disabled_ufw_and_system_with_kernel"/>
          <fix xmlns:xhtml="http://www.w3.org/1999/xhtml" id="package_iptables_installed" system="urn:xccdf:fix:script:ansible" complexity="low" disruption="low" strategy="enable">- name: Gather the package facts
  package_facts:
    manager: auto
  tags:
  - NIST-800-53-CM-6(a)
  - PCI-DSS-Req-1.4.1
  - enable_strategy
  - low_complexity
  - low_disruption
  - medium_severity
  - no_reboot_needed
  - package_iptables_installed
- name: XCCDF Value var_network_filtering_service # promote to variable
  set_fact:
    var_network_filtering_service: !!str <xccdf-1.2:sub xmlns:xccdf-1.2="http://checklists.nist.gov/xccdf/1.2" idref="xccdf_org.ssgproject.content_value_var_network_filtering_service" use="legacy"/>
  tags:
    - always

- name: Ensure iptables is installed
  ansible.builtin.package:
    name: iptables
    state: present
  when:
  - ( "linux-base" in ansible_facts.packages )
  - var_network_filtering_service == "iptables"
  tags:
  - NIST-800-53-CM-6(a)
  - PCI-DSS-Req-1.4.1
  - enable_strategy
  - low_complexity
  - low_disruption
  - medium_severity
  - no_reboot_needed
  - package_iptables_installed
</fix>
          <fix xmlns:xhtml="http://www.w3.org/1999/xhtml" id="package_iptables_installed" system="urn:xccdf:fix:script:sh" complexity="low" disruption="low" strategy="enable"># Remediation is applicable only in certain platforms
if ( dpkg-query --show --showformat='${db:Status-Status}
' 'linux-base' 2&gt;/dev/null | grep -q ^installed ); then

var_network_filtering_service='<xccdf-1.2:sub xmlns:xccdf-1.2="http://checklists.nist.gov/xccdf/1.2" idref="xccdf_org.ssgproject.content_value_var_network_filtering_service" use="legacy"/>'



  if [ $var_network_filtering_service == iptables ]; then
    DEBIAN_FRONTEND=noninteractive apt-get install -y "iptables"
  fi

else
    &gt;&amp;2 echo 'Remediation is not applicable, nothing was done'
fi
</fix>
          <check system="http://oval.mitre.org/XMLSchema/oval-definitions-5">
            <check-export export-name="oval:ssg-var_network_filtering_service:var:1" value-id="xccdf_org.ssgproject.content_value_var_network_filtering_service"/>
            <check-content-ref name="oval:ssg-package_iptables_installed:def:1" href="ssg-ubuntu2404-oval.xml"/>
          </check>
          <check system="http://scap.nist.gov/schema/ocil/2">
            <check-content-ref name="ocil:ssg-package_iptables_installed_ocil:questionnaire:1" href="ssg-ubuntu2404-ocil.xml"/>
          </check>
        </Rule>
        <Rule id="xccdf_org.ssgproject.content_rule_package_iptables-persistent_removed" selected="false" role="full" severity="medium">
          <title xmlns:xhtml="http://www.w3.org/1999/xhtml" xml:lang="en-US">Remove iptables-persistent Package</title>
          <description xmlns:xhtml="http://www.w3.org/1999/xhtml" xml:lang="en-US">The <html:code xmlns:html="http://www.w3.org/1999/xhtml">iptables-persistent</html:code> package can be removed with the following command:
<html:pre xmlns:html="http://www.w3.org/1999/xhtml">
$ apt-get remove iptables-persistent</html:pre>
       </description>
          <reference href="https://www.cisecurity.org/benchmark/ubuntu_linux/">4.2.2</reference>
          <rationale xmlns:xhtml="http://www.w3.org/1999/xhtml" xml:lang="en-US">Running both <html:code xmlns:html="http://www.w3.org/1999/xhtml">ufw</html:code> and the services included in the
<html:code xmlns:html="http://www.w3.org/1999/xhtml">iptables-persistent</html:code> package may lead to conflict.</rationale>
          <platform idref="#package_ufw"/>
          <fix xmlns:xhtml="http://www.w3.org/1999/xhtml" id="package_iptables-persistent_removed" system="urn:xccdf:fix:script:puppet" complexity="low" disruption="low" strategy="disable">include remove_iptables-persistent

class remove_iptables-persistent {
  package { 'iptables-persistent':
    ensure =&gt; 'purged',
  }
}
</fix>
          <fix xmlns:xhtml="http://www.w3.org/1999/xhtml" id="package_iptables-persistent_removed" system="urn:xccdf:fix:script:ansible" complexity="low" disruption="low" strategy="disable">- name: Gather the package facts
  package_facts:
    manager: auto
  tags:
  - disable_strategy
  - low_complexity
  - low_disruption
  - medium_severity
  - no_reboot_needed
  - package_iptables-persistent_removed

- name: Ensure iptables-persistent is removed
  package:
    name: iptables-persistent
    state: absent
  when: '"ufw" in ansible_facts.packages'
  tags:
  - disable_strategy
  - low_complexity
  - low_disruption
  - medium_severity
  - no_reboot_needed
  - package_iptables-persistent_removed
</fix>
          <fix xmlns:xhtml="http://www.w3.org/1999/xhtml" id="package_iptables-persistent_removed" system="urn:xccdf:fix:script:sh" complexity="low" disruption="low" strategy="disable"># Remediation is applicable only in certain platforms
if dpkg-query --show --showformat='${db:Status-Status}\n' 'ufw' 2&gt;/dev/null | grep -q '^installed'; then

# CAUTION: This remediation script will remove iptables-persistent
#	   from the system, and may remove any packages
#	   that depend on iptables-persistent. Execute this
#	   remediation AFTER testing on a non-production
#	   system!

DEBIAN_FRONTEND=noninteractive apt-get remove -y "iptables-persistent"

else
    &gt;&amp;2 echo 'Remediation is not applicable, nothing was done'
fi
</fix>
          <check system="http://oval.mitre.org/XMLSchema/oval-definitions-5">
            <check-content-ref name="oval:ssg-package_iptables-persistent_removed:def:1" href="ssg-ubuntu2404-oval.xml"/>
          </check>
          <check system="http://scap.nist.gov/schema/ocil/2">
            <check-content-ref name="ocil:ssg-package_iptables-persistent_removed_ocil:questionnaire:1" href="ssg-ubuntu2404-ocil.xml"/>
          </check>
        </Rule>
        <Group id="xccdf_org.ssgproject.content_group_iptables_activation">
          <title xmlns:xhtml="http://www.w3.org/1999/xhtml" xml:lang="en-US">Inspect and Activate Default Rules</title>
          <description xmlns:xhtml="http://www.w3.org/1999/xhtml" xml:lang="en-US">View the currently-enforced <html:code xmlns:html="http://www.w3.org/1999/xhtml">iptables</html:code> rules by running
the command:
<html:pre xmlns:html="http://www.w3.org/1999/xhtml">$ sudo iptables -nL --line-numbers</html:pre>
The command is analogous for <html:code xmlns:html="http://www.w3.org/1999/xhtml">ip6tables</html:code>.
<html:br xmlns:html="http://www.w3.org/1999/xhtml"/>
        <html:br xmlns:html="http://www.w3.org/1999/xhtml"/>
If the firewall does not appear to be active (i.e., no rules
appear), activate it and ensure that it starts at boot by issuing
the following commands (and analogously for <html:code xmlns:html="http://www.w3.org/1999/xhtml">ip6tables</html:code>):
<html:pre xmlns:html="http://www.w3.org/1999/xhtml">$ sudo service iptables restart</html:pre>
The default iptables rules are:
<html:pre xmlns:html="http://www.w3.org/1999/xhtml">Chain INPUT (policy ACCEPT)
num  target     prot opt source       destination
1    ACCEPT     all  --  0.0.0.0/0    0.0.0.0/0    state RELATED,ESTABLISHED 
2    ACCEPT     icmp --  0.0.0.0/0    0.0.0.0/0
3    ACCEPT     all  --  0.0.0.0/0    0.0.0.0/0
4    ACCEPT     tcp  --  0.0.0.0/0    0.0.0.0/0    state NEW tcp dpt:22 
5    REJECT     all  --  0.0.0.0/0    0.0.0.0/0    reject-with icmp-host-prohibited 

Chain FORWARD (policy ACCEPT)
num  target     prot opt source       destination
1    REJECT     all  --  0.0.0.0/0    0.0.0.0/0    reject-with icmp-host-prohibited 

Chain OUTPUT (policy ACCEPT)
num  target     prot opt source       destination</html:pre>
The <html:code xmlns:html="http://www.w3.org/1999/xhtml">ip6tables</html:code> default rules are essentially the same.</description>
          <Rule id="xccdf_org.ssgproject.content_rule_set_ip6tables_default_rule" selected="false" role="full" severity="medium">
            <title xmlns:xhtml="http://www.w3.org/1999/xhtml" xml:lang="en-US">Set Default ip6tables Policy for Incoming Packets</title>
            <description xmlns:xhtml="http://www.w3.org/1999/xhtml" xml:lang="en-US">To set the default policy to DROP (instead of ACCEPT) for
the built-in INPUT chain which processes incoming packets,
add or correct the following line in

<html:code xmlns:html="http://www.w3.org/1999/xhtml">/etc/iptables/rules.v6</html:code>:

<html:pre xmlns:html="http://www.w3.org/1999/xhtml">:INPUT DROP [0:0]</html:pre>
If changes were required, reload the ip6tables rules:
<html:pre xmlns:html="http://www.w3.org/1999/xhtml">$ sudo service ip6tables reload</html:pre>
        </description>
            <reference href="https://www.cisecurity.org/controls/">11</reference>
            <reference href="https://www.cisecurity.org/controls/">14</reference>
            <reference href="https://www.cisecurity.org/controls/">3</reference>
            <reference href="https://www.cisecurity.org/controls/">9</reference>
            <reference href="https://www.isaca.org/resources/cobit">BAI10.01</reference>
            <reference href="https://www.isaca.org/resources/cobit">BAI10.02</reference>
            <reference href="https://www.isaca.org/resources/cobit">BAI10.03</reference>
            <reference href="https://www.isaca.org/resources/cobit">BAI10.05</reference>
            <reference href="https://www.isaca.org/resources/cobit">DSS05.02</reference>
            <reference href="https://www.isaca.org/resources/cobit">DSS05.05</reference>
            <reference href="https://www.isaca.org/resources/cobit">DSS06.06</reference>
            <reference href="https://www.isa.org/products/isa-62443-2-1-2009-security-for-industrial-automat">4.3.3.5.1</reference>
            <reference href="https://www.isa.org/products/isa-62443-2-1-2009-security-for-industrial-automat">4.3.3.5.2</reference>
            <reference href="https://www.isa.org/products/isa-62443-2-1-2009-security-for-industrial-automat">4.3.3.5.3</reference>
            <reference href="https://www.isa.org/products/isa-62443-2-1-2009-security-for-industrial-automat">4.3.3.5.4</reference>
            <reference href="https://www.isa.org/products/isa-62443-2-1-2009-security-for-industrial-automat">4.3.3.5.5</reference>
            <reference href="https://www.isa.org/products/isa-62443-2-1-2009-security-for-industrial-automat">4.3.3.5.6</reference>
            <reference href="https://www.isa.org/products/isa-62443-2-1-2009-security-for-industrial-automat">4.3.3.5.7</reference>
            <reference href="https://www.isa.org/products/isa-62443-2-1-2009-security-for-industrial-automat">4.3.3.5.8</reference>
            <reference href="https://www.isa.org/products/isa-62443-2-1-2009-security-for-industrial-automat">4.3.3.6.1</reference>
            <reference href="https://www.isa.org/products/isa-62443-2-1-2009-security-for-industrial-automat">4.3.3.6.2</reference>
            <reference href="https://www.isa.org/products/isa-62443-2-1-2009-security-for-industrial-automat">4.3.3.6.3</reference>
            <reference href="https://www.isa.org/products/isa-62443-2-1-2009-security-for-industrial-automat">4.3.3.6.4</reference>
            <reference href="https://www.isa.org/products/isa-62443-2-1-2009-security-for-industrial-automat">4.3.3.6.5</reference>
            <reference href="https://www.isa.org/products/isa-62443-2-1-2009-security-for-industrial-automat">4.3.3.6.6</reference>
            <reference href="https://www.isa.org/products/isa-62443-2-1-2009-security-for-industrial-automat">4.3.3.6.7</reference>
            <reference href="https://www.isa.org/products/isa-62443-2-1-2009-security-for-industrial-automat">4.3.3.6.8</reference>
            <reference href="https://www.isa.org/products/isa-62443-2-1-2009-security-for-industrial-automat">4.3.3.6.9</reference>
            <reference href="https://www.isa.org/products/isa-62443-2-1-2009-security-for-industrial-automat">4.3.3.7.1</reference>
            <reference href="https://www.isa.org/products/isa-62443-2-1-2009-security-for-industrial-automat">4.3.3.7.2</reference>
            <reference href="https://www.isa.org/products/isa-62443-2-1-2009-security-for-industrial-automat">4.3.3.7.3</reference>
            <reference href="https://www.isa.org/products/isa-62443-2-1-2009-security-for-industrial-automat">4.3.3.7.4</reference>
            <reference href="https://www.isa.org/products/isa-62443-2-1-2009-security-for-industrial-automat">4.3.4.3.2</reference>
            <reference href="https://www.isa.org/products/isa-62443-2-1-2009-security-for-industrial-automat">4.3.4.3.3</reference>
            <reference href="https://www.isa.org/products/ansi-isa-62443-3-3-99-03-03-2013-security-for-indu">SR 1.1</reference>
            <reference href="https://www.isa.org/products/ansi-isa-62443-3-3-99-03-03-2013-security-for-indu">SR 1.10</reference>
            <reference href="https://www.isa.org/products/ansi-isa-62443-3-3-99-03-03-2013-security-for-indu">SR 1.11</reference>
            <reference href="https://www.isa.org/products/ansi-isa-62443-3-3-99-03-03-2013-security-for-indu">SR 1.12</reference>
            <reference href="https://www.isa.org/products/ansi-isa-62443-3-3-99-03-03-2013-security-for-indu">SR 1.13</reference>
            <reference href="https://www.isa.org/products/ansi-isa-62443-3-3-99-03-03-2013-security-for-indu">SR 1.2</reference>
            <reference href="https://www.isa.org/products/ansi-isa-62443-3-3-99-03-03-2013-security-for-indu">SR 1.3</reference>
            <reference href="https://www.isa.org/products/ansi-isa-62443-3-3-99-03-03-2013-security-for-indu">SR 1.4</reference>
            <reference href="https://www.isa.org/products/ansi-isa-62443-3-3-99-03-03-2013-security-for-indu">SR 1.5</reference>
            <reference href="https://www.isa.org/products/ansi-isa-62443-3-3-99-03-03-2013-security-for-indu">SR 1.6</reference>
            <reference href="https://www.isa.org/products/ansi-isa-62443-3-3-99-03-03-2013-security-for-indu">SR 1.7</reference>
            <reference href="https://www.isa.org/products/ansi-isa-62443-3-3-99-03-03-2013-security-for-indu">SR 1.8</reference>
            <reference href="https://www.isa.org/products/ansi-isa-62443-3-3-99-03-03-2013-security-for-indu">SR 1.9</reference>
            <reference href="https://www.isa.org/products/ansi-isa-62443-3-3-99-03-03-2013-security-for-indu">SR 2.1</reference>
            <reference href="https://www.isa.org/products/ansi-isa-62443-3-3-99-03-03-2013-security-for-indu">SR 2.2</reference>
            <reference href="https://www.isa.org/products/ansi-isa-62443-3-3-99-03-03-2013-security-for-indu">SR 2.3</reference>
            <reference href="https://www.isa.org/products/ansi-isa-62443-3-3-99-03-03-2013-security-for-indu">SR 2.4</reference>
            <reference href="https://www.isa.org/products/ansi-isa-62443-3-3-99-03-03-2013-security-for-indu">SR 2.5</reference>
            <reference href="https://www.isa.org/products/ansi-isa-62443-3-3-99-03-03-2013-security-for-indu">SR 2.6</reference>
            <reference href="https://www.isa.org/products/ansi-isa-62443-3-3-99-03-03-2013-security-for-indu">SR 2.7</reference>
            <reference href="https://www.isa.org/products/ansi-isa-62443-3-3-99-03-03-2013-security-for-indu">SR 7.6</reference>
            <reference href="https://www.iso.org/contents/data/standard/05/45/54534.html">A.12.1.2</reference>
            <reference href="https://www.iso.org/contents/data/standard/05/45/54534.html">A.12.5.1</reference>
            <reference href="https://www.iso.org/contents/data/standard/05/45/54534.html">A.12.6.2</reference>
            <reference href="https://www.iso.org/contents/data/standard/05/45/54534.html">A.14.2.2</reference>
            <reference href="https://www.iso.org/contents/data/standard/05/45/54534.html">A.14.2.3</reference>
            <reference href="https://www.iso.org/contents/data/standard/05/45/54534.html">A.14.2.4</reference>
            <reference href="https://www.iso.org/contents/data/standard/05/45/54534.html">A.9.1.2</reference>
            <reference href="https://www.nerc.com/pa/Stand/AlignRep/One%20Stop%20Shop.xlsx">CIP-003-8 R4</reference>
            <reference href="https://www.nerc.com/pa/Stand/AlignRep/One%20Stop%20Shop.xlsx">CIP-003-8 R5</reference>
            <reference href="https://www.nerc.com/pa/Stand/AlignRep/One%20Stop%20Shop.xlsx">CIP-004-6 R3</reference>
            <reference href="http://nvlpubs.nist.gov/nistpubs/SpecialPublications/NIST.SP.800-53r4.pdf">AC-4</reference>
            <reference href="http://nvlpubs.nist.gov/nistpubs/SpecialPublications/NIST.SP.800-53r4.pdf">CM-7(b)</reference>
            <reference href="http://nvlpubs.nist.gov/nistpubs/SpecialPublications/NIST.SP.800-53r4.pdf">CA-3(5)</reference>
            <reference href="http://nvlpubs.nist.gov/nistpubs/SpecialPublications/NIST.SP.800-53r4.pdf">SC-7(21)</reference>
            <reference href="http://nvlpubs.nist.gov/nistpubs/SpecialPublications/NIST.SP.800-53r4.pdf">CM-6(a)</reference>
            <reference href="https://nvlpubs.nist.gov/nistpubs/CSWP/NIST.CSWP.04162018.pdf">PR.IP-1</reference>
            <reference href="https://nvlpubs.nist.gov/nistpubs/CSWP/NIST.CSWP.04162018.pdf">PR.PT-3</reference>
            <reference href="https://www.cisecurity.org/benchmark/ubuntu_linux/">4.4.3.1</reference>
            <reference href="https://docs-prv.pcisecuritystandards.org/PCI%20DSS/Standard/PCI-DSS-v4_0.pdf">1.4.1</reference>
            <reference href="https://docs-prv.pcisecuritystandards.org/PCI%20DSS/Standard/PCI-DSS-v4_0.pdf">1.4</reference>
            <rationale xmlns:xhtml="http://www.w3.org/1999/xhtml" xml:lang="en-US">In <html:code xmlns:html="http://www.w3.org/1999/xhtml">ip6tables</html:code>, the default policy is applied only after all
the applicable rules in the table are examined for a match. Setting the
default policy to <html:code xmlns:html="http://www.w3.org/1999/xhtml">DROP</html:code> implements proper design for a firewall, i.e.
any packets which are not explicitly permitted should not be
accepted.</rationale>
            <platform idref="#not_package_nftables_and_not_package_ufw_and_package_iptables"/>
            <fix xmlns:xhtml="http://www.w3.org/1999/xhtml" id="set_ip6tables_default_rule" system="urn:xccdf:fix:script:sh"># Remediation is applicable only in certain platforms
if ( ! ( dpkg-query --show --showformat='${db:Status-Status}\n' 'nftables' 2&gt;/dev/null | grep -q '^installed' ) &amp;&amp; ! ( dpkg-query --show --showformat='${db:Status-Status}\n' 'ufw' 2&gt;/dev/null | grep -q '^installed' ) &amp;&amp; dpkg-query --show --showformat='${db:Status-Status}\n' 'iptables' 2&gt;/dev/null | grep -q '^installed' ); then

DEBIAN_FRONTEND=noninteractive apt-get install -y "iptables-persistent"
sed -i 's/^:INPUT ACCEPT.*/:INPUT DROP [0:0]/g' /etc/iptables/rules.v6

else
    &gt;&amp;2 echo 'Remediation is not applicable, nothing was done'
fi
</fix>
            <check system="http://scap.nist.gov/schema/ocil/2">
              <check-content-ref name="ocil:ssg-set_ip6tables_default_rule_ocil:questionnaire:1" href="ssg-ubuntu2404-ocil.xml"/>
            </check>
          </Rule>
          <Rule id="xccdf_org.ssgproject.content_rule_set_ipv6_loopback_traffic" selected="false" role="full" severity="medium">
            <title xmlns:xhtml="http://www.w3.org/1999/xhtml" xml:lang="en-US">Set configuration for IPv6 loopback traffic</title>
            <description xmlns:xhtml="http://www.w3.org/1999/xhtml" xml:lang="en-US">Configure the loopback interface to accept traffic.
Configure all other interfaces to deny traffic to the loopback
network.</description>
            <warning xmlns:xhtml="http://www.w3.org/1999/xhtml" xml:lang="en-US" category="general">Changing firewall settings while connected over network can
result in being locked out of the system.</warning>
            <reference href="https://www.pcisecuritystandards.org/documents/PCI_DSS_v3-2-1.pdf">Req-1.3</reference>
            <reference href="https://www.cisecurity.org/benchmark/ubuntu_linux/">4.4.3.2</reference>
            <reference href="https://docs-prv.pcisecuritystandards.org/PCI%20DSS/Standard/PCI-DSS-v4_0.pdf">1.4.1</reference>
            <reference href="https://docs-prv.pcisecuritystandards.org/PCI%20DSS/Standard/PCI-DSS-v4_0.pdf">1.4</reference>
            <rationale xmlns:xhtml="http://www.w3.org/1999/xhtml" xml:lang="en-US">Loopback traffic is generated between processes on machine and is
typically critical to operation of the system. The loopback interface
is the only place that loopback network traffic should be seen,
all other interfaces should ignore traffic on this network as an
anti-spoofing measure.</rationale>
            <platform idref="#not_package_nftables_and_not_package_ufw_and_package_iptables"/>
            <fix xmlns:xhtml="http://www.w3.org/1999/xhtml" id="set_ipv6_loopback_traffic" system="urn:xccdf:fix:script:ansible">- name: Gather the package facts
  package_facts:
    manager: auto
  tags:
  - PCI-DSS-Req-1.3
  - PCI-DSSv4-1.4
  - PCI-DSSv4-1.4.1
  - medium_severity
  - set_ipv6_loopback_traffic

- name: Check if IPv6 is enabled
  command: sysctl -n net.ipv6.conf.all.disable_ipv6
  register: ipv6_status
  failed_when: ipv6_status.stdout != "0"
  when: ( not ( "nftables" in ansible_facts.packages ) and not ( "ufw" in ansible_facts.packages
    ) and "iptables" in ansible_facts.packages )
  tags:
  - PCI-DSS-Req-1.3
  - PCI-DSSv4-1.4
  - PCI-DSSv4-1.4.1
  - medium_severity
  - set_ipv6_loopback_traffic

- name: Allow incoming traffic on the loopback interface
  ansible.builtin.iptables:
    ipv6: true
    chain: INPUT
    in_interface: lo
    jump: ACCEPT
  when:
  - ( not ( "nftables" in ansible_facts.packages ) and not ( "ufw" in ansible_facts.packages
    ) and "iptables" in ansible_facts.packages )
  - ipv6_status.stdout == '0'
  tags:
  - PCI-DSS-Req-1.3
  - PCI-DSSv4-1.4
  - PCI-DSSv4-1.4.1
  - medium_severity
  - set_ipv6_loopback_traffic

- name: Allow outgoing traffic on the loopback interface
  ansible.builtin.iptables:
    ipv6: true
    chain: OUTPUT
    out_interface: lo
    jump: ACCEPT
  when:
  - ( not ( "nftables" in ansible_facts.packages ) and not ( "ufw" in ansible_facts.packages
    ) and "iptables" in ansible_facts.packages )
  - ipv6_status.stdout == '0'
  tags:
  - PCI-DSS-Req-1.3
  - PCI-DSSv4-1.4
  - PCI-DSSv4-1.4.1
  - medium_severity
  - set_ipv6_loopback_traffic

- name: Drop incoming traffic from the localhost
  ansible.builtin.iptables:
    ipv6: true
    chain: INPUT
    source: ::1
    jump: DROP
  when:
  - ( not ( "nftables" in ansible_facts.packages ) and not ( "ufw" in ansible_facts.packages
    ) and "iptables" in ansible_facts.packages )
  - ipv6_status.stdout == '0'
  tags:
  - PCI-DSS-Req-1.3
  - PCI-DSSv4-1.4
  - PCI-DSSv4-1.4.1
  - medium_severity
  - set_ipv6_loopback_traffic
</fix>
            <fix xmlns:xhtml="http://www.w3.org/1999/xhtml" id="set_ipv6_loopback_traffic" system="urn:xccdf:fix:script:sh"># Remediation is applicable only in certain platforms
if ( ! ( dpkg-query --show --showformat='${db:Status-Status}\n' 'nftables' 2&gt;/dev/null | grep -q '^installed' ) &amp;&amp; ! ( dpkg-query --show --showformat='${db:Status-Status}\n' 'ufw' 2&gt;/dev/null | grep -q '^installed' ) &amp;&amp; dpkg-query --show --showformat='${db:Status-Status}\n' 'iptables' 2&gt;/dev/null | grep -q '^installed' ); then

if [ "$(sysctl -n net.ipv6.conf.all.disable_ipv6)" -eq 0 ]; then
  # IPv6 is not disabled, so run the script
  ip6tables -A INPUT -i lo -j ACCEPT
  ip6tables -A OUTPUT -o lo -j ACCEPT
  ip6tables -A INPUT -s ::1 -j DROP
fi

else
    &gt;&amp;2 echo 'Remediation is not applicable, nothing was done'
fi
</fix>
            <check system="http://scap.nist.gov/schema/ocil/2">
              <check-content-ref name="ocil:ssg-set_ipv6_loopback_traffic_ocil:questionnaire:1" href="ssg-ubuntu2404-ocil.xml"/>
            </check>
          </Rule>
          <Rule id="xccdf_org.ssgproject.content_rule_set_loopback_traffic" selected="false" role="full" severity="medium">
            <title xmlns:xhtml="http://www.w3.org/1999/xhtml" xml:lang="en-US">Set configuration for loopback traffic</title>
            <description xmlns:xhtml="http://www.w3.org/1999/xhtml" xml:lang="en-US">Configure the loopback interface to accept traffic.
Configure all other interfaces to deny traffic to the loopback
network.</description>
            <warning xmlns:xhtml="http://www.w3.org/1999/xhtml" xml:lang="en-US" category="general">Changing firewall settings while connected over network can
result in being locked out of the system.</warning>
            <reference href="https://www.pcisecuritystandards.org/documents/PCI_DSS_v3-2-1.pdf">Req-1.3</reference>
            <reference href="https://www.cisecurity.org/benchmark/ubuntu_linux/">4.4.2.2</reference>
            <reference href="https://docs-prv.pcisecuritystandards.org/PCI%20DSS/Standard/PCI-DSS-v4_0.pdf">1.4.1</reference>
            <reference href="https://docs-prv.pcisecuritystandards.org/PCI%20DSS/Standard/PCI-DSS-v4_0.pdf">1.4</reference>
            <rationale xmlns:xhtml="http://www.w3.org/1999/xhtml" xml:lang="en-US">Loopback traffic is generated between processes on machine and is
typically critical to operation of the system. The loopback interface
is the only place that loopback network traffic should be seen, all
other interfaces should ignore traffic on this network as an
anti-spoofing measure.</rationale>
            <platform idref="#not_package_nftables_and_not_package_ufw_and_package_iptables"/>
            <fix xmlns:xhtml="http://www.w3.org/1999/xhtml" id="set_loopback_traffic" system="urn:xccdf:fix:script:ansible">- name: Gather the package facts
  package_facts:
    manager: auto
  tags:
  - PCI-DSS-Req-1.3
  - PCI-DSSv4-1.4
  - PCI-DSSv4-1.4.1
  - medium_severity
  - set_loopback_traffic

- name: Allow incoming traffic on the loopback interface
  ansible.builtin.iptables:
    chain: INPUT
    in_interface: lo
    jump: ACCEPT
  when: ( not ( "nftables" in ansible_facts.packages ) and not ( "ufw" in ansible_facts.packages
    ) and "iptables" in ansible_facts.packages )
  tags:
  - PCI-DSS-Req-1.3
  - PCI-DSSv4-1.4
  - PCI-DSSv4-1.4.1
  - medium_severity
  - set_loopback_traffic

- name: Allow outgoing traffic on the loopback interface
  ansible.builtin.iptables:
    chain: OUTPUT
    out_interface: lo
    jump: ACCEPT
  when: ( not ( "nftables" in ansible_facts.packages ) and not ( "ufw" in ansible_facts.packages
    ) and "iptables" in ansible_facts.packages )
  tags:
  - PCI-DSS-Req-1.3
  - PCI-DSSv4-1.4
  - PCI-DSSv4-1.4.1
  - medium_severity
  - set_loopback_traffic

- name: Drop incoming traffic from the localhost
  ansible.builtin.iptables:
    chain: INPUT
    source: 127.0.0.0/8
    jump: DROP
  when: ( not ( "nftables" in ansible_facts.packages ) and not ( "ufw" in ansible_facts.packages
    ) and "iptables" in ansible_facts.packages )
  tags:
  - PCI-DSS-Req-1.3
  - PCI-DSSv4-1.4
  - PCI-DSSv4-1.4.1
  - medium_severity
  - set_loopback_traffic
</fix>
            <fix xmlns:xhtml="http://www.w3.org/1999/xhtml" id="set_loopback_traffic" system="urn:xccdf:fix:script:sh"># Remediation is applicable only in certain platforms
if ( ! ( dpkg-query --show --showformat='${db:Status-Status}\n' 'nftables' 2&gt;/dev/null | grep -q '^installed' ) &amp;&amp; ! ( dpkg-query --show --showformat='${db:Status-Status}\n' 'ufw' 2&gt;/dev/null | grep -q '^installed' ) &amp;&amp; dpkg-query --show --showformat='${db:Status-Status}\n' 'iptables' 2&gt;/dev/null | grep -q '^installed' ); then

iptables -A INPUT -i lo -j ACCEPT
iptables -A OUTPUT -o lo -j ACCEPT
iptables -A INPUT -s 127.0.0.0/8 -j DROP

else
    &gt;&amp;2 echo 'Remediation is not applicable, nothing was done'
fi
</fix>
            <check system="http://scap.nist.gov/schema/ocil/2">
              <check-content-ref name="ocil:ssg-set_loopback_traffic_ocil:questionnaire:1" href="ssg-ubuntu2404-ocil.xml"/>
            </check>
          </Rule>
        </Group>
        <Group id="xccdf_org.ssgproject.content_group_iptables_ruleset_modifications">
          <title xmlns:xhtml="http://www.w3.org/1999/xhtml" xml:lang="en-US">Strengthen the Default Ruleset</title>
          <description xmlns:xhtml="http://www.w3.org/1999/xhtml" xml:lang="en-US">The default rules can be strengthened. The system
scripts that activate the firewall rules expect them to be defined
in the configuration files <html:code xmlns:html="http://www.w3.org/1999/xhtml">iptables</html:code> and <html:code xmlns:html="http://www.w3.org/1999/xhtml">ip6tables</html:code> in the directory
<html:code xmlns:html="http://www.w3.org/1999/xhtml">/etc/sysconfig</html:code>. Many of the lines in these files are similar
to the command line arguments that would be provided to the programs
<html:code xmlns:html="http://www.w3.org/1999/xhtml">/sbin/iptables</html:code> or <html:code xmlns:html="http://www.w3.org/1999/xhtml">/sbin/ip6tables</html:code> - but some are quite
different.
<html:br xmlns:html="http://www.w3.org/1999/xhtml"/>
        <html:br xmlns:html="http://www.w3.org/1999/xhtml"/>
The following recommendations describe how to strengthen the
default ruleset configuration file. An alternative to editing this
configuration file is to create a shell script that makes calls to
the iptables program to load in rules, and then invokes service
iptables save to write those loaded rules to
<html:code xmlns:html="http://www.w3.org/1999/xhtml">/etc/sysconfig/iptables.</html:code>
        <html:br xmlns:html="http://www.w3.org/1999/xhtml"/>
        <html:br xmlns:html="http://www.w3.org/1999/xhtml"/>
The following alterations can be made directly to
<html:code xmlns:html="http://www.w3.org/1999/xhtml">/etc/sysconfig/iptables</html:code> and <html:code xmlns:html="http://www.w3.org/1999/xhtml">/etc/sysconfig/ip6tables</html:code>.
Instructions apply to both unless otherwise noted. Language and address
conventions for regular iptables are used throughout this section;
configuration for ip6tables will be either analogous or explicitly
covered.</description>
          <warning xmlns:xhtml="http://www.w3.org/1999/xhtml" xml:lang="en-US" category="general">The program <html:code xmlns:html="http://www.w3.org/1999/xhtml">system-config-securitylevel</html:code>
allows additional services to penetrate the default firewall rules
and automatically adjusts <html:code xmlns:html="http://www.w3.org/1999/xhtml">/etc/sysconfig/iptables</html:code>. This program
is only useful if the default ruleset meets your security
requirements. Otherwise, this program should not be used to make
changes to the firewall configuration because it re-writes the
saved configuration file.</warning>
          <platform idref="#package_iptables"/>
          <Rule id="xccdf_org.ssgproject.content_rule_ip6tables_rules_for_open_ports" selected="false" role="full" severity="medium">
            <title xmlns:xhtml="http://www.w3.org/1999/xhtml" xml:lang="en-US">Ensure ip6tables Firewall Rules Exist for All Open Ports</title>
            <description xmlns:xhtml="http://www.w3.org/1999/xhtml" xml:lang="en-US">Any ports that have been opened on non-loopback addresses
need firewall rules to govern traffic.</description>
            <warning xmlns:xhtml="http://www.w3.org/1999/xhtml" xml:lang="en-US" category="general">Changing firewall settings while connected over network can
result in being locked out of the system.</warning>
            <reference href="https://www.cisecurity.org/benchmark/ubuntu_linux/">4.4.3.4</reference>
            <rationale xmlns:xhtml="http://www.w3.org/1999/xhtml" xml:lang="en-US">Without a firewall rule configured for open ports default
firewall policy will drop all packets to these ports.</rationale>
            <platform idref="#not_package_nftables_and_not_package_ufw"/>
            <check system="http://scap.nist.gov/schema/ocil/2">
              <check-content-ref name="ocil:ssg-ip6tables_rules_for_open_ports_ocil:questionnaire:1" href="ssg-ubuntu2404-ocil.xml"/>
            </check>
          </Rule>
          <Rule id="xccdf_org.ssgproject.content_rule_iptables_rules_for_open_ports" selected="false" role="full" severity="medium">
            <title xmlns:xhtml="http://www.w3.org/1999/xhtml" xml:lang="en-US">Ensure iptables Firewall Rules Exist for All Open Ports</title>
            <description xmlns:xhtml="http://www.w3.org/1999/xhtml" xml:lang="en-US">Any ports that have been opened on non-loopback addresses
need firewall rules to govern traffic.</description>
            <warning xmlns:xhtml="http://www.w3.org/1999/xhtml" xml:lang="en-US" category="general">Changing firewall settings while connected over network can
result in being locked out of the system.</warning>
            <reference href="https://www.cisecurity.org/benchmark/ubuntu_linux/">4.4.2.4</reference>
            <rationale xmlns:xhtml="http://www.w3.org/1999/xhtml" xml:lang="en-US">Without a firewall rule configured for open ports default
firewall policy will drop all packets to these ports.</rationale>
            <platform idref="#not_package_nftables_and_not_package_ufw"/>
            <check system="http://scap.nist.gov/schema/ocil/2">
              <check-content-ref name="ocil:ssg-iptables_rules_for_open_ports_ocil:questionnaire:1" href="ssg-ubuntu2404-ocil.xml"/>
            </check>
          </Rule>
          <Rule id="xccdf_org.ssgproject.content_rule_set_iptables_default_rule" selected="false" role="full" severity="medium">
            <title xmlns:xhtml="http://www.w3.org/1999/xhtml" xml:lang="en-US">Set Default iptables Policy for Incoming Packets</title>
            <description xmlns:xhtml="http://www.w3.org/1999/xhtml" xml:lang="en-US">To set the default policy to DROP (instead of ACCEPT) for
the built-in INPUT chain which processes incoming packets,
add or correct the following line in
<html:code xmlns:html="http://www.w3.org/1999/xhtml">/etc/sysconfig/iptables</html:code>:
<html:pre xmlns:html="http://www.w3.org/1999/xhtml">:INPUT DROP [0:0]</html:pre>
        </description>
            <reference href="https://www.cisecurity.org/controls/">11</reference>
            <reference href="https://www.cisecurity.org/controls/">14</reference>
            <reference href="https://www.cisecurity.org/controls/">3</reference>
            <reference href="https://www.cisecurity.org/controls/">9</reference>
            <reference href="https://www.isaca.org/resources/cobit">BAI10.01</reference>
            <reference href="https://www.isaca.org/resources/cobit">BAI10.02</reference>
            <reference href="https://www.isaca.org/resources/cobit">BAI10.03</reference>
            <reference href="https://www.isaca.org/resources/cobit">BAI10.05</reference>
            <reference href="https://www.isaca.org/resources/cobit">DSS05.02</reference>
            <reference href="https://www.isaca.org/resources/cobit">DSS05.05</reference>
            <reference href="https://www.isaca.org/resources/cobit">DSS06.06</reference>
            <reference href="https://www.isa.org/products/isa-62443-2-1-2009-security-for-industrial-automat">4.3.3.5.1</reference>
            <reference href="https://www.isa.org/products/isa-62443-2-1-2009-security-for-industrial-automat">4.3.3.5.2</reference>
            <reference href="https://www.isa.org/products/isa-62443-2-1-2009-security-for-industrial-automat">4.3.3.5.3</reference>
            <reference href="https://www.isa.org/products/isa-62443-2-1-2009-security-for-industrial-automat">4.3.3.5.4</reference>
            <reference href="https://www.isa.org/products/isa-62443-2-1-2009-security-for-industrial-automat">4.3.3.5.5</reference>
            <reference href="https://www.isa.org/products/isa-62443-2-1-2009-security-for-industrial-automat">4.3.3.5.6</reference>
            <reference href="https://www.isa.org/products/isa-62443-2-1-2009-security-for-industrial-automat">4.3.3.5.7</reference>
            <reference href="https://www.isa.org/products/isa-62443-2-1-2009-security-for-industrial-automat">4.3.3.5.8</reference>
            <reference href="https://www.isa.org/products/isa-62443-2-1-2009-security-for-industrial-automat">4.3.3.6.1</reference>
            <reference href="https://www.isa.org/products/isa-62443-2-1-2009-security-for-industrial-automat">4.3.3.6.2</reference>
            <reference href="https://www.isa.org/products/isa-62443-2-1-2009-security-for-industrial-automat">4.3.3.6.3</reference>
            <reference href="https://www.isa.org/products/isa-62443-2-1-2009-security-for-industrial-automat">4.3.3.6.4</reference>
            <reference href="https://www.isa.org/products/isa-62443-2-1-2009-security-for-industrial-automat">4.3.3.6.5</reference>
            <reference href="https://www.isa.org/products/isa-62443-2-1-2009-security-for-industrial-automat">4.3.3.6.6</reference>
            <reference href="https://www.isa.org/products/isa-62443-2-1-2009-security-for-industrial-automat">4.3.3.6.7</reference>
            <reference href="https://www.isa.org/products/isa-62443-2-1-2009-security-for-industrial-automat">4.3.3.6.8</reference>
            <reference href="https://www.isa.org/products/isa-62443-2-1-2009-security-for-industrial-automat">4.3.3.6.9</reference>
            <reference href="https://www.isa.org/products/isa-62443-2-1-2009-security-for-industrial-automat">4.3.3.7.1</reference>
            <reference href="https://www.isa.org/products/isa-62443-2-1-2009-security-for-industrial-automat">4.3.3.7.2</reference>
            <reference href="https://www.isa.org/products/isa-62443-2-1-2009-security-for-industrial-automat">4.3.3.7.3</reference>
            <reference href="https://www.isa.org/products/isa-62443-2-1-2009-security-for-industrial-automat">4.3.3.7.4</reference>
            <reference href="https://www.isa.org/products/isa-62443-2-1-2009-security-for-industrial-automat">4.3.4.3.2</reference>
            <reference href="https://www.isa.org/products/isa-62443-2-1-2009-security-for-industrial-automat">4.3.4.3.3</reference>
            <reference href="https://www.isa.org/products/ansi-isa-62443-3-3-99-03-03-2013-security-for-indu">SR 1.1</reference>
            <reference href="https://www.isa.org/products/ansi-isa-62443-3-3-99-03-03-2013-security-for-indu">SR 1.10</reference>
            <reference href="https://www.isa.org/products/ansi-isa-62443-3-3-99-03-03-2013-security-for-indu">SR 1.11</reference>
            <reference href="https://www.isa.org/products/ansi-isa-62443-3-3-99-03-03-2013-security-for-indu">SR 1.12</reference>
            <reference href="https://www.isa.org/products/ansi-isa-62443-3-3-99-03-03-2013-security-for-indu">SR 1.13</reference>
            <reference href="https://www.isa.org/products/ansi-isa-62443-3-3-99-03-03-2013-security-for-indu">SR 1.2</reference>
            <reference href="https://www.isa.org/products/ansi-isa-62443-3-3-99-03-03-2013-security-for-indu">SR 1.3</reference>
            <reference href="https://www.isa.org/products/ansi-isa-62443-3-3-99-03-03-2013-security-for-indu">SR 1.4</reference>
            <reference href="https://www.isa.org/products/ansi-isa-62443-3-3-99-03-03-2013-security-for-indu">SR 1.5</reference>
            <reference href="https://www.isa.org/products/ansi-isa-62443-3-3-99-03-03-2013-security-for-indu">SR 1.6</reference>
            <reference href="https://www.isa.org/products/ansi-isa-62443-3-3-99-03-03-2013-security-for-indu">SR 1.7</reference>
            <reference href="https://www.isa.org/products/ansi-isa-62443-3-3-99-03-03-2013-security-for-indu">SR 1.8</reference>
            <reference href="https://www.isa.org/products/ansi-isa-62443-3-3-99-03-03-2013-security-for-indu">SR 1.9</reference>
            <reference href="https://www.isa.org/products/ansi-isa-62443-3-3-99-03-03-2013-security-for-indu">SR 2.1</reference>
            <reference href="https://www.isa.org/products/ansi-isa-62443-3-3-99-03-03-2013-security-for-indu">SR 2.2</reference>
            <reference href="https://www.isa.org/products/ansi-isa-62443-3-3-99-03-03-2013-security-for-indu">SR 2.3</reference>
            <reference href="https://www.isa.org/products/ansi-isa-62443-3-3-99-03-03-2013-security-for-indu">SR 2.4</reference>
            <reference href="https://www.isa.org/products/ansi-isa-62443-3-3-99-03-03-2013-security-for-indu">SR 2.5</reference>
            <reference href="https://www.isa.org/products/ansi-isa-62443-3-3-99-03-03-2013-security-for-indu">SR 2.6</reference>
            <reference href="https://www.isa.org/products/ansi-isa-62443-3-3-99-03-03-2013-security-for-indu">SR 2.7</reference>
            <reference href="https://www.isa.org/products/ansi-isa-62443-3-3-99-03-03-2013-security-for-indu">SR 7.6</reference>
            <reference href="https://www.iso.org/contents/data/standard/05/45/54534.html">A.12.1.2</reference>
            <reference href="https://www.iso.org/contents/data/standard/05/45/54534.html">A.12.5.1</reference>
            <reference href="https://www.iso.org/contents/data/standard/05/45/54534.html">A.12.6.2</reference>
            <reference href="https://www.iso.org/contents/data/standard/05/45/54534.html">A.14.2.2</reference>
            <reference href="https://www.iso.org/contents/data/standard/05/45/54534.html">A.14.2.3</reference>
            <reference href="https://www.iso.org/contents/data/standard/05/45/54534.html">A.14.2.4</reference>
            <reference href="https://www.iso.org/contents/data/standard/05/45/54534.html">A.9.1.2</reference>
            <reference href="http://nvlpubs.nist.gov/nistpubs/SpecialPublications/NIST.SP.800-53r4.pdf">CA-3(5)</reference>
            <reference href="http://nvlpubs.nist.gov/nistpubs/SpecialPublications/NIST.SP.800-53r4.pdf">CM-7(b)</reference>
            <reference href="http://nvlpubs.nist.gov/nistpubs/SpecialPublications/NIST.SP.800-53r4.pdf">SC-7(23)</reference>
            <reference href="http://nvlpubs.nist.gov/nistpubs/SpecialPublications/NIST.SP.800-53r4.pdf">CM-6(a)</reference>
            <reference href="https://nvlpubs.nist.gov/nistpubs/CSWP/NIST.CSWP.04162018.pdf">PR.IP-1</reference>
            <reference href="https://nvlpubs.nist.gov/nistpubs/CSWP/NIST.CSWP.04162018.pdf">PR.PT-3</reference>
            <reference href="https://www.cisecurity.org/benchmark/ubuntu_linux/">4.4.2.1</reference>
            <rationale xmlns:xhtml="http://www.w3.org/1999/xhtml" xml:lang="en-US">In <html:code xmlns:html="http://www.w3.org/1999/xhtml">iptables</html:code> the default policy is applied only after all
the applicable rules in the table are examined for a match. Setting the
default policy to <html:code xmlns:html="http://www.w3.org/1999/xhtml">DROP</html:code> implements proper design for a firewall, i.e.
any packets which are not explicitly permitted should not be
accepted.</rationale>
            <platform idref="#not_package_nftables_and_not_package_ufw"/>
            <fix xmlns:xhtml="http://www.w3.org/1999/xhtml" id="set_iptables_default_rule" system="urn:xccdf:fix:script:sh"># Remediation is applicable only in certain platforms
if dpkg-query --show --showformat='${db:Status-Status}\n' 'iptables' 2&gt;/dev/null | grep -q '^installed' &amp;&amp; { ( ! ( dpkg-query --show --showformat='${db:Status-Status}\n' 'nftables' 2&gt;/dev/null | grep -q '^installed' ) &amp;&amp; ! ( dpkg-query --show --showformat='${db:Status-Status}\n' 'ufw' 2&gt;/dev/null | grep -q '^installed' ) ); }; then

sed -i 's/^:INPUT ACCEPT.*/:INPUT DROP [0:0]/g' /etc/sysconfig/iptables

else
    &gt;&amp;2 echo 'Remediation is not applicable, nothing was done'
fi
</fix>
            <check system="http://scap.nist.gov/schema/ocil/2">
              <check-content-ref name="ocil:ssg-set_iptables_default_rule_ocil:questionnaire:1" href="ssg-ubuntu2404-ocil.xml"/>
            </check>
          </Rule>
        </Group>
      </Group>
      <Group id="xccdf_org.ssgproject.content_group_network-ipv6">
        <title xmlns:xhtml="http://www.w3.org/1999/xhtml" xml:lang="en-US">IPv6</title>
        <description xmlns:xhtml="http://www.w3.org/1999/xhtml" xml:lang="en-US">The system includes support for Internet Protocol
version 6. A major and often-mentioned improvement over IPv4 is its
enormous increase in the number of available addresses. Another
important feature is its support for automatic configuration of
many network settings.</description>
        <Group id="xccdf_org.ssgproject.content_group_configuring_ipv6">
          <title xmlns:xhtml="http://www.w3.org/1999/xhtml" xml:lang="en-US">Configure IPv6 Settings if Necessary</title>
          <description xmlns:xhtml="http://www.w3.org/1999/xhtml" xml:lang="en-US">A major feature of IPv6 is the extent to which systems
implementing it can automatically configure their networking
devices using information from the network. From a security
perspective, manually configuring important configuration
information is preferable to accepting it from the network
in an unauthenticated fashion.</description>
          <platform idref="#ipv6_enabled"/>
          <Value id="xccdf_org.ssgproject.content_value_sysctl_net_ipv6_conf_all_accept_ra_value" type="number">
            <title xmlns:xhtml="http://www.w3.org/1999/xhtml" xml:lang="en-US">net.ipv6.conf.all.accept_ra</title>
            <description xmlns:xhtml="http://www.w3.org/1999/xhtml" xml:lang="en-US">Accept all router advertisements?</description>
            <value>0</value>
            <value selector="disabled">0</value>
            <value selector="enabled">1</value>
          </Value>
          <Value id="xccdf_org.ssgproject.content_value_sysctl_net_ipv6_conf_all_accept_redirects_value" type="number">
            <title xmlns:xhtml="http://www.w3.org/1999/xhtml" xml:lang="en-US">net.ipv6.conf.all.accept_redirects</title>
            <description xmlns:xhtml="http://www.w3.org/1999/xhtml" xml:lang="en-US">Toggle ICMP Redirect Acceptance</description>
            <value>0</value>
            <value selector="disabled">0</value>
            <value selector="enabled">1</value>
          </Value>
          <Value id="xccdf_org.ssgproject.content_value_sysctl_net_ipv6_conf_all_accept_source_route_value" type="number">
            <title xmlns:xhtml="http://www.w3.org/1999/xhtml" xml:lang="en-US">net.ipv6.conf.all.accept_source_route</title>
            <description xmlns:xhtml="http://www.w3.org/1999/xhtml" xml:lang="en-US">Trackers could be using source-routed packets to
generate traffic that seems to be intra-net, but actually was
created outside and has been redirected.</description>
            <value>0</value>
            <value selector="disabled">0</value>
            <value selector="enabled">1</value>
          </Value>
          <Value id="xccdf_org.ssgproject.content_value_sysctl_net_ipv6_conf_all_forwarding_value" type="number">
            <title xmlns:xhtml="http://www.w3.org/1999/xhtml" xml:lang="en-US">net.ipv6.conf.all.forwarding</title>
            <description xmlns:xhtml="http://www.w3.org/1999/xhtml" xml:lang="en-US">Toggle IPv6 Forwarding</description>
            <value>0</value>
            <value selector="disabled">0</value>
            <value selector="enabled">1</value>
          </Value>
          <Value id="xccdf_org.ssgproject.content_value_sysctl_net_ipv6_conf_default_accept_ra_value" type="number">
            <title xmlns:xhtml="http://www.w3.org/1999/xhtml" xml:lang="en-US">net.ipv6.conf.default.accept_ra</title>
            <description xmlns:xhtml="http://www.w3.org/1999/xhtml" xml:lang="en-US">Accept default router advertisements by default?</description>
            <value>0</value>
            <value selector="disabled">0</value>
            <value selector="enabled">1</value>
          </Value>
          <Value id="xccdf_org.ssgproject.content_value_sysctl_net_ipv6_conf_default_accept_redirects_value" type="number">
            <title xmlns:xhtml="http://www.w3.org/1999/xhtml" xml:lang="en-US">net.ipv6.conf.default.accept_redirects</title>
            <description xmlns:xhtml="http://www.w3.org/1999/xhtml" xml:lang="en-US">Toggle ICMP Redirect Acceptance By Default</description>
            <value>0</value>
            <value selector="disabled">0</value>
            <value selector="enabled">1</value>
          </Value>
          <Value id="xccdf_org.ssgproject.content_value_sysctl_net_ipv6_conf_default_accept_source_route_value" type="number">
            <title xmlns:xhtml="http://www.w3.org/1999/xhtml" xml:lang="en-US">net.ipv6.conf.default.accept_source_route</title>
            <description xmlns:xhtml="http://www.w3.org/1999/xhtml" xml:lang="en-US">Trackers could be using source-routed packets to
generate traffic that seems to be intra-net, but actually was
created outside and has been redirected.</description>
            <value>0</value>
            <value selector="disabled">0</value>
            <value selector="enabled">1</value>
          </Value>
          <Rule id="xccdf_org.ssgproject.content_rule_sysctl_net_ipv6_conf_all_accept_ra" selected="false" role="full" severity="medium">
            <title xmlns:xhtml="http://www.w3.org/1999/xhtml" xml:lang="en-US">Configure Accepting Router Advertisements on All IPv6 Interfaces</title>
            <description xmlns:xhtml="http://www.w3.org/1999/xhtml" xml:lang="en-US">To set the runtime status of the <html:code xmlns:html="http://www.w3.org/1999/xhtml">net.ipv6.conf.all.accept_ra</html:code> kernel parameter, run the following command: <html:pre xmlns:html="http://www.w3.org/1999/xhtml">$ sudo sysctl -w net.ipv6.conf.all.accept_ra=0</html:pre>
To make sure that the setting is persistent, add the following line to a file in the directory <html:code xmlns:html="http://www.w3.org/1999/xhtml">/etc/sysctl.d</html:code>: <html:pre xmlns:html="http://www.w3.org/1999/xhtml">net.ipv6.conf.all.accept_ra = 0</html:pre>
        </description>
            <reference href="https://www.cisecurity.org/controls/">11</reference>
            <reference href="https://www.cisecurity.org/controls/">14</reference>
            <reference href="https://www.cisecurity.org/controls/">3</reference>
            <reference href="https://www.cisecurity.org/controls/">9</reference>
            <reference href="https://www.isaca.org/resources/cobit">BAI10.01</reference>
            <reference href="https://www.isaca.org/resources/cobit">BAI10.02</reference>
            <reference href="https://www.isaca.org/resources/cobit">BAI10.03</reference>
            <reference href="https://www.isaca.org/resources/cobit">BAI10.05</reference>
            <reference href="https://www.isaca.org/resources/cobit">DSS05.02</reference>
            <reference href="https://www.isaca.org/resources/cobit">DSS05.05</reference>
            <reference href="https://www.isaca.org/resources/cobit">DSS06.06</reference>
            <reference href="http://nvlpubs.nist.gov/nistpubs/SpecialPublications/NIST.SP.800-171.pdf">3.1.20</reference>
            <reference href="https://public.cyber.mil/stigs/cci/">CCI-000366</reference>
            <reference href="https://www.isa.org/products/isa-62443-2-1-2009-security-for-industrial-automat">4.3.3.5.1</reference>
            <reference href="https://www.isa.org/products/isa-62443-2-1-2009-security-for-industrial-automat">4.3.3.5.2</reference>
            <reference href="https://www.isa.org/products/isa-62443-2-1-2009-security-for-industrial-automat">4.3.3.5.3</reference>
            <reference href="https://www.isa.org/products/isa-62443-2-1-2009-security-for-industrial-automat">4.3.3.5.4</reference>
            <reference href="https://www.isa.org/products/isa-62443-2-1-2009-security-for-industrial-automat">4.3.3.5.5</reference>
            <reference href="https://www.isa.org/products/isa-62443-2-1-2009-security-for-industrial-automat">4.3.3.5.6</reference>
            <reference href="https://www.isa.org/products/isa-62443-2-1-2009-security-for-industrial-automat">4.3.3.5.7</reference>
            <reference href="https://www.isa.org/products/isa-62443-2-1-2009-security-for-industrial-automat">4.3.3.5.8</reference>
            <reference href="https://www.isa.org/products/isa-62443-2-1-2009-security-for-industrial-automat">4.3.3.6.1</reference>
            <reference href="https://www.isa.org/products/isa-62443-2-1-2009-security-for-industrial-automat">4.3.3.6.2</reference>
            <reference href="https://www.isa.org/products/isa-62443-2-1-2009-security-for-industrial-automat">4.3.3.6.3</reference>
            <reference href="https://www.isa.org/products/isa-62443-2-1-2009-security-for-industrial-automat">4.3.3.6.4</reference>
            <reference href="https://www.isa.org/products/isa-62443-2-1-2009-security-for-industrial-automat">4.3.3.6.5</reference>
            <reference href="https://www.isa.org/products/isa-62443-2-1-2009-security-for-industrial-automat">4.3.3.6.6</reference>
            <reference href="https://www.isa.org/products/isa-62443-2-1-2009-security-for-industrial-automat">4.3.3.6.7</reference>
            <reference href="https://www.isa.org/products/isa-62443-2-1-2009-security-for-industrial-automat">4.3.3.6.8</reference>
            <reference href="https://www.isa.org/products/isa-62443-2-1-2009-security-for-industrial-automat">4.3.3.6.9</reference>
            <reference href="https://www.isa.org/products/isa-62443-2-1-2009-security-for-industrial-automat">4.3.3.7.1</reference>
            <reference href="https://www.isa.org/products/isa-62443-2-1-2009-security-for-industrial-automat">4.3.3.7.2</reference>
            <reference href="https://www.isa.org/products/isa-62443-2-1-2009-security-for-industrial-automat">4.3.3.7.3</reference>
            <reference href="https://www.isa.org/products/isa-62443-2-1-2009-security-for-industrial-automat">4.3.3.7.4</reference>
            <reference href="https://www.isa.org/products/isa-62443-2-1-2009-security-for-industrial-automat">4.3.4.3.2</reference>
            <reference href="https://www.isa.org/products/isa-62443-2-1-2009-security-for-industrial-automat">4.3.4.3.3</reference>
            <reference href="https://www.isa.org/products/ansi-isa-62443-3-3-99-03-03-2013-security-for-indu">SR 1.1</reference>
            <reference href="https://www.isa.org/products/ansi-isa-62443-3-3-99-03-03-2013-security-for-indu">SR 1.10</reference>
            <reference href="https://www.isa.org/products/ansi-isa-62443-3-3-99-03-03-2013-security-for-indu">SR 1.11</reference>
            <reference href="https://www.isa.org/products/ansi-isa-62443-3-3-99-03-03-2013-security-for-indu">SR 1.12</reference>
            <reference href="https://www.isa.org/products/ansi-isa-62443-3-3-99-03-03-2013-security-for-indu">SR 1.13</reference>
            <reference href="https://www.isa.org/products/ansi-isa-62443-3-3-99-03-03-2013-security-for-indu">SR 1.2</reference>
            <reference href="https://www.isa.org/products/ansi-isa-62443-3-3-99-03-03-2013-security-for-indu">SR 1.3</reference>
            <reference href="https://www.isa.org/products/ansi-isa-62443-3-3-99-03-03-2013-security-for-indu">SR 1.4</reference>
            <reference href="https://www.isa.org/products/ansi-isa-62443-3-3-99-03-03-2013-security-for-indu">SR 1.5</reference>
            <reference href="https://www.isa.org/products/ansi-isa-62443-3-3-99-03-03-2013-security-for-indu">SR 1.6</reference>
            <reference href="https://www.isa.org/products/ansi-isa-62443-3-3-99-03-03-2013-security-for-indu">SR 1.7</reference>
            <reference href="https://www.isa.org/products/ansi-isa-62443-3-3-99-03-03-2013-security-for-indu">SR 1.8</reference>
            <reference href="https://www.isa.org/products/ansi-isa-62443-3-3-99-03-03-2013-security-for-indu">SR 1.9</reference>
            <reference href="https://www.isa.org/products/ansi-isa-62443-3-3-99-03-03-2013-security-for-indu">SR 2.1</reference>
            <reference href="https://www.isa.org/products/ansi-isa-62443-3-3-99-03-03-2013-security-for-indu">SR 2.2</reference>
            <reference href="https://www.isa.org/products/ansi-isa-62443-3-3-99-03-03-2013-security-for-indu">SR 2.3</reference>
            <reference href="https://www.isa.org/products/ansi-isa-62443-3-3-99-03-03-2013-security-for-indu">SR 2.4</reference>
            <reference href="https://www.isa.org/products/ansi-isa-62443-3-3-99-03-03-2013-security-for-indu">SR 2.5</reference>
            <reference href="https://www.isa.org/products/ansi-isa-62443-3-3-99-03-03-2013-security-for-indu">SR 2.6</reference>
            <reference href="https://www.isa.org/products/ansi-isa-62443-3-3-99-03-03-2013-security-for-indu">SR 2.7</reference>
            <reference href="https://www.isa.org/products/ansi-isa-62443-3-3-99-03-03-2013-security-for-indu">SR 7.6</reference>
            <reference href="https://www.iso.org/contents/data/standard/05/45/54534.html">A.12.1.2</reference>
            <reference href="https://www.iso.org/contents/data/standard/05/45/54534.html">A.12.5.1</reference>
            <reference href="https://www.iso.org/contents/data/standard/05/45/54534.html">A.12.6.2</reference>
            <reference href="https://www.iso.org/contents/data/standard/05/45/54534.html">A.14.2.2</reference>
            <reference href="https://www.iso.org/contents/data/standard/05/45/54534.html">A.14.2.3</reference>
            <reference href="https://www.iso.org/contents/data/standard/05/45/54534.html">A.14.2.4</reference>
            <reference href="https://www.iso.org/contents/data/standard/05/45/54534.html">A.9.1.2</reference>
            <reference href="http://nvlpubs.nist.gov/nistpubs/SpecialPublications/NIST.SP.800-53r4.pdf">CM-7(a)</reference>
            <reference href="http://nvlpubs.nist.gov/nistpubs/SpecialPublications/NIST.SP.800-53r4.pdf">CM-7(b)</reference>
            <reference href="http://nvlpubs.nist.gov/nistpubs/SpecialPublications/NIST.SP.800-53r4.pdf">CM-6(a)</reference>
            <reference href="https://nvlpubs.nist.gov/nistpubs/CSWP/NIST.CSWP.04162018.pdf">PR.IP-1</reference>
            <reference href="https://nvlpubs.nist.gov/nistpubs/CSWP/NIST.CSWP.04162018.pdf">PR.PT-3</reference>
            <reference href="https://public.cyber.mil/stigs/downloads/?_dl_facet_stigs=operating-systems%2Cgeneral-purpose-os">SRG-OS-000480-GPOS-00227</reference>
            <reference href="https://www.cisecurity.org/benchmark/ubuntu_linux/">3.3.11</reference>
            <rationale xmlns:xhtml="http://www.w3.org/1999/xhtml" xml:lang="en-US">An illicit router advertisement message could result in a man-in-the-middle attack.</rationale>
            <platform idref="#system_with_kernel"/>
            <fix xmlns:xhtml="http://www.w3.org/1999/xhtml" id="sysctl_net_ipv6_conf_all_accept_ra" system="urn:xccdf:fix:script:ansible" reboot="true" complexity="low" disruption="medium" strategy="disable">- name: Gather the package facts
  package_facts:
    manager: auto
  tags:
  - NIST-800-171-3.1.20
  - NIST-800-53-CM-6(a)
  - NIST-800-53-CM-7(a)
  - NIST-800-53-CM-7(b)
  - disable_strategy
  - low_complexity
  - medium_disruption
  - medium_severity
  - reboot_required
  - sysctl_net_ipv6_conf_all_accept_ra

- name: List /etc/sysctl.d/*.conf files
  find:
    paths:
    - /etc/sysctl.d/
    - /run/sysctl.d/
    - /usr/local/lib/sysctl.d/
    contains: ^[\s]*net.ipv6.conf.all.accept_ra.*$
    patterns: '*.conf'
    file_type: any
  register: find_sysctl_d
  when: '"linux-base" in ansible_facts.packages'
  tags:
  - NIST-800-171-3.1.20
  - NIST-800-53-CM-6(a)
  - NIST-800-53-CM-7(a)
  - NIST-800-53-CM-7(b)
  - disable_strategy
  - low_complexity
  - medium_disruption
  - medium_severity
  - reboot_required
  - sysctl_net_ipv6_conf_all_accept_ra

- name: Comment out any occurrences of net.ipv6.conf.all.accept_ra from config files
  replace:
    path: '{{ item.path }}'
    regexp: ^[\s]*net.ipv6.conf.all.accept_ra
    replace: '#net.ipv6.conf.all.accept_ra'
  loop: '{{ find_sysctl_d.files }}'
  when: '"linux-base" in ansible_facts.packages'
  tags:
  - NIST-800-171-3.1.20
  - NIST-800-53-CM-6(a)
  - NIST-800-53-CM-7(a)
  - NIST-800-53-CM-7(b)
  - disable_strategy
  - low_complexity
  - medium_disruption
  - medium_severity
  - reboot_required
  - sysctl_net_ipv6_conf_all_accept_ra
- name: XCCDF Value sysctl_net_ipv6_conf_all_accept_ra_value # promote to variable
  set_fact:
    sysctl_net_ipv6_conf_all_accept_ra_value: !!str <xccdf-1.2:sub xmlns:xccdf-1.2="http://checklists.nist.gov/xccdf/1.2" idref="xccdf_org.ssgproject.content_value_sysctl_net_ipv6_conf_all_accept_ra_value" use="legacy"/>
  tags:
    - always

- name: Ensure sysctl net.ipv6.conf.all.accept_ra is set
  sysctl:
    name: net.ipv6.conf.all.accept_ra
    value: '{{ sysctl_net_ipv6_conf_all_accept_ra_value }}'
    sysctl_file: /etc/sysctl.conf
    state: present
    reload: true
  when: '"linux-base" in ansible_facts.packages'
  tags:
  - NIST-800-171-3.1.20
  - NIST-800-53-CM-6(a)
  - NIST-800-53-CM-7(a)
  - NIST-800-53-CM-7(b)
  - disable_strategy
  - low_complexity
  - medium_disruption
  - medium_severity
  - reboot_required
  - sysctl_net_ipv6_conf_all_accept_ra
</fix>
            <fix xmlns:xhtml="http://www.w3.org/1999/xhtml" id="sysctl_net_ipv6_conf_all_accept_ra" system="urn:xccdf:fix:script:sh" reboot="true" complexity="low" disruption="medium" strategy="disable"># Remediation is applicable only in certain platforms
if dpkg-query --show --showformat='${db:Status-Status}
' 'linux-base' 2&gt;/dev/null | grep -q ^installed; then

# Comment out any occurrences of net.ipv6.conf.all.accept_ra from /etc/sysctl.d/*.conf files

for f in /etc/sysctl.d/*.conf /run/sysctl.d/*.conf /usr/local/lib/sysctl.d/*.conf; do


  # skip systemd-sysctl symlink (/etc/sysctl.d/99-sysctl.conf -&gt; /etc/sysctl.conf)
  if [[ "$(readlink -f "$f")" == "/etc/sysctl.conf" ]]; then continue; fi

  matching_list=$(grep -P '^(?!#).*[\s]*net.ipv6.conf.all.accept_ra.*$' $f | uniq )
  if ! test -z "$matching_list"; then
    while IFS= read -r entry; do
      escaped_entry=$(sed -e 's|/|\\/|g' &lt;&lt;&lt; "$entry")
      # comment out "net.ipv6.conf.all.accept_ra" matches to preserve user data
      sed -i --follow-symlinks "s/^${escaped_entry}$/# &amp;/g" $f
    done &lt;&lt;&lt; "$matching_list"
  fi
done

#
# Set sysctl config file which to save the desired value
#

SYSCONFIG_FILE="/etc/sysctl.conf"

sysctl_net_ipv6_conf_all_accept_ra_value='<xccdf-1.2:sub xmlns:xccdf-1.2="http://checklists.nist.gov/xccdf/1.2" idref="xccdf_org.ssgproject.content_value_sysctl_net_ipv6_conf_all_accept_ra_value" use="legacy"/>'


#
# Set runtime for net.ipv6.conf.all.accept_ra
#
if [[ "$OSCAP_BOOTC_BUILD" != "YES" ]] ; then
    /sbin/sysctl -q -n -w net.ipv6.conf.all.accept_ra="$sysctl_net_ipv6_conf_all_accept_ra_value"
fi

#
# If net.ipv6.conf.all.accept_ra present in /etc/sysctl.conf, change value to appropriate value
#	else, add "net.ipv6.conf.all.accept_ra = value" to /etc/sysctl.conf
#

# Strip any search characters in the key arg so that the key can be replaced without
# adding any search characters to the config file.
stripped_key=$(sed 's/[\^=\$,;+]*//g' &lt;&lt;&lt; "^net.ipv6.conf.all.accept_ra")

# shellcheck disable=SC2059
printf -v formatted_output "%s = %s" "$stripped_key" "$sysctl_net_ipv6_conf_all_accept_ra_value"

# If the key exists, change it. Otherwise, add it to the config_file.
# We search for the key string followed by a word boundary (matched by \&gt;),
# so if we search for 'setting', 'setting2' won't match.
if LC_ALL=C grep -q -m 1 -i -e "^net.ipv6.conf.all.accept_ra\\&gt;" "${SYSCONFIG_FILE}"; then
    escaped_formatted_output=$(sed -e 's|/|\\/|g' &lt;&lt;&lt; "$formatted_output")
    LC_ALL=C sed -i --follow-symlinks "s/^net.ipv6.conf.all.accept_ra\\&gt;.*/$escaped_formatted_output/gi" "${SYSCONFIG_FILE}"
else
    if [[ -s "${SYSCONFIG_FILE}" ]] &amp;&amp; [[ -n "$(tail -c 1 -- "${SYSCONFIG_FILE}" || true)" ]]; then
        LC_ALL=C sed -i --follow-symlinks '$a'\\ "${SYSCONFIG_FILE}"
    fi
    printf '%s\n' "$formatted_output" &gt;&gt; "${SYSCONFIG_FILE}"
fi

else
    &gt;&amp;2 echo 'Remediation is not applicable, nothing was done'
fi
</fix>
            <check system="http://oval.mitre.org/XMLSchema/oval-definitions-5">
              <check-export export-name="oval:ssg-sysctl_net_ipv6_conf_all_accept_ra_value:var:1" value-id="xccdf_org.ssgproject.content_value_sysctl_net_ipv6_conf_all_accept_ra_value"/>
              <check-content-ref name="oval:ssg-sysctl_net_ipv6_conf_all_accept_ra:def:1" href="ssg-ubuntu2404-oval.xml"/>
            </check>
            <check system="http://scap.nist.gov/schema/ocil/2">
              <check-content-ref name="ocil:ssg-sysctl_net_ipv6_conf_all_accept_ra_ocil:questionnaire:1" href="ssg-ubuntu2404-ocil.xml"/>
            </check>
          </Rule>
          <Rule id="xccdf_org.ssgproject.content_rule_sysctl_net_ipv6_conf_all_accept_redirects" selected="false" role="full" severity="medium">
            <title xmlns:xhtml="http://www.w3.org/1999/xhtml" xml:lang="en-US">Disable Accepting ICMP Redirects for All IPv6 Interfaces</title>
            <description xmlns:xhtml="http://www.w3.org/1999/xhtml" xml:lang="en-US">To set the runtime status of the <html:code xmlns:html="http://www.w3.org/1999/xhtml">net.ipv6.conf.all.accept_redirects</html:code> kernel parameter, run the following command: <html:pre xmlns:html="http://www.w3.org/1999/xhtml">$ sudo sysctl -w net.ipv6.conf.all.accept_redirects=0</html:pre>
To make sure that the setting is persistent, add the following line to a file in the directory <html:code xmlns:html="http://www.w3.org/1999/xhtml">/etc/sysctl.d</html:code>: <html:pre xmlns:html="http://www.w3.org/1999/xhtml">net.ipv6.conf.all.accept_redirects = 0</html:pre>
        </description>
            <reference href="https://www.cisecurity.org/controls/">11</reference>
            <reference href="https://www.cisecurity.org/controls/">14</reference>
            <reference href="https://www.cisecurity.org/controls/">3</reference>
            <reference href="https://www.cisecurity.org/controls/">9</reference>
            <reference href="https://www.isaca.org/resources/cobit">BAI10.01</reference>
            <reference href="https://www.isaca.org/resources/cobit">BAI10.02</reference>
            <reference href="https://www.isaca.org/resources/cobit">BAI10.03</reference>
            <reference href="https://www.isaca.org/resources/cobit">BAI10.05</reference>
            <reference href="https://www.isaca.org/resources/cobit">DSS05.02</reference>
            <reference href="https://www.isaca.org/resources/cobit">DSS05.05</reference>
            <reference href="https://www.isaca.org/resources/cobit">DSS06.06</reference>
            <reference href="http://nvlpubs.nist.gov/nistpubs/SpecialPublications/NIST.SP.800-171.pdf">3.1.20</reference>
            <reference href="https://public.cyber.mil/stigs/cci/">CCI-000366</reference>
            <reference href="https://www.isa.org/products/isa-62443-2-1-2009-security-for-industrial-automat">4.3.3.5.1</reference>
            <reference href="https://www.isa.org/products/isa-62443-2-1-2009-security-for-industrial-automat">4.3.3.5.2</reference>
            <reference href="https://www.isa.org/products/isa-62443-2-1-2009-security-for-industrial-automat">4.3.3.5.3</reference>
            <reference href="https://www.isa.org/products/isa-62443-2-1-2009-security-for-industrial-automat">4.3.3.5.4</reference>
            <reference href="https://www.isa.org/products/isa-62443-2-1-2009-security-for-industrial-automat">4.3.3.5.5</reference>
            <reference href="https://www.isa.org/products/isa-62443-2-1-2009-security-for-industrial-automat">4.3.3.5.6</reference>
            <reference href="https://www.isa.org/products/isa-62443-2-1-2009-security-for-industrial-automat">4.3.3.5.7</reference>
            <reference href="https://www.isa.org/products/isa-62443-2-1-2009-security-for-industrial-automat">4.3.3.5.8</reference>
            <reference href="https://www.isa.org/products/isa-62443-2-1-2009-security-for-industrial-automat">4.3.3.6.1</reference>
            <reference href="https://www.isa.org/products/isa-62443-2-1-2009-security-for-industrial-automat">4.3.3.6.2</reference>
            <reference href="https://www.isa.org/products/isa-62443-2-1-2009-security-for-industrial-automat">4.3.3.6.3</reference>
            <reference href="https://www.isa.org/products/isa-62443-2-1-2009-security-for-industrial-automat">4.3.3.6.4</reference>
            <reference href="https://www.isa.org/products/isa-62443-2-1-2009-security-for-industrial-automat">4.3.3.6.5</reference>
            <reference href="https://www.isa.org/products/isa-62443-2-1-2009-security-for-industrial-automat">4.3.3.6.6</reference>
            <reference href="https://www.isa.org/products/isa-62443-2-1-2009-security-for-industrial-automat">4.3.3.6.7</reference>
            <reference href="https://www.isa.org/products/isa-62443-2-1-2009-security-for-industrial-automat">4.3.3.6.8</reference>
            <reference href="https://www.isa.org/products/isa-62443-2-1-2009-security-for-industrial-automat">4.3.3.6.9</reference>
            <reference href="https://www.isa.org/products/isa-62443-2-1-2009-security-for-industrial-automat">4.3.3.7.1</reference>
            <reference href="https://www.isa.org/products/isa-62443-2-1-2009-security-for-industrial-automat">4.3.3.7.2</reference>
            <reference href="https://www.isa.org/products/isa-62443-2-1-2009-security-for-industrial-automat">4.3.3.7.3</reference>
            <reference href="https://www.isa.org/products/isa-62443-2-1-2009-security-for-industrial-automat">4.3.3.7.4</reference>
            <reference href="https://www.isa.org/products/isa-62443-2-1-2009-security-for-industrial-automat">4.3.4.3.2</reference>
            <reference href="https://www.isa.org/products/isa-62443-2-1-2009-security-for-industrial-automat">4.3.4.3.3</reference>
            <reference href="https://www.isa.org/products/ansi-isa-62443-3-3-99-03-03-2013-security-for-indu">SR 1.1</reference>
            <reference href="https://www.isa.org/products/ansi-isa-62443-3-3-99-03-03-2013-security-for-indu">SR 1.10</reference>
            <reference href="https://www.isa.org/products/ansi-isa-62443-3-3-99-03-03-2013-security-for-indu">SR 1.11</reference>
            <reference href="https://www.isa.org/products/ansi-isa-62443-3-3-99-03-03-2013-security-for-indu">SR 1.12</reference>
            <reference href="https://www.isa.org/products/ansi-isa-62443-3-3-99-03-03-2013-security-for-indu">SR 1.13</reference>
            <reference href="https://www.isa.org/products/ansi-isa-62443-3-3-99-03-03-2013-security-for-indu">SR 1.2</reference>
            <reference href="https://www.isa.org/products/ansi-isa-62443-3-3-99-03-03-2013-security-for-indu">SR 1.3</reference>
            <reference href="https://www.isa.org/products/ansi-isa-62443-3-3-99-03-03-2013-security-for-indu">SR 1.4</reference>
            <reference href="https://www.isa.org/products/ansi-isa-62443-3-3-99-03-03-2013-security-for-indu">SR 1.5</reference>
            <reference href="https://www.isa.org/products/ansi-isa-62443-3-3-99-03-03-2013-security-for-indu">SR 1.6</reference>
            <reference href="https://www.isa.org/products/ansi-isa-62443-3-3-99-03-03-2013-security-for-indu">SR 1.7</reference>
            <reference href="https://www.isa.org/products/ansi-isa-62443-3-3-99-03-03-2013-security-for-indu">SR 1.8</reference>
            <reference href="https://www.isa.org/products/ansi-isa-62443-3-3-99-03-03-2013-security-for-indu">SR 1.9</reference>
            <reference href="https://www.isa.org/products/ansi-isa-62443-3-3-99-03-03-2013-security-for-indu">SR 2.1</reference>
            <reference href="https://www.isa.org/products/ansi-isa-62443-3-3-99-03-03-2013-security-for-indu">SR 2.2</reference>
            <reference href="https://www.isa.org/products/ansi-isa-62443-3-3-99-03-03-2013-security-for-indu">SR 2.3</reference>
            <reference href="https://www.isa.org/products/ansi-isa-62443-3-3-99-03-03-2013-security-for-indu">SR 2.4</reference>
            <reference href="https://www.isa.org/products/ansi-isa-62443-3-3-99-03-03-2013-security-for-indu">SR 2.5</reference>
            <reference href="https://www.isa.org/products/ansi-isa-62443-3-3-99-03-03-2013-security-for-indu">SR 2.6</reference>
            <reference href="https://www.isa.org/products/ansi-isa-62443-3-3-99-03-03-2013-security-for-indu">SR 2.7</reference>
            <reference href="https://www.isa.org/products/ansi-isa-62443-3-3-99-03-03-2013-security-for-indu">SR 7.6</reference>
            <reference href="https://www.iso.org/contents/data/standard/05/45/54534.html">A.12.1.2</reference>
            <reference href="https://www.iso.org/contents/data/standard/05/45/54534.html">A.12.5.1</reference>
            <reference href="https://www.iso.org/contents/data/standard/05/45/54534.html">A.12.6.2</reference>
            <reference href="https://www.iso.org/contents/data/standard/05/45/54534.html">A.14.2.2</reference>
            <reference href="https://www.iso.org/contents/data/standard/05/45/54534.html">A.14.2.3</reference>
            <reference href="https://www.iso.org/contents/data/standard/05/45/54534.html">A.14.2.4</reference>
            <reference href="https://www.iso.org/contents/data/standard/05/45/54534.html">A.9.1.2</reference>
            <reference href="http://nvlpubs.nist.gov/nistpubs/SpecialPublications/NIST.SP.800-53r4.pdf">CM-7(a)</reference>
            <reference href="http://nvlpubs.nist.gov/nistpubs/SpecialPublications/NIST.SP.800-53r4.pdf">CM-7(b)</reference>
            <reference href="http://nvlpubs.nist.gov/nistpubs/SpecialPublications/NIST.SP.800-53r4.pdf">CM-6(a)</reference>
            <reference href="http://nvlpubs.nist.gov/nistpubs/SpecialPublications/NIST.SP.800-53r4.pdf">CM-6(b)</reference>
            <reference href="http://nvlpubs.nist.gov/nistpubs/SpecialPublications/NIST.SP.800-53r4.pdf">CM-6.1(iv)</reference>
            <reference href="https://nvlpubs.nist.gov/nistpubs/CSWP/NIST.CSWP.04162018.pdf">PR.IP-1</reference>
            <reference href="https://nvlpubs.nist.gov/nistpubs/CSWP/NIST.CSWP.04162018.pdf">PR.PT-3</reference>
            <reference href="https://public.cyber.mil/stigs/downloads/?_dl_facet_stigs=operating-systems%2Cgeneral-purpose-os">SRG-OS-000480-GPOS-00227</reference>
            <reference href="https://cyber.gouv.fr/sites/default/files/document/linux_configuration-en-v2.pdf">R13</reference>
            <reference href="https://www.cisecurity.org/benchmark/ubuntu_linux/">3.3.5</reference>
            <rationale xmlns:xhtml="http://www.w3.org/1999/xhtml" xml:lang="en-US">An illicit ICMP redirect message could result in a man-in-the-middle attack.</rationale>
            <platform idref="#system_with_kernel"/>
            <fix xmlns:xhtml="http://www.w3.org/1999/xhtml" id="sysctl_net_ipv6_conf_all_accept_redirects" system="urn:xccdf:fix:script:ansible" reboot="true" complexity="low" disruption="medium" strategy="disable">- name: Gather the package facts
  package_facts:
    manager: auto
  tags:
  - NIST-800-171-3.1.20
  - NIST-800-53-CM-6(a)
  - NIST-800-53-CM-6(b)
  - NIST-800-53-CM-6.1(iv)
  - NIST-800-53-CM-7(a)
  - NIST-800-53-CM-7(b)
  - disable_strategy
  - low_complexity
  - medium_disruption
  - medium_severity
  - reboot_required
  - sysctl_net_ipv6_conf_all_accept_redirects

- name: List /etc/sysctl.d/*.conf files
  find:
    paths:
    - /etc/sysctl.d/
    - /run/sysctl.d/
    - /usr/local/lib/sysctl.d/
    contains: ^[\s]*net.ipv6.conf.all.accept_redirects.*$
    patterns: '*.conf'
    file_type: any
  register: find_sysctl_d
  when: '"linux-base" in ansible_facts.packages'
  tags:
  - NIST-800-171-3.1.20
  - NIST-800-53-CM-6(a)
  - NIST-800-53-CM-6(b)
  - NIST-800-53-CM-6.1(iv)
  - NIST-800-53-CM-7(a)
  - NIST-800-53-CM-7(b)
  - disable_strategy
  - low_complexity
  - medium_disruption
  - medium_severity
  - reboot_required
  - sysctl_net_ipv6_conf_all_accept_redirects

- name: Comment out any occurrences of net.ipv6.conf.all.accept_redirects from config
    files
  replace:
    path: '{{ item.path }}'
    regexp: ^[\s]*net.ipv6.conf.all.accept_redirects
    replace: '#net.ipv6.conf.all.accept_redirects'
  loop: '{{ find_sysctl_d.files }}'
  when: '"linux-base" in ansible_facts.packages'
  tags:
  - NIST-800-171-3.1.20
  - NIST-800-53-CM-6(a)
  - NIST-800-53-CM-6(b)
  - NIST-800-53-CM-6.1(iv)
  - NIST-800-53-CM-7(a)
  - NIST-800-53-CM-7(b)
  - disable_strategy
  - low_complexity
  - medium_disruption
  - medium_severity
  - reboot_required
  - sysctl_net_ipv6_conf_all_accept_redirects
- name: XCCDF Value sysctl_net_ipv6_conf_all_accept_redirects_value # promote to variable
  set_fact:
    sysctl_net_ipv6_conf_all_accept_redirects_value: !!str <xccdf-1.2:sub xmlns:xccdf-1.2="http://checklists.nist.gov/xccdf/1.2" idref="xccdf_org.ssgproject.content_value_sysctl_net_ipv6_conf_all_accept_redirects_value" use="legacy"/>
  tags:
    - always

- name: Ensure sysctl net.ipv6.conf.all.accept_redirects is set
  sysctl:
    name: net.ipv6.conf.all.accept_redirects
    value: '{{ sysctl_net_ipv6_conf_all_accept_redirects_value }}'
    sysctl_file: /etc/sysctl.conf
    state: present
    reload: true
  when: '"linux-base" in ansible_facts.packages'
  tags:
  - NIST-800-171-3.1.20
  - NIST-800-53-CM-6(a)
  - NIST-800-53-CM-6(b)
  - NIST-800-53-CM-6.1(iv)
  - NIST-800-53-CM-7(a)
  - NIST-800-53-CM-7(b)
  - disable_strategy
  - low_complexity
  - medium_disruption
  - medium_severity
  - reboot_required
  - sysctl_net_ipv6_conf_all_accept_redirects
</fix>
            <fix xmlns:xhtml="http://www.w3.org/1999/xhtml" id="sysctl_net_ipv6_conf_all_accept_redirects" system="urn:xccdf:fix:script:sh" reboot="true" complexity="low" disruption="medium" strategy="disable"># Remediation is applicable only in certain platforms
if dpkg-query --show --showformat='${db:Status-Status}
' 'linux-base' 2&gt;/dev/null | grep -q ^installed; then

# Comment out any occurrences of net.ipv6.conf.all.accept_redirects from /etc/sysctl.d/*.conf files

for f in /etc/sysctl.d/*.conf /run/sysctl.d/*.conf /usr/local/lib/sysctl.d/*.conf; do


  # skip systemd-sysctl symlink (/etc/sysctl.d/99-sysctl.conf -&gt; /etc/sysctl.conf)
  if [[ "$(readlink -f "$f")" == "/etc/sysctl.conf" ]]; then continue; fi

  matching_list=$(grep -P '^(?!#).*[\s]*net.ipv6.conf.all.accept_redirects.*$' $f | uniq )
  if ! test -z "$matching_list"; then
    while IFS= read -r entry; do
      escaped_entry=$(sed -e 's|/|\\/|g' &lt;&lt;&lt; "$entry")
      # comment out "net.ipv6.conf.all.accept_redirects" matches to preserve user data
      sed -i --follow-symlinks "s/^${escaped_entry}$/# &amp;/g" $f
    done &lt;&lt;&lt; "$matching_list"
  fi
done

#
# Set sysctl config file which to save the desired value
#

SYSCONFIG_FILE="/etc/sysctl.conf"

sysctl_net_ipv6_conf_all_accept_redirects_value='<xccdf-1.2:sub xmlns:xccdf-1.2="http://checklists.nist.gov/xccdf/1.2" idref="xccdf_org.ssgproject.content_value_sysctl_net_ipv6_conf_all_accept_redirects_value" use="legacy"/>'


#
# Set runtime for net.ipv6.conf.all.accept_redirects
#
if [[ "$OSCAP_BOOTC_BUILD" != "YES" ]] ; then
    /sbin/sysctl -q -n -w net.ipv6.conf.all.accept_redirects="$sysctl_net_ipv6_conf_all_accept_redirects_value"
fi

#
# If net.ipv6.conf.all.accept_redirects present in /etc/sysctl.conf, change value to appropriate value
#	else, add "net.ipv6.conf.all.accept_redirects = value" to /etc/sysctl.conf
#

# Strip any search characters in the key arg so that the key can be replaced without
# adding any search characters to the config file.
stripped_key=$(sed 's/[\^=\$,;+]*//g' &lt;&lt;&lt; "^net.ipv6.conf.all.accept_redirects")

# shellcheck disable=SC2059
printf -v formatted_output "%s = %s" "$stripped_key" "$sysctl_net_ipv6_conf_all_accept_redirects_value"

# If the key exists, change it. Otherwise, add it to the config_file.
# We search for the key string followed by a word boundary (matched by \&gt;),
# so if we search for 'setting', 'setting2' won't match.
if LC_ALL=C grep -q -m 1 -i -e "^net.ipv6.conf.all.accept_redirects\\&gt;" "${SYSCONFIG_FILE}"; then
    escaped_formatted_output=$(sed -e 's|/|\\/|g' &lt;&lt;&lt; "$formatted_output")
    LC_ALL=C sed -i --follow-symlinks "s/^net.ipv6.conf.all.accept_redirects\\&gt;.*/$escaped_formatted_output/gi" "${SYSCONFIG_FILE}"
else
    if [[ -s "${SYSCONFIG_FILE}" ]] &amp;&amp; [[ -n "$(tail -c 1 -- "${SYSCONFIG_FILE}" || true)" ]]; then
        LC_ALL=C sed -i --follow-symlinks '$a'\\ "${SYSCONFIG_FILE}"
    fi
    printf '%s\n' "$formatted_output" &gt;&gt; "${SYSCONFIG_FILE}"
fi

else
    &gt;&amp;2 echo 'Remediation is not applicable, nothing was done'
fi
</fix>
            <check system="http://oval.mitre.org/XMLSchema/oval-definitions-5">
              <check-export export-name="oval:ssg-sysctl_net_ipv6_conf_all_accept_redirects_value:var:1" value-id="xccdf_org.ssgproject.content_value_sysctl_net_ipv6_conf_all_accept_redirects_value"/>
              <check-content-ref name="oval:ssg-sysctl_net_ipv6_conf_all_accept_redirects:def:1" href="ssg-ubuntu2404-oval.xml"/>
            </check>
            <check system="http://scap.nist.gov/schema/ocil/2">
              <check-content-ref name="ocil:ssg-sysctl_net_ipv6_conf_all_accept_redirects_ocil:questionnaire:1" href="ssg-ubuntu2404-ocil.xml"/>
            </check>
          </Rule>
          <Rule id="xccdf_org.ssgproject.content_rule_sysctl_net_ipv6_conf_all_accept_source_route" selected="false" role="full" severity="medium">
            <title xmlns:xhtml="http://www.w3.org/1999/xhtml" xml:lang="en-US">Disable Kernel Parameter for Accepting Source-Routed Packets on all IPv6 Interfaces</title>
            <description xmlns:xhtml="http://www.w3.org/1999/xhtml" xml:lang="en-US">To set the runtime status of the <html:code xmlns:html="http://www.w3.org/1999/xhtml">net.ipv6.conf.all.accept_source_route</html:code> kernel parameter, run the following command: <html:pre xmlns:html="http://www.w3.org/1999/xhtml">$ sudo sysctl -w net.ipv6.conf.all.accept_source_route=0</html:pre>
To make sure that the setting is persistent, add the following line to a file in the directory <html:code xmlns:html="http://www.w3.org/1999/xhtml">/etc/sysctl.d</html:code>: <html:pre xmlns:html="http://www.w3.org/1999/xhtml">net.ipv6.conf.all.accept_source_route = 0</html:pre>
        </description>
            <reference href="https://www.cisecurity.org/controls/">1</reference>
            <reference href="https://www.cisecurity.org/controls/">12</reference>
            <reference href="https://www.cisecurity.org/controls/">13</reference>
            <reference href="https://www.cisecurity.org/controls/">14</reference>
            <reference href="https://www.cisecurity.org/controls/">15</reference>
            <reference href="https://www.cisecurity.org/controls/">16</reference>
            <reference href="https://www.cisecurity.org/controls/">18</reference>
            <reference href="https://www.cisecurity.org/controls/">4</reference>
            <reference href="https://www.cisecurity.org/controls/">6</reference>
            <reference href="https://www.cisecurity.org/controls/">8</reference>
            <reference href="https://www.cisecurity.org/controls/">9</reference>
            <reference href="https://www.isaca.org/resources/cobit">APO01.06</reference>
            <reference href="https://www.isaca.org/resources/cobit">APO13.01</reference>
            <reference href="https://www.isaca.org/resources/cobit">DSS01.05</reference>
            <reference href="https://www.isaca.org/resources/cobit">DSS03.01</reference>
            <reference href="https://www.isaca.org/resources/cobit">DSS05.02</reference>
            <reference href="https://www.isaca.org/resources/cobit">DSS05.04</reference>
            <reference href="https://www.isaca.org/resources/cobit">DSS05.07</reference>
            <reference href="https://www.isaca.org/resources/cobit">DSS06.02</reference>
            <reference href="http://nvlpubs.nist.gov/nistpubs/SpecialPublications/NIST.SP.800-171.pdf">3.1.20</reference>
            <reference href="https://public.cyber.mil/stigs/cci/">CCI-000366</reference>
            <reference href="https://www.isa.org/products/isa-62443-2-1-2009-security-for-industrial-automat">4.2.3.4</reference>
            <reference href="https://www.isa.org/products/isa-62443-2-1-2009-security-for-industrial-automat">4.3.3.4</reference>
            <reference href="https://www.isa.org/products/isa-62443-2-1-2009-security-for-industrial-automat">4.4.3.3</reference>
            <reference href="https://www.isa.org/products/ansi-isa-62443-3-3-99-03-03-2013-security-for-indu">SR 3.1</reference>
            <reference href="https://www.isa.org/products/ansi-isa-62443-3-3-99-03-03-2013-security-for-indu">SR 3.5</reference>
            <reference href="https://www.isa.org/products/ansi-isa-62443-3-3-99-03-03-2013-security-for-indu">SR 3.8</reference>
            <reference href="https://www.isa.org/products/ansi-isa-62443-3-3-99-03-03-2013-security-for-indu">SR 4.1</reference>
            <reference href="https://www.isa.org/products/ansi-isa-62443-3-3-99-03-03-2013-security-for-indu">SR 4.3</reference>
            <reference href="https://www.isa.org/products/ansi-isa-62443-3-3-99-03-03-2013-security-for-indu">SR 5.1</reference>
            <reference href="https://www.isa.org/products/ansi-isa-62443-3-3-99-03-03-2013-security-for-indu">SR 5.2</reference>
            <reference href="https://www.isa.org/products/ansi-isa-62443-3-3-99-03-03-2013-security-for-indu">SR 5.3</reference>
            <reference href="https://www.isa.org/products/ansi-isa-62443-3-3-99-03-03-2013-security-for-indu">SR 7.1</reference>
            <reference href="https://www.isa.org/products/ansi-isa-62443-3-3-99-03-03-2013-security-for-indu">SR 7.6</reference>
            <reference href="https://www.iso.org/contents/data/standard/05/45/54534.html">A.10.1.1</reference>
            <reference href="https://www.iso.org/contents/data/standard/05/45/54534.html">A.11.1.4</reference>
            <reference href="https://www.iso.org/contents/data/standard/05/45/54534.html">A.11.1.5</reference>
            <reference href="https://www.iso.org/contents/data/standard/05/45/54534.html">A.11.2.1</reference>
            <reference href="https://www.iso.org/contents/data/standard/05/45/54534.html">A.12.1.1</reference>
            <reference href="https://www.iso.org/contents/data/standard/05/45/54534.html">A.12.1.2</reference>
            <reference href="https://www.iso.org/contents/data/standard/05/45/54534.html">A.13.1.1</reference>
            <reference href="https://www.iso.org/contents/data/standard/05/45/54534.html">A.13.1.2</reference>
            <reference href="https://www.iso.org/contents/data/standard/05/45/54534.html">A.13.1.3</reference>
            <reference href="https://www.iso.org/contents/data/standard/05/45/54534.html">A.13.2.1</reference>
            <reference href="https://www.iso.org/contents/data/standard/05/45/54534.html">A.13.2.2</reference>
            <reference href="https://www.iso.org/contents/data/standard/05/45/54534.html">A.13.2.3</reference>
            <reference href="https://www.iso.org/contents/data/standard/05/45/54534.html">A.13.2.4</reference>
            <reference href="https://www.iso.org/contents/data/standard/05/45/54534.html">A.14.1.2</reference>
            <reference href="https://www.iso.org/contents/data/standard/05/45/54534.html">A.14.1.3</reference>
            <reference href="https://www.iso.org/contents/data/standard/05/45/54534.html">A.6.1.2</reference>
            <reference href="https://www.iso.org/contents/data/standard/05/45/54534.html">A.7.1.1</reference>
            <reference href="https://www.iso.org/contents/data/standard/05/45/54534.html">A.7.1.2</reference>
            <reference href="https://www.iso.org/contents/data/standard/05/45/54534.html">A.7.3.1</reference>
            <reference href="https://www.iso.org/contents/data/standard/05/45/54534.html">A.8.2.2</reference>
            <reference href="https://www.iso.org/contents/data/standard/05/45/54534.html">A.8.2.3</reference>
            <reference href="https://www.iso.org/contents/data/standard/05/45/54534.html">A.9.1.1</reference>
            <reference href="https://www.iso.org/contents/data/standard/05/45/54534.html">A.9.1.2</reference>
            <reference href="https://www.iso.org/contents/data/standard/05/45/54534.html">A.9.2.3</reference>
            <reference href="https://www.iso.org/contents/data/standard/05/45/54534.html">A.9.4.1</reference>
            <reference href="https://www.iso.org/contents/data/standard/05/45/54534.html">A.9.4.4</reference>
            <reference href="https://www.iso.org/contents/data/standard/05/45/54534.html">A.9.4.5</reference>
            <reference href="http://nvlpubs.nist.gov/nistpubs/SpecialPublications/NIST.SP.800-53r4.pdf">CM-7(a)</reference>
            <reference href="http://nvlpubs.nist.gov/nistpubs/SpecialPublications/NIST.SP.800-53r4.pdf">CM-7(b)</reference>
            <reference href="http://nvlpubs.nist.gov/nistpubs/SpecialPublications/NIST.SP.800-53r4.pdf">CM-6(a)</reference>
            <reference href="https://nvlpubs.nist.gov/nistpubs/CSWP/NIST.CSWP.04162018.pdf">DE.AE-1</reference>
            <reference href="https://nvlpubs.nist.gov/nistpubs/CSWP/NIST.CSWP.04162018.pdf">ID.AM-3</reference>
            <reference href="https://nvlpubs.nist.gov/nistpubs/CSWP/NIST.CSWP.04162018.pdf">PR.AC-5</reference>
            <reference href="https://nvlpubs.nist.gov/nistpubs/CSWP/NIST.CSWP.04162018.pdf">PR.DS-5</reference>
            <reference href="https://nvlpubs.nist.gov/nistpubs/CSWP/NIST.CSWP.04162018.pdf">PR.PT-4</reference>
            <reference href="https://public.cyber.mil/stigs/downloads/?_dl_facet_stigs=operating-systems%2Cgeneral-purpose-os">SRG-OS-000480-GPOS-00227</reference>
            <reference href="https://cyber.gouv.fr/sites/default/files/document/linux_configuration-en-v2.pdf">R13</reference>
            <reference href="https://www.cisecurity.org/benchmark/ubuntu_linux/">3.3.8</reference>
            <rationale xmlns:xhtml="http://www.w3.org/1999/xhtml" xml:lang="en-US">Source-routed packets allow the source of the packet to suggest routers
forward the packet along a different path than configured on the router, which can
be used to bypass network security measures. This requirement applies only to the
forwarding of source-routerd traffic, such as when IPv6 forwarding is enabled and
the system is functioning as a router.
<html:br xmlns:html="http://www.w3.org/1999/xhtml"/>
         <html:br xmlns:html="http://www.w3.org/1999/xhtml"/>
Accepting source-routed packets in the IPv6 protocol has few legitimate
uses. It should be disabled unless it is absolutely required.</rationale>
            <platform idref="#system_with_kernel"/>
            <fix xmlns:xhtml="http://www.w3.org/1999/xhtml" id="sysctl_net_ipv6_conf_all_accept_source_route" system="urn:xccdf:fix:script:ansible" reboot="true" complexity="low" disruption="medium" strategy="disable">- name: Gather the package facts
  package_facts:
    manager: auto
  tags:
  - NIST-800-171-3.1.20
  - NIST-800-53-CM-6(a)
  - NIST-800-53-CM-7(a)
  - NIST-800-53-CM-7(b)
  - disable_strategy
  - low_complexity
  - medium_disruption
  - medium_severity
  - reboot_required
  - sysctl_net_ipv6_conf_all_accept_source_route

- name: List /etc/sysctl.d/*.conf files
  find:
    paths:
    - /etc/sysctl.d/
    - /run/sysctl.d/
    - /usr/local/lib/sysctl.d/
    contains: ^[\s]*net.ipv6.conf.all.accept_source_route.*$
    patterns: '*.conf'
    file_type: any
  register: find_sysctl_d
  when: '"linux-base" in ansible_facts.packages'
  tags:
  - NIST-800-171-3.1.20
  - NIST-800-53-CM-6(a)
  - NIST-800-53-CM-7(a)
  - NIST-800-53-CM-7(b)
  - disable_strategy
  - low_complexity
  - medium_disruption
  - medium_severity
  - reboot_required
  - sysctl_net_ipv6_conf_all_accept_source_route

- name: Comment out any occurrences of net.ipv6.conf.all.accept_source_route from
    config files
  replace:
    path: '{{ item.path }}'
    regexp: ^[\s]*net.ipv6.conf.all.accept_source_route
    replace: '#net.ipv6.conf.all.accept_source_route'
  loop: '{{ find_sysctl_d.files }}'
  when: '"linux-base" in ansible_facts.packages'
  tags:
  - NIST-800-171-3.1.20
  - NIST-800-53-CM-6(a)
  - NIST-800-53-CM-7(a)
  - NIST-800-53-CM-7(b)
  - disable_strategy
  - low_complexity
  - medium_disruption
  - medium_severity
  - reboot_required
  - sysctl_net_ipv6_conf_all_accept_source_route
- name: XCCDF Value sysctl_net_ipv6_conf_all_accept_source_route_value # promote to variable
  set_fact:
    sysctl_net_ipv6_conf_all_accept_source_route_value: !!str <xccdf-1.2:sub xmlns:xccdf-1.2="http://checklists.nist.gov/xccdf/1.2" idref="xccdf_org.ssgproject.content_value_sysctl_net_ipv6_conf_all_accept_source_route_value" use="legacy"/>
  tags:
    - always

- name: Ensure sysctl net.ipv6.conf.all.accept_source_route is set
  sysctl:
    name: net.ipv6.conf.all.accept_source_route
    value: '{{ sysctl_net_ipv6_conf_all_accept_source_route_value }}'
    sysctl_file: /etc/sysctl.conf
    state: present
    reload: true
  when: '"linux-base" in ansible_facts.packages'
  tags:
  - NIST-800-171-3.1.20
  - NIST-800-53-CM-6(a)
  - NIST-800-53-CM-7(a)
  - NIST-800-53-CM-7(b)
  - disable_strategy
  - low_complexity
  - medium_disruption
  - medium_severity
  - reboot_required
  - sysctl_net_ipv6_conf_all_accept_source_route
</fix>
            <fix xmlns:xhtml="http://www.w3.org/1999/xhtml" id="sysctl_net_ipv6_conf_all_accept_source_route" system="urn:xccdf:fix:script:sh" reboot="true" complexity="low" disruption="medium" strategy="disable"># Remediation is applicable only in certain platforms
if dpkg-query --show --showformat='${db:Status-Status}
' 'linux-base' 2&gt;/dev/null | grep -q ^installed; then

# Comment out any occurrences of net.ipv6.conf.all.accept_source_route from /etc/sysctl.d/*.conf files

for f in /etc/sysctl.d/*.conf /run/sysctl.d/*.conf /usr/local/lib/sysctl.d/*.conf; do


  # skip systemd-sysctl symlink (/etc/sysctl.d/99-sysctl.conf -&gt; /etc/sysctl.conf)
  if [[ "$(readlink -f "$f")" == "/etc/sysctl.conf" ]]; then continue; fi

  matching_list=$(grep -P '^(?!#).*[\s]*net.ipv6.conf.all.accept_source_route.*$' $f | uniq )
  if ! test -z "$matching_list"; then
    while IFS= read -r entry; do
      escaped_entry=$(sed -e 's|/|\\/|g' &lt;&lt;&lt; "$entry")
      # comment out "net.ipv6.conf.all.accept_source_route" matches to preserve user data
      sed -i --follow-symlinks "s/^${escaped_entry}$/# &amp;/g" $f
    done &lt;&lt;&lt; "$matching_list"
  fi
done

#
# Set sysctl config file which to save the desired value
#

SYSCONFIG_FILE="/etc/sysctl.conf"

sysctl_net_ipv6_conf_all_accept_source_route_value='<xccdf-1.2:sub xmlns:xccdf-1.2="http://checklists.nist.gov/xccdf/1.2" idref="xccdf_org.ssgproject.content_value_sysctl_net_ipv6_conf_all_accept_source_route_value" use="legacy"/>'


#
# Set runtime for net.ipv6.conf.all.accept_source_route
#
if [[ "$OSCAP_BOOTC_BUILD" != "YES" ]] ; then
    /sbin/sysctl -q -n -w net.ipv6.conf.all.accept_source_route="$sysctl_net_ipv6_conf_all_accept_source_route_value"
fi

#
# If net.ipv6.conf.all.accept_source_route present in /etc/sysctl.conf, change value to appropriate value
#	else, add "net.ipv6.conf.all.accept_source_route = value" to /etc/sysctl.conf
#

# Strip any search characters in the key arg so that the key can be replaced without
# adding any search characters to the config file.
stripped_key=$(sed 's/[\^=\$,;+]*//g' &lt;&lt;&lt; "^net.ipv6.conf.all.accept_source_route")

# shellcheck disable=SC2059
printf -v formatted_output "%s = %s" "$stripped_key" "$sysctl_net_ipv6_conf_all_accept_source_route_value"

# If the key exists, change it. Otherwise, add it to the config_file.
# We search for the key string followed by a word boundary (matched by \&gt;),
# so if we search for 'setting', 'setting2' won't match.
if LC_ALL=C grep -q -m 1 -i -e "^net.ipv6.conf.all.accept_source_route\\&gt;" "${SYSCONFIG_FILE}"; then
    escaped_formatted_output=$(sed -e 's|/|\\/|g' &lt;&lt;&lt; "$formatted_output")
    LC_ALL=C sed -i --follow-symlinks "s/^net.ipv6.conf.all.accept_source_route\\&gt;.*/$escaped_formatted_output/gi" "${SYSCONFIG_FILE}"
else
    if [[ -s "${SYSCONFIG_FILE}" ]] &amp;&amp; [[ -n "$(tail -c 1 -- "${SYSCONFIG_FILE}" || true)" ]]; then
        LC_ALL=C sed -i --follow-symlinks '$a'\\ "${SYSCONFIG_FILE}"
    fi
    printf '%s\n' "$formatted_output" &gt;&gt; "${SYSCONFIG_FILE}"
fi

else
    &gt;&amp;2 echo 'Remediation is not applicable, nothing was done'
fi
</fix>
            <check system="http://oval.mitre.org/XMLSchema/oval-definitions-5">
              <check-export export-name="oval:ssg-sysctl_net_ipv6_conf_all_accept_source_route_value:var:1" value-id="xccdf_org.ssgproject.content_value_sysctl_net_ipv6_conf_all_accept_source_route_value"/>
              <check-content-ref name="oval:ssg-sysctl_net_ipv6_conf_all_accept_source_route:def:1" href="ssg-ubuntu2404-oval.xml"/>
            </check>
            <check system="http://scap.nist.gov/schema/ocil/2">
              <check-content-ref name="ocil:ssg-sysctl_net_ipv6_conf_all_accept_source_route_ocil:questionnaire:1" href="ssg-ubuntu2404-ocil.xml"/>
            </check>
          </Rule>
          <Rule id="xccdf_org.ssgproject.content_rule_sysctl_net_ipv6_conf_all_forwarding" selected="false" role="full" severity="medium">
            <title xmlns:xhtml="http://www.w3.org/1999/xhtml" xml:lang="en-US">Disable Kernel Parameter for IPv6 Forwarding</title>
            <description xmlns:xhtml="http://www.w3.org/1999/xhtml" xml:lang="en-US">To set the runtime status of the <html:code xmlns:html="http://www.w3.org/1999/xhtml">net.ipv6.conf.all.forwarding</html:code> kernel parameter, run the following command: <html:pre xmlns:html="http://www.w3.org/1999/xhtml">$ sudo sysctl -w net.ipv6.conf.all.forwarding=0</html:pre>
To make sure that the setting is persistent, add the following line to a file in the directory <html:code xmlns:html="http://www.w3.org/1999/xhtml">/etc/sysctl.d</html:code>: <html:pre xmlns:html="http://www.w3.org/1999/xhtml">net.ipv6.conf.all.forwarding = 0</html:pre>
        </description>
            <reference href="https://www.cisecurity.org/controls/">1</reference>
            <reference href="https://www.cisecurity.org/controls/">11</reference>
            <reference href="https://www.cisecurity.org/controls/">12</reference>
            <reference href="https://www.cisecurity.org/controls/">13</reference>
            <reference href="https://www.cisecurity.org/controls/">14</reference>
            <reference href="https://www.cisecurity.org/controls/">15</reference>
            <reference href="https://www.cisecurity.org/controls/">16</reference>
            <reference href="https://www.cisecurity.org/controls/">2</reference>
            <reference href="https://www.cisecurity.org/controls/">3</reference>
            <reference href="https://www.cisecurity.org/controls/">7</reference>
            <reference href="https://www.cisecurity.org/controls/">8</reference>
            <reference href="https://www.cisecurity.org/controls/">9</reference>
            <reference href="https://www.isaca.org/resources/cobit">APO13.01</reference>
            <reference href="https://www.isaca.org/resources/cobit">BAI04.04</reference>
            <reference href="https://www.isaca.org/resources/cobit">BAI10.01</reference>
            <reference href="https://www.isaca.org/resources/cobit">BAI10.02</reference>
            <reference href="https://www.isaca.org/resources/cobit">BAI10.03</reference>
            <reference href="https://www.isaca.org/resources/cobit">BAI10.05</reference>
            <reference href="https://www.isaca.org/resources/cobit">DSS01.03</reference>
            <reference href="https://www.isaca.org/resources/cobit">DSS03.05</reference>
            <reference href="https://www.isaca.org/resources/cobit">DSS05.02</reference>
            <reference href="https://www.isaca.org/resources/cobit">DSS05.05</reference>
            <reference href="https://www.isaca.org/resources/cobit">DSS05.07</reference>
            <reference href="https://www.isaca.org/resources/cobit">DSS06.06</reference>
            <reference href="https://public.cyber.mil/stigs/cci/">CCI-000366</reference>
            <reference href="https://www.isa.org/products/isa-62443-2-1-2009-security-for-industrial-automat">4.3.3.5.1</reference>
            <reference href="https://www.isa.org/products/isa-62443-2-1-2009-security-for-industrial-automat">4.3.3.5.2</reference>
            <reference href="https://www.isa.org/products/isa-62443-2-1-2009-security-for-industrial-automat">4.3.3.5.3</reference>
            <reference href="https://www.isa.org/products/isa-62443-2-1-2009-security-for-industrial-automat">4.3.3.5.4</reference>
            <reference href="https://www.isa.org/products/isa-62443-2-1-2009-security-for-industrial-automat">4.3.3.5.5</reference>
            <reference href="https://www.isa.org/products/isa-62443-2-1-2009-security-for-industrial-automat">4.3.3.5.6</reference>
            <reference href="https://www.isa.org/products/isa-62443-2-1-2009-security-for-industrial-automat">4.3.3.5.7</reference>
            <reference href="https://www.isa.org/products/isa-62443-2-1-2009-security-for-industrial-automat">4.3.3.5.8</reference>
            <reference href="https://www.isa.org/products/isa-62443-2-1-2009-security-for-industrial-automat">4.3.3.6.1</reference>
            <reference href="https://www.isa.org/products/isa-62443-2-1-2009-security-for-industrial-automat">4.3.3.6.2</reference>
            <reference href="https://www.isa.org/products/isa-62443-2-1-2009-security-for-industrial-automat">4.3.3.6.3</reference>
            <reference href="https://www.isa.org/products/isa-62443-2-1-2009-security-for-industrial-automat">4.3.3.6.4</reference>
            <reference href="https://www.isa.org/products/isa-62443-2-1-2009-security-for-industrial-automat">4.3.3.6.5</reference>
            <reference href="https://www.isa.org/products/isa-62443-2-1-2009-security-for-industrial-automat">4.3.3.6.6</reference>
            <reference href="https://www.isa.org/products/isa-62443-2-1-2009-security-for-industrial-automat">4.3.3.6.7</reference>
            <reference href="https://www.isa.org/products/isa-62443-2-1-2009-security-for-industrial-automat">4.3.3.6.8</reference>
            <reference href="https://www.isa.org/products/isa-62443-2-1-2009-security-for-industrial-automat">4.3.3.6.9</reference>
            <reference href="https://www.isa.org/products/isa-62443-2-1-2009-security-for-industrial-automat">4.3.3.7.1</reference>
            <reference href="https://www.isa.org/products/isa-62443-2-1-2009-security-for-industrial-automat">4.3.3.7.2</reference>
            <reference href="https://www.isa.org/products/isa-62443-2-1-2009-security-for-industrial-automat">4.3.3.7.3</reference>
            <reference href="https://www.isa.org/products/isa-62443-2-1-2009-security-for-industrial-automat">4.3.3.7.4</reference>
            <reference href="https://www.isa.org/products/isa-62443-2-1-2009-security-for-industrial-automat">4.3.4.3.2</reference>
            <reference href="https://www.isa.org/products/isa-62443-2-1-2009-security-for-industrial-automat">4.3.4.3.3</reference>
            <reference href="https://www.isa.org/products/ansi-isa-62443-3-3-99-03-03-2013-security-for-indu">SR 1.1</reference>
            <reference href="https://www.isa.org/products/ansi-isa-62443-3-3-99-03-03-2013-security-for-indu">SR 1.10</reference>
            <reference href="https://www.isa.org/products/ansi-isa-62443-3-3-99-03-03-2013-security-for-indu">SR 1.11</reference>
            <reference href="https://www.isa.org/products/ansi-isa-62443-3-3-99-03-03-2013-security-for-indu">SR 1.12</reference>
            <reference href="https://www.isa.org/products/ansi-isa-62443-3-3-99-03-03-2013-security-for-indu">SR 1.13</reference>
            <reference href="https://www.isa.org/products/ansi-isa-62443-3-3-99-03-03-2013-security-for-indu">SR 1.2</reference>
            <reference href="https://www.isa.org/products/ansi-isa-62443-3-3-99-03-03-2013-security-for-indu">SR 1.3</reference>
            <reference href="https://www.isa.org/products/ansi-isa-62443-3-3-99-03-03-2013-security-for-indu">SR 1.4</reference>
            <reference href="https://www.isa.org/products/ansi-isa-62443-3-3-99-03-03-2013-security-for-indu">SR 1.5</reference>
            <reference href="https://www.isa.org/products/ansi-isa-62443-3-3-99-03-03-2013-security-for-indu">SR 1.6</reference>
            <reference href="https://www.isa.org/products/ansi-isa-62443-3-3-99-03-03-2013-security-for-indu">SR 1.7</reference>
            <reference href="https://www.isa.org/products/ansi-isa-62443-3-3-99-03-03-2013-security-for-indu">SR 1.8</reference>
            <reference href="https://www.isa.org/products/ansi-isa-62443-3-3-99-03-03-2013-security-for-indu">SR 1.9</reference>
            <reference href="https://www.isa.org/products/ansi-isa-62443-3-3-99-03-03-2013-security-for-indu">SR 2.1</reference>
            <reference href="https://www.isa.org/products/ansi-isa-62443-3-3-99-03-03-2013-security-for-indu">SR 2.2</reference>
            <reference href="https://www.isa.org/products/ansi-isa-62443-3-3-99-03-03-2013-security-for-indu">SR 2.3</reference>
            <reference href="https://www.isa.org/products/ansi-isa-62443-3-3-99-03-03-2013-security-for-indu">SR 2.4</reference>
            <reference href="https://www.isa.org/products/ansi-isa-62443-3-3-99-03-03-2013-security-for-indu">SR 2.5</reference>
            <reference href="https://www.isa.org/products/ansi-isa-62443-3-3-99-03-03-2013-security-for-indu">SR 2.6</reference>
            <reference href="https://www.isa.org/products/ansi-isa-62443-3-3-99-03-03-2013-security-for-indu">SR 2.7</reference>
            <reference href="https://www.isa.org/products/ansi-isa-62443-3-3-99-03-03-2013-security-for-indu">SR 6.2</reference>
            <reference href="https://www.isa.org/products/ansi-isa-62443-3-3-99-03-03-2013-security-for-indu">SR 7.1</reference>
            <reference href="https://www.isa.org/products/ansi-isa-62443-3-3-99-03-03-2013-security-for-indu">SR 7.2</reference>
            <reference href="https://www.isa.org/products/ansi-isa-62443-3-3-99-03-03-2013-security-for-indu">SR 7.6</reference>
            <reference href="https://www.iso.org/contents/data/standard/05/45/54534.html">A.12.1.2</reference>
            <reference href="https://www.iso.org/contents/data/standard/05/45/54534.html">A.12.1.3</reference>
            <reference href="https://www.iso.org/contents/data/standard/05/45/54534.html">A.12.5.1</reference>
            <reference href="https://www.iso.org/contents/data/standard/05/45/54534.html">A.12.6.2</reference>
            <reference href="https://www.iso.org/contents/data/standard/05/45/54534.html">A.14.2.2</reference>
            <reference href="https://www.iso.org/contents/data/standard/05/45/54534.html">A.14.2.3</reference>
            <reference href="https://www.iso.org/contents/data/standard/05/45/54534.html">A.14.2.4</reference>
            <reference href="https://www.iso.org/contents/data/standard/05/45/54534.html">A.17.2.1</reference>
            <reference href="https://www.iso.org/contents/data/standard/05/45/54534.html">A.9.1.2</reference>
            <reference href="http://nvlpubs.nist.gov/nistpubs/SpecialPublications/NIST.SP.800-53r4.pdf">CM-7(a)</reference>
            <reference href="http://nvlpubs.nist.gov/nistpubs/SpecialPublications/NIST.SP.800-53r4.pdf">CM-7(b)</reference>
            <reference href="http://nvlpubs.nist.gov/nistpubs/SpecialPublications/NIST.SP.800-53r4.pdf">CM-6(a)</reference>
            <reference href="http://nvlpubs.nist.gov/nistpubs/SpecialPublications/NIST.SP.800-53r4.pdf">CM-6(b)</reference>
            <reference href="http://nvlpubs.nist.gov/nistpubs/SpecialPublications/NIST.SP.800-53r4.pdf">CM-6.1(iv)</reference>
            <reference href="https://nvlpubs.nist.gov/nistpubs/CSWP/NIST.CSWP.04162018.pdf">DE.CM-1</reference>
            <reference href="https://nvlpubs.nist.gov/nistpubs/CSWP/NIST.CSWP.04162018.pdf">PR.DS-4</reference>
            <reference href="https://nvlpubs.nist.gov/nistpubs/CSWP/NIST.CSWP.04162018.pdf">PR.IP-1</reference>
            <reference href="https://nvlpubs.nist.gov/nistpubs/CSWP/NIST.CSWP.04162018.pdf">PR.PT-3</reference>
            <reference href="https://public.cyber.mil/stigs/downloads/?_dl_facet_stigs=operating-systems%2Cgeneral-purpose-os">SRG-OS-000480-GPOS-00227</reference>
            <reference href="https://www.cisecurity.org/benchmark/ubuntu_linux/">3.3.1</reference>
            <rationale xmlns:xhtml="http://www.w3.org/1999/xhtml" xml:lang="en-US">IP forwarding permits the kernel to forward packets from one network
interface to another. The ability to forward packets between two networks is
only appropriate for systems acting as routers.</rationale>
            <platform idref="#system_with_kernel"/>
            <fix xmlns:xhtml="http://www.w3.org/1999/xhtml" id="sysctl_net_ipv6_conf_all_forwarding" system="urn:xccdf:fix:script:ansible" reboot="true" complexity="low" disruption="medium" strategy="disable">- name: Gather the package facts
  package_facts:
    manager: auto
  tags:
  - NIST-800-53-CM-6(a)
  - NIST-800-53-CM-6(b)
  - NIST-800-53-CM-6.1(iv)
  - NIST-800-53-CM-7(a)
  - NIST-800-53-CM-7(b)
  - disable_strategy
  - low_complexity
  - medium_disruption
  - medium_severity
  - reboot_required
  - sysctl_net_ipv6_conf_all_forwarding

- name: List /etc/sysctl.d/*.conf files
  find:
    paths:
    - /etc/sysctl.d/
    - /run/sysctl.d/
    - /usr/local/lib/sysctl.d/
    contains: ^[\s]*net.ipv6.conf.all.forwarding.*$
    patterns: '*.conf'
    file_type: any
  register: find_sysctl_d
  when: '"linux-base" in ansible_facts.packages'
  tags:
  - NIST-800-53-CM-6(a)
  - NIST-800-53-CM-6(b)
  - NIST-800-53-CM-6.1(iv)
  - NIST-800-53-CM-7(a)
  - NIST-800-53-CM-7(b)
  - disable_strategy
  - low_complexity
  - medium_disruption
  - medium_severity
  - reboot_required
  - sysctl_net_ipv6_conf_all_forwarding

- name: Comment out any occurrences of net.ipv6.conf.all.forwarding from config files
  replace:
    path: '{{ item.path }}'
    regexp: ^[\s]*net.ipv6.conf.all.forwarding
    replace: '#net.ipv6.conf.all.forwarding'
  loop: '{{ find_sysctl_d.files }}'
  when: '"linux-base" in ansible_facts.packages'
  tags:
  - NIST-800-53-CM-6(a)
  - NIST-800-53-CM-6(b)
  - NIST-800-53-CM-6.1(iv)
  - NIST-800-53-CM-7(a)
  - NIST-800-53-CM-7(b)
  - disable_strategy
  - low_complexity
  - medium_disruption
  - medium_severity
  - reboot_required
  - sysctl_net_ipv6_conf_all_forwarding
- name: XCCDF Value sysctl_net_ipv6_conf_all_forwarding_value # promote to variable
  set_fact:
    sysctl_net_ipv6_conf_all_forwarding_value: !!str <xccdf-1.2:sub xmlns:xccdf-1.2="http://checklists.nist.gov/xccdf/1.2" idref="xccdf_org.ssgproject.content_value_sysctl_net_ipv6_conf_all_forwarding_value" use="legacy"/>
  tags:
    - always

- name: Ensure sysctl net.ipv6.conf.all.forwarding is set
  sysctl:
    name: net.ipv6.conf.all.forwarding
    value: '{{ sysctl_net_ipv6_conf_all_forwarding_value }}'
    sysctl_file: /etc/sysctl.conf
    state: present
    reload: true
  when: '"linux-base" in ansible_facts.packages'
  tags:
  - NIST-800-53-CM-6(a)
  - NIST-800-53-CM-6(b)
  - NIST-800-53-CM-6.1(iv)
  - NIST-800-53-CM-7(a)
  - NIST-800-53-CM-7(b)
  - disable_strategy
  - low_complexity
  - medium_disruption
  - medium_severity
  - reboot_required
  - sysctl_net_ipv6_conf_all_forwarding
</fix>
            <fix xmlns:xhtml="http://www.w3.org/1999/xhtml" id="sysctl_net_ipv6_conf_all_forwarding" system="urn:xccdf:fix:script:sh" reboot="true" complexity="low" disruption="medium" strategy="disable"># Remediation is applicable only in certain platforms
if dpkg-query --show --showformat='${db:Status-Status}
' 'linux-base' 2&gt;/dev/null | grep -q ^installed; then

# Comment out any occurrences of net.ipv6.conf.all.forwarding from /etc/sysctl.d/*.conf files

for f in /etc/sysctl.d/*.conf /run/sysctl.d/*.conf /usr/local/lib/sysctl.d/*.conf; do


  # skip systemd-sysctl symlink (/etc/sysctl.d/99-sysctl.conf -&gt; /etc/sysctl.conf)
  if [[ "$(readlink -f "$f")" == "/etc/sysctl.conf" ]]; then continue; fi

  matching_list=$(grep -P '^(?!#).*[\s]*net.ipv6.conf.all.forwarding.*$' $f | uniq )
  if ! test -z "$matching_list"; then
    while IFS= read -r entry; do
      escaped_entry=$(sed -e 's|/|\\/|g' &lt;&lt;&lt; "$entry")
      # comment out "net.ipv6.conf.all.forwarding" matches to preserve user data
      sed -i --follow-symlinks "s/^${escaped_entry}$/# &amp;/g" $f
    done &lt;&lt;&lt; "$matching_list"
  fi
done

#
# Set sysctl config file which to save the desired value
#

SYSCONFIG_FILE="/etc/sysctl.conf"

sysctl_net_ipv6_conf_all_forwarding_value='<xccdf-1.2:sub xmlns:xccdf-1.2="http://checklists.nist.gov/xccdf/1.2" idref="xccdf_org.ssgproject.content_value_sysctl_net_ipv6_conf_all_forwarding_value" use="legacy"/>'


#
# Set runtime for net.ipv6.conf.all.forwarding
#
if [[ "$OSCAP_BOOTC_BUILD" != "YES" ]] ; then
    /sbin/sysctl -q -n -w net.ipv6.conf.all.forwarding="$sysctl_net_ipv6_conf_all_forwarding_value"
fi

#
# If net.ipv6.conf.all.forwarding present in /etc/sysctl.conf, change value to appropriate value
#	else, add "net.ipv6.conf.all.forwarding = value" to /etc/sysctl.conf
#

# Strip any search characters in the key arg so that the key can be replaced without
# adding any search characters to the config file.
stripped_key=$(sed 's/[\^=\$,;+]*//g' &lt;&lt;&lt; "^net.ipv6.conf.all.forwarding")

# shellcheck disable=SC2059
printf -v formatted_output "%s = %s" "$stripped_key" "$sysctl_net_ipv6_conf_all_forwarding_value"

# If the key exists, change it. Otherwise, add it to the config_file.
# We search for the key string followed by a word boundary (matched by \&gt;),
# so if we search for 'setting', 'setting2' won't match.
if LC_ALL=C grep -q -m 1 -i -e "^net.ipv6.conf.all.forwarding\\&gt;" "${SYSCONFIG_FILE}"; then
    escaped_formatted_output=$(sed -e 's|/|\\/|g' &lt;&lt;&lt; "$formatted_output")
    LC_ALL=C sed -i --follow-symlinks "s/^net.ipv6.conf.all.forwarding\\&gt;.*/$escaped_formatted_output/gi" "${SYSCONFIG_FILE}"
else
    if [[ -s "${SYSCONFIG_FILE}" ]] &amp;&amp; [[ -n "$(tail -c 1 -- "${SYSCONFIG_FILE}" || true)" ]]; then
        LC_ALL=C sed -i --follow-symlinks '$a'\\ "${SYSCONFIG_FILE}"
    fi
    printf '%s\n' "$formatted_output" &gt;&gt; "${SYSCONFIG_FILE}"
fi

else
    &gt;&amp;2 echo 'Remediation is not applicable, nothing was done'
fi
</fix>
            <check system="http://oval.mitre.org/XMLSchema/oval-definitions-5">
              <check-export export-name="oval:ssg-sysctl_net_ipv6_conf_all_forwarding_value:var:1" value-id="xccdf_org.ssgproject.content_value_sysctl_net_ipv6_conf_all_forwarding_value"/>
              <check-content-ref name="oval:ssg-sysctl_net_ipv6_conf_all_forwarding:def:1" href="ssg-ubuntu2404-oval.xml"/>
            </check>
            <check system="http://scap.nist.gov/schema/ocil/2">
              <check-content-ref name="ocil:ssg-sysctl_net_ipv6_conf_all_forwarding_ocil:questionnaire:1" href="ssg-ubuntu2404-ocil.xml"/>
            </check>
          </Rule>
          <Rule id="xccdf_org.ssgproject.content_rule_sysctl_net_ipv6_conf_default_accept_ra" selected="false" role="full" severity="medium">
            <title xmlns:xhtml="http://www.w3.org/1999/xhtml" xml:lang="en-US">Disable Accepting Router Advertisements on all IPv6 Interfaces by Default</title>
            <description xmlns:xhtml="http://www.w3.org/1999/xhtml" xml:lang="en-US">To set the runtime status of the <html:code xmlns:html="http://www.w3.org/1999/xhtml">net.ipv6.conf.default.accept_ra</html:code> kernel parameter, run the following command: <html:pre xmlns:html="http://www.w3.org/1999/xhtml">$ sudo sysctl -w net.ipv6.conf.default.accept_ra=0</html:pre>
To make sure that the setting is persistent, add the following line to a file in the directory <html:code xmlns:html="http://www.w3.org/1999/xhtml">/etc/sysctl.d</html:code>: <html:pre xmlns:html="http://www.w3.org/1999/xhtml">net.ipv6.conf.default.accept_ra = 0</html:pre>
        </description>
            <reference href="https://www.cisecurity.org/controls/">11</reference>
            <reference href="https://www.cisecurity.org/controls/">14</reference>
            <reference href="https://www.cisecurity.org/controls/">3</reference>
            <reference href="https://www.cisecurity.org/controls/">9</reference>
            <reference href="https://www.isaca.org/resources/cobit">BAI10.01</reference>
            <reference href="https://www.isaca.org/resources/cobit">BAI10.02</reference>
            <reference href="https://www.isaca.org/resources/cobit">BAI10.03</reference>
            <reference href="https://www.isaca.org/resources/cobit">BAI10.05</reference>
            <reference href="https://www.isaca.org/resources/cobit">DSS05.02</reference>
            <reference href="https://www.isaca.org/resources/cobit">DSS05.05</reference>
            <reference href="https://www.isaca.org/resources/cobit">DSS06.06</reference>
            <reference href="http://nvlpubs.nist.gov/nistpubs/SpecialPublications/NIST.SP.800-171.pdf">3.1.20</reference>
            <reference href="https://public.cyber.mil/stigs/cci/">CCI-000366</reference>
            <reference href="https://www.isa.org/products/isa-62443-2-1-2009-security-for-industrial-automat">4.3.3.5.1</reference>
            <reference href="https://www.isa.org/products/isa-62443-2-1-2009-security-for-industrial-automat">4.3.3.5.2</reference>
            <reference href="https://www.isa.org/products/isa-62443-2-1-2009-security-for-industrial-automat">4.3.3.5.3</reference>
            <reference href="https://www.isa.org/products/isa-62443-2-1-2009-security-for-industrial-automat">4.3.3.5.4</reference>
            <reference href="https://www.isa.org/products/isa-62443-2-1-2009-security-for-industrial-automat">4.3.3.5.5</reference>
            <reference href="https://www.isa.org/products/isa-62443-2-1-2009-security-for-industrial-automat">4.3.3.5.6</reference>
            <reference href="https://www.isa.org/products/isa-62443-2-1-2009-security-for-industrial-automat">4.3.3.5.7</reference>
            <reference href="https://www.isa.org/products/isa-62443-2-1-2009-security-for-industrial-automat">4.3.3.5.8</reference>
            <reference href="https://www.isa.org/products/isa-62443-2-1-2009-security-for-industrial-automat">4.3.3.6.1</reference>
            <reference href="https://www.isa.org/products/isa-62443-2-1-2009-security-for-industrial-automat">4.3.3.6.2</reference>
            <reference href="https://www.isa.org/products/isa-62443-2-1-2009-security-for-industrial-automat">4.3.3.6.3</reference>
            <reference href="https://www.isa.org/products/isa-62443-2-1-2009-security-for-industrial-automat">4.3.3.6.4</reference>
            <reference href="https://www.isa.org/products/isa-62443-2-1-2009-security-for-industrial-automat">4.3.3.6.5</reference>
            <reference href="https://www.isa.org/products/isa-62443-2-1-2009-security-for-industrial-automat">4.3.3.6.6</reference>
            <reference href="https://www.isa.org/products/isa-62443-2-1-2009-security-for-industrial-automat">4.3.3.6.7</reference>
            <reference href="https://www.isa.org/products/isa-62443-2-1-2009-security-for-industrial-automat">4.3.3.6.8</reference>
            <reference href="https://www.isa.org/products/isa-62443-2-1-2009-security-for-industrial-automat">4.3.3.6.9</reference>
            <reference href="https://www.isa.org/products/isa-62443-2-1-2009-security-for-industrial-automat">4.3.3.7.1</reference>
            <reference href="https://www.isa.org/products/isa-62443-2-1-2009-security-for-industrial-automat">4.3.3.7.2</reference>
            <reference href="https://www.isa.org/products/isa-62443-2-1-2009-security-for-industrial-automat">4.3.3.7.3</reference>
            <reference href="https://www.isa.org/products/isa-62443-2-1-2009-security-for-industrial-automat">4.3.3.7.4</reference>
            <reference href="https://www.isa.org/products/isa-62443-2-1-2009-security-for-industrial-automat">4.3.4.3.2</reference>
            <reference href="https://www.isa.org/products/isa-62443-2-1-2009-security-for-industrial-automat">4.3.4.3.3</reference>
            <reference href="https://www.isa.org/products/ansi-isa-62443-3-3-99-03-03-2013-security-for-indu">SR 1.1</reference>
            <reference href="https://www.isa.org/products/ansi-isa-62443-3-3-99-03-03-2013-security-for-indu">SR 1.10</reference>
            <reference href="https://www.isa.org/products/ansi-isa-62443-3-3-99-03-03-2013-security-for-indu">SR 1.11</reference>
            <reference href="https://www.isa.org/products/ansi-isa-62443-3-3-99-03-03-2013-security-for-indu">SR 1.12</reference>
            <reference href="https://www.isa.org/products/ansi-isa-62443-3-3-99-03-03-2013-security-for-indu">SR 1.13</reference>
            <reference href="https://www.isa.org/products/ansi-isa-62443-3-3-99-03-03-2013-security-for-indu">SR 1.2</reference>
            <reference href="https://www.isa.org/products/ansi-isa-62443-3-3-99-03-03-2013-security-for-indu">SR 1.3</reference>
            <reference href="https://www.isa.org/products/ansi-isa-62443-3-3-99-03-03-2013-security-for-indu">SR 1.4</reference>
            <reference href="https://www.isa.org/products/ansi-isa-62443-3-3-99-03-03-2013-security-for-indu">SR 1.5</reference>
            <reference href="https://www.isa.org/products/ansi-isa-62443-3-3-99-03-03-2013-security-for-indu">SR 1.6</reference>
            <reference href="https://www.isa.org/products/ansi-isa-62443-3-3-99-03-03-2013-security-for-indu">SR 1.7</reference>
            <reference href="https://www.isa.org/products/ansi-isa-62443-3-3-99-03-03-2013-security-for-indu">SR 1.8</reference>
            <reference href="https://www.isa.org/products/ansi-isa-62443-3-3-99-03-03-2013-security-for-indu">SR 1.9</reference>
            <reference href="https://www.isa.org/products/ansi-isa-62443-3-3-99-03-03-2013-security-for-indu">SR 2.1</reference>
            <reference href="https://www.isa.org/products/ansi-isa-62443-3-3-99-03-03-2013-security-for-indu">SR 2.2</reference>
            <reference href="https://www.isa.org/products/ansi-isa-62443-3-3-99-03-03-2013-security-for-indu">SR 2.3</reference>
            <reference href="https://www.isa.org/products/ansi-isa-62443-3-3-99-03-03-2013-security-for-indu">SR 2.4</reference>
            <reference href="https://www.isa.org/products/ansi-isa-62443-3-3-99-03-03-2013-security-for-indu">SR 2.5</reference>
            <reference href="https://www.isa.org/products/ansi-isa-62443-3-3-99-03-03-2013-security-for-indu">SR 2.6</reference>
            <reference href="https://www.isa.org/products/ansi-isa-62443-3-3-99-03-03-2013-security-for-indu">SR 2.7</reference>
            <reference href="https://www.isa.org/products/ansi-isa-62443-3-3-99-03-03-2013-security-for-indu">SR 7.6</reference>
            <reference href="https://www.iso.org/contents/data/standard/05/45/54534.html">A.12.1.2</reference>
            <reference href="https://www.iso.org/contents/data/standard/05/45/54534.html">A.12.5.1</reference>
            <reference href="https://www.iso.org/contents/data/standard/05/45/54534.html">A.12.6.2</reference>
            <reference href="https://www.iso.org/contents/data/standard/05/45/54534.html">A.14.2.2</reference>
            <reference href="https://www.iso.org/contents/data/standard/05/45/54534.html">A.14.2.3</reference>
            <reference href="https://www.iso.org/contents/data/standard/05/45/54534.html">A.14.2.4</reference>
            <reference href="https://www.iso.org/contents/data/standard/05/45/54534.html">A.9.1.2</reference>
            <reference href="http://nvlpubs.nist.gov/nistpubs/SpecialPublications/NIST.SP.800-53r4.pdf">CM-7(a)</reference>
            <reference href="http://nvlpubs.nist.gov/nistpubs/SpecialPublications/NIST.SP.800-53r4.pdf">CM-7(b)</reference>
            <reference href="http://nvlpubs.nist.gov/nistpubs/SpecialPublications/NIST.SP.800-53r4.pdf">CM-6(a)</reference>
            <reference href="https://nvlpubs.nist.gov/nistpubs/CSWP/NIST.CSWP.04162018.pdf">PR.IP-1</reference>
            <reference href="https://nvlpubs.nist.gov/nistpubs/CSWP/NIST.CSWP.04162018.pdf">PR.PT-3</reference>
            <reference href="https://public.cyber.mil/stigs/downloads/?_dl_facet_stigs=operating-systems%2Cgeneral-purpose-os">SRG-OS-000480-GPOS-00227</reference>
            <reference href="https://www.cisecurity.org/benchmark/ubuntu_linux/">3.3.11</reference>
            <rationale xmlns:xhtml="http://www.w3.org/1999/xhtml" xml:lang="en-US">An illicit router advertisement message could result in a man-in-the-middle attack.</rationale>
            <platform idref="#system_with_kernel"/>
            <fix xmlns:xhtml="http://www.w3.org/1999/xhtml" id="sysctl_net_ipv6_conf_default_accept_ra" system="urn:xccdf:fix:script:ansible" reboot="true" complexity="low" disruption="medium" strategy="disable">- name: Gather the package facts
  package_facts:
    manager: auto
  tags:
  - NIST-800-171-3.1.20
  - NIST-800-53-CM-6(a)
  - NIST-800-53-CM-7(a)
  - NIST-800-53-CM-7(b)
  - disable_strategy
  - low_complexity
  - medium_disruption
  - medium_severity
  - reboot_required
  - sysctl_net_ipv6_conf_default_accept_ra

- name: List /etc/sysctl.d/*.conf files
  find:
    paths:
    - /etc/sysctl.d/
    - /run/sysctl.d/
    - /usr/local/lib/sysctl.d/
    contains: ^[\s]*net.ipv6.conf.default.accept_ra.*$
    patterns: '*.conf'
    file_type: any
  register: find_sysctl_d
  when: '"linux-base" in ansible_facts.packages'
  tags:
  - NIST-800-171-3.1.20
  - NIST-800-53-CM-6(a)
  - NIST-800-53-CM-7(a)
  - NIST-800-53-CM-7(b)
  - disable_strategy
  - low_complexity
  - medium_disruption
  - medium_severity
  - reboot_required
  - sysctl_net_ipv6_conf_default_accept_ra

- name: Comment out any occurrences of net.ipv6.conf.default.accept_ra from config
    files
  replace:
    path: '{{ item.path }}'
    regexp: ^[\s]*net.ipv6.conf.default.accept_ra
    replace: '#net.ipv6.conf.default.accept_ra'
  loop: '{{ find_sysctl_d.files }}'
  when: '"linux-base" in ansible_facts.packages'
  tags:
  - NIST-800-171-3.1.20
  - NIST-800-53-CM-6(a)
  - NIST-800-53-CM-7(a)
  - NIST-800-53-CM-7(b)
  - disable_strategy
  - low_complexity
  - medium_disruption
  - medium_severity
  - reboot_required
  - sysctl_net_ipv6_conf_default_accept_ra
- name: XCCDF Value sysctl_net_ipv6_conf_default_accept_ra_value # promote to variable
  set_fact:
    sysctl_net_ipv6_conf_default_accept_ra_value: !!str <xccdf-1.2:sub xmlns:xccdf-1.2="http://checklists.nist.gov/xccdf/1.2" idref="xccdf_org.ssgproject.content_value_sysctl_net_ipv6_conf_default_accept_ra_value" use="legacy"/>
  tags:
    - always

- name: Ensure sysctl net.ipv6.conf.default.accept_ra is set
  sysctl:
    name: net.ipv6.conf.default.accept_ra
    value: '{{ sysctl_net_ipv6_conf_default_accept_ra_value }}'
    sysctl_file: /etc/sysctl.conf
    state: present
    reload: true
  when: '"linux-base" in ansible_facts.packages'
  tags:
  - NIST-800-171-3.1.20
  - NIST-800-53-CM-6(a)
  - NIST-800-53-CM-7(a)
  - NIST-800-53-CM-7(b)
  - disable_strategy
  - low_complexity
  - medium_disruption
  - medium_severity
  - reboot_required
  - sysctl_net_ipv6_conf_default_accept_ra
</fix>
            <fix xmlns:xhtml="http://www.w3.org/1999/xhtml" id="sysctl_net_ipv6_conf_default_accept_ra" system="urn:xccdf:fix:script:sh" reboot="true" complexity="low" disruption="medium" strategy="disable"># Remediation is applicable only in certain platforms
if dpkg-query --show --showformat='${db:Status-Status}
' 'linux-base' 2&gt;/dev/null | grep -q ^installed; then

# Comment out any occurrences of net.ipv6.conf.default.accept_ra from /etc/sysctl.d/*.conf files

for f in /etc/sysctl.d/*.conf /run/sysctl.d/*.conf /usr/local/lib/sysctl.d/*.conf; do


  # skip systemd-sysctl symlink (/etc/sysctl.d/99-sysctl.conf -&gt; /etc/sysctl.conf)
  if [[ "$(readlink -f "$f")" == "/etc/sysctl.conf" ]]; then continue; fi

  matching_list=$(grep -P '^(?!#).*[\s]*net.ipv6.conf.default.accept_ra.*$' $f | uniq )
  if ! test -z "$matching_list"; then
    while IFS= read -r entry; do
      escaped_entry=$(sed -e 's|/|\\/|g' &lt;&lt;&lt; "$entry")
      # comment out "net.ipv6.conf.default.accept_ra" matches to preserve user data
      sed -i --follow-symlinks "s/^${escaped_entry}$/# &amp;/g" $f
    done &lt;&lt;&lt; "$matching_list"
  fi
done

#
# Set sysctl config file which to save the desired value
#

SYSCONFIG_FILE="/etc/sysctl.conf"

sysctl_net_ipv6_conf_default_accept_ra_value='<xccdf-1.2:sub xmlns:xccdf-1.2="http://checklists.nist.gov/xccdf/1.2" idref="xccdf_org.ssgproject.content_value_sysctl_net_ipv6_conf_default_accept_ra_value" use="legacy"/>'


#
# Set runtime for net.ipv6.conf.default.accept_ra
#
if [[ "$OSCAP_BOOTC_BUILD" != "YES" ]] ; then
    /sbin/sysctl -q -n -w net.ipv6.conf.default.accept_ra="$sysctl_net_ipv6_conf_default_accept_ra_value"
fi

#
# If net.ipv6.conf.default.accept_ra present in /etc/sysctl.conf, change value to appropriate value
#	else, add "net.ipv6.conf.default.accept_ra = value" to /etc/sysctl.conf
#

# Strip any search characters in the key arg so that the key can be replaced without
# adding any search characters to the config file.
stripped_key=$(sed 's/[\^=\$,;+]*//g' &lt;&lt;&lt; "^net.ipv6.conf.default.accept_ra")

# shellcheck disable=SC2059
printf -v formatted_output "%s = %s" "$stripped_key" "$sysctl_net_ipv6_conf_default_accept_ra_value"

# If the key exists, change it. Otherwise, add it to the config_file.
# We search for the key string followed by a word boundary (matched by \&gt;),
# so if we search for 'setting', 'setting2' won't match.
if LC_ALL=C grep -q -m 1 -i -e "^net.ipv6.conf.default.accept_ra\\&gt;" "${SYSCONFIG_FILE}"; then
    escaped_formatted_output=$(sed -e 's|/|\\/|g' &lt;&lt;&lt; "$formatted_output")
    LC_ALL=C sed -i --follow-symlinks "s/^net.ipv6.conf.default.accept_ra\\&gt;.*/$escaped_formatted_output/gi" "${SYSCONFIG_FILE}"
else
    if [[ -s "${SYSCONFIG_FILE}" ]] &amp;&amp; [[ -n "$(tail -c 1 -- "${SYSCONFIG_FILE}" || true)" ]]; then
        LC_ALL=C sed -i --follow-symlinks '$a'\\ "${SYSCONFIG_FILE}"
    fi
    printf '%s\n' "$formatted_output" &gt;&gt; "${SYSCONFIG_FILE}"
fi

else
    &gt;&amp;2 echo 'Remediation is not applicable, nothing was done'
fi
</fix>
            <check system="http://oval.mitre.org/XMLSchema/oval-definitions-5">
              <check-export export-name="oval:ssg-sysctl_net_ipv6_conf_default_accept_ra_value:var:1" value-id="xccdf_org.ssgproject.content_value_sysctl_net_ipv6_conf_default_accept_ra_value"/>
              <check-content-ref name="oval:ssg-sysctl_net_ipv6_conf_default_accept_ra:def:1" href="ssg-ubuntu2404-oval.xml"/>
            </check>
            <check system="http://scap.nist.gov/schema/ocil/2">
              <check-content-ref name="ocil:ssg-sysctl_net_ipv6_conf_default_accept_ra_ocil:questionnaire:1" href="ssg-ubuntu2404-ocil.xml"/>
            </check>
          </Rule>
          <Rule id="xccdf_org.ssgproject.content_rule_sysctl_net_ipv6_conf_default_accept_redirects" selected="false" role="full" severity="medium">
            <title xmlns:xhtml="http://www.w3.org/1999/xhtml" xml:lang="en-US">Disable Kernel Parameter for Accepting ICMP Redirects by Default on IPv6 Interfaces</title>
            <description xmlns:xhtml="http://www.w3.org/1999/xhtml" xml:lang="en-US">To set the runtime status of the <html:code xmlns:html="http://www.w3.org/1999/xhtml">net.ipv6.conf.default.accept_redirects</html:code> kernel parameter, run the following command: <html:pre xmlns:html="http://www.w3.org/1999/xhtml">$ sudo sysctl -w net.ipv6.conf.default.accept_redirects=0</html:pre>
To make sure that the setting is persistent, add the following line to a file in the directory <html:code xmlns:html="http://www.w3.org/1999/xhtml">/etc/sysctl.d</html:code>: <html:pre xmlns:html="http://www.w3.org/1999/xhtml">net.ipv6.conf.default.accept_redirects = 0</html:pre>
        </description>
            <reference href="https://www.cisecurity.org/controls/">11</reference>
            <reference href="https://www.cisecurity.org/controls/">14</reference>
            <reference href="https://www.cisecurity.org/controls/">3</reference>
            <reference href="https://www.cisecurity.org/controls/">9</reference>
            <reference href="https://www.isaca.org/resources/cobit">BAI10.01</reference>
            <reference href="https://www.isaca.org/resources/cobit">BAI10.02</reference>
            <reference href="https://www.isaca.org/resources/cobit">BAI10.03</reference>
            <reference href="https://www.isaca.org/resources/cobit">BAI10.05</reference>
            <reference href="https://www.isaca.org/resources/cobit">DSS05.02</reference>
            <reference href="https://www.isaca.org/resources/cobit">DSS05.05</reference>
            <reference href="https://www.isaca.org/resources/cobit">DSS06.06</reference>
            <reference href="http://nvlpubs.nist.gov/nistpubs/SpecialPublications/NIST.SP.800-171.pdf">3.1.20</reference>
            <reference href="https://public.cyber.mil/stigs/cci/">CCI-000366</reference>
            <reference href="https://www.isa.org/products/isa-62443-2-1-2009-security-for-industrial-automat">4.3.3.5.1</reference>
            <reference href="https://www.isa.org/products/isa-62443-2-1-2009-security-for-industrial-automat">4.3.3.5.2</reference>
            <reference href="https://www.isa.org/products/isa-62443-2-1-2009-security-for-industrial-automat">4.3.3.5.3</reference>
            <reference href="https://www.isa.org/products/isa-62443-2-1-2009-security-for-industrial-automat">4.3.3.5.4</reference>
            <reference href="https://www.isa.org/products/isa-62443-2-1-2009-security-for-industrial-automat">4.3.3.5.5</reference>
            <reference href="https://www.isa.org/products/isa-62443-2-1-2009-security-for-industrial-automat">4.3.3.5.6</reference>
            <reference href="https://www.isa.org/products/isa-62443-2-1-2009-security-for-industrial-automat">4.3.3.5.7</reference>
            <reference href="https://www.isa.org/products/isa-62443-2-1-2009-security-for-industrial-automat">4.3.3.5.8</reference>
            <reference href="https://www.isa.org/products/isa-62443-2-1-2009-security-for-industrial-automat">4.3.3.6.1</reference>
            <reference href="https://www.isa.org/products/isa-62443-2-1-2009-security-for-industrial-automat">4.3.3.6.2</reference>
            <reference href="https://www.isa.org/products/isa-62443-2-1-2009-security-for-industrial-automat">4.3.3.6.3</reference>
            <reference href="https://www.isa.org/products/isa-62443-2-1-2009-security-for-industrial-automat">4.3.3.6.4</reference>
            <reference href="https://www.isa.org/products/isa-62443-2-1-2009-security-for-industrial-automat">4.3.3.6.5</reference>
            <reference href="https://www.isa.org/products/isa-62443-2-1-2009-security-for-industrial-automat">4.3.3.6.6</reference>
            <reference href="https://www.isa.org/products/isa-62443-2-1-2009-security-for-industrial-automat">4.3.3.6.7</reference>
            <reference href="https://www.isa.org/products/isa-62443-2-1-2009-security-for-industrial-automat">4.3.3.6.8</reference>
            <reference href="https://www.isa.org/products/isa-62443-2-1-2009-security-for-industrial-automat">4.3.3.6.9</reference>
            <reference href="https://www.isa.org/products/isa-62443-2-1-2009-security-for-industrial-automat">4.3.3.7.1</reference>
            <reference href="https://www.isa.org/products/isa-62443-2-1-2009-security-for-industrial-automat">4.3.3.7.2</reference>
            <reference href="https://www.isa.org/products/isa-62443-2-1-2009-security-for-industrial-automat">4.3.3.7.3</reference>
            <reference href="https://www.isa.org/products/isa-62443-2-1-2009-security-for-industrial-automat">4.3.3.7.4</reference>
            <reference href="https://www.isa.org/products/isa-62443-2-1-2009-security-for-industrial-automat">4.3.4.3.2</reference>
            <reference href="https://www.isa.org/products/isa-62443-2-1-2009-security-for-industrial-automat">4.3.4.3.3</reference>
            <reference href="https://www.isa.org/products/ansi-isa-62443-3-3-99-03-03-2013-security-for-indu">SR 1.1</reference>
            <reference href="https://www.isa.org/products/ansi-isa-62443-3-3-99-03-03-2013-security-for-indu">SR 1.10</reference>
            <reference href="https://www.isa.org/products/ansi-isa-62443-3-3-99-03-03-2013-security-for-indu">SR 1.11</reference>
            <reference href="https://www.isa.org/products/ansi-isa-62443-3-3-99-03-03-2013-security-for-indu">SR 1.12</reference>
            <reference href="https://www.isa.org/products/ansi-isa-62443-3-3-99-03-03-2013-security-for-indu">SR 1.13</reference>
            <reference href="https://www.isa.org/products/ansi-isa-62443-3-3-99-03-03-2013-security-for-indu">SR 1.2</reference>
            <reference href="https://www.isa.org/products/ansi-isa-62443-3-3-99-03-03-2013-security-for-indu">SR 1.3</reference>
            <reference href="https://www.isa.org/products/ansi-isa-62443-3-3-99-03-03-2013-security-for-indu">SR 1.4</reference>
            <reference href="https://www.isa.org/products/ansi-isa-62443-3-3-99-03-03-2013-security-for-indu">SR 1.5</reference>
            <reference href="https://www.isa.org/products/ansi-isa-62443-3-3-99-03-03-2013-security-for-indu">SR 1.6</reference>
            <reference href="https://www.isa.org/products/ansi-isa-62443-3-3-99-03-03-2013-security-for-indu">SR 1.7</reference>
            <reference href="https://www.isa.org/products/ansi-isa-62443-3-3-99-03-03-2013-security-for-indu">SR 1.8</reference>
            <reference href="https://www.isa.org/products/ansi-isa-62443-3-3-99-03-03-2013-security-for-indu">SR 1.9</reference>
            <reference href="https://www.isa.org/products/ansi-isa-62443-3-3-99-03-03-2013-security-for-indu">SR 2.1</reference>
            <reference href="https://www.isa.org/products/ansi-isa-62443-3-3-99-03-03-2013-security-for-indu">SR 2.2</reference>
            <reference href="https://www.isa.org/products/ansi-isa-62443-3-3-99-03-03-2013-security-for-indu">SR 2.3</reference>
            <reference href="https://www.isa.org/products/ansi-isa-62443-3-3-99-03-03-2013-security-for-indu">SR 2.4</reference>
            <reference href="https://www.isa.org/products/ansi-isa-62443-3-3-99-03-03-2013-security-for-indu">SR 2.5</reference>
            <reference href="https://www.isa.org/products/ansi-isa-62443-3-3-99-03-03-2013-security-for-indu">SR 2.6</reference>
            <reference href="https://www.isa.org/products/ansi-isa-62443-3-3-99-03-03-2013-security-for-indu">SR 2.7</reference>
            <reference href="https://www.isa.org/products/ansi-isa-62443-3-3-99-03-03-2013-security-for-indu">SR 7.6</reference>
            <reference href="https://www.iso.org/contents/data/standard/05/45/54534.html">A.12.1.2</reference>
            <reference href="https://www.iso.org/contents/data/standard/05/45/54534.html">A.12.5.1</reference>
            <reference href="https://www.iso.org/contents/data/standard/05/45/54534.html">A.12.6.2</reference>
            <reference href="https://www.iso.org/contents/data/standard/05/45/54534.html">A.14.2.2</reference>
            <reference href="https://www.iso.org/contents/data/standard/05/45/54534.html">A.14.2.3</reference>
            <reference href="https://www.iso.org/contents/data/standard/05/45/54534.html">A.14.2.4</reference>
            <reference href="https://www.iso.org/contents/data/standard/05/45/54534.html">A.9.1.2</reference>
            <reference href="http://nvlpubs.nist.gov/nistpubs/SpecialPublications/NIST.SP.800-53r4.pdf">CM-7(a)</reference>
            <reference href="http://nvlpubs.nist.gov/nistpubs/SpecialPublications/NIST.SP.800-53r4.pdf">CM-7(b)</reference>
            <reference href="http://nvlpubs.nist.gov/nistpubs/SpecialPublications/NIST.SP.800-53r4.pdf">CM-6(a)</reference>
            <reference href="https://nvlpubs.nist.gov/nistpubs/CSWP/NIST.CSWP.04162018.pdf">PR.IP-1</reference>
            <reference href="https://nvlpubs.nist.gov/nistpubs/CSWP/NIST.CSWP.04162018.pdf">PR.PT-3</reference>
            <reference href="https://public.cyber.mil/stigs/downloads/?_dl_facet_stigs=operating-systems%2Cgeneral-purpose-os">SRG-OS-000480-GPOS-00227</reference>
            <reference href="https://cyber.gouv.fr/sites/default/files/document/linux_configuration-en-v2.pdf">R13</reference>
            <reference href="https://www.cisecurity.org/benchmark/ubuntu_linux/">3.3.5</reference>
            <rationale xmlns:xhtml="http://www.w3.org/1999/xhtml" xml:lang="en-US">An illicit ICMP redirect message could result in a man-in-the-middle attack.</rationale>
            <platform idref="#system_with_kernel"/>
            <fix xmlns:xhtml="http://www.w3.org/1999/xhtml" id="sysctl_net_ipv6_conf_default_accept_redirects" system="urn:xccdf:fix:script:ansible" reboot="true" complexity="low" disruption="medium" strategy="disable">- name: Gather the package facts
  package_facts:
    manager: auto
  tags:
  - NIST-800-171-3.1.20
  - NIST-800-53-CM-6(a)
  - NIST-800-53-CM-7(a)
  - NIST-800-53-CM-7(b)
  - disable_strategy
  - low_complexity
  - medium_disruption
  - medium_severity
  - reboot_required
  - sysctl_net_ipv6_conf_default_accept_redirects

- name: List /etc/sysctl.d/*.conf files
  find:
    paths:
    - /etc/sysctl.d/
    - /run/sysctl.d/
    - /usr/local/lib/sysctl.d/
    contains: ^[\s]*net.ipv6.conf.default.accept_redirects.*$
    patterns: '*.conf'
    file_type: any
  register: find_sysctl_d
  when: '"linux-base" in ansible_facts.packages'
  tags:
  - NIST-800-171-3.1.20
  - NIST-800-53-CM-6(a)
  - NIST-800-53-CM-7(a)
  - NIST-800-53-CM-7(b)
  - disable_strategy
  - low_complexity
  - medium_disruption
  - medium_severity
  - reboot_required
  - sysctl_net_ipv6_conf_default_accept_redirects

- name: Comment out any occurrences of net.ipv6.conf.default.accept_redirects from
    config files
  replace:
    path: '{{ item.path }}'
    regexp: ^[\s]*net.ipv6.conf.default.accept_redirects
    replace: '#net.ipv6.conf.default.accept_redirects'
  loop: '{{ find_sysctl_d.files }}'
  when: '"linux-base" in ansible_facts.packages'
  tags:
  - NIST-800-171-3.1.20
  - NIST-800-53-CM-6(a)
  - NIST-800-53-CM-7(a)
  - NIST-800-53-CM-7(b)
  - disable_strategy
  - low_complexity
  - medium_disruption
  - medium_severity
  - reboot_required
  - sysctl_net_ipv6_conf_default_accept_redirects
- name: XCCDF Value sysctl_net_ipv6_conf_default_accept_redirects_value # promote to variable
  set_fact:
    sysctl_net_ipv6_conf_default_accept_redirects_value: !!str <xccdf-1.2:sub xmlns:xccdf-1.2="http://checklists.nist.gov/xccdf/1.2" idref="xccdf_org.ssgproject.content_value_sysctl_net_ipv6_conf_default_accept_redirects_value" use="legacy"/>
  tags:
    - always

- name: Ensure sysctl net.ipv6.conf.default.accept_redirects is set
  sysctl:
    name: net.ipv6.conf.default.accept_redirects
    value: '{{ sysctl_net_ipv6_conf_default_accept_redirects_value }}'
    sysctl_file: /etc/sysctl.conf
    state: present
    reload: true
  when: '"linux-base" in ansible_facts.packages'
  tags:
  - NIST-800-171-3.1.20
  - NIST-800-53-CM-6(a)
  - NIST-800-53-CM-7(a)
  - NIST-800-53-CM-7(b)
  - disable_strategy
  - low_complexity
  - medium_disruption
  - medium_severity
  - reboot_required
  - sysctl_net_ipv6_conf_default_accept_redirects
</fix>
            <fix xmlns:xhtml="http://www.w3.org/1999/xhtml" id="sysctl_net_ipv6_conf_default_accept_redirects" system="urn:xccdf:fix:script:sh" reboot="true" complexity="low" disruption="medium" strategy="disable"># Remediation is applicable only in certain platforms
if dpkg-query --show --showformat='${db:Status-Status}
' 'linux-base' 2&gt;/dev/null | grep -q ^installed; then

# Comment out any occurrences of net.ipv6.conf.default.accept_redirects from /etc/sysctl.d/*.conf files

for f in /etc/sysctl.d/*.conf /run/sysctl.d/*.conf /usr/local/lib/sysctl.d/*.conf; do


  # skip systemd-sysctl symlink (/etc/sysctl.d/99-sysctl.conf -&gt; /etc/sysctl.conf)
  if [[ "$(readlink -f "$f")" == "/etc/sysctl.conf" ]]; then continue; fi

  matching_list=$(grep -P '^(?!#).*[\s]*net.ipv6.conf.default.accept_redirects.*$' $f | uniq )
  if ! test -z "$matching_list"; then
    while IFS= read -r entry; do
      escaped_entry=$(sed -e 's|/|\\/|g' &lt;&lt;&lt; "$entry")
      # comment out "net.ipv6.conf.default.accept_redirects" matches to preserve user data
      sed -i --follow-symlinks "s/^${escaped_entry}$/# &amp;/g" $f
    done &lt;&lt;&lt; "$matching_list"
  fi
done

#
# Set sysctl config file which to save the desired value
#

SYSCONFIG_FILE="/etc/sysctl.conf"

sysctl_net_ipv6_conf_default_accept_redirects_value='<xccdf-1.2:sub xmlns:xccdf-1.2="http://checklists.nist.gov/xccdf/1.2" idref="xccdf_org.ssgproject.content_value_sysctl_net_ipv6_conf_default_accept_redirects_value" use="legacy"/>'


#
# Set runtime for net.ipv6.conf.default.accept_redirects
#
if [[ "$OSCAP_BOOTC_BUILD" != "YES" ]] ; then
    /sbin/sysctl -q -n -w net.ipv6.conf.default.accept_redirects="$sysctl_net_ipv6_conf_default_accept_redirects_value"
fi

#
# If net.ipv6.conf.default.accept_redirects present in /etc/sysctl.conf, change value to appropriate value
#	else, add "net.ipv6.conf.default.accept_redirects = value" to /etc/sysctl.conf
#

# Strip any search characters in the key arg so that the key can be replaced without
# adding any search characters to the config file.
stripped_key=$(sed 's/[\^=\$,;+]*//g' &lt;&lt;&lt; "^net.ipv6.conf.default.accept_redirects")

# shellcheck disable=SC2059
printf -v formatted_output "%s = %s" "$stripped_key" "$sysctl_net_ipv6_conf_default_accept_redirects_value"

# If the key exists, change it. Otherwise, add it to the config_file.
# We search for the key string followed by a word boundary (matched by \&gt;),
# so if we search for 'setting', 'setting2' won't match.
if LC_ALL=C grep -q -m 1 -i -e "^net.ipv6.conf.default.accept_redirects\\&gt;" "${SYSCONFIG_FILE}"; then
    escaped_formatted_output=$(sed -e 's|/|\\/|g' &lt;&lt;&lt; "$formatted_output")
    LC_ALL=C sed -i --follow-symlinks "s/^net.ipv6.conf.default.accept_redirects\\&gt;.*/$escaped_formatted_output/gi" "${SYSCONFIG_FILE}"
else
    if [[ -s "${SYSCONFIG_FILE}" ]] &amp;&amp; [[ -n "$(tail -c 1 -- "${SYSCONFIG_FILE}" || true)" ]]; then
        LC_ALL=C sed -i --follow-symlinks '$a'\\ "${SYSCONFIG_FILE}"
    fi
    printf '%s\n' "$formatted_output" &gt;&gt; "${SYSCONFIG_FILE}"
fi

else
    &gt;&amp;2 echo 'Remediation is not applicable, nothing was done'
fi
</fix>
            <check system="http://oval.mitre.org/XMLSchema/oval-definitions-5">
              <check-export export-name="oval:ssg-sysctl_net_ipv6_conf_default_accept_redirects_value:var:1" value-id="xccdf_org.ssgproject.content_value_sysctl_net_ipv6_conf_default_accept_redirects_value"/>
              <check-content-ref name="oval:ssg-sysctl_net_ipv6_conf_default_accept_redirects:def:1" href="ssg-ubuntu2404-oval.xml"/>
            </check>
            <check system="http://scap.nist.gov/schema/ocil/2">
              <check-content-ref name="ocil:ssg-sysctl_net_ipv6_conf_default_accept_redirects_ocil:questionnaire:1" href="ssg-ubuntu2404-ocil.xml"/>
            </check>
          </Rule>
          <Rule id="xccdf_org.ssgproject.content_rule_sysctl_net_ipv6_conf_default_accept_source_route" selected="false" role="full" severity="medium">
            <title xmlns:xhtml="http://www.w3.org/1999/xhtml" xml:lang="en-US">Disable Kernel Parameter for Accepting Source-Routed Packets on IPv6 Interfaces by Default</title>
            <description xmlns:xhtml="http://www.w3.org/1999/xhtml" xml:lang="en-US">To set the runtime status of the <html:code xmlns:html="http://www.w3.org/1999/xhtml">net.ipv6.conf.default.accept_source_route</html:code> kernel parameter, run the following command: <html:pre xmlns:html="http://www.w3.org/1999/xhtml">$ sudo sysctl -w net.ipv6.conf.default.accept_source_route=0</html:pre>
To make sure that the setting is persistent, add the following line to a file in the directory <html:code xmlns:html="http://www.w3.org/1999/xhtml">/etc/sysctl.d</html:code>: <html:pre xmlns:html="http://www.w3.org/1999/xhtml">net.ipv6.conf.default.accept_source_route = 0</html:pre>
        </description>
            <reference href="https://www.cisecurity.org/controls/">1</reference>
            <reference href="https://www.cisecurity.org/controls/">12</reference>
            <reference href="https://www.cisecurity.org/controls/">13</reference>
            <reference href="https://www.cisecurity.org/controls/">14</reference>
            <reference href="https://www.cisecurity.org/controls/">15</reference>
            <reference href="https://www.cisecurity.org/controls/">16</reference>
            <reference href="https://www.cisecurity.org/controls/">18</reference>
            <reference href="https://www.cisecurity.org/controls/">4</reference>
            <reference href="https://www.cisecurity.org/controls/">6</reference>
            <reference href="https://www.cisecurity.org/controls/">8</reference>
            <reference href="https://www.cisecurity.org/controls/">9</reference>
            <reference href="https://www.isaca.org/resources/cobit">APO01.06</reference>
            <reference href="https://www.isaca.org/resources/cobit">APO13.01</reference>
            <reference href="https://www.isaca.org/resources/cobit">DSS01.05</reference>
            <reference href="https://www.isaca.org/resources/cobit">DSS03.01</reference>
            <reference href="https://www.isaca.org/resources/cobit">DSS05.02</reference>
            <reference href="https://www.isaca.org/resources/cobit">DSS05.04</reference>
            <reference href="https://www.isaca.org/resources/cobit">DSS05.07</reference>
            <reference href="https://www.isaca.org/resources/cobit">DSS06.02</reference>
            <reference href="http://nvlpubs.nist.gov/nistpubs/SpecialPublications/NIST.SP.800-171.pdf">3.1.20</reference>
            <reference href="https://public.cyber.mil/stigs/cci/">CCI-000366</reference>
            <reference href="https://www.isa.org/products/isa-62443-2-1-2009-security-for-industrial-automat">4.2.3.4</reference>
            <reference href="https://www.isa.org/products/isa-62443-2-1-2009-security-for-industrial-automat">4.3.3.4</reference>
            <reference href="https://www.isa.org/products/isa-62443-2-1-2009-security-for-industrial-automat">4.4.3.3</reference>
            <reference href="https://www.isa.org/products/ansi-isa-62443-3-3-99-03-03-2013-security-for-indu">SR 3.1</reference>
            <reference href="https://www.isa.org/products/ansi-isa-62443-3-3-99-03-03-2013-security-for-indu">SR 3.5</reference>
            <reference href="https://www.isa.org/products/ansi-isa-62443-3-3-99-03-03-2013-security-for-indu">SR 3.8</reference>
            <reference href="https://www.isa.org/products/ansi-isa-62443-3-3-99-03-03-2013-security-for-indu">SR 4.1</reference>
            <reference href="https://www.isa.org/products/ansi-isa-62443-3-3-99-03-03-2013-security-for-indu">SR 4.3</reference>
            <reference href="https://www.isa.org/products/ansi-isa-62443-3-3-99-03-03-2013-security-for-indu">SR 5.1</reference>
            <reference href="https://www.isa.org/products/ansi-isa-62443-3-3-99-03-03-2013-security-for-indu">SR 5.2</reference>
            <reference href="https://www.isa.org/products/ansi-isa-62443-3-3-99-03-03-2013-security-for-indu">SR 5.3</reference>
            <reference href="https://www.isa.org/products/ansi-isa-62443-3-3-99-03-03-2013-security-for-indu">SR 7.1</reference>
            <reference href="https://www.isa.org/products/ansi-isa-62443-3-3-99-03-03-2013-security-for-indu">SR 7.6</reference>
            <reference href="https://www.iso.org/contents/data/standard/05/45/54534.html">A.10.1.1</reference>
            <reference href="https://www.iso.org/contents/data/standard/05/45/54534.html">A.11.1.4</reference>
            <reference href="https://www.iso.org/contents/data/standard/05/45/54534.html">A.11.1.5</reference>
            <reference href="https://www.iso.org/contents/data/standard/05/45/54534.html">A.11.2.1</reference>
            <reference href="https://www.iso.org/contents/data/standard/05/45/54534.html">A.12.1.1</reference>
            <reference href="https://www.iso.org/contents/data/standard/05/45/54534.html">A.12.1.2</reference>
            <reference href="https://www.iso.org/contents/data/standard/05/45/54534.html">A.13.1.1</reference>
            <reference href="https://www.iso.org/contents/data/standard/05/45/54534.html">A.13.1.2</reference>
            <reference href="https://www.iso.org/contents/data/standard/05/45/54534.html">A.13.1.3</reference>
            <reference href="https://www.iso.org/contents/data/standard/05/45/54534.html">A.13.2.1</reference>
            <reference href="https://www.iso.org/contents/data/standard/05/45/54534.html">A.13.2.2</reference>
            <reference href="https://www.iso.org/contents/data/standard/05/45/54534.html">A.13.2.3</reference>
            <reference href="https://www.iso.org/contents/data/standard/05/45/54534.html">A.13.2.4</reference>
            <reference href="https://www.iso.org/contents/data/standard/05/45/54534.html">A.14.1.2</reference>
            <reference href="https://www.iso.org/contents/data/standard/05/45/54534.html">A.14.1.3</reference>
            <reference href="https://www.iso.org/contents/data/standard/05/45/54534.html">A.6.1.2</reference>
            <reference href="https://www.iso.org/contents/data/standard/05/45/54534.html">A.7.1.1</reference>
            <reference href="https://www.iso.org/contents/data/standard/05/45/54534.html">A.7.1.2</reference>
            <reference href="https://www.iso.org/contents/data/standard/05/45/54534.html">A.7.3.1</reference>
            <reference href="https://www.iso.org/contents/data/standard/05/45/54534.html">A.8.2.2</reference>
            <reference href="https://www.iso.org/contents/data/standard/05/45/54534.html">A.8.2.3</reference>
            <reference href="https://www.iso.org/contents/data/standard/05/45/54534.html">A.9.1.1</reference>
            <reference href="https://www.iso.org/contents/data/standard/05/45/54534.html">A.9.1.2</reference>
            <reference href="https://www.iso.org/contents/data/standard/05/45/54534.html">A.9.2.3</reference>
            <reference href="https://www.iso.org/contents/data/standard/05/45/54534.html">A.9.4.1</reference>
            <reference href="https://www.iso.org/contents/data/standard/05/45/54534.html">A.9.4.4</reference>
            <reference href="https://www.iso.org/contents/data/standard/05/45/54534.html">A.9.4.5</reference>
            <reference href="http://nvlpubs.nist.gov/nistpubs/SpecialPublications/NIST.SP.800-53r4.pdf">CM-7(a)</reference>
            <reference href="http://nvlpubs.nist.gov/nistpubs/SpecialPublications/NIST.SP.800-53r4.pdf">CM-7(b)</reference>
            <reference href="http://nvlpubs.nist.gov/nistpubs/SpecialPublications/NIST.SP.800-53r4.pdf">CM-6(a)</reference>
            <reference href="http://nvlpubs.nist.gov/nistpubs/SpecialPublications/NIST.SP.800-53r4.pdf">CM-6(b)</reference>
            <reference href="http://nvlpubs.nist.gov/nistpubs/SpecialPublications/NIST.SP.800-53r4.pdf">CM-6.1(iv)</reference>
            <reference href="https://nvlpubs.nist.gov/nistpubs/CSWP/NIST.CSWP.04162018.pdf">DE.AE-1</reference>
            <reference href="https://nvlpubs.nist.gov/nistpubs/CSWP/NIST.CSWP.04162018.pdf">ID.AM-3</reference>
            <reference href="https://nvlpubs.nist.gov/nistpubs/CSWP/NIST.CSWP.04162018.pdf">PR.AC-5</reference>
            <reference href="https://nvlpubs.nist.gov/nistpubs/CSWP/NIST.CSWP.04162018.pdf">PR.DS-5</reference>
            <reference href="https://nvlpubs.nist.gov/nistpubs/CSWP/NIST.CSWP.04162018.pdf">PR.PT-4</reference>
            <reference href="https://www.pcisecuritystandards.org/documents/PCI_DSS_v3-2-1.pdf">Req-1.4.3</reference>
            <reference href="https://public.cyber.mil/stigs/downloads/?_dl_facet_stigs=operating-systems%2Cgeneral-purpose-os">SRG-OS-000480-GPOS-00227</reference>
            <reference href="https://cyber.gouv.fr/sites/default/files/document/linux_configuration-en-v2.pdf">R13</reference>
            <reference href="https://www.cisecurity.org/benchmark/ubuntu_linux/">3.3.8</reference>
            <reference href="https://docs-prv.pcisecuritystandards.org/PCI%20DSS/Standard/PCI-DSS-v4_0.pdf">1.4.2</reference>
            <reference href="https://docs-prv.pcisecuritystandards.org/PCI%20DSS/Standard/PCI-DSS-v4_0.pdf">1.4</reference>
            <rationale xmlns:xhtml="http://www.w3.org/1999/xhtml" xml:lang="en-US">Source-routed packets allow the source of the packet to suggest routers
forward the packet along a different path than configured on the router, which can
be used to bypass network security measures. This requirement applies only to the
forwarding of source-routerd traffic, such as when IPv6 forwarding is enabled and
the system is functioning as a router.

Accepting source-routed packets in the IPv6 protocol has few legitimate
uses. It should be disabled unless it is absolutely required.</rationale>
            <platform idref="#system_with_kernel"/>
            <fix xmlns:xhtml="http://www.w3.org/1999/xhtml" id="sysctl_net_ipv6_conf_default_accept_source_route" system="urn:xccdf:fix:script:ansible" reboot="true" complexity="low" disruption="medium" strategy="disable">- name: Gather the package facts
  package_facts:
    manager: auto
  tags:
  - NIST-800-171-3.1.20
  - NIST-800-53-CM-6(a)
  - NIST-800-53-CM-6(b)
  - NIST-800-53-CM-6.1(iv)
  - NIST-800-53-CM-7(a)
  - NIST-800-53-CM-7(b)
  - PCI-DSS-Req-1.4.3
  - PCI-DSSv4-1.4
  - PCI-DSSv4-1.4.2
  - disable_strategy
  - low_complexity
  - medium_disruption
  - medium_severity
  - reboot_required
  - sysctl_net_ipv6_conf_default_accept_source_route

- name: List /etc/sysctl.d/*.conf files
  find:
    paths:
    - /etc/sysctl.d/
    - /run/sysctl.d/
    - /usr/local/lib/sysctl.d/
    contains: ^[\s]*net.ipv6.conf.default.accept_source_route.*$
    patterns: '*.conf'
    file_type: any
  register: find_sysctl_d
  when: '"linux-base" in ansible_facts.packages'
  tags:
  - NIST-800-171-3.1.20
  - NIST-800-53-CM-6(a)
  - NIST-800-53-CM-6(b)
  - NIST-800-53-CM-6.1(iv)
  - NIST-800-53-CM-7(a)
  - NIST-800-53-CM-7(b)
  - PCI-DSS-Req-1.4.3
  - PCI-DSSv4-1.4
  - PCI-DSSv4-1.4.2
  - disable_strategy
  - low_complexity
  - medium_disruption
  - medium_severity
  - reboot_required
  - sysctl_net_ipv6_conf_default_accept_source_route

- name: Comment out any occurrences of net.ipv6.conf.default.accept_source_route from
    config files
  replace:
    path: '{{ item.path }}'
    regexp: ^[\s]*net.ipv6.conf.default.accept_source_route
    replace: '#net.ipv6.conf.default.accept_source_route'
  loop: '{{ find_sysctl_d.files }}'
  when: '"linux-base" in ansible_facts.packages'
  tags:
  - NIST-800-171-3.1.20
  - NIST-800-53-CM-6(a)
  - NIST-800-53-CM-6(b)
  - NIST-800-53-CM-6.1(iv)
  - NIST-800-53-CM-7(a)
  - NIST-800-53-CM-7(b)
  - PCI-DSS-Req-1.4.3
  - PCI-DSSv4-1.4
  - PCI-DSSv4-1.4.2
  - disable_strategy
  - low_complexity
  - medium_disruption
  - medium_severity
  - reboot_required
  - sysctl_net_ipv6_conf_default_accept_source_route
- name: XCCDF Value sysctl_net_ipv6_conf_default_accept_source_route_value # promote to variable
  set_fact:
    sysctl_net_ipv6_conf_default_accept_source_route_value: !!str <xccdf-1.2:sub xmlns:xccdf-1.2="http://checklists.nist.gov/xccdf/1.2" idref="xccdf_org.ssgproject.content_value_sysctl_net_ipv6_conf_default_accept_source_route_value" use="legacy"/>
  tags:
    - always

- name: Ensure sysctl net.ipv6.conf.default.accept_source_route is set
  sysctl:
    name: net.ipv6.conf.default.accept_source_route
    value: '{{ sysctl_net_ipv6_conf_default_accept_source_route_value }}'
    sysctl_file: /etc/sysctl.conf
    state: present
    reload: true
  when: '"linux-base" in ansible_facts.packages'
  tags:
  - NIST-800-171-3.1.20
  - NIST-800-53-CM-6(a)
  - NIST-800-53-CM-6(b)
  - NIST-800-53-CM-6.1(iv)
  - NIST-800-53-CM-7(a)
  - NIST-800-53-CM-7(b)
  - PCI-DSS-Req-1.4.3
  - PCI-DSSv4-1.4
  - PCI-DSSv4-1.4.2
  - disable_strategy
  - low_complexity
  - medium_disruption
  - medium_severity
  - reboot_required
  - sysctl_net_ipv6_conf_default_accept_source_route
</fix>
            <fix xmlns:xhtml="http://www.w3.org/1999/xhtml" id="sysctl_net_ipv6_conf_default_accept_source_route" system="urn:xccdf:fix:script:sh" reboot="true" complexity="low" disruption="medium" strategy="disable"># Remediation is applicable only in certain platforms
if dpkg-query --show --showformat='${db:Status-Status}
' 'linux-base' 2&gt;/dev/null | grep -q ^installed; then

# Comment out any occurrences of net.ipv6.conf.default.accept_source_route from /etc/sysctl.d/*.conf files

for f in /etc/sysctl.d/*.conf /run/sysctl.d/*.conf /usr/local/lib/sysctl.d/*.conf; do


  # skip systemd-sysctl symlink (/etc/sysctl.d/99-sysctl.conf -&gt; /etc/sysctl.conf)
  if [[ "$(readlink -f "$f")" == "/etc/sysctl.conf" ]]; then continue; fi

  matching_list=$(grep -P '^(?!#).*[\s]*net.ipv6.conf.default.accept_source_route.*$' $f | uniq )
  if ! test -z "$matching_list"; then
    while IFS= read -r entry; do
      escaped_entry=$(sed -e 's|/|\\/|g' &lt;&lt;&lt; "$entry")
      # comment out "net.ipv6.conf.default.accept_source_route" matches to preserve user data
      sed -i --follow-symlinks "s/^${escaped_entry}$/# &amp;/g" $f
    done &lt;&lt;&lt; "$matching_list"
  fi
done

#
# Set sysctl config file which to save the desired value
#

SYSCONFIG_FILE="/etc/sysctl.conf"

sysctl_net_ipv6_conf_default_accept_source_route_value='<xccdf-1.2:sub xmlns:xccdf-1.2="http://checklists.nist.gov/xccdf/1.2" idref="xccdf_org.ssgproject.content_value_sysctl_net_ipv6_conf_default_accept_source_route_value" use="legacy"/>'


#
# Set runtime for net.ipv6.conf.default.accept_source_route
#
if [[ "$OSCAP_BOOTC_BUILD" != "YES" ]] ; then
    /sbin/sysctl -q -n -w net.ipv6.conf.default.accept_source_route="$sysctl_net_ipv6_conf_default_accept_source_route_value"
fi

#
# If net.ipv6.conf.default.accept_source_route present in /etc/sysctl.conf, change value to appropriate value
#	else, add "net.ipv6.conf.default.accept_source_route = value" to /etc/sysctl.conf
#

# Strip any search characters in the key arg so that the key can be replaced without
# adding any search characters to the config file.
stripped_key=$(sed 's/[\^=\$,;+]*//g' &lt;&lt;&lt; "^net.ipv6.conf.default.accept_source_route")

# shellcheck disable=SC2059
printf -v formatted_output "%s = %s" "$stripped_key" "$sysctl_net_ipv6_conf_default_accept_source_route_value"

# If the key exists, change it. Otherwise, add it to the config_file.
# We search for the key string followed by a word boundary (matched by \&gt;),
# so if we search for 'setting', 'setting2' won't match.
if LC_ALL=C grep -q -m 1 -i -e "^net.ipv6.conf.default.accept_source_route\\&gt;" "${SYSCONFIG_FILE}"; then
    escaped_formatted_output=$(sed -e 's|/|\\/|g' &lt;&lt;&lt; "$formatted_output")
    LC_ALL=C sed -i --follow-symlinks "s/^net.ipv6.conf.default.accept_source_route\\&gt;.*/$escaped_formatted_output/gi" "${SYSCONFIG_FILE}"
else
    if [[ -s "${SYSCONFIG_FILE}" ]] &amp;&amp; [[ -n "$(tail -c 1 -- "${SYSCONFIG_FILE}" || true)" ]]; then
        LC_ALL=C sed -i --follow-symlinks '$a'\\ "${SYSCONFIG_FILE}"
    fi
    printf '%s\n' "$formatted_output" &gt;&gt; "${SYSCONFIG_FILE}"
fi

else
    &gt;&amp;2 echo 'Remediation is not applicable, nothing was done'
fi
</fix>
            <check system="http://oval.mitre.org/XMLSchema/oval-definitions-5">
              <check-export export-name="oval:ssg-sysctl_net_ipv6_conf_default_accept_source_route_value:var:1" value-id="xccdf_org.ssgproject.content_value_sysctl_net_ipv6_conf_default_accept_source_route_value"/>
              <check-content-ref name="oval:ssg-sysctl_net_ipv6_conf_default_accept_source_route:def:1" href="ssg-ubuntu2404-oval.xml"/>
            </check>
            <check system="http://scap.nist.gov/schema/ocil/2">
              <check-content-ref name="ocil:ssg-sysctl_net_ipv6_conf_default_accept_source_route_ocil:questionnaire:1" href="ssg-ubuntu2404-ocil.xml"/>
            </check>
          </Rule>
        </Group>
      </Group>
      <Group id="xccdf_org.ssgproject.content_group_network-kernel">
        <title xmlns:xhtml="http://www.w3.org/1999/xhtml" xml:lang="en-US">Kernel Parameters Which Affect Networking</title>
        <description xmlns:xhtml="http://www.w3.org/1999/xhtml" xml:lang="en-US">The <html:code xmlns:html="http://www.w3.org/1999/xhtml">sysctl</html:code> utility is used to set
parameters which affect the operation of the Linux kernel. Kernel parameters
which affect networking and have security implications are described here.</description>
        <Group id="xccdf_org.ssgproject.content_group_network_host_and_router_parameters">
          <title xmlns:xhtml="http://www.w3.org/1999/xhtml" xml:lang="en-US">Network Related Kernel Runtime Parameters for Hosts and Routers</title>
          <description xmlns:xhtml="http://www.w3.org/1999/xhtml" xml:lang="en-US">Certain kernel parameters should be set for systems which are
acting as either hosts or routers to improve the system's ability defend
against certain types of IPv4 protocol attacks.</description>
          <platform idref="#system_with_kernel"/>
          <Value id="xccdf_org.ssgproject.content_value_sysctl_net_ipv4_conf_all_accept_redirects_value" type="number">
            <title xmlns:xhtml="http://www.w3.org/1999/xhtml" xml:lang="en-US">net.ipv4.conf.all.accept_redirects</title>
            <description xmlns:xhtml="http://www.w3.org/1999/xhtml" xml:lang="en-US">Disable ICMP Redirect Acceptance</description>
            <value>0</value>
            <value selector="disabled">0</value>
            <value selector="enabled">1</value>
          </Value>
          <Value id="xccdf_org.ssgproject.content_value_sysctl_net_ipv4_conf_all_accept_source_route_value" type="number">
            <title xmlns:xhtml="http://www.w3.org/1999/xhtml" xml:lang="en-US">net.ipv4.conf.all.accept_source_route</title>
            <description xmlns:xhtml="http://www.w3.org/1999/xhtml" xml:lang="en-US">Trackers could be using source-routed packets to
generate traffic that seems to be intra-net, but actually was
created outside and has been redirected.</description>
            <value>0</value>
            <value selector="disabled">0</value>
            <value selector="enabled">1</value>
          </Value>
          <Value id="xccdf_org.ssgproject.content_value_sysctl_net_ipv4_conf_all_log_martians_value" type="number">
            <title xmlns:xhtml="http://www.w3.org/1999/xhtml" xml:lang="en-US">net.ipv4.conf.all.log_martians</title>
            <description xmlns:xhtml="http://www.w3.org/1999/xhtml" xml:lang="en-US">Disable so you don't Log Spoofed Packets, Source
Routed Packets, Redirect Packets</description>
            <value>1</value>
            <value selector="disabled">0</value>
            <value selector="enabled">1</value>
          </Value>
          <Value id="xccdf_org.ssgproject.content_value_sysctl_net_ipv4_conf_all_rp_filter_value" type="number">
            <title xmlns:xhtml="http://www.w3.org/1999/xhtml" xml:lang="en-US">net.ipv4.conf.all.rp_filter</title>
            <description xmlns:xhtml="http://www.w3.org/1999/xhtml" xml:lang="en-US">Enable to enforce sanity checking, also called ingress
filtering or egress filtering. The point is to drop a packet if the
source and destination IP addresses in the IP header do not make
sense when considered in light of the physical interface on which
it arrived.</description>
            <value>1</value>
            <value selector="enabled">1</value>
            <value selector="loose">2</value>
          </Value>
          <Value id="xccdf_org.ssgproject.content_value_sysctl_net_ipv4_conf_all_secure_redirects_value" type="number">
            <title xmlns:xhtml="http://www.w3.org/1999/xhtml" xml:lang="en-US">net.ipv4.conf.all.secure_redirects</title>
            <description xmlns:xhtml="http://www.w3.org/1999/xhtml" xml:lang="en-US">Enable to prevent hijacking of routing path by only
allowing redirects from gateways known in routing
table. Disable to refuse acceptance of secure ICMP redirected packets on all interfaces.</description>
            <value>0</value>
            <value selector="disabled">0</value>
            <value selector="enabled">1</value>
          </Value>
          <Value id="xccdf_org.ssgproject.content_value_sysctl_net_ipv4_conf_default_accept_redirects_value" type="number">
            <title xmlns:xhtml="http://www.w3.org/1999/xhtml" xml:lang="en-US">net.ipv4.conf.default.accept_redirects</title>
            <description xmlns:xhtml="http://www.w3.org/1999/xhtml" xml:lang="en-US">Disable ICMP Redirect Acceptance?</description>
            <value>0</value>
            <value selector="disabled">0</value>
            <value selector="enabled">1</value>
          </Value>
          <Value id="xccdf_org.ssgproject.content_value_sysctl_net_ipv4_conf_default_accept_source_route_value" type="number">
            <title xmlns:xhtml="http://www.w3.org/1999/xhtml" xml:lang="en-US">net.ipv4.conf.default.accept_source_route</title>
            <description xmlns:xhtml="http://www.w3.org/1999/xhtml" xml:lang="en-US">Disable IP source routing?</description>
            <value>0</value>
            <value selector="disabled">0</value>
            <value selector="enabled">1</value>
          </Value>
          <Value id="xccdf_org.ssgproject.content_value_sysctl_net_ipv4_conf_default_log_martians_value" type="number">
            <title xmlns:xhtml="http://www.w3.org/1999/xhtml" xml:lang="en-US">net.ipv4.conf.default.log_martians</title>
            <description xmlns:xhtml="http://www.w3.org/1999/xhtml" xml:lang="en-US">Disable so you don't Log Spoofed Packets, Source
Routed Packets, Redirect Packets</description>
            <value>1</value>
            <value selector="disabled">0</value>
            <value selector="enabled">1</value>
          </Value>
          <Value id="xccdf_org.ssgproject.content_value_sysctl_net_ipv4_conf_default_rp_filter_value" type="number">
            <title xmlns:xhtml="http://www.w3.org/1999/xhtml" xml:lang="en-US">net.ipv4.conf.default.rp_filter</title>
            <description xmlns:xhtml="http://www.w3.org/1999/xhtml" xml:lang="en-US">Enables source route verification</description>
            <value>1</value>
            <value selector="disabled">0</value>
            <value selector="enabled">1</value>
          </Value>
          <Value id="xccdf_org.ssgproject.content_value_sysctl_net_ipv4_conf_default_secure_redirects_value" type="number">
            <title xmlns:xhtml="http://www.w3.org/1999/xhtml" xml:lang="en-US">net.ipv4.conf.default.secure_redirects</title>
            <description xmlns:xhtml="http://www.w3.org/1999/xhtml" xml:lang="en-US">Enable to prevent hijacking of routing path by only
allowing redirects from gateways known in routing
table. Disable to refuse acceptance of secure ICMP redirected packages by default.</description>
            <value>0</value>
            <value selector="disabled">0</value>
            <value selector="enabled">1</value>
          </Value>
          <Value id="xccdf_org.ssgproject.content_value_sysctl_net_ipv4_icmp_echo_ignore_broadcasts_value" type="number">
            <title xmlns:xhtml="http://www.w3.org/1999/xhtml" xml:lang="en-US">net.ipv4.icmp_echo_ignore_broadcasts</title>
            <description xmlns:xhtml="http://www.w3.org/1999/xhtml" xml:lang="en-US">Ignore all ICMP ECHO and TIMESTAMP requests sent to it
via broadcast/multicast</description>
            <value>1</value>
            <value selector="disabled">0</value>
            <value selector="enabled">1</value>
          </Value>
          <Value id="xccdf_org.ssgproject.content_value_sysctl_net_ipv4_icmp_ignore_bogus_error_responses_value" type="number">
            <title xmlns:xhtml="http://www.w3.org/1999/xhtml" xml:lang="en-US">net.ipv4.icmp_ignore_bogus_error_responses</title>
            <description xmlns:xhtml="http://www.w3.org/1999/xhtml" xml:lang="en-US">Enable to prevent unnecessary logging</description>
            <value>1</value>
            <value selector="disabled">0</value>
            <value selector="enabled">1</value>
          </Value>
          <Value id="xccdf_org.ssgproject.content_value_sysctl_net_ipv4_tcp_syncookies_value" type="number">
            <title xmlns:xhtml="http://www.w3.org/1999/xhtml" xml:lang="en-US">net.ipv4.tcp_syncookies</title>
            <description xmlns:xhtml="http://www.w3.org/1999/xhtml" xml:lang="en-US">Enable to turn on TCP SYN Cookie
Protection</description>
            <value>1</value>
            <value selector="disabled">0</value>
            <value selector="enabled">1</value>
          </Value>
          <Rule id="xccdf_org.ssgproject.content_rule_sysctl_net_ipv4_conf_all_accept_redirects" selected="false" role="full" severity="medium">
            <title xmlns:xhtml="http://www.w3.org/1999/xhtml" xml:lang="en-US">Disable Accepting ICMP Redirects for All IPv4 Interfaces</title>
            <description xmlns:xhtml="http://www.w3.org/1999/xhtml" xml:lang="en-US">To set the runtime status of the <html:code xmlns:html="http://www.w3.org/1999/xhtml">net.ipv4.conf.all.accept_redirects</html:code> kernel parameter, run the following command: <html:pre xmlns:html="http://www.w3.org/1999/xhtml">$ sudo sysctl -w net.ipv4.conf.all.accept_redirects=0</html:pre>
To make sure that the setting is persistent, add the following line to a file in the directory <html:code xmlns:html="http://www.w3.org/1999/xhtml">/etc/sysctl.d</html:code>: <html:pre xmlns:html="http://www.w3.org/1999/xhtml">net.ipv4.conf.all.accept_redirects = 0</html:pre>
        </description>
            <reference href="https://www.cisecurity.org/controls/">1</reference>
            <reference href="https://www.cisecurity.org/controls/">11</reference>
            <reference href="https://www.cisecurity.org/controls/">12</reference>
            <reference href="https://www.cisecurity.org/controls/">13</reference>
            <reference href="https://www.cisecurity.org/controls/">14</reference>
            <reference href="https://www.cisecurity.org/controls/">15</reference>
            <reference href="https://www.cisecurity.org/controls/">16</reference>
            <reference href="https://www.cisecurity.org/controls/">2</reference>
            <reference href="https://www.cisecurity.org/controls/">3</reference>
            <reference href="https://www.cisecurity.org/controls/">7</reference>
            <reference href="https://www.cisecurity.org/controls/">8</reference>
            <reference href="https://www.cisecurity.org/controls/">9</reference>
            <reference href="https://www.fbi.gov/file-repository/cjis-security-policy-v5_5_20160601-2-1.pdf">5.10.1.1</reference>
            <reference href="https://www.isaca.org/resources/cobit">APO13.01</reference>
            <reference href="https://www.isaca.org/resources/cobit">BAI04.04</reference>
            <reference href="https://www.isaca.org/resources/cobit">BAI10.01</reference>
            <reference href="https://www.isaca.org/resources/cobit">BAI10.02</reference>
            <reference href="https://www.isaca.org/resources/cobit">BAI10.03</reference>
            <reference href="https://www.isaca.org/resources/cobit">BAI10.05</reference>
            <reference href="https://www.isaca.org/resources/cobit">DSS01.03</reference>
            <reference href="https://www.isaca.org/resources/cobit">DSS03.05</reference>
            <reference href="https://www.isaca.org/resources/cobit">DSS05.02</reference>
            <reference href="https://www.isaca.org/resources/cobit">DSS05.05</reference>
            <reference href="https://www.isaca.org/resources/cobit">DSS05.07</reference>
            <reference href="https://www.isaca.org/resources/cobit">DSS06.06</reference>
            <reference href="http://nvlpubs.nist.gov/nistpubs/SpecialPublications/NIST.SP.800-171.pdf">3.1.20</reference>
            <reference href="https://public.cyber.mil/stigs/cci/">CCI-000366</reference>
            <reference href="https://www.isa.org/products/isa-62443-2-1-2009-security-for-industrial-automat">4.3.3.5.1</reference>
            <reference href="https://www.isa.org/products/isa-62443-2-1-2009-security-for-industrial-automat">4.3.3.5.2</reference>
            <reference href="https://www.isa.org/products/isa-62443-2-1-2009-security-for-industrial-automat">4.3.3.5.3</reference>
            <reference href="https://www.isa.org/products/isa-62443-2-1-2009-security-for-industrial-automat">4.3.3.5.4</reference>
            <reference href="https://www.isa.org/products/isa-62443-2-1-2009-security-for-industrial-automat">4.3.3.5.5</reference>
            <reference href="https://www.isa.org/products/isa-62443-2-1-2009-security-for-industrial-automat">4.3.3.5.6</reference>
            <reference href="https://www.isa.org/products/isa-62443-2-1-2009-security-for-industrial-automat">4.3.3.5.7</reference>
            <reference href="https://www.isa.org/products/isa-62443-2-1-2009-security-for-industrial-automat">4.3.3.5.8</reference>
            <reference href="https://www.isa.org/products/isa-62443-2-1-2009-security-for-industrial-automat">4.3.3.6.1</reference>
            <reference href="https://www.isa.org/products/isa-62443-2-1-2009-security-for-industrial-automat">4.3.3.6.2</reference>
            <reference href="https://www.isa.org/products/isa-62443-2-1-2009-security-for-industrial-automat">4.3.3.6.3</reference>
            <reference href="https://www.isa.org/products/isa-62443-2-1-2009-security-for-industrial-automat">4.3.3.6.4</reference>
            <reference href="https://www.isa.org/products/isa-62443-2-1-2009-security-for-industrial-automat">4.3.3.6.5</reference>
            <reference href="https://www.isa.org/products/isa-62443-2-1-2009-security-for-industrial-automat">4.3.3.6.6</reference>
            <reference href="https://www.isa.org/products/isa-62443-2-1-2009-security-for-industrial-automat">4.3.3.6.7</reference>
            <reference href="https://www.isa.org/products/isa-62443-2-1-2009-security-for-industrial-automat">4.3.3.6.8</reference>
            <reference href="https://www.isa.org/products/isa-62443-2-1-2009-security-for-industrial-automat">4.3.3.6.9</reference>
            <reference href="https://www.isa.org/products/isa-62443-2-1-2009-security-for-industrial-automat">4.3.3.7.1</reference>
            <reference href="https://www.isa.org/products/isa-62443-2-1-2009-security-for-industrial-automat">4.3.3.7.2</reference>
            <reference href="https://www.isa.org/products/isa-62443-2-1-2009-security-for-industrial-automat">4.3.3.7.3</reference>
            <reference href="https://www.isa.org/products/isa-62443-2-1-2009-security-for-industrial-automat">4.3.3.7.4</reference>
            <reference href="https://www.isa.org/products/isa-62443-2-1-2009-security-for-industrial-automat">4.3.4.3.2</reference>
            <reference href="https://www.isa.org/products/isa-62443-2-1-2009-security-for-industrial-automat">4.3.4.3.3</reference>
            <reference href="https://www.isa.org/products/ansi-isa-62443-3-3-99-03-03-2013-security-for-indu">SR 1.1</reference>
            <reference href="https://www.isa.org/products/ansi-isa-62443-3-3-99-03-03-2013-security-for-indu">SR 1.10</reference>
            <reference href="https://www.isa.org/products/ansi-isa-62443-3-3-99-03-03-2013-security-for-indu">SR 1.11</reference>
            <reference href="https://www.isa.org/products/ansi-isa-62443-3-3-99-03-03-2013-security-for-indu">SR 1.12</reference>
            <reference href="https://www.isa.org/products/ansi-isa-62443-3-3-99-03-03-2013-security-for-indu">SR 1.13</reference>
            <reference href="https://www.isa.org/products/ansi-isa-62443-3-3-99-03-03-2013-security-for-indu">SR 1.2</reference>
            <reference href="https://www.isa.org/products/ansi-isa-62443-3-3-99-03-03-2013-security-for-indu">SR 1.3</reference>
            <reference href="https://www.isa.org/products/ansi-isa-62443-3-3-99-03-03-2013-security-for-indu">SR 1.4</reference>
            <reference href="https://www.isa.org/products/ansi-isa-62443-3-3-99-03-03-2013-security-for-indu">SR 1.5</reference>
            <reference href="https://www.isa.org/products/ansi-isa-62443-3-3-99-03-03-2013-security-for-indu">SR 1.6</reference>
            <reference href="https://www.isa.org/products/ansi-isa-62443-3-3-99-03-03-2013-security-for-indu">SR 1.7</reference>
            <reference href="https://www.isa.org/products/ansi-isa-62443-3-3-99-03-03-2013-security-for-indu">SR 1.8</reference>
            <reference href="https://www.isa.org/products/ansi-isa-62443-3-3-99-03-03-2013-security-for-indu">SR 1.9</reference>
            <reference href="https://www.isa.org/products/ansi-isa-62443-3-3-99-03-03-2013-security-for-indu">SR 2.1</reference>
            <reference href="https://www.isa.org/products/ansi-isa-62443-3-3-99-03-03-2013-security-for-indu">SR 2.2</reference>
            <reference href="https://www.isa.org/products/ansi-isa-62443-3-3-99-03-03-2013-security-for-indu">SR 2.3</reference>
            <reference href="https://www.isa.org/products/ansi-isa-62443-3-3-99-03-03-2013-security-for-indu">SR 2.4</reference>
            <reference href="https://www.isa.org/products/ansi-isa-62443-3-3-99-03-03-2013-security-for-indu">SR 2.5</reference>
            <reference href="https://www.isa.org/products/ansi-isa-62443-3-3-99-03-03-2013-security-for-indu">SR 2.6</reference>
            <reference href="https://www.isa.org/products/ansi-isa-62443-3-3-99-03-03-2013-security-for-indu">SR 2.7</reference>
            <reference href="https://www.isa.org/products/ansi-isa-62443-3-3-99-03-03-2013-security-for-indu">SR 6.2</reference>
            <reference href="https://www.isa.org/products/ansi-isa-62443-3-3-99-03-03-2013-security-for-indu">SR 7.1</reference>
            <reference href="https://www.isa.org/products/ansi-isa-62443-3-3-99-03-03-2013-security-for-indu">SR 7.2</reference>
            <reference href="https://www.isa.org/products/ansi-isa-62443-3-3-99-03-03-2013-security-for-indu">SR 7.6</reference>
            <reference href="https://www.iso.org/contents/data/standard/05/45/54534.html">A.12.1.2</reference>
            <reference href="https://www.iso.org/contents/data/standard/05/45/54534.html">A.12.1.3</reference>
            <reference href="https://www.iso.org/contents/data/standard/05/45/54534.html">A.12.5.1</reference>
            <reference href="https://www.iso.org/contents/data/standard/05/45/54534.html">A.12.6.2</reference>
            <reference href="https://www.iso.org/contents/data/standard/05/45/54534.html">A.14.2.2</reference>
            <reference href="https://www.iso.org/contents/data/standard/05/45/54534.html">A.14.2.3</reference>
            <reference href="https://www.iso.org/contents/data/standard/05/45/54534.html">A.14.2.4</reference>
            <reference href="https://www.iso.org/contents/data/standard/05/45/54534.html">A.17.2.1</reference>
            <reference href="https://www.iso.org/contents/data/standard/05/45/54534.html">A.9.1.2</reference>
            <reference href="http://nvlpubs.nist.gov/nistpubs/SpecialPublications/NIST.SP.800-53r4.pdf">CM-7(a)</reference>
            <reference href="http://nvlpubs.nist.gov/nistpubs/SpecialPublications/NIST.SP.800-53r4.pdf">CM-7(b)</reference>
            <reference href="http://nvlpubs.nist.gov/nistpubs/SpecialPublications/NIST.SP.800-53r4.pdf">CM-6(a)</reference>
            <reference href="http://nvlpubs.nist.gov/nistpubs/SpecialPublications/NIST.SP.800-53r4.pdf">SC-7(a)</reference>
            <reference href="https://nvlpubs.nist.gov/nistpubs/CSWP/NIST.CSWP.04162018.pdf">DE.CM-1</reference>
            <reference href="https://nvlpubs.nist.gov/nistpubs/CSWP/NIST.CSWP.04162018.pdf">PR.DS-4</reference>
            <reference href="https://nvlpubs.nist.gov/nistpubs/CSWP/NIST.CSWP.04162018.pdf">PR.IP-1</reference>
            <reference href="https://nvlpubs.nist.gov/nistpubs/CSWP/NIST.CSWP.04162018.pdf">PR.PT-3</reference>
            <reference href="https://public.cyber.mil/stigs/downloads/?_dl_facet_stigs=operating-systems%2Cgeneral-purpose-os">SRG-OS-000480-GPOS-00227</reference>
            <reference href="https://cyber.gouv.fr/sites/default/files/document/linux_configuration-en-v2.pdf">R12</reference>
            <reference href="https://www.cisecurity.org/benchmark/ubuntu_linux/">3.3.5</reference>
            <rationale xmlns:xhtml="http://www.w3.org/1999/xhtml" xml:lang="en-US">ICMP redirect messages are used by routers to inform hosts that a more
direct route exists for a particular destination. These messages modify the
host's route table and are unauthenticated. An illicit ICMP redirect
message could result in a man-in-the-middle attack.
<html:br xmlns:html="http://www.w3.org/1999/xhtml"/>
This feature of the IPv4 protocol has few legitimate uses. It should be
disabled unless absolutely required."</rationale>
            <fix xmlns:xhtml="http://www.w3.org/1999/xhtml" id="sysctl_net_ipv4_conf_all_accept_redirects" system="urn:xccdf:fix:script:ansible" reboot="true" complexity="low" disruption="medium" strategy="disable">- name: Gather the package facts
  package_facts:
    manager: auto
  tags:
  - CJIS-5.10.1.1
  - NIST-800-171-3.1.20
  - NIST-800-53-CM-6(a)
  - NIST-800-53-CM-7(a)
  - NIST-800-53-CM-7(b)
  - NIST-800-53-SC-7(a)
  - disable_strategy
  - low_complexity
  - medium_disruption
  - medium_severity
  - reboot_required
  - sysctl_net_ipv4_conf_all_accept_redirects

- name: List /etc/sysctl.d/*.conf files
  find:
    paths:
    - /etc/sysctl.d/
    - /run/sysctl.d/
    - /usr/local/lib/sysctl.d/
    contains: ^[\s]*net.ipv4.conf.all.accept_redirects.*$
    patterns: '*.conf'
    file_type: any
  register: find_sysctl_d
  when: '"linux-base" in ansible_facts.packages'
  tags:
  - CJIS-5.10.1.1
  - NIST-800-171-3.1.20
  - NIST-800-53-CM-6(a)
  - NIST-800-53-CM-7(a)
  - NIST-800-53-CM-7(b)
  - NIST-800-53-SC-7(a)
  - disable_strategy
  - low_complexity
  - medium_disruption
  - medium_severity
  - reboot_required
  - sysctl_net_ipv4_conf_all_accept_redirects

- name: Comment out any occurrences of net.ipv4.conf.all.accept_redirects from config
    files
  replace:
    path: '{{ item.path }}'
    regexp: ^[\s]*net.ipv4.conf.all.accept_redirects
    replace: '#net.ipv4.conf.all.accept_redirects'
  loop: '{{ find_sysctl_d.files }}'
  when: '"linux-base" in ansible_facts.packages'
  tags:
  - CJIS-5.10.1.1
  - NIST-800-171-3.1.20
  - NIST-800-53-CM-6(a)
  - NIST-800-53-CM-7(a)
  - NIST-800-53-CM-7(b)
  - NIST-800-53-SC-7(a)
  - disable_strategy
  - low_complexity
  - medium_disruption
  - medium_severity
  - reboot_required
  - sysctl_net_ipv4_conf_all_accept_redirects
- name: XCCDF Value sysctl_net_ipv4_conf_all_accept_redirects_value # promote to variable
  set_fact:
    sysctl_net_ipv4_conf_all_accept_redirects_value: !!str <xccdf-1.2:sub xmlns:xccdf-1.2="http://checklists.nist.gov/xccdf/1.2" idref="xccdf_org.ssgproject.content_value_sysctl_net_ipv4_conf_all_accept_redirects_value" use="legacy"/>
  tags:
    - always

- name: Ensure sysctl net.ipv4.conf.all.accept_redirects is set
  sysctl:
    name: net.ipv4.conf.all.accept_redirects
    value: '{{ sysctl_net_ipv4_conf_all_accept_redirects_value }}'
    sysctl_file: /etc/sysctl.conf
    state: present
    reload: true
  when: '"linux-base" in ansible_facts.packages'
  tags:
  - CJIS-5.10.1.1
  - NIST-800-171-3.1.20
  - NIST-800-53-CM-6(a)
  - NIST-800-53-CM-7(a)
  - NIST-800-53-CM-7(b)
  - NIST-800-53-SC-7(a)
  - disable_strategy
  - low_complexity
  - medium_disruption
  - medium_severity
  - reboot_required
  - sysctl_net_ipv4_conf_all_accept_redirects
</fix>
            <fix xmlns:xhtml="http://www.w3.org/1999/xhtml" id="sysctl_net_ipv4_conf_all_accept_redirects" system="urn:xccdf:fix:script:sh" reboot="true" complexity="low" disruption="medium" strategy="disable"># Remediation is applicable only in certain platforms
if dpkg-query --show --showformat='${db:Status-Status}
' 'linux-base' 2&gt;/dev/null | grep -q ^installed; then

# Comment out any occurrences of net.ipv4.conf.all.accept_redirects from /etc/sysctl.d/*.conf files

for f in /etc/sysctl.d/*.conf /run/sysctl.d/*.conf /usr/local/lib/sysctl.d/*.conf; do


  # skip systemd-sysctl symlink (/etc/sysctl.d/99-sysctl.conf -&gt; /etc/sysctl.conf)
  if [[ "$(readlink -f "$f")" == "/etc/sysctl.conf" ]]; then continue; fi

  matching_list=$(grep -P '^(?!#).*[\s]*net.ipv4.conf.all.accept_redirects.*$' $f | uniq )
  if ! test -z "$matching_list"; then
    while IFS= read -r entry; do
      escaped_entry=$(sed -e 's|/|\\/|g' &lt;&lt;&lt; "$entry")
      # comment out "net.ipv4.conf.all.accept_redirects" matches to preserve user data
      sed -i --follow-symlinks "s/^${escaped_entry}$/# &amp;/g" $f
    done &lt;&lt;&lt; "$matching_list"
  fi
done

#
# Set sysctl config file which to save the desired value
#

SYSCONFIG_FILE="/etc/sysctl.conf"

sysctl_net_ipv4_conf_all_accept_redirects_value='<xccdf-1.2:sub xmlns:xccdf-1.2="http://checklists.nist.gov/xccdf/1.2" idref="xccdf_org.ssgproject.content_value_sysctl_net_ipv4_conf_all_accept_redirects_value" use="legacy"/>'


#
# Set runtime for net.ipv4.conf.all.accept_redirects
#
if [[ "$OSCAP_BOOTC_BUILD" != "YES" ]] ; then
    /sbin/sysctl -q -n -w net.ipv4.conf.all.accept_redirects="$sysctl_net_ipv4_conf_all_accept_redirects_value"
fi

#
# If net.ipv4.conf.all.accept_redirects present in /etc/sysctl.conf, change value to appropriate value
#	else, add "net.ipv4.conf.all.accept_redirects = value" to /etc/sysctl.conf
#

# Strip any search characters in the key arg so that the key can be replaced without
# adding any search characters to the config file.
stripped_key=$(sed 's/[\^=\$,;+]*//g' &lt;&lt;&lt; "^net.ipv4.conf.all.accept_redirects")

# shellcheck disable=SC2059
printf -v formatted_output "%s = %s" "$stripped_key" "$sysctl_net_ipv4_conf_all_accept_redirects_value"

# If the key exists, change it. Otherwise, add it to the config_file.
# We search for the key string followed by a word boundary (matched by \&gt;),
# so if we search for 'setting', 'setting2' won't match.
if LC_ALL=C grep -q -m 1 -i -e "^net.ipv4.conf.all.accept_redirects\\&gt;" "${SYSCONFIG_FILE}"; then
    escaped_formatted_output=$(sed -e 's|/|\\/|g' &lt;&lt;&lt; "$formatted_output")
    LC_ALL=C sed -i --follow-symlinks "s/^net.ipv4.conf.all.accept_redirects\\&gt;.*/$escaped_formatted_output/gi" "${SYSCONFIG_FILE}"
else
    if [[ -s "${SYSCONFIG_FILE}" ]] &amp;&amp; [[ -n "$(tail -c 1 -- "${SYSCONFIG_FILE}" || true)" ]]; then
        LC_ALL=C sed -i --follow-symlinks '$a'\\ "${SYSCONFIG_FILE}"
    fi
    printf '%s\n' "$formatted_output" &gt;&gt; "${SYSCONFIG_FILE}"
fi

else
    &gt;&amp;2 echo 'Remediation is not applicable, nothing was done'
fi
</fix>
            <check system="http://oval.mitre.org/XMLSchema/oval-definitions-5">
              <check-export export-name="oval:ssg-sysctl_net_ipv4_conf_all_accept_redirects_value:var:1" value-id="xccdf_org.ssgproject.content_value_sysctl_net_ipv4_conf_all_accept_redirects_value"/>
              <check-content-ref name="oval:ssg-sysctl_net_ipv4_conf_all_accept_redirects:def:1" href="ssg-ubuntu2404-oval.xml"/>
            </check>
            <check system="http://scap.nist.gov/schema/ocil/2">
              <check-content-ref name="ocil:ssg-sysctl_net_ipv4_conf_all_accept_redirects_ocil:questionnaire:1" href="ssg-ubuntu2404-ocil.xml"/>
            </check>
          </Rule>
          <Rule id="xccdf_org.ssgproject.content_rule_sysctl_net_ipv4_conf_all_accept_source_route" selected="false" role="full" severity="medium">
            <title xmlns:xhtml="http://www.w3.org/1999/xhtml" xml:lang="en-US">Disable Kernel Parameter for Accepting Source-Routed Packets on all IPv4 Interfaces</title>
            <description xmlns:xhtml="http://www.w3.org/1999/xhtml" xml:lang="en-US">To set the runtime status of the <html:code xmlns:html="http://www.w3.org/1999/xhtml">net.ipv4.conf.all.accept_source_route</html:code> kernel parameter, run the following command: <html:pre xmlns:html="http://www.w3.org/1999/xhtml">$ sudo sysctl -w net.ipv4.conf.all.accept_source_route=0</html:pre>
To make sure that the setting is persistent, add the following line to a file in the directory <html:code xmlns:html="http://www.w3.org/1999/xhtml">/etc/sysctl.d</html:code>: <html:pre xmlns:html="http://www.w3.org/1999/xhtml">net.ipv4.conf.all.accept_source_route = 0</html:pre>
        </description>
            <reference href="https://www.cisecurity.org/controls/">1</reference>
            <reference href="https://www.cisecurity.org/controls/">11</reference>
            <reference href="https://www.cisecurity.org/controls/">12</reference>
            <reference href="https://www.cisecurity.org/controls/">13</reference>
            <reference href="https://www.cisecurity.org/controls/">14</reference>
            <reference href="https://www.cisecurity.org/controls/">15</reference>
            <reference href="https://www.cisecurity.org/controls/">16</reference>
            <reference href="https://www.cisecurity.org/controls/">18</reference>
            <reference href="https://www.cisecurity.org/controls/">2</reference>
            <reference href="https://www.cisecurity.org/controls/">3</reference>
            <reference href="https://www.cisecurity.org/controls/">4</reference>
            <reference href="https://www.cisecurity.org/controls/">6</reference>
            <reference href="https://www.cisecurity.org/controls/">7</reference>
            <reference href="https://www.cisecurity.org/controls/">8</reference>
            <reference href="https://www.cisecurity.org/controls/">9</reference>
            <reference href="https://www.isaca.org/resources/cobit">APO01.06</reference>
            <reference href="https://www.isaca.org/resources/cobit">APO13.01</reference>
            <reference href="https://www.isaca.org/resources/cobit">BAI04.04</reference>
            <reference href="https://www.isaca.org/resources/cobit">BAI10.01</reference>
            <reference href="https://www.isaca.org/resources/cobit">BAI10.02</reference>
            <reference href="https://www.isaca.org/resources/cobit">BAI10.03</reference>
            <reference href="https://www.isaca.org/resources/cobit">BAI10.05</reference>
            <reference href="https://www.isaca.org/resources/cobit">DSS01.03</reference>
            <reference href="https://www.isaca.org/resources/cobit">DSS01.05</reference>
            <reference href="https://www.isaca.org/resources/cobit">DSS03.01</reference>
            <reference href="https://www.isaca.org/resources/cobit">DSS03.05</reference>
            <reference href="https://www.isaca.org/resources/cobit">DSS05.02</reference>
            <reference href="https://www.isaca.org/resources/cobit">DSS05.04</reference>
            <reference href="https://www.isaca.org/resources/cobit">DSS05.05</reference>
            <reference href="https://www.isaca.org/resources/cobit">DSS05.07</reference>
            <reference href="https://www.isaca.org/resources/cobit">DSS06.02</reference>
            <reference href="https://www.isaca.org/resources/cobit">DSS06.06</reference>
            <reference href="http://nvlpubs.nist.gov/nistpubs/SpecialPublications/NIST.SP.800-171.pdf">3.1.20</reference>
            <reference href="https://public.cyber.mil/stigs/cci/">CCI-000366</reference>
            <reference href="https://www.isa.org/products/isa-62443-2-1-2009-security-for-industrial-automat">4.2.3.4</reference>
            <reference href="https://www.isa.org/products/isa-62443-2-1-2009-security-for-industrial-automat">4.3.3.4</reference>
            <reference href="https://www.isa.org/products/isa-62443-2-1-2009-security-for-industrial-automat">4.3.3.5.1</reference>
            <reference href="https://www.isa.org/products/isa-62443-2-1-2009-security-for-industrial-automat">4.3.3.5.2</reference>
            <reference href="https://www.isa.org/products/isa-62443-2-1-2009-security-for-industrial-automat">4.3.3.5.3</reference>
            <reference href="https://www.isa.org/products/isa-62443-2-1-2009-security-for-industrial-automat">4.3.3.5.4</reference>
            <reference href="https://www.isa.org/products/isa-62443-2-1-2009-security-for-industrial-automat">4.3.3.5.5</reference>
            <reference href="https://www.isa.org/products/isa-62443-2-1-2009-security-for-industrial-automat">4.3.3.5.6</reference>
            <reference href="https://www.isa.org/products/isa-62443-2-1-2009-security-for-industrial-automat">4.3.3.5.7</reference>
            <reference href="https://www.isa.org/products/isa-62443-2-1-2009-security-for-industrial-automat">4.3.3.5.8</reference>
            <reference href="https://www.isa.org/products/isa-62443-2-1-2009-security-for-industrial-automat">4.3.3.6.1</reference>
            <reference href="https://www.isa.org/products/isa-62443-2-1-2009-security-for-industrial-automat">4.3.3.6.2</reference>
            <reference href="https://www.isa.org/products/isa-62443-2-1-2009-security-for-industrial-automat">4.3.3.6.3</reference>
            <reference href="https://www.isa.org/products/isa-62443-2-1-2009-security-for-industrial-automat">4.3.3.6.4</reference>
            <reference href="https://www.isa.org/products/isa-62443-2-1-2009-security-for-industrial-automat">4.3.3.6.5</reference>
            <reference href="https://www.isa.org/products/isa-62443-2-1-2009-security-for-industrial-automat">4.3.3.6.6</reference>
            <reference href="https://www.isa.org/products/isa-62443-2-1-2009-security-for-industrial-automat">4.3.3.6.7</reference>
            <reference href="https://www.isa.org/products/isa-62443-2-1-2009-security-for-industrial-automat">4.3.3.6.8</reference>
            <reference href="https://www.isa.org/products/isa-62443-2-1-2009-security-for-industrial-automat">4.3.3.6.9</reference>
            <reference href="https://www.isa.org/products/isa-62443-2-1-2009-security-for-industrial-automat">4.3.3.7.1</reference>
            <reference href="https://www.isa.org/products/isa-62443-2-1-2009-security-for-industrial-automat">4.3.3.7.2</reference>
            <reference href="https://www.isa.org/products/isa-62443-2-1-2009-security-for-industrial-automat">4.3.3.7.3</reference>
            <reference href="https://www.isa.org/products/isa-62443-2-1-2009-security-for-industrial-automat">4.3.3.7.4</reference>
            <reference href="https://www.isa.org/products/isa-62443-2-1-2009-security-for-industrial-automat">4.3.4.3.2</reference>
            <reference href="https://www.isa.org/products/isa-62443-2-1-2009-security-for-industrial-automat">4.3.4.3.3</reference>
            <reference href="https://www.isa.org/products/isa-62443-2-1-2009-security-for-industrial-automat">4.4.3.3</reference>
            <reference href="https://www.isa.org/products/ansi-isa-62443-3-3-99-03-03-2013-security-for-indu">SR 1.1</reference>
            <reference href="https://www.isa.org/products/ansi-isa-62443-3-3-99-03-03-2013-security-for-indu">SR 1.10</reference>
            <reference href="https://www.isa.org/products/ansi-isa-62443-3-3-99-03-03-2013-security-for-indu">SR 1.11</reference>
            <reference href="https://www.isa.org/products/ansi-isa-62443-3-3-99-03-03-2013-security-for-indu">SR 1.12</reference>
            <reference href="https://www.isa.org/products/ansi-isa-62443-3-3-99-03-03-2013-security-for-indu">SR 1.13</reference>
            <reference href="https://www.isa.org/products/ansi-isa-62443-3-3-99-03-03-2013-security-for-indu">SR 1.2</reference>
            <reference href="https://www.isa.org/products/ansi-isa-62443-3-3-99-03-03-2013-security-for-indu">SR 1.3</reference>
            <reference href="https://www.isa.org/products/ansi-isa-62443-3-3-99-03-03-2013-security-for-indu">SR 1.4</reference>
            <reference href="https://www.isa.org/products/ansi-isa-62443-3-3-99-03-03-2013-security-for-indu">SR 1.5</reference>
            <reference href="https://www.isa.org/products/ansi-isa-62443-3-3-99-03-03-2013-security-for-indu">SR 1.6</reference>
            <reference href="https://www.isa.org/products/ansi-isa-62443-3-3-99-03-03-2013-security-for-indu">SR 1.7</reference>
            <reference href="https://www.isa.org/products/ansi-isa-62443-3-3-99-03-03-2013-security-for-indu">SR 1.8</reference>
            <reference href="https://www.isa.org/products/ansi-isa-62443-3-3-99-03-03-2013-security-for-indu">SR 1.9</reference>
            <reference href="https://www.isa.org/products/ansi-isa-62443-3-3-99-03-03-2013-security-for-indu">SR 2.1</reference>
            <reference href="https://www.isa.org/products/ansi-isa-62443-3-3-99-03-03-2013-security-for-indu">SR 2.2</reference>
            <reference href="https://www.isa.org/products/ansi-isa-62443-3-3-99-03-03-2013-security-for-indu">SR 2.3</reference>
            <reference href="https://www.isa.org/products/ansi-isa-62443-3-3-99-03-03-2013-security-for-indu">SR 2.4</reference>
            <reference href="https://www.isa.org/products/ansi-isa-62443-3-3-99-03-03-2013-security-for-indu">SR 2.5</reference>
            <reference href="https://www.isa.org/products/ansi-isa-62443-3-3-99-03-03-2013-security-for-indu">SR 2.6</reference>
            <reference href="https://www.isa.org/products/ansi-isa-62443-3-3-99-03-03-2013-security-for-indu">SR 2.7</reference>
            <reference href="https://www.isa.org/products/ansi-isa-62443-3-3-99-03-03-2013-security-for-indu">SR 3.1</reference>
            <reference href="https://www.isa.org/products/ansi-isa-62443-3-3-99-03-03-2013-security-for-indu">SR 3.5</reference>
            <reference href="https://www.isa.org/products/ansi-isa-62443-3-3-99-03-03-2013-security-for-indu">SR 3.8</reference>
            <reference href="https://www.isa.org/products/ansi-isa-62443-3-3-99-03-03-2013-security-for-indu">SR 4.1</reference>
            <reference href="https://www.isa.org/products/ansi-isa-62443-3-3-99-03-03-2013-security-for-indu">SR 4.3</reference>
            <reference href="https://www.isa.org/products/ansi-isa-62443-3-3-99-03-03-2013-security-for-indu">SR 5.1</reference>
            <reference href="https://www.isa.org/products/ansi-isa-62443-3-3-99-03-03-2013-security-for-indu">SR 5.2</reference>
            <reference href="https://www.isa.org/products/ansi-isa-62443-3-3-99-03-03-2013-security-for-indu">SR 5.3</reference>
            <reference href="https://www.isa.org/products/ansi-isa-62443-3-3-99-03-03-2013-security-for-indu">SR 6.2</reference>
            <reference href="https://www.isa.org/products/ansi-isa-62443-3-3-99-03-03-2013-security-for-indu">SR 7.1</reference>
            <reference href="https://www.isa.org/products/ansi-isa-62443-3-3-99-03-03-2013-security-for-indu">SR 7.2</reference>
            <reference href="https://www.isa.org/products/ansi-isa-62443-3-3-99-03-03-2013-security-for-indu">SR 7.6</reference>
            <reference href="https://www.iso.org/contents/data/standard/05/45/54534.html">A.10.1.1</reference>
            <reference href="https://www.iso.org/contents/data/standard/05/45/54534.html">A.11.1.4</reference>
            <reference href="https://www.iso.org/contents/data/standard/05/45/54534.html">A.11.1.5</reference>
            <reference href="https://www.iso.org/contents/data/standard/05/45/54534.html">A.11.2.1</reference>
            <reference href="https://www.iso.org/contents/data/standard/05/45/54534.html">A.12.1.1</reference>
            <reference href="https://www.iso.org/contents/data/standard/05/45/54534.html">A.12.1.2</reference>
            <reference href="https://www.iso.org/contents/data/standard/05/45/54534.html">A.12.1.3</reference>
            <reference href="https://www.iso.org/contents/data/standard/05/45/54534.html">A.12.5.1</reference>
            <reference href="https://www.iso.org/contents/data/standard/05/45/54534.html">A.12.6.2</reference>
            <reference href="https://www.iso.org/contents/data/standard/05/45/54534.html">A.13.1.1</reference>
            <reference href="https://www.iso.org/contents/data/standard/05/45/54534.html">A.13.1.2</reference>
            <reference href="https://www.iso.org/contents/data/standard/05/45/54534.html">A.13.1.3</reference>
            <reference href="https://www.iso.org/contents/data/standard/05/45/54534.html">A.13.2.1</reference>
            <reference href="https://www.iso.org/contents/data/standard/05/45/54534.html">A.13.2.2</reference>
            <reference href="https://www.iso.org/contents/data/standard/05/45/54534.html">A.13.2.3</reference>
            <reference href="https://www.iso.org/contents/data/standard/05/45/54534.html">A.13.2.4</reference>
            <reference href="https://www.iso.org/contents/data/standard/05/45/54534.html">A.14.1.2</reference>
            <reference href="https://www.iso.org/contents/data/standard/05/45/54534.html">A.14.1.3</reference>
            <reference href="https://www.iso.org/contents/data/standard/05/45/54534.html">A.14.2.2</reference>
            <reference href="https://www.iso.org/contents/data/standard/05/45/54534.html">A.14.2.3</reference>
            <reference href="https://www.iso.org/contents/data/standard/05/45/54534.html">A.14.2.4</reference>
            <reference href="https://www.iso.org/contents/data/standard/05/45/54534.html">A.17.2.1</reference>
            <reference href="https://www.iso.org/contents/data/standard/05/45/54534.html">A.6.1.2</reference>
            <reference href="https://www.iso.org/contents/data/standard/05/45/54534.html">A.7.1.1</reference>
            <reference href="https://www.iso.org/contents/data/standard/05/45/54534.html">A.7.1.2</reference>
            <reference href="https://www.iso.org/contents/data/standard/05/45/54534.html">A.7.3.1</reference>
            <reference href="https://www.iso.org/contents/data/standard/05/45/54534.html">A.8.2.2</reference>
            <reference href="https://www.iso.org/contents/data/standard/05/45/54534.html">A.8.2.3</reference>
            <reference href="https://www.iso.org/contents/data/standard/05/45/54534.html">A.9.1.1</reference>
            <reference href="https://www.iso.org/contents/data/standard/05/45/54534.html">A.9.1.2</reference>
            <reference href="https://www.iso.org/contents/data/standard/05/45/54534.html">A.9.2.3</reference>
            <reference href="https://www.iso.org/contents/data/standard/05/45/54534.html">A.9.4.1</reference>
            <reference href="https://www.iso.org/contents/data/standard/05/45/54534.html">A.9.4.4</reference>
            <reference href="https://www.iso.org/contents/data/standard/05/45/54534.html">A.9.4.5</reference>
            <reference href="https://www.nerc.com/pa/Stand/AlignRep/One%20Stop%20Shop.xlsx">CIP-007-3 R4</reference>
            <reference href="https://www.nerc.com/pa/Stand/AlignRep/One%20Stop%20Shop.xlsx">CIP-007-3 R4.1</reference>
            <reference href="https://www.nerc.com/pa/Stand/AlignRep/One%20Stop%20Shop.xlsx">CIP-007-3 R4.2</reference>
            <reference href="https://www.nerc.com/pa/Stand/AlignRep/One%20Stop%20Shop.xlsx">CIP-007-3 R5.1</reference>
            <reference href="http://nvlpubs.nist.gov/nistpubs/SpecialPublications/NIST.SP.800-53r4.pdf">CM-7(a)</reference>
            <reference href="http://nvlpubs.nist.gov/nistpubs/SpecialPublications/NIST.SP.800-53r4.pdf">CM-7(b)</reference>
            <reference href="http://nvlpubs.nist.gov/nistpubs/SpecialPublications/NIST.SP.800-53r4.pdf">SC-5</reference>
            <reference href="http://nvlpubs.nist.gov/nistpubs/SpecialPublications/NIST.SP.800-53r4.pdf">CM-6(a)</reference>
            <reference href="http://nvlpubs.nist.gov/nistpubs/SpecialPublications/NIST.SP.800-53r4.pdf">SC-7(a)</reference>
            <reference href="https://nvlpubs.nist.gov/nistpubs/CSWP/NIST.CSWP.04162018.pdf">DE.AE-1</reference>
            <reference href="https://nvlpubs.nist.gov/nistpubs/CSWP/NIST.CSWP.04162018.pdf">DE.CM-1</reference>
            <reference href="https://nvlpubs.nist.gov/nistpubs/CSWP/NIST.CSWP.04162018.pdf">ID.AM-3</reference>
            <reference href="https://nvlpubs.nist.gov/nistpubs/CSWP/NIST.CSWP.04162018.pdf">PR.AC-5</reference>
            <reference href="https://nvlpubs.nist.gov/nistpubs/CSWP/NIST.CSWP.04162018.pdf">PR.DS-4</reference>
            <reference href="https://nvlpubs.nist.gov/nistpubs/CSWP/NIST.CSWP.04162018.pdf">PR.DS-5</reference>
            <reference href="https://nvlpubs.nist.gov/nistpubs/CSWP/NIST.CSWP.04162018.pdf">PR.IP-1</reference>
            <reference href="https://nvlpubs.nist.gov/nistpubs/CSWP/NIST.CSWP.04162018.pdf">PR.PT-3</reference>
            <reference href="https://nvlpubs.nist.gov/nistpubs/CSWP/NIST.CSWP.04162018.pdf">PR.PT-4</reference>
            <reference href="https://public.cyber.mil/stigs/downloads/?_dl_facet_stigs=operating-systems%2Cgeneral-purpose-os">SRG-OS-000480-GPOS-00227</reference>
            <reference href="https://cyber.gouv.fr/sites/default/files/document/linux_configuration-en-v2.pdf">R12</reference>
            <reference href="https://www.cisecurity.org/benchmark/ubuntu_linux/">3.3.8</reference>
            <rationale xmlns:xhtml="http://www.w3.org/1999/xhtml" xml:lang="en-US">Source-routed packets allow the source of the packet to suggest routers
forward the packet along a different path than configured on the router,
which can be used to bypass network security measures. This requirement
applies only to the forwarding of source-routerd traffic, such as when IPv4
forwarding is enabled and the system is functioning as a router.
<html:br xmlns:html="http://www.w3.org/1999/xhtml"/>
         <html:br xmlns:html="http://www.w3.org/1999/xhtml"/>
Accepting source-routed packets in the IPv4 protocol has few legitimate
uses. It should be disabled unless it is absolutely required.</rationale>
            <fix xmlns:xhtml="http://www.w3.org/1999/xhtml" id="sysctl_net_ipv4_conf_all_accept_source_route" system="urn:xccdf:fix:script:ansible" reboot="true" complexity="low" disruption="medium" strategy="disable">- name: Gather the package facts
  package_facts:
    manager: auto
  tags:
  - NIST-800-171-3.1.20
  - NIST-800-53-CM-6(a)
  - NIST-800-53-CM-7(a)
  - NIST-800-53-CM-7(b)
  - NIST-800-53-SC-5
  - NIST-800-53-SC-7(a)
  - disable_strategy
  - low_complexity
  - medium_disruption
  - medium_severity
  - reboot_required
  - sysctl_net_ipv4_conf_all_accept_source_route

- name: List /etc/sysctl.d/*.conf files
  find:
    paths:
    - /etc/sysctl.d/
    - /run/sysctl.d/
    - /usr/local/lib/sysctl.d/
    contains: ^[\s]*net.ipv4.conf.all.accept_source_route.*$
    patterns: '*.conf'
    file_type: any
  register: find_sysctl_d
  when: '"linux-base" in ansible_facts.packages'
  tags:
  - NIST-800-171-3.1.20
  - NIST-800-53-CM-6(a)
  - NIST-800-53-CM-7(a)
  - NIST-800-53-CM-7(b)
  - NIST-800-53-SC-5
  - NIST-800-53-SC-7(a)
  - disable_strategy
  - low_complexity
  - medium_disruption
  - medium_severity
  - reboot_required
  - sysctl_net_ipv4_conf_all_accept_source_route

- name: Comment out any occurrences of net.ipv4.conf.all.accept_source_route from
    config files
  replace:
    path: '{{ item.path }}'
    regexp: ^[\s]*net.ipv4.conf.all.accept_source_route
    replace: '#net.ipv4.conf.all.accept_source_route'
  loop: '{{ find_sysctl_d.files }}'
  when: '"linux-base" in ansible_facts.packages'
  tags:
  - NIST-800-171-3.1.20
  - NIST-800-53-CM-6(a)
  - NIST-800-53-CM-7(a)
  - NIST-800-53-CM-7(b)
  - NIST-800-53-SC-5
  - NIST-800-53-SC-7(a)
  - disable_strategy
  - low_complexity
  - medium_disruption
  - medium_severity
  - reboot_required
  - sysctl_net_ipv4_conf_all_accept_source_route
- name: XCCDF Value sysctl_net_ipv4_conf_all_accept_source_route_value # promote to variable
  set_fact:
    sysctl_net_ipv4_conf_all_accept_source_route_value: !!str <xccdf-1.2:sub xmlns:xccdf-1.2="http://checklists.nist.gov/xccdf/1.2" idref="xccdf_org.ssgproject.content_value_sysctl_net_ipv4_conf_all_accept_source_route_value" use="legacy"/>
  tags:
    - always

- name: Ensure sysctl net.ipv4.conf.all.accept_source_route is set
  sysctl:
    name: net.ipv4.conf.all.accept_source_route
    value: '{{ sysctl_net_ipv4_conf_all_accept_source_route_value }}'
    sysctl_file: /etc/sysctl.conf
    state: present
    reload: true
  when: '"linux-base" in ansible_facts.packages'
  tags:
  - NIST-800-171-3.1.20
  - NIST-800-53-CM-6(a)
  - NIST-800-53-CM-7(a)
  - NIST-800-53-CM-7(b)
  - NIST-800-53-SC-5
  - NIST-800-53-SC-7(a)
  - disable_strategy
  - low_complexity
  - medium_disruption
  - medium_severity
  - reboot_required
  - sysctl_net_ipv4_conf_all_accept_source_route
</fix>
            <fix xmlns:xhtml="http://www.w3.org/1999/xhtml" id="sysctl_net_ipv4_conf_all_accept_source_route" system="urn:xccdf:fix:script:sh" reboot="true" complexity="low" disruption="medium" strategy="disable"># Remediation is applicable only in certain platforms
if dpkg-query --show --showformat='${db:Status-Status}
' 'linux-base' 2&gt;/dev/null | grep -q ^installed; then

# Comment out any occurrences of net.ipv4.conf.all.accept_source_route from /etc/sysctl.d/*.conf files

for f in /etc/sysctl.d/*.conf /run/sysctl.d/*.conf /usr/local/lib/sysctl.d/*.conf; do


  # skip systemd-sysctl symlink (/etc/sysctl.d/99-sysctl.conf -&gt; /etc/sysctl.conf)
  if [[ "$(readlink -f "$f")" == "/etc/sysctl.conf" ]]; then continue; fi

  matching_list=$(grep -P '^(?!#).*[\s]*net.ipv4.conf.all.accept_source_route.*$' $f | uniq )
  if ! test -z "$matching_list"; then
    while IFS= read -r entry; do
      escaped_entry=$(sed -e 's|/|\\/|g' &lt;&lt;&lt; "$entry")
      # comment out "net.ipv4.conf.all.accept_source_route" matches to preserve user data
      sed -i --follow-symlinks "s/^${escaped_entry}$/# &amp;/g" $f
    done &lt;&lt;&lt; "$matching_list"
  fi
done

#
# Set sysctl config file which to save the desired value
#

SYSCONFIG_FILE="/etc/sysctl.conf"

sysctl_net_ipv4_conf_all_accept_source_route_value='<xccdf-1.2:sub xmlns:xccdf-1.2="http://checklists.nist.gov/xccdf/1.2" idref="xccdf_org.ssgproject.content_value_sysctl_net_ipv4_conf_all_accept_source_route_value" use="legacy"/>'


#
# Set runtime for net.ipv4.conf.all.accept_source_route
#
if [[ "$OSCAP_BOOTC_BUILD" != "YES" ]] ; then
    /sbin/sysctl -q -n -w net.ipv4.conf.all.accept_source_route="$sysctl_net_ipv4_conf_all_accept_source_route_value"
fi

#
# If net.ipv4.conf.all.accept_source_route present in /etc/sysctl.conf, change value to appropriate value
#	else, add "net.ipv4.conf.all.accept_source_route = value" to /etc/sysctl.conf
#

# Strip any search characters in the key arg so that the key can be replaced without
# adding any search characters to the config file.
stripped_key=$(sed 's/[\^=\$,;+]*//g' &lt;&lt;&lt; "^net.ipv4.conf.all.accept_source_route")

# shellcheck disable=SC2059
printf -v formatted_output "%s = %s" "$stripped_key" "$sysctl_net_ipv4_conf_all_accept_source_route_value"

# If the key exists, change it. Otherwise, add it to the config_file.
# We search for the key string followed by a word boundary (matched by \&gt;),
# so if we search for 'setting', 'setting2' won't match.
if LC_ALL=C grep -q -m 1 -i -e "^net.ipv4.conf.all.accept_source_route\\&gt;" "${SYSCONFIG_FILE}"; then
    escaped_formatted_output=$(sed -e 's|/|\\/|g' &lt;&lt;&lt; "$formatted_output")
    LC_ALL=C sed -i --follow-symlinks "s/^net.ipv4.conf.all.accept_source_route\\&gt;.*/$escaped_formatted_output/gi" "${SYSCONFIG_FILE}"
else
    if [[ -s "${SYSCONFIG_FILE}" ]] &amp;&amp; [[ -n "$(tail -c 1 -- "${SYSCONFIG_FILE}" || true)" ]]; then
        LC_ALL=C sed -i --follow-symlinks '$a'\\ "${SYSCONFIG_FILE}"
    fi
    printf '%s\n' "$formatted_output" &gt;&gt; "${SYSCONFIG_FILE}"
fi

else
    &gt;&amp;2 echo 'Remediation is not applicable, nothing was done'
fi
</fix>
            <check system="http://oval.mitre.org/XMLSchema/oval-definitions-5">
              <check-export export-name="oval:ssg-sysctl_net_ipv4_conf_all_accept_source_route_value:var:1" value-id="xccdf_org.ssgproject.content_value_sysctl_net_ipv4_conf_all_accept_source_route_value"/>
              <check-content-ref name="oval:ssg-sysctl_net_ipv4_conf_all_accept_source_route:def:1" href="ssg-ubuntu2404-oval.xml"/>
            </check>
            <check system="http://scap.nist.gov/schema/ocil/2">
              <check-content-ref name="ocil:ssg-sysctl_net_ipv4_conf_all_accept_source_route_ocil:questionnaire:1" href="ssg-ubuntu2404-ocil.xml"/>
            </check>
          </Rule>
          <Rule id="xccdf_org.ssgproject.content_rule_sysctl_net_ipv4_conf_all_log_martians" selected="false" role="full" severity="unknown">
            <title xmlns:xhtml="http://www.w3.org/1999/xhtml" xml:lang="en-US">Enable Kernel Parameter to Log Martian Packets on all IPv4 Interfaces</title>
            <description xmlns:xhtml="http://www.w3.org/1999/xhtml" xml:lang="en-US">To set the runtime status of the <html:code xmlns:html="http://www.w3.org/1999/xhtml">net.ipv4.conf.all.log_martians</html:code> kernel parameter, run the following command: <html:pre xmlns:html="http://www.w3.org/1999/xhtml">$ sudo sysctl -w net.ipv4.conf.all.log_martians=1</html:pre>
To make sure that the setting is persistent, add the following line to a file in the directory <html:code xmlns:html="http://www.w3.org/1999/xhtml">/etc/sysctl.d</html:code>: <html:pre xmlns:html="http://www.w3.org/1999/xhtml">net.ipv4.conf.all.log_martians = 1</html:pre>
        </description>
            <reference href="https://www.cisecurity.org/controls/">1</reference>
            <reference href="https://www.cisecurity.org/controls/">11</reference>
            <reference href="https://www.cisecurity.org/controls/">12</reference>
            <reference href="https://www.cisecurity.org/controls/">13</reference>
            <reference href="https://www.cisecurity.org/controls/">14</reference>
            <reference href="https://www.cisecurity.org/controls/">15</reference>
            <reference href="https://www.cisecurity.org/controls/">16</reference>
            <reference href="https://www.cisecurity.org/controls/">2</reference>
            <reference href="https://www.cisecurity.org/controls/">3</reference>
            <reference href="https://www.cisecurity.org/controls/">7</reference>
            <reference href="https://www.cisecurity.org/controls/">8</reference>
            <reference href="https://www.cisecurity.org/controls/">9</reference>
            <reference href="https://www.isaca.org/resources/cobit">APO13.01</reference>
            <reference href="https://www.isaca.org/resources/cobit">BAI04.04</reference>
            <reference href="https://www.isaca.org/resources/cobit">BAI10.01</reference>
            <reference href="https://www.isaca.org/resources/cobit">BAI10.02</reference>
            <reference href="https://www.isaca.org/resources/cobit">BAI10.03</reference>
            <reference href="https://www.isaca.org/resources/cobit">BAI10.05</reference>
            <reference href="https://www.isaca.org/resources/cobit">DSS01.03</reference>
            <reference href="https://www.isaca.org/resources/cobit">DSS01.04</reference>
            <reference href="https://www.isaca.org/resources/cobit">DSS03.05</reference>
            <reference href="https://www.isaca.org/resources/cobit">DSS05.02</reference>
            <reference href="https://www.isaca.org/resources/cobit">DSS05.03</reference>
            <reference href="https://www.isaca.org/resources/cobit">DSS05.05</reference>
            <reference href="https://www.isaca.org/resources/cobit">DSS05.07</reference>
            <reference href="https://www.isaca.org/resources/cobit">DSS06.06</reference>
            <reference href="http://nvlpubs.nist.gov/nistpubs/SpecialPublications/NIST.SP.800-171.pdf">3.1.20</reference>
            <reference href="https://public.cyber.mil/stigs/cci/">CCI-000366</reference>
            <reference href="https://www.isa.org/products/isa-62443-2-1-2009-security-for-industrial-automat">4.3.3.5.1</reference>
            <reference href="https://www.isa.org/products/isa-62443-2-1-2009-security-for-industrial-automat">4.3.3.5.2</reference>
            <reference href="https://www.isa.org/products/isa-62443-2-1-2009-security-for-industrial-automat">4.3.3.5.3</reference>
            <reference href="https://www.isa.org/products/isa-62443-2-1-2009-security-for-industrial-automat">4.3.3.5.4</reference>
            <reference href="https://www.isa.org/products/isa-62443-2-1-2009-security-for-industrial-automat">4.3.3.5.5</reference>
            <reference href="https://www.isa.org/products/isa-62443-2-1-2009-security-for-industrial-automat">4.3.3.5.6</reference>
            <reference href="https://www.isa.org/products/isa-62443-2-1-2009-security-for-industrial-automat">4.3.3.5.7</reference>
            <reference href="https://www.isa.org/products/isa-62443-2-1-2009-security-for-industrial-automat">4.3.3.5.8</reference>
            <reference href="https://www.isa.org/products/isa-62443-2-1-2009-security-for-industrial-automat">4.3.3.6.1</reference>
            <reference href="https://www.isa.org/products/isa-62443-2-1-2009-security-for-industrial-automat">4.3.3.6.2</reference>
            <reference href="https://www.isa.org/products/isa-62443-2-1-2009-security-for-industrial-automat">4.3.3.6.3</reference>
            <reference href="https://www.isa.org/products/isa-62443-2-1-2009-security-for-industrial-automat">4.3.3.6.4</reference>
            <reference href="https://www.isa.org/products/isa-62443-2-1-2009-security-for-industrial-automat">4.3.3.6.5</reference>
            <reference href="https://www.isa.org/products/isa-62443-2-1-2009-security-for-industrial-automat">4.3.3.6.6</reference>
            <reference href="https://www.isa.org/products/isa-62443-2-1-2009-security-for-industrial-automat">4.3.3.6.7</reference>
            <reference href="https://www.isa.org/products/isa-62443-2-1-2009-security-for-industrial-automat">4.3.3.6.8</reference>
            <reference href="https://www.isa.org/products/isa-62443-2-1-2009-security-for-industrial-automat">4.3.3.6.9</reference>
            <reference href="https://www.isa.org/products/isa-62443-2-1-2009-security-for-industrial-automat">4.3.3.7.1</reference>
            <reference href="https://www.isa.org/products/isa-62443-2-1-2009-security-for-industrial-automat">4.3.3.7.2</reference>
            <reference href="https://www.isa.org/products/isa-62443-2-1-2009-security-for-industrial-automat">4.3.3.7.3</reference>
            <reference href="https://www.isa.org/products/isa-62443-2-1-2009-security-for-industrial-automat">4.3.3.7.4</reference>
            <reference href="https://www.isa.org/products/isa-62443-2-1-2009-security-for-industrial-automat">4.3.4.3.2</reference>
            <reference href="https://www.isa.org/products/isa-62443-2-1-2009-security-for-industrial-automat">4.3.4.3.3</reference>
            <reference href="https://www.isa.org/products/ansi-isa-62443-3-3-99-03-03-2013-security-for-indu">SR 1.1</reference>
            <reference href="https://www.isa.org/products/ansi-isa-62443-3-3-99-03-03-2013-security-for-indu">SR 1.10</reference>
            <reference href="https://www.isa.org/products/ansi-isa-62443-3-3-99-03-03-2013-security-for-indu">SR 1.11</reference>
            <reference href="https://www.isa.org/products/ansi-isa-62443-3-3-99-03-03-2013-security-for-indu">SR 1.12</reference>
            <reference href="https://www.isa.org/products/ansi-isa-62443-3-3-99-03-03-2013-security-for-indu">SR 1.13</reference>
            <reference href="https://www.isa.org/products/ansi-isa-62443-3-3-99-03-03-2013-security-for-indu">SR 1.2</reference>
            <reference href="https://www.isa.org/products/ansi-isa-62443-3-3-99-03-03-2013-security-for-indu">SR 1.3</reference>
            <reference href="https://www.isa.org/products/ansi-isa-62443-3-3-99-03-03-2013-security-for-indu">SR 1.4</reference>
            <reference href="https://www.isa.org/products/ansi-isa-62443-3-3-99-03-03-2013-security-for-indu">SR 1.5</reference>
            <reference href="https://www.isa.org/products/ansi-isa-62443-3-3-99-03-03-2013-security-for-indu">SR 1.6</reference>
            <reference href="https://www.isa.org/products/ansi-isa-62443-3-3-99-03-03-2013-security-for-indu">SR 1.7</reference>
            <reference href="https://www.isa.org/products/ansi-isa-62443-3-3-99-03-03-2013-security-for-indu">SR 1.8</reference>
            <reference href="https://www.isa.org/products/ansi-isa-62443-3-3-99-03-03-2013-security-for-indu">SR 1.9</reference>
            <reference href="https://www.isa.org/products/ansi-isa-62443-3-3-99-03-03-2013-security-for-indu">SR 2.1</reference>
            <reference href="https://www.isa.org/products/ansi-isa-62443-3-3-99-03-03-2013-security-for-indu">SR 2.2</reference>
            <reference href="https://www.isa.org/products/ansi-isa-62443-3-3-99-03-03-2013-security-for-indu">SR 2.3</reference>
            <reference href="https://www.isa.org/products/ansi-isa-62443-3-3-99-03-03-2013-security-for-indu">SR 2.4</reference>
            <reference href="https://www.isa.org/products/ansi-isa-62443-3-3-99-03-03-2013-security-for-indu">SR 2.5</reference>
            <reference href="https://www.isa.org/products/ansi-isa-62443-3-3-99-03-03-2013-security-for-indu">SR 2.6</reference>
            <reference href="https://www.isa.org/products/ansi-isa-62443-3-3-99-03-03-2013-security-for-indu">SR 2.7</reference>
            <reference href="https://www.isa.org/products/ansi-isa-62443-3-3-99-03-03-2013-security-for-indu">SR 3.1</reference>
            <reference href="https://www.isa.org/products/ansi-isa-62443-3-3-99-03-03-2013-security-for-indu">SR 3.5</reference>
            <reference href="https://www.isa.org/products/ansi-isa-62443-3-3-99-03-03-2013-security-for-indu">SR 3.8</reference>
            <reference href="https://www.isa.org/products/ansi-isa-62443-3-3-99-03-03-2013-security-for-indu">SR 4.1</reference>
            <reference href="https://www.isa.org/products/ansi-isa-62443-3-3-99-03-03-2013-security-for-indu">SR 4.3</reference>
            <reference href="https://www.isa.org/products/ansi-isa-62443-3-3-99-03-03-2013-security-for-indu">SR 5.1</reference>
            <reference href="https://www.isa.org/products/ansi-isa-62443-3-3-99-03-03-2013-security-for-indu">SR 5.2</reference>
            <reference href="https://www.isa.org/products/ansi-isa-62443-3-3-99-03-03-2013-security-for-indu">SR 5.3</reference>
            <reference href="https://www.isa.org/products/ansi-isa-62443-3-3-99-03-03-2013-security-for-indu">SR 6.2</reference>
            <reference href="https://www.isa.org/products/ansi-isa-62443-3-3-99-03-03-2013-security-for-indu">SR 7.1</reference>
            <reference href="https://www.isa.org/products/ansi-isa-62443-3-3-99-03-03-2013-security-for-indu">SR 7.2</reference>
            <reference href="https://www.isa.org/products/ansi-isa-62443-3-3-99-03-03-2013-security-for-indu">SR 7.6</reference>
            <reference href="https://www.iso.org/contents/data/standard/05/45/54534.html">A.11.2.6</reference>
            <reference href="https://www.iso.org/contents/data/standard/05/45/54534.html">A.12.1.2</reference>
            <reference href="https://www.iso.org/contents/data/standard/05/45/54534.html">A.12.1.3</reference>
            <reference href="https://www.iso.org/contents/data/standard/05/45/54534.html">A.12.5.1</reference>
            <reference href="https://www.iso.org/contents/data/standard/05/45/54534.html">A.12.6.2</reference>
            <reference href="https://www.iso.org/contents/data/standard/05/45/54534.html">A.13.1.1</reference>
            <reference href="https://www.iso.org/contents/data/standard/05/45/54534.html">A.13.2.1</reference>
            <reference href="https://www.iso.org/contents/data/standard/05/45/54534.html">A.14.1.3</reference>
            <reference href="https://www.iso.org/contents/data/standard/05/45/54534.html">A.14.2.2</reference>
            <reference href="https://www.iso.org/contents/data/standard/05/45/54534.html">A.14.2.3</reference>
            <reference href="https://www.iso.org/contents/data/standard/05/45/54534.html">A.14.2.4</reference>
            <reference href="https://www.iso.org/contents/data/standard/05/45/54534.html">A.17.2.1</reference>
            <reference href="https://www.iso.org/contents/data/standard/05/45/54534.html">A.6.2.1</reference>
            <reference href="https://www.iso.org/contents/data/standard/05/45/54534.html">A.6.2.2</reference>
            <reference href="https://www.iso.org/contents/data/standard/05/45/54534.html">A.9.1.2</reference>
            <reference href="http://nvlpubs.nist.gov/nistpubs/SpecialPublications/NIST.SP.800-53r4.pdf">CM-7(a)</reference>
            <reference href="http://nvlpubs.nist.gov/nistpubs/SpecialPublications/NIST.SP.800-53r4.pdf">CM-7(b)</reference>
            <reference href="http://nvlpubs.nist.gov/nistpubs/SpecialPublications/NIST.SP.800-53r4.pdf">SC-5(3)(a)</reference>
            <reference href="https://nvlpubs.nist.gov/nistpubs/CSWP/NIST.CSWP.04162018.pdf">DE.CM-1</reference>
            <reference href="https://nvlpubs.nist.gov/nistpubs/CSWP/NIST.CSWP.04162018.pdf">PR.AC-3</reference>
            <reference href="https://nvlpubs.nist.gov/nistpubs/CSWP/NIST.CSWP.04162018.pdf">PR.DS-4</reference>
            <reference href="https://nvlpubs.nist.gov/nistpubs/CSWP/NIST.CSWP.04162018.pdf">PR.IP-1</reference>
            <reference href="https://nvlpubs.nist.gov/nistpubs/CSWP/NIST.CSWP.04162018.pdf">PR.PT-3</reference>
            <reference href="https://nvlpubs.nist.gov/nistpubs/CSWP/NIST.CSWP.04162018.pdf">PR.PT-4</reference>
            <reference href="https://public.cyber.mil/stigs/downloads/?_dl_facet_stigs=operating-systems%2Cgeneral-purpose-os">SRG-OS-000480-GPOS-00227</reference>
            <reference href="https://www.cisecurity.org/benchmark/ubuntu_linux/">3.3.9</reference>
            <rationale xmlns:xhtml="http://www.w3.org/1999/xhtml" xml:lang="en-US">The presence of "martian" packets (which have impossible addresses)
as well as spoofed packets, source-routed packets, and redirects could be a
sign of nefarious network activity. Logging these packets enables this activity
to be detected.</rationale>
            <fix xmlns:xhtml="http://www.w3.org/1999/xhtml" id="sysctl_net_ipv4_conf_all_log_martians" system="urn:xccdf:fix:script:ansible" reboot="true" complexity="low" disruption="medium" strategy="disable">- name: Gather the package facts
  package_facts:
    manager: auto
  tags:
  - NIST-800-171-3.1.20
  - NIST-800-53-CM-7(a)
  - NIST-800-53-CM-7(b)
  - NIST-800-53-SC-5(3)(a)
  - disable_strategy
  - low_complexity
  - medium_disruption
  - reboot_required
  - sysctl_net_ipv4_conf_all_log_martians
  - unknown_severity

- name: List /etc/sysctl.d/*.conf files
  find:
    paths:
    - /etc/sysctl.d/
    - /run/sysctl.d/
    - /usr/local/lib/sysctl.d/
    contains: ^[\s]*net.ipv4.conf.all.log_martians.*$
    patterns: '*.conf'
    file_type: any
  register: find_sysctl_d
  when: '"linux-base" in ansible_facts.packages'
  tags:
  - NIST-800-171-3.1.20
  - NIST-800-53-CM-7(a)
  - NIST-800-53-CM-7(b)
  - NIST-800-53-SC-5(3)(a)
  - disable_strategy
  - low_complexity
  - medium_disruption
  - reboot_required
  - sysctl_net_ipv4_conf_all_log_martians
  - unknown_severity

- name: Comment out any occurrences of net.ipv4.conf.all.log_martians from config
    files
  replace:
    path: '{{ item.path }}'
    regexp: ^[\s]*net.ipv4.conf.all.log_martians
    replace: '#net.ipv4.conf.all.log_martians'
  loop: '{{ find_sysctl_d.files }}'
  when: '"linux-base" in ansible_facts.packages'
  tags:
  - NIST-800-171-3.1.20
  - NIST-800-53-CM-7(a)
  - NIST-800-53-CM-7(b)
  - NIST-800-53-SC-5(3)(a)
  - disable_strategy
  - low_complexity
  - medium_disruption
  - reboot_required
  - sysctl_net_ipv4_conf_all_log_martians
  - unknown_severity
- name: XCCDF Value sysctl_net_ipv4_conf_all_log_martians_value # promote to variable
  set_fact:
    sysctl_net_ipv4_conf_all_log_martians_value: !!str <xccdf-1.2:sub xmlns:xccdf-1.2="http://checklists.nist.gov/xccdf/1.2" idref="xccdf_org.ssgproject.content_value_sysctl_net_ipv4_conf_all_log_martians_value" use="legacy"/>
  tags:
    - always

- name: Ensure sysctl net.ipv4.conf.all.log_martians is set
  sysctl:
    name: net.ipv4.conf.all.log_martians
    value: '{{ sysctl_net_ipv4_conf_all_log_martians_value }}'
    sysctl_file: /etc/sysctl.conf
    state: present
    reload: true
  when: '"linux-base" in ansible_facts.packages'
  tags:
  - NIST-800-171-3.1.20
  - NIST-800-53-CM-7(a)
  - NIST-800-53-CM-7(b)
  - NIST-800-53-SC-5(3)(a)
  - disable_strategy
  - low_complexity
  - medium_disruption
  - reboot_required
  - sysctl_net_ipv4_conf_all_log_martians
  - unknown_severity
</fix>
            <fix xmlns:xhtml="http://www.w3.org/1999/xhtml" id="sysctl_net_ipv4_conf_all_log_martians" system="urn:xccdf:fix:script:sh" reboot="true" complexity="low" disruption="medium" strategy="disable"># Remediation is applicable only in certain platforms
if dpkg-query --show --showformat='${db:Status-Status}
' 'linux-base' 2&gt;/dev/null | grep -q ^installed; then

# Comment out any occurrences of net.ipv4.conf.all.log_martians from /etc/sysctl.d/*.conf files

for f in /etc/sysctl.d/*.conf /run/sysctl.d/*.conf /usr/local/lib/sysctl.d/*.conf; do


  # skip systemd-sysctl symlink (/etc/sysctl.d/99-sysctl.conf -&gt; /etc/sysctl.conf)
  if [[ "$(readlink -f "$f")" == "/etc/sysctl.conf" ]]; then continue; fi

  matching_list=$(grep -P '^(?!#).*[\s]*net.ipv4.conf.all.log_martians.*$' $f | uniq )
  if ! test -z "$matching_list"; then
    while IFS= read -r entry; do
      escaped_entry=$(sed -e 's|/|\\/|g' &lt;&lt;&lt; "$entry")
      # comment out "net.ipv4.conf.all.log_martians" matches to preserve user data
      sed -i --follow-symlinks "s/^${escaped_entry}$/# &amp;/g" $f
    done &lt;&lt;&lt; "$matching_list"
  fi
done

#
# Set sysctl config file which to save the desired value
#

SYSCONFIG_FILE="/etc/sysctl.conf"

sysctl_net_ipv4_conf_all_log_martians_value='<xccdf-1.2:sub xmlns:xccdf-1.2="http://checklists.nist.gov/xccdf/1.2" idref="xccdf_org.ssgproject.content_value_sysctl_net_ipv4_conf_all_log_martians_value" use="legacy"/>'


#
# Set runtime for net.ipv4.conf.all.log_martians
#
if [[ "$OSCAP_BOOTC_BUILD" != "YES" ]] ; then
    /sbin/sysctl -q -n -w net.ipv4.conf.all.log_martians="$sysctl_net_ipv4_conf_all_log_martians_value"
fi

#
# If net.ipv4.conf.all.log_martians present in /etc/sysctl.conf, change value to appropriate value
#	else, add "net.ipv4.conf.all.log_martians = value" to /etc/sysctl.conf
#

# Strip any search characters in the key arg so that the key can be replaced without
# adding any search characters to the config file.
stripped_key=$(sed 's/[\^=\$,;+]*//g' &lt;&lt;&lt; "^net.ipv4.conf.all.log_martians")

# shellcheck disable=SC2059
printf -v formatted_output "%s = %s" "$stripped_key" "$sysctl_net_ipv4_conf_all_log_martians_value"

# If the key exists, change it. Otherwise, add it to the config_file.
# We search for the key string followed by a word boundary (matched by \&gt;),
# so if we search for 'setting', 'setting2' won't match.
if LC_ALL=C grep -q -m 1 -i -e "^net.ipv4.conf.all.log_martians\\&gt;" "${SYSCONFIG_FILE}"; then
    escaped_formatted_output=$(sed -e 's|/|\\/|g' &lt;&lt;&lt; "$formatted_output")
    LC_ALL=C sed -i --follow-symlinks "s/^net.ipv4.conf.all.log_martians\\&gt;.*/$escaped_formatted_output/gi" "${SYSCONFIG_FILE}"
else
    if [[ -s "${SYSCONFIG_FILE}" ]] &amp;&amp; [[ -n "$(tail -c 1 -- "${SYSCONFIG_FILE}" || true)" ]]; then
        LC_ALL=C sed -i --follow-symlinks '$a'\\ "${SYSCONFIG_FILE}"
    fi
    printf '%s\n' "$formatted_output" &gt;&gt; "${SYSCONFIG_FILE}"
fi

else
    &gt;&amp;2 echo 'Remediation is not applicable, nothing was done'
fi
</fix>
            <check system="http://oval.mitre.org/XMLSchema/oval-definitions-5">
              <check-export export-name="oval:ssg-sysctl_net_ipv4_conf_all_log_martians_value:var:1" value-id="xccdf_org.ssgproject.content_value_sysctl_net_ipv4_conf_all_log_martians_value"/>
              <check-content-ref name="oval:ssg-sysctl_net_ipv4_conf_all_log_martians:def:1" href="ssg-ubuntu2404-oval.xml"/>
            </check>
            <check system="http://scap.nist.gov/schema/ocil/2">
              <check-content-ref name="ocil:ssg-sysctl_net_ipv4_conf_all_log_martians_ocil:questionnaire:1" href="ssg-ubuntu2404-ocil.xml"/>
            </check>
          </Rule>
          <Rule id="xccdf_org.ssgproject.content_rule_sysctl_net_ipv4_conf_all_rp_filter" selected="false" role="full" severity="medium">
            <title xmlns:xhtml="http://www.w3.org/1999/xhtml" xml:lang="en-US">Enable Kernel Parameter to Use Reverse Path Filtering on all IPv4 Interfaces</title>
            <description xmlns:xhtml="http://www.w3.org/1999/xhtml" xml:lang="en-US">To set the runtime status of the <html:code xmlns:html="http://www.w3.org/1999/xhtml">net.ipv4.conf.all.rp_filter</html:code> kernel parameter, run the following command: <html:pre xmlns:html="http://www.w3.org/1999/xhtml">$ sudo sysctl -w net.ipv4.conf.all.rp_filter=1</html:pre>
To make sure that the setting is persistent, add the following line to a file in the directory <html:code xmlns:html="http://www.w3.org/1999/xhtml">/etc/sysctl.d</html:code>: <html:pre xmlns:html="http://www.w3.org/1999/xhtml">net.ipv4.conf.all.rp_filter = 1</html:pre>
        </description>
            <reference href="https://www.cisecurity.org/controls/">1</reference>
            <reference href="https://www.cisecurity.org/controls/">12</reference>
            <reference href="https://www.cisecurity.org/controls/">13</reference>
            <reference href="https://www.cisecurity.org/controls/">14</reference>
            <reference href="https://www.cisecurity.org/controls/">15</reference>
            <reference href="https://www.cisecurity.org/controls/">16</reference>
            <reference href="https://www.cisecurity.org/controls/">18</reference>
            <reference href="https://www.cisecurity.org/controls/">2</reference>
            <reference href="https://www.cisecurity.org/controls/">4</reference>
            <reference href="https://www.cisecurity.org/controls/">6</reference>
            <reference href="https://www.cisecurity.org/controls/">7</reference>
            <reference href="https://www.cisecurity.org/controls/">8</reference>
            <reference href="https://www.cisecurity.org/controls/">9</reference>
            <reference href="https://www.isaca.org/resources/cobit">APO01.06</reference>
            <reference href="https://www.isaca.org/resources/cobit">APO13.01</reference>
            <reference href="https://www.isaca.org/resources/cobit">BAI04.04</reference>
            <reference href="https://www.isaca.org/resources/cobit">DSS01.03</reference>
            <reference href="https://www.isaca.org/resources/cobit">DSS01.05</reference>
            <reference href="https://www.isaca.org/resources/cobit">DSS03.01</reference>
            <reference href="https://www.isaca.org/resources/cobit">DSS03.05</reference>
            <reference href="https://www.isaca.org/resources/cobit">DSS05.02</reference>
            <reference href="https://www.isaca.org/resources/cobit">DSS05.04</reference>
            <reference href="https://www.isaca.org/resources/cobit">DSS05.07</reference>
            <reference href="https://www.isaca.org/resources/cobit">DSS06.02</reference>
            <reference href="http://nvlpubs.nist.gov/nistpubs/SpecialPublications/NIST.SP.800-171.pdf">3.1.20</reference>
            <reference href="https://public.cyber.mil/stigs/cci/">CCI-000366</reference>
            <reference href="https://www.isa.org/products/isa-62443-2-1-2009-security-for-industrial-automat">4.2.3.4</reference>
            <reference href="https://www.isa.org/products/isa-62443-2-1-2009-security-for-industrial-automat">4.3.3.4</reference>
            <reference href="https://www.isa.org/products/isa-62443-2-1-2009-security-for-industrial-automat">4.4.3.3</reference>
            <reference href="https://www.isa.org/products/ansi-isa-62443-3-3-99-03-03-2013-security-for-indu">SR 3.1</reference>
            <reference href="https://www.isa.org/products/ansi-isa-62443-3-3-99-03-03-2013-security-for-indu">SR 3.5</reference>
            <reference href="https://www.isa.org/products/ansi-isa-62443-3-3-99-03-03-2013-security-for-indu">SR 3.8</reference>
            <reference href="https://www.isa.org/products/ansi-isa-62443-3-3-99-03-03-2013-security-for-indu">SR 4.1</reference>
            <reference href="https://www.isa.org/products/ansi-isa-62443-3-3-99-03-03-2013-security-for-indu">SR 4.3</reference>
            <reference href="https://www.isa.org/products/ansi-isa-62443-3-3-99-03-03-2013-security-for-indu">SR 5.1</reference>
            <reference href="https://www.isa.org/products/ansi-isa-62443-3-3-99-03-03-2013-security-for-indu">SR 5.2</reference>
            <reference href="https://www.isa.org/products/ansi-isa-62443-3-3-99-03-03-2013-security-for-indu">SR 5.3</reference>
            <reference href="https://www.isa.org/products/ansi-isa-62443-3-3-99-03-03-2013-security-for-indu">SR 6.2</reference>
            <reference href="https://www.isa.org/products/ansi-isa-62443-3-3-99-03-03-2013-security-for-indu">SR 7.1</reference>
            <reference href="https://www.isa.org/products/ansi-isa-62443-3-3-99-03-03-2013-security-for-indu">SR 7.2</reference>
            <reference href="https://www.isa.org/products/ansi-isa-62443-3-3-99-03-03-2013-security-for-indu">SR 7.6</reference>
            <reference href="https://www.iso.org/contents/data/standard/05/45/54534.html">A.10.1.1</reference>
            <reference href="https://www.iso.org/contents/data/standard/05/45/54534.html">A.11.1.4</reference>
            <reference href="https://www.iso.org/contents/data/standard/05/45/54534.html">A.11.1.5</reference>
            <reference href="https://www.iso.org/contents/data/standard/05/45/54534.html">A.11.2.1</reference>
            <reference href="https://www.iso.org/contents/data/standard/05/45/54534.html">A.12.1.1</reference>
            <reference href="https://www.iso.org/contents/data/standard/05/45/54534.html">A.12.1.2</reference>
            <reference href="https://www.iso.org/contents/data/standard/05/45/54534.html">A.12.1.3</reference>
            <reference href="https://www.iso.org/contents/data/standard/05/45/54534.html">A.13.1.1</reference>
            <reference href="https://www.iso.org/contents/data/standard/05/45/54534.html">A.13.1.2</reference>
            <reference href="https://www.iso.org/contents/data/standard/05/45/54534.html">A.13.1.3</reference>
            <reference href="https://www.iso.org/contents/data/standard/05/45/54534.html">A.13.2.1</reference>
            <reference href="https://www.iso.org/contents/data/standard/05/45/54534.html">A.13.2.2</reference>
            <reference href="https://www.iso.org/contents/data/standard/05/45/54534.html">A.13.2.3</reference>
            <reference href="https://www.iso.org/contents/data/standard/05/45/54534.html">A.13.2.4</reference>
            <reference href="https://www.iso.org/contents/data/standard/05/45/54534.html">A.14.1.2</reference>
            <reference href="https://www.iso.org/contents/data/standard/05/45/54534.html">A.14.1.3</reference>
            <reference href="https://www.iso.org/contents/data/standard/05/45/54534.html">A.17.2.1</reference>
            <reference href="https://www.iso.org/contents/data/standard/05/45/54534.html">A.6.1.2</reference>
            <reference href="https://www.iso.org/contents/data/standard/05/45/54534.html">A.7.1.1</reference>
            <reference href="https://www.iso.org/contents/data/standard/05/45/54534.html">A.7.1.2</reference>
            <reference href="https://www.iso.org/contents/data/standard/05/45/54534.html">A.7.3.1</reference>
            <reference href="https://www.iso.org/contents/data/standard/05/45/54534.html">A.8.2.2</reference>
            <reference href="https://www.iso.org/contents/data/standard/05/45/54534.html">A.8.2.3</reference>
            <reference href="https://www.iso.org/contents/data/standard/05/45/54534.html">A.9.1.1</reference>
            <reference href="https://www.iso.org/contents/data/standard/05/45/54534.html">A.9.1.2</reference>
            <reference href="https://www.iso.org/contents/data/standard/05/45/54534.html">A.9.2.3</reference>
            <reference href="https://www.iso.org/contents/data/standard/05/45/54534.html">A.9.4.1</reference>
            <reference href="https://www.iso.org/contents/data/standard/05/45/54534.html">A.9.4.4</reference>
            <reference href="https://www.iso.org/contents/data/standard/05/45/54534.html">A.9.4.5</reference>
            <reference href="http://nvlpubs.nist.gov/nistpubs/SpecialPublications/NIST.SP.800-53r4.pdf">CM-7(a)</reference>
            <reference href="http://nvlpubs.nist.gov/nistpubs/SpecialPublications/NIST.SP.800-53r4.pdf">CM-7(b)</reference>
            <reference href="http://nvlpubs.nist.gov/nistpubs/SpecialPublications/NIST.SP.800-53r4.pdf">CM-6(a)</reference>
            <reference href="http://nvlpubs.nist.gov/nistpubs/SpecialPublications/NIST.SP.800-53r4.pdf">SC-7(a)</reference>
            <reference href="https://nvlpubs.nist.gov/nistpubs/CSWP/NIST.CSWP.04162018.pdf">DE.AE-1</reference>
            <reference href="https://nvlpubs.nist.gov/nistpubs/CSWP/NIST.CSWP.04162018.pdf">DE.CM-1</reference>
            <reference href="https://nvlpubs.nist.gov/nistpubs/CSWP/NIST.CSWP.04162018.pdf">ID.AM-3</reference>
            <reference href="https://nvlpubs.nist.gov/nistpubs/CSWP/NIST.CSWP.04162018.pdf">PR.AC-5</reference>
            <reference href="https://nvlpubs.nist.gov/nistpubs/CSWP/NIST.CSWP.04162018.pdf">PR.DS-4</reference>
            <reference href="https://nvlpubs.nist.gov/nistpubs/CSWP/NIST.CSWP.04162018.pdf">PR.DS-5</reference>
            <reference href="https://nvlpubs.nist.gov/nistpubs/CSWP/NIST.CSWP.04162018.pdf">PR.PT-4</reference>
            <reference href="https://www.pcisecuritystandards.org/documents/PCI_DSS_v3-2-1.pdf">Req-1.4.3</reference>
            <reference href="https://public.cyber.mil/stigs/downloads/?_dl_facet_stigs=operating-systems%2Cgeneral-purpose-os">SRG-OS-000480-GPOS-00227</reference>
            <reference href="https://cyber.gouv.fr/sites/default/files/document/linux_configuration-en-v2.pdf">R12</reference>
            <reference href="https://www.cisecurity.org/benchmark/ubuntu_linux/">3.3.7</reference>
            <reference href="https://docs-prv.pcisecuritystandards.org/PCI%20DSS/Standard/PCI-DSS-v4_0.pdf">1.4.3</reference>
            <reference href="https://docs-prv.pcisecuritystandards.org/PCI%20DSS/Standard/PCI-DSS-v4_0.pdf">1.4</reference>
            <rationale xmlns:xhtml="http://www.w3.org/1999/xhtml" xml:lang="en-US">Enabling reverse path filtering drops packets with source addresses
that should not have been able to be received on the interface they were
received on. It should not be used on systems which are routers for
complicated networks, but is helpful for end hosts and routers serving small
networks.</rationale>
            <fix xmlns:xhtml="http://www.w3.org/1999/xhtml" id="sysctl_net_ipv4_conf_all_rp_filter" system="urn:xccdf:fix:script:ansible" reboot="true" complexity="low" disruption="medium" strategy="disable">- name: Gather the package facts
  package_facts:
    manager: auto
  tags:
  - NIST-800-171-3.1.20
  - NIST-800-53-CM-6(a)
  - NIST-800-53-CM-7(a)
  - NIST-800-53-CM-7(b)
  - NIST-800-53-SC-7(a)
  - PCI-DSS-Req-1.4.3
  - PCI-DSSv4-1.4
  - PCI-DSSv4-1.4.3
  - disable_strategy
  - low_complexity
  - medium_disruption
  - medium_severity
  - reboot_required
  - sysctl_net_ipv4_conf_all_rp_filter

- name: List /etc/sysctl.d/*.conf files
  find:
    paths:
    - /etc/sysctl.d/
    - /run/sysctl.d/
    - /usr/local/lib/sysctl.d/
    contains: ^[\s]*net.ipv4.conf.all.rp_filter.*$
    patterns: '*.conf'
    file_type: any
  register: find_sysctl_d
  when: '"linux-base" in ansible_facts.packages'
  tags:
  - NIST-800-171-3.1.20
  - NIST-800-53-CM-6(a)
  - NIST-800-53-CM-7(a)
  - NIST-800-53-CM-7(b)
  - NIST-800-53-SC-7(a)
  - PCI-DSS-Req-1.4.3
  - PCI-DSSv4-1.4
  - PCI-DSSv4-1.4.3
  - disable_strategy
  - low_complexity
  - medium_disruption
  - medium_severity
  - reboot_required
  - sysctl_net_ipv4_conf_all_rp_filter

- name: Comment out any occurrences of net.ipv4.conf.all.rp_filter from config files
  replace:
    path: '{{ item.path }}'
    regexp: ^[\s]*net.ipv4.conf.all.rp_filter
    replace: '#net.ipv4.conf.all.rp_filter'
  loop: '{{ find_sysctl_d.files }}'
  when: '"linux-base" in ansible_facts.packages'
  tags:
  - NIST-800-171-3.1.20
  - NIST-800-53-CM-6(a)
  - NIST-800-53-CM-7(a)
  - NIST-800-53-CM-7(b)
  - NIST-800-53-SC-7(a)
  - PCI-DSS-Req-1.4.3
  - PCI-DSSv4-1.4
  - PCI-DSSv4-1.4.3
  - disable_strategy
  - low_complexity
  - medium_disruption
  - medium_severity
  - reboot_required
  - sysctl_net_ipv4_conf_all_rp_filter
- name: XCCDF Value sysctl_net_ipv4_conf_all_rp_filter_value # promote to variable
  set_fact:
    sysctl_net_ipv4_conf_all_rp_filter_value: !!str <xccdf-1.2:sub xmlns:xccdf-1.2="http://checklists.nist.gov/xccdf/1.2" idref="xccdf_org.ssgproject.content_value_sysctl_net_ipv4_conf_all_rp_filter_value" use="legacy"/>
  tags:
    - always

- name: Ensure sysctl net.ipv4.conf.all.rp_filter is set
  sysctl:
    name: net.ipv4.conf.all.rp_filter
    value: '{{ sysctl_net_ipv4_conf_all_rp_filter_value }}'
    sysctl_file: /etc/sysctl.conf
    state: present
    reload: true
  when: '"linux-base" in ansible_facts.packages'
  tags:
  - NIST-800-171-3.1.20
  - NIST-800-53-CM-6(a)
  - NIST-800-53-CM-7(a)
  - NIST-800-53-CM-7(b)
  - NIST-800-53-SC-7(a)
  - PCI-DSS-Req-1.4.3
  - PCI-DSSv4-1.4
  - PCI-DSSv4-1.4.3
  - disable_strategy
  - low_complexity
  - medium_disruption
  - medium_severity
  - reboot_required
  - sysctl_net_ipv4_conf_all_rp_filter
</fix>
            <fix xmlns:xhtml="http://www.w3.org/1999/xhtml" id="sysctl_net_ipv4_conf_all_rp_filter" system="urn:xccdf:fix:script:sh" reboot="true" complexity="low" disruption="medium" strategy="disable"># Remediation is applicable only in certain platforms
if dpkg-query --show --showformat='${db:Status-Status}
' 'linux-base' 2&gt;/dev/null | grep -q ^installed; then

# Comment out any occurrences of net.ipv4.conf.all.rp_filter from /etc/sysctl.d/*.conf files

for f in /etc/sysctl.d/*.conf /run/sysctl.d/*.conf /usr/local/lib/sysctl.d/*.conf; do


  # skip systemd-sysctl symlink (/etc/sysctl.d/99-sysctl.conf -&gt; /etc/sysctl.conf)
  if [[ "$(readlink -f "$f")" == "/etc/sysctl.conf" ]]; then continue; fi

  matching_list=$(grep -P '^(?!#).*[\s]*net.ipv4.conf.all.rp_filter.*$' $f | uniq )
  if ! test -z "$matching_list"; then
    while IFS= read -r entry; do
      escaped_entry=$(sed -e 's|/|\\/|g' &lt;&lt;&lt; "$entry")
      # comment out "net.ipv4.conf.all.rp_filter" matches to preserve user data
      sed -i --follow-symlinks "s/^${escaped_entry}$/# &amp;/g" $f
    done &lt;&lt;&lt; "$matching_list"
  fi
done

#
# Set sysctl config file which to save the desired value
#

SYSCONFIG_FILE="/etc/sysctl.conf"

sysctl_net_ipv4_conf_all_rp_filter_value='<xccdf-1.2:sub xmlns:xccdf-1.2="http://checklists.nist.gov/xccdf/1.2" idref="xccdf_org.ssgproject.content_value_sysctl_net_ipv4_conf_all_rp_filter_value" use="legacy"/>'


#
# Set runtime for net.ipv4.conf.all.rp_filter
#
if [[ "$OSCAP_BOOTC_BUILD" != "YES" ]] ; then
    /sbin/sysctl -q -n -w net.ipv4.conf.all.rp_filter="$sysctl_net_ipv4_conf_all_rp_filter_value"
fi

#
# If net.ipv4.conf.all.rp_filter present in /etc/sysctl.conf, change value to appropriate value
#	else, add "net.ipv4.conf.all.rp_filter = value" to /etc/sysctl.conf
#

# Strip any search characters in the key arg so that the key can be replaced without
# adding any search characters to the config file.
stripped_key=$(sed 's/[\^=\$,;+]*//g' &lt;&lt;&lt; "^net.ipv4.conf.all.rp_filter")

# shellcheck disable=SC2059
printf -v formatted_output "%s = %s" "$stripped_key" "$sysctl_net_ipv4_conf_all_rp_filter_value"

# If the key exists, change it. Otherwise, add it to the config_file.
# We search for the key string followed by a word boundary (matched by \&gt;),
# so if we search for 'setting', 'setting2' won't match.
if LC_ALL=C grep -q -m 1 -i -e "^net.ipv4.conf.all.rp_filter\\&gt;" "${SYSCONFIG_FILE}"; then
    escaped_formatted_output=$(sed -e 's|/|\\/|g' &lt;&lt;&lt; "$formatted_output")
    LC_ALL=C sed -i --follow-symlinks "s/^net.ipv4.conf.all.rp_filter\\&gt;.*/$escaped_formatted_output/gi" "${SYSCONFIG_FILE}"
else
    if [[ -s "${SYSCONFIG_FILE}" ]] &amp;&amp; [[ -n "$(tail -c 1 -- "${SYSCONFIG_FILE}" || true)" ]]; then
        LC_ALL=C sed -i --follow-symlinks '$a'\\ "${SYSCONFIG_FILE}"
    fi
    printf '%s\n' "$formatted_output" &gt;&gt; "${SYSCONFIG_FILE}"
fi

else
    &gt;&amp;2 echo 'Remediation is not applicable, nothing was done'
fi
</fix>
            <check system="http://oval.mitre.org/XMLSchema/oval-definitions-5">
              <check-export export-name="oval:ssg-sysctl_net_ipv4_conf_all_rp_filter_value:var:1" value-id="xccdf_org.ssgproject.content_value_sysctl_net_ipv4_conf_all_rp_filter_value"/>
              <check-content-ref name="oval:ssg-sysctl_net_ipv4_conf_all_rp_filter:def:1" href="ssg-ubuntu2404-oval.xml"/>
            </check>
            <check system="http://scap.nist.gov/schema/ocil/2">
              <check-content-ref name="ocil:ssg-sysctl_net_ipv4_conf_all_rp_filter_ocil:questionnaire:1" href="ssg-ubuntu2404-ocil.xml"/>
            </check>
          </Rule>
          <Rule id="xccdf_org.ssgproject.content_rule_sysctl_net_ipv4_conf_all_secure_redirects" selected="false" role="full" severity="medium">
            <title xmlns:xhtml="http://www.w3.org/1999/xhtml" xml:lang="en-US">Disable Kernel Parameter for Accepting Secure ICMP Redirects on all IPv4 Interfaces</title>
            <description xmlns:xhtml="http://www.w3.org/1999/xhtml" xml:lang="en-US">To set the runtime status of the <html:code xmlns:html="http://www.w3.org/1999/xhtml">net.ipv4.conf.all.secure_redirects</html:code> kernel parameter, run the following command: <html:pre xmlns:html="http://www.w3.org/1999/xhtml">$ sudo sysctl -w net.ipv4.conf.all.secure_redirects=0</html:pre>
To make sure that the setting is persistent, add the following line to a file in the directory <html:code xmlns:html="http://www.w3.org/1999/xhtml">/etc/sysctl.d</html:code>: <html:pre xmlns:html="http://www.w3.org/1999/xhtml">net.ipv4.conf.all.secure_redirects = 0</html:pre>
        </description>
            <reference href="https://www.cisecurity.org/controls/">1</reference>
            <reference href="https://www.cisecurity.org/controls/">11</reference>
            <reference href="https://www.cisecurity.org/controls/">12</reference>
            <reference href="https://www.cisecurity.org/controls/">13</reference>
            <reference href="https://www.cisecurity.org/controls/">14</reference>
            <reference href="https://www.cisecurity.org/controls/">15</reference>
            <reference href="https://www.cisecurity.org/controls/">16</reference>
            <reference href="https://www.cisecurity.org/controls/">18</reference>
            <reference href="https://www.cisecurity.org/controls/">2</reference>
            <reference href="https://www.cisecurity.org/controls/">3</reference>
            <reference href="https://www.cisecurity.org/controls/">4</reference>
            <reference href="https://www.cisecurity.org/controls/">6</reference>
            <reference href="https://www.cisecurity.org/controls/">7</reference>
            <reference href="https://www.cisecurity.org/controls/">8</reference>
            <reference href="https://www.cisecurity.org/controls/">9</reference>
            <reference href="https://www.isaca.org/resources/cobit">APO01.06</reference>
            <reference href="https://www.isaca.org/resources/cobit">APO13.01</reference>
            <reference href="https://www.isaca.org/resources/cobit">BAI04.04</reference>
            <reference href="https://www.isaca.org/resources/cobit">BAI10.01</reference>
            <reference href="https://www.isaca.org/resources/cobit">BAI10.02</reference>
            <reference href="https://www.isaca.org/resources/cobit">BAI10.03</reference>
            <reference href="https://www.isaca.org/resources/cobit">BAI10.05</reference>
            <reference href="https://www.isaca.org/resources/cobit">DSS01.03</reference>
            <reference href="https://www.isaca.org/resources/cobit">DSS01.05</reference>
            <reference href="https://www.isaca.org/resources/cobit">DSS03.01</reference>
            <reference href="https://www.isaca.org/resources/cobit">DSS03.05</reference>
            <reference href="https://www.isaca.org/resources/cobit">DSS05.02</reference>
            <reference href="https://www.isaca.org/resources/cobit">DSS05.04</reference>
            <reference href="https://www.isaca.org/resources/cobit">DSS05.05</reference>
            <reference href="https://www.isaca.org/resources/cobit">DSS05.07</reference>
            <reference href="https://www.isaca.org/resources/cobit">DSS06.02</reference>
            <reference href="https://www.isaca.org/resources/cobit">DSS06.06</reference>
            <reference href="http://nvlpubs.nist.gov/nistpubs/SpecialPublications/NIST.SP.800-171.pdf">3.1.20</reference>
            <reference href="https://public.cyber.mil/stigs/cci/">CCI-001503</reference>
            <reference href="https://public.cyber.mil/stigs/cci/">CCI-001551</reference>
            <reference href="https://www.isa.org/products/isa-62443-2-1-2009-security-for-industrial-automat">4.2.3.4</reference>
            <reference href="https://www.isa.org/products/isa-62443-2-1-2009-security-for-industrial-automat">4.3.3.4</reference>
            <reference href="https://www.isa.org/products/isa-62443-2-1-2009-security-for-industrial-automat">4.3.3.5.1</reference>
            <reference href="https://www.isa.org/products/isa-62443-2-1-2009-security-for-industrial-automat">4.3.3.5.2</reference>
            <reference href="https://www.isa.org/products/isa-62443-2-1-2009-security-for-industrial-automat">4.3.3.5.3</reference>
            <reference href="https://www.isa.org/products/isa-62443-2-1-2009-security-for-industrial-automat">4.3.3.5.4</reference>
            <reference href="https://www.isa.org/products/isa-62443-2-1-2009-security-for-industrial-automat">4.3.3.5.5</reference>
            <reference href="https://www.isa.org/products/isa-62443-2-1-2009-security-for-industrial-automat">4.3.3.5.6</reference>
            <reference href="https://www.isa.org/products/isa-62443-2-1-2009-security-for-industrial-automat">4.3.3.5.7</reference>
            <reference href="https://www.isa.org/products/isa-62443-2-1-2009-security-for-industrial-automat">4.3.3.5.8</reference>
            <reference href="https://www.isa.org/products/isa-62443-2-1-2009-security-for-industrial-automat">4.3.3.6.1</reference>
            <reference href="https://www.isa.org/products/isa-62443-2-1-2009-security-for-industrial-automat">4.3.3.6.2</reference>
            <reference href="https://www.isa.org/products/isa-62443-2-1-2009-security-for-industrial-automat">4.3.3.6.3</reference>
            <reference href="https://www.isa.org/products/isa-62443-2-1-2009-security-for-industrial-automat">4.3.3.6.4</reference>
            <reference href="https://www.isa.org/products/isa-62443-2-1-2009-security-for-industrial-automat">4.3.3.6.5</reference>
            <reference href="https://www.isa.org/products/isa-62443-2-1-2009-security-for-industrial-automat">4.3.3.6.6</reference>
            <reference href="https://www.isa.org/products/isa-62443-2-1-2009-security-for-industrial-automat">4.3.3.6.7</reference>
            <reference href="https://www.isa.org/products/isa-62443-2-1-2009-security-for-industrial-automat">4.3.3.6.8</reference>
            <reference href="https://www.isa.org/products/isa-62443-2-1-2009-security-for-industrial-automat">4.3.3.6.9</reference>
            <reference href="https://www.isa.org/products/isa-62443-2-1-2009-security-for-industrial-automat">4.3.3.7.1</reference>
            <reference href="https://www.isa.org/products/isa-62443-2-1-2009-security-for-industrial-automat">4.3.3.7.2</reference>
            <reference href="https://www.isa.org/products/isa-62443-2-1-2009-security-for-industrial-automat">4.3.3.7.3</reference>
            <reference href="https://www.isa.org/products/isa-62443-2-1-2009-security-for-industrial-automat">4.3.3.7.4</reference>
            <reference href="https://www.isa.org/products/isa-62443-2-1-2009-security-for-industrial-automat">4.3.4.3.2</reference>
            <reference href="https://www.isa.org/products/isa-62443-2-1-2009-security-for-industrial-automat">4.3.4.3.3</reference>
            <reference href="https://www.isa.org/products/isa-62443-2-1-2009-security-for-industrial-automat">4.4.3.3</reference>
            <reference href="https://www.isa.org/products/ansi-isa-62443-3-3-99-03-03-2013-security-for-indu">SR 1.1</reference>
            <reference href="https://www.isa.org/products/ansi-isa-62443-3-3-99-03-03-2013-security-for-indu">SR 1.10</reference>
            <reference href="https://www.isa.org/products/ansi-isa-62443-3-3-99-03-03-2013-security-for-indu">SR 1.11</reference>
            <reference href="https://www.isa.org/products/ansi-isa-62443-3-3-99-03-03-2013-security-for-indu">SR 1.12</reference>
            <reference href="https://www.isa.org/products/ansi-isa-62443-3-3-99-03-03-2013-security-for-indu">SR 1.13</reference>
            <reference href="https://www.isa.org/products/ansi-isa-62443-3-3-99-03-03-2013-security-for-indu">SR 1.2</reference>
            <reference href="https://www.isa.org/products/ansi-isa-62443-3-3-99-03-03-2013-security-for-indu">SR 1.3</reference>
            <reference href="https://www.isa.org/products/ansi-isa-62443-3-3-99-03-03-2013-security-for-indu">SR 1.4</reference>
            <reference href="https://www.isa.org/products/ansi-isa-62443-3-3-99-03-03-2013-security-for-indu">SR 1.5</reference>
            <reference href="https://www.isa.org/products/ansi-isa-62443-3-3-99-03-03-2013-security-for-indu">SR 1.6</reference>
            <reference href="https://www.isa.org/products/ansi-isa-62443-3-3-99-03-03-2013-security-for-indu">SR 1.7</reference>
            <reference href="https://www.isa.org/products/ansi-isa-62443-3-3-99-03-03-2013-security-for-indu">SR 1.8</reference>
            <reference href="https://www.isa.org/products/ansi-isa-62443-3-3-99-03-03-2013-security-for-indu">SR 1.9</reference>
            <reference href="https://www.isa.org/products/ansi-isa-62443-3-3-99-03-03-2013-security-for-indu">SR 2.1</reference>
            <reference href="https://www.isa.org/products/ansi-isa-62443-3-3-99-03-03-2013-security-for-indu">SR 2.2</reference>
            <reference href="https://www.isa.org/products/ansi-isa-62443-3-3-99-03-03-2013-security-for-indu">SR 2.3</reference>
            <reference href="https://www.isa.org/products/ansi-isa-62443-3-3-99-03-03-2013-security-for-indu">SR 2.4</reference>
            <reference href="https://www.isa.org/products/ansi-isa-62443-3-3-99-03-03-2013-security-for-indu">SR 2.5</reference>
            <reference href="https://www.isa.org/products/ansi-isa-62443-3-3-99-03-03-2013-security-for-indu">SR 2.6</reference>
            <reference href="https://www.isa.org/products/ansi-isa-62443-3-3-99-03-03-2013-security-for-indu">SR 2.7</reference>
            <reference href="https://www.isa.org/products/ansi-isa-62443-3-3-99-03-03-2013-security-for-indu">SR 3.1</reference>
            <reference href="https://www.isa.org/products/ansi-isa-62443-3-3-99-03-03-2013-security-for-indu">SR 3.5</reference>
            <reference href="https://www.isa.org/products/ansi-isa-62443-3-3-99-03-03-2013-security-for-indu">SR 3.8</reference>
            <reference href="https://www.isa.org/products/ansi-isa-62443-3-3-99-03-03-2013-security-for-indu">SR 4.1</reference>
            <reference href="https://www.isa.org/products/ansi-isa-62443-3-3-99-03-03-2013-security-for-indu">SR 4.3</reference>
            <reference href="https://www.isa.org/products/ansi-isa-62443-3-3-99-03-03-2013-security-for-indu">SR 5.1</reference>
            <reference href="https://www.isa.org/products/ansi-isa-62443-3-3-99-03-03-2013-security-for-indu">SR 5.2</reference>
            <reference href="https://www.isa.org/products/ansi-isa-62443-3-3-99-03-03-2013-security-for-indu">SR 5.3</reference>
            <reference href="https://www.isa.org/products/ansi-isa-62443-3-3-99-03-03-2013-security-for-indu">SR 6.2</reference>
            <reference href="https://www.isa.org/products/ansi-isa-62443-3-3-99-03-03-2013-security-for-indu">SR 7.1</reference>
            <reference href="https://www.isa.org/products/ansi-isa-62443-3-3-99-03-03-2013-security-for-indu">SR 7.2</reference>
            <reference href="https://www.isa.org/products/ansi-isa-62443-3-3-99-03-03-2013-security-for-indu">SR 7.6</reference>
            <reference href="https://www.iso.org/contents/data/standard/05/45/54534.html">A.10.1.1</reference>
            <reference href="https://www.iso.org/contents/data/standard/05/45/54534.html">A.11.1.4</reference>
            <reference href="https://www.iso.org/contents/data/standard/05/45/54534.html">A.11.1.5</reference>
            <reference href="https://www.iso.org/contents/data/standard/05/45/54534.html">A.11.2.1</reference>
            <reference href="https://www.iso.org/contents/data/standard/05/45/54534.html">A.12.1.1</reference>
            <reference href="https://www.iso.org/contents/data/standard/05/45/54534.html">A.12.1.2</reference>
            <reference href="https://www.iso.org/contents/data/standard/05/45/54534.html">A.12.1.3</reference>
            <reference href="https://www.iso.org/contents/data/standard/05/45/54534.html">A.12.5.1</reference>
            <reference href="https://www.iso.org/contents/data/standard/05/45/54534.html">A.12.6.2</reference>
            <reference href="https://www.iso.org/contents/data/standard/05/45/54534.html">A.13.1.1</reference>
            <reference href="https://www.iso.org/contents/data/standard/05/45/54534.html">A.13.1.2</reference>
            <reference href="https://www.iso.org/contents/data/standard/05/45/54534.html">A.13.1.3</reference>
            <reference href="https://www.iso.org/contents/data/standard/05/45/54534.html">A.13.2.1</reference>
            <reference href="https://www.iso.org/contents/data/standard/05/45/54534.html">A.13.2.2</reference>
            <reference href="https://www.iso.org/contents/data/standard/05/45/54534.html">A.13.2.3</reference>
            <reference href="https://www.iso.org/contents/data/standard/05/45/54534.html">A.13.2.4</reference>
            <reference href="https://www.iso.org/contents/data/standard/05/45/54534.html">A.14.1.2</reference>
            <reference href="https://www.iso.org/contents/data/standard/05/45/54534.html">A.14.1.3</reference>
            <reference href="https://www.iso.org/contents/data/standard/05/45/54534.html">A.14.2.2</reference>
            <reference href="https://www.iso.org/contents/data/standard/05/45/54534.html">A.14.2.3</reference>
            <reference href="https://www.iso.org/contents/data/standard/05/45/54534.html">A.14.2.4</reference>
            <reference href="https://www.iso.org/contents/data/standard/05/45/54534.html">A.17.2.1</reference>
            <reference href="https://www.iso.org/contents/data/standard/05/45/54534.html">A.6.1.2</reference>
            <reference href="https://www.iso.org/contents/data/standard/05/45/54534.html">A.7.1.1</reference>
            <reference href="https://www.iso.org/contents/data/standard/05/45/54534.html">A.7.1.2</reference>
            <reference href="https://www.iso.org/contents/data/standard/05/45/54534.html">A.7.3.1</reference>
            <reference href="https://www.iso.org/contents/data/standard/05/45/54534.html">A.8.2.2</reference>
            <reference href="https://www.iso.org/contents/data/standard/05/45/54534.html">A.8.2.3</reference>
            <reference href="https://www.iso.org/contents/data/standard/05/45/54534.html">A.9.1.1</reference>
            <reference href="https://www.iso.org/contents/data/standard/05/45/54534.html">A.9.1.2</reference>
            <reference href="https://www.iso.org/contents/data/standard/05/45/54534.html">A.9.2.3</reference>
            <reference href="https://www.iso.org/contents/data/standard/05/45/54534.html">A.9.4.1</reference>
            <reference href="https://www.iso.org/contents/data/standard/05/45/54534.html">A.9.4.4</reference>
            <reference href="https://www.iso.org/contents/data/standard/05/45/54534.html">A.9.4.5</reference>
            <reference href="http://nvlpubs.nist.gov/nistpubs/SpecialPublications/NIST.SP.800-53r4.pdf">CM-7(a)</reference>
            <reference href="http://nvlpubs.nist.gov/nistpubs/SpecialPublications/NIST.SP.800-53r4.pdf">CM-7(b)</reference>
            <reference href="http://nvlpubs.nist.gov/nistpubs/SpecialPublications/NIST.SP.800-53r4.pdf">CM-6(a)</reference>
            <reference href="http://nvlpubs.nist.gov/nistpubs/SpecialPublications/NIST.SP.800-53r4.pdf">SC-7(a)</reference>
            <reference href="https://nvlpubs.nist.gov/nistpubs/CSWP/NIST.CSWP.04162018.pdf">DE.AE-1</reference>
            <reference href="https://nvlpubs.nist.gov/nistpubs/CSWP/NIST.CSWP.04162018.pdf">DE.CM-1</reference>
            <reference href="https://nvlpubs.nist.gov/nistpubs/CSWP/NIST.CSWP.04162018.pdf">ID.AM-3</reference>
            <reference href="https://nvlpubs.nist.gov/nistpubs/CSWP/NIST.CSWP.04162018.pdf">PR.AC-5</reference>
            <reference href="https://nvlpubs.nist.gov/nistpubs/CSWP/NIST.CSWP.04162018.pdf">PR.DS-4</reference>
            <reference href="https://nvlpubs.nist.gov/nistpubs/CSWP/NIST.CSWP.04162018.pdf">PR.DS-5</reference>
            <reference href="https://nvlpubs.nist.gov/nistpubs/CSWP/NIST.CSWP.04162018.pdf">PR.IP-1</reference>
            <reference href="https://nvlpubs.nist.gov/nistpubs/CSWP/NIST.CSWP.04162018.pdf">PR.PT-3</reference>
            <reference href="https://nvlpubs.nist.gov/nistpubs/CSWP/NIST.CSWP.04162018.pdf">PR.PT-4</reference>
            <reference href="https://www.pcisecuritystandards.org/documents/PCI_DSS_v3-2-1.pdf">Req-1.4.3</reference>
            <reference href="https://public.cyber.mil/stigs/downloads/?_dl_facet_stigs=operating-systems%2Cgeneral-purpose-os">SRG-OS-000480-GPOS-00227</reference>
            <reference href="https://cyber.gouv.fr/sites/default/files/document/linux_configuration-en-v2.pdf">R12</reference>
            <reference href="https://www.cisecurity.org/benchmark/ubuntu_linux/">3.3.6</reference>
            <reference href="https://docs-prv.pcisecuritystandards.org/PCI%20DSS/Standard/PCI-DSS-v4_0.pdf">1.4.3</reference>
            <reference href="https://docs-prv.pcisecuritystandards.org/PCI%20DSS/Standard/PCI-DSS-v4_0.pdf">1.4</reference>
            <rationale xmlns:xhtml="http://www.w3.org/1999/xhtml" xml:lang="en-US">Accepting "secure" ICMP redirects (from those gateways listed as
default gateways) has few legitimate uses. It should be disabled unless it is
absolutely required.</rationale>
            <fix xmlns:xhtml="http://www.w3.org/1999/xhtml" id="sysctl_net_ipv4_conf_all_secure_redirects" system="urn:xccdf:fix:script:ansible" reboot="true" complexity="low" disruption="medium" strategy="disable">- name: Gather the package facts
  package_facts:
    manager: auto
  tags:
  - NIST-800-171-3.1.20
  - NIST-800-53-CM-6(a)
  - NIST-800-53-CM-7(a)
  - NIST-800-53-CM-7(b)
  - NIST-800-53-SC-7(a)
  - PCI-DSS-Req-1.4.3
  - PCI-DSSv4-1.4
  - PCI-DSSv4-1.4.3
  - disable_strategy
  - low_complexity
  - medium_disruption
  - medium_severity
  - reboot_required
  - sysctl_net_ipv4_conf_all_secure_redirects

- name: List /etc/sysctl.d/*.conf files
  find:
    paths:
    - /etc/sysctl.d/
    - /run/sysctl.d/
    - /usr/local/lib/sysctl.d/
    contains: ^[\s]*net.ipv4.conf.all.secure_redirects.*$
    patterns: '*.conf'
    file_type: any
  register: find_sysctl_d
  when: '"linux-base" in ansible_facts.packages'
  tags:
  - NIST-800-171-3.1.20
  - NIST-800-53-CM-6(a)
  - NIST-800-53-CM-7(a)
  - NIST-800-53-CM-7(b)
  - NIST-800-53-SC-7(a)
  - PCI-DSS-Req-1.4.3
  - PCI-DSSv4-1.4
  - PCI-DSSv4-1.4.3
  - disable_strategy
  - low_complexity
  - medium_disruption
  - medium_severity
  - reboot_required
  - sysctl_net_ipv4_conf_all_secure_redirects

- name: Comment out any occurrences of net.ipv4.conf.all.secure_redirects from config
    files
  replace:
    path: '{{ item.path }}'
    regexp: ^[\s]*net.ipv4.conf.all.secure_redirects
    replace: '#net.ipv4.conf.all.secure_redirects'
  loop: '{{ find_sysctl_d.files }}'
  when: '"linux-base" in ansible_facts.packages'
  tags:
  - NIST-800-171-3.1.20
  - NIST-800-53-CM-6(a)
  - NIST-800-53-CM-7(a)
  - NIST-800-53-CM-7(b)
  - NIST-800-53-SC-7(a)
  - PCI-DSS-Req-1.4.3
  - PCI-DSSv4-1.4
  - PCI-DSSv4-1.4.3
  - disable_strategy
  - low_complexity
  - medium_disruption
  - medium_severity
  - reboot_required
  - sysctl_net_ipv4_conf_all_secure_redirects
- name: XCCDF Value sysctl_net_ipv4_conf_all_secure_redirects_value # promote to variable
  set_fact:
    sysctl_net_ipv4_conf_all_secure_redirects_value: !!str <xccdf-1.2:sub xmlns:xccdf-1.2="http://checklists.nist.gov/xccdf/1.2" idref="xccdf_org.ssgproject.content_value_sysctl_net_ipv4_conf_all_secure_redirects_value" use="legacy"/>
  tags:
    - always

- name: Ensure sysctl net.ipv4.conf.all.secure_redirects is set
  sysctl:
    name: net.ipv4.conf.all.secure_redirects
    value: '{{ sysctl_net_ipv4_conf_all_secure_redirects_value }}'
    sysctl_file: /etc/sysctl.conf
    state: present
    reload: true
  when: '"linux-base" in ansible_facts.packages'
  tags:
  - NIST-800-171-3.1.20
  - NIST-800-53-CM-6(a)
  - NIST-800-53-CM-7(a)
  - NIST-800-53-CM-7(b)
  - NIST-800-53-SC-7(a)
  - PCI-DSS-Req-1.4.3
  - PCI-DSSv4-1.4
  - PCI-DSSv4-1.4.3
  - disable_strategy
  - low_complexity
  - medium_disruption
  - medium_severity
  - reboot_required
  - sysctl_net_ipv4_conf_all_secure_redirects
</fix>
            <fix xmlns:xhtml="http://www.w3.org/1999/xhtml" id="sysctl_net_ipv4_conf_all_secure_redirects" system="urn:xccdf:fix:script:sh" reboot="true" complexity="low" disruption="medium" strategy="disable"># Remediation is applicable only in certain platforms
if dpkg-query --show --showformat='${db:Status-Status}
' 'linux-base' 2&gt;/dev/null | grep -q ^installed; then

# Comment out any occurrences of net.ipv4.conf.all.secure_redirects from /etc/sysctl.d/*.conf files

for f in /etc/sysctl.d/*.conf /run/sysctl.d/*.conf /usr/local/lib/sysctl.d/*.conf; do


  # skip systemd-sysctl symlink (/etc/sysctl.d/99-sysctl.conf -&gt; /etc/sysctl.conf)
  if [[ "$(readlink -f "$f")" == "/etc/sysctl.conf" ]]; then continue; fi

  matching_list=$(grep -P '^(?!#).*[\s]*net.ipv4.conf.all.secure_redirects.*$' $f | uniq )
  if ! test -z "$matching_list"; then
    while IFS= read -r entry; do
      escaped_entry=$(sed -e 's|/|\\/|g' &lt;&lt;&lt; "$entry")
      # comment out "net.ipv4.conf.all.secure_redirects" matches to preserve user data
      sed -i --follow-symlinks "s/^${escaped_entry}$/# &amp;/g" $f
    done &lt;&lt;&lt; "$matching_list"
  fi
done

#
# Set sysctl config file which to save the desired value
#

SYSCONFIG_FILE="/etc/sysctl.conf"

sysctl_net_ipv4_conf_all_secure_redirects_value='<xccdf-1.2:sub xmlns:xccdf-1.2="http://checklists.nist.gov/xccdf/1.2" idref="xccdf_org.ssgproject.content_value_sysctl_net_ipv4_conf_all_secure_redirects_value" use="legacy"/>'


#
# Set runtime for net.ipv4.conf.all.secure_redirects
#
if [[ "$OSCAP_BOOTC_BUILD" != "YES" ]] ; then
    /sbin/sysctl -q -n -w net.ipv4.conf.all.secure_redirects="$sysctl_net_ipv4_conf_all_secure_redirects_value"
fi

#
# If net.ipv4.conf.all.secure_redirects present in /etc/sysctl.conf, change value to appropriate value
#	else, add "net.ipv4.conf.all.secure_redirects = value" to /etc/sysctl.conf
#

# Strip any search characters in the key arg so that the key can be replaced without
# adding any search characters to the config file.
stripped_key=$(sed 's/[\^=\$,;+]*//g' &lt;&lt;&lt; "^net.ipv4.conf.all.secure_redirects")

# shellcheck disable=SC2059
printf -v formatted_output "%s = %s" "$stripped_key" "$sysctl_net_ipv4_conf_all_secure_redirects_value"

# If the key exists, change it. Otherwise, add it to the config_file.
# We search for the key string followed by a word boundary (matched by \&gt;),
# so if we search for 'setting', 'setting2' won't match.
if LC_ALL=C grep -q -m 1 -i -e "^net.ipv4.conf.all.secure_redirects\\&gt;" "${SYSCONFIG_FILE}"; then
    escaped_formatted_output=$(sed -e 's|/|\\/|g' &lt;&lt;&lt; "$formatted_output")
    LC_ALL=C sed -i --follow-symlinks "s/^net.ipv4.conf.all.secure_redirects\\&gt;.*/$escaped_formatted_output/gi" "${SYSCONFIG_FILE}"
else
    if [[ -s "${SYSCONFIG_FILE}" ]] &amp;&amp; [[ -n "$(tail -c 1 -- "${SYSCONFIG_FILE}" || true)" ]]; then
        LC_ALL=C sed -i --follow-symlinks '$a'\\ "${SYSCONFIG_FILE}"
    fi
    printf '%s\n' "$formatted_output" &gt;&gt; "${SYSCONFIG_FILE}"
fi

else
    &gt;&amp;2 echo 'Remediation is not applicable, nothing was done'
fi
</fix>
            <check system="http://oval.mitre.org/XMLSchema/oval-definitions-5">
              <check-export export-name="oval:ssg-sysctl_net_ipv4_conf_all_secure_redirects_value:var:1" value-id="xccdf_org.ssgproject.content_value_sysctl_net_ipv4_conf_all_secure_redirects_value"/>
              <check-content-ref name="oval:ssg-sysctl_net_ipv4_conf_all_secure_redirects:def:1" href="ssg-ubuntu2404-oval.xml"/>
            </check>
            <check system="http://scap.nist.gov/schema/ocil/2">
              <check-content-ref name="ocil:ssg-sysctl_net_ipv4_conf_all_secure_redirects_ocil:questionnaire:1" href="ssg-ubuntu2404-ocil.xml"/>
            </check>
          </Rule>
          <Rule id="xccdf_org.ssgproject.content_rule_sysctl_net_ipv4_conf_default_accept_redirects" selected="false" role="full" severity="medium">
            <title xmlns:xhtml="http://www.w3.org/1999/xhtml" xml:lang="en-US">Disable Kernel Parameter for Accepting ICMP Redirects by Default on IPv4 Interfaces</title>
            <description xmlns:xhtml="http://www.w3.org/1999/xhtml" xml:lang="en-US">To set the runtime status of the <html:code xmlns:html="http://www.w3.org/1999/xhtml">net.ipv4.conf.default.accept_redirects</html:code> kernel parameter, run the following command: <html:pre xmlns:html="http://www.w3.org/1999/xhtml">$ sudo sysctl -w net.ipv4.conf.default.accept_redirects=0</html:pre>
To make sure that the setting is persistent, add the following line to a file in the directory <html:code xmlns:html="http://www.w3.org/1999/xhtml">/etc/sysctl.d</html:code>: <html:pre xmlns:html="http://www.w3.org/1999/xhtml">net.ipv4.conf.default.accept_redirects = 0</html:pre>
        </description>
            <reference href="https://www.cisecurity.org/controls/">1</reference>
            <reference href="https://www.cisecurity.org/controls/">11</reference>
            <reference href="https://www.cisecurity.org/controls/">12</reference>
            <reference href="https://www.cisecurity.org/controls/">13</reference>
            <reference href="https://www.cisecurity.org/controls/">14</reference>
            <reference href="https://www.cisecurity.org/controls/">15</reference>
            <reference href="https://www.cisecurity.org/controls/">16</reference>
            <reference href="https://www.cisecurity.org/controls/">18</reference>
            <reference href="https://www.cisecurity.org/controls/">2</reference>
            <reference href="https://www.cisecurity.org/controls/">3</reference>
            <reference href="https://www.cisecurity.org/controls/">4</reference>
            <reference href="https://www.cisecurity.org/controls/">6</reference>
            <reference href="https://www.cisecurity.org/controls/">7</reference>
            <reference href="https://www.cisecurity.org/controls/">8</reference>
            <reference href="https://www.cisecurity.org/controls/">9</reference>
            <reference href="https://www.fbi.gov/file-repository/cjis-security-policy-v5_5_20160601-2-1.pdf">5.10.1.1</reference>
            <reference href="https://www.isaca.org/resources/cobit">APO01.06</reference>
            <reference href="https://www.isaca.org/resources/cobit">APO13.01</reference>
            <reference href="https://www.isaca.org/resources/cobit">BAI04.04</reference>
            <reference href="https://www.isaca.org/resources/cobit">BAI10.01</reference>
            <reference href="https://www.isaca.org/resources/cobit">BAI10.02</reference>
            <reference href="https://www.isaca.org/resources/cobit">BAI10.03</reference>
            <reference href="https://www.isaca.org/resources/cobit">BAI10.05</reference>
            <reference href="https://www.isaca.org/resources/cobit">DSS01.03</reference>
            <reference href="https://www.isaca.org/resources/cobit">DSS01.05</reference>
            <reference href="https://www.isaca.org/resources/cobit">DSS03.01</reference>
            <reference href="https://www.isaca.org/resources/cobit">DSS03.05</reference>
            <reference href="https://www.isaca.org/resources/cobit">DSS05.02</reference>
            <reference href="https://www.isaca.org/resources/cobit">DSS05.04</reference>
            <reference href="https://www.isaca.org/resources/cobit">DSS05.05</reference>
            <reference href="https://www.isaca.org/resources/cobit">DSS05.07</reference>
            <reference href="https://www.isaca.org/resources/cobit">DSS06.02</reference>
            <reference href="https://www.isaca.org/resources/cobit">DSS06.06</reference>
            <reference href="http://nvlpubs.nist.gov/nistpubs/SpecialPublications/NIST.SP.800-171.pdf">3.1.20</reference>
            <reference href="https://public.cyber.mil/stigs/cci/">CCI-000366</reference>
            <reference href="https://www.isa.org/products/isa-62443-2-1-2009-security-for-industrial-automat">4.2.3.4</reference>
            <reference href="https://www.isa.org/products/isa-62443-2-1-2009-security-for-industrial-automat">4.3.3.4</reference>
            <reference href="https://www.isa.org/products/isa-62443-2-1-2009-security-for-industrial-automat">4.3.3.5.1</reference>
            <reference href="https://www.isa.org/products/isa-62443-2-1-2009-security-for-industrial-automat">4.3.3.5.2</reference>
            <reference href="https://www.isa.org/products/isa-62443-2-1-2009-security-for-industrial-automat">4.3.3.5.3</reference>
            <reference href="https://www.isa.org/products/isa-62443-2-1-2009-security-for-industrial-automat">4.3.3.5.4</reference>
            <reference href="https://www.isa.org/products/isa-62443-2-1-2009-security-for-industrial-automat">4.3.3.5.5</reference>
            <reference href="https://www.isa.org/products/isa-62443-2-1-2009-security-for-industrial-automat">4.3.3.5.6</reference>
            <reference href="https://www.isa.org/products/isa-62443-2-1-2009-security-for-industrial-automat">4.3.3.5.7</reference>
            <reference href="https://www.isa.org/products/isa-62443-2-1-2009-security-for-industrial-automat">4.3.3.5.8</reference>
            <reference href="https://www.isa.org/products/isa-62443-2-1-2009-security-for-industrial-automat">4.3.3.6.1</reference>
            <reference href="https://www.isa.org/products/isa-62443-2-1-2009-security-for-industrial-automat">4.3.3.6.2</reference>
            <reference href="https://www.isa.org/products/isa-62443-2-1-2009-security-for-industrial-automat">4.3.3.6.3</reference>
            <reference href="https://www.isa.org/products/isa-62443-2-1-2009-security-for-industrial-automat">4.3.3.6.4</reference>
            <reference href="https://www.isa.org/products/isa-62443-2-1-2009-security-for-industrial-automat">4.3.3.6.5</reference>
            <reference href="https://www.isa.org/products/isa-62443-2-1-2009-security-for-industrial-automat">4.3.3.6.6</reference>
            <reference href="https://www.isa.org/products/isa-62443-2-1-2009-security-for-industrial-automat">4.3.3.6.7</reference>
            <reference href="https://www.isa.org/products/isa-62443-2-1-2009-security-for-industrial-automat">4.3.3.6.8</reference>
            <reference href="https://www.isa.org/products/isa-62443-2-1-2009-security-for-industrial-automat">4.3.3.6.9</reference>
            <reference href="https://www.isa.org/products/isa-62443-2-1-2009-security-for-industrial-automat">4.3.3.7.1</reference>
            <reference href="https://www.isa.org/products/isa-62443-2-1-2009-security-for-industrial-automat">4.3.3.7.2</reference>
            <reference href="https://www.isa.org/products/isa-62443-2-1-2009-security-for-industrial-automat">4.3.3.7.3</reference>
            <reference href="https://www.isa.org/products/isa-62443-2-1-2009-security-for-industrial-automat">4.3.3.7.4</reference>
            <reference href="https://www.isa.org/products/isa-62443-2-1-2009-security-for-industrial-automat">4.3.4.3.2</reference>
            <reference href="https://www.isa.org/products/isa-62443-2-1-2009-security-for-industrial-automat">4.3.4.3.3</reference>
            <reference href="https://www.isa.org/products/isa-62443-2-1-2009-security-for-industrial-automat">4.4.3.3</reference>
            <reference href="https://www.isa.org/products/ansi-isa-62443-3-3-99-03-03-2013-security-for-indu">SR 1.1</reference>
            <reference href="https://www.isa.org/products/ansi-isa-62443-3-3-99-03-03-2013-security-for-indu">SR 1.10</reference>
            <reference href="https://www.isa.org/products/ansi-isa-62443-3-3-99-03-03-2013-security-for-indu">SR 1.11</reference>
            <reference href="https://www.isa.org/products/ansi-isa-62443-3-3-99-03-03-2013-security-for-indu">SR 1.12</reference>
            <reference href="https://www.isa.org/products/ansi-isa-62443-3-3-99-03-03-2013-security-for-indu">SR 1.13</reference>
            <reference href="https://www.isa.org/products/ansi-isa-62443-3-3-99-03-03-2013-security-for-indu">SR 1.2</reference>
            <reference href="https://www.isa.org/products/ansi-isa-62443-3-3-99-03-03-2013-security-for-indu">SR 1.3</reference>
            <reference href="https://www.isa.org/products/ansi-isa-62443-3-3-99-03-03-2013-security-for-indu">SR 1.4</reference>
            <reference href="https://www.isa.org/products/ansi-isa-62443-3-3-99-03-03-2013-security-for-indu">SR 1.5</reference>
            <reference href="https://www.isa.org/products/ansi-isa-62443-3-3-99-03-03-2013-security-for-indu">SR 1.6</reference>
            <reference href="https://www.isa.org/products/ansi-isa-62443-3-3-99-03-03-2013-security-for-indu">SR 1.7</reference>
            <reference href="https://www.isa.org/products/ansi-isa-62443-3-3-99-03-03-2013-security-for-indu">SR 1.8</reference>
            <reference href="https://www.isa.org/products/ansi-isa-62443-3-3-99-03-03-2013-security-for-indu">SR 1.9</reference>
            <reference href="https://www.isa.org/products/ansi-isa-62443-3-3-99-03-03-2013-security-for-indu">SR 2.1</reference>
            <reference href="https://www.isa.org/products/ansi-isa-62443-3-3-99-03-03-2013-security-for-indu">SR 2.2</reference>
            <reference href="https://www.isa.org/products/ansi-isa-62443-3-3-99-03-03-2013-security-for-indu">SR 2.3</reference>
            <reference href="https://www.isa.org/products/ansi-isa-62443-3-3-99-03-03-2013-security-for-indu">SR 2.4</reference>
            <reference href="https://www.isa.org/products/ansi-isa-62443-3-3-99-03-03-2013-security-for-indu">SR 2.5</reference>
            <reference href="https://www.isa.org/products/ansi-isa-62443-3-3-99-03-03-2013-security-for-indu">SR 2.6</reference>
            <reference href="https://www.isa.org/products/ansi-isa-62443-3-3-99-03-03-2013-security-for-indu">SR 2.7</reference>
            <reference href="https://www.isa.org/products/ansi-isa-62443-3-3-99-03-03-2013-security-for-indu">SR 3.1</reference>
            <reference href="https://www.isa.org/products/ansi-isa-62443-3-3-99-03-03-2013-security-for-indu">SR 3.5</reference>
            <reference href="https://www.isa.org/products/ansi-isa-62443-3-3-99-03-03-2013-security-for-indu">SR 3.8</reference>
            <reference href="https://www.isa.org/products/ansi-isa-62443-3-3-99-03-03-2013-security-for-indu">SR 4.1</reference>
            <reference href="https://www.isa.org/products/ansi-isa-62443-3-3-99-03-03-2013-security-for-indu">SR 4.3</reference>
            <reference href="https://www.isa.org/products/ansi-isa-62443-3-3-99-03-03-2013-security-for-indu">SR 5.1</reference>
            <reference href="https://www.isa.org/products/ansi-isa-62443-3-3-99-03-03-2013-security-for-indu">SR 5.2</reference>
            <reference href="https://www.isa.org/products/ansi-isa-62443-3-3-99-03-03-2013-security-for-indu">SR 5.3</reference>
            <reference href="https://www.isa.org/products/ansi-isa-62443-3-3-99-03-03-2013-security-for-indu">SR 6.2</reference>
            <reference href="https://www.isa.org/products/ansi-isa-62443-3-3-99-03-03-2013-security-for-indu">SR 7.1</reference>
            <reference href="https://www.isa.org/products/ansi-isa-62443-3-3-99-03-03-2013-security-for-indu">SR 7.2</reference>
            <reference href="https://www.isa.org/products/ansi-isa-62443-3-3-99-03-03-2013-security-for-indu">SR 7.6</reference>
            <reference href="https://www.iso.org/contents/data/standard/05/45/54534.html">A.10.1.1</reference>
            <reference href="https://www.iso.org/contents/data/standard/05/45/54534.html">A.11.1.4</reference>
            <reference href="https://www.iso.org/contents/data/standard/05/45/54534.html">A.11.1.5</reference>
            <reference href="https://www.iso.org/contents/data/standard/05/45/54534.html">A.11.2.1</reference>
            <reference href="https://www.iso.org/contents/data/standard/05/45/54534.html">A.12.1.1</reference>
            <reference href="https://www.iso.org/contents/data/standard/05/45/54534.html">A.12.1.2</reference>
            <reference href="https://www.iso.org/contents/data/standard/05/45/54534.html">A.12.1.3</reference>
            <reference href="https://www.iso.org/contents/data/standard/05/45/54534.html">A.12.5.1</reference>
            <reference href="https://www.iso.org/contents/data/standard/05/45/54534.html">A.12.6.2</reference>
            <reference href="https://www.iso.org/contents/data/standard/05/45/54534.html">A.13.1.1</reference>
            <reference href="https://www.iso.org/contents/data/standard/05/45/54534.html">A.13.1.2</reference>
            <reference href="https://www.iso.org/contents/data/standard/05/45/54534.html">A.13.1.3</reference>
            <reference href="https://www.iso.org/contents/data/standard/05/45/54534.html">A.13.2.1</reference>
            <reference href="https://www.iso.org/contents/data/standard/05/45/54534.html">A.13.2.2</reference>
            <reference href="https://www.iso.org/contents/data/standard/05/45/54534.html">A.13.2.3</reference>
            <reference href="https://www.iso.org/contents/data/standard/05/45/54534.html">A.13.2.4</reference>
            <reference href="https://www.iso.org/contents/data/standard/05/45/54534.html">A.14.1.2</reference>
            <reference href="https://www.iso.org/contents/data/standard/05/45/54534.html">A.14.1.3</reference>
            <reference href="https://www.iso.org/contents/data/standard/05/45/54534.html">A.14.2.2</reference>
            <reference href="https://www.iso.org/contents/data/standard/05/45/54534.html">A.14.2.3</reference>
            <reference href="https://www.iso.org/contents/data/standard/05/45/54534.html">A.14.2.4</reference>
            <reference href="https://www.iso.org/contents/data/standard/05/45/54534.html">A.17.2.1</reference>
            <reference href="https://www.iso.org/contents/data/standard/05/45/54534.html">A.6.1.2</reference>
            <reference href="https://www.iso.org/contents/data/standard/05/45/54534.html">A.7.1.1</reference>
            <reference href="https://www.iso.org/contents/data/standard/05/45/54534.html">A.7.1.2</reference>
            <reference href="https://www.iso.org/contents/data/standard/05/45/54534.html">A.7.3.1</reference>
            <reference href="https://www.iso.org/contents/data/standard/05/45/54534.html">A.8.2.2</reference>
            <reference href="https://www.iso.org/contents/data/standard/05/45/54534.html">A.8.2.3</reference>
            <reference href="https://www.iso.org/contents/data/standard/05/45/54534.html">A.9.1.1</reference>
            <reference href="https://www.iso.org/contents/data/standard/05/45/54534.html">A.9.1.2</reference>
            <reference href="https://www.iso.org/contents/data/standard/05/45/54534.html">A.9.2.3</reference>
            <reference href="https://www.iso.org/contents/data/standard/05/45/54534.html">A.9.4.1</reference>
            <reference href="https://www.iso.org/contents/data/standard/05/45/54534.html">A.9.4.4</reference>
            <reference href="https://www.iso.org/contents/data/standard/05/45/54534.html">A.9.4.5</reference>
            <reference href="http://nvlpubs.nist.gov/nistpubs/SpecialPublications/NIST.SP.800-53r4.pdf">CM-7(a)</reference>
            <reference href="http://nvlpubs.nist.gov/nistpubs/SpecialPublications/NIST.SP.800-53r4.pdf">CM-7(b)</reference>
            <reference href="http://nvlpubs.nist.gov/nistpubs/SpecialPublications/NIST.SP.800-53r4.pdf">CM-6(a)</reference>
            <reference href="http://nvlpubs.nist.gov/nistpubs/SpecialPublications/NIST.SP.800-53r4.pdf">SC-7(a)</reference>
            <reference href="https://nvlpubs.nist.gov/nistpubs/CSWP/NIST.CSWP.04162018.pdf">DE.AE-1</reference>
            <reference href="https://nvlpubs.nist.gov/nistpubs/CSWP/NIST.CSWP.04162018.pdf">DE.CM-1</reference>
            <reference href="https://nvlpubs.nist.gov/nistpubs/CSWP/NIST.CSWP.04162018.pdf">ID.AM-3</reference>
            <reference href="https://nvlpubs.nist.gov/nistpubs/CSWP/NIST.CSWP.04162018.pdf">PR.AC-5</reference>
            <reference href="https://nvlpubs.nist.gov/nistpubs/CSWP/NIST.CSWP.04162018.pdf">PR.DS-4</reference>
            <reference href="https://nvlpubs.nist.gov/nistpubs/CSWP/NIST.CSWP.04162018.pdf">PR.DS-5</reference>
            <reference href="https://nvlpubs.nist.gov/nistpubs/CSWP/NIST.CSWP.04162018.pdf">PR.IP-1</reference>
            <reference href="https://nvlpubs.nist.gov/nistpubs/CSWP/NIST.CSWP.04162018.pdf">PR.PT-3</reference>
            <reference href="https://nvlpubs.nist.gov/nistpubs/CSWP/NIST.CSWP.04162018.pdf">PR.PT-4</reference>
            <reference href="https://www.pcisecuritystandards.org/documents/PCI_DSS_v3-2-1.pdf">Req-1.4.3</reference>
            <reference href="https://public.cyber.mil/stigs/downloads/?_dl_facet_stigs=operating-systems%2Cgeneral-purpose-os">SRG-OS-000480-GPOS-00227</reference>
            <reference href="https://cyber.gouv.fr/sites/default/files/document/linux_configuration-en-v2.pdf">R12</reference>
            <reference href="https://www.cisecurity.org/benchmark/ubuntu_linux/">3.3.5</reference>
            <reference href="https://docs-prv.pcisecuritystandards.org/PCI%20DSS/Standard/PCI-DSS-v4_0.pdf">1.4.3</reference>
            <reference href="https://docs-prv.pcisecuritystandards.org/PCI%20DSS/Standard/PCI-DSS-v4_0.pdf">1.4</reference>
            <rationale xmlns:xhtml="http://www.w3.org/1999/xhtml" xml:lang="en-US">ICMP redirect messages are used by routers to inform hosts that a more
direct route exists for a particular destination. These messages modify the
host's route table and are unauthenticated. An illicit ICMP redirect
message could result in a man-in-the-middle attack.
<html:br xmlns:html="http://www.w3.org/1999/xhtml"/>This feature of the IPv4 protocol has few legitimate uses. It should
be disabled unless absolutely required.</rationale>
            <fix xmlns:xhtml="http://www.w3.org/1999/xhtml" id="sysctl_net_ipv4_conf_default_accept_redirects" system="urn:xccdf:fix:script:ansible" reboot="true" complexity="low" disruption="medium" strategy="disable">- name: Gather the package facts
  package_facts:
    manager: auto
  tags:
  - CJIS-5.10.1.1
  - NIST-800-171-3.1.20
  - NIST-800-53-CM-6(a)
  - NIST-800-53-CM-7(a)
  - NIST-800-53-CM-7(b)
  - NIST-800-53-SC-7(a)
  - PCI-DSS-Req-1.4.3
  - PCI-DSSv4-1.4
  - PCI-DSSv4-1.4.3
  - disable_strategy
  - low_complexity
  - medium_disruption
  - medium_severity
  - reboot_required
  - sysctl_net_ipv4_conf_default_accept_redirects

- name: List /etc/sysctl.d/*.conf files
  find:
    paths:
    - /etc/sysctl.d/
    - /run/sysctl.d/
    - /usr/local/lib/sysctl.d/
    contains: ^[\s]*net.ipv4.conf.default.accept_redirects.*$
    patterns: '*.conf'
    file_type: any
  register: find_sysctl_d
  when: '"linux-base" in ansible_facts.packages'
  tags:
  - CJIS-5.10.1.1
  - NIST-800-171-3.1.20
  - NIST-800-53-CM-6(a)
  - NIST-800-53-CM-7(a)
  - NIST-800-53-CM-7(b)
  - NIST-800-53-SC-7(a)
  - PCI-DSS-Req-1.4.3
  - PCI-DSSv4-1.4
  - PCI-DSSv4-1.4.3
  - disable_strategy
  - low_complexity
  - medium_disruption
  - medium_severity
  - reboot_required
  - sysctl_net_ipv4_conf_default_accept_redirects

- name: Comment out any occurrences of net.ipv4.conf.default.accept_redirects from
    config files
  replace:
    path: '{{ item.path }}'
    regexp: ^[\s]*net.ipv4.conf.default.accept_redirects
    replace: '#net.ipv4.conf.default.accept_redirects'
  loop: '{{ find_sysctl_d.files }}'
  when: '"linux-base" in ansible_facts.packages'
  tags:
  - CJIS-5.10.1.1
  - NIST-800-171-3.1.20
  - NIST-800-53-CM-6(a)
  - NIST-800-53-CM-7(a)
  - NIST-800-53-CM-7(b)
  - NIST-800-53-SC-7(a)
  - PCI-DSS-Req-1.4.3
  - PCI-DSSv4-1.4
  - PCI-DSSv4-1.4.3
  - disable_strategy
  - low_complexity
  - medium_disruption
  - medium_severity
  - reboot_required
  - sysctl_net_ipv4_conf_default_accept_redirects
- name: XCCDF Value sysctl_net_ipv4_conf_default_accept_redirects_value # promote to variable
  set_fact:
    sysctl_net_ipv4_conf_default_accept_redirects_value: !!str <xccdf-1.2:sub xmlns:xccdf-1.2="http://checklists.nist.gov/xccdf/1.2" idref="xccdf_org.ssgproject.content_value_sysctl_net_ipv4_conf_default_accept_redirects_value" use="legacy"/>
  tags:
    - always

- name: Ensure sysctl net.ipv4.conf.default.accept_redirects is set
  sysctl:
    name: net.ipv4.conf.default.accept_redirects
    value: '{{ sysctl_net_ipv4_conf_default_accept_redirects_value }}'
    sysctl_file: /etc/sysctl.conf
    state: present
    reload: true
  when: '"linux-base" in ansible_facts.packages'
  tags:
  - CJIS-5.10.1.1
  - NIST-800-171-3.1.20
  - NIST-800-53-CM-6(a)
  - NIST-800-53-CM-7(a)
  - NIST-800-53-CM-7(b)
  - NIST-800-53-SC-7(a)
  - PCI-DSS-Req-1.4.3
  - PCI-DSSv4-1.4
  - PCI-DSSv4-1.4.3
  - disable_strategy
  - low_complexity
  - medium_disruption
  - medium_severity
  - reboot_required
  - sysctl_net_ipv4_conf_default_accept_redirects
</fix>
            <fix xmlns:xhtml="http://www.w3.org/1999/xhtml" id="sysctl_net_ipv4_conf_default_accept_redirects" system="urn:xccdf:fix:script:sh" reboot="true" complexity="low" disruption="medium" strategy="disable"># Remediation is applicable only in certain platforms
if dpkg-query --show --showformat='${db:Status-Status}
' 'linux-base' 2&gt;/dev/null | grep -q ^installed; then

# Comment out any occurrences of net.ipv4.conf.default.accept_redirects from /etc/sysctl.d/*.conf files

for f in /etc/sysctl.d/*.conf /run/sysctl.d/*.conf /usr/local/lib/sysctl.d/*.conf; do


  # skip systemd-sysctl symlink (/etc/sysctl.d/99-sysctl.conf -&gt; /etc/sysctl.conf)
  if [[ "$(readlink -f "$f")" == "/etc/sysctl.conf" ]]; then continue; fi

  matching_list=$(grep -P '^(?!#).*[\s]*net.ipv4.conf.default.accept_redirects.*$' $f | uniq )
  if ! test -z "$matching_list"; then
    while IFS= read -r entry; do
      escaped_entry=$(sed -e 's|/|\\/|g' &lt;&lt;&lt; "$entry")
      # comment out "net.ipv4.conf.default.accept_redirects" matches to preserve user data
      sed -i --follow-symlinks "s/^${escaped_entry}$/# &amp;/g" $f
    done &lt;&lt;&lt; "$matching_list"
  fi
done

#
# Set sysctl config file which to save the desired value
#

SYSCONFIG_FILE="/etc/sysctl.conf"

sysctl_net_ipv4_conf_default_accept_redirects_value='<xccdf-1.2:sub xmlns:xccdf-1.2="http://checklists.nist.gov/xccdf/1.2" idref="xccdf_org.ssgproject.content_value_sysctl_net_ipv4_conf_default_accept_redirects_value" use="legacy"/>'


#
# Set runtime for net.ipv4.conf.default.accept_redirects
#
if [[ "$OSCAP_BOOTC_BUILD" != "YES" ]] ; then
    /sbin/sysctl -q -n -w net.ipv4.conf.default.accept_redirects="$sysctl_net_ipv4_conf_default_accept_redirects_value"
fi

#
# If net.ipv4.conf.default.accept_redirects present in /etc/sysctl.conf, change value to appropriate value
#	else, add "net.ipv4.conf.default.accept_redirects = value" to /etc/sysctl.conf
#

# Strip any search characters in the key arg so that the key can be replaced without
# adding any search characters to the config file.
stripped_key=$(sed 's/[\^=\$,;+]*//g' &lt;&lt;&lt; "^net.ipv4.conf.default.accept_redirects")

# shellcheck disable=SC2059
printf -v formatted_output "%s = %s" "$stripped_key" "$sysctl_net_ipv4_conf_default_accept_redirects_value"

# If the key exists, change it. Otherwise, add it to the config_file.
# We search for the key string followed by a word boundary (matched by \&gt;),
# so if we search for 'setting', 'setting2' won't match.
if LC_ALL=C grep -q -m 1 -i -e "^net.ipv4.conf.default.accept_redirects\\&gt;" "${SYSCONFIG_FILE}"; then
    escaped_formatted_output=$(sed -e 's|/|\\/|g' &lt;&lt;&lt; "$formatted_output")
    LC_ALL=C sed -i --follow-symlinks "s/^net.ipv4.conf.default.accept_redirects\\&gt;.*/$escaped_formatted_output/gi" "${SYSCONFIG_FILE}"
else
    if [[ -s "${SYSCONFIG_FILE}" ]] &amp;&amp; [[ -n "$(tail -c 1 -- "${SYSCONFIG_FILE}" || true)" ]]; then
        LC_ALL=C sed -i --follow-symlinks '$a'\\ "${SYSCONFIG_FILE}"
    fi
    printf '%s\n' "$formatted_output" &gt;&gt; "${SYSCONFIG_FILE}"
fi

else
    &gt;&amp;2 echo 'Remediation is not applicable, nothing was done'
fi
</fix>
            <check system="http://oval.mitre.org/XMLSchema/oval-definitions-5">
              <check-export export-name="oval:ssg-sysctl_net_ipv4_conf_default_accept_redirects_value:var:1" value-id="xccdf_org.ssgproject.content_value_sysctl_net_ipv4_conf_default_accept_redirects_value"/>
              <check-content-ref name="oval:ssg-sysctl_net_ipv4_conf_default_accept_redirects:def:1" href="ssg-ubuntu2404-oval.xml"/>
            </check>
            <check system="http://scap.nist.gov/schema/ocil/2">
              <check-content-ref name="ocil:ssg-sysctl_net_ipv4_conf_default_accept_redirects_ocil:questionnaire:1" href="ssg-ubuntu2404-ocil.xml"/>
            </check>
          </Rule>
          <Rule id="xccdf_org.ssgproject.content_rule_sysctl_net_ipv4_conf_default_accept_source_route" selected="false" role="full" severity="medium">
            <title xmlns:xhtml="http://www.w3.org/1999/xhtml" xml:lang="en-US">Disable Kernel Parameter for Accepting Source-Routed Packets on IPv4 Interfaces by Default</title>
            <description xmlns:xhtml="http://www.w3.org/1999/xhtml" xml:lang="en-US">To set the runtime status of the <html:code xmlns:html="http://www.w3.org/1999/xhtml">net.ipv4.conf.default.accept_source_route</html:code> kernel parameter, run the following command: <html:pre xmlns:html="http://www.w3.org/1999/xhtml">$ sudo sysctl -w net.ipv4.conf.default.accept_source_route=0</html:pre>
To make sure that the setting is persistent, add the following line to a file in the directory <html:code xmlns:html="http://www.w3.org/1999/xhtml">/etc/sysctl.d</html:code>: <html:pre xmlns:html="http://www.w3.org/1999/xhtml">net.ipv4.conf.default.accept_source_route = 0</html:pre>
        </description>
            <reference href="https://www.cisecurity.org/controls/">1</reference>
            <reference href="https://www.cisecurity.org/controls/">11</reference>
            <reference href="https://www.cisecurity.org/controls/">12</reference>
            <reference href="https://www.cisecurity.org/controls/">13</reference>
            <reference href="https://www.cisecurity.org/controls/">14</reference>
            <reference href="https://www.cisecurity.org/controls/">15</reference>
            <reference href="https://www.cisecurity.org/controls/">16</reference>
            <reference href="https://www.cisecurity.org/controls/">18</reference>
            <reference href="https://www.cisecurity.org/controls/">2</reference>
            <reference href="https://www.cisecurity.org/controls/">3</reference>
            <reference href="https://www.cisecurity.org/controls/">4</reference>
            <reference href="https://www.cisecurity.org/controls/">6</reference>
            <reference href="https://www.cisecurity.org/controls/">7</reference>
            <reference href="https://www.cisecurity.org/controls/">8</reference>
            <reference href="https://www.cisecurity.org/controls/">9</reference>
            <reference href="https://www.fbi.gov/file-repository/cjis-security-policy-v5_5_20160601-2-1.pdf">5.10.1.1</reference>
            <reference href="https://www.isaca.org/resources/cobit">APO01.06</reference>
            <reference href="https://www.isaca.org/resources/cobit">APO13.01</reference>
            <reference href="https://www.isaca.org/resources/cobit">BAI04.04</reference>
            <reference href="https://www.isaca.org/resources/cobit">BAI10.01</reference>
            <reference href="https://www.isaca.org/resources/cobit">BAI10.02</reference>
            <reference href="https://www.isaca.org/resources/cobit">BAI10.03</reference>
            <reference href="https://www.isaca.org/resources/cobit">BAI10.05</reference>
            <reference href="https://www.isaca.org/resources/cobit">DSS01.03</reference>
            <reference href="https://www.isaca.org/resources/cobit">DSS01.05</reference>
            <reference href="https://www.isaca.org/resources/cobit">DSS03.01</reference>
            <reference href="https://www.isaca.org/resources/cobit">DSS03.05</reference>
            <reference href="https://www.isaca.org/resources/cobit">DSS05.02</reference>
            <reference href="https://www.isaca.org/resources/cobit">DSS05.04</reference>
            <reference href="https://www.isaca.org/resources/cobit">DSS05.05</reference>
            <reference href="https://www.isaca.org/resources/cobit">DSS05.07</reference>
            <reference href="https://www.isaca.org/resources/cobit">DSS06.02</reference>
            <reference href="https://www.isaca.org/resources/cobit">DSS06.06</reference>
            <reference href="http://nvlpubs.nist.gov/nistpubs/SpecialPublications/NIST.SP.800-171.pdf">3.1.20</reference>
            <reference href="https://public.cyber.mil/stigs/cci/">CCI-000366</reference>
            <reference href="https://www.isa.org/products/isa-62443-2-1-2009-security-for-industrial-automat">4.2.3.4</reference>
            <reference href="https://www.isa.org/products/isa-62443-2-1-2009-security-for-industrial-automat">4.3.3.4</reference>
            <reference href="https://www.isa.org/products/isa-62443-2-1-2009-security-for-industrial-automat">4.3.3.5.1</reference>
            <reference href="https://www.isa.org/products/isa-62443-2-1-2009-security-for-industrial-automat">4.3.3.5.2</reference>
            <reference href="https://www.isa.org/products/isa-62443-2-1-2009-security-for-industrial-automat">4.3.3.5.3</reference>
            <reference href="https://www.isa.org/products/isa-62443-2-1-2009-security-for-industrial-automat">4.3.3.5.4</reference>
            <reference href="https://www.isa.org/products/isa-62443-2-1-2009-security-for-industrial-automat">4.3.3.5.5</reference>
            <reference href="https://www.isa.org/products/isa-62443-2-1-2009-security-for-industrial-automat">4.3.3.5.6</reference>
            <reference href="https://www.isa.org/products/isa-62443-2-1-2009-security-for-industrial-automat">4.3.3.5.7</reference>
            <reference href="https://www.isa.org/products/isa-62443-2-1-2009-security-for-industrial-automat">4.3.3.5.8</reference>
            <reference href="https://www.isa.org/products/isa-62443-2-1-2009-security-for-industrial-automat">4.3.3.6.1</reference>
            <reference href="https://www.isa.org/products/isa-62443-2-1-2009-security-for-industrial-automat">4.3.3.6.2</reference>
            <reference href="https://www.isa.org/products/isa-62443-2-1-2009-security-for-industrial-automat">4.3.3.6.3</reference>
            <reference href="https://www.isa.org/products/isa-62443-2-1-2009-security-for-industrial-automat">4.3.3.6.4</reference>
            <reference href="https://www.isa.org/products/isa-62443-2-1-2009-security-for-industrial-automat">4.3.3.6.5</reference>
            <reference href="https://www.isa.org/products/isa-62443-2-1-2009-security-for-industrial-automat">4.3.3.6.6</reference>
            <reference href="https://www.isa.org/products/isa-62443-2-1-2009-security-for-industrial-automat">4.3.3.6.7</reference>
            <reference href="https://www.isa.org/products/isa-62443-2-1-2009-security-for-industrial-automat">4.3.3.6.8</reference>
            <reference href="https://www.isa.org/products/isa-62443-2-1-2009-security-for-industrial-automat">4.3.3.6.9</reference>
            <reference href="https://www.isa.org/products/isa-62443-2-1-2009-security-for-industrial-automat">4.3.3.7.1</reference>
            <reference href="https://www.isa.org/products/isa-62443-2-1-2009-security-for-industrial-automat">4.3.3.7.2</reference>
            <reference href="https://www.isa.org/products/isa-62443-2-1-2009-security-for-industrial-automat">4.3.3.7.3</reference>
            <reference href="https://www.isa.org/products/isa-62443-2-1-2009-security-for-industrial-automat">4.3.3.7.4</reference>
            <reference href="https://www.isa.org/products/isa-62443-2-1-2009-security-for-industrial-automat">4.3.4.3.2</reference>
            <reference href="https://www.isa.org/products/isa-62443-2-1-2009-security-for-industrial-automat">4.3.4.3.3</reference>
            <reference href="https://www.isa.org/products/isa-62443-2-1-2009-security-for-industrial-automat">4.4.3.3</reference>
            <reference href="https://www.isa.org/products/ansi-isa-62443-3-3-99-03-03-2013-security-for-indu">SR 1.1</reference>
            <reference href="https://www.isa.org/products/ansi-isa-62443-3-3-99-03-03-2013-security-for-indu">SR 1.10</reference>
            <reference href="https://www.isa.org/products/ansi-isa-62443-3-3-99-03-03-2013-security-for-indu">SR 1.11</reference>
            <reference href="https://www.isa.org/products/ansi-isa-62443-3-3-99-03-03-2013-security-for-indu">SR 1.12</reference>
            <reference href="https://www.isa.org/products/ansi-isa-62443-3-3-99-03-03-2013-security-for-indu">SR 1.13</reference>
            <reference href="https://www.isa.org/products/ansi-isa-62443-3-3-99-03-03-2013-security-for-indu">SR 1.2</reference>
            <reference href="https://www.isa.org/products/ansi-isa-62443-3-3-99-03-03-2013-security-for-indu">SR 1.3</reference>
            <reference href="https://www.isa.org/products/ansi-isa-62443-3-3-99-03-03-2013-security-for-indu">SR 1.4</reference>
            <reference href="https://www.isa.org/products/ansi-isa-62443-3-3-99-03-03-2013-security-for-indu">SR 1.5</reference>
            <reference href="https://www.isa.org/products/ansi-isa-62443-3-3-99-03-03-2013-security-for-indu">SR 1.6</reference>
            <reference href="https://www.isa.org/products/ansi-isa-62443-3-3-99-03-03-2013-security-for-indu">SR 1.7</reference>
            <reference href="https://www.isa.org/products/ansi-isa-62443-3-3-99-03-03-2013-security-for-indu">SR 1.8</reference>
            <reference href="https://www.isa.org/products/ansi-isa-62443-3-3-99-03-03-2013-security-for-indu">SR 1.9</reference>
            <reference href="https://www.isa.org/products/ansi-isa-62443-3-3-99-03-03-2013-security-for-indu">SR 2.1</reference>
            <reference href="https://www.isa.org/products/ansi-isa-62443-3-3-99-03-03-2013-security-for-indu">SR 2.2</reference>
            <reference href="https://www.isa.org/products/ansi-isa-62443-3-3-99-03-03-2013-security-for-indu">SR 2.3</reference>
            <reference href="https://www.isa.org/products/ansi-isa-62443-3-3-99-03-03-2013-security-for-indu">SR 2.4</reference>
            <reference href="https://www.isa.org/products/ansi-isa-62443-3-3-99-03-03-2013-security-for-indu">SR 2.5</reference>
            <reference href="https://www.isa.org/products/ansi-isa-62443-3-3-99-03-03-2013-security-for-indu">SR 2.6</reference>
            <reference href="https://www.isa.org/products/ansi-isa-62443-3-3-99-03-03-2013-security-for-indu">SR 2.7</reference>
            <reference href="https://www.isa.org/products/ansi-isa-62443-3-3-99-03-03-2013-security-for-indu">SR 3.1</reference>
            <reference href="https://www.isa.org/products/ansi-isa-62443-3-3-99-03-03-2013-security-for-indu">SR 3.5</reference>
            <reference href="https://www.isa.org/products/ansi-isa-62443-3-3-99-03-03-2013-security-for-indu">SR 3.8</reference>
            <reference href="https://www.isa.org/products/ansi-isa-62443-3-3-99-03-03-2013-security-for-indu">SR 4.1</reference>
            <reference href="https://www.isa.org/products/ansi-isa-62443-3-3-99-03-03-2013-security-for-indu">SR 4.3</reference>
            <reference href="https://www.isa.org/products/ansi-isa-62443-3-3-99-03-03-2013-security-for-indu">SR 5.1</reference>
            <reference href="https://www.isa.org/products/ansi-isa-62443-3-3-99-03-03-2013-security-for-indu">SR 5.2</reference>
            <reference href="https://www.isa.org/products/ansi-isa-62443-3-3-99-03-03-2013-security-for-indu">SR 5.3</reference>
            <reference href="https://www.isa.org/products/ansi-isa-62443-3-3-99-03-03-2013-security-for-indu">SR 6.2</reference>
            <reference href="https://www.isa.org/products/ansi-isa-62443-3-3-99-03-03-2013-security-for-indu">SR 7.1</reference>
            <reference href="https://www.isa.org/products/ansi-isa-62443-3-3-99-03-03-2013-security-for-indu">SR 7.2</reference>
            <reference href="https://www.isa.org/products/ansi-isa-62443-3-3-99-03-03-2013-security-for-indu">SR 7.6</reference>
            <reference href="https://www.iso.org/contents/data/standard/05/45/54534.html">A.10.1.1</reference>
            <reference href="https://www.iso.org/contents/data/standard/05/45/54534.html">A.11.1.4</reference>
            <reference href="https://www.iso.org/contents/data/standard/05/45/54534.html">A.11.1.5</reference>
            <reference href="https://www.iso.org/contents/data/standard/05/45/54534.html">A.11.2.1</reference>
            <reference href="https://www.iso.org/contents/data/standard/05/45/54534.html">A.12.1.1</reference>
            <reference href="https://www.iso.org/contents/data/standard/05/45/54534.html">A.12.1.2</reference>
            <reference href="https://www.iso.org/contents/data/standard/05/45/54534.html">A.12.1.3</reference>
            <reference href="https://www.iso.org/contents/data/standard/05/45/54534.html">A.12.5.1</reference>
            <reference href="https://www.iso.org/contents/data/standard/05/45/54534.html">A.12.6.2</reference>
            <reference href="https://www.iso.org/contents/data/standard/05/45/54534.html">A.13.1.1</reference>
            <reference href="https://www.iso.org/contents/data/standard/05/45/54534.html">A.13.1.2</reference>
            <reference href="https://www.iso.org/contents/data/standard/05/45/54534.html">A.13.1.3</reference>
            <reference href="https://www.iso.org/contents/data/standard/05/45/54534.html">A.13.2.1</reference>
            <reference href="https://www.iso.org/contents/data/standard/05/45/54534.html">A.13.2.2</reference>
            <reference href="https://www.iso.org/contents/data/standard/05/45/54534.html">A.13.2.3</reference>
            <reference href="https://www.iso.org/contents/data/standard/05/45/54534.html">A.13.2.4</reference>
            <reference href="https://www.iso.org/contents/data/standard/05/45/54534.html">A.14.1.2</reference>
            <reference href="https://www.iso.org/contents/data/standard/05/45/54534.html">A.14.1.3</reference>
            <reference href="https://www.iso.org/contents/data/standard/05/45/54534.html">A.14.2.2</reference>
            <reference href="https://www.iso.org/contents/data/standard/05/45/54534.html">A.14.2.3</reference>
            <reference href="https://www.iso.org/contents/data/standard/05/45/54534.html">A.14.2.4</reference>
            <reference href="https://www.iso.org/contents/data/standard/05/45/54534.html">A.17.2.1</reference>
            <reference href="https://www.iso.org/contents/data/standard/05/45/54534.html">A.6.1.2</reference>
            <reference href="https://www.iso.org/contents/data/standard/05/45/54534.html">A.7.1.1</reference>
            <reference href="https://www.iso.org/contents/data/standard/05/45/54534.html">A.7.1.2</reference>
            <reference href="https://www.iso.org/contents/data/standard/05/45/54534.html">A.7.3.1</reference>
            <reference href="https://www.iso.org/contents/data/standard/05/45/54534.html">A.8.2.2</reference>
            <reference href="https://www.iso.org/contents/data/standard/05/45/54534.html">A.8.2.3</reference>
            <reference href="https://www.iso.org/contents/data/standard/05/45/54534.html">A.9.1.1</reference>
            <reference href="https://www.iso.org/contents/data/standard/05/45/54534.html">A.9.1.2</reference>
            <reference href="https://www.iso.org/contents/data/standard/05/45/54534.html">A.9.2.3</reference>
            <reference href="https://www.iso.org/contents/data/standard/05/45/54534.html">A.9.4.1</reference>
            <reference href="https://www.iso.org/contents/data/standard/05/45/54534.html">A.9.4.4</reference>
            <reference href="https://www.iso.org/contents/data/standard/05/45/54534.html">A.9.4.5</reference>
            <reference href="https://www.nerc.com/pa/Stand/AlignRep/One%20Stop%20Shop.xlsx">CIP-007-3 R4</reference>
            <reference href="https://www.nerc.com/pa/Stand/AlignRep/One%20Stop%20Shop.xlsx">CIP-007-3 R4.1</reference>
            <reference href="https://www.nerc.com/pa/Stand/AlignRep/One%20Stop%20Shop.xlsx">CIP-007-3 R4.2</reference>
            <reference href="https://www.nerc.com/pa/Stand/AlignRep/One%20Stop%20Shop.xlsx">CIP-007-3 R5.1</reference>
            <reference href="http://nvlpubs.nist.gov/nistpubs/SpecialPublications/NIST.SP.800-53r4.pdf">CM-7(a)</reference>
            <reference href="http://nvlpubs.nist.gov/nistpubs/SpecialPublications/NIST.SP.800-53r4.pdf">CM-7(b)</reference>
            <reference href="http://nvlpubs.nist.gov/nistpubs/SpecialPublications/NIST.SP.800-53r4.pdf">SC-5</reference>
            <reference href="http://nvlpubs.nist.gov/nistpubs/SpecialPublications/NIST.SP.800-53r4.pdf">SC-7(a)</reference>
            <reference href="https://nvlpubs.nist.gov/nistpubs/CSWP/NIST.CSWP.04162018.pdf">DE.AE-1</reference>
            <reference href="https://nvlpubs.nist.gov/nistpubs/CSWP/NIST.CSWP.04162018.pdf">DE.CM-1</reference>
            <reference href="https://nvlpubs.nist.gov/nistpubs/CSWP/NIST.CSWP.04162018.pdf">ID.AM-3</reference>
            <reference href="https://nvlpubs.nist.gov/nistpubs/CSWP/NIST.CSWP.04162018.pdf">PR.AC-5</reference>
            <reference href="https://nvlpubs.nist.gov/nistpubs/CSWP/NIST.CSWP.04162018.pdf">PR.DS-4</reference>
            <reference href="https://nvlpubs.nist.gov/nistpubs/CSWP/NIST.CSWP.04162018.pdf">PR.DS-5</reference>
            <reference href="https://nvlpubs.nist.gov/nistpubs/CSWP/NIST.CSWP.04162018.pdf">PR.IP-1</reference>
            <reference href="https://nvlpubs.nist.gov/nistpubs/CSWP/NIST.CSWP.04162018.pdf">PR.PT-3</reference>
            <reference href="https://nvlpubs.nist.gov/nistpubs/CSWP/NIST.CSWP.04162018.pdf">PR.PT-4</reference>
            <reference href="https://public.cyber.mil/stigs/downloads/?_dl_facet_stigs=operating-systems%2Cgeneral-purpose-os">SRG-OS-000480-GPOS-00227</reference>
            <reference href="https://cyber.gouv.fr/sites/default/files/document/linux_configuration-en-v2.pdf">R12</reference>
            <reference href="https://www.cisecurity.org/benchmark/ubuntu_linux/">3.3.8</reference>
            <rationale xmlns:xhtml="http://www.w3.org/1999/xhtml" xml:lang="en-US">Source-routed packets allow the source of the packet to suggest routers
forward the packet along a different path than configured on the router,
which can be used to bypass network security measures.
<html:br xmlns:html="http://www.w3.org/1999/xhtml"/>
Accepting source-routed packets in the IPv4 protocol has few legitimate
uses. It should be disabled unless it is absolutely required, such as when
IPv4 forwarding is enabled and the system is legitimately functioning as a
router.</rationale>
            <fix xmlns:xhtml="http://www.w3.org/1999/xhtml" id="sysctl_net_ipv4_conf_default_accept_source_route" system="urn:xccdf:fix:script:ansible" reboot="true" complexity="low" disruption="medium" strategy="disable">- name: Gather the package facts
  package_facts:
    manager: auto
  tags:
  - CJIS-5.10.1.1
  - NIST-800-171-3.1.20
  - NIST-800-53-CM-7(a)
  - NIST-800-53-CM-7(b)
  - NIST-800-53-SC-5
  - NIST-800-53-SC-7(a)
  - disable_strategy
  - low_complexity
  - medium_disruption
  - medium_severity
  - reboot_required
  - sysctl_net_ipv4_conf_default_accept_source_route

- name: List /etc/sysctl.d/*.conf files
  find:
    paths:
    - /etc/sysctl.d/
    - /run/sysctl.d/
    - /usr/local/lib/sysctl.d/
    contains: ^[\s]*net.ipv4.conf.default.accept_source_route.*$
    patterns: '*.conf'
    file_type: any
  register: find_sysctl_d
  when: '"linux-base" in ansible_facts.packages'
  tags:
  - CJIS-5.10.1.1
  - NIST-800-171-3.1.20
  - NIST-800-53-CM-7(a)
  - NIST-800-53-CM-7(b)
  - NIST-800-53-SC-5
  - NIST-800-53-SC-7(a)
  - disable_strategy
  - low_complexity
  - medium_disruption
  - medium_severity
  - reboot_required
  - sysctl_net_ipv4_conf_default_accept_source_route

- name: Comment out any occurrences of net.ipv4.conf.default.accept_source_route from
    config files
  replace:
    path: '{{ item.path }}'
    regexp: ^[\s]*net.ipv4.conf.default.accept_source_route
    replace: '#net.ipv4.conf.default.accept_source_route'
  loop: '{{ find_sysctl_d.files }}'
  when: '"linux-base" in ansible_facts.packages'
  tags:
  - CJIS-5.10.1.1
  - NIST-800-171-3.1.20
  - NIST-800-53-CM-7(a)
  - NIST-800-53-CM-7(b)
  - NIST-800-53-SC-5
  - NIST-800-53-SC-7(a)
  - disable_strategy
  - low_complexity
  - medium_disruption
  - medium_severity
  - reboot_required
  - sysctl_net_ipv4_conf_default_accept_source_route
- name: XCCDF Value sysctl_net_ipv4_conf_default_accept_source_route_value # promote to variable
  set_fact:
    sysctl_net_ipv4_conf_default_accept_source_route_value: !!str <xccdf-1.2:sub xmlns:xccdf-1.2="http://checklists.nist.gov/xccdf/1.2" idref="xccdf_org.ssgproject.content_value_sysctl_net_ipv4_conf_default_accept_source_route_value" use="legacy"/>
  tags:
    - always

- name: Ensure sysctl net.ipv4.conf.default.accept_source_route is set
  sysctl:
    name: net.ipv4.conf.default.accept_source_route
    value: '{{ sysctl_net_ipv4_conf_default_accept_source_route_value }}'
    sysctl_file: /etc/sysctl.conf
    state: present
    reload: true
  when: '"linux-base" in ansible_facts.packages'
  tags:
  - CJIS-5.10.1.1
  - NIST-800-171-3.1.20
  - NIST-800-53-CM-7(a)
  - NIST-800-53-CM-7(b)
  - NIST-800-53-SC-5
  - NIST-800-53-SC-7(a)
  - disable_strategy
  - low_complexity
  - medium_disruption
  - medium_severity
  - reboot_required
  - sysctl_net_ipv4_conf_default_accept_source_route
</fix>
            <fix xmlns:xhtml="http://www.w3.org/1999/xhtml" id="sysctl_net_ipv4_conf_default_accept_source_route" system="urn:xccdf:fix:script:sh" reboot="true" complexity="low" disruption="medium" strategy="disable"># Remediation is applicable only in certain platforms
if dpkg-query --show --showformat='${db:Status-Status}
' 'linux-base' 2&gt;/dev/null | grep -q ^installed; then

# Comment out any occurrences of net.ipv4.conf.default.accept_source_route from /etc/sysctl.d/*.conf files

for f in /etc/sysctl.d/*.conf /run/sysctl.d/*.conf /usr/local/lib/sysctl.d/*.conf; do


  # skip systemd-sysctl symlink (/etc/sysctl.d/99-sysctl.conf -&gt; /etc/sysctl.conf)
  if [[ "$(readlink -f "$f")" == "/etc/sysctl.conf" ]]; then continue; fi

  matching_list=$(grep -P '^(?!#).*[\s]*net.ipv4.conf.default.accept_source_route.*$' $f | uniq )
  if ! test -z "$matching_list"; then
    while IFS= read -r entry; do
      escaped_entry=$(sed -e 's|/|\\/|g' &lt;&lt;&lt; "$entry")
      # comment out "net.ipv4.conf.default.accept_source_route" matches to preserve user data
      sed -i --follow-symlinks "s/^${escaped_entry}$/# &amp;/g" $f
    done &lt;&lt;&lt; "$matching_list"
  fi
done

#
# Set sysctl config file which to save the desired value
#

SYSCONFIG_FILE="/etc/sysctl.conf"

sysctl_net_ipv4_conf_default_accept_source_route_value='<xccdf-1.2:sub xmlns:xccdf-1.2="http://checklists.nist.gov/xccdf/1.2" idref="xccdf_org.ssgproject.content_value_sysctl_net_ipv4_conf_default_accept_source_route_value" use="legacy"/>'


#
# Set runtime for net.ipv4.conf.default.accept_source_route
#
if [[ "$OSCAP_BOOTC_BUILD" != "YES" ]] ; then
    /sbin/sysctl -q -n -w net.ipv4.conf.default.accept_source_route="$sysctl_net_ipv4_conf_default_accept_source_route_value"
fi

#
# If net.ipv4.conf.default.accept_source_route present in /etc/sysctl.conf, change value to appropriate value
#	else, add "net.ipv4.conf.default.accept_source_route = value" to /etc/sysctl.conf
#

# Strip any search characters in the key arg so that the key can be replaced without
# adding any search characters to the config file.
stripped_key=$(sed 's/[\^=\$,;+]*//g' &lt;&lt;&lt; "^net.ipv4.conf.default.accept_source_route")

# shellcheck disable=SC2059
printf -v formatted_output "%s = %s" "$stripped_key" "$sysctl_net_ipv4_conf_default_accept_source_route_value"

# If the key exists, change it. Otherwise, add it to the config_file.
# We search for the key string followed by a word boundary (matched by \&gt;),
# so if we search for 'setting', 'setting2' won't match.
if LC_ALL=C grep -q -m 1 -i -e "^net.ipv4.conf.default.accept_source_route\\&gt;" "${SYSCONFIG_FILE}"; then
    escaped_formatted_output=$(sed -e 's|/|\\/|g' &lt;&lt;&lt; "$formatted_output")
    LC_ALL=C sed -i --follow-symlinks "s/^net.ipv4.conf.default.accept_source_route\\&gt;.*/$escaped_formatted_output/gi" "${SYSCONFIG_FILE}"
else
    if [[ -s "${SYSCONFIG_FILE}" ]] &amp;&amp; [[ -n "$(tail -c 1 -- "${SYSCONFIG_FILE}" || true)" ]]; then
        LC_ALL=C sed -i --follow-symlinks '$a'\\ "${SYSCONFIG_FILE}"
    fi
    printf '%s\n' "$formatted_output" &gt;&gt; "${SYSCONFIG_FILE}"
fi

else
    &gt;&amp;2 echo 'Remediation is not applicable, nothing was done'
fi
</fix>
            <check system="http://oval.mitre.org/XMLSchema/oval-definitions-5">
              <check-export export-name="oval:ssg-sysctl_net_ipv4_conf_default_accept_source_route_value:var:1" value-id="xccdf_org.ssgproject.content_value_sysctl_net_ipv4_conf_default_accept_source_route_value"/>
              <check-content-ref name="oval:ssg-sysctl_net_ipv4_conf_default_accept_source_route:def:1" href="ssg-ubuntu2404-oval.xml"/>
            </check>
            <check system="http://scap.nist.gov/schema/ocil/2">
              <check-content-ref name="ocil:ssg-sysctl_net_ipv4_conf_default_accept_source_route_ocil:questionnaire:1" href="ssg-ubuntu2404-ocil.xml"/>
            </check>
          </Rule>
          <Rule id="xccdf_org.ssgproject.content_rule_sysctl_net_ipv4_conf_default_log_martians" selected="false" role="full" severity="unknown">
            <title xmlns:xhtml="http://www.w3.org/1999/xhtml" xml:lang="en-US">Enable Kernel Paremeter to Log Martian Packets on all IPv4 Interfaces by Default</title>
            <description xmlns:xhtml="http://www.w3.org/1999/xhtml" xml:lang="en-US">To set the runtime status of the <html:code xmlns:html="http://www.w3.org/1999/xhtml">net.ipv4.conf.default.log_martians</html:code> kernel parameter, run the following command: <html:pre xmlns:html="http://www.w3.org/1999/xhtml">$ sudo sysctl -w net.ipv4.conf.default.log_martians=1</html:pre>
To make sure that the setting is persistent, add the following line to a file in the directory <html:code xmlns:html="http://www.w3.org/1999/xhtml">/etc/sysctl.d</html:code>: <html:pre xmlns:html="http://www.w3.org/1999/xhtml">net.ipv4.conf.default.log_martians = 1</html:pre>
        </description>
            <reference href="https://www.cisecurity.org/controls/">1</reference>
            <reference href="https://www.cisecurity.org/controls/">11</reference>
            <reference href="https://www.cisecurity.org/controls/">12</reference>
            <reference href="https://www.cisecurity.org/controls/">13</reference>
            <reference href="https://www.cisecurity.org/controls/">14</reference>
            <reference href="https://www.cisecurity.org/controls/">15</reference>
            <reference href="https://www.cisecurity.org/controls/">16</reference>
            <reference href="https://www.cisecurity.org/controls/">2</reference>
            <reference href="https://www.cisecurity.org/controls/">3</reference>
            <reference href="https://www.cisecurity.org/controls/">7</reference>
            <reference href="https://www.cisecurity.org/controls/">8</reference>
            <reference href="https://www.cisecurity.org/controls/">9</reference>
            <reference href="https://www.isaca.org/resources/cobit">APO13.01</reference>
            <reference href="https://www.isaca.org/resources/cobit">BAI04.04</reference>
            <reference href="https://www.isaca.org/resources/cobit">BAI10.01</reference>
            <reference href="https://www.isaca.org/resources/cobit">BAI10.02</reference>
            <reference href="https://www.isaca.org/resources/cobit">BAI10.03</reference>
            <reference href="https://www.isaca.org/resources/cobit">BAI10.05</reference>
            <reference href="https://www.isaca.org/resources/cobit">DSS01.03</reference>
            <reference href="https://www.isaca.org/resources/cobit">DSS01.04</reference>
            <reference href="https://www.isaca.org/resources/cobit">DSS03.05</reference>
            <reference href="https://www.isaca.org/resources/cobit">DSS05.02</reference>
            <reference href="https://www.isaca.org/resources/cobit">DSS05.03</reference>
            <reference href="https://www.isaca.org/resources/cobit">DSS05.05</reference>
            <reference href="https://www.isaca.org/resources/cobit">DSS05.07</reference>
            <reference href="https://www.isaca.org/resources/cobit">DSS06.06</reference>
            <reference href="http://nvlpubs.nist.gov/nistpubs/SpecialPublications/NIST.SP.800-171.pdf">3.1.20</reference>
            <reference href="https://public.cyber.mil/stigs/cci/">CCI-000366</reference>
            <reference href="https://www.isa.org/products/isa-62443-2-1-2009-security-for-industrial-automat">4.3.3.5.1</reference>
            <reference href="https://www.isa.org/products/isa-62443-2-1-2009-security-for-industrial-automat">4.3.3.5.2</reference>
            <reference href="https://www.isa.org/products/isa-62443-2-1-2009-security-for-industrial-automat">4.3.3.5.3</reference>
            <reference href="https://www.isa.org/products/isa-62443-2-1-2009-security-for-industrial-automat">4.3.3.5.4</reference>
            <reference href="https://www.isa.org/products/isa-62443-2-1-2009-security-for-industrial-automat">4.3.3.5.5</reference>
            <reference href="https://www.isa.org/products/isa-62443-2-1-2009-security-for-industrial-automat">4.3.3.5.6</reference>
            <reference href="https://www.isa.org/products/isa-62443-2-1-2009-security-for-industrial-automat">4.3.3.5.7</reference>
            <reference href="https://www.isa.org/products/isa-62443-2-1-2009-security-for-industrial-automat">4.3.3.5.8</reference>
            <reference href="https://www.isa.org/products/isa-62443-2-1-2009-security-for-industrial-automat">4.3.3.6.1</reference>
            <reference href="https://www.isa.org/products/isa-62443-2-1-2009-security-for-industrial-automat">4.3.3.6.2</reference>
            <reference href="https://www.isa.org/products/isa-62443-2-1-2009-security-for-industrial-automat">4.3.3.6.3</reference>
            <reference href="https://www.isa.org/products/isa-62443-2-1-2009-security-for-industrial-automat">4.3.3.6.4</reference>
            <reference href="https://www.isa.org/products/isa-62443-2-1-2009-security-for-industrial-automat">4.3.3.6.5</reference>
            <reference href="https://www.isa.org/products/isa-62443-2-1-2009-security-for-industrial-automat">4.3.3.6.6</reference>
            <reference href="https://www.isa.org/products/isa-62443-2-1-2009-security-for-industrial-automat">4.3.3.6.7</reference>
            <reference href="https://www.isa.org/products/isa-62443-2-1-2009-security-for-industrial-automat">4.3.3.6.8</reference>
            <reference href="https://www.isa.org/products/isa-62443-2-1-2009-security-for-industrial-automat">4.3.3.6.9</reference>
            <reference href="https://www.isa.org/products/isa-62443-2-1-2009-security-for-industrial-automat">4.3.3.7.1</reference>
            <reference href="https://www.isa.org/products/isa-62443-2-1-2009-security-for-industrial-automat">4.3.3.7.2</reference>
            <reference href="https://www.isa.org/products/isa-62443-2-1-2009-security-for-industrial-automat">4.3.3.7.3</reference>
            <reference href="https://www.isa.org/products/isa-62443-2-1-2009-security-for-industrial-automat">4.3.3.7.4</reference>
            <reference href="https://www.isa.org/products/isa-62443-2-1-2009-security-for-industrial-automat">4.3.4.3.2</reference>
            <reference href="https://www.isa.org/products/isa-62443-2-1-2009-security-for-industrial-automat">4.3.4.3.3</reference>
            <reference href="https://www.isa.org/products/ansi-isa-62443-3-3-99-03-03-2013-security-for-indu">SR 1.1</reference>
            <reference href="https://www.isa.org/products/ansi-isa-62443-3-3-99-03-03-2013-security-for-indu">SR 1.10</reference>
            <reference href="https://www.isa.org/products/ansi-isa-62443-3-3-99-03-03-2013-security-for-indu">SR 1.11</reference>
            <reference href="https://www.isa.org/products/ansi-isa-62443-3-3-99-03-03-2013-security-for-indu">SR 1.12</reference>
            <reference href="https://www.isa.org/products/ansi-isa-62443-3-3-99-03-03-2013-security-for-indu">SR 1.13</reference>
            <reference href="https://www.isa.org/products/ansi-isa-62443-3-3-99-03-03-2013-security-for-indu">SR 1.2</reference>
            <reference href="https://www.isa.org/products/ansi-isa-62443-3-3-99-03-03-2013-security-for-indu">SR 1.3</reference>
            <reference href="https://www.isa.org/products/ansi-isa-62443-3-3-99-03-03-2013-security-for-indu">SR 1.4</reference>
            <reference href="https://www.isa.org/products/ansi-isa-62443-3-3-99-03-03-2013-security-for-indu">SR 1.5</reference>
            <reference href="https://www.isa.org/products/ansi-isa-62443-3-3-99-03-03-2013-security-for-indu">SR 1.6</reference>
            <reference href="https://www.isa.org/products/ansi-isa-62443-3-3-99-03-03-2013-security-for-indu">SR 1.7</reference>
            <reference href="https://www.isa.org/products/ansi-isa-62443-3-3-99-03-03-2013-security-for-indu">SR 1.8</reference>
            <reference href="https://www.isa.org/products/ansi-isa-62443-3-3-99-03-03-2013-security-for-indu">SR 1.9</reference>
            <reference href="https://www.isa.org/products/ansi-isa-62443-3-3-99-03-03-2013-security-for-indu">SR 2.1</reference>
            <reference href="https://www.isa.org/products/ansi-isa-62443-3-3-99-03-03-2013-security-for-indu">SR 2.2</reference>
            <reference href="https://www.isa.org/products/ansi-isa-62443-3-3-99-03-03-2013-security-for-indu">SR 2.3</reference>
            <reference href="https://www.isa.org/products/ansi-isa-62443-3-3-99-03-03-2013-security-for-indu">SR 2.4</reference>
            <reference href="https://www.isa.org/products/ansi-isa-62443-3-3-99-03-03-2013-security-for-indu">SR 2.5</reference>
            <reference href="https://www.isa.org/products/ansi-isa-62443-3-3-99-03-03-2013-security-for-indu">SR 2.6</reference>
            <reference href="https://www.isa.org/products/ansi-isa-62443-3-3-99-03-03-2013-security-for-indu">SR 2.7</reference>
            <reference href="https://www.isa.org/products/ansi-isa-62443-3-3-99-03-03-2013-security-for-indu">SR 3.1</reference>
            <reference href="https://www.isa.org/products/ansi-isa-62443-3-3-99-03-03-2013-security-for-indu">SR 3.5</reference>
            <reference href="https://www.isa.org/products/ansi-isa-62443-3-3-99-03-03-2013-security-for-indu">SR 3.8</reference>
            <reference href="https://www.isa.org/products/ansi-isa-62443-3-3-99-03-03-2013-security-for-indu">SR 4.1</reference>
            <reference href="https://www.isa.org/products/ansi-isa-62443-3-3-99-03-03-2013-security-for-indu">SR 4.3</reference>
            <reference href="https://www.isa.org/products/ansi-isa-62443-3-3-99-03-03-2013-security-for-indu">SR 5.1</reference>
            <reference href="https://www.isa.org/products/ansi-isa-62443-3-3-99-03-03-2013-security-for-indu">SR 5.2</reference>
            <reference href="https://www.isa.org/products/ansi-isa-62443-3-3-99-03-03-2013-security-for-indu">SR 5.3</reference>
            <reference href="https://www.isa.org/products/ansi-isa-62443-3-3-99-03-03-2013-security-for-indu">SR 6.2</reference>
            <reference href="https://www.isa.org/products/ansi-isa-62443-3-3-99-03-03-2013-security-for-indu">SR 7.1</reference>
            <reference href="https://www.isa.org/products/ansi-isa-62443-3-3-99-03-03-2013-security-for-indu">SR 7.2</reference>
            <reference href="https://www.isa.org/products/ansi-isa-62443-3-3-99-03-03-2013-security-for-indu">SR 7.6</reference>
            <reference href="https://www.iso.org/contents/data/standard/05/45/54534.html">A.11.2.6</reference>
            <reference href="https://www.iso.org/contents/data/standard/05/45/54534.html">A.12.1.2</reference>
            <reference href="https://www.iso.org/contents/data/standard/05/45/54534.html">A.12.1.3</reference>
            <reference href="https://www.iso.org/contents/data/standard/05/45/54534.html">A.12.5.1</reference>
            <reference href="https://www.iso.org/contents/data/standard/05/45/54534.html">A.12.6.2</reference>
            <reference href="https://www.iso.org/contents/data/standard/05/45/54534.html">A.13.1.1</reference>
            <reference href="https://www.iso.org/contents/data/standard/05/45/54534.html">A.13.2.1</reference>
            <reference href="https://www.iso.org/contents/data/standard/05/45/54534.html">A.14.1.3</reference>
            <reference href="https://www.iso.org/contents/data/standard/05/45/54534.html">A.14.2.2</reference>
            <reference href="https://www.iso.org/contents/data/standard/05/45/54534.html">A.14.2.3</reference>
            <reference href="https://www.iso.org/contents/data/standard/05/45/54534.html">A.14.2.4</reference>
            <reference href="https://www.iso.org/contents/data/standard/05/45/54534.html">A.17.2.1</reference>
            <reference href="https://www.iso.org/contents/data/standard/05/45/54534.html">A.6.2.1</reference>
            <reference href="https://www.iso.org/contents/data/standard/05/45/54534.html">A.6.2.2</reference>
            <reference href="https://www.iso.org/contents/data/standard/05/45/54534.html">A.9.1.2</reference>
            <reference href="http://nvlpubs.nist.gov/nistpubs/SpecialPublications/NIST.SP.800-53r4.pdf">CM-7(a)</reference>
            <reference href="http://nvlpubs.nist.gov/nistpubs/SpecialPublications/NIST.SP.800-53r4.pdf">CM-7(b)</reference>
            <reference href="http://nvlpubs.nist.gov/nistpubs/SpecialPublications/NIST.SP.800-53r4.pdf">SC-5(3)(a)</reference>
            <reference href="https://nvlpubs.nist.gov/nistpubs/CSWP/NIST.CSWP.04162018.pdf">DE.CM-1</reference>
            <reference href="https://nvlpubs.nist.gov/nistpubs/CSWP/NIST.CSWP.04162018.pdf">PR.AC-3</reference>
            <reference href="https://nvlpubs.nist.gov/nistpubs/CSWP/NIST.CSWP.04162018.pdf">PR.DS-4</reference>
            <reference href="https://nvlpubs.nist.gov/nistpubs/CSWP/NIST.CSWP.04162018.pdf">PR.IP-1</reference>
            <reference href="https://nvlpubs.nist.gov/nistpubs/CSWP/NIST.CSWP.04162018.pdf">PR.PT-3</reference>
            <reference href="https://nvlpubs.nist.gov/nistpubs/CSWP/NIST.CSWP.04162018.pdf">PR.PT-4</reference>
            <reference href="https://public.cyber.mil/stigs/downloads/?_dl_facet_stigs=operating-systems%2Cgeneral-purpose-os">SRG-OS-000480-GPOS-00227</reference>
            <reference href="https://www.cisecurity.org/benchmark/ubuntu_linux/">3.3.9</reference>
            <rationale xmlns:xhtml="http://www.w3.org/1999/xhtml" xml:lang="en-US">The presence of "martian" packets (which have impossible addresses)
as well as spoofed packets, source-routed packets, and redirects could be a
sign of nefarious network activity. Logging these packets enables this activity
to be detected.</rationale>
            <fix xmlns:xhtml="http://www.w3.org/1999/xhtml" id="sysctl_net_ipv4_conf_default_log_martians" system="urn:xccdf:fix:script:ansible" reboot="true" complexity="low" disruption="medium" strategy="disable">- name: Gather the package facts
  package_facts:
    manager: auto
  tags:
  - NIST-800-171-3.1.20
  - NIST-800-53-CM-7(a)
  - NIST-800-53-CM-7(b)
  - NIST-800-53-SC-5(3)(a)
  - disable_strategy
  - low_complexity
  - medium_disruption
  - reboot_required
  - sysctl_net_ipv4_conf_default_log_martians
  - unknown_severity

- name: List /etc/sysctl.d/*.conf files
  find:
    paths:
    - /etc/sysctl.d/
    - /run/sysctl.d/
    - /usr/local/lib/sysctl.d/
    contains: ^[\s]*net.ipv4.conf.default.log_martians.*$
    patterns: '*.conf'
    file_type: any
  register: find_sysctl_d
  when: '"linux-base" in ansible_facts.packages'
  tags:
  - NIST-800-171-3.1.20
  - NIST-800-53-CM-7(a)
  - NIST-800-53-CM-7(b)
  - NIST-800-53-SC-5(3)(a)
  - disable_strategy
  - low_complexity
  - medium_disruption
  - reboot_required
  - sysctl_net_ipv4_conf_default_log_martians
  - unknown_severity

- name: Comment out any occurrences of net.ipv4.conf.default.log_martians from config
    files
  replace:
    path: '{{ item.path }}'
    regexp: ^[\s]*net.ipv4.conf.default.log_martians
    replace: '#net.ipv4.conf.default.log_martians'
  loop: '{{ find_sysctl_d.files }}'
  when: '"linux-base" in ansible_facts.packages'
  tags:
  - NIST-800-171-3.1.20
  - NIST-800-53-CM-7(a)
  - NIST-800-53-CM-7(b)
  - NIST-800-53-SC-5(3)(a)
  - disable_strategy
  - low_complexity
  - medium_disruption
  - reboot_required
  - sysctl_net_ipv4_conf_default_log_martians
  - unknown_severity
- name: XCCDF Value sysctl_net_ipv4_conf_default_log_martians_value # promote to variable
  set_fact:
    sysctl_net_ipv4_conf_default_log_martians_value: !!str <xccdf-1.2:sub xmlns:xccdf-1.2="http://checklists.nist.gov/xccdf/1.2" idref="xccdf_org.ssgproject.content_value_sysctl_net_ipv4_conf_default_log_martians_value" use="legacy"/>
  tags:
    - always

- name: Ensure sysctl net.ipv4.conf.default.log_martians is set
  sysctl:
    name: net.ipv4.conf.default.log_martians
    value: '{{ sysctl_net_ipv4_conf_default_log_martians_value }}'
    sysctl_file: /etc/sysctl.conf
    state: present
    reload: true
  when: '"linux-base" in ansible_facts.packages'
  tags:
  - NIST-800-171-3.1.20
  - NIST-800-53-CM-7(a)
  - NIST-800-53-CM-7(b)
  - NIST-800-53-SC-5(3)(a)
  - disable_strategy
  - low_complexity
  - medium_disruption
  - reboot_required
  - sysctl_net_ipv4_conf_default_log_martians
  - unknown_severity
</fix>
            <fix xmlns:xhtml="http://www.w3.org/1999/xhtml" id="sysctl_net_ipv4_conf_default_log_martians" system="urn:xccdf:fix:script:sh" reboot="true" complexity="low" disruption="medium" strategy="disable"># Remediation is applicable only in certain platforms
if dpkg-query --show --showformat='${db:Status-Status}
' 'linux-base' 2&gt;/dev/null | grep -q ^installed; then

# Comment out any occurrences of net.ipv4.conf.default.log_martians from /etc/sysctl.d/*.conf files

for f in /etc/sysctl.d/*.conf /run/sysctl.d/*.conf /usr/local/lib/sysctl.d/*.conf; do


  # skip systemd-sysctl symlink (/etc/sysctl.d/99-sysctl.conf -&gt; /etc/sysctl.conf)
  if [[ "$(readlink -f "$f")" == "/etc/sysctl.conf" ]]; then continue; fi

  matching_list=$(grep -P '^(?!#).*[\s]*net.ipv4.conf.default.log_martians.*$' $f | uniq )
  if ! test -z "$matching_list"; then
    while IFS= read -r entry; do
      escaped_entry=$(sed -e 's|/|\\/|g' &lt;&lt;&lt; "$entry")
      # comment out "net.ipv4.conf.default.log_martians" matches to preserve user data
      sed -i --follow-symlinks "s/^${escaped_entry}$/# &amp;/g" $f
    done &lt;&lt;&lt; "$matching_list"
  fi
done

#
# Set sysctl config file which to save the desired value
#

SYSCONFIG_FILE="/etc/sysctl.conf"

sysctl_net_ipv4_conf_default_log_martians_value='<xccdf-1.2:sub xmlns:xccdf-1.2="http://checklists.nist.gov/xccdf/1.2" idref="xccdf_org.ssgproject.content_value_sysctl_net_ipv4_conf_default_log_martians_value" use="legacy"/>'


#
# Set runtime for net.ipv4.conf.default.log_martians
#
if [[ "$OSCAP_BOOTC_BUILD" != "YES" ]] ; then
    /sbin/sysctl -q -n -w net.ipv4.conf.default.log_martians="$sysctl_net_ipv4_conf_default_log_martians_value"
fi

#
# If net.ipv4.conf.default.log_martians present in /etc/sysctl.conf, change value to appropriate value
#	else, add "net.ipv4.conf.default.log_martians = value" to /etc/sysctl.conf
#

# Strip any search characters in the key arg so that the key can be replaced without
# adding any search characters to the config file.
stripped_key=$(sed 's/[\^=\$,;+]*//g' &lt;&lt;&lt; "^net.ipv4.conf.default.log_martians")

# shellcheck disable=SC2059
printf -v formatted_output "%s = %s" "$stripped_key" "$sysctl_net_ipv4_conf_default_log_martians_value"

# If the key exists, change it. Otherwise, add it to the config_file.
# We search for the key string followed by a word boundary (matched by \&gt;),
# so if we search for 'setting', 'setting2' won't match.
if LC_ALL=C grep -q -m 1 -i -e "^net.ipv4.conf.default.log_martians\\&gt;" "${SYSCONFIG_FILE}"; then
    escaped_formatted_output=$(sed -e 's|/|\\/|g' &lt;&lt;&lt; "$formatted_output")
    LC_ALL=C sed -i --follow-symlinks "s/^net.ipv4.conf.default.log_martians\\&gt;.*/$escaped_formatted_output/gi" "${SYSCONFIG_FILE}"
else
    if [[ -s "${SYSCONFIG_FILE}" ]] &amp;&amp; [[ -n "$(tail -c 1 -- "${SYSCONFIG_FILE}" || true)" ]]; then
        LC_ALL=C sed -i --follow-symlinks '$a'\\ "${SYSCONFIG_FILE}"
    fi
    printf '%s\n' "$formatted_output" &gt;&gt; "${SYSCONFIG_FILE}"
fi

else
    &gt;&amp;2 echo 'Remediation is not applicable, nothing was done'
fi
</fix>
            <check system="http://oval.mitre.org/XMLSchema/oval-definitions-5">
              <check-export export-name="oval:ssg-sysctl_net_ipv4_conf_default_log_martians_value:var:1" value-id="xccdf_org.ssgproject.content_value_sysctl_net_ipv4_conf_default_log_martians_value"/>
              <check-content-ref name="oval:ssg-sysctl_net_ipv4_conf_default_log_martians:def:1" href="ssg-ubuntu2404-oval.xml"/>
            </check>
            <check system="http://scap.nist.gov/schema/ocil/2">
              <check-content-ref name="ocil:ssg-sysctl_net_ipv4_conf_default_log_martians_ocil:questionnaire:1" href="ssg-ubuntu2404-ocil.xml"/>
            </check>
          </Rule>
          <Rule id="xccdf_org.ssgproject.content_rule_sysctl_net_ipv4_conf_default_rp_filter" selected="false" role="full" severity="medium">
            <title xmlns:xhtml="http://www.w3.org/1999/xhtml" xml:lang="en-US">Enable Kernel Parameter to Use Reverse Path Filtering on all IPv4 Interfaces by Default</title>
            <description xmlns:xhtml="http://www.w3.org/1999/xhtml" xml:lang="en-US">To set the runtime status of the <html:code xmlns:html="http://www.w3.org/1999/xhtml">net.ipv4.conf.default.rp_filter</html:code> kernel parameter, run the following command: <html:pre xmlns:html="http://www.w3.org/1999/xhtml">$ sudo sysctl -w net.ipv4.conf.default.rp_filter=1</html:pre>
To make sure that the setting is persistent, add the following line to a file in the directory <html:code xmlns:html="http://www.w3.org/1999/xhtml">/etc/sysctl.d</html:code>: <html:pre xmlns:html="http://www.w3.org/1999/xhtml">net.ipv4.conf.default.rp_filter = 1</html:pre>
        </description>
            <reference href="https://www.cisecurity.org/controls/">1</reference>
            <reference href="https://www.cisecurity.org/controls/">12</reference>
            <reference href="https://www.cisecurity.org/controls/">13</reference>
            <reference href="https://www.cisecurity.org/controls/">14</reference>
            <reference href="https://www.cisecurity.org/controls/">15</reference>
            <reference href="https://www.cisecurity.org/controls/">16</reference>
            <reference href="https://www.cisecurity.org/controls/">18</reference>
            <reference href="https://www.cisecurity.org/controls/">2</reference>
            <reference href="https://www.cisecurity.org/controls/">4</reference>
            <reference href="https://www.cisecurity.org/controls/">6</reference>
            <reference href="https://www.cisecurity.org/controls/">7</reference>
            <reference href="https://www.cisecurity.org/controls/">8</reference>
            <reference href="https://www.cisecurity.org/controls/">9</reference>
            <reference href="https://www.isaca.org/resources/cobit">APO01.06</reference>
            <reference href="https://www.isaca.org/resources/cobit">APO13.01</reference>
            <reference href="https://www.isaca.org/resources/cobit">BAI04.04</reference>
            <reference href="https://www.isaca.org/resources/cobit">DSS01.03</reference>
            <reference href="https://www.isaca.org/resources/cobit">DSS01.05</reference>
            <reference href="https://www.isaca.org/resources/cobit">DSS03.01</reference>
            <reference href="https://www.isaca.org/resources/cobit">DSS03.05</reference>
            <reference href="https://www.isaca.org/resources/cobit">DSS05.02</reference>
            <reference href="https://www.isaca.org/resources/cobit">DSS05.04</reference>
            <reference href="https://www.isaca.org/resources/cobit">DSS05.07</reference>
            <reference href="https://www.isaca.org/resources/cobit">DSS06.02</reference>
            <reference href="http://nvlpubs.nist.gov/nistpubs/SpecialPublications/NIST.SP.800-171.pdf">3.1.20</reference>
            <reference href="https://public.cyber.mil/stigs/cci/">CCI-000366</reference>
            <reference href="https://www.isa.org/products/isa-62443-2-1-2009-security-for-industrial-automat">4.2.3.4</reference>
            <reference href="https://www.isa.org/products/isa-62443-2-1-2009-security-for-industrial-automat">4.3.3.4</reference>
            <reference href="https://www.isa.org/products/isa-62443-2-1-2009-security-for-industrial-automat">4.4.3.3</reference>
            <reference href="https://www.isa.org/products/ansi-isa-62443-3-3-99-03-03-2013-security-for-indu">SR 3.1</reference>
            <reference href="https://www.isa.org/products/ansi-isa-62443-3-3-99-03-03-2013-security-for-indu">SR 3.5</reference>
            <reference href="https://www.isa.org/products/ansi-isa-62443-3-3-99-03-03-2013-security-for-indu">SR 3.8</reference>
            <reference href="https://www.isa.org/products/ansi-isa-62443-3-3-99-03-03-2013-security-for-indu">SR 4.1</reference>
            <reference href="https://www.isa.org/products/ansi-isa-62443-3-3-99-03-03-2013-security-for-indu">SR 4.3</reference>
            <reference href="https://www.isa.org/products/ansi-isa-62443-3-3-99-03-03-2013-security-for-indu">SR 5.1</reference>
            <reference href="https://www.isa.org/products/ansi-isa-62443-3-3-99-03-03-2013-security-for-indu">SR 5.2</reference>
            <reference href="https://www.isa.org/products/ansi-isa-62443-3-3-99-03-03-2013-security-for-indu">SR 5.3</reference>
            <reference href="https://www.isa.org/products/ansi-isa-62443-3-3-99-03-03-2013-security-for-indu">SR 6.2</reference>
            <reference href="https://www.isa.org/products/ansi-isa-62443-3-3-99-03-03-2013-security-for-indu">SR 7.1</reference>
            <reference href="https://www.isa.org/products/ansi-isa-62443-3-3-99-03-03-2013-security-for-indu">SR 7.2</reference>
            <reference href="https://www.isa.org/products/ansi-isa-62443-3-3-99-03-03-2013-security-for-indu">SR 7.6</reference>
            <reference href="https://www.iso.org/contents/data/standard/05/45/54534.html">A.10.1.1</reference>
            <reference href="https://www.iso.org/contents/data/standard/05/45/54534.html">A.11.1.4</reference>
            <reference href="https://www.iso.org/contents/data/standard/05/45/54534.html">A.11.1.5</reference>
            <reference href="https://www.iso.org/contents/data/standard/05/45/54534.html">A.11.2.1</reference>
            <reference href="https://www.iso.org/contents/data/standard/05/45/54534.html">A.12.1.1</reference>
            <reference href="https://www.iso.org/contents/data/standard/05/45/54534.html">A.12.1.2</reference>
            <reference href="https://www.iso.org/contents/data/standard/05/45/54534.html">A.12.1.3</reference>
            <reference href="https://www.iso.org/contents/data/standard/05/45/54534.html">A.13.1.1</reference>
            <reference href="https://www.iso.org/contents/data/standard/05/45/54534.html">A.13.1.2</reference>
            <reference href="https://www.iso.org/contents/data/standard/05/45/54534.html">A.13.1.3</reference>
            <reference href="https://www.iso.org/contents/data/standard/05/45/54534.html">A.13.2.1</reference>
            <reference href="https://www.iso.org/contents/data/standard/05/45/54534.html">A.13.2.2</reference>
            <reference href="https://www.iso.org/contents/data/standard/05/45/54534.html">A.13.2.3</reference>
            <reference href="https://www.iso.org/contents/data/standard/05/45/54534.html">A.13.2.4</reference>
            <reference href="https://www.iso.org/contents/data/standard/05/45/54534.html">A.14.1.2</reference>
            <reference href="https://www.iso.org/contents/data/standard/05/45/54534.html">A.14.1.3</reference>
            <reference href="https://www.iso.org/contents/data/standard/05/45/54534.html">A.17.2.1</reference>
            <reference href="https://www.iso.org/contents/data/standard/05/45/54534.html">A.6.1.2</reference>
            <reference href="https://www.iso.org/contents/data/standard/05/45/54534.html">A.7.1.1</reference>
            <reference href="https://www.iso.org/contents/data/standard/05/45/54534.html">A.7.1.2</reference>
            <reference href="https://www.iso.org/contents/data/standard/05/45/54534.html">A.7.3.1</reference>
            <reference href="https://www.iso.org/contents/data/standard/05/45/54534.html">A.8.2.2</reference>
            <reference href="https://www.iso.org/contents/data/standard/05/45/54534.html">A.8.2.3</reference>
            <reference href="https://www.iso.org/contents/data/standard/05/45/54534.html">A.9.1.1</reference>
            <reference href="https://www.iso.org/contents/data/standard/05/45/54534.html">A.9.1.2</reference>
            <reference href="https://www.iso.org/contents/data/standard/05/45/54534.html">A.9.2.3</reference>
            <reference href="https://www.iso.org/contents/data/standard/05/45/54534.html">A.9.4.1</reference>
            <reference href="https://www.iso.org/contents/data/standard/05/45/54534.html">A.9.4.4</reference>
            <reference href="https://www.iso.org/contents/data/standard/05/45/54534.html">A.9.4.5</reference>
            <reference href="http://nvlpubs.nist.gov/nistpubs/SpecialPublications/NIST.SP.800-53r4.pdf">CM-7(a)</reference>
            <reference href="http://nvlpubs.nist.gov/nistpubs/SpecialPublications/NIST.SP.800-53r4.pdf">CM-7(b)</reference>
            <reference href="http://nvlpubs.nist.gov/nistpubs/SpecialPublications/NIST.SP.800-53r4.pdf">CM-6(a)</reference>
            <reference href="http://nvlpubs.nist.gov/nistpubs/SpecialPublications/NIST.SP.800-53r4.pdf">SC-7(a)</reference>
            <reference href="https://nvlpubs.nist.gov/nistpubs/CSWP/NIST.CSWP.04162018.pdf">DE.AE-1</reference>
            <reference href="https://nvlpubs.nist.gov/nistpubs/CSWP/NIST.CSWP.04162018.pdf">DE.CM-1</reference>
            <reference href="https://nvlpubs.nist.gov/nistpubs/CSWP/NIST.CSWP.04162018.pdf">ID.AM-3</reference>
            <reference href="https://nvlpubs.nist.gov/nistpubs/CSWP/NIST.CSWP.04162018.pdf">PR.AC-5</reference>
            <reference href="https://nvlpubs.nist.gov/nistpubs/CSWP/NIST.CSWP.04162018.pdf">PR.DS-4</reference>
            <reference href="https://nvlpubs.nist.gov/nistpubs/CSWP/NIST.CSWP.04162018.pdf">PR.DS-5</reference>
            <reference href="https://nvlpubs.nist.gov/nistpubs/CSWP/NIST.CSWP.04162018.pdf">PR.PT-4</reference>
            <reference href="https://public.cyber.mil/stigs/downloads/?_dl_facet_stigs=operating-systems%2Cgeneral-purpose-os">SRG-OS-000480-GPOS-00227</reference>
            <reference href="https://cyber.gouv.fr/sites/default/files/document/linux_configuration-en-v2.pdf">R12</reference>
            <reference href="https://www.cisecurity.org/benchmark/ubuntu_linux/">3.3.7</reference>
            <rationale xmlns:xhtml="http://www.w3.org/1999/xhtml" xml:lang="en-US">Enabling reverse path filtering drops packets with source addresses
that should not have been able to be received on the interface they were
received on. It should not be used on systems which are routers for
complicated networks, but is helpful for end hosts and routers serving small
networks.</rationale>
            <fix xmlns:xhtml="http://www.w3.org/1999/xhtml" id="sysctl_net_ipv4_conf_default_rp_filter" system="urn:xccdf:fix:script:ansible" reboot="true" complexity="low" disruption="medium" strategy="disable">- name: Gather the package facts
  package_facts:
    manager: auto
  tags:
  - NIST-800-171-3.1.20
  - NIST-800-53-CM-6(a)
  - NIST-800-53-CM-7(a)
  - NIST-800-53-CM-7(b)
  - NIST-800-53-SC-7(a)
  - disable_strategy
  - low_complexity
  - medium_disruption
  - medium_severity
  - reboot_required
  - sysctl_net_ipv4_conf_default_rp_filter

- name: List /etc/sysctl.d/*.conf files
  find:
    paths:
    - /etc/sysctl.d/
    - /run/sysctl.d/
    - /usr/local/lib/sysctl.d/
    contains: ^[\s]*net.ipv4.conf.default.rp_filter.*$
    patterns: '*.conf'
    file_type: any
  register: find_sysctl_d
  when: '"linux-base" in ansible_facts.packages'
  tags:
  - NIST-800-171-3.1.20
  - NIST-800-53-CM-6(a)
  - NIST-800-53-CM-7(a)
  - NIST-800-53-CM-7(b)
  - NIST-800-53-SC-7(a)
  - disable_strategy
  - low_complexity
  - medium_disruption
  - medium_severity
  - reboot_required
  - sysctl_net_ipv4_conf_default_rp_filter

- name: Comment out any occurrences of net.ipv4.conf.default.rp_filter from config
    files
  replace:
    path: '{{ item.path }}'
    regexp: ^[\s]*net.ipv4.conf.default.rp_filter
    replace: '#net.ipv4.conf.default.rp_filter'
  loop: '{{ find_sysctl_d.files }}'
  when: '"linux-base" in ansible_facts.packages'
  tags:
  - NIST-800-171-3.1.20
  - NIST-800-53-CM-6(a)
  - NIST-800-53-CM-7(a)
  - NIST-800-53-CM-7(b)
  - NIST-800-53-SC-7(a)
  - disable_strategy
  - low_complexity
  - medium_disruption
  - medium_severity
  - reboot_required
  - sysctl_net_ipv4_conf_default_rp_filter
- name: XCCDF Value sysctl_net_ipv4_conf_default_rp_filter_value # promote to variable
  set_fact:
    sysctl_net_ipv4_conf_default_rp_filter_value: !!str <xccdf-1.2:sub xmlns:xccdf-1.2="http://checklists.nist.gov/xccdf/1.2" idref="xccdf_org.ssgproject.content_value_sysctl_net_ipv4_conf_default_rp_filter_value" use="legacy"/>
  tags:
    - always

- name: Ensure sysctl net.ipv4.conf.default.rp_filter is set
  sysctl:
    name: net.ipv4.conf.default.rp_filter
    value: '{{ sysctl_net_ipv4_conf_default_rp_filter_value }}'
    sysctl_file: /etc/sysctl.conf
    state: present
    reload: true
  when: '"linux-base" in ansible_facts.packages'
  tags:
  - NIST-800-171-3.1.20
  - NIST-800-53-CM-6(a)
  - NIST-800-53-CM-7(a)
  - NIST-800-53-CM-7(b)
  - NIST-800-53-SC-7(a)
  - disable_strategy
  - low_complexity
  - medium_disruption
  - medium_severity
  - reboot_required
  - sysctl_net_ipv4_conf_default_rp_filter
</fix>
            <fix xmlns:xhtml="http://www.w3.org/1999/xhtml" id="sysctl_net_ipv4_conf_default_rp_filter" system="urn:xccdf:fix:script:sh" reboot="true" complexity="low" disruption="medium" strategy="disable"># Remediation is applicable only in certain platforms
if dpkg-query --show --showformat='${db:Status-Status}
' 'linux-base' 2&gt;/dev/null | grep -q ^installed; then

# Comment out any occurrences of net.ipv4.conf.default.rp_filter from /etc/sysctl.d/*.conf files

for f in /etc/sysctl.d/*.conf /run/sysctl.d/*.conf /usr/local/lib/sysctl.d/*.conf; do


  # skip systemd-sysctl symlink (/etc/sysctl.d/99-sysctl.conf -&gt; /etc/sysctl.conf)
  if [[ "$(readlink -f "$f")" == "/etc/sysctl.conf" ]]; then continue; fi

  matching_list=$(grep -P '^(?!#).*[\s]*net.ipv4.conf.default.rp_filter.*$' $f | uniq )
  if ! test -z "$matching_list"; then
    while IFS= read -r entry; do
      escaped_entry=$(sed -e 's|/|\\/|g' &lt;&lt;&lt; "$entry")
      # comment out "net.ipv4.conf.default.rp_filter" matches to preserve user data
      sed -i --follow-symlinks "s/^${escaped_entry}$/# &amp;/g" $f
    done &lt;&lt;&lt; "$matching_list"
  fi
done

#
# Set sysctl config file which to save the desired value
#

SYSCONFIG_FILE="/etc/sysctl.conf"

sysctl_net_ipv4_conf_default_rp_filter_value='<xccdf-1.2:sub xmlns:xccdf-1.2="http://checklists.nist.gov/xccdf/1.2" idref="xccdf_org.ssgproject.content_value_sysctl_net_ipv4_conf_default_rp_filter_value" use="legacy"/>'


#
# Set runtime for net.ipv4.conf.default.rp_filter
#
if [[ "$OSCAP_BOOTC_BUILD" != "YES" ]] ; then
    /sbin/sysctl -q -n -w net.ipv4.conf.default.rp_filter="$sysctl_net_ipv4_conf_default_rp_filter_value"
fi

#
# If net.ipv4.conf.default.rp_filter present in /etc/sysctl.conf, change value to appropriate value
#	else, add "net.ipv4.conf.default.rp_filter = value" to /etc/sysctl.conf
#

# Strip any search characters in the key arg so that the key can be replaced without
# adding any search characters to the config file.
stripped_key=$(sed 's/[\^=\$,;+]*//g' &lt;&lt;&lt; "^net.ipv4.conf.default.rp_filter")

# shellcheck disable=SC2059
printf -v formatted_output "%s = %s" "$stripped_key" "$sysctl_net_ipv4_conf_default_rp_filter_value"

# If the key exists, change it. Otherwise, add it to the config_file.
# We search for the key string followed by a word boundary (matched by \&gt;),
# so if we search for 'setting', 'setting2' won't match.
if LC_ALL=C grep -q -m 1 -i -e "^net.ipv4.conf.default.rp_filter\\&gt;" "${SYSCONFIG_FILE}"; then
    escaped_formatted_output=$(sed -e 's|/|\\/|g' &lt;&lt;&lt; "$formatted_output")
    LC_ALL=C sed -i --follow-symlinks "s/^net.ipv4.conf.default.rp_filter\\&gt;.*/$escaped_formatted_output/gi" "${SYSCONFIG_FILE}"
else
    if [[ -s "${SYSCONFIG_FILE}" ]] &amp;&amp; [[ -n "$(tail -c 1 -- "${SYSCONFIG_FILE}" || true)" ]]; then
        LC_ALL=C sed -i --follow-symlinks '$a'\\ "${SYSCONFIG_FILE}"
    fi
    printf '%s\n' "$formatted_output" &gt;&gt; "${SYSCONFIG_FILE}"
fi

else
    &gt;&amp;2 echo 'Remediation is not applicable, nothing was done'
fi
</fix>
            <check system="http://oval.mitre.org/XMLSchema/oval-definitions-5">
              <check-export export-name="oval:ssg-sysctl_net_ipv4_conf_default_rp_filter_value:var:1" value-id="xccdf_org.ssgproject.content_value_sysctl_net_ipv4_conf_default_rp_filter_value"/>
              <check-content-ref name="oval:ssg-sysctl_net_ipv4_conf_default_rp_filter:def:1" href="ssg-ubuntu2404-oval.xml"/>
            </check>
            <check system="http://scap.nist.gov/schema/ocil/2">
              <check-content-ref name="ocil:ssg-sysctl_net_ipv4_conf_default_rp_filter_ocil:questionnaire:1" href="ssg-ubuntu2404-ocil.xml"/>
            </check>
          </Rule>
          <Rule id="xccdf_org.ssgproject.content_rule_sysctl_net_ipv4_conf_default_secure_redirects" selected="false" role="full" severity="medium">
            <title xmlns:xhtml="http://www.w3.org/1999/xhtml" xml:lang="en-US">Configure Kernel Parameter for Accepting Secure Redirects By Default</title>
            <description xmlns:xhtml="http://www.w3.org/1999/xhtml" xml:lang="en-US">To set the runtime status of the <html:code xmlns:html="http://www.w3.org/1999/xhtml">net.ipv4.conf.default.secure_redirects</html:code> kernel parameter, run the following command: <html:pre xmlns:html="http://www.w3.org/1999/xhtml">$ sudo sysctl -w net.ipv4.conf.default.secure_redirects=0</html:pre>
To make sure that the setting is persistent, add the following line to a file in the directory <html:code xmlns:html="http://www.w3.org/1999/xhtml">/etc/sysctl.d</html:code>: <html:pre xmlns:html="http://www.w3.org/1999/xhtml">net.ipv4.conf.default.secure_redirects = 0</html:pre>
        </description>
            <reference href="https://www.cisecurity.org/controls/">1</reference>
            <reference href="https://www.cisecurity.org/controls/">11</reference>
            <reference href="https://www.cisecurity.org/controls/">12</reference>
            <reference href="https://www.cisecurity.org/controls/">13</reference>
            <reference href="https://www.cisecurity.org/controls/">14</reference>
            <reference href="https://www.cisecurity.org/controls/">15</reference>
            <reference href="https://www.cisecurity.org/controls/">16</reference>
            <reference href="https://www.cisecurity.org/controls/">18</reference>
            <reference href="https://www.cisecurity.org/controls/">2</reference>
            <reference href="https://www.cisecurity.org/controls/">3</reference>
            <reference href="https://www.cisecurity.org/controls/">4</reference>
            <reference href="https://www.cisecurity.org/controls/">6</reference>
            <reference href="https://www.cisecurity.org/controls/">7</reference>
            <reference href="https://www.cisecurity.org/controls/">8</reference>
            <reference href="https://www.cisecurity.org/controls/">9</reference>
            <reference href="https://www.isaca.org/resources/cobit">APO01.06</reference>
            <reference href="https://www.isaca.org/resources/cobit">APO13.01</reference>
            <reference href="https://www.isaca.org/resources/cobit">BAI04.04</reference>
            <reference href="https://www.isaca.org/resources/cobit">BAI10.01</reference>
            <reference href="https://www.isaca.org/resources/cobit">BAI10.02</reference>
            <reference href="https://www.isaca.org/resources/cobit">BAI10.03</reference>
            <reference href="https://www.isaca.org/resources/cobit">BAI10.05</reference>
            <reference href="https://www.isaca.org/resources/cobit">DSS01.03</reference>
            <reference href="https://www.isaca.org/resources/cobit">DSS01.05</reference>
            <reference href="https://www.isaca.org/resources/cobit">DSS03.01</reference>
            <reference href="https://www.isaca.org/resources/cobit">DSS03.05</reference>
            <reference href="https://www.isaca.org/resources/cobit">DSS05.02</reference>
            <reference href="https://www.isaca.org/resources/cobit">DSS05.04</reference>
            <reference href="https://www.isaca.org/resources/cobit">DSS05.05</reference>
            <reference href="https://www.isaca.org/resources/cobit">DSS05.07</reference>
            <reference href="https://www.isaca.org/resources/cobit">DSS06.02</reference>
            <reference href="https://www.isaca.org/resources/cobit">DSS06.06</reference>
            <reference href="http://nvlpubs.nist.gov/nistpubs/SpecialPublications/NIST.SP.800-171.pdf">3.1.20</reference>
            <reference href="https://public.cyber.mil/stigs/cci/">CCI-001551</reference>
            <reference href="https://www.isa.org/products/isa-62443-2-1-2009-security-for-industrial-automat">4.2.3.4</reference>
            <reference href="https://www.isa.org/products/isa-62443-2-1-2009-security-for-industrial-automat">4.3.3.4</reference>
            <reference href="https://www.isa.org/products/isa-62443-2-1-2009-security-for-industrial-automat">4.3.3.5.1</reference>
            <reference href="https://www.isa.org/products/isa-62443-2-1-2009-security-for-industrial-automat">4.3.3.5.2</reference>
            <reference href="https://www.isa.org/products/isa-62443-2-1-2009-security-for-industrial-automat">4.3.3.5.3</reference>
            <reference href="https://www.isa.org/products/isa-62443-2-1-2009-security-for-industrial-automat">4.3.3.5.4</reference>
            <reference href="https://www.isa.org/products/isa-62443-2-1-2009-security-for-industrial-automat">4.3.3.5.5</reference>
            <reference href="https://www.isa.org/products/isa-62443-2-1-2009-security-for-industrial-automat">4.3.3.5.6</reference>
            <reference href="https://www.isa.org/products/isa-62443-2-1-2009-security-for-industrial-automat">4.3.3.5.7</reference>
            <reference href="https://www.isa.org/products/isa-62443-2-1-2009-security-for-industrial-automat">4.3.3.5.8</reference>
            <reference href="https://www.isa.org/products/isa-62443-2-1-2009-security-for-industrial-automat">4.3.3.6.1</reference>
            <reference href="https://www.isa.org/products/isa-62443-2-1-2009-security-for-industrial-automat">4.3.3.6.2</reference>
            <reference href="https://www.isa.org/products/isa-62443-2-1-2009-security-for-industrial-automat">4.3.3.6.3</reference>
            <reference href="https://www.isa.org/products/isa-62443-2-1-2009-security-for-industrial-automat">4.3.3.6.4</reference>
            <reference href="https://www.isa.org/products/isa-62443-2-1-2009-security-for-industrial-automat">4.3.3.6.5</reference>
            <reference href="https://www.isa.org/products/isa-62443-2-1-2009-security-for-industrial-automat">4.3.3.6.6</reference>
            <reference href="https://www.isa.org/products/isa-62443-2-1-2009-security-for-industrial-automat">4.3.3.6.7</reference>
            <reference href="https://www.isa.org/products/isa-62443-2-1-2009-security-for-industrial-automat">4.3.3.6.8</reference>
            <reference href="https://www.isa.org/products/isa-62443-2-1-2009-security-for-industrial-automat">4.3.3.6.9</reference>
            <reference href="https://www.isa.org/products/isa-62443-2-1-2009-security-for-industrial-automat">4.3.3.7.1</reference>
            <reference href="https://www.isa.org/products/isa-62443-2-1-2009-security-for-industrial-automat">4.3.3.7.2</reference>
            <reference href="https://www.isa.org/products/isa-62443-2-1-2009-security-for-industrial-automat">4.3.3.7.3</reference>
            <reference href="https://www.isa.org/products/isa-62443-2-1-2009-security-for-industrial-automat">4.3.3.7.4</reference>
            <reference href="https://www.isa.org/products/isa-62443-2-1-2009-security-for-industrial-automat">4.3.4.3.2</reference>
            <reference href="https://www.isa.org/products/isa-62443-2-1-2009-security-for-industrial-automat">4.3.4.3.3</reference>
            <reference href="https://www.isa.org/products/isa-62443-2-1-2009-security-for-industrial-automat">4.4.3.3</reference>
            <reference href="https://www.isa.org/products/ansi-isa-62443-3-3-99-03-03-2013-security-for-indu">SR 1.1</reference>
            <reference href="https://www.isa.org/products/ansi-isa-62443-3-3-99-03-03-2013-security-for-indu">SR 1.10</reference>
            <reference href="https://www.isa.org/products/ansi-isa-62443-3-3-99-03-03-2013-security-for-indu">SR 1.11</reference>
            <reference href="https://www.isa.org/products/ansi-isa-62443-3-3-99-03-03-2013-security-for-indu">SR 1.12</reference>
            <reference href="https://www.isa.org/products/ansi-isa-62443-3-3-99-03-03-2013-security-for-indu">SR 1.13</reference>
            <reference href="https://www.isa.org/products/ansi-isa-62443-3-3-99-03-03-2013-security-for-indu">SR 1.2</reference>
            <reference href="https://www.isa.org/products/ansi-isa-62443-3-3-99-03-03-2013-security-for-indu">SR 1.3</reference>
            <reference href="https://www.isa.org/products/ansi-isa-62443-3-3-99-03-03-2013-security-for-indu">SR 1.4</reference>
            <reference href="https://www.isa.org/products/ansi-isa-62443-3-3-99-03-03-2013-security-for-indu">SR 1.5</reference>
            <reference href="https://www.isa.org/products/ansi-isa-62443-3-3-99-03-03-2013-security-for-indu">SR 1.6</reference>
            <reference href="https://www.isa.org/products/ansi-isa-62443-3-3-99-03-03-2013-security-for-indu">SR 1.7</reference>
            <reference href="https://www.isa.org/products/ansi-isa-62443-3-3-99-03-03-2013-security-for-indu">SR 1.8</reference>
            <reference href="https://www.isa.org/products/ansi-isa-62443-3-3-99-03-03-2013-security-for-indu">SR 1.9</reference>
            <reference href="https://www.isa.org/products/ansi-isa-62443-3-3-99-03-03-2013-security-for-indu">SR 2.1</reference>
            <reference href="https://www.isa.org/products/ansi-isa-62443-3-3-99-03-03-2013-security-for-indu">SR 2.2</reference>
            <reference href="https://www.isa.org/products/ansi-isa-62443-3-3-99-03-03-2013-security-for-indu">SR 2.3</reference>
            <reference href="https://www.isa.org/products/ansi-isa-62443-3-3-99-03-03-2013-security-for-indu">SR 2.4</reference>
            <reference href="https://www.isa.org/products/ansi-isa-62443-3-3-99-03-03-2013-security-for-indu">SR 2.5</reference>
            <reference href="https://www.isa.org/products/ansi-isa-62443-3-3-99-03-03-2013-security-for-indu">SR 2.6</reference>
            <reference href="https://www.isa.org/products/ansi-isa-62443-3-3-99-03-03-2013-security-for-indu">SR 2.7</reference>
            <reference href="https://www.isa.org/products/ansi-isa-62443-3-3-99-03-03-2013-security-for-indu">SR 3.1</reference>
            <reference href="https://www.isa.org/products/ansi-isa-62443-3-3-99-03-03-2013-security-for-indu">SR 3.5</reference>
            <reference href="https://www.isa.org/products/ansi-isa-62443-3-3-99-03-03-2013-security-for-indu">SR 3.8</reference>
            <reference href="https://www.isa.org/products/ansi-isa-62443-3-3-99-03-03-2013-security-for-indu">SR 4.1</reference>
            <reference href="https://www.isa.org/products/ansi-isa-62443-3-3-99-03-03-2013-security-for-indu">SR 4.3</reference>
            <reference href="https://www.isa.org/products/ansi-isa-62443-3-3-99-03-03-2013-security-for-indu">SR 5.1</reference>
            <reference href="https://www.isa.org/products/ansi-isa-62443-3-3-99-03-03-2013-security-for-indu">SR 5.2</reference>
            <reference href="https://www.isa.org/products/ansi-isa-62443-3-3-99-03-03-2013-security-for-indu">SR 5.3</reference>
            <reference href="https://www.isa.org/products/ansi-isa-62443-3-3-99-03-03-2013-security-for-indu">SR 6.2</reference>
            <reference href="https://www.isa.org/products/ansi-isa-62443-3-3-99-03-03-2013-security-for-indu">SR 7.1</reference>
            <reference href="https://www.isa.org/products/ansi-isa-62443-3-3-99-03-03-2013-security-for-indu">SR 7.2</reference>
            <reference href="https://www.isa.org/products/ansi-isa-62443-3-3-99-03-03-2013-security-for-indu">SR 7.6</reference>
            <reference href="https://www.iso.org/contents/data/standard/05/45/54534.html">A.10.1.1</reference>
            <reference href="https://www.iso.org/contents/data/standard/05/45/54534.html">A.11.1.4</reference>
            <reference href="https://www.iso.org/contents/data/standard/05/45/54534.html">A.11.1.5</reference>
            <reference href="https://www.iso.org/contents/data/standard/05/45/54534.html">A.11.2.1</reference>
            <reference href="https://www.iso.org/contents/data/standard/05/45/54534.html">A.12.1.1</reference>
            <reference href="https://www.iso.org/contents/data/standard/05/45/54534.html">A.12.1.2</reference>
            <reference href="https://www.iso.org/contents/data/standard/05/45/54534.html">A.12.1.3</reference>
            <reference href="https://www.iso.org/contents/data/standard/05/45/54534.html">A.12.5.1</reference>
            <reference href="https://www.iso.org/contents/data/standard/05/45/54534.html">A.12.6.2</reference>
            <reference href="https://www.iso.org/contents/data/standard/05/45/54534.html">A.13.1.1</reference>
            <reference href="https://www.iso.org/contents/data/standard/05/45/54534.html">A.13.1.2</reference>
            <reference href="https://www.iso.org/contents/data/standard/05/45/54534.html">A.13.1.3</reference>
            <reference href="https://www.iso.org/contents/data/standard/05/45/54534.html">A.13.2.1</reference>
            <reference href="https://www.iso.org/contents/data/standard/05/45/54534.html">A.13.2.2</reference>
            <reference href="https://www.iso.org/contents/data/standard/05/45/54534.html">A.13.2.3</reference>
            <reference href="https://www.iso.org/contents/data/standard/05/45/54534.html">A.13.2.4</reference>
            <reference href="https://www.iso.org/contents/data/standard/05/45/54534.html">A.14.1.2</reference>
            <reference href="https://www.iso.org/contents/data/standard/05/45/54534.html">A.14.1.3</reference>
            <reference href="https://www.iso.org/contents/data/standard/05/45/54534.html">A.14.2.2</reference>
            <reference href="https://www.iso.org/contents/data/standard/05/45/54534.html">A.14.2.3</reference>
            <reference href="https://www.iso.org/contents/data/standard/05/45/54534.html">A.14.2.4</reference>
            <reference href="https://www.iso.org/contents/data/standard/05/45/54534.html">A.17.2.1</reference>
            <reference href="https://www.iso.org/contents/data/standard/05/45/54534.html">A.6.1.2</reference>
            <reference href="https://www.iso.org/contents/data/standard/05/45/54534.html">A.7.1.1</reference>
            <reference href="https://www.iso.org/contents/data/standard/05/45/54534.html">A.7.1.2</reference>
            <reference href="https://www.iso.org/contents/data/standard/05/45/54534.html">A.7.3.1</reference>
            <reference href="https://www.iso.org/contents/data/standard/05/45/54534.html">A.8.2.2</reference>
            <reference href="https://www.iso.org/contents/data/standard/05/45/54534.html">A.8.2.3</reference>
            <reference href="https://www.iso.org/contents/data/standard/05/45/54534.html">A.9.1.1</reference>
            <reference href="https://www.iso.org/contents/data/standard/05/45/54534.html">A.9.1.2</reference>
            <reference href="https://www.iso.org/contents/data/standard/05/45/54534.html">A.9.2.3</reference>
            <reference href="https://www.iso.org/contents/data/standard/05/45/54534.html">A.9.4.1</reference>
            <reference href="https://www.iso.org/contents/data/standard/05/45/54534.html">A.9.4.4</reference>
            <reference href="https://www.iso.org/contents/data/standard/05/45/54534.html">A.9.4.5</reference>
            <reference href="https://www.nerc.com/pa/Stand/AlignRep/One%20Stop%20Shop.xlsx">CIP-007-3 R4</reference>
            <reference href="https://www.nerc.com/pa/Stand/AlignRep/One%20Stop%20Shop.xlsx">CIP-007-3 R4.1</reference>
            <reference href="https://www.nerc.com/pa/Stand/AlignRep/One%20Stop%20Shop.xlsx">CIP-007-3 R4.2</reference>
            <reference href="https://www.nerc.com/pa/Stand/AlignRep/One%20Stop%20Shop.xlsx">CIP-007-3 R5.1</reference>
            <reference href="http://nvlpubs.nist.gov/nistpubs/SpecialPublications/NIST.SP.800-53r4.pdf">CM-7(a)</reference>
            <reference href="http://nvlpubs.nist.gov/nistpubs/SpecialPublications/NIST.SP.800-53r4.pdf">CM-7(b)</reference>
            <reference href="http://nvlpubs.nist.gov/nistpubs/SpecialPublications/NIST.SP.800-53r4.pdf">SC-5</reference>
            <reference href="http://nvlpubs.nist.gov/nistpubs/SpecialPublications/NIST.SP.800-53r4.pdf">SC-7(a)</reference>
            <reference href="https://nvlpubs.nist.gov/nistpubs/CSWP/NIST.CSWP.04162018.pdf">DE.AE-1</reference>
            <reference href="https://nvlpubs.nist.gov/nistpubs/CSWP/NIST.CSWP.04162018.pdf">DE.CM-1</reference>
            <reference href="https://nvlpubs.nist.gov/nistpubs/CSWP/NIST.CSWP.04162018.pdf">ID.AM-3</reference>
            <reference href="https://nvlpubs.nist.gov/nistpubs/CSWP/NIST.CSWP.04162018.pdf">PR.AC-5</reference>
            <reference href="https://nvlpubs.nist.gov/nistpubs/CSWP/NIST.CSWP.04162018.pdf">PR.DS-4</reference>
            <reference href="https://nvlpubs.nist.gov/nistpubs/CSWP/NIST.CSWP.04162018.pdf">PR.DS-5</reference>
            <reference href="https://nvlpubs.nist.gov/nistpubs/CSWP/NIST.CSWP.04162018.pdf">PR.IP-1</reference>
            <reference href="https://nvlpubs.nist.gov/nistpubs/CSWP/NIST.CSWP.04162018.pdf">PR.PT-3</reference>
            <reference href="https://nvlpubs.nist.gov/nistpubs/CSWP/NIST.CSWP.04162018.pdf">PR.PT-4</reference>
            <reference href="https://public.cyber.mil/stigs/downloads/?_dl_facet_stigs=operating-systems%2Cgeneral-purpose-os">SRG-OS-000480-GPOS-00227</reference>
            <reference href="https://cyber.gouv.fr/sites/default/files/document/linux_configuration-en-v2.pdf">R12</reference>
            <reference href="https://www.cisecurity.org/benchmark/ubuntu_linux/">3.3.6</reference>
            <rationale xmlns:xhtml="http://www.w3.org/1999/xhtml" xml:lang="en-US">Accepting "secure" ICMP redirects (from those gateways listed as
default gateways) has few legitimate uses. It should be disabled unless it is
absolutely required.</rationale>
            <fix xmlns:xhtml="http://www.w3.org/1999/xhtml" id="sysctl_net_ipv4_conf_default_secure_redirects" system="urn:xccdf:fix:script:ansible" reboot="true" complexity="low" disruption="medium" strategy="disable">- name: Gather the package facts
  package_facts:
    manager: auto
  tags:
  - NIST-800-171-3.1.20
  - NIST-800-53-CM-7(a)
  - NIST-800-53-CM-7(b)
  - NIST-800-53-SC-5
  - NIST-800-53-SC-7(a)
  - disable_strategy
  - low_complexity
  - medium_disruption
  - medium_severity
  - reboot_required
  - sysctl_net_ipv4_conf_default_secure_redirects

- name: List /etc/sysctl.d/*.conf files
  find:
    paths:
    - /etc/sysctl.d/
    - /run/sysctl.d/
    - /usr/local/lib/sysctl.d/
    contains: ^[\s]*net.ipv4.conf.default.secure_redirects.*$
    patterns: '*.conf'
    file_type: any
  register: find_sysctl_d
  when: '"linux-base" in ansible_facts.packages'
  tags:
  - NIST-800-171-3.1.20
  - NIST-800-53-CM-7(a)
  - NIST-800-53-CM-7(b)
  - NIST-800-53-SC-5
  - NIST-800-53-SC-7(a)
  - disable_strategy
  - low_complexity
  - medium_disruption
  - medium_severity
  - reboot_required
  - sysctl_net_ipv4_conf_default_secure_redirects

- name: Comment out any occurrences of net.ipv4.conf.default.secure_redirects from
    config files
  replace:
    path: '{{ item.path }}'
    regexp: ^[\s]*net.ipv4.conf.default.secure_redirects
    replace: '#net.ipv4.conf.default.secure_redirects'
  loop: '{{ find_sysctl_d.files }}'
  when: '"linux-base" in ansible_facts.packages'
  tags:
  - NIST-800-171-3.1.20
  - NIST-800-53-CM-7(a)
  - NIST-800-53-CM-7(b)
  - NIST-800-53-SC-5
  - NIST-800-53-SC-7(a)
  - disable_strategy
  - low_complexity
  - medium_disruption
  - medium_severity
  - reboot_required
  - sysctl_net_ipv4_conf_default_secure_redirects
- name: XCCDF Value sysctl_net_ipv4_conf_default_secure_redirects_value # promote to variable
  set_fact:
    sysctl_net_ipv4_conf_default_secure_redirects_value: !!str <xccdf-1.2:sub xmlns:xccdf-1.2="http://checklists.nist.gov/xccdf/1.2" idref="xccdf_org.ssgproject.content_value_sysctl_net_ipv4_conf_default_secure_redirects_value" use="legacy"/>
  tags:
    - always

- name: Ensure sysctl net.ipv4.conf.default.secure_redirects is set
  sysctl:
    name: net.ipv4.conf.default.secure_redirects
    value: '{{ sysctl_net_ipv4_conf_default_secure_redirects_value }}'
    sysctl_file: /etc/sysctl.conf
    state: present
    reload: true
  when: '"linux-base" in ansible_facts.packages'
  tags:
  - NIST-800-171-3.1.20
  - NIST-800-53-CM-7(a)
  - NIST-800-53-CM-7(b)
  - NIST-800-53-SC-5
  - NIST-800-53-SC-7(a)
  - disable_strategy
  - low_complexity
  - medium_disruption
  - medium_severity
  - reboot_required
  - sysctl_net_ipv4_conf_default_secure_redirects
</fix>
            <fix xmlns:xhtml="http://www.w3.org/1999/xhtml" id="sysctl_net_ipv4_conf_default_secure_redirects" system="urn:xccdf:fix:script:sh" reboot="true" complexity="low" disruption="medium" strategy="disable"># Remediation is applicable only in certain platforms
if dpkg-query --show --showformat='${db:Status-Status}
' 'linux-base' 2&gt;/dev/null | grep -q ^installed; then

# Comment out any occurrences of net.ipv4.conf.default.secure_redirects from /etc/sysctl.d/*.conf files

for f in /etc/sysctl.d/*.conf /run/sysctl.d/*.conf /usr/local/lib/sysctl.d/*.conf; do


  # skip systemd-sysctl symlink (/etc/sysctl.d/99-sysctl.conf -&gt; /etc/sysctl.conf)
  if [[ "$(readlink -f "$f")" == "/etc/sysctl.conf" ]]; then continue; fi

  matching_list=$(grep -P '^(?!#).*[\s]*net.ipv4.conf.default.secure_redirects.*$' $f | uniq )
  if ! test -z "$matching_list"; then
    while IFS= read -r entry; do
      escaped_entry=$(sed -e 's|/|\\/|g' &lt;&lt;&lt; "$entry")
      # comment out "net.ipv4.conf.default.secure_redirects" matches to preserve user data
      sed -i --follow-symlinks "s/^${escaped_entry}$/# &amp;/g" $f
    done &lt;&lt;&lt; "$matching_list"
  fi
done

#
# Set sysctl config file which to save the desired value
#

SYSCONFIG_FILE="/etc/sysctl.conf"

sysctl_net_ipv4_conf_default_secure_redirects_value='<xccdf-1.2:sub xmlns:xccdf-1.2="http://checklists.nist.gov/xccdf/1.2" idref="xccdf_org.ssgproject.content_value_sysctl_net_ipv4_conf_default_secure_redirects_value" use="legacy"/>'


#
# Set runtime for net.ipv4.conf.default.secure_redirects
#
if [[ "$OSCAP_BOOTC_BUILD" != "YES" ]] ; then
    /sbin/sysctl -q -n -w net.ipv4.conf.default.secure_redirects="$sysctl_net_ipv4_conf_default_secure_redirects_value"
fi

#
# If net.ipv4.conf.default.secure_redirects present in /etc/sysctl.conf, change value to appropriate value
#	else, add "net.ipv4.conf.default.secure_redirects = value" to /etc/sysctl.conf
#

# Strip any search characters in the key arg so that the key can be replaced without
# adding any search characters to the config file.
stripped_key=$(sed 's/[\^=\$,;+]*//g' &lt;&lt;&lt; "^net.ipv4.conf.default.secure_redirects")

# shellcheck disable=SC2059
printf -v formatted_output "%s = %s" "$stripped_key" "$sysctl_net_ipv4_conf_default_secure_redirects_value"

# If the key exists, change it. Otherwise, add it to the config_file.
# We search for the key string followed by a word boundary (matched by \&gt;),
# so if we search for 'setting', 'setting2' won't match.
if LC_ALL=C grep -q -m 1 -i -e "^net.ipv4.conf.default.secure_redirects\\&gt;" "${SYSCONFIG_FILE}"; then
    escaped_formatted_output=$(sed -e 's|/|\\/|g' &lt;&lt;&lt; "$formatted_output")
    LC_ALL=C sed -i --follow-symlinks "s/^net.ipv4.conf.default.secure_redirects\\&gt;.*/$escaped_formatted_output/gi" "${SYSCONFIG_FILE}"
else
    if [[ -s "${SYSCONFIG_FILE}" ]] &amp;&amp; [[ -n "$(tail -c 1 -- "${SYSCONFIG_FILE}" || true)" ]]; then
        LC_ALL=C sed -i --follow-symlinks '$a'\\ "${SYSCONFIG_FILE}"
    fi
    printf '%s\n' "$formatted_output" &gt;&gt; "${SYSCONFIG_FILE}"
fi

else
    &gt;&amp;2 echo 'Remediation is not applicable, nothing was done'
fi
</fix>
            <check system="http://oval.mitre.org/XMLSchema/oval-definitions-5">
              <check-export export-name="oval:ssg-sysctl_net_ipv4_conf_default_secure_redirects_value:var:1" value-id="xccdf_org.ssgproject.content_value_sysctl_net_ipv4_conf_default_secure_redirects_value"/>
              <check-content-ref name="oval:ssg-sysctl_net_ipv4_conf_default_secure_redirects:def:1" href="ssg-ubuntu2404-oval.xml"/>
            </check>
            <check system="http://scap.nist.gov/schema/ocil/2">
              <check-content-ref name="ocil:ssg-sysctl_net_ipv4_conf_default_secure_redirects_ocil:questionnaire:1" href="ssg-ubuntu2404-ocil.xml"/>
            </check>
          </Rule>
          <Rule id="xccdf_org.ssgproject.content_rule_sysctl_net_ipv4_icmp_echo_ignore_broadcasts" selected="false" role="full" severity="medium">
            <title xmlns:xhtml="http://www.w3.org/1999/xhtml" xml:lang="en-US">Enable Kernel Parameter to Ignore ICMP Broadcast Echo Requests on IPv4 Interfaces</title>
            <description xmlns:xhtml="http://www.w3.org/1999/xhtml" xml:lang="en-US">To set the runtime status of the <html:code xmlns:html="http://www.w3.org/1999/xhtml">net.ipv4.icmp_echo_ignore_broadcasts</html:code> kernel parameter, run the following command: <html:pre xmlns:html="http://www.w3.org/1999/xhtml">$ sudo sysctl -w net.ipv4.icmp_echo_ignore_broadcasts=1</html:pre>
To make sure that the setting is persistent, add the following line to a file in the directory <html:code xmlns:html="http://www.w3.org/1999/xhtml">/etc/sysctl.d</html:code>: <html:pre xmlns:html="http://www.w3.org/1999/xhtml">net.ipv4.icmp_echo_ignore_broadcasts = 1</html:pre>
        </description>
            <reference href="https://www.cisecurity.org/controls/">1</reference>
            <reference href="https://www.cisecurity.org/controls/">11</reference>
            <reference href="https://www.cisecurity.org/controls/">12</reference>
            <reference href="https://www.cisecurity.org/controls/">13</reference>
            <reference href="https://www.cisecurity.org/controls/">14</reference>
            <reference href="https://www.cisecurity.org/controls/">15</reference>
            <reference href="https://www.cisecurity.org/controls/">16</reference>
            <reference href="https://www.cisecurity.org/controls/">18</reference>
            <reference href="https://www.cisecurity.org/controls/">2</reference>
            <reference href="https://www.cisecurity.org/controls/">3</reference>
            <reference href="https://www.cisecurity.org/controls/">4</reference>
            <reference href="https://www.cisecurity.org/controls/">6</reference>
            <reference href="https://www.cisecurity.org/controls/">7</reference>
            <reference href="https://www.cisecurity.org/controls/">8</reference>
            <reference href="https://www.cisecurity.org/controls/">9</reference>
            <reference href="https://www.fbi.gov/file-repository/cjis-security-policy-v5_5_20160601-2-1.pdf">5.10.1.1</reference>
            <reference href="https://www.isaca.org/resources/cobit">APO01.06</reference>
            <reference href="https://www.isaca.org/resources/cobit">APO13.01</reference>
            <reference href="https://www.isaca.org/resources/cobit">BAI04.04</reference>
            <reference href="https://www.isaca.org/resources/cobit">BAI10.01</reference>
            <reference href="https://www.isaca.org/resources/cobit">BAI10.02</reference>
            <reference href="https://www.isaca.org/resources/cobit">BAI10.03</reference>
            <reference href="https://www.isaca.org/resources/cobit">BAI10.05</reference>
            <reference href="https://www.isaca.org/resources/cobit">DSS01.03</reference>
            <reference href="https://www.isaca.org/resources/cobit">DSS01.05</reference>
            <reference href="https://www.isaca.org/resources/cobit">DSS03.01</reference>
            <reference href="https://www.isaca.org/resources/cobit">DSS03.05</reference>
            <reference href="https://www.isaca.org/resources/cobit">DSS05.02</reference>
            <reference href="https://www.isaca.org/resources/cobit">DSS05.04</reference>
            <reference href="https://www.isaca.org/resources/cobit">DSS05.05</reference>
            <reference href="https://www.isaca.org/resources/cobit">DSS05.07</reference>
            <reference href="https://www.isaca.org/resources/cobit">DSS06.02</reference>
            <reference href="https://www.isaca.org/resources/cobit">DSS06.06</reference>
            <reference href="http://nvlpubs.nist.gov/nistpubs/SpecialPublications/NIST.SP.800-171.pdf">3.1.20</reference>
            <reference href="https://public.cyber.mil/stigs/cci/">CCI-000366</reference>
            <reference href="https://www.isa.org/products/isa-62443-2-1-2009-security-for-industrial-automat">4.2.3.4</reference>
            <reference href="https://www.isa.org/products/isa-62443-2-1-2009-security-for-industrial-automat">4.3.3.4</reference>
            <reference href="https://www.isa.org/products/isa-62443-2-1-2009-security-for-industrial-automat">4.3.3.5.1</reference>
            <reference href="https://www.isa.org/products/isa-62443-2-1-2009-security-for-industrial-automat">4.3.3.5.2</reference>
            <reference href="https://www.isa.org/products/isa-62443-2-1-2009-security-for-industrial-automat">4.3.3.5.3</reference>
            <reference href="https://www.isa.org/products/isa-62443-2-1-2009-security-for-industrial-automat">4.3.3.5.4</reference>
            <reference href="https://www.isa.org/products/isa-62443-2-1-2009-security-for-industrial-automat">4.3.3.5.5</reference>
            <reference href="https://www.isa.org/products/isa-62443-2-1-2009-security-for-industrial-automat">4.3.3.5.6</reference>
            <reference href="https://www.isa.org/products/isa-62443-2-1-2009-security-for-industrial-automat">4.3.3.5.7</reference>
            <reference href="https://www.isa.org/products/isa-62443-2-1-2009-security-for-industrial-automat">4.3.3.5.8</reference>
            <reference href="https://www.isa.org/products/isa-62443-2-1-2009-security-for-industrial-automat">4.3.3.6.1</reference>
            <reference href="https://www.isa.org/products/isa-62443-2-1-2009-security-for-industrial-automat">4.3.3.6.2</reference>
            <reference href="https://www.isa.org/products/isa-62443-2-1-2009-security-for-industrial-automat">4.3.3.6.3</reference>
            <reference href="https://www.isa.org/products/isa-62443-2-1-2009-security-for-industrial-automat">4.3.3.6.4</reference>
            <reference href="https://www.isa.org/products/isa-62443-2-1-2009-security-for-industrial-automat">4.3.3.6.5</reference>
            <reference href="https://www.isa.org/products/isa-62443-2-1-2009-security-for-industrial-automat">4.3.3.6.6</reference>
            <reference href="https://www.isa.org/products/isa-62443-2-1-2009-security-for-industrial-automat">4.3.3.6.7</reference>
            <reference href="https://www.isa.org/products/isa-62443-2-1-2009-security-for-industrial-automat">4.3.3.6.8</reference>
            <reference href="https://www.isa.org/products/isa-62443-2-1-2009-security-for-industrial-automat">4.3.3.6.9</reference>
            <reference href="https://www.isa.org/products/isa-62443-2-1-2009-security-for-industrial-automat">4.3.3.7.1</reference>
            <reference href="https://www.isa.org/products/isa-62443-2-1-2009-security-for-industrial-automat">4.3.3.7.2</reference>
            <reference href="https://www.isa.org/products/isa-62443-2-1-2009-security-for-industrial-automat">4.3.3.7.3</reference>
            <reference href="https://www.isa.org/products/isa-62443-2-1-2009-security-for-industrial-automat">4.3.3.7.4</reference>
            <reference href="https://www.isa.org/products/isa-62443-2-1-2009-security-for-industrial-automat">4.3.4.3.2</reference>
            <reference href="https://www.isa.org/products/isa-62443-2-1-2009-security-for-industrial-automat">4.3.4.3.3</reference>
            <reference href="https://www.isa.org/products/isa-62443-2-1-2009-security-for-industrial-automat">4.4.3.3</reference>
            <reference href="https://www.isa.org/products/ansi-isa-62443-3-3-99-03-03-2013-security-for-indu">SR 1.1</reference>
            <reference href="https://www.isa.org/products/ansi-isa-62443-3-3-99-03-03-2013-security-for-indu">SR 1.10</reference>
            <reference href="https://www.isa.org/products/ansi-isa-62443-3-3-99-03-03-2013-security-for-indu">SR 1.11</reference>
            <reference href="https://www.isa.org/products/ansi-isa-62443-3-3-99-03-03-2013-security-for-indu">SR 1.12</reference>
            <reference href="https://www.isa.org/products/ansi-isa-62443-3-3-99-03-03-2013-security-for-indu">SR 1.13</reference>
            <reference href="https://www.isa.org/products/ansi-isa-62443-3-3-99-03-03-2013-security-for-indu">SR 1.2</reference>
            <reference href="https://www.isa.org/products/ansi-isa-62443-3-3-99-03-03-2013-security-for-indu">SR 1.3</reference>
            <reference href="https://www.isa.org/products/ansi-isa-62443-3-3-99-03-03-2013-security-for-indu">SR 1.4</reference>
            <reference href="https://www.isa.org/products/ansi-isa-62443-3-3-99-03-03-2013-security-for-indu">SR 1.5</reference>
            <reference href="https://www.isa.org/products/ansi-isa-62443-3-3-99-03-03-2013-security-for-indu">SR 1.6</reference>
            <reference href="https://www.isa.org/products/ansi-isa-62443-3-3-99-03-03-2013-security-for-indu">SR 1.7</reference>
            <reference href="https://www.isa.org/products/ansi-isa-62443-3-3-99-03-03-2013-security-for-indu">SR 1.8</reference>
            <reference href="https://www.isa.org/products/ansi-isa-62443-3-3-99-03-03-2013-security-for-indu">SR 1.9</reference>
            <reference href="https://www.isa.org/products/ansi-isa-62443-3-3-99-03-03-2013-security-for-indu">SR 2.1</reference>
            <reference href="https://www.isa.org/products/ansi-isa-62443-3-3-99-03-03-2013-security-for-indu">SR 2.2</reference>
            <reference href="https://www.isa.org/products/ansi-isa-62443-3-3-99-03-03-2013-security-for-indu">SR 2.3</reference>
            <reference href="https://www.isa.org/products/ansi-isa-62443-3-3-99-03-03-2013-security-for-indu">SR 2.4</reference>
            <reference href="https://www.isa.org/products/ansi-isa-62443-3-3-99-03-03-2013-security-for-indu">SR 2.5</reference>
            <reference href="https://www.isa.org/products/ansi-isa-62443-3-3-99-03-03-2013-security-for-indu">SR 2.6</reference>
            <reference href="https://www.isa.org/products/ansi-isa-62443-3-3-99-03-03-2013-security-for-indu">SR 2.7</reference>
            <reference href="https://www.isa.org/products/ansi-isa-62443-3-3-99-03-03-2013-security-for-indu">SR 3.1</reference>
            <reference href="https://www.isa.org/products/ansi-isa-62443-3-3-99-03-03-2013-security-for-indu">SR 3.5</reference>
            <reference href="https://www.isa.org/products/ansi-isa-62443-3-3-99-03-03-2013-security-for-indu">SR 3.8</reference>
            <reference href="https://www.isa.org/products/ansi-isa-62443-3-3-99-03-03-2013-security-for-indu">SR 4.1</reference>
            <reference href="https://www.isa.org/products/ansi-isa-62443-3-3-99-03-03-2013-security-for-indu">SR 4.3</reference>
            <reference href="https://www.isa.org/products/ansi-isa-62443-3-3-99-03-03-2013-security-for-indu">SR 5.1</reference>
            <reference href="https://www.isa.org/products/ansi-isa-62443-3-3-99-03-03-2013-security-for-indu">SR 5.2</reference>
            <reference href="https://www.isa.org/products/ansi-isa-62443-3-3-99-03-03-2013-security-for-indu">SR 5.3</reference>
            <reference href="https://www.isa.org/products/ansi-isa-62443-3-3-99-03-03-2013-security-for-indu">SR 6.2</reference>
            <reference href="https://www.isa.org/products/ansi-isa-62443-3-3-99-03-03-2013-security-for-indu">SR 7.1</reference>
            <reference href="https://www.isa.org/products/ansi-isa-62443-3-3-99-03-03-2013-security-for-indu">SR 7.2</reference>
            <reference href="https://www.isa.org/products/ansi-isa-62443-3-3-99-03-03-2013-security-for-indu">SR 7.6</reference>
            <reference href="https://www.iso.org/contents/data/standard/05/45/54534.html">A.10.1.1</reference>
            <reference href="https://www.iso.org/contents/data/standard/05/45/54534.html">A.11.1.4</reference>
            <reference href="https://www.iso.org/contents/data/standard/05/45/54534.html">A.11.1.5</reference>
            <reference href="https://www.iso.org/contents/data/standard/05/45/54534.html">A.11.2.1</reference>
            <reference href="https://www.iso.org/contents/data/standard/05/45/54534.html">A.12.1.1</reference>
            <reference href="https://www.iso.org/contents/data/standard/05/45/54534.html">A.12.1.2</reference>
            <reference href="https://www.iso.org/contents/data/standard/05/45/54534.html">A.12.1.3</reference>
            <reference href="https://www.iso.org/contents/data/standard/05/45/54534.html">A.12.5.1</reference>
            <reference href="https://www.iso.org/contents/data/standard/05/45/54534.html">A.12.6.2</reference>
            <reference href="https://www.iso.org/contents/data/standard/05/45/54534.html">A.13.1.1</reference>
            <reference href="https://www.iso.org/contents/data/standard/05/45/54534.html">A.13.1.2</reference>
            <reference href="https://www.iso.org/contents/data/standard/05/45/54534.html">A.13.1.3</reference>
            <reference href="https://www.iso.org/contents/data/standard/05/45/54534.html">A.13.2.1</reference>
            <reference href="https://www.iso.org/contents/data/standard/05/45/54534.html">A.13.2.2</reference>
            <reference href="https://www.iso.org/contents/data/standard/05/45/54534.html">A.13.2.3</reference>
            <reference href="https://www.iso.org/contents/data/standard/05/45/54534.html">A.13.2.4</reference>
            <reference href="https://www.iso.org/contents/data/standard/05/45/54534.html">A.14.1.2</reference>
            <reference href="https://www.iso.org/contents/data/standard/05/45/54534.html">A.14.1.3</reference>
            <reference href="https://www.iso.org/contents/data/standard/05/45/54534.html">A.14.2.2</reference>
            <reference href="https://www.iso.org/contents/data/standard/05/45/54534.html">A.14.2.3</reference>
            <reference href="https://www.iso.org/contents/data/standard/05/45/54534.html">A.14.2.4</reference>
            <reference href="https://www.iso.org/contents/data/standard/05/45/54534.html">A.17.2.1</reference>
            <reference href="https://www.iso.org/contents/data/standard/05/45/54534.html">A.6.1.2</reference>
            <reference href="https://www.iso.org/contents/data/standard/05/45/54534.html">A.7.1.1</reference>
            <reference href="https://www.iso.org/contents/data/standard/05/45/54534.html">A.7.1.2</reference>
            <reference href="https://www.iso.org/contents/data/standard/05/45/54534.html">A.7.3.1</reference>
            <reference href="https://www.iso.org/contents/data/standard/05/45/54534.html">A.8.2.2</reference>
            <reference href="https://www.iso.org/contents/data/standard/05/45/54534.html">A.8.2.3</reference>
            <reference href="https://www.iso.org/contents/data/standard/05/45/54534.html">A.9.1.1</reference>
            <reference href="https://www.iso.org/contents/data/standard/05/45/54534.html">A.9.1.2</reference>
            <reference href="https://www.iso.org/contents/data/standard/05/45/54534.html">A.9.2.3</reference>
            <reference href="https://www.iso.org/contents/data/standard/05/45/54534.html">A.9.4.1</reference>
            <reference href="https://www.iso.org/contents/data/standard/05/45/54534.html">A.9.4.4</reference>
            <reference href="https://www.iso.org/contents/data/standard/05/45/54534.html">A.9.4.5</reference>
            <reference href="https://www.nerc.com/pa/Stand/AlignRep/One%20Stop%20Shop.xlsx">CIP-007-3 R4</reference>
            <reference href="https://www.nerc.com/pa/Stand/AlignRep/One%20Stop%20Shop.xlsx">CIP-007-3 R4.1</reference>
            <reference href="https://www.nerc.com/pa/Stand/AlignRep/One%20Stop%20Shop.xlsx">CIP-007-3 R4.2</reference>
            <reference href="https://www.nerc.com/pa/Stand/AlignRep/One%20Stop%20Shop.xlsx">CIP-007-3 R5.1</reference>
            <reference href="http://nvlpubs.nist.gov/nistpubs/SpecialPublications/NIST.SP.800-53r4.pdf">CM-7(a)</reference>
            <reference href="http://nvlpubs.nist.gov/nistpubs/SpecialPublications/NIST.SP.800-53r4.pdf">CM-7(b)</reference>
            <reference href="http://nvlpubs.nist.gov/nistpubs/SpecialPublications/NIST.SP.800-53r4.pdf">SC-5</reference>
            <reference href="https://nvlpubs.nist.gov/nistpubs/CSWP/NIST.CSWP.04162018.pdf">DE.AE-1</reference>
            <reference href="https://nvlpubs.nist.gov/nistpubs/CSWP/NIST.CSWP.04162018.pdf">DE.CM-1</reference>
            <reference href="https://nvlpubs.nist.gov/nistpubs/CSWP/NIST.CSWP.04162018.pdf">ID.AM-3</reference>
            <reference href="https://nvlpubs.nist.gov/nistpubs/CSWP/NIST.CSWP.04162018.pdf">PR.AC-5</reference>
            <reference href="https://nvlpubs.nist.gov/nistpubs/CSWP/NIST.CSWP.04162018.pdf">PR.DS-4</reference>
            <reference href="https://nvlpubs.nist.gov/nistpubs/CSWP/NIST.CSWP.04162018.pdf">PR.DS-5</reference>
            <reference href="https://nvlpubs.nist.gov/nistpubs/CSWP/NIST.CSWP.04162018.pdf">PR.IP-1</reference>
            <reference href="https://nvlpubs.nist.gov/nistpubs/CSWP/NIST.CSWP.04162018.pdf">PR.PT-3</reference>
            <reference href="https://nvlpubs.nist.gov/nistpubs/CSWP/NIST.CSWP.04162018.pdf">PR.PT-4</reference>
            <reference href="https://www.pcisecuritystandards.org/documents/PCI_DSS_v3-2-1.pdf">Req-1.4.3</reference>
            <reference href="https://public.cyber.mil/stigs/downloads/?_dl_facet_stigs=operating-systems%2Cgeneral-purpose-os">SRG-OS-000480-GPOS-00227</reference>
            <reference href="https://www.cisecurity.org/benchmark/ubuntu_linux/">3.3.4</reference>
            <reference href="https://docs-prv.pcisecuritystandards.org/PCI%20DSS/Standard/PCI-DSS-v4_0.pdf">1.4.2</reference>
            <reference href="https://docs-prv.pcisecuritystandards.org/PCI%20DSS/Standard/PCI-DSS-v4_0.pdf">1.4</reference>
            <rationale xmlns:xhtml="http://www.w3.org/1999/xhtml" xml:lang="en-US">Responding to broadcast (ICMP) echoes facilitates network mapping
and provides a vector for amplification attacks.
<html:br xmlns:html="http://www.w3.org/1999/xhtml"/>
Ignoring ICMP echo requests (pings) sent to broadcast or multicast
addresses makes the system slightly more difficult to enumerate on the network.</rationale>
            <fix xmlns:xhtml="http://www.w3.org/1999/xhtml" id="sysctl_net_ipv4_icmp_echo_ignore_broadcasts" system="urn:xccdf:fix:script:ansible" reboot="true" complexity="low" disruption="medium" strategy="disable">- name: Gather the package facts
  package_facts:
    manager: auto
  tags:
  - CJIS-5.10.1.1
  - NIST-800-171-3.1.20
  - NIST-800-53-CM-7(a)
  - NIST-800-53-CM-7(b)
  - NIST-800-53-SC-5
  - PCI-DSS-Req-1.4.3
  - PCI-DSSv4-1.4
  - PCI-DSSv4-1.4.2
  - disable_strategy
  - low_complexity
  - medium_disruption
  - medium_severity
  - reboot_required
  - sysctl_net_ipv4_icmp_echo_ignore_broadcasts

- name: List /etc/sysctl.d/*.conf files
  find:
    paths:
    - /etc/sysctl.d/
    - /run/sysctl.d/
    - /usr/local/lib/sysctl.d/
    contains: ^[\s]*net.ipv4.icmp_echo_ignore_broadcasts.*$
    patterns: '*.conf'
    file_type: any
  register: find_sysctl_d
  when: '"linux-base" in ansible_facts.packages'
  tags:
  - CJIS-5.10.1.1
  - NIST-800-171-3.1.20
  - NIST-800-53-CM-7(a)
  - NIST-800-53-CM-7(b)
  - NIST-800-53-SC-5
  - PCI-DSS-Req-1.4.3
  - PCI-DSSv4-1.4
  - PCI-DSSv4-1.4.2
  - disable_strategy
  - low_complexity
  - medium_disruption
  - medium_severity
  - reboot_required
  - sysctl_net_ipv4_icmp_echo_ignore_broadcasts

- name: Comment out any occurrences of net.ipv4.icmp_echo_ignore_broadcasts from config
    files
  replace:
    path: '{{ item.path }}'
    regexp: ^[\s]*net.ipv4.icmp_echo_ignore_broadcasts
    replace: '#net.ipv4.icmp_echo_ignore_broadcasts'
  loop: '{{ find_sysctl_d.files }}'
  when: '"linux-base" in ansible_facts.packages'
  tags:
  - CJIS-5.10.1.1
  - NIST-800-171-3.1.20
  - NIST-800-53-CM-7(a)
  - NIST-800-53-CM-7(b)
  - NIST-800-53-SC-5
  - PCI-DSS-Req-1.4.3
  - PCI-DSSv4-1.4
  - PCI-DSSv4-1.4.2
  - disable_strategy
  - low_complexity
  - medium_disruption
  - medium_severity
  - reboot_required
  - sysctl_net_ipv4_icmp_echo_ignore_broadcasts
- name: XCCDF Value sysctl_net_ipv4_icmp_echo_ignore_broadcasts_value # promote to variable
  set_fact:
    sysctl_net_ipv4_icmp_echo_ignore_broadcasts_value: !!str <xccdf-1.2:sub xmlns:xccdf-1.2="http://checklists.nist.gov/xccdf/1.2" idref="xccdf_org.ssgproject.content_value_sysctl_net_ipv4_icmp_echo_ignore_broadcasts_value" use="legacy"/>
  tags:
    - always

- name: Ensure sysctl net.ipv4.icmp_echo_ignore_broadcasts is set
  sysctl:
    name: net.ipv4.icmp_echo_ignore_broadcasts
    value: '{{ sysctl_net_ipv4_icmp_echo_ignore_broadcasts_value }}'
    sysctl_file: /etc/sysctl.conf
    state: present
    reload: true
  when: '"linux-base" in ansible_facts.packages'
  tags:
  - CJIS-5.10.1.1
  - NIST-800-171-3.1.20
  - NIST-800-53-CM-7(a)
  - NIST-800-53-CM-7(b)
  - NIST-800-53-SC-5
  - PCI-DSS-Req-1.4.3
  - PCI-DSSv4-1.4
  - PCI-DSSv4-1.4.2
  - disable_strategy
  - low_complexity
  - medium_disruption
  - medium_severity
  - reboot_required
  - sysctl_net_ipv4_icmp_echo_ignore_broadcasts
</fix>
            <fix xmlns:xhtml="http://www.w3.org/1999/xhtml" id="sysctl_net_ipv4_icmp_echo_ignore_broadcasts" system="urn:xccdf:fix:script:sh" reboot="true" complexity="low" disruption="medium" strategy="disable"># Remediation is applicable only in certain platforms
if dpkg-query --show --showformat='${db:Status-Status}
' 'linux-base' 2&gt;/dev/null | grep -q ^installed; then

# Comment out any occurrences of net.ipv4.icmp_echo_ignore_broadcasts from /etc/sysctl.d/*.conf files

for f in /etc/sysctl.d/*.conf /run/sysctl.d/*.conf /usr/local/lib/sysctl.d/*.conf; do


  # skip systemd-sysctl symlink (/etc/sysctl.d/99-sysctl.conf -&gt; /etc/sysctl.conf)
  if [[ "$(readlink -f "$f")" == "/etc/sysctl.conf" ]]; then continue; fi

  matching_list=$(grep -P '^(?!#).*[\s]*net.ipv4.icmp_echo_ignore_broadcasts.*$' $f | uniq )
  if ! test -z "$matching_list"; then
    while IFS= read -r entry; do
      escaped_entry=$(sed -e 's|/|\\/|g' &lt;&lt;&lt; "$entry")
      # comment out "net.ipv4.icmp_echo_ignore_broadcasts" matches to preserve user data
      sed -i --follow-symlinks "s/^${escaped_entry}$/# &amp;/g" $f
    done &lt;&lt;&lt; "$matching_list"
  fi
done

#
# Set sysctl config file which to save the desired value
#

SYSCONFIG_FILE="/etc/sysctl.conf"

sysctl_net_ipv4_icmp_echo_ignore_broadcasts_value='<xccdf-1.2:sub xmlns:xccdf-1.2="http://checklists.nist.gov/xccdf/1.2" idref="xccdf_org.ssgproject.content_value_sysctl_net_ipv4_icmp_echo_ignore_broadcasts_value" use="legacy"/>'


#
# Set runtime for net.ipv4.icmp_echo_ignore_broadcasts
#
if [[ "$OSCAP_BOOTC_BUILD" != "YES" ]] ; then
    /sbin/sysctl -q -n -w net.ipv4.icmp_echo_ignore_broadcasts="$sysctl_net_ipv4_icmp_echo_ignore_broadcasts_value"
fi

#
# If net.ipv4.icmp_echo_ignore_broadcasts present in /etc/sysctl.conf, change value to appropriate value
#	else, add "net.ipv4.icmp_echo_ignore_broadcasts = value" to /etc/sysctl.conf
#

# Strip any search characters in the key arg so that the key can be replaced without
# adding any search characters to the config file.
stripped_key=$(sed 's/[\^=\$,;+]*//g' &lt;&lt;&lt; "^net.ipv4.icmp_echo_ignore_broadcasts")

# shellcheck disable=SC2059
printf -v formatted_output "%s = %s" "$stripped_key" "$sysctl_net_ipv4_icmp_echo_ignore_broadcasts_value"

# If the key exists, change it. Otherwise, add it to the config_file.
# We search for the key string followed by a word boundary (matched by \&gt;),
# so if we search for 'setting', 'setting2' won't match.
if LC_ALL=C grep -q -m 1 -i -e "^net.ipv4.icmp_echo_ignore_broadcasts\\&gt;" "${SYSCONFIG_FILE}"; then
    escaped_formatted_output=$(sed -e 's|/|\\/|g' &lt;&lt;&lt; "$formatted_output")
    LC_ALL=C sed -i --follow-symlinks "s/^net.ipv4.icmp_echo_ignore_broadcasts\\&gt;.*/$escaped_formatted_output/gi" "${SYSCONFIG_FILE}"
else
    if [[ -s "${SYSCONFIG_FILE}" ]] &amp;&amp; [[ -n "$(tail -c 1 -- "${SYSCONFIG_FILE}" || true)" ]]; then
        LC_ALL=C sed -i --follow-symlinks '$a'\\ "${SYSCONFIG_FILE}"
    fi
    printf '%s\n' "$formatted_output" &gt;&gt; "${SYSCONFIG_FILE}"
fi

else
    &gt;&amp;2 echo 'Remediation is not applicable, nothing was done'
fi
</fix>
            <check system="http://oval.mitre.org/XMLSchema/oval-definitions-5">
              <check-export export-name="oval:ssg-sysctl_net_ipv4_icmp_echo_ignore_broadcasts_value:var:1" value-id="xccdf_org.ssgproject.content_value_sysctl_net_ipv4_icmp_echo_ignore_broadcasts_value"/>
              <check-content-ref name="oval:ssg-sysctl_net_ipv4_icmp_echo_ignore_broadcasts:def:1" href="ssg-ubuntu2404-oval.xml"/>
            </check>
            <check system="http://scap.nist.gov/schema/ocil/2">
              <check-content-ref name="ocil:ssg-sysctl_net_ipv4_icmp_echo_ignore_broadcasts_ocil:questionnaire:1" href="ssg-ubuntu2404-ocil.xml"/>
            </check>
          </Rule>
          <Rule id="xccdf_org.ssgproject.content_rule_sysctl_net_ipv4_icmp_ignore_bogus_error_responses" selected="false" role="full" severity="unknown">
            <title xmlns:xhtml="http://www.w3.org/1999/xhtml" xml:lang="en-US">Enable Kernel Parameter to Ignore Bogus ICMP Error Responses on IPv4 Interfaces</title>
            <description xmlns:xhtml="http://www.w3.org/1999/xhtml" xml:lang="en-US">To set the runtime status of the <html:code xmlns:html="http://www.w3.org/1999/xhtml">net.ipv4.icmp_ignore_bogus_error_responses</html:code> kernel parameter, run the following command: <html:pre xmlns:html="http://www.w3.org/1999/xhtml">$ sudo sysctl -w net.ipv4.icmp_ignore_bogus_error_responses=1</html:pre>
To make sure that the setting is persistent, add the following line to a file in the directory <html:code xmlns:html="http://www.w3.org/1999/xhtml">/etc/sysctl.d</html:code>: <html:pre xmlns:html="http://www.w3.org/1999/xhtml">net.ipv4.icmp_ignore_bogus_error_responses = 1</html:pre>
        </description>
            <reference href="https://www.cisecurity.org/controls/">1</reference>
            <reference href="https://www.cisecurity.org/controls/">11</reference>
            <reference href="https://www.cisecurity.org/controls/">12</reference>
            <reference href="https://www.cisecurity.org/controls/">13</reference>
            <reference href="https://www.cisecurity.org/controls/">14</reference>
            <reference href="https://www.cisecurity.org/controls/">15</reference>
            <reference href="https://www.cisecurity.org/controls/">16</reference>
            <reference href="https://www.cisecurity.org/controls/">2</reference>
            <reference href="https://www.cisecurity.org/controls/">3</reference>
            <reference href="https://www.cisecurity.org/controls/">7</reference>
            <reference href="https://www.cisecurity.org/controls/">8</reference>
            <reference href="https://www.cisecurity.org/controls/">9</reference>
            <reference href="https://www.isaca.org/resources/cobit">APO13.01</reference>
            <reference href="https://www.isaca.org/resources/cobit">BAI04.04</reference>
            <reference href="https://www.isaca.org/resources/cobit">BAI10.01</reference>
            <reference href="https://www.isaca.org/resources/cobit">BAI10.02</reference>
            <reference href="https://www.isaca.org/resources/cobit">BAI10.03</reference>
            <reference href="https://www.isaca.org/resources/cobit">BAI10.05</reference>
            <reference href="https://www.isaca.org/resources/cobit">DSS01.03</reference>
            <reference href="https://www.isaca.org/resources/cobit">DSS03.05</reference>
            <reference href="https://www.isaca.org/resources/cobit">DSS05.02</reference>
            <reference href="https://www.isaca.org/resources/cobit">DSS05.05</reference>
            <reference href="https://www.isaca.org/resources/cobit">DSS05.07</reference>
            <reference href="https://www.isaca.org/resources/cobit">DSS06.06</reference>
            <reference href="http://nvlpubs.nist.gov/nistpubs/SpecialPublications/NIST.SP.800-171.pdf">3.1.20</reference>
            <reference href="https://public.cyber.mil/stigs/cci/">CCI-000366</reference>
            <reference href="https://www.isa.org/products/isa-62443-2-1-2009-security-for-industrial-automat">4.3.3.5.1</reference>
            <reference href="https://www.isa.org/products/isa-62443-2-1-2009-security-for-industrial-automat">4.3.3.5.2</reference>
            <reference href="https://www.isa.org/products/isa-62443-2-1-2009-security-for-industrial-automat">4.3.3.5.3</reference>
            <reference href="https://www.isa.org/products/isa-62443-2-1-2009-security-for-industrial-automat">4.3.3.5.4</reference>
            <reference href="https://www.isa.org/products/isa-62443-2-1-2009-security-for-industrial-automat">4.3.3.5.5</reference>
            <reference href="https://www.isa.org/products/isa-62443-2-1-2009-security-for-industrial-automat">4.3.3.5.6</reference>
            <reference href="https://www.isa.org/products/isa-62443-2-1-2009-security-for-industrial-automat">4.3.3.5.7</reference>
            <reference href="https://www.isa.org/products/isa-62443-2-1-2009-security-for-industrial-automat">4.3.3.5.8</reference>
            <reference href="https://www.isa.org/products/isa-62443-2-1-2009-security-for-industrial-automat">4.3.3.6.1</reference>
            <reference href="https://www.isa.org/products/isa-62443-2-1-2009-security-for-industrial-automat">4.3.3.6.2</reference>
            <reference href="https://www.isa.org/products/isa-62443-2-1-2009-security-for-industrial-automat">4.3.3.6.3</reference>
            <reference href="https://www.isa.org/products/isa-62443-2-1-2009-security-for-industrial-automat">4.3.3.6.4</reference>
            <reference href="https://www.isa.org/products/isa-62443-2-1-2009-security-for-industrial-automat">4.3.3.6.5</reference>
            <reference href="https://www.isa.org/products/isa-62443-2-1-2009-security-for-industrial-automat">4.3.3.6.6</reference>
            <reference href="https://www.isa.org/products/isa-62443-2-1-2009-security-for-industrial-automat">4.3.3.6.7</reference>
            <reference href="https://www.isa.org/products/isa-62443-2-1-2009-security-for-industrial-automat">4.3.3.6.8</reference>
            <reference href="https://www.isa.org/products/isa-62443-2-1-2009-security-for-industrial-automat">4.3.3.6.9</reference>
            <reference href="https://www.isa.org/products/isa-62443-2-1-2009-security-for-industrial-automat">4.3.3.7.1</reference>
            <reference href="https://www.isa.org/products/isa-62443-2-1-2009-security-for-industrial-automat">4.3.3.7.2</reference>
            <reference href="https://www.isa.org/products/isa-62443-2-1-2009-security-for-industrial-automat">4.3.3.7.3</reference>
            <reference href="https://www.isa.org/products/isa-62443-2-1-2009-security-for-industrial-automat">4.3.3.7.4</reference>
            <reference href="https://www.isa.org/products/isa-62443-2-1-2009-security-for-industrial-automat">4.3.4.3.2</reference>
            <reference href="https://www.isa.org/products/isa-62443-2-1-2009-security-for-industrial-automat">4.3.4.3.3</reference>
            <reference href="https://www.isa.org/products/ansi-isa-62443-3-3-99-03-03-2013-security-for-indu">SR 1.1</reference>
            <reference href="https://www.isa.org/products/ansi-isa-62443-3-3-99-03-03-2013-security-for-indu">SR 1.10</reference>
            <reference href="https://www.isa.org/products/ansi-isa-62443-3-3-99-03-03-2013-security-for-indu">SR 1.11</reference>
            <reference href="https://www.isa.org/products/ansi-isa-62443-3-3-99-03-03-2013-security-for-indu">SR 1.12</reference>
            <reference href="https://www.isa.org/products/ansi-isa-62443-3-3-99-03-03-2013-security-for-indu">SR 1.13</reference>
            <reference href="https://www.isa.org/products/ansi-isa-62443-3-3-99-03-03-2013-security-for-indu">SR 1.2</reference>
            <reference href="https://www.isa.org/products/ansi-isa-62443-3-3-99-03-03-2013-security-for-indu">SR 1.3</reference>
            <reference href="https://www.isa.org/products/ansi-isa-62443-3-3-99-03-03-2013-security-for-indu">SR 1.4</reference>
            <reference href="https://www.isa.org/products/ansi-isa-62443-3-3-99-03-03-2013-security-for-indu">SR 1.5</reference>
            <reference href="https://www.isa.org/products/ansi-isa-62443-3-3-99-03-03-2013-security-for-indu">SR 1.6</reference>
            <reference href="https://www.isa.org/products/ansi-isa-62443-3-3-99-03-03-2013-security-for-indu">SR 1.7</reference>
            <reference href="https://www.isa.org/products/ansi-isa-62443-3-3-99-03-03-2013-security-for-indu">SR 1.8</reference>
            <reference href="https://www.isa.org/products/ansi-isa-62443-3-3-99-03-03-2013-security-for-indu">SR 1.9</reference>
            <reference href="https://www.isa.org/products/ansi-isa-62443-3-3-99-03-03-2013-security-for-indu">SR 2.1</reference>
            <reference href="https://www.isa.org/products/ansi-isa-62443-3-3-99-03-03-2013-security-for-indu">SR 2.2</reference>
            <reference href="https://www.isa.org/products/ansi-isa-62443-3-3-99-03-03-2013-security-for-indu">SR 2.3</reference>
            <reference href="https://www.isa.org/products/ansi-isa-62443-3-3-99-03-03-2013-security-for-indu">SR 2.4</reference>
            <reference href="https://www.isa.org/products/ansi-isa-62443-3-3-99-03-03-2013-security-for-indu">SR 2.5</reference>
            <reference href="https://www.isa.org/products/ansi-isa-62443-3-3-99-03-03-2013-security-for-indu">SR 2.6</reference>
            <reference href="https://www.isa.org/products/ansi-isa-62443-3-3-99-03-03-2013-security-for-indu">SR 2.7</reference>
            <reference href="https://www.isa.org/products/ansi-isa-62443-3-3-99-03-03-2013-security-for-indu">SR 6.2</reference>
            <reference href="https://www.isa.org/products/ansi-isa-62443-3-3-99-03-03-2013-security-for-indu">SR 7.1</reference>
            <reference href="https://www.isa.org/products/ansi-isa-62443-3-3-99-03-03-2013-security-for-indu">SR 7.2</reference>
            <reference href="https://www.isa.org/products/ansi-isa-62443-3-3-99-03-03-2013-security-for-indu">SR 7.6</reference>
            <reference href="https://www.iso.org/contents/data/standard/05/45/54534.html">A.12.1.2</reference>
            <reference href="https://www.iso.org/contents/data/standard/05/45/54534.html">A.12.1.3</reference>
            <reference href="https://www.iso.org/contents/data/standard/05/45/54534.html">A.12.5.1</reference>
            <reference href="https://www.iso.org/contents/data/standard/05/45/54534.html">A.12.6.2</reference>
            <reference href="https://www.iso.org/contents/data/standard/05/45/54534.html">A.14.2.2</reference>
            <reference href="https://www.iso.org/contents/data/standard/05/45/54534.html">A.14.2.3</reference>
            <reference href="https://www.iso.org/contents/data/standard/05/45/54534.html">A.14.2.4</reference>
            <reference href="https://www.iso.org/contents/data/standard/05/45/54534.html">A.17.2.1</reference>
            <reference href="https://www.iso.org/contents/data/standard/05/45/54534.html">A.9.1.2</reference>
            <reference href="https://www.nerc.com/pa/Stand/AlignRep/One%20Stop%20Shop.xlsx">CIP-007-3 R4</reference>
            <reference href="https://www.nerc.com/pa/Stand/AlignRep/One%20Stop%20Shop.xlsx">CIP-007-3 R4.1</reference>
            <reference href="https://www.nerc.com/pa/Stand/AlignRep/One%20Stop%20Shop.xlsx">CIP-007-3 R4.2</reference>
            <reference href="https://www.nerc.com/pa/Stand/AlignRep/One%20Stop%20Shop.xlsx">CIP-007-3 R5.1</reference>
            <reference href="http://nvlpubs.nist.gov/nistpubs/SpecialPublications/NIST.SP.800-53r4.pdf">CM-7(a)</reference>
            <reference href="http://nvlpubs.nist.gov/nistpubs/SpecialPublications/NIST.SP.800-53r4.pdf">CM-7(b)</reference>
            <reference href="http://nvlpubs.nist.gov/nistpubs/SpecialPublications/NIST.SP.800-53r4.pdf">SC-5</reference>
            <reference href="https://nvlpubs.nist.gov/nistpubs/CSWP/NIST.CSWP.04162018.pdf">DE.CM-1</reference>
            <reference href="https://nvlpubs.nist.gov/nistpubs/CSWP/NIST.CSWP.04162018.pdf">PR.DS-4</reference>
            <reference href="https://nvlpubs.nist.gov/nistpubs/CSWP/NIST.CSWP.04162018.pdf">PR.IP-1</reference>
            <reference href="https://nvlpubs.nist.gov/nistpubs/CSWP/NIST.CSWP.04162018.pdf">PR.PT-3</reference>
            <reference href="https://www.pcisecuritystandards.org/documents/PCI_DSS_v3-2-1.pdf">Req-1.4.3</reference>
            <reference href="https://public.cyber.mil/stigs/downloads/?_dl_facet_stigs=operating-systems%2Cgeneral-purpose-os">SRG-OS-000480-GPOS-00227</reference>
            <reference href="https://cyber.gouv.fr/sites/default/files/document/linux_configuration-en-v2.pdf">R12</reference>
            <reference href="https://www.cisecurity.org/benchmark/ubuntu_linux/">3.3.3</reference>
            <reference href="https://docs-prv.pcisecuritystandards.org/PCI%20DSS/Standard/PCI-DSS-v4_0.pdf">1.4.2</reference>
            <reference href="https://docs-prv.pcisecuritystandards.org/PCI%20DSS/Standard/PCI-DSS-v4_0.pdf">1.4</reference>
            <rationale xmlns:xhtml="http://www.w3.org/1999/xhtml" xml:lang="en-US">Ignoring bogus ICMP error responses reduces
log size, although some activity would not be logged.</rationale>
            <fix xmlns:xhtml="http://www.w3.org/1999/xhtml" id="sysctl_net_ipv4_icmp_ignore_bogus_error_responses" system="urn:xccdf:fix:script:ansible" reboot="true" complexity="low" disruption="medium" strategy="disable">- name: Gather the package facts
  package_facts:
    manager: auto
  tags:
  - NIST-800-171-3.1.20
  - NIST-800-53-CM-7(a)
  - NIST-800-53-CM-7(b)
  - NIST-800-53-SC-5
  - PCI-DSS-Req-1.4.3
  - PCI-DSSv4-1.4
  - PCI-DSSv4-1.4.2
  - disable_strategy
  - low_complexity
  - medium_disruption
  - reboot_required
  - sysctl_net_ipv4_icmp_ignore_bogus_error_responses
  - unknown_severity

- name: List /etc/sysctl.d/*.conf files
  find:
    paths:
    - /etc/sysctl.d/
    - /run/sysctl.d/
    - /usr/local/lib/sysctl.d/
    contains: ^[\s]*net.ipv4.icmp_ignore_bogus_error_responses.*$
    patterns: '*.conf'
    file_type: any
  register: find_sysctl_d
  when: '"linux-base" in ansible_facts.packages'
  tags:
  - NIST-800-171-3.1.20
  - NIST-800-53-CM-7(a)
  - NIST-800-53-CM-7(b)
  - NIST-800-53-SC-5
  - PCI-DSS-Req-1.4.3
  - PCI-DSSv4-1.4
  - PCI-DSSv4-1.4.2
  - disable_strategy
  - low_complexity
  - medium_disruption
  - reboot_required
  - sysctl_net_ipv4_icmp_ignore_bogus_error_responses
  - unknown_severity

- name: Comment out any occurrences of net.ipv4.icmp_ignore_bogus_error_responses
    from config files
  replace:
    path: '{{ item.path }}'
    regexp: ^[\s]*net.ipv4.icmp_ignore_bogus_error_responses
    replace: '#net.ipv4.icmp_ignore_bogus_error_responses'
  loop: '{{ find_sysctl_d.files }}'
  when: '"linux-base" in ansible_facts.packages'
  tags:
  - NIST-800-171-3.1.20
  - NIST-800-53-CM-7(a)
  - NIST-800-53-CM-7(b)
  - NIST-800-53-SC-5
  - PCI-DSS-Req-1.4.3
  - PCI-DSSv4-1.4
  - PCI-DSSv4-1.4.2
  - disable_strategy
  - low_complexity
  - medium_disruption
  - reboot_required
  - sysctl_net_ipv4_icmp_ignore_bogus_error_responses
  - unknown_severity
- name: XCCDF Value sysctl_net_ipv4_icmp_ignore_bogus_error_responses_value # promote to variable
  set_fact:
    sysctl_net_ipv4_icmp_ignore_bogus_error_responses_value: !!str <xccdf-1.2:sub xmlns:xccdf-1.2="http://checklists.nist.gov/xccdf/1.2" idref="xccdf_org.ssgproject.content_value_sysctl_net_ipv4_icmp_ignore_bogus_error_responses_value" use="legacy"/>
  tags:
    - always

- name: Ensure sysctl net.ipv4.icmp_ignore_bogus_error_responses is set
  sysctl:
    name: net.ipv4.icmp_ignore_bogus_error_responses
    value: '{{ sysctl_net_ipv4_icmp_ignore_bogus_error_responses_value }}'
    sysctl_file: /etc/sysctl.conf
    state: present
    reload: true
  when: '"linux-base" in ansible_facts.packages'
  tags:
  - NIST-800-171-3.1.20
  - NIST-800-53-CM-7(a)
  - NIST-800-53-CM-7(b)
  - NIST-800-53-SC-5
  - PCI-DSS-Req-1.4.3
  - PCI-DSSv4-1.4
  - PCI-DSSv4-1.4.2
  - disable_strategy
  - low_complexity
  - medium_disruption
  - reboot_required
  - sysctl_net_ipv4_icmp_ignore_bogus_error_responses
  - unknown_severity
</fix>
            <fix xmlns:xhtml="http://www.w3.org/1999/xhtml" id="sysctl_net_ipv4_icmp_ignore_bogus_error_responses" system="urn:xccdf:fix:script:sh" reboot="true" complexity="low" disruption="medium" strategy="disable"># Remediation is applicable only in certain platforms
if dpkg-query --show --showformat='${db:Status-Status}
' 'linux-base' 2&gt;/dev/null | grep -q ^installed; then

# Comment out any occurrences of net.ipv4.icmp_ignore_bogus_error_responses from /etc/sysctl.d/*.conf files

for f in /etc/sysctl.d/*.conf /run/sysctl.d/*.conf /usr/local/lib/sysctl.d/*.conf; do


  # skip systemd-sysctl symlink (/etc/sysctl.d/99-sysctl.conf -&gt; /etc/sysctl.conf)
  if [[ "$(readlink -f "$f")" == "/etc/sysctl.conf" ]]; then continue; fi

  matching_list=$(grep -P '^(?!#).*[\s]*net.ipv4.icmp_ignore_bogus_error_responses.*$' $f | uniq )
  if ! test -z "$matching_list"; then
    while IFS= read -r entry; do
      escaped_entry=$(sed -e 's|/|\\/|g' &lt;&lt;&lt; "$entry")
      # comment out "net.ipv4.icmp_ignore_bogus_error_responses" matches to preserve user data
      sed -i --follow-symlinks "s/^${escaped_entry}$/# &amp;/g" $f
    done &lt;&lt;&lt; "$matching_list"
  fi
done

#
# Set sysctl config file which to save the desired value
#

SYSCONFIG_FILE="/etc/sysctl.conf"

sysctl_net_ipv4_icmp_ignore_bogus_error_responses_value='<xccdf-1.2:sub xmlns:xccdf-1.2="http://checklists.nist.gov/xccdf/1.2" idref="xccdf_org.ssgproject.content_value_sysctl_net_ipv4_icmp_ignore_bogus_error_responses_value" use="legacy"/>'


#
# Set runtime for net.ipv4.icmp_ignore_bogus_error_responses
#
if [[ "$OSCAP_BOOTC_BUILD" != "YES" ]] ; then
    /sbin/sysctl -q -n -w net.ipv4.icmp_ignore_bogus_error_responses="$sysctl_net_ipv4_icmp_ignore_bogus_error_responses_value"
fi

#
# If net.ipv4.icmp_ignore_bogus_error_responses present in /etc/sysctl.conf, change value to appropriate value
#	else, add "net.ipv4.icmp_ignore_bogus_error_responses = value" to /etc/sysctl.conf
#

# Strip any search characters in the key arg so that the key can be replaced without
# adding any search characters to the config file.
stripped_key=$(sed 's/[\^=\$,;+]*//g' &lt;&lt;&lt; "^net.ipv4.icmp_ignore_bogus_error_responses")

# shellcheck disable=SC2059
printf -v formatted_output "%s = %s" "$stripped_key" "$sysctl_net_ipv4_icmp_ignore_bogus_error_responses_value"

# If the key exists, change it. Otherwise, add it to the config_file.
# We search for the key string followed by a word boundary (matched by \&gt;),
# so if we search for 'setting', 'setting2' won't match.
if LC_ALL=C grep -q -m 1 -i -e "^net.ipv4.icmp_ignore_bogus_error_responses\\&gt;" "${SYSCONFIG_FILE}"; then
    escaped_formatted_output=$(sed -e 's|/|\\/|g' &lt;&lt;&lt; "$formatted_output")
    LC_ALL=C sed -i --follow-symlinks "s/^net.ipv4.icmp_ignore_bogus_error_responses\\&gt;.*/$escaped_formatted_output/gi" "${SYSCONFIG_FILE}"
else
    if [[ -s "${SYSCONFIG_FILE}" ]] &amp;&amp; [[ -n "$(tail -c 1 -- "${SYSCONFIG_FILE}" || true)" ]]; then
        LC_ALL=C sed -i --follow-symlinks '$a'\\ "${SYSCONFIG_FILE}"
    fi
    printf '%s\n' "$formatted_output" &gt;&gt; "${SYSCONFIG_FILE}"
fi

else
    &gt;&amp;2 echo 'Remediation is not applicable, nothing was done'
fi
</fix>
            <check system="http://oval.mitre.org/XMLSchema/oval-definitions-5">
              <check-export export-name="oval:ssg-sysctl_net_ipv4_icmp_ignore_bogus_error_responses_value:var:1" value-id="xccdf_org.ssgproject.content_value_sysctl_net_ipv4_icmp_ignore_bogus_error_responses_value"/>
              <check-content-ref name="oval:ssg-sysctl_net_ipv4_icmp_ignore_bogus_error_responses:def:1" href="ssg-ubuntu2404-oval.xml"/>
            </check>
            <check system="http://scap.nist.gov/schema/ocil/2">
              <check-content-ref name="ocil:ssg-sysctl_net_ipv4_icmp_ignore_bogus_error_responses_ocil:questionnaire:1" href="ssg-ubuntu2404-ocil.xml"/>
            </check>
          </Rule>
          <Rule id="xccdf_org.ssgproject.content_rule_sysctl_net_ipv4_tcp_syncookies" selected="false" role="full" severity="medium">
            <title xmlns:xhtml="http://www.w3.org/1999/xhtml" xml:lang="en-US">Enable Kernel Parameter to Use TCP Syncookies on Network Interfaces</title>
            <description xmlns:xhtml="http://www.w3.org/1999/xhtml" xml:lang="en-US">To set the runtime status of the <html:code xmlns:html="http://www.w3.org/1999/xhtml">net.ipv4.tcp_syncookies</html:code> kernel parameter, run the following command: <html:pre xmlns:html="http://www.w3.org/1999/xhtml">$ sudo sysctl -w net.ipv4.tcp_syncookies=1</html:pre>
To make sure that the setting is persistent, add the following line to a file in the directory <html:code xmlns:html="http://www.w3.org/1999/xhtml">/etc/sysctl.d</html:code>: <html:pre xmlns:html="http://www.w3.org/1999/xhtml">net.ipv4.tcp_syncookies = 1</html:pre>
        </description>
            <reference href="https://www.cisecurity.org/controls/">1</reference>
            <reference href="https://www.cisecurity.org/controls/">12</reference>
            <reference href="https://www.cisecurity.org/controls/">13</reference>
            <reference href="https://www.cisecurity.org/controls/">14</reference>
            <reference href="https://www.cisecurity.org/controls/">15</reference>
            <reference href="https://www.cisecurity.org/controls/">16</reference>
            <reference href="https://www.cisecurity.org/controls/">18</reference>
            <reference href="https://www.cisecurity.org/controls/">2</reference>
            <reference href="https://www.cisecurity.org/controls/">4</reference>
            <reference href="https://www.cisecurity.org/controls/">6</reference>
            <reference href="https://www.cisecurity.org/controls/">7</reference>
            <reference href="https://www.cisecurity.org/controls/">8</reference>
            <reference href="https://www.cisecurity.org/controls/">9</reference>
            <reference href="https://www.fbi.gov/file-repository/cjis-security-policy-v5_5_20160601-2-1.pdf">5.10.1.1</reference>
            <reference href="https://www.isaca.org/resources/cobit">APO01.06</reference>
            <reference href="https://www.isaca.org/resources/cobit">APO13.01</reference>
            <reference href="https://www.isaca.org/resources/cobit">BAI04.04</reference>
            <reference href="https://www.isaca.org/resources/cobit">DSS01.03</reference>
            <reference href="https://www.isaca.org/resources/cobit">DSS01.05</reference>
            <reference href="https://www.isaca.org/resources/cobit">DSS03.01</reference>
            <reference href="https://www.isaca.org/resources/cobit">DSS03.05</reference>
            <reference href="https://www.isaca.org/resources/cobit">DSS05.02</reference>
            <reference href="https://www.isaca.org/resources/cobit">DSS05.04</reference>
            <reference href="https://www.isaca.org/resources/cobit">DSS05.07</reference>
            <reference href="https://www.isaca.org/resources/cobit">DSS06.02</reference>
            <reference href="http://nvlpubs.nist.gov/nistpubs/SpecialPublications/NIST.SP.800-171.pdf">3.1.20</reference>
            <reference href="https://public.cyber.mil/stigs/cci/">CCI-001095</reference>
            <reference href="https://public.cyber.mil/stigs/cci/">CCI-000366</reference>
            <reference href="https://public.cyber.mil/stigs/cci/">CCI-002385</reference>
            <reference href="https://www.isa.org/products/isa-62443-2-1-2009-security-for-industrial-automat">4.2.3.4</reference>
            <reference href="https://www.isa.org/products/isa-62443-2-1-2009-security-for-industrial-automat">4.3.3.4</reference>
            <reference href="https://www.isa.org/products/isa-62443-2-1-2009-security-for-industrial-automat">4.4.3.3</reference>
            <reference href="https://www.isa.org/products/ansi-isa-62443-3-3-99-03-03-2013-security-for-indu">SR 3.1</reference>
            <reference href="https://www.isa.org/products/ansi-isa-62443-3-3-99-03-03-2013-security-for-indu">SR 3.5</reference>
            <reference href="https://www.isa.org/products/ansi-isa-62443-3-3-99-03-03-2013-security-for-indu">SR 3.8</reference>
            <reference href="https://www.isa.org/products/ansi-isa-62443-3-3-99-03-03-2013-security-for-indu">SR 4.1</reference>
            <reference href="https://www.isa.org/products/ansi-isa-62443-3-3-99-03-03-2013-security-for-indu">SR 4.3</reference>
            <reference href="https://www.isa.org/products/ansi-isa-62443-3-3-99-03-03-2013-security-for-indu">SR 5.1</reference>
            <reference href="https://www.isa.org/products/ansi-isa-62443-3-3-99-03-03-2013-security-for-indu">SR 5.2</reference>
            <reference href="https://www.isa.org/products/ansi-isa-62443-3-3-99-03-03-2013-security-for-indu">SR 5.3</reference>
            <reference href="https://www.isa.org/products/ansi-isa-62443-3-3-99-03-03-2013-security-for-indu">SR 6.2</reference>
            <reference href="https://www.isa.org/products/ansi-isa-62443-3-3-99-03-03-2013-security-for-indu">SR 7.1</reference>
            <reference href="https://www.isa.org/products/ansi-isa-62443-3-3-99-03-03-2013-security-for-indu">SR 7.2</reference>
            <reference href="https://www.isa.org/products/ansi-isa-62443-3-3-99-03-03-2013-security-for-indu">SR 7.6</reference>
            <reference href="https://www.iso.org/contents/data/standard/05/45/54534.html">A.10.1.1</reference>
            <reference href="https://www.iso.org/contents/data/standard/05/45/54534.html">A.11.1.4</reference>
            <reference href="https://www.iso.org/contents/data/standard/05/45/54534.html">A.11.1.5</reference>
            <reference href="https://www.iso.org/contents/data/standard/05/45/54534.html">A.11.2.1</reference>
            <reference href="https://www.iso.org/contents/data/standard/05/45/54534.html">A.12.1.1</reference>
            <reference href="https://www.iso.org/contents/data/standard/05/45/54534.html">A.12.1.2</reference>
            <reference href="https://www.iso.org/contents/data/standard/05/45/54534.html">A.12.1.3</reference>
            <reference href="https://www.iso.org/contents/data/standard/05/45/54534.html">A.13.1.1</reference>
            <reference href="https://www.iso.org/contents/data/standard/05/45/54534.html">A.13.1.2</reference>
            <reference href="https://www.iso.org/contents/data/standard/05/45/54534.html">A.13.1.3</reference>
            <reference href="https://www.iso.org/contents/data/standard/05/45/54534.html">A.13.2.1</reference>
            <reference href="https://www.iso.org/contents/data/standard/05/45/54534.html">A.13.2.2</reference>
            <reference href="https://www.iso.org/contents/data/standard/05/45/54534.html">A.13.2.3</reference>
            <reference href="https://www.iso.org/contents/data/standard/05/45/54534.html">A.13.2.4</reference>
            <reference href="https://www.iso.org/contents/data/standard/05/45/54534.html">A.14.1.2</reference>
            <reference href="https://www.iso.org/contents/data/standard/05/45/54534.html">A.14.1.3</reference>
            <reference href="https://www.iso.org/contents/data/standard/05/45/54534.html">A.17.2.1</reference>
            <reference href="https://www.iso.org/contents/data/standard/05/45/54534.html">A.6.1.2</reference>
            <reference href="https://www.iso.org/contents/data/standard/05/45/54534.html">A.7.1.1</reference>
            <reference href="https://www.iso.org/contents/data/standard/05/45/54534.html">A.7.1.2</reference>
            <reference href="https://www.iso.org/contents/data/standard/05/45/54534.html">A.7.3.1</reference>
            <reference href="https://www.iso.org/contents/data/standard/05/45/54534.html">A.8.2.2</reference>
            <reference href="https://www.iso.org/contents/data/standard/05/45/54534.html">A.8.2.3</reference>
            <reference href="https://www.iso.org/contents/data/standard/05/45/54534.html">A.9.1.1</reference>
            <reference href="https://www.iso.org/contents/data/standard/05/45/54534.html">A.9.1.2</reference>
            <reference href="https://www.iso.org/contents/data/standard/05/45/54534.html">A.9.2.3</reference>
            <reference href="https://www.iso.org/contents/data/standard/05/45/54534.html">A.9.4.1</reference>
            <reference href="https://www.iso.org/contents/data/standard/05/45/54534.html">A.9.4.4</reference>
            <reference href="https://www.iso.org/contents/data/standard/05/45/54534.html">A.9.4.5</reference>
            <reference href="http://nvlpubs.nist.gov/nistpubs/SpecialPublications/NIST.SP.800-53r4.pdf">CM-7(a)</reference>
            <reference href="http://nvlpubs.nist.gov/nistpubs/SpecialPublications/NIST.SP.800-53r4.pdf">CM-7(b)</reference>
            <reference href="http://nvlpubs.nist.gov/nistpubs/SpecialPublications/NIST.SP.800-53r4.pdf">SC-5(1)</reference>
            <reference href="http://nvlpubs.nist.gov/nistpubs/SpecialPublications/NIST.SP.800-53r4.pdf">SC-5(2)</reference>
            <reference href="http://nvlpubs.nist.gov/nistpubs/SpecialPublications/NIST.SP.800-53r4.pdf">SC-5(3)(a)</reference>
            <reference href="http://nvlpubs.nist.gov/nistpubs/SpecialPublications/NIST.SP.800-53r4.pdf">CM-6(a)</reference>
            <reference href="https://nvlpubs.nist.gov/nistpubs/CSWP/NIST.CSWP.04162018.pdf">DE.AE-1</reference>
            <reference href="https://nvlpubs.nist.gov/nistpubs/CSWP/NIST.CSWP.04162018.pdf">DE.CM-1</reference>
            <reference href="https://nvlpubs.nist.gov/nistpubs/CSWP/NIST.CSWP.04162018.pdf">ID.AM-3</reference>
            <reference href="https://nvlpubs.nist.gov/nistpubs/CSWP/NIST.CSWP.04162018.pdf">PR.AC-5</reference>
            <reference href="https://nvlpubs.nist.gov/nistpubs/CSWP/NIST.CSWP.04162018.pdf">PR.DS-4</reference>
            <reference href="https://nvlpubs.nist.gov/nistpubs/CSWP/NIST.CSWP.04162018.pdf">PR.DS-5</reference>
            <reference href="https://nvlpubs.nist.gov/nistpubs/CSWP/NIST.CSWP.04162018.pdf">PR.PT-4</reference>
            <reference href="https://www.pcisecuritystandards.org/documents/PCI_DSS_v3-2-1.pdf">Req-1.4.1</reference>
            <reference href="https://public.cyber.mil/stigs/downloads/?_dl_facet_stigs=operating-systems%2Cgeneral-purpose-os">SRG-OS-000480-GPOS-00227</reference>
            <reference href="https://public.cyber.mil/stigs/downloads/?_dl_facet_stigs=operating-systems%2Cgeneral-purpose-os">SRG-OS-000420-GPOS-00186</reference>
            <reference href="https://public.cyber.mil/stigs/downloads/?_dl_facet_stigs=operating-systems%2Cgeneral-purpose-os">SRG-OS-000142-GPOS-00071</reference>
            <reference href="https://cyber.gouv.fr/sites/default/files/document/linux_configuration-en-v2.pdf">R12</reference>
            <reference href="https://www.cisecurity.org/benchmark/ubuntu_linux/">3.3.10</reference>
            <reference href="https://docs-prv.pcisecuritystandards.org/PCI%20DSS/Standard/PCI-DSS-v4_0.pdf">1.4.3</reference>
            <reference href="https://docs-prv.pcisecuritystandards.org/PCI%20DSS/Standard/PCI-DSS-v4_0.pdf">1.4</reference>
            <rationale xmlns:xhtml="http://www.w3.org/1999/xhtml" xml:lang="en-US">A TCP SYN flood attack can cause a denial of service by filling a
system's TCP connection table with connections in the SYN_RCVD state.
Syncookies can be used to track a connection when a subsequent ACK is received,
verifying the initiator is attempting a valid connection and is not a flood
source. This feature is activated when a flood condition is detected, and
enables the system to continue servicing valid connection requests.</rationale>
            <fix xmlns:xhtml="http://www.w3.org/1999/xhtml" id="sysctl_net_ipv4_tcp_syncookies" system="urn:xccdf:fix:script:ansible" reboot="true" complexity="low" disruption="medium" strategy="disable">- name: Gather the package facts
  package_facts:
    manager: auto
  tags:
  - CJIS-5.10.1.1
  - NIST-800-171-3.1.20
  - NIST-800-53-CM-6(a)
  - NIST-800-53-CM-7(a)
  - NIST-800-53-CM-7(b)
  - NIST-800-53-SC-5(1)
  - NIST-800-53-SC-5(2)
  - NIST-800-53-SC-5(3)(a)
  - PCI-DSS-Req-1.4.1
  - PCI-DSSv4-1.4
  - PCI-DSSv4-1.4.3
  - disable_strategy
  - low_complexity
  - medium_disruption
  - medium_severity
  - reboot_required
  - sysctl_net_ipv4_tcp_syncookies

- name: List /etc/sysctl.d/*.conf files
  find:
    paths:
    - /etc/sysctl.d/
    - /run/sysctl.d/
    - /usr/local/lib/sysctl.d/
    contains: ^[\s]*net.ipv4.tcp_syncookies.*$
    patterns: '*.conf'
    file_type: any
  register: find_sysctl_d
  when: '"linux-base" in ansible_facts.packages'
  tags:
  - CJIS-5.10.1.1
  - NIST-800-171-3.1.20
  - NIST-800-53-CM-6(a)
  - NIST-800-53-CM-7(a)
  - NIST-800-53-CM-7(b)
  - NIST-800-53-SC-5(1)
  - NIST-800-53-SC-5(2)
  - NIST-800-53-SC-5(3)(a)
  - PCI-DSS-Req-1.4.1
  - PCI-DSSv4-1.4
  - PCI-DSSv4-1.4.3
  - disable_strategy
  - low_complexity
  - medium_disruption
  - medium_severity
  - reboot_required
  - sysctl_net_ipv4_tcp_syncookies

- name: Comment out any occurrences of net.ipv4.tcp_syncookies from config files
  replace:
    path: '{{ item.path }}'
    regexp: ^[\s]*net.ipv4.tcp_syncookies
    replace: '#net.ipv4.tcp_syncookies'
  loop: '{{ find_sysctl_d.files }}'
  when: '"linux-base" in ansible_facts.packages'
  tags:
  - CJIS-5.10.1.1
  - NIST-800-171-3.1.20
  - NIST-800-53-CM-6(a)
  - NIST-800-53-CM-7(a)
  - NIST-800-53-CM-7(b)
  - NIST-800-53-SC-5(1)
  - NIST-800-53-SC-5(2)
  - NIST-800-53-SC-5(3)(a)
  - PCI-DSS-Req-1.4.1
  - PCI-DSSv4-1.4
  - PCI-DSSv4-1.4.3
  - disable_strategy
  - low_complexity
  - medium_disruption
  - medium_severity
  - reboot_required
  - sysctl_net_ipv4_tcp_syncookies
- name: XCCDF Value sysctl_net_ipv4_tcp_syncookies_value # promote to variable
  set_fact:
    sysctl_net_ipv4_tcp_syncookies_value: !!str <xccdf-1.2:sub xmlns:xccdf-1.2="http://checklists.nist.gov/xccdf/1.2" idref="xccdf_org.ssgproject.content_value_sysctl_net_ipv4_tcp_syncookies_value" use="legacy"/>
  tags:
    - always

- name: Ensure sysctl net.ipv4.tcp_syncookies is set
  sysctl:
    name: net.ipv4.tcp_syncookies
    value: '{{ sysctl_net_ipv4_tcp_syncookies_value }}'
    sysctl_file: /etc/sysctl.conf
    state: present
    reload: true
  when: '"linux-base" in ansible_facts.packages'
  tags:
  - CJIS-5.10.1.1
  - NIST-800-171-3.1.20
  - NIST-800-53-CM-6(a)
  - NIST-800-53-CM-7(a)
  - NIST-800-53-CM-7(b)
  - NIST-800-53-SC-5(1)
  - NIST-800-53-SC-5(2)
  - NIST-800-53-SC-5(3)(a)
  - PCI-DSS-Req-1.4.1
  - PCI-DSSv4-1.4
  - PCI-DSSv4-1.4.3
  - disable_strategy
  - low_complexity
  - medium_disruption
  - medium_severity
  - reboot_required
  - sysctl_net_ipv4_tcp_syncookies
</fix>
            <fix xmlns:xhtml="http://www.w3.org/1999/xhtml" id="sysctl_net_ipv4_tcp_syncookies" system="urn:xccdf:fix:script:sh" reboot="true" complexity="low" disruption="medium" strategy="disable"># Remediation is applicable only in certain platforms
if dpkg-query --show --showformat='${db:Status-Status}
' 'linux-base' 2&gt;/dev/null | grep -q ^installed; then

# Comment out any occurrences of net.ipv4.tcp_syncookies from /etc/sysctl.d/*.conf files

for f in /etc/sysctl.d/*.conf /run/sysctl.d/*.conf /usr/local/lib/sysctl.d/*.conf; do


  # skip systemd-sysctl symlink (/etc/sysctl.d/99-sysctl.conf -&gt; /etc/sysctl.conf)
  if [[ "$(readlink -f "$f")" == "/etc/sysctl.conf" ]]; then continue; fi

  matching_list=$(grep -P '^(?!#).*[\s]*net.ipv4.tcp_syncookies.*$' $f | uniq )
  if ! test -z "$matching_list"; then
    while IFS= read -r entry; do
      escaped_entry=$(sed -e 's|/|\\/|g' &lt;&lt;&lt; "$entry")
      # comment out "net.ipv4.tcp_syncookies" matches to preserve user data
      sed -i --follow-symlinks "s/^${escaped_entry}$/# &amp;/g" $f
    done &lt;&lt;&lt; "$matching_list"
  fi
done

#
# Set sysctl config file which to save the desired value
#

SYSCONFIG_FILE="/etc/sysctl.conf"

sysctl_net_ipv4_tcp_syncookies_value='<xccdf-1.2:sub xmlns:xccdf-1.2="http://checklists.nist.gov/xccdf/1.2" idref="xccdf_org.ssgproject.content_value_sysctl_net_ipv4_tcp_syncookies_value" use="legacy"/>'


#
# Set runtime for net.ipv4.tcp_syncookies
#
if [[ "$OSCAP_BOOTC_BUILD" != "YES" ]] ; then
    /sbin/sysctl -q -n -w net.ipv4.tcp_syncookies="$sysctl_net_ipv4_tcp_syncookies_value"
fi

#
# If net.ipv4.tcp_syncookies present in /etc/sysctl.conf, change value to appropriate value
#	else, add "net.ipv4.tcp_syncookies = value" to /etc/sysctl.conf
#

# Strip any search characters in the key arg so that the key can be replaced without
# adding any search characters to the config file.
stripped_key=$(sed 's/[\^=\$,;+]*//g' &lt;&lt;&lt; "^net.ipv4.tcp_syncookies")

# shellcheck disable=SC2059
printf -v formatted_output "%s = %s" "$stripped_key" "$sysctl_net_ipv4_tcp_syncookies_value"

# If the key exists, change it. Otherwise, add it to the config_file.
# We search for the key string followed by a word boundary (matched by \&gt;),
# so if we search for 'setting', 'setting2' won't match.
if LC_ALL=C grep -q -m 1 -i -e "^net.ipv4.tcp_syncookies\\&gt;" "${SYSCONFIG_FILE}"; then
    escaped_formatted_output=$(sed -e 's|/|\\/|g' &lt;&lt;&lt; "$formatted_output")
    LC_ALL=C sed -i --follow-symlinks "s/^net.ipv4.tcp_syncookies\\&gt;.*/$escaped_formatted_output/gi" "${SYSCONFIG_FILE}"
else
    if [[ -s "${SYSCONFIG_FILE}" ]] &amp;&amp; [[ -n "$(tail -c 1 -- "${SYSCONFIG_FILE}" || true)" ]]; then
        LC_ALL=C sed -i --follow-symlinks '$a'\\ "${SYSCONFIG_FILE}"
    fi
    printf '%s\n' "$formatted_output" &gt;&gt; "${SYSCONFIG_FILE}"
fi

else
    &gt;&amp;2 echo 'Remediation is not applicable, nothing was done'
fi
</fix>
            <check system="http://oval.mitre.org/XMLSchema/oval-definitions-5">
              <check-export export-name="oval:ssg-sysctl_net_ipv4_tcp_syncookies_value:var:1" value-id="xccdf_org.ssgproject.content_value_sysctl_net_ipv4_tcp_syncookies_value"/>
              <check-content-ref name="oval:ssg-sysctl_net_ipv4_tcp_syncookies:def:1" href="ssg-ubuntu2404-oval.xml"/>
            </check>
            <check system="http://scap.nist.gov/schema/ocil/2">
              <check-content-ref name="ocil:ssg-sysctl_net_ipv4_tcp_syncookies_ocil:questionnaire:1" href="ssg-ubuntu2404-ocil.xml"/>
            </check>
          </Rule>
        </Group>
        <Group id="xccdf_org.ssgproject.content_group_network_host_parameters">
          <title xmlns:xhtml="http://www.w3.org/1999/xhtml" xml:lang="en-US">Network Parameters for Hosts Only</title>
          <description xmlns:xhtml="http://www.w3.org/1999/xhtml" xml:lang="en-US">If the system is not going to be used as a router, then setting certain
kernel parameters ensure that the host will not perform routing
of network traffic.</description>
          <platform idref="#system_with_kernel"/>
          <Rule id="xccdf_org.ssgproject.content_rule_sysctl_net_ipv4_conf_all_send_redirects" selected="false" role="full" severity="medium">
            <title xmlns:xhtml="http://www.w3.org/1999/xhtml" xml:lang="en-US">Disable Kernel Parameter for Sending ICMP Redirects on all IPv4 Interfaces</title>
            <description xmlns:xhtml="http://www.w3.org/1999/xhtml" xml:lang="en-US">To set the runtime status of the <html:code xmlns:html="http://www.w3.org/1999/xhtml">net.ipv4.conf.all.send_redirects</html:code> kernel parameter, run the following command: <html:pre xmlns:html="http://www.w3.org/1999/xhtml">$ sudo sysctl -w net.ipv4.conf.all.send_redirects=0</html:pre>
To make sure that the setting is persistent, add the following line to a file in the directory <html:code xmlns:html="http://www.w3.org/1999/xhtml">/etc/sysctl.d</html:code>: <html:pre xmlns:html="http://www.w3.org/1999/xhtml">net.ipv4.conf.all.send_redirects = 0</html:pre>
        </description>
            <reference href="https://www.cisecurity.org/controls/">1</reference>
            <reference href="https://www.cisecurity.org/controls/">11</reference>
            <reference href="https://www.cisecurity.org/controls/">12</reference>
            <reference href="https://www.cisecurity.org/controls/">13</reference>
            <reference href="https://www.cisecurity.org/controls/">14</reference>
            <reference href="https://www.cisecurity.org/controls/">15</reference>
            <reference href="https://www.cisecurity.org/controls/">16</reference>
            <reference href="https://www.cisecurity.org/controls/">18</reference>
            <reference href="https://www.cisecurity.org/controls/">2</reference>
            <reference href="https://www.cisecurity.org/controls/">3</reference>
            <reference href="https://www.cisecurity.org/controls/">4</reference>
            <reference href="https://www.cisecurity.org/controls/">6</reference>
            <reference href="https://www.cisecurity.org/controls/">7</reference>
            <reference href="https://www.cisecurity.org/controls/">8</reference>
            <reference href="https://www.cisecurity.org/controls/">9</reference>
            <reference href="https://www.fbi.gov/file-repository/cjis-security-policy-v5_5_20160601-2-1.pdf">5.10.1.1</reference>
            <reference href="https://www.isaca.org/resources/cobit">APO01.06</reference>
            <reference href="https://www.isaca.org/resources/cobit">APO13.01</reference>
            <reference href="https://www.isaca.org/resources/cobit">BAI04.04</reference>
            <reference href="https://www.isaca.org/resources/cobit">BAI10.01</reference>
            <reference href="https://www.isaca.org/resources/cobit">BAI10.02</reference>
            <reference href="https://www.isaca.org/resources/cobit">BAI10.03</reference>
            <reference href="https://www.isaca.org/resources/cobit">BAI10.05</reference>
            <reference href="https://www.isaca.org/resources/cobit">DSS01.03</reference>
            <reference href="https://www.isaca.org/resources/cobit">DSS01.05</reference>
            <reference href="https://www.isaca.org/resources/cobit">DSS03.01</reference>
            <reference href="https://www.isaca.org/resources/cobit">DSS03.05</reference>
            <reference href="https://www.isaca.org/resources/cobit">DSS05.02</reference>
            <reference href="https://www.isaca.org/resources/cobit">DSS05.04</reference>
            <reference href="https://www.isaca.org/resources/cobit">DSS05.05</reference>
            <reference href="https://www.isaca.org/resources/cobit">DSS05.07</reference>
            <reference href="https://www.isaca.org/resources/cobit">DSS06.02</reference>
            <reference href="https://www.isaca.org/resources/cobit">DSS06.06</reference>
            <reference href="http://nvlpubs.nist.gov/nistpubs/SpecialPublications/NIST.SP.800-171.pdf">3.1.20</reference>
            <reference href="https://public.cyber.mil/stigs/cci/">CCI-000366</reference>
            <reference href="https://www.isa.org/products/isa-62443-2-1-2009-security-for-industrial-automat">4.2.3.4</reference>
            <reference href="https://www.isa.org/products/isa-62443-2-1-2009-security-for-industrial-automat">4.3.3.4</reference>
            <reference href="https://www.isa.org/products/isa-62443-2-1-2009-security-for-industrial-automat">4.3.3.5.1</reference>
            <reference href="https://www.isa.org/products/isa-62443-2-1-2009-security-for-industrial-automat">4.3.3.5.2</reference>
            <reference href="https://www.isa.org/products/isa-62443-2-1-2009-security-for-industrial-automat">4.3.3.5.3</reference>
            <reference href="https://www.isa.org/products/isa-62443-2-1-2009-security-for-industrial-automat">4.3.3.5.4</reference>
            <reference href="https://www.isa.org/products/isa-62443-2-1-2009-security-for-industrial-automat">4.3.3.5.5</reference>
            <reference href="https://www.isa.org/products/isa-62443-2-1-2009-security-for-industrial-automat">4.3.3.5.6</reference>
            <reference href="https://www.isa.org/products/isa-62443-2-1-2009-security-for-industrial-automat">4.3.3.5.7</reference>
            <reference href="https://www.isa.org/products/isa-62443-2-1-2009-security-for-industrial-automat">4.3.3.5.8</reference>
            <reference href="https://www.isa.org/products/isa-62443-2-1-2009-security-for-industrial-automat">4.3.3.6.1</reference>
            <reference href="https://www.isa.org/products/isa-62443-2-1-2009-security-for-industrial-automat">4.3.3.6.2</reference>
            <reference href="https://www.isa.org/products/isa-62443-2-1-2009-security-for-industrial-automat">4.3.3.6.3</reference>
            <reference href="https://www.isa.org/products/isa-62443-2-1-2009-security-for-industrial-automat">4.3.3.6.4</reference>
            <reference href="https://www.isa.org/products/isa-62443-2-1-2009-security-for-industrial-automat">4.3.3.6.5</reference>
            <reference href="https://www.isa.org/products/isa-62443-2-1-2009-security-for-industrial-automat">4.3.3.6.6</reference>
            <reference href="https://www.isa.org/products/isa-62443-2-1-2009-security-for-industrial-automat">4.3.3.6.7</reference>
            <reference href="https://www.isa.org/products/isa-62443-2-1-2009-security-for-industrial-automat">4.3.3.6.8</reference>
            <reference href="https://www.isa.org/products/isa-62443-2-1-2009-security-for-industrial-automat">4.3.3.6.9</reference>
            <reference href="https://www.isa.org/products/isa-62443-2-1-2009-security-for-industrial-automat">4.3.3.7.1</reference>
            <reference href="https://www.isa.org/products/isa-62443-2-1-2009-security-for-industrial-automat">4.3.3.7.2</reference>
            <reference href="https://www.isa.org/products/isa-62443-2-1-2009-security-for-industrial-automat">4.3.3.7.3</reference>
            <reference href="https://www.isa.org/products/isa-62443-2-1-2009-security-for-industrial-automat">4.3.3.7.4</reference>
            <reference href="https://www.isa.org/products/isa-62443-2-1-2009-security-for-industrial-automat">4.3.4.3.2</reference>
            <reference href="https://www.isa.org/products/isa-62443-2-1-2009-security-for-industrial-automat">4.3.4.3.3</reference>
            <reference href="https://www.isa.org/products/isa-62443-2-1-2009-security-for-industrial-automat">4.4.3.3</reference>
            <reference href="https://www.isa.org/products/ansi-isa-62443-3-3-99-03-03-2013-security-for-indu">SR 1.1</reference>
            <reference href="https://www.isa.org/products/ansi-isa-62443-3-3-99-03-03-2013-security-for-indu">SR 1.10</reference>
            <reference href="https://www.isa.org/products/ansi-isa-62443-3-3-99-03-03-2013-security-for-indu">SR 1.11</reference>
            <reference href="https://www.isa.org/products/ansi-isa-62443-3-3-99-03-03-2013-security-for-indu">SR 1.12</reference>
            <reference href="https://www.isa.org/products/ansi-isa-62443-3-3-99-03-03-2013-security-for-indu">SR 1.13</reference>
            <reference href="https://www.isa.org/products/ansi-isa-62443-3-3-99-03-03-2013-security-for-indu">SR 1.2</reference>
            <reference href="https://www.isa.org/products/ansi-isa-62443-3-3-99-03-03-2013-security-for-indu">SR 1.3</reference>
            <reference href="https://www.isa.org/products/ansi-isa-62443-3-3-99-03-03-2013-security-for-indu">SR 1.4</reference>
            <reference href="https://www.isa.org/products/ansi-isa-62443-3-3-99-03-03-2013-security-for-indu">SR 1.5</reference>
            <reference href="https://www.isa.org/products/ansi-isa-62443-3-3-99-03-03-2013-security-for-indu">SR 1.6</reference>
            <reference href="https://www.isa.org/products/ansi-isa-62443-3-3-99-03-03-2013-security-for-indu">SR 1.7</reference>
            <reference href="https://www.isa.org/products/ansi-isa-62443-3-3-99-03-03-2013-security-for-indu">SR 1.8</reference>
            <reference href="https://www.isa.org/products/ansi-isa-62443-3-3-99-03-03-2013-security-for-indu">SR 1.9</reference>
            <reference href="https://www.isa.org/products/ansi-isa-62443-3-3-99-03-03-2013-security-for-indu">SR 2.1</reference>
            <reference href="https://www.isa.org/products/ansi-isa-62443-3-3-99-03-03-2013-security-for-indu">SR 2.2</reference>
            <reference href="https://www.isa.org/products/ansi-isa-62443-3-3-99-03-03-2013-security-for-indu">SR 2.3</reference>
            <reference href="https://www.isa.org/products/ansi-isa-62443-3-3-99-03-03-2013-security-for-indu">SR 2.4</reference>
            <reference href="https://www.isa.org/products/ansi-isa-62443-3-3-99-03-03-2013-security-for-indu">SR 2.5</reference>
            <reference href="https://www.isa.org/products/ansi-isa-62443-3-3-99-03-03-2013-security-for-indu">SR 2.6</reference>
            <reference href="https://www.isa.org/products/ansi-isa-62443-3-3-99-03-03-2013-security-for-indu">SR 2.7</reference>
            <reference href="https://www.isa.org/products/ansi-isa-62443-3-3-99-03-03-2013-security-for-indu">SR 3.1</reference>
            <reference href="https://www.isa.org/products/ansi-isa-62443-3-3-99-03-03-2013-security-for-indu">SR 3.5</reference>
            <reference href="https://www.isa.org/products/ansi-isa-62443-3-3-99-03-03-2013-security-for-indu">SR 3.8</reference>
            <reference href="https://www.isa.org/products/ansi-isa-62443-3-3-99-03-03-2013-security-for-indu">SR 4.1</reference>
            <reference href="https://www.isa.org/products/ansi-isa-62443-3-3-99-03-03-2013-security-for-indu">SR 4.3</reference>
            <reference href="https://www.isa.org/products/ansi-isa-62443-3-3-99-03-03-2013-security-for-indu">SR 5.1</reference>
            <reference href="https://www.isa.org/products/ansi-isa-62443-3-3-99-03-03-2013-security-for-indu">SR 5.2</reference>
            <reference href="https://www.isa.org/products/ansi-isa-62443-3-3-99-03-03-2013-security-for-indu">SR 5.3</reference>
            <reference href="https://www.isa.org/products/ansi-isa-62443-3-3-99-03-03-2013-security-for-indu">SR 6.2</reference>
            <reference href="https://www.isa.org/products/ansi-isa-62443-3-3-99-03-03-2013-security-for-indu">SR 7.1</reference>
            <reference href="https://www.isa.org/products/ansi-isa-62443-3-3-99-03-03-2013-security-for-indu">SR 7.2</reference>
            <reference href="https://www.isa.org/products/ansi-isa-62443-3-3-99-03-03-2013-security-for-indu">SR 7.6</reference>
            <reference href="https://www.iso.org/contents/data/standard/05/45/54534.html">A.10.1.1</reference>
            <reference href="https://www.iso.org/contents/data/standard/05/45/54534.html">A.11.1.4</reference>
            <reference href="https://www.iso.org/contents/data/standard/05/45/54534.html">A.11.1.5</reference>
            <reference href="https://www.iso.org/contents/data/standard/05/45/54534.html">A.11.2.1</reference>
            <reference href="https://www.iso.org/contents/data/standard/05/45/54534.html">A.12.1.1</reference>
            <reference href="https://www.iso.org/contents/data/standard/05/45/54534.html">A.12.1.2</reference>
            <reference href="https://www.iso.org/contents/data/standard/05/45/54534.html">A.12.1.3</reference>
            <reference href="https://www.iso.org/contents/data/standard/05/45/54534.html">A.12.5.1</reference>
            <reference href="https://www.iso.org/contents/data/standard/05/45/54534.html">A.12.6.2</reference>
            <reference href="https://www.iso.org/contents/data/standard/05/45/54534.html">A.13.1.1</reference>
            <reference href="https://www.iso.org/contents/data/standard/05/45/54534.html">A.13.1.2</reference>
            <reference href="https://www.iso.org/contents/data/standard/05/45/54534.html">A.13.1.3</reference>
            <reference href="https://www.iso.org/contents/data/standard/05/45/54534.html">A.13.2.1</reference>
            <reference href="https://www.iso.org/contents/data/standard/05/45/54534.html">A.13.2.2</reference>
            <reference href="https://www.iso.org/contents/data/standard/05/45/54534.html">A.13.2.3</reference>
            <reference href="https://www.iso.org/contents/data/standard/05/45/54534.html">A.13.2.4</reference>
            <reference href="https://www.iso.org/contents/data/standard/05/45/54534.html">A.14.1.2</reference>
            <reference href="https://www.iso.org/contents/data/standard/05/45/54534.html">A.14.1.3</reference>
            <reference href="https://www.iso.org/contents/data/standard/05/45/54534.html">A.14.2.2</reference>
            <reference href="https://www.iso.org/contents/data/standard/05/45/54534.html">A.14.2.3</reference>
            <reference href="https://www.iso.org/contents/data/standard/05/45/54534.html">A.14.2.4</reference>
            <reference href="https://www.iso.org/contents/data/standard/05/45/54534.html">A.17.2.1</reference>
            <reference href="https://www.iso.org/contents/data/standard/05/45/54534.html">A.6.1.2</reference>
            <reference href="https://www.iso.org/contents/data/standard/05/45/54534.html">A.7.1.1</reference>
            <reference href="https://www.iso.org/contents/data/standard/05/45/54534.html">A.7.1.2</reference>
            <reference href="https://www.iso.org/contents/data/standard/05/45/54534.html">A.7.3.1</reference>
            <reference href="https://www.iso.org/contents/data/standard/05/45/54534.html">A.8.2.2</reference>
            <reference href="https://www.iso.org/contents/data/standard/05/45/54534.html">A.8.2.3</reference>
            <reference href="https://www.iso.org/contents/data/standard/05/45/54534.html">A.9.1.1</reference>
            <reference href="https://www.iso.org/contents/data/standard/05/45/54534.html">A.9.1.2</reference>
            <reference href="https://www.iso.org/contents/data/standard/05/45/54534.html">A.9.2.3</reference>
            <reference href="https://www.iso.org/contents/data/standard/05/45/54534.html">A.9.4.1</reference>
            <reference href="https://www.iso.org/contents/data/standard/05/45/54534.html">A.9.4.4</reference>
            <reference href="https://www.iso.org/contents/data/standard/05/45/54534.html">A.9.4.5</reference>
            <reference href="https://www.nerc.com/pa/Stand/AlignRep/One%20Stop%20Shop.xlsx">CIP-007-3 R4</reference>
            <reference href="https://www.nerc.com/pa/Stand/AlignRep/One%20Stop%20Shop.xlsx">CIP-007-3 R4.1</reference>
            <reference href="https://www.nerc.com/pa/Stand/AlignRep/One%20Stop%20Shop.xlsx">CIP-007-3 R4.2</reference>
            <reference href="https://www.nerc.com/pa/Stand/AlignRep/One%20Stop%20Shop.xlsx">CIP-007-3 R5.1</reference>
            <reference href="http://nvlpubs.nist.gov/nistpubs/SpecialPublications/NIST.SP.800-53r4.pdf">CM-7(a)</reference>
            <reference href="http://nvlpubs.nist.gov/nistpubs/SpecialPublications/NIST.SP.800-53r4.pdf">CM-7(b)</reference>
            <reference href="http://nvlpubs.nist.gov/nistpubs/SpecialPublications/NIST.SP.800-53r4.pdf">SC-5</reference>
            <reference href="http://nvlpubs.nist.gov/nistpubs/SpecialPublications/NIST.SP.800-53r4.pdf">CM-6(a)</reference>
            <reference href="http://nvlpubs.nist.gov/nistpubs/SpecialPublications/NIST.SP.800-53r4.pdf">SC-7(a)</reference>
            <reference href="https://nvlpubs.nist.gov/nistpubs/CSWP/NIST.CSWP.04162018.pdf">DE.AE-1</reference>
            <reference href="https://nvlpubs.nist.gov/nistpubs/CSWP/NIST.CSWP.04162018.pdf">DE.CM-1</reference>
            <reference href="https://nvlpubs.nist.gov/nistpubs/CSWP/NIST.CSWP.04162018.pdf">ID.AM-3</reference>
            <reference href="https://nvlpubs.nist.gov/nistpubs/CSWP/NIST.CSWP.04162018.pdf">PR.AC-5</reference>
            <reference href="https://nvlpubs.nist.gov/nistpubs/CSWP/NIST.CSWP.04162018.pdf">PR.DS-4</reference>
            <reference href="https://nvlpubs.nist.gov/nistpubs/CSWP/NIST.CSWP.04162018.pdf">PR.DS-5</reference>
            <reference href="https://nvlpubs.nist.gov/nistpubs/CSWP/NIST.CSWP.04162018.pdf">PR.IP-1</reference>
            <reference href="https://nvlpubs.nist.gov/nistpubs/CSWP/NIST.CSWP.04162018.pdf">PR.PT-3</reference>
            <reference href="https://nvlpubs.nist.gov/nistpubs/CSWP/NIST.CSWP.04162018.pdf">PR.PT-4</reference>
            <reference href="https://public.cyber.mil/stigs/downloads/?_dl_facet_stigs=operating-systems%2Cgeneral-purpose-os">SRG-OS-000480-GPOS-00227</reference>
            <reference href="https://cyber.gouv.fr/sites/default/files/document/linux_configuration-en-v2.pdf">R12</reference>
            <reference href="https://www.cisecurity.org/benchmark/ubuntu_linux/">3.3.2</reference>
            <reference href="https://docs-prv.pcisecuritystandards.org/PCI%20DSS/Standard/PCI-DSS-v4_0.pdf">1.4.5</reference>
            <reference href="https://docs-prv.pcisecuritystandards.org/PCI%20DSS/Standard/PCI-DSS-v4_0.pdf">1.4</reference>
            <rationale xmlns:xhtml="http://www.w3.org/1999/xhtml" xml:lang="en-US">ICMP redirect messages are used by routers to inform hosts that a more
direct route exists for a particular destination. These messages contain information
from the system's route table possibly revealing portions of the network topology.
<html:br xmlns:html="http://www.w3.org/1999/xhtml"/>
The ability to send ICMP redirects is only appropriate for systems acting as routers.</rationale>
            <fix xmlns:xhtml="http://www.w3.org/1999/xhtml" id="sysctl_net_ipv4_conf_all_send_redirects" system="urn:xccdf:fix:script:ansible" reboot="true" complexity="low" disruption="medium" strategy="disable">- name: Gather the package facts
  package_facts:
    manager: auto
  tags:
  - CJIS-5.10.1.1
  - NIST-800-171-3.1.20
  - NIST-800-53-CM-6(a)
  - NIST-800-53-CM-7(a)
  - NIST-800-53-CM-7(b)
  - NIST-800-53-SC-5
  - NIST-800-53-SC-7(a)
  - PCI-DSSv4-1.4
  - PCI-DSSv4-1.4.5
  - disable_strategy
  - low_complexity
  - medium_disruption
  - medium_severity
  - reboot_required
  - sysctl_net_ipv4_conf_all_send_redirects

- name: List /etc/sysctl.d/*.conf files
  find:
    paths:
    - /etc/sysctl.d/
    - /run/sysctl.d/
    - /usr/local/lib/sysctl.d/
    contains: ^[\s]*net.ipv4.conf.all.send_redirects.*$
    patterns: '*.conf'
    file_type: any
  register: find_sysctl_d
  when: '"linux-base" in ansible_facts.packages'
  tags:
  - CJIS-5.10.1.1
  - NIST-800-171-3.1.20
  - NIST-800-53-CM-6(a)
  - NIST-800-53-CM-7(a)
  - NIST-800-53-CM-7(b)
  - NIST-800-53-SC-5
  - NIST-800-53-SC-7(a)
  - PCI-DSSv4-1.4
  - PCI-DSSv4-1.4.5
  - disable_strategy
  - low_complexity
  - medium_disruption
  - medium_severity
  - reboot_required
  - sysctl_net_ipv4_conf_all_send_redirects

- name: Comment out any occurrences of net.ipv4.conf.all.send_redirects from config
    files
  replace:
    path: '{{ item.path }}'
    regexp: ^[\s]*net.ipv4.conf.all.send_redirects
    replace: '#net.ipv4.conf.all.send_redirects'
  loop: '{{ find_sysctl_d.files }}'
  when: '"linux-base" in ansible_facts.packages'
  tags:
  - CJIS-5.10.1.1
  - NIST-800-171-3.1.20
  - NIST-800-53-CM-6(a)
  - NIST-800-53-CM-7(a)
  - NIST-800-53-CM-7(b)
  - NIST-800-53-SC-5
  - NIST-800-53-SC-7(a)
  - PCI-DSSv4-1.4
  - PCI-DSSv4-1.4.5
  - disable_strategy
  - low_complexity
  - medium_disruption
  - medium_severity
  - reboot_required
  - sysctl_net_ipv4_conf_all_send_redirects

- name: Ensure sysctl net.ipv4.conf.all.send_redirects is set to 0
  sysctl:
    name: net.ipv4.conf.all.send_redirects
    value: '0'
    sysctl_file: /etc/sysctl.conf
    state: present
    reload: true
  when: '"linux-base" in ansible_facts.packages'
  tags:
  - CJIS-5.10.1.1
  - NIST-800-171-3.1.20
  - NIST-800-53-CM-6(a)
  - NIST-800-53-CM-7(a)
  - NIST-800-53-CM-7(b)
  - NIST-800-53-SC-5
  - NIST-800-53-SC-7(a)
  - PCI-DSSv4-1.4
  - PCI-DSSv4-1.4.5
  - disable_strategy
  - low_complexity
  - medium_disruption
  - medium_severity
  - reboot_required
  - sysctl_net_ipv4_conf_all_send_redirects
</fix>
            <fix xmlns:xhtml="http://www.w3.org/1999/xhtml" id="sysctl_net_ipv4_conf_all_send_redirects" system="urn:xccdf:fix:script:sh" reboot="true" complexity="low" disruption="medium" strategy="disable"># Remediation is applicable only in certain platforms
if dpkg-query --show --showformat='${db:Status-Status}
' 'linux-base' 2&gt;/dev/null | grep -q ^installed; then

# Comment out any occurrences of net.ipv4.conf.all.send_redirects from /etc/sysctl.d/*.conf files

for f in /etc/sysctl.d/*.conf /run/sysctl.d/*.conf /usr/local/lib/sysctl.d/*.conf; do


  # skip systemd-sysctl symlink (/etc/sysctl.d/99-sysctl.conf -&gt; /etc/sysctl.conf)
  if [[ "$(readlink -f "$f")" == "/etc/sysctl.conf" ]]; then continue; fi

  matching_list=$(grep -P '^(?!#).*[\s]*net.ipv4.conf.all.send_redirects.*$' $f | uniq )
  if ! test -z "$matching_list"; then
    while IFS= read -r entry; do
      escaped_entry=$(sed -e 's|/|\\/|g' &lt;&lt;&lt; "$entry")
      # comment out "net.ipv4.conf.all.send_redirects" matches to preserve user data
      sed -i --follow-symlinks "s/^${escaped_entry}$/# &amp;/g" $f
    done &lt;&lt;&lt; "$matching_list"
  fi
done

#
# Set sysctl config file which to save the desired value
#

SYSCONFIG_FILE="/etc/sysctl.conf"


#
# Set runtime for net.ipv4.conf.all.send_redirects
#
if [[ "$OSCAP_BOOTC_BUILD" != "YES" ]] ; then
    /sbin/sysctl -q -n -w net.ipv4.conf.all.send_redirects="0"
fi

#
# If net.ipv4.conf.all.send_redirects present in /etc/sysctl.conf, change value to "0"
#	else, add "net.ipv4.conf.all.send_redirects = 0" to /etc/sysctl.conf
#

# Strip any search characters in the key arg so that the key can be replaced without
# adding any search characters to the config file.
stripped_key=$(sed 's/[\^=\$,;+]*//g' &lt;&lt;&lt; "^net.ipv4.conf.all.send_redirects")

# shellcheck disable=SC2059
printf -v formatted_output "%s = %s" "$stripped_key" "0"

# If the key exists, change it. Otherwise, add it to the config_file.
# We search for the key string followed by a word boundary (matched by \&gt;),
# so if we search for 'setting', 'setting2' won't match.
if LC_ALL=C grep -q -m 1 -i -e "^net.ipv4.conf.all.send_redirects\\&gt;" "${SYSCONFIG_FILE}"; then
    escaped_formatted_output=$(sed -e 's|/|\\/|g' &lt;&lt;&lt; "$formatted_output")
    LC_ALL=C sed -i --follow-symlinks "s/^net.ipv4.conf.all.send_redirects\\&gt;.*/$escaped_formatted_output/gi" "${SYSCONFIG_FILE}"
else
    if [[ -s "${SYSCONFIG_FILE}" ]] &amp;&amp; [[ -n "$(tail -c 1 -- "${SYSCONFIG_FILE}" || true)" ]]; then
        LC_ALL=C sed -i --follow-symlinks '$a'\\ "${SYSCONFIG_FILE}"
    fi
    printf '%s\n' "$formatted_output" &gt;&gt; "${SYSCONFIG_FILE}"
fi

else
    &gt;&amp;2 echo 'Remediation is not applicable, nothing was done'
fi
</fix>
            <check system="http://oval.mitre.org/XMLSchema/oval-definitions-5">
              <check-content-ref name="oval:ssg-sysctl_net_ipv4_conf_all_send_redirects:def:1" href="ssg-ubuntu2404-oval.xml"/>
            </check>
            <check system="http://scap.nist.gov/schema/ocil/2">
              <check-content-ref name="ocil:ssg-sysctl_net_ipv4_conf_all_send_redirects_ocil:questionnaire:1" href="ssg-ubuntu2404-ocil.xml"/>
            </check>
          </Rule>
          <Rule id="xccdf_org.ssgproject.content_rule_sysctl_net_ipv4_conf_default_send_redirects" selected="false" role="full" severity="medium">
            <title xmlns:xhtml="http://www.w3.org/1999/xhtml" xml:lang="en-US">Disable Kernel Parameter for Sending ICMP Redirects on all IPv4 Interfaces by Default</title>
            <description xmlns:xhtml="http://www.w3.org/1999/xhtml" xml:lang="en-US">To set the runtime status of the <html:code xmlns:html="http://www.w3.org/1999/xhtml">net.ipv4.conf.default.send_redirects</html:code> kernel parameter, run the following command: <html:pre xmlns:html="http://www.w3.org/1999/xhtml">$ sudo sysctl -w net.ipv4.conf.default.send_redirects=0</html:pre>
To make sure that the setting is persistent, add the following line to a file in the directory <html:code xmlns:html="http://www.w3.org/1999/xhtml">/etc/sysctl.d</html:code>: <html:pre xmlns:html="http://www.w3.org/1999/xhtml">net.ipv4.conf.default.send_redirects = 0</html:pre>
        </description>
            <reference href="https://www.cisecurity.org/controls/">1</reference>
            <reference href="https://www.cisecurity.org/controls/">11</reference>
            <reference href="https://www.cisecurity.org/controls/">12</reference>
            <reference href="https://www.cisecurity.org/controls/">13</reference>
            <reference href="https://www.cisecurity.org/controls/">14</reference>
            <reference href="https://www.cisecurity.org/controls/">15</reference>
            <reference href="https://www.cisecurity.org/controls/">16</reference>
            <reference href="https://www.cisecurity.org/controls/">18</reference>
            <reference href="https://www.cisecurity.org/controls/">2</reference>
            <reference href="https://www.cisecurity.org/controls/">3</reference>
            <reference href="https://www.cisecurity.org/controls/">4</reference>
            <reference href="https://www.cisecurity.org/controls/">6</reference>
            <reference href="https://www.cisecurity.org/controls/">7</reference>
            <reference href="https://www.cisecurity.org/controls/">8</reference>
            <reference href="https://www.cisecurity.org/controls/">9</reference>
            <reference href="https://www.fbi.gov/file-repository/cjis-security-policy-v5_5_20160601-2-1.pdf">5.10.1.1</reference>
            <reference href="https://www.isaca.org/resources/cobit">APO01.06</reference>
            <reference href="https://www.isaca.org/resources/cobit">APO13.01</reference>
            <reference href="https://www.isaca.org/resources/cobit">BAI04.04</reference>
            <reference href="https://www.isaca.org/resources/cobit">BAI10.01</reference>
            <reference href="https://www.isaca.org/resources/cobit">BAI10.02</reference>
            <reference href="https://www.isaca.org/resources/cobit">BAI10.03</reference>
            <reference href="https://www.isaca.org/resources/cobit">BAI10.05</reference>
            <reference href="https://www.isaca.org/resources/cobit">DSS01.03</reference>
            <reference href="https://www.isaca.org/resources/cobit">DSS01.05</reference>
            <reference href="https://www.isaca.org/resources/cobit">DSS03.01</reference>
            <reference href="https://www.isaca.org/resources/cobit">DSS03.05</reference>
            <reference href="https://www.isaca.org/resources/cobit">DSS05.02</reference>
            <reference href="https://www.isaca.org/resources/cobit">DSS05.04</reference>
            <reference href="https://www.isaca.org/resources/cobit">DSS05.05</reference>
            <reference href="https://www.isaca.org/resources/cobit">DSS05.07</reference>
            <reference href="https://www.isaca.org/resources/cobit">DSS06.02</reference>
            <reference href="https://www.isaca.org/resources/cobit">DSS06.06</reference>
            <reference href="http://nvlpubs.nist.gov/nistpubs/SpecialPublications/NIST.SP.800-171.pdf">3.1.20</reference>
            <reference href="https://public.cyber.mil/stigs/cci/">CCI-000366</reference>
            <reference href="https://www.isa.org/products/isa-62443-2-1-2009-security-for-industrial-automat">4.2.3.4</reference>
            <reference href="https://www.isa.org/products/isa-62443-2-1-2009-security-for-industrial-automat">4.3.3.4</reference>
            <reference href="https://www.isa.org/products/isa-62443-2-1-2009-security-for-industrial-automat">4.3.3.5.1</reference>
            <reference href="https://www.isa.org/products/isa-62443-2-1-2009-security-for-industrial-automat">4.3.3.5.2</reference>
            <reference href="https://www.isa.org/products/isa-62443-2-1-2009-security-for-industrial-automat">4.3.3.5.3</reference>
            <reference href="https://www.isa.org/products/isa-62443-2-1-2009-security-for-industrial-automat">4.3.3.5.4</reference>
            <reference href="https://www.isa.org/products/isa-62443-2-1-2009-security-for-industrial-automat">4.3.3.5.5</reference>
            <reference href="https://www.isa.org/products/isa-62443-2-1-2009-security-for-industrial-automat">4.3.3.5.6</reference>
            <reference href="https://www.isa.org/products/isa-62443-2-1-2009-security-for-industrial-automat">4.3.3.5.7</reference>
            <reference href="https://www.isa.org/products/isa-62443-2-1-2009-security-for-industrial-automat">4.3.3.5.8</reference>
            <reference href="https://www.isa.org/products/isa-62443-2-1-2009-security-for-industrial-automat">4.3.3.6.1</reference>
            <reference href="https://www.isa.org/products/isa-62443-2-1-2009-security-for-industrial-automat">4.3.3.6.2</reference>
            <reference href="https://www.isa.org/products/isa-62443-2-1-2009-security-for-industrial-automat">4.3.3.6.3</reference>
            <reference href="https://www.isa.org/products/isa-62443-2-1-2009-security-for-industrial-automat">4.3.3.6.4</reference>
            <reference href="https://www.isa.org/products/isa-62443-2-1-2009-security-for-industrial-automat">4.3.3.6.5</reference>
            <reference href="https://www.isa.org/products/isa-62443-2-1-2009-security-for-industrial-automat">4.3.3.6.6</reference>
            <reference href="https://www.isa.org/products/isa-62443-2-1-2009-security-for-industrial-automat">4.3.3.6.7</reference>
            <reference href="https://www.isa.org/products/isa-62443-2-1-2009-security-for-industrial-automat">4.3.3.6.8</reference>
            <reference href="https://www.isa.org/products/isa-62443-2-1-2009-security-for-industrial-automat">4.3.3.6.9</reference>
            <reference href="https://www.isa.org/products/isa-62443-2-1-2009-security-for-industrial-automat">4.3.3.7.1</reference>
            <reference href="https://www.isa.org/products/isa-62443-2-1-2009-security-for-industrial-automat">4.3.3.7.2</reference>
            <reference href="https://www.isa.org/products/isa-62443-2-1-2009-security-for-industrial-automat">4.3.3.7.3</reference>
            <reference href="https://www.isa.org/products/isa-62443-2-1-2009-security-for-industrial-automat">4.3.3.7.4</reference>
            <reference href="https://www.isa.org/products/isa-62443-2-1-2009-security-for-industrial-automat">4.3.4.3.2</reference>
            <reference href="https://www.isa.org/products/isa-62443-2-1-2009-security-for-industrial-automat">4.3.4.3.3</reference>
            <reference href="https://www.isa.org/products/isa-62443-2-1-2009-security-for-industrial-automat">4.4.3.3</reference>
            <reference href="https://www.isa.org/products/ansi-isa-62443-3-3-99-03-03-2013-security-for-indu">SR 1.1</reference>
            <reference href="https://www.isa.org/products/ansi-isa-62443-3-3-99-03-03-2013-security-for-indu">SR 1.10</reference>
            <reference href="https://www.isa.org/products/ansi-isa-62443-3-3-99-03-03-2013-security-for-indu">SR 1.11</reference>
            <reference href="https://www.isa.org/products/ansi-isa-62443-3-3-99-03-03-2013-security-for-indu">SR 1.12</reference>
            <reference href="https://www.isa.org/products/ansi-isa-62443-3-3-99-03-03-2013-security-for-indu">SR 1.13</reference>
            <reference href="https://www.isa.org/products/ansi-isa-62443-3-3-99-03-03-2013-security-for-indu">SR 1.2</reference>
            <reference href="https://www.isa.org/products/ansi-isa-62443-3-3-99-03-03-2013-security-for-indu">SR 1.3</reference>
            <reference href="https://www.isa.org/products/ansi-isa-62443-3-3-99-03-03-2013-security-for-indu">SR 1.4</reference>
            <reference href="https://www.isa.org/products/ansi-isa-62443-3-3-99-03-03-2013-security-for-indu">SR 1.5</reference>
            <reference href="https://www.isa.org/products/ansi-isa-62443-3-3-99-03-03-2013-security-for-indu">SR 1.6</reference>
            <reference href="https://www.isa.org/products/ansi-isa-62443-3-3-99-03-03-2013-security-for-indu">SR 1.7</reference>
            <reference href="https://www.isa.org/products/ansi-isa-62443-3-3-99-03-03-2013-security-for-indu">SR 1.8</reference>
            <reference href="https://www.isa.org/products/ansi-isa-62443-3-3-99-03-03-2013-security-for-indu">SR 1.9</reference>
            <reference href="https://www.isa.org/products/ansi-isa-62443-3-3-99-03-03-2013-security-for-indu">SR 2.1</reference>
            <reference href="https://www.isa.org/products/ansi-isa-62443-3-3-99-03-03-2013-security-for-indu">SR 2.2</reference>
            <reference href="https://www.isa.org/products/ansi-isa-62443-3-3-99-03-03-2013-security-for-indu">SR 2.3</reference>
            <reference href="https://www.isa.org/products/ansi-isa-62443-3-3-99-03-03-2013-security-for-indu">SR 2.4</reference>
            <reference href="https://www.isa.org/products/ansi-isa-62443-3-3-99-03-03-2013-security-for-indu">SR 2.5</reference>
            <reference href="https://www.isa.org/products/ansi-isa-62443-3-3-99-03-03-2013-security-for-indu">SR 2.6</reference>
            <reference href="https://www.isa.org/products/ansi-isa-62443-3-3-99-03-03-2013-security-for-indu">SR 2.7</reference>
            <reference href="https://www.isa.org/products/ansi-isa-62443-3-3-99-03-03-2013-security-for-indu">SR 3.1</reference>
            <reference href="https://www.isa.org/products/ansi-isa-62443-3-3-99-03-03-2013-security-for-indu">SR 3.5</reference>
            <reference href="https://www.isa.org/products/ansi-isa-62443-3-3-99-03-03-2013-security-for-indu">SR 3.8</reference>
            <reference href="https://www.isa.org/products/ansi-isa-62443-3-3-99-03-03-2013-security-for-indu">SR 4.1</reference>
            <reference href="https://www.isa.org/products/ansi-isa-62443-3-3-99-03-03-2013-security-for-indu">SR 4.3</reference>
            <reference href="https://www.isa.org/products/ansi-isa-62443-3-3-99-03-03-2013-security-for-indu">SR 5.1</reference>
            <reference href="https://www.isa.org/products/ansi-isa-62443-3-3-99-03-03-2013-security-for-indu">SR 5.2</reference>
            <reference href="https://www.isa.org/products/ansi-isa-62443-3-3-99-03-03-2013-security-for-indu">SR 5.3</reference>
            <reference href="https://www.isa.org/products/ansi-isa-62443-3-3-99-03-03-2013-security-for-indu">SR 6.2</reference>
            <reference href="https://www.isa.org/products/ansi-isa-62443-3-3-99-03-03-2013-security-for-indu">SR 7.1</reference>
            <reference href="https://www.isa.org/products/ansi-isa-62443-3-3-99-03-03-2013-security-for-indu">SR 7.2</reference>
            <reference href="https://www.isa.org/products/ansi-isa-62443-3-3-99-03-03-2013-security-for-indu">SR 7.6</reference>
            <reference href="https://www.iso.org/contents/data/standard/05/45/54534.html">A.10.1.1</reference>
            <reference href="https://www.iso.org/contents/data/standard/05/45/54534.html">A.11.1.4</reference>
            <reference href="https://www.iso.org/contents/data/standard/05/45/54534.html">A.11.1.5</reference>
            <reference href="https://www.iso.org/contents/data/standard/05/45/54534.html">A.11.2.1</reference>
            <reference href="https://www.iso.org/contents/data/standard/05/45/54534.html">A.12.1.1</reference>
            <reference href="https://www.iso.org/contents/data/standard/05/45/54534.html">A.12.1.2</reference>
            <reference href="https://www.iso.org/contents/data/standard/05/45/54534.html">A.12.1.3</reference>
            <reference href="https://www.iso.org/contents/data/standard/05/45/54534.html">A.12.5.1</reference>
            <reference href="https://www.iso.org/contents/data/standard/05/45/54534.html">A.12.6.2</reference>
            <reference href="https://www.iso.org/contents/data/standard/05/45/54534.html">A.13.1.1</reference>
            <reference href="https://www.iso.org/contents/data/standard/05/45/54534.html">A.13.1.2</reference>
            <reference href="https://www.iso.org/contents/data/standard/05/45/54534.html">A.13.1.3</reference>
            <reference href="https://www.iso.org/contents/data/standard/05/45/54534.html">A.13.2.1</reference>
            <reference href="https://www.iso.org/contents/data/standard/05/45/54534.html">A.13.2.2</reference>
            <reference href="https://www.iso.org/contents/data/standard/05/45/54534.html">A.13.2.3</reference>
            <reference href="https://www.iso.org/contents/data/standard/05/45/54534.html">A.13.2.4</reference>
            <reference href="https://www.iso.org/contents/data/standard/05/45/54534.html">A.14.1.2</reference>
            <reference href="https://www.iso.org/contents/data/standard/05/45/54534.html">A.14.1.3</reference>
            <reference href="https://www.iso.org/contents/data/standard/05/45/54534.html">A.14.2.2</reference>
            <reference href="https://www.iso.org/contents/data/standard/05/45/54534.html">A.14.2.3</reference>
            <reference href="https://www.iso.org/contents/data/standard/05/45/54534.html">A.14.2.4</reference>
            <reference href="https://www.iso.org/contents/data/standard/05/45/54534.html">A.17.2.1</reference>
            <reference href="https://www.iso.org/contents/data/standard/05/45/54534.html">A.6.1.2</reference>
            <reference href="https://www.iso.org/contents/data/standard/05/45/54534.html">A.7.1.1</reference>
            <reference href="https://www.iso.org/contents/data/standard/05/45/54534.html">A.7.1.2</reference>
            <reference href="https://www.iso.org/contents/data/standard/05/45/54534.html">A.7.3.1</reference>
            <reference href="https://www.iso.org/contents/data/standard/05/45/54534.html">A.8.2.2</reference>
            <reference href="https://www.iso.org/contents/data/standard/05/45/54534.html">A.8.2.3</reference>
            <reference href="https://www.iso.org/contents/data/standard/05/45/54534.html">A.9.1.1</reference>
            <reference href="https://www.iso.org/contents/data/standard/05/45/54534.html">A.9.1.2</reference>
            <reference href="https://www.iso.org/contents/data/standard/05/45/54534.html">A.9.2.3</reference>
            <reference href="https://www.iso.org/contents/data/standard/05/45/54534.html">A.9.4.1</reference>
            <reference href="https://www.iso.org/contents/data/standard/05/45/54534.html">A.9.4.4</reference>
            <reference href="https://www.iso.org/contents/data/standard/05/45/54534.html">A.9.4.5</reference>
            <reference href="https://www.nerc.com/pa/Stand/AlignRep/One%20Stop%20Shop.xlsx">CIP-007-3 R4</reference>
            <reference href="https://www.nerc.com/pa/Stand/AlignRep/One%20Stop%20Shop.xlsx">CIP-007-3 R4.1</reference>
            <reference href="https://www.nerc.com/pa/Stand/AlignRep/One%20Stop%20Shop.xlsx">CIP-007-3 R4.2</reference>
            <reference href="https://www.nerc.com/pa/Stand/AlignRep/One%20Stop%20Shop.xlsx">CIP-007-3 R5.1</reference>
            <reference href="http://nvlpubs.nist.gov/nistpubs/SpecialPublications/NIST.SP.800-53r4.pdf">CM-7(a)</reference>
            <reference href="http://nvlpubs.nist.gov/nistpubs/SpecialPublications/NIST.SP.800-53r4.pdf">CM-7(b)</reference>
            <reference href="http://nvlpubs.nist.gov/nistpubs/SpecialPublications/NIST.SP.800-53r4.pdf">SC-5</reference>
            <reference href="http://nvlpubs.nist.gov/nistpubs/SpecialPublications/NIST.SP.800-53r4.pdf">CM-6(a)</reference>
            <reference href="http://nvlpubs.nist.gov/nistpubs/SpecialPublications/NIST.SP.800-53r4.pdf">SC-7(a)</reference>
            <reference href="https://nvlpubs.nist.gov/nistpubs/CSWP/NIST.CSWP.04162018.pdf">DE.AE-1</reference>
            <reference href="https://nvlpubs.nist.gov/nistpubs/CSWP/NIST.CSWP.04162018.pdf">DE.CM-1</reference>
            <reference href="https://nvlpubs.nist.gov/nistpubs/CSWP/NIST.CSWP.04162018.pdf">ID.AM-3</reference>
            <reference href="https://nvlpubs.nist.gov/nistpubs/CSWP/NIST.CSWP.04162018.pdf">PR.AC-5</reference>
            <reference href="https://nvlpubs.nist.gov/nistpubs/CSWP/NIST.CSWP.04162018.pdf">PR.DS-4</reference>
            <reference href="https://nvlpubs.nist.gov/nistpubs/CSWP/NIST.CSWP.04162018.pdf">PR.DS-5</reference>
            <reference href="https://nvlpubs.nist.gov/nistpubs/CSWP/NIST.CSWP.04162018.pdf">PR.IP-1</reference>
            <reference href="https://nvlpubs.nist.gov/nistpubs/CSWP/NIST.CSWP.04162018.pdf">PR.PT-3</reference>
            <reference href="https://nvlpubs.nist.gov/nistpubs/CSWP/NIST.CSWP.04162018.pdf">PR.PT-4</reference>
            <reference href="https://public.cyber.mil/stigs/downloads/?_dl_facet_stigs=operating-systems%2Cgeneral-purpose-os">SRG-OS-000480-GPOS-00227</reference>
            <reference href="https://cyber.gouv.fr/sites/default/files/document/linux_configuration-en-v2.pdf">R12</reference>
            <reference href="https://www.cisecurity.org/benchmark/ubuntu_linux/">3.3.2</reference>
            <reference href="https://docs-prv.pcisecuritystandards.org/PCI%20DSS/Standard/PCI-DSS-v4_0.pdf">1.4.5</reference>
            <reference href="https://docs-prv.pcisecuritystandards.org/PCI%20DSS/Standard/PCI-DSS-v4_0.pdf">1.4</reference>
            <rationale xmlns:xhtml="http://www.w3.org/1999/xhtml" xml:lang="en-US">ICMP redirect messages are used by routers to inform hosts that a more
direct route exists for a particular destination. These messages contain information
from the system's route table possibly revealing portions of the network topology.
<html:br xmlns:html="http://www.w3.org/1999/xhtml"/>
The ability to send ICMP redirects is only appropriate for systems acting as routers.</rationale>
            <fix xmlns:xhtml="http://www.w3.org/1999/xhtml" id="sysctl_net_ipv4_conf_default_send_redirects" system="urn:xccdf:fix:script:ansible" reboot="true" complexity="low" disruption="medium" strategy="disable">- name: Gather the package facts
  package_facts:
    manager: auto
  tags:
  - CJIS-5.10.1.1
  - NIST-800-171-3.1.20
  - NIST-800-53-CM-6(a)
  - NIST-800-53-CM-7(a)
  - NIST-800-53-CM-7(b)
  - NIST-800-53-SC-5
  - NIST-800-53-SC-7(a)
  - PCI-DSSv4-1.4
  - PCI-DSSv4-1.4.5
  - disable_strategy
  - low_complexity
  - medium_disruption
  - medium_severity
  - reboot_required
  - sysctl_net_ipv4_conf_default_send_redirects

- name: List /etc/sysctl.d/*.conf files
  find:
    paths:
    - /etc/sysctl.d/
    - /run/sysctl.d/
    - /usr/local/lib/sysctl.d/
    contains: ^[\s]*net.ipv4.conf.default.send_redirects.*$
    patterns: '*.conf'
    file_type: any
  register: find_sysctl_d
  when: '"linux-base" in ansible_facts.packages'
  tags:
  - CJIS-5.10.1.1
  - NIST-800-171-3.1.20
  - NIST-800-53-CM-6(a)
  - NIST-800-53-CM-7(a)
  - NIST-800-53-CM-7(b)
  - NIST-800-53-SC-5
  - NIST-800-53-SC-7(a)
  - PCI-DSSv4-1.4
  - PCI-DSSv4-1.4.5
  - disable_strategy
  - low_complexity
  - medium_disruption
  - medium_severity
  - reboot_required
  - sysctl_net_ipv4_conf_default_send_redirects

- name: Comment out any occurrences of net.ipv4.conf.default.send_redirects from config
    files
  replace:
    path: '{{ item.path }}'
    regexp: ^[\s]*net.ipv4.conf.default.send_redirects
    replace: '#net.ipv4.conf.default.send_redirects'
  loop: '{{ find_sysctl_d.files }}'
  when: '"linux-base" in ansible_facts.packages'
  tags:
  - CJIS-5.10.1.1
  - NIST-800-171-3.1.20
  - NIST-800-53-CM-6(a)
  - NIST-800-53-CM-7(a)
  - NIST-800-53-CM-7(b)
  - NIST-800-53-SC-5
  - NIST-800-53-SC-7(a)
  - PCI-DSSv4-1.4
  - PCI-DSSv4-1.4.5
  - disable_strategy
  - low_complexity
  - medium_disruption
  - medium_severity
  - reboot_required
  - sysctl_net_ipv4_conf_default_send_redirects

- name: Ensure sysctl net.ipv4.conf.default.send_redirects is set to 0
  sysctl:
    name: net.ipv4.conf.default.send_redirects
    value: '0'
    sysctl_file: /etc/sysctl.conf
    state: present
    reload: true
  when: '"linux-base" in ansible_facts.packages'
  tags:
  - CJIS-5.10.1.1
  - NIST-800-171-3.1.20
  - NIST-800-53-CM-6(a)
  - NIST-800-53-CM-7(a)
  - NIST-800-53-CM-7(b)
  - NIST-800-53-SC-5
  - NIST-800-53-SC-7(a)
  - PCI-DSSv4-1.4
  - PCI-DSSv4-1.4.5
  - disable_strategy
  - low_complexity
  - medium_disruption
  - medium_severity
  - reboot_required
  - sysctl_net_ipv4_conf_default_send_redirects
</fix>
            <fix xmlns:xhtml="http://www.w3.org/1999/xhtml" id="sysctl_net_ipv4_conf_default_send_redirects" system="urn:xccdf:fix:script:sh" reboot="true" complexity="low" disruption="medium" strategy="disable"># Remediation is applicable only in certain platforms
if dpkg-query --show --showformat='${db:Status-Status}
' 'linux-base' 2&gt;/dev/null | grep -q ^installed; then

# Comment out any occurrences of net.ipv4.conf.default.send_redirects from /etc/sysctl.d/*.conf files

for f in /etc/sysctl.d/*.conf /run/sysctl.d/*.conf /usr/local/lib/sysctl.d/*.conf; do


  # skip systemd-sysctl symlink (/etc/sysctl.d/99-sysctl.conf -&gt; /etc/sysctl.conf)
  if [[ "$(readlink -f "$f")" == "/etc/sysctl.conf" ]]; then continue; fi

  matching_list=$(grep -P '^(?!#).*[\s]*net.ipv4.conf.default.send_redirects.*$' $f | uniq )
  if ! test -z "$matching_list"; then
    while IFS= read -r entry; do
      escaped_entry=$(sed -e 's|/|\\/|g' &lt;&lt;&lt; "$entry")
      # comment out "net.ipv4.conf.default.send_redirects" matches to preserve user data
      sed -i --follow-symlinks "s/^${escaped_entry}$/# &amp;/g" $f
    done &lt;&lt;&lt; "$matching_list"
  fi
done

#
# Set sysctl config file which to save the desired value
#

SYSCONFIG_FILE="/etc/sysctl.conf"


#
# Set runtime for net.ipv4.conf.default.send_redirects
#
if [[ "$OSCAP_BOOTC_BUILD" != "YES" ]] ; then
    /sbin/sysctl -q -n -w net.ipv4.conf.default.send_redirects="0"
fi

#
# If net.ipv4.conf.default.send_redirects present in /etc/sysctl.conf, change value to "0"
#	else, add "net.ipv4.conf.default.send_redirects = 0" to /etc/sysctl.conf
#

# Strip any search characters in the key arg so that the key can be replaced without
# adding any search characters to the config file.
stripped_key=$(sed 's/[\^=\$,;+]*//g' &lt;&lt;&lt; "^net.ipv4.conf.default.send_redirects")

# shellcheck disable=SC2059
printf -v formatted_output "%s = %s" "$stripped_key" "0"

# If the key exists, change it. Otherwise, add it to the config_file.
# We search for the key string followed by a word boundary (matched by \&gt;),
# so if we search for 'setting', 'setting2' won't match.
if LC_ALL=C grep -q -m 1 -i -e "^net.ipv4.conf.default.send_redirects\\&gt;" "${SYSCONFIG_FILE}"; then
    escaped_formatted_output=$(sed -e 's|/|\\/|g' &lt;&lt;&lt; "$formatted_output")
    LC_ALL=C sed -i --follow-symlinks "s/^net.ipv4.conf.default.send_redirects\\&gt;.*/$escaped_formatted_output/gi" "${SYSCONFIG_FILE}"
else
    if [[ -s "${SYSCONFIG_FILE}" ]] &amp;&amp; [[ -n "$(tail -c 1 -- "${SYSCONFIG_FILE}" || true)" ]]; then
        LC_ALL=C sed -i --follow-symlinks '$a'\\ "${SYSCONFIG_FILE}"
    fi
    printf '%s\n' "$formatted_output" &gt;&gt; "${SYSCONFIG_FILE}"
fi

else
    &gt;&amp;2 echo 'Remediation is not applicable, nothing was done'
fi
</fix>
            <check system="http://oval.mitre.org/XMLSchema/oval-definitions-5">
              <check-content-ref name="oval:ssg-sysctl_net_ipv4_conf_default_send_redirects:def:1" href="ssg-ubuntu2404-oval.xml"/>
            </check>
            <check system="http://scap.nist.gov/schema/ocil/2">
              <check-content-ref name="ocil:ssg-sysctl_net_ipv4_conf_default_send_redirects_ocil:questionnaire:1" href="ssg-ubuntu2404-ocil.xml"/>
            </check>
          </Rule>
          <Rule id="xccdf_org.ssgproject.content_rule_sysctl_net_ipv4_ip_forward" selected="false" role="full" severity="medium">
            <title xmlns:xhtml="http://www.w3.org/1999/xhtml" xml:lang="en-US">Disable Kernel Parameter for IP Forwarding on IPv4 Interfaces</title>
            <description xmlns:xhtml="http://www.w3.org/1999/xhtml" xml:lang="en-US">To set the runtime status of the <html:code xmlns:html="http://www.w3.org/1999/xhtml">net.ipv4.ip_forward</html:code> kernel parameter, run the following command: <html:pre xmlns:html="http://www.w3.org/1999/xhtml">$ sudo sysctl -w net.ipv4.ip_forward=0</html:pre>
To make sure that the setting is persistent, add the following line to a file in the directory <html:code xmlns:html="http://www.w3.org/1999/xhtml">/etc/sysctl.d</html:code>: <html:pre xmlns:html="http://www.w3.org/1999/xhtml">net.ipv4.ip_forward = 0</html:pre>
        </description>
            <warning xmlns:xhtml="http://www.w3.org/1999/xhtml" xml:lang="en-US" category="functionality">Certain technologies such as virtual machines, containers, etc. rely on IPv4 forwarding to enable and use networking.
Disabling IPv4 forwarding would cause those technologies to stop working. Therefore, this rule should not be used in
profiles or benchmarks that target usage of IPv4 forwarding.</warning>
            <reference href="https://www.cisecurity.org/controls/">1</reference>
            <reference href="https://www.cisecurity.org/controls/">11</reference>
            <reference href="https://www.cisecurity.org/controls/">12</reference>
            <reference href="https://www.cisecurity.org/controls/">13</reference>
            <reference href="https://www.cisecurity.org/controls/">14</reference>
            <reference href="https://www.cisecurity.org/controls/">15</reference>
            <reference href="https://www.cisecurity.org/controls/">16</reference>
            <reference href="https://www.cisecurity.org/controls/">2</reference>
            <reference href="https://www.cisecurity.org/controls/">3</reference>
            <reference href="https://www.cisecurity.org/controls/">7</reference>
            <reference href="https://www.cisecurity.org/controls/">8</reference>
            <reference href="https://www.cisecurity.org/controls/">9</reference>
            <reference href="https://www.isaca.org/resources/cobit">APO13.01</reference>
            <reference href="https://www.isaca.org/resources/cobit">BAI04.04</reference>
            <reference href="https://www.isaca.org/resources/cobit">BAI10.01</reference>
            <reference href="https://www.isaca.org/resources/cobit">BAI10.02</reference>
            <reference href="https://www.isaca.org/resources/cobit">BAI10.03</reference>
            <reference href="https://www.isaca.org/resources/cobit">BAI10.05</reference>
            <reference href="https://www.isaca.org/resources/cobit">DSS01.03</reference>
            <reference href="https://www.isaca.org/resources/cobit">DSS03.05</reference>
            <reference href="https://www.isaca.org/resources/cobit">DSS05.02</reference>
            <reference href="https://www.isaca.org/resources/cobit">DSS05.05</reference>
            <reference href="https://www.isaca.org/resources/cobit">DSS05.07</reference>
            <reference href="https://www.isaca.org/resources/cobit">DSS06.06</reference>
            <reference href="http://nvlpubs.nist.gov/nistpubs/SpecialPublications/NIST.SP.800-171.pdf">3.1.20</reference>
            <reference href="https://public.cyber.mil/stigs/cci/">CCI-000366</reference>
            <reference href="https://www.isa.org/products/isa-62443-2-1-2009-security-for-industrial-automat">4.3.3.5.1</reference>
            <reference href="https://www.isa.org/products/isa-62443-2-1-2009-security-for-industrial-automat">4.3.3.5.2</reference>
            <reference href="https://www.isa.org/products/isa-62443-2-1-2009-security-for-industrial-automat">4.3.3.5.3</reference>
            <reference href="https://www.isa.org/products/isa-62443-2-1-2009-security-for-industrial-automat">4.3.3.5.4</reference>
            <reference href="https://www.isa.org/products/isa-62443-2-1-2009-security-for-industrial-automat">4.3.3.5.5</reference>
            <reference href="https://www.isa.org/products/isa-62443-2-1-2009-security-for-industrial-automat">4.3.3.5.6</reference>
            <reference href="https://www.isa.org/products/isa-62443-2-1-2009-security-for-industrial-automat">4.3.3.5.7</reference>
            <reference href="https://www.isa.org/products/isa-62443-2-1-2009-security-for-industrial-automat">4.3.3.5.8</reference>
            <reference href="https://www.isa.org/products/isa-62443-2-1-2009-security-for-industrial-automat">4.3.3.6.1</reference>
            <reference href="https://www.isa.org/products/isa-62443-2-1-2009-security-for-industrial-automat">4.3.3.6.2</reference>
            <reference href="https://www.isa.org/products/isa-62443-2-1-2009-security-for-industrial-automat">4.3.3.6.3</reference>
            <reference href="https://www.isa.org/products/isa-62443-2-1-2009-security-for-industrial-automat">4.3.3.6.4</reference>
            <reference href="https://www.isa.org/products/isa-62443-2-1-2009-security-for-industrial-automat">4.3.3.6.5</reference>
            <reference href="https://www.isa.org/products/isa-62443-2-1-2009-security-for-industrial-automat">4.3.3.6.6</reference>
            <reference href="https://www.isa.org/products/isa-62443-2-1-2009-security-for-industrial-automat">4.3.3.6.7</reference>
            <reference href="https://www.isa.org/products/isa-62443-2-1-2009-security-for-industrial-automat">4.3.3.6.8</reference>
            <reference href="https://www.isa.org/products/isa-62443-2-1-2009-security-for-industrial-automat">4.3.3.6.9</reference>
            <reference href="https://www.isa.org/products/isa-62443-2-1-2009-security-for-industrial-automat">4.3.3.7.1</reference>
            <reference href="https://www.isa.org/products/isa-62443-2-1-2009-security-for-industrial-automat">4.3.3.7.2</reference>
            <reference href="https://www.isa.org/products/isa-62443-2-1-2009-security-for-industrial-automat">4.3.3.7.3</reference>
            <reference href="https://www.isa.org/products/isa-62443-2-1-2009-security-for-industrial-automat">4.3.3.7.4</reference>
            <reference href="https://www.isa.org/products/isa-62443-2-1-2009-security-for-industrial-automat">4.3.4.3.2</reference>
            <reference href="https://www.isa.org/products/isa-62443-2-1-2009-security-for-industrial-automat">4.3.4.3.3</reference>
            <reference href="https://www.isa.org/products/ansi-isa-62443-3-3-99-03-03-2013-security-for-indu">SR 1.1</reference>
            <reference href="https://www.isa.org/products/ansi-isa-62443-3-3-99-03-03-2013-security-for-indu">SR 1.10</reference>
            <reference href="https://www.isa.org/products/ansi-isa-62443-3-3-99-03-03-2013-security-for-indu">SR 1.11</reference>
            <reference href="https://www.isa.org/products/ansi-isa-62443-3-3-99-03-03-2013-security-for-indu">SR 1.12</reference>
            <reference href="https://www.isa.org/products/ansi-isa-62443-3-3-99-03-03-2013-security-for-indu">SR 1.13</reference>
            <reference href="https://www.isa.org/products/ansi-isa-62443-3-3-99-03-03-2013-security-for-indu">SR 1.2</reference>
            <reference href="https://www.isa.org/products/ansi-isa-62443-3-3-99-03-03-2013-security-for-indu">SR 1.3</reference>
            <reference href="https://www.isa.org/products/ansi-isa-62443-3-3-99-03-03-2013-security-for-indu">SR 1.4</reference>
            <reference href="https://www.isa.org/products/ansi-isa-62443-3-3-99-03-03-2013-security-for-indu">SR 1.5</reference>
            <reference href="https://www.isa.org/products/ansi-isa-62443-3-3-99-03-03-2013-security-for-indu">SR 1.6</reference>
            <reference href="https://www.isa.org/products/ansi-isa-62443-3-3-99-03-03-2013-security-for-indu">SR 1.7</reference>
            <reference href="https://www.isa.org/products/ansi-isa-62443-3-3-99-03-03-2013-security-for-indu">SR 1.8</reference>
            <reference href="https://www.isa.org/products/ansi-isa-62443-3-3-99-03-03-2013-security-for-indu">SR 1.9</reference>
            <reference href="https://www.isa.org/products/ansi-isa-62443-3-3-99-03-03-2013-security-for-indu">SR 2.1</reference>
            <reference href="https://www.isa.org/products/ansi-isa-62443-3-3-99-03-03-2013-security-for-indu">SR 2.2</reference>
            <reference href="https://www.isa.org/products/ansi-isa-62443-3-3-99-03-03-2013-security-for-indu">SR 2.3</reference>
            <reference href="https://www.isa.org/products/ansi-isa-62443-3-3-99-03-03-2013-security-for-indu">SR 2.4</reference>
            <reference href="https://www.isa.org/products/ansi-isa-62443-3-3-99-03-03-2013-security-for-indu">SR 2.5</reference>
            <reference href="https://www.isa.org/products/ansi-isa-62443-3-3-99-03-03-2013-security-for-indu">SR 2.6</reference>
            <reference href="https://www.isa.org/products/ansi-isa-62443-3-3-99-03-03-2013-security-for-indu">SR 2.7</reference>
            <reference href="https://www.isa.org/products/ansi-isa-62443-3-3-99-03-03-2013-security-for-indu">SR 3.1</reference>
            <reference href="https://www.isa.org/products/ansi-isa-62443-3-3-99-03-03-2013-security-for-indu">SR 3.5</reference>
            <reference href="https://www.isa.org/products/ansi-isa-62443-3-3-99-03-03-2013-security-for-indu">SR 3.8</reference>
            <reference href="https://www.isa.org/products/ansi-isa-62443-3-3-99-03-03-2013-security-for-indu">SR 4.1</reference>
            <reference href="https://www.isa.org/products/ansi-isa-62443-3-3-99-03-03-2013-security-for-indu">SR 4.3</reference>
            <reference href="https://www.isa.org/products/ansi-isa-62443-3-3-99-03-03-2013-security-for-indu">SR 5.1</reference>
            <reference href="https://www.isa.org/products/ansi-isa-62443-3-3-99-03-03-2013-security-for-indu">SR 5.2</reference>
            <reference href="https://www.isa.org/products/ansi-isa-62443-3-3-99-03-03-2013-security-for-indu">SR 5.3</reference>
            <reference href="https://www.isa.org/products/ansi-isa-62443-3-3-99-03-03-2013-security-for-indu">SR 6.2</reference>
            <reference href="https://www.isa.org/products/ansi-isa-62443-3-3-99-03-03-2013-security-for-indu">SR 7.1</reference>
            <reference href="https://www.isa.org/products/ansi-isa-62443-3-3-99-03-03-2013-security-for-indu">SR 7.2</reference>
            <reference href="https://www.isa.org/products/ansi-isa-62443-3-3-99-03-03-2013-security-for-indu">SR 7.6</reference>
            <reference href="https://www.iso.org/contents/data/standard/05/45/54534.html">A.12.1.2</reference>
            <reference href="https://www.iso.org/contents/data/standard/05/45/54534.html">A.12.1.3</reference>
            <reference href="https://www.iso.org/contents/data/standard/05/45/54534.html">A.12.5.1</reference>
            <reference href="https://www.iso.org/contents/data/standard/05/45/54534.html">A.12.6.2</reference>
            <reference href="https://www.iso.org/contents/data/standard/05/45/54534.html">A.13.1.1</reference>
            <reference href="https://www.iso.org/contents/data/standard/05/45/54534.html">A.13.2.1</reference>
            <reference href="https://www.iso.org/contents/data/standard/05/45/54534.html">A.14.1.3</reference>
            <reference href="https://www.iso.org/contents/data/standard/05/45/54534.html">A.14.2.2</reference>
            <reference href="https://www.iso.org/contents/data/standard/05/45/54534.html">A.14.2.3</reference>
            <reference href="https://www.iso.org/contents/data/standard/05/45/54534.html">A.14.2.4</reference>
            <reference href="https://www.iso.org/contents/data/standard/05/45/54534.html">A.17.2.1</reference>
            <reference href="https://www.iso.org/contents/data/standard/05/45/54534.html">A.9.1.2</reference>
            <reference href="https://www.nerc.com/pa/Stand/AlignRep/One%20Stop%20Shop.xlsx">CIP-007-3 R4</reference>
            <reference href="https://www.nerc.com/pa/Stand/AlignRep/One%20Stop%20Shop.xlsx">CIP-007-3 R4.1</reference>
            <reference href="https://www.nerc.com/pa/Stand/AlignRep/One%20Stop%20Shop.xlsx">CIP-007-3 R4.2</reference>
            <reference href="https://www.nerc.com/pa/Stand/AlignRep/One%20Stop%20Shop.xlsx">CIP-007-3 R5.1</reference>
            <reference href="http://nvlpubs.nist.gov/nistpubs/SpecialPublications/NIST.SP.800-53r4.pdf">CM-7(a)</reference>
            <reference href="http://nvlpubs.nist.gov/nistpubs/SpecialPublications/NIST.SP.800-53r4.pdf">CM-7(b)</reference>
            <reference href="http://nvlpubs.nist.gov/nistpubs/SpecialPublications/NIST.SP.800-53r4.pdf">SC-5</reference>
            <reference href="http://nvlpubs.nist.gov/nistpubs/SpecialPublications/NIST.SP.800-53r4.pdf">CM-6(a)</reference>
            <reference href="http://nvlpubs.nist.gov/nistpubs/SpecialPublications/NIST.SP.800-53r4.pdf">SC-7(a)</reference>
            <reference href="https://nvlpubs.nist.gov/nistpubs/CSWP/NIST.CSWP.04162018.pdf">DE.CM-1</reference>
            <reference href="https://nvlpubs.nist.gov/nistpubs/CSWP/NIST.CSWP.04162018.pdf">PR.DS-4</reference>
            <reference href="https://nvlpubs.nist.gov/nistpubs/CSWP/NIST.CSWP.04162018.pdf">PR.IP-1</reference>
            <reference href="https://nvlpubs.nist.gov/nistpubs/CSWP/NIST.CSWP.04162018.pdf">PR.PT-3</reference>
            <reference href="https://nvlpubs.nist.gov/nistpubs/CSWP/NIST.CSWP.04162018.pdf">PR.PT-4</reference>
            <reference href="https://www.pcisecuritystandards.org/documents/PCI_DSS_v3-2-1.pdf">Req-1.3.1</reference>
            <reference href="https://www.pcisecuritystandards.org/documents/PCI_DSS_v3-2-1.pdf">Req-1.3.2</reference>
            <reference href="https://public.cyber.mil/stigs/downloads/?_dl_facet_stigs=operating-systems%2Cgeneral-purpose-os">SRG-OS-000480-GPOS-00227</reference>
            <reference href="https://cyber.gouv.fr/sites/default/files/document/linux_configuration-en-v2.pdf">R12</reference>
            <reference href="https://www.cisecurity.org/benchmark/ubuntu_linux/">3.3.1</reference>
            <reference href="https://docs-prv.pcisecuritystandards.org/PCI%20DSS/Standard/PCI-DSS-v4_0.pdf">1.4.3</reference>
            <reference href="https://docs-prv.pcisecuritystandards.org/PCI%20DSS/Standard/PCI-DSS-v4_0.pdf">1.4</reference>
            <rationale xmlns:xhtml="http://www.w3.org/1999/xhtml" xml:lang="en-US">Routing protocol daemons are typically used on routers to exchange
network topology information with other routers. If this capability is used when
not required, system network information may be unnecessarily transmitted across
the network.</rationale>
            <fix xmlns:xhtml="http://www.w3.org/1999/xhtml" id="sysctl_net_ipv4_ip_forward" system="urn:xccdf:fix:script:ansible" reboot="true" complexity="low" disruption="medium" strategy="disable">- name: Gather the package facts
  package_facts:
    manager: auto
  tags:
  - NIST-800-171-3.1.20
  - NIST-800-53-CM-6(a)
  - NIST-800-53-CM-7(a)
  - NIST-800-53-CM-7(b)
  - NIST-800-53-SC-5
  - NIST-800-53-SC-7(a)
  - PCI-DSS-Req-1.3.1
  - PCI-DSS-Req-1.3.2
  - PCI-DSSv4-1.4
  - PCI-DSSv4-1.4.3
  - disable_strategy
  - low_complexity
  - medium_disruption
  - medium_severity
  - reboot_required
  - sysctl_net_ipv4_ip_forward

- name: List /etc/sysctl.d/*.conf files
  find:
    paths:
    - /etc/sysctl.d/
    - /run/sysctl.d/
    - /usr/local/lib/sysctl.d/
    contains: ^[\s]*net.ipv4.ip_forward.*$
    patterns: '*.conf'
    file_type: any
  register: find_sysctl_d
  when: '"linux-base" in ansible_facts.packages'
  tags:
  - NIST-800-171-3.1.20
  - NIST-800-53-CM-6(a)
  - NIST-800-53-CM-7(a)
  - NIST-800-53-CM-7(b)
  - NIST-800-53-SC-5
  - NIST-800-53-SC-7(a)
  - PCI-DSS-Req-1.3.1
  - PCI-DSS-Req-1.3.2
  - PCI-DSSv4-1.4
  - PCI-DSSv4-1.4.3
  - disable_strategy
  - low_complexity
  - medium_disruption
  - medium_severity
  - reboot_required
  - sysctl_net_ipv4_ip_forward

- name: Comment out any occurrences of net.ipv4.ip_forward from config files
  replace:
    path: '{{ item.path }}'
    regexp: ^[\s]*net.ipv4.ip_forward
    replace: '#net.ipv4.ip_forward'
  loop: '{{ find_sysctl_d.files }}'
  when: '"linux-base" in ansible_facts.packages'
  tags:
  - NIST-800-171-3.1.20
  - NIST-800-53-CM-6(a)
  - NIST-800-53-CM-7(a)
  - NIST-800-53-CM-7(b)
  - NIST-800-53-SC-5
  - NIST-800-53-SC-7(a)
  - PCI-DSS-Req-1.3.1
  - PCI-DSS-Req-1.3.2
  - PCI-DSSv4-1.4
  - PCI-DSSv4-1.4.3
  - disable_strategy
  - low_complexity
  - medium_disruption
  - medium_severity
  - reboot_required
  - sysctl_net_ipv4_ip_forward

- name: Ensure sysctl net.ipv4.ip_forward is set to 0
  sysctl:
    name: net.ipv4.ip_forward
    value: '0'
    sysctl_file: /etc/sysctl.conf
    state: present
    reload: true
  when: '"linux-base" in ansible_facts.packages'
  tags:
  - NIST-800-171-3.1.20
  - NIST-800-53-CM-6(a)
  - NIST-800-53-CM-7(a)
  - NIST-800-53-CM-7(b)
  - NIST-800-53-SC-5
  - NIST-800-53-SC-7(a)
  - PCI-DSS-Req-1.3.1
  - PCI-DSS-Req-1.3.2
  - PCI-DSSv4-1.4
  - PCI-DSSv4-1.4.3
  - disable_strategy
  - low_complexity
  - medium_disruption
  - medium_severity
  - reboot_required
  - sysctl_net_ipv4_ip_forward
</fix>
            <fix xmlns:xhtml="http://www.w3.org/1999/xhtml" id="sysctl_net_ipv4_ip_forward" system="urn:xccdf:fix:script:sh" reboot="true" complexity="low" disruption="medium" strategy="disable"># Remediation is applicable only in certain platforms
if dpkg-query --show --showformat='${db:Status-Status}
' 'linux-base' 2&gt;/dev/null | grep -q ^installed; then

# Comment out any occurrences of net.ipv4.ip_forward from /etc/sysctl.d/*.conf files

for f in /etc/sysctl.d/*.conf /run/sysctl.d/*.conf /usr/local/lib/sysctl.d/*.conf; do


  # skip systemd-sysctl symlink (/etc/sysctl.d/99-sysctl.conf -&gt; /etc/sysctl.conf)
  if [[ "$(readlink -f "$f")" == "/etc/sysctl.conf" ]]; then continue; fi

  matching_list=$(grep -P '^(?!#).*[\s]*net.ipv4.ip_forward.*$' $f | uniq )
  if ! test -z "$matching_list"; then
    while IFS= read -r entry; do
      escaped_entry=$(sed -e 's|/|\\/|g' &lt;&lt;&lt; "$entry")
      # comment out "net.ipv4.ip_forward" matches to preserve user data
      sed -i --follow-symlinks "s/^${escaped_entry}$/# &amp;/g" $f
    done &lt;&lt;&lt; "$matching_list"
  fi
done

#
# Set sysctl config file which to save the desired value
#

SYSCONFIG_FILE="/etc/sysctl.conf"


#
# Set runtime for net.ipv4.ip_forward
#
if [[ "$OSCAP_BOOTC_BUILD" != "YES" ]] ; then
    /sbin/sysctl -q -n -w net.ipv4.ip_forward="0"
fi

#
# If net.ipv4.ip_forward present in /etc/sysctl.conf, change value to "0"
#	else, add "net.ipv4.ip_forward = 0" to /etc/sysctl.conf
#

# Strip any search characters in the key arg so that the key can be replaced without
# adding any search characters to the config file.
stripped_key=$(sed 's/[\^=\$,;+]*//g' &lt;&lt;&lt; "^net.ipv4.ip_forward")

# shellcheck disable=SC2059
printf -v formatted_output "%s = %s" "$stripped_key" "0"

# If the key exists, change it. Otherwise, add it to the config_file.
# We search for the key string followed by a word boundary (matched by \&gt;),
# so if we search for 'setting', 'setting2' won't match.
if LC_ALL=C grep -q -m 1 -i -e "^net.ipv4.ip_forward\\&gt;" "${SYSCONFIG_FILE}"; then
    escaped_formatted_output=$(sed -e 's|/|\\/|g' &lt;&lt;&lt; "$formatted_output")
    LC_ALL=C sed -i --follow-symlinks "s/^net.ipv4.ip_forward\\&gt;.*/$escaped_formatted_output/gi" "${SYSCONFIG_FILE}"
else
    if [[ -s "${SYSCONFIG_FILE}" ]] &amp;&amp; [[ -n "$(tail -c 1 -- "${SYSCONFIG_FILE}" || true)" ]]; then
        LC_ALL=C sed -i --follow-symlinks '$a'\\ "${SYSCONFIG_FILE}"
    fi
    printf '%s\n' "$formatted_output" &gt;&gt; "${SYSCONFIG_FILE}"
fi

else
    &gt;&amp;2 echo 'Remediation is not applicable, nothing was done'
fi
</fix>
            <check system="http://oval.mitre.org/XMLSchema/oval-definitions-5">
              <check-content-ref name="oval:ssg-sysctl_net_ipv4_ip_forward:def:1" href="ssg-ubuntu2404-oval.xml"/>
            </check>
            <check system="http://scap.nist.gov/schema/ocil/2">
              <check-content-ref name="ocil:ssg-sysctl_net_ipv4_ip_forward_ocil:questionnaire:1" href="ssg-ubuntu2404-ocil.xml"/>
            </check>
          </Rule>
        </Group>
      </Group>
      <Group id="xccdf_org.ssgproject.content_group_network-nftables">
        <title xmlns:xhtml="http://www.w3.org/1999/xhtml" xml:lang="en-US">nftables</title>
        <description xmlns:xhtml="http://www.w3.org/1999/xhtml" xml:lang="en-US"><html:code xmlns:html="http://www.w3.org/1999/xhtml">If firewalld or iptables are being used in your environment, please follow the guidance in their
respective section and pass-over the guidance in this section.</html:code><html:br xmlns:html="http://www.w3.org/1999/xhtml"/><html:br xmlns:html="http://www.w3.org/1999/xhtml"/>
nftables is a subsystem of the Linux kernel providing filtering and classification of network
packets/datagrams/frames and is the successor to iptables. The biggest change with the
successor nftables is its simplicity. With iptables, we have to configure every single rule and
use the syntax which can be compared with normal commands. With nftables, the simpler
syntax, much like BPF (Berkely Packet Filter) means shorter lines and less repetition.
Support for nftables should also be compiled into the kernel, together with the related
nftables modules.
<html:br xmlns:html="http://www.w3.org/1999/xhtml"/>
       <html:br xmlns:html="http://www.w3.org/1999/xhtml"/> 
It is available in Linux kernels &gt;= 3.13. <html:b xmlns:html="http://www.w3.org/1999/xhtml">Please ensure that your kernel
supports nftables before choosing this option.</html:b>
      </description>
        <Value id="xccdf_org.ssgproject.content_value_var_nftables_base_chain_hooks" type="string" interactive="true">
          <title xmlns:xhtml="http://www.w3.org/1999/xhtml" xml:lang="en-US">Nftables Base Chain Hooks</title>
          <description xmlns:xhtml="http://www.w3.org/1999/xhtml" xml:lang="en-US">The possible hooks which can be used to configure the base chain are:
<html:code xmlns:html="http://www.w3.org/1999/xhtml">ingress</html:code> (only in netdev family since Linux kernel 4.2, and inet family since Linux kernel 5.10): 
sees packets immediately after they are passed up from the NIC driver, before even prerouting. 
<html:code xmlns:html="http://www.w3.org/1999/xhtml">prerouting</html:code> sees all incoming packets, before any routing decision has been made. 
Packets may be addressed to the local or remote systems.
<html:code xmlns:html="http://www.w3.org/1999/xhtml">input</html:code> sees incoming packets that are addressed to and have now been routed 
to the local system and processes running there.
<html:code xmlns:html="http://www.w3.org/1999/xhtml">forward</html:code> sees incoming packets that are not addressed to the local system.
<html:code xmlns:html="http://www.w3.org/1999/xhtml">output</html:code> sees packets that originated from processes in the local machine.
<html:code xmlns:html="http://www.w3.org/1999/xhtml">postrouting</html:code> sees all packets after routing, just before they leave the 
local system.</description>
          <value>input,forward,output</value>
          <value selector="ingress">ingress</value>
          <value selector="prerouting">prerouting</value>
          <value selector="input">input</value>
          <value selector="forward">forward</value>
          <value selector="output">output</value>
          <value selector="postrouting">postrouting</value>
          <value selector="chain_hooks">input,forward,output</value>
        </Value>
        <Value id="xccdf_org.ssgproject.content_value_var_nftables_base_chain_names" type="string" interactive="true">
          <title xmlns:xhtml="http://www.w3.org/1999/xhtml" xml:lang="en-US">Nftables Chain Names</title>
          <description xmlns:xhtml="http://www.w3.org/1999/xhtml" xml:lang="en-US">The rules in nftables are attached to chains. Unlike in iptables, 
there are no predefined chains like INPUT, OUTPUT, etc. Instead, 
to filter packets at a particular processing step, a base chain with a 
chosen name should be created, and attached it to the appropriate 
Netfilter hook. 
 </description>
          <value>input,forward,output</value>
          <value selector="input">input</value>
          <value selector="output">output</value>
          <value selector="forward">forward</value>
          <value selector="chain_names">input,forward,output</value>
        </Value>
        <Value id="xccdf_org.ssgproject.content_value_var_nftables_base_chain_policies" type="string" interactive="true">
          <title xmlns:xhtml="http://www.w3.org/1999/xhtml" xml:lang="en-US">Nftables Base Chain Policies</title>
          <description xmlns:xhtml="http://www.w3.org/1999/xhtml" xml:lang="en-US">This is the default verdict that will be applied to packets reaching the end of the chain 
(i.e, no more rules to be evaluated against).
Currently there are 2 policies: 
<html:code xmlns:html="http://www.w3.org/1999/xhtml">accept</html:code> this verdict means that the packet will keep traversing the network stack.
<html:code xmlns:html="http://www.w3.org/1999/xhtml">drop</html:code> this verdict means that the packet is discarded if the packet reaches the end 
of the base chain.</description>
          <value>accept,accept,accept</value>
          <value selector="accept">accept</value>
          <value selector="drop">drop</value>
          <value selector="chain_policies">accept,accept,accept</value>
        </Value>
        <Value id="xccdf_org.ssgproject.content_value_var_nftables_base_chain_priorities" type="string" interactive="true">
          <title xmlns:xhtml="http://www.w3.org/1999/xhtml" xml:lang="en-US">Nftables Base Chain Priorities</title>
          <description xmlns:xhtml="http://www.w3.org/1999/xhtml" xml:lang="en-US">Each nftables base chain is assigned a priority that defines its ordering 
among other base chains, flowtables, and Netfilter internal operations at 
the same hook. For example, a chain on the prerouting hook with priority 
-300 will be placed before connection tracking operations. 
Netfilter Internal Priority for inet, ip, ip6:
<html:code xmlns:html="http://www.w3.org/1999/xhtml">NF_IP_PRI_RAW_BEFORE_DEFRAG</html:code> Typical hooks: prerouting; nft Keyword: n/a; Description: n/a
<html:code xmlns:html="http://www.w3.org/1999/xhtml">NF_IP_PRI_CONNTRACK_DEFRAG</html:code> Typical hooks: prerouting; nft Keyword: n/a; Description: Packet defragmentation / datagram reassembly 
<html:code xmlns:html="http://www.w3.org/1999/xhtml">NF_IP_PRI_RAW</html:code> Typical hooks: all; nft Keyword: raw; Description:  Typical hooks: prerouting; nft Keyword: n/a; Description: Traditional priority of 
the raw table placed before connection tracking operation 
<html:code xmlns:html="http://www.w3.org/1999/xhtml">NF_IP_PRI_SELINUX_FIRST</html:code> Typical hooks: n/a; nft Keyword: n/a; Description: SELinux operations  
<html:code xmlns:html="http://www.w3.org/1999/xhtml">NF_IP_PRI_CONNTRACK</html:code> Typical hooks: prerouting, output;nft Keyword: n/a; Description: Connection tracking processes run early in prerouting and 
output hooks to associate packets with tracked connections.
<html:code xmlns:html="http://www.w3.org/1999/xhtml">NF_IP_PRI_MANGLE</html:code> Typical hooks: all;nft Keyword: mangle; Description: Mangle operation
<html:code xmlns:html="http://www.w3.org/1999/xhtml">NF_IP_PRI_NAT_DST</html:code> Typical hooks: prerouting;nft Keyword: dstnat; Description: Destination NAT
<html:code xmlns:html="http://www.w3.org/1999/xhtml">NF_IP_PRI_FILTER</html:code> Typical hooks: all;nft Keyword: filter; Description: Filtering operation, the filter table 
<html:code xmlns:html="http://www.w3.org/1999/xhtml">NF_IP_PRI_SECURITY</html:code> Typical hooks: all;nft Keyword: security; Description: Place of security table, where secmark can be set for example 
<html:code xmlns:html="http://www.w3.org/1999/xhtml">NF_IP_PRI_NAT_SRC</html:code> Typical hooks: postrouting;nft Keyword: srcnat; Description: Source NAT
<html:code xmlns:html="http://www.w3.org/1999/xhtml">NF_IP_PRI_SELINUX_LAST</html:code> Typical hooks: postrouting;nft Keyword: n/a; Description: SELinux at packet exit
<html:code xmlns:html="http://www.w3.org/1999/xhtml">NF_IP_PRI_CONNTRACK_HELPER</html:code> Typical hooks: postrouting;nft Keyword: n/a; Description: Connection tracking helpers, which identify expected and 
related packets. 
<html:code xmlns:html="http://www.w3.org/1999/xhtml">NF_IP_PRI_CONNTRACK_CONFIRM</html:code> Typical hooks: input,postrouting;nft Keyword: n/a; Description: Connection tracking adds new tracked connections 
at final step in input and postrouting hooks. 
Netfilter Internal Priority for bridge:
<html:code xmlns:html="http://www.w3.org/1999/xhtml">NF_BR_PRI_NAT_DST_BRIDGED</html:code> Typical hooks: prerouting; nft Keyword: n/a; Description: n/a
<html:code xmlns:html="http://www.w3.org/1999/xhtml">NF_BR_PRI_FILTER_BRIDGED</html:code> Typical hooks: all;nft Keyword: filter; Description: n/a
<html:code xmlns:html="http://www.w3.org/1999/xhtml">NF_BR_PRI_BRNF</html:code> Typical hooks: n/a;nft Keyword: n/a; Description: n/a
<html:code xmlns:html="http://www.w3.org/1999/xhtml">NF_BR_PRI_NAT_DST_OTHER</html:code> Typical hooks: output;nft Keyword: out; Description: n/a
<html:code xmlns:html="http://www.w3.org/1999/xhtml">NF_BR_PRI_FILTER_OTHER</html:code> Typical hooks: n/a;nft Keyword: n/a; Description: n/a
<html:code xmlns:html="http://www.w3.org/1999/xhtml">NF_BR_PRI_NAT_SRC</html:code> Typical hooks: postrouting;nft Keyword: srcnat; Description: n/a</description>
          <value>0,0,0</value>
          <value selector="NF_IP_PRI_RAW_BEFORE_DEFRAG">-450</value>
          <value selector="NF_IP_PRI_CONNTRACK_DEFRAG">-400</value>
          <value selector="NF_IP_PRI_RAW">-300</value>
          <value selector="NF_IP_PRI_SELINUX_FIRST">-225</value>
          <value selector="NF_IP_PRI_CONNTRACK">-200</value>
          <value selector="NF_IP_PRI_MANGLE">-150</value>
          <value selector="NF_IP_PRI_NAT_DST">-100</value>
          <value selector="NF_IP_PRI_FILTER">0</value>
          <value selector="NF_IP_PRI_SECURITY">50</value>
          <value selector="NF_IP_PRI_NAT_SRC">100</value>
          <value selector="NF_IP_PRI_SELINUX_LAST">225</value>
          <value selector="NF_IP_PRI_CONNTRACK_HELPER">300</value>
          <value selector="NF_IP_PRI_CONNTRACK_CONFIRM">2147483647</value>
          <value selector="NF_BR_PRI_NAT_DST_BRIDGED">-300</value>
          <value selector="NF_BR_PRI_FILTER_BRIDGED">-200</value>
          <value selector="NF_BR_PRI_BRNF">0</value>
          <value selector="NF_BR_PRI_NAT_DST_OTHER">100</value>
          <value selector="NF_BR_PRI_FILTER_OTHER">200</value>
          <value selector="NF_BR_PRI_NAT_SRC">300</value>
          <value selector="chain_priorities">0,0,0</value>
        </Value>
        <Value id="xccdf_org.ssgproject.content_value_var_nftables_base_chain_types" type="string" interactive="true">
          <title xmlns:xhtml="http://www.w3.org/1999/xhtml" xml:lang="en-US">Nftables Base Chain Types</title>
          <description xmlns:xhtml="http://www.w3.org/1999/xhtml" xml:lang="en-US">Base chains are those that are registered into the Netfilter hooks, 
i.e. these chains see packets flowing through the Linux TCP/IP stack.
The possible chain types are:
<html:code xmlns:html="http://www.w3.org/1999/xhtml">filter</html:code>, which is used to filter packets. This is supported by 
the arp, bridge, ip, ip6 and inet table families.
<html:code xmlns:html="http://www.w3.org/1999/xhtml">route</html:code>, which is used to reroute packets if any relevant IP 
header field or the packet mark is modified. This chain type provides 
equivalent semantics to the mangle table but only for the output hook 
(for other hooks use type filter instead). This is supported by the 
ip, ip6 and inet table families.
<html:code xmlns:html="http://www.w3.org/1999/xhtml">nat</html:code>, which is used to perform Networking Address Translation (NAT). 
Only the first packet of a given flow hits this chain; subsequent packets bypass it. 
This chain should be never used for filtering. The nat chain type 
is supported by the ip, ip6 and inet table families.
 </description>
          <value>filter,filter,filter</value>
          <value selector="filter">filter</value>
          <value selector="route">route</value>
          <value selector="nat">nat</value>
          <value selector="chain_types">filter,filter,filter</value>
        </Value>
        <Value id="xccdf_org.ssgproject.content_value_var_nftables_family" type="string" interactive="true">
          <title xmlns:xhtml="http://www.w3.org/1999/xhtml" xml:lang="en-US">Nftables Families</title>
          <description xmlns:xhtml="http://www.w3.org/1999/xhtml" xml:lang="en-US">Netfilter enables filtering at multiple networking levels. With iptables there 
is a separate tool for each level: iptables, ip6tables, arptables, ebtables. 
With nftables the multiple networking levels are abstracted into families, 
all of which are served  by the single tool nft. 
<html:code xmlns:html="http://www.w3.org/1999/xhtml">ip</html:code>Tables of this family see IPv4 traffic/packets. 
<html:code xmlns:html="http://www.w3.org/1999/xhtml">ip6</html:code>Tables of this family see IPv6 traffic/packets.
<html:code xmlns:html="http://www.w3.org/1999/xhtml">inet</html:code>Tables of this family see both IPv4 and IPv6 traffic/packets, 
simplifying dual stack support. 
<html:code xmlns:html="http://www.w3.org/1999/xhtml">arp</html:code>Tables of this family see ARP-level (i.e, L2) traffic, before 
any L3 handling is done by the kernel. 
<html:code xmlns:html="http://www.w3.org/1999/xhtml">bridge</html:code>Tables of this family see traffic/packets traversing bridges 
(i.e. switching). No assumptions are made about L3 protocols. 
<html:code xmlns:html="http://www.w3.org/1999/xhtml">netdev</html:code>The netdev family is different from the others in that it 
is used to create base chains attached to a single network interface. Such 
base chains see all network traffic on the specified interface, with no 
assumptions about L2 or L3 protocols. Therefore you can filter ARP traffic from here. </description>
          <value>inet</value>
          <value selector="ip">ip</value>
          <value selector="ip6">ip6</value>
          <value selector="inet">inet</value>
          <value selector="arp">arp</value>
          <value selector="bridge">bridge</value>
          <value selector="netdev">netdev</value>
        </Value>
        <Value id="xccdf_org.ssgproject.content_value_var_nftables_master_config_file" type="string">
          <title xmlns:xhtml="http://www.w3.org/1999/xhtml" xml:lang="en-US">Nftables Master configuration file</title>
          <description xmlns:xhtml="http://www.w3.org/1999/xhtml" xml:lang="en-US">The file which contains top level configuration for nftables service, and with which,
the service is started.</description>
          <value>/etc/sysconfig/nftables.conf</value>
          <value selector="sysconfig">/etc/sysconfig/nftables.conf</value>
          <value selector="etc">/etc/nftables.conf</value>
        </Value>
        <Value id="xccdf_org.ssgproject.content_value_var_nftables_table" type="string" interactive="true">
          <title xmlns:xhtml="http://www.w3.org/1999/xhtml" xml:lang="en-US">Nftables Tables</title>
          <description xmlns:xhtml="http://www.w3.org/1999/xhtml" xml:lang="en-US">Tables in nftables hold chains. Each table only has one address family and only applies 
to packets of this family. Tables can have one of six families.
 </description>
          <value>filter</value>
          <value selector="filter">filter</value>
          <value selector="firewalld">firewalld</value>
        </Value>
        <Rule id="xccdf_org.ssgproject.content_rule_package_nftables_installed" selected="false" role="full" severity="medium">
          <title xmlns:xhtml="http://www.w3.org/1999/xhtml" xml:lang="en-US">Install nftables Package</title>
          <description xmlns:xhtml="http://www.w3.org/1999/xhtml" xml:lang="en-US">nftables provides a new in-kernel packet classification framework that is based on a
network-specific Virtual Machine (VM) and a new nft userspace command line tool.
nftables reuses the existing Netfilter subsystems such as the existing hook infrastructure,
the connection tracking system, NAT, userspace queuing and logging subsystem.
The <html:code xmlns:html="http://www.w3.org/1999/xhtml">nftables</html:code> package can be installed with the following command:
<html:pre xmlns:html="http://www.w3.org/1999/xhtml">
$ apt-get install nftables</html:pre>
       </description>
          <reference href="https://www.cisecurity.org/benchmark/ubuntu_linux/">4.3.1</reference>
          <reference href="https://docs-prv.pcisecuritystandards.org/PCI%20DSS/Standard/PCI-DSS-v4_0.pdf">1.2.1</reference>
          <reference href="https://docs-prv.pcisecuritystandards.org/PCI%20DSS/Standard/PCI-DSS-v4_0.pdf">1.2</reference>
          <rationale xmlns:xhtml="http://www.w3.org/1999/xhtml" xml:lang="en-US"><html:code xmlns:html="http://www.w3.org/1999/xhtml">nftables</html:code> is a subsystem of the Linux kernel that can protect against threats
originating from within a corporate network to include malicious mobile code and poorly
configured software on a host.</rationale>
          <platform idref="#service_disabled_iptables_and_service_disabled_ufw_and_system_with_kernel"/>
          <fix xmlns:xhtml="http://www.w3.org/1999/xhtml" id="package_nftables_installed" system="urn:xccdf:fix:script:ansible" complexity="low" disruption="low" strategy="enable">- name: Gather the package facts
  package_facts:
    manager: auto
  tags:
  - PCI-DSSv4-1.2
  - PCI-DSSv4-1.2.1
  - enable_strategy
  - low_complexity
  - low_disruption
  - medium_severity
  - no_reboot_needed
  - package_nftables_installed
- name: XCCDF Value var_network_filtering_service # promote to variable
  set_fact:
    var_network_filtering_service: !!str <xccdf-1.2:sub xmlns:xccdf-1.2="http://checklists.nist.gov/xccdf/1.2" idref="xccdf_org.ssgproject.content_value_var_network_filtering_service" use="legacy"/>
  tags:
    - always

- name: Ensure nftables is installed
  ansible.builtin.package:
    name: nftables
    state: present
  when:
  - ( "linux-base" in ansible_facts.packages )
  - var_network_filtering_service == "nftables"
  tags:
  - PCI-DSSv4-1.2
  - PCI-DSSv4-1.2.1
  - enable_strategy
  - low_complexity
  - low_disruption
  - medium_severity
  - no_reboot_needed
  - package_nftables_installed
</fix>
          <fix xmlns:xhtml="http://www.w3.org/1999/xhtml" id="package_nftables_installed" system="urn:xccdf:fix:script:sh" complexity="low" disruption="low" strategy="enable"># Remediation is applicable only in certain platforms
if ( dpkg-query --show --showformat='${db:Status-Status}
' 'linux-base' 2&gt;/dev/null | grep -q ^installed ); then

var_network_filtering_service='<xccdf-1.2:sub xmlns:xccdf-1.2="http://checklists.nist.gov/xccdf/1.2" idref="xccdf_org.ssgproject.content_value_var_network_filtering_service" use="legacy"/>'



  if [ $var_network_filtering_service == nftables ]; then
    DEBIAN_FRONTEND=noninteractive apt-get install -y "nftables"
  fi

else
    &gt;&amp;2 echo 'Remediation is not applicable, nothing was done'
fi
</fix>
          <check system="http://oval.mitre.org/XMLSchema/oval-definitions-5">
            <check-export export-name="oval:ssg-var_network_filtering_service:var:1" value-id="xccdf_org.ssgproject.content_value_var_network_filtering_service"/>
            <check-content-ref name="oval:ssg-package_nftables_installed:def:1" href="ssg-ubuntu2404-oval.xml"/>
          </check>
          <check system="http://scap.nist.gov/schema/ocil/2">
            <check-content-ref name="ocil:ssg-package_nftables_installed_ocil:questionnaire:1" href="ssg-ubuntu2404-ocil.xml"/>
          </check>
        </Rule>
        <Rule id="xccdf_org.ssgproject.content_rule_service_nftables_enabled" selected="false" role="full" severity="medium">
          <title xmlns:xhtml="http://www.w3.org/1999/xhtml" xml:lang="en-US">Verify nftables Service is Enabled</title>
          <description xmlns:xhtml="http://www.w3.org/1999/xhtml" xml:lang="en-US">The nftables service allows for the loading of nftables rulesets during boot,
or starting on the nftables service

The <html:code xmlns:html="http://www.w3.org/1999/xhtml">nftables</html:code> service can be enabled with the following command:
<html:pre xmlns:html="http://www.w3.org/1999/xhtml">$ sudo systemctl enable nftables.service</html:pre>
       </description>
          <reference href="https://www.cisecurity.org/benchmark/ubuntu_linux/">4.3.9</reference>
          <rationale xmlns:xhtml="http://www.w3.org/1999/xhtml" xml:lang="en-US">The nftables service restores the nftables rules from the rules files referenced
in the <html:code xmlns:html="http://www.w3.org/1999/xhtml">/etc/sysconfig/nftables.conf</html:code> file during boot or the starting of
the nftables service</rationale>
          <platform idref="#package_nftables_and_service_disabled_firewalld_and_system_with_kernel"/>
          <fix xmlns:xhtml="http://www.w3.org/1999/xhtml" id="service_nftables_enabled" system="urn:xccdf:fix:script:ansible" complexity="low" disruption="low" strategy="enable">- name: Gather the package facts
  package_facts:
    manager: auto
  tags:
  - enable_strategy
  - low_complexity
  - low_disruption
  - medium_severity
  - no_reboot_needed
  - service_nftables_enabled
- name: XCCDF Value var_network_filtering_service # promote to variable
  set_fact:
    var_network_filtering_service: !!str <xccdf-1.2:sub xmlns:xccdf-1.2="http://checklists.nist.gov/xccdf/1.2" idref="xccdf_org.ssgproject.content_value_var_network_filtering_service" use="legacy"/>
  tags:
    - always

- name: Enable service nftables
  block:

  - name: Gather the package facts
    package_facts:
      manager: auto

  - name: Enable service nftables
    ansible.builtin.systemd_service:
      name: nftables
      enabled: 'yes'
      state: started
      masked: 'no'
    when:
    - '"nftables" in ansible_facts.packages'
    - var_network_filtering_service == "nftables"
    - var_network_filtering_service == "nftables"
  when: ( "nftables" in ansible_facts.packages and "linux-base" in ansible_facts.packages
    )
  tags:
  - enable_strategy
  - low_complexity
  - low_disruption
  - medium_severity
  - no_reboot_needed
  - service_nftables_enabled
</fix>
          <fix xmlns:xhtml="http://www.w3.org/1999/xhtml" id="service_nftables_enabled" system="urn:xccdf:fix:script:sh" complexity="low" disruption="low" strategy="enable"># Remediation is applicable only in certain platforms
if ( dpkg-query --show --showformat='${db:Status-Status}\n' 'nftables' 2&gt;/dev/null | grep -q '^installed' &amp;&amp; dpkg-query --show --showformat='${db:Status-Status}
' 'linux-base' 2&gt;/dev/null | grep -q ^installed ); then

var_network_filtering_service='<xccdf-1.2:sub xmlns:xccdf-1.2="http://checklists.nist.gov/xccdf/1.2" idref="xccdf_org.ssgproject.content_value_var_network_filtering_service" use="legacy"/>'


SYSTEMCTL_EXEC='/usr/bin/systemctl'

if [ $var_network_filtering_service == nftables ]; then
  "$SYSTEMCTL_EXEC" unmask 'nftables.service'
  "$SYSTEMCTL_EXEC" start 'nftables.service'
  "$SYSTEMCTL_EXEC" enable 'nftables.service'
fi

else
    &gt;&amp;2 echo 'Remediation is not applicable, nothing was done'
fi
</fix>
          <check system="http://oval.mitre.org/XMLSchema/oval-definitions-5">
            <check-export export-name="oval:ssg-var_network_filtering_service:var:1" value-id="xccdf_org.ssgproject.content_value_var_network_filtering_service"/>
            <check-content-ref name="oval:ssg-service_nftables_enabled:def:1" href="ssg-ubuntu2404-oval.xml"/>
          </check>
          <check system="http://scap.nist.gov/schema/ocil/2">
            <check-content-ref name="ocil:ssg-service_nftables_enabled_ocil:questionnaire:1" href="ssg-ubuntu2404-ocil.xml"/>
          </check>
        </Rule>
        <Rule id="xccdf_org.ssgproject.content_rule_service_nftables_disabled" selected="false" role="full" severity="medium">
          <title xmlns:xhtml="http://www.w3.org/1999/xhtml" xml:lang="en-US">Verify nftables Service is Disabled</title>
          <description xmlns:xhtml="http://www.w3.org/1999/xhtml" xml:lang="en-US">nftables is a subsystem of the Linux kernel providing filtering and classification of network
packets/datagrams/frames and is the successor to iptables.
The <html:code xmlns:html="http://www.w3.org/1999/xhtml">nftables</html:code> service can be disabled with the following command:
<html:pre xmlns:html="http://www.w3.org/1999/xhtml">systemctl disable nftables</html:pre>
       </description>
          <reference href="https://www.cisecurity.org/benchmark/ubuntu_linux/">4.4.1.2</reference>
          <reference href="https://docs-prv.pcisecuritystandards.org/PCI%20DSS/Standard/PCI-DSS-v4_0.pdf">1.2.1</reference>
          <reference href="https://docs-prv.pcisecuritystandards.org/PCI%20DSS/Standard/PCI-DSS-v4_0.pdf">1.2</reference>
          <rationale xmlns:xhtml="http://www.w3.org/1999/xhtml" xml:lang="en-US">Running both <html:code xmlns:html="http://www.w3.org/1999/xhtml">firewalld</html:code> and <html:code xmlns:html="http://www.w3.org/1999/xhtml">nftables</html:code> may lead to conflict. <html:code xmlns:html="http://www.w3.org/1999/xhtml">nftables</html:code>
is actually one of the backends for <html:code xmlns:html="http://www.w3.org/1999/xhtml">firewalld</html:code> management tools.</rationale>
          <platform idref="#package_firewalld_and_package_nftables_and_system_with_kernel"/>
          <fix xmlns:xhtml="http://www.w3.org/1999/xhtml" id="service_nftables_disabled" system="urn:xccdf:fix:script:ansible" complexity="low" disruption="low" strategy="disable">- name: Gather the package facts
  package_facts:
    manager: auto
  tags:
  - PCI-DSSv4-1.2
  - PCI-DSSv4-1.2.1
  - disable_strategy
  - low_complexity
  - low_disruption
  - medium_severity
  - no_reboot_needed
  - service_nftables_disabled
- name: XCCDF Value var_network_filtering_service # promote to variable
  set_fact:
    var_network_filtering_service: !!str <xccdf-1.2:sub xmlns:xccdf-1.2="http://checklists.nist.gov/xccdf/1.2" idref="xccdf_org.ssgproject.content_value_var_network_filtering_service" use="legacy"/>
  tags:
    - always

- name: Verify nftables Service is Disabled - Collect systemd Services Present in
    the System
  ansible.builtin.command: systemctl -q list-unit-files --type service
  register: service_exists
  changed_when: false
  failed_when: service_exists.rc not in [0, 1]
  check_mode: false
  when: ( "firewalld" in ansible_facts.packages and "nftables" in ansible_facts.packages
    and "linux-base" in ansible_facts.packages )
  tags:
  - PCI-DSSv4-1.2
  - PCI-DSSv4-1.2.1
  - disable_strategy
  - low_complexity
  - low_disruption
  - medium_severity
  - no_reboot_needed
  - service_nftables_disabled

- name: Verify nftables Service is Disabled - Ensure "nftables.service" is Masked
  ansible.builtin.systemd:
    name: nftables.service
    state: stopped
    enabled: false
    masked: true
  when:
  - ( "firewalld" in ansible_facts.packages and "nftables" in ansible_facts.packages
    and "linux-base" in ansible_facts.packages )
  - service_exists.stdout_lines is search("nftables.service",multiline=True)
  - var_network_filtering_service != "nftables"
  tags:
  - PCI-DSSv4-1.2
  - PCI-DSSv4-1.2.1
  - disable_strategy
  - low_complexity
  - low_disruption
  - medium_severity
  - no_reboot_needed
  - service_nftables_disabled

- name: Unit Socket Exists - nftables.socket
  ansible.builtin.command: systemctl -q list-unit-files nftables.socket
  register: socket_file_exists
  changed_when: false
  failed_when: socket_file_exists.rc not in [0, 1]
  check_mode: false
  when: ( "firewalld" in ansible_facts.packages and "nftables" in ansible_facts.packages
    and "linux-base" in ansible_facts.packages )
  tags:
  - PCI-DSSv4-1.2
  - PCI-DSSv4-1.2.1
  - disable_strategy
  - low_complexity
  - low_disruption
  - medium_severity
  - no_reboot_needed
  - service_nftables_disabled

- name: Disable socket nftables
  ansible.builtin.systemd:
    name: nftables.socket
    enabled: 'no'
    state: stopped
    masked: 'yes'
  when:
  - ( "firewalld" in ansible_facts.packages and "nftables" in ansible_facts.packages
    and "linux-base" in ansible_facts.packages )
  - socket_file_exists.stdout_lines is search("nftables.socket",multiline=True)
  - var_network_filtering_service != "nftables"
  tags:
  - PCI-DSSv4-1.2
  - PCI-DSSv4-1.2.1
  - disable_strategy
  - low_complexity
  - low_disruption
  - medium_severity
  - no_reboot_needed
  - service_nftables_disabled
</fix>
          <fix xmlns:xhtml="http://www.w3.org/1999/xhtml" id="service_nftables_disabled" system="urn:xccdf:fix:script:sh" complexity="low" disruption="low" strategy="disable"># Remediation is applicable only in certain platforms
if ( dpkg-query --show --showformat='${db:Status-Status}\n' 'firewalld' 2&gt;/dev/null | grep -q '^installed' &amp;&amp; dpkg-query --show --showformat='${db:Status-Status}\n' 'nftables' 2&gt;/dev/null | grep -q '^installed' &amp;&amp; dpkg-query --show --showformat='${db:Status-Status}
' 'linux-base' 2&gt;/dev/null | grep -q ^installed ); then

var_network_filtering_service='<xccdf-1.2:sub xmlns:xccdf-1.2="http://checklists.nist.gov/xccdf/1.2" idref="xccdf_org.ssgproject.content_value_var_network_filtering_service" use="legacy"/>'



if [ $var_network_filtering_service != nftables ]; then
  SYSTEMCTL_EXEC='/usr/bin/systemctl'
  "$SYSTEMCTL_EXEC" stop 'nftables.service'
  "$SYSTEMCTL_EXEC" disable 'nftables.service'
  "$SYSTEMCTL_EXEC" mask 'nftables.service'
  # Disable socket activation if we have a unit file for it
  if "$SYSTEMCTL_EXEC" -q list-unit-files nftables.socket; then
      "$SYSTEMCTL_EXEC" stop 'nftables.socket'
      "$SYSTEMCTL_EXEC" mask 'nftables.socket'
  fi
  # The service may not be running because it has been started and failed,
  # so let's reset the state so OVAL checks pass.
  # Service should be 'inactive', not 'failed' after reboot though.
  "$SYSTEMCTL_EXEC" reset-failed 'nftables.service' || true
fi

else
    &gt;&amp;2 echo 'Remediation is not applicable, nothing was done'
fi
</fix>
          <check system="http://oval.mitre.org/XMLSchema/oval-definitions-5">
            <check-export export-name="oval:ssg-var_network_filtering_service:var:1" value-id="xccdf_org.ssgproject.content_value_var_network_filtering_service"/>
            <check-content-ref name="oval:ssg-service_nftables_disabled:def:1" href="ssg-ubuntu2404-oval.xml"/>
          </check>
          <check system="http://scap.nist.gov/schema/ocil/2">
            <check-content-ref name="ocil:ssg-service_nftables_disabled_ocil:questionnaire:1" href="ssg-ubuntu2404-ocil.xml"/>
          </check>
        </Rule>
        <Rule id="xccdf_org.ssgproject.content_rule_nftables_ensure_default_deny_policy" selected="false" role="full" severity="medium">
          <title xmlns:xhtml="http://www.w3.org/1999/xhtml" xml:lang="en-US">Ensure nftables Default Deny Firewall Policy</title>
          <description xmlns:xhtml="http://www.w3.org/1999/xhtml" xml:lang="en-US">Base chain policy is the default verdict that will be applied to packets reaching the end of
the chain. There are two policies: accept (Default) and drop. If the policy is set to accept,
the firewall will accept any packet that is not configured to be denied and the packet will
continue traversing the network stack.

{% if 'ubuntu' in product %}
Run the following commands and verify that base chains contain a policy of DROP.
<html:pre xmlns:html="http://www.w3.org/1999/xhtml">
$ nft list ruleset | grep 'hook input'
type filter hook input priority 0; policy drop;
$ nft list ruleset | grep 'hook forward'
type filter hook forward priority 0; policy drop;
$ nft list ruleset | grep 'hook output'
type filter hook output priority 0; policy drop;
</html:pre>
       </description>
          <warning xmlns:xhtml="http://www.w3.org/1999/xhtml" xml:lang="en-US" category="general">Changing firewall settings while connected over network can result in being locked out
of the system.</warning>
          <reference href="https://www.cisecurity.org/benchmark/ubuntu_linux/">4.3.8</reference>
          <reference href="https://docs-prv.pcisecuritystandards.org/PCI%20DSS/Standard/PCI-DSS-v4_0.pdf">1.3.1</reference>
          <reference href="https://docs-prv.pcisecuritystandards.org/PCI%20DSS/Standard/PCI-DSS-v4_0.pdf">1.3</reference>
          <rationale xmlns:xhtml="http://www.w3.org/1999/xhtml" xml:lang="en-US">It is easier to allow acceptable usage than to block unacceptable usage.
</rationale>
          <platform idref="#package_nftables_and_service_disabled_firewalld_and_service_disabled_ufw"/>
          <check system="http://scap.nist.gov/schema/ocil/2">
            <check-content-ref name="ocil:ssg-nftables_ensure_default_deny_policy_ocil:questionnaire:1" href="ssg-ubuntu2404-ocil.xml"/>
          </check>
        </Rule>
        <Rule id="xccdf_org.ssgproject.content_rule_nftables_rules_permanent" selected="false" role="full" severity="medium">
          <title xmlns:xhtml="http://www.w3.org/1999/xhtml" xml:lang="en-US">Ensure nftables Rules are Permanent</title>
          <description xmlns:xhtml="http://www.w3.org/1999/xhtml" xml:lang="en-US">nftables is a subsystem of the Linux kernel providing filtering and classification of
network packets/datagrams/frames. The nftables service reads the
<xccdf-1.2:sub xmlns:xccdf-1.2="http://checklists.nist.gov/xccdf/1.2" idref="xccdf_org.ssgproject.content_value_var_nftables_master_config_file" use="legacy"/> file for a nftables file or files to
include in the nftables ruleset. A nftables ruleset containing the input, forward, and output
base chains allow network traffic to be filtered.</description>
          <rationale xmlns:xhtml="http://www.w3.org/1999/xhtml" xml:lang="en-US">Changes made to nftables ruleset only affect the live system, you will also need to configure
the nftables ruleset to apply on boot</rationale>
          <platform idref="#package_nftables_and_service_disabled_firewalld"/>
          <fix xmlns:xhtml="http://www.w3.org/1999/xhtml" id="nftables_rules_permanent" system="urn:xccdf:fix:script:sh" complexity="low" disruption="high" strategy="restrict"># Remediation is applicable only in certain platforms
if ( dpkg-query --show --showformat='${db:Status-Status}\n' 'nftables' 2&gt;/dev/null | grep -q '^installed' ); then

var_nftables_master_config_file='<xccdf-1.2:sub xmlns:xccdf-1.2="http://checklists.nist.gov/xccdf/1.2" idref="xccdf_org.ssgproject.content_value_var_nftables_master_config_file" use="legacy"/>'


var_nftables_family='<xccdf-1.2:sub xmlns:xccdf-1.2="http://checklists.nist.gov/xccdf/1.2" idref="xccdf_org.ssgproject.content_value_var_nftables_family" use="legacy"/>'


if [ ! -f "${var_nftables_master_config_file}" ]; then
    touch "${var_nftables_master_config_file}"
fi

nft list ruleset &gt; "/etc/${var_nftables_family}-filter.rules"

grep -qxF 'include "/etc/'"${var_nftables_family}"'-filter.rules"' "${var_nftables_master_config_file}" \
    || echo 'include "/etc/'"${var_nftables_family}"'-filter.rules"' &gt;&gt; "${var_nftables_master_config_file}"

else
    &gt;&amp;2 echo 'Remediation is not applicable, nothing was done'
fi
</fix>
          <check system="http://oval.mitre.org/XMLSchema/oval-definitions-5">
            <check-export export-name="oval:ssg-var_nftables_master_config_file:var:1" value-id="xccdf_org.ssgproject.content_value_var_nftables_master_config_file"/>
            <check-content-ref name="oval:ssg-nftables_rules_permanent:def:1" href="ssg-ubuntu2404-oval.xml"/>
          </check>
          <check system="http://scap.nist.gov/schema/ocil/2">
            <check-content-ref name="ocil:ssg-nftables_rules_permanent_ocil:questionnaire:1" href="ssg-ubuntu2404-ocil.xml"/>
          </check>
        </Rule>
        <Rule id="xccdf_org.ssgproject.content_rule_set_nftables_base_chain" selected="false" role="full" severity="medium">
          <title xmlns:xhtml="http://www.w3.org/1999/xhtml" xml:lang="en-US">Ensure Base Chains Exist for Nftables</title>
          <description xmlns:xhtml="http://www.w3.org/1999/xhtml" xml:lang="en-US">Tables in nftables hold chains. Each table only has one address family and only applies
to packets of this family. Tables can have one of six families.
Chains are containers for rules. They exist in two kinds, base chains and regular chains.
A base chain is an entry point for packets from the networking stack, a regular chain may
be used as jump target and is used for better rule organization.</description>
          <warning xmlns:xhtml="http://www.w3.org/1999/xhtml" xml:lang="en-US" category="general">Configuring rules over ssh, by creating a base chain with policy drop will cause loss of connectivity. Ensure that a rule allowing ssh has been added to the base chain prior to setting the base cahin's policy to drop</warning>
          <reference href="https://www.cisecurity.org/benchmark/ubuntu_linux/">4.3.5</reference>
          <rationale xmlns:xhtml="http://www.w3.org/1999/xhtml" xml:lang="en-US">If a base chain doesn't exist with a hook for input, forward, and delete, packets that would
flow through those chains will not be touched by nftables.</rationale>
          <platform idref="#package_nftables"/>
          <fix xmlns:xhtml="http://www.w3.org/1999/xhtml" id="set_nftables_base_chain" system="urn:xccdf:fix:script:ansible" complexity="low" disruption="low" strategy="restrict">- name: Gather the package facts
  package_facts:
    manager: auto
  tags:
  - low_complexity
  - low_disruption
  - medium_severity
  - no_reboot_needed
  - restrict_strategy
  - set_nftables_base_chain
- name: XCCDF Value var_nftables_table # promote to variable
  set_fact:
    var_nftables_table: !!str <xccdf-1.2:sub xmlns:xccdf-1.2="http://checklists.nist.gov/xccdf/1.2" idref="xccdf_org.ssgproject.content_value_var_nftables_table" use="legacy"/>
  tags:
    - always
- name: XCCDF Value var_nftables_family # promote to variable
  set_fact:
    var_nftables_family: !!str <xccdf-1.2:sub xmlns:xccdf-1.2="http://checklists.nist.gov/xccdf/1.2" idref="xccdf_org.ssgproject.content_value_var_nftables_family" use="legacy"/>
  tags:
    - always
- name: XCCDF Value var_nftables_base_chain_names # promote to variable
  set_fact:
    var_nftables_base_chain_names: !!str <xccdf-1.2:sub xmlns:xccdf-1.2="http://checklists.nist.gov/xccdf/1.2" idref="xccdf_org.ssgproject.content_value_var_nftables_base_chain_names" use="legacy"/>
  tags:
    - always
- name: XCCDF Value var_nftables_base_chain_types # promote to variable
  set_fact:
    var_nftables_base_chain_types: !!str <xccdf-1.2:sub xmlns:xccdf-1.2="http://checklists.nist.gov/xccdf/1.2" idref="xccdf_org.ssgproject.content_value_var_nftables_base_chain_types" use="legacy"/>
  tags:
    - always
- name: XCCDF Value var_nftables_base_chain_hooks # promote to variable
  set_fact:
    var_nftables_base_chain_hooks: !!str <xccdf-1.2:sub xmlns:xccdf-1.2="http://checklists.nist.gov/xccdf/1.2" idref="xccdf_org.ssgproject.content_value_var_nftables_base_chain_hooks" use="legacy"/>
  tags:
    - always
- name: XCCDF Value var_nftables_base_chain_priorities # promote to variable
  set_fact:
    var_nftables_base_chain_priorities: !!str <xccdf-1.2:sub xmlns:xccdf-1.2="http://checklists.nist.gov/xccdf/1.2" idref="xccdf_org.ssgproject.content_value_var_nftables_base_chain_priorities" use="legacy"/>
  tags:
    - always
- name: XCCDF Value var_nftables_base_chain_policies # promote to variable
  set_fact:
    var_nftables_base_chain_policies: !!str <xccdf-1.2:sub xmlns:xccdf-1.2="http://checklists.nist.gov/xccdf/1.2" idref="xccdf_org.ssgproject.content_value_var_nftables_base_chain_policies" use="legacy"/>
  tags:
    - always

- name: Ensure Base Chains Exist for Nftables - Check Existence of Nftables Table
  ansible.builtin.shell: nft list tables | grep '{{ var_nftables_family }} {{ var_nftables_table
    }}'
  register: existing_nftables
  changed_when: false
  failed_when: false
  when: '"nftables" in ansible_facts.packages'
  tags:
  - low_complexity
  - low_disruption
  - medium_severity
  - no_reboot_needed
  - restrict_strategy
  - set_nftables_base_chain

- name: Ensure Base Chains Exist for Nftables - Set NFTables Table
  ansible.builtin.command: nft create table {{ var_nftables_family }} {{ var_nftables_table
    }}
  when:
  - '"nftables" in ansible_facts.packages'
  - existing_nftables is not skipped and existing_nftables.rc &gt; 0
  tags:
  - low_complexity
  - low_disruption
  - medium_severity
  - no_reboot_needed
  - restrict_strategy
  - set_nftables_base_chain

- name: Ensure Base Chains Exist for Nftables - Add Base Chains
  ansible.builtin.command: nft 'add chain {{ var_nftables_family }} {{ var_nftables_table
    }} {{ item.0 }} { type {{ item.1 }} hook {{ item.2 }} priority {{ item.3 }} ;
    policy {{ item.4 }} ; }'
  with_together:
  - '{{ var_nftables_base_chain_names.split(",") }}'
  - '{{ var_nftables_base_chain_types.split(",") }}'
  - '{{ var_nftables_base_chain_hooks.split(",") }}'
  - '{{ var_nftables_base_chain_priorities.split(",") }}'
  - '{{ var_nftables_base_chain_policies.split(",") }}'
  when: '"nftables" in ansible_facts.packages'
  tags:
  - low_complexity
  - low_disruption
  - medium_severity
  - no_reboot_needed
  - restrict_strategy
  - set_nftables_base_chain
</fix>
          <fix xmlns:xhtml="http://www.w3.org/1999/xhtml" id="set_nftables_base_chain" system="urn:xccdf:fix:script:sh" complexity="low" disruption="low" strategy="restrict"># Remediation is applicable only in certain platforms
if dpkg-query --show --showformat='${db:Status-Status}\n' 'nftables' 2&gt;/dev/null | grep -q '^installed'; then

#Name of the table
var_nftables_table='<xccdf-1.2:sub xmlns:xccdf-1.2="http://checklists.nist.gov/xccdf/1.2" idref="xccdf_org.ssgproject.content_value_var_nftables_table" use="legacy"/>'

#Familiy of the table 
var_nftables_family='<xccdf-1.2:sub xmlns:xccdf-1.2="http://checklists.nist.gov/xccdf/1.2" idref="xccdf_org.ssgproject.content_value_var_nftables_family" use="legacy"/>'

#Name(s) of base chain
var_nftables_base_chain_names='<xccdf-1.2:sub xmlns:xccdf-1.2="http://checklists.nist.gov/xccdf/1.2" idref="xccdf_org.ssgproject.content_value_var_nftables_base_chain_names" use="legacy"/>'

#Type(s) of base chain
var_nftables_base_chain_types='<xccdf-1.2:sub xmlns:xccdf-1.2="http://checklists.nist.gov/xccdf/1.2" idref="xccdf_org.ssgproject.content_value_var_nftables_base_chain_types" use="legacy"/>'

# Hooks for base chain
var_nftables_base_chain_hooks='<xccdf-1.2:sub xmlns:xccdf-1.2="http://checklists.nist.gov/xccdf/1.2" idref="xccdf_org.ssgproject.content_value_var_nftables_base_chain_hooks" use="legacy"/>'

#Priority
var_nftables_base_chain_priorities='<xccdf-1.2:sub xmlns:xccdf-1.2="http://checklists.nist.gov/xccdf/1.2" idref="xccdf_org.ssgproject.content_value_var_nftables_base_chain_priorities" use="legacy"/>'

#Policy 
var_nftables_base_chain_policies='<xccdf-1.2:sub xmlns:xccdf-1.2="http://checklists.nist.gov/xccdf/1.2" idref="xccdf_org.ssgproject.content_value_var_nftables_base_chain_policies" use="legacy"/>'


#Transfer some of strings to arrays
IFS="," read -r -a  names &lt;&lt;&lt; "$var_nftables_base_chain_names"
IFS="," read -r -a  types &lt;&lt;&lt; "$var_nftables_base_chain_types"
IFS="," read -r -a  hooks &lt;&lt;&lt; "$var_nftables_base_chain_hooks"
IFS="," read -r -a  priorities &lt;&lt;&lt; "$var_nftables_base_chain_priorities"
IFS="," read -r -a  policies &lt;&lt;&lt; "$var_nftables_base_chain_policies"

my_cmd="nft list tables | grep '$var_nftables_family $var_nftables_table'"
eval IS_TABLE_EXIST=\$\($my_cmd\)
if [ -z "$IS_TABLE_EXIST" ]
then
  # We create a table and add chains to it 
  nft create table "$var_nftables_family" "$var_nftables_table"
  num_of_chains=${#names[@]}
  for ((i=0; i &lt; num_of_chains; i++))
  do
   chain_to_add="add chain $var_nftables_family $var_nftables_table ${names[$i]} { type ${types[$i]} hook ${hooks[$i]} priority ${priorities[$i]} ; policy ${policies[$i]} ; }"
   my_cmd="nft '$chain_to_add'"
   eval $my_cmd
  done    
else
  # We add missing chains to the existing table
  num_of_chains=${#names[@]}
  for ((i=0; i &lt; num_of_chains; i++))
  do
    IS_CHAIN_EXIST=$(nft list table "$var_nftables_family" "$var_nftables_table" | grep "hook ${hooks[$i]}")
    if [ -z "$IS_CHAIN_EXIST" ]
      then
        chain_to_add="add chain '$var_nftables_family' '$var_nftables_table' ${names[$i]} { type ${types[$i]} hook ${hooks[$i]} priority ${priorities[$i]} ; policy ${policies[$i]} ; }"
        my_cmd="nft '$chain_to_add'"
        eval $my_cmd
    fi
  done 
fi

else
    &gt;&amp;2 echo 'Remediation is not applicable, nothing was done'
fi
</fix>
          <check system="http://scap.nist.gov/schema/ocil/2">
            <check-content-ref name="ocil:ssg-set_nftables_base_chain_ocil:questionnaire:1" href="ssg-ubuntu2404-ocil.xml"/>
          </check>
        </Rule>
        <Rule id="xccdf_org.ssgproject.content_rule_set_nftables_loopback_traffic" selected="false" role="full" severity="medium">
          <title xmlns:xhtml="http://www.w3.org/1999/xhtml" xml:lang="en-US">Set nftables Configuration for Loopback Traffic</title>
          <description xmlns:xhtml="http://www.w3.org/1999/xhtml" xml:lang="en-US">Configure the loopback interface to accept traffic.
Configure all other interfaces to deny traffic to the loopback
network.</description>
          <warning xmlns:xhtml="http://www.w3.org/1999/xhtml" xml:lang="en-US" category="general">Changing firewall settings while connected over network can
result in being locked out of the system.
Keep in mind the remediation makes changes only to the running
system, in order to keep the changes need to take care to save
the nft settings to the relvant configutation files.</warning>
          <reference href="https://www.pcisecuritystandards.org/documents/PCI_DSS_v3-2-1.pdf">Req-1.4.1</reference>
          <reference href="https://www.cisecurity.org/benchmark/ubuntu_linux/">4.3.6</reference>
          <rationale xmlns:xhtml="http://www.w3.org/1999/xhtml" xml:lang="en-US">Loopback traffic is generated between processes on machine and is
typically critical to operation of the system. The loopback interface
is the only place that loopback network traffic should be seen,
all other interfaces should ignore traffic on this network as an
anti-spoofing measure.</rationale>
          <platform idref="#package_nftables_and_service_disabled_firewalld"/>
          <fix xmlns:xhtml="http://www.w3.org/1999/xhtml" id="set_nftables_loopback_traffic" system="urn:xccdf:fix:script:ansible" complexity="low" disruption="low" strategy="restrict">- name: Gather the package facts
  package_facts:
    manager: auto
  tags:
  - PCI-DSS-Req-1.4.1
  - low_complexity
  - low_disruption
  - medium_severity
  - no_reboot_needed
  - restrict_strategy
  - set_nftables_loopback_traffic

- name: Implement Loopback Rules
  ansible.builtin.command: nft add rule inet filter input iif lo accept
  when: ( "nftables" in ansible_facts.packages )
  tags:
  - PCI-DSS-Req-1.4.1
  - low_complexity
  - low_disruption
  - medium_severity
  - no_reboot_needed
  - restrict_strategy
  - set_nftables_loopback_traffic

- name: Create Rule to Drop Input IP Address from Loopback
  ansible.builtin.command: nft add rule inet filter input ip saddr 127.0.0.0/8 counter
    drop
  when: ( "nftables" in ansible_facts.packages )
  tags:
  - PCI-DSS-Req-1.4.1
  - low_complexity
  - low_disruption
  - medium_severity
  - no_reboot_needed
  - restrict_strategy
  - set_nftables_loopback_traffic

- name: Check if IPv6 is Disabled in grub Configuration
  ansible.builtin.shell: |
    [ -z "$(grep "^\s*linux" /boot/grub2/grub.cfg | grep -v ipv6.disabled=1)" ]
  register: ipv6_status
  when: ( "nftables" in ansible_facts.packages )
  tags:
  - PCI-DSS-Req-1.4.1
  - low_complexity
  - low_disruption
  - medium_severity
  - no_reboot_needed
  - restrict_strategy
  - set_nftables_loopback_traffic

- name: Check sysctl value of net.ipv6.conf.all.disable_ipv6
  sysctl:
    name: net.ipv6.conf.all.disable_ipv6
    state: present
    value: '1'
  check_mode: true
  register: sysctl_ipv6_all
  when: ( "nftables" in ansible_facts.packages )
  tags:
  - PCI-DSS-Req-1.4.1
  - low_complexity
  - low_disruption
  - medium_severity
  - no_reboot_needed
  - restrict_strategy
  - set_nftables_loopback_traffic

- name: Check sysctl value of net.ipv6.conf.default.disable_ipv6
  sysctl:
    name: net.ipv6.conf.default.disable_ipv6
    state: present
    value: '1'
  check_mode: true
  register: sysctl_ipv6_default
  when: ( "nftables" in ansible_facts.packages )
  tags:
  - PCI-DSS-Req-1.4.1
  - low_complexity
  - low_disruption
  - medium_severity
  - no_reboot_needed
  - restrict_strategy
  - set_nftables_loopback_traffic

- name: Implement IPv6 loopback rules
  ansible.builtin.command: nft add rule inet filter input ip6 saddr ::1 counter drop
  when:
  - ( "nftables" in ansible_facts.packages )
  - ipv6_status is not skipped
  - sysctl_ipv6_default is not skipped
  - sysctl_ipv6_all is not skipped
  - ipv6_status.rc == 0 or sysctl_ipv6_all.found &gt; 0 or sysctl_ipv6_default.found
    &gt; 0
  tags:
  - PCI-DSS-Req-1.4.1
  - low_complexity
  - low_disruption
  - medium_severity
  - no_reboot_needed
  - restrict_strategy
  - set_nftables_loopback_traffic
</fix>
          <fix xmlns:xhtml="http://www.w3.org/1999/xhtml" id="set_nftables_loopback_traffic" system="urn:xccdf:fix:script:sh"># Remediation is applicable only in certain platforms
if ( dpkg-query --show --showformat='${db:Status-Status}\n' 'nftables' 2&gt;/dev/null | grep -q '^installed' ); then

var_nftables_family='<xccdf-1.2:sub xmlns:xccdf-1.2="http://checklists.nist.gov/xccdf/1.2" idref="xccdf_org.ssgproject.content_value_var_nftables_family" use="legacy"/>'



grubfile="/boot/grub/grub.cfg"

# Implement the loopback rules:
nft add rule inet filter input iif lo accept
nft add rule inet filter input ip saddr 127.0.0.0/8 counter drop

# Check IPv6 is disabled, if false implement IPv6 loopback rules
disabled="false"
[ -f "$grubfile" ] &amp;&amp; ! grep "^\s*linux" "$grubfile" | grep -vq "ipv6.disable=1" &amp;&amp; disabled="true"

grep -Eq "^\s*net\.ipv6\.conf\.all\.disable_ipv6\s*=\s*1\b(\s+#.*)?$" \
/etc/sysctl.conf /etc/sysctl.d/*.conf &amp;&amp; \
grep -Eq "^\s*net\.ipv6\.conf\.default\.disable_ipv6\s*=\s*1\b(\s+#.*)?$" \
/etc/sysctl.conf /etc/sysctl.d/*.conf &amp;&amp; sysctl net.ipv6.conf.all.disable_ipv6 | \
grep -Eq "^\s*net\.ipv6\.conf\.all\.disable_ipv6\s*=\s*1\b(\s+#.*)?$" &amp;&amp; \
sysctl net.ipv6.conf.default.disable_ipv6 | \
grep -Eq "^\s*net\.ipv6\.conf\.default\.disable_ipv6\s*=\s*1\b(\s+#.*)?$" &amp;&amp; disabled="true"

# Is IPv6 Disabled? (true/false)
if [ "$disabled" = false ] ; then
    nft add rule inet filter input ip6 saddr ::1 counter drop
fi


nft list ruleset &gt; "/etc/${var_nftables_family}-filter.rules"

else
    &gt;&amp;2 echo 'Remediation is not applicable, nothing was done'
fi
</fix>
          <check system="http://scap.nist.gov/schema/ocil/2">
            <check-content-ref name="ocil:ssg-set_nftables_loopback_traffic_ocil:questionnaire:1" href="ssg-ubuntu2404-ocil.xml"/>
          </check>
        </Rule>
        <Rule id="xccdf_org.ssgproject.content_rule_set_nftables_table" selected="false" role="full" severity="medium">
          <title xmlns:xhtml="http://www.w3.org/1999/xhtml" xml:lang="en-US">Ensure a Table Exists for Nftables</title>
          <description xmlns:xhtml="http://www.w3.org/1999/xhtml" xml:lang="en-US">Tables in nftables hold chains. Each table only has one address family and only applies
to packets of this family. Tables can have one of six families.</description>
          <warning xmlns:xhtml="http://www.w3.org/1999/xhtml" xml:lang="en-US" category="general">Adding or editing rules in a running nftables can cause loss of connectivity to the system.</warning>
          <warning xmlns:xhtml="http://www.w3.org/1999/xhtml" xml:lang="en-US" category="general">Both the SCE check and remediation for this rule only consider runtime settings.
There is no specific file to check as it depends on each site's policy. Therefore, check
and remediation use the nft command directly. The fix is not persistent across system
reboots.</warning>
          <warning xmlns:xhtml="http://www.w3.org/1999/xhtml" xml:lang="en-US" category="functionality">SCE check does not support variables, therefore the SCE check in this rule only checks the
address family, regardless of the table name.</warning>
          <reference href="https://www.cisecurity.org/benchmark/ubuntu_linux/">4.3.4</reference>
          <rationale xmlns:xhtml="http://www.w3.org/1999/xhtml" xml:lang="en-US">Nftables doesn't have any default tables. Without a table being built, nftables will not
filter network traffic.</rationale>
          <platform idref="#package_nftables"/>
          <fix xmlns:xhtml="http://www.w3.org/1999/xhtml" id="set_nftables_table" system="urn:xccdf:fix:script:ansible" complexity="low" disruption="low" strategy="restrict">- name: Gather the package facts
  package_facts:
    manager: auto
  tags:
  - low_complexity
  - low_disruption
  - medium_severity
  - no_reboot_needed
  - restrict_strategy
  - set_nftables_table
- name: XCCDF Value var_nftables_family # promote to variable
  set_fact:
    var_nftables_family: !!str <xccdf-1.2:sub xmlns:xccdf-1.2="http://checklists.nist.gov/xccdf/1.2" idref="xccdf_org.ssgproject.content_value_var_nftables_family" use="legacy"/>
  tags:
    - always
- name: XCCDF Value var_nftables_table # promote to variable
  set_fact:
    var_nftables_table: !!str <xccdf-1.2:sub xmlns:xccdf-1.2="http://checklists.nist.gov/xccdf/1.2" idref="xccdf_org.ssgproject.content_value_var_nftables_table" use="legacy"/>
  tags:
    - always

- name: Collect Existing Nftables
  ansible.builtin.command: nft list table {{ var_nftables_family }} {{ var_nftables_table
    }}
  register: result_nftables_table_family
  changed_when: false
  failed_when: result_nftables_table_family.rc not in [0, 1]
  when: '"nftables" in ansible_facts.packages'
  tags:
  - low_complexity
  - low_disruption
  - medium_severity
  - no_reboot_needed
  - restrict_strategy
  - set_nftables_table

- name: Set Nftable Table
  ansible.builtin.command: nft create table {{ var_nftables_family }} {{ var_nftables_table
    }}
  when:
  - '"nftables" in ansible_facts.packages'
  - result_nftables_table_family is not skipped
  - result_nftables_table_family.rc != 0
  tags:
  - low_complexity
  - low_disruption
  - medium_severity
  - no_reboot_needed
  - restrict_strategy
  - set_nftables_table
</fix>
          <fix xmlns:xhtml="http://www.w3.org/1999/xhtml" id="set_nftables_table" system="urn:xccdf:fix:script:sh" complexity="low" disruption="low" strategy="restrict"># Remediation is applicable only in certain platforms
if dpkg-query --show --showformat='${db:Status-Status}\n' 'nftables' 2&gt;/dev/null | grep -q '^installed'; then

var_nftables_family='<xccdf-1.2:sub xmlns:xccdf-1.2="http://checklists.nist.gov/xccdf/1.2" idref="xccdf_org.ssgproject.content_value_var_nftables_family" use="legacy"/>'

var_nftables_table='<xccdf-1.2:sub xmlns:xccdf-1.2="http://checklists.nist.gov/xccdf/1.2" idref="xccdf_org.ssgproject.content_value_var_nftables_table" use="legacy"/>'


if ! nft list table $var_nftables_family $var_nftables_table; then
  nft create table "$var_nftables_family" "$var_nftables_table"
fi

else
    &gt;&amp;2 echo 'Remediation is not applicable, nothing was done'
fi
</fix>
          <check system="http://scap.nist.gov/schema/ocil/2">
            <check-content-ref name="ocil:ssg-set_nftables_table_ocil:questionnaire:1" href="ssg-ubuntu2404-ocil.xml"/>
          </check>
        </Rule>
      </Group>
      <Group id="xccdf_org.ssgproject.content_group_network-ufw">
        <title xmlns:xhtml="http://www.w3.org/1999/xhtml" xml:lang="en-US">Uncomplicated Firewall (ufw)</title>
        <description xmlns:xhtml="http://www.w3.org/1999/xhtml" xml:lang="en-US">The Linux kernel in Ubuntu provides a packet filtering system called
netfilter, and the traditional interface for manipulating netfilter are
the iptables suite of commands. iptables provide a complete firewall
solution that is both highly configurable and highly flexible.

Becoming proficient in iptables takes time, and getting started with
netfilter firewalling using only iptables can be a daunting task. As a
result, many frontends for iptables have been created over the years,
each trying to achieve a different result and targeting a different
audience.

The Uncomplicated Firewall (ufw) is a frontend for iptables and is
particularly well-suited for host-based firewalls. ufw provides a
framework for managing netfilter, as well as a command-line interface
for manipulating the firewall. ufw aims to provide an easy to use
interface for people unfamiliar with firewall concepts, while at the
same time simplifies complicated iptables commands to help an
administrator who knows what he or she is doing. ufw is an upstream
for other distributions and graphical frontends.</description>
        <platform idref="#system_with_kernel"/>
        <Rule id="xccdf_org.ssgproject.content_rule_package_ufw_installed" selected="false" role="full" severity="medium">
          <title xmlns:xhtml="http://www.w3.org/1999/xhtml" xml:lang="en-US">Install ufw Package</title>
          <description xmlns:xhtml="http://www.w3.org/1999/xhtml" xml:lang="en-US">The <html:code xmlns:html="http://www.w3.org/1999/xhtml">ufw</html:code> package can be installed with the following command:
<html:pre xmlns:html="http://www.w3.org/1999/xhtml">
$ apt-get install ufw</html:pre>
       </description>
          <reference href="https://public.cyber.mil/stigs/cci/">CCI-002314</reference>
          <reference href="https://public.cyber.mil/stigs/downloads/?_dl_facet_stigs=operating-systems%2Cgeneral-purpose-os">SRG-OS-000297-GPOS-00115</reference>
          <reference href="https://www.cisecurity.org/benchmark/ubuntu_linux/">4.2.1</reference>
          <rationale xmlns:xhtml="http://www.w3.org/1999/xhtml" xml:lang="en-US"><html:code xmlns:html="http://www.w3.org/1999/xhtml">ufw</html:code> controls the Linux kernel network packet filtering
code. <html:code xmlns:html="http://www.w3.org/1999/xhtml">ufw</html:code> allows system operators to set up firewalls and IP
masquerading, etc.</rationale>
          <fix xmlns:xhtml="http://www.w3.org/1999/xhtml" id="package_ufw_installed" system="urn:xccdf:fix:script:ansible" complexity="low" disruption="low" strategy="enable">- name: Gather the package facts
  package_facts:
    manager: auto
  tags:
  - enable_strategy
  - low_complexity
  - low_disruption
  - medium_severity
  - no_reboot_needed
  - package_ufw_installed
- name: XCCDF Value var_network_filtering_service # promote to variable
  set_fact:
    var_network_filtering_service: !!str <xccdf-1.2:sub xmlns:xccdf-1.2="http://checklists.nist.gov/xccdf/1.2" idref="xccdf_org.ssgproject.content_value_var_network_filtering_service" use="legacy"/>
  tags:
    - always

- name: Ensure ufw is installed
  ansible.builtin.package:
    name: ufw
    state: present
  when:
  - '"linux-base" in ansible_facts.packages'
  - var_network_filtering_service is regex("ufw")
  tags:
  - enable_strategy
  - low_complexity
  - low_disruption
  - medium_severity
  - no_reboot_needed
  - package_ufw_installed
</fix>
          <fix xmlns:xhtml="http://www.w3.org/1999/xhtml" id="package_ufw_installed" system="urn:xccdf:fix:script:sh" complexity="low" disruption="low" strategy="enable"># Remediation is applicable only in certain platforms
if dpkg-query --show --showformat='${db:Status-Status}
' 'linux-base' 2&gt;/dev/null | grep -q ^installed; then

var_network_filtering_service='<xccdf-1.2:sub xmlns:xccdf-1.2="http://checklists.nist.gov/xccdf/1.2" idref="xccdf_org.ssgproject.content_value_var_network_filtering_service" use="legacy"/>'



  if [[ "ufw" =~ $var_network_filtering_service ]]; then
    DEBIAN_FRONTEND=noninteractive apt-get install -y "ufw"
  fi

else
    &gt;&amp;2 echo 'Remediation is not applicable, nothing was done'
fi
</fix>
          <check system="http://oval.mitre.org/XMLSchema/oval-definitions-5">
            <check-export export-name="oval:ssg-var_network_filtering_service:var:1" value-id="xccdf_org.ssgproject.content_value_var_network_filtering_service"/>
            <check-content-ref name="oval:ssg-package_ufw_installed:def:1" href="ssg-ubuntu2404-oval.xml"/>
          </check>
          <check system="http://scap.nist.gov/schema/ocil/2">
            <check-content-ref name="ocil:ssg-package_ufw_installed_ocil:questionnaire:1" href="ssg-ubuntu2404-ocil.xml"/>
          </check>
        </Rule>
        <Rule id="xccdf_org.ssgproject.content_rule_package_ufw_removed" selected="false" role="full" severity="medium">
          <title xmlns:xhtml="http://www.w3.org/1999/xhtml" xml:lang="en-US">Remove ufw Package</title>
          <description xmlns:xhtml="http://www.w3.org/1999/xhtml" xml:lang="en-US">The <html:code xmlns:html="http://www.w3.org/1999/xhtml">ufw</html:code> package can be removed with the following command:
<html:pre xmlns:html="http://www.w3.org/1999/xhtml">
$ apt-get remove ufw</html:pre>
       </description>
          <reference href="https://www.cisecurity.org/benchmark/ubuntu_linux/">4.3.2</reference>
          <reference href="https://www.cisecurity.org/benchmark/ubuntu_linux/">4.4.1.3</reference>
          <rationale xmlns:xhtml="http://www.w3.org/1999/xhtml" xml:lang="en-US">Running <html:code xmlns:html="http://www.w3.org/1999/xhtml">iptables.persistent</html:code> with <html:code xmlns:html="http://www.w3.org/1999/xhtml">ufw</html:code> enabled may lead
to conflict and unexpected results.</rationale>
          <platform idref="#system_with_kernel"/>
          <fix xmlns:xhtml="http://www.w3.org/1999/xhtml" id="package_ufw_removed" system="urn:xccdf:fix:script:ansible" complexity="low" disruption="low" strategy="disable">- name: Gather the package facts
  package_facts:
    manager: auto
  tags:
  - disable_strategy
  - low_complexity
  - low_disruption
  - medium_severity
  - no_reboot_needed
  - package_ufw_removed
- name: XCCDF Value var_network_filtering_service # promote to variable
  set_fact:
    var_network_filtering_service: !!str <xccdf-1.2:sub xmlns:xccdf-1.2="http://checklists.nist.gov/xccdf/1.2" idref="xccdf_org.ssgproject.content_value_var_network_filtering_service" use="legacy"/>
  tags:
    - always

- name: Ensure ufw is removed
  ansible.builtin.package:
    name: ufw
    state: absent
  when:
  - '"linux-base" in ansible_facts.packages'
  - var_network_filtering_service != "ufw"
  tags:
  - disable_strategy
  - low_complexity
  - low_disruption
  - medium_severity
  - no_reboot_needed
  - package_ufw_removed
</fix>
          <fix xmlns:xhtml="http://www.w3.org/1999/xhtml" id="package_ufw_removed" system="urn:xccdf:fix:script:sh" complexity="low" disruption="low" strategy="disable"># Remediation is applicable only in certain platforms
if dpkg-query --show --showformat='${db:Status-Status}
' 'linux-base' 2&gt;/dev/null | grep -q ^installed; then

# CAUTION: This remediation script will remove ufw
#	   from the system, and may remove any packages
#	   that depend on ufw. Execute this
#	   remediation AFTER testing on a non-production
#	   system!

var_network_filtering_service='<xccdf-1.2:sub xmlns:xccdf-1.2="http://checklists.nist.gov/xccdf/1.2" idref="xccdf_org.ssgproject.content_value_var_network_filtering_service" use="legacy"/>'



  if [ $var_network_filtering_service != ufw ]; then
    DEBIAN_FRONTEND=noninteractive apt-get remove -y "ufw"
  fi

else
    &gt;&amp;2 echo 'Remediation is not applicable, nothing was done'
fi
</fix>
          <check system="http://oval.mitre.org/XMLSchema/oval-definitions-5">
            <check-export export-name="oval:ssg-var_network_filtering_service:var:1" value-id="xccdf_org.ssgproject.content_value_var_network_filtering_service"/>
            <check-content-ref name="oval:ssg-package_ufw_removed:def:1" href="ssg-ubuntu2404-oval.xml"/>
          </check>
          <check system="http://scap.nist.gov/schema/ocil/2">
            <check-content-ref name="ocil:ssg-package_ufw_removed_ocil:questionnaire:1" href="ssg-ubuntu2404-ocil.xml"/>
          </check>
        </Rule>
        <Rule id="xccdf_org.ssgproject.content_rule_service_ufw_enabled" selected="false" role="full" severity="medium">
          <title xmlns:xhtml="http://www.w3.org/1999/xhtml" xml:lang="en-US">Verify ufw Enabled</title>
          <description xmlns:xhtml="http://www.w3.org/1999/xhtml" xml:lang="en-US">
The <html:code xmlns:html="http://www.w3.org/1999/xhtml">ufw</html:code> service can be enabled with the following command:
<html:pre xmlns:html="http://www.w3.org/1999/xhtml">$ sudo systemctl enable ufw.service</html:pre>
       </description>
          <reference href="https://public.cyber.mil/stigs/cci/">CCI-002314</reference>
          <reference href="https://public.cyber.mil/stigs/downloads/?_dl_facet_stigs=operating-systems%2Cgeneral-purpose-os">SRG-OS-000297-GPOS-00115</reference>
          <reference href="https://www.cisecurity.org/benchmark/ubuntu_linux/">4.2.3</reference>
          <rationale xmlns:xhtml="http://www.w3.org/1999/xhtml" xml:lang="en-US">The ufw service must be enabled and running in order for ufw to protect the system</rationale>
          <platform idref="#package_ufw_and_system_with_kernel"/>
          <fix xmlns:xhtml="http://www.w3.org/1999/xhtml" id="service_ufw_enabled" system="urn:xccdf:fix:script:ansible" complexity="low" disruption="low" strategy="enable">- name: Gather the package facts
  package_facts:
    manager: auto
  tags:
  - enable_strategy
  - low_complexity
  - low_disruption
  - medium_severity
  - no_reboot_needed
  - service_ufw_enabled
- name: XCCDF Value var_network_filtering_service # promote to variable
  set_fact:
    var_network_filtering_service: !!str <xccdf-1.2:sub xmlns:xccdf-1.2="http://checklists.nist.gov/xccdf/1.2" idref="xccdf_org.ssgproject.content_value_var_network_filtering_service" use="legacy"/>
  tags:
    - always

- name: Enable service ufw
  block:

  - name: Gather the package facts
    package_facts:
      manager: auto

  - name: Enable service ufw
    ansible.builtin.systemd_service:
      name: ufw
      enabled: 'yes'
      state: started
      masked: 'no'
    when:
    - '"ufw" in ansible_facts.packages'
    - var_network_filtering_service == "ufw"
    - var_network_filtering_service == "ufw"
  when:
  - '"linux-base" in ansible_facts.packages'
  - ( "ufw" in ansible_facts.packages and "linux-base" in ansible_facts.packages )
  tags:
  - enable_strategy
  - low_complexity
  - low_disruption
  - medium_severity
  - no_reboot_needed
  - service_ufw_enabled
</fix>
          <fix xmlns:xhtml="http://www.w3.org/1999/xhtml" id="service_ufw_enabled" system="urn:xccdf:fix:script:sh" complexity="low" disruption="low" strategy="enable"># Remediation is applicable only in certain platforms
if dpkg-query --show --showformat='${db:Status-Status}
' 'linux-base' 2&gt;/dev/null | grep -q ^installed &amp;&amp; { ( dpkg-query --show --showformat='${db:Status-Status}\n' 'ufw' 2&gt;/dev/null | grep -q '^installed' &amp;&amp; dpkg-query --show --showformat='${db:Status-Status}
' 'linux-base' 2&gt;/dev/null | grep -q ^installed ); }; then

var_network_filtering_service='<xccdf-1.2:sub xmlns:xccdf-1.2="http://checklists.nist.gov/xccdf/1.2" idref="xccdf_org.ssgproject.content_value_var_network_filtering_service" use="legacy"/>'


SYSTEMCTL_EXEC='/usr/bin/systemctl'

if [ $var_network_filtering_service == ufw ]; then
  "$SYSTEMCTL_EXEC" unmask 'ufw.service'
  "$SYSTEMCTL_EXEC" start 'ufw.service'
  "$SYSTEMCTL_EXEC" enable 'ufw.service'
fi

else
    &gt;&amp;2 echo 'Remediation is not applicable, nothing was done'
fi
</fix>
          <check system="http://oval.mitre.org/XMLSchema/oval-definitions-5">
            <check-export export-name="oval:ssg-var_network_filtering_service:var:1" value-id="xccdf_org.ssgproject.content_value_var_network_filtering_service"/>
            <check-content-ref name="oval:ssg-service_ufw_enabled:def:1" href="ssg-ubuntu2404-oval.xml"/>
          </check>
          <check system="http://scap.nist.gov/schema/ocil/2">
            <check-content-ref name="ocil:ssg-service_ufw_enabled_ocil:questionnaire:1" href="ssg-ubuntu2404-ocil.xml"/>
          </check>
        </Rule>
        <Rule id="xccdf_org.ssgproject.content_rule_check_ufw_active" selected="false" role="full" severity="medium">
          <title xmlns:xhtml="http://www.w3.org/1999/xhtml" xml:lang="en-US">Verify ufw Active</title>
          <description xmlns:xhtml="http://www.w3.org/1999/xhtml" xml:lang="en-US">Verify the ufw is enabled on the system with the following command:
<html:pre xmlns:html="http://www.w3.org/1999/xhtml"># sudo ufw status</html:pre>
If the above command returns the status as "inactive" or any type of error, this is a finding.</description>
          <reference href="https://public.cyber.mil/stigs/cci/">CCI-002314</reference>
          <reference href="https://www.cisecurity.org/benchmark/ubuntu_linux/">4.2.3</reference>
          <rationale xmlns:xhtml="http://www.w3.org/1999/xhtml" xml:lang="en-US">Remote access services, such as those providing remote access to network devices and information systems, 
which lack automated control capabilities, increase risk and make remote user access management difficult at best.  
Remote access is access to DOD nonpublic information systems by an authorized user (or an information system) communicating 
through an external, nonorganization-controlled network. Remote access methods include, for example, dial-up, broadband, and wireless.  
Ubuntu 22.04 LTS functionality (e.g., RDP) must be capable of taking enforcement action if the audit reveals unauthorized activity. 
Automated control of remote access sessions allows organizations to ensure ongoing compliance with remote access policies by 
enforcing connection rules of remote access applications on a variety of information system components.</rationale>
          <platform idref="#package_ufw_and_system_with_kernel"/>
        </Rule>
        <Rule id="xccdf_org.ssgproject.content_rule_set_ufw_default_rule" selected="false" role="full" severity="medium">
          <title xmlns:xhtml="http://www.w3.org/1999/xhtml" xml:lang="en-US">Ensure ufw Default Deny Firewall Policy</title>
          <description xmlns:xhtml="http://www.w3.org/1999/xhtml" xml:lang="en-US">A default deny policy on connections ensures that any unconfigured
network usage will be rejected.

Note: Any port or protocol without a explicit allow before the default
deny will be blocked.</description>
          <warning xmlns:xhtml="http://www.w3.org/1999/xhtml" xml:lang="en-US" category="general">Changing firewall settings while connected over network can
result in being locked out of the system.</warning>
          <reference href="https://www.cisecurity.org/benchmark/ubuntu_linux/">4.2.7</reference>
          <rationale xmlns:xhtml="http://www.w3.org/1999/xhtml" xml:lang="en-US">With a default accept policy the firewall will accept any packet that
is not configured to be denied. It is easier to allow acceptable
usage than to block unacceptable usage.</rationale>
          <platform idref="#package_ufw"/>
          <check system="http://scap.nist.gov/schema/ocil/2">
            <check-content-ref name="ocil:ssg-set_ufw_default_rule_ocil:questionnaire:1" href="ssg-ubuntu2404-ocil.xml"/>
          </check>
        </Rule>
        <Rule id="xccdf_org.ssgproject.content_rule_set_ufw_loopback_traffic" selected="false" role="full" severity="medium">
          <title xmlns:xhtml="http://www.w3.org/1999/xhtml" xml:lang="en-US">Set UFW Loopback Traffic</title>
          <description xmlns:xhtml="http://www.w3.org/1999/xhtml" xml:lang="en-US">Configure the loopback interface to accept traffic.
Configure all other interfaces to deny traffic to the loopback
network.</description>
          <warning xmlns:xhtml="http://www.w3.org/1999/xhtml" xml:lang="en-US" category="general">Changing firewall settings while connected over network can
result in being locked out of the system.</warning>
          <reference href="https://www.cisecurity.org/benchmark/ubuntu_linux/">4.2.4</reference>
          <rationale xmlns:xhtml="http://www.w3.org/1999/xhtml" xml:lang="en-US">Loopback traffic is generated between processes on machine and is
typically critical to operation of the system. The loopback interface
is the only place that loopback network traffic should be seen, all
other interfaces should ignore traffic on this network as an
anti-spoofing measure.</rationale>
          <platform idref="#package_ufw"/>
          <fix xmlns:xhtml="http://www.w3.org/1999/xhtml" id="set_ufw_loopback_traffic" system="urn:xccdf:fix:script:sh"># Remediation is applicable only in certain platforms
if dpkg-query --show --showformat='${db:Status-Status}
' 'linux-base' 2&gt;/dev/null | grep -q ^installed &amp;&amp; { dpkg-query --show --showformat='${db:Status-Status}\n' 'ufw' 2&gt;/dev/null | grep -q '^installed'; }; then

ufw allow in on lo
ufw allow out on lo
ufw deny in from 127.0.0.0/8
ufw deny in from ::1

else
    &gt;&amp;2 echo 'Remediation is not applicable, nothing was done'
fi
</fix>
          <check system="http://scap.nist.gov/schema/ocil/2">
            <check-content-ref name="ocil:ssg-set_ufw_loopback_traffic_ocil:questionnaire:1" href="ssg-ubuntu2404-ocil.xml"/>
          </check>
        </Rule>
        <Rule id="xccdf_org.ssgproject.content_rule_ufw_rules_for_open_ports" selected="false" role="full" severity="medium">
          <title xmlns:xhtml="http://www.w3.org/1999/xhtml" xml:lang="en-US">Ensure ufw Firewall Rules Exist for All Open Ports</title>
          <description xmlns:xhtml="http://www.w3.org/1999/xhtml" xml:lang="en-US">Any ports that have been opened on non-loopback addresses
need firewall rules to govern traffic.</description>
          <warning xmlns:xhtml="http://www.w3.org/1999/xhtml" xml:lang="en-US" category="general">Changing firewall settings while connected over network can
result in being locked out of the system.</warning>
          <reference href="https://www.cisecurity.org/benchmark/ubuntu_linux/">4.2.6</reference>
          <rationale xmlns:xhtml="http://www.w3.org/1999/xhtml" xml:lang="en-US">Without a firewall rule configured for open ports default
firewall policy will drop all packets to these ports.</rationale>
          <platform idref="#package_ufw"/>
          <check system="http://scap.nist.gov/schema/ocil/2">
            <check-content-ref name="ocil:ssg-ufw_rules_for_open_ports_ocil:questionnaire:1" href="ssg-ubuntu2404-ocil.xml"/>
          </check>
        </Rule>
      </Group>
      <Group id="xccdf_org.ssgproject.content_group_network-uncommon">
        <title xmlns:xhtml="http://www.w3.org/1999/xhtml" xml:lang="en-US">Uncommon Network Protocols</title>
        <description xmlns:xhtml="http://www.w3.org/1999/xhtml" xml:lang="en-US">The system includes support for several network protocols which are not commonly used.
Although security vulnerabilities in kernel networking code are not frequently discovered,
the consequences can be dramatic. Ensuring uncommon network protocols are disabled
reduces the system's risk to attacks targeted at its implementation of those protocols.</description>
        <warning xmlns:xhtml="http://www.w3.org/1999/xhtml" xml:lang="en-US" category="general">Although these protocols are not commonly used, avoid disruption
in your network environment by ensuring they are not needed
prior to disabling them.</warning>
        <platform idref="#system_with_kernel"/>
        <Rule id="xccdf_org.ssgproject.content_rule_kernel_module_dccp_disabled" selected="false" role="full" severity="medium">
          <title xmlns:xhtml="http://www.w3.org/1999/xhtml" xml:lang="en-US">Disable DCCP Support</title>
          <description xmlns:xhtml="http://www.w3.org/1999/xhtml" xml:lang="en-US">The Datagram Congestion Control Protocol (DCCP) is a
relatively new transport layer protocol, designed to support
streaming media and telephony.

To configure the system to prevent the <html:code xmlns:html="http://www.w3.org/1999/xhtml">dccp</html:code>
kernel module from being loaded, add the following line to the file <html:code xmlns:html="http://www.w3.org/1999/xhtml">/etc/modprobe.d/dccp.conf</html:code>:
<html:pre xmlns:html="http://www.w3.org/1999/xhtml">install dccp /bin/false</html:pre>
       </description>
          <reference href="https://www.cisecurity.org/controls/">11</reference>
          <reference href="https://www.cisecurity.org/controls/">14</reference>
          <reference href="https://www.cisecurity.org/controls/">3</reference>
          <reference href="https://www.cisecurity.org/controls/">9</reference>
          <reference href="https://www.fbi.gov/file-repository/cjis-security-policy-v5_5_20160601-2-1.pdf">5.10.1</reference>
          <reference href="https://www.isaca.org/resources/cobit">BAI10.01</reference>
          <reference href="https://www.isaca.org/resources/cobit">BAI10.02</reference>
          <reference href="https://www.isaca.org/resources/cobit">BAI10.03</reference>
          <reference href="https://www.isaca.org/resources/cobit">BAI10.05</reference>
          <reference href="https://www.isaca.org/resources/cobit">DSS05.02</reference>
          <reference href="https://www.isaca.org/resources/cobit">DSS05.05</reference>
          <reference href="https://www.isaca.org/resources/cobit">DSS06.06</reference>
          <reference href="http://nvlpubs.nist.gov/nistpubs/SpecialPublications/NIST.SP.800-171.pdf">3.4.6</reference>
          <reference href="https://public.cyber.mil/stigs/cci/">CCI-001958</reference>
          <reference href="https://www.isa.org/products/isa-62443-2-1-2009-security-for-industrial-automat">4.3.3.5.1</reference>
          <reference href="https://www.isa.org/products/isa-62443-2-1-2009-security-for-industrial-automat">4.3.3.5.2</reference>
          <reference href="https://www.isa.org/products/isa-62443-2-1-2009-security-for-industrial-automat">4.3.3.5.3</reference>
          <reference href="https://www.isa.org/products/isa-62443-2-1-2009-security-for-industrial-automat">4.3.3.5.4</reference>
          <reference href="https://www.isa.org/products/isa-62443-2-1-2009-security-for-industrial-automat">4.3.3.5.5</reference>
          <reference href="https://www.isa.org/products/isa-62443-2-1-2009-security-for-industrial-automat">4.3.3.5.6</reference>
          <reference href="https://www.isa.org/products/isa-62443-2-1-2009-security-for-industrial-automat">4.3.3.5.7</reference>
          <reference href="https://www.isa.org/products/isa-62443-2-1-2009-security-for-industrial-automat">4.3.3.5.8</reference>
          <reference href="https://www.isa.org/products/isa-62443-2-1-2009-security-for-industrial-automat">4.3.3.6.1</reference>
          <reference href="https://www.isa.org/products/isa-62443-2-1-2009-security-for-industrial-automat">4.3.3.6.2</reference>
          <reference href="https://www.isa.org/products/isa-62443-2-1-2009-security-for-industrial-automat">4.3.3.6.3</reference>
          <reference href="https://www.isa.org/products/isa-62443-2-1-2009-security-for-industrial-automat">4.3.3.6.4</reference>
          <reference href="https://www.isa.org/products/isa-62443-2-1-2009-security-for-industrial-automat">4.3.3.6.5</reference>
          <reference href="https://www.isa.org/products/isa-62443-2-1-2009-security-for-industrial-automat">4.3.3.6.6</reference>
          <reference href="https://www.isa.org/products/isa-62443-2-1-2009-security-for-industrial-automat">4.3.3.6.7</reference>
          <reference href="https://www.isa.org/products/isa-62443-2-1-2009-security-for-industrial-automat">4.3.3.6.8</reference>
          <reference href="https://www.isa.org/products/isa-62443-2-1-2009-security-for-industrial-automat">4.3.3.6.9</reference>
          <reference href="https://www.isa.org/products/isa-62443-2-1-2009-security-for-industrial-automat">4.3.3.7.1</reference>
          <reference href="https://www.isa.org/products/isa-62443-2-1-2009-security-for-industrial-automat">4.3.3.7.2</reference>
          <reference href="https://www.isa.org/products/isa-62443-2-1-2009-security-for-industrial-automat">4.3.3.7.3</reference>
          <reference href="https://www.isa.org/products/isa-62443-2-1-2009-security-for-industrial-automat">4.3.3.7.4</reference>
          <reference href="https://www.isa.org/products/isa-62443-2-1-2009-security-for-industrial-automat">4.3.4.3.2</reference>
          <reference href="https://www.isa.org/products/isa-62443-2-1-2009-security-for-industrial-automat">4.3.4.3.3</reference>
          <reference href="https://www.isa.org/products/ansi-isa-62443-3-3-99-03-03-2013-security-for-indu">SR 1.1</reference>
          <reference href="https://www.isa.org/products/ansi-isa-62443-3-3-99-03-03-2013-security-for-indu">SR 1.10</reference>
          <reference href="https://www.isa.org/products/ansi-isa-62443-3-3-99-03-03-2013-security-for-indu">SR 1.11</reference>
          <reference href="https://www.isa.org/products/ansi-isa-62443-3-3-99-03-03-2013-security-for-indu">SR 1.12</reference>
          <reference href="https://www.isa.org/products/ansi-isa-62443-3-3-99-03-03-2013-security-for-indu">SR 1.13</reference>
          <reference href="https://www.isa.org/products/ansi-isa-62443-3-3-99-03-03-2013-security-for-indu">SR 1.2</reference>
          <reference href="https://www.isa.org/products/ansi-isa-62443-3-3-99-03-03-2013-security-for-indu">SR 1.3</reference>
          <reference href="https://www.isa.org/products/ansi-isa-62443-3-3-99-03-03-2013-security-for-indu">SR 1.4</reference>
          <reference href="https://www.isa.org/products/ansi-isa-62443-3-3-99-03-03-2013-security-for-indu">SR 1.5</reference>
          <reference href="https://www.isa.org/products/ansi-isa-62443-3-3-99-03-03-2013-security-for-indu">SR 1.6</reference>
          <reference href="https://www.isa.org/products/ansi-isa-62443-3-3-99-03-03-2013-security-for-indu">SR 1.7</reference>
          <reference href="https://www.isa.org/products/ansi-isa-62443-3-3-99-03-03-2013-security-for-indu">SR 1.8</reference>
          <reference href="https://www.isa.org/products/ansi-isa-62443-3-3-99-03-03-2013-security-for-indu">SR 1.9</reference>
          <reference href="https://www.isa.org/products/ansi-isa-62443-3-3-99-03-03-2013-security-for-indu">SR 2.1</reference>
          <reference href="https://www.isa.org/products/ansi-isa-62443-3-3-99-03-03-2013-security-for-indu">SR 2.2</reference>
          <reference href="https://www.isa.org/products/ansi-isa-62443-3-3-99-03-03-2013-security-for-indu">SR 2.3</reference>
          <reference href="https://www.isa.org/products/ansi-isa-62443-3-3-99-03-03-2013-security-for-indu">SR 2.4</reference>
          <reference href="https://www.isa.org/products/ansi-isa-62443-3-3-99-03-03-2013-security-for-indu">SR 2.5</reference>
          <reference href="https://www.isa.org/products/ansi-isa-62443-3-3-99-03-03-2013-security-for-indu">SR 2.6</reference>
          <reference href="https://www.isa.org/products/ansi-isa-62443-3-3-99-03-03-2013-security-for-indu">SR 2.7</reference>
          <reference href="https://www.isa.org/products/ansi-isa-62443-3-3-99-03-03-2013-security-for-indu">SR 7.6</reference>
          <reference href="https://www.iso.org/contents/data/standard/05/45/54534.html">A.12.1.2</reference>
          <reference href="https://www.iso.org/contents/data/standard/05/45/54534.html">A.12.5.1</reference>
          <reference href="https://www.iso.org/contents/data/standard/05/45/54534.html">A.12.6.2</reference>
          <reference href="https://www.iso.org/contents/data/standard/05/45/54534.html">A.14.2.2</reference>
          <reference href="https://www.iso.org/contents/data/standard/05/45/54534.html">A.14.2.3</reference>
          <reference href="https://www.iso.org/contents/data/standard/05/45/54534.html">A.14.2.4</reference>
          <reference href="https://www.iso.org/contents/data/standard/05/45/54534.html">A.9.1.2</reference>
          <reference href="http://nvlpubs.nist.gov/nistpubs/SpecialPublications/NIST.SP.800-53r4.pdf">CM-7(a)</reference>
          <reference href="http://nvlpubs.nist.gov/nistpubs/SpecialPublications/NIST.SP.800-53r4.pdf">CM-7(b)</reference>
          <reference href="http://nvlpubs.nist.gov/nistpubs/SpecialPublications/NIST.SP.800-53r4.pdf">CM-6(a)</reference>
          <reference href="https://nvlpubs.nist.gov/nistpubs/CSWP/NIST.CSWP.04162018.pdf">PR.IP-1</reference>
          <reference href="https://nvlpubs.nist.gov/nistpubs/CSWP/NIST.CSWP.04162018.pdf">PR.PT-3</reference>
          <reference href="https://www.pcisecuritystandards.org/documents/PCI_DSS_v3-2-1.pdf">Req-1.4.2</reference>
          <reference href="https://public.cyber.mil/stigs/downloads/?_dl_facet_stigs=operating-systems%2Cgeneral-purpose-os">SRG-OS-000096-GPOS-00050</reference>
          <reference href="https://public.cyber.mil/stigs/downloads/?_dl_facet_stigs=operating-systems%2Cgeneral-purpose-os">SRG-OS-000378-GPOS-00163</reference>
          <reference href="https://www.cisecurity.org/benchmark/ubuntu_linux/">3.2.1</reference>
          <reference href="https://docs-prv.pcisecuritystandards.org/PCI%20DSS/Standard/PCI-DSS-v4_0.pdf">1.4.2</reference>
          <reference href="https://docs-prv.pcisecuritystandards.org/PCI%20DSS/Standard/PCI-DSS-v4_0.pdf">1.4</reference>
          <rationale xmlns:xhtml="http://www.w3.org/1999/xhtml" xml:lang="en-US">Disabling DCCP protects
the system against exploitation of any flaws in its implementation.</rationale>
          <fix xmlns:xhtml="http://www.w3.org/1999/xhtml" id="kernel_module_dccp_disabled" system="urn:xccdf:fix:script:ansible" reboot="true" complexity="low" disruption="medium" strategy="disable">- name: Gather the package facts
  package_facts:
    manager: auto
  tags:
  - CJIS-5.10.1
  - NIST-800-171-3.4.6
  - NIST-800-53-CM-6(a)
  - NIST-800-53-CM-7(a)
  - NIST-800-53-CM-7(b)
  - PCI-DSS-Req-1.4.2
  - PCI-DSSv4-1.4
  - PCI-DSSv4-1.4.2
  - disable_strategy
  - kernel_module_dccp_disabled
  - low_complexity
  - medium_disruption
  - medium_severity
  - reboot_required

- name: Ensure kernel module 'dccp' is disabled
  lineinfile:
    create: true
    dest: /etc/modprobe.d/dccp.conf
    regexp: install\s+dccp
    line: install dccp /bin/false
  when: '"linux-base" in ansible_facts.packages'
  tags:
  - CJIS-5.10.1
  - NIST-800-171-3.4.6
  - NIST-800-53-CM-6(a)
  - NIST-800-53-CM-7(a)
  - NIST-800-53-CM-7(b)
  - PCI-DSS-Req-1.4.2
  - PCI-DSSv4-1.4
  - PCI-DSSv4-1.4.2
  - disable_strategy
  - kernel_module_dccp_disabled
  - low_complexity
  - medium_disruption
  - medium_severity
  - reboot_required

- name: Ensure kernel module 'dccp' is blacklisted
  lineinfile:
    create: true
    dest: /etc/modprobe.d/dccp.conf
    regexp: ^blacklist dccp$
    line: blacklist dccp
  when: '"linux-base" in ansible_facts.packages'
  tags:
  - CJIS-5.10.1
  - NIST-800-171-3.4.6
  - NIST-800-53-CM-6(a)
  - NIST-800-53-CM-7(a)
  - NIST-800-53-CM-7(b)
  - PCI-DSS-Req-1.4.2
  - PCI-DSSv4-1.4
  - PCI-DSSv4-1.4.2
  - disable_strategy
  - kernel_module_dccp_disabled
  - low_complexity
  - medium_disruption
  - medium_severity
  - reboot_required
</fix>
          <fix xmlns:xhtml="http://www.w3.org/1999/xhtml" id="kernel_module_dccp_disabled" system="urn:xccdf:fix:script:sh" reboot="true" complexity="low" disruption="medium" strategy="disable"># Remediation is applicable only in certain platforms
if dpkg-query --show --showformat='${db:Status-Status}
' 'linux-base' 2&gt;/dev/null | grep -q ^installed; then

if LC_ALL=C grep -q -m 1 "^install dccp" /etc/modprobe.d/dccp.conf ; then
	
	sed -i 's#^install dccp.*#install dccp /bin/false#g' /etc/modprobe.d/dccp.conf
else
	echo -e "\n# Disable per security requirements" &gt;&gt; /etc/modprobe.d/dccp.conf
	echo "install dccp /bin/false" &gt;&gt; /etc/modprobe.d/dccp.conf
fi

if ! LC_ALL=C grep -q -m 1 "^blacklist dccp$" /etc/modprobe.d/dccp.conf ; then
	echo "blacklist dccp" &gt;&gt; /etc/modprobe.d/dccp.conf
fi

else
    &gt;&amp;2 echo 'Remediation is not applicable, nothing was done'
fi
</fix>
          <check system="http://oval.mitre.org/XMLSchema/oval-definitions-5">
            <check-content-ref name="oval:ssg-kernel_module_dccp_disabled:def:1" href="ssg-ubuntu2404-oval.xml"/>
          </check>
          <check system="http://scap.nist.gov/schema/ocil/2">
            <check-content-ref name="ocil:ssg-kernel_module_dccp_disabled_ocil:questionnaire:1" href="ssg-ubuntu2404-ocil.xml"/>
          </check>
        </Rule>
        <Rule id="xccdf_org.ssgproject.content_rule_kernel_module_rds_disabled" selected="false" role="full" severity="low">
          <title xmlns:xhtml="http://www.w3.org/1999/xhtml" xml:lang="en-US">Disable RDS Support</title>
          <description xmlns:xhtml="http://www.w3.org/1999/xhtml" xml:lang="en-US">The Reliable Datagram Sockets (RDS) protocol is a transport
layer protocol designed to provide reliable high-bandwidth,
low-latency communications between nodes in a cluster.

To configure the system to prevent the <html:code xmlns:html="http://www.w3.org/1999/xhtml">rds</html:code>
kernel module from being loaded, add the following line to the file <html:code xmlns:html="http://www.w3.org/1999/xhtml">/etc/modprobe.d/rds.conf</html:code>:
<html:pre xmlns:html="http://www.w3.org/1999/xhtml">install rds /bin/false</html:pre>
       </description>
          <reference href="https://www.cisecurity.org/controls/">11</reference>
          <reference href="https://www.cisecurity.org/controls/">14</reference>
          <reference href="https://www.cisecurity.org/controls/">3</reference>
          <reference href="https://www.cisecurity.org/controls/">9</reference>
          <reference href="https://www.isaca.org/resources/cobit">BAI10.01</reference>
          <reference href="https://www.isaca.org/resources/cobit">BAI10.02</reference>
          <reference href="https://www.isaca.org/resources/cobit">BAI10.03</reference>
          <reference href="https://www.isaca.org/resources/cobit">BAI10.05</reference>
          <reference href="https://www.isaca.org/resources/cobit">DSS05.02</reference>
          <reference href="https://www.isaca.org/resources/cobit">DSS05.05</reference>
          <reference href="https://www.isaca.org/resources/cobit">DSS06.06</reference>
          <reference href="https://www.isa.org/products/isa-62443-2-1-2009-security-for-industrial-automat">4.3.3.5.1</reference>
          <reference href="https://www.isa.org/products/isa-62443-2-1-2009-security-for-industrial-automat">4.3.3.5.2</reference>
          <reference href="https://www.isa.org/products/isa-62443-2-1-2009-security-for-industrial-automat">4.3.3.5.3</reference>
          <reference href="https://www.isa.org/products/isa-62443-2-1-2009-security-for-industrial-automat">4.3.3.5.4</reference>
          <reference href="https://www.isa.org/products/isa-62443-2-1-2009-security-for-industrial-automat">4.3.3.5.5</reference>
          <reference href="https://www.isa.org/products/isa-62443-2-1-2009-security-for-industrial-automat">4.3.3.5.6</reference>
          <reference href="https://www.isa.org/products/isa-62443-2-1-2009-security-for-industrial-automat">4.3.3.5.7</reference>
          <reference href="https://www.isa.org/products/isa-62443-2-1-2009-security-for-industrial-automat">4.3.3.5.8</reference>
          <reference href="https://www.isa.org/products/isa-62443-2-1-2009-security-for-industrial-automat">4.3.3.6.1</reference>
          <reference href="https://www.isa.org/products/isa-62443-2-1-2009-security-for-industrial-automat">4.3.3.6.2</reference>
          <reference href="https://www.isa.org/products/isa-62443-2-1-2009-security-for-industrial-automat">4.3.3.6.3</reference>
          <reference href="https://www.isa.org/products/isa-62443-2-1-2009-security-for-industrial-automat">4.3.3.6.4</reference>
          <reference href="https://www.isa.org/products/isa-62443-2-1-2009-security-for-industrial-automat">4.3.3.6.5</reference>
          <reference href="https://www.isa.org/products/isa-62443-2-1-2009-security-for-industrial-automat">4.3.3.6.6</reference>
          <reference href="https://www.isa.org/products/isa-62443-2-1-2009-security-for-industrial-automat">4.3.3.6.7</reference>
          <reference href="https://www.isa.org/products/isa-62443-2-1-2009-security-for-industrial-automat">4.3.3.6.8</reference>
          <reference href="https://www.isa.org/products/isa-62443-2-1-2009-security-for-industrial-automat">4.3.3.6.9</reference>
          <reference href="https://www.isa.org/products/isa-62443-2-1-2009-security-for-industrial-automat">4.3.3.7.1</reference>
          <reference href="https://www.isa.org/products/isa-62443-2-1-2009-security-for-industrial-automat">4.3.3.7.2</reference>
          <reference href="https://www.isa.org/products/isa-62443-2-1-2009-security-for-industrial-automat">4.3.3.7.3</reference>
          <reference href="https://www.isa.org/products/isa-62443-2-1-2009-security-for-industrial-automat">4.3.3.7.4</reference>
          <reference href="https://www.isa.org/products/isa-62443-2-1-2009-security-for-industrial-automat">4.3.4.3.2</reference>
          <reference href="https://www.isa.org/products/isa-62443-2-1-2009-security-for-industrial-automat">4.3.4.3.3</reference>
          <reference href="https://www.isa.org/products/ansi-isa-62443-3-3-99-03-03-2013-security-for-indu">SR 1.1</reference>
          <reference href="https://www.isa.org/products/ansi-isa-62443-3-3-99-03-03-2013-security-for-indu">SR 1.10</reference>
          <reference href="https://www.isa.org/products/ansi-isa-62443-3-3-99-03-03-2013-security-for-indu">SR 1.11</reference>
          <reference href="https://www.isa.org/products/ansi-isa-62443-3-3-99-03-03-2013-security-for-indu">SR 1.12</reference>
          <reference href="https://www.isa.org/products/ansi-isa-62443-3-3-99-03-03-2013-security-for-indu">SR 1.13</reference>
          <reference href="https://www.isa.org/products/ansi-isa-62443-3-3-99-03-03-2013-security-for-indu">SR 1.2</reference>
          <reference href="https://www.isa.org/products/ansi-isa-62443-3-3-99-03-03-2013-security-for-indu">SR 1.3</reference>
          <reference href="https://www.isa.org/products/ansi-isa-62443-3-3-99-03-03-2013-security-for-indu">SR 1.4</reference>
          <reference href="https://www.isa.org/products/ansi-isa-62443-3-3-99-03-03-2013-security-for-indu">SR 1.5</reference>
          <reference href="https://www.isa.org/products/ansi-isa-62443-3-3-99-03-03-2013-security-for-indu">SR 1.6</reference>
          <reference href="https://www.isa.org/products/ansi-isa-62443-3-3-99-03-03-2013-security-for-indu">SR 1.7</reference>
          <reference href="https://www.isa.org/products/ansi-isa-62443-3-3-99-03-03-2013-security-for-indu">SR 1.8</reference>
          <reference href="https://www.isa.org/products/ansi-isa-62443-3-3-99-03-03-2013-security-for-indu">SR 1.9</reference>
          <reference href="https://www.isa.org/products/ansi-isa-62443-3-3-99-03-03-2013-security-for-indu">SR 2.1</reference>
          <reference href="https://www.isa.org/products/ansi-isa-62443-3-3-99-03-03-2013-security-for-indu">SR 2.2</reference>
          <reference href="https://www.isa.org/products/ansi-isa-62443-3-3-99-03-03-2013-security-for-indu">SR 2.3</reference>
          <reference href="https://www.isa.org/products/ansi-isa-62443-3-3-99-03-03-2013-security-for-indu">SR 2.4</reference>
          <reference href="https://www.isa.org/products/ansi-isa-62443-3-3-99-03-03-2013-security-for-indu">SR 2.5</reference>
          <reference href="https://www.isa.org/products/ansi-isa-62443-3-3-99-03-03-2013-security-for-indu">SR 2.6</reference>
          <reference href="https://www.isa.org/products/ansi-isa-62443-3-3-99-03-03-2013-security-for-indu">SR 2.7</reference>
          <reference href="https://www.isa.org/products/ansi-isa-62443-3-3-99-03-03-2013-security-for-indu">SR 7.6</reference>
          <reference href="https://www.iso.org/contents/data/standard/05/45/54534.html">A.12.1.2</reference>
          <reference href="https://www.iso.org/contents/data/standard/05/45/54534.html">A.12.5.1</reference>
          <reference href="https://www.iso.org/contents/data/standard/05/45/54534.html">A.12.6.2</reference>
          <reference href="https://www.iso.org/contents/data/standard/05/45/54534.html">A.14.2.2</reference>
          <reference href="https://www.iso.org/contents/data/standard/05/45/54534.html">A.14.2.3</reference>
          <reference href="https://www.iso.org/contents/data/standard/05/45/54534.html">A.14.2.4</reference>
          <reference href="https://www.iso.org/contents/data/standard/05/45/54534.html">A.9.1.2</reference>
          <reference href="http://nvlpubs.nist.gov/nistpubs/SpecialPublications/NIST.SP.800-53r4.pdf">CM-7(a)</reference>
          <reference href="http://nvlpubs.nist.gov/nistpubs/SpecialPublications/NIST.SP.800-53r4.pdf">CM-7(b)</reference>
          <reference href="http://nvlpubs.nist.gov/nistpubs/SpecialPublications/NIST.SP.800-53r4.pdf">CM-6(a)</reference>
          <reference href="https://nvlpubs.nist.gov/nistpubs/CSWP/NIST.CSWP.04162018.pdf">PR.IP-1</reference>
          <reference href="https://nvlpubs.nist.gov/nistpubs/CSWP/NIST.CSWP.04162018.pdf">PR.PT-3</reference>
          <reference href="https://www.cisecurity.org/benchmark/ubuntu_linux/">3.2.3</reference>
          <rationale xmlns:xhtml="http://www.w3.org/1999/xhtml" xml:lang="en-US">Disabling RDS protects
the system against exploitation of any flaws in its implementation.</rationale>
          <fix xmlns:xhtml="http://www.w3.org/1999/xhtml" id="kernel_module_rds_disabled" system="urn:xccdf:fix:script:ansible" reboot="true" complexity="low" disruption="medium" strategy="disable">- name: Gather the package facts
  package_facts:
    manager: auto
  tags:
  - NIST-800-53-CM-6(a)
  - NIST-800-53-CM-7(a)
  - NIST-800-53-CM-7(b)
  - disable_strategy
  - kernel_module_rds_disabled
  - low_complexity
  - low_severity
  - medium_disruption
  - reboot_required

- name: Ensure kernel module 'rds' is disabled
  lineinfile:
    create: true
    dest: /etc/modprobe.d/rds.conf
    regexp: install\s+rds
    line: install rds /bin/false
  when: '"linux-base" in ansible_facts.packages'
  tags:
  - NIST-800-53-CM-6(a)
  - NIST-800-53-CM-7(a)
  - NIST-800-53-CM-7(b)
  - disable_strategy
  - kernel_module_rds_disabled
  - low_complexity
  - low_severity
  - medium_disruption
  - reboot_required

- name: Ensure kernel module 'rds' is blacklisted
  lineinfile:
    create: true
    dest: /etc/modprobe.d/rds.conf
    regexp: ^blacklist rds$
    line: blacklist rds
  when: '"linux-base" in ansible_facts.packages'
  tags:
  - NIST-800-53-CM-6(a)
  - NIST-800-53-CM-7(a)
  - NIST-800-53-CM-7(b)
  - disable_strategy
  - kernel_module_rds_disabled
  - low_complexity
  - low_severity
  - medium_disruption
  - reboot_required
</fix>
          <fix xmlns:xhtml="http://www.w3.org/1999/xhtml" id="kernel_module_rds_disabled" system="urn:xccdf:fix:script:sh" reboot="true" complexity="low" disruption="medium" strategy="disable"># Remediation is applicable only in certain platforms
if dpkg-query --show --showformat='${db:Status-Status}
' 'linux-base' 2&gt;/dev/null | grep -q ^installed; then

if LC_ALL=C grep -q -m 1 "^install rds" /etc/modprobe.d/rds.conf ; then
	
	sed -i 's#^install rds.*#install rds /bin/false#g' /etc/modprobe.d/rds.conf
else
	echo -e "\n# Disable per security requirements" &gt;&gt; /etc/modprobe.d/rds.conf
	echo "install rds /bin/false" &gt;&gt; /etc/modprobe.d/rds.conf
fi

if ! LC_ALL=C grep -q -m 1 "^blacklist rds$" /etc/modprobe.d/rds.conf ; then
	echo "blacklist rds" &gt;&gt; /etc/modprobe.d/rds.conf
fi

else
    &gt;&amp;2 echo 'Remediation is not applicable, nothing was done'
fi
</fix>
          <check system="http://oval.mitre.org/XMLSchema/oval-definitions-5">
            <check-content-ref name="oval:ssg-kernel_module_rds_disabled:def:1" href="ssg-ubuntu2404-oval.xml"/>
          </check>
          <check system="http://scap.nist.gov/schema/ocil/2">
            <check-content-ref name="ocil:ssg-kernel_module_rds_disabled_ocil:questionnaire:1" href="ssg-ubuntu2404-ocil.xml"/>
          </check>
        </Rule>
        <Rule id="xccdf_org.ssgproject.content_rule_kernel_module_sctp_disabled" selected="false" role="full" severity="medium">
          <title xmlns:xhtml="http://www.w3.org/1999/xhtml" xml:lang="en-US">Disable SCTP Support</title>
          <description xmlns:xhtml="http://www.w3.org/1999/xhtml" xml:lang="en-US">The Stream Control Transmission Protocol (SCTP) is a
transport layer protocol, designed to support the idea of
message-oriented communication, with several streams of messages
within one connection.

To configure the system to prevent the <html:code xmlns:html="http://www.w3.org/1999/xhtml">sctp</html:code>
kernel module from being loaded, add the following line to the file <html:code xmlns:html="http://www.w3.org/1999/xhtml">/etc/modprobe.d/sctp.conf</html:code>:
<html:pre xmlns:html="http://www.w3.org/1999/xhtml">install sctp /bin/false</html:pre>
       </description>
          <reference href="https://www.cisecurity.org/controls/">11</reference>
          <reference href="https://www.cisecurity.org/controls/">14</reference>
          <reference href="https://www.cisecurity.org/controls/">3</reference>
          <reference href="https://www.cisecurity.org/controls/">9</reference>
          <reference href="https://www.fbi.gov/file-repository/cjis-security-policy-v5_5_20160601-2-1.pdf">5.10.1</reference>
          <reference href="https://www.isaca.org/resources/cobit">BAI10.01</reference>
          <reference href="https://www.isaca.org/resources/cobit">BAI10.02</reference>
          <reference href="https://www.isaca.org/resources/cobit">BAI10.03</reference>
          <reference href="https://www.isaca.org/resources/cobit">BAI10.05</reference>
          <reference href="https://www.isaca.org/resources/cobit">DSS05.02</reference>
          <reference href="https://www.isaca.org/resources/cobit">DSS05.05</reference>
          <reference href="https://www.isaca.org/resources/cobit">DSS06.06</reference>
          <reference href="http://nvlpubs.nist.gov/nistpubs/SpecialPublications/NIST.SP.800-171.pdf">3.4.6</reference>
          <reference href="https://public.cyber.mil/stigs/cci/">CCI-000381</reference>
          <reference href="https://www.isa.org/products/isa-62443-2-1-2009-security-for-industrial-automat">4.3.3.5.1</reference>
          <reference href="https://www.isa.org/products/isa-62443-2-1-2009-security-for-industrial-automat">4.3.3.5.2</reference>
          <reference href="https://www.isa.org/products/isa-62443-2-1-2009-security-for-industrial-automat">4.3.3.5.3</reference>
          <reference href="https://www.isa.org/products/isa-62443-2-1-2009-security-for-industrial-automat">4.3.3.5.4</reference>
          <reference href="https://www.isa.org/products/isa-62443-2-1-2009-security-for-industrial-automat">4.3.3.5.5</reference>
          <reference href="https://www.isa.org/products/isa-62443-2-1-2009-security-for-industrial-automat">4.3.3.5.6</reference>
          <reference href="https://www.isa.org/products/isa-62443-2-1-2009-security-for-industrial-automat">4.3.3.5.7</reference>
          <reference href="https://www.isa.org/products/isa-62443-2-1-2009-security-for-industrial-automat">4.3.3.5.8</reference>
          <reference href="https://www.isa.org/products/isa-62443-2-1-2009-security-for-industrial-automat">4.3.3.6.1</reference>
          <reference href="https://www.isa.org/products/isa-62443-2-1-2009-security-for-industrial-automat">4.3.3.6.2</reference>
          <reference href="https://www.isa.org/products/isa-62443-2-1-2009-security-for-industrial-automat">4.3.3.6.3</reference>
          <reference href="https://www.isa.org/products/isa-62443-2-1-2009-security-for-industrial-automat">4.3.3.6.4</reference>
          <reference href="https://www.isa.org/products/isa-62443-2-1-2009-security-for-industrial-automat">4.3.3.6.5</reference>
          <reference href="https://www.isa.org/products/isa-62443-2-1-2009-security-for-industrial-automat">4.3.3.6.6</reference>
          <reference href="https://www.isa.org/products/isa-62443-2-1-2009-security-for-industrial-automat">4.3.3.6.7</reference>
          <reference href="https://www.isa.org/products/isa-62443-2-1-2009-security-for-industrial-automat">4.3.3.6.8</reference>
          <reference href="https://www.isa.org/products/isa-62443-2-1-2009-security-for-industrial-automat">4.3.3.6.9</reference>
          <reference href="https://www.isa.org/products/isa-62443-2-1-2009-security-for-industrial-automat">4.3.3.7.1</reference>
          <reference href="https://www.isa.org/products/isa-62443-2-1-2009-security-for-industrial-automat">4.3.3.7.2</reference>
          <reference href="https://www.isa.org/products/isa-62443-2-1-2009-security-for-industrial-automat">4.3.3.7.3</reference>
          <reference href="https://www.isa.org/products/isa-62443-2-1-2009-security-for-industrial-automat">4.3.3.7.4</reference>
          <reference href="https://www.isa.org/products/isa-62443-2-1-2009-security-for-industrial-automat">4.3.4.3.2</reference>
          <reference href="https://www.isa.org/products/isa-62443-2-1-2009-security-for-industrial-automat">4.3.4.3.3</reference>
          <reference href="https://www.isa.org/products/ansi-isa-62443-3-3-99-03-03-2013-security-for-indu">SR 1.1</reference>
          <reference href="https://www.isa.org/products/ansi-isa-62443-3-3-99-03-03-2013-security-for-indu">SR 1.10</reference>
          <reference href="https://www.isa.org/products/ansi-isa-62443-3-3-99-03-03-2013-security-for-indu">SR 1.11</reference>
          <reference href="https://www.isa.org/products/ansi-isa-62443-3-3-99-03-03-2013-security-for-indu">SR 1.12</reference>
          <reference href="https://www.isa.org/products/ansi-isa-62443-3-3-99-03-03-2013-security-for-indu">SR 1.13</reference>
          <reference href="https://www.isa.org/products/ansi-isa-62443-3-3-99-03-03-2013-security-for-indu">SR 1.2</reference>
          <reference href="https://www.isa.org/products/ansi-isa-62443-3-3-99-03-03-2013-security-for-indu">SR 1.3</reference>
          <reference href="https://www.isa.org/products/ansi-isa-62443-3-3-99-03-03-2013-security-for-indu">SR 1.4</reference>
          <reference href="https://www.isa.org/products/ansi-isa-62443-3-3-99-03-03-2013-security-for-indu">SR 1.5</reference>
          <reference href="https://www.isa.org/products/ansi-isa-62443-3-3-99-03-03-2013-security-for-indu">SR 1.6</reference>
          <reference href="https://www.isa.org/products/ansi-isa-62443-3-3-99-03-03-2013-security-for-indu">SR 1.7</reference>
          <reference href="https://www.isa.org/products/ansi-isa-62443-3-3-99-03-03-2013-security-for-indu">SR 1.8</reference>
          <reference href="https://www.isa.org/products/ansi-isa-62443-3-3-99-03-03-2013-security-for-indu">SR 1.9</reference>
          <reference href="https://www.isa.org/products/ansi-isa-62443-3-3-99-03-03-2013-security-for-indu">SR 2.1</reference>
          <reference href="https://www.isa.org/products/ansi-isa-62443-3-3-99-03-03-2013-security-for-indu">SR 2.2</reference>
          <reference href="https://www.isa.org/products/ansi-isa-62443-3-3-99-03-03-2013-security-for-indu">SR 2.3</reference>
          <reference href="https://www.isa.org/products/ansi-isa-62443-3-3-99-03-03-2013-security-for-indu">SR 2.4</reference>
          <reference href="https://www.isa.org/products/ansi-isa-62443-3-3-99-03-03-2013-security-for-indu">SR 2.5</reference>
          <reference href="https://www.isa.org/products/ansi-isa-62443-3-3-99-03-03-2013-security-for-indu">SR 2.6</reference>
          <reference href="https://www.isa.org/products/ansi-isa-62443-3-3-99-03-03-2013-security-for-indu">SR 2.7</reference>
          <reference href="https://www.isa.org/products/ansi-isa-62443-3-3-99-03-03-2013-security-for-indu">SR 7.6</reference>
          <reference href="https://www.iso.org/contents/data/standard/05/45/54534.html">A.12.1.2</reference>
          <reference href="https://www.iso.org/contents/data/standard/05/45/54534.html">A.12.5.1</reference>
          <reference href="https://www.iso.org/contents/data/standard/05/45/54534.html">A.12.6.2</reference>
          <reference href="https://www.iso.org/contents/data/standard/05/45/54534.html">A.14.2.2</reference>
          <reference href="https://www.iso.org/contents/data/standard/05/45/54534.html">A.14.2.3</reference>
          <reference href="https://www.iso.org/contents/data/standard/05/45/54534.html">A.14.2.4</reference>
          <reference href="https://www.iso.org/contents/data/standard/05/45/54534.html">A.9.1.2</reference>
          <reference href="http://nvlpubs.nist.gov/nistpubs/SpecialPublications/NIST.SP.800-53r4.pdf">CM-7(a)</reference>
          <reference href="http://nvlpubs.nist.gov/nistpubs/SpecialPublications/NIST.SP.800-53r4.pdf">CM-7(b)</reference>
          <reference href="http://nvlpubs.nist.gov/nistpubs/SpecialPublications/NIST.SP.800-53r4.pdf">CM-6(a)</reference>
          <reference href="https://nvlpubs.nist.gov/nistpubs/CSWP/NIST.CSWP.04162018.pdf">PR.IP-1</reference>
          <reference href="https://nvlpubs.nist.gov/nistpubs/CSWP/NIST.CSWP.04162018.pdf">PR.PT-3</reference>
          <reference href="https://www.niap-ccevs.org/Profile/PP.cfm">FMT_SMF_EXT.1</reference>
          <reference href="https://www.pcisecuritystandards.org/documents/PCI_DSS_v3-2-1.pdf">Req-1.4.2</reference>
          <reference href="https://public.cyber.mil/stigs/downloads/?_dl_facet_stigs=operating-systems%2Cgeneral-purpose-os">SRG-OS-000095-GPOS-00049</reference>
          <reference href="https://public.cyber.mil/stigs/downloads/?_dl_facet_stigs=operating-systems%2Cgeneral-purpose-os">SRG-OS-000480-GPOS-00227</reference>
          <reference href="https://www.cisecurity.org/benchmark/ubuntu_linux/">3.2.4</reference>
          <reference href="https://docs-prv.pcisecuritystandards.org/PCI%20DSS/Standard/PCI-DSS-v4_0.pdf">1.4.2</reference>
          <reference href="https://docs-prv.pcisecuritystandards.org/PCI%20DSS/Standard/PCI-DSS-v4_0.pdf">1.4</reference>
          <rationale xmlns:xhtml="http://www.w3.org/1999/xhtml" xml:lang="en-US">Disabling SCTP protects
the system against exploitation of any flaws in its implementation.</rationale>
          <fix xmlns:xhtml="http://www.w3.org/1999/xhtml" id="kernel_module_sctp_disabled" system="urn:xccdf:fix:script:ansible" reboot="true" complexity="low" disruption="medium" strategy="disable">- name: Gather the package facts
  package_facts:
    manager: auto
  tags:
  - CJIS-5.10.1
  - NIST-800-171-3.4.6
  - NIST-800-53-CM-6(a)
  - NIST-800-53-CM-7(a)
  - NIST-800-53-CM-7(b)
  - PCI-DSS-Req-1.4.2
  - PCI-DSSv4-1.4
  - PCI-DSSv4-1.4.2
  - disable_strategy
  - kernel_module_sctp_disabled
  - low_complexity
  - medium_disruption
  - medium_severity
  - reboot_required

- name: Ensure kernel module 'sctp' is disabled
  lineinfile:
    create: true
    dest: /etc/modprobe.d/sctp.conf
    regexp: install\s+sctp
    line: install sctp /bin/false
  when: '"linux-base" in ansible_facts.packages'
  tags:
  - CJIS-5.10.1
  - NIST-800-171-3.4.6
  - NIST-800-53-CM-6(a)
  - NIST-800-53-CM-7(a)
  - NIST-800-53-CM-7(b)
  - PCI-DSS-Req-1.4.2
  - PCI-DSSv4-1.4
  - PCI-DSSv4-1.4.2
  - disable_strategy
  - kernel_module_sctp_disabled
  - low_complexity
  - medium_disruption
  - medium_severity
  - reboot_required

- name: Ensure kernel module 'sctp' is blacklisted
  lineinfile:
    create: true
    dest: /etc/modprobe.d/sctp.conf
    regexp: ^blacklist sctp$
    line: blacklist sctp
  when: '"linux-base" in ansible_facts.packages'
  tags:
  - CJIS-5.10.1
  - NIST-800-171-3.4.6
  - NIST-800-53-CM-6(a)
  - NIST-800-53-CM-7(a)
  - NIST-800-53-CM-7(b)
  - PCI-DSS-Req-1.4.2
  - PCI-DSSv4-1.4
  - PCI-DSSv4-1.4.2
  - disable_strategy
  - kernel_module_sctp_disabled
  - low_complexity
  - medium_disruption
  - medium_severity
  - reboot_required
</fix>
          <fix xmlns:xhtml="http://www.w3.org/1999/xhtml" id="kernel_module_sctp_disabled" system="urn:xccdf:fix:script:sh" reboot="true" complexity="low" disruption="medium" strategy="disable"># Remediation is applicable only in certain platforms
if dpkg-query --show --showformat='${db:Status-Status}
' 'linux-base' 2&gt;/dev/null | grep -q ^installed; then

if LC_ALL=C grep -q -m 1 "^install sctp" /etc/modprobe.d/sctp.conf ; then
	
	sed -i 's#^install sctp.*#install sctp /bin/false#g' /etc/modprobe.d/sctp.conf
else
	echo -e "\n# Disable per security requirements" &gt;&gt; /etc/modprobe.d/sctp.conf
	echo "install sctp /bin/false" &gt;&gt; /etc/modprobe.d/sctp.conf
fi

if ! LC_ALL=C grep -q -m 1 "^blacklist sctp$" /etc/modprobe.d/sctp.conf ; then
	echo "blacklist sctp" &gt;&gt; /etc/modprobe.d/sctp.conf
fi

else
    &gt;&amp;2 echo 'Remediation is not applicable, nothing was done'
fi
</fix>
          <check system="http://oval.mitre.org/XMLSchema/oval-definitions-5">
            <check-content-ref name="oval:ssg-kernel_module_sctp_disabled:def:1" href="ssg-ubuntu2404-oval.xml"/>
          </check>
          <check system="http://scap.nist.gov/schema/ocil/2">
            <check-content-ref name="ocil:ssg-kernel_module_sctp_disabled_ocil:questionnaire:1" href="ssg-ubuntu2404-ocil.xml"/>
          </check>
        </Rule>
        <Rule id="xccdf_org.ssgproject.content_rule_kernel_module_tipc_disabled" selected="false" role="full" severity="low">
          <title xmlns:xhtml="http://www.w3.org/1999/xhtml" xml:lang="en-US">Disable TIPC Support</title>
          <description xmlns:xhtml="http://www.w3.org/1999/xhtml" xml:lang="en-US">The Transparent Inter-Process Communication (TIPC) protocol
is designed to provide communications between nodes in a
cluster.

To configure the system to prevent the <html:code xmlns:html="http://www.w3.org/1999/xhtml">tipc</html:code>
kernel module from being loaded, add the following line to the file <html:code xmlns:html="http://www.w3.org/1999/xhtml">/etc/modprobe.d/tipc.conf</html:code>:
<html:pre xmlns:html="http://www.w3.org/1999/xhtml">install tipc /bin/false</html:pre>
       </description>
          <warning xmlns:xhtml="http://www.w3.org/1999/xhtml" xml:lang="en-US" category="general">This configuration baseline was created to deploy the base operating system for general purpose
workloads. When the operating system is configured for certain purposes, such as
a node in High Performance Computing cluster, it is expected that
the <html:code xmlns:html="http://www.w3.org/1999/xhtml">tipc</html:code> kernel module will be loaded.</warning>
          <reference href="https://www.cisecurity.org/controls/">11</reference>
          <reference href="https://www.cisecurity.org/controls/">14</reference>
          <reference href="https://www.cisecurity.org/controls/">3</reference>
          <reference href="https://www.cisecurity.org/controls/">9</reference>
          <reference href="https://www.isaca.org/resources/cobit">BAI10.01</reference>
          <reference href="https://www.isaca.org/resources/cobit">BAI10.02</reference>
          <reference href="https://www.isaca.org/resources/cobit">BAI10.03</reference>
          <reference href="https://www.isaca.org/resources/cobit">BAI10.05</reference>
          <reference href="https://www.isaca.org/resources/cobit">DSS05.02</reference>
          <reference href="https://www.isaca.org/resources/cobit">DSS05.05</reference>
          <reference href="https://www.isaca.org/resources/cobit">DSS06.06</reference>
          <reference href="https://public.cyber.mil/stigs/cci/">CCI-000381</reference>
          <reference href="https://www.isa.org/products/isa-62443-2-1-2009-security-for-industrial-automat">4.3.3.5.1</reference>
          <reference href="https://www.isa.org/products/isa-62443-2-1-2009-security-for-industrial-automat">4.3.3.5.2</reference>
          <reference href="https://www.isa.org/products/isa-62443-2-1-2009-security-for-industrial-automat">4.3.3.5.3</reference>
          <reference href="https://www.isa.org/products/isa-62443-2-1-2009-security-for-industrial-automat">4.3.3.5.4</reference>
          <reference href="https://www.isa.org/products/isa-62443-2-1-2009-security-for-industrial-automat">4.3.3.5.5</reference>
          <reference href="https://www.isa.org/products/isa-62443-2-1-2009-security-for-industrial-automat">4.3.3.5.6</reference>
          <reference href="https://www.isa.org/products/isa-62443-2-1-2009-security-for-industrial-automat">4.3.3.5.7</reference>
          <reference href="https://www.isa.org/products/isa-62443-2-1-2009-security-for-industrial-automat">4.3.3.5.8</reference>
          <reference href="https://www.isa.org/products/isa-62443-2-1-2009-security-for-industrial-automat">4.3.3.6.1</reference>
          <reference href="https://www.isa.org/products/isa-62443-2-1-2009-security-for-industrial-automat">4.3.3.6.2</reference>
          <reference href="https://www.isa.org/products/isa-62443-2-1-2009-security-for-industrial-automat">4.3.3.6.3</reference>
          <reference href="https://www.isa.org/products/isa-62443-2-1-2009-security-for-industrial-automat">4.3.3.6.4</reference>
          <reference href="https://www.isa.org/products/isa-62443-2-1-2009-security-for-industrial-automat">4.3.3.6.5</reference>
          <reference href="https://www.isa.org/products/isa-62443-2-1-2009-security-for-industrial-automat">4.3.3.6.6</reference>
          <reference href="https://www.isa.org/products/isa-62443-2-1-2009-security-for-industrial-automat">4.3.3.6.7</reference>
          <reference href="https://www.isa.org/products/isa-62443-2-1-2009-security-for-industrial-automat">4.3.3.6.8</reference>
          <reference href="https://www.isa.org/products/isa-62443-2-1-2009-security-for-industrial-automat">4.3.3.6.9</reference>
          <reference href="https://www.isa.org/products/isa-62443-2-1-2009-security-for-industrial-automat">4.3.3.7.1</reference>
          <reference href="https://www.isa.org/products/isa-62443-2-1-2009-security-for-industrial-automat">4.3.3.7.2</reference>
          <reference href="https://www.isa.org/products/isa-62443-2-1-2009-security-for-industrial-automat">4.3.3.7.3</reference>
          <reference href="https://www.isa.org/products/isa-62443-2-1-2009-security-for-industrial-automat">4.3.3.7.4</reference>
          <reference href="https://www.isa.org/products/isa-62443-2-1-2009-security-for-industrial-automat">4.3.4.3.2</reference>
          <reference href="https://www.isa.org/products/isa-62443-2-1-2009-security-for-industrial-automat">4.3.4.3.3</reference>
          <reference href="https://www.isa.org/products/ansi-isa-62443-3-3-99-03-03-2013-security-for-indu">SR 1.1</reference>
          <reference href="https://www.isa.org/products/ansi-isa-62443-3-3-99-03-03-2013-security-for-indu">SR 1.10</reference>
          <reference href="https://www.isa.org/products/ansi-isa-62443-3-3-99-03-03-2013-security-for-indu">SR 1.11</reference>
          <reference href="https://www.isa.org/products/ansi-isa-62443-3-3-99-03-03-2013-security-for-indu">SR 1.12</reference>
          <reference href="https://www.isa.org/products/ansi-isa-62443-3-3-99-03-03-2013-security-for-indu">SR 1.13</reference>
          <reference href="https://www.isa.org/products/ansi-isa-62443-3-3-99-03-03-2013-security-for-indu">SR 1.2</reference>
          <reference href="https://www.isa.org/products/ansi-isa-62443-3-3-99-03-03-2013-security-for-indu">SR 1.3</reference>
          <reference href="https://www.isa.org/products/ansi-isa-62443-3-3-99-03-03-2013-security-for-indu">SR 1.4</reference>
          <reference href="https://www.isa.org/products/ansi-isa-62443-3-3-99-03-03-2013-security-for-indu">SR 1.5</reference>
          <reference href="https://www.isa.org/products/ansi-isa-62443-3-3-99-03-03-2013-security-for-indu">SR 1.6</reference>
          <reference href="https://www.isa.org/products/ansi-isa-62443-3-3-99-03-03-2013-security-for-indu">SR 1.7</reference>
          <reference href="https://www.isa.org/products/ansi-isa-62443-3-3-99-03-03-2013-security-for-indu">SR 1.8</reference>
          <reference href="https://www.isa.org/products/ansi-isa-62443-3-3-99-03-03-2013-security-for-indu">SR 1.9</reference>
          <reference href="https://www.isa.org/products/ansi-isa-62443-3-3-99-03-03-2013-security-for-indu">SR 2.1</reference>
          <reference href="https://www.isa.org/products/ansi-isa-62443-3-3-99-03-03-2013-security-for-indu">SR 2.2</reference>
          <reference href="https://www.isa.org/products/ansi-isa-62443-3-3-99-03-03-2013-security-for-indu">SR 2.3</reference>
          <reference href="https://www.isa.org/products/ansi-isa-62443-3-3-99-03-03-2013-security-for-indu">SR 2.4</reference>
          <reference href="https://www.isa.org/products/ansi-isa-62443-3-3-99-03-03-2013-security-for-indu">SR 2.5</reference>
          <reference href="https://www.isa.org/products/ansi-isa-62443-3-3-99-03-03-2013-security-for-indu">SR 2.6</reference>
          <reference href="https://www.isa.org/products/ansi-isa-62443-3-3-99-03-03-2013-security-for-indu">SR 2.7</reference>
          <reference href="https://www.isa.org/products/ansi-isa-62443-3-3-99-03-03-2013-security-for-indu">SR 7.6</reference>
          <reference href="https://www.iso.org/contents/data/standard/05/45/54534.html">A.12.1.2</reference>
          <reference href="https://www.iso.org/contents/data/standard/05/45/54534.html">A.12.5.1</reference>
          <reference href="https://www.iso.org/contents/data/standard/05/45/54534.html">A.12.6.2</reference>
          <reference href="https://www.iso.org/contents/data/standard/05/45/54534.html">A.14.2.2</reference>
          <reference href="https://www.iso.org/contents/data/standard/05/45/54534.html">A.14.2.3</reference>
          <reference href="https://www.iso.org/contents/data/standard/05/45/54534.html">A.14.2.4</reference>
          <reference href="https://www.iso.org/contents/data/standard/05/45/54534.html">A.9.1.2</reference>
          <reference href="http://nvlpubs.nist.gov/nistpubs/SpecialPublications/NIST.SP.800-53r4.pdf">CM-7(a)</reference>
          <reference href="http://nvlpubs.nist.gov/nistpubs/SpecialPublications/NIST.SP.800-53r4.pdf">CM-7(b)</reference>
          <reference href="http://nvlpubs.nist.gov/nistpubs/SpecialPublications/NIST.SP.800-53r4.pdf">CM-6(a)</reference>
          <reference href="https://nvlpubs.nist.gov/nistpubs/CSWP/NIST.CSWP.04162018.pdf">PR.IP-1</reference>
          <reference href="https://nvlpubs.nist.gov/nistpubs/CSWP/NIST.CSWP.04162018.pdf">PR.PT-3</reference>
          <reference href="https://www.niap-ccevs.org/Profile/PP.cfm">FMT_SMF_EXT.1</reference>
          <reference href="https://public.cyber.mil/stigs/downloads/?_dl_facet_stigs=operating-systems%2Cgeneral-purpose-os">SRG-OS-000095-GPOS-00049</reference>
          <reference href="https://www.cisecurity.org/benchmark/ubuntu_linux/">3.2.2</reference>
          <rationale xmlns:xhtml="http://www.w3.org/1999/xhtml" xml:lang="en-US">Disabling TIPC protects
the system against exploitation of any flaws in its implementation.</rationale>
          <fix xmlns:xhtml="http://www.w3.org/1999/xhtml" id="kernel_module_tipc_disabled" system="urn:xccdf:fix:script:ansible" reboot="true" complexity="low" disruption="medium" strategy="disable">- name: Gather the package facts
  package_facts:
    manager: auto
  tags:
  - NIST-800-53-CM-6(a)
  - NIST-800-53-CM-7(a)
  - NIST-800-53-CM-7(b)
  - disable_strategy
  - kernel_module_tipc_disabled
  - low_complexity
  - low_severity
  - medium_disruption
  - reboot_required

- name: Ensure kernel module 'tipc' is disabled
  lineinfile:
    create: true
    dest: /etc/modprobe.d/tipc.conf
    regexp: install\s+tipc
    line: install tipc /bin/false
  when: '"linux-base" in ansible_facts.packages'
  tags:
  - NIST-800-53-CM-6(a)
  - NIST-800-53-CM-7(a)
  - NIST-800-53-CM-7(b)
  - disable_strategy
  - kernel_module_tipc_disabled
  - low_complexity
  - low_severity
  - medium_disruption
  - reboot_required

- name: Ensure kernel module 'tipc' is blacklisted
  lineinfile:
    create: true
    dest: /etc/modprobe.d/tipc.conf
    regexp: ^blacklist tipc$
    line: blacklist tipc
  when: '"linux-base" in ansible_facts.packages'
  tags:
  - NIST-800-53-CM-6(a)
  - NIST-800-53-CM-7(a)
  - NIST-800-53-CM-7(b)
  - disable_strategy
  - kernel_module_tipc_disabled
  - low_complexity
  - low_severity
  - medium_disruption
  - reboot_required
</fix>
          <fix xmlns:xhtml="http://www.w3.org/1999/xhtml" id="kernel_module_tipc_disabled" system="urn:xccdf:fix:script:sh" reboot="true" complexity="low" disruption="medium" strategy="disable"># Remediation is applicable only in certain platforms
if dpkg-query --show --showformat='${db:Status-Status}
' 'linux-base' 2&gt;/dev/null | grep -q ^installed; then

if LC_ALL=C grep -q -m 1 "^install tipc" /etc/modprobe.d/tipc.conf ; then
	
	sed -i 's#^install tipc.*#install tipc /bin/false#g' /etc/modprobe.d/tipc.conf
else
	echo -e "\n# Disable per security requirements" &gt;&gt; /etc/modprobe.d/tipc.conf
	echo "install tipc /bin/false" &gt;&gt; /etc/modprobe.d/tipc.conf
fi

if ! LC_ALL=C grep -q -m 1 "^blacklist tipc$" /etc/modprobe.d/tipc.conf ; then
	echo "blacklist tipc" &gt;&gt; /etc/modprobe.d/tipc.conf
fi

else
    &gt;&amp;2 echo 'Remediation is not applicable, nothing was done'
fi
</fix>
          <check system="http://oval.mitre.org/XMLSchema/oval-definitions-5">
            <check-content-ref name="oval:ssg-kernel_module_tipc_disabled:def:1" href="ssg-ubuntu2404-oval.xml"/>
          </check>
          <check system="http://scap.nist.gov/schema/ocil/2">
            <check-content-ref name="ocil:ssg-kernel_module_tipc_disabled_ocil:questionnaire:1" href="ssg-ubuntu2404-ocil.xml"/>
          </check>
        </Rule>
      </Group>
      <Group id="xccdf_org.ssgproject.content_group_network-wireless">
        <title xmlns:xhtml="http://www.w3.org/1999/xhtml" xml:lang="en-US">Wireless Networking</title>
        <description xmlns:xhtml="http://www.w3.org/1999/xhtml" xml:lang="en-US">Wireless networking, such as 802.11
(WiFi) and Bluetooth, can present a security risk to sensitive or
classified systems and networks. Wireless networking hardware is
much more likely to be included in laptop or portable systems than
in desktops or servers. 
<html:br xmlns:html="http://www.w3.org/1999/xhtml"/>
       <html:br xmlns:html="http://www.w3.org/1999/xhtml"/>
Removal of hardware provides the greatest assurance that the wireless
capability remains disabled. Acquisition policies often include provisions to
prevent the purchase of equipment that will be used in sensitive spaces and
includes wireless capabilities. If it is impractical to remove the wireless
hardware, and policy permits the device to enter sensitive spaces as long
as wireless is disabled, efforts should instead focus on disabling wireless capability
via software.</description>
        <Group id="xccdf_org.ssgproject.content_group_wireless_software">
          <title xmlns:xhtml="http://www.w3.org/1999/xhtml" xml:lang="en-US">Disable Wireless Through Software Configuration</title>
          <description xmlns:xhtml="http://www.w3.org/1999/xhtml" xml:lang="en-US">If it is impossible to remove the wireless hardware
from the device in question, disable as much of it as possible
through software. The following methods can disable software
support for wireless networking, but note that these methods do not
prevent malicious software or careless users from re-activating the
devices.</description>
          <Rule id="xccdf_org.ssgproject.content_rule_service_bluetooth_disabled" selected="false" role="full" severity="medium">
            <title xmlns:xhtml="http://www.w3.org/1999/xhtml" xml:lang="en-US">Disable Bluetooth Service</title>
            <description xmlns:xhtml="http://www.w3.org/1999/xhtml" xml:lang="en-US">
The <html:code xmlns:html="http://www.w3.org/1999/xhtml">bluetooth</html:code> service can be disabled with the following command:
<html:pre xmlns:html="http://www.w3.org/1999/xhtml">$ sudo systemctl mask --now bluetooth.service</html:pre>
         <html:pre xmlns:html="http://www.w3.org/1999/xhtml">$ sudo service bluetooth stop</html:pre>
        </description>
            <reference href="https://www.cisecurity.org/controls/">11</reference>
            <reference href="https://www.cisecurity.org/controls/">12</reference>
            <reference href="https://www.cisecurity.org/controls/">14</reference>
            <reference href="https://www.cisecurity.org/controls/">15</reference>
            <reference href="https://www.cisecurity.org/controls/">3</reference>
            <reference href="https://www.cisecurity.org/controls/">8</reference>
            <reference href="https://www.cisecurity.org/controls/">9</reference>
            <reference href="https://www.isaca.org/resources/cobit">APO13.01</reference>
            <reference href="https://www.isaca.org/resources/cobit">BAI10.01</reference>
            <reference href="https://www.isaca.org/resources/cobit">BAI10.02</reference>
            <reference href="https://www.isaca.org/resources/cobit">BAI10.03</reference>
            <reference href="https://www.isaca.org/resources/cobit">BAI10.05</reference>
            <reference href="https://www.isaca.org/resources/cobit">DSS01.04</reference>
            <reference href="https://www.isaca.org/resources/cobit">DSS05.02</reference>
            <reference href="https://www.isaca.org/resources/cobit">DSS05.03</reference>
            <reference href="https://www.isaca.org/resources/cobit">DSS05.05</reference>
            <reference href="https://www.isaca.org/resources/cobit">DSS06.06</reference>
            <reference href="http://nvlpubs.nist.gov/nistpubs/SpecialPublications/NIST.SP.800-171.pdf">3.1.16</reference>
            <reference href="https://public.cyber.mil/stigs/cci/">CCI-000085</reference>
            <reference href="https://public.cyber.mil/stigs/cci/">CCI-001551</reference>
            <reference href="https://www.isa.org/products/isa-62443-2-1-2009-security-for-industrial-automat">4.3.3.5.1</reference>
            <reference href="https://www.isa.org/products/isa-62443-2-1-2009-security-for-industrial-automat">4.3.3.5.2</reference>
            <reference href="https://www.isa.org/products/isa-62443-2-1-2009-security-for-industrial-automat">4.3.3.5.3</reference>
            <reference href="https://www.isa.org/products/isa-62443-2-1-2009-security-for-industrial-automat">4.3.3.5.4</reference>
            <reference href="https://www.isa.org/products/isa-62443-2-1-2009-security-for-industrial-automat">4.3.3.5.5</reference>
            <reference href="https://www.isa.org/products/isa-62443-2-1-2009-security-for-industrial-automat">4.3.3.5.6</reference>
            <reference href="https://www.isa.org/products/isa-62443-2-1-2009-security-for-industrial-automat">4.3.3.5.7</reference>
            <reference href="https://www.isa.org/products/isa-62443-2-1-2009-security-for-industrial-automat">4.3.3.5.8</reference>
            <reference href="https://www.isa.org/products/isa-62443-2-1-2009-security-for-industrial-automat">4.3.3.6.1</reference>
            <reference href="https://www.isa.org/products/isa-62443-2-1-2009-security-for-industrial-automat">4.3.3.6.2</reference>
            <reference href="https://www.isa.org/products/isa-62443-2-1-2009-security-for-industrial-automat">4.3.3.6.3</reference>
            <reference href="https://www.isa.org/products/isa-62443-2-1-2009-security-for-industrial-automat">4.3.3.6.4</reference>
            <reference href="https://www.isa.org/products/isa-62443-2-1-2009-security-for-industrial-automat">4.3.3.6.5</reference>
            <reference href="https://www.isa.org/products/isa-62443-2-1-2009-security-for-industrial-automat">4.3.3.6.6</reference>
            <reference href="https://www.isa.org/products/isa-62443-2-1-2009-security-for-industrial-automat">4.3.3.6.7</reference>
            <reference href="https://www.isa.org/products/isa-62443-2-1-2009-security-for-industrial-automat">4.3.3.6.8</reference>
            <reference href="https://www.isa.org/products/isa-62443-2-1-2009-security-for-industrial-automat">4.3.3.6.9</reference>
            <reference href="https://www.isa.org/products/isa-62443-2-1-2009-security-for-industrial-automat">4.3.3.7.1</reference>
            <reference href="https://www.isa.org/products/isa-62443-2-1-2009-security-for-industrial-automat">4.3.3.7.2</reference>
            <reference href="https://www.isa.org/products/isa-62443-2-1-2009-security-for-industrial-automat">4.3.3.7.3</reference>
            <reference href="https://www.isa.org/products/isa-62443-2-1-2009-security-for-industrial-automat">4.3.3.7.4</reference>
            <reference href="https://www.isa.org/products/isa-62443-2-1-2009-security-for-industrial-automat">4.3.4.3.2</reference>
            <reference href="https://www.isa.org/products/isa-62443-2-1-2009-security-for-industrial-automat">4.3.4.3.3</reference>
            <reference href="https://www.isa.org/products/ansi-isa-62443-3-3-99-03-03-2013-security-for-indu">SR 1.1</reference>
            <reference href="https://www.isa.org/products/ansi-isa-62443-3-3-99-03-03-2013-security-for-indu">SR 1.10</reference>
            <reference href="https://www.isa.org/products/ansi-isa-62443-3-3-99-03-03-2013-security-for-indu">SR 1.11</reference>
            <reference href="https://www.isa.org/products/ansi-isa-62443-3-3-99-03-03-2013-security-for-indu">SR 1.12</reference>
            <reference href="https://www.isa.org/products/ansi-isa-62443-3-3-99-03-03-2013-security-for-indu">SR 1.13</reference>
            <reference href="https://www.isa.org/products/ansi-isa-62443-3-3-99-03-03-2013-security-for-indu">SR 1.2</reference>
            <reference href="https://www.isa.org/products/ansi-isa-62443-3-3-99-03-03-2013-security-for-indu">SR 1.3</reference>
            <reference href="https://www.isa.org/products/ansi-isa-62443-3-3-99-03-03-2013-security-for-indu">SR 1.4</reference>
            <reference href="https://www.isa.org/products/ansi-isa-62443-3-3-99-03-03-2013-security-for-indu">SR 1.5</reference>
            <reference href="https://www.isa.org/products/ansi-isa-62443-3-3-99-03-03-2013-security-for-indu">SR 1.6</reference>
            <reference href="https://www.isa.org/products/ansi-isa-62443-3-3-99-03-03-2013-security-for-indu">SR 1.7</reference>
            <reference href="https://www.isa.org/products/ansi-isa-62443-3-3-99-03-03-2013-security-for-indu">SR 1.8</reference>
            <reference href="https://www.isa.org/products/ansi-isa-62443-3-3-99-03-03-2013-security-for-indu">SR 1.9</reference>
            <reference href="https://www.isa.org/products/ansi-isa-62443-3-3-99-03-03-2013-security-for-indu">SR 2.1</reference>
            <reference href="https://www.isa.org/products/ansi-isa-62443-3-3-99-03-03-2013-security-for-indu">SR 2.2</reference>
            <reference href="https://www.isa.org/products/ansi-isa-62443-3-3-99-03-03-2013-security-for-indu">SR 2.3</reference>
            <reference href="https://www.isa.org/products/ansi-isa-62443-3-3-99-03-03-2013-security-for-indu">SR 2.4</reference>
            <reference href="https://www.isa.org/products/ansi-isa-62443-3-3-99-03-03-2013-security-for-indu">SR 2.5</reference>
            <reference href="https://www.isa.org/products/ansi-isa-62443-3-3-99-03-03-2013-security-for-indu">SR 2.6</reference>
            <reference href="https://www.isa.org/products/ansi-isa-62443-3-3-99-03-03-2013-security-for-indu">SR 2.7</reference>
            <reference href="https://www.isa.org/products/ansi-isa-62443-3-3-99-03-03-2013-security-for-indu">SR 3.1</reference>
            <reference href="https://www.isa.org/products/ansi-isa-62443-3-3-99-03-03-2013-security-for-indu">SR 3.5</reference>
            <reference href="https://www.isa.org/products/ansi-isa-62443-3-3-99-03-03-2013-security-for-indu">SR 3.8</reference>
            <reference href="https://www.isa.org/products/ansi-isa-62443-3-3-99-03-03-2013-security-for-indu">SR 4.1</reference>
            <reference href="https://www.isa.org/products/ansi-isa-62443-3-3-99-03-03-2013-security-for-indu">SR 4.3</reference>
            <reference href="https://www.isa.org/products/ansi-isa-62443-3-3-99-03-03-2013-security-for-indu">SR 5.1</reference>
            <reference href="https://www.isa.org/products/ansi-isa-62443-3-3-99-03-03-2013-security-for-indu">SR 5.2</reference>
            <reference href="https://www.isa.org/products/ansi-isa-62443-3-3-99-03-03-2013-security-for-indu">SR 5.3</reference>
            <reference href="https://www.isa.org/products/ansi-isa-62443-3-3-99-03-03-2013-security-for-indu">SR 7.1</reference>
            <reference href="https://www.isa.org/products/ansi-isa-62443-3-3-99-03-03-2013-security-for-indu">SR 7.6</reference>
            <reference href="https://www.iso.org/contents/data/standard/05/45/54534.html">A.11.2.6</reference>
            <reference href="https://www.iso.org/contents/data/standard/05/45/54534.html">A.12.1.2</reference>
            <reference href="https://www.iso.org/contents/data/standard/05/45/54534.html">A.12.5.1</reference>
            <reference href="https://www.iso.org/contents/data/standard/05/45/54534.html">A.12.6.2</reference>
            <reference href="https://www.iso.org/contents/data/standard/05/45/54534.html">A.13.1.1</reference>
            <reference href="https://www.iso.org/contents/data/standard/05/45/54534.html">A.13.2.1</reference>
            <reference href="https://www.iso.org/contents/data/standard/05/45/54534.html">A.14.1.3</reference>
            <reference href="https://www.iso.org/contents/data/standard/05/45/54534.html">A.14.2.2</reference>
            <reference href="https://www.iso.org/contents/data/standard/05/45/54534.html">A.14.2.3</reference>
            <reference href="https://www.iso.org/contents/data/standard/05/45/54534.html">A.14.2.4</reference>
            <reference href="https://www.iso.org/contents/data/standard/05/45/54534.html">A.6.2.1</reference>
            <reference href="https://www.iso.org/contents/data/standard/05/45/54534.html">A.6.2.2</reference>
            <reference href="https://www.iso.org/contents/data/standard/05/45/54534.html">A.9.1.2</reference>
            <reference href="http://nvlpubs.nist.gov/nistpubs/SpecialPublications/NIST.SP.800-53r4.pdf">AC-18(a)</reference>
            <reference href="http://nvlpubs.nist.gov/nistpubs/SpecialPublications/NIST.SP.800-53r4.pdf">AC-18(3)</reference>
            <reference href="http://nvlpubs.nist.gov/nistpubs/SpecialPublications/NIST.SP.800-53r4.pdf">CM-7(a)</reference>
            <reference href="http://nvlpubs.nist.gov/nistpubs/SpecialPublications/NIST.SP.800-53r4.pdf">CM-7(b)</reference>
            <reference href="http://nvlpubs.nist.gov/nistpubs/SpecialPublications/NIST.SP.800-53r4.pdf">CM-6(a)</reference>
            <reference href="http://nvlpubs.nist.gov/nistpubs/SpecialPublications/NIST.SP.800-53r4.pdf">MP-7</reference>
            <reference href="https://nvlpubs.nist.gov/nistpubs/CSWP/NIST.CSWP.04162018.pdf">PR.AC-3</reference>
            <reference href="https://nvlpubs.nist.gov/nistpubs/CSWP/NIST.CSWP.04162018.pdf">PR.IP-1</reference>
            <reference href="https://nvlpubs.nist.gov/nistpubs/CSWP/NIST.CSWP.04162018.pdf">PR.PT-3</reference>
            <reference href="https://nvlpubs.nist.gov/nistpubs/CSWP/NIST.CSWP.04162018.pdf">PR.PT-4</reference>
            <reference href="https://www.cisecurity.org/benchmark/ubuntu_linux/">3.1.3</reference>
            <rationale xmlns:xhtml="http://www.w3.org/1999/xhtml" xml:lang="en-US">Disabling the <html:code xmlns:html="http://www.w3.org/1999/xhtml">bluetooth</html:code> service prevents the system from attempting
connections to Bluetooth devices, which entails some security risk.
Nevertheless, variation in this risk decision may be expected due to the
utility of Bluetooth connectivity and its limited range.</rationale>
            <platform idref="#system_with_kernel"/>
            <fix xmlns:xhtml="http://www.w3.org/1999/xhtml" id="service_bluetooth_disabled" system="urn:redhat:osbuild:blueprint">
[customizations.services]
masked = ["bluetooth"]
</fix>
            <fix xmlns:xhtml="http://www.w3.org/1999/xhtml" id="service_bluetooth_disabled" system="urn:xccdf:fix:script:puppet" complexity="low" disruption="low" strategy="enable">include disable_bluetooth

class disable_bluetooth {
  service {'bluetooth':
    enable =&gt; false,
    ensure =&gt; 'stopped',
  }
}
</fix>
            <fix xmlns:xhtml="http://www.w3.org/1999/xhtml" id="service_bluetooth_disabled" system="urn:xccdf:fix:script:ansible" complexity="low" disruption="low" strategy="disable">- name: Gather the package facts
  package_facts:
    manager: auto
  tags:
  - NIST-800-171-3.1.16
  - NIST-800-53-AC-18(3)
  - NIST-800-53-AC-18(a)
  - NIST-800-53-CM-6(a)
  - NIST-800-53-CM-7(a)
  - NIST-800-53-CM-7(b)
  - NIST-800-53-MP-7
  - disable_strategy
  - low_complexity
  - low_disruption
  - medium_severity
  - no_reboot_needed
  - service_bluetooth_disabled

- name: Disable Bluetooth Service - Collect systemd Services Present in the System
  ansible.builtin.command: systemctl -q list-unit-files --type service
  register: service_exists
  changed_when: false
  failed_when: service_exists.rc not in [0, 1]
  check_mode: false
  when: '"linux-base" in ansible_facts.packages'
  tags:
  - NIST-800-171-3.1.16
  - NIST-800-53-AC-18(3)
  - NIST-800-53-AC-18(a)
  - NIST-800-53-CM-6(a)
  - NIST-800-53-CM-7(a)
  - NIST-800-53-CM-7(b)
  - NIST-800-53-MP-7
  - disable_strategy
  - low_complexity
  - low_disruption
  - medium_severity
  - no_reboot_needed
  - service_bluetooth_disabled

- name: Disable Bluetooth Service - Ensure bluetooth.service is Masked
  ansible.builtin.systemd:
    name: bluetooth.service
    state: stopped
    enabled: false
    masked: true
  when:
  - '"linux-base" in ansible_facts.packages'
  - service_exists.stdout_lines is search("bluetooth.service", multiline=True)
  tags:
  - NIST-800-171-3.1.16
  - NIST-800-53-AC-18(3)
  - NIST-800-53-AC-18(a)
  - NIST-800-53-CM-6(a)
  - NIST-800-53-CM-7(a)
  - NIST-800-53-CM-7(b)
  - NIST-800-53-MP-7
  - disable_strategy
  - low_complexity
  - low_disruption
  - medium_severity
  - no_reboot_needed
  - service_bluetooth_disabled

- name: Unit Socket Exists - bluetooth.socket
  ansible.builtin.command: systemctl -q list-unit-files bluetooth.socket
  register: socket_file_exists
  changed_when: false
  failed_when: socket_file_exists.rc not in [0, 1]
  check_mode: false
  when: '"linux-base" in ansible_facts.packages'
  tags:
  - NIST-800-171-3.1.16
  - NIST-800-53-AC-18(3)
  - NIST-800-53-AC-18(a)
  - NIST-800-53-CM-6(a)
  - NIST-800-53-CM-7(a)
  - NIST-800-53-CM-7(b)
  - NIST-800-53-MP-7
  - disable_strategy
  - low_complexity
  - low_disruption
  - medium_severity
  - no_reboot_needed
  - service_bluetooth_disabled

- name: Disable Bluetooth Service - Disable Socket bluetooth
  ansible.builtin.systemd:
    name: bluetooth.socket
    enabled: false
    state: stopped
    masked: true
  when:
  - '"linux-base" in ansible_facts.packages'
  - socket_file_exists.stdout_lines is search("bluetooth.socket", multiline=True)
  tags:
  - NIST-800-171-3.1.16
  - NIST-800-53-AC-18(3)
  - NIST-800-53-AC-18(a)
  - NIST-800-53-CM-6(a)
  - NIST-800-53-CM-7(a)
  - NIST-800-53-CM-7(b)
  - NIST-800-53-MP-7
  - disable_strategy
  - low_complexity
  - low_disruption
  - medium_severity
  - no_reboot_needed
  - service_bluetooth_disabled
</fix>
            <fix xmlns:xhtml="http://www.w3.org/1999/xhtml" id="service_bluetooth_disabled" system="urn:xccdf:fix:script:sh" complexity="low" disruption="low" strategy="disable"># Remediation is applicable only in certain platforms
if dpkg-query --show --showformat='${db:Status-Status}
' 'linux-base' 2&gt;/dev/null | grep -q ^installed; then

SYSTEMCTL_EXEC='/usr/bin/systemctl'
if [[ $("$SYSTEMCTL_EXEC" is-system-running) != "offline" ]]; then
  "$SYSTEMCTL_EXEC" stop 'bluetooth.service'
fi
"$SYSTEMCTL_EXEC" disable 'bluetooth.service'
"$SYSTEMCTL_EXEC" mask 'bluetooth.service'
# Disable socket activation if we have a unit file for it
if "$SYSTEMCTL_EXEC" -q list-unit-files bluetooth.socket; then
    if [[ $("$SYSTEMCTL_EXEC" is-system-running) != "offline" ]]; then
      "$SYSTEMCTL_EXEC" stop 'bluetooth.socket'
    fi
    "$SYSTEMCTL_EXEC" mask 'bluetooth.socket'
fi
# The service may not be running because it has been started and failed,
# so let's reset the state so OVAL checks pass.
# Service should be 'inactive', not 'failed' after reboot though.
"$SYSTEMCTL_EXEC" reset-failed 'bluetooth.service' || true

else
    &gt;&amp;2 echo 'Remediation is not applicable, nothing was done'
fi
</fix>
            <fix xmlns:xhtml="http://www.w3.org/1999/xhtml" id="service_bluetooth_disabled" system="urn:xccdf:fix:script:kubernetes" reboot="true" complexity="low" disruption="medium" strategy="disable">apiVersion: machineconfiguration.openshift.io/v1
kind: MachineConfig
spec:
  config:
    ignition:
      version: 3.1.0
    systemd:
      units:
      - name: bluetooth.service
        enabled: false
        mask: true
      - name: bluetooth.socket
        enabled: false
        mask: true
</fix>
            <check system="http://oval.mitre.org/XMLSchema/oval-definitions-5">
              <check-content-ref name="oval:ssg-service_bluetooth_disabled:def:1" href="ssg-ubuntu2404-oval.xml"/>
            </check>
            <check system="http://scap.nist.gov/schema/ocil/2">
              <check-content-ref name="ocil:ssg-service_bluetooth_disabled_ocil:questionnaire:1" href="ssg-ubuntu2404-ocil.xml"/>
            </check>
          </Rule>
          <Rule id="xccdf_org.ssgproject.content_rule_wireless_disable_interfaces" selected="false" role="full" severity="medium">
            <title xmlns:xhtml="http://www.w3.org/1999/xhtml" xml:lang="en-US">Deactivate Wireless Network Interfaces</title>
            <description xmlns:xhtml="http://www.w3.org/1999/xhtml" xml:lang="en-US">Deactivating wireless network interfaces should prevent normal usage of the wireless
capability.
<html:br xmlns:html="http://www.w3.org/1999/xhtml"/>
         <html:br xmlns:html="http://www.w3.org/1999/xhtml"/>

Verify that there are no wireless interfaces configured on the system
with the following command:
<html:pre xmlns:html="http://www.w3.org/1999/xhtml">$ ls -L -d /sys/class/net/*/wireless | xargs dirname | xargs basename -a</html:pre>
        </description>
            <reference href="https://www.cisecurity.org/controls/">11</reference>
            <reference href="https://www.cisecurity.org/controls/">12</reference>
            <reference href="https://www.cisecurity.org/controls/">14</reference>
            <reference href="https://www.cisecurity.org/controls/">15</reference>
            <reference href="https://www.cisecurity.org/controls/">3</reference>
            <reference href="https://www.cisecurity.org/controls/">8</reference>
            <reference href="https://www.cisecurity.org/controls/">9</reference>
            <reference href="https://www.isaca.org/resources/cobit">APO13.01</reference>
            <reference href="https://www.isaca.org/resources/cobit">BAI10.01</reference>
            <reference href="https://www.isaca.org/resources/cobit">BAI10.02</reference>
            <reference href="https://www.isaca.org/resources/cobit">BAI10.03</reference>
            <reference href="https://www.isaca.org/resources/cobit">BAI10.05</reference>
            <reference href="https://www.isaca.org/resources/cobit">DSS01.04</reference>
            <reference href="https://www.isaca.org/resources/cobit">DSS05.02</reference>
            <reference href="https://www.isaca.org/resources/cobit">DSS05.03</reference>
            <reference href="https://www.isaca.org/resources/cobit">DSS05.05</reference>
            <reference href="https://www.isaca.org/resources/cobit">DSS06.06</reference>
            <reference href="http://nvlpubs.nist.gov/nistpubs/SpecialPublications/NIST.SP.800-171.pdf">3.1.16</reference>
            <reference href="https://public.cyber.mil/stigs/cci/">CCI-001443</reference>
            <reference href="https://public.cyber.mil/stigs/cci/">CCI-001444</reference>
            <reference href="https://public.cyber.mil/stigs/cci/">CCI-002421</reference>
            <reference href="https://public.cyber.mil/stigs/cci/">CCI-002418</reference>
            <reference href="https://www.isa.org/products/isa-62443-2-1-2009-security-for-industrial-automat">4.3.3.5.1</reference>
            <reference href="https://www.isa.org/products/isa-62443-2-1-2009-security-for-industrial-automat">4.3.3.5.2</reference>
            <reference href="https://www.isa.org/products/isa-62443-2-1-2009-security-for-industrial-automat">4.3.3.5.3</reference>
            <reference href="https://www.isa.org/products/isa-62443-2-1-2009-security-for-industrial-automat">4.3.3.5.4</reference>
            <reference href="https://www.isa.org/products/isa-62443-2-1-2009-security-for-industrial-automat">4.3.3.5.5</reference>
            <reference href="https://www.isa.org/products/isa-62443-2-1-2009-security-for-industrial-automat">4.3.3.5.6</reference>
            <reference href="https://www.isa.org/products/isa-62443-2-1-2009-security-for-industrial-automat">4.3.3.5.7</reference>
            <reference href="https://www.isa.org/products/isa-62443-2-1-2009-security-for-industrial-automat">4.3.3.5.8</reference>
            <reference href="https://www.isa.org/products/isa-62443-2-1-2009-security-for-industrial-automat">4.3.3.6.1</reference>
            <reference href="https://www.isa.org/products/isa-62443-2-1-2009-security-for-industrial-automat">4.3.3.6.2</reference>
            <reference href="https://www.isa.org/products/isa-62443-2-1-2009-security-for-industrial-automat">4.3.3.6.3</reference>
            <reference href="https://www.isa.org/products/isa-62443-2-1-2009-security-for-industrial-automat">4.3.3.6.4</reference>
            <reference href="https://www.isa.org/products/isa-62443-2-1-2009-security-for-industrial-automat">4.3.3.6.5</reference>
            <reference href="https://www.isa.org/products/isa-62443-2-1-2009-security-for-industrial-automat">4.3.3.6.6</reference>
            <reference href="https://www.isa.org/products/isa-62443-2-1-2009-security-for-industrial-automat">4.3.3.6.7</reference>
            <reference href="https://www.isa.org/products/isa-62443-2-1-2009-security-for-industrial-automat">4.3.3.6.8</reference>
            <reference href="https://www.isa.org/products/isa-62443-2-1-2009-security-for-industrial-automat">4.3.3.6.9</reference>
            <reference href="https://www.isa.org/products/isa-62443-2-1-2009-security-for-industrial-automat">4.3.3.7.1</reference>
            <reference href="https://www.isa.org/products/isa-62443-2-1-2009-security-for-industrial-automat">4.3.3.7.2</reference>
            <reference href="https://www.isa.org/products/isa-62443-2-1-2009-security-for-industrial-automat">4.3.3.7.3</reference>
            <reference href="https://www.isa.org/products/isa-62443-2-1-2009-security-for-industrial-automat">4.3.3.7.4</reference>
            <reference href="https://www.isa.org/products/isa-62443-2-1-2009-security-for-industrial-automat">4.3.4.3.2</reference>
            <reference href="https://www.isa.org/products/isa-62443-2-1-2009-security-for-industrial-automat">4.3.4.3.3</reference>
            <reference href="https://www.isa.org/products/ansi-isa-62443-3-3-99-03-03-2013-security-for-indu">SR 1.1</reference>
            <reference href="https://www.isa.org/products/ansi-isa-62443-3-3-99-03-03-2013-security-for-indu">SR 1.10</reference>
            <reference href="https://www.isa.org/products/ansi-isa-62443-3-3-99-03-03-2013-security-for-indu">SR 1.11</reference>
            <reference href="https://www.isa.org/products/ansi-isa-62443-3-3-99-03-03-2013-security-for-indu">SR 1.12</reference>
            <reference href="https://www.isa.org/products/ansi-isa-62443-3-3-99-03-03-2013-security-for-indu">SR 1.13</reference>
            <reference href="https://www.isa.org/products/ansi-isa-62443-3-3-99-03-03-2013-security-for-indu">SR 1.2</reference>
            <reference href="https://www.isa.org/products/ansi-isa-62443-3-3-99-03-03-2013-security-for-indu">SR 1.3</reference>
            <reference href="https://www.isa.org/products/ansi-isa-62443-3-3-99-03-03-2013-security-for-indu">SR 1.4</reference>
            <reference href="https://www.isa.org/products/ansi-isa-62443-3-3-99-03-03-2013-security-for-indu">SR 1.5</reference>
            <reference href="https://www.isa.org/products/ansi-isa-62443-3-3-99-03-03-2013-security-for-indu">SR 1.6</reference>
            <reference href="https://www.isa.org/products/ansi-isa-62443-3-3-99-03-03-2013-security-for-indu">SR 1.7</reference>
            <reference href="https://www.isa.org/products/ansi-isa-62443-3-3-99-03-03-2013-security-for-indu">SR 1.8</reference>
            <reference href="https://www.isa.org/products/ansi-isa-62443-3-3-99-03-03-2013-security-for-indu">SR 1.9</reference>
            <reference href="https://www.isa.org/products/ansi-isa-62443-3-3-99-03-03-2013-security-for-indu">SR 2.1</reference>
            <reference href="https://www.isa.org/products/ansi-isa-62443-3-3-99-03-03-2013-security-for-indu">SR 2.2</reference>
            <reference href="https://www.isa.org/products/ansi-isa-62443-3-3-99-03-03-2013-security-for-indu">SR 2.3</reference>
            <reference href="https://www.isa.org/products/ansi-isa-62443-3-3-99-03-03-2013-security-for-indu">SR 2.4</reference>
            <reference href="https://www.isa.org/products/ansi-isa-62443-3-3-99-03-03-2013-security-for-indu">SR 2.5</reference>
            <reference href="https://www.isa.org/products/ansi-isa-62443-3-3-99-03-03-2013-security-for-indu">SR 2.6</reference>
            <reference href="https://www.isa.org/products/ansi-isa-62443-3-3-99-03-03-2013-security-for-indu">SR 2.7</reference>
            <reference href="https://www.isa.org/products/ansi-isa-62443-3-3-99-03-03-2013-security-for-indu">SR 3.1</reference>
            <reference href="https://www.isa.org/products/ansi-isa-62443-3-3-99-03-03-2013-security-for-indu">SR 3.5</reference>
            <reference href="https://www.isa.org/products/ansi-isa-62443-3-3-99-03-03-2013-security-for-indu">SR 3.8</reference>
            <reference href="https://www.isa.org/products/ansi-isa-62443-3-3-99-03-03-2013-security-for-indu">SR 4.1</reference>
            <reference href="https://www.isa.org/products/ansi-isa-62443-3-3-99-03-03-2013-security-for-indu">SR 4.3</reference>
            <reference href="https://www.isa.org/products/ansi-isa-62443-3-3-99-03-03-2013-security-for-indu">SR 5.1</reference>
            <reference href="https://www.isa.org/products/ansi-isa-62443-3-3-99-03-03-2013-security-for-indu">SR 5.2</reference>
            <reference href="https://www.isa.org/products/ansi-isa-62443-3-3-99-03-03-2013-security-for-indu">SR 5.3</reference>
            <reference href="https://www.isa.org/products/ansi-isa-62443-3-3-99-03-03-2013-security-for-indu">SR 7.1</reference>
            <reference href="https://www.isa.org/products/ansi-isa-62443-3-3-99-03-03-2013-security-for-indu">SR 7.6</reference>
            <reference href="https://www.cyber.gov.au/acsc/view-all-content/ism">1315</reference>
            <reference href="https://www.cyber.gov.au/acsc/view-all-content/ism">1319</reference>
            <reference href="https://www.iso.org/contents/data/standard/05/45/54534.html">A.11.2.6</reference>
            <reference href="https://www.iso.org/contents/data/standard/05/45/54534.html">A.12.1.2</reference>
            <reference href="https://www.iso.org/contents/data/standard/05/45/54534.html">A.12.5.1</reference>
            <reference href="https://www.iso.org/contents/data/standard/05/45/54534.html">A.12.6.2</reference>
            <reference href="https://www.iso.org/contents/data/standard/05/45/54534.html">A.13.1.1</reference>
            <reference href="https://www.iso.org/contents/data/standard/05/45/54534.html">A.13.2.1</reference>
            <reference href="https://www.iso.org/contents/data/standard/05/45/54534.html">A.14.1.3</reference>
            <reference href="https://www.iso.org/contents/data/standard/05/45/54534.html">A.14.2.2</reference>
            <reference href="https://www.iso.org/contents/data/standard/05/45/54534.html">A.14.2.3</reference>
            <reference href="https://www.iso.org/contents/data/standard/05/45/54534.html">A.14.2.4</reference>
            <reference href="https://www.iso.org/contents/data/standard/05/45/54534.html">A.6.2.1</reference>
            <reference href="https://www.iso.org/contents/data/standard/05/45/54534.html">A.6.2.2</reference>
            <reference href="https://www.iso.org/contents/data/standard/05/45/54534.html">A.9.1.2</reference>
            <reference href="http://nvlpubs.nist.gov/nistpubs/SpecialPublications/NIST.SP.800-53r4.pdf">AC-18(a)</reference>
            <reference href="http://nvlpubs.nist.gov/nistpubs/SpecialPublications/NIST.SP.800-53r4.pdf">AC-18(3)</reference>
            <reference href="http://nvlpubs.nist.gov/nistpubs/SpecialPublications/NIST.SP.800-53r4.pdf">CM-7(a)</reference>
            <reference href="http://nvlpubs.nist.gov/nistpubs/SpecialPublications/NIST.SP.800-53r4.pdf">CM-7(b)</reference>
            <reference href="http://nvlpubs.nist.gov/nistpubs/SpecialPublications/NIST.SP.800-53r4.pdf">CM-6(a)</reference>
            <reference href="http://nvlpubs.nist.gov/nistpubs/SpecialPublications/NIST.SP.800-53r4.pdf">MP-7</reference>
            <reference href="https://nvlpubs.nist.gov/nistpubs/CSWP/NIST.CSWP.04162018.pdf">PR.AC-3</reference>
            <reference href="https://nvlpubs.nist.gov/nistpubs/CSWP/NIST.CSWP.04162018.pdf">PR.IP-1</reference>
            <reference href="https://nvlpubs.nist.gov/nistpubs/CSWP/NIST.CSWP.04162018.pdf">PR.PT-3</reference>
            <reference href="https://nvlpubs.nist.gov/nistpubs/CSWP/NIST.CSWP.04162018.pdf">PR.PT-4</reference>
            <reference href="https://www.pcisecuritystandards.org/documents/PCI_DSS_v3-2-1.pdf">Req-1.3.3</reference>
            <reference href="https://public.cyber.mil/stigs/downloads/?_dl_facet_stigs=operating-systems%2Cgeneral-purpose-os">SRG-OS-000299-GPOS-00117</reference>
            <reference href="https://public.cyber.mil/stigs/downloads/?_dl_facet_stigs=operating-systems%2Cgeneral-purpose-os">SRG-OS-000300-GPOS-00118</reference>
            <reference href="https://public.cyber.mil/stigs/downloads/?_dl_facet_stigs=operating-systems%2Cgeneral-purpose-os">SRG-OS-000424-GPOS-00188</reference>
            <reference href="https://public.cyber.mil/stigs/downloads/?_dl_facet_stigs=operating-systems%2Cgeneral-purpose-os">SRG-OS-000481-GPOS-000481</reference>
            <reference href="https://www.cisecurity.org/benchmark/ubuntu_linux/">3.1.2</reference>
            <reference href="https://docs-prv.pcisecuritystandards.org/PCI%20DSS/Standard/PCI-DSS-v4_0.pdf">1.3.3</reference>
            <reference href="https://docs-prv.pcisecuritystandards.org/PCI%20DSS/Standard/PCI-DSS-v4_0.pdf">1.3</reference>
            <rationale xmlns:xhtml="http://www.w3.org/1999/xhtml" xml:lang="en-US">The use of wireless networking can introduce many different attack vectors into
the organization's network. Common attack vectors such as malicious association
and ad hoc networks will allow an attacker to spoof a wireless access point
(AP), allowing validated systems to connect to the malicious AP and enabling the
attacker to monitor and record network traffic. These malicious APs can also
serve to create a man-in-the-middle attack or be used to create a denial of
service to valid network resources.</rationale>
            <platform idref="#wifi-iface"/>
            <fix xmlns:xhtml="http://www.w3.org/1999/xhtml" id="wireless_disable_interfaces" system="urn:xccdf:fix:script:ansible" complexity="low" disruption="medium">- name: Gather the package facts
  package_facts:
    manager: auto
  tags:
  - NIST-800-171-3.1.16
  - NIST-800-53-AC-18(3)
  - NIST-800-53-AC-18(a)
  - NIST-800-53-CM-6(a)
  - NIST-800-53-CM-7(a)
  - NIST-800-53-CM-7(b)
  - NIST-800-53-MP-7
  - PCI-DSS-Req-1.3.3
  - PCI-DSSv4-1.3
  - PCI-DSSv4-1.3.3
  - low_complexity
  - medium_disruption
  - medium_severity
  - no_reboot_needed
  - unknown_strategy
  - wireless_disable_interfaces

- name: Service facts
  ansible.builtin.service_facts: null
  tags:
  - NIST-800-171-3.1.16
  - NIST-800-53-AC-18(3)
  - NIST-800-53-AC-18(a)
  - NIST-800-53-CM-6(a)
  - NIST-800-53-CM-7(a)
  - NIST-800-53-CM-7(b)
  - NIST-800-53-MP-7
  - PCI-DSS-Req-1.3.3
  - PCI-DSSv4-1.3
  - PCI-DSSv4-1.3.3
  - low_complexity
  - medium_disruption
  - medium_severity
  - no_reboot_needed
  - unknown_strategy
  - wireless_disable_interfaces

- name: Ensure NetworkManager is installed
  ansible.builtin.package:
    name: '{{ item }}'
    state: present
  with_items:
  - NetworkManager
  tags:
  - NIST-800-171-3.1.16
  - NIST-800-53-AC-18(3)
  - NIST-800-53-AC-18(a)
  - NIST-800-53-CM-6(a)
  - NIST-800-53-CM-7(a)
  - NIST-800-53-CM-7(b)
  - NIST-800-53-MP-7
  - PCI-DSS-Req-1.3.3
  - PCI-DSSv4-1.3
  - PCI-DSSv4-1.3.3
  - low_complexity
  - medium_disruption
  - medium_severity
  - no_reboot_needed
  - unknown_strategy
  - wireless_disable_interfaces

- name: NetworkManager Deactivate Wireless Network Interfaces
  command: nmcli radio wifi off
  when:
  - '''NetworkManager'' in ansible_facts.packages'
  - ansible_facts.services['NetworkManager.service'].state == 'running'
  tags:
  - NIST-800-171-3.1.16
  - NIST-800-53-AC-18(3)
  - NIST-800-53-AC-18(a)
  - NIST-800-53-CM-6(a)
  - NIST-800-53-CM-7(a)
  - NIST-800-53-CM-7(b)
  - NIST-800-53-MP-7
  - PCI-DSS-Req-1.3.3
  - PCI-DSSv4-1.3
  - PCI-DSSv4-1.3.3
  - low_complexity
  - medium_disruption
  - medium_severity
  - no_reboot_needed
  - unknown_strategy
  - wireless_disable_interfaces
</fix>
            <fix xmlns:xhtml="http://www.w3.org/1999/xhtml" id="wireless_disable_interfaces" system="urn:xccdf:fix:script:sh">
if [ -n "$(find /sys/class/net/*/ -type d -name wireless)" ]; then
    interfaces=$(find /sys/class/net/*/wireless -type d -name wireless | xargs -0 dirname | xargs basename)

    for i in $interfaces; do
        ip link set dev "$i" down
        drivers=$(basename "$(readlink -f /sys/class/net/"$i"/device/driver)")
        echo "install $drivers /bin/false" &gt;&gt; /etc/modprobe.d/disable_wireless.conf
        modprobe -r "$drivers"
     done
fi
</fix>
            <check system="http://oval.mitre.org/XMLSchema/oval-definitions-5">
              <check-content-ref name="oval:ssg-wireless_disable_interfaces:def:1" href="ssg-ubuntu2404-oval.xml"/>
            </check>
            <check system="http://scap.nist.gov/schema/ocil/2">
              <check-content-ref name="ocil:ssg-wireless_disable_interfaces_ocil:questionnaire:1" href="ssg-ubuntu2404-ocil.xml"/>
            </check>
          </Rule>
        </Group>
      </Group>
    </Group>
    <Group id="xccdf_org.ssgproject.content_group_permissions">
      <title xmlns:xhtml="http://www.w3.org/1999/xhtml" xml:lang="en-US">File Permissions and Masks</title>
      <description xmlns:xhtml="http://www.w3.org/1999/xhtml" xml:lang="en-US">Traditional Unix security relies heavily on file and
directory permissions to prevent unauthorized users from reading or
modifying files to which they should not have access.
<html:br xmlns:html="http://www.w3.org/1999/xhtml"/>
      <html:br xmlns:html="http://www.w3.org/1999/xhtml"/>
Several of the commands in this section search filesystems
for files or directories with certain characteristics, and are
intended to be run on every local partition on a given system.
When the variable <html:i xmlns:html="http://www.w3.org/1999/xhtml">PART</html:i> appears in one of the commands below,
it means that the command is intended to be run repeatedly, with the
name of each local partition substituted for <html:i xmlns:html="http://www.w3.org/1999/xhtml">PART</html:i> in turn.
<html:br xmlns:html="http://www.w3.org/1999/xhtml"/>
      <html:br xmlns:html="http://www.w3.org/1999/xhtml"/>
The following command prints a list of all xfs partitions on the local
system, which is the default filesystem for Ubuntu 24.04
installations:
<html:pre xmlns:html="http://www.w3.org/1999/xhtml">$ mount -t xfs | awk '{print $3}'</html:pre>
For any systems that use a different
local filesystem type, modify this command as appropriate.</description>
      <Group id="xccdf_org.ssgproject.content_group_files">
        <title xmlns:xhtml="http://www.w3.org/1999/xhtml" xml:lang="en-US">Verify Permissions on Important Files and
Directories</title>
        <description xmlns:xhtml="http://www.w3.org/1999/xhtml" xml:lang="en-US">Permissions for many files on a system must be set
restrictively to ensure sensitive information is properly protected.
This section discusses important
permission restrictions which can be verified
to ensure that no harmful discrepancies have
arisen.</description>
        <Rule id="xccdf_org.ssgproject.content_rule_file_permissions_unauthorized_world_writable" selected="false" role="full" severity="medium">
          <title xmlns:xhtml="http://www.w3.org/1999/xhtml" xml:lang="en-US">Ensure No World-Writable Files Exist</title>
          <description xmlns:xhtml="http://www.w3.org/1999/xhtml" xml:lang="en-US">It is generally a good idea to remove global (other) write access to a file when it is
discovered. However, check with documentation for specific applications before making changes.
Also, monitor for recurring world-writable files, as these may be symptoms of a misconfigured
application or user account. Finally, this applies to real files and not virtual files that
are a part of pseudo file systems such as <html:code xmlns:html="http://www.w3.org/1999/xhtml">sysfs</html:code> or <html:code xmlns:html="http://www.w3.org/1999/xhtml">procfs</html:code>.</description>
          <warning xmlns:xhtml="http://www.w3.org/1999/xhtml" xml:lang="en-US" category="general">This rule can take a long time to perform the check and might consume a considerable
amount of resources depending on the number of files present on the system. It is not a
problem in most cases, but especially systems with a large number of files can be affected.
See <html:code xmlns:html="http://www.w3.org/1999/xhtml">https://access.redhat.com/articles/6999111</html:code>.</warning>
          <reference href="https://www.cisecurity.org/controls/">12</reference>
          <reference href="https://www.cisecurity.org/controls/">13</reference>
          <reference href="https://www.cisecurity.org/controls/">14</reference>
          <reference href="https://www.cisecurity.org/controls/">15</reference>
          <reference href="https://www.cisecurity.org/controls/">16</reference>
          <reference href="https://www.cisecurity.org/controls/">18</reference>
          <reference href="https://www.cisecurity.org/controls/">3</reference>
          <reference href="https://www.cisecurity.org/controls/">5</reference>
          <reference href="https://www.isaca.org/resources/cobit">APO01.06</reference>
          <reference href="https://www.isaca.org/resources/cobit">DSS05.04</reference>
          <reference href="https://www.isaca.org/resources/cobit">DSS05.07</reference>
          <reference href="https://www.isaca.org/resources/cobit">DSS06.02</reference>
          <reference href="https://www.isa.org/products/isa-62443-2-1-2009-security-for-industrial-automat">4.3.3.7.3</reference>
          <reference href="https://www.isa.org/products/ansi-isa-62443-3-3-99-03-03-2013-security-for-indu">SR 2.1</reference>
          <reference href="https://www.isa.org/products/ansi-isa-62443-3-3-99-03-03-2013-security-for-indu">SR 5.2</reference>
          <reference href="https://www.iso.org/contents/data/standard/05/45/54534.html">A.10.1.1</reference>
          <reference href="https://www.iso.org/contents/data/standard/05/45/54534.html">A.11.1.4</reference>
          <reference href="https://www.iso.org/contents/data/standard/05/45/54534.html">A.11.1.5</reference>
          <reference href="https://www.iso.org/contents/data/standard/05/45/54534.html">A.11.2.1</reference>
          <reference href="https://www.iso.org/contents/data/standard/05/45/54534.html">A.13.1.1</reference>
          <reference href="https://www.iso.org/contents/data/standard/05/45/54534.html">A.13.1.3</reference>
          <reference href="https://www.iso.org/contents/data/standard/05/45/54534.html">A.13.2.1</reference>
          <reference href="https://www.iso.org/contents/data/standard/05/45/54534.html">A.13.2.3</reference>
          <reference href="https://www.iso.org/contents/data/standard/05/45/54534.html">A.13.2.4</reference>
          <reference href="https://www.iso.org/contents/data/standard/05/45/54534.html">A.14.1.2</reference>
          <reference href="https://www.iso.org/contents/data/standard/05/45/54534.html">A.14.1.3</reference>
          <reference href="https://www.iso.org/contents/data/standard/05/45/54534.html">A.6.1.2</reference>
          <reference href="https://www.iso.org/contents/data/standard/05/45/54534.html">A.7.1.1</reference>
          <reference href="https://www.iso.org/contents/data/standard/05/45/54534.html">A.7.1.2</reference>
          <reference href="https://www.iso.org/contents/data/standard/05/45/54534.html">A.7.3.1</reference>
          <reference href="https://www.iso.org/contents/data/standard/05/45/54534.html">A.8.2.2</reference>
          <reference href="https://www.iso.org/contents/data/standard/05/45/54534.html">A.8.2.3</reference>
          <reference href="https://www.iso.org/contents/data/standard/05/45/54534.html">A.9.1.1</reference>
          <reference href="https://www.iso.org/contents/data/standard/05/45/54534.html">A.9.1.2</reference>
          <reference href="https://www.iso.org/contents/data/standard/05/45/54534.html">A.9.2.3</reference>
          <reference href="https://www.iso.org/contents/data/standard/05/45/54534.html">A.9.4.1</reference>
          <reference href="https://www.iso.org/contents/data/standard/05/45/54534.html">A.9.4.4</reference>
          <reference href="https://www.iso.org/contents/data/standard/05/45/54534.html">A.9.4.5</reference>
          <reference href="https://www.nerc.com/pa/Stand/AlignRep/One%20Stop%20Shop.xlsx">CIP-003-8 R5.1.1</reference>
          <reference href="https://www.nerc.com/pa/Stand/AlignRep/One%20Stop%20Shop.xlsx">CIP-003-8 R5.3</reference>
          <reference href="https://www.nerc.com/pa/Stand/AlignRep/One%20Stop%20Shop.xlsx">CIP-004-6 R2.3</reference>
          <reference href="https://www.nerc.com/pa/Stand/AlignRep/One%20Stop%20Shop.xlsx">CIP-007-3 R2.1</reference>
          <reference href="https://www.nerc.com/pa/Stand/AlignRep/One%20Stop%20Shop.xlsx">CIP-007-3 R2.2</reference>
          <reference href="https://www.nerc.com/pa/Stand/AlignRep/One%20Stop%20Shop.xlsx">CIP-007-3 R2.3</reference>
          <reference href="https://www.nerc.com/pa/Stand/AlignRep/One%20Stop%20Shop.xlsx">CIP-007-3 R5.1</reference>
          <reference href="https://www.nerc.com/pa/Stand/AlignRep/One%20Stop%20Shop.xlsx">CIP-007-3 R5.1.1</reference>
          <reference href="https://www.nerc.com/pa/Stand/AlignRep/One%20Stop%20Shop.xlsx">CIP-007-3 R5.1.2</reference>
          <reference href="http://nvlpubs.nist.gov/nistpubs/SpecialPublications/NIST.SP.800-53r4.pdf">CM-6(a)</reference>
          <reference href="http://nvlpubs.nist.gov/nistpubs/SpecialPublications/NIST.SP.800-53r4.pdf">AC-6(1)</reference>
          <reference href="https://nvlpubs.nist.gov/nistpubs/CSWP/NIST.CSWP.04162018.pdf">PR.AC-4</reference>
          <reference href="https://nvlpubs.nist.gov/nistpubs/CSWP/NIST.CSWP.04162018.pdf">PR.DS-5</reference>
          <reference href="https://cyber.gouv.fr/sites/default/files/document/linux_configuration-en-v2.pdf">R54</reference>
          <reference href="https://www.cisecurity.org/benchmark/ubuntu_linux/">7.1.11</reference>
          <reference href="https://docs-prv.pcisecuritystandards.org/PCI%20DSS/Standard/PCI-DSS-v4_0.pdf">2.2.6</reference>
          <reference href="https://docs-prv.pcisecuritystandards.org/PCI%20DSS/Standard/PCI-DSS-v4_0.pdf">2.2</reference>
          <rationale xmlns:xhtml="http://www.w3.org/1999/xhtml" xml:lang="en-US">Data in world-writable files can be modified by any user on the system. In almost all
circumstances, files can be configured using a combination of user and group permissions to
support whatever legitimate access is needed without the risk caused by world-writable files.</rationale>
          <fix xmlns:xhtml="http://www.w3.org/1999/xhtml" id="file_permissions_unauthorized_world_writable" system="urn:xccdf:fix:script:sh" complexity="low" disruption="low" strategy="configure">
FILTER_NODEV=$(awk '/nodev/ { print $2 }' /proc/filesystems | paste -sd,)

# Do not consider /sysroot partition because it contains only the physical
# read-only root on bootable containers.
PARTITIONS=$(findmnt -n -l -k -it $FILTER_NODEV | awk '{ print $1 }' | grep -v "/sysroot")

for PARTITION in $PARTITIONS; do
  find "${PARTITION}" -xdev -type f -perm -002 -exec chmod o-w {} \; 2&gt;/dev/null
done

# Ensure /tmp is also fixed when tmpfs is used.
if grep "^tmpfs /tmp" /proc/mounts; then
  find /tmp -xdev -type f -perm -002 -exec chmod o-w {} \; 2&gt;/dev/null
fi
</fix>
          <check system="http://scap.nist.gov/schema/ocil/2">
            <check-content-ref name="ocil:ssg-file_permissions_unauthorized_world_writable_ocil:questionnaire:1" href="ssg-ubuntu2404-ocil.xml"/>
          </check>
        </Rule>
        <Rule id="xccdf_org.ssgproject.content_rule_file_permissions_ungroupowned" selected="false" role="full" severity="medium">
          <title xmlns:xhtml="http://www.w3.org/1999/xhtml" xml:lang="en-US">Ensure All Files Are Owned by a Group</title>
          <description xmlns:xhtml="http://www.w3.org/1999/xhtml" xml:lang="en-US">If any file is not group-owned by a valid defined group, the cause of the lack of
group-ownership must be investigated. Following this, those files should be deleted or
assigned to an appropriate group. The groups need to be defined in <html:code xmlns:html="http://www.w3.org/1999/xhtml">/etc/group</html:code>
or in <html:code xmlns:html="http://www.w3.org/1999/xhtml">/usr/lib/group</html:code> if <html:code xmlns:html="http://www.w3.org/1999/xhtml">nss-altfiles</html:code> are configured to be used
in <html:code xmlns:html="http://www.w3.org/1999/xhtml">/etc/nsswitch.conf</html:code>.

Locate the mount points related to local devices by the following command:
<html:pre xmlns:html="http://www.w3.org/1999/xhtml">$ findmnt -n -l -k -it $(awk '/nodev/ { print $2 }' /proc/filesystems | paste -sd,)</html:pre>

For all mount points listed by the previous command, it is necessary to search for files which
do not belong to a valid group using the following command:
<html:pre xmlns:html="http://www.w3.org/1999/xhtml">$ sudo find <html:i>MOUNTPOINT</html:i> -xdev -nogroup 2&gt;/dev/null</html:pre>
       </description>
          <warning xmlns:xhtml="http://www.w3.org/1999/xhtml" xml:lang="en-US" category="general">This rule only considers local groups as valid groups.
If you have your groups defined outside <html:code xmlns:html="http://www.w3.org/1999/xhtml">/etc/group</html:code> or <html:code xmlns:html="http://www.w3.org/1999/xhtml">/usr/lib/group</html:code>, the rule won't consider those.</warning>
          <warning xmlns:xhtml="http://www.w3.org/1999/xhtml" xml:lang="en-US" category="general">This rule can take a long time to perform the check and might consume a considerable
amount of resources depending on the number of files present on the system. It is not a
problem in most cases, but especially systems with a large number of files can be affected.
See <html:code xmlns:html="http://www.w3.org/1999/xhtml">https://access.redhat.com/articles/6999111</html:code>.</warning>
          <reference href="https://www.cisecurity.org/controls/">1</reference>
          <reference href="https://www.cisecurity.org/controls/">11</reference>
          <reference href="https://www.cisecurity.org/controls/">12</reference>
          <reference href="https://www.cisecurity.org/controls/">13</reference>
          <reference href="https://www.cisecurity.org/controls/">14</reference>
          <reference href="https://www.cisecurity.org/controls/">15</reference>
          <reference href="https://www.cisecurity.org/controls/">16</reference>
          <reference href="https://www.cisecurity.org/controls/">18</reference>
          <reference href="https://www.cisecurity.org/controls/">3</reference>
          <reference href="https://www.cisecurity.org/controls/">5</reference>
          <reference href="https://www.isaca.org/resources/cobit">APO01.06</reference>
          <reference href="https://www.isaca.org/resources/cobit">DSS05.02</reference>
          <reference href="https://www.isaca.org/resources/cobit">DSS05.04</reference>
          <reference href="https://www.isaca.org/resources/cobit">DSS05.05</reference>
          <reference href="https://www.isaca.org/resources/cobit">DSS05.07</reference>
          <reference href="https://www.isaca.org/resources/cobit">DSS05.10</reference>
          <reference href="https://www.isaca.org/resources/cobit">DSS06.02</reference>
          <reference href="https://www.isaca.org/resources/cobit">DSS06.03</reference>
          <reference href="https://www.isaca.org/resources/cobit">DSS06.06</reference>
          <reference href="https://www.isaca.org/resources/cobit">DSS06.10</reference>
          <reference href="https://public.cyber.mil/stigs/cci/">CCI-000366</reference>
          <reference href="https://www.isa.org/products/isa-62443-2-1-2009-security-for-industrial-automat">4.3.3.2.2</reference>
          <reference href="https://www.isa.org/products/isa-62443-2-1-2009-security-for-industrial-automat">4.3.3.5.1</reference>
          <reference href="https://www.isa.org/products/isa-62443-2-1-2009-security-for-industrial-automat">4.3.3.5.2</reference>
          <reference href="https://www.isa.org/products/isa-62443-2-1-2009-security-for-industrial-automat">4.3.3.5.3</reference>
          <reference href="https://www.isa.org/products/isa-62443-2-1-2009-security-for-industrial-automat">4.3.3.5.4</reference>
          <reference href="https://www.isa.org/products/isa-62443-2-1-2009-security-for-industrial-automat">4.3.3.5.5</reference>
          <reference href="https://www.isa.org/products/isa-62443-2-1-2009-security-for-industrial-automat">4.3.3.5.6</reference>
          <reference href="https://www.isa.org/products/isa-62443-2-1-2009-security-for-industrial-automat">4.3.3.5.7</reference>
          <reference href="https://www.isa.org/products/isa-62443-2-1-2009-security-for-industrial-automat">4.3.3.5.8</reference>
          <reference href="https://www.isa.org/products/isa-62443-2-1-2009-security-for-industrial-automat">4.3.3.6.1</reference>
          <reference href="https://www.isa.org/products/isa-62443-2-1-2009-security-for-industrial-automat">4.3.3.6.2</reference>
          <reference href="https://www.isa.org/products/isa-62443-2-1-2009-security-for-industrial-automat">4.3.3.6.3</reference>
          <reference href="https://www.isa.org/products/isa-62443-2-1-2009-security-for-industrial-automat">4.3.3.6.4</reference>
          <reference href="https://www.isa.org/products/isa-62443-2-1-2009-security-for-industrial-automat">4.3.3.6.5</reference>
          <reference href="https://www.isa.org/products/isa-62443-2-1-2009-security-for-industrial-automat">4.3.3.6.6</reference>
          <reference href="https://www.isa.org/products/isa-62443-2-1-2009-security-for-industrial-automat">4.3.3.6.7</reference>
          <reference href="https://www.isa.org/products/isa-62443-2-1-2009-security-for-industrial-automat">4.3.3.6.8</reference>
          <reference href="https://www.isa.org/products/isa-62443-2-1-2009-security-for-industrial-automat">4.3.3.6.9</reference>
          <reference href="https://www.isa.org/products/isa-62443-2-1-2009-security-for-industrial-automat">4.3.3.7.1</reference>
          <reference href="https://www.isa.org/products/isa-62443-2-1-2009-security-for-industrial-automat">4.3.3.7.2</reference>
          <reference href="https://www.isa.org/products/isa-62443-2-1-2009-security-for-industrial-automat">4.3.3.7.3</reference>
          <reference href="https://www.isa.org/products/isa-62443-2-1-2009-security-for-industrial-automat">4.3.3.7.4</reference>
          <reference href="https://www.isa.org/products/ansi-isa-62443-3-3-99-03-03-2013-security-for-indu">SR 1.1</reference>
          <reference href="https://www.isa.org/products/ansi-isa-62443-3-3-99-03-03-2013-security-for-indu">SR 1.10</reference>
          <reference href="https://www.isa.org/products/ansi-isa-62443-3-3-99-03-03-2013-security-for-indu">SR 1.11</reference>
          <reference href="https://www.isa.org/products/ansi-isa-62443-3-3-99-03-03-2013-security-for-indu">SR 1.12</reference>
          <reference href="https://www.isa.org/products/ansi-isa-62443-3-3-99-03-03-2013-security-for-indu">SR 1.13</reference>
          <reference href="https://www.isa.org/products/ansi-isa-62443-3-3-99-03-03-2013-security-for-indu">SR 1.2</reference>
          <reference href="https://www.isa.org/products/ansi-isa-62443-3-3-99-03-03-2013-security-for-indu">SR 1.3</reference>
          <reference href="https://www.isa.org/products/ansi-isa-62443-3-3-99-03-03-2013-security-for-indu">SR 1.4</reference>
          <reference href="https://www.isa.org/products/ansi-isa-62443-3-3-99-03-03-2013-security-for-indu">SR 1.5</reference>
          <reference href="https://www.isa.org/products/ansi-isa-62443-3-3-99-03-03-2013-security-for-indu">SR 1.6</reference>
          <reference href="https://www.isa.org/products/ansi-isa-62443-3-3-99-03-03-2013-security-for-indu">SR 1.7</reference>
          <reference href="https://www.isa.org/products/ansi-isa-62443-3-3-99-03-03-2013-security-for-indu">SR 1.8</reference>
          <reference href="https://www.isa.org/products/ansi-isa-62443-3-3-99-03-03-2013-security-for-indu">SR 1.9</reference>
          <reference href="https://www.isa.org/products/ansi-isa-62443-3-3-99-03-03-2013-security-for-indu">SR 2.1</reference>
          <reference href="https://www.isa.org/products/ansi-isa-62443-3-3-99-03-03-2013-security-for-indu">SR 2.2</reference>
          <reference href="https://www.isa.org/products/ansi-isa-62443-3-3-99-03-03-2013-security-for-indu">SR 2.3</reference>
          <reference href="https://www.isa.org/products/ansi-isa-62443-3-3-99-03-03-2013-security-for-indu">SR 2.4</reference>
          <reference href="https://www.isa.org/products/ansi-isa-62443-3-3-99-03-03-2013-security-for-indu">SR 2.5</reference>
          <reference href="https://www.isa.org/products/ansi-isa-62443-3-3-99-03-03-2013-security-for-indu">SR 2.6</reference>
          <reference href="https://www.isa.org/products/ansi-isa-62443-3-3-99-03-03-2013-security-for-indu">SR 2.7</reference>
          <reference href="https://www.isa.org/products/ansi-isa-62443-3-3-99-03-03-2013-security-for-indu">SR 5.2</reference>
          <reference href="https://www.iso.org/contents/data/standard/05/45/54534.html">A.10.1.1</reference>
          <reference href="https://www.iso.org/contents/data/standard/05/45/54534.html">A.11.1.4</reference>
          <reference href="https://www.iso.org/contents/data/standard/05/45/54534.html">A.11.1.5</reference>
          <reference href="https://www.iso.org/contents/data/standard/05/45/54534.html">A.11.2.1</reference>
          <reference href="https://www.iso.org/contents/data/standard/05/45/54534.html">A.13.1.1</reference>
          <reference href="https://www.iso.org/contents/data/standard/05/45/54534.html">A.13.1.3</reference>
          <reference href="https://www.iso.org/contents/data/standard/05/45/54534.html">A.13.2.1</reference>
          <reference href="https://www.iso.org/contents/data/standard/05/45/54534.html">A.13.2.3</reference>
          <reference href="https://www.iso.org/contents/data/standard/05/45/54534.html">A.13.2.4</reference>
          <reference href="https://www.iso.org/contents/data/standard/05/45/54534.html">A.14.1.2</reference>
          <reference href="https://www.iso.org/contents/data/standard/05/45/54534.html">A.14.1.3</reference>
          <reference href="https://www.iso.org/contents/data/standard/05/45/54534.html">A.18.1.4</reference>
          <reference href="https://www.iso.org/contents/data/standard/05/45/54534.html">A.6.1.2</reference>
          <reference href="https://www.iso.org/contents/data/standard/05/45/54534.html">A.7.1.1</reference>
          <reference href="https://www.iso.org/contents/data/standard/05/45/54534.html">A.7.1.2</reference>
          <reference href="https://www.iso.org/contents/data/standard/05/45/54534.html">A.7.3.1</reference>
          <reference href="https://www.iso.org/contents/data/standard/05/45/54534.html">A.8.2.2</reference>
          <reference href="https://www.iso.org/contents/data/standard/05/45/54534.html">A.8.2.3</reference>
          <reference href="https://www.iso.org/contents/data/standard/05/45/54534.html">A.9.1.1</reference>
          <reference href="https://www.iso.org/contents/data/standard/05/45/54534.html">A.9.1.2</reference>
          <reference href="https://www.iso.org/contents/data/standard/05/45/54534.html">A.9.2.1</reference>
          <reference href="https://www.iso.org/contents/data/standard/05/45/54534.html">A.9.2.2</reference>
          <reference href="https://www.iso.org/contents/data/standard/05/45/54534.html">A.9.2.3</reference>
          <reference href="https://www.iso.org/contents/data/standard/05/45/54534.html">A.9.2.4</reference>
          <reference href="https://www.iso.org/contents/data/standard/05/45/54534.html">A.9.2.6</reference>
          <reference href="https://www.iso.org/contents/data/standard/05/45/54534.html">A.9.3.1</reference>
          <reference href="https://www.iso.org/contents/data/standard/05/45/54534.html">A.9.4.1</reference>
          <reference href="https://www.iso.org/contents/data/standard/05/45/54534.html">A.9.4.2</reference>
          <reference href="https://www.iso.org/contents/data/standard/05/45/54534.html">A.9.4.3</reference>
          <reference href="https://www.iso.org/contents/data/standard/05/45/54534.html">A.9.4.4</reference>
          <reference href="https://www.iso.org/contents/data/standard/05/45/54534.html">A.9.4.5</reference>
          <reference href="http://nvlpubs.nist.gov/nistpubs/SpecialPublications/NIST.SP.800-53r4.pdf">CM-6(a)</reference>
          <reference href="http://nvlpubs.nist.gov/nistpubs/SpecialPublications/NIST.SP.800-53r4.pdf">AC-6(1)</reference>
          <reference href="https://nvlpubs.nist.gov/nistpubs/CSWP/NIST.CSWP.04162018.pdf">PR.AC-1</reference>
          <reference href="https://nvlpubs.nist.gov/nistpubs/CSWP/NIST.CSWP.04162018.pdf">PR.AC-4</reference>
          <reference href="https://nvlpubs.nist.gov/nistpubs/CSWP/NIST.CSWP.04162018.pdf">PR.AC-6</reference>
          <reference href="https://nvlpubs.nist.gov/nistpubs/CSWP/NIST.CSWP.04162018.pdf">PR.AC-7</reference>
          <reference href="https://nvlpubs.nist.gov/nistpubs/CSWP/NIST.CSWP.04162018.pdf">PR.DS-5</reference>
          <reference href="https://nvlpubs.nist.gov/nistpubs/CSWP/NIST.CSWP.04162018.pdf">PR.PT-3</reference>
          <reference href="https://public.cyber.mil/stigs/downloads/?_dl_facet_stigs=operating-systems%2Cgeneral-purpose-os">SRG-OS-000480-GPOS-00227</reference>
          <reference href="https://cyber.gouv.fr/sites/default/files/document/linux_configuration-en-v2.pdf">R53</reference>
          <reference href="https://www.cisecurity.org/benchmark/ubuntu_linux/">7.1.12</reference>
          <reference href="https://docs-prv.pcisecuritystandards.org/PCI%20DSS/Standard/PCI-DSS-v4_0.pdf">2.2.6</reference>
          <reference href="https://docs-prv.pcisecuritystandards.org/PCI%20DSS/Standard/PCI-DSS-v4_0.pdf">2.2</reference>
          <rationale xmlns:xhtml="http://www.w3.org/1999/xhtml" xml:lang="en-US">Unowned files do not directly imply a security problem, but they are generally a sign that
something is amiss. They may be caused by an intruder, by incorrect software installation or
draft software removal, or by failure to remove all files belonging to a deleted account, or
other similar cases. The files should be repaired so they will not cause problems when
accounts are created in the future, and the cause should be discovered and addressed.</rationale>
          <check system="http://scap.nist.gov/schema/ocil/2">
            <check-content-ref name="ocil:ssg-file_permissions_ungroupowned_ocil:questionnaire:1" href="ssg-ubuntu2404-ocil.xml"/>
          </check>
        </Rule>
        <Rule id="xccdf_org.ssgproject.content_rule_no_files_unowned_by_user" selected="false" role="full" severity="medium">
          <title xmlns:xhtml="http://www.w3.org/1999/xhtml" xml:lang="en-US">Ensure All Files Are Owned by a User</title>
          <description xmlns:xhtml="http://www.w3.org/1999/xhtml" xml:lang="en-US">If any files are not owned by a user, then the cause of their lack of ownership should be
investigated. Following this, the files should be deleted or assigned to an appropriate user.

Locate the mount points related to local devices by the following command:
<html:pre xmlns:html="http://www.w3.org/1999/xhtml">$ findmnt -n -l -k -it $(awk '/nodev/ { print $2 }' /proc/filesystems | paste -sd,)</html:pre>

For all mount points listed by the previous command, it is necessary to search for files which
do not belong to a valid user using the following command:
<html:pre xmlns:html="http://www.w3.org/1999/xhtml">$ sudo find <html:i>MOUNTPOINT</html:i> -xdev -nouser 2&gt;/dev/null</html:pre>
       </description>
          <warning xmlns:xhtml="http://www.w3.org/1999/xhtml" xml:lang="en-US" category="functionality">For this rule to evaluate centralized user accounts, <html:code xmlns:html="http://www.w3.org/1999/xhtml">getent</html:code> must be working properly
so that running the command <html:pre xmlns:html="http://www.w3.org/1999/xhtml">getent passwd</html:pre> returns a list of all users in your organization.
If using the System Security Services Daemon (SSSD), <html:pre xmlns:html="http://www.w3.org/1999/xhtml">enumerate = true</html:pre> must be configured
in your organization's domain to return a complete list of users</warning>
          <warning xmlns:xhtml="http://www.w3.org/1999/xhtml" xml:lang="en-US" category="general">This rule can take a long time to perform the check and might consume a considerable
amount of resources depending on the number of files present on the system. It is not a
problem in most cases, but especially systems with a large number of files can be affected.
See <html:code xmlns:html="http://www.w3.org/1999/xhtml">https://access.redhat.com/articles/6999111</html:code>.</warning>
          <reference href="https://www.cisecurity.org/controls/">11</reference>
          <reference href="https://www.cisecurity.org/controls/">12</reference>
          <reference href="https://www.cisecurity.org/controls/">13</reference>
          <reference href="https://www.cisecurity.org/controls/">14</reference>
          <reference href="https://www.cisecurity.org/controls/">15</reference>
          <reference href="https://www.cisecurity.org/controls/">16</reference>
          <reference href="https://www.cisecurity.org/controls/">18</reference>
          <reference href="https://www.cisecurity.org/controls/">3</reference>
          <reference href="https://www.cisecurity.org/controls/">5</reference>
          <reference href="https://www.cisecurity.org/controls/">9</reference>
          <reference href="https://www.isaca.org/resources/cobit">APO01.06</reference>
          <reference href="https://www.isaca.org/resources/cobit">BAI10.01</reference>
          <reference href="https://www.isaca.org/resources/cobit">BAI10.02</reference>
          <reference href="https://www.isaca.org/resources/cobit">BAI10.03</reference>
          <reference href="https://www.isaca.org/resources/cobit">BAI10.05</reference>
          <reference href="https://www.isaca.org/resources/cobit">DSS05.02</reference>
          <reference href="https://www.isaca.org/resources/cobit">DSS05.04</reference>
          <reference href="https://www.isaca.org/resources/cobit">DSS05.05</reference>
          <reference href="https://www.isaca.org/resources/cobit">DSS05.07</reference>
          <reference href="https://www.isaca.org/resources/cobit">DSS06.02</reference>
          <reference href="https://www.isaca.org/resources/cobit">DSS06.03</reference>
          <reference href="https://www.isaca.org/resources/cobit">DSS06.06</reference>
          <reference href="https://public.cyber.mil/stigs/cci/">CCI-000366</reference>
          <reference href="https://www.isa.org/products/isa-62443-2-1-2009-security-for-industrial-automat">4.3.3.2.2</reference>
          <reference href="https://www.isa.org/products/isa-62443-2-1-2009-security-for-industrial-automat">4.3.3.5.1</reference>
          <reference href="https://www.isa.org/products/isa-62443-2-1-2009-security-for-industrial-automat">4.3.3.5.2</reference>
          <reference href="https://www.isa.org/products/isa-62443-2-1-2009-security-for-industrial-automat">4.3.3.5.3</reference>
          <reference href="https://www.isa.org/products/isa-62443-2-1-2009-security-for-industrial-automat">4.3.3.5.4</reference>
          <reference href="https://www.isa.org/products/isa-62443-2-1-2009-security-for-industrial-automat">4.3.3.5.5</reference>
          <reference href="https://www.isa.org/products/isa-62443-2-1-2009-security-for-industrial-automat">4.3.3.5.6</reference>
          <reference href="https://www.isa.org/products/isa-62443-2-1-2009-security-for-industrial-automat">4.3.3.5.7</reference>
          <reference href="https://www.isa.org/products/isa-62443-2-1-2009-security-for-industrial-automat">4.3.3.5.8</reference>
          <reference href="https://www.isa.org/products/isa-62443-2-1-2009-security-for-industrial-automat">4.3.3.6.1</reference>
          <reference href="https://www.isa.org/products/isa-62443-2-1-2009-security-for-industrial-automat">4.3.3.6.2</reference>
          <reference href="https://www.isa.org/products/isa-62443-2-1-2009-security-for-industrial-automat">4.3.3.6.3</reference>
          <reference href="https://www.isa.org/products/isa-62443-2-1-2009-security-for-industrial-automat">4.3.3.6.4</reference>
          <reference href="https://www.isa.org/products/isa-62443-2-1-2009-security-for-industrial-automat">4.3.3.6.5</reference>
          <reference href="https://www.isa.org/products/isa-62443-2-1-2009-security-for-industrial-automat">4.3.3.6.6</reference>
          <reference href="https://www.isa.org/products/isa-62443-2-1-2009-security-for-industrial-automat">4.3.3.6.7</reference>
          <reference href="https://www.isa.org/products/isa-62443-2-1-2009-security-for-industrial-automat">4.3.3.6.8</reference>
          <reference href="https://www.isa.org/products/isa-62443-2-1-2009-security-for-industrial-automat">4.3.3.6.9</reference>
          <reference href="https://www.isa.org/products/isa-62443-2-1-2009-security-for-industrial-automat">4.3.3.7.1</reference>
          <reference href="https://www.isa.org/products/isa-62443-2-1-2009-security-for-industrial-automat">4.3.3.7.2</reference>
          <reference href="https://www.isa.org/products/isa-62443-2-1-2009-security-for-industrial-automat">4.3.3.7.3</reference>
          <reference href="https://www.isa.org/products/isa-62443-2-1-2009-security-for-industrial-automat">4.3.3.7.4</reference>
          <reference href="https://www.isa.org/products/isa-62443-2-1-2009-security-for-industrial-automat">4.3.4.3.2</reference>
          <reference href="https://www.isa.org/products/isa-62443-2-1-2009-security-for-industrial-automat">4.3.4.3.3</reference>
          <reference href="https://www.isa.org/products/ansi-isa-62443-3-3-99-03-03-2013-security-for-indu">SR 1.1</reference>
          <reference href="https://www.isa.org/products/ansi-isa-62443-3-3-99-03-03-2013-security-for-indu">SR 1.10</reference>
          <reference href="https://www.isa.org/products/ansi-isa-62443-3-3-99-03-03-2013-security-for-indu">SR 1.11</reference>
          <reference href="https://www.isa.org/products/ansi-isa-62443-3-3-99-03-03-2013-security-for-indu">SR 1.12</reference>
          <reference href="https://www.isa.org/products/ansi-isa-62443-3-3-99-03-03-2013-security-for-indu">SR 1.13</reference>
          <reference href="https://www.isa.org/products/ansi-isa-62443-3-3-99-03-03-2013-security-for-indu">SR 1.2</reference>
          <reference href="https://www.isa.org/products/ansi-isa-62443-3-3-99-03-03-2013-security-for-indu">SR 1.3</reference>
          <reference href="https://www.isa.org/products/ansi-isa-62443-3-3-99-03-03-2013-security-for-indu">SR 1.4</reference>
          <reference href="https://www.isa.org/products/ansi-isa-62443-3-3-99-03-03-2013-security-for-indu">SR 1.5</reference>
          <reference href="https://www.isa.org/products/ansi-isa-62443-3-3-99-03-03-2013-security-for-indu">SR 1.6</reference>
          <reference href="https://www.isa.org/products/ansi-isa-62443-3-3-99-03-03-2013-security-for-indu">SR 1.7</reference>
          <reference href="https://www.isa.org/products/ansi-isa-62443-3-3-99-03-03-2013-security-for-indu">SR 1.8</reference>
          <reference href="https://www.isa.org/products/ansi-isa-62443-3-3-99-03-03-2013-security-for-indu">SR 1.9</reference>
          <reference href="https://www.isa.org/products/ansi-isa-62443-3-3-99-03-03-2013-security-for-indu">SR 2.1</reference>
          <reference href="https://www.isa.org/products/ansi-isa-62443-3-3-99-03-03-2013-security-for-indu">SR 2.2</reference>
          <reference href="https://www.isa.org/products/ansi-isa-62443-3-3-99-03-03-2013-security-for-indu">SR 2.3</reference>
          <reference href="https://www.isa.org/products/ansi-isa-62443-3-3-99-03-03-2013-security-for-indu">SR 2.4</reference>
          <reference href="https://www.isa.org/products/ansi-isa-62443-3-3-99-03-03-2013-security-for-indu">SR 2.5</reference>
          <reference href="https://www.isa.org/products/ansi-isa-62443-3-3-99-03-03-2013-security-for-indu">SR 2.6</reference>
          <reference href="https://www.isa.org/products/ansi-isa-62443-3-3-99-03-03-2013-security-for-indu">SR 2.7</reference>
          <reference href="https://www.isa.org/products/ansi-isa-62443-3-3-99-03-03-2013-security-for-indu">SR 5.2</reference>
          <reference href="https://www.isa.org/products/ansi-isa-62443-3-3-99-03-03-2013-security-for-indu">SR 7.6</reference>
          <reference href="https://www.iso.org/contents/data/standard/05/45/54534.html">A.10.1.1</reference>
          <reference href="https://www.iso.org/contents/data/standard/05/45/54534.html">A.11.1.4</reference>
          <reference href="https://www.iso.org/contents/data/standard/05/45/54534.html">A.11.1.5</reference>
          <reference href="https://www.iso.org/contents/data/standard/05/45/54534.html">A.11.2.1</reference>
          <reference href="https://www.iso.org/contents/data/standard/05/45/54534.html">A.12.1.2</reference>
          <reference href="https://www.iso.org/contents/data/standard/05/45/54534.html">A.12.5.1</reference>
          <reference href="https://www.iso.org/contents/data/standard/05/45/54534.html">A.12.6.2</reference>
          <reference href="https://www.iso.org/contents/data/standard/05/45/54534.html">A.13.1.1</reference>
          <reference href="https://www.iso.org/contents/data/standard/05/45/54534.html">A.13.1.3</reference>
          <reference href="https://www.iso.org/contents/data/standard/05/45/54534.html">A.13.2.1</reference>
          <reference href="https://www.iso.org/contents/data/standard/05/45/54534.html">A.13.2.3</reference>
          <reference href="https://www.iso.org/contents/data/standard/05/45/54534.html">A.13.2.4</reference>
          <reference href="https://www.iso.org/contents/data/standard/05/45/54534.html">A.14.1.2</reference>
          <reference href="https://www.iso.org/contents/data/standard/05/45/54534.html">A.14.1.3</reference>
          <reference href="https://www.iso.org/contents/data/standard/05/45/54534.html">A.14.2.2</reference>
          <reference href="https://www.iso.org/contents/data/standard/05/45/54534.html">A.14.2.3</reference>
          <reference href="https://www.iso.org/contents/data/standard/05/45/54534.html">A.14.2.4</reference>
          <reference href="https://www.iso.org/contents/data/standard/05/45/54534.html">A.6.1.2</reference>
          <reference href="https://www.iso.org/contents/data/standard/05/45/54534.html">A.7.1.1</reference>
          <reference href="https://www.iso.org/contents/data/standard/05/45/54534.html">A.7.1.2</reference>
          <reference href="https://www.iso.org/contents/data/standard/05/45/54534.html">A.7.3.1</reference>
          <reference href="https://www.iso.org/contents/data/standard/05/45/54534.html">A.8.2.2</reference>
          <reference href="https://www.iso.org/contents/data/standard/05/45/54534.html">A.8.2.3</reference>
          <reference href="https://www.iso.org/contents/data/standard/05/45/54534.html">A.9.1.1</reference>
          <reference href="https://www.iso.org/contents/data/standard/05/45/54534.html">A.9.1.2</reference>
          <reference href="https://www.iso.org/contents/data/standard/05/45/54534.html">A.9.2.1</reference>
          <reference href="https://www.iso.org/contents/data/standard/05/45/54534.html">A.9.2.3</reference>
          <reference href="https://www.iso.org/contents/data/standard/05/45/54534.html">A.9.4.1</reference>
          <reference href="https://www.iso.org/contents/data/standard/05/45/54534.html">A.9.4.4</reference>
          <reference href="https://www.iso.org/contents/data/standard/05/45/54534.html">A.9.4.5</reference>
          <reference href="http://nvlpubs.nist.gov/nistpubs/SpecialPublications/NIST.SP.800-53r4.pdf">CM-6(a)</reference>
          <reference href="http://nvlpubs.nist.gov/nistpubs/SpecialPublications/NIST.SP.800-53r4.pdf">AC-6(1)</reference>
          <reference href="https://nvlpubs.nist.gov/nistpubs/CSWP/NIST.CSWP.04162018.pdf">PR.AC-4</reference>
          <reference href="https://nvlpubs.nist.gov/nistpubs/CSWP/NIST.CSWP.04162018.pdf">PR.AC-6</reference>
          <reference href="https://nvlpubs.nist.gov/nistpubs/CSWP/NIST.CSWP.04162018.pdf">PR.DS-5</reference>
          <reference href="https://nvlpubs.nist.gov/nistpubs/CSWP/NIST.CSWP.04162018.pdf">PR.IP-1</reference>
          <reference href="https://nvlpubs.nist.gov/nistpubs/CSWP/NIST.CSWP.04162018.pdf">PR.PT-3</reference>
          <reference href="https://public.cyber.mil/stigs/downloads/?_dl_facet_stigs=operating-systems%2Cgeneral-purpose-os">SRG-OS-000480-GPOS-00227</reference>
          <reference href="https://cyber.gouv.fr/sites/default/files/document/linux_configuration-en-v2.pdf">R53</reference>
          <reference href="https://www.cisecurity.org/benchmark/ubuntu_linux/">7.1.12</reference>
          <reference href="https://docs-prv.pcisecuritystandards.org/PCI%20DSS/Standard/PCI-DSS-v4_0.pdf">2.2.6</reference>
          <reference href="https://docs-prv.pcisecuritystandards.org/PCI%20DSS/Standard/PCI-DSS-v4_0.pdf">2.2</reference>
          <rationale xmlns:xhtml="http://www.w3.org/1999/xhtml" xml:lang="en-US">Unowned files do not directly imply a security problem, but they are generally a sign that
something is amiss. They may be caused by an intruder, by incorrect software installation or
draft software removal, or by failure to remove all files belonging to a deleted account, or
other similar cases. The files should be repaired so they will not cause problems when
accounts are created in the future, and the cause should be discovered and addressed.</rationale>
          <platform idref="#system_with_kernel"/>
          <check system="http://scap.nist.gov/schema/ocil/2">
            <check-content-ref name="ocil:ssg-no_files_unowned_by_user_ocil:questionnaire:1" href="ssg-ubuntu2404-ocil.xml"/>
          </check>
        </Rule>
        <Rule id="xccdf_org.ssgproject.content_rule_permissions_local_var_log" selected="false" role="full" severity="medium">
          <title xmlns:xhtml="http://www.w3.org/1999/xhtml" xml:lang="en-US">Verify permissions of log files</title>
          <description xmlns:xhtml="http://www.w3.org/1999/xhtml" xml:lang="en-US">Any operating system providing too much information in error messages
risks compromising the data and security of the structure, and content
of error messages needs to be carefully considered by the organization.

Organizations carefully consider the structure/content of error messages.
The extent to which information systems are able to identify and handle
error conditions is guided by organizational policy and operational
requirements. Information that could be exploited by adversaries includes,
for example, erroneous logon attempts with passwords entered by mistake
as the username, mission/business information that can be derived from
(if not stated explicitly by) information recorded, and personal
information, such as account numbers, social security numbers, and credit
card numbers.</description>
          <reference href="https://public.cyber.mil/stigs/cci/">CCI-001312</reference>
          <reference href="http://nvlpubs.nist.gov/nistpubs/SpecialPublications/NIST.SP.800-53r4.pdf">SI-11(a)</reference>
          <reference href="http://nvlpubs.nist.gov/nistpubs/SpecialPublications/NIST.SP.800-53r4.pdf">SI-11(b)</reference>
          <reference href="http://nvlpubs.nist.gov/nistpubs/SpecialPublications/NIST.SP.800-53r4.pdf">SI-11.1(iii)</reference>
          <reference href="https://nvlpubs.nist.gov/nistpubs/CSWP/NIST.CSWP.04162018.pdf">PR.AC-4</reference>
          <reference href="https://nvlpubs.nist.gov/nistpubs/CSWP/NIST.CSWP.04162018.pdf">PR.DS-5</reference>
          <reference href="https://public.cyber.mil/stigs/downloads/?_dl_facet_stigs=operating-systems%2Cgeneral-purpose-os">SRG-OS-000205-GPOS-00083</reference>
          <reference href="https://docs-prv.pcisecuritystandards.org/PCI%20DSS/Standard/PCI-DSS-v4_0.pdf">10.3.1</reference>
          <reference href="https://docs-prv.pcisecuritystandards.org/PCI%20DSS/Standard/PCI-DSS-v4_0.pdf">10.3</reference>
          <rationale xmlns:xhtml="http://www.w3.org/1999/xhtml" xml:lang="en-US">The Ubuntu 24.04 must generate error messages that provide information
necessary for corrective actions without revealing information that could
be exploited by adversaries.</rationale>
          <fix xmlns:xhtml="http://www.w3.org/1999/xhtml" id="permissions_local_var_log" system="urn:xccdf:fix:script:ansible" complexity="low" disruption="low" strategy="configure">- name: Find /var/log/ file(s)
  command: find -H /var/log/ -maxdepth 1 -perm /u+xs,g+xws,o+xwrt  -type f -regextype
    posix-extended -regex ".*"
  register: files_found
  changed_when: false
  failed_when: false
  check_mode: false
  tags:
  - NIST-800-53-SI-11(a)
  - NIST-800-53-SI-11(b)
  - NIST-800-53-SI-11.1(iii)
  - PCI-DSSv4-10.3
  - PCI-DSSv4-10.3.1
  - configure_strategy
  - low_complexity
  - low_disruption
  - medium_severity
  - no_reboot_needed
  - permissions_local_var_log

- name: Set permissions for /var/log/ file(s)
  file:
    path: '{{ item }}'
    mode: u-xs,g-xws,o-xwrt
    state: file
  with_items:
  - '{{ files_found.stdout_lines }}'
  tags:
  - NIST-800-53-SI-11(a)
  - NIST-800-53-SI-11(b)
  - NIST-800-53-SI-11.1(iii)
  - PCI-DSSv4-10.3
  - PCI-DSSv4-10.3.1
  - configure_strategy
  - low_complexity
  - low_disruption
  - medium_severity
  - no_reboot_needed
  - permissions_local_var_log
</fix>
          <fix xmlns:xhtml="http://www.w3.org/1999/xhtml" id="permissions_local_var_log" system="urn:xccdf:fix:script:sh" complexity="low" disruption="low" strategy="configure">



find -L /var/log/ -maxdepth 1 -perm /u+xs,g+xws,o+xwrt  -type f -regextype posix-extended -regex '.*' -exec chmod u-xs,g-xws,o-xwrt {} \;
</fix>
          <check system="http://oval.mitre.org/XMLSchema/oval-definitions-5">
            <check-content-ref name="oval:ssg-permissions_local_var_log:def:1" href="ssg-ubuntu2404-oval.xml"/>
          </check>
          <check system="http://scap.nist.gov/schema/ocil/2">
            <check-content-ref name="ocil:ssg-permissions_local_var_log_ocil:questionnaire:1" href="ssg-ubuntu2404-ocil.xml"/>
          </check>
        </Rule>
        <Group id="xccdf_org.ssgproject.content_group_permissions_important_account_files">
          <title xmlns:xhtml="http://www.w3.org/1999/xhtml" xml:lang="en-US">Verify Permissions on Files with Local Account Information and Credentials</title>
          <description xmlns:xhtml="http://www.w3.org/1999/xhtml" xml:lang="en-US">The default restrictive permissions for files which act as
important security databases such as <html:code xmlns:html="http://www.w3.org/1999/xhtml">passwd</html:code>, <html:code xmlns:html="http://www.w3.org/1999/xhtml">shadow</html:code>,
<html:code xmlns:html="http://www.w3.org/1999/xhtml">group</html:code>, and <html:code xmlns:html="http://www.w3.org/1999/xhtml">gshadow</html:code> files must be maintained.  Many utilities
need read access to the <html:code xmlns:html="http://www.w3.org/1999/xhtml">passwd</html:code> file in order to function properly, but
read access to the <html:code xmlns:html="http://www.w3.org/1999/xhtml">shadow</html:code> file allows malicious attacks against system
passwords, and should never be enabled.</description>
          <Rule id="xccdf_org.ssgproject.content_rule_file_groupowner_backup_etc_group" selected="false" role="full" severity="medium">
            <title xmlns:xhtml="http://www.w3.org/1999/xhtml" xml:lang="en-US">Verify Group Who Owns Backup group File</title>
            <description xmlns:xhtml="http://www.w3.org/1999/xhtml" xml:lang="en-US"> To properly set the group owner of <html:code xmlns:html="http://www.w3.org/1999/xhtml">/etc/group-</html:code>, run the command: <html:pre xmlns:html="http://www.w3.org/1999/xhtml">$ sudo chgrp root /etc/group-</html:pre>
        </description>
            <reference href="https://public.cyber.mil/stigs/cci/">CCI-000366</reference>
            <reference href="http://nvlpubs.nist.gov/nistpubs/SpecialPublications/NIST.SP.800-53r4.pdf">AC-6 (1)</reference>
            <reference href="https://www.pcisecuritystandards.org/documents/PCI_DSS_v3-2-1.pdf">Req-8.7</reference>
            <reference href="https://public.cyber.mil/stigs/downloads/?_dl_facet_stigs=operating-systems%2Cgeneral-purpose-os">SRG-OS-000480-GPOS-00227</reference>
            <reference href="https://www.cisecurity.org/benchmark/ubuntu_linux/">7.1.4</reference>
            <reference href="https://docs-prv.pcisecuritystandards.org/PCI%20DSS/Standard/PCI-DSS-v4_0.pdf">2.2.6</reference>
            <reference href="https://docs-prv.pcisecuritystandards.org/PCI%20DSS/Standard/PCI-DSS-v4_0.pdf">2.2</reference>
            <rationale xmlns:xhtml="http://www.w3.org/1999/xhtml" xml:lang="en-US">The <html:code xmlns:html="http://www.w3.org/1999/xhtml">/etc/group-</html:code> file is a backup file of <html:code xmlns:html="http://www.w3.org/1999/xhtml">/etc/group</html:code>, and as such,
it contains information regarding groups that are configured on the system.
Protection of this file is important for system security.</rationale>
            <fix xmlns:xhtml="http://www.w3.org/1999/xhtml" id="file_groupowner_backup_etc_group" system="urn:xccdf:fix:script:ansible" complexity="low" disruption="low" strategy="configure">- name: Test for existence /etc/group-
  stat:
    path: /etc/group-
  register: file_exists
  tags:
  - NIST-800-53-AC-6 (1)
  - PCI-DSS-Req-8.7
  - PCI-DSSv4-2.2
  - PCI-DSSv4-2.2.6
  - configure_strategy
  - file_groupowner_backup_etc_group
  - low_complexity
  - low_disruption
  - medium_severity
  - no_reboot_needed

- name: Ensure group owner 0 on /etc/group-
  file:
    path: /etc/group-
    group: '0'
  when: file_exists.stat is defined and file_exists.stat.exists
  tags:
  - NIST-800-53-AC-6 (1)
  - PCI-DSS-Req-8.7
  - PCI-DSSv4-2.2
  - PCI-DSSv4-2.2.6
  - configure_strategy
  - file_groupowner_backup_etc_group
  - low_complexity
  - low_disruption
  - medium_severity
  - no_reboot_needed
</fix>
            <fix xmlns:xhtml="http://www.w3.org/1999/xhtml" id="file_groupowner_backup_etc_group" system="urn:xccdf:fix:script:sh" complexity="low" disruption="low" strategy="configure">chgrp 0 /etc/group-
</fix>
            <check system="http://oval.mitre.org/XMLSchema/oval-definitions-5">
              <check-content-ref name="oval:ssg-file_groupowner_backup_etc_group:def:1" href="ssg-ubuntu2404-oval.xml"/>
            </check>
            <check system="http://scap.nist.gov/schema/ocil/2">
              <check-content-ref name="ocil:ssg-file_groupowner_backup_etc_group_ocil:questionnaire:1" href="ssg-ubuntu2404-ocil.xml"/>
            </check>
          </Rule>
          <Rule id="xccdf_org.ssgproject.content_rule_file_groupowner_backup_etc_gshadow" selected="false" role="full" severity="medium">
            <title xmlns:xhtml="http://www.w3.org/1999/xhtml" xml:lang="en-US">Verify Group Who Owns Backup gshadow File</title>
            <description xmlns:xhtml="http://www.w3.org/1999/xhtml" xml:lang="en-US"> To properly set the group owner of <html:code xmlns:html="http://www.w3.org/1999/xhtml">/etc/gshadow-</html:code>, run the command: <html:pre xmlns:html="http://www.w3.org/1999/xhtml">$ sudo chgrp shadow /etc/gshadow-</html:pre>
        </description>
            <reference href="https://public.cyber.mil/stigs/cci/">CCI-000366</reference>
            <reference href="http://nvlpubs.nist.gov/nistpubs/SpecialPublications/NIST.SP.800-53r4.pdf">AC-6 (1)</reference>
            <reference href="https://www.pcisecuritystandards.org/documents/PCI_DSS_v3-2-1.pdf">Req-8.7</reference>
            <reference href="https://public.cyber.mil/stigs/downloads/?_dl_facet_stigs=operating-systems%2Cgeneral-purpose-os">SRG-OS-000480-GPOS-00227</reference>
            <reference href="https://www.cisecurity.org/benchmark/ubuntu_linux/">7.1.8</reference>
            <rationale xmlns:xhtml="http://www.w3.org/1999/xhtml" xml:lang="en-US">The <html:code xmlns:html="http://www.w3.org/1999/xhtml">/etc/gshadow-</html:code> file is a backup of <html:code xmlns:html="http://www.w3.org/1999/xhtml">/etc/gshadow</html:code>, and as such,
it contains group password hashes. Protection of this file is critical for system security.</rationale>
            <fix xmlns:xhtml="http://www.w3.org/1999/xhtml" id="file_groupowner_backup_etc_gshadow" system="urn:xccdf:fix:script:ansible" complexity="low" disruption="low" strategy="configure">- name: Test for existence /etc/gshadow-
  stat:
    path: /etc/gshadow-
  register: file_exists
  tags:
  - NIST-800-53-AC-6 (1)
  - PCI-DSS-Req-8.7
  - configure_strategy
  - file_groupowner_backup_etc_gshadow
  - low_complexity
  - low_disruption
  - medium_severity
  - no_reboot_needed

- name: Ensure group owner 0 on /etc/gshadow-
  file:
    path: /etc/gshadow-
    group: '0'
  when: file_exists.stat is defined and file_exists.stat.exists
  tags:
  - NIST-800-53-AC-6 (1)
  - PCI-DSS-Req-8.7
  - configure_strategy
  - file_groupowner_backup_etc_gshadow
  - low_complexity
  - low_disruption
  - medium_severity
  - no_reboot_needed
</fix>
            <fix xmlns:xhtml="http://www.w3.org/1999/xhtml" id="file_groupowner_backup_etc_gshadow" system="urn:xccdf:fix:script:sh" complexity="low" disruption="low" strategy="configure">chgrp 0 /etc/gshadow-
</fix>
            <check system="http://oval.mitre.org/XMLSchema/oval-definitions-5">
              <check-content-ref name="oval:ssg-file_groupowner_backup_etc_gshadow:def:1" href="ssg-ubuntu2404-oval.xml"/>
            </check>
            <check system="http://scap.nist.gov/schema/ocil/2">
              <check-content-ref name="ocil:ssg-file_groupowner_backup_etc_gshadow_ocil:questionnaire:1" href="ssg-ubuntu2404-ocil.xml"/>
            </check>
          </Rule>
          <Rule id="xccdf_org.ssgproject.content_rule_file_groupowner_backup_etc_passwd" selected="false" role="full" severity="medium">
            <title xmlns:xhtml="http://www.w3.org/1999/xhtml" xml:lang="en-US">Verify Group Who Owns Backup passwd File</title>
            <description xmlns:xhtml="http://www.w3.org/1999/xhtml" xml:lang="en-US"> To properly set the group owner of <html:code xmlns:html="http://www.w3.org/1999/xhtml">/etc/passwd-</html:code>, run the command: <html:pre xmlns:html="http://www.w3.org/1999/xhtml">$ sudo chgrp root /etc/passwd-</html:pre>
        </description>
            <reference href="https://public.cyber.mil/stigs/cci/">CCI-000366</reference>
            <reference href="http://nvlpubs.nist.gov/nistpubs/SpecialPublications/NIST.SP.800-53r4.pdf">AC-6 (1)</reference>
            <reference href="https://www.pcisecuritystandards.org/documents/PCI_DSS_v3-2-1.pdf">Req-8.7</reference>
            <reference href="https://public.cyber.mil/stigs/downloads/?_dl_facet_stigs=operating-systems%2Cgeneral-purpose-os">SRG-OS-000480-GPOS-00227</reference>
            <reference href="https://www.cisecurity.org/benchmark/ubuntu_linux/">7.1.2</reference>
            <reference href="https://docs-prv.pcisecuritystandards.org/PCI%20DSS/Standard/PCI-DSS-v4_0.pdf">2.2.6</reference>
            <reference href="https://docs-prv.pcisecuritystandards.org/PCI%20DSS/Standard/PCI-DSS-v4_0.pdf">2.2</reference>
            <rationale xmlns:xhtml="http://www.w3.org/1999/xhtml" xml:lang="en-US">The <html:code xmlns:html="http://www.w3.org/1999/xhtml">/etc/passwd-</html:code> file is a backup file of <html:code xmlns:html="http://www.w3.org/1999/xhtml">/etc/passwd</html:code>, and as such,
it contains information about the users that are configured on the system.
Protection of this file is critical for system security.</rationale>
            <fix xmlns:xhtml="http://www.w3.org/1999/xhtml" id="file_groupowner_backup_etc_passwd" system="urn:xccdf:fix:script:ansible" complexity="low" disruption="low" strategy="configure">- name: Test for existence /etc/passwd-
  stat:
    path: /etc/passwd-
  register: file_exists
  tags:
  - NIST-800-53-AC-6 (1)
  - PCI-DSS-Req-8.7
  - PCI-DSSv4-2.2
  - PCI-DSSv4-2.2.6
  - configure_strategy
  - file_groupowner_backup_etc_passwd
  - low_complexity
  - low_disruption
  - medium_severity
  - no_reboot_needed

- name: Ensure group owner 0 on /etc/passwd-
  file:
    path: /etc/passwd-
    group: '0'
  when: file_exists.stat is defined and file_exists.stat.exists
  tags:
  - NIST-800-53-AC-6 (1)
  - PCI-DSS-Req-8.7
  - PCI-DSSv4-2.2
  - PCI-DSSv4-2.2.6
  - configure_strategy
  - file_groupowner_backup_etc_passwd
  - low_complexity
  - low_disruption
  - medium_severity
  - no_reboot_needed
</fix>
            <fix xmlns:xhtml="http://www.w3.org/1999/xhtml" id="file_groupowner_backup_etc_passwd" system="urn:xccdf:fix:script:sh" complexity="low" disruption="low" strategy="configure">chgrp 0 /etc/passwd-
</fix>
            <check system="http://oval.mitre.org/XMLSchema/oval-definitions-5">
              <check-content-ref name="oval:ssg-file_groupowner_backup_etc_passwd:def:1" href="ssg-ubuntu2404-oval.xml"/>
            </check>
            <check system="http://scap.nist.gov/schema/ocil/2">
              <check-content-ref name="ocil:ssg-file_groupowner_backup_etc_passwd_ocil:questionnaire:1" href="ssg-ubuntu2404-ocil.xml"/>
            </check>
          </Rule>
          <Rule id="xccdf_org.ssgproject.content_rule_file_groupowner_backup_etc_shadow" selected="false" role="full" severity="medium">
            <title xmlns:xhtml="http://www.w3.org/1999/xhtml" xml:lang="en-US">Verify User Who Owns Backup shadow File</title>
            <description xmlns:xhtml="http://www.w3.org/1999/xhtml" xml:lang="en-US"> To properly set the group owner of <html:code xmlns:html="http://www.w3.org/1999/xhtml">/etc/shadow-</html:code>, run the command: <html:pre xmlns:html="http://www.w3.org/1999/xhtml">$ sudo chgrp shadow /etc/shadow-</html:pre>
        </description>
            <reference href="https://public.cyber.mil/stigs/cci/">CCI-000366</reference>
            <reference href="https://www.pcisecuritystandards.org/documents/PCI_DSS_v3-2-1.pdf">Req-8.7</reference>
            <reference href="https://public.cyber.mil/stigs/downloads/?_dl_facet_stigs=operating-systems%2Cgeneral-purpose-os">SRG-OS-000480-GPOS-00227</reference>
            <reference href="https://www.cisecurity.org/benchmark/ubuntu_linux/">7.1.6</reference>
            <reference href="https://docs-prv.pcisecuritystandards.org/PCI%20DSS/Standard/PCI-DSS-v4_0.pdf">2.2.6</reference>
            <reference href="https://docs-prv.pcisecuritystandards.org/PCI%20DSS/Standard/PCI-DSS-v4_0.pdf">2.2</reference>
            <rationale xmlns:xhtml="http://www.w3.org/1999/xhtml" xml:lang="en-US">The <html:code xmlns:html="http://www.w3.org/1999/xhtml">/etc/shadow-</html:code> file is a backup file of <html:code xmlns:html="http://www.w3.org/1999/xhtml">/etc/shadow</html:code>, and as such,
it contains the list of local system accounts and password hashes.
Protection of this file is critical for system security.</rationale>
            <fix xmlns:xhtml="http://www.w3.org/1999/xhtml" id="file_groupowner_backup_etc_shadow" system="urn:xccdf:fix:script:ansible" complexity="low" disruption="low" strategy="configure">- name: Test for existence /etc/shadow-
  stat:
    path: /etc/shadow-
  register: file_exists
  tags:
  - PCI-DSS-Req-8.7
  - PCI-DSSv4-2.2
  - PCI-DSSv4-2.2.6
  - configure_strategy
  - file_groupowner_backup_etc_shadow
  - low_complexity
  - low_disruption
  - medium_severity
  - no_reboot_needed

- name: Ensure group owner 42 on /etc/shadow-
  file:
    path: /etc/shadow-
    group: '42'
  when: file_exists.stat is defined and file_exists.stat.exists
  tags:
  - PCI-DSS-Req-8.7
  - PCI-DSSv4-2.2
  - PCI-DSSv4-2.2.6
  - configure_strategy
  - file_groupowner_backup_etc_shadow
  - low_complexity
  - low_disruption
  - medium_severity
  - no_reboot_needed
</fix>
            <fix xmlns:xhtml="http://www.w3.org/1999/xhtml" id="file_groupowner_backup_etc_shadow" system="urn:xccdf:fix:script:sh" complexity="low" disruption="low" strategy="configure">chgrp 42 /etc/shadow-
</fix>
            <check system="http://oval.mitre.org/XMLSchema/oval-definitions-5">
              <check-content-ref name="oval:ssg-file_groupowner_backup_etc_shadow:def:1" href="ssg-ubuntu2404-oval.xml"/>
            </check>
            <check system="http://scap.nist.gov/schema/ocil/2">
              <check-content-ref name="ocil:ssg-file_groupowner_backup_etc_shadow_ocil:questionnaire:1" href="ssg-ubuntu2404-ocil.xml"/>
            </check>
          </Rule>
          <Rule id="xccdf_org.ssgproject.content_rule_file_groupowner_etc_group" selected="false" role="full" severity="medium">
            <title xmlns:xhtml="http://www.w3.org/1999/xhtml" xml:lang="en-US">Verify Group Who Owns group File</title>
            <description xmlns:xhtml="http://www.w3.org/1999/xhtml" xml:lang="en-US"> To properly set the group owner of <html:code xmlns:html="http://www.w3.org/1999/xhtml">/etc/group</html:code>, run the command: <html:pre xmlns:html="http://www.w3.org/1999/xhtml">$ sudo chgrp root /etc/group</html:pre>
        </description>
            <reference href="https://www.cisecurity.org/controls/">12</reference>
            <reference href="https://www.cisecurity.org/controls/">13</reference>
            <reference href="https://www.cisecurity.org/controls/">14</reference>
            <reference href="https://www.cisecurity.org/controls/">15</reference>
            <reference href="https://www.cisecurity.org/controls/">16</reference>
            <reference href="https://www.cisecurity.org/controls/">18</reference>
            <reference href="https://www.cisecurity.org/controls/">3</reference>
            <reference href="https://www.cisecurity.org/controls/">5</reference>
            <reference href="https://www.fbi.gov/file-repository/cjis-security-policy-v5_5_20160601-2-1.pdf">5.5.2.2</reference>
            <reference href="https://www.isaca.org/resources/cobit">APO01.06</reference>
            <reference href="https://www.isaca.org/resources/cobit">DSS05.04</reference>
            <reference href="https://www.isaca.org/resources/cobit">DSS05.07</reference>
            <reference href="https://www.isaca.org/resources/cobit">DSS06.02</reference>
            <reference href="https://public.cyber.mil/stigs/cci/">CCI-000366</reference>
            <reference href="https://www.isa.org/products/isa-62443-2-1-2009-security-for-industrial-automat">4.3.3.7.3</reference>
            <reference href="https://www.isa.org/products/ansi-isa-62443-3-3-99-03-03-2013-security-for-indu">SR 2.1</reference>
            <reference href="https://www.isa.org/products/ansi-isa-62443-3-3-99-03-03-2013-security-for-indu">SR 5.2</reference>
            <reference href="https://www.iso.org/contents/data/standard/05/45/54534.html">A.10.1.1</reference>
            <reference href="https://www.iso.org/contents/data/standard/05/45/54534.html">A.11.1.4</reference>
            <reference href="https://www.iso.org/contents/data/standard/05/45/54534.html">A.11.1.5</reference>
            <reference href="https://www.iso.org/contents/data/standard/05/45/54534.html">A.11.2.1</reference>
            <reference href="https://www.iso.org/contents/data/standard/05/45/54534.html">A.13.1.1</reference>
            <reference href="https://www.iso.org/contents/data/standard/05/45/54534.html">A.13.1.3</reference>
            <reference href="https://www.iso.org/contents/data/standard/05/45/54534.html">A.13.2.1</reference>
            <reference href="https://www.iso.org/contents/data/standard/05/45/54534.html">A.13.2.3</reference>
            <reference href="https://www.iso.org/contents/data/standard/05/45/54534.html">A.13.2.4</reference>
            <reference href="https://www.iso.org/contents/data/standard/05/45/54534.html">A.14.1.2</reference>
            <reference href="https://www.iso.org/contents/data/standard/05/45/54534.html">A.14.1.3</reference>
            <reference href="https://www.iso.org/contents/data/standard/05/45/54534.html">A.6.1.2</reference>
            <reference href="https://www.iso.org/contents/data/standard/05/45/54534.html">A.7.1.1</reference>
            <reference href="https://www.iso.org/contents/data/standard/05/45/54534.html">A.7.1.2</reference>
            <reference href="https://www.iso.org/contents/data/standard/05/45/54534.html">A.7.3.1</reference>
            <reference href="https://www.iso.org/contents/data/standard/05/45/54534.html">A.8.2.2</reference>
            <reference href="https://www.iso.org/contents/data/standard/05/45/54534.html">A.8.2.3</reference>
            <reference href="https://www.iso.org/contents/data/standard/05/45/54534.html">A.9.1.1</reference>
            <reference href="https://www.iso.org/contents/data/standard/05/45/54534.html">A.9.1.2</reference>
            <reference href="https://www.iso.org/contents/data/standard/05/45/54534.html">A.9.2.3</reference>
            <reference href="https://www.iso.org/contents/data/standard/05/45/54534.html">A.9.4.1</reference>
            <reference href="https://www.iso.org/contents/data/standard/05/45/54534.html">A.9.4.4</reference>
            <reference href="https://www.iso.org/contents/data/standard/05/45/54534.html">A.9.4.5</reference>
            <reference href="https://www.nerc.com/pa/Stand/AlignRep/One%20Stop%20Shop.xlsx">CIP-003-8 R5.1.1</reference>
            <reference href="https://www.nerc.com/pa/Stand/AlignRep/One%20Stop%20Shop.xlsx">CIP-003-8 R5.3</reference>
            <reference href="https://www.nerc.com/pa/Stand/AlignRep/One%20Stop%20Shop.xlsx">CIP-004-6 R2.3</reference>
            <reference href="https://www.nerc.com/pa/Stand/AlignRep/One%20Stop%20Shop.xlsx">CIP-007-3 R2.1</reference>
            <reference href="https://www.nerc.com/pa/Stand/AlignRep/One%20Stop%20Shop.xlsx">CIP-007-3 R2.2</reference>
            <reference href="https://www.nerc.com/pa/Stand/AlignRep/One%20Stop%20Shop.xlsx">CIP-007-3 R2.3</reference>
            <reference href="https://www.nerc.com/pa/Stand/AlignRep/One%20Stop%20Shop.xlsx">CIP-007-3 R5.1</reference>
            <reference href="https://www.nerc.com/pa/Stand/AlignRep/One%20Stop%20Shop.xlsx">CIP-007-3 R5.1.1</reference>
            <reference href="https://www.nerc.com/pa/Stand/AlignRep/One%20Stop%20Shop.xlsx">CIP-007-3 R5.1.2</reference>
            <reference href="http://nvlpubs.nist.gov/nistpubs/SpecialPublications/NIST.SP.800-53r4.pdf">CM-6(a)</reference>
            <reference href="http://nvlpubs.nist.gov/nistpubs/SpecialPublications/NIST.SP.800-53r4.pdf">AC-6(1)</reference>
            <reference href="https://nvlpubs.nist.gov/nistpubs/CSWP/NIST.CSWP.04162018.pdf">PR.AC-4</reference>
            <reference href="https://nvlpubs.nist.gov/nistpubs/CSWP/NIST.CSWP.04162018.pdf">PR.DS-5</reference>
            <reference href="https://www.pcisecuritystandards.org/documents/PCI_DSS_v3-2-1.pdf">Req-8.7.c</reference>
            <reference href="https://public.cyber.mil/stigs/downloads/?_dl_facet_stigs=operating-systems%2Cgeneral-purpose-os">SRG-OS-000480-GPOS-00227</reference>
            <reference href="https://cyber.gouv.fr/sites/default/files/document/linux_configuration-en-v2.pdf">R50</reference>
            <reference href="https://www.cisecurity.org/benchmark/ubuntu_linux/">7.1.3</reference>
            <reference href="https://docs-prv.pcisecuritystandards.org/PCI%20DSS/Standard/PCI-DSS-v4_0.pdf">2.2.6</reference>
            <reference href="https://docs-prv.pcisecuritystandards.org/PCI%20DSS/Standard/PCI-DSS-v4_0.pdf">2.2</reference>
            <rationale xmlns:xhtml="http://www.w3.org/1999/xhtml" xml:lang="en-US">The <html:code xmlns:html="http://www.w3.org/1999/xhtml">/etc/group</html:code> file contains information regarding groups that are configured
on the system. Protection of this file is important for system security.</rationale>
            <fix xmlns:xhtml="http://www.w3.org/1999/xhtml" id="file_groupowner_etc_group" system="urn:xccdf:fix:script:ansible" complexity="low" disruption="low" strategy="configure">- name: Test for existence /etc/group
  stat:
    path: /etc/group
  register: file_exists
  tags:
  - CJIS-5.5.2.2
  - NIST-800-53-AC-6(1)
  - NIST-800-53-CM-6(a)
  - PCI-DSS-Req-8.7.c
  - PCI-DSSv4-2.2
  - PCI-DSSv4-2.2.6
  - configure_strategy
  - file_groupowner_etc_group
  - low_complexity
  - low_disruption
  - medium_severity
  - no_reboot_needed

- name: Ensure group owner 0 on /etc/group
  file:
    path: /etc/group
    group: '0'
  when: file_exists.stat is defined and file_exists.stat.exists
  tags:
  - CJIS-5.5.2.2
  - NIST-800-53-AC-6(1)
  - NIST-800-53-CM-6(a)
  - PCI-DSS-Req-8.7.c
  - PCI-DSSv4-2.2
  - PCI-DSSv4-2.2.6
  - configure_strategy
  - file_groupowner_etc_group
  - low_complexity
  - low_disruption
  - medium_severity
  - no_reboot_needed
</fix>
            <fix xmlns:xhtml="http://www.w3.org/1999/xhtml" id="file_groupowner_etc_group" system="urn:xccdf:fix:script:sh" complexity="low" disruption="low" strategy="configure">chgrp 0 /etc/group
</fix>
            <check system="http://oval.mitre.org/XMLSchema/oval-definitions-5">
              <check-content-ref name="oval:ssg-file_groupowner_etc_group:def:1" href="ssg-ubuntu2404-oval.xml"/>
            </check>
            <check system="http://scap.nist.gov/schema/ocil/2">
              <check-content-ref name="ocil:ssg-file_groupowner_etc_group_ocil:questionnaire:1" href="ssg-ubuntu2404-ocil.xml"/>
            </check>
          </Rule>
          <Rule id="xccdf_org.ssgproject.content_rule_file_groupowner_etc_gshadow" selected="false" role="full" severity="medium">
            <title xmlns:xhtml="http://www.w3.org/1999/xhtml" xml:lang="en-US">Verify Group Who Owns gshadow File</title>
            <description xmlns:xhtml="http://www.w3.org/1999/xhtml" xml:lang="en-US"> To properly set the group owner of <html:code xmlns:html="http://www.w3.org/1999/xhtml">/etc/gshadow</html:code>, run the command: <html:pre xmlns:html="http://www.w3.org/1999/xhtml">$ sudo chgrp shadow /etc/gshadow</html:pre>
        </description>
            <reference href="https://www.cisecurity.org/controls/">12</reference>
            <reference href="https://www.cisecurity.org/controls/">13</reference>
            <reference href="https://www.cisecurity.org/controls/">14</reference>
            <reference href="https://www.cisecurity.org/controls/">15</reference>
            <reference href="https://www.cisecurity.org/controls/">16</reference>
            <reference href="https://www.cisecurity.org/controls/">18</reference>
            <reference href="https://www.cisecurity.org/controls/">3</reference>
            <reference href="https://www.cisecurity.org/controls/">5</reference>
            <reference href="https://www.isaca.org/resources/cobit">APO01.06</reference>
            <reference href="https://www.isaca.org/resources/cobit">DSS05.04</reference>
            <reference href="https://www.isaca.org/resources/cobit">DSS05.07</reference>
            <reference href="https://www.isaca.org/resources/cobit">DSS06.02</reference>
            <reference href="https://public.cyber.mil/stigs/cci/">CCI-000366</reference>
            <reference href="https://www.isa.org/products/isa-62443-2-1-2009-security-for-industrial-automat">4.3.3.7.3</reference>
            <reference href="https://www.isa.org/products/ansi-isa-62443-3-3-99-03-03-2013-security-for-indu">SR 2.1</reference>
            <reference href="https://www.isa.org/products/ansi-isa-62443-3-3-99-03-03-2013-security-for-indu">SR 5.2</reference>
            <reference href="https://www.iso.org/contents/data/standard/05/45/54534.html">A.10.1.1</reference>
            <reference href="https://www.iso.org/contents/data/standard/05/45/54534.html">A.11.1.4</reference>
            <reference href="https://www.iso.org/contents/data/standard/05/45/54534.html">A.11.1.5</reference>
            <reference href="https://www.iso.org/contents/data/standard/05/45/54534.html">A.11.2.1</reference>
            <reference href="https://www.iso.org/contents/data/standard/05/45/54534.html">A.13.1.1</reference>
            <reference href="https://www.iso.org/contents/data/standard/05/45/54534.html">A.13.1.3</reference>
            <reference href="https://www.iso.org/contents/data/standard/05/45/54534.html">A.13.2.1</reference>
            <reference href="https://www.iso.org/contents/data/standard/05/45/54534.html">A.13.2.3</reference>
            <reference href="https://www.iso.org/contents/data/standard/05/45/54534.html">A.13.2.4</reference>
            <reference href="https://www.iso.org/contents/data/standard/05/45/54534.html">A.14.1.2</reference>
            <reference href="https://www.iso.org/contents/data/standard/05/45/54534.html">A.14.1.3</reference>
            <reference href="https://www.iso.org/contents/data/standard/05/45/54534.html">A.6.1.2</reference>
            <reference href="https://www.iso.org/contents/data/standard/05/45/54534.html">A.7.1.1</reference>
            <reference href="https://www.iso.org/contents/data/standard/05/45/54534.html">A.7.1.2</reference>
            <reference href="https://www.iso.org/contents/data/standard/05/45/54534.html">A.7.3.1</reference>
            <reference href="https://www.iso.org/contents/data/standard/05/45/54534.html">A.8.2.2</reference>
            <reference href="https://www.iso.org/contents/data/standard/05/45/54534.html">A.8.2.3</reference>
            <reference href="https://www.iso.org/contents/data/standard/05/45/54534.html">A.9.1.1</reference>
            <reference href="https://www.iso.org/contents/data/standard/05/45/54534.html">A.9.1.2</reference>
            <reference href="https://www.iso.org/contents/data/standard/05/45/54534.html">A.9.2.3</reference>
            <reference href="https://www.iso.org/contents/data/standard/05/45/54534.html">A.9.4.1</reference>
            <reference href="https://www.iso.org/contents/data/standard/05/45/54534.html">A.9.4.4</reference>
            <reference href="https://www.iso.org/contents/data/standard/05/45/54534.html">A.9.4.5</reference>
            <reference href="https://www.nerc.com/pa/Stand/AlignRep/One%20Stop%20Shop.xlsx">CIP-003-8 R5.1.1</reference>
            <reference href="https://www.nerc.com/pa/Stand/AlignRep/One%20Stop%20Shop.xlsx">CIP-003-8 R5.3</reference>
            <reference href="https://www.nerc.com/pa/Stand/AlignRep/One%20Stop%20Shop.xlsx">CIP-004-6 R2.3</reference>
            <reference href="https://www.nerc.com/pa/Stand/AlignRep/One%20Stop%20Shop.xlsx">CIP-007-3 R2.1</reference>
            <reference href="https://www.nerc.com/pa/Stand/AlignRep/One%20Stop%20Shop.xlsx">CIP-007-3 R2.2</reference>
            <reference href="https://www.nerc.com/pa/Stand/AlignRep/One%20Stop%20Shop.xlsx">CIP-007-3 R2.3</reference>
            <reference href="https://www.nerc.com/pa/Stand/AlignRep/One%20Stop%20Shop.xlsx">CIP-007-3 R5.1</reference>
            <reference href="https://www.nerc.com/pa/Stand/AlignRep/One%20Stop%20Shop.xlsx">CIP-007-3 R5.1.1</reference>
            <reference href="https://www.nerc.com/pa/Stand/AlignRep/One%20Stop%20Shop.xlsx">CIP-007-3 R5.1.2</reference>
            <reference href="http://nvlpubs.nist.gov/nistpubs/SpecialPublications/NIST.SP.800-53r4.pdf">CM-6(a)</reference>
            <reference href="http://nvlpubs.nist.gov/nistpubs/SpecialPublications/NIST.SP.800-53r4.pdf">AC-6(1)</reference>
            <reference href="https://nvlpubs.nist.gov/nistpubs/CSWP/NIST.CSWP.04162018.pdf">PR.AC-4</reference>
            <reference href="https://nvlpubs.nist.gov/nistpubs/CSWP/NIST.CSWP.04162018.pdf">PR.DS-5</reference>
            <reference href="https://public.cyber.mil/stigs/downloads/?_dl_facet_stigs=operating-systems%2Cgeneral-purpose-os">SRG-OS-000480-GPOS-00227</reference>
            <reference href="https://cyber.gouv.fr/sites/default/files/document/linux_configuration-en-v2.pdf">R50</reference>
            <reference href="https://www.cisecurity.org/benchmark/ubuntu_linux/">7.1.7</reference>
            <rationale xmlns:xhtml="http://www.w3.org/1999/xhtml" xml:lang="en-US">The <html:code xmlns:html="http://www.w3.org/1999/xhtml">/etc/gshadow</html:code> file contains group password hashes. Protection of this file
is critical for system security.</rationale>
            <fix xmlns:xhtml="http://www.w3.org/1999/xhtml" id="file_groupowner_etc_gshadow" system="urn:xccdf:fix:script:ansible" complexity="low" disruption="low" strategy="configure">- name: Test for existence /etc/gshadow
  stat:
    path: /etc/gshadow
  register: file_exists
  tags:
  - NIST-800-53-AC-6(1)
  - NIST-800-53-CM-6(a)
  - configure_strategy
  - file_groupowner_etc_gshadow
  - low_complexity
  - low_disruption
  - medium_severity
  - no_reboot_needed

- name: Ensure group owner 42 on /etc/gshadow
  file:
    path: /etc/gshadow
    group: '42'
  when: file_exists.stat is defined and file_exists.stat.exists
  tags:
  - NIST-800-53-AC-6(1)
  - NIST-800-53-CM-6(a)
  - configure_strategy
  - file_groupowner_etc_gshadow
  - low_complexity
  - low_disruption
  - medium_severity
  - no_reboot_needed
</fix>
            <fix xmlns:xhtml="http://www.w3.org/1999/xhtml" id="file_groupowner_etc_gshadow" system="urn:xccdf:fix:script:sh" complexity="low" disruption="low" strategy="configure">chgrp 42 /etc/gshadow
</fix>
            <check system="http://oval.mitre.org/XMLSchema/oval-definitions-5">
              <check-content-ref name="oval:ssg-file_groupowner_etc_gshadow:def:1" href="ssg-ubuntu2404-oval.xml"/>
            </check>
            <check system="http://scap.nist.gov/schema/ocil/2">
              <check-content-ref name="ocil:ssg-file_groupowner_etc_gshadow_ocil:questionnaire:1" href="ssg-ubuntu2404-ocil.xml"/>
            </check>
          </Rule>
          <Rule id="xccdf_org.ssgproject.content_rule_file_groupowner_etc_passwd" selected="false" role="full" severity="medium">
            <title xmlns:xhtml="http://www.w3.org/1999/xhtml" xml:lang="en-US">Verify Group Who Owns passwd File</title>
            <description xmlns:xhtml="http://www.w3.org/1999/xhtml" xml:lang="en-US"> To properly set the group owner of <html:code xmlns:html="http://www.w3.org/1999/xhtml">/etc/passwd</html:code>, run the command: <html:pre xmlns:html="http://www.w3.org/1999/xhtml">$ sudo chgrp root /etc/passwd</html:pre>
        </description>
            <reference href="https://www.cisecurity.org/controls/">12</reference>
            <reference href="https://www.cisecurity.org/controls/">13</reference>
            <reference href="https://www.cisecurity.org/controls/">14</reference>
            <reference href="https://www.cisecurity.org/controls/">15</reference>
            <reference href="https://www.cisecurity.org/controls/">16</reference>
            <reference href="https://www.cisecurity.org/controls/">18</reference>
            <reference href="https://www.cisecurity.org/controls/">3</reference>
            <reference href="https://www.cisecurity.org/controls/">5</reference>
            <reference href="https://www.fbi.gov/file-repository/cjis-security-policy-v5_5_20160601-2-1.pdf">5.5.2.2</reference>
            <reference href="https://www.isaca.org/resources/cobit">APO01.06</reference>
            <reference href="https://www.isaca.org/resources/cobit">DSS05.04</reference>
            <reference href="https://www.isaca.org/resources/cobit">DSS05.07</reference>
            <reference href="https://www.isaca.org/resources/cobit">DSS06.02</reference>
            <reference href="https://public.cyber.mil/stigs/cci/">CCI-000366</reference>
            <reference href="https://www.isa.org/products/isa-62443-2-1-2009-security-for-industrial-automat">4.3.3.7.3</reference>
            <reference href="https://www.isa.org/products/ansi-isa-62443-3-3-99-03-03-2013-security-for-indu">SR 2.1</reference>
            <reference href="https://www.isa.org/products/ansi-isa-62443-3-3-99-03-03-2013-security-for-indu">SR 5.2</reference>
            <reference href="https://www.iso.org/contents/data/standard/05/45/54534.html">A.10.1.1</reference>
            <reference href="https://www.iso.org/contents/data/standard/05/45/54534.html">A.11.1.4</reference>
            <reference href="https://www.iso.org/contents/data/standard/05/45/54534.html">A.11.1.5</reference>
            <reference href="https://www.iso.org/contents/data/standard/05/45/54534.html">A.11.2.1</reference>
            <reference href="https://www.iso.org/contents/data/standard/05/45/54534.html">A.13.1.1</reference>
            <reference href="https://www.iso.org/contents/data/standard/05/45/54534.html">A.13.1.3</reference>
            <reference href="https://www.iso.org/contents/data/standard/05/45/54534.html">A.13.2.1</reference>
            <reference href="https://www.iso.org/contents/data/standard/05/45/54534.html">A.13.2.3</reference>
            <reference href="https://www.iso.org/contents/data/standard/05/45/54534.html">A.13.2.4</reference>
            <reference href="https://www.iso.org/contents/data/standard/05/45/54534.html">A.14.1.2</reference>
            <reference href="https://www.iso.org/contents/data/standard/05/45/54534.html">A.14.1.3</reference>
            <reference href="https://www.iso.org/contents/data/standard/05/45/54534.html">A.6.1.2</reference>
            <reference href="https://www.iso.org/contents/data/standard/05/45/54534.html">A.7.1.1</reference>
            <reference href="https://www.iso.org/contents/data/standard/05/45/54534.html">A.7.1.2</reference>
            <reference href="https://www.iso.org/contents/data/standard/05/45/54534.html">A.7.3.1</reference>
            <reference href="https://www.iso.org/contents/data/standard/05/45/54534.html">A.8.2.2</reference>
            <reference href="https://www.iso.org/contents/data/standard/05/45/54534.html">A.8.2.3</reference>
            <reference href="https://www.iso.org/contents/data/standard/05/45/54534.html">A.9.1.1</reference>
            <reference href="https://www.iso.org/contents/data/standard/05/45/54534.html">A.9.1.2</reference>
            <reference href="https://www.iso.org/contents/data/standard/05/45/54534.html">A.9.2.3</reference>
            <reference href="https://www.iso.org/contents/data/standard/05/45/54534.html">A.9.4.1</reference>
            <reference href="https://www.iso.org/contents/data/standard/05/45/54534.html">A.9.4.4</reference>
            <reference href="https://www.iso.org/contents/data/standard/05/45/54534.html">A.9.4.5</reference>
            <reference href="https://www.nerc.com/pa/Stand/AlignRep/One%20Stop%20Shop.xlsx">CIP-003-8 R5.1.1</reference>
            <reference href="https://www.nerc.com/pa/Stand/AlignRep/One%20Stop%20Shop.xlsx">CIP-003-8 R5.3</reference>
            <reference href="https://www.nerc.com/pa/Stand/AlignRep/One%20Stop%20Shop.xlsx">CIP-004-6 R2.3</reference>
            <reference href="https://www.nerc.com/pa/Stand/AlignRep/One%20Stop%20Shop.xlsx">CIP-007-3 R2.1</reference>
            <reference href="https://www.nerc.com/pa/Stand/AlignRep/One%20Stop%20Shop.xlsx">CIP-007-3 R2.2</reference>
            <reference href="https://www.nerc.com/pa/Stand/AlignRep/One%20Stop%20Shop.xlsx">CIP-007-3 R2.3</reference>
            <reference href="https://www.nerc.com/pa/Stand/AlignRep/One%20Stop%20Shop.xlsx">CIP-007-3 R5.1</reference>
            <reference href="https://www.nerc.com/pa/Stand/AlignRep/One%20Stop%20Shop.xlsx">CIP-007-3 R5.1.1</reference>
            <reference href="https://www.nerc.com/pa/Stand/AlignRep/One%20Stop%20Shop.xlsx">CIP-007-3 R5.1.2</reference>
            <reference href="http://nvlpubs.nist.gov/nistpubs/SpecialPublications/NIST.SP.800-53r4.pdf">CM-6(a)</reference>
            <reference href="http://nvlpubs.nist.gov/nistpubs/SpecialPublications/NIST.SP.800-53r4.pdf">AC-6(1)</reference>
            <reference href="https://nvlpubs.nist.gov/nistpubs/CSWP/NIST.CSWP.04162018.pdf">PR.AC-4</reference>
            <reference href="https://nvlpubs.nist.gov/nistpubs/CSWP/NIST.CSWP.04162018.pdf">PR.DS-5</reference>
            <reference href="https://www.pcisecuritystandards.org/documents/PCI_DSS_v3-2-1.pdf">Req-8.7.c</reference>
            <reference href="https://public.cyber.mil/stigs/downloads/?_dl_facet_stigs=operating-systems%2Cgeneral-purpose-os">SRG-OS-000480-GPOS-00227</reference>
            <reference href="https://cyber.gouv.fr/sites/default/files/document/linux_configuration-en-v2.pdf">R50</reference>
            <reference href="https://www.cisecurity.org/benchmark/ubuntu_linux/">7.1.1</reference>
            <reference href="https://docs-prv.pcisecuritystandards.org/PCI%20DSS/Standard/PCI-DSS-v4_0.pdf">2.2.6</reference>
            <reference href="https://docs-prv.pcisecuritystandards.org/PCI%20DSS/Standard/PCI-DSS-v4_0.pdf">2.2</reference>
            <rationale xmlns:xhtml="http://www.w3.org/1999/xhtml" xml:lang="en-US">The <html:code xmlns:html="http://www.w3.org/1999/xhtml">/etc/passwd</html:code> file contains information about the users that are configured on
the system. Protection of this file is critical for system security.</rationale>
            <fix xmlns:xhtml="http://www.w3.org/1999/xhtml" id="file_groupowner_etc_passwd" system="urn:xccdf:fix:script:ansible" complexity="low" disruption="low" strategy="configure">- name: Test for existence /etc/passwd
  stat:
    path: /etc/passwd
  register: file_exists
  tags:
  - CJIS-5.5.2.2
  - NIST-800-53-AC-6(1)
  - NIST-800-53-CM-6(a)
  - PCI-DSS-Req-8.7.c
  - PCI-DSSv4-2.2
  - PCI-DSSv4-2.2.6
  - configure_strategy
  - file_groupowner_etc_passwd
  - low_complexity
  - low_disruption
  - medium_severity
  - no_reboot_needed

- name: Ensure group owner 0 on /etc/passwd
  file:
    path: /etc/passwd
    group: '0'
  when: file_exists.stat is defined and file_exists.stat.exists
  tags:
  - CJIS-5.5.2.2
  - NIST-800-53-AC-6(1)
  - NIST-800-53-CM-6(a)
  - PCI-DSS-Req-8.7.c
  - PCI-DSSv4-2.2
  - PCI-DSSv4-2.2.6
  - configure_strategy
  - file_groupowner_etc_passwd
  - low_complexity
  - low_disruption
  - medium_severity
  - no_reboot_needed
</fix>
            <fix xmlns:xhtml="http://www.w3.org/1999/xhtml" id="file_groupowner_etc_passwd" system="urn:xccdf:fix:script:sh" complexity="low" disruption="low" strategy="configure">chgrp 0 /etc/passwd
</fix>
            <check system="http://oval.mitre.org/XMLSchema/oval-definitions-5">
              <check-content-ref name="oval:ssg-file_groupowner_etc_passwd:def:1" href="ssg-ubuntu2404-oval.xml"/>
            </check>
            <check system="http://scap.nist.gov/schema/ocil/2">
              <check-content-ref name="ocil:ssg-file_groupowner_etc_passwd_ocil:questionnaire:1" href="ssg-ubuntu2404-ocil.xml"/>
            </check>
          </Rule>
          <Rule id="xccdf_org.ssgproject.content_rule_file_groupowner_etc_security_opasswd" selected="false" role="full" severity="medium">
            <title xmlns:xhtml="http://www.w3.org/1999/xhtml" xml:lang="en-US">Verify Group Who Owns /etc/security/opasswd File</title>
            <description xmlns:xhtml="http://www.w3.org/1999/xhtml" xml:lang="en-US"> To properly set the group owner of <html:code xmlns:html="http://www.w3.org/1999/xhtml">/etc/security/opasswd</html:code>, run the command: <html:pre xmlns:html="http://www.w3.org/1999/xhtml">$ sudo chgrp  /etc/security/opasswd</html:pre>
        </description>
            <reference href="https://www.cisecurity.org/benchmark/ubuntu_linux/">7.1.10</reference>
            <rationale xmlns:xhtml="http://www.w3.org/1999/xhtml" xml:lang="en-US">The <html:code xmlns:html="http://www.w3.org/1999/xhtml">/etc/security/opasswd</html:code> file stores old passwords to prevent
password reuse. Protection of this file is critical for system security.</rationale>
            <fix xmlns:xhtml="http://www.w3.org/1999/xhtml" id="file_groupowner_etc_security_opasswd" system="urn:xccdf:fix:script:ansible" complexity="low" disruption="low" strategy="configure">- name: Test for existence /etc/security/opasswd
  stat:
    path: /etc/security/opasswd
  register: file_exists
  tags:
  - configure_strategy
  - file_groupowner_etc_security_opasswd
  - low_complexity
  - low_disruption
  - medium_severity
  - no_reboot_needed

- name: Ensure group owner 0 on /etc/security/opasswd
  file:
    path: /etc/security/opasswd
    group: '0'
  when: file_exists.stat is defined and file_exists.stat.exists
  tags:
  - configure_strategy
  - file_groupowner_etc_security_opasswd
  - low_complexity
  - low_disruption
  - medium_severity
  - no_reboot_needed
</fix>
            <fix xmlns:xhtml="http://www.w3.org/1999/xhtml" id="file_groupowner_etc_security_opasswd" system="urn:xccdf:fix:script:sh" complexity="low" disruption="low" strategy="configure">chgrp 0 /etc/security/opasswd
</fix>
            <check system="http://oval.mitre.org/XMLSchema/oval-definitions-5">
              <check-content-ref name="oval:ssg-file_groupowner_etc_security_opasswd:def:1" href="ssg-ubuntu2404-oval.xml"/>
            </check>
            <check system="http://scap.nist.gov/schema/ocil/2">
              <check-content-ref name="ocil:ssg-file_groupowner_etc_security_opasswd_ocil:questionnaire:1" href="ssg-ubuntu2404-ocil.xml"/>
            </check>
          </Rule>
          <Rule id="xccdf_org.ssgproject.content_rule_file_groupowner_etc_security_opasswd_old" selected="false" role="full" severity="medium">
            <title xmlns:xhtml="http://www.w3.org/1999/xhtml" xml:lang="en-US">Verify Group Who Owns /etc/security/opasswd.old File</title>
            <description xmlns:xhtml="http://www.w3.org/1999/xhtml" xml:lang="en-US"> To properly set the group owner of <html:code xmlns:html="http://www.w3.org/1999/xhtml">/etc/security/opasswd.old</html:code>, run the command: <html:pre xmlns:html="http://www.w3.org/1999/xhtml">$ sudo chgrp  /etc/security/opasswd.old</html:pre>
        </description>
            <reference href="https://www.cisecurity.org/benchmark/ubuntu_linux/">7.1.10</reference>
            <rationale xmlns:xhtml="http://www.w3.org/1999/xhtml" xml:lang="en-US">The <html:code xmlns:html="http://www.w3.org/1999/xhtml">/etc/security/opasswd.old</html:code> file stores backups of old passwords to prevent
password reuse. Protection of this file is critical for system security.</rationale>
            <fix xmlns:xhtml="http://www.w3.org/1999/xhtml" id="file_groupowner_etc_security_opasswd_old" system="urn:xccdf:fix:script:ansible" complexity="low" disruption="low" strategy="configure">- name: Test for existence /etc/security/opasswd.old
  stat:
    path: /etc/security/opasswd.old
  register: file_exists
  tags:
  - configure_strategy
  - file_groupowner_etc_security_opasswd_old
  - low_complexity
  - low_disruption
  - medium_severity
  - no_reboot_needed

- name: Ensure group owner 0 on /etc/security/opasswd.old
  file:
    path: /etc/security/opasswd.old
    group: '0'
  when: file_exists.stat is defined and file_exists.stat.exists
  tags:
  - configure_strategy
  - file_groupowner_etc_security_opasswd_old
  - low_complexity
  - low_disruption
  - medium_severity
  - no_reboot_needed
</fix>
            <fix xmlns:xhtml="http://www.w3.org/1999/xhtml" id="file_groupowner_etc_security_opasswd_old" system="urn:xccdf:fix:script:sh" complexity="low" disruption="low" strategy="configure">chgrp 0 /etc/security/opasswd.old
</fix>
            <check system="http://oval.mitre.org/XMLSchema/oval-definitions-5">
              <check-content-ref name="oval:ssg-file_groupowner_etc_security_opasswd_old:def:1" href="ssg-ubuntu2404-oval.xml"/>
            </check>
            <check system="http://scap.nist.gov/schema/ocil/2">
              <check-content-ref name="ocil:ssg-file_groupowner_etc_security_opasswd_old_ocil:questionnaire:1" href="ssg-ubuntu2404-ocil.xml"/>
            </check>
          </Rule>
          <Rule id="xccdf_org.ssgproject.content_rule_file_groupowner_etc_shadow" selected="false" role="full" severity="medium">
            <title xmlns:xhtml="http://www.w3.org/1999/xhtml" xml:lang="en-US">Verify Group Who Owns shadow File</title>
            <description xmlns:xhtml="http://www.w3.org/1999/xhtml" xml:lang="en-US"> To properly set the group owner of <html:code xmlns:html="http://www.w3.org/1999/xhtml">/etc/shadow</html:code>, run the command: <html:pre xmlns:html="http://www.w3.org/1999/xhtml">$ sudo chgrp shadow /etc/shadow</html:pre>
        </description>
            <reference href="https://www.cisecurity.org/controls/">12</reference>
            <reference href="https://www.cisecurity.org/controls/">13</reference>
            <reference href="https://www.cisecurity.org/controls/">14</reference>
            <reference href="https://www.cisecurity.org/controls/">15</reference>
            <reference href="https://www.cisecurity.org/controls/">16</reference>
            <reference href="https://www.cisecurity.org/controls/">18</reference>
            <reference href="https://www.cisecurity.org/controls/">3</reference>
            <reference href="https://www.cisecurity.org/controls/">5</reference>
            <reference href="https://www.fbi.gov/file-repository/cjis-security-policy-v5_5_20160601-2-1.pdf">5.5.2.2</reference>
            <reference href="https://www.isaca.org/resources/cobit">APO01.06</reference>
            <reference href="https://www.isaca.org/resources/cobit">DSS05.04</reference>
            <reference href="https://www.isaca.org/resources/cobit">DSS05.07</reference>
            <reference href="https://www.isaca.org/resources/cobit">DSS06.02</reference>
            <reference href="https://public.cyber.mil/stigs/cci/">CCI-000366</reference>
            <reference href="https://www.isa.org/products/isa-62443-2-1-2009-security-for-industrial-automat">4.3.3.7.3</reference>
            <reference href="https://www.isa.org/products/ansi-isa-62443-3-3-99-03-03-2013-security-for-indu">SR 2.1</reference>
            <reference href="https://www.isa.org/products/ansi-isa-62443-3-3-99-03-03-2013-security-for-indu">SR 5.2</reference>
            <reference href="https://www.iso.org/contents/data/standard/05/45/54534.html">A.10.1.1</reference>
            <reference href="https://www.iso.org/contents/data/standard/05/45/54534.html">A.11.1.4</reference>
            <reference href="https://www.iso.org/contents/data/standard/05/45/54534.html">A.11.1.5</reference>
            <reference href="https://www.iso.org/contents/data/standard/05/45/54534.html">A.11.2.1</reference>
            <reference href="https://www.iso.org/contents/data/standard/05/45/54534.html">A.13.1.1</reference>
            <reference href="https://www.iso.org/contents/data/standard/05/45/54534.html">A.13.1.3</reference>
            <reference href="https://www.iso.org/contents/data/standard/05/45/54534.html">A.13.2.1</reference>
            <reference href="https://www.iso.org/contents/data/standard/05/45/54534.html">A.13.2.3</reference>
            <reference href="https://www.iso.org/contents/data/standard/05/45/54534.html">A.13.2.4</reference>
            <reference href="https://www.iso.org/contents/data/standard/05/45/54534.html">A.14.1.2</reference>
            <reference href="https://www.iso.org/contents/data/standard/05/45/54534.html">A.14.1.3</reference>
            <reference href="https://www.iso.org/contents/data/standard/05/45/54534.html">A.6.1.2</reference>
            <reference href="https://www.iso.org/contents/data/standard/05/45/54534.html">A.7.1.1</reference>
            <reference href="https://www.iso.org/contents/data/standard/05/45/54534.html">A.7.1.2</reference>
            <reference href="https://www.iso.org/contents/data/standard/05/45/54534.html">A.7.3.1</reference>
            <reference href="https://www.iso.org/contents/data/standard/05/45/54534.html">A.8.2.2</reference>
            <reference href="https://www.iso.org/contents/data/standard/05/45/54534.html">A.8.2.3</reference>
            <reference href="https://www.iso.org/contents/data/standard/05/45/54534.html">A.9.1.1</reference>
            <reference href="https://www.iso.org/contents/data/standard/05/45/54534.html">A.9.1.2</reference>
            <reference href="https://www.iso.org/contents/data/standard/05/45/54534.html">A.9.2.3</reference>
            <reference href="https://www.iso.org/contents/data/standard/05/45/54534.html">A.9.4.1</reference>
            <reference href="https://www.iso.org/contents/data/standard/05/45/54534.html">A.9.4.4</reference>
            <reference href="https://www.iso.org/contents/data/standard/05/45/54534.html">A.9.4.5</reference>
            <reference href="https://www.nerc.com/pa/Stand/AlignRep/One%20Stop%20Shop.xlsx">CIP-003-8 R5.1.1</reference>
            <reference href="https://www.nerc.com/pa/Stand/AlignRep/One%20Stop%20Shop.xlsx">CIP-003-8 R5.3</reference>
            <reference href="https://www.nerc.com/pa/Stand/AlignRep/One%20Stop%20Shop.xlsx">CIP-004-6 R2.3</reference>
            <reference href="https://www.nerc.com/pa/Stand/AlignRep/One%20Stop%20Shop.xlsx">CIP-007-3 R2.1</reference>
            <reference href="https://www.nerc.com/pa/Stand/AlignRep/One%20Stop%20Shop.xlsx">CIP-007-3 R2.2</reference>
            <reference href="https://www.nerc.com/pa/Stand/AlignRep/One%20Stop%20Shop.xlsx">CIP-007-3 R2.3</reference>
            <reference href="https://www.nerc.com/pa/Stand/AlignRep/One%20Stop%20Shop.xlsx">CIP-007-3 R5.1</reference>
            <reference href="https://www.nerc.com/pa/Stand/AlignRep/One%20Stop%20Shop.xlsx">CIP-007-3 R5.1.1</reference>
            <reference href="https://www.nerc.com/pa/Stand/AlignRep/One%20Stop%20Shop.xlsx">CIP-007-3 R5.1.2</reference>
            <reference href="http://nvlpubs.nist.gov/nistpubs/SpecialPublications/NIST.SP.800-53r4.pdf">CM-6(a)</reference>
            <reference href="http://nvlpubs.nist.gov/nistpubs/SpecialPublications/NIST.SP.800-53r4.pdf">AC-6(1)</reference>
            <reference href="https://nvlpubs.nist.gov/nistpubs/CSWP/NIST.CSWP.04162018.pdf">PR.AC-4</reference>
            <reference href="https://nvlpubs.nist.gov/nistpubs/CSWP/NIST.CSWP.04162018.pdf">PR.DS-5</reference>
            <reference href="https://www.pcisecuritystandards.org/documents/PCI_DSS_v3-2-1.pdf">Req-8.7.c</reference>
            <reference href="https://public.cyber.mil/stigs/downloads/?_dl_facet_stigs=operating-systems%2Cgeneral-purpose-os">SRG-OS-000480-GPOS-00227</reference>
            <reference href="https://cyber.gouv.fr/sites/default/files/document/linux_configuration-en-v2.pdf">R50</reference>
            <reference href="https://www.cisecurity.org/benchmark/ubuntu_linux/">7.1.5</reference>
            <reference href="https://docs-prv.pcisecuritystandards.org/PCI%20DSS/Standard/PCI-DSS-v4_0.pdf">2.2.6</reference>
            <reference href="https://docs-prv.pcisecuritystandards.org/PCI%20DSS/Standard/PCI-DSS-v4_0.pdf">2.2</reference>
            <rationale xmlns:xhtml="http://www.w3.org/1999/xhtml" xml:lang="en-US">The <html:code xmlns:html="http://www.w3.org/1999/xhtml">/etc/shadow</html:code> file stores password hashes. Protection of this file is
critical for system security.</rationale>
            <fix xmlns:xhtml="http://www.w3.org/1999/xhtml" id="file_groupowner_etc_shadow" system="urn:xccdf:fix:script:ansible" complexity="low" disruption="low" strategy="configure">- name: Test for existence /etc/shadow
  stat:
    path: /etc/shadow
  register: file_exists
  tags:
  - CJIS-5.5.2.2
  - NIST-800-53-AC-6(1)
  - NIST-800-53-CM-6(a)
  - PCI-DSS-Req-8.7.c
  - PCI-DSSv4-2.2
  - PCI-DSSv4-2.2.6
  - configure_strategy
  - file_groupowner_etc_shadow
  - low_complexity
  - low_disruption
  - medium_severity
  - no_reboot_needed

- name: Ensure group owner 42 on /etc/shadow
  file:
    path: /etc/shadow
    group: '42'
  when: file_exists.stat is defined and file_exists.stat.exists
  tags:
  - CJIS-5.5.2.2
  - NIST-800-53-AC-6(1)
  - NIST-800-53-CM-6(a)
  - PCI-DSS-Req-8.7.c
  - PCI-DSSv4-2.2
  - PCI-DSSv4-2.2.6
  - configure_strategy
  - file_groupowner_etc_shadow
  - low_complexity
  - low_disruption
  - medium_severity
  - no_reboot_needed
</fix>
            <fix xmlns:xhtml="http://www.w3.org/1999/xhtml" id="file_groupowner_etc_shadow" system="urn:xccdf:fix:script:sh" complexity="low" disruption="low" strategy="configure">chgrp 42 /etc/shadow
</fix>
            <check system="http://oval.mitre.org/XMLSchema/oval-definitions-5">
              <check-content-ref name="oval:ssg-file_groupowner_etc_shadow:def:1" href="ssg-ubuntu2404-oval.xml"/>
            </check>
            <check system="http://scap.nist.gov/schema/ocil/2">
              <check-content-ref name="ocil:ssg-file_groupowner_etc_shadow_ocil:questionnaire:1" href="ssg-ubuntu2404-ocil.xml"/>
            </check>
          </Rule>
          <Rule id="xccdf_org.ssgproject.content_rule_file_groupowner_etc_shells" selected="false" role="full" severity="medium">
            <title xmlns:xhtml="http://www.w3.org/1999/xhtml" xml:lang="en-US">Verify Group Who Owns /etc/shells File</title>
            <description xmlns:xhtml="http://www.w3.org/1999/xhtml" xml:lang="en-US">
To properly set the group owner of <html:code xmlns:html="http://www.w3.org/1999/xhtml">/etc/shells</html:code>, run the command:
<html:pre xmlns:html="http://www.w3.org/1999/xhtml">$ sudo chgrp root /etc/shells</html:pre>
        </description>
            <reference href="http://nvlpubs.nist.gov/nistpubs/SpecialPublications/NIST.SP.800-53r4.pdf">AC-3</reference>
            <reference href="http://nvlpubs.nist.gov/nistpubs/SpecialPublications/NIST.SP.800-53r4.pdf">MP-2</reference>
            <reference href="https://cyber.gouv.fr/sites/default/files/document/linux_configuration-en-v2.pdf">R50</reference>
            <reference href="https://www.cisecurity.org/benchmark/ubuntu_linux/">7.1.9</reference>
            <rationale xmlns:xhtml="http://www.w3.org/1999/xhtml" xml:lang="en-US">The <html:code xmlns:html="http://www.w3.org/1999/xhtml">/etc/shells</html:code> file contains the list of full pathnames to shells on the system.
Since this file is used by many system programs this file should be protected.</rationale>
            <fix xmlns:xhtml="http://www.w3.org/1999/xhtml" id="file_groupowner_etc_shells" system="urn:xccdf:fix:script:ansible" complexity="low" disruption="low" strategy="configure">- name: Test for existence /etc/shells
  stat:
    path: /etc/shells
  register: file_exists
  tags:
  - NIST-800-53-AC-3
  - NIST-800-53-MP-2
  - configure_strategy
  - file_groupowner_etc_shells
  - low_complexity
  - low_disruption
  - medium_severity
  - no_reboot_needed

- name: Ensure group owner 0 on /etc/shells
  file:
    path: /etc/shells
    group: '0'
  when: file_exists.stat is defined and file_exists.stat.exists
  tags:
  - NIST-800-53-AC-3
  - NIST-800-53-MP-2
  - configure_strategy
  - file_groupowner_etc_shells
  - low_complexity
  - low_disruption
  - medium_severity
  - no_reboot_needed
</fix>
            <fix xmlns:xhtml="http://www.w3.org/1999/xhtml" id="file_groupowner_etc_shells" system="urn:xccdf:fix:script:sh" complexity="low" disruption="low" strategy="configure">chgrp 0 /etc/shells
</fix>
            <check system="http://oval.mitre.org/XMLSchema/oval-definitions-5">
              <check-content-ref name="oval:ssg-file_groupowner_etc_shells:def:1" href="ssg-ubuntu2404-oval.xml"/>
            </check>
            <check system="http://scap.nist.gov/schema/ocil/2">
              <check-content-ref name="ocil:ssg-file_groupowner_etc_shells_ocil:questionnaire:1" href="ssg-ubuntu2404-ocil.xml"/>
            </check>
          </Rule>
          <Rule id="xccdf_org.ssgproject.content_rule_file_owner_backup_etc_group" selected="false" role="full" severity="medium">
            <title xmlns:xhtml="http://www.w3.org/1999/xhtml" xml:lang="en-US">Verify User Who Owns Backup group File</title>
            <description xmlns:xhtml="http://www.w3.org/1999/xhtml" xml:lang="en-US"> To properly set the owner of <html:code xmlns:html="http://www.w3.org/1999/xhtml">/etc/group-</html:code>, run the command: <html:pre xmlns:html="http://www.w3.org/1999/xhtml">$ sudo chown root /etc/group- </html:pre>
        </description>
            <reference href="https://public.cyber.mil/stigs/cci/">CCI-000366</reference>
            <reference href="http://nvlpubs.nist.gov/nistpubs/SpecialPublications/NIST.SP.800-53r4.pdf">AC-6 (1)</reference>
            <reference href="https://www.pcisecuritystandards.org/documents/PCI_DSS_v3-2-1.pdf">Req-8.7.c</reference>
            <reference href="https://public.cyber.mil/stigs/downloads/?_dl_facet_stigs=operating-systems%2Cgeneral-purpose-os">SRG-OS-000480-GPOS-00227</reference>
            <reference href="https://www.cisecurity.org/benchmark/ubuntu_linux/">7.1.4</reference>
            <reference href="https://docs-prv.pcisecuritystandards.org/PCI%20DSS/Standard/PCI-DSS-v4_0.pdf">2.2.6</reference>
            <reference href="https://docs-prv.pcisecuritystandards.org/PCI%20DSS/Standard/PCI-DSS-v4_0.pdf">2.2</reference>
            <rationale xmlns:xhtml="http://www.w3.org/1999/xhtml" xml:lang="en-US">The <html:code xmlns:html="http://www.w3.org/1999/xhtml">/etc/group-</html:code> file is a backup file of <html:code xmlns:html="http://www.w3.org/1999/xhtml">/etc/group</html:code>, and as such,
it contains information regarding groups that are configured on the system.
Protection of this file is important for system security.</rationale>
            <fix xmlns:xhtml="http://www.w3.org/1999/xhtml" id="file_owner_backup_etc_group" system="urn:xccdf:fix:script:ansible" complexity="low" disruption="low" strategy="configure">- name: Test for existence /etc/group-
  stat:
    path: /etc/group-
  register: file_exists
  tags:
  - NIST-800-53-AC-6 (1)
  - PCI-DSS-Req-8.7.c
  - PCI-DSSv4-2.2
  - PCI-DSSv4-2.2.6
  - configure_strategy
  - file_owner_backup_etc_group
  - low_complexity
  - low_disruption
  - medium_severity
  - no_reboot_needed

- name: Ensure owner 0 on /etc/group-
  file:
    path: /etc/group-
    owner: '0'
  when: file_exists.stat is defined and file_exists.stat.exists
  tags:
  - NIST-800-53-AC-6 (1)
  - PCI-DSS-Req-8.7.c
  - PCI-DSSv4-2.2
  - PCI-DSSv4-2.2.6
  - configure_strategy
  - file_owner_backup_etc_group
  - low_complexity
  - low_disruption
  - medium_severity
  - no_reboot_needed
</fix>
            <fix xmlns:xhtml="http://www.w3.org/1999/xhtml" id="file_owner_backup_etc_group" system="urn:xccdf:fix:script:sh" complexity="low" disruption="low" strategy="configure">chown 0 /etc/group-
</fix>
            <check system="http://oval.mitre.org/XMLSchema/oval-definitions-5">
              <check-content-ref name="oval:ssg-file_owner_backup_etc_group:def:1" href="ssg-ubuntu2404-oval.xml"/>
            </check>
            <check system="http://scap.nist.gov/schema/ocil/2">
              <check-content-ref name="ocil:ssg-file_owner_backup_etc_group_ocil:questionnaire:1" href="ssg-ubuntu2404-ocil.xml"/>
            </check>
          </Rule>
          <Rule id="xccdf_org.ssgproject.content_rule_file_owner_backup_etc_gshadow" selected="false" role="full" severity="medium">
            <title xmlns:xhtml="http://www.w3.org/1999/xhtml" xml:lang="en-US">Verify User Who Owns Backup gshadow File</title>
            <description xmlns:xhtml="http://www.w3.org/1999/xhtml" xml:lang="en-US"> To properly set the owner of <html:code xmlns:html="http://www.w3.org/1999/xhtml">/etc/gshadow-</html:code>, run the command: <html:pre xmlns:html="http://www.w3.org/1999/xhtml">$ sudo chown root /etc/gshadow- </html:pre>
        </description>
            <reference href="https://public.cyber.mil/stigs/cci/">CCI-000366</reference>
            <reference href="http://nvlpubs.nist.gov/nistpubs/SpecialPublications/NIST.SP.800-53r4.pdf">AC-6 (1)</reference>
            <reference href="https://www.pcisecuritystandards.org/documents/PCI_DSS_v3-2-1.pdf">Req-8.7</reference>
            <reference href="https://public.cyber.mil/stigs/downloads/?_dl_facet_stigs=operating-systems%2Cgeneral-purpose-os">SRG-OS-000480-GPOS-00227</reference>
            <reference href="https://www.cisecurity.org/benchmark/ubuntu_linux/">7.1.8</reference>
            <rationale xmlns:xhtml="http://www.w3.org/1999/xhtml" xml:lang="en-US">The <html:code xmlns:html="http://www.w3.org/1999/xhtml">/etc/gshadow-</html:code> file is a backup of <html:code xmlns:html="http://www.w3.org/1999/xhtml">/etc/gshadow</html:code>, and as such,
it contains group password hashes. Protection of this file is critical for system security.</rationale>
            <fix xmlns:xhtml="http://www.w3.org/1999/xhtml" id="file_owner_backup_etc_gshadow" system="urn:xccdf:fix:script:ansible" complexity="low" disruption="low" strategy="configure">- name: Test for existence /etc/gshadow-
  stat:
    path: /etc/gshadow-
  register: file_exists
  tags:
  - NIST-800-53-AC-6 (1)
  - PCI-DSS-Req-8.7
  - configure_strategy
  - file_owner_backup_etc_gshadow
  - low_complexity
  - low_disruption
  - medium_severity
  - no_reboot_needed

- name: Ensure owner 0 on /etc/gshadow-
  file:
    path: /etc/gshadow-
    owner: '0'
  when: file_exists.stat is defined and file_exists.stat.exists
  tags:
  - NIST-800-53-AC-6 (1)
  - PCI-DSS-Req-8.7
  - configure_strategy
  - file_owner_backup_etc_gshadow
  - low_complexity
  - low_disruption
  - medium_severity
  - no_reboot_needed
</fix>
            <fix xmlns:xhtml="http://www.w3.org/1999/xhtml" id="file_owner_backup_etc_gshadow" system="urn:xccdf:fix:script:sh" complexity="low" disruption="low" strategy="configure">chown 0 /etc/gshadow-
</fix>
            <check system="http://oval.mitre.org/XMLSchema/oval-definitions-5">
              <check-content-ref name="oval:ssg-file_owner_backup_etc_gshadow:def:1" href="ssg-ubuntu2404-oval.xml"/>
            </check>
            <check system="http://scap.nist.gov/schema/ocil/2">
              <check-content-ref name="ocil:ssg-file_owner_backup_etc_gshadow_ocil:questionnaire:1" href="ssg-ubuntu2404-ocil.xml"/>
            </check>
          </Rule>
          <Rule id="xccdf_org.ssgproject.content_rule_file_owner_backup_etc_passwd" selected="false" role="full" severity="medium">
            <title xmlns:xhtml="http://www.w3.org/1999/xhtml" xml:lang="en-US">Verify User Who Owns Backup passwd File</title>
            <description xmlns:xhtml="http://www.w3.org/1999/xhtml" xml:lang="en-US"> To properly set the owner of <html:code xmlns:html="http://www.w3.org/1999/xhtml">/etc/passwd-</html:code>, run the command: <html:pre xmlns:html="http://www.w3.org/1999/xhtml">$ sudo chown root /etc/passwd- </html:pre>
        </description>
            <reference href="https://public.cyber.mil/stigs/cci/">CCI-000366</reference>
            <reference href="http://nvlpubs.nist.gov/nistpubs/SpecialPublications/NIST.SP.800-53r4.pdf">AC-6 (1)</reference>
            <reference href="https://www.pcisecuritystandards.org/documents/PCI_DSS_v3-2-1.pdf">Req-8.7.c</reference>
            <reference href="https://public.cyber.mil/stigs/downloads/?_dl_facet_stigs=operating-systems%2Cgeneral-purpose-os">SRG-OS-000480-GPOS-00227</reference>
            <reference href="https://www.cisecurity.org/benchmark/ubuntu_linux/">7.1.2</reference>
            <reference href="https://docs-prv.pcisecuritystandards.org/PCI%20DSS/Standard/PCI-DSS-v4_0.pdf">2.2.6</reference>
            <reference href="https://docs-prv.pcisecuritystandards.org/PCI%20DSS/Standard/PCI-DSS-v4_0.pdf">2.2</reference>
            <rationale xmlns:xhtml="http://www.w3.org/1999/xhtml" xml:lang="en-US">The <html:code xmlns:html="http://www.w3.org/1999/xhtml">/etc/passwd-</html:code> file is a backup file of <html:code xmlns:html="http://www.w3.org/1999/xhtml">/etc/passwd</html:code>, and as such,
it contains information about the users that are configured on the system.
Protection of this file is critical for system security.</rationale>
            <fix xmlns:xhtml="http://www.w3.org/1999/xhtml" id="file_owner_backup_etc_passwd" system="urn:xccdf:fix:script:ansible" complexity="low" disruption="low" strategy="configure">- name: Test for existence /etc/passwd-
  stat:
    path: /etc/passwd-
  register: file_exists
  tags:
  - NIST-800-53-AC-6 (1)
  - PCI-DSS-Req-8.7.c
  - PCI-DSSv4-2.2
  - PCI-DSSv4-2.2.6
  - configure_strategy
  - file_owner_backup_etc_passwd
  - low_complexity
  - low_disruption
  - medium_severity
  - no_reboot_needed

- name: Ensure owner 0 on /etc/passwd-
  file:
    path: /etc/passwd-
    owner: '0'
  when: file_exists.stat is defined and file_exists.stat.exists
  tags:
  - NIST-800-53-AC-6 (1)
  - PCI-DSS-Req-8.7.c
  - PCI-DSSv4-2.2
  - PCI-DSSv4-2.2.6
  - configure_strategy
  - file_owner_backup_etc_passwd
  - low_complexity
  - low_disruption
  - medium_severity
  - no_reboot_needed
</fix>
            <fix xmlns:xhtml="http://www.w3.org/1999/xhtml" id="file_owner_backup_etc_passwd" system="urn:xccdf:fix:script:sh" complexity="low" disruption="low" strategy="configure">chown 0 /etc/passwd-
</fix>
            <check system="http://oval.mitre.org/XMLSchema/oval-definitions-5">
              <check-content-ref name="oval:ssg-file_owner_backup_etc_passwd:def:1" href="ssg-ubuntu2404-oval.xml"/>
            </check>
            <check system="http://scap.nist.gov/schema/ocil/2">
              <check-content-ref name="ocil:ssg-file_owner_backup_etc_passwd_ocil:questionnaire:1" href="ssg-ubuntu2404-ocil.xml"/>
            </check>
          </Rule>
          <Rule id="xccdf_org.ssgproject.content_rule_file_owner_backup_etc_shadow" selected="false" role="full" severity="medium">
            <title xmlns:xhtml="http://www.w3.org/1999/xhtml" xml:lang="en-US">Verify Group Who Owns Backup shadow File</title>
            <description xmlns:xhtml="http://www.w3.org/1999/xhtml" xml:lang="en-US"> To properly set the owner of <html:code xmlns:html="http://www.w3.org/1999/xhtml">/etc/shadow-</html:code>, run the command: <html:pre xmlns:html="http://www.w3.org/1999/xhtml">$ sudo chown root /etc/shadow- </html:pre>
        </description>
            <reference href="https://public.cyber.mil/stigs/cci/">CCI-000366</reference>
            <reference href="http://nvlpubs.nist.gov/nistpubs/SpecialPublications/NIST.SP.800-53r4.pdf">AC-6 (1)</reference>
            <reference href="https://www.pcisecuritystandards.org/documents/PCI_DSS_v3-2-1.pdf">Req-8.7.c</reference>
            <reference href="https://public.cyber.mil/stigs/downloads/?_dl_facet_stigs=operating-systems%2Cgeneral-purpose-os">SRG-OS-000480-GPOS-00227</reference>
            <reference href="https://www.cisecurity.org/benchmark/ubuntu_linux/">7.1.6</reference>
            <reference href="https://docs-prv.pcisecuritystandards.org/PCI%20DSS/Standard/PCI-DSS-v4_0.pdf">2.2.6</reference>
            <reference href="https://docs-prv.pcisecuritystandards.org/PCI%20DSS/Standard/PCI-DSS-v4_0.pdf">2.2</reference>
            <rationale xmlns:xhtml="http://www.w3.org/1999/xhtml" xml:lang="en-US">The <html:code xmlns:html="http://www.w3.org/1999/xhtml">/etc/shadow-</html:code> file is a backup file of <html:code xmlns:html="http://www.w3.org/1999/xhtml">/etc/shadow</html:code>, and as such,
it contains the list of local system accounts and password hashes.
Protection of this file is critical for system security.</rationale>
            <fix xmlns:xhtml="http://www.w3.org/1999/xhtml" id="file_owner_backup_etc_shadow" system="urn:xccdf:fix:script:ansible" complexity="low" disruption="low" strategy="configure">- name: Test for existence /etc/shadow-
  stat:
    path: /etc/shadow-
  register: file_exists
  tags:
  - NIST-800-53-AC-6 (1)
  - PCI-DSS-Req-8.7.c
  - PCI-DSSv4-2.2
  - PCI-DSSv4-2.2.6
  - configure_strategy
  - file_owner_backup_etc_shadow
  - low_complexity
  - low_disruption
  - medium_severity
  - no_reboot_needed

- name: Ensure owner 0 on /etc/shadow-
  file:
    path: /etc/shadow-
    owner: '0'
  when: file_exists.stat is defined and file_exists.stat.exists
  tags:
  - NIST-800-53-AC-6 (1)
  - PCI-DSS-Req-8.7.c
  - PCI-DSSv4-2.2
  - PCI-DSSv4-2.2.6
  - configure_strategy
  - file_owner_backup_etc_shadow
  - low_complexity
  - low_disruption
  - medium_severity
  - no_reboot_needed
</fix>
            <fix xmlns:xhtml="http://www.w3.org/1999/xhtml" id="file_owner_backup_etc_shadow" system="urn:xccdf:fix:script:sh" complexity="low" disruption="low" strategy="configure">chown 0 /etc/shadow-
</fix>
            <check system="http://oval.mitre.org/XMLSchema/oval-definitions-5">
              <check-content-ref name="oval:ssg-file_owner_backup_etc_shadow:def:1" href="ssg-ubuntu2404-oval.xml"/>
            </check>
            <check system="http://scap.nist.gov/schema/ocil/2">
              <check-content-ref name="ocil:ssg-file_owner_backup_etc_shadow_ocil:questionnaire:1" href="ssg-ubuntu2404-ocil.xml"/>
            </check>
          </Rule>
          <Rule id="xccdf_org.ssgproject.content_rule_file_owner_etc_group" selected="false" role="full" severity="medium">
            <title xmlns:xhtml="http://www.w3.org/1999/xhtml" xml:lang="en-US">Verify User Who Owns group File</title>
            <description xmlns:xhtml="http://www.w3.org/1999/xhtml" xml:lang="en-US"> To properly set the owner of <html:code xmlns:html="http://www.w3.org/1999/xhtml">/etc/group</html:code>, run the command: <html:pre xmlns:html="http://www.w3.org/1999/xhtml">$ sudo chown root /etc/group </html:pre>
        </description>
            <reference href="https://www.cisecurity.org/controls/">12</reference>
            <reference href="https://www.cisecurity.org/controls/">13</reference>
            <reference href="https://www.cisecurity.org/controls/">14</reference>
            <reference href="https://www.cisecurity.org/controls/">15</reference>
            <reference href="https://www.cisecurity.org/controls/">16</reference>
            <reference href="https://www.cisecurity.org/controls/">18</reference>
            <reference href="https://www.cisecurity.org/controls/">3</reference>
            <reference href="https://www.cisecurity.org/controls/">5</reference>
            <reference href="https://www.fbi.gov/file-repository/cjis-security-policy-v5_5_20160601-2-1.pdf">5.5.2.2</reference>
            <reference href="https://www.isaca.org/resources/cobit">APO01.06</reference>
            <reference href="https://www.isaca.org/resources/cobit">DSS05.04</reference>
            <reference href="https://www.isaca.org/resources/cobit">DSS05.07</reference>
            <reference href="https://www.isaca.org/resources/cobit">DSS06.02</reference>
            <reference href="https://public.cyber.mil/stigs/cci/">CCI-000366</reference>
            <reference href="https://www.isa.org/products/isa-62443-2-1-2009-security-for-industrial-automat">4.3.3.7.3</reference>
            <reference href="https://www.isa.org/products/ansi-isa-62443-3-3-99-03-03-2013-security-for-indu">SR 2.1</reference>
            <reference href="https://www.isa.org/products/ansi-isa-62443-3-3-99-03-03-2013-security-for-indu">SR 5.2</reference>
            <reference href="https://www.iso.org/contents/data/standard/05/45/54534.html">A.10.1.1</reference>
            <reference href="https://www.iso.org/contents/data/standard/05/45/54534.html">A.11.1.4</reference>
            <reference href="https://www.iso.org/contents/data/standard/05/45/54534.html">A.11.1.5</reference>
            <reference href="https://www.iso.org/contents/data/standard/05/45/54534.html">A.11.2.1</reference>
            <reference href="https://www.iso.org/contents/data/standard/05/45/54534.html">A.13.1.1</reference>
            <reference href="https://www.iso.org/contents/data/standard/05/45/54534.html">A.13.1.3</reference>
            <reference href="https://www.iso.org/contents/data/standard/05/45/54534.html">A.13.2.1</reference>
            <reference href="https://www.iso.org/contents/data/standard/05/45/54534.html">A.13.2.3</reference>
            <reference href="https://www.iso.org/contents/data/standard/05/45/54534.html">A.13.2.4</reference>
            <reference href="https://www.iso.org/contents/data/standard/05/45/54534.html">A.14.1.2</reference>
            <reference href="https://www.iso.org/contents/data/standard/05/45/54534.html">A.14.1.3</reference>
            <reference href="https://www.iso.org/contents/data/standard/05/45/54534.html">A.6.1.2</reference>
            <reference href="https://www.iso.org/contents/data/standard/05/45/54534.html">A.7.1.1</reference>
            <reference href="https://www.iso.org/contents/data/standard/05/45/54534.html">A.7.1.2</reference>
            <reference href="https://www.iso.org/contents/data/standard/05/45/54534.html">A.7.3.1</reference>
            <reference href="https://www.iso.org/contents/data/standard/05/45/54534.html">A.8.2.2</reference>
            <reference href="https://www.iso.org/contents/data/standard/05/45/54534.html">A.8.2.3</reference>
            <reference href="https://www.iso.org/contents/data/standard/05/45/54534.html">A.9.1.1</reference>
            <reference href="https://www.iso.org/contents/data/standard/05/45/54534.html">A.9.1.2</reference>
            <reference href="https://www.iso.org/contents/data/standard/05/45/54534.html">A.9.2.3</reference>
            <reference href="https://www.iso.org/contents/data/standard/05/45/54534.html">A.9.4.1</reference>
            <reference href="https://www.iso.org/contents/data/standard/05/45/54534.html">A.9.4.4</reference>
            <reference href="https://www.iso.org/contents/data/standard/05/45/54534.html">A.9.4.5</reference>
            <reference href="https://www.nerc.com/pa/Stand/AlignRep/One%20Stop%20Shop.xlsx">CIP-003-8 R5.1.1</reference>
            <reference href="https://www.nerc.com/pa/Stand/AlignRep/One%20Stop%20Shop.xlsx">CIP-003-8 R5.3</reference>
            <reference href="https://www.nerc.com/pa/Stand/AlignRep/One%20Stop%20Shop.xlsx">CIP-004-6 R2.3</reference>
            <reference href="https://www.nerc.com/pa/Stand/AlignRep/One%20Stop%20Shop.xlsx">CIP-007-3 R2.1</reference>
            <reference href="https://www.nerc.com/pa/Stand/AlignRep/One%20Stop%20Shop.xlsx">CIP-007-3 R2.2</reference>
            <reference href="https://www.nerc.com/pa/Stand/AlignRep/One%20Stop%20Shop.xlsx">CIP-007-3 R2.3</reference>
            <reference href="https://www.nerc.com/pa/Stand/AlignRep/One%20Stop%20Shop.xlsx">CIP-007-3 R5.1</reference>
            <reference href="https://www.nerc.com/pa/Stand/AlignRep/One%20Stop%20Shop.xlsx">CIP-007-3 R5.1.1</reference>
            <reference href="https://www.nerc.com/pa/Stand/AlignRep/One%20Stop%20Shop.xlsx">CIP-007-3 R5.1.2</reference>
            <reference href="http://nvlpubs.nist.gov/nistpubs/SpecialPublications/NIST.SP.800-53r4.pdf">CM-6(a)</reference>
            <reference href="http://nvlpubs.nist.gov/nistpubs/SpecialPublications/NIST.SP.800-53r4.pdf">AC-6(1)</reference>
            <reference href="https://nvlpubs.nist.gov/nistpubs/CSWP/NIST.CSWP.04162018.pdf">PR.AC-4</reference>
            <reference href="https://nvlpubs.nist.gov/nistpubs/CSWP/NIST.CSWP.04162018.pdf">PR.DS-5</reference>
            <reference href="https://www.pcisecuritystandards.org/documents/PCI_DSS_v3-2-1.pdf">Req-8.7.c</reference>
            <reference href="https://public.cyber.mil/stigs/downloads/?_dl_facet_stigs=operating-systems%2Cgeneral-purpose-os">SRG-OS-000480-GPOS-00227</reference>
            <reference href="https://cyber.gouv.fr/sites/default/files/document/linux_configuration-en-v2.pdf">R50</reference>
            <reference href="https://www.cisecurity.org/benchmark/ubuntu_linux/">7.1.3</reference>
            <reference href="https://docs-prv.pcisecuritystandards.org/PCI%20DSS/Standard/PCI-DSS-v4_0.pdf">2.2.6</reference>
            <reference href="https://docs-prv.pcisecuritystandards.org/PCI%20DSS/Standard/PCI-DSS-v4_0.pdf">2.2</reference>
            <rationale xmlns:xhtml="http://www.w3.org/1999/xhtml" xml:lang="en-US">The <html:code xmlns:html="http://www.w3.org/1999/xhtml">/etc/group</html:code> file contains information regarding groups that are configured
on the system. Protection of this file is important for system security.</rationale>
            <fix xmlns:xhtml="http://www.w3.org/1999/xhtml" id="file_owner_etc_group" system="urn:xccdf:fix:script:ansible" complexity="low" disruption="low" strategy="configure">- name: Test for existence /etc/group
  stat:
    path: /etc/group
  register: file_exists
  tags:
  - CJIS-5.5.2.2
  - NIST-800-53-AC-6(1)
  - NIST-800-53-CM-6(a)
  - PCI-DSS-Req-8.7.c
  - PCI-DSSv4-2.2
  - PCI-DSSv4-2.2.6
  - configure_strategy
  - file_owner_etc_group
  - low_complexity
  - low_disruption
  - medium_severity
  - no_reboot_needed

- name: Ensure owner 0 on /etc/group
  file:
    path: /etc/group
    owner: '0'
  when: file_exists.stat is defined and file_exists.stat.exists
  tags:
  - CJIS-5.5.2.2
  - NIST-800-53-AC-6(1)
  - NIST-800-53-CM-6(a)
  - PCI-DSS-Req-8.7.c
  - PCI-DSSv4-2.2
  - PCI-DSSv4-2.2.6
  - configure_strategy
  - file_owner_etc_group
  - low_complexity
  - low_disruption
  - medium_severity
  - no_reboot_needed
</fix>
            <fix xmlns:xhtml="http://www.w3.org/1999/xhtml" id="file_owner_etc_group" system="urn:xccdf:fix:script:sh" complexity="low" disruption="low" strategy="configure">chown 0 /etc/group
</fix>
            <check system="http://oval.mitre.org/XMLSchema/oval-definitions-5">
              <check-content-ref name="oval:ssg-file_owner_etc_group:def:1" href="ssg-ubuntu2404-oval.xml"/>
            </check>
            <check system="http://scap.nist.gov/schema/ocil/2">
              <check-content-ref name="ocil:ssg-file_owner_etc_group_ocil:questionnaire:1" href="ssg-ubuntu2404-ocil.xml"/>
            </check>
          </Rule>
          <Rule id="xccdf_org.ssgproject.content_rule_file_owner_etc_gshadow" selected="false" role="full" severity="medium">
            <title xmlns:xhtml="http://www.w3.org/1999/xhtml" xml:lang="en-US">Verify User Who Owns gshadow File</title>
            <description xmlns:xhtml="http://www.w3.org/1999/xhtml" xml:lang="en-US"> To properly set the owner of <html:code xmlns:html="http://www.w3.org/1999/xhtml">/etc/gshadow</html:code>, run the command: <html:pre xmlns:html="http://www.w3.org/1999/xhtml">$ sudo chown root /etc/gshadow </html:pre>
        </description>
            <reference href="https://www.cisecurity.org/controls/">12</reference>
            <reference href="https://www.cisecurity.org/controls/">13</reference>
            <reference href="https://www.cisecurity.org/controls/">14</reference>
            <reference href="https://www.cisecurity.org/controls/">15</reference>
            <reference href="https://www.cisecurity.org/controls/">16</reference>
            <reference href="https://www.cisecurity.org/controls/">18</reference>
            <reference href="https://www.cisecurity.org/controls/">3</reference>
            <reference href="https://www.cisecurity.org/controls/">5</reference>
            <reference href="https://www.isaca.org/resources/cobit">APO01.06</reference>
            <reference href="https://www.isaca.org/resources/cobit">DSS05.04</reference>
            <reference href="https://www.isaca.org/resources/cobit">DSS05.07</reference>
            <reference href="https://www.isaca.org/resources/cobit">DSS06.02</reference>
            <reference href="https://public.cyber.mil/stigs/cci/">CCI-000366</reference>
            <reference href="https://www.isa.org/products/isa-62443-2-1-2009-security-for-industrial-automat">4.3.3.7.3</reference>
            <reference href="https://www.isa.org/products/ansi-isa-62443-3-3-99-03-03-2013-security-for-indu">SR 2.1</reference>
            <reference href="https://www.isa.org/products/ansi-isa-62443-3-3-99-03-03-2013-security-for-indu">SR 5.2</reference>
            <reference href="https://www.iso.org/contents/data/standard/05/45/54534.html">A.10.1.1</reference>
            <reference href="https://www.iso.org/contents/data/standard/05/45/54534.html">A.11.1.4</reference>
            <reference href="https://www.iso.org/contents/data/standard/05/45/54534.html">A.11.1.5</reference>
            <reference href="https://www.iso.org/contents/data/standard/05/45/54534.html">A.11.2.1</reference>
            <reference href="https://www.iso.org/contents/data/standard/05/45/54534.html">A.13.1.1</reference>
            <reference href="https://www.iso.org/contents/data/standard/05/45/54534.html">A.13.1.3</reference>
            <reference href="https://www.iso.org/contents/data/standard/05/45/54534.html">A.13.2.1</reference>
            <reference href="https://www.iso.org/contents/data/standard/05/45/54534.html">A.13.2.3</reference>
            <reference href="https://www.iso.org/contents/data/standard/05/45/54534.html">A.13.2.4</reference>
            <reference href="https://www.iso.org/contents/data/standard/05/45/54534.html">A.14.1.2</reference>
            <reference href="https://www.iso.org/contents/data/standard/05/45/54534.html">A.14.1.3</reference>
            <reference href="https://www.iso.org/contents/data/standard/05/45/54534.html">A.6.1.2</reference>
            <reference href="https://www.iso.org/contents/data/standard/05/45/54534.html">A.7.1.1</reference>
            <reference href="https://www.iso.org/contents/data/standard/05/45/54534.html">A.7.1.2</reference>
            <reference href="https://www.iso.org/contents/data/standard/05/45/54534.html">A.7.3.1</reference>
            <reference href="https://www.iso.org/contents/data/standard/05/45/54534.html">A.8.2.2</reference>
            <reference href="https://www.iso.org/contents/data/standard/05/45/54534.html">A.8.2.3</reference>
            <reference href="https://www.iso.org/contents/data/standard/05/45/54534.html">A.9.1.1</reference>
            <reference href="https://www.iso.org/contents/data/standard/05/45/54534.html">A.9.1.2</reference>
            <reference href="https://www.iso.org/contents/data/standard/05/45/54534.html">A.9.2.3</reference>
            <reference href="https://www.iso.org/contents/data/standard/05/45/54534.html">A.9.4.1</reference>
            <reference href="https://www.iso.org/contents/data/standard/05/45/54534.html">A.9.4.4</reference>
            <reference href="https://www.iso.org/contents/data/standard/05/45/54534.html">A.9.4.5</reference>
            <reference href="https://www.nerc.com/pa/Stand/AlignRep/One%20Stop%20Shop.xlsx">CIP-003-8 R5.1.1</reference>
            <reference href="https://www.nerc.com/pa/Stand/AlignRep/One%20Stop%20Shop.xlsx">CIP-003-8 R5.3</reference>
            <reference href="https://www.nerc.com/pa/Stand/AlignRep/One%20Stop%20Shop.xlsx">CIP-004-6 R2.3</reference>
            <reference href="https://www.nerc.com/pa/Stand/AlignRep/One%20Stop%20Shop.xlsx">CIP-007-3 R2.1</reference>
            <reference href="https://www.nerc.com/pa/Stand/AlignRep/One%20Stop%20Shop.xlsx">CIP-007-3 R2.2</reference>
            <reference href="https://www.nerc.com/pa/Stand/AlignRep/One%20Stop%20Shop.xlsx">CIP-007-3 R2.3</reference>
            <reference href="https://www.nerc.com/pa/Stand/AlignRep/One%20Stop%20Shop.xlsx">CIP-007-3 R5.1</reference>
            <reference href="https://www.nerc.com/pa/Stand/AlignRep/One%20Stop%20Shop.xlsx">CIP-007-3 R5.1.1</reference>
            <reference href="https://www.nerc.com/pa/Stand/AlignRep/One%20Stop%20Shop.xlsx">CIP-007-3 R5.1.2</reference>
            <reference href="http://nvlpubs.nist.gov/nistpubs/SpecialPublications/NIST.SP.800-53r4.pdf">CM-6(a)</reference>
            <reference href="http://nvlpubs.nist.gov/nistpubs/SpecialPublications/NIST.SP.800-53r4.pdf">AC-6(1)</reference>
            <reference href="https://nvlpubs.nist.gov/nistpubs/CSWP/NIST.CSWP.04162018.pdf">PR.AC-4</reference>
            <reference href="https://nvlpubs.nist.gov/nistpubs/CSWP/NIST.CSWP.04162018.pdf">PR.DS-5</reference>
            <reference href="https://public.cyber.mil/stigs/downloads/?_dl_facet_stigs=operating-systems%2Cgeneral-purpose-os">SRG-OS-000480-GPOS-00227</reference>
            <reference href="https://cyber.gouv.fr/sites/default/files/document/linux_configuration-en-v2.pdf">R50</reference>
            <reference href="https://www.cisecurity.org/benchmark/ubuntu_linux/">7.1.7</reference>
            <rationale xmlns:xhtml="http://www.w3.org/1999/xhtml" xml:lang="en-US">The <html:code xmlns:html="http://www.w3.org/1999/xhtml">/etc/gshadow</html:code> file contains group password hashes. Protection of this file
is critical for system security.</rationale>
            <fix xmlns:xhtml="http://www.w3.org/1999/xhtml" id="file_owner_etc_gshadow" system="urn:xccdf:fix:script:ansible" complexity="low" disruption="low" strategy="configure">- name: Test for existence /etc/gshadow
  stat:
    path: /etc/gshadow
  register: file_exists
  tags:
  - NIST-800-53-AC-6(1)
  - NIST-800-53-CM-6(a)
  - configure_strategy
  - file_owner_etc_gshadow
  - low_complexity
  - low_disruption
  - medium_severity
  - no_reboot_needed

- name: Ensure owner 0 on /etc/gshadow
  file:
    path: /etc/gshadow
    owner: '0'
  when: file_exists.stat is defined and file_exists.stat.exists
  tags:
  - NIST-800-53-AC-6(1)
  - NIST-800-53-CM-6(a)
  - configure_strategy
  - file_owner_etc_gshadow
  - low_complexity
  - low_disruption
  - medium_severity
  - no_reboot_needed
</fix>
            <fix xmlns:xhtml="http://www.w3.org/1999/xhtml" id="file_owner_etc_gshadow" system="urn:xccdf:fix:script:sh" complexity="low" disruption="low" strategy="configure">chown 0 /etc/gshadow
</fix>
            <check system="http://oval.mitre.org/XMLSchema/oval-definitions-5">
              <check-content-ref name="oval:ssg-file_owner_etc_gshadow:def:1" href="ssg-ubuntu2404-oval.xml"/>
            </check>
            <check system="http://scap.nist.gov/schema/ocil/2">
              <check-content-ref name="ocil:ssg-file_owner_etc_gshadow_ocil:questionnaire:1" href="ssg-ubuntu2404-ocil.xml"/>
            </check>
          </Rule>
          <Rule id="xccdf_org.ssgproject.content_rule_file_owner_etc_passwd" selected="false" role="full" severity="medium">
            <title xmlns:xhtml="http://www.w3.org/1999/xhtml" xml:lang="en-US">Verify User Who Owns passwd File</title>
            <description xmlns:xhtml="http://www.w3.org/1999/xhtml" xml:lang="en-US"> To properly set the owner of <html:code xmlns:html="http://www.w3.org/1999/xhtml">/etc/passwd</html:code>, run the command: <html:pre xmlns:html="http://www.w3.org/1999/xhtml">$ sudo chown root /etc/passwd </html:pre>
        </description>
            <reference href="https://www.cisecurity.org/controls/">12</reference>
            <reference href="https://www.cisecurity.org/controls/">13</reference>
            <reference href="https://www.cisecurity.org/controls/">14</reference>
            <reference href="https://www.cisecurity.org/controls/">15</reference>
            <reference href="https://www.cisecurity.org/controls/">16</reference>
            <reference href="https://www.cisecurity.org/controls/">18</reference>
            <reference href="https://www.cisecurity.org/controls/">3</reference>
            <reference href="https://www.cisecurity.org/controls/">5</reference>
            <reference href="https://www.fbi.gov/file-repository/cjis-security-policy-v5_5_20160601-2-1.pdf">5.5.2.2</reference>
            <reference href="https://www.isaca.org/resources/cobit">APO01.06</reference>
            <reference href="https://www.isaca.org/resources/cobit">DSS05.04</reference>
            <reference href="https://www.isaca.org/resources/cobit">DSS05.07</reference>
            <reference href="https://www.isaca.org/resources/cobit">DSS06.02</reference>
            <reference href="https://public.cyber.mil/stigs/cci/">CCI-000366</reference>
            <reference href="https://www.isa.org/products/isa-62443-2-1-2009-security-for-industrial-automat">4.3.3.7.3</reference>
            <reference href="https://www.isa.org/products/ansi-isa-62443-3-3-99-03-03-2013-security-for-indu">SR 2.1</reference>
            <reference href="https://www.isa.org/products/ansi-isa-62443-3-3-99-03-03-2013-security-for-indu">SR 5.2</reference>
            <reference href="https://www.iso.org/contents/data/standard/05/45/54534.html">A.10.1.1</reference>
            <reference href="https://www.iso.org/contents/data/standard/05/45/54534.html">A.11.1.4</reference>
            <reference href="https://www.iso.org/contents/data/standard/05/45/54534.html">A.11.1.5</reference>
            <reference href="https://www.iso.org/contents/data/standard/05/45/54534.html">A.11.2.1</reference>
            <reference href="https://www.iso.org/contents/data/standard/05/45/54534.html">A.13.1.1</reference>
            <reference href="https://www.iso.org/contents/data/standard/05/45/54534.html">A.13.1.3</reference>
            <reference href="https://www.iso.org/contents/data/standard/05/45/54534.html">A.13.2.1</reference>
            <reference href="https://www.iso.org/contents/data/standard/05/45/54534.html">A.13.2.3</reference>
            <reference href="https://www.iso.org/contents/data/standard/05/45/54534.html">A.13.2.4</reference>
            <reference href="https://www.iso.org/contents/data/standard/05/45/54534.html">A.14.1.2</reference>
            <reference href="https://www.iso.org/contents/data/standard/05/45/54534.html">A.14.1.3</reference>
            <reference href="https://www.iso.org/contents/data/standard/05/45/54534.html">A.6.1.2</reference>
            <reference href="https://www.iso.org/contents/data/standard/05/45/54534.html">A.7.1.1</reference>
            <reference href="https://www.iso.org/contents/data/standard/05/45/54534.html">A.7.1.2</reference>
            <reference href="https://www.iso.org/contents/data/standard/05/45/54534.html">A.7.3.1</reference>
            <reference href="https://www.iso.org/contents/data/standard/05/45/54534.html">A.8.2.2</reference>
            <reference href="https://www.iso.org/contents/data/standard/05/45/54534.html">A.8.2.3</reference>
            <reference href="https://www.iso.org/contents/data/standard/05/45/54534.html">A.9.1.1</reference>
            <reference href="https://www.iso.org/contents/data/standard/05/45/54534.html">A.9.1.2</reference>
            <reference href="https://www.iso.org/contents/data/standard/05/45/54534.html">A.9.2.3</reference>
            <reference href="https://www.iso.org/contents/data/standard/05/45/54534.html">A.9.4.1</reference>
            <reference href="https://www.iso.org/contents/data/standard/05/45/54534.html">A.9.4.4</reference>
            <reference href="https://www.iso.org/contents/data/standard/05/45/54534.html">A.9.4.5</reference>
            <reference href="https://www.nerc.com/pa/Stand/AlignRep/One%20Stop%20Shop.xlsx">CIP-003-8 R5.1.1</reference>
            <reference href="https://www.nerc.com/pa/Stand/AlignRep/One%20Stop%20Shop.xlsx">CIP-003-8 R5.3</reference>
            <reference href="https://www.nerc.com/pa/Stand/AlignRep/One%20Stop%20Shop.xlsx">CIP-004-6 R2.3</reference>
            <reference href="https://www.nerc.com/pa/Stand/AlignRep/One%20Stop%20Shop.xlsx">CIP-007-3 R2.1</reference>
            <reference href="https://www.nerc.com/pa/Stand/AlignRep/One%20Stop%20Shop.xlsx">CIP-007-3 R2.2</reference>
            <reference href="https://www.nerc.com/pa/Stand/AlignRep/One%20Stop%20Shop.xlsx">CIP-007-3 R2.3</reference>
            <reference href="https://www.nerc.com/pa/Stand/AlignRep/One%20Stop%20Shop.xlsx">CIP-007-3 R5.1</reference>
            <reference href="https://www.nerc.com/pa/Stand/AlignRep/One%20Stop%20Shop.xlsx">CIP-007-3 R5.1.1</reference>
            <reference href="https://www.nerc.com/pa/Stand/AlignRep/One%20Stop%20Shop.xlsx">CIP-007-3 R5.1.2</reference>
            <reference href="http://nvlpubs.nist.gov/nistpubs/SpecialPublications/NIST.SP.800-53r4.pdf">CM-6(a)</reference>
            <reference href="http://nvlpubs.nist.gov/nistpubs/SpecialPublications/NIST.SP.800-53r4.pdf">AC-6(1)</reference>
            <reference href="https://nvlpubs.nist.gov/nistpubs/CSWP/NIST.CSWP.04162018.pdf">PR.AC-4</reference>
            <reference href="https://nvlpubs.nist.gov/nistpubs/CSWP/NIST.CSWP.04162018.pdf">PR.DS-5</reference>
            <reference href="https://www.pcisecuritystandards.org/documents/PCI_DSS_v3-2-1.pdf">Req-8.7.c</reference>
            <reference href="https://public.cyber.mil/stigs/downloads/?_dl_facet_stigs=operating-systems%2Cgeneral-purpose-os">SRG-OS-000480-GPOS-00227</reference>
            <reference href="https://cyber.gouv.fr/sites/default/files/document/linux_configuration-en-v2.pdf">R50</reference>
            <reference href="https://www.cisecurity.org/benchmark/ubuntu_linux/">7.1.1</reference>
            <reference href="https://docs-prv.pcisecuritystandards.org/PCI%20DSS/Standard/PCI-DSS-v4_0.pdf">2.2.6</reference>
            <reference href="https://docs-prv.pcisecuritystandards.org/PCI%20DSS/Standard/PCI-DSS-v4_0.pdf">2.2</reference>
            <rationale xmlns:xhtml="http://www.w3.org/1999/xhtml" xml:lang="en-US">The <html:code xmlns:html="http://www.w3.org/1999/xhtml">/etc/passwd</html:code> file contains information about the users that are configured on
the system. Protection of this file is critical for system security.</rationale>
            <fix xmlns:xhtml="http://www.w3.org/1999/xhtml" id="file_owner_etc_passwd" system="urn:xccdf:fix:script:ansible" complexity="low" disruption="low" strategy="configure">- name: Test for existence /etc/passwd
  stat:
    path: /etc/passwd
  register: file_exists
  tags:
  - CJIS-5.5.2.2
  - NIST-800-53-AC-6(1)
  - NIST-800-53-CM-6(a)
  - PCI-DSS-Req-8.7.c
  - PCI-DSSv4-2.2
  - PCI-DSSv4-2.2.6
  - configure_strategy
  - file_owner_etc_passwd
  - low_complexity
  - low_disruption
  - medium_severity
  - no_reboot_needed

- name: Ensure owner 0 on /etc/passwd
  file:
    path: /etc/passwd
    owner: '0'
  when: file_exists.stat is defined and file_exists.stat.exists
  tags:
  - CJIS-5.5.2.2
  - NIST-800-53-AC-6(1)
  - NIST-800-53-CM-6(a)
  - PCI-DSS-Req-8.7.c
  - PCI-DSSv4-2.2
  - PCI-DSSv4-2.2.6
  - configure_strategy
  - file_owner_etc_passwd
  - low_complexity
  - low_disruption
  - medium_severity
  - no_reboot_needed
</fix>
            <fix xmlns:xhtml="http://www.w3.org/1999/xhtml" id="file_owner_etc_passwd" system="urn:xccdf:fix:script:sh" complexity="low" disruption="low" strategy="configure">chown 0 /etc/passwd
</fix>
            <check system="http://oval.mitre.org/XMLSchema/oval-definitions-5">
              <check-content-ref name="oval:ssg-file_owner_etc_passwd:def:1" href="ssg-ubuntu2404-oval.xml"/>
            </check>
            <check system="http://scap.nist.gov/schema/ocil/2">
              <check-content-ref name="ocil:ssg-file_owner_etc_passwd_ocil:questionnaire:1" href="ssg-ubuntu2404-ocil.xml"/>
            </check>
          </Rule>
          <Rule id="xccdf_org.ssgproject.content_rule_file_owner_etc_security_opasswd" selected="false" role="full" severity="medium">
            <title xmlns:xhtml="http://www.w3.org/1999/xhtml" xml:lang="en-US">Verify User Who Owns /etc/security/opasswd File</title>
            <description xmlns:xhtml="http://www.w3.org/1999/xhtml" xml:lang="en-US"> To properly set the owner of <html:code xmlns:html="http://www.w3.org/1999/xhtml">/etc/security/opasswd</html:code>, run the command: <html:pre xmlns:html="http://www.w3.org/1999/xhtml">$ sudo chown root /etc/security/opasswd </html:pre>
        </description>
            <reference href="https://www.cisecurity.org/benchmark/ubuntu_linux/">7.1.10</reference>
            <rationale xmlns:xhtml="http://www.w3.org/1999/xhtml" xml:lang="en-US">The <html:code xmlns:html="http://www.w3.org/1999/xhtml">/etc/security/opasswd</html:code> file stores old passwords to prevent
password reuse. Protection of this file is critical for system security.</rationale>
            <fix xmlns:xhtml="http://www.w3.org/1999/xhtml" id="file_owner_etc_security_opasswd" system="urn:xccdf:fix:script:ansible" complexity="low" disruption="low" strategy="configure">- name: Test for existence /etc/security/opasswd
  stat:
    path: /etc/security/opasswd
  register: file_exists
  tags:
  - configure_strategy
  - file_owner_etc_security_opasswd
  - low_complexity
  - low_disruption
  - medium_severity
  - no_reboot_needed

- name: Ensure owner 0 on /etc/security/opasswd
  file:
    path: /etc/security/opasswd
    owner: '0'
  when: file_exists.stat is defined and file_exists.stat.exists
  tags:
  - configure_strategy
  - file_owner_etc_security_opasswd
  - low_complexity
  - low_disruption
  - medium_severity
  - no_reboot_needed
</fix>
            <fix xmlns:xhtml="http://www.w3.org/1999/xhtml" id="file_owner_etc_security_opasswd" system="urn:xccdf:fix:script:sh" complexity="low" disruption="low" strategy="configure">chown 0 /etc/security/opasswd
</fix>
            <check system="http://oval.mitre.org/XMLSchema/oval-definitions-5">
              <check-content-ref name="oval:ssg-file_owner_etc_security_opasswd:def:1" href="ssg-ubuntu2404-oval.xml"/>
            </check>
            <check system="http://scap.nist.gov/schema/ocil/2">
              <check-content-ref name="ocil:ssg-file_owner_etc_security_opasswd_ocil:questionnaire:1" href="ssg-ubuntu2404-ocil.xml"/>
            </check>
          </Rule>
          <Rule id="xccdf_org.ssgproject.content_rule_file_owner_etc_security_opasswd_old" selected="false" role="full" severity="medium">
            <title xmlns:xhtml="http://www.w3.org/1999/xhtml" xml:lang="en-US">Verify User Who Owns /etc/security/opasswd.old File</title>
            <description xmlns:xhtml="http://www.w3.org/1999/xhtml" xml:lang="en-US"> To properly set the owner of <html:code xmlns:html="http://www.w3.org/1999/xhtml">/etc/security/opasswd.old</html:code>, run the command: <html:pre xmlns:html="http://www.w3.org/1999/xhtml">$ sudo chown root /etc/security/opasswd.old </html:pre>
        </description>
            <reference href="https://www.cisecurity.org/benchmark/ubuntu_linux/">7.1.10</reference>
            <rationale xmlns:xhtml="http://www.w3.org/1999/xhtml" xml:lang="en-US">The <html:code xmlns:html="http://www.w3.org/1999/xhtml">/etc/security/opasswd.old</html:code> file stores backups of old passwords to prevent
password reuse. Protection of this file is critical for system security.</rationale>
            <fix xmlns:xhtml="http://www.w3.org/1999/xhtml" id="file_owner_etc_security_opasswd_old" system="urn:xccdf:fix:script:ansible" complexity="low" disruption="low" strategy="configure">- name: Test for existence /etc/security/opasswd.old
  stat:
    path: /etc/security/opasswd.old
  register: file_exists
  tags:
  - configure_strategy
  - file_owner_etc_security_opasswd_old
  - low_complexity
  - low_disruption
  - medium_severity
  - no_reboot_needed

- name: Ensure owner 0 on /etc/security/opasswd.old
  file:
    path: /etc/security/opasswd.old
    owner: '0'
  when: file_exists.stat is defined and file_exists.stat.exists
  tags:
  - configure_strategy
  - file_owner_etc_security_opasswd_old
  - low_complexity
  - low_disruption
  - medium_severity
  - no_reboot_needed
</fix>
            <fix xmlns:xhtml="http://www.w3.org/1999/xhtml" id="file_owner_etc_security_opasswd_old" system="urn:xccdf:fix:script:sh" complexity="low" disruption="low" strategy="configure">chown 0 /etc/security/opasswd.old
</fix>
            <check system="http://oval.mitre.org/XMLSchema/oval-definitions-5">
              <check-content-ref name="oval:ssg-file_owner_etc_security_opasswd_old:def:1" href="ssg-ubuntu2404-oval.xml"/>
            </check>
            <check system="http://scap.nist.gov/schema/ocil/2">
              <check-content-ref name="ocil:ssg-file_owner_etc_security_opasswd_old_ocil:questionnaire:1" href="ssg-ubuntu2404-ocil.xml"/>
            </check>
          </Rule>
          <Rule id="xccdf_org.ssgproject.content_rule_file_owner_etc_shadow" selected="false" role="full" severity="medium">
            <title xmlns:xhtml="http://www.w3.org/1999/xhtml" xml:lang="en-US">Verify User Who Owns shadow File</title>
            <description xmlns:xhtml="http://www.w3.org/1999/xhtml" xml:lang="en-US"> To properly set the owner of <html:code xmlns:html="http://www.w3.org/1999/xhtml">/etc/shadow</html:code>, run the command: <html:pre xmlns:html="http://www.w3.org/1999/xhtml">$ sudo chown root /etc/shadow </html:pre>
        </description>
            <reference href="https://www.cisecurity.org/controls/">12</reference>
            <reference href="https://www.cisecurity.org/controls/">13</reference>
            <reference href="https://www.cisecurity.org/controls/">14</reference>
            <reference href="https://www.cisecurity.org/controls/">15</reference>
            <reference href="https://www.cisecurity.org/controls/">16</reference>
            <reference href="https://www.cisecurity.org/controls/">18</reference>
            <reference href="https://www.cisecurity.org/controls/">3</reference>
            <reference href="https://www.cisecurity.org/controls/">5</reference>
            <reference href="https://www.fbi.gov/file-repository/cjis-security-policy-v5_5_20160601-2-1.pdf">5.5.2.2</reference>
            <reference href="https://www.isaca.org/resources/cobit">APO01.06</reference>
            <reference href="https://www.isaca.org/resources/cobit">DSS05.04</reference>
            <reference href="https://www.isaca.org/resources/cobit">DSS05.07</reference>
            <reference href="https://www.isaca.org/resources/cobit">DSS06.02</reference>
            <reference href="https://public.cyber.mil/stigs/cci/">CCI-000366</reference>
            <reference href="https://www.isa.org/products/isa-62443-2-1-2009-security-for-industrial-automat">4.3.3.7.3</reference>
            <reference href="https://www.isa.org/products/ansi-isa-62443-3-3-99-03-03-2013-security-for-indu">SR 2.1</reference>
            <reference href="https://www.isa.org/products/ansi-isa-62443-3-3-99-03-03-2013-security-for-indu">SR 5.2</reference>
            <reference href="https://www.iso.org/contents/data/standard/05/45/54534.html">A.10.1.1</reference>
            <reference href="https://www.iso.org/contents/data/standard/05/45/54534.html">A.11.1.4</reference>
            <reference href="https://www.iso.org/contents/data/standard/05/45/54534.html">A.11.1.5</reference>
            <reference href="https://www.iso.org/contents/data/standard/05/45/54534.html">A.11.2.1</reference>
            <reference href="https://www.iso.org/contents/data/standard/05/45/54534.html">A.13.1.1</reference>
            <reference href="https://www.iso.org/contents/data/standard/05/45/54534.html">A.13.1.3</reference>
            <reference href="https://www.iso.org/contents/data/standard/05/45/54534.html">A.13.2.1</reference>
            <reference href="https://www.iso.org/contents/data/standard/05/45/54534.html">A.13.2.3</reference>
            <reference href="https://www.iso.org/contents/data/standard/05/45/54534.html">A.13.2.4</reference>
            <reference href="https://www.iso.org/contents/data/standard/05/45/54534.html">A.14.1.2</reference>
            <reference href="https://www.iso.org/contents/data/standard/05/45/54534.html">A.14.1.3</reference>
            <reference href="https://www.iso.org/contents/data/standard/05/45/54534.html">A.6.1.2</reference>
            <reference href="https://www.iso.org/contents/data/standard/05/45/54534.html">A.7.1.1</reference>
            <reference href="https://www.iso.org/contents/data/standard/05/45/54534.html">A.7.1.2</reference>
            <reference href="https://www.iso.org/contents/data/standard/05/45/54534.html">A.7.3.1</reference>
            <reference href="https://www.iso.org/contents/data/standard/05/45/54534.html">A.8.2.2</reference>
            <reference href="https://www.iso.org/contents/data/standard/05/45/54534.html">A.8.2.3</reference>
            <reference href="https://www.iso.org/contents/data/standard/05/45/54534.html">A.9.1.1</reference>
            <reference href="https://www.iso.org/contents/data/standard/05/45/54534.html">A.9.1.2</reference>
            <reference href="https://www.iso.org/contents/data/standard/05/45/54534.html">A.9.2.3</reference>
            <reference href="https://www.iso.org/contents/data/standard/05/45/54534.html">A.9.4.1</reference>
            <reference href="https://www.iso.org/contents/data/standard/05/45/54534.html">A.9.4.4</reference>
            <reference href="https://www.iso.org/contents/data/standard/05/45/54534.html">A.9.4.5</reference>
            <reference href="https://www.nerc.com/pa/Stand/AlignRep/One%20Stop%20Shop.xlsx">CIP-003-8 R5.1.1</reference>
            <reference href="https://www.nerc.com/pa/Stand/AlignRep/One%20Stop%20Shop.xlsx">CIP-003-8 R5.3</reference>
            <reference href="https://www.nerc.com/pa/Stand/AlignRep/One%20Stop%20Shop.xlsx">CIP-004-6 R2.3</reference>
            <reference href="https://www.nerc.com/pa/Stand/AlignRep/One%20Stop%20Shop.xlsx">CIP-007-3 R2.1</reference>
            <reference href="https://www.nerc.com/pa/Stand/AlignRep/One%20Stop%20Shop.xlsx">CIP-007-3 R2.2</reference>
            <reference href="https://www.nerc.com/pa/Stand/AlignRep/One%20Stop%20Shop.xlsx">CIP-007-3 R2.3</reference>
            <reference href="https://www.nerc.com/pa/Stand/AlignRep/One%20Stop%20Shop.xlsx">CIP-007-3 R5.1</reference>
            <reference href="https://www.nerc.com/pa/Stand/AlignRep/One%20Stop%20Shop.xlsx">CIP-007-3 R5.1.1</reference>
            <reference href="https://www.nerc.com/pa/Stand/AlignRep/One%20Stop%20Shop.xlsx">CIP-007-3 R5.1.2</reference>
            <reference href="http://nvlpubs.nist.gov/nistpubs/SpecialPublications/NIST.SP.800-53r4.pdf">CM-6(a)</reference>
            <reference href="http://nvlpubs.nist.gov/nistpubs/SpecialPublications/NIST.SP.800-53r4.pdf">AC-6(1)</reference>
            <reference href="https://nvlpubs.nist.gov/nistpubs/CSWP/NIST.CSWP.04162018.pdf">PR.AC-4</reference>
            <reference href="https://nvlpubs.nist.gov/nistpubs/CSWP/NIST.CSWP.04162018.pdf">PR.DS-5</reference>
            <reference href="https://www.pcisecuritystandards.org/documents/PCI_DSS_v3-2-1.pdf">Req-8.7.c</reference>
            <reference href="https://public.cyber.mil/stigs/downloads/?_dl_facet_stigs=operating-systems%2Cgeneral-purpose-os">SRG-OS-000480-GPOS-00227</reference>
            <reference href="https://cyber.gouv.fr/sites/default/files/document/linux_configuration-en-v2.pdf">R50</reference>
            <reference href="https://www.cisecurity.org/benchmark/ubuntu_linux/">7.1.5</reference>
            <reference href="https://docs-prv.pcisecuritystandards.org/PCI%20DSS/Standard/PCI-DSS-v4_0.pdf">2.2.6</reference>
            <reference href="https://docs-prv.pcisecuritystandards.org/PCI%20DSS/Standard/PCI-DSS-v4_0.pdf">2.2</reference>
            <rationale xmlns:xhtml="http://www.w3.org/1999/xhtml" xml:lang="en-US">The <html:code xmlns:html="http://www.w3.org/1999/xhtml">/etc/shadow</html:code> file contains the list of local
system accounts and stores password hashes. Protection of this file is
critical for system security. Failure to give ownership of this file
to root provides the designated owner with access to sensitive information
which could weaken the system security posture.</rationale>
            <fix xmlns:xhtml="http://www.w3.org/1999/xhtml" id="file_owner_etc_shadow" system="urn:xccdf:fix:script:ansible" complexity="low" disruption="low" strategy="configure">- name: Test for existence /etc/shadow
  stat:
    path: /etc/shadow
  register: file_exists
  tags:
  - CJIS-5.5.2.2
  - NIST-800-53-AC-6(1)
  - NIST-800-53-CM-6(a)
  - PCI-DSS-Req-8.7.c
  - PCI-DSSv4-2.2
  - PCI-DSSv4-2.2.6
  - configure_strategy
  - file_owner_etc_shadow
  - low_complexity
  - low_disruption
  - medium_severity
  - no_reboot_needed

- name: Ensure owner 0 on /etc/shadow
  file:
    path: /etc/shadow
    owner: '0'
  when: file_exists.stat is defined and file_exists.stat.exists
  tags:
  - CJIS-5.5.2.2
  - NIST-800-53-AC-6(1)
  - NIST-800-53-CM-6(a)
  - PCI-DSS-Req-8.7.c
  - PCI-DSSv4-2.2
  - PCI-DSSv4-2.2.6
  - configure_strategy
  - file_owner_etc_shadow
  - low_complexity
  - low_disruption
  - medium_severity
  - no_reboot_needed
</fix>
            <fix xmlns:xhtml="http://www.w3.org/1999/xhtml" id="file_owner_etc_shadow" system="urn:xccdf:fix:script:sh" complexity="low" disruption="low" strategy="configure">chown 0 /etc/shadow
</fix>
            <check system="http://oval.mitre.org/XMLSchema/oval-definitions-5">
              <check-content-ref name="oval:ssg-file_owner_etc_shadow:def:1" href="ssg-ubuntu2404-oval.xml"/>
            </check>
            <check system="http://scap.nist.gov/schema/ocil/2">
              <check-content-ref name="ocil:ssg-file_owner_etc_shadow_ocil:questionnaire:1" href="ssg-ubuntu2404-ocil.xml"/>
            </check>
          </Rule>
          <Rule id="xccdf_org.ssgproject.content_rule_file_owner_etc_shells" selected="false" role="full" severity="medium">
            <title xmlns:xhtml="http://www.w3.org/1999/xhtml" xml:lang="en-US">Verify Who Owns /etc/shells File</title>
            <description xmlns:xhtml="http://www.w3.org/1999/xhtml" xml:lang="en-US">
To properly set the owner of <html:code xmlns:html="http://www.w3.org/1999/xhtml">/etc/shells</html:code>, run the command:
<html:pre xmlns:html="http://www.w3.org/1999/xhtml">$ sudo chown root /etc/shells </html:pre>
        </description>
            <reference href="http://nvlpubs.nist.gov/nistpubs/SpecialPublications/NIST.SP.800-53r4.pdf">AC-3</reference>
            <reference href="http://nvlpubs.nist.gov/nistpubs/SpecialPublications/NIST.SP.800-53r4.pdf">MP-2</reference>
            <reference href="https://cyber.gouv.fr/sites/default/files/document/linux_configuration-en-v2.pdf">R50</reference>
            <reference href="https://www.cisecurity.org/benchmark/ubuntu_linux/">7.1.9</reference>
            <rationale xmlns:xhtml="http://www.w3.org/1999/xhtml" xml:lang="en-US">The <html:code xmlns:html="http://www.w3.org/1999/xhtml">/etc/shells</html:code> file contains the list of full pathnames to shells on the system.
Since this file is used by many system programs this file should be protected.</rationale>
            <fix xmlns:xhtml="http://www.w3.org/1999/xhtml" id="file_owner_etc_shells" system="urn:xccdf:fix:script:ansible" complexity="low" disruption="low" strategy="configure">- name: Test for existence /etc/shells
  stat:
    path: /etc/shells
  register: file_exists
  tags:
  - NIST-800-53-AC-3
  - NIST-800-53-MP-2
  - configure_strategy
  - file_owner_etc_shells
  - low_complexity
  - low_disruption
  - medium_severity
  - no_reboot_needed

- name: Ensure owner 0 on /etc/shells
  file:
    path: /etc/shells
    owner: '0'
  when: file_exists.stat is defined and file_exists.stat.exists
  tags:
  - NIST-800-53-AC-3
  - NIST-800-53-MP-2
  - configure_strategy
  - file_owner_etc_shells
  - low_complexity
  - low_disruption
  - medium_severity
  - no_reboot_needed
</fix>
            <fix xmlns:xhtml="http://www.w3.org/1999/xhtml" id="file_owner_etc_shells" system="urn:xccdf:fix:script:sh" complexity="low" disruption="low" strategy="configure">chown 0 /etc/shells
</fix>
            <check system="http://oval.mitre.org/XMLSchema/oval-definitions-5">
              <check-content-ref name="oval:ssg-file_owner_etc_shells:def:1" href="ssg-ubuntu2404-oval.xml"/>
            </check>
            <check system="http://scap.nist.gov/schema/ocil/2">
              <check-content-ref name="ocil:ssg-file_owner_etc_shells_ocil:questionnaire:1" href="ssg-ubuntu2404-ocil.xml"/>
            </check>
          </Rule>
          <Rule id="xccdf_org.ssgproject.content_rule_file_permissions_backup_etc_group" selected="false" role="full" severity="medium">
            <title xmlns:xhtml="http://www.w3.org/1999/xhtml" xml:lang="en-US">Verify Permissions on Backup group File</title>
            <description xmlns:xhtml="http://www.w3.org/1999/xhtml" xml:lang="en-US">
To properly set the permissions of <html:code xmlns:html="http://www.w3.org/1999/xhtml">/etc/group-</html:code>, run the command:
<html:pre xmlns:html="http://www.w3.org/1999/xhtml">$ sudo chmod 0644 /etc/group-</html:pre>
        </description>
            <reference href="https://public.cyber.mil/stigs/cci/">CCI-000366</reference>
            <reference href="http://nvlpubs.nist.gov/nistpubs/SpecialPublications/NIST.SP.800-53r4.pdf">AC-6 (1)</reference>
            <reference href="https://www.pcisecuritystandards.org/documents/PCI_DSS_v3-2-1.pdf">Req-8.7.c</reference>
            <reference href="https://public.cyber.mil/stigs/downloads/?_dl_facet_stigs=operating-systems%2Cgeneral-purpose-os">SRG-OS-000480-GPOS-00227</reference>
            <reference href="https://www.cisecurity.org/benchmark/ubuntu_linux/">7.1.4</reference>
            <reference href="https://docs-prv.pcisecuritystandards.org/PCI%20DSS/Standard/PCI-DSS-v4_0.pdf">2.2.6</reference>
            <reference href="https://docs-prv.pcisecuritystandards.org/PCI%20DSS/Standard/PCI-DSS-v4_0.pdf">2.2</reference>
            <rationale xmlns:xhtml="http://www.w3.org/1999/xhtml" xml:lang="en-US">The <html:code xmlns:html="http://www.w3.org/1999/xhtml">/etc/group-</html:code> file is a backup file of <html:code xmlns:html="http://www.w3.org/1999/xhtml">/etc/group</html:code>, and as such,
it contains information regarding groups that are configured on the system.
Protection of this file is important for system security.</rationale>
            <fix xmlns:xhtml="http://www.w3.org/1999/xhtml" id="file_permissions_backup_etc_group" system="urn:xccdf:fix:script:ansible" complexity="low" disruption="low" strategy="configure">- name: Test for existence /etc/group-
  stat:
    path: /etc/group-
  register: file_exists
  tags:
  - NIST-800-53-AC-6 (1)
  - PCI-DSS-Req-8.7.c
  - PCI-DSSv4-2.2
  - PCI-DSSv4-2.2.6
  - configure_strategy
  - file_permissions_backup_etc_group
  - low_complexity
  - low_disruption
  - medium_severity
  - no_reboot_needed

- name: Ensure permission u-xs,g-xws,o-xwt on /etc/group-
  file:
    path: /etc/group-
    mode: u-xs,g-xws,o-xwt
  when: file_exists.stat is defined and file_exists.stat.exists
  tags:
  - NIST-800-53-AC-6 (1)
  - PCI-DSS-Req-8.7.c
  - PCI-DSSv4-2.2
  - PCI-DSSv4-2.2.6
  - configure_strategy
  - file_permissions_backup_etc_group
  - low_complexity
  - low_disruption
  - medium_severity
  - no_reboot_needed
</fix>
            <fix xmlns:xhtml="http://www.w3.org/1999/xhtml" id="file_permissions_backup_etc_group" system="urn:xccdf:fix:script:sh" complexity="low" disruption="low" strategy="configure">



chmod u-xs,g-xws,o-xwt /etc/group-
</fix>
            <check system="http://oval.mitre.org/XMLSchema/oval-definitions-5">
              <check-content-ref name="oval:ssg-file_permissions_backup_etc_group:def:1" href="ssg-ubuntu2404-oval.xml"/>
            </check>
            <check system="http://scap.nist.gov/schema/ocil/2">
              <check-content-ref name="ocil:ssg-file_permissions_backup_etc_group_ocil:questionnaire:1" href="ssg-ubuntu2404-ocil.xml"/>
            </check>
          </Rule>
          <Rule id="xccdf_org.ssgproject.content_rule_file_permissions_backup_etc_gshadow" selected="false" role="full" severity="medium">
            <title xmlns:xhtml="http://www.w3.org/1999/xhtml" xml:lang="en-US">Verify Permissions on Backup gshadow File</title>
            <description xmlns:xhtml="http://www.w3.org/1999/xhtml" xml:lang="en-US">
To properly set the permissions of <html:code xmlns:html="http://www.w3.org/1999/xhtml">/etc/gshadow-</html:code>, run the command:
<html:pre xmlns:html="http://www.w3.org/1999/xhtml">$ sudo chmod 0640 /etc/gshadow-</html:pre>
        </description>
            <reference href="https://public.cyber.mil/stigs/cci/">CCI-000366</reference>
            <reference href="http://nvlpubs.nist.gov/nistpubs/SpecialPublications/NIST.SP.800-53r4.pdf">AC-6 (1)</reference>
            <reference href="https://public.cyber.mil/stigs/downloads/?_dl_facet_stigs=operating-systems%2Cgeneral-purpose-os">SRG-OS-000480-GPOS-00227</reference>
            <reference href="https://www.cisecurity.org/benchmark/ubuntu_linux/">7.1.8</reference>
            <rationale xmlns:xhtml="http://www.w3.org/1999/xhtml" xml:lang="en-US">The <html:code xmlns:html="http://www.w3.org/1999/xhtml">/etc/gshadow-</html:code> file is a backup of <html:code xmlns:html="http://www.w3.org/1999/xhtml">/etc/gshadow</html:code>, and as such,
it contains group password hashes. Protection of this file is critical for system security.</rationale>
            <fix xmlns:xhtml="http://www.w3.org/1999/xhtml" id="file_permissions_backup_etc_gshadow" system="urn:xccdf:fix:script:ansible" complexity="low" disruption="low" strategy="configure">- name: Test for existence /etc/gshadow-
  stat:
    path: /etc/gshadow-
  register: file_exists
  tags:
  - NIST-800-53-AC-6 (1)
  - configure_strategy
  - file_permissions_backup_etc_gshadow
  - low_complexity
  - low_disruption
  - medium_severity
  - no_reboot_needed

- name: Ensure permission u-xwrs,g-xwrs,o-xwrt on /etc/gshadow-
  file:
    path: /etc/gshadow-
    mode: u-xwrs,g-xwrs,o-xwrt
  when: file_exists.stat is defined and file_exists.stat.exists
  tags:
  - NIST-800-53-AC-6 (1)
  - configure_strategy
  - file_permissions_backup_etc_gshadow
  - low_complexity
  - low_disruption
  - medium_severity
  - no_reboot_needed
</fix>
            <fix xmlns:xhtml="http://www.w3.org/1999/xhtml" id="file_permissions_backup_etc_gshadow" system="urn:xccdf:fix:script:sh" complexity="low" disruption="low" strategy="configure">



chmod u-xwrs,g-xwrs,o-xwrt /etc/gshadow-
</fix>
            <check system="http://oval.mitre.org/XMLSchema/oval-definitions-5">
              <check-content-ref name="oval:ssg-file_permissions_backup_etc_gshadow:def:1" href="ssg-ubuntu2404-oval.xml"/>
            </check>
            <check system="http://scap.nist.gov/schema/ocil/2">
              <check-content-ref name="ocil:ssg-file_permissions_backup_etc_gshadow_ocil:questionnaire:1" href="ssg-ubuntu2404-ocil.xml"/>
            </check>
          </Rule>
          <Rule id="xccdf_org.ssgproject.content_rule_file_permissions_backup_etc_passwd" selected="false" role="full" severity="medium">
            <title xmlns:xhtml="http://www.w3.org/1999/xhtml" xml:lang="en-US">Verify Permissions on Backup passwd File</title>
            <description xmlns:xhtml="http://www.w3.org/1999/xhtml" xml:lang="en-US">
To properly set the permissions of <html:code xmlns:html="http://www.w3.org/1999/xhtml">/etc/passwd-</html:code>, run the command:
<html:pre xmlns:html="http://www.w3.org/1999/xhtml">$ sudo chmod 0644 /etc/passwd-</html:pre>
        </description>
            <reference href="https://public.cyber.mil/stigs/cci/">CCI-000366</reference>
            <reference href="http://nvlpubs.nist.gov/nistpubs/SpecialPublications/NIST.SP.800-53r4.pdf">AC-6 (1)</reference>
            <reference href="https://www.pcisecuritystandards.org/documents/PCI_DSS_v3-2-1.pdf">Req-8.7.c</reference>
            <reference href="https://public.cyber.mil/stigs/downloads/?_dl_facet_stigs=operating-systems%2Cgeneral-purpose-os">SRG-OS-000480-GPOS-00227</reference>
            <reference href="https://www.cisecurity.org/benchmark/ubuntu_linux/">7.1.2</reference>
            <reference href="https://docs-prv.pcisecuritystandards.org/PCI%20DSS/Standard/PCI-DSS-v4_0.pdf">2.2.6</reference>
            <reference href="https://docs-prv.pcisecuritystandards.org/PCI%20DSS/Standard/PCI-DSS-v4_0.pdf">2.2</reference>
            <rationale xmlns:xhtml="http://www.w3.org/1999/xhtml" xml:lang="en-US">The <html:code xmlns:html="http://www.w3.org/1999/xhtml">/etc/passwd-</html:code> file is a backup file of <html:code xmlns:html="http://www.w3.org/1999/xhtml">/etc/passwd</html:code>, and as such,
it contains information about the users that are configured on the system.
Protection of this file is critical for system security.</rationale>
            <fix xmlns:xhtml="http://www.w3.org/1999/xhtml" id="file_permissions_backup_etc_passwd" system="urn:xccdf:fix:script:ansible" complexity="low" disruption="low" strategy="configure">- name: Test for existence /etc/passwd-
  stat:
    path: /etc/passwd-
  register: file_exists
  tags:
  - NIST-800-53-AC-6 (1)
  - PCI-DSS-Req-8.7.c
  - PCI-DSSv4-2.2
  - PCI-DSSv4-2.2.6
  - configure_strategy
  - file_permissions_backup_etc_passwd
  - low_complexity
  - low_disruption
  - medium_severity
  - no_reboot_needed

- name: Ensure permission u-xs,g-xws,o-xwt on /etc/passwd-
  file:
    path: /etc/passwd-
    mode: u-xs,g-xws,o-xwt
  when: file_exists.stat is defined and file_exists.stat.exists
  tags:
  - NIST-800-53-AC-6 (1)
  - PCI-DSS-Req-8.7.c
  - PCI-DSSv4-2.2
  - PCI-DSSv4-2.2.6
  - configure_strategy
  - file_permissions_backup_etc_passwd
  - low_complexity
  - low_disruption
  - medium_severity
  - no_reboot_needed
</fix>
            <fix xmlns:xhtml="http://www.w3.org/1999/xhtml" id="file_permissions_backup_etc_passwd" system="urn:xccdf:fix:script:sh" complexity="low" disruption="low" strategy="configure">



chmod u-xs,g-xws,o-xwt /etc/passwd-
</fix>
            <check system="http://oval.mitre.org/XMLSchema/oval-definitions-5">
              <check-content-ref name="oval:ssg-file_permissions_backup_etc_passwd:def:1" href="ssg-ubuntu2404-oval.xml"/>
            </check>
            <check system="http://scap.nist.gov/schema/ocil/2">
              <check-content-ref name="ocil:ssg-file_permissions_backup_etc_passwd_ocil:questionnaire:1" href="ssg-ubuntu2404-ocil.xml"/>
            </check>
          </Rule>
          <Rule id="xccdf_org.ssgproject.content_rule_file_permissions_backup_etc_shadow" selected="false" role="full" severity="medium">
            <title xmlns:xhtml="http://www.w3.org/1999/xhtml" xml:lang="en-US">Verify Permissions on Backup shadow File</title>
            <description xmlns:xhtml="http://www.w3.org/1999/xhtml" xml:lang="en-US">
To properly set the permissions of <html:code xmlns:html="http://www.w3.org/1999/xhtml">/etc/shadow-</html:code>, run the command:
<html:pre xmlns:html="http://www.w3.org/1999/xhtml">$ sudo chmod 0640 /etc/shadow-</html:pre>
        </description>
            <reference href="https://public.cyber.mil/stigs/cci/">CCI-000366</reference>
            <reference href="http://nvlpubs.nist.gov/nistpubs/SpecialPublications/NIST.SP.800-53r4.pdf">AC-6 (1)</reference>
            <reference href="https://www.pcisecuritystandards.org/documents/PCI_DSS_v3-2-1.pdf">Req-8.7.c</reference>
            <reference href="https://public.cyber.mil/stigs/downloads/?_dl_facet_stigs=operating-systems%2Cgeneral-purpose-os">SRG-OS-000480-GPOS-00227</reference>
            <reference href="https://www.cisecurity.org/benchmark/ubuntu_linux/">7.1.6</reference>
            <reference href="https://docs-prv.pcisecuritystandards.org/PCI%20DSS/Standard/PCI-DSS-v4_0.pdf">2.2.6</reference>
            <reference href="https://docs-prv.pcisecuritystandards.org/PCI%20DSS/Standard/PCI-DSS-v4_0.pdf">2.2</reference>
            <rationale xmlns:xhtml="http://www.w3.org/1999/xhtml" xml:lang="en-US">The <html:code xmlns:html="http://www.w3.org/1999/xhtml">/etc/shadow-</html:code> file is a backup file of <html:code xmlns:html="http://www.w3.org/1999/xhtml">/etc/shadow</html:code>, and as such,
it contains the list of local system accounts and password hashes.
Protection of this file is critical for system security.</rationale>
            <fix xmlns:xhtml="http://www.w3.org/1999/xhtml" id="file_permissions_backup_etc_shadow" system="urn:xccdf:fix:script:ansible" complexity="low" disruption="low" strategy="configure">- name: Test for existence /etc/shadow-
  stat:
    path: /etc/shadow-
  register: file_exists
  tags:
  - NIST-800-53-AC-6 (1)
  - PCI-DSS-Req-8.7.c
  - PCI-DSSv4-2.2
  - PCI-DSSv4-2.2.6
  - configure_strategy
  - file_permissions_backup_etc_shadow
  - low_complexity
  - low_disruption
  - medium_severity
  - no_reboot_needed

- name: Ensure permission u-xwrs,g-xwrs,o-xwrt on /etc/shadow-
  file:
    path: /etc/shadow-
    mode: u-xwrs,g-xwrs,o-xwrt
  when: file_exists.stat is defined and file_exists.stat.exists
  tags:
  - NIST-800-53-AC-6 (1)
  - PCI-DSS-Req-8.7.c
  - PCI-DSSv4-2.2
  - PCI-DSSv4-2.2.6
  - configure_strategy
  - file_permissions_backup_etc_shadow
  - low_complexity
  - low_disruption
  - medium_severity
  - no_reboot_needed
</fix>
            <fix xmlns:xhtml="http://www.w3.org/1999/xhtml" id="file_permissions_backup_etc_shadow" system="urn:xccdf:fix:script:sh" complexity="low" disruption="low" strategy="configure">



chmod u-xwrs,g-xwrs,o-xwrt /etc/shadow-
</fix>
            <check system="http://oval.mitre.org/XMLSchema/oval-definitions-5">
              <check-content-ref name="oval:ssg-file_permissions_backup_etc_shadow:def:1" href="ssg-ubuntu2404-oval.xml"/>
            </check>
            <check system="http://scap.nist.gov/schema/ocil/2">
              <check-content-ref name="ocil:ssg-file_permissions_backup_etc_shadow_ocil:questionnaire:1" href="ssg-ubuntu2404-ocil.xml"/>
            </check>
          </Rule>
          <Rule id="xccdf_org.ssgproject.content_rule_file_permissions_etc_group" selected="false" role="full" severity="medium">
            <title xmlns:xhtml="http://www.w3.org/1999/xhtml" xml:lang="en-US">Verify Permissions on group File</title>
            <description xmlns:xhtml="http://www.w3.org/1999/xhtml" xml:lang="en-US">
To properly set the permissions of <html:code xmlns:html="http://www.w3.org/1999/xhtml">/etc/group</html:code>, run the command:
<html:pre xmlns:html="http://www.w3.org/1999/xhtml">$ sudo chmod 0644 /etc/group</html:pre>
        </description>
            <reference href="https://www.cisecurity.org/controls/">12</reference>
            <reference href="https://www.cisecurity.org/controls/">13</reference>
            <reference href="https://www.cisecurity.org/controls/">14</reference>
            <reference href="https://www.cisecurity.org/controls/">15</reference>
            <reference href="https://www.cisecurity.org/controls/">16</reference>
            <reference href="https://www.cisecurity.org/controls/">18</reference>
            <reference href="https://www.cisecurity.org/controls/">3</reference>
            <reference href="https://www.cisecurity.org/controls/">5</reference>
            <reference href="https://www.fbi.gov/file-repository/cjis-security-policy-v5_5_20160601-2-1.pdf">5.5.2.2</reference>
            <reference href="https://www.isaca.org/resources/cobit">APO01.06</reference>
            <reference href="https://www.isaca.org/resources/cobit">DSS05.04</reference>
            <reference href="https://www.isaca.org/resources/cobit">DSS05.07</reference>
            <reference href="https://www.isaca.org/resources/cobit">DSS06.02</reference>
            <reference href="https://public.cyber.mil/stigs/cci/">CCI-000366</reference>
            <reference href="https://www.isa.org/products/isa-62443-2-1-2009-security-for-industrial-automat">4.3.3.7.3</reference>
            <reference href="https://www.isa.org/products/ansi-isa-62443-3-3-99-03-03-2013-security-for-indu">SR 2.1</reference>
            <reference href="https://www.isa.org/products/ansi-isa-62443-3-3-99-03-03-2013-security-for-indu">SR 5.2</reference>
            <reference href="https://www.iso.org/contents/data/standard/05/45/54534.html">A.10.1.1</reference>
            <reference href="https://www.iso.org/contents/data/standard/05/45/54534.html">A.11.1.4</reference>
            <reference href="https://www.iso.org/contents/data/standard/05/45/54534.html">A.11.1.5</reference>
            <reference href="https://www.iso.org/contents/data/standard/05/45/54534.html">A.11.2.1</reference>
            <reference href="https://www.iso.org/contents/data/standard/05/45/54534.html">A.13.1.1</reference>
            <reference href="https://www.iso.org/contents/data/standard/05/45/54534.html">A.13.1.3</reference>
            <reference href="https://www.iso.org/contents/data/standard/05/45/54534.html">A.13.2.1</reference>
            <reference href="https://www.iso.org/contents/data/standard/05/45/54534.html">A.13.2.3</reference>
            <reference href="https://www.iso.org/contents/data/standard/05/45/54534.html">A.13.2.4</reference>
            <reference href="https://www.iso.org/contents/data/standard/05/45/54534.html">A.14.1.2</reference>
            <reference href="https://www.iso.org/contents/data/standard/05/45/54534.html">A.14.1.3</reference>
            <reference href="https://www.iso.org/contents/data/standard/05/45/54534.html">A.6.1.2</reference>
            <reference href="https://www.iso.org/contents/data/standard/05/45/54534.html">A.7.1.1</reference>
            <reference href="https://www.iso.org/contents/data/standard/05/45/54534.html">A.7.1.2</reference>
            <reference href="https://www.iso.org/contents/data/standard/05/45/54534.html">A.7.3.1</reference>
            <reference href="https://www.iso.org/contents/data/standard/05/45/54534.html">A.8.2.2</reference>
            <reference href="https://www.iso.org/contents/data/standard/05/45/54534.html">A.8.2.3</reference>
            <reference href="https://www.iso.org/contents/data/standard/05/45/54534.html">A.9.1.1</reference>
            <reference href="https://www.iso.org/contents/data/standard/05/45/54534.html">A.9.1.2</reference>
            <reference href="https://www.iso.org/contents/data/standard/05/45/54534.html">A.9.2.3</reference>
            <reference href="https://www.iso.org/contents/data/standard/05/45/54534.html">A.9.4.1</reference>
            <reference href="https://www.iso.org/contents/data/standard/05/45/54534.html">A.9.4.4</reference>
            <reference href="https://www.iso.org/contents/data/standard/05/45/54534.html">A.9.4.5</reference>
            <reference href="https://www.nerc.com/pa/Stand/AlignRep/One%20Stop%20Shop.xlsx">CIP-003-8 R5.1.1</reference>
            <reference href="https://www.nerc.com/pa/Stand/AlignRep/One%20Stop%20Shop.xlsx">CIP-003-8 R5.3</reference>
            <reference href="https://www.nerc.com/pa/Stand/AlignRep/One%20Stop%20Shop.xlsx">CIP-004-6 R2.3</reference>
            <reference href="https://www.nerc.com/pa/Stand/AlignRep/One%20Stop%20Shop.xlsx">CIP-007-3 R2.1</reference>
            <reference href="https://www.nerc.com/pa/Stand/AlignRep/One%20Stop%20Shop.xlsx">CIP-007-3 R2.2</reference>
            <reference href="https://www.nerc.com/pa/Stand/AlignRep/One%20Stop%20Shop.xlsx">CIP-007-3 R2.3</reference>
            <reference href="https://www.nerc.com/pa/Stand/AlignRep/One%20Stop%20Shop.xlsx">CIP-007-3 R5.1</reference>
            <reference href="https://www.nerc.com/pa/Stand/AlignRep/One%20Stop%20Shop.xlsx">CIP-007-3 R5.1.1</reference>
            <reference href="https://www.nerc.com/pa/Stand/AlignRep/One%20Stop%20Shop.xlsx">CIP-007-3 R5.1.2</reference>
            <reference href="http://nvlpubs.nist.gov/nistpubs/SpecialPublications/NIST.SP.800-53r4.pdf">CM-6(a)</reference>
            <reference href="http://nvlpubs.nist.gov/nistpubs/SpecialPublications/NIST.SP.800-53r4.pdf">AC-6(1)</reference>
            <reference href="https://nvlpubs.nist.gov/nistpubs/CSWP/NIST.CSWP.04162018.pdf">PR.AC-4</reference>
            <reference href="https://nvlpubs.nist.gov/nistpubs/CSWP/NIST.CSWP.04162018.pdf">PR.DS-5</reference>
            <reference href="https://www.pcisecuritystandards.org/documents/PCI_DSS_v3-2-1.pdf">Req-8.7.c</reference>
            <reference href="https://public.cyber.mil/stigs/downloads/?_dl_facet_stigs=operating-systems%2Cgeneral-purpose-os">SRG-OS-000480-GPOS-00227</reference>
            <reference href="https://cyber.gouv.fr/sites/default/files/document/linux_configuration-en-v2.pdf">R50</reference>
            <reference href="https://www.cisecurity.org/benchmark/ubuntu_linux/">7.1.3</reference>
            <reference href="https://docs-prv.pcisecuritystandards.org/PCI%20DSS/Standard/PCI-DSS-v4_0.pdf">2.2.6</reference>
            <reference href="https://docs-prv.pcisecuritystandards.org/PCI%20DSS/Standard/PCI-DSS-v4_0.pdf">2.2</reference>
            <rationale xmlns:xhtml="http://www.w3.org/1999/xhtml" xml:lang="en-US">The <html:code xmlns:html="http://www.w3.org/1999/xhtml">/etc/group</html:code> file contains information regarding groups that are configured
on the system. Protection of this file is important for system security.</rationale>
            <fix xmlns:xhtml="http://www.w3.org/1999/xhtml" id="file_permissions_etc_group" system="urn:xccdf:fix:script:ansible" complexity="low" disruption="low" strategy="configure">- name: Test for existence /etc/group
  stat:
    path: /etc/group
  register: file_exists
  tags:
  - CJIS-5.5.2.2
  - NIST-800-53-AC-6(1)
  - NIST-800-53-CM-6(a)
  - PCI-DSS-Req-8.7.c
  - PCI-DSSv4-2.2
  - PCI-DSSv4-2.2.6
  - configure_strategy
  - file_permissions_etc_group
  - low_complexity
  - low_disruption
  - medium_severity
  - no_reboot_needed

- name: Ensure permission u-xs,g-xws,o-xwt on /etc/group
  file:
    path: /etc/group
    mode: u-xs,g-xws,o-xwt
  when: file_exists.stat is defined and file_exists.stat.exists
  tags:
  - CJIS-5.5.2.2
  - NIST-800-53-AC-6(1)
  - NIST-800-53-CM-6(a)
  - PCI-DSS-Req-8.7.c
  - PCI-DSSv4-2.2
  - PCI-DSSv4-2.2.6
  - configure_strategy
  - file_permissions_etc_group
  - low_complexity
  - low_disruption
  - medium_severity
  - no_reboot_needed
</fix>
            <fix xmlns:xhtml="http://www.w3.org/1999/xhtml" id="file_permissions_etc_group" system="urn:xccdf:fix:script:sh" complexity="low" disruption="low" strategy="configure">



chmod u-xs,g-xws,o-xwt /etc/group
</fix>
            <check system="http://oval.mitre.org/XMLSchema/oval-definitions-5">
              <check-content-ref name="oval:ssg-file_permissions_etc_group:def:1" href="ssg-ubuntu2404-oval.xml"/>
            </check>
            <check system="http://scap.nist.gov/schema/ocil/2">
              <check-content-ref name="ocil:ssg-file_permissions_etc_group_ocil:questionnaire:1" href="ssg-ubuntu2404-ocil.xml"/>
            </check>
          </Rule>
          <Rule id="xccdf_org.ssgproject.content_rule_file_permissions_etc_gshadow" selected="false" role="full" severity="medium">
            <title xmlns:xhtml="http://www.w3.org/1999/xhtml" xml:lang="en-US">Verify Permissions on gshadow File</title>
            <description xmlns:xhtml="http://www.w3.org/1999/xhtml" xml:lang="en-US">
To properly set the permissions of <html:code xmlns:html="http://www.w3.org/1999/xhtml">/etc/gshadow</html:code>, run the command:
<html:pre xmlns:html="http://www.w3.org/1999/xhtml">$ sudo chmod 0640 /etc/gshadow</html:pre>
        </description>
            <reference href="https://www.cisecurity.org/controls/">12</reference>
            <reference href="https://www.cisecurity.org/controls/">13</reference>
            <reference href="https://www.cisecurity.org/controls/">14</reference>
            <reference href="https://www.cisecurity.org/controls/">15</reference>
            <reference href="https://www.cisecurity.org/controls/">16</reference>
            <reference href="https://www.cisecurity.org/controls/">18</reference>
            <reference href="https://www.cisecurity.org/controls/">3</reference>
            <reference href="https://www.cisecurity.org/controls/">5</reference>
            <reference href="https://www.isaca.org/resources/cobit">APO01.06</reference>
            <reference href="https://www.isaca.org/resources/cobit">DSS05.04</reference>
            <reference href="https://www.isaca.org/resources/cobit">DSS05.07</reference>
            <reference href="https://www.isaca.org/resources/cobit">DSS06.02</reference>
            <reference href="https://public.cyber.mil/stigs/cci/">CCI-000366</reference>
            <reference href="https://www.isa.org/products/isa-62443-2-1-2009-security-for-industrial-automat">4.3.3.7.3</reference>
            <reference href="https://www.isa.org/products/ansi-isa-62443-3-3-99-03-03-2013-security-for-indu">SR 2.1</reference>
            <reference href="https://www.isa.org/products/ansi-isa-62443-3-3-99-03-03-2013-security-for-indu">SR 5.2</reference>
            <reference href="https://www.iso.org/contents/data/standard/05/45/54534.html">A.10.1.1</reference>
            <reference href="https://www.iso.org/contents/data/standard/05/45/54534.html">A.11.1.4</reference>
            <reference href="https://www.iso.org/contents/data/standard/05/45/54534.html">A.11.1.5</reference>
            <reference href="https://www.iso.org/contents/data/standard/05/45/54534.html">A.11.2.1</reference>
            <reference href="https://www.iso.org/contents/data/standard/05/45/54534.html">A.13.1.1</reference>
            <reference href="https://www.iso.org/contents/data/standard/05/45/54534.html">A.13.1.3</reference>
            <reference href="https://www.iso.org/contents/data/standard/05/45/54534.html">A.13.2.1</reference>
            <reference href="https://www.iso.org/contents/data/standard/05/45/54534.html">A.13.2.3</reference>
            <reference href="https://www.iso.org/contents/data/standard/05/45/54534.html">A.13.2.4</reference>
            <reference href="https://www.iso.org/contents/data/standard/05/45/54534.html">A.14.1.2</reference>
            <reference href="https://www.iso.org/contents/data/standard/05/45/54534.html">A.14.1.3</reference>
            <reference href="https://www.iso.org/contents/data/standard/05/45/54534.html">A.6.1.2</reference>
            <reference href="https://www.iso.org/contents/data/standard/05/45/54534.html">A.7.1.1</reference>
            <reference href="https://www.iso.org/contents/data/standard/05/45/54534.html">A.7.1.2</reference>
            <reference href="https://www.iso.org/contents/data/standard/05/45/54534.html">A.7.3.1</reference>
            <reference href="https://www.iso.org/contents/data/standard/05/45/54534.html">A.8.2.2</reference>
            <reference href="https://www.iso.org/contents/data/standard/05/45/54534.html">A.8.2.3</reference>
            <reference href="https://www.iso.org/contents/data/standard/05/45/54534.html">A.9.1.1</reference>
            <reference href="https://www.iso.org/contents/data/standard/05/45/54534.html">A.9.1.2</reference>
            <reference href="https://www.iso.org/contents/data/standard/05/45/54534.html">A.9.2.3</reference>
            <reference href="https://www.iso.org/contents/data/standard/05/45/54534.html">A.9.4.1</reference>
            <reference href="https://www.iso.org/contents/data/standard/05/45/54534.html">A.9.4.4</reference>
            <reference href="https://www.iso.org/contents/data/standard/05/45/54534.html">A.9.4.5</reference>
            <reference href="https://www.nerc.com/pa/Stand/AlignRep/One%20Stop%20Shop.xlsx">CIP-003-8 R5.1.1</reference>
            <reference href="https://www.nerc.com/pa/Stand/AlignRep/One%20Stop%20Shop.xlsx">CIP-003-8 R5.3</reference>
            <reference href="https://www.nerc.com/pa/Stand/AlignRep/One%20Stop%20Shop.xlsx">CIP-004-6 R2.3</reference>
            <reference href="https://www.nerc.com/pa/Stand/AlignRep/One%20Stop%20Shop.xlsx">CIP-007-3 R2.1</reference>
            <reference href="https://www.nerc.com/pa/Stand/AlignRep/One%20Stop%20Shop.xlsx">CIP-007-3 R2.2</reference>
            <reference href="https://www.nerc.com/pa/Stand/AlignRep/One%20Stop%20Shop.xlsx">CIP-007-3 R2.3</reference>
            <reference href="https://www.nerc.com/pa/Stand/AlignRep/One%20Stop%20Shop.xlsx">CIP-007-3 R5.1</reference>
            <reference href="https://www.nerc.com/pa/Stand/AlignRep/One%20Stop%20Shop.xlsx">CIP-007-3 R5.1.1</reference>
            <reference href="https://www.nerc.com/pa/Stand/AlignRep/One%20Stop%20Shop.xlsx">CIP-007-3 R5.1.2</reference>
            <reference href="http://nvlpubs.nist.gov/nistpubs/SpecialPublications/NIST.SP.800-53r4.pdf">CM-6(a)</reference>
            <reference href="http://nvlpubs.nist.gov/nistpubs/SpecialPublications/NIST.SP.800-53r4.pdf">AC-6(1)</reference>
            <reference href="https://nvlpubs.nist.gov/nistpubs/CSWP/NIST.CSWP.04162018.pdf">PR.AC-4</reference>
            <reference href="https://nvlpubs.nist.gov/nistpubs/CSWP/NIST.CSWP.04162018.pdf">PR.DS-5</reference>
            <reference href="https://public.cyber.mil/stigs/downloads/?_dl_facet_stigs=operating-systems%2Cgeneral-purpose-os">SRG-OS-000480-GPOS-00227</reference>
            <reference href="https://cyber.gouv.fr/sites/default/files/document/linux_configuration-en-v2.pdf">R50</reference>
            <reference href="https://www.cisecurity.org/benchmark/ubuntu_linux/">7.1.7</reference>
            <rationale xmlns:xhtml="http://www.w3.org/1999/xhtml" xml:lang="en-US">The <html:code xmlns:html="http://www.w3.org/1999/xhtml">/etc/gshadow</html:code> file contains group password hashes. Protection of this file
is critical for system security.</rationale>
            <fix xmlns:xhtml="http://www.w3.org/1999/xhtml" id="file_permissions_etc_gshadow" system="urn:xccdf:fix:script:ansible" complexity="low" disruption="low" strategy="configure">- name: Test for existence /etc/gshadow
  stat:
    path: /etc/gshadow
  register: file_exists
  tags:
  - NIST-800-53-AC-6(1)
  - NIST-800-53-CM-6(a)
  - configure_strategy
  - file_permissions_etc_gshadow
  - low_complexity
  - low_disruption
  - medium_severity
  - no_reboot_needed

- name: Ensure permission u-xwrs,g-xwrs,o-xwrt on /etc/gshadow
  file:
    path: /etc/gshadow
    mode: u-xwrs,g-xwrs,o-xwrt
  when: file_exists.stat is defined and file_exists.stat.exists
  tags:
  - NIST-800-53-AC-6(1)
  - NIST-800-53-CM-6(a)
  - configure_strategy
  - file_permissions_etc_gshadow
  - low_complexity
  - low_disruption
  - medium_severity
  - no_reboot_needed
</fix>
            <fix xmlns:xhtml="http://www.w3.org/1999/xhtml" id="file_permissions_etc_gshadow" system="urn:xccdf:fix:script:sh" complexity="low" disruption="low" strategy="configure">



chmod u-xwrs,g-xwrs,o-xwrt /etc/gshadow
</fix>
            <check system="http://oval.mitre.org/XMLSchema/oval-definitions-5">
              <check-content-ref name="oval:ssg-file_permissions_etc_gshadow:def:1" href="ssg-ubuntu2404-oval.xml"/>
            </check>
            <check system="http://scap.nist.gov/schema/ocil/2">
              <check-content-ref name="ocil:ssg-file_permissions_etc_gshadow_ocil:questionnaire:1" href="ssg-ubuntu2404-ocil.xml"/>
            </check>
          </Rule>
          <Rule id="xccdf_org.ssgproject.content_rule_file_permissions_etc_passwd" selected="false" role="full" severity="medium">
            <title xmlns:xhtml="http://www.w3.org/1999/xhtml" xml:lang="en-US">Verify Permissions on passwd File</title>
            <description xmlns:xhtml="http://www.w3.org/1999/xhtml" xml:lang="en-US">
To properly set the permissions of <html:code xmlns:html="http://www.w3.org/1999/xhtml">/etc/passwd</html:code>, run the command:
<html:pre xmlns:html="http://www.w3.org/1999/xhtml">$ sudo chmod 0644 /etc/passwd</html:pre>
        </description>
            <reference href="https://www.cisecurity.org/controls/">12</reference>
            <reference href="https://www.cisecurity.org/controls/">13</reference>
            <reference href="https://www.cisecurity.org/controls/">14</reference>
            <reference href="https://www.cisecurity.org/controls/">15</reference>
            <reference href="https://www.cisecurity.org/controls/">16</reference>
            <reference href="https://www.cisecurity.org/controls/">18</reference>
            <reference href="https://www.cisecurity.org/controls/">3</reference>
            <reference href="https://www.cisecurity.org/controls/">5</reference>
            <reference href="https://www.fbi.gov/file-repository/cjis-security-policy-v5_5_20160601-2-1.pdf">5.5.2.2</reference>
            <reference href="https://www.isaca.org/resources/cobit">APO01.06</reference>
            <reference href="https://www.isaca.org/resources/cobit">DSS05.04</reference>
            <reference href="https://www.isaca.org/resources/cobit">DSS05.07</reference>
            <reference href="https://www.isaca.org/resources/cobit">DSS06.02</reference>
            <reference href="https://public.cyber.mil/stigs/cci/">CCI-000366</reference>
            <reference href="https://www.isa.org/products/isa-62443-2-1-2009-security-for-industrial-automat">4.3.3.7.3</reference>
            <reference href="https://www.isa.org/products/ansi-isa-62443-3-3-99-03-03-2013-security-for-indu">SR 2.1</reference>
            <reference href="https://www.isa.org/products/ansi-isa-62443-3-3-99-03-03-2013-security-for-indu">SR 5.2</reference>
            <reference href="https://www.iso.org/contents/data/standard/05/45/54534.html">A.10.1.1</reference>
            <reference href="https://www.iso.org/contents/data/standard/05/45/54534.html">A.11.1.4</reference>
            <reference href="https://www.iso.org/contents/data/standard/05/45/54534.html">A.11.1.5</reference>
            <reference href="https://www.iso.org/contents/data/standard/05/45/54534.html">A.11.2.1</reference>
            <reference href="https://www.iso.org/contents/data/standard/05/45/54534.html">A.13.1.1</reference>
            <reference href="https://www.iso.org/contents/data/standard/05/45/54534.html">A.13.1.3</reference>
            <reference href="https://www.iso.org/contents/data/standard/05/45/54534.html">A.13.2.1</reference>
            <reference href="https://www.iso.org/contents/data/standard/05/45/54534.html">A.13.2.3</reference>
            <reference href="https://www.iso.org/contents/data/standard/05/45/54534.html">A.13.2.4</reference>
            <reference href="https://www.iso.org/contents/data/standard/05/45/54534.html">A.14.1.2</reference>
            <reference href="https://www.iso.org/contents/data/standard/05/45/54534.html">A.14.1.3</reference>
            <reference href="https://www.iso.org/contents/data/standard/05/45/54534.html">A.6.1.2</reference>
            <reference href="https://www.iso.org/contents/data/standard/05/45/54534.html">A.7.1.1</reference>
            <reference href="https://www.iso.org/contents/data/standard/05/45/54534.html">A.7.1.2</reference>
            <reference href="https://www.iso.org/contents/data/standard/05/45/54534.html">A.7.3.1</reference>
            <reference href="https://www.iso.org/contents/data/standard/05/45/54534.html">A.8.2.2</reference>
            <reference href="https://www.iso.org/contents/data/standard/05/45/54534.html">A.8.2.3</reference>
            <reference href="https://www.iso.org/contents/data/standard/05/45/54534.html">A.9.1.1</reference>
            <reference href="https://www.iso.org/contents/data/standard/05/45/54534.html">A.9.1.2</reference>
            <reference href="https://www.iso.org/contents/data/standard/05/45/54534.html">A.9.2.3</reference>
            <reference href="https://www.iso.org/contents/data/standard/05/45/54534.html">A.9.4.1</reference>
            <reference href="https://www.iso.org/contents/data/standard/05/45/54534.html">A.9.4.4</reference>
            <reference href="https://www.iso.org/contents/data/standard/05/45/54534.html">A.9.4.5</reference>
            <reference href="https://www.nerc.com/pa/Stand/AlignRep/One%20Stop%20Shop.xlsx">CIP-003-8 R5.1.1</reference>
            <reference href="https://www.nerc.com/pa/Stand/AlignRep/One%20Stop%20Shop.xlsx">CIP-003-8 R5.3</reference>
            <reference href="https://www.nerc.com/pa/Stand/AlignRep/One%20Stop%20Shop.xlsx">CIP-004-6 R2.3</reference>
            <reference href="https://www.nerc.com/pa/Stand/AlignRep/One%20Stop%20Shop.xlsx">CIP-007-3 R2.1</reference>
            <reference href="https://www.nerc.com/pa/Stand/AlignRep/One%20Stop%20Shop.xlsx">CIP-007-3 R2.2</reference>
            <reference href="https://www.nerc.com/pa/Stand/AlignRep/One%20Stop%20Shop.xlsx">CIP-007-3 R2.3</reference>
            <reference href="https://www.nerc.com/pa/Stand/AlignRep/One%20Stop%20Shop.xlsx">CIP-007-3 R5.1</reference>
            <reference href="https://www.nerc.com/pa/Stand/AlignRep/One%20Stop%20Shop.xlsx">CIP-007-3 R5.1.1</reference>
            <reference href="https://www.nerc.com/pa/Stand/AlignRep/One%20Stop%20Shop.xlsx">CIP-007-3 R5.1.2</reference>
            <reference href="http://nvlpubs.nist.gov/nistpubs/SpecialPublications/NIST.SP.800-53r4.pdf">CM-6(a)</reference>
            <reference href="http://nvlpubs.nist.gov/nistpubs/SpecialPublications/NIST.SP.800-53r4.pdf">AC-6(1)</reference>
            <reference href="https://nvlpubs.nist.gov/nistpubs/CSWP/NIST.CSWP.04162018.pdf">PR.AC-4</reference>
            <reference href="https://nvlpubs.nist.gov/nistpubs/CSWP/NIST.CSWP.04162018.pdf">PR.DS-5</reference>
            <reference href="https://www.pcisecuritystandards.org/documents/PCI_DSS_v3-2-1.pdf">Req-8.7.c</reference>
            <reference href="https://public.cyber.mil/stigs/downloads/?_dl_facet_stigs=operating-systems%2Cgeneral-purpose-os">SRG-OS-000480-GPOS-00227</reference>
            <reference href="https://cyber.gouv.fr/sites/default/files/document/linux_configuration-en-v2.pdf">R50</reference>
            <reference href="https://www.cisecurity.org/benchmark/ubuntu_linux/">7.1.1</reference>
            <reference href="https://docs-prv.pcisecuritystandards.org/PCI%20DSS/Standard/PCI-DSS-v4_0.pdf">2.2.6</reference>
            <reference href="https://docs-prv.pcisecuritystandards.org/PCI%20DSS/Standard/PCI-DSS-v4_0.pdf">2.2</reference>
            <rationale xmlns:xhtml="http://www.w3.org/1999/xhtml" xml:lang="en-US">If the <html:code xmlns:html="http://www.w3.org/1999/xhtml">/etc/passwd</html:code> file is writable by a group-owner or the
world the risk of its compromise is increased. The file contains the list of
accounts on the system and associated information, and protection of this file
is critical for system security.</rationale>
            <fix xmlns:xhtml="http://www.w3.org/1999/xhtml" id="file_permissions_etc_passwd" system="urn:xccdf:fix:script:ansible" complexity="low" disruption="low" strategy="configure">- name: Test for existence /etc/passwd
  stat:
    path: /etc/passwd
  register: file_exists
  tags:
  - CJIS-5.5.2.2
  - NIST-800-53-AC-6(1)
  - NIST-800-53-CM-6(a)
  - PCI-DSS-Req-8.7.c
  - PCI-DSSv4-2.2
  - PCI-DSSv4-2.2.6
  - configure_strategy
  - file_permissions_etc_passwd
  - low_complexity
  - low_disruption
  - medium_severity
  - no_reboot_needed

- name: Ensure permission u-xs,g-xws,o-xwt on /etc/passwd
  file:
    path: /etc/passwd
    mode: u-xs,g-xws,o-xwt
  when: file_exists.stat is defined and file_exists.stat.exists
  tags:
  - CJIS-5.5.2.2
  - NIST-800-53-AC-6(1)
  - NIST-800-53-CM-6(a)
  - PCI-DSS-Req-8.7.c
  - PCI-DSSv4-2.2
  - PCI-DSSv4-2.2.6
  - configure_strategy
  - file_permissions_etc_passwd
  - low_complexity
  - low_disruption
  - medium_severity
  - no_reboot_needed
</fix>
            <fix xmlns:xhtml="http://www.w3.org/1999/xhtml" id="file_permissions_etc_passwd" system="urn:xccdf:fix:script:sh" complexity="low" disruption="low" strategy="configure">



chmod u-xs,g-xws,o-xwt /etc/passwd
</fix>
            <check system="http://oval.mitre.org/XMLSchema/oval-definitions-5">
              <check-content-ref name="oval:ssg-file_permissions_etc_passwd:def:1" href="ssg-ubuntu2404-oval.xml"/>
            </check>
            <check system="http://scap.nist.gov/schema/ocil/2">
              <check-content-ref name="ocil:ssg-file_permissions_etc_passwd_ocil:questionnaire:1" href="ssg-ubuntu2404-ocil.xml"/>
            </check>
          </Rule>
          <Rule id="xccdf_org.ssgproject.content_rule_file_permissions_etc_security_opasswd" selected="false" role="full" severity="medium">
            <title xmlns:xhtml="http://www.w3.org/1999/xhtml" xml:lang="en-US">Verify Permissions on /etc/security/opasswd File</title>
            <description xmlns:xhtml="http://www.w3.org/1999/xhtml" xml:lang="en-US">
To properly set the permissions of <html:code xmlns:html="http://www.w3.org/1999/xhtml">/etc/security/opasswd</html:code>, run the command:
<html:pre xmlns:html="http://www.w3.org/1999/xhtml">$ sudo chmod 0600 /etc/security/opasswd</html:pre>
        </description>
            <reference href="https://www.cisecurity.org/benchmark/ubuntu_linux/">7.1.10</reference>
            <rationale xmlns:xhtml="http://www.w3.org/1999/xhtml" xml:lang="en-US">The <html:code xmlns:html="http://www.w3.org/1999/xhtml">/etc/security/opasswd</html:code> file stores old passwords to prevent
password reuse. Protection of this file is critical for system security.</rationale>
            <fix xmlns:xhtml="http://www.w3.org/1999/xhtml" id="file_permissions_etc_security_opasswd" system="urn:xccdf:fix:script:ansible" complexity="low" disruption="low" strategy="configure">- name: Test for existence /etc/security/opasswd
  stat:
    path: /etc/security/opasswd
  register: file_exists
  tags:
  - configure_strategy
  - file_permissions_etc_security_opasswd
  - low_complexity
  - low_disruption
  - medium_severity
  - no_reboot_needed

- name: Ensure permission u-xs,g-xwrs,o-xwrt on /etc/security/opasswd
  file:
    path: /etc/security/opasswd
    mode: u-xs,g-xwrs,o-xwrt
  when: file_exists.stat is defined and file_exists.stat.exists
  tags:
  - configure_strategy
  - file_permissions_etc_security_opasswd
  - low_complexity
  - low_disruption
  - medium_severity
  - no_reboot_needed
</fix>
            <fix xmlns:xhtml="http://www.w3.org/1999/xhtml" id="file_permissions_etc_security_opasswd" system="urn:xccdf:fix:script:sh" complexity="low" disruption="low" strategy="configure">



chmod u-xs,g-xwrs,o-xwrt /etc/security/opasswd
</fix>
            <check system="http://oval.mitre.org/XMLSchema/oval-definitions-5">
              <check-content-ref name="oval:ssg-file_permissions_etc_security_opasswd:def:1" href="ssg-ubuntu2404-oval.xml"/>
            </check>
            <check system="http://scap.nist.gov/schema/ocil/2">
              <check-content-ref name="ocil:ssg-file_permissions_etc_security_opasswd_ocil:questionnaire:1" href="ssg-ubuntu2404-ocil.xml"/>
            </check>
          </Rule>
          <Rule id="xccdf_org.ssgproject.content_rule_file_permissions_etc_security_opasswd_old" selected="false" role="full" severity="medium">
            <title xmlns:xhtml="http://www.w3.org/1999/xhtml" xml:lang="en-US">Verify Permissions on /etc/security/opasswd.old File</title>
            <description xmlns:xhtml="http://www.w3.org/1999/xhtml" xml:lang="en-US">
To properly set the permissions of <html:code xmlns:html="http://www.w3.org/1999/xhtml">/etc/security/opasswd.old</html:code>, run the command:
<html:pre xmlns:html="http://www.w3.org/1999/xhtml">$ sudo chmod 0600 /etc/security/opasswd.old</html:pre>
        </description>
            <reference href="https://www.cisecurity.org/benchmark/ubuntu_linux/">7.1.10</reference>
            <rationale xmlns:xhtml="http://www.w3.org/1999/xhtml" xml:lang="en-US">The <html:code xmlns:html="http://www.w3.org/1999/xhtml">/etc/security/opasswd.old</html:code> file stores backups of old passwords to prevent
password reuse. Protection of this file is critical for system security.</rationale>
            <fix xmlns:xhtml="http://www.w3.org/1999/xhtml" id="file_permissions_etc_security_opasswd_old" system="urn:xccdf:fix:script:ansible" complexity="low" disruption="low" strategy="configure">- name: Test for existence /etc/security/opasswd.old
  stat:
    path: /etc/security/opasswd.old
  register: file_exists
  tags:
  - configure_strategy
  - file_permissions_etc_security_opasswd_old
  - low_complexity
  - low_disruption
  - medium_severity
  - no_reboot_needed

- name: Ensure permission u-xs,g-xwrs,o-xwrt on /etc/security/opasswd.old
  file:
    path: /etc/security/opasswd.old
    mode: u-xs,g-xwrs,o-xwrt
  when: file_exists.stat is defined and file_exists.stat.exists
  tags:
  - configure_strategy
  - file_permissions_etc_security_opasswd_old
  - low_complexity
  - low_disruption
  - medium_severity
  - no_reboot_needed
</fix>
            <fix xmlns:xhtml="http://www.w3.org/1999/xhtml" id="file_permissions_etc_security_opasswd_old" system="urn:xccdf:fix:script:sh" complexity="low" disruption="low" strategy="configure">



chmod u-xs,g-xwrs,o-xwrt /etc/security/opasswd.old
</fix>
            <check system="http://oval.mitre.org/XMLSchema/oval-definitions-5">
              <check-content-ref name="oval:ssg-file_permissions_etc_security_opasswd_old:def:1" href="ssg-ubuntu2404-oval.xml"/>
            </check>
            <check system="http://scap.nist.gov/schema/ocil/2">
              <check-content-ref name="ocil:ssg-file_permissions_etc_security_opasswd_old_ocil:questionnaire:1" href="ssg-ubuntu2404-ocil.xml"/>
            </check>
          </Rule>
          <Rule id="xccdf_org.ssgproject.content_rule_file_permissions_etc_shadow" selected="false" role="full" severity="medium">
            <title xmlns:xhtml="http://www.w3.org/1999/xhtml" xml:lang="en-US">Verify Permissions on shadow File</title>
            <description xmlns:xhtml="http://www.w3.org/1999/xhtml" xml:lang="en-US">
To properly set the permissions of <html:code xmlns:html="http://www.w3.org/1999/xhtml">/etc/shadow</html:code>, run the command:
<html:pre xmlns:html="http://www.w3.org/1999/xhtml">$ sudo chmod 0640 /etc/shadow</html:pre>
        </description>
            <reference href="https://www.cisecurity.org/controls/">12</reference>
            <reference href="https://www.cisecurity.org/controls/">13</reference>
            <reference href="https://www.cisecurity.org/controls/">14</reference>
            <reference href="https://www.cisecurity.org/controls/">15</reference>
            <reference href="https://www.cisecurity.org/controls/">16</reference>
            <reference href="https://www.cisecurity.org/controls/">18</reference>
            <reference href="https://www.cisecurity.org/controls/">3</reference>
            <reference href="https://www.cisecurity.org/controls/">5</reference>
            <reference href="https://www.fbi.gov/file-repository/cjis-security-policy-v5_5_20160601-2-1.pdf">5.5.2.2</reference>
            <reference href="https://www.isaca.org/resources/cobit">APO01.06</reference>
            <reference href="https://www.isaca.org/resources/cobit">DSS05.04</reference>
            <reference href="https://www.isaca.org/resources/cobit">DSS05.07</reference>
            <reference href="https://www.isaca.org/resources/cobit">DSS06.02</reference>
            <reference href="https://public.cyber.mil/stigs/cci/">CCI-000366</reference>
            <reference href="https://www.isa.org/products/isa-62443-2-1-2009-security-for-industrial-automat">4.3.3.7.3</reference>
            <reference href="https://www.isa.org/products/ansi-isa-62443-3-3-99-03-03-2013-security-for-indu">SR 2.1</reference>
            <reference href="https://www.isa.org/products/ansi-isa-62443-3-3-99-03-03-2013-security-for-indu">SR 5.2</reference>
            <reference href="https://www.iso.org/contents/data/standard/05/45/54534.html">A.10.1.1</reference>
            <reference href="https://www.iso.org/contents/data/standard/05/45/54534.html">A.11.1.4</reference>
            <reference href="https://www.iso.org/contents/data/standard/05/45/54534.html">A.11.1.5</reference>
            <reference href="https://www.iso.org/contents/data/standard/05/45/54534.html">A.11.2.1</reference>
            <reference href="https://www.iso.org/contents/data/standard/05/45/54534.html">A.13.1.1</reference>
            <reference href="https://www.iso.org/contents/data/standard/05/45/54534.html">A.13.1.3</reference>
            <reference href="https://www.iso.org/contents/data/standard/05/45/54534.html">A.13.2.1</reference>
            <reference href="https://www.iso.org/contents/data/standard/05/45/54534.html">A.13.2.3</reference>
            <reference href="https://www.iso.org/contents/data/standard/05/45/54534.html">A.13.2.4</reference>
            <reference href="https://www.iso.org/contents/data/standard/05/45/54534.html">A.14.1.2</reference>
            <reference href="https://www.iso.org/contents/data/standard/05/45/54534.html">A.14.1.3</reference>
            <reference href="https://www.iso.org/contents/data/standard/05/45/54534.html">A.6.1.2</reference>
            <reference href="https://www.iso.org/contents/data/standard/05/45/54534.html">A.7.1.1</reference>
            <reference href="https://www.iso.org/contents/data/standard/05/45/54534.html">A.7.1.2</reference>
            <reference href="https://www.iso.org/contents/data/standard/05/45/54534.html">A.7.3.1</reference>
            <reference href="https://www.iso.org/contents/data/standard/05/45/54534.html">A.8.2.2</reference>
            <reference href="https://www.iso.org/contents/data/standard/05/45/54534.html">A.8.2.3</reference>
            <reference href="https://www.iso.org/contents/data/standard/05/45/54534.html">A.9.1.1</reference>
            <reference href="https://www.iso.org/contents/data/standard/05/45/54534.html">A.9.1.2</reference>
            <reference href="https://www.iso.org/contents/data/standard/05/45/54534.html">A.9.2.3</reference>
            <reference href="https://www.iso.org/contents/data/standard/05/45/54534.html">A.9.4.1</reference>
            <reference href="https://www.iso.org/contents/data/standard/05/45/54534.html">A.9.4.4</reference>
            <reference href="https://www.iso.org/contents/data/standard/05/45/54534.html">A.9.4.5</reference>
            <reference href="https://www.nerc.com/pa/Stand/AlignRep/One%20Stop%20Shop.xlsx">CIP-003-8 R5.1.1</reference>
            <reference href="https://www.nerc.com/pa/Stand/AlignRep/One%20Stop%20Shop.xlsx">CIP-003-8 R5.3</reference>
            <reference href="https://www.nerc.com/pa/Stand/AlignRep/One%20Stop%20Shop.xlsx">CIP-004-6 R2.3</reference>
            <reference href="https://www.nerc.com/pa/Stand/AlignRep/One%20Stop%20Shop.xlsx">CIP-007-3 R2.1</reference>
            <reference href="https://www.nerc.com/pa/Stand/AlignRep/One%20Stop%20Shop.xlsx">CIP-007-3 R2.2</reference>
            <reference href="https://www.nerc.com/pa/Stand/AlignRep/One%20Stop%20Shop.xlsx">CIP-007-3 R2.3</reference>
            <reference href="https://www.nerc.com/pa/Stand/AlignRep/One%20Stop%20Shop.xlsx">CIP-007-3 R5.1</reference>
            <reference href="https://www.nerc.com/pa/Stand/AlignRep/One%20Stop%20Shop.xlsx">CIP-007-3 R5.1.1</reference>
            <reference href="https://www.nerc.com/pa/Stand/AlignRep/One%20Stop%20Shop.xlsx">CIP-007-3 R5.1.2</reference>
            <reference href="http://nvlpubs.nist.gov/nistpubs/SpecialPublications/NIST.SP.800-53r4.pdf">CM-6(a)</reference>
            <reference href="http://nvlpubs.nist.gov/nistpubs/SpecialPublications/NIST.SP.800-53r4.pdf">AC-6(1)</reference>
            <reference href="https://nvlpubs.nist.gov/nistpubs/CSWP/NIST.CSWP.04162018.pdf">PR.AC-4</reference>
            <reference href="https://nvlpubs.nist.gov/nistpubs/CSWP/NIST.CSWP.04162018.pdf">PR.DS-5</reference>
            <reference href="https://www.pcisecuritystandards.org/documents/PCI_DSS_v3-2-1.pdf">Req-8.7.c</reference>
            <reference href="https://public.cyber.mil/stigs/downloads/?_dl_facet_stigs=operating-systems%2Cgeneral-purpose-os">SRG-OS-000480-GPOS-00227</reference>
            <reference href="https://cyber.gouv.fr/sites/default/files/document/linux_configuration-en-v2.pdf">R50</reference>
            <reference href="https://www.cisecurity.org/benchmark/ubuntu_linux/">7.1.5</reference>
            <reference href="https://docs-prv.pcisecuritystandards.org/PCI%20DSS/Standard/PCI-DSS-v4_0.pdf">2.2.6</reference>
            <reference href="https://docs-prv.pcisecuritystandards.org/PCI%20DSS/Standard/PCI-DSS-v4_0.pdf">2.2</reference>
            <rationale xmlns:xhtml="http://www.w3.org/1999/xhtml" xml:lang="en-US">The <html:code xmlns:html="http://www.w3.org/1999/xhtml">/etc/shadow</html:code> file contains the list of local
system accounts and stores password hashes. Protection of this file is
critical for system security. Failure to give ownership of this file
to root provides the designated owner with access to sensitive information
which could weaken the system security posture.</rationale>
            <fix xmlns:xhtml="http://www.w3.org/1999/xhtml" id="file_permissions_etc_shadow" system="urn:xccdf:fix:script:ansible" complexity="low" disruption="low" strategy="configure">- name: Test for existence /etc/shadow
  stat:
    path: /etc/shadow
  register: file_exists
  tags:
  - CJIS-5.5.2.2
  - NIST-800-53-AC-6(1)
  - NIST-800-53-CM-6(a)
  - PCI-DSS-Req-8.7.c
  - PCI-DSSv4-2.2
  - PCI-DSSv4-2.2.6
  - configure_strategy
  - file_permissions_etc_shadow
  - low_complexity
  - low_disruption
  - medium_severity
  - no_reboot_needed

- name: Ensure permission u-xwrs,g-xwrs,o-xwrt on /etc/shadow
  file:
    path: /etc/shadow
    mode: u-xwrs,g-xwrs,o-xwrt
  when: file_exists.stat is defined and file_exists.stat.exists
  tags:
  - CJIS-5.5.2.2
  - NIST-800-53-AC-6(1)
  - NIST-800-53-CM-6(a)
  - PCI-DSS-Req-8.7.c
  - PCI-DSSv4-2.2
  - PCI-DSSv4-2.2.6
  - configure_strategy
  - file_permissions_etc_shadow
  - low_complexity
  - low_disruption
  - medium_severity
  - no_reboot_needed
</fix>
            <fix xmlns:xhtml="http://www.w3.org/1999/xhtml" id="file_permissions_etc_shadow" system="urn:xccdf:fix:script:sh" complexity="low" disruption="low" strategy="configure">



chmod u-xwrs,g-xwrs,o-xwrt /etc/shadow
</fix>
            <check system="http://oval.mitre.org/XMLSchema/oval-definitions-5">
              <check-content-ref name="oval:ssg-file_permissions_etc_shadow:def:1" href="ssg-ubuntu2404-oval.xml"/>
            </check>
            <check system="http://scap.nist.gov/schema/ocil/2">
              <check-content-ref name="ocil:ssg-file_permissions_etc_shadow_ocil:questionnaire:1" href="ssg-ubuntu2404-ocil.xml"/>
            </check>
          </Rule>
          <Rule id="xccdf_org.ssgproject.content_rule_file_permissions_etc_shells" selected="false" role="full" severity="medium">
            <title xmlns:xhtml="http://www.w3.org/1999/xhtml" xml:lang="en-US">Verify Permissions on /etc/shells File</title>
            <description xmlns:xhtml="http://www.w3.org/1999/xhtml" xml:lang="en-US">
To properly set the permissions of <html:code xmlns:html="http://www.w3.org/1999/xhtml">/etc/shells</html:code>, run the command:
<html:pre xmlns:html="http://www.w3.org/1999/xhtml">$ sudo chmod 0644 /etc/shells</html:pre>
        </description>
            <reference href="http://nvlpubs.nist.gov/nistpubs/SpecialPublications/NIST.SP.800-53r4.pdf">AC-3</reference>
            <reference href="http://nvlpubs.nist.gov/nistpubs/SpecialPublications/NIST.SP.800-53r4.pdf">MP-2</reference>
            <reference href="https://cyber.gouv.fr/sites/default/files/document/linux_configuration-en-v2.pdf">R50</reference>
            <reference href="https://www.cisecurity.org/benchmark/ubuntu_linux/">7.1.9</reference>
            <rationale xmlns:xhtml="http://www.w3.org/1999/xhtml" xml:lang="en-US">The <html:code xmlns:html="http://www.w3.org/1999/xhtml">/etc/shells</html:code> file contains the list of full pathnames to shells on the system.
Since this file is used by many system programs this file should be protected.</rationale>
            <fix xmlns:xhtml="http://www.w3.org/1999/xhtml" id="file_permissions_etc_shells" system="urn:xccdf:fix:script:ansible" complexity="low" disruption="low" strategy="configure">- name: Test for existence /etc/shells
  stat:
    path: /etc/shells
  register: file_exists
  tags:
  - NIST-800-53-AC-3
  - NIST-800-53-MP-2
  - configure_strategy
  - file_permissions_etc_shells
  - low_complexity
  - low_disruption
  - medium_severity
  - no_reboot_needed

- name: Ensure permission u-xs,g-xws,o-xwt on /etc/shells
  file:
    path: /etc/shells
    mode: u-xs,g-xws,o-xwt
  when: file_exists.stat is defined and file_exists.stat.exists
  tags:
  - NIST-800-53-AC-3
  - NIST-800-53-MP-2
  - configure_strategy
  - file_permissions_etc_shells
  - low_complexity
  - low_disruption
  - medium_severity
  - no_reboot_needed
</fix>
            <fix xmlns:xhtml="http://www.w3.org/1999/xhtml" id="file_permissions_etc_shells" system="urn:xccdf:fix:script:sh" complexity="low" disruption="low" strategy="configure">



chmod u-xs,g-xws,o-xwt /etc/shells
</fix>
            <check system="http://oval.mitre.org/XMLSchema/oval-definitions-5">
              <check-content-ref name="oval:ssg-file_permissions_etc_shells:def:1" href="ssg-ubuntu2404-oval.xml"/>
            </check>
            <check system="http://scap.nist.gov/schema/ocil/2">
              <check-content-ref name="ocil:ssg-file_permissions_etc_shells_ocil:questionnaire:1" href="ssg-ubuntu2404-ocil.xml"/>
            </check>
          </Rule>
        </Group>
      </Group>
      <Group id="xccdf_org.ssgproject.content_group_mounting">
        <title xmlns:xhtml="http://www.w3.org/1999/xhtml" xml:lang="en-US">Restrict Dynamic Mounting and Unmounting of
Filesystems</title>
        <description xmlns:xhtml="http://www.w3.org/1999/xhtml" xml:lang="en-US">Linux includes a number of facilities for the automated addition
and removal of filesystems on a running system.  These facilities may be
necessary in many environments, but this capability also carries some risk -- whether direct
risk from allowing users to introduce arbitrary filesystems,
or risk that software flaws in the automated mount facility itself could
allow an attacker to compromise the system.
<html:br xmlns:html="http://www.w3.org/1999/xhtml"/>
       <html:br xmlns:html="http://www.w3.org/1999/xhtml"/>
This command can be used to list the types of filesystems that are
available to the currently executing kernel:
<html:pre xmlns:html="http://www.w3.org/1999/xhtml">$ find /lib/modules/`uname -r`/kernel/fs -type f -name '*.ko'</html:pre>
If these filesystems are not required then they can be explicitly disabled
in a configuratio file in  <html:code xmlns:html="http://www.w3.org/1999/xhtml">/etc/modprobe.d</html:code>.</description>
        <Rule id="xccdf_org.ssgproject.content_rule_package_autofs_removed" selected="false" role="full" severity="low">
          <title xmlns:xhtml="http://www.w3.org/1999/xhtml" xml:lang="en-US">Remove autofs Package</title>
          <description xmlns:xhtml="http://www.w3.org/1999/xhtml" xml:lang="en-US">autofs allows automatic mounting of devices, typically including CD/DVDs and USB
drives.
 The <html:code xmlns:html="http://www.w3.org/1999/xhtml">autofs</html:code> package can be removed with the following command:
 <html:pre xmlns:html="http://www.w3.org/1999/xhtml">
 $ apt-get remove autofs</html:pre>
       </description>
          <reference href="https://www.cisecurity.org/benchmark/ubuntu_linux/">2.1.1</reference>
          <rationale xmlns:xhtml="http://www.w3.org/1999/xhtml" xml:lang="en-US">With automounting enabled anyone with physical access could attach a USB drive or
disc and have its contents available in the filesystem even if they lacked permissions to
mount it themselves.</rationale>
          <fix xmlns:xhtml="http://www.w3.org/1999/xhtml" id="package_autofs_removed" system="urn:xccdf:fix:script:puppet" complexity="low" disruption="low" strategy="disable">include remove_autofs

class remove_autofs {
  package { 'autofs':
    ensure =&gt; 'purged',
  }
}
</fix>
          <fix xmlns:xhtml="http://www.w3.org/1999/xhtml" id="package_autofs_removed" system="urn:xccdf:fix:script:ansible" complexity="low" disruption="low" strategy="disable">- name: Ensure autofs is removed
  package:
    name: autofs
    state: absent
  tags:
  - disable_strategy
  - low_complexity
  - low_disruption
  - low_severity
  - no_reboot_needed
  - package_autofs_removed
</fix>
          <fix xmlns:xhtml="http://www.w3.org/1999/xhtml" id="package_autofs_removed" system="urn:xccdf:fix:script:sh" complexity="low" disruption="low" strategy="disable">
# CAUTION: This remediation script will remove autofs
#	   from the system, and may remove any packages
#	   that depend on autofs. Execute this
#	   remediation AFTER testing on a non-production
#	   system!

DEBIAN_FRONTEND=noninteractive apt-get remove -y "autofs"
</fix>
          <check system="http://oval.mitre.org/XMLSchema/oval-definitions-5">
            <check-content-ref name="oval:ssg-package_autofs_removed:def:1" href="ssg-ubuntu2404-oval.xml"/>
          </check>
          <check system="http://scap.nist.gov/schema/ocil/2">
            <check-content-ref name="ocil:ssg-package_autofs_removed_ocil:questionnaire:1" href="ssg-ubuntu2404-ocil.xml"/>
          </check>
        </Rule>
        <Rule id="xccdf_org.ssgproject.content_rule_service_autofs_disabled" selected="false" role="full" severity="medium">
          <title xmlns:xhtml="http://www.w3.org/1999/xhtml" xml:lang="en-US">Disable the Automounter</title>
          <description xmlns:xhtml="http://www.w3.org/1999/xhtml" xml:lang="en-US">The <html:code xmlns:html="http://www.w3.org/1999/xhtml">autofs</html:code> daemon mounts and unmounts filesystems, such as user
home directories shared via NFS, on demand. In addition, autofs can be used to handle
removable media, and the default configuration provides the cdrom device as <html:code xmlns:html="http://www.w3.org/1999/xhtml">/misc/cd</html:code>.
However, this method of providing access to removable media is not common, so autofs
can almost always be disabled if NFS is not in use. Even if NFS is required, it may be
possible to configure filesystem mounts statically by editing <html:code xmlns:html="http://www.w3.org/1999/xhtml">/etc/fstab</html:code>
rather than relying on the automounter.
<html:br xmlns:html="http://www.w3.org/1999/xhtml"/>
        <html:br xmlns:html="http://www.w3.org/1999/xhtml"/>

The <html:code xmlns:html="http://www.w3.org/1999/xhtml">autofs</html:code> service can be disabled with the following command:
<html:pre xmlns:html="http://www.w3.org/1999/xhtml">$ sudo systemctl mask --now autofs.service</html:pre>
       </description>
          <reference href="https://www.cisecurity.org/controls/">1</reference>
          <reference href="https://www.cisecurity.org/controls/">12</reference>
          <reference href="https://www.cisecurity.org/controls/">15</reference>
          <reference href="https://www.cisecurity.org/controls/">16</reference>
          <reference href="https://www.cisecurity.org/controls/">5</reference>
          <reference href="https://www.isaca.org/resources/cobit">APO13.01</reference>
          <reference href="https://www.isaca.org/resources/cobit">DSS01.04</reference>
          <reference href="https://www.isaca.org/resources/cobit">DSS05.03</reference>
          <reference href="https://www.isaca.org/resources/cobit">DSS05.04</reference>
          <reference href="https://www.isaca.org/resources/cobit">DSS05.05</reference>
          <reference href="https://www.isaca.org/resources/cobit">DSS05.07</reference>
          <reference href="https://www.isaca.org/resources/cobit">DSS05.10</reference>
          <reference href="https://www.isaca.org/resources/cobit">DSS06.03</reference>
          <reference href="https://www.isaca.org/resources/cobit">DSS06.10</reference>
          <reference href="http://nvlpubs.nist.gov/nistpubs/SpecialPublications/NIST.SP.800-171.pdf">3.4.6</reference>
          <reference href="https://public.cyber.mil/stigs/cci/">CCI-000778</reference>
          <reference href="https://public.cyber.mil/stigs/cci/">CCI-000366</reference>
          <reference href="https://public.cyber.mil/stigs/cci/">CCI-001958</reference>
          <reference href="https://www.gpo.gov/fdsys/pkg/CFR-2007-title45-vol1/pdf/CFR-2007-title45-vol1-chapA-subchapC.pdf">164.308(a)(3)(i)</reference>
          <reference href="https://www.gpo.gov/fdsys/pkg/CFR-2007-title45-vol1/pdf/CFR-2007-title45-vol1-chapA-subchapC.pdf">164.308(a)(3)(ii)(A)</reference>
          <reference href="https://www.gpo.gov/fdsys/pkg/CFR-2007-title45-vol1/pdf/CFR-2007-title45-vol1-chapA-subchapC.pdf">164.310(d)(1)</reference>
          <reference href="https://www.gpo.gov/fdsys/pkg/CFR-2007-title45-vol1/pdf/CFR-2007-title45-vol1-chapA-subchapC.pdf">164.310(d)(2)</reference>
          <reference href="https://www.gpo.gov/fdsys/pkg/CFR-2007-title45-vol1/pdf/CFR-2007-title45-vol1-chapA-subchapC.pdf">164.312(a)(1)</reference>
          <reference href="https://www.gpo.gov/fdsys/pkg/CFR-2007-title45-vol1/pdf/CFR-2007-title45-vol1-chapA-subchapC.pdf">164.312(a)(2)(iv)</reference>
          <reference href="https://www.gpo.gov/fdsys/pkg/CFR-2007-title45-vol1/pdf/CFR-2007-title45-vol1-chapA-subchapC.pdf">164.312(b)</reference>
          <reference href="https://www.isa.org/products/isa-62443-2-1-2009-security-for-industrial-automat">4.3.3.2.2</reference>
          <reference href="https://www.isa.org/products/isa-62443-2-1-2009-security-for-industrial-automat">4.3.3.5.1</reference>
          <reference href="https://www.isa.org/products/isa-62443-2-1-2009-security-for-industrial-automat">4.3.3.5.2</reference>
          <reference href="https://www.isa.org/products/isa-62443-2-1-2009-security-for-industrial-automat">4.3.3.6.1</reference>
          <reference href="https://www.isa.org/products/isa-62443-2-1-2009-security-for-industrial-automat">4.3.3.6.2</reference>
          <reference href="https://www.isa.org/products/isa-62443-2-1-2009-security-for-industrial-automat">4.3.3.6.3</reference>
          <reference href="https://www.isa.org/products/isa-62443-2-1-2009-security-for-industrial-automat">4.3.3.6.4</reference>
          <reference href="https://www.isa.org/products/isa-62443-2-1-2009-security-for-industrial-automat">4.3.3.6.5</reference>
          <reference href="https://www.isa.org/products/isa-62443-2-1-2009-security-for-industrial-automat">4.3.3.6.6</reference>
          <reference href="https://www.isa.org/products/isa-62443-2-1-2009-security-for-industrial-automat">4.3.3.6.7</reference>
          <reference href="https://www.isa.org/products/isa-62443-2-1-2009-security-for-industrial-automat">4.3.3.6.8</reference>
          <reference href="https://www.isa.org/products/isa-62443-2-1-2009-security-for-industrial-automat">4.3.3.6.9</reference>
          <reference href="https://www.isa.org/products/isa-62443-2-1-2009-security-for-industrial-automat">4.3.3.7.2</reference>
          <reference href="https://www.isa.org/products/isa-62443-2-1-2009-security-for-industrial-automat">4.3.3.7.4</reference>
          <reference href="https://www.isa.org/products/ansi-isa-62443-3-3-99-03-03-2013-security-for-indu">SR 1.1</reference>
          <reference href="https://www.isa.org/products/ansi-isa-62443-3-3-99-03-03-2013-security-for-indu">SR 1.10</reference>
          <reference href="https://www.isa.org/products/ansi-isa-62443-3-3-99-03-03-2013-security-for-indu">SR 1.13</reference>
          <reference href="https://www.isa.org/products/ansi-isa-62443-3-3-99-03-03-2013-security-for-indu">SR 1.2</reference>
          <reference href="https://www.isa.org/products/ansi-isa-62443-3-3-99-03-03-2013-security-for-indu">SR 1.3</reference>
          <reference href="https://www.isa.org/products/ansi-isa-62443-3-3-99-03-03-2013-security-for-indu">SR 1.4</reference>
          <reference href="https://www.isa.org/products/ansi-isa-62443-3-3-99-03-03-2013-security-for-indu">SR 1.5</reference>
          <reference href="https://www.isa.org/products/ansi-isa-62443-3-3-99-03-03-2013-security-for-indu">SR 1.7</reference>
          <reference href="https://www.isa.org/products/ansi-isa-62443-3-3-99-03-03-2013-security-for-indu">SR 1.8</reference>
          <reference href="https://www.isa.org/products/ansi-isa-62443-3-3-99-03-03-2013-security-for-indu">SR 1.9</reference>
          <reference href="https://www.isa.org/products/ansi-isa-62443-3-3-99-03-03-2013-security-for-indu">SR 2.1</reference>
          <reference href="https://www.isa.org/products/ansi-isa-62443-3-3-99-03-03-2013-security-for-indu">SR 2.6</reference>
          <reference href="https://www.iso.org/contents/data/standard/05/45/54534.html">A.11.2.6</reference>
          <reference href="https://www.iso.org/contents/data/standard/05/45/54534.html">A.13.1.1</reference>
          <reference href="https://www.iso.org/contents/data/standard/05/45/54534.html">A.13.2.1</reference>
          <reference href="https://www.iso.org/contents/data/standard/05/45/54534.html">A.18.1.4</reference>
          <reference href="https://www.iso.org/contents/data/standard/05/45/54534.html">A.6.2.1</reference>
          <reference href="https://www.iso.org/contents/data/standard/05/45/54534.html">A.6.2.2</reference>
          <reference href="https://www.iso.org/contents/data/standard/05/45/54534.html">A.7.1.1</reference>
          <reference href="https://www.iso.org/contents/data/standard/05/45/54534.html">A.9.2.1</reference>
          <reference href="https://www.iso.org/contents/data/standard/05/45/54534.html">A.9.2.2</reference>
          <reference href="https://www.iso.org/contents/data/standard/05/45/54534.html">A.9.2.3</reference>
          <reference href="https://www.iso.org/contents/data/standard/05/45/54534.html">A.9.2.4</reference>
          <reference href="https://www.iso.org/contents/data/standard/05/45/54534.html">A.9.2.6</reference>
          <reference href="https://www.iso.org/contents/data/standard/05/45/54534.html">A.9.3.1</reference>
          <reference href="https://www.iso.org/contents/data/standard/05/45/54534.html">A.9.4.2</reference>
          <reference href="https://www.iso.org/contents/data/standard/05/45/54534.html">A.9.4.3</reference>
          <reference href="http://nvlpubs.nist.gov/nistpubs/SpecialPublications/NIST.SP.800-53r4.pdf">CM-7(a)</reference>
          <reference href="http://nvlpubs.nist.gov/nistpubs/SpecialPublications/NIST.SP.800-53r4.pdf">CM-7(b)</reference>
          <reference href="http://nvlpubs.nist.gov/nistpubs/SpecialPublications/NIST.SP.800-53r4.pdf">CM-6(a)</reference>
          <reference href="http://nvlpubs.nist.gov/nistpubs/SpecialPublications/NIST.SP.800-53r4.pdf">MP-7</reference>
          <reference href="https://nvlpubs.nist.gov/nistpubs/CSWP/NIST.CSWP.04162018.pdf">PR.AC-1</reference>
          <reference href="https://nvlpubs.nist.gov/nistpubs/CSWP/NIST.CSWP.04162018.pdf">PR.AC-3</reference>
          <reference href="https://nvlpubs.nist.gov/nistpubs/CSWP/NIST.CSWP.04162018.pdf">PR.AC-6</reference>
          <reference href="https://nvlpubs.nist.gov/nistpubs/CSWP/NIST.CSWP.04162018.pdf">PR.AC-7</reference>
          <reference href="https://public.cyber.mil/stigs/downloads/?_dl_facet_stigs=operating-systems%2Cgeneral-purpose-os">SRG-OS-000114-GPOS-00059</reference>
          <reference href="https://public.cyber.mil/stigs/downloads/?_dl_facet_stigs=operating-systems%2Cgeneral-purpose-os">SRG-OS-000378-GPOS-00163</reference>
          <reference href="https://public.cyber.mil/stigs/downloads/?_dl_facet_stigs=operating-systems%2Cgeneral-purpose-os">SRG-OS-000480-GPOS-00227</reference>
          <reference href="https://www.cisecurity.org/benchmark/ubuntu_linux/">2.1.1</reference>
          <rationale xmlns:xhtml="http://www.w3.org/1999/xhtml" xml:lang="en-US">Disabling the automounter permits the administrator to
statically control filesystem mounting through <html:code xmlns:html="http://www.w3.org/1999/xhtml">/etc/fstab</html:code>.
<html:br xmlns:html="http://www.w3.org/1999/xhtml"/>
        <html:br xmlns:html="http://www.w3.org/1999/xhtml"/>
Additionally, automatically mounting filesystems permits easy introduction of
unknown devices, thereby facilitating malicious activity.</rationale>
          <platform idref="#package_autofs_and_system_with_kernel"/>
          <fix xmlns:xhtml="http://www.w3.org/1999/xhtml" id="service_autofs_disabled" system="urn:redhat:osbuild:blueprint">
[customizations.services]
masked = ["autofs"]
</fix>
          <fix xmlns:xhtml="http://www.w3.org/1999/xhtml" id="service_autofs_disabled" system="urn:xccdf:fix:script:puppet" complexity="low" disruption="low" strategy="enable">include disable_autofs

class disable_autofs {
  service {'autofs':
    enable =&gt; false,
    ensure =&gt; 'stopped',
  }
}
</fix>
          <fix xmlns:xhtml="http://www.w3.org/1999/xhtml" id="service_autofs_disabled" system="urn:xccdf:fix:script:ansible" complexity="low" disruption="low" strategy="disable">- name: Gather the package facts
  package_facts:
    manager: auto
  tags:
  - NIST-800-171-3.4.6
  - NIST-800-53-CM-6(a)
  - NIST-800-53-CM-7(a)
  - NIST-800-53-CM-7(b)
  - NIST-800-53-MP-7
  - disable_strategy
  - low_complexity
  - low_disruption
  - medium_severity
  - no_reboot_needed
  - service_autofs_disabled

- name: Disable the Automounter - Collect systemd Services Present in the System
  ansible.builtin.command: systemctl -q list-unit-files --type service
  register: service_exists
  changed_when: false
  failed_when: service_exists.rc not in [0, 1]
  check_mode: false
  when: ( "autofs" in ansible_facts.packages and "linux-base" in ansible_facts.packages
    )
  tags:
  - NIST-800-171-3.4.6
  - NIST-800-53-CM-6(a)
  - NIST-800-53-CM-7(a)
  - NIST-800-53-CM-7(b)
  - NIST-800-53-MP-7
  - disable_strategy
  - low_complexity
  - low_disruption
  - medium_severity
  - no_reboot_needed
  - service_autofs_disabled

- name: Disable the Automounter - Ensure autofs.service is Masked
  ansible.builtin.systemd:
    name: autofs.service
    state: stopped
    enabled: false
    masked: true
  when:
  - ( "autofs" in ansible_facts.packages and "linux-base" in ansible_facts.packages
    )
  - service_exists.stdout_lines is search("autofs.service", multiline=True)
  tags:
  - NIST-800-171-3.4.6
  - NIST-800-53-CM-6(a)
  - NIST-800-53-CM-7(a)
  - NIST-800-53-CM-7(b)
  - NIST-800-53-MP-7
  - disable_strategy
  - low_complexity
  - low_disruption
  - medium_severity
  - no_reboot_needed
  - service_autofs_disabled

- name: Unit Socket Exists - autofs.socket
  ansible.builtin.command: systemctl -q list-unit-files autofs.socket
  register: socket_file_exists
  changed_when: false
  failed_when: socket_file_exists.rc not in [0, 1]
  check_mode: false
  when: ( "autofs" in ansible_facts.packages and "linux-base" in ansible_facts.packages
    )
  tags:
  - NIST-800-171-3.4.6
  - NIST-800-53-CM-6(a)
  - NIST-800-53-CM-7(a)
  - NIST-800-53-CM-7(b)
  - NIST-800-53-MP-7
  - disable_strategy
  - low_complexity
  - low_disruption
  - medium_severity
  - no_reboot_needed
  - service_autofs_disabled

- name: Disable the Automounter - Disable Socket autofs
  ansible.builtin.systemd:
    name: autofs.socket
    enabled: false
    state: stopped
    masked: true
  when:
  - ( "autofs" in ansible_facts.packages and "linux-base" in ansible_facts.packages
    )
  - socket_file_exists.stdout_lines is search("autofs.socket", multiline=True)
  tags:
  - NIST-800-171-3.4.6
  - NIST-800-53-CM-6(a)
  - NIST-800-53-CM-7(a)
  - NIST-800-53-CM-7(b)
  - NIST-800-53-MP-7
  - disable_strategy
  - low_complexity
  - low_disruption
  - medium_severity
  - no_reboot_needed
  - service_autofs_disabled
</fix>
          <fix xmlns:xhtml="http://www.w3.org/1999/xhtml" id="service_autofs_disabled" system="urn:xccdf:fix:script:sh" complexity="low" disruption="low" strategy="disable"># Remediation is applicable only in certain platforms
if ( dpkg-query --show --showformat='${db:Status-Status}\n' 'autofs' 2&gt;/dev/null | grep -q '^installed' &amp;&amp; dpkg-query --show --showformat='${db:Status-Status}
' 'linux-base' 2&gt;/dev/null | grep -q ^installed ); then

SYSTEMCTL_EXEC='/usr/bin/systemctl'
if [[ $("$SYSTEMCTL_EXEC" is-system-running) != "offline" ]]; then
  "$SYSTEMCTL_EXEC" stop 'autofs.service'
fi
"$SYSTEMCTL_EXEC" disable 'autofs.service'
"$SYSTEMCTL_EXEC" mask 'autofs.service'
# Disable socket activation if we have a unit file for it
if "$SYSTEMCTL_EXEC" -q list-unit-files autofs.socket; then
    if [[ $("$SYSTEMCTL_EXEC" is-system-running) != "offline" ]]; then
      "$SYSTEMCTL_EXEC" stop 'autofs.socket'
    fi
    "$SYSTEMCTL_EXEC" mask 'autofs.socket'
fi
# The service may not be running because it has been started and failed,
# so let's reset the state so OVAL checks pass.
# Service should be 'inactive', not 'failed' after reboot though.
"$SYSTEMCTL_EXEC" reset-failed 'autofs.service' || true

else
    &gt;&amp;2 echo 'Remediation is not applicable, nothing was done'
fi
</fix>
          <fix xmlns:xhtml="http://www.w3.org/1999/xhtml" id="service_autofs_disabled" system="urn:xccdf:fix:script:kubernetes" reboot="true" complexity="low" disruption="medium" strategy="disable">apiVersion: machineconfiguration.openshift.io/v1
kind: MachineConfig
spec:
  config:
    ignition:
      version: 3.1.0
    systemd:
      units:
      - name: autofs.service
        enabled: false
        mask: true
      - name: autofs.socket
        enabled: false
        mask: true
</fix>
          <check system="http://oval.mitre.org/XMLSchema/oval-definitions-5">
            <check-content-ref name="oval:ssg-service_autofs_disabled:def:1" href="ssg-ubuntu2404-oval.xml"/>
          </check>
          <check system="http://scap.nist.gov/schema/ocil/2">
            <check-content-ref name="ocil:ssg-service_autofs_disabled_ocil:questionnaire:1" href="ssg-ubuntu2404-ocil.xml"/>
          </check>
        </Rule>
        <Rule id="xccdf_org.ssgproject.content_rule_kernel_module_cramfs_disabled" selected="false" role="full" severity="low">
          <title xmlns:xhtml="http://www.w3.org/1999/xhtml" xml:lang="en-US">Disable Mounting of cramfs</title>
          <description xmlns:xhtml="http://www.w3.org/1999/xhtml" xml:lang="en-US">
To configure the system to prevent the <html:code xmlns:html="http://www.w3.org/1999/xhtml">cramfs</html:code>
kernel module from being loaded, add the following line to the file <html:code xmlns:html="http://www.w3.org/1999/xhtml">/etc/modprobe.d/cramfs.conf</html:code>:
<html:pre xmlns:html="http://www.w3.org/1999/xhtml">install cramfs /bin/false</html:pre>

This effectively prevents usage of this uncommon filesystem.

The <html:code xmlns:html="http://www.w3.org/1999/xhtml">cramfs</html:code> filesystem type is a compressed read-only
Linux filesystem embedded in small footprint systems. A
<html:code xmlns:html="http://www.w3.org/1999/xhtml">cramfs</html:code> image can be used without having to first
decompress the image.</description>
          <reference href="https://www.cisecurity.org/controls/">11</reference>
          <reference href="https://www.cisecurity.org/controls/">14</reference>
          <reference href="https://www.cisecurity.org/controls/">3</reference>
          <reference href="https://www.cisecurity.org/controls/">9</reference>
          <reference href="https://www.isaca.org/resources/cobit">BAI10.01</reference>
          <reference href="https://www.isaca.org/resources/cobit">BAI10.02</reference>
          <reference href="https://www.isaca.org/resources/cobit">BAI10.03</reference>
          <reference href="https://www.isaca.org/resources/cobit">BAI10.05</reference>
          <reference href="https://www.isaca.org/resources/cobit">DSS05.02</reference>
          <reference href="https://www.isaca.org/resources/cobit">DSS05.05</reference>
          <reference href="https://www.isaca.org/resources/cobit">DSS06.06</reference>
          <reference href="http://nvlpubs.nist.gov/nistpubs/SpecialPublications/NIST.SP.800-171.pdf">3.4.6</reference>
          <reference href="https://public.cyber.mil/stigs/cci/">CCI-000381</reference>
          <reference href="https://www.isa.org/products/isa-62443-2-1-2009-security-for-industrial-automat">4.3.3.5.1</reference>
          <reference href="https://www.isa.org/products/isa-62443-2-1-2009-security-for-industrial-automat">4.3.3.5.2</reference>
          <reference href="https://www.isa.org/products/isa-62443-2-1-2009-security-for-industrial-automat">4.3.3.5.3</reference>
          <reference href="https://www.isa.org/products/isa-62443-2-1-2009-security-for-industrial-automat">4.3.3.5.4</reference>
          <reference href="https://www.isa.org/products/isa-62443-2-1-2009-security-for-industrial-automat">4.3.3.5.5</reference>
          <reference href="https://www.isa.org/products/isa-62443-2-1-2009-security-for-industrial-automat">4.3.3.5.6</reference>
          <reference href="https://www.isa.org/products/isa-62443-2-1-2009-security-for-industrial-automat">4.3.3.5.7</reference>
          <reference href="https://www.isa.org/products/isa-62443-2-1-2009-security-for-industrial-automat">4.3.3.5.8</reference>
          <reference href="https://www.isa.org/products/isa-62443-2-1-2009-security-for-industrial-automat">4.3.3.6.1</reference>
          <reference href="https://www.isa.org/products/isa-62443-2-1-2009-security-for-industrial-automat">4.3.3.6.2</reference>
          <reference href="https://www.isa.org/products/isa-62443-2-1-2009-security-for-industrial-automat">4.3.3.6.3</reference>
          <reference href="https://www.isa.org/products/isa-62443-2-1-2009-security-for-industrial-automat">4.3.3.6.4</reference>
          <reference href="https://www.isa.org/products/isa-62443-2-1-2009-security-for-industrial-automat">4.3.3.6.5</reference>
          <reference href="https://www.isa.org/products/isa-62443-2-1-2009-security-for-industrial-automat">4.3.3.6.6</reference>
          <reference href="https://www.isa.org/products/isa-62443-2-1-2009-security-for-industrial-automat">4.3.3.6.7</reference>
          <reference href="https://www.isa.org/products/isa-62443-2-1-2009-security-for-industrial-automat">4.3.3.6.8</reference>
          <reference href="https://www.isa.org/products/isa-62443-2-1-2009-security-for-industrial-automat">4.3.3.6.9</reference>
          <reference href="https://www.isa.org/products/isa-62443-2-1-2009-security-for-industrial-automat">4.3.3.7.1</reference>
          <reference href="https://www.isa.org/products/isa-62443-2-1-2009-security-for-industrial-automat">4.3.3.7.2</reference>
          <reference href="https://www.isa.org/products/isa-62443-2-1-2009-security-for-industrial-automat">4.3.3.7.3</reference>
          <reference href="https://www.isa.org/products/isa-62443-2-1-2009-security-for-industrial-automat">4.3.3.7.4</reference>
          <reference href="https://www.isa.org/products/isa-62443-2-1-2009-security-for-industrial-automat">4.3.4.3.2</reference>
          <reference href="https://www.isa.org/products/isa-62443-2-1-2009-security-for-industrial-automat">4.3.4.3.3</reference>
          <reference href="https://www.isa.org/products/ansi-isa-62443-3-3-99-03-03-2013-security-for-indu">SR 1.1</reference>
          <reference href="https://www.isa.org/products/ansi-isa-62443-3-3-99-03-03-2013-security-for-indu">SR 1.10</reference>
          <reference href="https://www.isa.org/products/ansi-isa-62443-3-3-99-03-03-2013-security-for-indu">SR 1.11</reference>
          <reference href="https://www.isa.org/products/ansi-isa-62443-3-3-99-03-03-2013-security-for-indu">SR 1.12</reference>
          <reference href="https://www.isa.org/products/ansi-isa-62443-3-3-99-03-03-2013-security-for-indu">SR 1.13</reference>
          <reference href="https://www.isa.org/products/ansi-isa-62443-3-3-99-03-03-2013-security-for-indu">SR 1.2</reference>
          <reference href="https://www.isa.org/products/ansi-isa-62443-3-3-99-03-03-2013-security-for-indu">SR 1.3</reference>
          <reference href="https://www.isa.org/products/ansi-isa-62443-3-3-99-03-03-2013-security-for-indu">SR 1.4</reference>
          <reference href="https://www.isa.org/products/ansi-isa-62443-3-3-99-03-03-2013-security-for-indu">SR 1.5</reference>
          <reference href="https://www.isa.org/products/ansi-isa-62443-3-3-99-03-03-2013-security-for-indu">SR 1.6</reference>
          <reference href="https://www.isa.org/products/ansi-isa-62443-3-3-99-03-03-2013-security-for-indu">SR 1.7</reference>
          <reference href="https://www.isa.org/products/ansi-isa-62443-3-3-99-03-03-2013-security-for-indu">SR 1.8</reference>
          <reference href="https://www.isa.org/products/ansi-isa-62443-3-3-99-03-03-2013-security-for-indu">SR 1.9</reference>
          <reference href="https://www.isa.org/products/ansi-isa-62443-3-3-99-03-03-2013-security-for-indu">SR 2.1</reference>
          <reference href="https://www.isa.org/products/ansi-isa-62443-3-3-99-03-03-2013-security-for-indu">SR 2.2</reference>
          <reference href="https://www.isa.org/products/ansi-isa-62443-3-3-99-03-03-2013-security-for-indu">SR 2.3</reference>
          <reference href="https://www.isa.org/products/ansi-isa-62443-3-3-99-03-03-2013-security-for-indu">SR 2.4</reference>
          <reference href="https://www.isa.org/products/ansi-isa-62443-3-3-99-03-03-2013-security-for-indu">SR 2.5</reference>
          <reference href="https://www.isa.org/products/ansi-isa-62443-3-3-99-03-03-2013-security-for-indu">SR 2.6</reference>
          <reference href="https://www.isa.org/products/ansi-isa-62443-3-3-99-03-03-2013-security-for-indu">SR 2.7</reference>
          <reference href="https://www.isa.org/products/ansi-isa-62443-3-3-99-03-03-2013-security-for-indu">SR 7.6</reference>
          <reference href="https://www.iso.org/contents/data/standard/05/45/54534.html">A.12.1.2</reference>
          <reference href="https://www.iso.org/contents/data/standard/05/45/54534.html">A.12.5.1</reference>
          <reference href="https://www.iso.org/contents/data/standard/05/45/54534.html">A.12.6.2</reference>
          <reference href="https://www.iso.org/contents/data/standard/05/45/54534.html">A.14.2.2</reference>
          <reference href="https://www.iso.org/contents/data/standard/05/45/54534.html">A.14.2.3</reference>
          <reference href="https://www.iso.org/contents/data/standard/05/45/54534.html">A.14.2.4</reference>
          <reference href="https://www.iso.org/contents/data/standard/05/45/54534.html">A.9.1.2</reference>
          <reference href="http://nvlpubs.nist.gov/nistpubs/SpecialPublications/NIST.SP.800-53r4.pdf">CM-7(a)</reference>
          <reference href="http://nvlpubs.nist.gov/nistpubs/SpecialPublications/NIST.SP.800-53r4.pdf">CM-7(b)</reference>
          <reference href="http://nvlpubs.nist.gov/nistpubs/SpecialPublications/NIST.SP.800-53r4.pdf">CM-6(a)</reference>
          <reference href="https://nvlpubs.nist.gov/nistpubs/CSWP/NIST.CSWP.04162018.pdf">PR.IP-1</reference>
          <reference href="https://nvlpubs.nist.gov/nistpubs/CSWP/NIST.CSWP.04162018.pdf">PR.PT-3</reference>
          <reference href="https://public.cyber.mil/stigs/downloads/?_dl_facet_stigs=operating-systems%2Cgeneral-purpose-os">SRG-OS-000095-GPOS-00049</reference>
          <reference href="https://www.cisecurity.org/benchmark/ubuntu_linux/">1.1.1.1</reference>
          <rationale xmlns:xhtml="http://www.w3.org/1999/xhtml" xml:lang="en-US">Removing support for unneeded filesystem types reduces the local attack surface
of the server.</rationale>
          <platform idref="#system_with_kernel"/>
          <fix xmlns:xhtml="http://www.w3.org/1999/xhtml" id="kernel_module_cramfs_disabled" system="urn:xccdf:fix:script:ansible" reboot="true" complexity="low" disruption="medium" strategy="disable">- name: Gather the package facts
  package_facts:
    manager: auto
  tags:
  - NIST-800-171-3.4.6
  - NIST-800-53-CM-6(a)
  - NIST-800-53-CM-7(a)
  - NIST-800-53-CM-7(b)
  - disable_strategy
  - kernel_module_cramfs_disabled
  - low_complexity
  - low_severity
  - medium_disruption
  - reboot_required

- name: Ensure kernel module 'cramfs' is disabled
  lineinfile:
    create: true
    dest: /etc/modprobe.d/cramfs.conf
    regexp: install\s+cramfs
    line: install cramfs /bin/false
  when: '"linux-base" in ansible_facts.packages'
  tags:
  - NIST-800-171-3.4.6
  - NIST-800-53-CM-6(a)
  - NIST-800-53-CM-7(a)
  - NIST-800-53-CM-7(b)
  - disable_strategy
  - kernel_module_cramfs_disabled
  - low_complexity
  - low_severity
  - medium_disruption
  - reboot_required

- name: Ensure kernel module 'cramfs' is blacklisted
  lineinfile:
    create: true
    dest: /etc/modprobe.d/cramfs.conf
    regexp: ^blacklist cramfs$
    line: blacklist cramfs
  when: '"linux-base" in ansible_facts.packages'
  tags:
  - NIST-800-171-3.4.6
  - NIST-800-53-CM-6(a)
  - NIST-800-53-CM-7(a)
  - NIST-800-53-CM-7(b)
  - disable_strategy
  - kernel_module_cramfs_disabled
  - low_complexity
  - low_severity
  - medium_disruption
  - reboot_required
</fix>
          <fix xmlns:xhtml="http://www.w3.org/1999/xhtml" id="kernel_module_cramfs_disabled" system="urn:xccdf:fix:script:sh" reboot="true" complexity="low" disruption="medium" strategy="disable"># Remediation is applicable only in certain platforms
if dpkg-query --show --showformat='${db:Status-Status}
' 'linux-base' 2&gt;/dev/null | grep -q ^installed; then

if LC_ALL=C grep -q -m 1 "^install cramfs" /etc/modprobe.d/cramfs.conf ; then
	
	sed -i 's#^install cramfs.*#install cramfs /bin/false#g' /etc/modprobe.d/cramfs.conf
else
	echo -e "\n# Disable per security requirements" &gt;&gt; /etc/modprobe.d/cramfs.conf
	echo "install cramfs /bin/false" &gt;&gt; /etc/modprobe.d/cramfs.conf
fi

if ! LC_ALL=C grep -q -m 1 "^blacklist cramfs$" /etc/modprobe.d/cramfs.conf ; then
	echo "blacklist cramfs" &gt;&gt; /etc/modprobe.d/cramfs.conf
fi

else
    &gt;&amp;2 echo 'Remediation is not applicable, nothing was done'
fi
</fix>
          <check system="http://oval.mitre.org/XMLSchema/oval-definitions-5">
            <check-content-ref name="oval:ssg-kernel_module_cramfs_disabled:def:1" href="ssg-ubuntu2404-oval.xml"/>
          </check>
          <check system="http://scap.nist.gov/schema/ocil/2">
            <check-content-ref name="ocil:ssg-kernel_module_cramfs_disabled_ocil:questionnaire:1" href="ssg-ubuntu2404-ocil.xml"/>
          </check>
        </Rule>
        <Rule id="xccdf_org.ssgproject.content_rule_kernel_module_freevxfs_disabled" selected="false" role="full" severity="low">
          <title xmlns:xhtml="http://www.w3.org/1999/xhtml" xml:lang="en-US">Disable Mounting of freevxfs</title>
          <description xmlns:xhtml="http://www.w3.org/1999/xhtml" xml:lang="en-US">
To configure the system to prevent the <html:code xmlns:html="http://www.w3.org/1999/xhtml">freevxfs</html:code>
kernel module from being loaded, add the following line to the file <html:code xmlns:html="http://www.w3.org/1999/xhtml">/etc/modprobe.d/freevxfs.conf</html:code>:
<html:pre xmlns:html="http://www.w3.org/1999/xhtml">install freevxfs /bin/false</html:pre>

This effectively prevents usage of this uncommon filesystem.</description>
          <reference href="https://www.cisecurity.org/controls/">11</reference>
          <reference href="https://www.cisecurity.org/controls/">14</reference>
          <reference href="https://www.cisecurity.org/controls/">3</reference>
          <reference href="https://www.cisecurity.org/controls/">9</reference>
          <reference href="https://www.isaca.org/resources/cobit">BAI10.01</reference>
          <reference href="https://www.isaca.org/resources/cobit">BAI10.02</reference>
          <reference href="https://www.isaca.org/resources/cobit">BAI10.03</reference>
          <reference href="https://www.isaca.org/resources/cobit">BAI10.05</reference>
          <reference href="https://www.isaca.org/resources/cobit">DSS05.02</reference>
          <reference href="https://www.isaca.org/resources/cobit">DSS05.05</reference>
          <reference href="https://www.isaca.org/resources/cobit">DSS06.06</reference>
          <reference href="http://nvlpubs.nist.gov/nistpubs/SpecialPublications/NIST.SP.800-171.pdf">3.4.6</reference>
          <reference href="https://www.isa.org/products/isa-62443-2-1-2009-security-for-industrial-automat">4.3.3.5.1</reference>
          <reference href="https://www.isa.org/products/isa-62443-2-1-2009-security-for-industrial-automat">4.3.3.5.2</reference>
          <reference href="https://www.isa.org/products/isa-62443-2-1-2009-security-for-industrial-automat">4.3.3.5.3</reference>
          <reference href="https://www.isa.org/products/isa-62443-2-1-2009-security-for-industrial-automat">4.3.3.5.4</reference>
          <reference href="https://www.isa.org/products/isa-62443-2-1-2009-security-for-industrial-automat">4.3.3.5.5</reference>
          <reference href="https://www.isa.org/products/isa-62443-2-1-2009-security-for-industrial-automat">4.3.3.5.6</reference>
          <reference href="https://www.isa.org/products/isa-62443-2-1-2009-security-for-industrial-automat">4.3.3.5.7</reference>
          <reference href="https://www.isa.org/products/isa-62443-2-1-2009-security-for-industrial-automat">4.3.3.5.8</reference>
          <reference href="https://www.isa.org/products/isa-62443-2-1-2009-security-for-industrial-automat">4.3.3.6.1</reference>
          <reference href="https://www.isa.org/products/isa-62443-2-1-2009-security-for-industrial-automat">4.3.3.6.2</reference>
          <reference href="https://www.isa.org/products/isa-62443-2-1-2009-security-for-industrial-automat">4.3.3.6.3</reference>
          <reference href="https://www.isa.org/products/isa-62443-2-1-2009-security-for-industrial-automat">4.3.3.6.4</reference>
          <reference href="https://www.isa.org/products/isa-62443-2-1-2009-security-for-industrial-automat">4.3.3.6.5</reference>
          <reference href="https://www.isa.org/products/isa-62443-2-1-2009-security-for-industrial-automat">4.3.3.6.6</reference>
          <reference href="https://www.isa.org/products/isa-62443-2-1-2009-security-for-industrial-automat">4.3.3.6.7</reference>
          <reference href="https://www.isa.org/products/isa-62443-2-1-2009-security-for-industrial-automat">4.3.3.6.8</reference>
          <reference href="https://www.isa.org/products/isa-62443-2-1-2009-security-for-industrial-automat">4.3.3.6.9</reference>
          <reference href="https://www.isa.org/products/isa-62443-2-1-2009-security-for-industrial-automat">4.3.3.7.1</reference>
          <reference href="https://www.isa.org/products/isa-62443-2-1-2009-security-for-industrial-automat">4.3.3.7.2</reference>
          <reference href="https://www.isa.org/products/isa-62443-2-1-2009-security-for-industrial-automat">4.3.3.7.3</reference>
          <reference href="https://www.isa.org/products/isa-62443-2-1-2009-security-for-industrial-automat">4.3.3.7.4</reference>
          <reference href="https://www.isa.org/products/isa-62443-2-1-2009-security-for-industrial-automat">4.3.4.3.2</reference>
          <reference href="https://www.isa.org/products/isa-62443-2-1-2009-security-for-industrial-automat">4.3.4.3.3</reference>
          <reference href="https://www.isa.org/products/ansi-isa-62443-3-3-99-03-03-2013-security-for-indu">SR 1.1</reference>
          <reference href="https://www.isa.org/products/ansi-isa-62443-3-3-99-03-03-2013-security-for-indu">SR 1.10</reference>
          <reference href="https://www.isa.org/products/ansi-isa-62443-3-3-99-03-03-2013-security-for-indu">SR 1.11</reference>
          <reference href="https://www.isa.org/products/ansi-isa-62443-3-3-99-03-03-2013-security-for-indu">SR 1.12</reference>
          <reference href="https://www.isa.org/products/ansi-isa-62443-3-3-99-03-03-2013-security-for-indu">SR 1.13</reference>
          <reference href="https://www.isa.org/products/ansi-isa-62443-3-3-99-03-03-2013-security-for-indu">SR 1.2</reference>
          <reference href="https://www.isa.org/products/ansi-isa-62443-3-3-99-03-03-2013-security-for-indu">SR 1.3</reference>
          <reference href="https://www.isa.org/products/ansi-isa-62443-3-3-99-03-03-2013-security-for-indu">SR 1.4</reference>
          <reference href="https://www.isa.org/products/ansi-isa-62443-3-3-99-03-03-2013-security-for-indu">SR 1.5</reference>
          <reference href="https://www.isa.org/products/ansi-isa-62443-3-3-99-03-03-2013-security-for-indu">SR 1.6</reference>
          <reference href="https://www.isa.org/products/ansi-isa-62443-3-3-99-03-03-2013-security-for-indu">SR 1.7</reference>
          <reference href="https://www.isa.org/products/ansi-isa-62443-3-3-99-03-03-2013-security-for-indu">SR 1.8</reference>
          <reference href="https://www.isa.org/products/ansi-isa-62443-3-3-99-03-03-2013-security-for-indu">SR 1.9</reference>
          <reference href="https://www.isa.org/products/ansi-isa-62443-3-3-99-03-03-2013-security-for-indu">SR 2.1</reference>
          <reference href="https://www.isa.org/products/ansi-isa-62443-3-3-99-03-03-2013-security-for-indu">SR 2.2</reference>
          <reference href="https://www.isa.org/products/ansi-isa-62443-3-3-99-03-03-2013-security-for-indu">SR 2.3</reference>
          <reference href="https://www.isa.org/products/ansi-isa-62443-3-3-99-03-03-2013-security-for-indu">SR 2.4</reference>
          <reference href="https://www.isa.org/products/ansi-isa-62443-3-3-99-03-03-2013-security-for-indu">SR 2.5</reference>
          <reference href="https://www.isa.org/products/ansi-isa-62443-3-3-99-03-03-2013-security-for-indu">SR 2.6</reference>
          <reference href="https://www.isa.org/products/ansi-isa-62443-3-3-99-03-03-2013-security-for-indu">SR 2.7</reference>
          <reference href="https://www.isa.org/products/ansi-isa-62443-3-3-99-03-03-2013-security-for-indu">SR 7.6</reference>
          <reference href="https://www.iso.org/contents/data/standard/05/45/54534.html">A.12.1.2</reference>
          <reference href="https://www.iso.org/contents/data/standard/05/45/54534.html">A.12.5.1</reference>
          <reference href="https://www.iso.org/contents/data/standard/05/45/54534.html">A.12.6.2</reference>
          <reference href="https://www.iso.org/contents/data/standard/05/45/54534.html">A.14.2.2</reference>
          <reference href="https://www.iso.org/contents/data/standard/05/45/54534.html">A.14.2.3</reference>
          <reference href="https://www.iso.org/contents/data/standard/05/45/54534.html">A.14.2.4</reference>
          <reference href="https://www.iso.org/contents/data/standard/05/45/54534.html">A.9.1.2</reference>
          <reference href="http://nvlpubs.nist.gov/nistpubs/SpecialPublications/NIST.SP.800-53r4.pdf">CM-7(a)</reference>
          <reference href="http://nvlpubs.nist.gov/nistpubs/SpecialPublications/NIST.SP.800-53r4.pdf">CM-7(b)</reference>
          <reference href="http://nvlpubs.nist.gov/nistpubs/SpecialPublications/NIST.SP.800-53r4.pdf">CM-6(a)</reference>
          <reference href="https://nvlpubs.nist.gov/nistpubs/CSWP/NIST.CSWP.04162018.pdf">PR.IP-1</reference>
          <reference href="https://nvlpubs.nist.gov/nistpubs/CSWP/NIST.CSWP.04162018.pdf">PR.PT-3</reference>
          <reference href="https://www.cisecurity.org/benchmark/ubuntu_linux/">1.1.1.2</reference>
          <rationale xmlns:xhtml="http://www.w3.org/1999/xhtml" xml:lang="en-US">Linux kernel modules which implement filesystems that are not needed by the
local system should be disabled.</rationale>
          <platform idref="#system_with_kernel"/>
          <fix xmlns:xhtml="http://www.w3.org/1999/xhtml" id="kernel_module_freevxfs_disabled" system="urn:xccdf:fix:script:ansible" reboot="true" complexity="low" disruption="medium" strategy="disable">- name: Gather the package facts
  package_facts:
    manager: auto
  tags:
  - NIST-800-171-3.4.6
  - NIST-800-53-CM-6(a)
  - NIST-800-53-CM-7(a)
  - NIST-800-53-CM-7(b)
  - disable_strategy
  - kernel_module_freevxfs_disabled
  - low_complexity
  - low_severity
  - medium_disruption
  - reboot_required

- name: Ensure kernel module 'freevxfs' is disabled
  lineinfile:
    create: true
    dest: /etc/modprobe.d/freevxfs.conf
    regexp: install\s+freevxfs
    line: install freevxfs /bin/false
  when: '"linux-base" in ansible_facts.packages'
  tags:
  - NIST-800-171-3.4.6
  - NIST-800-53-CM-6(a)
  - NIST-800-53-CM-7(a)
  - NIST-800-53-CM-7(b)
  - disable_strategy
  - kernel_module_freevxfs_disabled
  - low_complexity
  - low_severity
  - medium_disruption
  - reboot_required

- name: Ensure kernel module 'freevxfs' is blacklisted
  lineinfile:
    create: true
    dest: /etc/modprobe.d/freevxfs.conf
    regexp: ^blacklist freevxfs$
    line: blacklist freevxfs
  when: '"linux-base" in ansible_facts.packages'
  tags:
  - NIST-800-171-3.4.6
  - NIST-800-53-CM-6(a)
  - NIST-800-53-CM-7(a)
  - NIST-800-53-CM-7(b)
  - disable_strategy
  - kernel_module_freevxfs_disabled
  - low_complexity
  - low_severity
  - medium_disruption
  - reboot_required
</fix>
          <fix xmlns:xhtml="http://www.w3.org/1999/xhtml" id="kernel_module_freevxfs_disabled" system="urn:xccdf:fix:script:sh" reboot="true" complexity="low" disruption="medium" strategy="disable"># Remediation is applicable only in certain platforms
if dpkg-query --show --showformat='${db:Status-Status}
' 'linux-base' 2&gt;/dev/null | grep -q ^installed; then

if LC_ALL=C grep -q -m 1 "^install freevxfs" /etc/modprobe.d/freevxfs.conf ; then
	
	sed -i 's#^install freevxfs.*#install freevxfs /bin/false#g' /etc/modprobe.d/freevxfs.conf
else
	echo -e "\n# Disable per security requirements" &gt;&gt; /etc/modprobe.d/freevxfs.conf
	echo "install freevxfs /bin/false" &gt;&gt; /etc/modprobe.d/freevxfs.conf
fi

if ! LC_ALL=C grep -q -m 1 "^blacklist freevxfs$" /etc/modprobe.d/freevxfs.conf ; then
	echo "blacklist freevxfs" &gt;&gt; /etc/modprobe.d/freevxfs.conf
fi

else
    &gt;&amp;2 echo 'Remediation is not applicable, nothing was done'
fi
</fix>
          <check system="http://oval.mitre.org/XMLSchema/oval-definitions-5">
            <check-content-ref name="oval:ssg-kernel_module_freevxfs_disabled:def:1" href="ssg-ubuntu2404-oval.xml"/>
          </check>
        </Rule>
        <Rule id="xccdf_org.ssgproject.content_rule_kernel_module_hfs_disabled" selected="false" role="full" severity="low">
          <title xmlns:xhtml="http://www.w3.org/1999/xhtml" xml:lang="en-US">Disable Mounting of hfs</title>
          <description xmlns:xhtml="http://www.w3.org/1999/xhtml" xml:lang="en-US">
To configure the system to prevent the <html:code xmlns:html="http://www.w3.org/1999/xhtml">hfs</html:code>
kernel module from being loaded, add the following line to the file <html:code xmlns:html="http://www.w3.org/1999/xhtml">/etc/modprobe.d/hfs.conf</html:code>:
<html:pre xmlns:html="http://www.w3.org/1999/xhtml">install hfs /bin/false</html:pre>

This effectively prevents usage of this uncommon filesystem.</description>
          <reference href="https://www.cisecurity.org/controls/">11</reference>
          <reference href="https://www.cisecurity.org/controls/">14</reference>
          <reference href="https://www.cisecurity.org/controls/">3</reference>
          <reference href="https://www.cisecurity.org/controls/">9</reference>
          <reference href="https://www.isaca.org/resources/cobit">BAI10.01</reference>
          <reference href="https://www.isaca.org/resources/cobit">BAI10.02</reference>
          <reference href="https://www.isaca.org/resources/cobit">BAI10.03</reference>
          <reference href="https://www.isaca.org/resources/cobit">BAI10.05</reference>
          <reference href="https://www.isaca.org/resources/cobit">DSS05.02</reference>
          <reference href="https://www.isaca.org/resources/cobit">DSS05.05</reference>
          <reference href="https://www.isaca.org/resources/cobit">DSS06.06</reference>
          <reference href="http://nvlpubs.nist.gov/nistpubs/SpecialPublications/NIST.SP.800-171.pdf">3.4.6</reference>
          <reference href="https://www.isa.org/products/isa-62443-2-1-2009-security-for-industrial-automat">4.3.3.5.1</reference>
          <reference href="https://www.isa.org/products/isa-62443-2-1-2009-security-for-industrial-automat">4.3.3.5.2</reference>
          <reference href="https://www.isa.org/products/isa-62443-2-1-2009-security-for-industrial-automat">4.3.3.5.3</reference>
          <reference href="https://www.isa.org/products/isa-62443-2-1-2009-security-for-industrial-automat">4.3.3.5.4</reference>
          <reference href="https://www.isa.org/products/isa-62443-2-1-2009-security-for-industrial-automat">4.3.3.5.5</reference>
          <reference href="https://www.isa.org/products/isa-62443-2-1-2009-security-for-industrial-automat">4.3.3.5.6</reference>
          <reference href="https://www.isa.org/products/isa-62443-2-1-2009-security-for-industrial-automat">4.3.3.5.7</reference>
          <reference href="https://www.isa.org/products/isa-62443-2-1-2009-security-for-industrial-automat">4.3.3.5.8</reference>
          <reference href="https://www.isa.org/products/isa-62443-2-1-2009-security-for-industrial-automat">4.3.3.6.1</reference>
          <reference href="https://www.isa.org/products/isa-62443-2-1-2009-security-for-industrial-automat">4.3.3.6.2</reference>
          <reference href="https://www.isa.org/products/isa-62443-2-1-2009-security-for-industrial-automat">4.3.3.6.3</reference>
          <reference href="https://www.isa.org/products/isa-62443-2-1-2009-security-for-industrial-automat">4.3.3.6.4</reference>
          <reference href="https://www.isa.org/products/isa-62443-2-1-2009-security-for-industrial-automat">4.3.3.6.5</reference>
          <reference href="https://www.isa.org/products/isa-62443-2-1-2009-security-for-industrial-automat">4.3.3.6.6</reference>
          <reference href="https://www.isa.org/products/isa-62443-2-1-2009-security-for-industrial-automat">4.3.3.6.7</reference>
          <reference href="https://www.isa.org/products/isa-62443-2-1-2009-security-for-industrial-automat">4.3.3.6.8</reference>
          <reference href="https://www.isa.org/products/isa-62443-2-1-2009-security-for-industrial-automat">4.3.3.6.9</reference>
          <reference href="https://www.isa.org/products/isa-62443-2-1-2009-security-for-industrial-automat">4.3.3.7.1</reference>
          <reference href="https://www.isa.org/products/isa-62443-2-1-2009-security-for-industrial-automat">4.3.3.7.2</reference>
          <reference href="https://www.isa.org/products/isa-62443-2-1-2009-security-for-industrial-automat">4.3.3.7.3</reference>
          <reference href="https://www.isa.org/products/isa-62443-2-1-2009-security-for-industrial-automat">4.3.3.7.4</reference>
          <reference href="https://www.isa.org/products/isa-62443-2-1-2009-security-for-industrial-automat">4.3.4.3.2</reference>
          <reference href="https://www.isa.org/products/isa-62443-2-1-2009-security-for-industrial-automat">4.3.4.3.3</reference>
          <reference href="https://www.isa.org/products/ansi-isa-62443-3-3-99-03-03-2013-security-for-indu">SR 1.1</reference>
          <reference href="https://www.isa.org/products/ansi-isa-62443-3-3-99-03-03-2013-security-for-indu">SR 1.10</reference>
          <reference href="https://www.isa.org/products/ansi-isa-62443-3-3-99-03-03-2013-security-for-indu">SR 1.11</reference>
          <reference href="https://www.isa.org/products/ansi-isa-62443-3-3-99-03-03-2013-security-for-indu">SR 1.12</reference>
          <reference href="https://www.isa.org/products/ansi-isa-62443-3-3-99-03-03-2013-security-for-indu">SR 1.13</reference>
          <reference href="https://www.isa.org/products/ansi-isa-62443-3-3-99-03-03-2013-security-for-indu">SR 1.2</reference>
          <reference href="https://www.isa.org/products/ansi-isa-62443-3-3-99-03-03-2013-security-for-indu">SR 1.3</reference>
          <reference href="https://www.isa.org/products/ansi-isa-62443-3-3-99-03-03-2013-security-for-indu">SR 1.4</reference>
          <reference href="https://www.isa.org/products/ansi-isa-62443-3-3-99-03-03-2013-security-for-indu">SR 1.5</reference>
          <reference href="https://www.isa.org/products/ansi-isa-62443-3-3-99-03-03-2013-security-for-indu">SR 1.6</reference>
          <reference href="https://www.isa.org/products/ansi-isa-62443-3-3-99-03-03-2013-security-for-indu">SR 1.7</reference>
          <reference href="https://www.isa.org/products/ansi-isa-62443-3-3-99-03-03-2013-security-for-indu">SR 1.8</reference>
          <reference href="https://www.isa.org/products/ansi-isa-62443-3-3-99-03-03-2013-security-for-indu">SR 1.9</reference>
          <reference href="https://www.isa.org/products/ansi-isa-62443-3-3-99-03-03-2013-security-for-indu">SR 2.1</reference>
          <reference href="https://www.isa.org/products/ansi-isa-62443-3-3-99-03-03-2013-security-for-indu">SR 2.2</reference>
          <reference href="https://www.isa.org/products/ansi-isa-62443-3-3-99-03-03-2013-security-for-indu">SR 2.3</reference>
          <reference href="https://www.isa.org/products/ansi-isa-62443-3-3-99-03-03-2013-security-for-indu">SR 2.4</reference>
          <reference href="https://www.isa.org/products/ansi-isa-62443-3-3-99-03-03-2013-security-for-indu">SR 2.5</reference>
          <reference href="https://www.isa.org/products/ansi-isa-62443-3-3-99-03-03-2013-security-for-indu">SR 2.6</reference>
          <reference href="https://www.isa.org/products/ansi-isa-62443-3-3-99-03-03-2013-security-for-indu">SR 2.7</reference>
          <reference href="https://www.isa.org/products/ansi-isa-62443-3-3-99-03-03-2013-security-for-indu">SR 7.6</reference>
          <reference href="https://www.iso.org/contents/data/standard/05/45/54534.html">A.12.1.2</reference>
          <reference href="https://www.iso.org/contents/data/standard/05/45/54534.html">A.12.5.1</reference>
          <reference href="https://www.iso.org/contents/data/standard/05/45/54534.html">A.12.6.2</reference>
          <reference href="https://www.iso.org/contents/data/standard/05/45/54534.html">A.14.2.2</reference>
          <reference href="https://www.iso.org/contents/data/standard/05/45/54534.html">A.14.2.3</reference>
          <reference href="https://www.iso.org/contents/data/standard/05/45/54534.html">A.14.2.4</reference>
          <reference href="https://www.iso.org/contents/data/standard/05/45/54534.html">A.9.1.2</reference>
          <reference href="http://nvlpubs.nist.gov/nistpubs/SpecialPublications/NIST.SP.800-53r4.pdf">CM-7(a)</reference>
          <reference href="http://nvlpubs.nist.gov/nistpubs/SpecialPublications/NIST.SP.800-53r4.pdf">CM-7(b)</reference>
          <reference href="http://nvlpubs.nist.gov/nistpubs/SpecialPublications/NIST.SP.800-53r4.pdf">CM-6(a)</reference>
          <reference href="https://nvlpubs.nist.gov/nistpubs/CSWP/NIST.CSWP.04162018.pdf">PR.IP-1</reference>
          <reference href="https://nvlpubs.nist.gov/nistpubs/CSWP/NIST.CSWP.04162018.pdf">PR.PT-3</reference>
          <reference href="https://www.cisecurity.org/benchmark/ubuntu_linux/">1.1.1.3</reference>
          <rationale xmlns:xhtml="http://www.w3.org/1999/xhtml" xml:lang="en-US">Linux kernel modules which implement filesystems that are not needed by the
local system should be disabled.</rationale>
          <platform idref="#system_with_kernel"/>
          <fix xmlns:xhtml="http://www.w3.org/1999/xhtml" id="kernel_module_hfs_disabled" system="urn:xccdf:fix:script:ansible" reboot="true" complexity="low" disruption="medium" strategy="disable">- name: Gather the package facts
  package_facts:
    manager: auto
  tags:
  - NIST-800-171-3.4.6
  - NIST-800-53-CM-6(a)
  - NIST-800-53-CM-7(a)
  - NIST-800-53-CM-7(b)
  - disable_strategy
  - kernel_module_hfs_disabled
  - low_complexity
  - low_severity
  - medium_disruption
  - reboot_required

- name: Ensure kernel module 'hfs' is disabled
  lineinfile:
    create: true
    dest: /etc/modprobe.d/hfs.conf
    regexp: install\s+hfs
    line: install hfs /bin/false
  when: '"linux-base" in ansible_facts.packages'
  tags:
  - NIST-800-171-3.4.6
  - NIST-800-53-CM-6(a)
  - NIST-800-53-CM-7(a)
  - NIST-800-53-CM-7(b)
  - disable_strategy
  - kernel_module_hfs_disabled
  - low_complexity
  - low_severity
  - medium_disruption
  - reboot_required

- name: Ensure kernel module 'hfs' is blacklisted
  lineinfile:
    create: true
    dest: /etc/modprobe.d/hfs.conf
    regexp: ^blacklist hfs$
    line: blacklist hfs
  when: '"linux-base" in ansible_facts.packages'
  tags:
  - NIST-800-171-3.4.6
  - NIST-800-53-CM-6(a)
  - NIST-800-53-CM-7(a)
  - NIST-800-53-CM-7(b)
  - disable_strategy
  - kernel_module_hfs_disabled
  - low_complexity
  - low_severity
  - medium_disruption
  - reboot_required
</fix>
          <fix xmlns:xhtml="http://www.w3.org/1999/xhtml" id="kernel_module_hfs_disabled" system="urn:xccdf:fix:script:sh" reboot="true" complexity="low" disruption="medium" strategy="disable"># Remediation is applicable only in certain platforms
if dpkg-query --show --showformat='${db:Status-Status}
' 'linux-base' 2&gt;/dev/null | grep -q ^installed; then

if LC_ALL=C grep -q -m 1 "^install hfs" /etc/modprobe.d/hfs.conf ; then
	
	sed -i 's#^install hfs.*#install hfs /bin/false#g' /etc/modprobe.d/hfs.conf
else
	echo -e "\n# Disable per security requirements" &gt;&gt; /etc/modprobe.d/hfs.conf
	echo "install hfs /bin/false" &gt;&gt; /etc/modprobe.d/hfs.conf
fi

if ! LC_ALL=C grep -q -m 1 "^blacklist hfs$" /etc/modprobe.d/hfs.conf ; then
	echo "blacklist hfs" &gt;&gt; /etc/modprobe.d/hfs.conf
fi

else
    &gt;&amp;2 echo 'Remediation is not applicable, nothing was done'
fi
</fix>
          <check system="http://oval.mitre.org/XMLSchema/oval-definitions-5">
            <check-content-ref name="oval:ssg-kernel_module_hfs_disabled:def:1" href="ssg-ubuntu2404-oval.xml"/>
          </check>
        </Rule>
        <Rule id="xccdf_org.ssgproject.content_rule_kernel_module_hfsplus_disabled" selected="false" role="full" severity="low">
          <title xmlns:xhtml="http://www.w3.org/1999/xhtml" xml:lang="en-US">Disable Mounting of hfsplus</title>
          <description xmlns:xhtml="http://www.w3.org/1999/xhtml" xml:lang="en-US">
To configure the system to prevent the <html:code xmlns:html="http://www.w3.org/1999/xhtml">hfsplus</html:code>
kernel module from being loaded, add the following line to the file <html:code xmlns:html="http://www.w3.org/1999/xhtml">/etc/modprobe.d/hfsplus.conf</html:code>:
<html:pre xmlns:html="http://www.w3.org/1999/xhtml">install hfsplus /bin/false</html:pre>

This effectively prevents usage of this uncommon filesystem.</description>
          <reference href="https://www.cisecurity.org/controls/">11</reference>
          <reference href="https://www.cisecurity.org/controls/">14</reference>
          <reference href="https://www.cisecurity.org/controls/">3</reference>
          <reference href="https://www.cisecurity.org/controls/">9</reference>
          <reference href="https://www.isaca.org/resources/cobit">BAI10.01</reference>
          <reference href="https://www.isaca.org/resources/cobit">BAI10.02</reference>
          <reference href="https://www.isaca.org/resources/cobit">BAI10.03</reference>
          <reference href="https://www.isaca.org/resources/cobit">BAI10.05</reference>
          <reference href="https://www.isaca.org/resources/cobit">DSS05.02</reference>
          <reference href="https://www.isaca.org/resources/cobit">DSS05.05</reference>
          <reference href="https://www.isaca.org/resources/cobit">DSS06.06</reference>
          <reference href="http://nvlpubs.nist.gov/nistpubs/SpecialPublications/NIST.SP.800-171.pdf">3.4.6</reference>
          <reference href="https://www.isa.org/products/isa-62443-2-1-2009-security-for-industrial-automat">4.3.3.5.1</reference>
          <reference href="https://www.isa.org/products/isa-62443-2-1-2009-security-for-industrial-automat">4.3.3.5.2</reference>
          <reference href="https://www.isa.org/products/isa-62443-2-1-2009-security-for-industrial-automat">4.3.3.5.3</reference>
          <reference href="https://www.isa.org/products/isa-62443-2-1-2009-security-for-industrial-automat">4.3.3.5.4</reference>
          <reference href="https://www.isa.org/products/isa-62443-2-1-2009-security-for-industrial-automat">4.3.3.5.5</reference>
          <reference href="https://www.isa.org/products/isa-62443-2-1-2009-security-for-industrial-automat">4.3.3.5.6</reference>
          <reference href="https://www.isa.org/products/isa-62443-2-1-2009-security-for-industrial-automat">4.3.3.5.7</reference>
          <reference href="https://www.isa.org/products/isa-62443-2-1-2009-security-for-industrial-automat">4.3.3.5.8</reference>
          <reference href="https://www.isa.org/products/isa-62443-2-1-2009-security-for-industrial-automat">4.3.3.6.1</reference>
          <reference href="https://www.isa.org/products/isa-62443-2-1-2009-security-for-industrial-automat">4.3.3.6.2</reference>
          <reference href="https://www.isa.org/products/isa-62443-2-1-2009-security-for-industrial-automat">4.3.3.6.3</reference>
          <reference href="https://www.isa.org/products/isa-62443-2-1-2009-security-for-industrial-automat">4.3.3.6.4</reference>
          <reference href="https://www.isa.org/products/isa-62443-2-1-2009-security-for-industrial-automat">4.3.3.6.5</reference>
          <reference href="https://www.isa.org/products/isa-62443-2-1-2009-security-for-industrial-automat">4.3.3.6.6</reference>
          <reference href="https://www.isa.org/products/isa-62443-2-1-2009-security-for-industrial-automat">4.3.3.6.7</reference>
          <reference href="https://www.isa.org/products/isa-62443-2-1-2009-security-for-industrial-automat">4.3.3.6.8</reference>
          <reference href="https://www.isa.org/products/isa-62443-2-1-2009-security-for-industrial-automat">4.3.3.6.9</reference>
          <reference href="https://www.isa.org/products/isa-62443-2-1-2009-security-for-industrial-automat">4.3.3.7.1</reference>
          <reference href="https://www.isa.org/products/isa-62443-2-1-2009-security-for-industrial-automat">4.3.3.7.2</reference>
          <reference href="https://www.isa.org/products/isa-62443-2-1-2009-security-for-industrial-automat">4.3.3.7.3</reference>
          <reference href="https://www.isa.org/products/isa-62443-2-1-2009-security-for-industrial-automat">4.3.3.7.4</reference>
          <reference href="https://www.isa.org/products/isa-62443-2-1-2009-security-for-industrial-automat">4.3.4.3.2</reference>
          <reference href="https://www.isa.org/products/isa-62443-2-1-2009-security-for-industrial-automat">4.3.4.3.3</reference>
          <reference href="https://www.isa.org/products/ansi-isa-62443-3-3-99-03-03-2013-security-for-indu">SR 1.1</reference>
          <reference href="https://www.isa.org/products/ansi-isa-62443-3-3-99-03-03-2013-security-for-indu">SR 1.10</reference>
          <reference href="https://www.isa.org/products/ansi-isa-62443-3-3-99-03-03-2013-security-for-indu">SR 1.11</reference>
          <reference href="https://www.isa.org/products/ansi-isa-62443-3-3-99-03-03-2013-security-for-indu">SR 1.12</reference>
          <reference href="https://www.isa.org/products/ansi-isa-62443-3-3-99-03-03-2013-security-for-indu">SR 1.13</reference>
          <reference href="https://www.isa.org/products/ansi-isa-62443-3-3-99-03-03-2013-security-for-indu">SR 1.2</reference>
          <reference href="https://www.isa.org/products/ansi-isa-62443-3-3-99-03-03-2013-security-for-indu">SR 1.3</reference>
          <reference href="https://www.isa.org/products/ansi-isa-62443-3-3-99-03-03-2013-security-for-indu">SR 1.4</reference>
          <reference href="https://www.isa.org/products/ansi-isa-62443-3-3-99-03-03-2013-security-for-indu">SR 1.5</reference>
          <reference href="https://www.isa.org/products/ansi-isa-62443-3-3-99-03-03-2013-security-for-indu">SR 1.6</reference>
          <reference href="https://www.isa.org/products/ansi-isa-62443-3-3-99-03-03-2013-security-for-indu">SR 1.7</reference>
          <reference href="https://www.isa.org/products/ansi-isa-62443-3-3-99-03-03-2013-security-for-indu">SR 1.8</reference>
          <reference href="https://www.isa.org/products/ansi-isa-62443-3-3-99-03-03-2013-security-for-indu">SR 1.9</reference>
          <reference href="https://www.isa.org/products/ansi-isa-62443-3-3-99-03-03-2013-security-for-indu">SR 2.1</reference>
          <reference href="https://www.isa.org/products/ansi-isa-62443-3-3-99-03-03-2013-security-for-indu">SR 2.2</reference>
          <reference href="https://www.isa.org/products/ansi-isa-62443-3-3-99-03-03-2013-security-for-indu">SR 2.3</reference>
          <reference href="https://www.isa.org/products/ansi-isa-62443-3-3-99-03-03-2013-security-for-indu">SR 2.4</reference>
          <reference href="https://www.isa.org/products/ansi-isa-62443-3-3-99-03-03-2013-security-for-indu">SR 2.5</reference>
          <reference href="https://www.isa.org/products/ansi-isa-62443-3-3-99-03-03-2013-security-for-indu">SR 2.6</reference>
          <reference href="https://www.isa.org/products/ansi-isa-62443-3-3-99-03-03-2013-security-for-indu">SR 2.7</reference>
          <reference href="https://www.isa.org/products/ansi-isa-62443-3-3-99-03-03-2013-security-for-indu">SR 7.6</reference>
          <reference href="https://www.iso.org/contents/data/standard/05/45/54534.html">A.12.1.2</reference>
          <reference href="https://www.iso.org/contents/data/standard/05/45/54534.html">A.12.5.1</reference>
          <reference href="https://www.iso.org/contents/data/standard/05/45/54534.html">A.12.6.2</reference>
          <reference href="https://www.iso.org/contents/data/standard/05/45/54534.html">A.14.2.2</reference>
          <reference href="https://www.iso.org/contents/data/standard/05/45/54534.html">A.14.2.3</reference>
          <reference href="https://www.iso.org/contents/data/standard/05/45/54534.html">A.14.2.4</reference>
          <reference href="https://www.iso.org/contents/data/standard/05/45/54534.html">A.9.1.2</reference>
          <reference href="http://nvlpubs.nist.gov/nistpubs/SpecialPublications/NIST.SP.800-53r4.pdf">CM-7(a)</reference>
          <reference href="http://nvlpubs.nist.gov/nistpubs/SpecialPublications/NIST.SP.800-53r4.pdf">CM-7(b)</reference>
          <reference href="http://nvlpubs.nist.gov/nistpubs/SpecialPublications/NIST.SP.800-53r4.pdf">CM-6(a)</reference>
          <reference href="https://nvlpubs.nist.gov/nistpubs/CSWP/NIST.CSWP.04162018.pdf">PR.IP-1</reference>
          <reference href="https://nvlpubs.nist.gov/nistpubs/CSWP/NIST.CSWP.04162018.pdf">PR.PT-3</reference>
          <reference href="https://www.cisecurity.org/benchmark/ubuntu_linux/">1.1.1.4</reference>
          <rationale xmlns:xhtml="http://www.w3.org/1999/xhtml" xml:lang="en-US">Linux kernel modules which implement filesystems that are not needed by the
local system should be disabled.</rationale>
          <platform idref="#system_with_kernel"/>
          <fix xmlns:xhtml="http://www.w3.org/1999/xhtml" id="kernel_module_hfsplus_disabled" system="urn:xccdf:fix:script:ansible" reboot="true" complexity="low" disruption="medium" strategy="disable">- name: Gather the package facts
  package_facts:
    manager: auto
  tags:
  - NIST-800-171-3.4.6
  - NIST-800-53-CM-6(a)
  - NIST-800-53-CM-7(a)
  - NIST-800-53-CM-7(b)
  - disable_strategy
  - kernel_module_hfsplus_disabled
  - low_complexity
  - low_severity
  - medium_disruption
  - reboot_required

- name: Ensure kernel module 'hfsplus' is disabled
  lineinfile:
    create: true
    dest: /etc/modprobe.d/hfsplus.conf
    regexp: install\s+hfsplus
    line: install hfsplus /bin/false
  when: '"linux-base" in ansible_facts.packages'
  tags:
  - NIST-800-171-3.4.6
  - NIST-800-53-CM-6(a)
  - NIST-800-53-CM-7(a)
  - NIST-800-53-CM-7(b)
  - disable_strategy
  - kernel_module_hfsplus_disabled
  - low_complexity
  - low_severity
  - medium_disruption
  - reboot_required

- name: Ensure kernel module 'hfsplus' is blacklisted
  lineinfile:
    create: true
    dest: /etc/modprobe.d/hfsplus.conf
    regexp: ^blacklist hfsplus$
    line: blacklist hfsplus
  when: '"linux-base" in ansible_facts.packages'
  tags:
  - NIST-800-171-3.4.6
  - NIST-800-53-CM-6(a)
  - NIST-800-53-CM-7(a)
  - NIST-800-53-CM-7(b)
  - disable_strategy
  - kernel_module_hfsplus_disabled
  - low_complexity
  - low_severity
  - medium_disruption
  - reboot_required
</fix>
          <fix xmlns:xhtml="http://www.w3.org/1999/xhtml" id="kernel_module_hfsplus_disabled" system="urn:xccdf:fix:script:sh" reboot="true" complexity="low" disruption="medium" strategy="disable"># Remediation is applicable only in certain platforms
if dpkg-query --show --showformat='${db:Status-Status}
' 'linux-base' 2&gt;/dev/null | grep -q ^installed; then

if LC_ALL=C grep -q -m 1 "^install hfsplus" /etc/modprobe.d/hfsplus.conf ; then
	
	sed -i 's#^install hfsplus.*#install hfsplus /bin/false#g' /etc/modprobe.d/hfsplus.conf
else
	echo -e "\n# Disable per security requirements" &gt;&gt; /etc/modprobe.d/hfsplus.conf
	echo "install hfsplus /bin/false" &gt;&gt; /etc/modprobe.d/hfsplus.conf
fi

if ! LC_ALL=C grep -q -m 1 "^blacklist hfsplus$" /etc/modprobe.d/hfsplus.conf ; then
	echo "blacklist hfsplus" &gt;&gt; /etc/modprobe.d/hfsplus.conf
fi

else
    &gt;&amp;2 echo 'Remediation is not applicable, nothing was done'
fi
</fix>
          <check system="http://oval.mitre.org/XMLSchema/oval-definitions-5">
            <check-content-ref name="oval:ssg-kernel_module_hfsplus_disabled:def:1" href="ssg-ubuntu2404-oval.xml"/>
          </check>
        </Rule>
        <Rule id="xccdf_org.ssgproject.content_rule_kernel_module_jffs2_disabled" selected="false" role="full" severity="low">
          <title xmlns:xhtml="http://www.w3.org/1999/xhtml" xml:lang="en-US">Disable Mounting of jffs2</title>
          <description xmlns:xhtml="http://www.w3.org/1999/xhtml" xml:lang="en-US">
To configure the system to prevent the <html:code xmlns:html="http://www.w3.org/1999/xhtml">jffs2</html:code>
kernel module from being loaded, add the following line to the file <html:code xmlns:html="http://www.w3.org/1999/xhtml">/etc/modprobe.d/jffs2.conf</html:code>:
<html:pre xmlns:html="http://www.w3.org/1999/xhtml">install jffs2 /bin/false</html:pre>

This effectively prevents usage of this uncommon filesystem.</description>
          <reference href="https://www.cisecurity.org/controls/">11</reference>
          <reference href="https://www.cisecurity.org/controls/">14</reference>
          <reference href="https://www.cisecurity.org/controls/">3</reference>
          <reference href="https://www.cisecurity.org/controls/">9</reference>
          <reference href="https://www.isaca.org/resources/cobit">BAI10.01</reference>
          <reference href="https://www.isaca.org/resources/cobit">BAI10.02</reference>
          <reference href="https://www.isaca.org/resources/cobit">BAI10.03</reference>
          <reference href="https://www.isaca.org/resources/cobit">BAI10.05</reference>
          <reference href="https://www.isaca.org/resources/cobit">DSS05.02</reference>
          <reference href="https://www.isaca.org/resources/cobit">DSS05.05</reference>
          <reference href="https://www.isaca.org/resources/cobit">DSS06.06</reference>
          <reference href="http://nvlpubs.nist.gov/nistpubs/SpecialPublications/NIST.SP.800-171.pdf">3.4.6</reference>
          <reference href="https://www.isa.org/products/isa-62443-2-1-2009-security-for-industrial-automat">4.3.3.5.1</reference>
          <reference href="https://www.isa.org/products/isa-62443-2-1-2009-security-for-industrial-automat">4.3.3.5.2</reference>
          <reference href="https://www.isa.org/products/isa-62443-2-1-2009-security-for-industrial-automat">4.3.3.5.3</reference>
          <reference href="https://www.isa.org/products/isa-62443-2-1-2009-security-for-industrial-automat">4.3.3.5.4</reference>
          <reference href="https://www.isa.org/products/isa-62443-2-1-2009-security-for-industrial-automat">4.3.3.5.5</reference>
          <reference href="https://www.isa.org/products/isa-62443-2-1-2009-security-for-industrial-automat">4.3.3.5.6</reference>
          <reference href="https://www.isa.org/products/isa-62443-2-1-2009-security-for-industrial-automat">4.3.3.5.7</reference>
          <reference href="https://www.isa.org/products/isa-62443-2-1-2009-security-for-industrial-automat">4.3.3.5.8</reference>
          <reference href="https://www.isa.org/products/isa-62443-2-1-2009-security-for-industrial-automat">4.3.3.6.1</reference>
          <reference href="https://www.isa.org/products/isa-62443-2-1-2009-security-for-industrial-automat">4.3.3.6.2</reference>
          <reference href="https://www.isa.org/products/isa-62443-2-1-2009-security-for-industrial-automat">4.3.3.6.3</reference>
          <reference href="https://www.isa.org/products/isa-62443-2-1-2009-security-for-industrial-automat">4.3.3.6.4</reference>
          <reference href="https://www.isa.org/products/isa-62443-2-1-2009-security-for-industrial-automat">4.3.3.6.5</reference>
          <reference href="https://www.isa.org/products/isa-62443-2-1-2009-security-for-industrial-automat">4.3.3.6.6</reference>
          <reference href="https://www.isa.org/products/isa-62443-2-1-2009-security-for-industrial-automat">4.3.3.6.7</reference>
          <reference href="https://www.isa.org/products/isa-62443-2-1-2009-security-for-industrial-automat">4.3.3.6.8</reference>
          <reference href="https://www.isa.org/products/isa-62443-2-1-2009-security-for-industrial-automat">4.3.3.6.9</reference>
          <reference href="https://www.isa.org/products/isa-62443-2-1-2009-security-for-industrial-automat">4.3.3.7.1</reference>
          <reference href="https://www.isa.org/products/isa-62443-2-1-2009-security-for-industrial-automat">4.3.3.7.2</reference>
          <reference href="https://www.isa.org/products/isa-62443-2-1-2009-security-for-industrial-automat">4.3.3.7.3</reference>
          <reference href="https://www.isa.org/products/isa-62443-2-1-2009-security-for-industrial-automat">4.3.3.7.4</reference>
          <reference href="https://www.isa.org/products/isa-62443-2-1-2009-security-for-industrial-automat">4.3.4.3.2</reference>
          <reference href="https://www.isa.org/products/isa-62443-2-1-2009-security-for-industrial-automat">4.3.4.3.3</reference>
          <reference href="https://www.isa.org/products/ansi-isa-62443-3-3-99-03-03-2013-security-for-indu">SR 1.1</reference>
          <reference href="https://www.isa.org/products/ansi-isa-62443-3-3-99-03-03-2013-security-for-indu">SR 1.10</reference>
          <reference href="https://www.isa.org/products/ansi-isa-62443-3-3-99-03-03-2013-security-for-indu">SR 1.11</reference>
          <reference href="https://www.isa.org/products/ansi-isa-62443-3-3-99-03-03-2013-security-for-indu">SR 1.12</reference>
          <reference href="https://www.isa.org/products/ansi-isa-62443-3-3-99-03-03-2013-security-for-indu">SR 1.13</reference>
          <reference href="https://www.isa.org/products/ansi-isa-62443-3-3-99-03-03-2013-security-for-indu">SR 1.2</reference>
          <reference href="https://www.isa.org/products/ansi-isa-62443-3-3-99-03-03-2013-security-for-indu">SR 1.3</reference>
          <reference href="https://www.isa.org/products/ansi-isa-62443-3-3-99-03-03-2013-security-for-indu">SR 1.4</reference>
          <reference href="https://www.isa.org/products/ansi-isa-62443-3-3-99-03-03-2013-security-for-indu">SR 1.5</reference>
          <reference href="https://www.isa.org/products/ansi-isa-62443-3-3-99-03-03-2013-security-for-indu">SR 1.6</reference>
          <reference href="https://www.isa.org/products/ansi-isa-62443-3-3-99-03-03-2013-security-for-indu">SR 1.7</reference>
          <reference href="https://www.isa.org/products/ansi-isa-62443-3-3-99-03-03-2013-security-for-indu">SR 1.8</reference>
          <reference href="https://www.isa.org/products/ansi-isa-62443-3-3-99-03-03-2013-security-for-indu">SR 1.9</reference>
          <reference href="https://www.isa.org/products/ansi-isa-62443-3-3-99-03-03-2013-security-for-indu">SR 2.1</reference>
          <reference href="https://www.isa.org/products/ansi-isa-62443-3-3-99-03-03-2013-security-for-indu">SR 2.2</reference>
          <reference href="https://www.isa.org/products/ansi-isa-62443-3-3-99-03-03-2013-security-for-indu">SR 2.3</reference>
          <reference href="https://www.isa.org/products/ansi-isa-62443-3-3-99-03-03-2013-security-for-indu">SR 2.4</reference>
          <reference href="https://www.isa.org/products/ansi-isa-62443-3-3-99-03-03-2013-security-for-indu">SR 2.5</reference>
          <reference href="https://www.isa.org/products/ansi-isa-62443-3-3-99-03-03-2013-security-for-indu">SR 2.6</reference>
          <reference href="https://www.isa.org/products/ansi-isa-62443-3-3-99-03-03-2013-security-for-indu">SR 2.7</reference>
          <reference href="https://www.isa.org/products/ansi-isa-62443-3-3-99-03-03-2013-security-for-indu">SR 7.6</reference>
          <reference href="https://www.iso.org/contents/data/standard/05/45/54534.html">A.12.1.2</reference>
          <reference href="https://www.iso.org/contents/data/standard/05/45/54534.html">A.12.5.1</reference>
          <reference href="https://www.iso.org/contents/data/standard/05/45/54534.html">A.12.6.2</reference>
          <reference href="https://www.iso.org/contents/data/standard/05/45/54534.html">A.14.2.2</reference>
          <reference href="https://www.iso.org/contents/data/standard/05/45/54534.html">A.14.2.3</reference>
          <reference href="https://www.iso.org/contents/data/standard/05/45/54534.html">A.14.2.4</reference>
          <reference href="https://www.iso.org/contents/data/standard/05/45/54534.html">A.9.1.2</reference>
          <reference href="http://nvlpubs.nist.gov/nistpubs/SpecialPublications/NIST.SP.800-53r4.pdf">CM-7(a)</reference>
          <reference href="http://nvlpubs.nist.gov/nistpubs/SpecialPublications/NIST.SP.800-53r4.pdf">CM-7(b)</reference>
          <reference href="http://nvlpubs.nist.gov/nistpubs/SpecialPublications/NIST.SP.800-53r4.pdf">CM-6(a)</reference>
          <reference href="https://nvlpubs.nist.gov/nistpubs/CSWP/NIST.CSWP.04162018.pdf">PR.IP-1</reference>
          <reference href="https://nvlpubs.nist.gov/nistpubs/CSWP/NIST.CSWP.04162018.pdf">PR.PT-3</reference>
          <reference href="https://www.cisecurity.org/benchmark/ubuntu_linux/">1.1.1.5</reference>
          <rationale xmlns:xhtml="http://www.w3.org/1999/xhtml" xml:lang="en-US">Linux kernel modules which implement filesystems that are not needed by the
local system should be disabled.</rationale>
          <platform idref="#system_with_kernel"/>
          <fix xmlns:xhtml="http://www.w3.org/1999/xhtml" id="kernel_module_jffs2_disabled" system="urn:xccdf:fix:script:ansible" reboot="true" complexity="low" disruption="medium" strategy="disable">- name: Gather the package facts
  package_facts:
    manager: auto
  tags:
  - NIST-800-171-3.4.6
  - NIST-800-53-CM-6(a)
  - NIST-800-53-CM-7(a)
  - NIST-800-53-CM-7(b)
  - disable_strategy
  - kernel_module_jffs2_disabled
  - low_complexity
  - low_severity
  - medium_disruption
  - reboot_required

- name: Ensure kernel module 'jffs2' is disabled
  lineinfile:
    create: true
    dest: /etc/modprobe.d/jffs2.conf
    regexp: install\s+jffs2
    line: install jffs2 /bin/false
  when: '"linux-base" in ansible_facts.packages'
  tags:
  - NIST-800-171-3.4.6
  - NIST-800-53-CM-6(a)
  - NIST-800-53-CM-7(a)
  - NIST-800-53-CM-7(b)
  - disable_strategy
  - kernel_module_jffs2_disabled
  - low_complexity
  - low_severity
  - medium_disruption
  - reboot_required

- name: Ensure kernel module 'jffs2' is blacklisted
  lineinfile:
    create: true
    dest: /etc/modprobe.d/jffs2.conf
    regexp: ^blacklist jffs2$
    line: blacklist jffs2
  when: '"linux-base" in ansible_facts.packages'
  tags:
  - NIST-800-171-3.4.6
  - NIST-800-53-CM-6(a)
  - NIST-800-53-CM-7(a)
  - NIST-800-53-CM-7(b)
  - disable_strategy
  - kernel_module_jffs2_disabled
  - low_complexity
  - low_severity
  - medium_disruption
  - reboot_required
</fix>
          <fix xmlns:xhtml="http://www.w3.org/1999/xhtml" id="kernel_module_jffs2_disabled" system="urn:xccdf:fix:script:sh" reboot="true" complexity="low" disruption="medium" strategy="disable"># Remediation is applicable only in certain platforms
if dpkg-query --show --showformat='${db:Status-Status}
' 'linux-base' 2&gt;/dev/null | grep -q ^installed; then

if LC_ALL=C grep -q -m 1 "^install jffs2" /etc/modprobe.d/jffs2.conf ; then
	
	sed -i 's#^install jffs2.*#install jffs2 /bin/false#g' /etc/modprobe.d/jffs2.conf
else
	echo -e "\n# Disable per security requirements" &gt;&gt; /etc/modprobe.d/jffs2.conf
	echo "install jffs2 /bin/false" &gt;&gt; /etc/modprobe.d/jffs2.conf
fi

if ! LC_ALL=C grep -q -m 1 "^blacklist jffs2$" /etc/modprobe.d/jffs2.conf ; then
	echo "blacklist jffs2" &gt;&gt; /etc/modprobe.d/jffs2.conf
fi

else
    &gt;&amp;2 echo 'Remediation is not applicable, nothing was done'
fi
</fix>
          <check system="http://oval.mitre.org/XMLSchema/oval-definitions-5">
            <check-content-ref name="oval:ssg-kernel_module_jffs2_disabled:def:1" href="ssg-ubuntu2404-oval.xml"/>
          </check>
        </Rule>
        <Rule id="xccdf_org.ssgproject.content_rule_kernel_module_overlayfs_disabled" selected="false" role="full" severity="low">
          <title xmlns:xhtml="http://www.w3.org/1999/xhtml" xml:lang="en-US">Ensure overlayfs kernel module is not available</title>
          <description xmlns:xhtml="http://www.w3.org/1999/xhtml" xml:lang="en-US">
To configure the system to prevent the <html:code xmlns:html="http://www.w3.org/1999/xhtml">overlayfs</html:code>
kernel module from being loaded, add the following line to the file <html:code xmlns:html="http://www.w3.org/1999/xhtml">/etc/modprobe.d/overlayfs.conf</html:code>:
<html:pre xmlns:html="http://www.w3.org/1999/xhtml">install overlayfs /bin/false</html:pre>

overlayfs is a Linux filesystem that layers multiple filesystems to create a single
unified view which allows a user to "merge" several mount points into a unified
filesystem.</description>
          <reference href="https://www.cisecurity.org/benchmark/ubuntu_linux/">1.1.1.6</reference>
          <rationale xmlns:xhtml="http://www.w3.org/1999/xhtml" xml:lang="en-US">The overlayfs has known CVE's. Disabling the overlayfs reduces the local attack 
surface by removing support for unnecessary filesystem types and mitigates potential
risks associated with unauthorized execution of setuid files, enhancing the overall
system security.</rationale>
          <platform idref="#system_with_kernel"/>
          <fix xmlns:xhtml="http://www.w3.org/1999/xhtml" id="kernel_module_overlayfs_disabled" system="urn:xccdf:fix:script:ansible" reboot="true" complexity="low" disruption="medium" strategy="disable">- name: Gather the package facts
  package_facts:
    manager: auto
  tags:
  - disable_strategy
  - kernel_module_overlayfs_disabled
  - low_complexity
  - low_severity
  - medium_disruption
  - reboot_required

- name: Ensure kernel module 'overlayfs' is disabled
  lineinfile:
    create: true
    dest: /etc/modprobe.d/overlayfs.conf
    regexp: install\s+overlayfs
    line: install overlayfs /bin/false
  when: '"linux-base" in ansible_facts.packages'
  tags:
  - disable_strategy
  - kernel_module_overlayfs_disabled
  - low_complexity
  - low_severity
  - medium_disruption
  - reboot_required

- name: Ensure kernel module 'overlayfs' is blacklisted
  lineinfile:
    create: true
    dest: /etc/modprobe.d/overlayfs.conf
    regexp: ^blacklist overlayfs$
    line: blacklist overlayfs
  when: '"linux-base" in ansible_facts.packages'
  tags:
  - disable_strategy
  - kernel_module_overlayfs_disabled
  - low_complexity
  - low_severity
  - medium_disruption
  - reboot_required
</fix>
          <fix xmlns:xhtml="http://www.w3.org/1999/xhtml" id="kernel_module_overlayfs_disabled" system="urn:xccdf:fix:script:sh" reboot="true" complexity="low" disruption="medium" strategy="disable"># Remediation is applicable only in certain platforms
if dpkg-query --show --showformat='${db:Status-Status}
' 'linux-base' 2&gt;/dev/null | grep -q ^installed; then

if LC_ALL=C grep -q -m 1 "^install overlayfs" /etc/modprobe.d/overlayfs.conf ; then
	
	sed -i 's#^install overlayfs.*#install overlayfs /bin/false#g' /etc/modprobe.d/overlayfs.conf
else
	echo -e "\n# Disable per security requirements" &gt;&gt; /etc/modprobe.d/overlayfs.conf
	echo "install overlayfs /bin/false" &gt;&gt; /etc/modprobe.d/overlayfs.conf
fi

if ! LC_ALL=C grep -q -m 1 "^blacklist overlayfs$" /etc/modprobe.d/overlayfs.conf ; then
	echo "blacklist overlayfs" &gt;&gt; /etc/modprobe.d/overlayfs.conf
fi

else
    &gt;&amp;2 echo 'Remediation is not applicable, nothing was done'
fi
</fix>
          <check system="http://oval.mitre.org/XMLSchema/oval-definitions-5">
            <check-content-ref name="oval:ssg-kernel_module_overlayfs_disabled:def:1" href="ssg-ubuntu2404-oval.xml"/>
          </check>
        </Rule>
        <Rule id="xccdf_org.ssgproject.content_rule_kernel_module_squashfs_disabled" selected="false" role="full" severity="low">
          <title xmlns:xhtml="http://www.w3.org/1999/xhtml" xml:lang="en-US">Disable Mounting of squashfs</title>
          <description xmlns:xhtml="http://www.w3.org/1999/xhtml" xml:lang="en-US">
To configure the system to prevent the <html:code xmlns:html="http://www.w3.org/1999/xhtml">squashfs</html:code>
kernel module from being loaded, add the following line to the file <html:code xmlns:html="http://www.w3.org/1999/xhtml">/etc/modprobe.d/squashfs.conf</html:code>:
<html:pre xmlns:html="http://www.w3.org/1999/xhtml">install squashfs /bin/false</html:pre>

This effectively prevents usage of this uncommon filesystem.

The <html:code xmlns:html="http://www.w3.org/1999/xhtml">squashfs</html:code> filesystem type is a compressed read-only Linux
filesystem embedded in small footprint systems (similar to
<html:code xmlns:html="http://www.w3.org/1999/xhtml">cramfs</html:code>). A <html:code xmlns:html="http://www.w3.org/1999/xhtml">squashfs</html:code> image can be used without having
to first decompress the image.</description>
          <reference href="https://www.cisecurity.org/controls/">11</reference>
          <reference href="https://www.cisecurity.org/controls/">14</reference>
          <reference href="https://www.cisecurity.org/controls/">3</reference>
          <reference href="https://www.cisecurity.org/controls/">9</reference>
          <reference href="https://www.isaca.org/resources/cobit">BAI10.01</reference>
          <reference href="https://www.isaca.org/resources/cobit">BAI10.02</reference>
          <reference href="https://www.isaca.org/resources/cobit">BAI10.03</reference>
          <reference href="https://www.isaca.org/resources/cobit">BAI10.05</reference>
          <reference href="https://www.isaca.org/resources/cobit">DSS05.02</reference>
          <reference href="https://www.isaca.org/resources/cobit">DSS05.05</reference>
          <reference href="https://www.isaca.org/resources/cobit">DSS06.06</reference>
          <reference href="http://nvlpubs.nist.gov/nistpubs/SpecialPublications/NIST.SP.800-171.pdf">3.4.6</reference>
          <reference href="https://www.isa.org/products/isa-62443-2-1-2009-security-for-industrial-automat">4.3.3.5.1</reference>
          <reference href="https://www.isa.org/products/isa-62443-2-1-2009-security-for-industrial-automat">4.3.3.5.2</reference>
          <reference href="https://www.isa.org/products/isa-62443-2-1-2009-security-for-industrial-automat">4.3.3.5.3</reference>
          <reference href="https://www.isa.org/products/isa-62443-2-1-2009-security-for-industrial-automat">4.3.3.5.4</reference>
          <reference href="https://www.isa.org/products/isa-62443-2-1-2009-security-for-industrial-automat">4.3.3.5.5</reference>
          <reference href="https://www.isa.org/products/isa-62443-2-1-2009-security-for-industrial-automat">4.3.3.5.6</reference>
          <reference href="https://www.isa.org/products/isa-62443-2-1-2009-security-for-industrial-automat">4.3.3.5.7</reference>
          <reference href="https://www.isa.org/products/isa-62443-2-1-2009-security-for-industrial-automat">4.3.3.5.8</reference>
          <reference href="https://www.isa.org/products/isa-62443-2-1-2009-security-for-industrial-automat">4.3.3.6.1</reference>
          <reference href="https://www.isa.org/products/isa-62443-2-1-2009-security-for-industrial-automat">4.3.3.6.2</reference>
          <reference href="https://www.isa.org/products/isa-62443-2-1-2009-security-for-industrial-automat">4.3.3.6.3</reference>
          <reference href="https://www.isa.org/products/isa-62443-2-1-2009-security-for-industrial-automat">4.3.3.6.4</reference>
          <reference href="https://www.isa.org/products/isa-62443-2-1-2009-security-for-industrial-automat">4.3.3.6.5</reference>
          <reference href="https://www.isa.org/products/isa-62443-2-1-2009-security-for-industrial-automat">4.3.3.6.6</reference>
          <reference href="https://www.isa.org/products/isa-62443-2-1-2009-security-for-industrial-automat">4.3.3.6.7</reference>
          <reference href="https://www.isa.org/products/isa-62443-2-1-2009-security-for-industrial-automat">4.3.3.6.8</reference>
          <reference href="https://www.isa.org/products/isa-62443-2-1-2009-security-for-industrial-automat">4.3.3.6.9</reference>
          <reference href="https://www.isa.org/products/isa-62443-2-1-2009-security-for-industrial-automat">4.3.3.7.1</reference>
          <reference href="https://www.isa.org/products/isa-62443-2-1-2009-security-for-industrial-automat">4.3.3.7.2</reference>
          <reference href="https://www.isa.org/products/isa-62443-2-1-2009-security-for-industrial-automat">4.3.3.7.3</reference>
          <reference href="https://www.isa.org/products/isa-62443-2-1-2009-security-for-industrial-automat">4.3.3.7.4</reference>
          <reference href="https://www.isa.org/products/isa-62443-2-1-2009-security-for-industrial-automat">4.3.4.3.2</reference>
          <reference href="https://www.isa.org/products/isa-62443-2-1-2009-security-for-industrial-automat">4.3.4.3.3</reference>
          <reference href="https://www.isa.org/products/ansi-isa-62443-3-3-99-03-03-2013-security-for-indu">SR 1.1</reference>
          <reference href="https://www.isa.org/products/ansi-isa-62443-3-3-99-03-03-2013-security-for-indu">SR 1.10</reference>
          <reference href="https://www.isa.org/products/ansi-isa-62443-3-3-99-03-03-2013-security-for-indu">SR 1.11</reference>
          <reference href="https://www.isa.org/products/ansi-isa-62443-3-3-99-03-03-2013-security-for-indu">SR 1.12</reference>
          <reference href="https://www.isa.org/products/ansi-isa-62443-3-3-99-03-03-2013-security-for-indu">SR 1.13</reference>
          <reference href="https://www.isa.org/products/ansi-isa-62443-3-3-99-03-03-2013-security-for-indu">SR 1.2</reference>
          <reference href="https://www.isa.org/products/ansi-isa-62443-3-3-99-03-03-2013-security-for-indu">SR 1.3</reference>
          <reference href="https://www.isa.org/products/ansi-isa-62443-3-3-99-03-03-2013-security-for-indu">SR 1.4</reference>
          <reference href="https://www.isa.org/products/ansi-isa-62443-3-3-99-03-03-2013-security-for-indu">SR 1.5</reference>
          <reference href="https://www.isa.org/products/ansi-isa-62443-3-3-99-03-03-2013-security-for-indu">SR 1.6</reference>
          <reference href="https://www.isa.org/products/ansi-isa-62443-3-3-99-03-03-2013-security-for-indu">SR 1.7</reference>
          <reference href="https://www.isa.org/products/ansi-isa-62443-3-3-99-03-03-2013-security-for-indu">SR 1.8</reference>
          <reference href="https://www.isa.org/products/ansi-isa-62443-3-3-99-03-03-2013-security-for-indu">SR 1.9</reference>
          <reference href="https://www.isa.org/products/ansi-isa-62443-3-3-99-03-03-2013-security-for-indu">SR 2.1</reference>
          <reference href="https://www.isa.org/products/ansi-isa-62443-3-3-99-03-03-2013-security-for-indu">SR 2.2</reference>
          <reference href="https://www.isa.org/products/ansi-isa-62443-3-3-99-03-03-2013-security-for-indu">SR 2.3</reference>
          <reference href="https://www.isa.org/products/ansi-isa-62443-3-3-99-03-03-2013-security-for-indu">SR 2.4</reference>
          <reference href="https://www.isa.org/products/ansi-isa-62443-3-3-99-03-03-2013-security-for-indu">SR 2.5</reference>
          <reference href="https://www.isa.org/products/ansi-isa-62443-3-3-99-03-03-2013-security-for-indu">SR 2.6</reference>
          <reference href="https://www.isa.org/products/ansi-isa-62443-3-3-99-03-03-2013-security-for-indu">SR 2.7</reference>
          <reference href="https://www.isa.org/products/ansi-isa-62443-3-3-99-03-03-2013-security-for-indu">SR 7.6</reference>
          <reference href="https://www.iso.org/contents/data/standard/05/45/54534.html">A.12.1.2</reference>
          <reference href="https://www.iso.org/contents/data/standard/05/45/54534.html">A.12.5.1</reference>
          <reference href="https://www.iso.org/contents/data/standard/05/45/54534.html">A.12.6.2</reference>
          <reference href="https://www.iso.org/contents/data/standard/05/45/54534.html">A.14.2.2</reference>
          <reference href="https://www.iso.org/contents/data/standard/05/45/54534.html">A.14.2.3</reference>
          <reference href="https://www.iso.org/contents/data/standard/05/45/54534.html">A.14.2.4</reference>
          <reference href="https://www.iso.org/contents/data/standard/05/45/54534.html">A.9.1.2</reference>
          <reference href="http://nvlpubs.nist.gov/nistpubs/SpecialPublications/NIST.SP.800-53r4.pdf">CM-7(a)</reference>
          <reference href="http://nvlpubs.nist.gov/nistpubs/SpecialPublications/NIST.SP.800-53r4.pdf">CM-7(b)</reference>
          <reference href="http://nvlpubs.nist.gov/nistpubs/SpecialPublications/NIST.SP.800-53r4.pdf">CM-6(a)</reference>
          <reference href="https://nvlpubs.nist.gov/nistpubs/CSWP/NIST.CSWP.04162018.pdf">PR.IP-1</reference>
          <reference href="https://nvlpubs.nist.gov/nistpubs/CSWP/NIST.CSWP.04162018.pdf">PR.PT-3</reference>
          <rationale xmlns:xhtml="http://www.w3.org/1999/xhtml" xml:lang="en-US">Removing support for unneeded filesystem types reduces the local attack
surface of the system.</rationale>
          <platform idref="#system_with_kernel"/>
          <fix xmlns:xhtml="http://www.w3.org/1999/xhtml" id="kernel_module_squashfs_disabled" system="urn:xccdf:fix:script:ansible" reboot="true" complexity="low" disruption="medium" strategy="disable">- name: Gather the package facts
  package_facts:
    manager: auto
  tags:
  - NIST-800-171-3.4.6
  - NIST-800-53-CM-6(a)
  - NIST-800-53-CM-7(a)
  - NIST-800-53-CM-7(b)
  - disable_strategy
  - kernel_module_squashfs_disabled
  - low_complexity
  - low_severity
  - medium_disruption
  - reboot_required

- name: Ensure kernel module 'squashfs' is disabled
  lineinfile:
    create: true
    dest: /etc/modprobe.d/squashfs.conf
    regexp: install\s+squashfs
    line: install squashfs /bin/false
  when: '"linux-base" in ansible_facts.packages'
  tags:
  - NIST-800-171-3.4.6
  - NIST-800-53-CM-6(a)
  - NIST-800-53-CM-7(a)
  - NIST-800-53-CM-7(b)
  - disable_strategy
  - kernel_module_squashfs_disabled
  - low_complexity
  - low_severity
  - medium_disruption
  - reboot_required

- name: Ensure kernel module 'squashfs' is blacklisted
  lineinfile:
    create: true
    dest: /etc/modprobe.d/squashfs.conf
    regexp: ^blacklist squashfs$
    line: blacklist squashfs
  when: '"linux-base" in ansible_facts.packages'
  tags:
  - NIST-800-171-3.4.6
  - NIST-800-53-CM-6(a)
  - NIST-800-53-CM-7(a)
  - NIST-800-53-CM-7(b)
  - disable_strategy
  - kernel_module_squashfs_disabled
  - low_complexity
  - low_severity
  - medium_disruption
  - reboot_required
</fix>
          <fix xmlns:xhtml="http://www.w3.org/1999/xhtml" id="kernel_module_squashfs_disabled" system="urn:xccdf:fix:script:sh" reboot="true" complexity="low" disruption="medium" strategy="disable"># Remediation is applicable only in certain platforms
if dpkg-query --show --showformat='${db:Status-Status}
' 'linux-base' 2&gt;/dev/null | grep -q ^installed; then

if LC_ALL=C grep -q -m 1 "^install squashfs" /etc/modprobe.d/squashfs.conf ; then
	
	sed -i 's#^install squashfs.*#install squashfs /bin/false#g' /etc/modprobe.d/squashfs.conf
else
	echo -e "\n# Disable per security requirements" &gt;&gt; /etc/modprobe.d/squashfs.conf
	echo "install squashfs /bin/false" &gt;&gt; /etc/modprobe.d/squashfs.conf
fi

if ! LC_ALL=C grep -q -m 1 "^blacklist squashfs$" /etc/modprobe.d/squashfs.conf ; then
	echo "blacklist squashfs" &gt;&gt; /etc/modprobe.d/squashfs.conf
fi

else
    &gt;&amp;2 echo 'Remediation is not applicable, nothing was done'
fi
</fix>
          <check system="http://oval.mitre.org/XMLSchema/oval-definitions-5">
            <check-content-ref name="oval:ssg-kernel_module_squashfs_disabled:def:1" href="ssg-ubuntu2404-oval.xml"/>
          </check>
        </Rule>
        <Rule id="xccdf_org.ssgproject.content_rule_kernel_module_udf_disabled" selected="false" role="full" severity="low">
          <title xmlns:xhtml="http://www.w3.org/1999/xhtml" xml:lang="en-US">Disable Mounting of udf</title>
          <description xmlns:xhtml="http://www.w3.org/1999/xhtml" xml:lang="en-US">
To configure the system to prevent the <html:code xmlns:html="http://www.w3.org/1999/xhtml">udf</html:code>
kernel module from being loaded, add the following line to the file <html:code xmlns:html="http://www.w3.org/1999/xhtml">/etc/modprobe.d/udf.conf</html:code>:
<html:pre xmlns:html="http://www.w3.org/1999/xhtml">install udf /bin/false</html:pre>

This effectively prevents usage of this uncommon filesystem.

The <html:code xmlns:html="http://www.w3.org/1999/xhtml">udf</html:code> filesystem type is the universal disk format
used to implement the ISO/IEC 13346 and ECMA-167 specifications.
This is an open vendor filesystem type for data storage on a broad
range of media. This filesystem type is neccessary to support
writing DVDs and newer optical disc formats.</description>
          <reference href="https://www.cisecurity.org/controls/">11</reference>
          <reference href="https://www.cisecurity.org/controls/">14</reference>
          <reference href="https://www.cisecurity.org/controls/">3</reference>
          <reference href="https://www.cisecurity.org/controls/">9</reference>
          <reference href="https://www.isaca.org/resources/cobit">BAI10.01</reference>
          <reference href="https://www.isaca.org/resources/cobit">BAI10.02</reference>
          <reference href="https://www.isaca.org/resources/cobit">BAI10.03</reference>
          <reference href="https://www.isaca.org/resources/cobit">BAI10.05</reference>
          <reference href="https://www.isaca.org/resources/cobit">DSS05.02</reference>
          <reference href="https://www.isaca.org/resources/cobit">DSS05.05</reference>
          <reference href="https://www.isaca.org/resources/cobit">DSS06.06</reference>
          <reference href="http://nvlpubs.nist.gov/nistpubs/SpecialPublications/NIST.SP.800-171.pdf">3.4.6</reference>
          <reference href="https://www.isa.org/products/isa-62443-2-1-2009-security-for-industrial-automat">4.3.3.5.1</reference>
          <reference href="https://www.isa.org/products/isa-62443-2-1-2009-security-for-industrial-automat">4.3.3.5.2</reference>
          <reference href="https://www.isa.org/products/isa-62443-2-1-2009-security-for-industrial-automat">4.3.3.5.3</reference>
          <reference href="https://www.isa.org/products/isa-62443-2-1-2009-security-for-industrial-automat">4.3.3.5.4</reference>
          <reference href="https://www.isa.org/products/isa-62443-2-1-2009-security-for-industrial-automat">4.3.3.5.5</reference>
          <reference href="https://www.isa.org/products/isa-62443-2-1-2009-security-for-industrial-automat">4.3.3.5.6</reference>
          <reference href="https://www.isa.org/products/isa-62443-2-1-2009-security-for-industrial-automat">4.3.3.5.7</reference>
          <reference href="https://www.isa.org/products/isa-62443-2-1-2009-security-for-industrial-automat">4.3.3.5.8</reference>
          <reference href="https://www.isa.org/products/isa-62443-2-1-2009-security-for-industrial-automat">4.3.3.6.1</reference>
          <reference href="https://www.isa.org/products/isa-62443-2-1-2009-security-for-industrial-automat">4.3.3.6.2</reference>
          <reference href="https://www.isa.org/products/isa-62443-2-1-2009-security-for-industrial-automat">4.3.3.6.3</reference>
          <reference href="https://www.isa.org/products/isa-62443-2-1-2009-security-for-industrial-automat">4.3.3.6.4</reference>
          <reference href="https://www.isa.org/products/isa-62443-2-1-2009-security-for-industrial-automat">4.3.3.6.5</reference>
          <reference href="https://www.isa.org/products/isa-62443-2-1-2009-security-for-industrial-automat">4.3.3.6.6</reference>
          <reference href="https://www.isa.org/products/isa-62443-2-1-2009-security-for-industrial-automat">4.3.3.6.7</reference>
          <reference href="https://www.isa.org/products/isa-62443-2-1-2009-security-for-industrial-automat">4.3.3.6.8</reference>
          <reference href="https://www.isa.org/products/isa-62443-2-1-2009-security-for-industrial-automat">4.3.3.6.9</reference>
          <reference href="https://www.isa.org/products/isa-62443-2-1-2009-security-for-industrial-automat">4.3.3.7.1</reference>
          <reference href="https://www.isa.org/products/isa-62443-2-1-2009-security-for-industrial-automat">4.3.3.7.2</reference>
          <reference href="https://www.isa.org/products/isa-62443-2-1-2009-security-for-industrial-automat">4.3.3.7.3</reference>
          <reference href="https://www.isa.org/products/isa-62443-2-1-2009-security-for-industrial-automat">4.3.3.7.4</reference>
          <reference href="https://www.isa.org/products/isa-62443-2-1-2009-security-for-industrial-automat">4.3.4.3.2</reference>
          <reference href="https://www.isa.org/products/isa-62443-2-1-2009-security-for-industrial-automat">4.3.4.3.3</reference>
          <reference href="https://www.isa.org/products/ansi-isa-62443-3-3-99-03-03-2013-security-for-indu">SR 1.1</reference>
          <reference href="https://www.isa.org/products/ansi-isa-62443-3-3-99-03-03-2013-security-for-indu">SR 1.10</reference>
          <reference href="https://www.isa.org/products/ansi-isa-62443-3-3-99-03-03-2013-security-for-indu">SR 1.11</reference>
          <reference href="https://www.isa.org/products/ansi-isa-62443-3-3-99-03-03-2013-security-for-indu">SR 1.12</reference>
          <reference href="https://www.isa.org/products/ansi-isa-62443-3-3-99-03-03-2013-security-for-indu">SR 1.13</reference>
          <reference href="https://www.isa.org/products/ansi-isa-62443-3-3-99-03-03-2013-security-for-indu">SR 1.2</reference>
          <reference href="https://www.isa.org/products/ansi-isa-62443-3-3-99-03-03-2013-security-for-indu">SR 1.3</reference>
          <reference href="https://www.isa.org/products/ansi-isa-62443-3-3-99-03-03-2013-security-for-indu">SR 1.4</reference>
          <reference href="https://www.isa.org/products/ansi-isa-62443-3-3-99-03-03-2013-security-for-indu">SR 1.5</reference>
          <reference href="https://www.isa.org/products/ansi-isa-62443-3-3-99-03-03-2013-security-for-indu">SR 1.6</reference>
          <reference href="https://www.isa.org/products/ansi-isa-62443-3-3-99-03-03-2013-security-for-indu">SR 1.7</reference>
          <reference href="https://www.isa.org/products/ansi-isa-62443-3-3-99-03-03-2013-security-for-indu">SR 1.8</reference>
          <reference href="https://www.isa.org/products/ansi-isa-62443-3-3-99-03-03-2013-security-for-indu">SR 1.9</reference>
          <reference href="https://www.isa.org/products/ansi-isa-62443-3-3-99-03-03-2013-security-for-indu">SR 2.1</reference>
          <reference href="https://www.isa.org/products/ansi-isa-62443-3-3-99-03-03-2013-security-for-indu">SR 2.2</reference>
          <reference href="https://www.isa.org/products/ansi-isa-62443-3-3-99-03-03-2013-security-for-indu">SR 2.3</reference>
          <reference href="https://www.isa.org/products/ansi-isa-62443-3-3-99-03-03-2013-security-for-indu">SR 2.4</reference>
          <reference href="https://www.isa.org/products/ansi-isa-62443-3-3-99-03-03-2013-security-for-indu">SR 2.5</reference>
          <reference href="https://www.isa.org/products/ansi-isa-62443-3-3-99-03-03-2013-security-for-indu">SR 2.6</reference>
          <reference href="https://www.isa.org/products/ansi-isa-62443-3-3-99-03-03-2013-security-for-indu">SR 2.7</reference>
          <reference href="https://www.isa.org/products/ansi-isa-62443-3-3-99-03-03-2013-security-for-indu">SR 7.6</reference>
          <reference href="https://www.iso.org/contents/data/standard/05/45/54534.html">A.12.1.2</reference>
          <reference href="https://www.iso.org/contents/data/standard/05/45/54534.html">A.12.5.1</reference>
          <reference href="https://www.iso.org/contents/data/standard/05/45/54534.html">A.12.6.2</reference>
          <reference href="https://www.iso.org/contents/data/standard/05/45/54534.html">A.14.2.2</reference>
          <reference href="https://www.iso.org/contents/data/standard/05/45/54534.html">A.14.2.3</reference>
          <reference href="https://www.iso.org/contents/data/standard/05/45/54534.html">A.14.2.4</reference>
          <reference href="https://www.iso.org/contents/data/standard/05/45/54534.html">A.9.1.2</reference>
          <reference href="http://nvlpubs.nist.gov/nistpubs/SpecialPublications/NIST.SP.800-53r4.pdf">CM-7(a)</reference>
          <reference href="http://nvlpubs.nist.gov/nistpubs/SpecialPublications/NIST.SP.800-53r4.pdf">CM-7(b)</reference>
          <reference href="http://nvlpubs.nist.gov/nistpubs/SpecialPublications/NIST.SP.800-53r4.pdf">CM-6(a)</reference>
          <reference href="https://nvlpubs.nist.gov/nistpubs/CSWP/NIST.CSWP.04162018.pdf">PR.IP-1</reference>
          <reference href="https://nvlpubs.nist.gov/nistpubs/CSWP/NIST.CSWP.04162018.pdf">PR.PT-3</reference>
          <reference href="https://www.cisecurity.org/benchmark/ubuntu_linux/">1.1.1.8</reference>
          <rationale xmlns:xhtml="http://www.w3.org/1999/xhtml" xml:lang="en-US">Removing support for unneeded filesystem types reduces the local
attack surface of the system.</rationale>
          <platform idref="#system_with_kernel"/>
          <fix xmlns:xhtml="http://www.w3.org/1999/xhtml" id="kernel_module_udf_disabled" system="urn:xccdf:fix:script:ansible" reboot="true" complexity="low" disruption="medium" strategy="disable">- name: Gather the package facts
  package_facts:
    manager: auto
  tags:
  - NIST-800-171-3.4.6
  - NIST-800-53-CM-6(a)
  - NIST-800-53-CM-7(a)
  - NIST-800-53-CM-7(b)
  - disable_strategy
  - kernel_module_udf_disabled
  - low_complexity
  - low_severity
  - medium_disruption
  - reboot_required

- name: Ensure kernel module 'udf' is disabled
  lineinfile:
    create: true
    dest: /etc/modprobe.d/udf.conf
    regexp: install\s+udf
    line: install udf /bin/false
  when: '"linux-base" in ansible_facts.packages'
  tags:
  - NIST-800-171-3.4.6
  - NIST-800-53-CM-6(a)
  - NIST-800-53-CM-7(a)
  - NIST-800-53-CM-7(b)
  - disable_strategy
  - kernel_module_udf_disabled
  - low_complexity
  - low_severity
  - medium_disruption
  - reboot_required

- name: Ensure kernel module 'udf' is blacklisted
  lineinfile:
    create: true
    dest: /etc/modprobe.d/udf.conf
    regexp: ^blacklist udf$
    line: blacklist udf
  when: '"linux-base" in ansible_facts.packages'
  tags:
  - NIST-800-171-3.4.6
  - NIST-800-53-CM-6(a)
  - NIST-800-53-CM-7(a)
  - NIST-800-53-CM-7(b)
  - disable_strategy
  - kernel_module_udf_disabled
  - low_complexity
  - low_severity
  - medium_disruption
  - reboot_required
</fix>
          <fix xmlns:xhtml="http://www.w3.org/1999/xhtml" id="kernel_module_udf_disabled" system="urn:xccdf:fix:script:sh" reboot="true" complexity="low" disruption="medium" strategy="disable"># Remediation is applicable only in certain platforms
if dpkg-query --show --showformat='${db:Status-Status}
' 'linux-base' 2&gt;/dev/null | grep -q ^installed; then

if LC_ALL=C grep -q -m 1 "^install udf" /etc/modprobe.d/udf.conf ; then
	
	sed -i 's#^install udf.*#install udf /bin/false#g' /etc/modprobe.d/udf.conf
else
	echo -e "\n# Disable per security requirements" &gt;&gt; /etc/modprobe.d/udf.conf
	echo "install udf /bin/false" &gt;&gt; /etc/modprobe.d/udf.conf
fi

if ! LC_ALL=C grep -q -m 1 "^blacklist udf$" /etc/modprobe.d/udf.conf ; then
	echo "blacklist udf" &gt;&gt; /etc/modprobe.d/udf.conf
fi

else
    &gt;&amp;2 echo 'Remediation is not applicable, nothing was done'
fi
</fix>
          <check system="http://oval.mitre.org/XMLSchema/oval-definitions-5">
            <check-content-ref name="oval:ssg-kernel_module_udf_disabled:def:1" href="ssg-ubuntu2404-oval.xml"/>
          </check>
        </Rule>
        <Rule id="xccdf_org.ssgproject.content_rule_kernel_module_usb-storage_disabled" selected="false" role="full" severity="medium">
          <title xmlns:xhtml="http://www.w3.org/1999/xhtml" xml:lang="en-US">Disable Modprobe Loading of USB Storage Driver</title>
          <description xmlns:xhtml="http://www.w3.org/1999/xhtml" xml:lang="en-US">To prevent USB storage devices from being used, configure the kernel module loading system
to prevent automatic loading of the USB storage driver.

To configure the system to prevent the <html:code xmlns:html="http://www.w3.org/1999/xhtml">usb-storage</html:code>
kernel module from being loaded, add the following line to the file <html:code xmlns:html="http://www.w3.org/1999/xhtml">/etc/modprobe.d/usb-storage.conf</html:code>:
<html:pre xmlns:html="http://www.w3.org/1999/xhtml">install usb-storage /bin/false</html:pre>

This will prevent the <html:code xmlns:html="http://www.w3.org/1999/xhtml">modprobe</html:code> program from loading the <html:code xmlns:html="http://www.w3.org/1999/xhtml">usb-storage</html:code>
module, but will not prevent an administrator (or another program) from using the
<html:code xmlns:html="http://www.w3.org/1999/xhtml">insmod</html:code> program to load the module manually.</description>
          <reference href="https://www.cisecurity.org/controls/">1</reference>
          <reference href="https://www.cisecurity.org/controls/">12</reference>
          <reference href="https://www.cisecurity.org/controls/">15</reference>
          <reference href="https://www.cisecurity.org/controls/">16</reference>
          <reference href="https://www.cisecurity.org/controls/">5</reference>
          <reference href="https://www.isaca.org/resources/cobit">APO13.01</reference>
          <reference href="https://www.isaca.org/resources/cobit">DSS01.04</reference>
          <reference href="https://www.isaca.org/resources/cobit">DSS05.03</reference>
          <reference href="https://www.isaca.org/resources/cobit">DSS05.04</reference>
          <reference href="https://www.isaca.org/resources/cobit">DSS05.05</reference>
          <reference href="https://www.isaca.org/resources/cobit">DSS05.07</reference>
          <reference href="https://www.isaca.org/resources/cobit">DSS05.10</reference>
          <reference href="https://www.isaca.org/resources/cobit">DSS06.03</reference>
          <reference href="https://www.isaca.org/resources/cobit">DSS06.10</reference>
          <reference href="http://nvlpubs.nist.gov/nistpubs/SpecialPublications/NIST.SP.800-171.pdf">3.1.21</reference>
          <reference href="https://public.cyber.mil/stigs/cci/">CCI-000778</reference>
          <reference href="https://public.cyber.mil/stigs/cci/">CCI-001958</reference>
          <reference href="https://public.cyber.mil/stigs/cci/">CCI-003959</reference>
          <reference href="https://www.gpo.gov/fdsys/pkg/CFR-2007-title45-vol1/pdf/CFR-2007-title45-vol1-chapA-subchapC.pdf">164.308(a)(3)(i)</reference>
          <reference href="https://www.gpo.gov/fdsys/pkg/CFR-2007-title45-vol1/pdf/CFR-2007-title45-vol1-chapA-subchapC.pdf">164.308(a)(3)(ii)(A)</reference>
          <reference href="https://www.gpo.gov/fdsys/pkg/CFR-2007-title45-vol1/pdf/CFR-2007-title45-vol1-chapA-subchapC.pdf">164.310(d)(1)</reference>
          <reference href="https://www.gpo.gov/fdsys/pkg/CFR-2007-title45-vol1/pdf/CFR-2007-title45-vol1-chapA-subchapC.pdf">164.310(d)(2)</reference>
          <reference href="https://www.gpo.gov/fdsys/pkg/CFR-2007-title45-vol1/pdf/CFR-2007-title45-vol1-chapA-subchapC.pdf">164.312(a)(1)</reference>
          <reference href="https://www.gpo.gov/fdsys/pkg/CFR-2007-title45-vol1/pdf/CFR-2007-title45-vol1-chapA-subchapC.pdf">164.312(a)(2)(iv)</reference>
          <reference href="https://www.gpo.gov/fdsys/pkg/CFR-2007-title45-vol1/pdf/CFR-2007-title45-vol1-chapA-subchapC.pdf">164.312(b)</reference>
          <reference href="https://www.isa.org/products/isa-62443-2-1-2009-security-for-industrial-automat">4.3.3.2.2</reference>
          <reference href="https://www.isa.org/products/isa-62443-2-1-2009-security-for-industrial-automat">4.3.3.5.1</reference>
          <reference href="https://www.isa.org/products/isa-62443-2-1-2009-security-for-industrial-automat">4.3.3.5.2</reference>
          <reference href="https://www.isa.org/products/isa-62443-2-1-2009-security-for-industrial-automat">4.3.3.6.1</reference>
          <reference href="https://www.isa.org/products/isa-62443-2-1-2009-security-for-industrial-automat">4.3.3.6.2</reference>
          <reference href="https://www.isa.org/products/isa-62443-2-1-2009-security-for-industrial-automat">4.3.3.6.3</reference>
          <reference href="https://www.isa.org/products/isa-62443-2-1-2009-security-for-industrial-automat">4.3.3.6.4</reference>
          <reference href="https://www.isa.org/products/isa-62443-2-1-2009-security-for-industrial-automat">4.3.3.6.5</reference>
          <reference href="https://www.isa.org/products/isa-62443-2-1-2009-security-for-industrial-automat">4.3.3.6.6</reference>
          <reference href="https://www.isa.org/products/isa-62443-2-1-2009-security-for-industrial-automat">4.3.3.6.7</reference>
          <reference href="https://www.isa.org/products/isa-62443-2-1-2009-security-for-industrial-automat">4.3.3.6.8</reference>
          <reference href="https://www.isa.org/products/isa-62443-2-1-2009-security-for-industrial-automat">4.3.3.6.9</reference>
          <reference href="https://www.isa.org/products/isa-62443-2-1-2009-security-for-industrial-automat">4.3.3.7.2</reference>
          <reference href="https://www.isa.org/products/isa-62443-2-1-2009-security-for-industrial-automat">4.3.3.7.4</reference>
          <reference href="https://www.isa.org/products/ansi-isa-62443-3-3-99-03-03-2013-security-for-indu">SR 1.1</reference>
          <reference href="https://www.isa.org/products/ansi-isa-62443-3-3-99-03-03-2013-security-for-indu">SR 1.10</reference>
          <reference href="https://www.isa.org/products/ansi-isa-62443-3-3-99-03-03-2013-security-for-indu">SR 1.13</reference>
          <reference href="https://www.isa.org/products/ansi-isa-62443-3-3-99-03-03-2013-security-for-indu">SR 1.2</reference>
          <reference href="https://www.isa.org/products/ansi-isa-62443-3-3-99-03-03-2013-security-for-indu">SR 1.3</reference>
          <reference href="https://www.isa.org/products/ansi-isa-62443-3-3-99-03-03-2013-security-for-indu">SR 1.4</reference>
          <reference href="https://www.isa.org/products/ansi-isa-62443-3-3-99-03-03-2013-security-for-indu">SR 1.5</reference>
          <reference href="https://www.isa.org/products/ansi-isa-62443-3-3-99-03-03-2013-security-for-indu">SR 1.7</reference>
          <reference href="https://www.isa.org/products/ansi-isa-62443-3-3-99-03-03-2013-security-for-indu">SR 1.8</reference>
          <reference href="https://www.isa.org/products/ansi-isa-62443-3-3-99-03-03-2013-security-for-indu">SR 1.9</reference>
          <reference href="https://www.isa.org/products/ansi-isa-62443-3-3-99-03-03-2013-security-for-indu">SR 2.1</reference>
          <reference href="https://www.isa.org/products/ansi-isa-62443-3-3-99-03-03-2013-security-for-indu">SR 2.6</reference>
          <reference href="https://www.iso.org/contents/data/standard/05/45/54534.html">A.11.2.6</reference>
          <reference href="https://www.iso.org/contents/data/standard/05/45/54534.html">A.13.1.1</reference>
          <reference href="https://www.iso.org/contents/data/standard/05/45/54534.html">A.13.2.1</reference>
          <reference href="https://www.iso.org/contents/data/standard/05/45/54534.html">A.18.1.4</reference>
          <reference href="https://www.iso.org/contents/data/standard/05/45/54534.html">A.6.2.1</reference>
          <reference href="https://www.iso.org/contents/data/standard/05/45/54534.html">A.6.2.2</reference>
          <reference href="https://www.iso.org/contents/data/standard/05/45/54534.html">A.7.1.1</reference>
          <reference href="https://www.iso.org/contents/data/standard/05/45/54534.html">A.9.2.1</reference>
          <reference href="https://www.iso.org/contents/data/standard/05/45/54534.html">A.9.2.2</reference>
          <reference href="https://www.iso.org/contents/data/standard/05/45/54534.html">A.9.2.3</reference>
          <reference href="https://www.iso.org/contents/data/standard/05/45/54534.html">A.9.2.4</reference>
          <reference href="https://www.iso.org/contents/data/standard/05/45/54534.html">A.9.2.6</reference>
          <reference href="https://www.iso.org/contents/data/standard/05/45/54534.html">A.9.3.1</reference>
          <reference href="https://www.iso.org/contents/data/standard/05/45/54534.html">A.9.4.2</reference>
          <reference href="https://www.iso.org/contents/data/standard/05/45/54534.html">A.9.4.3</reference>
          <reference href="http://nvlpubs.nist.gov/nistpubs/SpecialPublications/NIST.SP.800-53r4.pdf">CM-7(a)</reference>
          <reference href="http://nvlpubs.nist.gov/nistpubs/SpecialPublications/NIST.SP.800-53r4.pdf">CM-7(b)</reference>
          <reference href="http://nvlpubs.nist.gov/nistpubs/SpecialPublications/NIST.SP.800-53r4.pdf">CM-6(a)</reference>
          <reference href="http://nvlpubs.nist.gov/nistpubs/SpecialPublications/NIST.SP.800-53r4.pdf">MP-7</reference>
          <reference href="https://nvlpubs.nist.gov/nistpubs/CSWP/NIST.CSWP.04162018.pdf">PR.AC-1</reference>
          <reference href="https://nvlpubs.nist.gov/nistpubs/CSWP/NIST.CSWP.04162018.pdf">PR.AC-3</reference>
          <reference href="https://nvlpubs.nist.gov/nistpubs/CSWP/NIST.CSWP.04162018.pdf">PR.AC-6</reference>
          <reference href="https://nvlpubs.nist.gov/nistpubs/CSWP/NIST.CSWP.04162018.pdf">PR.AC-7</reference>
          <reference href="https://public.cyber.mil/stigs/downloads/?_dl_facet_stigs=operating-systems%2Cgeneral-purpose-os">SRG-OS-000114-GPOS-00059</reference>
          <reference href="https://public.cyber.mil/stigs/downloads/?_dl_facet_stigs=operating-systems%2Cgeneral-purpose-os">SRG-OS-000378-GPOS-00163</reference>
          <reference href="https://public.cyber.mil/stigs/downloads/?_dl_facet_stigs=operating-systems%2Cgeneral-purpose-os">SRG-OS-000480-GPOS-00227</reference>
          <reference href="https://public.cyber.mil/stigs/downloads/?_dl_facet_stigs=container-platform">SRG-APP-000141-CTR-000315</reference>
          <reference href="https://www.cisecurity.org/benchmark/ubuntu_linux/">1.1.1.9</reference>
          <reference href="https://docs-prv.pcisecuritystandards.org/PCI%20DSS/Standard/PCI-DSS-v4_0.pdf">3.4.2</reference>
          <reference href="https://docs-prv.pcisecuritystandards.org/PCI%20DSS/Standard/PCI-DSS-v4_0.pdf">3.4</reference>
          <rationale xmlns:xhtml="http://www.w3.org/1999/xhtml" xml:lang="en-US">USB storage devices such as thumb drives can be used to introduce
malicious software.</rationale>
          <platform idref="#system_with_kernel"/>
          <fix xmlns:xhtml="http://www.w3.org/1999/xhtml" id="kernel_module_usb-storage_disabled" system="urn:xccdf:fix:script:ansible" reboot="true" complexity="low" disruption="medium" strategy="disable">- name: Gather the package facts
  package_facts:
    manager: auto
  tags:
  - NIST-800-171-3.1.21
  - NIST-800-53-CM-6(a)
  - NIST-800-53-CM-7(a)
  - NIST-800-53-CM-7(b)
  - NIST-800-53-MP-7
  - PCI-DSSv4-3.4
  - PCI-DSSv4-3.4.2
  - disable_strategy
  - kernel_module_usb-storage_disabled
  - low_complexity
  - medium_disruption
  - medium_severity
  - reboot_required

- name: Ensure kernel module 'usb-storage' is disabled
  lineinfile:
    create: true
    dest: /etc/modprobe.d/usb-storage.conf
    regexp: install\s+usb-storage
    line: install usb-storage /bin/false
  when: '"linux-base" in ansible_facts.packages'
  tags:
  - NIST-800-171-3.1.21
  - NIST-800-53-CM-6(a)
  - NIST-800-53-CM-7(a)
  - NIST-800-53-CM-7(b)
  - NIST-800-53-MP-7
  - PCI-DSSv4-3.4
  - PCI-DSSv4-3.4.2
  - disable_strategy
  - kernel_module_usb-storage_disabled
  - low_complexity
  - medium_disruption
  - medium_severity
  - reboot_required

- name: Ensure kernel module 'usb-storage' is blacklisted
  lineinfile:
    create: true
    dest: /etc/modprobe.d/usb-storage.conf
    regexp: ^blacklist usb-storage$
    line: blacklist usb-storage
  when: '"linux-base" in ansible_facts.packages'
  tags:
  - NIST-800-171-3.1.21
  - NIST-800-53-CM-6(a)
  - NIST-800-53-CM-7(a)
  - NIST-800-53-CM-7(b)
  - NIST-800-53-MP-7
  - PCI-DSSv4-3.4
  - PCI-DSSv4-3.4.2
  - disable_strategy
  - kernel_module_usb-storage_disabled
  - low_complexity
  - medium_disruption
  - medium_severity
  - reboot_required
</fix>
          <fix xmlns:xhtml="http://www.w3.org/1999/xhtml" id="kernel_module_usb-storage_disabled" system="urn:xccdf:fix:script:sh" reboot="true" complexity="low" disruption="medium" strategy="disable"># Remediation is applicable only in certain platforms
if dpkg-query --show --showformat='${db:Status-Status}
' 'linux-base' 2&gt;/dev/null | grep -q ^installed; then

if LC_ALL=C grep -q -m 1 "^install usb-storage" /etc/modprobe.d/usb-storage.conf ; then
	
	sed -i 's#^install usb-storage.*#install usb-storage /bin/false#g' /etc/modprobe.d/usb-storage.conf
else
	echo -e "\n# Disable per security requirements" &gt;&gt; /etc/modprobe.d/usb-storage.conf
	echo "install usb-storage /bin/false" &gt;&gt; /etc/modprobe.d/usb-storage.conf
fi

if ! LC_ALL=C grep -q -m 1 "^blacklist usb-storage$" /etc/modprobe.d/usb-storage.conf ; then
	echo "blacklist usb-storage" &gt;&gt; /etc/modprobe.d/usb-storage.conf
fi

else
    &gt;&amp;2 echo 'Remediation is not applicable, nothing was done'
fi
</fix>
          <check system="http://oval.mitre.org/XMLSchema/oval-definitions-5">
            <check-content-ref name="oval:ssg-kernel_module_usb-storage_disabled:def:1" href="ssg-ubuntu2404-oval.xml"/>
          </check>
          <check system="http://scap.nist.gov/schema/ocil/2">
            <check-content-ref name="ocil:ssg-kernel_module_usb-storage_disabled_ocil:questionnaire:1" href="ssg-ubuntu2404-ocil.xml"/>
          </check>
        </Rule>
      </Group>
      <Group id="xccdf_org.ssgproject.content_group_partitions">
        <title xmlns:xhtml="http://www.w3.org/1999/xhtml" xml:lang="en-US">Restrict Partition Mount Options</title>
        <description xmlns:xhtml="http://www.w3.org/1999/xhtml" xml:lang="en-US">System partitions can be mounted with certain options
that limit what files on those partitions can do. These options
are set in the <html:code xmlns:html="http://www.w3.org/1999/xhtml">/etc/fstab</html:code> configuration file, and can be
used to make certain types of malicious behavior more difficult.</description>
        <platform idref="#not_container"/>
        <Rule id="xccdf_org.ssgproject.content_rule_mount_option_dev_shm_nodev" selected="false" role="full" severity="medium">
          <title xmlns:xhtml="http://www.w3.org/1999/xhtml" xml:lang="en-US">Add nodev Option to /dev/shm</title>
          <description xmlns:xhtml="http://www.w3.org/1999/xhtml" xml:lang="en-US">The <html:code xmlns:html="http://www.w3.org/1999/xhtml">nodev</html:code> mount option can be used to prevent creation of device
files in <html:code xmlns:html="http://www.w3.org/1999/xhtml">/dev/shm</html:code>. Legitimate character and block devices should
not exist within temporary directories like <html:code xmlns:html="http://www.w3.org/1999/xhtml">/dev/shm</html:code>.
Add the <html:code xmlns:html="http://www.w3.org/1999/xhtml">nodev</html:code> option to the fourth column of
<html:code xmlns:html="http://www.w3.org/1999/xhtml">/etc/fstab</html:code> for the line which controls mounting of
<html:code xmlns:html="http://www.w3.org/1999/xhtml">/dev/shm</html:code>.</description>
          <reference href="https://www.cisecurity.org/controls/">11</reference>
          <reference href="https://www.cisecurity.org/controls/">13</reference>
          <reference href="https://www.cisecurity.org/controls/">14</reference>
          <reference href="https://www.cisecurity.org/controls/">3</reference>
          <reference href="https://www.cisecurity.org/controls/">8</reference>
          <reference href="https://www.cisecurity.org/controls/">9</reference>
          <reference href="https://www.isaca.org/resources/cobit">APO13.01</reference>
          <reference href="https://www.isaca.org/resources/cobit">BAI10.01</reference>
          <reference href="https://www.isaca.org/resources/cobit">BAI10.02</reference>
          <reference href="https://www.isaca.org/resources/cobit">BAI10.03</reference>
          <reference href="https://www.isaca.org/resources/cobit">BAI10.05</reference>
          <reference href="https://www.isaca.org/resources/cobit">DSS05.02</reference>
          <reference href="https://www.isaca.org/resources/cobit">DSS05.05</reference>
          <reference href="https://www.isaca.org/resources/cobit">DSS05.06</reference>
          <reference href="https://www.isaca.org/resources/cobit">DSS06.06</reference>
          <reference href="https://public.cyber.mil/stigs/cci/">CCI-001764</reference>
          <reference href="https://www.isa.org/products/isa-62443-2-1-2009-security-for-industrial-automat">4.3.3.5.1</reference>
          <reference href="https://www.isa.org/products/isa-62443-2-1-2009-security-for-industrial-automat">4.3.3.5.2</reference>
          <reference href="https://www.isa.org/products/isa-62443-2-1-2009-security-for-industrial-automat">4.3.3.5.3</reference>
          <reference href="https://www.isa.org/products/isa-62443-2-1-2009-security-for-industrial-automat">4.3.3.5.4</reference>
          <reference href="https://www.isa.org/products/isa-62443-2-1-2009-security-for-industrial-automat">4.3.3.5.5</reference>
          <reference href="https://www.isa.org/products/isa-62443-2-1-2009-security-for-industrial-automat">4.3.3.5.6</reference>
          <reference href="https://www.isa.org/products/isa-62443-2-1-2009-security-for-industrial-automat">4.3.3.5.7</reference>
          <reference href="https://www.isa.org/products/isa-62443-2-1-2009-security-for-industrial-automat">4.3.3.5.8</reference>
          <reference href="https://www.isa.org/products/isa-62443-2-1-2009-security-for-industrial-automat">4.3.3.6.1</reference>
          <reference href="https://www.isa.org/products/isa-62443-2-1-2009-security-for-industrial-automat">4.3.3.6.2</reference>
          <reference href="https://www.isa.org/products/isa-62443-2-1-2009-security-for-industrial-automat">4.3.3.6.3</reference>
          <reference href="https://www.isa.org/products/isa-62443-2-1-2009-security-for-industrial-automat">4.3.3.6.4</reference>
          <reference href="https://www.isa.org/products/isa-62443-2-1-2009-security-for-industrial-automat">4.3.3.6.5</reference>
          <reference href="https://www.isa.org/products/isa-62443-2-1-2009-security-for-industrial-automat">4.3.3.6.6</reference>
          <reference href="https://www.isa.org/products/isa-62443-2-1-2009-security-for-industrial-automat">4.3.3.6.7</reference>
          <reference href="https://www.isa.org/products/isa-62443-2-1-2009-security-for-industrial-automat">4.3.3.6.8</reference>
          <reference href="https://www.isa.org/products/isa-62443-2-1-2009-security-for-industrial-automat">4.3.3.6.9</reference>
          <reference href="https://www.isa.org/products/isa-62443-2-1-2009-security-for-industrial-automat">4.3.3.7.1</reference>
          <reference href="https://www.isa.org/products/isa-62443-2-1-2009-security-for-industrial-automat">4.3.3.7.2</reference>
          <reference href="https://www.isa.org/products/isa-62443-2-1-2009-security-for-industrial-automat">4.3.3.7.3</reference>
          <reference href="https://www.isa.org/products/isa-62443-2-1-2009-security-for-industrial-automat">4.3.3.7.4</reference>
          <reference href="https://www.isa.org/products/isa-62443-2-1-2009-security-for-industrial-automat">4.3.4.3.2</reference>
          <reference href="https://www.isa.org/products/isa-62443-2-1-2009-security-for-industrial-automat">4.3.4.3.3</reference>
          <reference href="https://www.isa.org/products/ansi-isa-62443-3-3-99-03-03-2013-security-for-indu">SR 1.1</reference>
          <reference href="https://www.isa.org/products/ansi-isa-62443-3-3-99-03-03-2013-security-for-indu">SR 1.10</reference>
          <reference href="https://www.isa.org/products/ansi-isa-62443-3-3-99-03-03-2013-security-for-indu">SR 1.11</reference>
          <reference href="https://www.isa.org/products/ansi-isa-62443-3-3-99-03-03-2013-security-for-indu">SR 1.12</reference>
          <reference href="https://www.isa.org/products/ansi-isa-62443-3-3-99-03-03-2013-security-for-indu">SR 1.13</reference>
          <reference href="https://www.isa.org/products/ansi-isa-62443-3-3-99-03-03-2013-security-for-indu">SR 1.2</reference>
          <reference href="https://www.isa.org/products/ansi-isa-62443-3-3-99-03-03-2013-security-for-indu">SR 1.3</reference>
          <reference href="https://www.isa.org/products/ansi-isa-62443-3-3-99-03-03-2013-security-for-indu">SR 1.4</reference>
          <reference href="https://www.isa.org/products/ansi-isa-62443-3-3-99-03-03-2013-security-for-indu">SR 1.5</reference>
          <reference href="https://www.isa.org/products/ansi-isa-62443-3-3-99-03-03-2013-security-for-indu">SR 1.6</reference>
          <reference href="https://www.isa.org/products/ansi-isa-62443-3-3-99-03-03-2013-security-for-indu">SR 1.7</reference>
          <reference href="https://www.isa.org/products/ansi-isa-62443-3-3-99-03-03-2013-security-for-indu">SR 1.8</reference>
          <reference href="https://www.isa.org/products/ansi-isa-62443-3-3-99-03-03-2013-security-for-indu">SR 1.9</reference>
          <reference href="https://www.isa.org/products/ansi-isa-62443-3-3-99-03-03-2013-security-for-indu">SR 2.1</reference>
          <reference href="https://www.isa.org/products/ansi-isa-62443-3-3-99-03-03-2013-security-for-indu">SR 2.2</reference>
          <reference href="https://www.isa.org/products/ansi-isa-62443-3-3-99-03-03-2013-security-for-indu">SR 2.3</reference>
          <reference href="https://www.isa.org/products/ansi-isa-62443-3-3-99-03-03-2013-security-for-indu">SR 2.4</reference>
          <reference href="https://www.isa.org/products/ansi-isa-62443-3-3-99-03-03-2013-security-for-indu">SR 2.5</reference>
          <reference href="https://www.isa.org/products/ansi-isa-62443-3-3-99-03-03-2013-security-for-indu">SR 2.6</reference>
          <reference href="https://www.isa.org/products/ansi-isa-62443-3-3-99-03-03-2013-security-for-indu">SR 2.7</reference>
          <reference href="https://www.isa.org/products/ansi-isa-62443-3-3-99-03-03-2013-security-for-indu">SR 7.6</reference>
          <reference href="https://www.iso.org/contents/data/standard/05/45/54534.html">A.11.2.9</reference>
          <reference href="https://www.iso.org/contents/data/standard/05/45/54534.html">A.12.1.2</reference>
          <reference href="https://www.iso.org/contents/data/standard/05/45/54534.html">A.12.5.1</reference>
          <reference href="https://www.iso.org/contents/data/standard/05/45/54534.html">A.12.6.2</reference>
          <reference href="https://www.iso.org/contents/data/standard/05/45/54534.html">A.14.2.2</reference>
          <reference href="https://www.iso.org/contents/data/standard/05/45/54534.html">A.14.2.3</reference>
          <reference href="https://www.iso.org/contents/data/standard/05/45/54534.html">A.14.2.4</reference>
          <reference href="https://www.iso.org/contents/data/standard/05/45/54534.html">A.8.2.1</reference>
          <reference href="https://www.iso.org/contents/data/standard/05/45/54534.html">A.8.2.2</reference>
          <reference href="https://www.iso.org/contents/data/standard/05/45/54534.html">A.8.2.3</reference>
          <reference href="https://www.iso.org/contents/data/standard/05/45/54534.html">A.8.3.1</reference>
          <reference href="https://www.iso.org/contents/data/standard/05/45/54534.html">A.8.3.3</reference>
          <reference href="https://www.iso.org/contents/data/standard/05/45/54534.html">A.9.1.2</reference>
          <reference href="https://www.nerc.com/pa/Stand/AlignRep/One%20Stop%20Shop.xlsx">CIP-003-8 R5.1.1</reference>
          <reference href="https://www.nerc.com/pa/Stand/AlignRep/One%20Stop%20Shop.xlsx">CIP-003-8 R5.3</reference>
          <reference href="https://www.nerc.com/pa/Stand/AlignRep/One%20Stop%20Shop.xlsx">CIP-004-6 R2.3</reference>
          <reference href="https://www.nerc.com/pa/Stand/AlignRep/One%20Stop%20Shop.xlsx">CIP-007-3 R2.1</reference>
          <reference href="https://www.nerc.com/pa/Stand/AlignRep/One%20Stop%20Shop.xlsx">CIP-007-3 R2.2</reference>
          <reference href="https://www.nerc.com/pa/Stand/AlignRep/One%20Stop%20Shop.xlsx">CIP-007-3 R2.3</reference>
          <reference href="https://www.nerc.com/pa/Stand/AlignRep/One%20Stop%20Shop.xlsx">CIP-007-3 R5.1</reference>
          <reference href="https://www.nerc.com/pa/Stand/AlignRep/One%20Stop%20Shop.xlsx">CIP-007-3 R5.1.1</reference>
          <reference href="https://www.nerc.com/pa/Stand/AlignRep/One%20Stop%20Shop.xlsx">CIP-007-3 R5.1.2</reference>
          <reference href="http://nvlpubs.nist.gov/nistpubs/SpecialPublications/NIST.SP.800-53r4.pdf">CM-7(a)</reference>
          <reference href="http://nvlpubs.nist.gov/nistpubs/SpecialPublications/NIST.SP.800-53r4.pdf">CM-7(b)</reference>
          <reference href="http://nvlpubs.nist.gov/nistpubs/SpecialPublications/NIST.SP.800-53r4.pdf">CM-6(a)</reference>
          <reference href="http://nvlpubs.nist.gov/nistpubs/SpecialPublications/NIST.SP.800-53r4.pdf">AC-6</reference>
          <reference href="http://nvlpubs.nist.gov/nistpubs/SpecialPublications/NIST.SP.800-53r4.pdf">AC-6(1)</reference>
          <reference href="http://nvlpubs.nist.gov/nistpubs/SpecialPublications/NIST.SP.800-53r4.pdf">MP-7</reference>
          <reference href="https://nvlpubs.nist.gov/nistpubs/CSWP/NIST.CSWP.04162018.pdf">PR.IP-1</reference>
          <reference href="https://nvlpubs.nist.gov/nistpubs/CSWP/NIST.CSWP.04162018.pdf">PR.PT-2</reference>
          <reference href="https://nvlpubs.nist.gov/nistpubs/CSWP/NIST.CSWP.04162018.pdf">PR.PT-3</reference>
          <reference href="https://public.cyber.mil/stigs/downloads/?_dl_facet_stigs=operating-systems%2Cgeneral-purpose-os">SRG-OS-000368-GPOS-00154</reference>
          <reference href="https://www.cisecurity.org/benchmark/ubuntu_linux/">1.1.2.2.2</reference>
          <rationale xmlns:xhtml="http://www.w3.org/1999/xhtml" xml:lang="en-US">The only legitimate location for device files is the <html:code xmlns:html="http://www.w3.org/1999/xhtml">/dev</html:code> directory
located on the root partition. The only exception to this is chroot jails.</rationale>
          <fix xmlns:xhtml="http://www.w3.org/1999/xhtml" id="mount_option_dev_shm_nodev" system="urn:xccdf:fix:script:ansible" complexity="low" disruption="high" strategy="configure">- name: 'Add nodev Option to /dev/shm: Check information associated to mountpoint'
  command: findmnt  '/dev/shm'
  register: device_name
  failed_when: device_name.rc &gt; 1
  changed_when: false
  when: not ( ansible_virtualization_type in ["docker", "lxc", "openvz", "podman",
    "container"] )
  tags:
  - NIST-800-53-AC-6
  - NIST-800-53-AC-6(1)
  - NIST-800-53-CM-6(a)
  - NIST-800-53-CM-7(a)
  - NIST-800-53-CM-7(b)
  - NIST-800-53-MP-7
  - configure_strategy
  - high_disruption
  - low_complexity
  - medium_severity
  - mount_option_dev_shm_nodev
  - no_reboot_needed

- name: 'Add nodev Option to /dev/shm: Create mount_info dictionary variable'
  set_fact:
    mount_info: '{{ mount_info|default({})|combine({item.0: item.1}) }}'
  with_together:
  - '{{ device_name.stdout_lines[0].split() | list | lower }}'
  - '{{ device_name.stdout_lines[1].split() | list }}'
  when:
  - not ( ansible_virtualization_type in ["docker", "lxc", "openvz", "podman", "container"]
    )
  - device_name.stdout is defined and device_name.stdout_lines is defined
  - (device_name.stdout | length &gt; 0)
  tags:
  - NIST-800-53-AC-6
  - NIST-800-53-AC-6(1)
  - NIST-800-53-CM-6(a)
  - NIST-800-53-CM-7(a)
  - NIST-800-53-CM-7(b)
  - NIST-800-53-MP-7
  - configure_strategy
  - high_disruption
  - low_complexity
  - medium_severity
  - mount_option_dev_shm_nodev
  - no_reboot_needed

- name: 'Add nodev Option to /dev/shm: If /dev/shm not mounted, craft mount_info manually'
  set_fact:
    mount_info: '{{ mount_info|default({})|combine({item.0: item.1}) }}'
  with_together:
  - - target
    - source
    - fstype
    - options
  - - /dev/shm
    - tmpfs
    - tmpfs
    - defaults
  when:
  - not ( ansible_virtualization_type in ["docker", "lxc", "openvz", "podman", "container"]
    )
  - ("" | length == 0)
  - device_name.stdout is defined and device_name.stdout_lines is defined
  - (device_name.stdout | length == 0)
  tags:
  - NIST-800-53-AC-6
  - NIST-800-53-AC-6(1)
  - NIST-800-53-CM-6(a)
  - NIST-800-53-CM-7(a)
  - NIST-800-53-CM-7(b)
  - NIST-800-53-MP-7
  - configure_strategy
  - high_disruption
  - low_complexity
  - medium_severity
  - mount_option_dev_shm_nodev
  - no_reboot_needed

- name: 'Add nodev Option to /dev/shm: Make sure nodev option is part of the to /dev/shm
    options'
  set_fact:
    mount_info: '{{ mount_info | combine( {''options'':''''~mount_info.options~'',nodev''
      }) }}'
  when:
  - not ( ansible_virtualization_type in ["docker", "lxc", "openvz", "podman", "container"]
    )
  - mount_info is defined and "nodev" not in mount_info.options
  tags:
  - NIST-800-53-AC-6
  - NIST-800-53-AC-6(1)
  - NIST-800-53-CM-6(a)
  - NIST-800-53-CM-7(a)
  - NIST-800-53-CM-7(b)
  - NIST-800-53-MP-7
  - configure_strategy
  - high_disruption
  - low_complexity
  - medium_severity
  - mount_option_dev_shm_nodev
  - no_reboot_needed

- name: 'Add nodev Option to /dev/shm: Ensure /dev/shm is mounted with nodev option'
  mount:
    path: /dev/shm
    src: '{{ mount_info.source }}'
    opts: '{{ mount_info.options }}'
    state: mounted
    fstype: '{{ mount_info.fstype }}'
  when:
  - not ( ansible_virtualization_type in ["docker", "lxc", "openvz", "podman", "container"]
    )
  - mount_info is defined
  - (device_name.stdout is defined and (device_name.stdout | length &gt; 0)) or ("" |
    length == 0)
  tags:
  - NIST-800-53-AC-6
  - NIST-800-53-AC-6(1)
  - NIST-800-53-CM-6(a)
  - NIST-800-53-CM-7(a)
  - NIST-800-53-CM-7(b)
  - NIST-800-53-MP-7
  - configure_strategy
  - high_disruption
  - low_complexity
  - medium_severity
  - mount_option_dev_shm_nodev
  - no_reboot_needed
</fix>
          <fix xmlns:xhtml="http://www.w3.org/1999/xhtml" id="mount_option_dev_shm_nodev" system="urn:xccdf:fix:script:sh"># Remediation is applicable only in certain platforms
if ! ( [ -f /.dockerenv ] || [ -f /run/.containerenv ] ); then

function perform_remediation {
    


    mount_point_match_regexp="$(printf "^[[:space:]]*[^#].*[[:space:]]%s[[:space:]]" /dev/shm)"

    # If the mount point is not in /etc/fstab, get previous mount options from /etc/mtab
    if ! grep -q "$mount_point_match_regexp" /etc/fstab; then
        # runtime opts without some automatic kernel/userspace-added defaults
        previous_mount_opts=$(grep "$mount_point_match_regexp" /etc/mtab | head -1 |  awk '{print $4}' \
                    | sed -E "s/(rw|defaults|seclabel|nodev)(,|$)//g;s/,$//")
        [ "$previous_mount_opts" ] &amp;&amp; previous_mount_opts+=","
        # In iso9660 filesystems mtab could describe a "blocksize" value, this should be reflected in
        # fstab as "block".  The next variable is to satisfy shellcheck SC2050.
        fs_type="tmpfs"
        if [  "$fs_type" == "iso9660" ] ; then
            previous_mount_opts=$(sed 's/blocksize=/block=/' &lt;&lt;&lt; "$previous_mount_opts")
        fi
        echo "tmpfs /dev/shm tmpfs defaults,${previous_mount_opts}nodev 0 0" &gt;&gt; /etc/fstab
    # If the mount_opt option is not already in the mount point's /etc/fstab entry, add it
    elif ! grep "$mount_point_match_regexp" /etc/fstab | grep -q "nodev"; then
        previous_mount_opts=$(grep "$mount_point_match_regexp" /etc/fstab | awk '{print $4}')
        sed -i "s|\(${mount_point_match_regexp}.*${previous_mount_opts}\)|\1,nodev|" /etc/fstab
    fi


    if mkdir -p "/dev/shm"; then
        if mountpoint -q "/dev/shm"; then
            mount -o remount --target "/dev/shm"
        fi
    fi
}

perform_remediation

else
    &gt;&amp;2 echo 'Remediation is not applicable, nothing was done'
fi
</fix>
          <check system="http://oval.mitre.org/XMLSchema/oval-definitions-5">
            <check-content-ref name="oval:ssg-mount_option_dev_shm_nodev:def:1" href="ssg-ubuntu2404-oval.xml"/>
          </check>
          <check system="http://scap.nist.gov/schema/ocil/2">
            <check-content-ref name="ocil:ssg-mount_option_dev_shm_nodev_ocil:questionnaire:1" href="ssg-ubuntu2404-ocil.xml"/>
          </check>
        </Rule>
        <Rule id="xccdf_org.ssgproject.content_rule_mount_option_dev_shm_noexec" selected="false" role="full" severity="medium">
          <title xmlns:xhtml="http://www.w3.org/1999/xhtml" xml:lang="en-US">Add noexec Option to /dev/shm</title>
          <description xmlns:xhtml="http://www.w3.org/1999/xhtml" xml:lang="en-US">The <html:code xmlns:html="http://www.w3.org/1999/xhtml">noexec</html:code> mount option can be used to prevent binaries
from being executed out of <html:code xmlns:html="http://www.w3.org/1999/xhtml">/dev/shm</html:code>.
It can be dangerous to allow the execution of binaries
from world-writable temporary storage directories such as <html:code xmlns:html="http://www.w3.org/1999/xhtml">/dev/shm</html:code>.
Add the <html:code xmlns:html="http://www.w3.org/1999/xhtml">noexec</html:code> option to the fourth column of
<html:code xmlns:html="http://www.w3.org/1999/xhtml">/etc/fstab</html:code> for the line which controls mounting of
<html:code xmlns:html="http://www.w3.org/1999/xhtml">/dev/shm</html:code>.</description>
          <reference href="https://www.cisecurity.org/controls/">11</reference>
          <reference href="https://www.cisecurity.org/controls/">13</reference>
          <reference href="https://www.cisecurity.org/controls/">14</reference>
          <reference href="https://www.cisecurity.org/controls/">3</reference>
          <reference href="https://www.cisecurity.org/controls/">8</reference>
          <reference href="https://www.cisecurity.org/controls/">9</reference>
          <reference href="https://www.isaca.org/resources/cobit">APO13.01</reference>
          <reference href="https://www.isaca.org/resources/cobit">BAI10.01</reference>
          <reference href="https://www.isaca.org/resources/cobit">BAI10.02</reference>
          <reference href="https://www.isaca.org/resources/cobit">BAI10.03</reference>
          <reference href="https://www.isaca.org/resources/cobit">BAI10.05</reference>
          <reference href="https://www.isaca.org/resources/cobit">DSS05.02</reference>
          <reference href="https://www.isaca.org/resources/cobit">DSS05.05</reference>
          <reference href="https://www.isaca.org/resources/cobit">DSS05.06</reference>
          <reference href="https://www.isaca.org/resources/cobit">DSS06.06</reference>
          <reference href="https://public.cyber.mil/stigs/cci/">CCI-001764</reference>
          <reference href="https://www.isa.org/products/isa-62443-2-1-2009-security-for-industrial-automat">4.3.3.5.1</reference>
          <reference href="https://www.isa.org/products/isa-62443-2-1-2009-security-for-industrial-automat">4.3.3.5.2</reference>
          <reference href="https://www.isa.org/products/isa-62443-2-1-2009-security-for-industrial-automat">4.3.3.5.3</reference>
          <reference href="https://www.isa.org/products/isa-62443-2-1-2009-security-for-industrial-automat">4.3.3.5.4</reference>
          <reference href="https://www.isa.org/products/isa-62443-2-1-2009-security-for-industrial-automat">4.3.3.5.5</reference>
          <reference href="https://www.isa.org/products/isa-62443-2-1-2009-security-for-industrial-automat">4.3.3.5.6</reference>
          <reference href="https://www.isa.org/products/isa-62443-2-1-2009-security-for-industrial-automat">4.3.3.5.7</reference>
          <reference href="https://www.isa.org/products/isa-62443-2-1-2009-security-for-industrial-automat">4.3.3.5.8</reference>
          <reference href="https://www.isa.org/products/isa-62443-2-1-2009-security-for-industrial-automat">4.3.3.6.1</reference>
          <reference href="https://www.isa.org/products/isa-62443-2-1-2009-security-for-industrial-automat">4.3.3.6.2</reference>
          <reference href="https://www.isa.org/products/isa-62443-2-1-2009-security-for-industrial-automat">4.3.3.6.3</reference>
          <reference href="https://www.isa.org/products/isa-62443-2-1-2009-security-for-industrial-automat">4.3.3.6.4</reference>
          <reference href="https://www.isa.org/products/isa-62443-2-1-2009-security-for-industrial-automat">4.3.3.6.5</reference>
          <reference href="https://www.isa.org/products/isa-62443-2-1-2009-security-for-industrial-automat">4.3.3.6.6</reference>
          <reference href="https://www.isa.org/products/isa-62443-2-1-2009-security-for-industrial-automat">4.3.3.6.7</reference>
          <reference href="https://www.isa.org/products/isa-62443-2-1-2009-security-for-industrial-automat">4.3.3.6.8</reference>
          <reference href="https://www.isa.org/products/isa-62443-2-1-2009-security-for-industrial-automat">4.3.3.6.9</reference>
          <reference href="https://www.isa.org/products/isa-62443-2-1-2009-security-for-industrial-automat">4.3.3.7.1</reference>
          <reference href="https://www.isa.org/products/isa-62443-2-1-2009-security-for-industrial-automat">4.3.3.7.2</reference>
          <reference href="https://www.isa.org/products/isa-62443-2-1-2009-security-for-industrial-automat">4.3.3.7.3</reference>
          <reference href="https://www.isa.org/products/isa-62443-2-1-2009-security-for-industrial-automat">4.3.3.7.4</reference>
          <reference href="https://www.isa.org/products/isa-62443-2-1-2009-security-for-industrial-automat">4.3.4.3.2</reference>
          <reference href="https://www.isa.org/products/isa-62443-2-1-2009-security-for-industrial-automat">4.3.4.3.3</reference>
          <reference href="https://www.isa.org/products/ansi-isa-62443-3-3-99-03-03-2013-security-for-indu">SR 1.1</reference>
          <reference href="https://www.isa.org/products/ansi-isa-62443-3-3-99-03-03-2013-security-for-indu">SR 1.10</reference>
          <reference href="https://www.isa.org/products/ansi-isa-62443-3-3-99-03-03-2013-security-for-indu">SR 1.11</reference>
          <reference href="https://www.isa.org/products/ansi-isa-62443-3-3-99-03-03-2013-security-for-indu">SR 1.12</reference>
          <reference href="https://www.isa.org/products/ansi-isa-62443-3-3-99-03-03-2013-security-for-indu">SR 1.13</reference>
          <reference href="https://www.isa.org/products/ansi-isa-62443-3-3-99-03-03-2013-security-for-indu">SR 1.2</reference>
          <reference href="https://www.isa.org/products/ansi-isa-62443-3-3-99-03-03-2013-security-for-indu">SR 1.3</reference>
          <reference href="https://www.isa.org/products/ansi-isa-62443-3-3-99-03-03-2013-security-for-indu">SR 1.4</reference>
          <reference href="https://www.isa.org/products/ansi-isa-62443-3-3-99-03-03-2013-security-for-indu">SR 1.5</reference>
          <reference href="https://www.isa.org/products/ansi-isa-62443-3-3-99-03-03-2013-security-for-indu">SR 1.6</reference>
          <reference href="https://www.isa.org/products/ansi-isa-62443-3-3-99-03-03-2013-security-for-indu">SR 1.7</reference>
          <reference href="https://www.isa.org/products/ansi-isa-62443-3-3-99-03-03-2013-security-for-indu">SR 1.8</reference>
          <reference href="https://www.isa.org/products/ansi-isa-62443-3-3-99-03-03-2013-security-for-indu">SR 1.9</reference>
          <reference href="https://www.isa.org/products/ansi-isa-62443-3-3-99-03-03-2013-security-for-indu">SR 2.1</reference>
          <reference href="https://www.isa.org/products/ansi-isa-62443-3-3-99-03-03-2013-security-for-indu">SR 2.2</reference>
          <reference href="https://www.isa.org/products/ansi-isa-62443-3-3-99-03-03-2013-security-for-indu">SR 2.3</reference>
          <reference href="https://www.isa.org/products/ansi-isa-62443-3-3-99-03-03-2013-security-for-indu">SR 2.4</reference>
          <reference href="https://www.isa.org/products/ansi-isa-62443-3-3-99-03-03-2013-security-for-indu">SR 2.5</reference>
          <reference href="https://www.isa.org/products/ansi-isa-62443-3-3-99-03-03-2013-security-for-indu">SR 2.6</reference>
          <reference href="https://www.isa.org/products/ansi-isa-62443-3-3-99-03-03-2013-security-for-indu">SR 2.7</reference>
          <reference href="https://www.isa.org/products/ansi-isa-62443-3-3-99-03-03-2013-security-for-indu">SR 7.6</reference>
          <reference href="https://www.iso.org/contents/data/standard/05/45/54534.html">A.11.2.9</reference>
          <reference href="https://www.iso.org/contents/data/standard/05/45/54534.html">A.12.1.2</reference>
          <reference href="https://www.iso.org/contents/data/standard/05/45/54534.html">A.12.5.1</reference>
          <reference href="https://www.iso.org/contents/data/standard/05/45/54534.html">A.12.6.2</reference>
          <reference href="https://www.iso.org/contents/data/standard/05/45/54534.html">A.14.2.2</reference>
          <reference href="https://www.iso.org/contents/data/standard/05/45/54534.html">A.14.2.3</reference>
          <reference href="https://www.iso.org/contents/data/standard/05/45/54534.html">A.14.2.4</reference>
          <reference href="https://www.iso.org/contents/data/standard/05/45/54534.html">A.8.2.1</reference>
          <reference href="https://www.iso.org/contents/data/standard/05/45/54534.html">A.8.2.2</reference>
          <reference href="https://www.iso.org/contents/data/standard/05/45/54534.html">A.8.2.3</reference>
          <reference href="https://www.iso.org/contents/data/standard/05/45/54534.html">A.8.3.1</reference>
          <reference href="https://www.iso.org/contents/data/standard/05/45/54534.html">A.8.3.3</reference>
          <reference href="https://www.iso.org/contents/data/standard/05/45/54534.html">A.9.1.2</reference>
          <reference href="https://www.nerc.com/pa/Stand/AlignRep/One%20Stop%20Shop.xlsx">CIP-003-8 R5.1.1</reference>
          <reference href="https://www.nerc.com/pa/Stand/AlignRep/One%20Stop%20Shop.xlsx">CIP-003-8 R5.3</reference>
          <reference href="https://www.nerc.com/pa/Stand/AlignRep/One%20Stop%20Shop.xlsx">CIP-004-6 R2.3</reference>
          <reference href="https://www.nerc.com/pa/Stand/AlignRep/One%20Stop%20Shop.xlsx">CIP-007-3 R2.1</reference>
          <reference href="https://www.nerc.com/pa/Stand/AlignRep/One%20Stop%20Shop.xlsx">CIP-007-3 R2.2</reference>
          <reference href="https://www.nerc.com/pa/Stand/AlignRep/One%20Stop%20Shop.xlsx">CIP-007-3 R2.3</reference>
          <reference href="https://www.nerc.com/pa/Stand/AlignRep/One%20Stop%20Shop.xlsx">CIP-007-3 R5.1</reference>
          <reference href="https://www.nerc.com/pa/Stand/AlignRep/One%20Stop%20Shop.xlsx">CIP-007-3 R5.1.1</reference>
          <reference href="https://www.nerc.com/pa/Stand/AlignRep/One%20Stop%20Shop.xlsx">CIP-007-3 R5.1.2</reference>
          <reference href="http://nvlpubs.nist.gov/nistpubs/SpecialPublications/NIST.SP.800-53r4.pdf">CM-7(a)</reference>
          <reference href="http://nvlpubs.nist.gov/nistpubs/SpecialPublications/NIST.SP.800-53r4.pdf">CM-7(b)</reference>
          <reference href="http://nvlpubs.nist.gov/nistpubs/SpecialPublications/NIST.SP.800-53r4.pdf">CM-6(a)</reference>
          <reference href="http://nvlpubs.nist.gov/nistpubs/SpecialPublications/NIST.SP.800-53r4.pdf">AC-6</reference>
          <reference href="http://nvlpubs.nist.gov/nistpubs/SpecialPublications/NIST.SP.800-53r4.pdf">AC-6(1)</reference>
          <reference href="http://nvlpubs.nist.gov/nistpubs/SpecialPublications/NIST.SP.800-53r4.pdf">MP-7</reference>
          <reference href="https://nvlpubs.nist.gov/nistpubs/CSWP/NIST.CSWP.04162018.pdf">PR.IP-1</reference>
          <reference href="https://nvlpubs.nist.gov/nistpubs/CSWP/NIST.CSWP.04162018.pdf">PR.PT-2</reference>
          <reference href="https://nvlpubs.nist.gov/nistpubs/CSWP/NIST.CSWP.04162018.pdf">PR.PT-3</reference>
          <reference href="https://public.cyber.mil/stigs/downloads/?_dl_facet_stigs=operating-systems%2Cgeneral-purpose-os">SRG-OS-000368-GPOS-00154</reference>
          <reference href="https://www.cisecurity.org/benchmark/ubuntu_linux/">1.1.2.2.4</reference>
          <rationale xmlns:xhtml="http://www.w3.org/1999/xhtml" xml:lang="en-US">Allowing users to execute binaries from world-writable directories
such as <html:code xmlns:html="http://www.w3.org/1999/xhtml">/dev/shm</html:code> can expose the system to potential compromise.</rationale>
          <fix xmlns:xhtml="http://www.w3.org/1999/xhtml" id="mount_option_dev_shm_noexec" system="urn:xccdf:fix:script:ansible" complexity="low" disruption="high" strategy="configure">- name: 'Add noexec Option to /dev/shm: Check information associated to mountpoint'
  command: findmnt  '/dev/shm'
  register: device_name
  failed_when: device_name.rc &gt; 1
  changed_when: false
  when: not ( ansible_virtualization_type in ["docker", "lxc", "openvz", "podman",
    "container"] )
  tags:
  - NIST-800-53-AC-6
  - NIST-800-53-AC-6(1)
  - NIST-800-53-CM-6(a)
  - NIST-800-53-CM-7(a)
  - NIST-800-53-CM-7(b)
  - NIST-800-53-MP-7
  - configure_strategy
  - high_disruption
  - low_complexity
  - medium_severity
  - mount_option_dev_shm_noexec
  - no_reboot_needed

- name: 'Add noexec Option to /dev/shm: Create mount_info dictionary variable'
  set_fact:
    mount_info: '{{ mount_info|default({})|combine({item.0: item.1}) }}'
  with_together:
  - '{{ device_name.stdout_lines[0].split() | list | lower }}'
  - '{{ device_name.stdout_lines[1].split() | list }}'
  when:
  - not ( ansible_virtualization_type in ["docker", "lxc", "openvz", "podman", "container"]
    )
  - device_name.stdout is defined and device_name.stdout_lines is defined
  - (device_name.stdout | length &gt; 0)
  tags:
  - NIST-800-53-AC-6
  - NIST-800-53-AC-6(1)
  - NIST-800-53-CM-6(a)
  - NIST-800-53-CM-7(a)
  - NIST-800-53-CM-7(b)
  - NIST-800-53-MP-7
  - configure_strategy
  - high_disruption
  - low_complexity
  - medium_severity
  - mount_option_dev_shm_noexec
  - no_reboot_needed

- name: 'Add noexec Option to /dev/shm: If /dev/shm not mounted, craft mount_info
    manually'
  set_fact:
    mount_info: '{{ mount_info|default({})|combine({item.0: item.1}) }}'
  with_together:
  - - target
    - source
    - fstype
    - options
  - - /dev/shm
    - tmpfs
    - tmpfs
    - defaults
  when:
  - not ( ansible_virtualization_type in ["docker", "lxc", "openvz", "podman", "container"]
    )
  - ("" | length == 0)
  - device_name.stdout is defined and device_name.stdout_lines is defined
  - (device_name.stdout | length == 0)
  tags:
  - NIST-800-53-AC-6
  - NIST-800-53-AC-6(1)
  - NIST-800-53-CM-6(a)
  - NIST-800-53-CM-7(a)
  - NIST-800-53-CM-7(b)
  - NIST-800-53-MP-7
  - configure_strategy
  - high_disruption
  - low_complexity
  - medium_severity
  - mount_option_dev_shm_noexec
  - no_reboot_needed

- name: 'Add noexec Option to /dev/shm: Make sure noexec option is part of the to
    /dev/shm options'
  set_fact:
    mount_info: '{{ mount_info | combine( {''options'':''''~mount_info.options~'',noexec''
      }) }}'
  when:
  - not ( ansible_virtualization_type in ["docker", "lxc", "openvz", "podman", "container"]
    )
  - mount_info is defined and "noexec" not in mount_info.options
  tags:
  - NIST-800-53-AC-6
  - NIST-800-53-AC-6(1)
  - NIST-800-53-CM-6(a)
  - NIST-800-53-CM-7(a)
  - NIST-800-53-CM-7(b)
  - NIST-800-53-MP-7
  - configure_strategy
  - high_disruption
  - low_complexity
  - medium_severity
  - mount_option_dev_shm_noexec
  - no_reboot_needed

- name: 'Add noexec Option to /dev/shm: Ensure /dev/shm is mounted with noexec option'
  mount:
    path: /dev/shm
    src: '{{ mount_info.source }}'
    opts: '{{ mount_info.options }}'
    state: mounted
    fstype: '{{ mount_info.fstype }}'
  when:
  - not ( ansible_virtualization_type in ["docker", "lxc", "openvz", "podman", "container"]
    )
  - mount_info is defined
  - (device_name.stdout is defined and (device_name.stdout | length &gt; 0)) or ("" |
    length == 0)
  tags:
  - NIST-800-53-AC-6
  - NIST-800-53-AC-6(1)
  - NIST-800-53-CM-6(a)
  - NIST-800-53-CM-7(a)
  - NIST-800-53-CM-7(b)
  - NIST-800-53-MP-7
  - configure_strategy
  - high_disruption
  - low_complexity
  - medium_severity
  - mount_option_dev_shm_noexec
  - no_reboot_needed
</fix>
          <fix xmlns:xhtml="http://www.w3.org/1999/xhtml" id="mount_option_dev_shm_noexec" system="urn:xccdf:fix:script:sh"># Remediation is applicable only in certain platforms
if ! ( [ -f /.dockerenv ] || [ -f /run/.containerenv ] ); then

function perform_remediation {
    


    mount_point_match_regexp="$(printf "^[[:space:]]*[^#].*[[:space:]]%s[[:space:]]" /dev/shm)"

    # If the mount point is not in /etc/fstab, get previous mount options from /etc/mtab
    if ! grep -q "$mount_point_match_regexp" /etc/fstab; then
        # runtime opts without some automatic kernel/userspace-added defaults
        previous_mount_opts=$(grep "$mount_point_match_regexp" /etc/mtab | head -1 |  awk '{print $4}' \
                    | sed -E "s/(rw|defaults|seclabel|noexec)(,|$)//g;s/,$//")
        [ "$previous_mount_opts" ] &amp;&amp; previous_mount_opts+=","
        # In iso9660 filesystems mtab could describe a "blocksize" value, this should be reflected in
        # fstab as "block".  The next variable is to satisfy shellcheck SC2050.
        fs_type="tmpfs"
        if [  "$fs_type" == "iso9660" ] ; then
            previous_mount_opts=$(sed 's/blocksize=/block=/' &lt;&lt;&lt; "$previous_mount_opts")
        fi
        echo "tmpfs /dev/shm tmpfs defaults,${previous_mount_opts}noexec 0 0" &gt;&gt; /etc/fstab
    # If the mount_opt option is not already in the mount point's /etc/fstab entry, add it
    elif ! grep "$mount_point_match_regexp" /etc/fstab | grep -q "noexec"; then
        previous_mount_opts=$(grep "$mount_point_match_regexp" /etc/fstab | awk '{print $4}')
        sed -i "s|\(${mount_point_match_regexp}.*${previous_mount_opts}\)|\1,noexec|" /etc/fstab
    fi


    if mkdir -p "/dev/shm"; then
        if mountpoint -q "/dev/shm"; then
            mount -o remount --target "/dev/shm"
        fi
    fi
}

perform_remediation

else
    &gt;&amp;2 echo 'Remediation is not applicable, nothing was done'
fi
</fix>
          <check system="http://oval.mitre.org/XMLSchema/oval-definitions-5">
            <check-content-ref name="oval:ssg-mount_option_dev_shm_noexec:def:1" href="ssg-ubuntu2404-oval.xml"/>
          </check>
          <check system="http://scap.nist.gov/schema/ocil/2">
            <check-content-ref name="ocil:ssg-mount_option_dev_shm_noexec_ocil:questionnaire:1" href="ssg-ubuntu2404-ocil.xml"/>
          </check>
        </Rule>
        <Rule id="xccdf_org.ssgproject.content_rule_mount_option_dev_shm_nosuid" selected="false" role="full" severity="medium">
          <title xmlns:xhtml="http://www.w3.org/1999/xhtml" xml:lang="en-US">Add nosuid Option to /dev/shm</title>
          <description xmlns:xhtml="http://www.w3.org/1999/xhtml" xml:lang="en-US">The <html:code xmlns:html="http://www.w3.org/1999/xhtml">nosuid</html:code> mount option can be used to prevent execution
of setuid programs in <html:code xmlns:html="http://www.w3.org/1999/xhtml">/dev/shm</html:code>.  The SUID and SGID permissions should not
be required in these world-writable directories.
Add the <html:code xmlns:html="http://www.w3.org/1999/xhtml">nosuid</html:code> option to the fourth column of
<html:code xmlns:html="http://www.w3.org/1999/xhtml">/etc/fstab</html:code> for the line which controls mounting of
<html:code xmlns:html="http://www.w3.org/1999/xhtml">/dev/shm</html:code>.</description>
          <reference href="https://www.cisecurity.org/controls/">11</reference>
          <reference href="https://www.cisecurity.org/controls/">13</reference>
          <reference href="https://www.cisecurity.org/controls/">14</reference>
          <reference href="https://www.cisecurity.org/controls/">3</reference>
          <reference href="https://www.cisecurity.org/controls/">8</reference>
          <reference href="https://www.cisecurity.org/controls/">9</reference>
          <reference href="https://www.isaca.org/resources/cobit">APO13.01</reference>
          <reference href="https://www.isaca.org/resources/cobit">BAI10.01</reference>
          <reference href="https://www.isaca.org/resources/cobit">BAI10.02</reference>
          <reference href="https://www.isaca.org/resources/cobit">BAI10.03</reference>
          <reference href="https://www.isaca.org/resources/cobit">BAI10.05</reference>
          <reference href="https://www.isaca.org/resources/cobit">DSS05.02</reference>
          <reference href="https://www.isaca.org/resources/cobit">DSS05.05</reference>
          <reference href="https://www.isaca.org/resources/cobit">DSS05.06</reference>
          <reference href="https://www.isaca.org/resources/cobit">DSS06.06</reference>
          <reference href="https://public.cyber.mil/stigs/cci/">CCI-001764</reference>
          <reference href="https://www.isa.org/products/isa-62443-2-1-2009-security-for-industrial-automat">4.3.3.5.1</reference>
          <reference href="https://www.isa.org/products/isa-62443-2-1-2009-security-for-industrial-automat">4.3.3.5.2</reference>
          <reference href="https://www.isa.org/products/isa-62443-2-1-2009-security-for-industrial-automat">4.3.3.5.3</reference>
          <reference href="https://www.isa.org/products/isa-62443-2-1-2009-security-for-industrial-automat">4.3.3.5.4</reference>
          <reference href="https://www.isa.org/products/isa-62443-2-1-2009-security-for-industrial-automat">4.3.3.5.5</reference>
          <reference href="https://www.isa.org/products/isa-62443-2-1-2009-security-for-industrial-automat">4.3.3.5.6</reference>
          <reference href="https://www.isa.org/products/isa-62443-2-1-2009-security-for-industrial-automat">4.3.3.5.7</reference>
          <reference href="https://www.isa.org/products/isa-62443-2-1-2009-security-for-industrial-automat">4.3.3.5.8</reference>
          <reference href="https://www.isa.org/products/isa-62443-2-1-2009-security-for-industrial-automat">4.3.3.6.1</reference>
          <reference href="https://www.isa.org/products/isa-62443-2-1-2009-security-for-industrial-automat">4.3.3.6.2</reference>
          <reference href="https://www.isa.org/products/isa-62443-2-1-2009-security-for-industrial-automat">4.3.3.6.3</reference>
          <reference href="https://www.isa.org/products/isa-62443-2-1-2009-security-for-industrial-automat">4.3.3.6.4</reference>
          <reference href="https://www.isa.org/products/isa-62443-2-1-2009-security-for-industrial-automat">4.3.3.6.5</reference>
          <reference href="https://www.isa.org/products/isa-62443-2-1-2009-security-for-industrial-automat">4.3.3.6.6</reference>
          <reference href="https://www.isa.org/products/isa-62443-2-1-2009-security-for-industrial-automat">4.3.3.6.7</reference>
          <reference href="https://www.isa.org/products/isa-62443-2-1-2009-security-for-industrial-automat">4.3.3.6.8</reference>
          <reference href="https://www.isa.org/products/isa-62443-2-1-2009-security-for-industrial-automat">4.3.3.6.9</reference>
          <reference href="https://www.isa.org/products/isa-62443-2-1-2009-security-for-industrial-automat">4.3.3.7.1</reference>
          <reference href="https://www.isa.org/products/isa-62443-2-1-2009-security-for-industrial-automat">4.3.3.7.2</reference>
          <reference href="https://www.isa.org/products/isa-62443-2-1-2009-security-for-industrial-automat">4.3.3.7.3</reference>
          <reference href="https://www.isa.org/products/isa-62443-2-1-2009-security-for-industrial-automat">4.3.3.7.4</reference>
          <reference href="https://www.isa.org/products/isa-62443-2-1-2009-security-for-industrial-automat">4.3.4.3.2</reference>
          <reference href="https://www.isa.org/products/isa-62443-2-1-2009-security-for-industrial-automat">4.3.4.3.3</reference>
          <reference href="https://www.isa.org/products/ansi-isa-62443-3-3-99-03-03-2013-security-for-indu">SR 1.1</reference>
          <reference href="https://www.isa.org/products/ansi-isa-62443-3-3-99-03-03-2013-security-for-indu">SR 1.10</reference>
          <reference href="https://www.isa.org/products/ansi-isa-62443-3-3-99-03-03-2013-security-for-indu">SR 1.11</reference>
          <reference href="https://www.isa.org/products/ansi-isa-62443-3-3-99-03-03-2013-security-for-indu">SR 1.12</reference>
          <reference href="https://www.isa.org/products/ansi-isa-62443-3-3-99-03-03-2013-security-for-indu">SR 1.13</reference>
          <reference href="https://www.isa.org/products/ansi-isa-62443-3-3-99-03-03-2013-security-for-indu">SR 1.2</reference>
          <reference href="https://www.isa.org/products/ansi-isa-62443-3-3-99-03-03-2013-security-for-indu">SR 1.3</reference>
          <reference href="https://www.isa.org/products/ansi-isa-62443-3-3-99-03-03-2013-security-for-indu">SR 1.4</reference>
          <reference href="https://www.isa.org/products/ansi-isa-62443-3-3-99-03-03-2013-security-for-indu">SR 1.5</reference>
          <reference href="https://www.isa.org/products/ansi-isa-62443-3-3-99-03-03-2013-security-for-indu">SR 1.6</reference>
          <reference href="https://www.isa.org/products/ansi-isa-62443-3-3-99-03-03-2013-security-for-indu">SR 1.7</reference>
          <reference href="https://www.isa.org/products/ansi-isa-62443-3-3-99-03-03-2013-security-for-indu">SR 1.8</reference>
          <reference href="https://www.isa.org/products/ansi-isa-62443-3-3-99-03-03-2013-security-for-indu">SR 1.9</reference>
          <reference href="https://www.isa.org/products/ansi-isa-62443-3-3-99-03-03-2013-security-for-indu">SR 2.1</reference>
          <reference href="https://www.isa.org/products/ansi-isa-62443-3-3-99-03-03-2013-security-for-indu">SR 2.2</reference>
          <reference href="https://www.isa.org/products/ansi-isa-62443-3-3-99-03-03-2013-security-for-indu">SR 2.3</reference>
          <reference href="https://www.isa.org/products/ansi-isa-62443-3-3-99-03-03-2013-security-for-indu">SR 2.4</reference>
          <reference href="https://www.isa.org/products/ansi-isa-62443-3-3-99-03-03-2013-security-for-indu">SR 2.5</reference>
          <reference href="https://www.isa.org/products/ansi-isa-62443-3-3-99-03-03-2013-security-for-indu">SR 2.6</reference>
          <reference href="https://www.isa.org/products/ansi-isa-62443-3-3-99-03-03-2013-security-for-indu">SR 2.7</reference>
          <reference href="https://www.isa.org/products/ansi-isa-62443-3-3-99-03-03-2013-security-for-indu">SR 7.6</reference>
          <reference href="https://www.iso.org/contents/data/standard/05/45/54534.html">A.11.2.9</reference>
          <reference href="https://www.iso.org/contents/data/standard/05/45/54534.html">A.12.1.2</reference>
          <reference href="https://www.iso.org/contents/data/standard/05/45/54534.html">A.12.5.1</reference>
          <reference href="https://www.iso.org/contents/data/standard/05/45/54534.html">A.12.6.2</reference>
          <reference href="https://www.iso.org/contents/data/standard/05/45/54534.html">A.14.2.2</reference>
          <reference href="https://www.iso.org/contents/data/standard/05/45/54534.html">A.14.2.3</reference>
          <reference href="https://www.iso.org/contents/data/standard/05/45/54534.html">A.14.2.4</reference>
          <reference href="https://www.iso.org/contents/data/standard/05/45/54534.html">A.8.2.1</reference>
          <reference href="https://www.iso.org/contents/data/standard/05/45/54534.html">A.8.2.2</reference>
          <reference href="https://www.iso.org/contents/data/standard/05/45/54534.html">A.8.2.3</reference>
          <reference href="https://www.iso.org/contents/data/standard/05/45/54534.html">A.8.3.1</reference>
          <reference href="https://www.iso.org/contents/data/standard/05/45/54534.html">A.8.3.3</reference>
          <reference href="https://www.iso.org/contents/data/standard/05/45/54534.html">A.9.1.2</reference>
          <reference href="https://www.nerc.com/pa/Stand/AlignRep/One%20Stop%20Shop.xlsx">CIP-003-8 R5.1.1</reference>
          <reference href="https://www.nerc.com/pa/Stand/AlignRep/One%20Stop%20Shop.xlsx">CIP-003-8 R5.3</reference>
          <reference href="https://www.nerc.com/pa/Stand/AlignRep/One%20Stop%20Shop.xlsx">CIP-004-6 R2.3</reference>
          <reference href="https://www.nerc.com/pa/Stand/AlignRep/One%20Stop%20Shop.xlsx">CIP-007-3 R2.1</reference>
          <reference href="https://www.nerc.com/pa/Stand/AlignRep/One%20Stop%20Shop.xlsx">CIP-007-3 R2.2</reference>
          <reference href="https://www.nerc.com/pa/Stand/AlignRep/One%20Stop%20Shop.xlsx">CIP-007-3 R2.3</reference>
          <reference href="https://www.nerc.com/pa/Stand/AlignRep/One%20Stop%20Shop.xlsx">CIP-007-3 R5.1</reference>
          <reference href="https://www.nerc.com/pa/Stand/AlignRep/One%20Stop%20Shop.xlsx">CIP-007-3 R5.1.1</reference>
          <reference href="https://www.nerc.com/pa/Stand/AlignRep/One%20Stop%20Shop.xlsx">CIP-007-3 R5.1.2</reference>
          <reference href="http://nvlpubs.nist.gov/nistpubs/SpecialPublications/NIST.SP.800-53r4.pdf">CM-7(a)</reference>
          <reference href="http://nvlpubs.nist.gov/nistpubs/SpecialPublications/NIST.SP.800-53r4.pdf">CM-7(b)</reference>
          <reference href="http://nvlpubs.nist.gov/nistpubs/SpecialPublications/NIST.SP.800-53r4.pdf">CM-6(a)</reference>
          <reference href="http://nvlpubs.nist.gov/nistpubs/SpecialPublications/NIST.SP.800-53r4.pdf">AC-6</reference>
          <reference href="http://nvlpubs.nist.gov/nistpubs/SpecialPublications/NIST.SP.800-53r4.pdf">AC-6(1)</reference>
          <reference href="http://nvlpubs.nist.gov/nistpubs/SpecialPublications/NIST.SP.800-53r4.pdf">MP-7</reference>
          <reference href="https://nvlpubs.nist.gov/nistpubs/CSWP/NIST.CSWP.04162018.pdf">PR.IP-1</reference>
          <reference href="https://nvlpubs.nist.gov/nistpubs/CSWP/NIST.CSWP.04162018.pdf">PR.PT-2</reference>
          <reference href="https://nvlpubs.nist.gov/nistpubs/CSWP/NIST.CSWP.04162018.pdf">PR.PT-3</reference>
          <reference href="https://public.cyber.mil/stigs/downloads/?_dl_facet_stigs=operating-systems%2Cgeneral-purpose-os">SRG-OS-000368-GPOS-00154</reference>
          <reference href="https://www.cisecurity.org/benchmark/ubuntu_linux/">1.1.2.2.3</reference>
          <rationale xmlns:xhtml="http://www.w3.org/1999/xhtml" xml:lang="en-US">The presence of SUID and SGID executables should be tightly controlled. Users
should not be able to execute SUID or SGID binaries from temporary storage partitions.</rationale>
          <fix xmlns:xhtml="http://www.w3.org/1999/xhtml" id="mount_option_dev_shm_nosuid" system="urn:xccdf:fix:script:ansible" complexity="low" disruption="high" strategy="configure">- name: 'Add nosuid Option to /dev/shm: Check information associated to mountpoint'
  command: findmnt  '/dev/shm'
  register: device_name
  failed_when: device_name.rc &gt; 1
  changed_when: false
  when: not ( ansible_virtualization_type in ["docker", "lxc", "openvz", "podman",
    "container"] )
  tags:
  - NIST-800-53-AC-6
  - NIST-800-53-AC-6(1)
  - NIST-800-53-CM-6(a)
  - NIST-800-53-CM-7(a)
  - NIST-800-53-CM-7(b)
  - NIST-800-53-MP-7
  - configure_strategy
  - high_disruption
  - low_complexity
  - medium_severity
  - mount_option_dev_shm_nosuid
  - no_reboot_needed

- name: 'Add nosuid Option to /dev/shm: Create mount_info dictionary variable'
  set_fact:
    mount_info: '{{ mount_info|default({})|combine({item.0: item.1}) }}'
  with_together:
  - '{{ device_name.stdout_lines[0].split() | list | lower }}'
  - '{{ device_name.stdout_lines[1].split() | list }}'
  when:
  - not ( ansible_virtualization_type in ["docker", "lxc", "openvz", "podman", "container"]
    )
  - device_name.stdout is defined and device_name.stdout_lines is defined
  - (device_name.stdout | length &gt; 0)
  tags:
  - NIST-800-53-AC-6
  - NIST-800-53-AC-6(1)
  - NIST-800-53-CM-6(a)
  - NIST-800-53-CM-7(a)
  - NIST-800-53-CM-7(b)
  - NIST-800-53-MP-7
  - configure_strategy
  - high_disruption
  - low_complexity
  - medium_severity
  - mount_option_dev_shm_nosuid
  - no_reboot_needed

- name: 'Add nosuid Option to /dev/shm: If /dev/shm not mounted, craft mount_info
    manually'
  set_fact:
    mount_info: '{{ mount_info|default({})|combine({item.0: item.1}) }}'
  with_together:
  - - target
    - source
    - fstype
    - options
  - - /dev/shm
    - tmpfs
    - tmpfs
    - defaults
  when:
  - not ( ansible_virtualization_type in ["docker", "lxc", "openvz", "podman", "container"]
    )
  - ("" | length == 0)
  - device_name.stdout is defined and device_name.stdout_lines is defined
  - (device_name.stdout | length == 0)
  tags:
  - NIST-800-53-AC-6
  - NIST-800-53-AC-6(1)
  - NIST-800-53-CM-6(a)
  - NIST-800-53-CM-7(a)
  - NIST-800-53-CM-7(b)
  - NIST-800-53-MP-7
  - configure_strategy
  - high_disruption
  - low_complexity
  - medium_severity
  - mount_option_dev_shm_nosuid
  - no_reboot_needed

- name: 'Add nosuid Option to /dev/shm: Make sure nosuid option is part of the to
    /dev/shm options'
  set_fact:
    mount_info: '{{ mount_info | combine( {''options'':''''~mount_info.options~'',nosuid''
      }) }}'
  when:
  - not ( ansible_virtualization_type in ["docker", "lxc", "openvz", "podman", "container"]
    )
  - mount_info is defined and "nosuid" not in mount_info.options
  tags:
  - NIST-800-53-AC-6
  - NIST-800-53-AC-6(1)
  - NIST-800-53-CM-6(a)
  - NIST-800-53-CM-7(a)
  - NIST-800-53-CM-7(b)
  - NIST-800-53-MP-7
  - configure_strategy
  - high_disruption
  - low_complexity
  - medium_severity
  - mount_option_dev_shm_nosuid
  - no_reboot_needed

- name: 'Add nosuid Option to /dev/shm: Ensure /dev/shm is mounted with nosuid option'
  mount:
    path: /dev/shm
    src: '{{ mount_info.source }}'
    opts: '{{ mount_info.options }}'
    state: mounted
    fstype: '{{ mount_info.fstype }}'
  when:
  - not ( ansible_virtualization_type in ["docker", "lxc", "openvz", "podman", "container"]
    )
  - mount_info is defined
  - (device_name.stdout is defined and (device_name.stdout | length &gt; 0)) or ("" |
    length == 0)
  tags:
  - NIST-800-53-AC-6
  - NIST-800-53-AC-6(1)
  - NIST-800-53-CM-6(a)
  - NIST-800-53-CM-7(a)
  - NIST-800-53-CM-7(b)
  - NIST-800-53-MP-7
  - configure_strategy
  - high_disruption
  - low_complexity
  - medium_severity
  - mount_option_dev_shm_nosuid
  - no_reboot_needed
</fix>
          <fix xmlns:xhtml="http://www.w3.org/1999/xhtml" id="mount_option_dev_shm_nosuid" system="urn:xccdf:fix:script:sh"># Remediation is applicable only in certain platforms
if ! ( [ -f /.dockerenv ] || [ -f /run/.containerenv ] ); then

function perform_remediation {
    


    mount_point_match_regexp="$(printf "^[[:space:]]*[^#].*[[:space:]]%s[[:space:]]" /dev/shm)"

    # If the mount point is not in /etc/fstab, get previous mount options from /etc/mtab
    if ! grep -q "$mount_point_match_regexp" /etc/fstab; then
        # runtime opts without some automatic kernel/userspace-added defaults
        previous_mount_opts=$(grep "$mount_point_match_regexp" /etc/mtab | head -1 |  awk '{print $4}' \
                    | sed -E "s/(rw|defaults|seclabel|nosuid)(,|$)//g;s/,$//")
        [ "$previous_mount_opts" ] &amp;&amp; previous_mount_opts+=","
        # In iso9660 filesystems mtab could describe a "blocksize" value, this should be reflected in
        # fstab as "block".  The next variable is to satisfy shellcheck SC2050.
        fs_type="tmpfs"
        if [  "$fs_type" == "iso9660" ] ; then
            previous_mount_opts=$(sed 's/blocksize=/block=/' &lt;&lt;&lt; "$previous_mount_opts")
        fi
        echo "tmpfs /dev/shm tmpfs defaults,${previous_mount_opts}nosuid 0 0" &gt;&gt; /etc/fstab
    # If the mount_opt option is not already in the mount point's /etc/fstab entry, add it
    elif ! grep "$mount_point_match_regexp" /etc/fstab | grep -q "nosuid"; then
        previous_mount_opts=$(grep "$mount_point_match_regexp" /etc/fstab | awk '{print $4}')
        sed -i "s|\(${mount_point_match_regexp}.*${previous_mount_opts}\)|\1,nosuid|" /etc/fstab
    fi


    if mkdir -p "/dev/shm"; then
        if mountpoint -q "/dev/shm"; then
            mount -o remount --target "/dev/shm"
        fi
    fi
}

perform_remediation

else
    &gt;&amp;2 echo 'Remediation is not applicable, nothing was done'
fi
</fix>
          <check system="http://oval.mitre.org/XMLSchema/oval-definitions-5">
            <check-content-ref name="oval:ssg-mount_option_dev_shm_nosuid:def:1" href="ssg-ubuntu2404-oval.xml"/>
          </check>
          <check system="http://scap.nist.gov/schema/ocil/2">
            <check-content-ref name="ocil:ssg-mount_option_dev_shm_nosuid_ocil:questionnaire:1" href="ssg-ubuntu2404-ocil.xml"/>
          </check>
        </Rule>
        <Rule id="xccdf_org.ssgproject.content_rule_mount_option_home_nodev" selected="false" role="full" severity="unknown">
          <title xmlns:xhtml="http://www.w3.org/1999/xhtml" xml:lang="en-US">Add nodev Option to /home</title>
          <description xmlns:xhtml="http://www.w3.org/1999/xhtml" xml:lang="en-US">The <html:code xmlns:html="http://www.w3.org/1999/xhtml">nodev</html:code> mount option can be used to prevent device files from
being created in <html:code xmlns:html="http://www.w3.org/1999/xhtml">/home</html:code>.
Legitimate character and block devices should exist only in
the <html:code xmlns:html="http://www.w3.org/1999/xhtml">/dev</html:code> directory on the root partition or within chroot
jails built for system services.
Add the <html:code xmlns:html="http://www.w3.org/1999/xhtml">nodev</html:code> option to the fourth column of
<html:code xmlns:html="http://www.w3.org/1999/xhtml">/etc/fstab</html:code> for the line which controls mounting of
<html:code xmlns:html="http://www.w3.org/1999/xhtml">/home</html:code>.</description>
          <reference href="https://public.cyber.mil/stigs/cci/">CCI-001764</reference>
          <reference href="https://public.cyber.mil/stigs/downloads/?_dl_facet_stigs=operating-systems%2Cgeneral-purpose-os">SRG-OS-000368-GPOS-00154</reference>
          <reference href="https://www.cisecurity.org/benchmark/ubuntu_linux/">1.1.2.3.2</reference>
          <rationale xmlns:xhtml="http://www.w3.org/1999/xhtml" xml:lang="en-US">The only legitimate location for device files is the <html:code xmlns:html="http://www.w3.org/1999/xhtml">/dev</html:code> directory
located on the root partition. The only exception to this is chroot jails.</rationale>
          <platform idref="#mount_home"/>
          <fix xmlns:xhtml="http://www.w3.org/1999/xhtml" id="mount_option_home_nodev" system="urn:xccdf:fix:script:ansible" complexity="low" disruption="high" strategy="configure">- name: 'Add nodev Option to /home: Check information associated to mountpoint'
  command: findmnt --fstab '/home'
  register: device_name
  failed_when: device_name.rc &gt; 1
  changed_when: false
  when:
  - not ( ansible_virtualization_type in ["docker", "lxc", "openvz", "podman", "container"]
    )
  - '"/home" in ansible_mounts | map(attribute="mount") | list'
  tags:
  - configure_strategy
  - high_disruption
  - low_complexity
  - mount_option_home_nodev
  - no_reboot_needed
  - unknown_severity

- name: 'Add nodev Option to /home: Create mount_info dictionary variable'
  set_fact:
    mount_info: '{{ mount_info|default({})|combine({item.0: item.1}) }}'
  with_together:
  - '{{ device_name.stdout_lines[0].split() | list | lower }}'
  - '{{ device_name.stdout_lines[1].split() | list }}'
  when:
  - not ( ansible_virtualization_type in ["docker", "lxc", "openvz", "podman", "container"]
    )
  - '"/home" in ansible_mounts | map(attribute="mount") | list'
  - device_name.stdout is defined and device_name.stdout_lines is defined
  - (device_name.stdout | length &gt; 0)
  tags:
  - configure_strategy
  - high_disruption
  - low_complexity
  - mount_option_home_nodev
  - no_reboot_needed
  - unknown_severity

- name: 'Add nodev Option to /home: If /home not mounted, craft mount_info manually'
  set_fact:
    mount_info: '{{ mount_info|default({})|combine({item.0: item.1}) }}'
  with_together:
  - - target
    - source
    - fstype
    - options
  - - /home
    - ''
    - ''
    - defaults
  when:
  - not ( ansible_virtualization_type in ["docker", "lxc", "openvz", "podman", "container"]
    )
  - '"/home" in ansible_mounts | map(attribute="mount") | list'
  - ("--fstab" | length == 0)
  - device_name.stdout is defined and device_name.stdout_lines is defined
  - (device_name.stdout | length == 0)
  tags:
  - configure_strategy
  - high_disruption
  - low_complexity
  - mount_option_home_nodev
  - no_reboot_needed
  - unknown_severity

- name: 'Add nodev Option to /home: Make sure nodev option is part of the to /home
    options'
  set_fact:
    mount_info: '{{ mount_info | combine( {''options'':''''~mount_info.options~'',nodev''
      }) }}'
  when:
  - not ( ansible_virtualization_type in ["docker", "lxc", "openvz", "podman", "container"]
    )
  - '"/home" in ansible_mounts | map(attribute="mount") | list'
  - mount_info is defined and "nodev" not in mount_info.options
  tags:
  - configure_strategy
  - high_disruption
  - low_complexity
  - mount_option_home_nodev
  - no_reboot_needed
  - unknown_severity

- name: 'Add nodev Option to /home: Ensure /home is mounted with nodev option'
  mount:
    path: /home
    src: '{{ mount_info.source }}'
    opts: '{{ mount_info.options }}'
    state: mounted
    fstype: '{{ mount_info.fstype }}'
  when:
  - not ( ansible_virtualization_type in ["docker", "lxc", "openvz", "podman", "container"]
    )
  - '"/home" in ansible_mounts | map(attribute="mount") | list'
  - mount_info is defined
  - (device_name.stdout is defined and (device_name.stdout | length &gt; 0)) or ("--fstab"
    | length == 0)
  tags:
  - configure_strategy
  - high_disruption
  - low_complexity
  - mount_option_home_nodev
  - no_reboot_needed
  - unknown_severity
</fix>
          <fix xmlns:xhtml="http://www.w3.org/1999/xhtml" id="mount_option_home_nodev" system="urn:xccdf:fix:script:sh"># Remediation is applicable only in certain platforms
if ! ( [ -f /.dockerenv ] || [ -f /run/.containerenv ] ) &amp;&amp; { findmnt --kernel "/home" &gt; /dev/null || findmnt --fstab "/home" &gt; /dev/null; }; then

function perform_remediation {
    
        # the mount point /home has to be defined in /etc/fstab
        # before this remediation can be executed. In case it is not defined, the
        # remediation aborts and no changes regarding the mount point are done.
        mount_point_match_regexp="$(printf "^[[:space:]]*[^#].*[[:space:]]%s[[:space:]]" "/home")"

    grep "$mount_point_match_regexp" -q /etc/fstab \
        || { echo "The mount point '/home' is not even in /etc/fstab, so we can't set up mount options" &gt;&amp;2;
                echo "Not remediating, because there is no record of /home in /etc/fstab" &gt;&amp;2; return 1; }
    


    mount_point_match_regexp="$(printf "^[[:space:]]*[^#].*[[:space:]]%s[[:space:]]" /home)"

    # If the mount point is not in /etc/fstab, get previous mount options from /etc/mtab
    if ! grep -q "$mount_point_match_regexp" /etc/fstab; then
        # runtime opts without some automatic kernel/userspace-added defaults
        previous_mount_opts=$(grep "$mount_point_match_regexp" /etc/mtab | head -1 |  awk '{print $4}' \
                    | sed -E "s/(rw|defaults|seclabel|nodev)(,|$)//g;s/,$//")
        [ "$previous_mount_opts" ] &amp;&amp; previous_mount_opts+=","
        # In iso9660 filesystems mtab could describe a "blocksize" value, this should be reflected in
        # fstab as "block".  The next variable is to satisfy shellcheck SC2050.
        fs_type=""
        if [  "$fs_type" == "iso9660" ] ; then
            previous_mount_opts=$(sed 's/blocksize=/block=/' &lt;&lt;&lt; "$previous_mount_opts")
        fi
        echo " /home  defaults,${previous_mount_opts}nodev 0 0" &gt;&gt; /etc/fstab
    # If the mount_opt option is not already in the mount point's /etc/fstab entry, add it
    elif ! grep "$mount_point_match_regexp" /etc/fstab | grep -q "nodev"; then
        previous_mount_opts=$(grep "$mount_point_match_regexp" /etc/fstab | awk '{print $4}')
        sed -i "s|\(${mount_point_match_regexp}.*${previous_mount_opts}\)|\1,nodev|" /etc/fstab
    fi


    if mkdir -p "/home"; then
        if mountpoint -q "/home"; then
            mount -o remount --target "/home"
        fi
    fi
}

perform_remediation

else
    &gt;&amp;2 echo 'Remediation is not applicable, nothing was done'
fi
</fix>
          <check system="http://oval.mitre.org/XMLSchema/oval-definitions-5">
            <check-content-ref name="oval:ssg-mount_option_home_nodev:def:1" href="ssg-ubuntu2404-oval.xml"/>
          </check>
          <check system="http://scap.nist.gov/schema/ocil/2">
            <check-content-ref name="ocil:ssg-mount_option_home_nodev_ocil:questionnaire:1" href="ssg-ubuntu2404-ocil.xml"/>
          </check>
        </Rule>
        <Rule id="xccdf_org.ssgproject.content_rule_mount_option_home_nosuid" selected="false" role="full" severity="medium">
          <title xmlns:xhtml="http://www.w3.org/1999/xhtml" xml:lang="en-US">Add nosuid Option to /home</title>
          <description xmlns:xhtml="http://www.w3.org/1999/xhtml" xml:lang="en-US">The <html:code xmlns:html="http://www.w3.org/1999/xhtml">nosuid</html:code> mount option can be used to prevent
execution of setuid programs in <html:code xmlns:html="http://www.w3.org/1999/xhtml">/home</html:code>. The SUID and SGID permissions
should not be required in these user data directories.
Add the <html:code xmlns:html="http://www.w3.org/1999/xhtml">nosuid</html:code> option to the fourth column of
<html:code xmlns:html="http://www.w3.org/1999/xhtml">/etc/fstab</html:code> for the line which controls mounting of
<html:code xmlns:html="http://www.w3.org/1999/xhtml">/home</html:code>.</description>
          <reference href="https://www.cisecurity.org/controls/">11</reference>
          <reference href="https://www.cisecurity.org/controls/">13</reference>
          <reference href="https://www.cisecurity.org/controls/">14</reference>
          <reference href="https://www.cisecurity.org/controls/">3</reference>
          <reference href="https://www.cisecurity.org/controls/">8</reference>
          <reference href="https://www.cisecurity.org/controls/">9</reference>
          <reference href="https://www.isaca.org/resources/cobit">APO13.01</reference>
          <reference href="https://www.isaca.org/resources/cobit">BAI10.01</reference>
          <reference href="https://www.isaca.org/resources/cobit">BAI10.02</reference>
          <reference href="https://www.isaca.org/resources/cobit">BAI10.03</reference>
          <reference href="https://www.isaca.org/resources/cobit">BAI10.05</reference>
          <reference href="https://www.isaca.org/resources/cobit">DSS05.02</reference>
          <reference href="https://www.isaca.org/resources/cobit">DSS05.05</reference>
          <reference href="https://www.isaca.org/resources/cobit">DSS05.06</reference>
          <reference href="https://www.isaca.org/resources/cobit">DSS06.06</reference>
          <reference href="https://public.cyber.mil/stigs/cci/">CCI-000366</reference>
          <reference href="https://public.cyber.mil/stigs/cci/">CCI-001764</reference>
          <reference href="https://www.isa.org/products/isa-62443-2-1-2009-security-for-industrial-automat">4.3.3.5.1</reference>
          <reference href="https://www.isa.org/products/isa-62443-2-1-2009-security-for-industrial-automat">4.3.3.5.2</reference>
          <reference href="https://www.isa.org/products/isa-62443-2-1-2009-security-for-industrial-automat">4.3.3.5.3</reference>
          <reference href="https://www.isa.org/products/isa-62443-2-1-2009-security-for-industrial-automat">4.3.3.5.4</reference>
          <reference href="https://www.isa.org/products/isa-62443-2-1-2009-security-for-industrial-automat">4.3.3.5.5</reference>
          <reference href="https://www.isa.org/products/isa-62443-2-1-2009-security-for-industrial-automat">4.3.3.5.6</reference>
          <reference href="https://www.isa.org/products/isa-62443-2-1-2009-security-for-industrial-automat">4.3.3.5.7</reference>
          <reference href="https://www.isa.org/products/isa-62443-2-1-2009-security-for-industrial-automat">4.3.3.5.8</reference>
          <reference href="https://www.isa.org/products/isa-62443-2-1-2009-security-for-industrial-automat">4.3.3.6.1</reference>
          <reference href="https://www.isa.org/products/isa-62443-2-1-2009-security-for-industrial-automat">4.3.3.6.2</reference>
          <reference href="https://www.isa.org/products/isa-62443-2-1-2009-security-for-industrial-automat">4.3.3.6.3</reference>
          <reference href="https://www.isa.org/products/isa-62443-2-1-2009-security-for-industrial-automat">4.3.3.6.4</reference>
          <reference href="https://www.isa.org/products/isa-62443-2-1-2009-security-for-industrial-automat">4.3.3.6.5</reference>
          <reference href="https://www.isa.org/products/isa-62443-2-1-2009-security-for-industrial-automat">4.3.3.6.6</reference>
          <reference href="https://www.isa.org/products/isa-62443-2-1-2009-security-for-industrial-automat">4.3.3.6.7</reference>
          <reference href="https://www.isa.org/products/isa-62443-2-1-2009-security-for-industrial-automat">4.3.3.6.8</reference>
          <reference href="https://www.isa.org/products/isa-62443-2-1-2009-security-for-industrial-automat">4.3.3.6.9</reference>
          <reference href="https://www.isa.org/products/isa-62443-2-1-2009-security-for-industrial-automat">4.3.3.7.1</reference>
          <reference href="https://www.isa.org/products/isa-62443-2-1-2009-security-for-industrial-automat">4.3.3.7.2</reference>
          <reference href="https://www.isa.org/products/isa-62443-2-1-2009-security-for-industrial-automat">4.3.3.7.3</reference>
          <reference href="https://www.isa.org/products/isa-62443-2-1-2009-security-for-industrial-automat">4.3.3.7.4</reference>
          <reference href="https://www.isa.org/products/isa-62443-2-1-2009-security-for-industrial-automat">4.3.4.3.2</reference>
          <reference href="https://www.isa.org/products/isa-62443-2-1-2009-security-for-industrial-automat">4.3.4.3.3</reference>
          <reference href="https://www.isa.org/products/ansi-isa-62443-3-3-99-03-03-2013-security-for-indu">SR 1.1</reference>
          <reference href="https://www.isa.org/products/ansi-isa-62443-3-3-99-03-03-2013-security-for-indu">SR 1.10</reference>
          <reference href="https://www.isa.org/products/ansi-isa-62443-3-3-99-03-03-2013-security-for-indu">SR 1.11</reference>
          <reference href="https://www.isa.org/products/ansi-isa-62443-3-3-99-03-03-2013-security-for-indu">SR 1.12</reference>
          <reference href="https://www.isa.org/products/ansi-isa-62443-3-3-99-03-03-2013-security-for-indu">SR 1.13</reference>
          <reference href="https://www.isa.org/products/ansi-isa-62443-3-3-99-03-03-2013-security-for-indu">SR 1.2</reference>
          <reference href="https://www.isa.org/products/ansi-isa-62443-3-3-99-03-03-2013-security-for-indu">SR 1.3</reference>
          <reference href="https://www.isa.org/products/ansi-isa-62443-3-3-99-03-03-2013-security-for-indu">SR 1.4</reference>
          <reference href="https://www.isa.org/products/ansi-isa-62443-3-3-99-03-03-2013-security-for-indu">SR 1.5</reference>
          <reference href="https://www.isa.org/products/ansi-isa-62443-3-3-99-03-03-2013-security-for-indu">SR 1.6</reference>
          <reference href="https://www.isa.org/products/ansi-isa-62443-3-3-99-03-03-2013-security-for-indu">SR 1.7</reference>
          <reference href="https://www.isa.org/products/ansi-isa-62443-3-3-99-03-03-2013-security-for-indu">SR 1.8</reference>
          <reference href="https://www.isa.org/products/ansi-isa-62443-3-3-99-03-03-2013-security-for-indu">SR 1.9</reference>
          <reference href="https://www.isa.org/products/ansi-isa-62443-3-3-99-03-03-2013-security-for-indu">SR 2.1</reference>
          <reference href="https://www.isa.org/products/ansi-isa-62443-3-3-99-03-03-2013-security-for-indu">SR 2.2</reference>
          <reference href="https://www.isa.org/products/ansi-isa-62443-3-3-99-03-03-2013-security-for-indu">SR 2.3</reference>
          <reference href="https://www.isa.org/products/ansi-isa-62443-3-3-99-03-03-2013-security-for-indu">SR 2.4</reference>
          <reference href="https://www.isa.org/products/ansi-isa-62443-3-3-99-03-03-2013-security-for-indu">SR 2.5</reference>
          <reference href="https://www.isa.org/products/ansi-isa-62443-3-3-99-03-03-2013-security-for-indu">SR 2.6</reference>
          <reference href="https://www.isa.org/products/ansi-isa-62443-3-3-99-03-03-2013-security-for-indu">SR 2.7</reference>
          <reference href="https://www.isa.org/products/ansi-isa-62443-3-3-99-03-03-2013-security-for-indu">SR 7.6</reference>
          <reference href="https://www.iso.org/contents/data/standard/05/45/54534.html">A.11.2.9</reference>
          <reference href="https://www.iso.org/contents/data/standard/05/45/54534.html">A.12.1.2</reference>
          <reference href="https://www.iso.org/contents/data/standard/05/45/54534.html">A.12.5.1</reference>
          <reference href="https://www.iso.org/contents/data/standard/05/45/54534.html">A.12.6.2</reference>
          <reference href="https://www.iso.org/contents/data/standard/05/45/54534.html">A.14.2.2</reference>
          <reference href="https://www.iso.org/contents/data/standard/05/45/54534.html">A.14.2.3</reference>
          <reference href="https://www.iso.org/contents/data/standard/05/45/54534.html">A.14.2.4</reference>
          <reference href="https://www.iso.org/contents/data/standard/05/45/54534.html">A.8.2.1</reference>
          <reference href="https://www.iso.org/contents/data/standard/05/45/54534.html">A.8.2.2</reference>
          <reference href="https://www.iso.org/contents/data/standard/05/45/54534.html">A.8.2.3</reference>
          <reference href="https://www.iso.org/contents/data/standard/05/45/54534.html">A.8.3.1</reference>
          <reference href="https://www.iso.org/contents/data/standard/05/45/54534.html">A.8.3.3</reference>
          <reference href="https://www.iso.org/contents/data/standard/05/45/54534.html">A.9.1.2</reference>
          <reference href="https://www.nerc.com/pa/Stand/AlignRep/One%20Stop%20Shop.xlsx">CIP-003-8 R5.1.1</reference>
          <reference href="https://www.nerc.com/pa/Stand/AlignRep/One%20Stop%20Shop.xlsx">CIP-003-8 R5.3</reference>
          <reference href="https://www.nerc.com/pa/Stand/AlignRep/One%20Stop%20Shop.xlsx">CIP-004-6 R2.3</reference>
          <reference href="https://www.nerc.com/pa/Stand/AlignRep/One%20Stop%20Shop.xlsx">CIP-007-3 R2.1</reference>
          <reference href="https://www.nerc.com/pa/Stand/AlignRep/One%20Stop%20Shop.xlsx">CIP-007-3 R2.2</reference>
          <reference href="https://www.nerc.com/pa/Stand/AlignRep/One%20Stop%20Shop.xlsx">CIP-007-3 R2.3</reference>
          <reference href="https://www.nerc.com/pa/Stand/AlignRep/One%20Stop%20Shop.xlsx">CIP-007-3 R5.1</reference>
          <reference href="https://www.nerc.com/pa/Stand/AlignRep/One%20Stop%20Shop.xlsx">CIP-007-3 R5.1.1</reference>
          <reference href="https://www.nerc.com/pa/Stand/AlignRep/One%20Stop%20Shop.xlsx">CIP-007-3 R5.1.2</reference>
          <reference href="http://nvlpubs.nist.gov/nistpubs/SpecialPublications/NIST.SP.800-53r4.pdf">CM-7(a)</reference>
          <reference href="http://nvlpubs.nist.gov/nistpubs/SpecialPublications/NIST.SP.800-53r4.pdf">CM-7(b)</reference>
          <reference href="http://nvlpubs.nist.gov/nistpubs/SpecialPublications/NIST.SP.800-53r4.pdf">CM-6(a)</reference>
          <reference href="http://nvlpubs.nist.gov/nistpubs/SpecialPublications/NIST.SP.800-53r4.pdf">AC-6</reference>
          <reference href="http://nvlpubs.nist.gov/nistpubs/SpecialPublications/NIST.SP.800-53r4.pdf">AC-6(1)</reference>
          <reference href="http://nvlpubs.nist.gov/nistpubs/SpecialPublications/NIST.SP.800-53r4.pdf">MP-7</reference>
          <reference href="https://nvlpubs.nist.gov/nistpubs/CSWP/NIST.CSWP.04162018.pdf">PR.IP-1</reference>
          <reference href="https://nvlpubs.nist.gov/nistpubs/CSWP/NIST.CSWP.04162018.pdf">PR.PT-2</reference>
          <reference href="https://nvlpubs.nist.gov/nistpubs/CSWP/NIST.CSWP.04162018.pdf">PR.PT-3</reference>
          <reference href="https://public.cyber.mil/stigs/downloads/?_dl_facet_stigs=operating-systems%2Cgeneral-purpose-os">SRG-OS-000368-GPOS-00154</reference>
          <reference href="https://public.cyber.mil/stigs/downloads/?_dl_facet_stigs=operating-systems%2Cgeneral-purpose-os">SRG-OS-000480-GPOS-00227</reference>
          <reference href="https://cyber.gouv.fr/sites/default/files/document/linux_configuration-en-v2.pdf">R28</reference>
          <reference href="https://www.cisecurity.org/benchmark/ubuntu_linux/">1.1.2.3.3</reference>
          <rationale xmlns:xhtml="http://www.w3.org/1999/xhtml" xml:lang="en-US">The presence of SUID and SGID executables should be tightly controlled. Users
should not be able to execute SUID or SGID binaries from user home directory partitions.</rationale>
          <platform idref="#mount_home"/>
          <fix xmlns:xhtml="http://www.w3.org/1999/xhtml" id="mount_option_home_nosuid" system="urn:xccdf:fix:script:ansible" complexity="low" disruption="high" strategy="configure">- name: 'Add nosuid Option to /home: Check information associated to mountpoint'
  command: findmnt --fstab '/home'
  register: device_name
  failed_when: device_name.rc &gt; 1
  changed_when: false
  when:
  - not ( ansible_virtualization_type in ["docker", "lxc", "openvz", "podman", "container"]
    )
  - '"/home" in ansible_mounts | map(attribute="mount") | list'
  tags:
  - NIST-800-53-AC-6
  - NIST-800-53-AC-6(1)
  - NIST-800-53-CM-6(a)
  - NIST-800-53-CM-7(a)
  - NIST-800-53-CM-7(b)
  - NIST-800-53-MP-7
  - configure_strategy
  - high_disruption
  - low_complexity
  - medium_severity
  - mount_option_home_nosuid
  - no_reboot_needed

- name: 'Add nosuid Option to /home: Create mount_info dictionary variable'
  set_fact:
    mount_info: '{{ mount_info|default({})|combine({item.0: item.1}) }}'
  with_together:
  - '{{ device_name.stdout_lines[0].split() | list | lower }}'
  - '{{ device_name.stdout_lines[1].split() | list }}'
  when:
  - not ( ansible_virtualization_type in ["docker", "lxc", "openvz", "podman", "container"]
    )
  - '"/home" in ansible_mounts | map(attribute="mount") | list'
  - device_name.stdout is defined and device_name.stdout_lines is defined
  - (device_name.stdout | length &gt; 0)
  tags:
  - NIST-800-53-AC-6
  - NIST-800-53-AC-6(1)
  - NIST-800-53-CM-6(a)
  - NIST-800-53-CM-7(a)
  - NIST-800-53-CM-7(b)
  - NIST-800-53-MP-7
  - configure_strategy
  - high_disruption
  - low_complexity
  - medium_severity
  - mount_option_home_nosuid
  - no_reboot_needed

- name: 'Add nosuid Option to /home: If /home not mounted, craft mount_info manually'
  set_fact:
    mount_info: '{{ mount_info|default({})|combine({item.0: item.1}) }}'
  with_together:
  - - target
    - source
    - fstype
    - options
  - - /home
    - ''
    - ''
    - defaults
  when:
  - not ( ansible_virtualization_type in ["docker", "lxc", "openvz", "podman", "container"]
    )
  - '"/home" in ansible_mounts | map(attribute="mount") | list'
  - ("--fstab" | length == 0)
  - device_name.stdout is defined and device_name.stdout_lines is defined
  - (device_name.stdout | length == 0)
  tags:
  - NIST-800-53-AC-6
  - NIST-800-53-AC-6(1)
  - NIST-800-53-CM-6(a)
  - NIST-800-53-CM-7(a)
  - NIST-800-53-CM-7(b)
  - NIST-800-53-MP-7
  - configure_strategy
  - high_disruption
  - low_complexity
  - medium_severity
  - mount_option_home_nosuid
  - no_reboot_needed

- name: 'Add nosuid Option to /home: Make sure nosuid option is part of the to /home
    options'
  set_fact:
    mount_info: '{{ mount_info | combine( {''options'':''''~mount_info.options~'',nosuid''
      }) }}'
  when:
  - not ( ansible_virtualization_type in ["docker", "lxc", "openvz", "podman", "container"]
    )
  - '"/home" in ansible_mounts | map(attribute="mount") | list'
  - mount_info is defined and "nosuid" not in mount_info.options
  tags:
  - NIST-800-53-AC-6
  - NIST-800-53-AC-6(1)
  - NIST-800-53-CM-6(a)
  - NIST-800-53-CM-7(a)
  - NIST-800-53-CM-7(b)
  - NIST-800-53-MP-7
  - configure_strategy
  - high_disruption
  - low_complexity
  - medium_severity
  - mount_option_home_nosuid
  - no_reboot_needed

- name: 'Add nosuid Option to /home: Ensure /home is mounted with nosuid option'
  mount:
    path: /home
    src: '{{ mount_info.source }}'
    opts: '{{ mount_info.options }}'
    state: mounted
    fstype: '{{ mount_info.fstype }}'
  when:
  - not ( ansible_virtualization_type in ["docker", "lxc", "openvz", "podman", "container"]
    )
  - '"/home" in ansible_mounts | map(attribute="mount") | list'
  - mount_info is defined
  - (device_name.stdout is defined and (device_name.stdout | length &gt; 0)) or ("--fstab"
    | length == 0)
  tags:
  - NIST-800-53-AC-6
  - NIST-800-53-AC-6(1)
  - NIST-800-53-CM-6(a)
  - NIST-800-53-CM-7(a)
  - NIST-800-53-CM-7(b)
  - NIST-800-53-MP-7
  - configure_strategy
  - high_disruption
  - low_complexity
  - medium_severity
  - mount_option_home_nosuid
  - no_reboot_needed
</fix>
          <fix xmlns:xhtml="http://www.w3.org/1999/xhtml" id="mount_option_home_nosuid" system="urn:xccdf:fix:script:sh"># Remediation is applicable only in certain platforms
if ! ( [ -f /.dockerenv ] || [ -f /run/.containerenv ] ) &amp;&amp; { findmnt --kernel "/home" &gt; /dev/null || findmnt --fstab "/home" &gt; /dev/null; }; then

function perform_remediation {
    
        # the mount point /home has to be defined in /etc/fstab
        # before this remediation can be executed. In case it is not defined, the
        # remediation aborts and no changes regarding the mount point are done.
        mount_point_match_regexp="$(printf "^[[:space:]]*[^#].*[[:space:]]%s[[:space:]]" "/home")"

    grep "$mount_point_match_regexp" -q /etc/fstab \
        || { echo "The mount point '/home' is not even in /etc/fstab, so we can't set up mount options" &gt;&amp;2;
                echo "Not remediating, because there is no record of /home in /etc/fstab" &gt;&amp;2; return 1; }
    


    mount_point_match_regexp="$(printf "^[[:space:]]*[^#].*[[:space:]]%s[[:space:]]" /home)"

    # If the mount point is not in /etc/fstab, get previous mount options from /etc/mtab
    if ! grep -q "$mount_point_match_regexp" /etc/fstab; then
        # runtime opts without some automatic kernel/userspace-added defaults
        previous_mount_opts=$(grep "$mount_point_match_regexp" /etc/mtab | head -1 |  awk '{print $4}' \
                    | sed -E "s/(rw|defaults|seclabel|nosuid)(,|$)//g;s/,$//")
        [ "$previous_mount_opts" ] &amp;&amp; previous_mount_opts+=","
        # In iso9660 filesystems mtab could describe a "blocksize" value, this should be reflected in
        # fstab as "block".  The next variable is to satisfy shellcheck SC2050.
        fs_type=""
        if [  "$fs_type" == "iso9660" ] ; then
            previous_mount_opts=$(sed 's/blocksize=/block=/' &lt;&lt;&lt; "$previous_mount_opts")
        fi
        echo " /home  defaults,${previous_mount_opts}nosuid 0 0" &gt;&gt; /etc/fstab
    # If the mount_opt option is not already in the mount point's /etc/fstab entry, add it
    elif ! grep "$mount_point_match_regexp" /etc/fstab | grep -q "nosuid"; then
        previous_mount_opts=$(grep "$mount_point_match_regexp" /etc/fstab | awk '{print $4}')
        sed -i "s|\(${mount_point_match_regexp}.*${previous_mount_opts}\)|\1,nosuid|" /etc/fstab
    fi


    if mkdir -p "/home"; then
        if mountpoint -q "/home"; then
            mount -o remount --target "/home"
        fi
    fi
}

perform_remediation

else
    &gt;&amp;2 echo 'Remediation is not applicable, nothing was done'
fi
</fix>
          <check system="http://oval.mitre.org/XMLSchema/oval-definitions-5">
            <check-content-ref name="oval:ssg-mount_option_home_nosuid:def:1" href="ssg-ubuntu2404-oval.xml"/>
          </check>
          <check system="http://scap.nist.gov/schema/ocil/2">
            <check-content-ref name="ocil:ssg-mount_option_home_nosuid_ocil:questionnaire:1" href="ssg-ubuntu2404-ocil.xml"/>
          </check>
        </Rule>
        <Rule id="xccdf_org.ssgproject.content_rule_mount_option_tmp_nodev" selected="false" role="full" severity="medium">
          <title xmlns:xhtml="http://www.w3.org/1999/xhtml" xml:lang="en-US">Add nodev Option to /tmp</title>
          <description xmlns:xhtml="http://www.w3.org/1999/xhtml" xml:lang="en-US">The <html:code xmlns:html="http://www.w3.org/1999/xhtml">nodev</html:code> mount option can be used to prevent device files from
being created in <html:code xmlns:html="http://www.w3.org/1999/xhtml">/tmp</html:code>. Legitimate character and block devices
should not exist within temporary directories like <html:code xmlns:html="http://www.w3.org/1999/xhtml">/tmp</html:code>.
Add the <html:code xmlns:html="http://www.w3.org/1999/xhtml">nodev</html:code> option to the fourth column of
<html:code xmlns:html="http://www.w3.org/1999/xhtml">/etc/fstab</html:code> for the line which controls mounting of
<html:code xmlns:html="http://www.w3.org/1999/xhtml">/tmp</html:code>.</description>
          <reference href="https://www.cisecurity.org/controls/">11</reference>
          <reference href="https://www.cisecurity.org/controls/">13</reference>
          <reference href="https://www.cisecurity.org/controls/">14</reference>
          <reference href="https://www.cisecurity.org/controls/">3</reference>
          <reference href="https://www.cisecurity.org/controls/">8</reference>
          <reference href="https://www.cisecurity.org/controls/">9</reference>
          <reference href="https://www.isaca.org/resources/cobit">APO13.01</reference>
          <reference href="https://www.isaca.org/resources/cobit">BAI10.01</reference>
          <reference href="https://www.isaca.org/resources/cobit">BAI10.02</reference>
          <reference href="https://www.isaca.org/resources/cobit">BAI10.03</reference>
          <reference href="https://www.isaca.org/resources/cobit">BAI10.05</reference>
          <reference href="https://www.isaca.org/resources/cobit">DSS05.02</reference>
          <reference href="https://www.isaca.org/resources/cobit">DSS05.05</reference>
          <reference href="https://www.isaca.org/resources/cobit">DSS05.06</reference>
          <reference href="https://www.isaca.org/resources/cobit">DSS06.06</reference>
          <reference href="https://public.cyber.mil/stigs/cci/">CCI-001764</reference>
          <reference href="https://www.isa.org/products/isa-62443-2-1-2009-security-for-industrial-automat">4.3.3.5.1</reference>
          <reference href="https://www.isa.org/products/isa-62443-2-1-2009-security-for-industrial-automat">4.3.3.5.2</reference>
          <reference href="https://www.isa.org/products/isa-62443-2-1-2009-security-for-industrial-automat">4.3.3.5.3</reference>
          <reference href="https://www.isa.org/products/isa-62443-2-1-2009-security-for-industrial-automat">4.3.3.5.4</reference>
          <reference href="https://www.isa.org/products/isa-62443-2-1-2009-security-for-industrial-automat">4.3.3.5.5</reference>
          <reference href="https://www.isa.org/products/isa-62443-2-1-2009-security-for-industrial-automat">4.3.3.5.6</reference>
          <reference href="https://www.isa.org/products/isa-62443-2-1-2009-security-for-industrial-automat">4.3.3.5.7</reference>
          <reference href="https://www.isa.org/products/isa-62443-2-1-2009-security-for-industrial-automat">4.3.3.5.8</reference>
          <reference href="https://www.isa.org/products/isa-62443-2-1-2009-security-for-industrial-automat">4.3.3.6.1</reference>
          <reference href="https://www.isa.org/products/isa-62443-2-1-2009-security-for-industrial-automat">4.3.3.6.2</reference>
          <reference href="https://www.isa.org/products/isa-62443-2-1-2009-security-for-industrial-automat">4.3.3.6.3</reference>
          <reference href="https://www.isa.org/products/isa-62443-2-1-2009-security-for-industrial-automat">4.3.3.6.4</reference>
          <reference href="https://www.isa.org/products/isa-62443-2-1-2009-security-for-industrial-automat">4.3.3.6.5</reference>
          <reference href="https://www.isa.org/products/isa-62443-2-1-2009-security-for-industrial-automat">4.3.3.6.6</reference>
          <reference href="https://www.isa.org/products/isa-62443-2-1-2009-security-for-industrial-automat">4.3.3.6.7</reference>
          <reference href="https://www.isa.org/products/isa-62443-2-1-2009-security-for-industrial-automat">4.3.3.6.8</reference>
          <reference href="https://www.isa.org/products/isa-62443-2-1-2009-security-for-industrial-automat">4.3.3.6.9</reference>
          <reference href="https://www.isa.org/products/isa-62443-2-1-2009-security-for-industrial-automat">4.3.3.7.1</reference>
          <reference href="https://www.isa.org/products/isa-62443-2-1-2009-security-for-industrial-automat">4.3.3.7.2</reference>
          <reference href="https://www.isa.org/products/isa-62443-2-1-2009-security-for-industrial-automat">4.3.3.7.3</reference>
          <reference href="https://www.isa.org/products/isa-62443-2-1-2009-security-for-industrial-automat">4.3.3.7.4</reference>
          <reference href="https://www.isa.org/products/isa-62443-2-1-2009-security-for-industrial-automat">4.3.4.3.2</reference>
          <reference href="https://www.isa.org/products/isa-62443-2-1-2009-security-for-industrial-automat">4.3.4.3.3</reference>
          <reference href="https://www.isa.org/products/ansi-isa-62443-3-3-99-03-03-2013-security-for-indu">SR 1.1</reference>
          <reference href="https://www.isa.org/products/ansi-isa-62443-3-3-99-03-03-2013-security-for-indu">SR 1.10</reference>
          <reference href="https://www.isa.org/products/ansi-isa-62443-3-3-99-03-03-2013-security-for-indu">SR 1.11</reference>
          <reference href="https://www.isa.org/products/ansi-isa-62443-3-3-99-03-03-2013-security-for-indu">SR 1.12</reference>
          <reference href="https://www.isa.org/products/ansi-isa-62443-3-3-99-03-03-2013-security-for-indu">SR 1.13</reference>
          <reference href="https://www.isa.org/products/ansi-isa-62443-3-3-99-03-03-2013-security-for-indu">SR 1.2</reference>
          <reference href="https://www.isa.org/products/ansi-isa-62443-3-3-99-03-03-2013-security-for-indu">SR 1.3</reference>
          <reference href="https://www.isa.org/products/ansi-isa-62443-3-3-99-03-03-2013-security-for-indu">SR 1.4</reference>
          <reference href="https://www.isa.org/products/ansi-isa-62443-3-3-99-03-03-2013-security-for-indu">SR 1.5</reference>
          <reference href="https://www.isa.org/products/ansi-isa-62443-3-3-99-03-03-2013-security-for-indu">SR 1.6</reference>
          <reference href="https://www.isa.org/products/ansi-isa-62443-3-3-99-03-03-2013-security-for-indu">SR 1.7</reference>
          <reference href="https://www.isa.org/products/ansi-isa-62443-3-3-99-03-03-2013-security-for-indu">SR 1.8</reference>
          <reference href="https://www.isa.org/products/ansi-isa-62443-3-3-99-03-03-2013-security-for-indu">SR 1.9</reference>
          <reference href="https://www.isa.org/products/ansi-isa-62443-3-3-99-03-03-2013-security-for-indu">SR 2.1</reference>
          <reference href="https://www.isa.org/products/ansi-isa-62443-3-3-99-03-03-2013-security-for-indu">SR 2.2</reference>
          <reference href="https://www.isa.org/products/ansi-isa-62443-3-3-99-03-03-2013-security-for-indu">SR 2.3</reference>
          <reference href="https://www.isa.org/products/ansi-isa-62443-3-3-99-03-03-2013-security-for-indu">SR 2.4</reference>
          <reference href="https://www.isa.org/products/ansi-isa-62443-3-3-99-03-03-2013-security-for-indu">SR 2.5</reference>
          <reference href="https://www.isa.org/products/ansi-isa-62443-3-3-99-03-03-2013-security-for-indu">SR 2.6</reference>
          <reference href="https://www.isa.org/products/ansi-isa-62443-3-3-99-03-03-2013-security-for-indu">SR 2.7</reference>
          <reference href="https://www.isa.org/products/ansi-isa-62443-3-3-99-03-03-2013-security-for-indu">SR 7.6</reference>
          <reference href="https://www.iso.org/contents/data/standard/05/45/54534.html">A.11.2.9</reference>
          <reference href="https://www.iso.org/contents/data/standard/05/45/54534.html">A.12.1.2</reference>
          <reference href="https://www.iso.org/contents/data/standard/05/45/54534.html">A.12.5.1</reference>
          <reference href="https://www.iso.org/contents/data/standard/05/45/54534.html">A.12.6.2</reference>
          <reference href="https://www.iso.org/contents/data/standard/05/45/54534.html">A.14.2.2</reference>
          <reference href="https://www.iso.org/contents/data/standard/05/45/54534.html">A.14.2.3</reference>
          <reference href="https://www.iso.org/contents/data/standard/05/45/54534.html">A.14.2.4</reference>
          <reference href="https://www.iso.org/contents/data/standard/05/45/54534.html">A.8.2.1</reference>
          <reference href="https://www.iso.org/contents/data/standard/05/45/54534.html">A.8.2.2</reference>
          <reference href="https://www.iso.org/contents/data/standard/05/45/54534.html">A.8.2.3</reference>
          <reference href="https://www.iso.org/contents/data/standard/05/45/54534.html">A.8.3.1</reference>
          <reference href="https://www.iso.org/contents/data/standard/05/45/54534.html">A.8.3.3</reference>
          <reference href="https://www.iso.org/contents/data/standard/05/45/54534.html">A.9.1.2</reference>
          <reference href="https://www.nerc.com/pa/Stand/AlignRep/One%20Stop%20Shop.xlsx">CIP-003-8 R5.1.1</reference>
          <reference href="https://www.nerc.com/pa/Stand/AlignRep/One%20Stop%20Shop.xlsx">CIP-003-8 R5.3</reference>
          <reference href="https://www.nerc.com/pa/Stand/AlignRep/One%20Stop%20Shop.xlsx">CIP-004-6 R2.3</reference>
          <reference href="https://www.nerc.com/pa/Stand/AlignRep/One%20Stop%20Shop.xlsx">CIP-007-3 R2.1</reference>
          <reference href="https://www.nerc.com/pa/Stand/AlignRep/One%20Stop%20Shop.xlsx">CIP-007-3 R2.2</reference>
          <reference href="https://www.nerc.com/pa/Stand/AlignRep/One%20Stop%20Shop.xlsx">CIP-007-3 R2.3</reference>
          <reference href="https://www.nerc.com/pa/Stand/AlignRep/One%20Stop%20Shop.xlsx">CIP-007-3 R5.1</reference>
          <reference href="https://www.nerc.com/pa/Stand/AlignRep/One%20Stop%20Shop.xlsx">CIP-007-3 R5.1.1</reference>
          <reference href="https://www.nerc.com/pa/Stand/AlignRep/One%20Stop%20Shop.xlsx">CIP-007-3 R5.1.2</reference>
          <reference href="http://nvlpubs.nist.gov/nistpubs/SpecialPublications/NIST.SP.800-53r4.pdf">CM-7(a)</reference>
          <reference href="http://nvlpubs.nist.gov/nistpubs/SpecialPublications/NIST.SP.800-53r4.pdf">CM-7(b)</reference>
          <reference href="http://nvlpubs.nist.gov/nistpubs/SpecialPublications/NIST.SP.800-53r4.pdf">CM-6(a)</reference>
          <reference href="http://nvlpubs.nist.gov/nistpubs/SpecialPublications/NIST.SP.800-53r4.pdf">AC-6</reference>
          <reference href="http://nvlpubs.nist.gov/nistpubs/SpecialPublications/NIST.SP.800-53r4.pdf">AC-6(1)</reference>
          <reference href="http://nvlpubs.nist.gov/nistpubs/SpecialPublications/NIST.SP.800-53r4.pdf">MP-7</reference>
          <reference href="https://nvlpubs.nist.gov/nistpubs/CSWP/NIST.CSWP.04162018.pdf">PR.IP-1</reference>
          <reference href="https://nvlpubs.nist.gov/nistpubs/CSWP/NIST.CSWP.04162018.pdf">PR.PT-2</reference>
          <reference href="https://nvlpubs.nist.gov/nistpubs/CSWP/NIST.CSWP.04162018.pdf">PR.PT-3</reference>
          <reference href="https://public.cyber.mil/stigs/downloads/?_dl_facet_stigs=operating-systems%2Cgeneral-purpose-os">SRG-OS-000368-GPOS-00154</reference>
          <reference href="https://www.cisecurity.org/benchmark/ubuntu_linux/">1.1.2.1.2</reference>
          <rationale xmlns:xhtml="http://www.w3.org/1999/xhtml" xml:lang="en-US">The only legitimate location for device files is the <html:code xmlns:html="http://www.w3.org/1999/xhtml">/dev</html:code> directory
located on the root partition. The only exception to this is chroot jails.</rationale>
          <platform idref="#mount_tmp"/>
          <fix xmlns:xhtml="http://www.w3.org/1999/xhtml" id="mount_option_tmp_nodev" system="urn:xccdf:fix:script:ansible" complexity="low" disruption="high" strategy="configure">- name: 'Add nodev Option to /tmp: Check information associated to mountpoint'
  command: findmnt --fstab '/tmp'
  register: device_name
  failed_when: device_name.rc &gt; 1
  changed_when: false
  when:
  - not ( ansible_virtualization_type in ["docker", "lxc", "openvz", "podman", "container"]
    )
  - '"/tmp" in ansible_mounts | map(attribute="mount") | list'
  tags:
  - NIST-800-53-AC-6
  - NIST-800-53-AC-6(1)
  - NIST-800-53-CM-6(a)
  - NIST-800-53-CM-7(a)
  - NIST-800-53-CM-7(b)
  - NIST-800-53-MP-7
  - configure_strategy
  - high_disruption
  - low_complexity
  - medium_severity
  - mount_option_tmp_nodev
  - no_reboot_needed

- name: 'Add nodev Option to /tmp: Create mount_info dictionary variable'
  set_fact:
    mount_info: '{{ mount_info|default({})|combine({item.0: item.1}) }}'
  with_together:
  - '{{ device_name.stdout_lines[0].split() | list | lower }}'
  - '{{ device_name.stdout_lines[1].split() | list }}'
  when:
  - not ( ansible_virtualization_type in ["docker", "lxc", "openvz", "podman", "container"]
    )
  - '"/tmp" in ansible_mounts | map(attribute="mount") | list'
  - device_name.stdout is defined and device_name.stdout_lines is defined
  - (device_name.stdout | length &gt; 0)
  tags:
  - NIST-800-53-AC-6
  - NIST-800-53-AC-6(1)
  - NIST-800-53-CM-6(a)
  - NIST-800-53-CM-7(a)
  - NIST-800-53-CM-7(b)
  - NIST-800-53-MP-7
  - configure_strategy
  - high_disruption
  - low_complexity
  - medium_severity
  - mount_option_tmp_nodev
  - no_reboot_needed

- name: 'Add nodev Option to /tmp: If /tmp not mounted, craft mount_info manually'
  set_fact:
    mount_info: '{{ mount_info|default({})|combine({item.0: item.1}) }}'
  with_together:
  - - target
    - source
    - fstype
    - options
  - - /tmp
    - ''
    - ''
    - defaults
  when:
  - not ( ansible_virtualization_type in ["docker", "lxc", "openvz", "podman", "container"]
    )
  - '"/tmp" in ansible_mounts | map(attribute="mount") | list'
  - ("--fstab" | length == 0)
  - device_name.stdout is defined and device_name.stdout_lines is defined
  - (device_name.stdout | length == 0)
  tags:
  - NIST-800-53-AC-6
  - NIST-800-53-AC-6(1)
  - NIST-800-53-CM-6(a)
  - NIST-800-53-CM-7(a)
  - NIST-800-53-CM-7(b)
  - NIST-800-53-MP-7
  - configure_strategy
  - high_disruption
  - low_complexity
  - medium_severity
  - mount_option_tmp_nodev
  - no_reboot_needed

- name: 'Add nodev Option to /tmp: Make sure nodev option is part of the to /tmp options'
  set_fact:
    mount_info: '{{ mount_info | combine( {''options'':''''~mount_info.options~'',nodev''
      }) }}'
  when:
  - not ( ansible_virtualization_type in ["docker", "lxc", "openvz", "podman", "container"]
    )
  - '"/tmp" in ansible_mounts | map(attribute="mount") | list'
  - mount_info is defined and "nodev" not in mount_info.options
  tags:
  - NIST-800-53-AC-6
  - NIST-800-53-AC-6(1)
  - NIST-800-53-CM-6(a)
  - NIST-800-53-CM-7(a)
  - NIST-800-53-CM-7(b)
  - NIST-800-53-MP-7
  - configure_strategy
  - high_disruption
  - low_complexity
  - medium_severity
  - mount_option_tmp_nodev
  - no_reboot_needed

- name: 'Add nodev Option to /tmp: Ensure /tmp is mounted with nodev option'
  mount:
    path: /tmp
    src: '{{ mount_info.source }}'
    opts: '{{ mount_info.options }}'
    state: mounted
    fstype: '{{ mount_info.fstype }}'
  when:
  - not ( ansible_virtualization_type in ["docker", "lxc", "openvz", "podman", "container"]
    )
  - '"/tmp" in ansible_mounts | map(attribute="mount") | list'
  - mount_info is defined
  - (device_name.stdout is defined and (device_name.stdout | length &gt; 0)) or ("--fstab"
    | length == 0)
  tags:
  - NIST-800-53-AC-6
  - NIST-800-53-AC-6(1)
  - NIST-800-53-CM-6(a)
  - NIST-800-53-CM-7(a)
  - NIST-800-53-CM-7(b)
  - NIST-800-53-MP-7
  - configure_strategy
  - high_disruption
  - low_complexity
  - medium_severity
  - mount_option_tmp_nodev
  - no_reboot_needed
</fix>
          <fix xmlns:xhtml="http://www.w3.org/1999/xhtml" id="mount_option_tmp_nodev" system="urn:xccdf:fix:script:sh"># Remediation is applicable only in certain platforms
if ! ( [ -f /.dockerenv ] || [ -f /run/.containerenv ] ) &amp;&amp; { findmnt --kernel "/tmp" &gt; /dev/null || findmnt --fstab "/tmp" &gt; /dev/null; }; then

function perform_remediation {
    
        # the mount point /tmp has to be defined in /etc/fstab
        # before this remediation can be executed. In case it is not defined, the
        # remediation aborts and no changes regarding the mount point are done.
        mount_point_match_regexp="$(printf "^[[:space:]]*[^#].*[[:space:]]%s[[:space:]]" "/tmp")"

    grep "$mount_point_match_regexp" -q /etc/fstab \
        || { echo "The mount point '/tmp' is not even in /etc/fstab, so we can't set up mount options" &gt;&amp;2;
                echo "Not remediating, because there is no record of /tmp in /etc/fstab" &gt;&amp;2; return 1; }
    


    mount_point_match_regexp="$(printf "^[[:space:]]*[^#].*[[:space:]]%s[[:space:]]" /tmp)"

    # If the mount point is not in /etc/fstab, get previous mount options from /etc/mtab
    if ! grep -q "$mount_point_match_regexp" /etc/fstab; then
        # runtime opts without some automatic kernel/userspace-added defaults
        previous_mount_opts=$(grep "$mount_point_match_regexp" /etc/mtab | head -1 |  awk '{print $4}' \
                    | sed -E "s/(rw|defaults|seclabel|nodev)(,|$)//g;s/,$//")
        [ "$previous_mount_opts" ] &amp;&amp; previous_mount_opts+=","
        # In iso9660 filesystems mtab could describe a "blocksize" value, this should be reflected in
        # fstab as "block".  The next variable is to satisfy shellcheck SC2050.
        fs_type=""
        if [  "$fs_type" == "iso9660" ] ; then
            previous_mount_opts=$(sed 's/blocksize=/block=/' &lt;&lt;&lt; "$previous_mount_opts")
        fi
        echo " /tmp  defaults,${previous_mount_opts}nodev 0 0" &gt;&gt; /etc/fstab
    # If the mount_opt option is not already in the mount point's /etc/fstab entry, add it
    elif ! grep "$mount_point_match_regexp" /etc/fstab | grep -q "nodev"; then
        previous_mount_opts=$(grep "$mount_point_match_regexp" /etc/fstab | awk '{print $4}')
        sed -i "s|\(${mount_point_match_regexp}.*${previous_mount_opts}\)|\1,nodev|" /etc/fstab
    fi


    if mkdir -p "/tmp"; then
        if mountpoint -q "/tmp"; then
            mount -o remount --target "/tmp"
        fi
    fi
}

perform_remediation

else
    &gt;&amp;2 echo 'Remediation is not applicable, nothing was done'
fi
</fix>
          <check system="http://oval.mitre.org/XMLSchema/oval-definitions-5">
            <check-content-ref name="oval:ssg-mount_option_tmp_nodev:def:1" href="ssg-ubuntu2404-oval.xml"/>
          </check>
          <check system="http://scap.nist.gov/schema/ocil/2">
            <check-content-ref name="ocil:ssg-mount_option_tmp_nodev_ocil:questionnaire:1" href="ssg-ubuntu2404-ocil.xml"/>
          </check>
        </Rule>
        <Rule id="xccdf_org.ssgproject.content_rule_mount_option_tmp_noexec" selected="false" role="full" severity="medium">
          <title xmlns:xhtml="http://www.w3.org/1999/xhtml" xml:lang="en-US">Add noexec Option to /tmp</title>
          <description xmlns:xhtml="http://www.w3.org/1999/xhtml" xml:lang="en-US">The <html:code xmlns:html="http://www.w3.org/1999/xhtml">noexec</html:code> mount option can be used to prevent binaries
from being executed out of <html:code xmlns:html="http://www.w3.org/1999/xhtml">/tmp</html:code>.
Add the <html:code xmlns:html="http://www.w3.org/1999/xhtml">noexec</html:code> option to the fourth column of
<html:code xmlns:html="http://www.w3.org/1999/xhtml">/etc/fstab</html:code> for the line which controls mounting of
<html:code xmlns:html="http://www.w3.org/1999/xhtml">/tmp</html:code>.</description>
          <reference href="https://www.cisecurity.org/controls/">11</reference>
          <reference href="https://www.cisecurity.org/controls/">13</reference>
          <reference href="https://www.cisecurity.org/controls/">14</reference>
          <reference href="https://www.cisecurity.org/controls/">3</reference>
          <reference href="https://www.cisecurity.org/controls/">8</reference>
          <reference href="https://www.cisecurity.org/controls/">9</reference>
          <reference href="https://www.isaca.org/resources/cobit">APO13.01</reference>
          <reference href="https://www.isaca.org/resources/cobit">BAI10.01</reference>
          <reference href="https://www.isaca.org/resources/cobit">BAI10.02</reference>
          <reference href="https://www.isaca.org/resources/cobit">BAI10.03</reference>
          <reference href="https://www.isaca.org/resources/cobit">BAI10.05</reference>
          <reference href="https://www.isaca.org/resources/cobit">DSS05.02</reference>
          <reference href="https://www.isaca.org/resources/cobit">DSS05.05</reference>
          <reference href="https://www.isaca.org/resources/cobit">DSS05.06</reference>
          <reference href="https://www.isaca.org/resources/cobit">DSS06.06</reference>
          <reference href="https://public.cyber.mil/stigs/cci/">CCI-001764</reference>
          <reference href="https://www.isa.org/products/isa-62443-2-1-2009-security-for-industrial-automat">4.3.3.5.1</reference>
          <reference href="https://www.isa.org/products/isa-62443-2-1-2009-security-for-industrial-automat">4.3.3.5.2</reference>
          <reference href="https://www.isa.org/products/isa-62443-2-1-2009-security-for-industrial-automat">4.3.3.5.3</reference>
          <reference href="https://www.isa.org/products/isa-62443-2-1-2009-security-for-industrial-automat">4.3.3.5.4</reference>
          <reference href="https://www.isa.org/products/isa-62443-2-1-2009-security-for-industrial-automat">4.3.3.5.5</reference>
          <reference href="https://www.isa.org/products/isa-62443-2-1-2009-security-for-industrial-automat">4.3.3.5.6</reference>
          <reference href="https://www.isa.org/products/isa-62443-2-1-2009-security-for-industrial-automat">4.3.3.5.7</reference>
          <reference href="https://www.isa.org/products/isa-62443-2-1-2009-security-for-industrial-automat">4.3.3.5.8</reference>
          <reference href="https://www.isa.org/products/isa-62443-2-1-2009-security-for-industrial-automat">4.3.3.6.1</reference>
          <reference href="https://www.isa.org/products/isa-62443-2-1-2009-security-for-industrial-automat">4.3.3.6.2</reference>
          <reference href="https://www.isa.org/products/isa-62443-2-1-2009-security-for-industrial-automat">4.3.3.6.3</reference>
          <reference href="https://www.isa.org/products/isa-62443-2-1-2009-security-for-industrial-automat">4.3.3.6.4</reference>
          <reference href="https://www.isa.org/products/isa-62443-2-1-2009-security-for-industrial-automat">4.3.3.6.5</reference>
          <reference href="https://www.isa.org/products/isa-62443-2-1-2009-security-for-industrial-automat">4.3.3.6.6</reference>
          <reference href="https://www.isa.org/products/isa-62443-2-1-2009-security-for-industrial-automat">4.3.3.6.7</reference>
          <reference href="https://www.isa.org/products/isa-62443-2-1-2009-security-for-industrial-automat">4.3.3.6.8</reference>
          <reference href="https://www.isa.org/products/isa-62443-2-1-2009-security-for-industrial-automat">4.3.3.6.9</reference>
          <reference href="https://www.isa.org/products/isa-62443-2-1-2009-security-for-industrial-automat">4.3.3.7.1</reference>
          <reference href="https://www.isa.org/products/isa-62443-2-1-2009-security-for-industrial-automat">4.3.3.7.2</reference>
          <reference href="https://www.isa.org/products/isa-62443-2-1-2009-security-for-industrial-automat">4.3.3.7.3</reference>
          <reference href="https://www.isa.org/products/isa-62443-2-1-2009-security-for-industrial-automat">4.3.3.7.4</reference>
          <reference href="https://www.isa.org/products/isa-62443-2-1-2009-security-for-industrial-automat">4.3.4.3.2</reference>
          <reference href="https://www.isa.org/products/isa-62443-2-1-2009-security-for-industrial-automat">4.3.4.3.3</reference>
          <reference href="https://www.isa.org/products/ansi-isa-62443-3-3-99-03-03-2013-security-for-indu">SR 1.1</reference>
          <reference href="https://www.isa.org/products/ansi-isa-62443-3-3-99-03-03-2013-security-for-indu">SR 1.10</reference>
          <reference href="https://www.isa.org/products/ansi-isa-62443-3-3-99-03-03-2013-security-for-indu">SR 1.11</reference>
          <reference href="https://www.isa.org/products/ansi-isa-62443-3-3-99-03-03-2013-security-for-indu">SR 1.12</reference>
          <reference href="https://www.isa.org/products/ansi-isa-62443-3-3-99-03-03-2013-security-for-indu">SR 1.13</reference>
          <reference href="https://www.isa.org/products/ansi-isa-62443-3-3-99-03-03-2013-security-for-indu">SR 1.2</reference>
          <reference href="https://www.isa.org/products/ansi-isa-62443-3-3-99-03-03-2013-security-for-indu">SR 1.3</reference>
          <reference href="https://www.isa.org/products/ansi-isa-62443-3-3-99-03-03-2013-security-for-indu">SR 1.4</reference>
          <reference href="https://www.isa.org/products/ansi-isa-62443-3-3-99-03-03-2013-security-for-indu">SR 1.5</reference>
          <reference href="https://www.isa.org/products/ansi-isa-62443-3-3-99-03-03-2013-security-for-indu">SR 1.6</reference>
          <reference href="https://www.isa.org/products/ansi-isa-62443-3-3-99-03-03-2013-security-for-indu">SR 1.7</reference>
          <reference href="https://www.isa.org/products/ansi-isa-62443-3-3-99-03-03-2013-security-for-indu">SR 1.8</reference>
          <reference href="https://www.isa.org/products/ansi-isa-62443-3-3-99-03-03-2013-security-for-indu">SR 1.9</reference>
          <reference href="https://www.isa.org/products/ansi-isa-62443-3-3-99-03-03-2013-security-for-indu">SR 2.1</reference>
          <reference href="https://www.isa.org/products/ansi-isa-62443-3-3-99-03-03-2013-security-for-indu">SR 2.2</reference>
          <reference href="https://www.isa.org/products/ansi-isa-62443-3-3-99-03-03-2013-security-for-indu">SR 2.3</reference>
          <reference href="https://www.isa.org/products/ansi-isa-62443-3-3-99-03-03-2013-security-for-indu">SR 2.4</reference>
          <reference href="https://www.isa.org/products/ansi-isa-62443-3-3-99-03-03-2013-security-for-indu">SR 2.5</reference>
          <reference href="https://www.isa.org/products/ansi-isa-62443-3-3-99-03-03-2013-security-for-indu">SR 2.6</reference>
          <reference href="https://www.isa.org/products/ansi-isa-62443-3-3-99-03-03-2013-security-for-indu">SR 2.7</reference>
          <reference href="https://www.isa.org/products/ansi-isa-62443-3-3-99-03-03-2013-security-for-indu">SR 7.6</reference>
          <reference href="https://www.iso.org/contents/data/standard/05/45/54534.html">A.11.2.9</reference>
          <reference href="https://www.iso.org/contents/data/standard/05/45/54534.html">A.12.1.2</reference>
          <reference href="https://www.iso.org/contents/data/standard/05/45/54534.html">A.12.5.1</reference>
          <reference href="https://www.iso.org/contents/data/standard/05/45/54534.html">A.12.6.2</reference>
          <reference href="https://www.iso.org/contents/data/standard/05/45/54534.html">A.14.2.2</reference>
          <reference href="https://www.iso.org/contents/data/standard/05/45/54534.html">A.14.2.3</reference>
          <reference href="https://www.iso.org/contents/data/standard/05/45/54534.html">A.14.2.4</reference>
          <reference href="https://www.iso.org/contents/data/standard/05/45/54534.html">A.8.2.1</reference>
          <reference href="https://www.iso.org/contents/data/standard/05/45/54534.html">A.8.2.2</reference>
          <reference href="https://www.iso.org/contents/data/standard/05/45/54534.html">A.8.2.3</reference>
          <reference href="https://www.iso.org/contents/data/standard/05/45/54534.html">A.8.3.1</reference>
          <reference href="https://www.iso.org/contents/data/standard/05/45/54534.html">A.8.3.3</reference>
          <reference href="https://www.iso.org/contents/data/standard/05/45/54534.html">A.9.1.2</reference>
          <reference href="https://www.nerc.com/pa/Stand/AlignRep/One%20Stop%20Shop.xlsx">CIP-003-8 R5.1.1</reference>
          <reference href="https://www.nerc.com/pa/Stand/AlignRep/One%20Stop%20Shop.xlsx">CIP-003-8 R5.3</reference>
          <reference href="https://www.nerc.com/pa/Stand/AlignRep/One%20Stop%20Shop.xlsx">CIP-004-6 R2.3</reference>
          <reference href="https://www.nerc.com/pa/Stand/AlignRep/One%20Stop%20Shop.xlsx">CIP-007-3 R2.1</reference>
          <reference href="https://www.nerc.com/pa/Stand/AlignRep/One%20Stop%20Shop.xlsx">CIP-007-3 R2.2</reference>
          <reference href="https://www.nerc.com/pa/Stand/AlignRep/One%20Stop%20Shop.xlsx">CIP-007-3 R2.3</reference>
          <reference href="https://www.nerc.com/pa/Stand/AlignRep/One%20Stop%20Shop.xlsx">CIP-007-3 R5.1</reference>
          <reference href="https://www.nerc.com/pa/Stand/AlignRep/One%20Stop%20Shop.xlsx">CIP-007-3 R5.1.1</reference>
          <reference href="https://www.nerc.com/pa/Stand/AlignRep/One%20Stop%20Shop.xlsx">CIP-007-3 R5.1.2</reference>
          <reference href="http://nvlpubs.nist.gov/nistpubs/SpecialPublications/NIST.SP.800-53r4.pdf">CM-7(a)</reference>
          <reference href="http://nvlpubs.nist.gov/nistpubs/SpecialPublications/NIST.SP.800-53r4.pdf">CM-7(b)</reference>
          <reference href="http://nvlpubs.nist.gov/nistpubs/SpecialPublications/NIST.SP.800-53r4.pdf">CM-6(a)</reference>
          <reference href="http://nvlpubs.nist.gov/nistpubs/SpecialPublications/NIST.SP.800-53r4.pdf">AC-6</reference>
          <reference href="http://nvlpubs.nist.gov/nistpubs/SpecialPublications/NIST.SP.800-53r4.pdf">AC-6(1)</reference>
          <reference href="http://nvlpubs.nist.gov/nistpubs/SpecialPublications/NIST.SP.800-53r4.pdf">MP-7</reference>
          <reference href="https://nvlpubs.nist.gov/nistpubs/CSWP/NIST.CSWP.04162018.pdf">PR.IP-1</reference>
          <reference href="https://nvlpubs.nist.gov/nistpubs/CSWP/NIST.CSWP.04162018.pdf">PR.PT-2</reference>
          <reference href="https://nvlpubs.nist.gov/nistpubs/CSWP/NIST.CSWP.04162018.pdf">PR.PT-3</reference>
          <reference href="https://public.cyber.mil/stigs/downloads/?_dl_facet_stigs=operating-systems%2Cgeneral-purpose-os">SRG-OS-000368-GPOS-00154</reference>
          <reference href="https://cyber.gouv.fr/sites/default/files/document/linux_configuration-en-v2.pdf">R28</reference>
          <reference href="https://www.cisecurity.org/benchmark/ubuntu_linux/">1.1.2.1.4</reference>
          <rationale xmlns:xhtml="http://www.w3.org/1999/xhtml" xml:lang="en-US">Allowing users to execute binaries from world-writable directories
such as <html:code xmlns:html="http://www.w3.org/1999/xhtml">/tmp</html:code> should never be necessary in normal operation and
can expose the system to potential compromise.</rationale>
          <platform idref="#mount_tmp"/>
          <fix xmlns:xhtml="http://www.w3.org/1999/xhtml" id="mount_option_tmp_noexec" system="urn:xccdf:fix:script:ansible" complexity="low" disruption="high" strategy="configure">- name: 'Add noexec Option to /tmp: Check information associated to mountpoint'
  command: findmnt --fstab '/tmp'
  register: device_name
  failed_when: device_name.rc &gt; 1
  changed_when: false
  when:
  - not ( ansible_virtualization_type in ["docker", "lxc", "openvz", "podman", "container"]
    )
  - '"/tmp" in ansible_mounts | map(attribute="mount") | list'
  tags:
  - NIST-800-53-AC-6
  - NIST-800-53-AC-6(1)
  - NIST-800-53-CM-6(a)
  - NIST-800-53-CM-7(a)
  - NIST-800-53-CM-7(b)
  - NIST-800-53-MP-7
  - configure_strategy
  - high_disruption
  - low_complexity
  - medium_severity
  - mount_option_tmp_noexec
  - no_reboot_needed

- name: 'Add noexec Option to /tmp: Create mount_info dictionary variable'
  set_fact:
    mount_info: '{{ mount_info|default({})|combine({item.0: item.1}) }}'
  with_together:
  - '{{ device_name.stdout_lines[0].split() | list | lower }}'
  - '{{ device_name.stdout_lines[1].split() | list }}'
  when:
  - not ( ansible_virtualization_type in ["docker", "lxc", "openvz", "podman", "container"]
    )
  - '"/tmp" in ansible_mounts | map(attribute="mount") | list'
  - device_name.stdout is defined and device_name.stdout_lines is defined
  - (device_name.stdout | length &gt; 0)
  tags:
  - NIST-800-53-AC-6
  - NIST-800-53-AC-6(1)
  - NIST-800-53-CM-6(a)
  - NIST-800-53-CM-7(a)
  - NIST-800-53-CM-7(b)
  - NIST-800-53-MP-7
  - configure_strategy
  - high_disruption
  - low_complexity
  - medium_severity
  - mount_option_tmp_noexec
  - no_reboot_needed

- name: 'Add noexec Option to /tmp: If /tmp not mounted, craft mount_info manually'
  set_fact:
    mount_info: '{{ mount_info|default({})|combine({item.0: item.1}) }}'
  with_together:
  - - target
    - source
    - fstype
    - options
  - - /tmp
    - ''
    - ''
    - defaults
  when:
  - not ( ansible_virtualization_type in ["docker", "lxc", "openvz", "podman", "container"]
    )
  - '"/tmp" in ansible_mounts | map(attribute="mount") | list'
  - ("--fstab" | length == 0)
  - device_name.stdout is defined and device_name.stdout_lines is defined
  - (device_name.stdout | length == 0)
  tags:
  - NIST-800-53-AC-6
  - NIST-800-53-AC-6(1)
  - NIST-800-53-CM-6(a)
  - NIST-800-53-CM-7(a)
  - NIST-800-53-CM-7(b)
  - NIST-800-53-MP-7
  - configure_strategy
  - high_disruption
  - low_complexity
  - medium_severity
  - mount_option_tmp_noexec
  - no_reboot_needed

- name: 'Add noexec Option to /tmp: Make sure noexec option is part of the to /tmp
    options'
  set_fact:
    mount_info: '{{ mount_info | combine( {''options'':''''~mount_info.options~'',noexec''
      }) }}'
  when:
  - not ( ansible_virtualization_type in ["docker", "lxc", "openvz", "podman", "container"]
    )
  - '"/tmp" in ansible_mounts | map(attribute="mount") | list'
  - mount_info is defined and "noexec" not in mount_info.options
  tags:
  - NIST-800-53-AC-6
  - NIST-800-53-AC-6(1)
  - NIST-800-53-CM-6(a)
  - NIST-800-53-CM-7(a)
  - NIST-800-53-CM-7(b)
  - NIST-800-53-MP-7
  - configure_strategy
  - high_disruption
  - low_complexity
  - medium_severity
  - mount_option_tmp_noexec
  - no_reboot_needed

- name: 'Add noexec Option to /tmp: Ensure /tmp is mounted with noexec option'
  mount:
    path: /tmp
    src: '{{ mount_info.source }}'
    opts: '{{ mount_info.options }}'
    state: mounted
    fstype: '{{ mount_info.fstype }}'
  when:
  - not ( ansible_virtualization_type in ["docker", "lxc", "openvz", "podman", "container"]
    )
  - '"/tmp" in ansible_mounts | map(attribute="mount") | list'
  - mount_info is defined
  - (device_name.stdout is defined and (device_name.stdout | length &gt; 0)) or ("--fstab"
    | length == 0)
  tags:
  - NIST-800-53-AC-6
  - NIST-800-53-AC-6(1)
  - NIST-800-53-CM-6(a)
  - NIST-800-53-CM-7(a)
  - NIST-800-53-CM-7(b)
  - NIST-800-53-MP-7
  - configure_strategy
  - high_disruption
  - low_complexity
  - medium_severity
  - mount_option_tmp_noexec
  - no_reboot_needed
</fix>
          <fix xmlns:xhtml="http://www.w3.org/1999/xhtml" id="mount_option_tmp_noexec" system="urn:xccdf:fix:script:sh"># Remediation is applicable only in certain platforms
if ! ( [ -f /.dockerenv ] || [ -f /run/.containerenv ] ) &amp;&amp; { findmnt --kernel "/tmp" &gt; /dev/null || findmnt --fstab "/tmp" &gt; /dev/null; }; then

function perform_remediation {
    
        # the mount point /tmp has to be defined in /etc/fstab
        # before this remediation can be executed. In case it is not defined, the
        # remediation aborts and no changes regarding the mount point are done.
        mount_point_match_regexp="$(printf "^[[:space:]]*[^#].*[[:space:]]%s[[:space:]]" "/tmp")"

    grep "$mount_point_match_regexp" -q /etc/fstab \
        || { echo "The mount point '/tmp' is not even in /etc/fstab, so we can't set up mount options" &gt;&amp;2;
                echo "Not remediating, because there is no record of /tmp in /etc/fstab" &gt;&amp;2; return 1; }
    


    mount_point_match_regexp="$(printf "^[[:space:]]*[^#].*[[:space:]]%s[[:space:]]" /tmp)"

    # If the mount point is not in /etc/fstab, get previous mount options from /etc/mtab
    if ! grep -q "$mount_point_match_regexp" /etc/fstab; then
        # runtime opts without some automatic kernel/userspace-added defaults
        previous_mount_opts=$(grep "$mount_point_match_regexp" /etc/mtab | head -1 |  awk '{print $4}' \
                    | sed -E "s/(rw|defaults|seclabel|noexec)(,|$)//g;s/,$//")
        [ "$previous_mount_opts" ] &amp;&amp; previous_mount_opts+=","
        # In iso9660 filesystems mtab could describe a "blocksize" value, this should be reflected in
        # fstab as "block".  The next variable is to satisfy shellcheck SC2050.
        fs_type=""
        if [  "$fs_type" == "iso9660" ] ; then
            previous_mount_opts=$(sed 's/blocksize=/block=/' &lt;&lt;&lt; "$previous_mount_opts")
        fi
        echo " /tmp  defaults,${previous_mount_opts}noexec 0 0" &gt;&gt; /etc/fstab
    # If the mount_opt option is not already in the mount point's /etc/fstab entry, add it
    elif ! grep "$mount_point_match_regexp" /etc/fstab | grep -q "noexec"; then
        previous_mount_opts=$(grep "$mount_point_match_regexp" /etc/fstab | awk '{print $4}')
        sed -i "s|\(${mount_point_match_regexp}.*${previous_mount_opts}\)|\1,noexec|" /etc/fstab
    fi


    if mkdir -p "/tmp"; then
        if mountpoint -q "/tmp"; then
            mount -o remount --target "/tmp"
        fi
    fi
}

perform_remediation

else
    &gt;&amp;2 echo 'Remediation is not applicable, nothing was done'
fi
</fix>
          <check system="http://oval.mitre.org/XMLSchema/oval-definitions-5">
            <check-content-ref name="oval:ssg-mount_option_tmp_noexec:def:1" href="ssg-ubuntu2404-oval.xml"/>
          </check>
          <check system="http://scap.nist.gov/schema/ocil/2">
            <check-content-ref name="ocil:ssg-mount_option_tmp_noexec_ocil:questionnaire:1" href="ssg-ubuntu2404-ocil.xml"/>
          </check>
        </Rule>
        <Rule id="xccdf_org.ssgproject.content_rule_mount_option_tmp_nosuid" selected="false" role="full" severity="medium">
          <title xmlns:xhtml="http://www.w3.org/1999/xhtml" xml:lang="en-US">Add nosuid Option to /tmp</title>
          <description xmlns:xhtml="http://www.w3.org/1999/xhtml" xml:lang="en-US">The <html:code xmlns:html="http://www.w3.org/1999/xhtml">nosuid</html:code> mount option can be used to prevent
execution of setuid programs in <html:code xmlns:html="http://www.w3.org/1999/xhtml">/tmp</html:code>. The SUID and SGID permissions
should not be required in these world-writable directories.
Add the <html:code xmlns:html="http://www.w3.org/1999/xhtml">nosuid</html:code> option to the fourth column of
<html:code xmlns:html="http://www.w3.org/1999/xhtml">/etc/fstab</html:code> for the line which controls mounting of
<html:code xmlns:html="http://www.w3.org/1999/xhtml">/tmp</html:code>.</description>
          <reference href="https://www.cisecurity.org/controls/">11</reference>
          <reference href="https://www.cisecurity.org/controls/">13</reference>
          <reference href="https://www.cisecurity.org/controls/">14</reference>
          <reference href="https://www.cisecurity.org/controls/">3</reference>
          <reference href="https://www.cisecurity.org/controls/">8</reference>
          <reference href="https://www.cisecurity.org/controls/">9</reference>
          <reference href="https://www.isaca.org/resources/cobit">APO13.01</reference>
          <reference href="https://www.isaca.org/resources/cobit">BAI10.01</reference>
          <reference href="https://www.isaca.org/resources/cobit">BAI10.02</reference>
          <reference href="https://www.isaca.org/resources/cobit">BAI10.03</reference>
          <reference href="https://www.isaca.org/resources/cobit">BAI10.05</reference>
          <reference href="https://www.isaca.org/resources/cobit">DSS05.02</reference>
          <reference href="https://www.isaca.org/resources/cobit">DSS05.05</reference>
          <reference href="https://www.isaca.org/resources/cobit">DSS05.06</reference>
          <reference href="https://www.isaca.org/resources/cobit">DSS06.06</reference>
          <reference href="https://public.cyber.mil/stigs/cci/">CCI-001764</reference>
          <reference href="https://www.isa.org/products/isa-62443-2-1-2009-security-for-industrial-automat">4.3.3.5.1</reference>
          <reference href="https://www.isa.org/products/isa-62443-2-1-2009-security-for-industrial-automat">4.3.3.5.2</reference>
          <reference href="https://www.isa.org/products/isa-62443-2-1-2009-security-for-industrial-automat">4.3.3.5.3</reference>
          <reference href="https://www.isa.org/products/isa-62443-2-1-2009-security-for-industrial-automat">4.3.3.5.4</reference>
          <reference href="https://www.isa.org/products/isa-62443-2-1-2009-security-for-industrial-automat">4.3.3.5.5</reference>
          <reference href="https://www.isa.org/products/isa-62443-2-1-2009-security-for-industrial-automat">4.3.3.5.6</reference>
          <reference href="https://www.isa.org/products/isa-62443-2-1-2009-security-for-industrial-automat">4.3.3.5.7</reference>
          <reference href="https://www.isa.org/products/isa-62443-2-1-2009-security-for-industrial-automat">4.3.3.5.8</reference>
          <reference href="https://www.isa.org/products/isa-62443-2-1-2009-security-for-industrial-automat">4.3.3.6.1</reference>
          <reference href="https://www.isa.org/products/isa-62443-2-1-2009-security-for-industrial-automat">4.3.3.6.2</reference>
          <reference href="https://www.isa.org/products/isa-62443-2-1-2009-security-for-industrial-automat">4.3.3.6.3</reference>
          <reference href="https://www.isa.org/products/isa-62443-2-1-2009-security-for-industrial-automat">4.3.3.6.4</reference>
          <reference href="https://www.isa.org/products/isa-62443-2-1-2009-security-for-industrial-automat">4.3.3.6.5</reference>
          <reference href="https://www.isa.org/products/isa-62443-2-1-2009-security-for-industrial-automat">4.3.3.6.6</reference>
          <reference href="https://www.isa.org/products/isa-62443-2-1-2009-security-for-industrial-automat">4.3.3.6.7</reference>
          <reference href="https://www.isa.org/products/isa-62443-2-1-2009-security-for-industrial-automat">4.3.3.6.8</reference>
          <reference href="https://www.isa.org/products/isa-62443-2-1-2009-security-for-industrial-automat">4.3.3.6.9</reference>
          <reference href="https://www.isa.org/products/isa-62443-2-1-2009-security-for-industrial-automat">4.3.3.7.1</reference>
          <reference href="https://www.isa.org/products/isa-62443-2-1-2009-security-for-industrial-automat">4.3.3.7.2</reference>
          <reference href="https://www.isa.org/products/isa-62443-2-1-2009-security-for-industrial-automat">4.3.3.7.3</reference>
          <reference href="https://www.isa.org/products/isa-62443-2-1-2009-security-for-industrial-automat">4.3.3.7.4</reference>
          <reference href="https://www.isa.org/products/isa-62443-2-1-2009-security-for-industrial-automat">4.3.4.3.2</reference>
          <reference href="https://www.isa.org/products/isa-62443-2-1-2009-security-for-industrial-automat">4.3.4.3.3</reference>
          <reference href="https://www.isa.org/products/ansi-isa-62443-3-3-99-03-03-2013-security-for-indu">SR 1.1</reference>
          <reference href="https://www.isa.org/products/ansi-isa-62443-3-3-99-03-03-2013-security-for-indu">SR 1.10</reference>
          <reference href="https://www.isa.org/products/ansi-isa-62443-3-3-99-03-03-2013-security-for-indu">SR 1.11</reference>
          <reference href="https://www.isa.org/products/ansi-isa-62443-3-3-99-03-03-2013-security-for-indu">SR 1.12</reference>
          <reference href="https://www.isa.org/products/ansi-isa-62443-3-3-99-03-03-2013-security-for-indu">SR 1.13</reference>
          <reference href="https://www.isa.org/products/ansi-isa-62443-3-3-99-03-03-2013-security-for-indu">SR 1.2</reference>
          <reference href="https://www.isa.org/products/ansi-isa-62443-3-3-99-03-03-2013-security-for-indu">SR 1.3</reference>
          <reference href="https://www.isa.org/products/ansi-isa-62443-3-3-99-03-03-2013-security-for-indu">SR 1.4</reference>
          <reference href="https://www.isa.org/products/ansi-isa-62443-3-3-99-03-03-2013-security-for-indu">SR 1.5</reference>
          <reference href="https://www.isa.org/products/ansi-isa-62443-3-3-99-03-03-2013-security-for-indu">SR 1.6</reference>
          <reference href="https://www.isa.org/products/ansi-isa-62443-3-3-99-03-03-2013-security-for-indu">SR 1.7</reference>
          <reference href="https://www.isa.org/products/ansi-isa-62443-3-3-99-03-03-2013-security-for-indu">SR 1.8</reference>
          <reference href="https://www.isa.org/products/ansi-isa-62443-3-3-99-03-03-2013-security-for-indu">SR 1.9</reference>
          <reference href="https://www.isa.org/products/ansi-isa-62443-3-3-99-03-03-2013-security-for-indu">SR 2.1</reference>
          <reference href="https://www.isa.org/products/ansi-isa-62443-3-3-99-03-03-2013-security-for-indu">SR 2.2</reference>
          <reference href="https://www.isa.org/products/ansi-isa-62443-3-3-99-03-03-2013-security-for-indu">SR 2.3</reference>
          <reference href="https://www.isa.org/products/ansi-isa-62443-3-3-99-03-03-2013-security-for-indu">SR 2.4</reference>
          <reference href="https://www.isa.org/products/ansi-isa-62443-3-3-99-03-03-2013-security-for-indu">SR 2.5</reference>
          <reference href="https://www.isa.org/products/ansi-isa-62443-3-3-99-03-03-2013-security-for-indu">SR 2.6</reference>
          <reference href="https://www.isa.org/products/ansi-isa-62443-3-3-99-03-03-2013-security-for-indu">SR 2.7</reference>
          <reference href="https://www.isa.org/products/ansi-isa-62443-3-3-99-03-03-2013-security-for-indu">SR 7.6</reference>
          <reference href="https://www.iso.org/contents/data/standard/05/45/54534.html">A.11.2.9</reference>
          <reference href="https://www.iso.org/contents/data/standard/05/45/54534.html">A.12.1.2</reference>
          <reference href="https://www.iso.org/contents/data/standard/05/45/54534.html">A.12.5.1</reference>
          <reference href="https://www.iso.org/contents/data/standard/05/45/54534.html">A.12.6.2</reference>
          <reference href="https://www.iso.org/contents/data/standard/05/45/54534.html">A.14.2.2</reference>
          <reference href="https://www.iso.org/contents/data/standard/05/45/54534.html">A.14.2.3</reference>
          <reference href="https://www.iso.org/contents/data/standard/05/45/54534.html">A.14.2.4</reference>
          <reference href="https://www.iso.org/contents/data/standard/05/45/54534.html">A.8.2.1</reference>
          <reference href="https://www.iso.org/contents/data/standard/05/45/54534.html">A.8.2.2</reference>
          <reference href="https://www.iso.org/contents/data/standard/05/45/54534.html">A.8.2.3</reference>
          <reference href="https://www.iso.org/contents/data/standard/05/45/54534.html">A.8.3.1</reference>
          <reference href="https://www.iso.org/contents/data/standard/05/45/54534.html">A.8.3.3</reference>
          <reference href="https://www.iso.org/contents/data/standard/05/45/54534.html">A.9.1.2</reference>
          <reference href="https://www.nerc.com/pa/Stand/AlignRep/One%20Stop%20Shop.xlsx">CIP-003-8 R5.1.1</reference>
          <reference href="https://www.nerc.com/pa/Stand/AlignRep/One%20Stop%20Shop.xlsx">CIP-003-8 R5.3</reference>
          <reference href="https://www.nerc.com/pa/Stand/AlignRep/One%20Stop%20Shop.xlsx">CIP-004-6 R2.3</reference>
          <reference href="https://www.nerc.com/pa/Stand/AlignRep/One%20Stop%20Shop.xlsx">CIP-007-3 R2.1</reference>
          <reference href="https://www.nerc.com/pa/Stand/AlignRep/One%20Stop%20Shop.xlsx">CIP-007-3 R2.2</reference>
          <reference href="https://www.nerc.com/pa/Stand/AlignRep/One%20Stop%20Shop.xlsx">CIP-007-3 R2.3</reference>
          <reference href="https://www.nerc.com/pa/Stand/AlignRep/One%20Stop%20Shop.xlsx">CIP-007-3 R5.1</reference>
          <reference href="https://www.nerc.com/pa/Stand/AlignRep/One%20Stop%20Shop.xlsx">CIP-007-3 R5.1.1</reference>
          <reference href="https://www.nerc.com/pa/Stand/AlignRep/One%20Stop%20Shop.xlsx">CIP-007-3 R5.1.2</reference>
          <reference href="http://nvlpubs.nist.gov/nistpubs/SpecialPublications/NIST.SP.800-53r4.pdf">CM-7(a)</reference>
          <reference href="http://nvlpubs.nist.gov/nistpubs/SpecialPublications/NIST.SP.800-53r4.pdf">CM-7(b)</reference>
          <reference href="http://nvlpubs.nist.gov/nistpubs/SpecialPublications/NIST.SP.800-53r4.pdf">CM-6(a)</reference>
          <reference href="http://nvlpubs.nist.gov/nistpubs/SpecialPublications/NIST.SP.800-53r4.pdf">AC-6</reference>
          <reference href="http://nvlpubs.nist.gov/nistpubs/SpecialPublications/NIST.SP.800-53r4.pdf">AC-6(1)</reference>
          <reference href="http://nvlpubs.nist.gov/nistpubs/SpecialPublications/NIST.SP.800-53r4.pdf">MP-7</reference>
          <reference href="https://nvlpubs.nist.gov/nistpubs/CSWP/NIST.CSWP.04162018.pdf">PR.IP-1</reference>
          <reference href="https://nvlpubs.nist.gov/nistpubs/CSWP/NIST.CSWP.04162018.pdf">PR.PT-2</reference>
          <reference href="https://nvlpubs.nist.gov/nistpubs/CSWP/NIST.CSWP.04162018.pdf">PR.PT-3</reference>
          <reference href="https://public.cyber.mil/stigs/downloads/?_dl_facet_stigs=operating-systems%2Cgeneral-purpose-os">SRG-OS-000368-GPOS-00154</reference>
          <reference href="https://cyber.gouv.fr/sites/default/files/document/linux_configuration-en-v2.pdf">R28</reference>
          <reference href="https://www.cisecurity.org/benchmark/ubuntu_linux/">1.1.2.1.3</reference>
          <rationale xmlns:xhtml="http://www.w3.org/1999/xhtml" xml:lang="en-US">The presence of SUID and SGID executables should be tightly controlled. Users
should not be able to execute SUID or SGID binaries from temporary storage partitions.</rationale>
          <platform idref="#mount_tmp"/>
          <fix xmlns:xhtml="http://www.w3.org/1999/xhtml" id="mount_option_tmp_nosuid" system="urn:xccdf:fix:script:ansible" complexity="low" disruption="high" strategy="configure">- name: 'Add nosuid Option to /tmp: Check information associated to mountpoint'
  command: findmnt --fstab '/tmp'
  register: device_name
  failed_when: device_name.rc &gt; 1
  changed_when: false
  when:
  - not ( ansible_virtualization_type in ["docker", "lxc", "openvz", "podman", "container"]
    )
  - '"/tmp" in ansible_mounts | map(attribute="mount") | list'
  tags:
  - NIST-800-53-AC-6
  - NIST-800-53-AC-6(1)
  - NIST-800-53-CM-6(a)
  - NIST-800-53-CM-7(a)
  - NIST-800-53-CM-7(b)
  - NIST-800-53-MP-7
  - configure_strategy
  - high_disruption
  - low_complexity
  - medium_severity
  - mount_option_tmp_nosuid
  - no_reboot_needed

- name: 'Add nosuid Option to /tmp: Create mount_info dictionary variable'
  set_fact:
    mount_info: '{{ mount_info|default({})|combine({item.0: item.1}) }}'
  with_together:
  - '{{ device_name.stdout_lines[0].split() | list | lower }}'
  - '{{ device_name.stdout_lines[1].split() | list }}'
  when:
  - not ( ansible_virtualization_type in ["docker", "lxc", "openvz", "podman", "container"]
    )
  - '"/tmp" in ansible_mounts | map(attribute="mount") | list'
  - device_name.stdout is defined and device_name.stdout_lines is defined
  - (device_name.stdout | length &gt; 0)
  tags:
  - NIST-800-53-AC-6
  - NIST-800-53-AC-6(1)
  - NIST-800-53-CM-6(a)
  - NIST-800-53-CM-7(a)
  - NIST-800-53-CM-7(b)
  - NIST-800-53-MP-7
  - configure_strategy
  - high_disruption
  - low_complexity
  - medium_severity
  - mount_option_tmp_nosuid
  - no_reboot_needed

- name: 'Add nosuid Option to /tmp: If /tmp not mounted, craft mount_info manually'
  set_fact:
    mount_info: '{{ mount_info|default({})|combine({item.0: item.1}) }}'
  with_together:
  - - target
    - source
    - fstype
    - options
  - - /tmp
    - ''
    - ''
    - defaults
  when:
  - not ( ansible_virtualization_type in ["docker", "lxc", "openvz", "podman", "container"]
    )
  - '"/tmp" in ansible_mounts | map(attribute="mount") | list'
  - ("--fstab" | length == 0)
  - device_name.stdout is defined and device_name.stdout_lines is defined
  - (device_name.stdout | length == 0)
  tags:
  - NIST-800-53-AC-6
  - NIST-800-53-AC-6(1)
  - NIST-800-53-CM-6(a)
  - NIST-800-53-CM-7(a)
  - NIST-800-53-CM-7(b)
  - NIST-800-53-MP-7
  - configure_strategy
  - high_disruption
  - low_complexity
  - medium_severity
  - mount_option_tmp_nosuid
  - no_reboot_needed

- name: 'Add nosuid Option to /tmp: Make sure nosuid option is part of the to /tmp
    options'
  set_fact:
    mount_info: '{{ mount_info | combine( {''options'':''''~mount_info.options~'',nosuid''
      }) }}'
  when:
  - not ( ansible_virtualization_type in ["docker", "lxc", "openvz", "podman", "container"]
    )
  - '"/tmp" in ansible_mounts | map(attribute="mount") | list'
  - mount_info is defined and "nosuid" not in mount_info.options
  tags:
  - NIST-800-53-AC-6
  - NIST-800-53-AC-6(1)
  - NIST-800-53-CM-6(a)
  - NIST-800-53-CM-7(a)
  - NIST-800-53-CM-7(b)
  - NIST-800-53-MP-7
  - configure_strategy
  - high_disruption
  - low_complexity
  - medium_severity
  - mount_option_tmp_nosuid
  - no_reboot_needed

- name: 'Add nosuid Option to /tmp: Ensure /tmp is mounted with nosuid option'
  mount:
    path: /tmp
    src: '{{ mount_info.source }}'
    opts: '{{ mount_info.options }}'
    state: mounted
    fstype: '{{ mount_info.fstype }}'
  when:
  - not ( ansible_virtualization_type in ["docker", "lxc", "openvz", "podman", "container"]
    )
  - '"/tmp" in ansible_mounts | map(attribute="mount") | list'
  - mount_info is defined
  - (device_name.stdout is defined and (device_name.stdout | length &gt; 0)) or ("--fstab"
    | length == 0)
  tags:
  - NIST-800-53-AC-6
  - NIST-800-53-AC-6(1)
  - NIST-800-53-CM-6(a)
  - NIST-800-53-CM-7(a)
  - NIST-800-53-CM-7(b)
  - NIST-800-53-MP-7
  - configure_strategy
  - high_disruption
  - low_complexity
  - medium_severity
  - mount_option_tmp_nosuid
  - no_reboot_needed
</fix>
          <fix xmlns:xhtml="http://www.w3.org/1999/xhtml" id="mount_option_tmp_nosuid" system="urn:xccdf:fix:script:sh"># Remediation is applicable only in certain platforms
if ! ( [ -f /.dockerenv ] || [ -f /run/.containerenv ] ) &amp;&amp; { findmnt --kernel "/tmp" &gt; /dev/null || findmnt --fstab "/tmp" &gt; /dev/null; }; then

function perform_remediation {
    
        # the mount point /tmp has to be defined in /etc/fstab
        # before this remediation can be executed. In case it is not defined, the
        # remediation aborts and no changes regarding the mount point are done.
        mount_point_match_regexp="$(printf "^[[:space:]]*[^#].*[[:space:]]%s[[:space:]]" "/tmp")"

    grep "$mount_point_match_regexp" -q /etc/fstab \
        || { echo "The mount point '/tmp' is not even in /etc/fstab, so we can't set up mount options" &gt;&amp;2;
                echo "Not remediating, because there is no record of /tmp in /etc/fstab" &gt;&amp;2; return 1; }
    


    mount_point_match_regexp="$(printf "^[[:space:]]*[^#].*[[:space:]]%s[[:space:]]" /tmp)"

    # If the mount point is not in /etc/fstab, get previous mount options from /etc/mtab
    if ! grep -q "$mount_point_match_regexp" /etc/fstab; then
        # runtime opts without some automatic kernel/userspace-added defaults
        previous_mount_opts=$(grep "$mount_point_match_regexp" /etc/mtab | head -1 |  awk '{print $4}' \
                    | sed -E "s/(rw|defaults|seclabel|nosuid)(,|$)//g;s/,$//")
        [ "$previous_mount_opts" ] &amp;&amp; previous_mount_opts+=","
        # In iso9660 filesystems mtab could describe a "blocksize" value, this should be reflected in
        # fstab as "block".  The next variable is to satisfy shellcheck SC2050.
        fs_type=""
        if [  "$fs_type" == "iso9660" ] ; then
            previous_mount_opts=$(sed 's/blocksize=/block=/' &lt;&lt;&lt; "$previous_mount_opts")
        fi
        echo " /tmp  defaults,${previous_mount_opts}nosuid 0 0" &gt;&gt; /etc/fstab
    # If the mount_opt option is not already in the mount point's /etc/fstab entry, add it
    elif ! grep "$mount_point_match_regexp" /etc/fstab | grep -q "nosuid"; then
        previous_mount_opts=$(grep "$mount_point_match_regexp" /etc/fstab | awk '{print $4}')
        sed -i "s|\(${mount_point_match_regexp}.*${previous_mount_opts}\)|\1,nosuid|" /etc/fstab
    fi


    if mkdir -p "/tmp"; then
        if mountpoint -q "/tmp"; then
            mount -o remount --target "/tmp"
        fi
    fi
}

perform_remediation

else
    &gt;&amp;2 echo 'Remediation is not applicable, nothing was done'
fi
</fix>
          <check system="http://oval.mitre.org/XMLSchema/oval-definitions-5">
            <check-content-ref name="oval:ssg-mount_option_tmp_nosuid:def:1" href="ssg-ubuntu2404-oval.xml"/>
          </check>
          <check system="http://scap.nist.gov/schema/ocil/2">
            <check-content-ref name="ocil:ssg-mount_option_tmp_nosuid_ocil:questionnaire:1" href="ssg-ubuntu2404-ocil.xml"/>
          </check>
        </Rule>
        <Rule id="xccdf_org.ssgproject.content_rule_mount_option_var_log_audit_nodev" selected="false" role="full" severity="medium">
          <title xmlns:xhtml="http://www.w3.org/1999/xhtml" xml:lang="en-US">Add nodev Option to /var/log/audit</title>
          <description xmlns:xhtml="http://www.w3.org/1999/xhtml" xml:lang="en-US">The <html:code xmlns:html="http://www.w3.org/1999/xhtml">nodev</html:code> mount option can be used to prevent device files from
being created in <html:code xmlns:html="http://www.w3.org/1999/xhtml">/var/log/audit</html:code>.
Legitimate character and block devices should exist only in
the <html:code xmlns:html="http://www.w3.org/1999/xhtml">/dev</html:code> directory on the root partition or within chroot
jails built for system services.
Add the <html:code xmlns:html="http://www.w3.org/1999/xhtml">nodev</html:code> option to the fourth column of
<html:code xmlns:html="http://www.w3.org/1999/xhtml">/etc/fstab</html:code> for the line which controls mounting of
<html:code xmlns:html="http://www.w3.org/1999/xhtml">/var/log/audit</html:code>.</description>
          <reference href="https://public.cyber.mil/stigs/cci/">CCI-001764</reference>
          <reference href="https://www.nerc.com/pa/Stand/AlignRep/One%20Stop%20Shop.xlsx">CIP-003-8 R5.1.1</reference>
          <reference href="https://www.nerc.com/pa/Stand/AlignRep/One%20Stop%20Shop.xlsx">CIP-003-8 R5.3</reference>
          <reference href="https://www.nerc.com/pa/Stand/AlignRep/One%20Stop%20Shop.xlsx">CIP-004-6 R2.3</reference>
          <reference href="https://www.nerc.com/pa/Stand/AlignRep/One%20Stop%20Shop.xlsx">CIP-007-3 R2.1</reference>
          <reference href="https://www.nerc.com/pa/Stand/AlignRep/One%20Stop%20Shop.xlsx">CIP-007-3 R2.2</reference>
          <reference href="https://www.nerc.com/pa/Stand/AlignRep/One%20Stop%20Shop.xlsx">CIP-007-3 R2.3</reference>
          <reference href="https://www.nerc.com/pa/Stand/AlignRep/One%20Stop%20Shop.xlsx">CIP-007-3 R5.1</reference>
          <reference href="https://www.nerc.com/pa/Stand/AlignRep/One%20Stop%20Shop.xlsx">CIP-007-3 R5.1.1</reference>
          <reference href="https://www.nerc.com/pa/Stand/AlignRep/One%20Stop%20Shop.xlsx">CIP-007-3 R5.1.2</reference>
          <reference href="http://nvlpubs.nist.gov/nistpubs/SpecialPublications/NIST.SP.800-53r4.pdf">CM-7(a)</reference>
          <reference href="http://nvlpubs.nist.gov/nistpubs/SpecialPublications/NIST.SP.800-53r4.pdf">CM-7(b)</reference>
          <reference href="http://nvlpubs.nist.gov/nistpubs/SpecialPublications/NIST.SP.800-53r4.pdf">CM-6(a)</reference>
          <reference href="http://nvlpubs.nist.gov/nistpubs/SpecialPublications/NIST.SP.800-53r4.pdf">AC-6</reference>
          <reference href="http://nvlpubs.nist.gov/nistpubs/SpecialPublications/NIST.SP.800-53r4.pdf">AC-6(1)</reference>
          <reference href="http://nvlpubs.nist.gov/nistpubs/SpecialPublications/NIST.SP.800-53r4.pdf">MP-7</reference>
          <reference href="https://nvlpubs.nist.gov/nistpubs/CSWP/NIST.CSWP.04162018.pdf">PR.IP-1</reference>
          <reference href="https://nvlpubs.nist.gov/nistpubs/CSWP/NIST.CSWP.04162018.pdf">PR.PT-2</reference>
          <reference href="https://nvlpubs.nist.gov/nistpubs/CSWP/NIST.CSWP.04162018.pdf">PR.PT-3</reference>
          <reference href="https://www.niap-ccevs.org/Profile/PP.cfm">FMT_SMF_EXT.1</reference>
          <reference href="https://public.cyber.mil/stigs/downloads/?_dl_facet_stigs=operating-systems%2Cgeneral-purpose-os">SRG-OS-000368-GPOS-00154</reference>
          <reference href="https://www.cisecurity.org/benchmark/ubuntu_linux/">1.1.2.7.2</reference>
          <rationale xmlns:xhtml="http://www.w3.org/1999/xhtml" xml:lang="en-US">The only legitimate location for device files is the <html:code xmlns:html="http://www.w3.org/1999/xhtml">/dev</html:code> directory
located on the root partition. The only exception to this is chroot jails.</rationale>
          <platform idref="#mount_var-log-audit"/>
          <fix xmlns:xhtml="http://www.w3.org/1999/xhtml" id="mount_option_var_log_audit_nodev" system="urn:xccdf:fix:script:ansible" complexity="low" disruption="high" strategy="configure">- name: 'Add nodev Option to /var/log/audit: Check information associated to mountpoint'
  command: findmnt --fstab '/var/log/audit'
  register: device_name
  failed_when: device_name.rc &gt; 1
  changed_when: false
  when:
  - not ( ansible_virtualization_type in ["docker", "lxc", "openvz", "podman", "container"]
    )
  - '"/var/log/audit" in ansible_mounts | map(attribute="mount") | list'
  tags:
  - NIST-800-53-AC-6
  - NIST-800-53-AC-6(1)
  - NIST-800-53-CM-6(a)
  - NIST-800-53-CM-7(a)
  - NIST-800-53-CM-7(b)
  - NIST-800-53-MP-7
  - configure_strategy
  - high_disruption
  - low_complexity
  - medium_severity
  - mount_option_var_log_audit_nodev
  - no_reboot_needed

- name: 'Add nodev Option to /var/log/audit: Create mount_info dictionary variable'
  set_fact:
    mount_info: '{{ mount_info|default({})|combine({item.0: item.1}) }}'
  with_together:
  - '{{ device_name.stdout_lines[0].split() | list | lower }}'
  - '{{ device_name.stdout_lines[1].split() | list }}'
  when:
  - not ( ansible_virtualization_type in ["docker", "lxc", "openvz", "podman", "container"]
    )
  - '"/var/log/audit" in ansible_mounts | map(attribute="mount") | list'
  - device_name.stdout is defined and device_name.stdout_lines is defined
  - (device_name.stdout | length &gt; 0)
  tags:
  - NIST-800-53-AC-6
  - NIST-800-53-AC-6(1)
  - NIST-800-53-CM-6(a)
  - NIST-800-53-CM-7(a)
  - NIST-800-53-CM-7(b)
  - NIST-800-53-MP-7
  - configure_strategy
  - high_disruption
  - low_complexity
  - medium_severity
  - mount_option_var_log_audit_nodev
  - no_reboot_needed

- name: 'Add nodev Option to /var/log/audit: If /var/log/audit not mounted, craft
    mount_info manually'
  set_fact:
    mount_info: '{{ mount_info|default({})|combine({item.0: item.1}) }}'
  with_together:
  - - target
    - source
    - fstype
    - options
  - - /var/log/audit
    - ''
    - ''
    - defaults
  when:
  - not ( ansible_virtualization_type in ["docker", "lxc", "openvz", "podman", "container"]
    )
  - '"/var/log/audit" in ansible_mounts | map(attribute="mount") | list'
  - ("--fstab" | length == 0)
  - device_name.stdout is defined and device_name.stdout_lines is defined
  - (device_name.stdout | length == 0)
  tags:
  - NIST-800-53-AC-6
  - NIST-800-53-AC-6(1)
  - NIST-800-53-CM-6(a)
  - NIST-800-53-CM-7(a)
  - NIST-800-53-CM-7(b)
  - NIST-800-53-MP-7
  - configure_strategy
  - high_disruption
  - low_complexity
  - medium_severity
  - mount_option_var_log_audit_nodev
  - no_reboot_needed

- name: 'Add nodev Option to /var/log/audit: Make sure nodev option is part of the
    to /var/log/audit options'
  set_fact:
    mount_info: '{{ mount_info | combine( {''options'':''''~mount_info.options~'',nodev''
      }) }}'
  when:
  - not ( ansible_virtualization_type in ["docker", "lxc", "openvz", "podman", "container"]
    )
  - '"/var/log/audit" in ansible_mounts | map(attribute="mount") | list'
  - mount_info is defined and "nodev" not in mount_info.options
  tags:
  - NIST-800-53-AC-6
  - NIST-800-53-AC-6(1)
  - NIST-800-53-CM-6(a)
  - NIST-800-53-CM-7(a)
  - NIST-800-53-CM-7(b)
  - NIST-800-53-MP-7
  - configure_strategy
  - high_disruption
  - low_complexity
  - medium_severity
  - mount_option_var_log_audit_nodev
  - no_reboot_needed

- name: 'Add nodev Option to /var/log/audit: Ensure /var/log/audit is mounted with
    nodev option'
  mount:
    path: /var/log/audit
    src: '{{ mount_info.source }}'
    opts: '{{ mount_info.options }}'
    state: mounted
    fstype: '{{ mount_info.fstype }}'
  when:
  - not ( ansible_virtualization_type in ["docker", "lxc", "openvz", "podman", "container"]
    )
  - '"/var/log/audit" in ansible_mounts | map(attribute="mount") | list'
  - mount_info is defined
  - (device_name.stdout is defined and (device_name.stdout | length &gt; 0)) or ("--fstab"
    | length == 0)
  tags:
  - NIST-800-53-AC-6
  - NIST-800-53-AC-6(1)
  - NIST-800-53-CM-6(a)
  - NIST-800-53-CM-7(a)
  - NIST-800-53-CM-7(b)
  - NIST-800-53-MP-7
  - configure_strategy
  - high_disruption
  - low_complexity
  - medium_severity
  - mount_option_var_log_audit_nodev
  - no_reboot_needed
</fix>
          <fix xmlns:xhtml="http://www.w3.org/1999/xhtml" id="mount_option_var_log_audit_nodev" system="urn:xccdf:fix:script:sh"># Remediation is applicable only in certain platforms
if ! ( [ -f /.dockerenv ] || [ -f /run/.containerenv ] ) &amp;&amp; { findmnt --kernel "/var/log/audit" &gt; /dev/null || findmnt --fstab "/var/log/audit" &gt; /dev/null; }; then

function perform_remediation {
    
        # the mount point /var/log/audit has to be defined in /etc/fstab
        # before this remediation can be executed. In case it is not defined, the
        # remediation aborts and no changes regarding the mount point are done.
        mount_point_match_regexp="$(printf "^[[:space:]]*[^#].*[[:space:]]%s[[:space:]]" "/var/log/audit")"

    grep "$mount_point_match_regexp" -q /etc/fstab \
        || { echo "The mount point '/var/log/audit' is not even in /etc/fstab, so we can't set up mount options" &gt;&amp;2;
                echo "Not remediating, because there is no record of /var/log/audit in /etc/fstab" &gt;&amp;2; return 1; }
    


    mount_point_match_regexp="$(printf "^[[:space:]]*[^#].*[[:space:]]%s[[:space:]]" /var/log/audit)"

    # If the mount point is not in /etc/fstab, get previous mount options from /etc/mtab
    if ! grep -q "$mount_point_match_regexp" /etc/fstab; then
        # runtime opts without some automatic kernel/userspace-added defaults
        previous_mount_opts=$(grep "$mount_point_match_regexp" /etc/mtab | head -1 |  awk '{print $4}' \
                    | sed -E "s/(rw|defaults|seclabel|nodev)(,|$)//g;s/,$//")
        [ "$previous_mount_opts" ] &amp;&amp; previous_mount_opts+=","
        # In iso9660 filesystems mtab could describe a "blocksize" value, this should be reflected in
        # fstab as "block".  The next variable is to satisfy shellcheck SC2050.
        fs_type=""
        if [  "$fs_type" == "iso9660" ] ; then
            previous_mount_opts=$(sed 's/blocksize=/block=/' &lt;&lt;&lt; "$previous_mount_opts")
        fi
        echo " /var/log/audit  defaults,${previous_mount_opts}nodev 0 0" &gt;&gt; /etc/fstab
    # If the mount_opt option is not already in the mount point's /etc/fstab entry, add it
    elif ! grep "$mount_point_match_regexp" /etc/fstab | grep -q "nodev"; then
        previous_mount_opts=$(grep "$mount_point_match_regexp" /etc/fstab | awk '{print $4}')
        sed -i "s|\(${mount_point_match_regexp}.*${previous_mount_opts}\)|\1,nodev|" /etc/fstab
    fi


    if mkdir -p "/var/log/audit"; then
        if mountpoint -q "/var/log/audit"; then
            mount -o remount --target "/var/log/audit"
        fi
    fi
}

perform_remediation

else
    &gt;&amp;2 echo 'Remediation is not applicable, nothing was done'
fi
</fix>
          <check system="http://oval.mitre.org/XMLSchema/oval-definitions-5">
            <check-content-ref name="oval:ssg-mount_option_var_log_audit_nodev:def:1" href="ssg-ubuntu2404-oval.xml"/>
          </check>
          <check system="http://scap.nist.gov/schema/ocil/2">
            <check-content-ref name="ocil:ssg-mount_option_var_log_audit_nodev_ocil:questionnaire:1" href="ssg-ubuntu2404-ocil.xml"/>
          </check>
        </Rule>
        <Rule id="xccdf_org.ssgproject.content_rule_mount_option_var_log_audit_noexec" selected="false" role="full" severity="medium">
          <title xmlns:xhtml="http://www.w3.org/1999/xhtml" xml:lang="en-US">Add noexec Option to /var/log/audit</title>
          <description xmlns:xhtml="http://www.w3.org/1999/xhtml" xml:lang="en-US">The <html:code xmlns:html="http://www.w3.org/1999/xhtml">noexec</html:code> mount option can be used to prevent binaries
from being executed out of <html:code xmlns:html="http://www.w3.org/1999/xhtml">/var/log/audit</html:code>.
Add the <html:code xmlns:html="http://www.w3.org/1999/xhtml">noexec</html:code> option to the fourth column of
<html:code xmlns:html="http://www.w3.org/1999/xhtml">/etc/fstab</html:code> for the line which controls mounting of
<html:code xmlns:html="http://www.w3.org/1999/xhtml">/var/log/audit</html:code>.</description>
          <reference href="https://public.cyber.mil/stigs/cci/">CCI-001764</reference>
          <reference href="https://www.nerc.com/pa/Stand/AlignRep/One%20Stop%20Shop.xlsx">CIP-003-8 R5.1.1</reference>
          <reference href="https://www.nerc.com/pa/Stand/AlignRep/One%20Stop%20Shop.xlsx">CIP-003-8 R5.3</reference>
          <reference href="https://www.nerc.com/pa/Stand/AlignRep/One%20Stop%20Shop.xlsx">CIP-004-6 R2.3</reference>
          <reference href="https://www.nerc.com/pa/Stand/AlignRep/One%20Stop%20Shop.xlsx">CIP-007-3 R2.1</reference>
          <reference href="https://www.nerc.com/pa/Stand/AlignRep/One%20Stop%20Shop.xlsx">CIP-007-3 R2.2</reference>
          <reference href="https://www.nerc.com/pa/Stand/AlignRep/One%20Stop%20Shop.xlsx">CIP-007-3 R2.3</reference>
          <reference href="https://www.nerc.com/pa/Stand/AlignRep/One%20Stop%20Shop.xlsx">CIP-007-3 R5.1</reference>
          <reference href="https://www.nerc.com/pa/Stand/AlignRep/One%20Stop%20Shop.xlsx">CIP-007-3 R5.1.1</reference>
          <reference href="https://www.nerc.com/pa/Stand/AlignRep/One%20Stop%20Shop.xlsx">CIP-007-3 R5.1.2</reference>
          <reference href="http://nvlpubs.nist.gov/nistpubs/SpecialPublications/NIST.SP.800-53r4.pdf">CM-7(a)</reference>
          <reference href="http://nvlpubs.nist.gov/nistpubs/SpecialPublications/NIST.SP.800-53r4.pdf">CM-7(b)</reference>
          <reference href="http://nvlpubs.nist.gov/nistpubs/SpecialPublications/NIST.SP.800-53r4.pdf">CM-6(a)</reference>
          <reference href="http://nvlpubs.nist.gov/nistpubs/SpecialPublications/NIST.SP.800-53r4.pdf">AC-6</reference>
          <reference href="http://nvlpubs.nist.gov/nistpubs/SpecialPublications/NIST.SP.800-53r4.pdf">AC-6(1)</reference>
          <reference href="http://nvlpubs.nist.gov/nistpubs/SpecialPublications/NIST.SP.800-53r4.pdf">MP-7</reference>
          <reference href="https://nvlpubs.nist.gov/nistpubs/CSWP/NIST.CSWP.04162018.pdf">PR.IP-1</reference>
          <reference href="https://nvlpubs.nist.gov/nistpubs/CSWP/NIST.CSWP.04162018.pdf">PR.PT-2</reference>
          <reference href="https://nvlpubs.nist.gov/nistpubs/CSWP/NIST.CSWP.04162018.pdf">PR.PT-3</reference>
          <reference href="https://www.niap-ccevs.org/Profile/PP.cfm">FMT_SMF_EXT.1</reference>
          <reference href="https://public.cyber.mil/stigs/downloads/?_dl_facet_stigs=operating-systems%2Cgeneral-purpose-os">SRG-OS-000368-GPOS-00154</reference>
          <reference href="https://www.cisecurity.org/benchmark/ubuntu_linux/">1.1.2.7.4</reference>
          <rationale xmlns:xhtml="http://www.w3.org/1999/xhtml" xml:lang="en-US">Allowing users to execute binaries from directories containing audit log files
such as <html:code xmlns:html="http://www.w3.org/1999/xhtml">/var/log/audit</html:code> should never be necessary in normal operation and
can expose the system to potential compromise.</rationale>
          <platform idref="#mount_var-log-audit"/>
          <fix xmlns:xhtml="http://www.w3.org/1999/xhtml" id="mount_option_var_log_audit_noexec" system="urn:xccdf:fix:script:ansible" complexity="low" disruption="high" strategy="configure">- name: 'Add noexec Option to /var/log/audit: Check information associated to mountpoint'
  command: findmnt --fstab '/var/log/audit'
  register: device_name
  failed_when: device_name.rc &gt; 1
  changed_when: false
  when:
  - not ( ansible_virtualization_type in ["docker", "lxc", "openvz", "podman", "container"]
    )
  - '"/var/log/audit" in ansible_mounts | map(attribute="mount") | list'
  tags:
  - NIST-800-53-AC-6
  - NIST-800-53-AC-6(1)
  - NIST-800-53-CM-6(a)
  - NIST-800-53-CM-7(a)
  - NIST-800-53-CM-7(b)
  - NIST-800-53-MP-7
  - configure_strategy
  - high_disruption
  - low_complexity
  - medium_severity
  - mount_option_var_log_audit_noexec
  - no_reboot_needed

- name: 'Add noexec Option to /var/log/audit: Create mount_info dictionary variable'
  set_fact:
    mount_info: '{{ mount_info|default({})|combine({item.0: item.1}) }}'
  with_together:
  - '{{ device_name.stdout_lines[0].split() | list | lower }}'
  - '{{ device_name.stdout_lines[1].split() | list }}'
  when:
  - not ( ansible_virtualization_type in ["docker", "lxc", "openvz", "podman", "container"]
    )
  - '"/var/log/audit" in ansible_mounts | map(attribute="mount") | list'
  - device_name.stdout is defined and device_name.stdout_lines is defined
  - (device_name.stdout | length &gt; 0)
  tags:
  - NIST-800-53-AC-6
  - NIST-800-53-AC-6(1)
  - NIST-800-53-CM-6(a)
  - NIST-800-53-CM-7(a)
  - NIST-800-53-CM-7(b)
  - NIST-800-53-MP-7
  - configure_strategy
  - high_disruption
  - low_complexity
  - medium_severity
  - mount_option_var_log_audit_noexec
  - no_reboot_needed

- name: 'Add noexec Option to /var/log/audit: If /var/log/audit not mounted, craft
    mount_info manually'
  set_fact:
    mount_info: '{{ mount_info|default({})|combine({item.0: item.1}) }}'
  with_together:
  - - target
    - source
    - fstype
    - options
  - - /var/log/audit
    - ''
    - ''
    - defaults
  when:
  - not ( ansible_virtualization_type in ["docker", "lxc", "openvz", "podman", "container"]
    )
  - '"/var/log/audit" in ansible_mounts | map(attribute="mount") | list'
  - ("--fstab" | length == 0)
  - device_name.stdout is defined and device_name.stdout_lines is defined
  - (device_name.stdout | length == 0)
  tags:
  - NIST-800-53-AC-6
  - NIST-800-53-AC-6(1)
  - NIST-800-53-CM-6(a)
  - NIST-800-53-CM-7(a)
  - NIST-800-53-CM-7(b)
  - NIST-800-53-MP-7
  - configure_strategy
  - high_disruption
  - low_complexity
  - medium_severity
  - mount_option_var_log_audit_noexec
  - no_reboot_needed

- name: 'Add noexec Option to /var/log/audit: Make sure noexec option is part of the
    to /var/log/audit options'
  set_fact:
    mount_info: '{{ mount_info | combine( {''options'':''''~mount_info.options~'',noexec''
      }) }}'
  when:
  - not ( ansible_virtualization_type in ["docker", "lxc", "openvz", "podman", "container"]
    )
  - '"/var/log/audit" in ansible_mounts | map(attribute="mount") | list'
  - mount_info is defined and "noexec" not in mount_info.options
  tags:
  - NIST-800-53-AC-6
  - NIST-800-53-AC-6(1)
  - NIST-800-53-CM-6(a)
  - NIST-800-53-CM-7(a)
  - NIST-800-53-CM-7(b)
  - NIST-800-53-MP-7
  - configure_strategy
  - high_disruption
  - low_complexity
  - medium_severity
  - mount_option_var_log_audit_noexec
  - no_reboot_needed

- name: 'Add noexec Option to /var/log/audit: Ensure /var/log/audit is mounted with
    noexec option'
  mount:
    path: /var/log/audit
    src: '{{ mount_info.source }}'
    opts: '{{ mount_info.options }}'
    state: mounted
    fstype: '{{ mount_info.fstype }}'
  when:
  - not ( ansible_virtualization_type in ["docker", "lxc", "openvz", "podman", "container"]
    )
  - '"/var/log/audit" in ansible_mounts | map(attribute="mount") | list'
  - mount_info is defined
  - (device_name.stdout is defined and (device_name.stdout | length &gt; 0)) or ("--fstab"
    | length == 0)
  tags:
  - NIST-800-53-AC-6
  - NIST-800-53-AC-6(1)
  - NIST-800-53-CM-6(a)
  - NIST-800-53-CM-7(a)
  - NIST-800-53-CM-7(b)
  - NIST-800-53-MP-7
  - configure_strategy
  - high_disruption
  - low_complexity
  - medium_severity
  - mount_option_var_log_audit_noexec
  - no_reboot_needed
</fix>
          <fix xmlns:xhtml="http://www.w3.org/1999/xhtml" id="mount_option_var_log_audit_noexec" system="urn:xccdf:fix:script:sh"># Remediation is applicable only in certain platforms
if ! ( [ -f /.dockerenv ] || [ -f /run/.containerenv ] ) &amp;&amp; { findmnt --kernel "/var/log/audit" &gt; /dev/null || findmnt --fstab "/var/log/audit" &gt; /dev/null; }; then

function perform_remediation {
    
        # the mount point /var/log/audit has to be defined in /etc/fstab
        # before this remediation can be executed. In case it is not defined, the
        # remediation aborts and no changes regarding the mount point are done.
        mount_point_match_regexp="$(printf "^[[:space:]]*[^#].*[[:space:]]%s[[:space:]]" "/var/log/audit")"

    grep "$mount_point_match_regexp" -q /etc/fstab \
        || { echo "The mount point '/var/log/audit' is not even in /etc/fstab, so we can't set up mount options" &gt;&amp;2;
                echo "Not remediating, because there is no record of /var/log/audit in /etc/fstab" &gt;&amp;2; return 1; }
    


    mount_point_match_regexp="$(printf "^[[:space:]]*[^#].*[[:space:]]%s[[:space:]]" /var/log/audit)"

    # If the mount point is not in /etc/fstab, get previous mount options from /etc/mtab
    if ! grep -q "$mount_point_match_regexp" /etc/fstab; then
        # runtime opts without some automatic kernel/userspace-added defaults
        previous_mount_opts=$(grep "$mount_point_match_regexp" /etc/mtab | head -1 |  awk '{print $4}' \
                    | sed -E "s/(rw|defaults|seclabel|noexec)(,|$)//g;s/,$//")
        [ "$previous_mount_opts" ] &amp;&amp; previous_mount_opts+=","
        # In iso9660 filesystems mtab could describe a "blocksize" value, this should be reflected in
        # fstab as "block".  The next variable is to satisfy shellcheck SC2050.
        fs_type=""
        if [  "$fs_type" == "iso9660" ] ; then
            previous_mount_opts=$(sed 's/blocksize=/block=/' &lt;&lt;&lt; "$previous_mount_opts")
        fi
        echo " /var/log/audit  defaults,${previous_mount_opts}noexec 0 0" &gt;&gt; /etc/fstab
    # If the mount_opt option is not already in the mount point's /etc/fstab entry, add it
    elif ! grep "$mount_point_match_regexp" /etc/fstab | grep -q "noexec"; then
        previous_mount_opts=$(grep "$mount_point_match_regexp" /etc/fstab | awk '{print $4}')
        sed -i "s|\(${mount_point_match_regexp}.*${previous_mount_opts}\)|\1,noexec|" /etc/fstab
    fi


    if mkdir -p "/var/log/audit"; then
        if mountpoint -q "/var/log/audit"; then
            mount -o remount --target "/var/log/audit"
        fi
    fi
}

perform_remediation

else
    &gt;&amp;2 echo 'Remediation is not applicable, nothing was done'
fi
</fix>
          <check system="http://oval.mitre.org/XMLSchema/oval-definitions-5">
            <check-content-ref name="oval:ssg-mount_option_var_log_audit_noexec:def:1" href="ssg-ubuntu2404-oval.xml"/>
          </check>
          <check system="http://scap.nist.gov/schema/ocil/2">
            <check-content-ref name="ocil:ssg-mount_option_var_log_audit_noexec_ocil:questionnaire:1" href="ssg-ubuntu2404-ocil.xml"/>
          </check>
        </Rule>
        <Rule id="xccdf_org.ssgproject.content_rule_mount_option_var_log_audit_nosuid" selected="false" role="full" severity="medium">
          <title xmlns:xhtml="http://www.w3.org/1999/xhtml" xml:lang="en-US">Add nosuid Option to /var/log/audit</title>
          <description xmlns:xhtml="http://www.w3.org/1999/xhtml" xml:lang="en-US">The <html:code xmlns:html="http://www.w3.org/1999/xhtml">nosuid</html:code> mount option can be used to prevent
execution of setuid programs in <html:code xmlns:html="http://www.w3.org/1999/xhtml">/var/log/audit</html:code>. The SUID and SGID permissions
should not be required in directories containing audit log files.
Add the <html:code xmlns:html="http://www.w3.org/1999/xhtml">nosuid</html:code> option to the fourth column of
<html:code xmlns:html="http://www.w3.org/1999/xhtml">/etc/fstab</html:code> for the line which controls mounting of
<html:code xmlns:html="http://www.w3.org/1999/xhtml">/var/log/audit</html:code>.</description>
          <reference href="https://public.cyber.mil/stigs/cci/">CCI-001764</reference>
          <reference href="https://www.nerc.com/pa/Stand/AlignRep/One%20Stop%20Shop.xlsx">CIP-003-8 R5.1.1</reference>
          <reference href="https://www.nerc.com/pa/Stand/AlignRep/One%20Stop%20Shop.xlsx">CIP-003-8 R5.3</reference>
          <reference href="https://www.nerc.com/pa/Stand/AlignRep/One%20Stop%20Shop.xlsx">CIP-004-6 R2.3</reference>
          <reference href="https://www.nerc.com/pa/Stand/AlignRep/One%20Stop%20Shop.xlsx">CIP-007-3 R2.1</reference>
          <reference href="https://www.nerc.com/pa/Stand/AlignRep/One%20Stop%20Shop.xlsx">CIP-007-3 R2.2</reference>
          <reference href="https://www.nerc.com/pa/Stand/AlignRep/One%20Stop%20Shop.xlsx">CIP-007-3 R2.3</reference>
          <reference href="https://www.nerc.com/pa/Stand/AlignRep/One%20Stop%20Shop.xlsx">CIP-007-3 R5.1</reference>
          <reference href="https://www.nerc.com/pa/Stand/AlignRep/One%20Stop%20Shop.xlsx">CIP-007-3 R5.1.1</reference>
          <reference href="https://www.nerc.com/pa/Stand/AlignRep/One%20Stop%20Shop.xlsx">CIP-007-3 R5.1.2</reference>
          <reference href="http://nvlpubs.nist.gov/nistpubs/SpecialPublications/NIST.SP.800-53r4.pdf">CM-7(a)</reference>
          <reference href="http://nvlpubs.nist.gov/nistpubs/SpecialPublications/NIST.SP.800-53r4.pdf">CM-7(b)</reference>
          <reference href="http://nvlpubs.nist.gov/nistpubs/SpecialPublications/NIST.SP.800-53r4.pdf">CM-6(a)</reference>
          <reference href="http://nvlpubs.nist.gov/nistpubs/SpecialPublications/NIST.SP.800-53r4.pdf">AC-6</reference>
          <reference href="http://nvlpubs.nist.gov/nistpubs/SpecialPublications/NIST.SP.800-53r4.pdf">AC-6(1)</reference>
          <reference href="http://nvlpubs.nist.gov/nistpubs/SpecialPublications/NIST.SP.800-53r4.pdf">MP-7</reference>
          <reference href="https://nvlpubs.nist.gov/nistpubs/CSWP/NIST.CSWP.04162018.pdf">PR.IP-1</reference>
          <reference href="https://nvlpubs.nist.gov/nistpubs/CSWP/NIST.CSWP.04162018.pdf">PR.PT-2</reference>
          <reference href="https://nvlpubs.nist.gov/nistpubs/CSWP/NIST.CSWP.04162018.pdf">PR.PT-3</reference>
          <reference href="https://www.niap-ccevs.org/Profile/PP.cfm">FMT_SMF_EXT.1</reference>
          <reference href="https://public.cyber.mil/stigs/downloads/?_dl_facet_stigs=operating-systems%2Cgeneral-purpose-os">SRG-OS-000368-GPOS-00154</reference>
          <reference href="https://www.cisecurity.org/benchmark/ubuntu_linux/">1.1.2.7.3</reference>
          <rationale xmlns:xhtml="http://www.w3.org/1999/xhtml" xml:lang="en-US">The presence of SUID and SGID executables should be tightly controlled. Users
should not be able to execute SUID or SGID binaries from partitions
designated for audit log files.</rationale>
          <platform idref="#mount_var-log-audit"/>
          <fix xmlns:xhtml="http://www.w3.org/1999/xhtml" id="mount_option_var_log_audit_nosuid" system="urn:xccdf:fix:script:ansible" complexity="low" disruption="high" strategy="configure">- name: 'Add nosuid Option to /var/log/audit: Check information associated to mountpoint'
  command: findmnt --fstab '/var/log/audit'
  register: device_name
  failed_when: device_name.rc &gt; 1
  changed_when: false
  when:
  - not ( ansible_virtualization_type in ["docker", "lxc", "openvz", "podman", "container"]
    )
  - '"/var/log/audit" in ansible_mounts | map(attribute="mount") | list'
  tags:
  - NIST-800-53-AC-6
  - NIST-800-53-AC-6(1)
  - NIST-800-53-CM-6(a)
  - NIST-800-53-CM-7(a)
  - NIST-800-53-CM-7(b)
  - NIST-800-53-MP-7
  - configure_strategy
  - high_disruption
  - low_complexity
  - medium_severity
  - mount_option_var_log_audit_nosuid
  - no_reboot_needed

- name: 'Add nosuid Option to /var/log/audit: Create mount_info dictionary variable'
  set_fact:
    mount_info: '{{ mount_info|default({})|combine({item.0: item.1}) }}'
  with_together:
  - '{{ device_name.stdout_lines[0].split() | list | lower }}'
  - '{{ device_name.stdout_lines[1].split() | list }}'
  when:
  - not ( ansible_virtualization_type in ["docker", "lxc", "openvz", "podman", "container"]
    )
  - '"/var/log/audit" in ansible_mounts | map(attribute="mount") | list'
  - device_name.stdout is defined and device_name.stdout_lines is defined
  - (device_name.stdout | length &gt; 0)
  tags:
  - NIST-800-53-AC-6
  - NIST-800-53-AC-6(1)
  - NIST-800-53-CM-6(a)
  - NIST-800-53-CM-7(a)
  - NIST-800-53-CM-7(b)
  - NIST-800-53-MP-7
  - configure_strategy
  - high_disruption
  - low_complexity
  - medium_severity
  - mount_option_var_log_audit_nosuid
  - no_reboot_needed

- name: 'Add nosuid Option to /var/log/audit: If /var/log/audit not mounted, craft
    mount_info manually'
  set_fact:
    mount_info: '{{ mount_info|default({})|combine({item.0: item.1}) }}'
  with_together:
  - - target
    - source
    - fstype
    - options
  - - /var/log/audit
    - ''
    - ''
    - defaults
  when:
  - not ( ansible_virtualization_type in ["docker", "lxc", "openvz", "podman", "container"]
    )
  - '"/var/log/audit" in ansible_mounts | map(attribute="mount") | list'
  - ("--fstab" | length == 0)
  - device_name.stdout is defined and device_name.stdout_lines is defined
  - (device_name.stdout | length == 0)
  tags:
  - NIST-800-53-AC-6
  - NIST-800-53-AC-6(1)
  - NIST-800-53-CM-6(a)
  - NIST-800-53-CM-7(a)
  - NIST-800-53-CM-7(b)
  - NIST-800-53-MP-7
  - configure_strategy
  - high_disruption
  - low_complexity
  - medium_severity
  - mount_option_var_log_audit_nosuid
  - no_reboot_needed

- name: 'Add nosuid Option to /var/log/audit: Make sure nosuid option is part of the
    to /var/log/audit options'
  set_fact:
    mount_info: '{{ mount_info | combine( {''options'':''''~mount_info.options~'',nosuid''
      }) }}'
  when:
  - not ( ansible_virtualization_type in ["docker", "lxc", "openvz", "podman", "container"]
    )
  - '"/var/log/audit" in ansible_mounts | map(attribute="mount") | list'
  - mount_info is defined and "nosuid" not in mount_info.options
  tags:
  - NIST-800-53-AC-6
  - NIST-800-53-AC-6(1)
  - NIST-800-53-CM-6(a)
  - NIST-800-53-CM-7(a)
  - NIST-800-53-CM-7(b)
  - NIST-800-53-MP-7
  - configure_strategy
  - high_disruption
  - low_complexity
  - medium_severity
  - mount_option_var_log_audit_nosuid
  - no_reboot_needed

- name: 'Add nosuid Option to /var/log/audit: Ensure /var/log/audit is mounted with
    nosuid option'
  mount:
    path: /var/log/audit
    src: '{{ mount_info.source }}'
    opts: '{{ mount_info.options }}'
    state: mounted
    fstype: '{{ mount_info.fstype }}'
  when:
  - not ( ansible_virtualization_type in ["docker", "lxc", "openvz", "podman", "container"]
    )
  - '"/var/log/audit" in ansible_mounts | map(attribute="mount") | list'
  - mount_info is defined
  - (device_name.stdout is defined and (device_name.stdout | length &gt; 0)) or ("--fstab"
    | length == 0)
  tags:
  - NIST-800-53-AC-6
  - NIST-800-53-AC-6(1)
  - NIST-800-53-CM-6(a)
  - NIST-800-53-CM-7(a)
  - NIST-800-53-CM-7(b)
  - NIST-800-53-MP-7
  - configure_strategy
  - high_disruption
  - low_complexity
  - medium_severity
  - mount_option_var_log_audit_nosuid
  - no_reboot_needed
</fix>
          <fix xmlns:xhtml="http://www.w3.org/1999/xhtml" id="mount_option_var_log_audit_nosuid" system="urn:xccdf:fix:script:sh"># Remediation is applicable only in certain platforms
if ! ( [ -f /.dockerenv ] || [ -f /run/.containerenv ] ) &amp;&amp; { findmnt --kernel "/var/log/audit" &gt; /dev/null || findmnt --fstab "/var/log/audit" &gt; /dev/null; }; then

function perform_remediation {
    
        # the mount point /var/log/audit has to be defined in /etc/fstab
        # before this remediation can be executed. In case it is not defined, the
        # remediation aborts and no changes regarding the mount point are done.
        mount_point_match_regexp="$(printf "^[[:space:]]*[^#].*[[:space:]]%s[[:space:]]" "/var/log/audit")"

    grep "$mount_point_match_regexp" -q /etc/fstab \
        || { echo "The mount point '/var/log/audit' is not even in /etc/fstab, so we can't set up mount options" &gt;&amp;2;
                echo "Not remediating, because there is no record of /var/log/audit in /etc/fstab" &gt;&amp;2; return 1; }
    


    mount_point_match_regexp="$(printf "^[[:space:]]*[^#].*[[:space:]]%s[[:space:]]" /var/log/audit)"

    # If the mount point is not in /etc/fstab, get previous mount options from /etc/mtab
    if ! grep -q "$mount_point_match_regexp" /etc/fstab; then
        # runtime opts without some automatic kernel/userspace-added defaults
        previous_mount_opts=$(grep "$mount_point_match_regexp" /etc/mtab | head -1 |  awk '{print $4}' \
                    | sed -E "s/(rw|defaults|seclabel|nosuid)(,|$)//g;s/,$//")
        [ "$previous_mount_opts" ] &amp;&amp; previous_mount_opts+=","
        # In iso9660 filesystems mtab could describe a "blocksize" value, this should be reflected in
        # fstab as "block".  The next variable is to satisfy shellcheck SC2050.
        fs_type=""
        if [  "$fs_type" == "iso9660" ] ; then
            previous_mount_opts=$(sed 's/blocksize=/block=/' &lt;&lt;&lt; "$previous_mount_opts")
        fi
        echo " /var/log/audit  defaults,${previous_mount_opts}nosuid 0 0" &gt;&gt; /etc/fstab
    # If the mount_opt option is not already in the mount point's /etc/fstab entry, add it
    elif ! grep "$mount_point_match_regexp" /etc/fstab | grep -q "nosuid"; then
        previous_mount_opts=$(grep "$mount_point_match_regexp" /etc/fstab | awk '{print $4}')
        sed -i "s|\(${mount_point_match_regexp}.*${previous_mount_opts}\)|\1,nosuid|" /etc/fstab
    fi


    if mkdir -p "/var/log/audit"; then
        if mountpoint -q "/var/log/audit"; then
            mount -o remount --target "/var/log/audit"
        fi
    fi
}

perform_remediation

else
    &gt;&amp;2 echo 'Remediation is not applicable, nothing was done'
fi
</fix>
          <check system="http://oval.mitre.org/XMLSchema/oval-definitions-5">
            <check-content-ref name="oval:ssg-mount_option_var_log_audit_nosuid:def:1" href="ssg-ubuntu2404-oval.xml"/>
          </check>
          <check system="http://scap.nist.gov/schema/ocil/2">
            <check-content-ref name="ocil:ssg-mount_option_var_log_audit_nosuid_ocil:questionnaire:1" href="ssg-ubuntu2404-ocil.xml"/>
          </check>
        </Rule>
        <Rule id="xccdf_org.ssgproject.content_rule_mount_option_var_log_nodev" selected="false" role="full" severity="medium">
          <title xmlns:xhtml="http://www.w3.org/1999/xhtml" xml:lang="en-US">Add nodev Option to /var/log</title>
          <description xmlns:xhtml="http://www.w3.org/1999/xhtml" xml:lang="en-US">The <html:code xmlns:html="http://www.w3.org/1999/xhtml">nodev</html:code> mount option can be used to prevent device files from
being created in <html:code xmlns:html="http://www.w3.org/1999/xhtml">/var/log</html:code>.
Legitimate character and block devices should exist only in
the <html:code xmlns:html="http://www.w3.org/1999/xhtml">/dev</html:code> directory on the root partition or within chroot
jails built for system services.
Add the <html:code xmlns:html="http://www.w3.org/1999/xhtml">nodev</html:code> option to the fourth column of
<html:code xmlns:html="http://www.w3.org/1999/xhtml">/etc/fstab</html:code> for the line which controls mounting of
<html:code xmlns:html="http://www.w3.org/1999/xhtml">/var/log</html:code>.</description>
          <reference href="https://public.cyber.mil/stigs/cci/">CCI-001764</reference>
          <reference href="https://www.nerc.com/pa/Stand/AlignRep/One%20Stop%20Shop.xlsx">CIP-003-8 R5.1.1</reference>
          <reference href="https://www.nerc.com/pa/Stand/AlignRep/One%20Stop%20Shop.xlsx">CIP-003-8 R5.3</reference>
          <reference href="https://www.nerc.com/pa/Stand/AlignRep/One%20Stop%20Shop.xlsx">CIP-004-6 R2.3</reference>
          <reference href="https://www.nerc.com/pa/Stand/AlignRep/One%20Stop%20Shop.xlsx">CIP-007-3 R2.1</reference>
          <reference href="https://www.nerc.com/pa/Stand/AlignRep/One%20Stop%20Shop.xlsx">CIP-007-3 R2.2</reference>
          <reference href="https://www.nerc.com/pa/Stand/AlignRep/One%20Stop%20Shop.xlsx">CIP-007-3 R2.3</reference>
          <reference href="https://www.nerc.com/pa/Stand/AlignRep/One%20Stop%20Shop.xlsx">CIP-007-3 R5.1</reference>
          <reference href="https://www.nerc.com/pa/Stand/AlignRep/One%20Stop%20Shop.xlsx">CIP-007-3 R5.1.1</reference>
          <reference href="https://www.nerc.com/pa/Stand/AlignRep/One%20Stop%20Shop.xlsx">CIP-007-3 R5.1.2</reference>
          <reference href="http://nvlpubs.nist.gov/nistpubs/SpecialPublications/NIST.SP.800-53r4.pdf">CM-7(a)</reference>
          <reference href="http://nvlpubs.nist.gov/nistpubs/SpecialPublications/NIST.SP.800-53r4.pdf">CM-7(b)</reference>
          <reference href="http://nvlpubs.nist.gov/nistpubs/SpecialPublications/NIST.SP.800-53r4.pdf">CM-6(a)</reference>
          <reference href="http://nvlpubs.nist.gov/nistpubs/SpecialPublications/NIST.SP.800-53r4.pdf">AC-6</reference>
          <reference href="http://nvlpubs.nist.gov/nistpubs/SpecialPublications/NIST.SP.800-53r4.pdf">AC-6(1)</reference>
          <reference href="http://nvlpubs.nist.gov/nistpubs/SpecialPublications/NIST.SP.800-53r4.pdf">MP-7</reference>
          <reference href="https://nvlpubs.nist.gov/nistpubs/CSWP/NIST.CSWP.04162018.pdf">PR.IP-1</reference>
          <reference href="https://nvlpubs.nist.gov/nistpubs/CSWP/NIST.CSWP.04162018.pdf">PR.PT-2</reference>
          <reference href="https://nvlpubs.nist.gov/nistpubs/CSWP/NIST.CSWP.04162018.pdf">PR.PT-3</reference>
          <reference href="https://public.cyber.mil/stigs/downloads/?_dl_facet_stigs=operating-systems%2Cgeneral-purpose-os">SRG-OS-000368-GPOS-00154</reference>
          <reference href="https://www.cisecurity.org/benchmark/ubuntu_linux/">1.1.2.6.2</reference>
          <rationale xmlns:xhtml="http://www.w3.org/1999/xhtml" xml:lang="en-US">The only legitimate location for device files is the <html:code xmlns:html="http://www.w3.org/1999/xhtml">/dev</html:code> directory
located on the root partition. The only exception to this is chroot jails.</rationale>
          <platform idref="#mount_var-log"/>
          <fix xmlns:xhtml="http://www.w3.org/1999/xhtml" id="mount_option_var_log_nodev" system="urn:xccdf:fix:script:ansible" complexity="low" disruption="high" strategy="configure">- name: 'Add nodev Option to /var/log: Check information associated to mountpoint'
  command: findmnt --fstab '/var/log'
  register: device_name
  failed_when: device_name.rc &gt; 1
  changed_when: false
  when:
  - not ( ansible_virtualization_type in ["docker", "lxc", "openvz", "podman", "container"]
    )
  - '"/var/log" in ansible_mounts | map(attribute="mount") | list'
  tags:
  - NIST-800-53-AC-6
  - NIST-800-53-AC-6(1)
  - NIST-800-53-CM-6(a)
  - NIST-800-53-CM-7(a)
  - NIST-800-53-CM-7(b)
  - NIST-800-53-MP-7
  - configure_strategy
  - high_disruption
  - low_complexity
  - medium_severity
  - mount_option_var_log_nodev
  - no_reboot_needed

- name: 'Add nodev Option to /var/log: Create mount_info dictionary variable'
  set_fact:
    mount_info: '{{ mount_info|default({})|combine({item.0: item.1}) }}'
  with_together:
  - '{{ device_name.stdout_lines[0].split() | list | lower }}'
  - '{{ device_name.stdout_lines[1].split() | list }}'
  when:
  - not ( ansible_virtualization_type in ["docker", "lxc", "openvz", "podman", "container"]
    )
  - '"/var/log" in ansible_mounts | map(attribute="mount") | list'
  - device_name.stdout is defined and device_name.stdout_lines is defined
  - (device_name.stdout | length &gt; 0)
  tags:
  - NIST-800-53-AC-6
  - NIST-800-53-AC-6(1)
  - NIST-800-53-CM-6(a)
  - NIST-800-53-CM-7(a)
  - NIST-800-53-CM-7(b)
  - NIST-800-53-MP-7
  - configure_strategy
  - high_disruption
  - low_complexity
  - medium_severity
  - mount_option_var_log_nodev
  - no_reboot_needed

- name: 'Add nodev Option to /var/log: If /var/log not mounted, craft mount_info manually'
  set_fact:
    mount_info: '{{ mount_info|default({})|combine({item.0: item.1}) }}'
  with_together:
  - - target
    - source
    - fstype
    - options
  - - /var/log
    - ''
    - ''
    - defaults
  when:
  - not ( ansible_virtualization_type in ["docker", "lxc", "openvz", "podman", "container"]
    )
  - '"/var/log" in ansible_mounts | map(attribute="mount") | list'
  - ("--fstab" | length == 0)
  - device_name.stdout is defined and device_name.stdout_lines is defined
  - (device_name.stdout | length == 0)
  tags:
  - NIST-800-53-AC-6
  - NIST-800-53-AC-6(1)
  - NIST-800-53-CM-6(a)
  - NIST-800-53-CM-7(a)
  - NIST-800-53-CM-7(b)
  - NIST-800-53-MP-7
  - configure_strategy
  - high_disruption
  - low_complexity
  - medium_severity
  - mount_option_var_log_nodev
  - no_reboot_needed

- name: 'Add nodev Option to /var/log: Make sure nodev option is part of the to /var/log
    options'
  set_fact:
    mount_info: '{{ mount_info | combine( {''options'':''''~mount_info.options~'',nodev''
      }) }}'
  when:
  - not ( ansible_virtualization_type in ["docker", "lxc", "openvz", "podman", "container"]
    )
  - '"/var/log" in ansible_mounts | map(attribute="mount") | list'
  - mount_info is defined and "nodev" not in mount_info.options
  tags:
  - NIST-800-53-AC-6
  - NIST-800-53-AC-6(1)
  - NIST-800-53-CM-6(a)
  - NIST-800-53-CM-7(a)
  - NIST-800-53-CM-7(b)
  - NIST-800-53-MP-7
  - configure_strategy
  - high_disruption
  - low_complexity
  - medium_severity
  - mount_option_var_log_nodev
  - no_reboot_needed

- name: 'Add nodev Option to /var/log: Ensure /var/log is mounted with nodev option'
  mount:
    path: /var/log
    src: '{{ mount_info.source }}'
    opts: '{{ mount_info.options }}'
    state: mounted
    fstype: '{{ mount_info.fstype }}'
  when:
  - not ( ansible_virtualization_type in ["docker", "lxc", "openvz", "podman", "container"]
    )
  - '"/var/log" in ansible_mounts | map(attribute="mount") | list'
  - mount_info is defined
  - (device_name.stdout is defined and (device_name.stdout | length &gt; 0)) or ("--fstab"
    | length == 0)
  tags:
  - NIST-800-53-AC-6
  - NIST-800-53-AC-6(1)
  - NIST-800-53-CM-6(a)
  - NIST-800-53-CM-7(a)
  - NIST-800-53-CM-7(b)
  - NIST-800-53-MP-7
  - configure_strategy
  - high_disruption
  - low_complexity
  - medium_severity
  - mount_option_var_log_nodev
  - no_reboot_needed
</fix>
          <fix xmlns:xhtml="http://www.w3.org/1999/xhtml" id="mount_option_var_log_nodev" system="urn:xccdf:fix:script:sh"># Remediation is applicable only in certain platforms
if ! ( [ -f /.dockerenv ] || [ -f /run/.containerenv ] ) &amp;&amp; { findmnt --kernel "/var/log" &gt; /dev/null || findmnt --fstab "/var/log" &gt; /dev/null; }; then

function perform_remediation {
    
        # the mount point /var/log has to be defined in /etc/fstab
        # before this remediation can be executed. In case it is not defined, the
        # remediation aborts and no changes regarding the mount point are done.
        mount_point_match_regexp="$(printf "^[[:space:]]*[^#].*[[:space:]]%s[[:space:]]" "/var/log")"

    grep "$mount_point_match_regexp" -q /etc/fstab \
        || { echo "The mount point '/var/log' is not even in /etc/fstab, so we can't set up mount options" &gt;&amp;2;
                echo "Not remediating, because there is no record of /var/log in /etc/fstab" &gt;&amp;2; return 1; }
    


    mount_point_match_regexp="$(printf "^[[:space:]]*[^#].*[[:space:]]%s[[:space:]]" /var/log)"

    # If the mount point is not in /etc/fstab, get previous mount options from /etc/mtab
    if ! grep -q "$mount_point_match_regexp" /etc/fstab; then
        # runtime opts without some automatic kernel/userspace-added defaults
        previous_mount_opts=$(grep "$mount_point_match_regexp" /etc/mtab | head -1 |  awk '{print $4}' \
                    | sed -E "s/(rw|defaults|seclabel|nodev)(,|$)//g;s/,$//")
        [ "$previous_mount_opts" ] &amp;&amp; previous_mount_opts+=","
        # In iso9660 filesystems mtab could describe a "blocksize" value, this should be reflected in
        # fstab as "block".  The next variable is to satisfy shellcheck SC2050.
        fs_type=""
        if [  "$fs_type" == "iso9660" ] ; then
            previous_mount_opts=$(sed 's/blocksize=/block=/' &lt;&lt;&lt; "$previous_mount_opts")
        fi
        echo " /var/log  defaults,${previous_mount_opts}nodev 0 0" &gt;&gt; /etc/fstab
    # If the mount_opt option is not already in the mount point's /etc/fstab entry, add it
    elif ! grep "$mount_point_match_regexp" /etc/fstab | grep -q "nodev"; then
        previous_mount_opts=$(grep "$mount_point_match_regexp" /etc/fstab | awk '{print $4}')
        sed -i "s|\(${mount_point_match_regexp}.*${previous_mount_opts}\)|\1,nodev|" /etc/fstab
    fi


    if mkdir -p "/var/log"; then
        if mountpoint -q "/var/log"; then
            mount -o remount --target "/var/log"
        fi
    fi
}

perform_remediation

else
    &gt;&amp;2 echo 'Remediation is not applicable, nothing was done'
fi
</fix>
          <check system="http://oval.mitre.org/XMLSchema/oval-definitions-5">
            <check-content-ref name="oval:ssg-mount_option_var_log_nodev:def:1" href="ssg-ubuntu2404-oval.xml"/>
          </check>
          <check system="http://scap.nist.gov/schema/ocil/2">
            <check-content-ref name="ocil:ssg-mount_option_var_log_nodev_ocil:questionnaire:1" href="ssg-ubuntu2404-ocil.xml"/>
          </check>
        </Rule>
        <Rule id="xccdf_org.ssgproject.content_rule_mount_option_var_log_noexec" selected="false" role="full" severity="medium">
          <title xmlns:xhtml="http://www.w3.org/1999/xhtml" xml:lang="en-US">Add noexec Option to /var/log</title>
          <description xmlns:xhtml="http://www.w3.org/1999/xhtml" xml:lang="en-US">The <html:code xmlns:html="http://www.w3.org/1999/xhtml">noexec</html:code> mount option can be used to prevent binaries
from being executed out of <html:code xmlns:html="http://www.w3.org/1999/xhtml">/var/log</html:code>.
Add the <html:code xmlns:html="http://www.w3.org/1999/xhtml">noexec</html:code> option to the fourth column of
<html:code xmlns:html="http://www.w3.org/1999/xhtml">/etc/fstab</html:code> for the line which controls mounting of
<html:code xmlns:html="http://www.w3.org/1999/xhtml">/var/log</html:code>.</description>
          <reference href="https://public.cyber.mil/stigs/cci/">CCI-001764</reference>
          <reference href="https://www.nerc.com/pa/Stand/AlignRep/One%20Stop%20Shop.xlsx">CIP-003-8 R5.1.1</reference>
          <reference href="https://www.nerc.com/pa/Stand/AlignRep/One%20Stop%20Shop.xlsx">CIP-003-8 R5.3</reference>
          <reference href="https://www.nerc.com/pa/Stand/AlignRep/One%20Stop%20Shop.xlsx">CIP-004-6 R2.3</reference>
          <reference href="https://www.nerc.com/pa/Stand/AlignRep/One%20Stop%20Shop.xlsx">CIP-007-3 R2.1</reference>
          <reference href="https://www.nerc.com/pa/Stand/AlignRep/One%20Stop%20Shop.xlsx">CIP-007-3 R2.2</reference>
          <reference href="https://www.nerc.com/pa/Stand/AlignRep/One%20Stop%20Shop.xlsx">CIP-007-3 R2.3</reference>
          <reference href="https://www.nerc.com/pa/Stand/AlignRep/One%20Stop%20Shop.xlsx">CIP-007-3 R5.1</reference>
          <reference href="https://www.nerc.com/pa/Stand/AlignRep/One%20Stop%20Shop.xlsx">CIP-007-3 R5.1.1</reference>
          <reference href="https://www.nerc.com/pa/Stand/AlignRep/One%20Stop%20Shop.xlsx">CIP-007-3 R5.1.2</reference>
          <reference href="http://nvlpubs.nist.gov/nistpubs/SpecialPublications/NIST.SP.800-53r4.pdf">CM-7(a)</reference>
          <reference href="http://nvlpubs.nist.gov/nistpubs/SpecialPublications/NIST.SP.800-53r4.pdf">CM-7(b)</reference>
          <reference href="http://nvlpubs.nist.gov/nistpubs/SpecialPublications/NIST.SP.800-53r4.pdf">CM-6(a)</reference>
          <reference href="http://nvlpubs.nist.gov/nistpubs/SpecialPublications/NIST.SP.800-53r4.pdf">AC-6</reference>
          <reference href="http://nvlpubs.nist.gov/nistpubs/SpecialPublications/NIST.SP.800-53r4.pdf">AC-6(1)</reference>
          <reference href="http://nvlpubs.nist.gov/nistpubs/SpecialPublications/NIST.SP.800-53r4.pdf">MP-7</reference>
          <reference href="https://nvlpubs.nist.gov/nistpubs/CSWP/NIST.CSWP.04162018.pdf">PR.IP-1</reference>
          <reference href="https://nvlpubs.nist.gov/nistpubs/CSWP/NIST.CSWP.04162018.pdf">PR.PT-2</reference>
          <reference href="https://nvlpubs.nist.gov/nistpubs/CSWP/NIST.CSWP.04162018.pdf">PR.PT-3</reference>
          <reference href="https://public.cyber.mil/stigs/downloads/?_dl_facet_stigs=operating-systems%2Cgeneral-purpose-os">SRG-OS-000368-GPOS-00154</reference>
          <reference href="https://cyber.gouv.fr/sites/default/files/document/linux_configuration-en-v2.pdf">R28</reference>
          <reference href="https://www.cisecurity.org/benchmark/ubuntu_linux/">1.1.2.6.4</reference>
          <rationale xmlns:xhtml="http://www.w3.org/1999/xhtml" xml:lang="en-US">Allowing users to execute binaries from directories containing log files
such as <html:code xmlns:html="http://www.w3.org/1999/xhtml">/var/log</html:code> should never be necessary in normal operation and
can expose the system to potential compromise.</rationale>
          <platform idref="#mount_var-log"/>
          <fix xmlns:xhtml="http://www.w3.org/1999/xhtml" id="mount_option_var_log_noexec" system="urn:xccdf:fix:script:ansible" complexity="low" disruption="high" strategy="configure">- name: 'Add noexec Option to /var/log: Check information associated to mountpoint'
  command: findmnt --fstab '/var/log'
  register: device_name
  failed_when: device_name.rc &gt; 1
  changed_when: false
  when:
  - not ( ansible_virtualization_type in ["docker", "lxc", "openvz", "podman", "container"]
    )
  - '"/var/log" in ansible_mounts | map(attribute="mount") | list'
  tags:
  - NIST-800-53-AC-6
  - NIST-800-53-AC-6(1)
  - NIST-800-53-CM-6(a)
  - NIST-800-53-CM-7(a)
  - NIST-800-53-CM-7(b)
  - NIST-800-53-MP-7
  - configure_strategy
  - high_disruption
  - low_complexity
  - medium_severity
  - mount_option_var_log_noexec
  - no_reboot_needed

- name: 'Add noexec Option to /var/log: Create mount_info dictionary variable'
  set_fact:
    mount_info: '{{ mount_info|default({})|combine({item.0: item.1}) }}'
  with_together:
  - '{{ device_name.stdout_lines[0].split() | list | lower }}'
  - '{{ device_name.stdout_lines[1].split() | list }}'
  when:
  - not ( ansible_virtualization_type in ["docker", "lxc", "openvz", "podman", "container"]
    )
  - '"/var/log" in ansible_mounts | map(attribute="mount") | list'
  - device_name.stdout is defined and device_name.stdout_lines is defined
  - (device_name.stdout | length &gt; 0)
  tags:
  - NIST-800-53-AC-6
  - NIST-800-53-AC-6(1)
  - NIST-800-53-CM-6(a)
  - NIST-800-53-CM-7(a)
  - NIST-800-53-CM-7(b)
  - NIST-800-53-MP-7
  - configure_strategy
  - high_disruption
  - low_complexity
  - medium_severity
  - mount_option_var_log_noexec
  - no_reboot_needed

- name: 'Add noexec Option to /var/log: If /var/log not mounted, craft mount_info
    manually'
  set_fact:
    mount_info: '{{ mount_info|default({})|combine({item.0: item.1}) }}'
  with_together:
  - - target
    - source
    - fstype
    - options
  - - /var/log
    - ''
    - ''
    - defaults
  when:
  - not ( ansible_virtualization_type in ["docker", "lxc", "openvz", "podman", "container"]
    )
  - '"/var/log" in ansible_mounts | map(attribute="mount") | list'
  - ("--fstab" | length == 0)
  - device_name.stdout is defined and device_name.stdout_lines is defined
  - (device_name.stdout | length == 0)
  tags:
  - NIST-800-53-AC-6
  - NIST-800-53-AC-6(1)
  - NIST-800-53-CM-6(a)
  - NIST-800-53-CM-7(a)
  - NIST-800-53-CM-7(b)
  - NIST-800-53-MP-7
  - configure_strategy
  - high_disruption
  - low_complexity
  - medium_severity
  - mount_option_var_log_noexec
  - no_reboot_needed

- name: 'Add noexec Option to /var/log: Make sure noexec option is part of the to
    /var/log options'
  set_fact:
    mount_info: '{{ mount_info | combine( {''options'':''''~mount_info.options~'',noexec''
      }) }}'
  when:
  - not ( ansible_virtualization_type in ["docker", "lxc", "openvz", "podman", "container"]
    )
  - '"/var/log" in ansible_mounts | map(attribute="mount") | list'
  - mount_info is defined and "noexec" not in mount_info.options
  tags:
  - NIST-800-53-AC-6
  - NIST-800-53-AC-6(1)
  - NIST-800-53-CM-6(a)
  - NIST-800-53-CM-7(a)
  - NIST-800-53-CM-7(b)
  - NIST-800-53-MP-7
  - configure_strategy
  - high_disruption
  - low_complexity
  - medium_severity
  - mount_option_var_log_noexec
  - no_reboot_needed

- name: 'Add noexec Option to /var/log: Ensure /var/log is mounted with noexec option'
  mount:
    path: /var/log
    src: '{{ mount_info.source }}'
    opts: '{{ mount_info.options }}'
    state: mounted
    fstype: '{{ mount_info.fstype }}'
  when:
  - not ( ansible_virtualization_type in ["docker", "lxc", "openvz", "podman", "container"]
    )
  - '"/var/log" in ansible_mounts | map(attribute="mount") | list'
  - mount_info is defined
  - (device_name.stdout is defined and (device_name.stdout | length &gt; 0)) or ("--fstab"
    | length == 0)
  tags:
  - NIST-800-53-AC-6
  - NIST-800-53-AC-6(1)
  - NIST-800-53-CM-6(a)
  - NIST-800-53-CM-7(a)
  - NIST-800-53-CM-7(b)
  - NIST-800-53-MP-7
  - configure_strategy
  - high_disruption
  - low_complexity
  - medium_severity
  - mount_option_var_log_noexec
  - no_reboot_needed
</fix>
          <fix xmlns:xhtml="http://www.w3.org/1999/xhtml" id="mount_option_var_log_noexec" system="urn:xccdf:fix:script:sh"># Remediation is applicable only in certain platforms
if ! ( [ -f /.dockerenv ] || [ -f /run/.containerenv ] ) &amp;&amp; { findmnt --kernel "/var/log" &gt; /dev/null || findmnt --fstab "/var/log" &gt; /dev/null; }; then

function perform_remediation {
    
        # the mount point /var/log has to be defined in /etc/fstab
        # before this remediation can be executed. In case it is not defined, the
        # remediation aborts and no changes regarding the mount point are done.
        mount_point_match_regexp="$(printf "^[[:space:]]*[^#].*[[:space:]]%s[[:space:]]" "/var/log")"

    grep "$mount_point_match_regexp" -q /etc/fstab \
        || { echo "The mount point '/var/log' is not even in /etc/fstab, so we can't set up mount options" &gt;&amp;2;
                echo "Not remediating, because there is no record of /var/log in /etc/fstab" &gt;&amp;2; return 1; }
    


    mount_point_match_regexp="$(printf "^[[:space:]]*[^#].*[[:space:]]%s[[:space:]]" /var/log)"

    # If the mount point is not in /etc/fstab, get previous mount options from /etc/mtab
    if ! grep -q "$mount_point_match_regexp" /etc/fstab; then
        # runtime opts without some automatic kernel/userspace-added defaults
        previous_mount_opts=$(grep "$mount_point_match_regexp" /etc/mtab | head -1 |  awk '{print $4}' \
                    | sed -E "s/(rw|defaults|seclabel|noexec)(,|$)//g;s/,$//")
        [ "$previous_mount_opts" ] &amp;&amp; previous_mount_opts+=","
        # In iso9660 filesystems mtab could describe a "blocksize" value, this should be reflected in
        # fstab as "block".  The next variable is to satisfy shellcheck SC2050.
        fs_type=""
        if [  "$fs_type" == "iso9660" ] ; then
            previous_mount_opts=$(sed 's/blocksize=/block=/' &lt;&lt;&lt; "$previous_mount_opts")
        fi
        echo " /var/log  defaults,${previous_mount_opts}noexec 0 0" &gt;&gt; /etc/fstab
    # If the mount_opt option is not already in the mount point's /etc/fstab entry, add it
    elif ! grep "$mount_point_match_regexp" /etc/fstab | grep -q "noexec"; then
        previous_mount_opts=$(grep "$mount_point_match_regexp" /etc/fstab | awk '{print $4}')
        sed -i "s|\(${mount_point_match_regexp}.*${previous_mount_opts}\)|\1,noexec|" /etc/fstab
    fi


    if mkdir -p "/var/log"; then
        if mountpoint -q "/var/log"; then
            mount -o remount --target "/var/log"
        fi
    fi
}

perform_remediation

else
    &gt;&amp;2 echo 'Remediation is not applicable, nothing was done'
fi
</fix>
          <check system="http://oval.mitre.org/XMLSchema/oval-definitions-5">
            <check-content-ref name="oval:ssg-mount_option_var_log_noexec:def:1" href="ssg-ubuntu2404-oval.xml"/>
          </check>
          <check system="http://scap.nist.gov/schema/ocil/2">
            <check-content-ref name="ocil:ssg-mount_option_var_log_noexec_ocil:questionnaire:1" href="ssg-ubuntu2404-ocil.xml"/>
          </check>
        </Rule>
        <Rule id="xccdf_org.ssgproject.content_rule_mount_option_var_log_nosuid" selected="false" role="full" severity="medium">
          <title xmlns:xhtml="http://www.w3.org/1999/xhtml" xml:lang="en-US">Add nosuid Option to /var/log</title>
          <description xmlns:xhtml="http://www.w3.org/1999/xhtml" xml:lang="en-US">The <html:code xmlns:html="http://www.w3.org/1999/xhtml">nosuid</html:code> mount option can be used to prevent
execution of setuid programs in <html:code xmlns:html="http://www.w3.org/1999/xhtml">/var/log</html:code>. The SUID and SGID permissions
should not be required in directories containing log files.
Add the <html:code xmlns:html="http://www.w3.org/1999/xhtml">nosuid</html:code> option to the fourth column of
<html:code xmlns:html="http://www.w3.org/1999/xhtml">/etc/fstab</html:code> for the line which controls mounting of
<html:code xmlns:html="http://www.w3.org/1999/xhtml">/var/log</html:code>.</description>
          <reference href="https://public.cyber.mil/stigs/cci/">CCI-001764</reference>
          <reference href="https://www.nerc.com/pa/Stand/AlignRep/One%20Stop%20Shop.xlsx">CIP-003-8 R5.1.1</reference>
          <reference href="https://www.nerc.com/pa/Stand/AlignRep/One%20Stop%20Shop.xlsx">CIP-003-8 R5.3</reference>
          <reference href="https://www.nerc.com/pa/Stand/AlignRep/One%20Stop%20Shop.xlsx">CIP-004-6 R2.3</reference>
          <reference href="https://www.nerc.com/pa/Stand/AlignRep/One%20Stop%20Shop.xlsx">CIP-007-3 R2.1</reference>
          <reference href="https://www.nerc.com/pa/Stand/AlignRep/One%20Stop%20Shop.xlsx">CIP-007-3 R2.2</reference>
          <reference href="https://www.nerc.com/pa/Stand/AlignRep/One%20Stop%20Shop.xlsx">CIP-007-3 R2.3</reference>
          <reference href="https://www.nerc.com/pa/Stand/AlignRep/One%20Stop%20Shop.xlsx">CIP-007-3 R5.1</reference>
          <reference href="https://www.nerc.com/pa/Stand/AlignRep/One%20Stop%20Shop.xlsx">CIP-007-3 R5.1.1</reference>
          <reference href="https://www.nerc.com/pa/Stand/AlignRep/One%20Stop%20Shop.xlsx">CIP-007-3 R5.1.2</reference>
          <reference href="http://nvlpubs.nist.gov/nistpubs/SpecialPublications/NIST.SP.800-53r4.pdf">CM-7(a)</reference>
          <reference href="http://nvlpubs.nist.gov/nistpubs/SpecialPublications/NIST.SP.800-53r4.pdf">CM-7(b)</reference>
          <reference href="http://nvlpubs.nist.gov/nistpubs/SpecialPublications/NIST.SP.800-53r4.pdf">CM-6(a)</reference>
          <reference href="http://nvlpubs.nist.gov/nistpubs/SpecialPublications/NIST.SP.800-53r4.pdf">AC-6</reference>
          <reference href="http://nvlpubs.nist.gov/nistpubs/SpecialPublications/NIST.SP.800-53r4.pdf">AC-6(1)</reference>
          <reference href="http://nvlpubs.nist.gov/nistpubs/SpecialPublications/NIST.SP.800-53r4.pdf">MP-7</reference>
          <reference href="https://nvlpubs.nist.gov/nistpubs/CSWP/NIST.CSWP.04162018.pdf">PR.IP-1</reference>
          <reference href="https://nvlpubs.nist.gov/nistpubs/CSWP/NIST.CSWP.04162018.pdf">PR.PT-2</reference>
          <reference href="https://nvlpubs.nist.gov/nistpubs/CSWP/NIST.CSWP.04162018.pdf">PR.PT-3</reference>
          <reference href="https://public.cyber.mil/stigs/downloads/?_dl_facet_stigs=operating-systems%2Cgeneral-purpose-os">SRG-OS-000368-GPOS-00154</reference>
          <reference href="https://cyber.gouv.fr/sites/default/files/document/linux_configuration-en-v2.pdf">R28</reference>
          <reference href="https://www.cisecurity.org/benchmark/ubuntu_linux/">1.1.2.6.3</reference>
          <rationale xmlns:xhtml="http://www.w3.org/1999/xhtml" xml:lang="en-US">The presence of SUID and SGID executables should be tightly controlled. Users
should not be able to execute SUID or SGID binaries from partitions
designated for log files.</rationale>
          <platform idref="#mount_var-log"/>
          <fix xmlns:xhtml="http://www.w3.org/1999/xhtml" id="mount_option_var_log_nosuid" system="urn:xccdf:fix:script:ansible" complexity="low" disruption="high" strategy="configure">- name: 'Add nosuid Option to /var/log: Check information associated to mountpoint'
  command: findmnt --fstab '/var/log'
  register: device_name
  failed_when: device_name.rc &gt; 1
  changed_when: false
  when:
  - not ( ansible_virtualization_type in ["docker", "lxc", "openvz", "podman", "container"]
    )
  - '"/var/log" in ansible_mounts | map(attribute="mount") | list'
  tags:
  - NIST-800-53-AC-6
  - NIST-800-53-AC-6(1)
  - NIST-800-53-CM-6(a)
  - NIST-800-53-CM-7(a)
  - NIST-800-53-CM-7(b)
  - NIST-800-53-MP-7
  - configure_strategy
  - high_disruption
  - low_complexity
  - medium_severity
  - mount_option_var_log_nosuid
  - no_reboot_needed

- name: 'Add nosuid Option to /var/log: Create mount_info dictionary variable'
  set_fact:
    mount_info: '{{ mount_info|default({})|combine({item.0: item.1}) }}'
  with_together:
  - '{{ device_name.stdout_lines[0].split() | list | lower }}'
  - '{{ device_name.stdout_lines[1].split() | list }}'
  when:
  - not ( ansible_virtualization_type in ["docker", "lxc", "openvz", "podman", "container"]
    )
  - '"/var/log" in ansible_mounts | map(attribute="mount") | list'
  - device_name.stdout is defined and device_name.stdout_lines is defined
  - (device_name.stdout | length &gt; 0)
  tags:
  - NIST-800-53-AC-6
  - NIST-800-53-AC-6(1)
  - NIST-800-53-CM-6(a)
  - NIST-800-53-CM-7(a)
  - NIST-800-53-CM-7(b)
  - NIST-800-53-MP-7
  - configure_strategy
  - high_disruption
  - low_complexity
  - medium_severity
  - mount_option_var_log_nosuid
  - no_reboot_needed

- name: 'Add nosuid Option to /var/log: If /var/log not mounted, craft mount_info
    manually'
  set_fact:
    mount_info: '{{ mount_info|default({})|combine({item.0: item.1}) }}'
  with_together:
  - - target
    - source
    - fstype
    - options
  - - /var/log
    - ''
    - ''
    - defaults
  when:
  - not ( ansible_virtualization_type in ["docker", "lxc", "openvz", "podman", "container"]
    )
  - '"/var/log" in ansible_mounts | map(attribute="mount") | list'
  - ("--fstab" | length == 0)
  - device_name.stdout is defined and device_name.stdout_lines is defined
  - (device_name.stdout | length == 0)
  tags:
  - NIST-800-53-AC-6
  - NIST-800-53-AC-6(1)
  - NIST-800-53-CM-6(a)
  - NIST-800-53-CM-7(a)
  - NIST-800-53-CM-7(b)
  - NIST-800-53-MP-7
  - configure_strategy
  - high_disruption
  - low_complexity
  - medium_severity
  - mount_option_var_log_nosuid
  - no_reboot_needed

- name: 'Add nosuid Option to /var/log: Make sure nosuid option is part of the to
    /var/log options'
  set_fact:
    mount_info: '{{ mount_info | combine( {''options'':''''~mount_info.options~'',nosuid''
      }) }}'
  when:
  - not ( ansible_virtualization_type in ["docker", "lxc", "openvz", "podman", "container"]
    )
  - '"/var/log" in ansible_mounts | map(attribute="mount") | list'
  - mount_info is defined and "nosuid" not in mount_info.options
  tags:
  - NIST-800-53-AC-6
  - NIST-800-53-AC-6(1)
  - NIST-800-53-CM-6(a)
  - NIST-800-53-CM-7(a)
  - NIST-800-53-CM-7(b)
  - NIST-800-53-MP-7
  - configure_strategy
  - high_disruption
  - low_complexity
  - medium_severity
  - mount_option_var_log_nosuid
  - no_reboot_needed

- name: 'Add nosuid Option to /var/log: Ensure /var/log is mounted with nosuid option'
  mount:
    path: /var/log
    src: '{{ mount_info.source }}'
    opts: '{{ mount_info.options }}'
    state: mounted
    fstype: '{{ mount_info.fstype }}'
  when:
  - not ( ansible_virtualization_type in ["docker", "lxc", "openvz", "podman", "container"]
    )
  - '"/var/log" in ansible_mounts | map(attribute="mount") | list'
  - mount_info is defined
  - (device_name.stdout is defined and (device_name.stdout | length &gt; 0)) or ("--fstab"
    | length == 0)
  tags:
  - NIST-800-53-AC-6
  - NIST-800-53-AC-6(1)
  - NIST-800-53-CM-6(a)
  - NIST-800-53-CM-7(a)
  - NIST-800-53-CM-7(b)
  - NIST-800-53-MP-7
  - configure_strategy
  - high_disruption
  - low_complexity
  - medium_severity
  - mount_option_var_log_nosuid
  - no_reboot_needed
</fix>
          <fix xmlns:xhtml="http://www.w3.org/1999/xhtml" id="mount_option_var_log_nosuid" system="urn:xccdf:fix:script:sh"># Remediation is applicable only in certain platforms
if ! ( [ -f /.dockerenv ] || [ -f /run/.containerenv ] ) &amp;&amp; { findmnt --kernel "/var/log" &gt; /dev/null || findmnt --fstab "/var/log" &gt; /dev/null; }; then

function perform_remediation {
    
        # the mount point /var/log has to be defined in /etc/fstab
        # before this remediation can be executed. In case it is not defined, the
        # remediation aborts and no changes regarding the mount point are done.
        mount_point_match_regexp="$(printf "^[[:space:]]*[^#].*[[:space:]]%s[[:space:]]" "/var/log")"

    grep "$mount_point_match_regexp" -q /etc/fstab \
        || { echo "The mount point '/var/log' is not even in /etc/fstab, so we can't set up mount options" &gt;&amp;2;
                echo "Not remediating, because there is no record of /var/log in /etc/fstab" &gt;&amp;2; return 1; }
    


    mount_point_match_regexp="$(printf "^[[:space:]]*[^#].*[[:space:]]%s[[:space:]]" /var/log)"

    # If the mount point is not in /etc/fstab, get previous mount options from /etc/mtab
    if ! grep -q "$mount_point_match_regexp" /etc/fstab; then
        # runtime opts without some automatic kernel/userspace-added defaults
        previous_mount_opts=$(grep "$mount_point_match_regexp" /etc/mtab | head -1 |  awk '{print $4}' \
                    | sed -E "s/(rw|defaults|seclabel|nosuid)(,|$)//g;s/,$//")
        [ "$previous_mount_opts" ] &amp;&amp; previous_mount_opts+=","
        # In iso9660 filesystems mtab could describe a "blocksize" value, this should be reflected in
        # fstab as "block".  The next variable is to satisfy shellcheck SC2050.
        fs_type=""
        if [  "$fs_type" == "iso9660" ] ; then
            previous_mount_opts=$(sed 's/blocksize=/block=/' &lt;&lt;&lt; "$previous_mount_opts")
        fi
        echo " /var/log  defaults,${previous_mount_opts}nosuid 0 0" &gt;&gt; /etc/fstab
    # If the mount_opt option is not already in the mount point's /etc/fstab entry, add it
    elif ! grep "$mount_point_match_regexp" /etc/fstab | grep -q "nosuid"; then
        previous_mount_opts=$(grep "$mount_point_match_regexp" /etc/fstab | awk '{print $4}')
        sed -i "s|\(${mount_point_match_regexp}.*${previous_mount_opts}\)|\1,nosuid|" /etc/fstab
    fi


    if mkdir -p "/var/log"; then
        if mountpoint -q "/var/log"; then
            mount -o remount --target "/var/log"
        fi
    fi
}

perform_remediation

else
    &gt;&amp;2 echo 'Remediation is not applicable, nothing was done'
fi
</fix>
          <check system="http://oval.mitre.org/XMLSchema/oval-definitions-5">
            <check-content-ref name="oval:ssg-mount_option_var_log_nosuid:def:1" href="ssg-ubuntu2404-oval.xml"/>
          </check>
          <check system="http://scap.nist.gov/schema/ocil/2">
            <check-content-ref name="ocil:ssg-mount_option_var_log_nosuid_ocil:questionnaire:1" href="ssg-ubuntu2404-ocil.xml"/>
          </check>
        </Rule>
        <Rule id="xccdf_org.ssgproject.content_rule_mount_option_var_nodev" selected="false" role="full" severity="medium">
          <title xmlns:xhtml="http://www.w3.org/1999/xhtml" xml:lang="en-US">Add nodev Option to /var</title>
          <description xmlns:xhtml="http://www.w3.org/1999/xhtml" xml:lang="en-US">The <html:code xmlns:html="http://www.w3.org/1999/xhtml">nodev</html:code> mount option can be used to prevent device files from
being created in <html:code xmlns:html="http://www.w3.org/1999/xhtml">/var</html:code>.
Legitimate character and block devices should exist only in
the <html:code xmlns:html="http://www.w3.org/1999/xhtml">/dev</html:code> directory on the root partition or within chroot
jails built for system services.
Add the <html:code xmlns:html="http://www.w3.org/1999/xhtml">nodev</html:code> option to the fourth column of
<html:code xmlns:html="http://www.w3.org/1999/xhtml">/etc/fstab</html:code> for the line which controls mounting of
<html:code xmlns:html="http://www.w3.org/1999/xhtml">/var</html:code>.</description>
          <reference href="https://public.cyber.mil/stigs/cci/">CCI-001764</reference>
          <reference href="https://www.nerc.com/pa/Stand/AlignRep/One%20Stop%20Shop.xlsx">CIP-003-8 R5.1.1</reference>
          <reference href="https://www.nerc.com/pa/Stand/AlignRep/One%20Stop%20Shop.xlsx">CIP-003-8 R5.3</reference>
          <reference href="https://www.nerc.com/pa/Stand/AlignRep/One%20Stop%20Shop.xlsx">CIP-004-6 R2.3</reference>
          <reference href="https://www.nerc.com/pa/Stand/AlignRep/One%20Stop%20Shop.xlsx">CIP-007-3 R2.1</reference>
          <reference href="https://www.nerc.com/pa/Stand/AlignRep/One%20Stop%20Shop.xlsx">CIP-007-3 R2.2</reference>
          <reference href="https://www.nerc.com/pa/Stand/AlignRep/One%20Stop%20Shop.xlsx">CIP-007-3 R2.3</reference>
          <reference href="https://www.nerc.com/pa/Stand/AlignRep/One%20Stop%20Shop.xlsx">CIP-007-3 R5.1</reference>
          <reference href="https://www.nerc.com/pa/Stand/AlignRep/One%20Stop%20Shop.xlsx">CIP-007-3 R5.1.1</reference>
          <reference href="https://www.nerc.com/pa/Stand/AlignRep/One%20Stop%20Shop.xlsx">CIP-007-3 R5.1.2</reference>
          <reference href="http://nvlpubs.nist.gov/nistpubs/SpecialPublications/NIST.SP.800-53r4.pdf">CM-7(a)</reference>
          <reference href="http://nvlpubs.nist.gov/nistpubs/SpecialPublications/NIST.SP.800-53r4.pdf">CM-7(b)</reference>
          <reference href="http://nvlpubs.nist.gov/nistpubs/SpecialPublications/NIST.SP.800-53r4.pdf">CM-6(a)</reference>
          <reference href="http://nvlpubs.nist.gov/nistpubs/SpecialPublications/NIST.SP.800-53r4.pdf">AC-6</reference>
          <reference href="http://nvlpubs.nist.gov/nistpubs/SpecialPublications/NIST.SP.800-53r4.pdf">AC-6(1)</reference>
          <reference href="http://nvlpubs.nist.gov/nistpubs/SpecialPublications/NIST.SP.800-53r4.pdf">MP-7</reference>
          <reference href="https://nvlpubs.nist.gov/nistpubs/CSWP/NIST.CSWP.04162018.pdf">PR.IP-1</reference>
          <reference href="https://nvlpubs.nist.gov/nistpubs/CSWP/NIST.CSWP.04162018.pdf">PR.PT-2</reference>
          <reference href="https://nvlpubs.nist.gov/nistpubs/CSWP/NIST.CSWP.04162018.pdf">PR.PT-3</reference>
          <reference href="https://public.cyber.mil/stigs/downloads/?_dl_facet_stigs=operating-systems%2Cgeneral-purpose-os">SRG-OS-000368-GPOS-00154</reference>
          <reference href="https://www.cisecurity.org/benchmark/ubuntu_linux/">1.1.2.4.2</reference>
          <rationale xmlns:xhtml="http://www.w3.org/1999/xhtml" xml:lang="en-US">The only legitimate location for device files is the <html:code xmlns:html="http://www.w3.org/1999/xhtml">/dev</html:code> directory
located on the root partition. The only exception to this is chroot jails.</rationale>
          <platform idref="#mount_var"/>
          <fix xmlns:xhtml="http://www.w3.org/1999/xhtml" id="mount_option_var_nodev" system="urn:xccdf:fix:script:ansible" complexity="low" disruption="high" strategy="configure">- name: 'Add nodev Option to /var: Check information associated to mountpoint'
  command: findmnt --fstab '/var'
  register: device_name
  failed_when: device_name.rc &gt; 1
  changed_when: false
  when:
  - not ( ansible_virtualization_type in ["docker", "lxc", "openvz", "podman", "container"]
    )
  - '"/var" in ansible_mounts | map(attribute="mount") | list'
  tags:
  - NIST-800-53-AC-6
  - NIST-800-53-AC-6(1)
  - NIST-800-53-CM-6(a)
  - NIST-800-53-CM-7(a)
  - NIST-800-53-CM-7(b)
  - NIST-800-53-MP-7
  - configure_strategy
  - high_disruption
  - low_complexity
  - medium_severity
  - mount_option_var_nodev
  - no_reboot_needed

- name: 'Add nodev Option to /var: Create mount_info dictionary variable'
  set_fact:
    mount_info: '{{ mount_info|default({})|combine({item.0: item.1}) }}'
  with_together:
  - '{{ device_name.stdout_lines[0].split() | list | lower }}'
  - '{{ device_name.stdout_lines[1].split() | list }}'
  when:
  - not ( ansible_virtualization_type in ["docker", "lxc", "openvz", "podman", "container"]
    )
  - '"/var" in ansible_mounts | map(attribute="mount") | list'
  - device_name.stdout is defined and device_name.stdout_lines is defined
  - (device_name.stdout | length &gt; 0)
  tags:
  - NIST-800-53-AC-6
  - NIST-800-53-AC-6(1)
  - NIST-800-53-CM-6(a)
  - NIST-800-53-CM-7(a)
  - NIST-800-53-CM-7(b)
  - NIST-800-53-MP-7
  - configure_strategy
  - high_disruption
  - low_complexity
  - medium_severity
  - mount_option_var_nodev
  - no_reboot_needed

- name: 'Add nodev Option to /var: If /var not mounted, craft mount_info manually'
  set_fact:
    mount_info: '{{ mount_info|default({})|combine({item.0: item.1}) }}'
  with_together:
  - - target
    - source
    - fstype
    - options
  - - /var
    - ''
    - ''
    - defaults
  when:
  - not ( ansible_virtualization_type in ["docker", "lxc", "openvz", "podman", "container"]
    )
  - '"/var" in ansible_mounts | map(attribute="mount") | list'
  - ("--fstab" | length == 0)
  - device_name.stdout is defined and device_name.stdout_lines is defined
  - (device_name.stdout | length == 0)
  tags:
  - NIST-800-53-AC-6
  - NIST-800-53-AC-6(1)
  - NIST-800-53-CM-6(a)
  - NIST-800-53-CM-7(a)
  - NIST-800-53-CM-7(b)
  - NIST-800-53-MP-7
  - configure_strategy
  - high_disruption
  - low_complexity
  - medium_severity
  - mount_option_var_nodev
  - no_reboot_needed

- name: 'Add nodev Option to /var: Make sure nodev option is part of the to /var options'
  set_fact:
    mount_info: '{{ mount_info | combine( {''options'':''''~mount_info.options~'',nodev''
      }) }}'
  when:
  - not ( ansible_virtualization_type in ["docker", "lxc", "openvz", "podman", "container"]
    )
  - '"/var" in ansible_mounts | map(attribute="mount") | list'
  - mount_info is defined and "nodev" not in mount_info.options
  tags:
  - NIST-800-53-AC-6
  - NIST-800-53-AC-6(1)
  - NIST-800-53-CM-6(a)
  - NIST-800-53-CM-7(a)
  - NIST-800-53-CM-7(b)
  - NIST-800-53-MP-7
  - configure_strategy
  - high_disruption
  - low_complexity
  - medium_severity
  - mount_option_var_nodev
  - no_reboot_needed

- name: 'Add nodev Option to /var: Ensure /var is mounted with nodev option'
  mount:
    path: /var
    src: '{{ mount_info.source }}'
    opts: '{{ mount_info.options }}'
    state: mounted
    fstype: '{{ mount_info.fstype }}'
  when:
  - not ( ansible_virtualization_type in ["docker", "lxc", "openvz", "podman", "container"]
    )
  - '"/var" in ansible_mounts | map(attribute="mount") | list'
  - mount_info is defined
  - (device_name.stdout is defined and (device_name.stdout | length &gt; 0)) or ("--fstab"
    | length == 0)
  tags:
  - NIST-800-53-AC-6
  - NIST-800-53-AC-6(1)
  - NIST-800-53-CM-6(a)
  - NIST-800-53-CM-7(a)
  - NIST-800-53-CM-7(b)
  - NIST-800-53-MP-7
  - configure_strategy
  - high_disruption
  - low_complexity
  - medium_severity
  - mount_option_var_nodev
  - no_reboot_needed
</fix>
          <fix xmlns:xhtml="http://www.w3.org/1999/xhtml" id="mount_option_var_nodev" system="urn:xccdf:fix:script:sh"># Remediation is applicable only in certain platforms
if ! ( [ -f /.dockerenv ] || [ -f /run/.containerenv ] ) &amp;&amp; { findmnt --kernel "/var" &gt; /dev/null || findmnt --fstab "/var" &gt; /dev/null; }; then

function perform_remediation {
    
        # the mount point /var has to be defined in /etc/fstab
        # before this remediation can be executed. In case it is not defined, the
        # remediation aborts and no changes regarding the mount point are done.
        mount_point_match_regexp="$(printf "^[[:space:]]*[^#].*[[:space:]]%s[[:space:]]" "/var")"

    grep "$mount_point_match_regexp" -q /etc/fstab \
        || { echo "The mount point '/var' is not even in /etc/fstab, so we can't set up mount options" &gt;&amp;2;
                echo "Not remediating, because there is no record of /var in /etc/fstab" &gt;&amp;2; return 1; }
    


    mount_point_match_regexp="$(printf "^[[:space:]]*[^#].*[[:space:]]%s[[:space:]]" /var)"

    # If the mount point is not in /etc/fstab, get previous mount options from /etc/mtab
    if ! grep -q "$mount_point_match_regexp" /etc/fstab; then
        # runtime opts without some automatic kernel/userspace-added defaults
        previous_mount_opts=$(grep "$mount_point_match_regexp" /etc/mtab | head -1 |  awk '{print $4}' \
                    | sed -E "s/(rw|defaults|seclabel|nodev)(,|$)//g;s/,$//")
        [ "$previous_mount_opts" ] &amp;&amp; previous_mount_opts+=","
        # In iso9660 filesystems mtab could describe a "blocksize" value, this should be reflected in
        # fstab as "block".  The next variable is to satisfy shellcheck SC2050.
        fs_type=""
        if [  "$fs_type" == "iso9660" ] ; then
            previous_mount_opts=$(sed 's/blocksize=/block=/' &lt;&lt;&lt; "$previous_mount_opts")
        fi
        echo " /var  defaults,${previous_mount_opts}nodev 0 0" &gt;&gt; /etc/fstab
    # If the mount_opt option is not already in the mount point's /etc/fstab entry, add it
    elif ! grep "$mount_point_match_regexp" /etc/fstab | grep -q "nodev"; then
        previous_mount_opts=$(grep "$mount_point_match_regexp" /etc/fstab | awk '{print $4}')
        sed -i "s|\(${mount_point_match_regexp}.*${previous_mount_opts}\)|\1,nodev|" /etc/fstab
    fi


    if mkdir -p "/var"; then
        if mountpoint -q "/var"; then
            mount -o remount --target "/var"
        fi
    fi
}

perform_remediation

else
    &gt;&amp;2 echo 'Remediation is not applicable, nothing was done'
fi
</fix>
          <check system="http://oval.mitre.org/XMLSchema/oval-definitions-5">
            <check-content-ref name="oval:ssg-mount_option_var_nodev:def:1" href="ssg-ubuntu2404-oval.xml"/>
          </check>
          <check system="http://scap.nist.gov/schema/ocil/2">
            <check-content-ref name="ocil:ssg-mount_option_var_nodev_ocil:questionnaire:1" href="ssg-ubuntu2404-ocil.xml"/>
          </check>
        </Rule>
        <Rule id="xccdf_org.ssgproject.content_rule_mount_option_var_nosuid" selected="false" role="full" severity="medium">
          <title xmlns:xhtml="http://www.w3.org/1999/xhtml" xml:lang="en-US">Add nosuid Option to /var</title>
          <description xmlns:xhtml="http://www.w3.org/1999/xhtml" xml:lang="en-US">The <html:code xmlns:html="http://www.w3.org/1999/xhtml">nosuid</html:code> mount option can be used to prevent
execution of setuid programs in <html:code xmlns:html="http://www.w3.org/1999/xhtml">/var</html:code>. The SUID and SGID permissions
should not be required for this directory.
Add the <html:code xmlns:html="http://www.w3.org/1999/xhtml">nosuid</html:code> option to the fourth column of
<html:code xmlns:html="http://www.w3.org/1999/xhtml">/etc/fstab</html:code> for the line which controls mounting of
<html:code xmlns:html="http://www.w3.org/1999/xhtml">/var</html:code>.</description>
          <reference href="https://cyber.gouv.fr/sites/default/files/document/linux_configuration-en-v2.pdf">R28</reference>
          <reference href="https://www.cisecurity.org/benchmark/ubuntu_linux/">1.1.2.4.3</reference>
          <rationale xmlns:xhtml="http://www.w3.org/1999/xhtml" xml:lang="en-US">The presence of SUID and SGID executables should be tightly controlled.</rationale>
          <platform idref="#mount_var"/>
          <fix xmlns:xhtml="http://www.w3.org/1999/xhtml" id="mount_option_var_nosuid" system="urn:xccdf:fix:script:ansible" complexity="low" disruption="high" strategy="configure">- name: 'Add nosuid Option to /var: Check information associated to mountpoint'
  command: findmnt --fstab '/var'
  register: device_name
  failed_when: device_name.rc &gt; 1
  changed_when: false
  when:
  - not ( ansible_virtualization_type in ["docker", "lxc", "openvz", "podman", "container"]
    )
  - '"/var" in ansible_mounts | map(attribute="mount") | list'
  tags:
  - configure_strategy
  - high_disruption
  - low_complexity
  - medium_severity
  - mount_option_var_nosuid
  - no_reboot_needed

- name: 'Add nosuid Option to /var: Create mount_info dictionary variable'
  set_fact:
    mount_info: '{{ mount_info|default({})|combine({item.0: item.1}) }}'
  with_together:
  - '{{ device_name.stdout_lines[0].split() | list | lower }}'
  - '{{ device_name.stdout_lines[1].split() | list }}'
  when:
  - not ( ansible_virtualization_type in ["docker", "lxc", "openvz", "podman", "container"]
    )
  - '"/var" in ansible_mounts | map(attribute="mount") | list'
  - device_name.stdout is defined and device_name.stdout_lines is defined
  - (device_name.stdout | length &gt; 0)
  tags:
  - configure_strategy
  - high_disruption
  - low_complexity
  - medium_severity
  - mount_option_var_nosuid
  - no_reboot_needed

- name: 'Add nosuid Option to /var: If /var not mounted, craft mount_info manually'
  set_fact:
    mount_info: '{{ mount_info|default({})|combine({item.0: item.1}) }}'
  with_together:
  - - target
    - source
    - fstype
    - options
  - - /var
    - ''
    - ''
    - defaults
  when:
  - not ( ansible_virtualization_type in ["docker", "lxc", "openvz", "podman", "container"]
    )
  - '"/var" in ansible_mounts | map(attribute="mount") | list'
  - ("--fstab" | length == 0)
  - device_name.stdout is defined and device_name.stdout_lines is defined
  - (device_name.stdout | length == 0)
  tags:
  - configure_strategy
  - high_disruption
  - low_complexity
  - medium_severity
  - mount_option_var_nosuid
  - no_reboot_needed

- name: 'Add nosuid Option to /var: Make sure nosuid option is part of the to /var
    options'
  set_fact:
    mount_info: '{{ mount_info | combine( {''options'':''''~mount_info.options~'',nosuid''
      }) }}'
  when:
  - not ( ansible_virtualization_type in ["docker", "lxc", "openvz", "podman", "container"]
    )
  - '"/var" in ansible_mounts | map(attribute="mount") | list'
  - mount_info is defined and "nosuid" not in mount_info.options
  tags:
  - configure_strategy
  - high_disruption
  - low_complexity
  - medium_severity
  - mount_option_var_nosuid
  - no_reboot_needed

- name: 'Add nosuid Option to /var: Ensure /var is mounted with nosuid option'
  mount:
    path: /var
    src: '{{ mount_info.source }}'
    opts: '{{ mount_info.options }}'
    state: mounted
    fstype: '{{ mount_info.fstype }}'
  when:
  - not ( ansible_virtualization_type in ["docker", "lxc", "openvz", "podman", "container"]
    )
  - '"/var" in ansible_mounts | map(attribute="mount") | list'
  - mount_info is defined
  - (device_name.stdout is defined and (device_name.stdout | length &gt; 0)) or ("--fstab"
    | length == 0)
  tags:
  - configure_strategy
  - high_disruption
  - low_complexity
  - medium_severity
  - mount_option_var_nosuid
  - no_reboot_needed
</fix>
          <fix xmlns:xhtml="http://www.w3.org/1999/xhtml" id="mount_option_var_nosuid" system="urn:xccdf:fix:script:sh"># Remediation is applicable only in certain platforms
if ! ( [ -f /.dockerenv ] || [ -f /run/.containerenv ] ) &amp;&amp; { findmnt --kernel "/var" &gt; /dev/null || findmnt --fstab "/var" &gt; /dev/null; }; then

function perform_remediation {
    
        # the mount point /var has to be defined in /etc/fstab
        # before this remediation can be executed. In case it is not defined, the
        # remediation aborts and no changes regarding the mount point are done.
        mount_point_match_regexp="$(printf "^[[:space:]]*[^#].*[[:space:]]%s[[:space:]]" "/var")"

    grep "$mount_point_match_regexp" -q /etc/fstab \
        || { echo "The mount point '/var' is not even in /etc/fstab, so we can't set up mount options" &gt;&amp;2;
                echo "Not remediating, because there is no record of /var in /etc/fstab" &gt;&amp;2; return 1; }
    


    mount_point_match_regexp="$(printf "^[[:space:]]*[^#].*[[:space:]]%s[[:space:]]" /var)"

    # If the mount point is not in /etc/fstab, get previous mount options from /etc/mtab
    if ! grep -q "$mount_point_match_regexp" /etc/fstab; then
        # runtime opts without some automatic kernel/userspace-added defaults
        previous_mount_opts=$(grep "$mount_point_match_regexp" /etc/mtab | head -1 |  awk '{print $4}' \
                    | sed -E "s/(rw|defaults|seclabel|nosuid)(,|$)//g;s/,$//")
        [ "$previous_mount_opts" ] &amp;&amp; previous_mount_opts+=","
        # In iso9660 filesystems mtab could describe a "blocksize" value, this should be reflected in
        # fstab as "block".  The next variable is to satisfy shellcheck SC2050.
        fs_type=""
        if [  "$fs_type" == "iso9660" ] ; then
            previous_mount_opts=$(sed 's/blocksize=/block=/' &lt;&lt;&lt; "$previous_mount_opts")
        fi
        echo " /var  defaults,${previous_mount_opts}nosuid 0 0" &gt;&gt; /etc/fstab
    # If the mount_opt option is not already in the mount point's /etc/fstab entry, add it
    elif ! grep "$mount_point_match_regexp" /etc/fstab | grep -q "nosuid"; then
        previous_mount_opts=$(grep "$mount_point_match_regexp" /etc/fstab | awk '{print $4}')
        sed -i "s|\(${mount_point_match_regexp}.*${previous_mount_opts}\)|\1,nosuid|" /etc/fstab
    fi


    if mkdir -p "/var"; then
        if mountpoint -q "/var"; then
            mount -o remount --target "/var"
        fi
    fi
}

perform_remediation

else
    &gt;&amp;2 echo 'Remediation is not applicable, nothing was done'
fi
</fix>
          <check system="http://oval.mitre.org/XMLSchema/oval-definitions-5">
            <check-content-ref name="oval:ssg-mount_option_var_nosuid:def:1" href="ssg-ubuntu2404-oval.xml"/>
          </check>
          <check system="http://scap.nist.gov/schema/ocil/2">
            <check-content-ref name="ocil:ssg-mount_option_var_nosuid_ocil:questionnaire:1" href="ssg-ubuntu2404-ocil.xml"/>
          </check>
        </Rule>
        <Rule id="xccdf_org.ssgproject.content_rule_mount_option_var_tmp_nodev" selected="false" role="full" severity="medium">
          <title xmlns:xhtml="http://www.w3.org/1999/xhtml" xml:lang="en-US">Add nodev Option to /var/tmp</title>
          <description xmlns:xhtml="http://www.w3.org/1999/xhtml" xml:lang="en-US">The <html:code xmlns:html="http://www.w3.org/1999/xhtml">nodev</html:code> mount option can be used to prevent device files from
being created in <html:code xmlns:html="http://www.w3.org/1999/xhtml">/var/tmp</html:code>. Legitimate character and block devices
should not exist within temporary directories like <html:code xmlns:html="http://www.w3.org/1999/xhtml">/var/tmp</html:code>.
Add the <html:code xmlns:html="http://www.w3.org/1999/xhtml">nodev</html:code> option to the fourth column of
<html:code xmlns:html="http://www.w3.org/1999/xhtml">/etc/fstab</html:code> for the line which controls mounting of
<html:code xmlns:html="http://www.w3.org/1999/xhtml">/var/tmp</html:code>.</description>
          <reference href="https://public.cyber.mil/stigs/cci/">CCI-001764</reference>
          <reference href="https://public.cyber.mil/stigs/downloads/?_dl_facet_stigs=operating-systems%2Cgeneral-purpose-os">SRG-OS-000368-GPOS-00154</reference>
          <reference href="https://www.cisecurity.org/benchmark/ubuntu_linux/">1.1.2.5.2</reference>
          <rationale xmlns:xhtml="http://www.w3.org/1999/xhtml" xml:lang="en-US">The only legitimate location for device files is the <html:code xmlns:html="http://www.w3.org/1999/xhtml">/dev</html:code> directory
located on the root partition. The only exception to this is chroot jails.</rationale>
          <platform idref="#mount_var-tmp"/>
          <fix xmlns:xhtml="http://www.w3.org/1999/xhtml" id="mount_option_var_tmp_nodev" system="urn:xccdf:fix:script:ansible" complexity="low" disruption="high" strategy="configure">- name: 'Add nodev Option to /var/tmp: Check information associated to mountpoint'
  command: findmnt --fstab '/var/tmp'
  register: device_name
  failed_when: device_name.rc &gt; 1
  changed_when: false
  when:
  - not ( ansible_virtualization_type in ["docker", "lxc", "openvz", "podman", "container"]
    )
  - '"/var/tmp" in ansible_mounts | map(attribute="mount") | list'
  tags:
  - configure_strategy
  - high_disruption
  - low_complexity
  - medium_severity
  - mount_option_var_tmp_nodev
  - no_reboot_needed

- name: 'Add nodev Option to /var/tmp: Create mount_info dictionary variable'
  set_fact:
    mount_info: '{{ mount_info|default({})|combine({item.0: item.1}) }}'
  with_together:
  - '{{ device_name.stdout_lines[0].split() | list | lower }}'
  - '{{ device_name.stdout_lines[1].split() | list }}'
  when:
  - not ( ansible_virtualization_type in ["docker", "lxc", "openvz", "podman", "container"]
    )
  - '"/var/tmp" in ansible_mounts | map(attribute="mount") | list'
  - device_name.stdout is defined and device_name.stdout_lines is defined
  - (device_name.stdout | length &gt; 0)
  tags:
  - configure_strategy
  - high_disruption
  - low_complexity
  - medium_severity
  - mount_option_var_tmp_nodev
  - no_reboot_needed

- name: 'Add nodev Option to /var/tmp: If /var/tmp not mounted, craft mount_info manually'
  set_fact:
    mount_info: '{{ mount_info|default({})|combine({item.0: item.1}) }}'
  with_together:
  - - target
    - source
    - fstype
    - options
  - - /var/tmp
    - ''
    - ''
    - defaults
  when:
  - not ( ansible_virtualization_type in ["docker", "lxc", "openvz", "podman", "container"]
    )
  - '"/var/tmp" in ansible_mounts | map(attribute="mount") | list'
  - ("--fstab" | length == 0)
  - device_name.stdout is defined and device_name.stdout_lines is defined
  - (device_name.stdout | length == 0)
  tags:
  - configure_strategy
  - high_disruption
  - low_complexity
  - medium_severity
  - mount_option_var_tmp_nodev
  - no_reboot_needed

- name: 'Add nodev Option to /var/tmp: Make sure nodev option is part of the to /var/tmp
    options'
  set_fact:
    mount_info: '{{ mount_info | combine( {''options'':''''~mount_info.options~'',nodev''
      }) }}'
  when:
  - not ( ansible_virtualization_type in ["docker", "lxc", "openvz", "podman", "container"]
    )
  - '"/var/tmp" in ansible_mounts | map(attribute="mount") | list'
  - mount_info is defined and "nodev" not in mount_info.options
  tags:
  - configure_strategy
  - high_disruption
  - low_complexity
  - medium_severity
  - mount_option_var_tmp_nodev
  - no_reboot_needed

- name: 'Add nodev Option to /var/tmp: Ensure /var/tmp is mounted with nodev option'
  mount:
    path: /var/tmp
    src: '{{ mount_info.source }}'
    opts: '{{ mount_info.options }}'
    state: mounted
    fstype: '{{ mount_info.fstype }}'
  when:
  - not ( ansible_virtualization_type in ["docker", "lxc", "openvz", "podman", "container"]
    )
  - '"/var/tmp" in ansible_mounts | map(attribute="mount") | list'
  - mount_info is defined
  - (device_name.stdout is defined and (device_name.stdout | length &gt; 0)) or ("--fstab"
    | length == 0)
  tags:
  - configure_strategy
  - high_disruption
  - low_complexity
  - medium_severity
  - mount_option_var_tmp_nodev
  - no_reboot_needed
</fix>
          <fix xmlns:xhtml="http://www.w3.org/1999/xhtml" id="mount_option_var_tmp_nodev" system="urn:xccdf:fix:script:sh"># Remediation is applicable only in certain platforms
if ! ( [ -f /.dockerenv ] || [ -f /run/.containerenv ] ) &amp;&amp; { findmnt --kernel "/var/tmp" &gt; /dev/null || findmnt --fstab "/var/tmp" &gt; /dev/null; }; then

function perform_remediation {
    
        # the mount point /var/tmp has to be defined in /etc/fstab
        # before this remediation can be executed. In case it is not defined, the
        # remediation aborts and no changes regarding the mount point are done.
        mount_point_match_regexp="$(printf "^[[:space:]]*[^#].*[[:space:]]%s[[:space:]]" "/var/tmp")"

    grep "$mount_point_match_regexp" -q /etc/fstab \
        || { echo "The mount point '/var/tmp' is not even in /etc/fstab, so we can't set up mount options" &gt;&amp;2;
                echo "Not remediating, because there is no record of /var/tmp in /etc/fstab" &gt;&amp;2; return 1; }
    


    mount_point_match_regexp="$(printf "^[[:space:]]*[^#].*[[:space:]]%s[[:space:]]" /var/tmp)"

    # If the mount point is not in /etc/fstab, get previous mount options from /etc/mtab
    if ! grep -q "$mount_point_match_regexp" /etc/fstab; then
        # runtime opts without some automatic kernel/userspace-added defaults
        previous_mount_opts=$(grep "$mount_point_match_regexp" /etc/mtab | head -1 |  awk '{print $4}' \
                    | sed -E "s/(rw|defaults|seclabel|nodev)(,|$)//g;s/,$//")
        [ "$previous_mount_opts" ] &amp;&amp; previous_mount_opts+=","
        # In iso9660 filesystems mtab could describe a "blocksize" value, this should be reflected in
        # fstab as "block".  The next variable is to satisfy shellcheck SC2050.
        fs_type=""
        if [  "$fs_type" == "iso9660" ] ; then
            previous_mount_opts=$(sed 's/blocksize=/block=/' &lt;&lt;&lt; "$previous_mount_opts")
        fi
        echo " /var/tmp  defaults,${previous_mount_opts}nodev 0 0" &gt;&gt; /etc/fstab
    # If the mount_opt option is not already in the mount point's /etc/fstab entry, add it
    elif ! grep "$mount_point_match_regexp" /etc/fstab | grep -q "nodev"; then
        previous_mount_opts=$(grep "$mount_point_match_regexp" /etc/fstab | awk '{print $4}')
        sed -i "s|\(${mount_point_match_regexp}.*${previous_mount_opts}\)|\1,nodev|" /etc/fstab
    fi


    if mkdir -p "/var/tmp"; then
        if mountpoint -q "/var/tmp"; then
            mount -o remount --target "/var/tmp"
        fi
    fi
}

perform_remediation

else
    &gt;&amp;2 echo 'Remediation is not applicable, nothing was done'
fi
</fix>
          <check system="http://oval.mitre.org/XMLSchema/oval-definitions-5">
            <check-content-ref name="oval:ssg-mount_option_var_tmp_nodev:def:1" href="ssg-ubuntu2404-oval.xml"/>
          </check>
          <check system="http://scap.nist.gov/schema/ocil/2">
            <check-content-ref name="ocil:ssg-mount_option_var_tmp_nodev_ocil:questionnaire:1" href="ssg-ubuntu2404-ocil.xml"/>
          </check>
        </Rule>
        <Rule id="xccdf_org.ssgproject.content_rule_mount_option_var_tmp_noexec" selected="false" role="full" severity="medium">
          <title xmlns:xhtml="http://www.w3.org/1999/xhtml" xml:lang="en-US">Add noexec Option to /var/tmp</title>
          <description xmlns:xhtml="http://www.w3.org/1999/xhtml" xml:lang="en-US">The <html:code xmlns:html="http://www.w3.org/1999/xhtml">noexec</html:code> mount option can be used to prevent binaries
from being executed out of <html:code xmlns:html="http://www.w3.org/1999/xhtml">/var/tmp</html:code>.
Add the <html:code xmlns:html="http://www.w3.org/1999/xhtml">noexec</html:code> option to the fourth column of
<html:code xmlns:html="http://www.w3.org/1999/xhtml">/etc/fstab</html:code> for the line which controls mounting of
<html:code xmlns:html="http://www.w3.org/1999/xhtml">/var/tmp</html:code>.</description>
          <reference href="https://public.cyber.mil/stigs/cci/">CCI-001764</reference>
          <reference href="https://public.cyber.mil/stigs/downloads/?_dl_facet_stigs=operating-systems%2Cgeneral-purpose-os">SRG-OS-000368-GPOS-00154</reference>
          <reference href="https://cyber.gouv.fr/sites/default/files/document/linux_configuration-en-v2.pdf">R28</reference>
          <reference href="https://www.cisecurity.org/benchmark/ubuntu_linux/">1.1.2.5.4</reference>
          <rationale xmlns:xhtml="http://www.w3.org/1999/xhtml" xml:lang="en-US">Allowing users to execute binaries from world-writable directories
such as <html:code xmlns:html="http://www.w3.org/1999/xhtml">/var/tmp</html:code> should never be necessary in normal operation and
can expose the system to potential compromise.</rationale>
          <platform idref="#mount_var-tmp"/>
          <fix xmlns:xhtml="http://www.w3.org/1999/xhtml" id="mount_option_var_tmp_noexec" system="urn:xccdf:fix:script:ansible" complexity="low" disruption="high" strategy="configure">- name: 'Add noexec Option to /var/tmp: Check information associated to mountpoint'
  command: findmnt --fstab '/var/tmp'
  register: device_name
  failed_when: device_name.rc &gt; 1
  changed_when: false
  when:
  - not ( ansible_virtualization_type in ["docker", "lxc", "openvz", "podman", "container"]
    )
  - '"/var/tmp" in ansible_mounts | map(attribute="mount") | list'
  tags:
  - configure_strategy
  - high_disruption
  - low_complexity
  - medium_severity
  - mount_option_var_tmp_noexec
  - no_reboot_needed

- name: 'Add noexec Option to /var/tmp: Create mount_info dictionary variable'
  set_fact:
    mount_info: '{{ mount_info|default({})|combine({item.0: item.1}) }}'
  with_together:
  - '{{ device_name.stdout_lines[0].split() | list | lower }}'
  - '{{ device_name.stdout_lines[1].split() | list }}'
  when:
  - not ( ansible_virtualization_type in ["docker", "lxc", "openvz", "podman", "container"]
    )
  - '"/var/tmp" in ansible_mounts | map(attribute="mount") | list'
  - device_name.stdout is defined and device_name.stdout_lines is defined
  - (device_name.stdout | length &gt; 0)
  tags:
  - configure_strategy
  - high_disruption
  - low_complexity
  - medium_severity
  - mount_option_var_tmp_noexec
  - no_reboot_needed

- name: 'Add noexec Option to /var/tmp: If /var/tmp not mounted, craft mount_info
    manually'
  set_fact:
    mount_info: '{{ mount_info|default({})|combine({item.0: item.1}) }}'
  with_together:
  - - target
    - source
    - fstype
    - options
  - - /var/tmp
    - ''
    - ''
    - defaults
  when:
  - not ( ansible_virtualization_type in ["docker", "lxc", "openvz", "podman", "container"]
    )
  - '"/var/tmp" in ansible_mounts | map(attribute="mount") | list'
  - ("--fstab" | length == 0)
  - device_name.stdout is defined and device_name.stdout_lines is defined
  - (device_name.stdout | length == 0)
  tags:
  - configure_strategy
  - high_disruption
  - low_complexity
  - medium_severity
  - mount_option_var_tmp_noexec
  - no_reboot_needed

- name: 'Add noexec Option to /var/tmp: Make sure noexec option is part of the to
    /var/tmp options'
  set_fact:
    mount_info: '{{ mount_info | combine( {''options'':''''~mount_info.options~'',noexec''
      }) }}'
  when:
  - not ( ansible_virtualization_type in ["docker", "lxc", "openvz", "podman", "container"]
    )
  - '"/var/tmp" in ansible_mounts | map(attribute="mount") | list'
  - mount_info is defined and "noexec" not in mount_info.options
  tags:
  - configure_strategy
  - high_disruption
  - low_complexity
  - medium_severity
  - mount_option_var_tmp_noexec
  - no_reboot_needed

- name: 'Add noexec Option to /var/tmp: Ensure /var/tmp is mounted with noexec option'
  mount:
    path: /var/tmp
    src: '{{ mount_info.source }}'
    opts: '{{ mount_info.options }}'
    state: mounted
    fstype: '{{ mount_info.fstype }}'
  when:
  - not ( ansible_virtualization_type in ["docker", "lxc", "openvz", "podman", "container"]
    )
  - '"/var/tmp" in ansible_mounts | map(attribute="mount") | list'
  - mount_info is defined
  - (device_name.stdout is defined and (device_name.stdout | length &gt; 0)) or ("--fstab"
    | length == 0)
  tags:
  - configure_strategy
  - high_disruption
  - low_complexity
  - medium_severity
  - mount_option_var_tmp_noexec
  - no_reboot_needed
</fix>
          <fix xmlns:xhtml="http://www.w3.org/1999/xhtml" id="mount_option_var_tmp_noexec" system="urn:xccdf:fix:script:sh"># Remediation is applicable only in certain platforms
if ! ( [ -f /.dockerenv ] || [ -f /run/.containerenv ] ) &amp;&amp; { findmnt --kernel "/var/tmp" &gt; /dev/null || findmnt --fstab "/var/tmp" &gt; /dev/null; }; then

function perform_remediation {
    
        # the mount point /var/tmp has to be defined in /etc/fstab
        # before this remediation can be executed. In case it is not defined, the
        # remediation aborts and no changes regarding the mount point are done.
        mount_point_match_regexp="$(printf "^[[:space:]]*[^#].*[[:space:]]%s[[:space:]]" "/var/tmp")"

    grep "$mount_point_match_regexp" -q /etc/fstab \
        || { echo "The mount point '/var/tmp' is not even in /etc/fstab, so we can't set up mount options" &gt;&amp;2;
                echo "Not remediating, because there is no record of /var/tmp in /etc/fstab" &gt;&amp;2; return 1; }
    


    mount_point_match_regexp="$(printf "^[[:space:]]*[^#].*[[:space:]]%s[[:space:]]" /var/tmp)"

    # If the mount point is not in /etc/fstab, get previous mount options from /etc/mtab
    if ! grep -q "$mount_point_match_regexp" /etc/fstab; then
        # runtime opts without some automatic kernel/userspace-added defaults
        previous_mount_opts=$(grep "$mount_point_match_regexp" /etc/mtab | head -1 |  awk '{print $4}' \
                    | sed -E "s/(rw|defaults|seclabel|noexec)(,|$)//g;s/,$//")
        [ "$previous_mount_opts" ] &amp;&amp; previous_mount_opts+=","
        # In iso9660 filesystems mtab could describe a "blocksize" value, this should be reflected in
        # fstab as "block".  The next variable is to satisfy shellcheck SC2050.
        fs_type=""
        if [  "$fs_type" == "iso9660" ] ; then
            previous_mount_opts=$(sed 's/blocksize=/block=/' &lt;&lt;&lt; "$previous_mount_opts")
        fi
        echo " /var/tmp  defaults,${previous_mount_opts}noexec 0 0" &gt;&gt; /etc/fstab
    # If the mount_opt option is not already in the mount point's /etc/fstab entry, add it
    elif ! grep "$mount_point_match_regexp" /etc/fstab | grep -q "noexec"; then
        previous_mount_opts=$(grep "$mount_point_match_regexp" /etc/fstab | awk '{print $4}')
        sed -i "s|\(${mount_point_match_regexp}.*${previous_mount_opts}\)|\1,noexec|" /etc/fstab
    fi


    if mkdir -p "/var/tmp"; then
        if mountpoint -q "/var/tmp"; then
            mount -o remount --target "/var/tmp"
        fi
    fi
}

perform_remediation

else
    &gt;&amp;2 echo 'Remediation is not applicable, nothing was done'
fi
</fix>
          <check system="http://oval.mitre.org/XMLSchema/oval-definitions-5">
            <check-content-ref name="oval:ssg-mount_option_var_tmp_noexec:def:1" href="ssg-ubuntu2404-oval.xml"/>
          </check>
          <check system="http://scap.nist.gov/schema/ocil/2">
            <check-content-ref name="ocil:ssg-mount_option_var_tmp_noexec_ocil:questionnaire:1" href="ssg-ubuntu2404-ocil.xml"/>
          </check>
        </Rule>
        <Rule id="xccdf_org.ssgproject.content_rule_mount_option_var_tmp_nosuid" selected="false" role="full" severity="medium">
          <title xmlns:xhtml="http://www.w3.org/1999/xhtml" xml:lang="en-US">Add nosuid Option to /var/tmp</title>
          <description xmlns:xhtml="http://www.w3.org/1999/xhtml" xml:lang="en-US">The <html:code xmlns:html="http://www.w3.org/1999/xhtml">nosuid</html:code> mount option can be used to prevent
execution of setuid programs in <html:code xmlns:html="http://www.w3.org/1999/xhtml">/var/tmp</html:code>. The SUID and SGID permissions
should not be required in these world-writable directories.
Add the <html:code xmlns:html="http://www.w3.org/1999/xhtml">nosuid</html:code> option to the fourth column of
<html:code xmlns:html="http://www.w3.org/1999/xhtml">/etc/fstab</html:code> for the line which controls mounting of
<html:code xmlns:html="http://www.w3.org/1999/xhtml">/var/tmp</html:code>.</description>
          <reference href="https://public.cyber.mil/stigs/cci/">CCI-001764</reference>
          <reference href="https://public.cyber.mil/stigs/downloads/?_dl_facet_stigs=operating-systems%2Cgeneral-purpose-os">SRG-OS-000368-GPOS-00154</reference>
          <reference href="https://cyber.gouv.fr/sites/default/files/document/linux_configuration-en-v2.pdf">R28</reference>
          <reference href="https://www.cisecurity.org/benchmark/ubuntu_linux/">1.1.2.5.3</reference>
          <rationale xmlns:xhtml="http://www.w3.org/1999/xhtml" xml:lang="en-US">The presence of SUID and SGID executables should be tightly controlled. Users
should not be able to execute SUID or SGID binaries from temporary storage partitions.</rationale>
          <platform idref="#mount_var-tmp"/>
          <fix xmlns:xhtml="http://www.w3.org/1999/xhtml" id="mount_option_var_tmp_nosuid" system="urn:xccdf:fix:script:ansible" complexity="low" disruption="high" strategy="configure">- name: 'Add nosuid Option to /var/tmp: Check information associated to mountpoint'
  command: findmnt --fstab '/var/tmp'
  register: device_name
  failed_when: device_name.rc &gt; 1
  changed_when: false
  when:
  - not ( ansible_virtualization_type in ["docker", "lxc", "openvz", "podman", "container"]
    )
  - '"/var/tmp" in ansible_mounts | map(attribute="mount") | list'
  tags:
  - configure_strategy
  - high_disruption
  - low_complexity
  - medium_severity
  - mount_option_var_tmp_nosuid
  - no_reboot_needed

- name: 'Add nosuid Option to /var/tmp: Create mount_info dictionary variable'
  set_fact:
    mount_info: '{{ mount_info|default({})|combine({item.0: item.1}) }}'
  with_together:
  - '{{ device_name.stdout_lines[0].split() | list | lower }}'
  - '{{ device_name.stdout_lines[1].split() | list }}'
  when:
  - not ( ansible_virtualization_type in ["docker", "lxc", "openvz", "podman", "container"]
    )
  - '"/var/tmp" in ansible_mounts | map(attribute="mount") | list'
  - device_name.stdout is defined and device_name.stdout_lines is defined
  - (device_name.stdout | length &gt; 0)
  tags:
  - configure_strategy
  - high_disruption
  - low_complexity
  - medium_severity
  - mount_option_var_tmp_nosuid
  - no_reboot_needed

- name: 'Add nosuid Option to /var/tmp: If /var/tmp not mounted, craft mount_info
    manually'
  set_fact:
    mount_info: '{{ mount_info|default({})|combine({item.0: item.1}) }}'
  with_together:
  - - target
    - source
    - fstype
    - options
  - - /var/tmp
    - ''
    - ''
    - defaults
  when:
  - not ( ansible_virtualization_type in ["docker", "lxc", "openvz", "podman", "container"]
    )
  - '"/var/tmp" in ansible_mounts | map(attribute="mount") | list'
  - ("--fstab" | length == 0)
  - device_name.stdout is defined and device_name.stdout_lines is defined
  - (device_name.stdout | length == 0)
  tags:
  - configure_strategy
  - high_disruption
  - low_complexity
  - medium_severity
  - mount_option_var_tmp_nosuid
  - no_reboot_needed

- name: 'Add nosuid Option to /var/tmp: Make sure nosuid option is part of the to
    /var/tmp options'
  set_fact:
    mount_info: '{{ mount_info | combine( {''options'':''''~mount_info.options~'',nosuid''
      }) }}'
  when:
  - not ( ansible_virtualization_type in ["docker", "lxc", "openvz", "podman", "container"]
    )
  - '"/var/tmp" in ansible_mounts | map(attribute="mount") | list'
  - mount_info is defined and "nosuid" not in mount_info.options
  tags:
  - configure_strategy
  - high_disruption
  - low_complexity
  - medium_severity
  - mount_option_var_tmp_nosuid
  - no_reboot_needed

- name: 'Add nosuid Option to /var/tmp: Ensure /var/tmp is mounted with nosuid option'
  mount:
    path: /var/tmp
    src: '{{ mount_info.source }}'
    opts: '{{ mount_info.options }}'
    state: mounted
    fstype: '{{ mount_info.fstype }}'
  when:
  - not ( ansible_virtualization_type in ["docker", "lxc", "openvz", "podman", "container"]
    )
  - '"/var/tmp" in ansible_mounts | map(attribute="mount") | list'
  - mount_info is defined
  - (device_name.stdout is defined and (device_name.stdout | length &gt; 0)) or ("--fstab"
    | length == 0)
  tags:
  - configure_strategy
  - high_disruption
  - low_complexity
  - medium_severity
  - mount_option_var_tmp_nosuid
  - no_reboot_needed
</fix>
          <fix xmlns:xhtml="http://www.w3.org/1999/xhtml" id="mount_option_var_tmp_nosuid" system="urn:xccdf:fix:script:sh"># Remediation is applicable only in certain platforms
if ! ( [ -f /.dockerenv ] || [ -f /run/.containerenv ] ) &amp;&amp; { findmnt --kernel "/var/tmp" &gt; /dev/null || findmnt --fstab "/var/tmp" &gt; /dev/null; }; then

function perform_remediation {
    
        # the mount point /var/tmp has to be defined in /etc/fstab
        # before this remediation can be executed. In case it is not defined, the
        # remediation aborts and no changes regarding the mount point are done.
        mount_point_match_regexp="$(printf "^[[:space:]]*[^#].*[[:space:]]%s[[:space:]]" "/var/tmp")"

    grep "$mount_point_match_regexp" -q /etc/fstab \
        || { echo "The mount point '/var/tmp' is not even in /etc/fstab, so we can't set up mount options" &gt;&amp;2;
                echo "Not remediating, because there is no record of /var/tmp in /etc/fstab" &gt;&amp;2; return 1; }
    


    mount_point_match_regexp="$(printf "^[[:space:]]*[^#].*[[:space:]]%s[[:space:]]" /var/tmp)"

    # If the mount point is not in /etc/fstab, get previous mount options from /etc/mtab
    if ! grep -q "$mount_point_match_regexp" /etc/fstab; then
        # runtime opts without some automatic kernel/userspace-added defaults
        previous_mount_opts=$(grep "$mount_point_match_regexp" /etc/mtab | head -1 |  awk '{print $4}' \
                    | sed -E "s/(rw|defaults|seclabel|nosuid)(,|$)//g;s/,$//")
        [ "$previous_mount_opts" ] &amp;&amp; previous_mount_opts+=","
        # In iso9660 filesystems mtab could describe a "blocksize" value, this should be reflected in
        # fstab as "block".  The next variable is to satisfy shellcheck SC2050.
        fs_type=""
        if [  "$fs_type" == "iso9660" ] ; then
            previous_mount_opts=$(sed 's/blocksize=/block=/' &lt;&lt;&lt; "$previous_mount_opts")
        fi
        echo " /var/tmp  defaults,${previous_mount_opts}nosuid 0 0" &gt;&gt; /etc/fstab
    # If the mount_opt option is not already in the mount point's /etc/fstab entry, add it
    elif ! grep "$mount_point_match_regexp" /etc/fstab | grep -q "nosuid"; then
        previous_mount_opts=$(grep "$mount_point_match_regexp" /etc/fstab | awk '{print $4}')
        sed -i "s|\(${mount_point_match_regexp}.*${previous_mount_opts}\)|\1,nosuid|" /etc/fstab
    fi


    if mkdir -p "/var/tmp"; then
        if mountpoint -q "/var/tmp"; then
            mount -o remount --target "/var/tmp"
        fi
    fi
}

perform_remediation

else
    &gt;&amp;2 echo 'Remediation is not applicable, nothing was done'
fi
</fix>
          <check system="http://oval.mitre.org/XMLSchema/oval-definitions-5">
            <check-content-ref name="oval:ssg-mount_option_var_tmp_nosuid:def:1" href="ssg-ubuntu2404-oval.xml"/>
          </check>
          <check system="http://scap.nist.gov/schema/ocil/2">
            <check-content-ref name="ocil:ssg-mount_option_var_tmp_nosuid_ocil:questionnaire:1" href="ssg-ubuntu2404-ocil.xml"/>
          </check>
        </Rule>
      </Group>
      <Group id="xccdf_org.ssgproject.content_group_restrictions">
        <title xmlns:xhtml="http://www.w3.org/1999/xhtml" xml:lang="en-US">Restrict Programs from Dangerous Execution Patterns</title>
        <description xmlns:xhtml="http://www.w3.org/1999/xhtml" xml:lang="en-US">The recommendations in this section are designed to
ensure that the system's features to protect against potentially
dangerous program execution are activated.
These protections are applied at the system initialization or
kernel level, and defend against certain types of badly-configured
or compromised programs.</description>
        <Value id="xccdf_org.ssgproject.content_value_sysctl_kernel_yama_ptrace_scope_value" type="number">
          <title xmlns:xhtml="http://www.w3.org/1999/xhtml" xml:lang="en-US">kernel.yama.ptrace_scope</title>
          <description xmlns:xhtml="http://www.w3.org/1999/xhtml" xml:lang="en-US">The setting yama.ptrace_scope restricts the ability of a process
to observe and control the execution of another process via ptrace.
See https://www.kernel.org/doc/Documentation/security/Yama.txt</description>
          <value>1</value>
          <value selector="1">1</value>
          <value selector="2">2</value>
          <value selector="3">3</value>
        </Value>
        <Rule id="xccdf_org.ssgproject.content_rule_sysctl_kernel_yama_ptrace_scope" selected="false" role="full" severity="medium">
          <title xmlns:xhtml="http://www.w3.org/1999/xhtml" xml:lang="en-US">Restrict usage of ptrace to descendant processes</title>
          <description xmlns:xhtml="http://www.w3.org/1999/xhtml" xml:lang="en-US">To set the runtime status of the <html:code xmlns:html="http://www.w3.org/1999/xhtml">kernel.yama.ptrace_scope</html:code> kernel parameter, run the following command: <html:pre xmlns:html="http://www.w3.org/1999/xhtml">$ sudo sysctl -w kernel.yama.ptrace_scope=1</html:pre>
To make sure that the setting is persistent, add the following line to a file in the directory <html:code xmlns:html="http://www.w3.org/1999/xhtml">/etc/sysctl.d</html:code>: <html:pre xmlns:html="http://www.w3.org/1999/xhtml">kernel.yama.ptrace_scope = 1</html:pre>
       </description>
          <reference href="https://public.cyber.mil/stigs/cci/">CCI-000366</reference>
          <reference href="https://public.cyber.mil/stigs/cci/">CCI-001082</reference>
          <reference href="http://nvlpubs.nist.gov/nistpubs/SpecialPublications/NIST.SP.800-53r4.pdf">SC-7(10)</reference>
          <reference href="https://www.niap-ccevs.org/Profile/PP.cfm">FMT_SMF_EXT.1</reference>
          <reference href="https://public.cyber.mil/stigs/downloads/?_dl_facet_stigs=operating-systems%2Cgeneral-purpose-os">SRG-OS-000132-GPOS-00067</reference>
          <reference href="https://public.cyber.mil/stigs/downloads/?_dl_facet_stigs=operating-systems%2Cgeneral-purpose-os">SRG-OS-000480-GPOS-00227</reference>
          <reference href="https://cyber.gouv.fr/sites/default/files/document/linux_configuration-en-v2.pdf">R11</reference>
          <reference href="https://www.cisecurity.org/benchmark/ubuntu_linux/">1.5.2</reference>
          <rationale xmlns:xhtml="http://www.w3.org/1999/xhtml" xml:lang="en-US">Unrestricted usage of ptrace allows compromised binaries to run ptrace
on another processes of the user. Like this, the attacker can steal
sensitive information from the target processes (e.g. SSH sessions, web browser, ...)
without any additional assistance from the user (i.e. without resorting to phishing).
</rationale>
          <platform idref="#system_with_kernel"/>
          <fix xmlns:xhtml="http://www.w3.org/1999/xhtml" id="sysctl_kernel_yama_ptrace_scope" system="urn:xccdf:fix:script:ansible" reboot="true" complexity="low" disruption="medium" strategy="disable">- name: Gather the package facts
  package_facts:
    manager: auto
  tags:
  - NIST-800-53-SC-7(10)
  - disable_strategy
  - low_complexity
  - medium_disruption
  - medium_severity
  - reboot_required
  - sysctl_kernel_yama_ptrace_scope

- name: List /etc/sysctl.d/*.conf files
  find:
    paths:
    - /etc/sysctl.d/
    - /run/sysctl.d/
    - /usr/local/lib/sysctl.d/
    contains: ^[\s]*kernel.yama.ptrace_scope.*$
    patterns: '*.conf'
    file_type: any
  register: find_sysctl_d
  when: '"linux-base" in ansible_facts.packages'
  tags:
  - NIST-800-53-SC-7(10)
  - disable_strategy
  - low_complexity
  - medium_disruption
  - medium_severity
  - reboot_required
  - sysctl_kernel_yama_ptrace_scope

- name: Comment out any occurrences of kernel.yama.ptrace_scope from config files
  replace:
    path: '{{ item.path }}'
    regexp: ^[\s]*kernel.yama.ptrace_scope
    replace: '#kernel.yama.ptrace_scope'
  loop: '{{ find_sysctl_d.files }}'
  when: '"linux-base" in ansible_facts.packages'
  tags:
  - NIST-800-53-SC-7(10)
  - disable_strategy
  - low_complexity
  - medium_disruption
  - medium_severity
  - reboot_required
  - sysctl_kernel_yama_ptrace_scope
- name: XCCDF Value sysctl_kernel_yama_ptrace_scope_value # promote to variable
  set_fact:
    sysctl_kernel_yama_ptrace_scope_value: !!str <xccdf-1.2:sub xmlns:xccdf-1.2="http://checklists.nist.gov/xccdf/1.2" idref="xccdf_org.ssgproject.content_value_sysctl_kernel_yama_ptrace_scope_value" use="legacy"/>
  tags:
    - always

- name: Ensure sysctl kernel.yama.ptrace_scope is set
  sysctl:
    name: kernel.yama.ptrace_scope
    value: '{{ sysctl_kernel_yama_ptrace_scope_value }}'
    sysctl_file: /etc/sysctl.conf
    state: present
    reload: true
  when: '"linux-base" in ansible_facts.packages'
  tags:
  - NIST-800-53-SC-7(10)
  - disable_strategy
  - low_complexity
  - medium_disruption
  - medium_severity
  - reboot_required
  - sysctl_kernel_yama_ptrace_scope
</fix>
          <fix xmlns:xhtml="http://www.w3.org/1999/xhtml" id="sysctl_kernel_yama_ptrace_scope" system="urn:xccdf:fix:script:sh" reboot="true" complexity="low" disruption="medium" strategy="disable"># Remediation is applicable only in certain platforms
if dpkg-query --show --showformat='${db:Status-Status}
' 'linux-base' 2&gt;/dev/null | grep -q ^installed; then

# Comment out any occurrences of kernel.yama.ptrace_scope from /etc/sysctl.d/*.conf files

for f in /etc/sysctl.d/*.conf /run/sysctl.d/*.conf /usr/local/lib/sysctl.d/*.conf; do


  # skip systemd-sysctl symlink (/etc/sysctl.d/99-sysctl.conf -&gt; /etc/sysctl.conf)
  if [[ "$(readlink -f "$f")" == "/etc/sysctl.conf" ]]; then continue; fi

  matching_list=$(grep -P '^(?!#).*[\s]*kernel.yama.ptrace_scope.*$' $f | uniq )
  if ! test -z "$matching_list"; then
    while IFS= read -r entry; do
      escaped_entry=$(sed -e 's|/|\\/|g' &lt;&lt;&lt; "$entry")
      # comment out "kernel.yama.ptrace_scope" matches to preserve user data
      sed -i --follow-symlinks "s/^${escaped_entry}$/# &amp;/g" $f
    done &lt;&lt;&lt; "$matching_list"
  fi
done

#
# Set sysctl config file which to save the desired value
#

SYSCONFIG_FILE="/etc/sysctl.conf"

sysctl_kernel_yama_ptrace_scope_value='<xccdf-1.2:sub xmlns:xccdf-1.2="http://checklists.nist.gov/xccdf/1.2" idref="xccdf_org.ssgproject.content_value_sysctl_kernel_yama_ptrace_scope_value" use="legacy"/>'


#
# Set runtime for kernel.yama.ptrace_scope
#
if [[ "$OSCAP_BOOTC_BUILD" != "YES" ]] ; then
    /sbin/sysctl -q -n -w kernel.yama.ptrace_scope="$sysctl_kernel_yama_ptrace_scope_value"
fi

#
# If kernel.yama.ptrace_scope present in /etc/sysctl.conf, change value to appropriate value
#	else, add "kernel.yama.ptrace_scope = value" to /etc/sysctl.conf
#

# Strip any search characters in the key arg so that the key can be replaced without
# adding any search characters to the config file.
stripped_key=$(sed 's/[\^=\$,;+]*//g' &lt;&lt;&lt; "^kernel.yama.ptrace_scope")

# shellcheck disable=SC2059
printf -v formatted_output "%s = %s" "$stripped_key" "$sysctl_kernel_yama_ptrace_scope_value"

# If the key exists, change it. Otherwise, add it to the config_file.
# We search for the key string followed by a word boundary (matched by \&gt;),
# so if we search for 'setting', 'setting2' won't match.
if LC_ALL=C grep -q -m 1 -i -e "^kernel.yama.ptrace_scope\\&gt;" "${SYSCONFIG_FILE}"; then
    escaped_formatted_output=$(sed -e 's|/|\\/|g' &lt;&lt;&lt; "$formatted_output")
    LC_ALL=C sed -i --follow-symlinks "s/^kernel.yama.ptrace_scope\\&gt;.*/$escaped_formatted_output/gi" "${SYSCONFIG_FILE}"
else
    if [[ -s "${SYSCONFIG_FILE}" ]] &amp;&amp; [[ -n "$(tail -c 1 -- "${SYSCONFIG_FILE}" || true)" ]]; then
        LC_ALL=C sed -i --follow-symlinks '$a'\\ "${SYSCONFIG_FILE}"
    fi
    printf '%s\n' "$formatted_output" &gt;&gt; "${SYSCONFIG_FILE}"
fi

else
    &gt;&amp;2 echo 'Remediation is not applicable, nothing was done'
fi
</fix>
          <check system="http://oval.mitre.org/XMLSchema/oval-definitions-5">
            <check-content-ref name="oval:ssg-sysctl_kernel_yama_ptrace_scope:def:1" href="ssg-ubuntu2404-oval.xml"/>
          </check>
          <check system="http://scap.nist.gov/schema/ocil/2">
            <check-content-ref name="ocil:ssg-sysctl_kernel_yama_ptrace_scope_ocil:questionnaire:1" href="ssg-ubuntu2404-ocil.xml"/>
          </check>
        </Rule>
        <Group id="xccdf_org.ssgproject.content_group_coredumps">
          <title xmlns:xhtml="http://www.w3.org/1999/xhtml" xml:lang="en-US">Disable Core Dumps</title>
          <description xmlns:xhtml="http://www.w3.org/1999/xhtml" xml:lang="en-US">A core dump file is the memory image of an executable
program when it was terminated by the operating system due to
errant behavior. In most cases, only software developers
legitimately need to access these files. The core dump files may
also contain sensitive information, or unnecessarily occupy large
amounts of disk space.
<html:br xmlns:html="http://www.w3.org/1999/xhtml"/>
        <html:br xmlns:html="http://www.w3.org/1999/xhtml"/>
Once a hard limit is set in <html:code xmlns:html="http://www.w3.org/1999/xhtml">/etc/security/limits.conf</html:code>, or
to a file within the <html:code xmlns:html="http://www.w3.org/1999/xhtml">/etc/security/limits.d/</html:code> directory, a
user cannot increase that limit within his or her own session. If access
to core dumps is required, consider restricting them to only
certain users or groups. See the <html:code xmlns:html="http://www.w3.org/1999/xhtml">limits.conf</html:code> man page for more
information.
<html:br xmlns:html="http://www.w3.org/1999/xhtml"/>
        <html:br xmlns:html="http://www.w3.org/1999/xhtml"/>
The core dumps of setuid programs are further protected. The
<html:code xmlns:html="http://www.w3.org/1999/xhtml">sysctl</html:code> variable <html:code xmlns:html="http://www.w3.org/1999/xhtml">fs.suid_dumpable</html:code> controls whether
the kernel allows core dumps from these programs at all. The default
value of 0 is recommended.</description>
          <Rule id="xccdf_org.ssgproject.content_rule_disable_users_coredumps" selected="false" role="full" severity="medium">
            <title xmlns:xhtml="http://www.w3.org/1999/xhtml" xml:lang="en-US">Disable Core Dumps for All Users</title>
            <description xmlns:xhtml="http://www.w3.org/1999/xhtml" xml:lang="en-US">To disable core dumps for all users, add the following line to
<html:code xmlns:html="http://www.w3.org/1999/xhtml">/etc/security/limits.conf</html:code>, or to a file within the
<html:code xmlns:html="http://www.w3.org/1999/xhtml">/etc/security/limits.d/</html:code> directory:
<html:pre xmlns:html="http://www.w3.org/1999/xhtml">*     hard   core    0</html:pre>
        </description>
            <reference href="https://www.cisecurity.org/controls/">1</reference>
            <reference href="https://www.cisecurity.org/controls/">12</reference>
            <reference href="https://www.cisecurity.org/controls/">13</reference>
            <reference href="https://www.cisecurity.org/controls/">15</reference>
            <reference href="https://www.cisecurity.org/controls/">16</reference>
            <reference href="https://www.cisecurity.org/controls/">2</reference>
            <reference href="https://www.cisecurity.org/controls/">7</reference>
            <reference href="https://www.cisecurity.org/controls/">8</reference>
            <reference href="https://www.isaca.org/resources/cobit">APO13.01</reference>
            <reference href="https://www.isaca.org/resources/cobit">BAI04.04</reference>
            <reference href="https://www.isaca.org/resources/cobit">DSS01.03</reference>
            <reference href="https://www.isaca.org/resources/cobit">DSS03.05</reference>
            <reference href="https://www.isaca.org/resources/cobit">DSS05.07</reference>
            <reference href="https://public.cyber.mil/stigs/cci/">CCI-000366</reference>
            <reference href="https://www.isa.org/products/ansi-isa-62443-3-3-99-03-03-2013-security-for-indu">SR 6.2</reference>
            <reference href="https://www.isa.org/products/ansi-isa-62443-3-3-99-03-03-2013-security-for-indu">SR 7.1</reference>
            <reference href="https://www.isa.org/products/ansi-isa-62443-3-3-99-03-03-2013-security-for-indu">SR 7.2</reference>
            <reference href="https://www.iso.org/contents/data/standard/05/45/54534.html">A.12.1.3</reference>
            <reference href="https://www.iso.org/contents/data/standard/05/45/54534.html">A.17.2.1</reference>
            <reference href="http://nvlpubs.nist.gov/nistpubs/SpecialPublications/NIST.SP.800-53r4.pdf">CM-6</reference>
            <reference href="http://nvlpubs.nist.gov/nistpubs/SpecialPublications/NIST.SP.800-53r4.pdf">SC-7(10)</reference>
            <reference href="https://nvlpubs.nist.gov/nistpubs/CSWP/NIST.CSWP.04162018.pdf">DE.CM-1</reference>
            <reference href="https://nvlpubs.nist.gov/nistpubs/CSWP/NIST.CSWP.04162018.pdf">PR.DS-4</reference>
            <reference href="https://public.cyber.mil/stigs/downloads/?_dl_facet_stigs=operating-systems%2Cgeneral-purpose-os">SRG-OS-000480-GPOS-00227</reference>
            <reference href="https://www.cisecurity.org/benchmark/ubuntu_linux/">1.5.3</reference>
            <reference href="https://docs-prv.pcisecuritystandards.org/PCI%20DSS/Standard/PCI-DSS-v4_0.pdf">3.3.1.1</reference>
            <reference href="https://docs-prv.pcisecuritystandards.org/PCI%20DSS/Standard/PCI-DSS-v4_0.pdf">3.3.1</reference>
            <reference href="https://docs-prv.pcisecuritystandards.org/PCI%20DSS/Standard/PCI-DSS-v4_0.pdf">3.3</reference>
            <rationale xmlns:xhtml="http://www.w3.org/1999/xhtml" xml:lang="en-US">A core dump includes a memory image taken at the time the operating system
terminates an application. The memory image could contain sensitive data and is generally useful
only for developers trying to debug problems.</rationale>
            <platform idref="#package_pam"/>
            <fix xmlns:xhtml="http://www.w3.org/1999/xhtml" id="disable_users_coredumps" system="urn:xccdf:fix:script:ansible" complexity="low" disruption="low" strategy="restrict">- name: Gather the package facts
  package_facts:
    manager: auto
  tags:
  - NIST-800-53-CM-6
  - NIST-800-53-SC-7(10)
  - PCI-DSSv4-3.3
  - PCI-DSSv4-3.3.1
  - PCI-DSSv4-3.3.1.1
  - disable_users_coredumps
  - low_complexity
  - low_disruption
  - medium_severity
  - no_reboot_needed
  - restrict_strategy

- name: Disable core dumps with limits
  lineinfile:
    dest: /etc/security/limits.conf
    regexp: ^[^#].*core
    line: '*        hard       core      0'
    create: true
  when: '"libpam-runtime" in ansible_facts.packages'
  tags:
  - NIST-800-53-CM-6
  - NIST-800-53-SC-7(10)
  - PCI-DSSv4-3.3
  - PCI-DSSv4-3.3.1
  - PCI-DSSv4-3.3.1.1
  - disable_users_coredumps
  - low_complexity
  - low_disruption
  - medium_severity
  - no_reboot_needed
  - restrict_strategy
</fix>
            <fix xmlns:xhtml="http://www.w3.org/1999/xhtml" id="disable_users_coredumps" system="urn:xccdf:fix:script:sh"># Remediation is applicable only in certain platforms
if dpkg-query --show --showformat='${db:Status-Status}\n' 'libpam-runtime' 2&gt;/dev/null | grep -q '^installed'; then

SECURITY_LIMITS_FILE="/etc/security/limits.conf"

if grep -qE '^\s*\*\s+hard\s+core' $SECURITY_LIMITS_FILE; then
        sed -ri 's/(hard\s+core\s+)[[:digit:]]+/\1 0/' $SECURITY_LIMITS_FILE
else
        echo "*     hard   core    0" &gt;&gt; $SECURITY_LIMITS_FILE
fi

if ls /etc/security/limits.d/*.conf &gt; /dev/null; then
        sed -ri '/^\s*\*\s+hard\s+core/d' /etc/security/limits.d/*.conf
fi

else
    &gt;&amp;2 echo 'Remediation is not applicable, nothing was done'
fi
</fix>
            <check system="http://oval.mitre.org/XMLSchema/oval-definitions-5">
              <check-content-ref name="oval:ssg-disable_users_coredumps:def:1" href="ssg-ubuntu2404-oval.xml"/>
            </check>
            <check system="http://scap.nist.gov/schema/ocil/2">
              <check-content-ref name="ocil:ssg-disable_users_coredumps_ocil:questionnaire:1" href="ssg-ubuntu2404-ocil.xml"/>
            </check>
          </Rule>
          <Rule id="xccdf_org.ssgproject.content_rule_sysctl_fs_suid_dumpable" selected="false" role="full" severity="medium">
            <title xmlns:xhtml="http://www.w3.org/1999/xhtml" xml:lang="en-US">Disable Core Dumps for SUID programs</title>
            <description xmlns:xhtml="http://www.w3.org/1999/xhtml" xml:lang="en-US">To set the runtime status of the <html:code xmlns:html="http://www.w3.org/1999/xhtml">fs.suid_dumpable</html:code> kernel parameter, run the following command: <html:pre xmlns:html="http://www.w3.org/1999/xhtml">$ sudo sysctl -w fs.suid_dumpable=0</html:pre>
To make sure that the setting is persistent, add the following line to a file in the directory <html:code xmlns:html="http://www.w3.org/1999/xhtml">/etc/sysctl.d</html:code>: <html:pre xmlns:html="http://www.w3.org/1999/xhtml">fs.suid_dumpable = 0</html:pre>
        </description>
            <reference href="https://www.gpo.gov/fdsys/pkg/CFR-2007-title45-vol1/pdf/CFR-2007-title45-vol1-chapA-subchapC.pdf">164.308(a)(1)(ii)(D)</reference>
            <reference href="https://www.gpo.gov/fdsys/pkg/CFR-2007-title45-vol1/pdf/CFR-2007-title45-vol1-chapA-subchapC.pdf">164.308(a)(3)</reference>
            <reference href="https://www.gpo.gov/fdsys/pkg/CFR-2007-title45-vol1/pdf/CFR-2007-title45-vol1-chapA-subchapC.pdf">164.308(a)(4)</reference>
            <reference href="https://www.gpo.gov/fdsys/pkg/CFR-2007-title45-vol1/pdf/CFR-2007-title45-vol1-chapA-subchapC.pdf">164.310(b)</reference>
            <reference href="https://www.gpo.gov/fdsys/pkg/CFR-2007-title45-vol1/pdf/CFR-2007-title45-vol1-chapA-subchapC.pdf">164.310(c)</reference>
            <reference href="https://www.gpo.gov/fdsys/pkg/CFR-2007-title45-vol1/pdf/CFR-2007-title45-vol1-chapA-subchapC.pdf">164.312(a)</reference>
            <reference href="https://www.gpo.gov/fdsys/pkg/CFR-2007-title45-vol1/pdf/CFR-2007-title45-vol1-chapA-subchapC.pdf">164.312(e)</reference>
            <reference href="http://nvlpubs.nist.gov/nistpubs/SpecialPublications/NIST.SP.800-53r4.pdf">SI-11(a)</reference>
            <reference href="http://nvlpubs.nist.gov/nistpubs/SpecialPublications/NIST.SP.800-53r4.pdf">SI-11(b)</reference>
            <reference href="https://cyber.gouv.fr/sites/default/files/document/linux_configuration-en-v2.pdf">R14</reference>
            <reference href="https://www.cisecurity.org/benchmark/ubuntu_linux/">1.5.3</reference>
            <reference href="https://docs-prv.pcisecuritystandards.org/PCI%20DSS/Standard/PCI-DSS-v4_0.pdf">3.3.1.1</reference>
            <reference href="https://docs-prv.pcisecuritystandards.org/PCI%20DSS/Standard/PCI-DSS-v4_0.pdf">3.3.1</reference>
            <reference href="https://docs-prv.pcisecuritystandards.org/PCI%20DSS/Standard/PCI-DSS-v4_0.pdf">3.3</reference>
            <rationale xmlns:xhtml="http://www.w3.org/1999/xhtml" xml:lang="en-US">The core dump of a setuid program is more likely to contain
sensitive data, as the program itself runs with greater privileges than the
user who initiated execution of the program.  Disabling the ability for any
setuid program to write a core file decreases the risk of unauthorized access
of such data.</rationale>
            <platform idref="#system_with_kernel"/>
            <fix xmlns:xhtml="http://www.w3.org/1999/xhtml" id="sysctl_fs_suid_dumpable" system="urn:xccdf:fix:script:ansible" reboot="true" complexity="low" disruption="medium" strategy="disable">- name: Gather the package facts
  package_facts:
    manager: auto
  tags:
  - NIST-800-53-SI-11(a)
  - NIST-800-53-SI-11(b)
  - PCI-DSSv4-3.3
  - PCI-DSSv4-3.3.1
  - PCI-DSSv4-3.3.1.1
  - disable_strategy
  - low_complexity
  - medium_disruption
  - medium_severity
  - reboot_required
  - sysctl_fs_suid_dumpable

- name: List /etc/sysctl.d/*.conf files
  find:
    paths:
    - /etc/sysctl.d/
    - /run/sysctl.d/
    - /usr/local/lib/sysctl.d/
    contains: ^[\s]*fs.suid_dumpable.*$
    patterns: '*.conf'
    file_type: any
  register: find_sysctl_d
  when: '"linux-base" in ansible_facts.packages'
  tags:
  - NIST-800-53-SI-11(a)
  - NIST-800-53-SI-11(b)
  - PCI-DSSv4-3.3
  - PCI-DSSv4-3.3.1
  - PCI-DSSv4-3.3.1.1
  - disable_strategy
  - low_complexity
  - medium_disruption
  - medium_severity
  - reboot_required
  - sysctl_fs_suid_dumpable

- name: Comment out any occurrences of fs.suid_dumpable from config files
  replace:
    path: '{{ item.path }}'
    regexp: ^[\s]*fs.suid_dumpable
    replace: '#fs.suid_dumpable'
  loop: '{{ find_sysctl_d.files }}'
  when: '"linux-base" in ansible_facts.packages'
  tags:
  - NIST-800-53-SI-11(a)
  - NIST-800-53-SI-11(b)
  - PCI-DSSv4-3.3
  - PCI-DSSv4-3.3.1
  - PCI-DSSv4-3.3.1.1
  - disable_strategy
  - low_complexity
  - medium_disruption
  - medium_severity
  - reboot_required
  - sysctl_fs_suid_dumpable

- name: Ensure sysctl fs.suid_dumpable is set to 0
  sysctl:
    name: fs.suid_dumpable
    value: '0'
    sysctl_file: /etc/sysctl.conf
    state: present
    reload: true
  when: '"linux-base" in ansible_facts.packages'
  tags:
  - NIST-800-53-SI-11(a)
  - NIST-800-53-SI-11(b)
  - PCI-DSSv4-3.3
  - PCI-DSSv4-3.3.1
  - PCI-DSSv4-3.3.1.1
  - disable_strategy
  - low_complexity
  - medium_disruption
  - medium_severity
  - reboot_required
  - sysctl_fs_suid_dumpable
</fix>
            <fix xmlns:xhtml="http://www.w3.org/1999/xhtml" id="sysctl_fs_suid_dumpable" system="urn:xccdf:fix:script:sh" reboot="true" complexity="low" disruption="medium" strategy="disable"># Remediation is applicable only in certain platforms
if dpkg-query --show --showformat='${db:Status-Status}
' 'linux-base' 2&gt;/dev/null | grep -q ^installed; then

# Comment out any occurrences of fs.suid_dumpable from /etc/sysctl.d/*.conf files

for f in /etc/sysctl.d/*.conf /run/sysctl.d/*.conf /usr/local/lib/sysctl.d/*.conf; do


  # skip systemd-sysctl symlink (/etc/sysctl.d/99-sysctl.conf -&gt; /etc/sysctl.conf)
  if [[ "$(readlink -f "$f")" == "/etc/sysctl.conf" ]]; then continue; fi

  matching_list=$(grep -P '^(?!#).*[\s]*fs.suid_dumpable.*$' $f | uniq )
  if ! test -z "$matching_list"; then
    while IFS= read -r entry; do
      escaped_entry=$(sed -e 's|/|\\/|g' &lt;&lt;&lt; "$entry")
      # comment out "fs.suid_dumpable" matches to preserve user data
      sed -i --follow-symlinks "s/^${escaped_entry}$/# &amp;/g" $f
    done &lt;&lt;&lt; "$matching_list"
  fi
done

#
# Set sysctl config file which to save the desired value
#

SYSCONFIG_FILE="/etc/sysctl.conf"


#
# Set runtime for fs.suid_dumpable
#
if [[ "$OSCAP_BOOTC_BUILD" != "YES" ]] ; then
    /sbin/sysctl -q -n -w fs.suid_dumpable="0"
fi

#
# If fs.suid_dumpable present in /etc/sysctl.conf, change value to "0"
#	else, add "fs.suid_dumpable = 0" to /etc/sysctl.conf
#

# Strip any search characters in the key arg so that the key can be replaced without
# adding any search characters to the config file.
stripped_key=$(sed 's/[\^=\$,;+]*//g' &lt;&lt;&lt; "^fs.suid_dumpable")

# shellcheck disable=SC2059
printf -v formatted_output "%s = %s" "$stripped_key" "0"

# If the key exists, change it. Otherwise, add it to the config_file.
# We search for the key string followed by a word boundary (matched by \&gt;),
# so if we search for 'setting', 'setting2' won't match.
if LC_ALL=C grep -q -m 1 -i -e "^fs.suid_dumpable\\&gt;" "${SYSCONFIG_FILE}"; then
    escaped_formatted_output=$(sed -e 's|/|\\/|g' &lt;&lt;&lt; "$formatted_output")
    LC_ALL=C sed -i --follow-symlinks "s/^fs.suid_dumpable\\&gt;.*/$escaped_formatted_output/gi" "${SYSCONFIG_FILE}"
else
    if [[ -s "${SYSCONFIG_FILE}" ]] &amp;&amp; [[ -n "$(tail -c 1 -- "${SYSCONFIG_FILE}" || true)" ]]; then
        LC_ALL=C sed -i --follow-symlinks '$a'\\ "${SYSCONFIG_FILE}"
    fi
    printf '%s\n' "$formatted_output" &gt;&gt; "${SYSCONFIG_FILE}"
fi

else
    &gt;&amp;2 echo 'Remediation is not applicable, nothing was done'
fi
</fix>
            <check system="http://oval.mitre.org/XMLSchema/oval-definitions-5">
              <check-content-ref name="oval:ssg-sysctl_fs_suid_dumpable:def:1" href="ssg-ubuntu2404-oval.xml"/>
            </check>
            <check system="http://scap.nist.gov/schema/ocil/2">
              <check-content-ref name="ocil:ssg-sysctl_fs_suid_dumpable_ocil:questionnaire:1" href="ssg-ubuntu2404-ocil.xml"/>
            </check>
          </Rule>
        </Group>
        <Group id="xccdf_org.ssgproject.content_group_enable_execshield_settings">
          <title xmlns:xhtml="http://www.w3.org/1999/xhtml" xml:lang="en-US">Enable ExecShield</title>
          <description xmlns:xhtml="http://www.w3.org/1999/xhtml" xml:lang="en-US">ExecShield describes kernel features that provide
protection against exploitation of memory corruption errors such as buffer
overflows. These features include random placement of the stack and other
memory regions, prevention of execution in memory that should only hold data,
and special handling of text buffers. These protections are enabled by default
on 32-bit systems and controlled through <html:code xmlns:html="http://www.w3.org/1999/xhtml">sysctl</html:code> variables 
<html:code xmlns:html="http://www.w3.org/1999/xhtml">kernel.exec-shield</html:code> and <html:code xmlns:html="http://www.w3.org/1999/xhtml">kernel.randomize_va_space</html:code>. On the latest
64-bit systems, <html:code xmlns:html="http://www.w3.org/1999/xhtml">kernel.exec-shield</html:code> cannot be enabled or disabled with 
<html:code xmlns:html="http://www.w3.org/1999/xhtml">sysctl</html:code>.</description>
          <Rule id="xccdf_org.ssgproject.content_rule_sysctl_kernel_randomize_va_space" selected="false" role="full" severity="medium">
            <title xmlns:xhtml="http://www.w3.org/1999/xhtml" xml:lang="en-US">Enable Randomized Layout of Virtual Address Space</title>
            <description xmlns:xhtml="http://www.w3.org/1999/xhtml" xml:lang="en-US">To set the runtime status of the <html:code xmlns:html="http://www.w3.org/1999/xhtml">kernel.randomize_va_space</html:code> kernel parameter, run the following command: <html:pre xmlns:html="http://www.w3.org/1999/xhtml">$ sudo sysctl -w kernel.randomize_va_space=2</html:pre>
To make sure that the setting is persistent, add the following line to a file in the directory <html:code xmlns:html="http://www.w3.org/1999/xhtml">/etc/sysctl.d</html:code>: <html:pre xmlns:html="http://www.w3.org/1999/xhtml">kernel.randomize_va_space = 2</html:pre>
        </description>
            <reference href="http://nvlpubs.nist.gov/nistpubs/SpecialPublications/NIST.SP.800-171.pdf">3.1.7</reference>
            <reference href="https://public.cyber.mil/stigs/cci/">CCI-000366</reference>
            <reference href="https://public.cyber.mil/stigs/cci/">CCI-002824</reference>
            <reference href="https://www.gpo.gov/fdsys/pkg/CFR-2007-title45-vol1/pdf/CFR-2007-title45-vol1-chapA-subchapC.pdf">164.308(a)(1)(ii)(D)</reference>
            <reference href="https://www.gpo.gov/fdsys/pkg/CFR-2007-title45-vol1/pdf/CFR-2007-title45-vol1-chapA-subchapC.pdf">164.308(a)(3)</reference>
            <reference href="https://www.gpo.gov/fdsys/pkg/CFR-2007-title45-vol1/pdf/CFR-2007-title45-vol1-chapA-subchapC.pdf">164.308(a)(4)</reference>
            <reference href="https://www.gpo.gov/fdsys/pkg/CFR-2007-title45-vol1/pdf/CFR-2007-title45-vol1-chapA-subchapC.pdf">164.310(b)</reference>
            <reference href="https://www.gpo.gov/fdsys/pkg/CFR-2007-title45-vol1/pdf/CFR-2007-title45-vol1-chapA-subchapC.pdf">164.310(c)</reference>
            <reference href="https://www.gpo.gov/fdsys/pkg/CFR-2007-title45-vol1/pdf/CFR-2007-title45-vol1-chapA-subchapC.pdf">164.312(a)</reference>
            <reference href="https://www.gpo.gov/fdsys/pkg/CFR-2007-title45-vol1/pdf/CFR-2007-title45-vol1-chapA-subchapC.pdf">164.312(e)</reference>
            <reference href="https://www.nerc.com/pa/Stand/AlignRep/One%20Stop%20Shop.xlsx">CIP-002-5 R1.1</reference>
            <reference href="https://www.nerc.com/pa/Stand/AlignRep/One%20Stop%20Shop.xlsx">CIP-002-5 R1.2</reference>
            <reference href="https://www.nerc.com/pa/Stand/AlignRep/One%20Stop%20Shop.xlsx">CIP-003-8 R5.1.1</reference>
            <reference href="https://www.nerc.com/pa/Stand/AlignRep/One%20Stop%20Shop.xlsx">CIP-003-8 R5.3</reference>
            <reference href="https://www.nerc.com/pa/Stand/AlignRep/One%20Stop%20Shop.xlsx">CIP-004-6 4.1</reference>
            <reference href="https://www.nerc.com/pa/Stand/AlignRep/One%20Stop%20Shop.xlsx">CIP-004-6 4.2</reference>
            <reference href="https://www.nerc.com/pa/Stand/AlignRep/One%20Stop%20Shop.xlsx">CIP-004-6 R2.2.3</reference>
            <reference href="https://www.nerc.com/pa/Stand/AlignRep/One%20Stop%20Shop.xlsx">CIP-004-6 R2.2.4</reference>
            <reference href="https://www.nerc.com/pa/Stand/AlignRep/One%20Stop%20Shop.xlsx">CIP-004-6 R2.3</reference>
            <reference href="https://www.nerc.com/pa/Stand/AlignRep/One%20Stop%20Shop.xlsx">CIP-004-6 R4</reference>
            <reference href="https://www.nerc.com/pa/Stand/AlignRep/One%20Stop%20Shop.xlsx">CIP-005-6 R1</reference>
            <reference href="https://www.nerc.com/pa/Stand/AlignRep/One%20Stop%20Shop.xlsx">CIP-005-6 R1.1</reference>
            <reference href="https://www.nerc.com/pa/Stand/AlignRep/One%20Stop%20Shop.xlsx">CIP-005-6 R1.2</reference>
            <reference href="https://www.nerc.com/pa/Stand/AlignRep/One%20Stop%20Shop.xlsx">CIP-007-3 R3</reference>
            <reference href="https://www.nerc.com/pa/Stand/AlignRep/One%20Stop%20Shop.xlsx">CIP-007-3 R3.1</reference>
            <reference href="https://www.nerc.com/pa/Stand/AlignRep/One%20Stop%20Shop.xlsx">CIP-007-3 R5.1</reference>
            <reference href="https://www.nerc.com/pa/Stand/AlignRep/One%20Stop%20Shop.xlsx">CIP-007-3 R5.1.2</reference>
            <reference href="https://www.nerc.com/pa/Stand/AlignRep/One%20Stop%20Shop.xlsx">CIP-007-3 R5.1.3</reference>
            <reference href="https://www.nerc.com/pa/Stand/AlignRep/One%20Stop%20Shop.xlsx">CIP-007-3 R5.2.1</reference>
            <reference href="https://www.nerc.com/pa/Stand/AlignRep/One%20Stop%20Shop.xlsx">CIP-007-3 R5.2.3</reference>
            <reference href="https://www.nerc.com/pa/Stand/AlignRep/One%20Stop%20Shop.xlsx">CIP-007-3 R8.4</reference>
            <reference href="https://www.nerc.com/pa/Stand/AlignRep/One%20Stop%20Shop.xlsx">CIP-009-6 R.1.1</reference>
            <reference href="https://www.nerc.com/pa/Stand/AlignRep/One%20Stop%20Shop.xlsx">CIP-009-6 R4</reference>
            <reference href="http://nvlpubs.nist.gov/nistpubs/SpecialPublications/NIST.SP.800-53r4.pdf">SC-30</reference>
            <reference href="http://nvlpubs.nist.gov/nistpubs/SpecialPublications/NIST.SP.800-53r4.pdf">SC-30(2)</reference>
            <reference href="http://nvlpubs.nist.gov/nistpubs/SpecialPublications/NIST.SP.800-53r4.pdf">CM-6(a)</reference>
            <reference href="https://www.pcisecuritystandards.org/documents/PCI_DSS_v3-2-1.pdf">Req-2.2.1</reference>
            <reference href="https://public.cyber.mil/stigs/downloads/?_dl_facet_stigs=operating-systems%2Cgeneral-purpose-os">SRG-OS-000433-GPOS-00193</reference>
            <reference href="https://public.cyber.mil/stigs/downloads/?_dl_facet_stigs=operating-systems%2Cgeneral-purpose-os">SRG-OS-000480-GPOS-00227</reference>
            <reference href="https://public.cyber.mil/stigs/downloads/?_dl_facet_stigs=container-platform">SRG-APP-000450-CTR-001105</reference>
            <reference href="https://cyber.gouv.fr/sites/default/files/document/linux_configuration-en-v2.pdf">R9</reference>
            <reference href="https://www.cisecurity.org/benchmark/ubuntu_linux/">1.5.1</reference>
            <reference href="https://docs-prv.pcisecuritystandards.org/PCI%20DSS/Standard/PCI-DSS-v4_0.pdf">3.3.1.1</reference>
            <reference href="https://docs-prv.pcisecuritystandards.org/PCI%20DSS/Standard/PCI-DSS-v4_0.pdf">3.3.1</reference>
            <reference href="https://docs-prv.pcisecuritystandards.org/PCI%20DSS/Standard/PCI-DSS-v4_0.pdf">3.3</reference>
            <rationale xmlns:xhtml="http://www.w3.org/1999/xhtml" xml:lang="en-US">Address space layout randomization (ASLR) makes it more difficult for an
attacker to predict the location of attack code they have introduced into a
process's address space during an attempt at exploitation. Additionally,
ASLR makes it more difficult for an attacker to know the location of
existing code in order to re-purpose it using return oriented programming
(ROP) techniques.</rationale>
            <platform idref="#system_with_kernel"/>
            <fix xmlns:xhtml="http://www.w3.org/1999/xhtml" id="sysctl_kernel_randomize_va_space" system="urn:xccdf:fix:script:ansible" reboot="true" complexity="low" disruption="medium" strategy="disable">- name: Gather the package facts
  package_facts:
    manager: auto
  tags:
  - NIST-800-171-3.1.7
  - NIST-800-53-CM-6(a)
  - NIST-800-53-SC-30
  - NIST-800-53-SC-30(2)
  - PCI-DSS-Req-2.2.1
  - PCI-DSSv4-3.3
  - PCI-DSSv4-3.3.1
  - PCI-DSSv4-3.3.1.1
  - disable_strategy
  - low_complexity
  - medium_disruption
  - medium_severity
  - reboot_required
  - sysctl_kernel_randomize_va_space

- name: List /etc/sysctl.d/*.conf files
  find:
    paths:
    - /etc/sysctl.d/
    - /run/sysctl.d/
    - /usr/local/lib/sysctl.d/
    contains: ^[\s]*kernel.randomize_va_space.*$
    patterns: '*.conf'
    file_type: any
  register: find_sysctl_d
  when: '"linux-base" in ansible_facts.packages'
  tags:
  - NIST-800-171-3.1.7
  - NIST-800-53-CM-6(a)
  - NIST-800-53-SC-30
  - NIST-800-53-SC-30(2)
  - PCI-DSS-Req-2.2.1
  - PCI-DSSv4-3.3
  - PCI-DSSv4-3.3.1
  - PCI-DSSv4-3.3.1.1
  - disable_strategy
  - low_complexity
  - medium_disruption
  - medium_severity
  - reboot_required
  - sysctl_kernel_randomize_va_space

- name: Comment out any occurrences of kernel.randomize_va_space from config files
  replace:
    path: '{{ item.path }}'
    regexp: ^[\s]*kernel.randomize_va_space
    replace: '#kernel.randomize_va_space'
  loop: '{{ find_sysctl_d.files }}'
  when: '"linux-base" in ansible_facts.packages'
  tags:
  - NIST-800-171-3.1.7
  - NIST-800-53-CM-6(a)
  - NIST-800-53-SC-30
  - NIST-800-53-SC-30(2)
  - PCI-DSS-Req-2.2.1
  - PCI-DSSv4-3.3
  - PCI-DSSv4-3.3.1
  - PCI-DSSv4-3.3.1.1
  - disable_strategy
  - low_complexity
  - medium_disruption
  - medium_severity
  - reboot_required
  - sysctl_kernel_randomize_va_space

- name: Ensure sysctl kernel.randomize_va_space is set to 2
  sysctl:
    name: kernel.randomize_va_space
    value: '2'
    sysctl_file: /etc/sysctl.conf
    state: present
    reload: true
  when: '"linux-base" in ansible_facts.packages'
  tags:
  - NIST-800-171-3.1.7
  - NIST-800-53-CM-6(a)
  - NIST-800-53-SC-30
  - NIST-800-53-SC-30(2)
  - PCI-DSS-Req-2.2.1
  - PCI-DSSv4-3.3
  - PCI-DSSv4-3.3.1
  - PCI-DSSv4-3.3.1.1
  - disable_strategy
  - low_complexity
  - medium_disruption
  - medium_severity
  - reboot_required
  - sysctl_kernel_randomize_va_space
</fix>
            <fix xmlns:xhtml="http://www.w3.org/1999/xhtml" id="sysctl_kernel_randomize_va_space" system="urn:xccdf:fix:script:sh" reboot="true" complexity="low" disruption="medium" strategy="disable"># Remediation is applicable only in certain platforms
if dpkg-query --show --showformat='${db:Status-Status}
' 'linux-base' 2&gt;/dev/null | grep -q ^installed; then

# Comment out any occurrences of kernel.randomize_va_space from /etc/sysctl.d/*.conf files

for f in /etc/sysctl.d/*.conf /run/sysctl.d/*.conf /usr/local/lib/sysctl.d/*.conf; do


  # skip systemd-sysctl symlink (/etc/sysctl.d/99-sysctl.conf -&gt; /etc/sysctl.conf)
  if [[ "$(readlink -f "$f")" == "/etc/sysctl.conf" ]]; then continue; fi

  matching_list=$(grep -P '^(?!#).*[\s]*kernel.randomize_va_space.*$' $f | uniq )
  if ! test -z "$matching_list"; then
    while IFS= read -r entry; do
      escaped_entry=$(sed -e 's|/|\\/|g' &lt;&lt;&lt; "$entry")
      # comment out "kernel.randomize_va_space" matches to preserve user data
      sed -i --follow-symlinks "s/^${escaped_entry}$/# &amp;/g" $f
    done &lt;&lt;&lt; "$matching_list"
  fi
done

#
# Set sysctl config file which to save the desired value
#

SYSCONFIG_FILE="/etc/sysctl.conf"


#
# Set runtime for kernel.randomize_va_space
#
if [[ "$OSCAP_BOOTC_BUILD" != "YES" ]] ; then
    /sbin/sysctl -q -n -w kernel.randomize_va_space="2"
fi

#
# If kernel.randomize_va_space present in /etc/sysctl.conf, change value to "2"
#	else, add "kernel.randomize_va_space = 2" to /etc/sysctl.conf
#

# Strip any search characters in the key arg so that the key can be replaced without
# adding any search characters to the config file.
stripped_key=$(sed 's/[\^=\$,;+]*//g' &lt;&lt;&lt; "^kernel.randomize_va_space")

# shellcheck disable=SC2059
printf -v formatted_output "%s = %s" "$stripped_key" "2"

# If the key exists, change it. Otherwise, add it to the config_file.
# We search for the key string followed by a word boundary (matched by \&gt;),
# so if we search for 'setting', 'setting2' won't match.
if LC_ALL=C grep -q -m 1 -i -e "^kernel.randomize_va_space\\&gt;" "${SYSCONFIG_FILE}"; then
    escaped_formatted_output=$(sed -e 's|/|\\/|g' &lt;&lt;&lt; "$formatted_output")
    LC_ALL=C sed -i --follow-symlinks "s/^kernel.randomize_va_space\\&gt;.*/$escaped_formatted_output/gi" "${SYSCONFIG_FILE}"
else
    if [[ -s "${SYSCONFIG_FILE}" ]] &amp;&amp; [[ -n "$(tail -c 1 -- "${SYSCONFIG_FILE}" || true)" ]]; then
        LC_ALL=C sed -i --follow-symlinks '$a'\\ "${SYSCONFIG_FILE}"
    fi
    printf '%s\n' "$formatted_output" &gt;&gt; "${SYSCONFIG_FILE}"
fi

else
    &gt;&amp;2 echo 'Remediation is not applicable, nothing was done'
fi
</fix>
            <check system="http://oval.mitre.org/XMLSchema/oval-definitions-5">
              <check-content-ref name="oval:ssg-sysctl_kernel_randomize_va_space:def:1" href="ssg-ubuntu2404-oval.xml"/>
            </check>
            <check system="http://scap.nist.gov/schema/ocil/2">
              <check-content-ref name="ocil:ssg-sysctl_kernel_randomize_va_space_ocil:questionnaire:1" href="ssg-ubuntu2404-ocil.xml"/>
            </check>
          </Rule>
        </Group>
      </Group>
    </Group>
  </Group>
  <Group id="xccdf_org.ssgproject.content_group_services">
    <title xmlns:xhtml="http://www.w3.org/1999/xhtml" xml:lang="en-US">Services</title>
    <description xmlns:xhtml="http://www.w3.org/1999/xhtml" xml:lang="en-US">The best protection against vulnerable software is running less software. This section describes how to review
the software which Ubuntu 24.04 installs on a system and disable software which is not needed. It
then enumerates the software packages installed on a default Ubuntu 24.04 system and provides guidance about which
ones can be safely disabled.
<html:br xmlns:html="http://www.w3.org/1999/xhtml"/>
     <html:br xmlns:html="http://www.w3.org/1999/xhtml"/>
Ubuntu 24.04 provides a convenient minimal install option that essentially installs the bare necessities for a functional
system. When building Ubuntu 24.04 systems, it is highly recommended to select the minimal packages and then build up
the system from there.</description>
    <Group id="xccdf_org.ssgproject.content_group_apport">
      <title xmlns:xhtml="http://www.w3.org/1999/xhtml" xml:lang="en-US">Apport Service</title>
      <description xmlns:xhtml="http://www.w3.org/1999/xhtml" xml:lang="en-US">The Apport service provides debugging and crash reporting
features on Ubuntu distributions.</description>
      <Rule id="xccdf_org.ssgproject.content_rule_service_apport_disabled" selected="false" role="full" severity="unknown">
        <title xmlns:xhtml="http://www.w3.org/1999/xhtml" xml:lang="en-US">Disable Apport Service</title>
        <description xmlns:xhtml="http://www.w3.org/1999/xhtml" xml:lang="en-US">The Apport modifies certain kernel configuration values at
runtime which may decrease the overall security of the system and expose sensitive data.

The <html:code xmlns:html="http://www.w3.org/1999/xhtml">apport</html:code> service can be disabled with the following command:
<html:pre xmlns:html="http://www.w3.org/1999/xhtml">$ sudo systemctl mask --now apport.service</html:pre>
      </description>
        <reference href="https://www.cisecurity.org/benchmark/ubuntu_linux/">1.5.5</reference>
        <rationale xmlns:xhtml="http://www.w3.org/1999/xhtml" xml:lang="en-US">The Apport service modifies the kernel
<html:code xmlns:html="http://www.w3.org/1999/xhtml">fs.suid_dumpable</html:code> configuration at runtime which
prevents other hardening from being persistent. Disabling the
service prevents this behavior.</rationale>
        <platform idref="#package_apport"/>
        <fix xmlns:xhtml="http://www.w3.org/1999/xhtml" id="service_apport_disabled" system="urn:redhat:osbuild:blueprint">
[customizations.services]
masked = ["apport"]
</fix>
        <fix xmlns:xhtml="http://www.w3.org/1999/xhtml" id="service_apport_disabled" system="urn:xccdf:fix:script:puppet" complexity="low" disruption="low" strategy="enable">include disable_apport

class disable_apport {
  service {'apport':
    enable =&gt; false,
    ensure =&gt; 'stopped',
  }
}
</fix>
        <fix xmlns:xhtml="http://www.w3.org/1999/xhtml" id="service_apport_disabled" system="urn:xccdf:fix:script:ansible" complexity="low" disruption="low" strategy="disable">- name: Gather the package facts
  package_facts:
    manager: auto
  tags:
  - disable_strategy
  - low_complexity
  - low_disruption
  - no_reboot_needed
  - service_apport_disabled
  - unknown_severity

- name: Disable Apport Service - Collect systemd Services Present in the System
  ansible.builtin.command: systemctl -q list-unit-files --type service
  register: service_exists
  changed_when: false
  failed_when: service_exists.rc not in [0, 1]
  check_mode: false
  when: '"apport" in ansible_facts.packages'
  tags:
  - disable_strategy
  - low_complexity
  - low_disruption
  - no_reboot_needed
  - service_apport_disabled
  - unknown_severity

- name: Disable Apport Service - Ensure apport.service is Masked
  ansible.builtin.systemd:
    name: apport.service
    state: stopped
    enabled: false
    masked: true
  when:
  - '"apport" in ansible_facts.packages'
  - service_exists.stdout_lines is search("apport.service", multiline=True)
  tags:
  - disable_strategy
  - low_complexity
  - low_disruption
  - no_reboot_needed
  - service_apport_disabled
  - unknown_severity

- name: Unit Socket Exists - apport.socket
  ansible.builtin.command: systemctl -q list-unit-files apport.socket
  register: socket_file_exists
  changed_when: false
  failed_when: socket_file_exists.rc not in [0, 1]
  check_mode: false
  when: '"apport" in ansible_facts.packages'
  tags:
  - disable_strategy
  - low_complexity
  - low_disruption
  - no_reboot_needed
  - service_apport_disabled
  - unknown_severity

- name: Disable Apport Service - Disable Socket apport
  ansible.builtin.systemd:
    name: apport.socket
    enabled: false
    state: stopped
    masked: true
  when:
  - '"apport" in ansible_facts.packages'
  - socket_file_exists.stdout_lines is search("apport.socket", multiline=True)
  tags:
  - disable_strategy
  - low_complexity
  - low_disruption
  - no_reboot_needed
  - service_apport_disabled
  - unknown_severity
</fix>
        <fix xmlns:xhtml="http://www.w3.org/1999/xhtml" id="service_apport_disabled" system="urn:xccdf:fix:script:sh" complexity="low" disruption="low" strategy="disable"># Remediation is applicable only in certain platforms
if dpkg-query --show --showformat='${db:Status-Status}\n' 'apport' 2&gt;/dev/null | grep -q '^installed'; then

SYSTEMCTL_EXEC='/usr/bin/systemctl'
if [[ $("$SYSTEMCTL_EXEC" is-system-running) != "offline" ]]; then
  "$SYSTEMCTL_EXEC" stop 'apport.service'
fi
"$SYSTEMCTL_EXEC" disable 'apport.service'
"$SYSTEMCTL_EXEC" mask 'apport.service'
# Disable socket activation if we have a unit file for it
if "$SYSTEMCTL_EXEC" -q list-unit-files apport.socket; then
    if [[ $("$SYSTEMCTL_EXEC" is-system-running) != "offline" ]]; then
      "$SYSTEMCTL_EXEC" stop 'apport.socket'
    fi
    "$SYSTEMCTL_EXEC" mask 'apport.socket'
fi
# The service may not be running because it has been started and failed,
# so let's reset the state so OVAL checks pass.
# Service should be 'inactive', not 'failed' after reboot though.
"$SYSTEMCTL_EXEC" reset-failed 'apport.service' || true

else
    &gt;&amp;2 echo 'Remediation is not applicable, nothing was done'
fi
</fix>
        <fix xmlns:xhtml="http://www.w3.org/1999/xhtml" id="service_apport_disabled" system="urn:xccdf:fix:script:kubernetes" reboot="true" complexity="low" disruption="medium" strategy="disable">apiVersion: machineconfiguration.openshift.io/v1
kind: MachineConfig
spec:
  config:
    ignition:
      version: 3.1.0
    systemd:
      units:
      - name: apport.service
        enabled: false
        mask: true
      - name: apport.socket
        enabled: false
        mask: true
</fix>
        <check system="http://oval.mitre.org/XMLSchema/oval-definitions-5">
          <check-content-ref name="oval:ssg-service_apport_disabled:def:1" href="ssg-ubuntu2404-oval.xml"/>
        </check>
      </Rule>
    </Group>
    <Group id="xccdf_org.ssgproject.content_group_avahi">
      <title xmlns:xhtml="http://www.w3.org/1999/xhtml" xml:lang="en-US">Avahi Server</title>
      <description xmlns:xhtml="http://www.w3.org/1999/xhtml" xml:lang="en-US">The Avahi daemon implements the DNS Service Discovery
and Multicast DNS protocols, which provide service and host
discovery on a network. It allows a system to automatically
identify resources on the network, such as printers or web servers.
This capability is also known as mDNSresponder and is a major part
of Zeroconf networking.</description>
      <Group id="xccdf_org.ssgproject.content_group_disable_avahi_group">
        <title xmlns:xhtml="http://www.w3.org/1999/xhtml" xml:lang="en-US">Disable Avahi Server if Possible</title>
        <description xmlns:xhtml="http://www.w3.org/1999/xhtml" xml:lang="en-US">Because the Avahi daemon service keeps an open network
port, it is subject to network attacks.
Disabling it can reduce the system's vulnerability to such attacks.</description>
        <Rule id="xccdf_org.ssgproject.content_rule_package_avahi_removed" selected="false" role="full" severity="medium">
          <title xmlns:xhtml="http://www.w3.org/1999/xhtml" xml:lang="en-US">Uninstall avahi Server Package</title>
          <description xmlns:xhtml="http://www.w3.org/1999/xhtml" xml:lang="en-US">If the system does not need to have an Avahi server which implements
the DNS Service Discovery and Multicast DNS protocols,
the avahi-autoipd and avahi packages can be uninstalled.</description>
          <reference href="https://www.cisecurity.org/controls/">11</reference>
          <reference href="https://www.cisecurity.org/controls/">14</reference>
          <reference href="https://www.cisecurity.org/controls/">3</reference>
          <reference href="https://www.cisecurity.org/controls/">9</reference>
          <reference href="https://www.isaca.org/resources/cobit">BAI10.01</reference>
          <reference href="https://www.isaca.org/resources/cobit">BAI10.02</reference>
          <reference href="https://www.isaca.org/resources/cobit">BAI10.03</reference>
          <reference href="https://www.isaca.org/resources/cobit">BAI10.05</reference>
          <reference href="https://www.isaca.org/resources/cobit">DSS05.02</reference>
          <reference href="https://www.isaca.org/resources/cobit">DSS05.05</reference>
          <reference href="https://www.isaca.org/resources/cobit">DSS06.06</reference>
          <reference href="https://public.cyber.mil/stigs/cci/">CCI-000366</reference>
          <reference href="https://www.isa.org/products/isa-62443-2-1-2009-security-for-industrial-automat">4.3.3.5.1</reference>
          <reference href="https://www.isa.org/products/isa-62443-2-1-2009-security-for-industrial-automat">4.3.3.5.2</reference>
          <reference href="https://www.isa.org/products/isa-62443-2-1-2009-security-for-industrial-automat">4.3.3.5.3</reference>
          <reference href="https://www.isa.org/products/isa-62443-2-1-2009-security-for-industrial-automat">4.3.3.5.4</reference>
          <reference href="https://www.isa.org/products/isa-62443-2-1-2009-security-for-industrial-automat">4.3.3.5.5</reference>
          <reference href="https://www.isa.org/products/isa-62443-2-1-2009-security-for-industrial-automat">4.3.3.5.6</reference>
          <reference href="https://www.isa.org/products/isa-62443-2-1-2009-security-for-industrial-automat">4.3.3.5.7</reference>
          <reference href="https://www.isa.org/products/isa-62443-2-1-2009-security-for-industrial-automat">4.3.3.5.8</reference>
          <reference href="https://www.isa.org/products/isa-62443-2-1-2009-security-for-industrial-automat">4.3.3.6.1</reference>
          <reference href="https://www.isa.org/products/isa-62443-2-1-2009-security-for-industrial-automat">4.3.3.6.2</reference>
          <reference href="https://www.isa.org/products/isa-62443-2-1-2009-security-for-industrial-automat">4.3.3.6.3</reference>
          <reference href="https://www.isa.org/products/isa-62443-2-1-2009-security-for-industrial-automat">4.3.3.6.4</reference>
          <reference href="https://www.isa.org/products/isa-62443-2-1-2009-security-for-industrial-automat">4.3.3.6.5</reference>
          <reference href="https://www.isa.org/products/isa-62443-2-1-2009-security-for-industrial-automat">4.3.3.6.6</reference>
          <reference href="https://www.isa.org/products/isa-62443-2-1-2009-security-for-industrial-automat">4.3.3.6.7</reference>
          <reference href="https://www.isa.org/products/isa-62443-2-1-2009-security-for-industrial-automat">4.3.3.6.8</reference>
          <reference href="https://www.isa.org/products/isa-62443-2-1-2009-security-for-industrial-automat">4.3.3.6.9</reference>
          <reference href="https://www.isa.org/products/isa-62443-2-1-2009-security-for-industrial-automat">4.3.3.7.1</reference>
          <reference href="https://www.isa.org/products/isa-62443-2-1-2009-security-for-industrial-automat">4.3.3.7.2</reference>
          <reference href="https://www.isa.org/products/isa-62443-2-1-2009-security-for-industrial-automat">4.3.3.7.3</reference>
          <reference href="https://www.isa.org/products/isa-62443-2-1-2009-security-for-industrial-automat">4.3.3.7.4</reference>
          <reference href="https://www.isa.org/products/isa-62443-2-1-2009-security-for-industrial-automat">4.3.4.3.2</reference>
          <reference href="https://www.isa.org/products/isa-62443-2-1-2009-security-for-industrial-automat">4.3.4.3.3</reference>
          <reference href="https://www.isa.org/products/ansi-isa-62443-3-3-99-03-03-2013-security-for-indu">SR 1.1</reference>
          <reference href="https://www.isa.org/products/ansi-isa-62443-3-3-99-03-03-2013-security-for-indu">SR 1.10</reference>
          <reference href="https://www.isa.org/products/ansi-isa-62443-3-3-99-03-03-2013-security-for-indu">SR 1.11</reference>
          <reference href="https://www.isa.org/products/ansi-isa-62443-3-3-99-03-03-2013-security-for-indu">SR 1.12</reference>
          <reference href="https://www.isa.org/products/ansi-isa-62443-3-3-99-03-03-2013-security-for-indu">SR 1.13</reference>
          <reference href="https://www.isa.org/products/ansi-isa-62443-3-3-99-03-03-2013-security-for-indu">SR 1.2</reference>
          <reference href="https://www.isa.org/products/ansi-isa-62443-3-3-99-03-03-2013-security-for-indu">SR 1.3</reference>
          <reference href="https://www.isa.org/products/ansi-isa-62443-3-3-99-03-03-2013-security-for-indu">SR 1.4</reference>
          <reference href="https://www.isa.org/products/ansi-isa-62443-3-3-99-03-03-2013-security-for-indu">SR 1.5</reference>
          <reference href="https://www.isa.org/products/ansi-isa-62443-3-3-99-03-03-2013-security-for-indu">SR 1.6</reference>
          <reference href="https://www.isa.org/products/ansi-isa-62443-3-3-99-03-03-2013-security-for-indu">SR 1.7</reference>
          <reference href="https://www.isa.org/products/ansi-isa-62443-3-3-99-03-03-2013-security-for-indu">SR 1.8</reference>
          <reference href="https://www.isa.org/products/ansi-isa-62443-3-3-99-03-03-2013-security-for-indu">SR 1.9</reference>
          <reference href="https://www.isa.org/products/ansi-isa-62443-3-3-99-03-03-2013-security-for-indu">SR 2.1</reference>
          <reference href="https://www.isa.org/products/ansi-isa-62443-3-3-99-03-03-2013-security-for-indu">SR 2.2</reference>
          <reference href="https://www.isa.org/products/ansi-isa-62443-3-3-99-03-03-2013-security-for-indu">SR 2.3</reference>
          <reference href="https://www.isa.org/products/ansi-isa-62443-3-3-99-03-03-2013-security-for-indu">SR 2.4</reference>
          <reference href="https://www.isa.org/products/ansi-isa-62443-3-3-99-03-03-2013-security-for-indu">SR 2.5</reference>
          <reference href="https://www.isa.org/products/ansi-isa-62443-3-3-99-03-03-2013-security-for-indu">SR 2.6</reference>
          <reference href="https://www.isa.org/products/ansi-isa-62443-3-3-99-03-03-2013-security-for-indu">SR 2.7</reference>
          <reference href="https://www.isa.org/products/ansi-isa-62443-3-3-99-03-03-2013-security-for-indu">SR 7.6</reference>
          <reference href="https://www.iso.org/contents/data/standard/05/45/54534.html">A.12.1.2</reference>
          <reference href="https://www.iso.org/contents/data/standard/05/45/54534.html">A.12.5.1</reference>
          <reference href="https://www.iso.org/contents/data/standard/05/45/54534.html">A.12.6.2</reference>
          <reference href="https://www.iso.org/contents/data/standard/05/45/54534.html">A.14.2.2</reference>
          <reference href="https://www.iso.org/contents/data/standard/05/45/54534.html">A.14.2.3</reference>
          <reference href="https://www.iso.org/contents/data/standard/05/45/54534.html">A.14.2.4</reference>
          <reference href="https://www.iso.org/contents/data/standard/05/45/54534.html">A.9.1.2</reference>
          <reference href="http://nvlpubs.nist.gov/nistpubs/SpecialPublications/NIST.SP.800-53r4.pdf">CM-7(a)</reference>
          <reference href="http://nvlpubs.nist.gov/nistpubs/SpecialPublications/NIST.SP.800-53r4.pdf">CM-7(b)</reference>
          <reference href="http://nvlpubs.nist.gov/nistpubs/SpecialPublications/NIST.SP.800-53r4.pdf">CM-6(a)</reference>
          <reference href="https://nvlpubs.nist.gov/nistpubs/CSWP/NIST.CSWP.04162018.pdf">PR.IP-1</reference>
          <reference href="https://nvlpubs.nist.gov/nistpubs/CSWP/NIST.CSWP.04162018.pdf">PR.PT-3</reference>
          <reference href="https://www.cisecurity.org/benchmark/ubuntu_linux/">2.1.2</reference>
          <rationale xmlns:xhtml="http://www.w3.org/1999/xhtml" xml:lang="en-US">Automatic discovery of network services is not normally required for
system functionality. It is recommended to remove this package to reduce
the potential attack surface.</rationale>
          <fix xmlns:xhtml="http://www.w3.org/1999/xhtml" id="package_avahi_removed" system="urn:xccdf:fix:script:puppet" complexity="low" disruption="low" strategy="disable">include remove_avahi-daemon

class remove_avahi-daemon {
  package { 'avahi-daemon':
    ensure =&gt; 'purged',
  }
}
</fix>
          <fix xmlns:xhtml="http://www.w3.org/1999/xhtml" id="package_avahi_removed" system="urn:xccdf:fix:script:ansible" complexity="low" disruption="low" strategy="disable">- name: Ensure avahi-daemon is removed
  package:
    name: avahi-daemon
    state: absent
  tags:
  - NIST-800-53-CM-6(a)
  - NIST-800-53-CM-7(a)
  - NIST-800-53-CM-7(b)
  - disable_strategy
  - low_complexity
  - low_disruption
  - medium_severity
  - no_reboot_needed
  - package_avahi_removed
</fix>
          <fix xmlns:xhtml="http://www.w3.org/1999/xhtml" id="package_avahi_removed" system="urn:xccdf:fix:script:sh" complexity="low" disruption="low" strategy="disable">
# CAUTION: This remediation script will remove avahi-daemon
#	   from the system, and may remove any packages
#	   that depend on avahi-daemon. Execute this
#	   remediation AFTER testing on a non-production
#	   system!

DEBIAN_FRONTEND=noninteractive apt-get remove -y "avahi-daemon"
</fix>
          <check system="http://oval.mitre.org/XMLSchema/oval-definitions-5">
            <check-content-ref name="oval:ssg-package_avahi_removed:def:1" href="ssg-ubuntu2404-oval.xml"/>
          </check>
          <check system="http://scap.nist.gov/schema/ocil/2">
            <check-content-ref name="ocil:ssg-package_avahi_removed_ocil:questionnaire:1" href="ssg-ubuntu2404-ocil.xml"/>
          </check>
        </Rule>
        <Rule id="xccdf_org.ssgproject.content_rule_service_avahi-daemon_disabled" selected="false" role="full" severity="medium">
          <title xmlns:xhtml="http://www.w3.org/1999/xhtml" xml:lang="en-US">Disable Avahi Server Software</title>
          <description xmlns:xhtml="http://www.w3.org/1999/xhtml" xml:lang="en-US">
The <html:code xmlns:html="http://www.w3.org/1999/xhtml">avahi-daemon</html:code> service can be disabled with the following command:
<html:pre xmlns:html="http://www.w3.org/1999/xhtml">$ sudo systemctl mask --now avahi-daemon.service</html:pre>
       </description>
          <reference href="https://www.cisecurity.org/controls/">11</reference>
          <reference href="https://www.cisecurity.org/controls/">14</reference>
          <reference href="https://www.cisecurity.org/controls/">3</reference>
          <reference href="https://www.cisecurity.org/controls/">9</reference>
          <reference href="https://www.isaca.org/resources/cobit">BAI10.01</reference>
          <reference href="https://www.isaca.org/resources/cobit">BAI10.02</reference>
          <reference href="https://www.isaca.org/resources/cobit">BAI10.03</reference>
          <reference href="https://www.isaca.org/resources/cobit">BAI10.05</reference>
          <reference href="https://www.isaca.org/resources/cobit">DSS05.02</reference>
          <reference href="https://www.isaca.org/resources/cobit">DSS05.05</reference>
          <reference href="https://www.isaca.org/resources/cobit">DSS06.06</reference>
          <reference href="https://public.cyber.mil/stigs/cci/">CCI-000366</reference>
          <reference href="https://www.isa.org/products/isa-62443-2-1-2009-security-for-industrial-automat">4.3.3.5.1</reference>
          <reference href="https://www.isa.org/products/isa-62443-2-1-2009-security-for-industrial-automat">4.3.3.5.2</reference>
          <reference href="https://www.isa.org/products/isa-62443-2-1-2009-security-for-industrial-automat">4.3.3.5.3</reference>
          <reference href="https://www.isa.org/products/isa-62443-2-1-2009-security-for-industrial-automat">4.3.3.5.4</reference>
          <reference href="https://www.isa.org/products/isa-62443-2-1-2009-security-for-industrial-automat">4.3.3.5.5</reference>
          <reference href="https://www.isa.org/products/isa-62443-2-1-2009-security-for-industrial-automat">4.3.3.5.6</reference>
          <reference href="https://www.isa.org/products/isa-62443-2-1-2009-security-for-industrial-automat">4.3.3.5.7</reference>
          <reference href="https://www.isa.org/products/isa-62443-2-1-2009-security-for-industrial-automat">4.3.3.5.8</reference>
          <reference href="https://www.isa.org/products/isa-62443-2-1-2009-security-for-industrial-automat">4.3.3.6.1</reference>
          <reference href="https://www.isa.org/products/isa-62443-2-1-2009-security-for-industrial-automat">4.3.3.6.2</reference>
          <reference href="https://www.isa.org/products/isa-62443-2-1-2009-security-for-industrial-automat">4.3.3.6.3</reference>
          <reference href="https://www.isa.org/products/isa-62443-2-1-2009-security-for-industrial-automat">4.3.3.6.4</reference>
          <reference href="https://www.isa.org/products/isa-62443-2-1-2009-security-for-industrial-automat">4.3.3.6.5</reference>
          <reference href="https://www.isa.org/products/isa-62443-2-1-2009-security-for-industrial-automat">4.3.3.6.6</reference>
          <reference href="https://www.isa.org/products/isa-62443-2-1-2009-security-for-industrial-automat">4.3.3.6.7</reference>
          <reference href="https://www.isa.org/products/isa-62443-2-1-2009-security-for-industrial-automat">4.3.3.6.8</reference>
          <reference href="https://www.isa.org/products/isa-62443-2-1-2009-security-for-industrial-automat">4.3.3.6.9</reference>
          <reference href="https://www.isa.org/products/isa-62443-2-1-2009-security-for-industrial-automat">4.3.3.7.1</reference>
          <reference href="https://www.isa.org/products/isa-62443-2-1-2009-security-for-industrial-automat">4.3.3.7.2</reference>
          <reference href="https://www.isa.org/products/isa-62443-2-1-2009-security-for-industrial-automat">4.3.3.7.3</reference>
          <reference href="https://www.isa.org/products/isa-62443-2-1-2009-security-for-industrial-automat">4.3.3.7.4</reference>
          <reference href="https://www.isa.org/products/isa-62443-2-1-2009-security-for-industrial-automat">4.3.4.3.2</reference>
          <reference href="https://www.isa.org/products/isa-62443-2-1-2009-security-for-industrial-automat">4.3.4.3.3</reference>
          <reference href="https://www.isa.org/products/ansi-isa-62443-3-3-99-03-03-2013-security-for-indu">SR 1.1</reference>
          <reference href="https://www.isa.org/products/ansi-isa-62443-3-3-99-03-03-2013-security-for-indu">SR 1.10</reference>
          <reference href="https://www.isa.org/products/ansi-isa-62443-3-3-99-03-03-2013-security-for-indu">SR 1.11</reference>
          <reference href="https://www.isa.org/products/ansi-isa-62443-3-3-99-03-03-2013-security-for-indu">SR 1.12</reference>
          <reference href="https://www.isa.org/products/ansi-isa-62443-3-3-99-03-03-2013-security-for-indu">SR 1.13</reference>
          <reference href="https://www.isa.org/products/ansi-isa-62443-3-3-99-03-03-2013-security-for-indu">SR 1.2</reference>
          <reference href="https://www.isa.org/products/ansi-isa-62443-3-3-99-03-03-2013-security-for-indu">SR 1.3</reference>
          <reference href="https://www.isa.org/products/ansi-isa-62443-3-3-99-03-03-2013-security-for-indu">SR 1.4</reference>
          <reference href="https://www.isa.org/products/ansi-isa-62443-3-3-99-03-03-2013-security-for-indu">SR 1.5</reference>
          <reference href="https://www.isa.org/products/ansi-isa-62443-3-3-99-03-03-2013-security-for-indu">SR 1.6</reference>
          <reference href="https://www.isa.org/products/ansi-isa-62443-3-3-99-03-03-2013-security-for-indu">SR 1.7</reference>
          <reference href="https://www.isa.org/products/ansi-isa-62443-3-3-99-03-03-2013-security-for-indu">SR 1.8</reference>
          <reference href="https://www.isa.org/products/ansi-isa-62443-3-3-99-03-03-2013-security-for-indu">SR 1.9</reference>
          <reference href="https://www.isa.org/products/ansi-isa-62443-3-3-99-03-03-2013-security-for-indu">SR 2.1</reference>
          <reference href="https://www.isa.org/products/ansi-isa-62443-3-3-99-03-03-2013-security-for-indu">SR 2.2</reference>
          <reference href="https://www.isa.org/products/ansi-isa-62443-3-3-99-03-03-2013-security-for-indu">SR 2.3</reference>
          <reference href="https://www.isa.org/products/ansi-isa-62443-3-3-99-03-03-2013-security-for-indu">SR 2.4</reference>
          <reference href="https://www.isa.org/products/ansi-isa-62443-3-3-99-03-03-2013-security-for-indu">SR 2.5</reference>
          <reference href="https://www.isa.org/products/ansi-isa-62443-3-3-99-03-03-2013-security-for-indu">SR 2.6</reference>
          <reference href="https://www.isa.org/products/ansi-isa-62443-3-3-99-03-03-2013-security-for-indu">SR 2.7</reference>
          <reference href="https://www.isa.org/products/ansi-isa-62443-3-3-99-03-03-2013-security-for-indu">SR 7.6</reference>
          <reference href="https://www.iso.org/contents/data/standard/05/45/54534.html">A.12.1.2</reference>
          <reference href="https://www.iso.org/contents/data/standard/05/45/54534.html">A.12.5.1</reference>
          <reference href="https://www.iso.org/contents/data/standard/05/45/54534.html">A.12.6.2</reference>
          <reference href="https://www.iso.org/contents/data/standard/05/45/54534.html">A.14.2.2</reference>
          <reference href="https://www.iso.org/contents/data/standard/05/45/54534.html">A.14.2.3</reference>
          <reference href="https://www.iso.org/contents/data/standard/05/45/54534.html">A.14.2.4</reference>
          <reference href="https://www.iso.org/contents/data/standard/05/45/54534.html">A.9.1.2</reference>
          <reference href="http://nvlpubs.nist.gov/nistpubs/SpecialPublications/NIST.SP.800-53r4.pdf">CM-7(a)</reference>
          <reference href="http://nvlpubs.nist.gov/nistpubs/SpecialPublications/NIST.SP.800-53r4.pdf">CM-7(b)</reference>
          <reference href="http://nvlpubs.nist.gov/nistpubs/SpecialPublications/NIST.SP.800-53r4.pdf">CM-6(a)</reference>
          <reference href="https://nvlpubs.nist.gov/nistpubs/CSWP/NIST.CSWP.04162018.pdf">PR.IP-1</reference>
          <reference href="https://nvlpubs.nist.gov/nistpubs/CSWP/NIST.CSWP.04162018.pdf">PR.PT-3</reference>
          <reference href="https://www.cisecurity.org/benchmark/ubuntu_linux/">2.1.2</reference>
          <reference href="https://docs-prv.pcisecuritystandards.org/PCI%20DSS/Standard/PCI-DSS-v4_0.pdf">2.2.4</reference>
          <reference href="https://docs-prv.pcisecuritystandards.org/PCI%20DSS/Standard/PCI-DSS-v4_0.pdf">2.2</reference>
          <rationale xmlns:xhtml="http://www.w3.org/1999/xhtml" xml:lang="en-US">Because the Avahi daemon service keeps an open network
port, it is subject to network attacks. Its functionality
is convenient but is only appropriate if the local network
can be trusted.</rationale>
          <platform idref="#package_avahi_and_system_with_kernel"/>
          <fix xmlns:xhtml="http://www.w3.org/1999/xhtml" id="service_avahi-daemon_disabled" system="urn:redhat:osbuild:blueprint">
[customizations.services]
masked = ["avahi-daemon"]
</fix>
          <fix xmlns:xhtml="http://www.w3.org/1999/xhtml" id="service_avahi-daemon_disabled" system="urn:xccdf:fix:script:puppet" complexity="low" disruption="low" strategy="enable">include disable_avahi-daemon

class disable_avahi-daemon {
  service {'avahi-daemon':
    enable =&gt; false,
    ensure =&gt; 'stopped',
  }
}
</fix>
          <fix xmlns:xhtml="http://www.w3.org/1999/xhtml" id="service_avahi-daemon_disabled" system="urn:xccdf:fix:script:ansible" complexity="low" disruption="low" strategy="disable">- name: Gather the package facts
  package_facts:
    manager: auto
  tags:
  - NIST-800-53-CM-6(a)
  - NIST-800-53-CM-7(a)
  - NIST-800-53-CM-7(b)
  - PCI-DSSv4-2.2
  - PCI-DSSv4-2.2.4
  - disable_strategy
  - low_complexity
  - low_disruption
  - medium_severity
  - no_reboot_needed
  - service_avahi-daemon_disabled

- name: Disable Avahi Server Software - Collect systemd Services Present in the System
  ansible.builtin.command: systemctl -q list-unit-files --type service
  register: service_exists
  changed_when: false
  failed_when: service_exists.rc not in [0, 1]
  check_mode: false
  when: ( "avahi-daemon" in ansible_facts.packages and "linux-base" in ansible_facts.packages
    )
  tags:
  - NIST-800-53-CM-6(a)
  - NIST-800-53-CM-7(a)
  - NIST-800-53-CM-7(b)
  - PCI-DSSv4-2.2
  - PCI-DSSv4-2.2.4
  - disable_strategy
  - low_complexity
  - low_disruption
  - medium_severity
  - no_reboot_needed
  - service_avahi-daemon_disabled

- name: Disable Avahi Server Software - Ensure avahi-daemon.service is Masked
  ansible.builtin.systemd:
    name: avahi-daemon.service
    state: stopped
    enabled: false
    masked: true
  when:
  - ( "avahi-daemon" in ansible_facts.packages and "linux-base" in ansible_facts.packages
    )
  - service_exists.stdout_lines is search("avahi-daemon.service", multiline=True)
  tags:
  - NIST-800-53-CM-6(a)
  - NIST-800-53-CM-7(a)
  - NIST-800-53-CM-7(b)
  - PCI-DSSv4-2.2
  - PCI-DSSv4-2.2.4
  - disable_strategy
  - low_complexity
  - low_disruption
  - medium_severity
  - no_reboot_needed
  - service_avahi-daemon_disabled

- name: Unit Socket Exists - avahi-daemon.socket
  ansible.builtin.command: systemctl -q list-unit-files avahi-daemon.socket
  register: socket_file_exists
  changed_when: false
  failed_when: socket_file_exists.rc not in [0, 1]
  check_mode: false
  when: ( "avahi-daemon" in ansible_facts.packages and "linux-base" in ansible_facts.packages
    )
  tags:
  - NIST-800-53-CM-6(a)
  - NIST-800-53-CM-7(a)
  - NIST-800-53-CM-7(b)
  - PCI-DSSv4-2.2
  - PCI-DSSv4-2.2.4
  - disable_strategy
  - low_complexity
  - low_disruption
  - medium_severity
  - no_reboot_needed
  - service_avahi-daemon_disabled

- name: Disable Avahi Server Software - Disable Socket avahi-daemon
  ansible.builtin.systemd:
    name: avahi-daemon.socket
    enabled: false
    state: stopped
    masked: true
  when:
  - ( "avahi-daemon" in ansible_facts.packages and "linux-base" in ansible_facts.packages
    )
  - socket_file_exists.stdout_lines is search("avahi-daemon.socket", multiline=True)
  tags:
  - NIST-800-53-CM-6(a)
  - NIST-800-53-CM-7(a)
  - NIST-800-53-CM-7(b)
  - PCI-DSSv4-2.2
  - PCI-DSSv4-2.2.4
  - disable_strategy
  - low_complexity
  - low_disruption
  - medium_severity
  - no_reboot_needed
  - service_avahi-daemon_disabled
</fix>
          <fix xmlns:xhtml="http://www.w3.org/1999/xhtml" id="service_avahi-daemon_disabled" system="urn:xccdf:fix:script:sh" complexity="low" disruption="low" strategy="disable"># Remediation is applicable only in certain platforms
if ( dpkg-query --show --showformat='${db:Status-Status}\n' 'avahi-daemon' 2&gt;/dev/null | grep -q '^installed' &amp;&amp; dpkg-query --show --showformat='${db:Status-Status}
' 'linux-base' 2&gt;/dev/null | grep -q ^installed ); then

SYSTEMCTL_EXEC='/usr/bin/systemctl'
if [[ $("$SYSTEMCTL_EXEC" is-system-running) != "offline" ]]; then
  "$SYSTEMCTL_EXEC" stop 'avahi-daemon.service'
fi
"$SYSTEMCTL_EXEC" disable 'avahi-daemon.service'
"$SYSTEMCTL_EXEC" mask 'avahi-daemon.service'
# Disable socket activation if we have a unit file for it
if "$SYSTEMCTL_EXEC" -q list-unit-files avahi-daemon.socket; then
    if [[ $("$SYSTEMCTL_EXEC" is-system-running) != "offline" ]]; then
      "$SYSTEMCTL_EXEC" stop 'avahi-daemon.socket'
    fi
    "$SYSTEMCTL_EXEC" mask 'avahi-daemon.socket'
fi
# The service may not be running because it has been started and failed,
# so let's reset the state so OVAL checks pass.
# Service should be 'inactive', not 'failed' after reboot though.
"$SYSTEMCTL_EXEC" reset-failed 'avahi-daemon.service' || true

else
    &gt;&amp;2 echo 'Remediation is not applicable, nothing was done'
fi
</fix>
          <fix xmlns:xhtml="http://www.w3.org/1999/xhtml" id="service_avahi-daemon_disabled" system="urn:xccdf:fix:script:kubernetes" reboot="true" complexity="low" disruption="medium" strategy="disable">apiVersion: machineconfiguration.openshift.io/v1
kind: MachineConfig
spec:
  config:
    ignition:
      version: 3.1.0
    systemd:
      units:
      - name: avahi-daemon.service
        enabled: false
        mask: true
      - name: avahi-daemon.socket
        enabled: false
        mask: true
</fix>
          <check system="http://oval.mitre.org/XMLSchema/oval-definitions-5">
            <check-content-ref name="oval:ssg-service_avahi-daemon_disabled:def:1" href="ssg-ubuntu2404-oval.xml"/>
          </check>
          <check system="http://scap.nist.gov/schema/ocil/2">
            <check-content-ref name="ocil:ssg-service_avahi-daemon_disabled_ocil:questionnaire:1" href="ssg-ubuntu2404-ocil.xml"/>
          </check>
        </Rule>
      </Group>
    </Group>
    <Group id="xccdf_org.ssgproject.content_group_cron_and_at">
      <title xmlns:xhtml="http://www.w3.org/1999/xhtml" xml:lang="en-US">Cron and At Daemons</title>
      <description xmlns:xhtml="http://www.w3.org/1999/xhtml" xml:lang="en-US">The cron and at services are used to allow commands to
be executed at a later time. The cron service is required by almost
all systems to perform necessary maintenance tasks, while at may or
may not be required on a given system. Both daemons should be
configured defensively.</description>
      <platform idref="#system_with_kernel"/>
      <Rule id="xccdf_org.ssgproject.content_rule_package_cron_installed" selected="false" role="full" severity="medium">
        <title xmlns:xhtml="http://www.w3.org/1999/xhtml" xml:lang="en-US">Install the cron service</title>
        <description xmlns:xhtml="http://www.w3.org/1999/xhtml" xml:lang="en-US">The Cron service should be installed.</description>
        <reference href="https://www.cisecurity.org/controls/">11</reference>
        <reference href="https://www.cisecurity.org/controls/">14</reference>
        <reference href="https://www.cisecurity.org/controls/">3</reference>
        <reference href="https://www.cisecurity.org/controls/">9</reference>
        <reference href="https://www.isaca.org/resources/cobit">BAI10.01</reference>
        <reference href="https://www.isaca.org/resources/cobit">BAI10.02</reference>
        <reference href="https://www.isaca.org/resources/cobit">BAI10.03</reference>
        <reference href="https://www.isaca.org/resources/cobit">BAI10.05</reference>
        <reference href="https://www.isaca.org/resources/cobit">DSS05.02</reference>
        <reference href="https://www.isaca.org/resources/cobit">DSS05.05</reference>
        <reference href="https://www.isaca.org/resources/cobit">DSS06.06</reference>
        <reference href="https://public.cyber.mil/stigs/cci/">CCI-000366</reference>
        <reference href="https://www.gpo.gov/fdsys/pkg/CFR-2007-title45-vol1/pdf/CFR-2007-title45-vol1-chapA-subchapC.pdf">164.308(a)(4)(i)</reference>
        <reference href="https://www.gpo.gov/fdsys/pkg/CFR-2007-title45-vol1/pdf/CFR-2007-title45-vol1-chapA-subchapC.pdf">164.308(b)(1)</reference>
        <reference href="https://www.gpo.gov/fdsys/pkg/CFR-2007-title45-vol1/pdf/CFR-2007-title45-vol1-chapA-subchapC.pdf">164.308(b)(3)</reference>
        <reference href="https://www.gpo.gov/fdsys/pkg/CFR-2007-title45-vol1/pdf/CFR-2007-title45-vol1-chapA-subchapC.pdf">164.310(b)</reference>
        <reference href="https://www.gpo.gov/fdsys/pkg/CFR-2007-title45-vol1/pdf/CFR-2007-title45-vol1-chapA-subchapC.pdf">164.312(e)(1)</reference>
        <reference href="https://www.gpo.gov/fdsys/pkg/CFR-2007-title45-vol1/pdf/CFR-2007-title45-vol1-chapA-subchapC.pdf">164.312(e)(2)(ii)</reference>
        <reference href="https://www.isa.org/products/isa-62443-2-1-2009-security-for-industrial-automat">4.3.3.5.1</reference>
        <reference href="https://www.isa.org/products/isa-62443-2-1-2009-security-for-industrial-automat">4.3.3.5.2</reference>
        <reference href="https://www.isa.org/products/isa-62443-2-1-2009-security-for-industrial-automat">4.3.3.5.3</reference>
        <reference href="https://www.isa.org/products/isa-62443-2-1-2009-security-for-industrial-automat">4.3.3.5.4</reference>
        <reference href="https://www.isa.org/products/isa-62443-2-1-2009-security-for-industrial-automat">4.3.3.5.5</reference>
        <reference href="https://www.isa.org/products/isa-62443-2-1-2009-security-for-industrial-automat">4.3.3.5.6</reference>
        <reference href="https://www.isa.org/products/isa-62443-2-1-2009-security-for-industrial-automat">4.3.3.5.7</reference>
        <reference href="https://www.isa.org/products/isa-62443-2-1-2009-security-for-industrial-automat">4.3.3.5.8</reference>
        <reference href="https://www.isa.org/products/isa-62443-2-1-2009-security-for-industrial-automat">4.3.3.6.1</reference>
        <reference href="https://www.isa.org/products/isa-62443-2-1-2009-security-for-industrial-automat">4.3.3.6.2</reference>
        <reference href="https://www.isa.org/products/isa-62443-2-1-2009-security-for-industrial-automat">4.3.3.6.3</reference>
        <reference href="https://www.isa.org/products/isa-62443-2-1-2009-security-for-industrial-automat">4.3.3.6.4</reference>
        <reference href="https://www.isa.org/products/isa-62443-2-1-2009-security-for-industrial-automat">4.3.3.6.5</reference>
        <reference href="https://www.isa.org/products/isa-62443-2-1-2009-security-for-industrial-automat">4.3.3.6.6</reference>
        <reference href="https://www.isa.org/products/isa-62443-2-1-2009-security-for-industrial-automat">4.3.3.6.7</reference>
        <reference href="https://www.isa.org/products/isa-62443-2-1-2009-security-for-industrial-automat">4.3.3.6.8</reference>
        <reference href="https://www.isa.org/products/isa-62443-2-1-2009-security-for-industrial-automat">4.3.3.6.9</reference>
        <reference href="https://www.isa.org/products/isa-62443-2-1-2009-security-for-industrial-automat">4.3.3.7.1</reference>
        <reference href="https://www.isa.org/products/isa-62443-2-1-2009-security-for-industrial-automat">4.3.3.7.2</reference>
        <reference href="https://www.isa.org/products/isa-62443-2-1-2009-security-for-industrial-automat">4.3.3.7.3</reference>
        <reference href="https://www.isa.org/products/isa-62443-2-1-2009-security-for-industrial-automat">4.3.3.7.4</reference>
        <reference href="https://www.isa.org/products/isa-62443-2-1-2009-security-for-industrial-automat">4.3.4.3.2</reference>
        <reference href="https://www.isa.org/products/isa-62443-2-1-2009-security-for-industrial-automat">4.3.4.3.3</reference>
        <reference href="https://www.isa.org/products/ansi-isa-62443-3-3-99-03-03-2013-security-for-indu">SR 1.1</reference>
        <reference href="https://www.isa.org/products/ansi-isa-62443-3-3-99-03-03-2013-security-for-indu">SR 1.10</reference>
        <reference href="https://www.isa.org/products/ansi-isa-62443-3-3-99-03-03-2013-security-for-indu">SR 1.11</reference>
        <reference href="https://www.isa.org/products/ansi-isa-62443-3-3-99-03-03-2013-security-for-indu">SR 1.12</reference>
        <reference href="https://www.isa.org/products/ansi-isa-62443-3-3-99-03-03-2013-security-for-indu">SR 1.13</reference>
        <reference href="https://www.isa.org/products/ansi-isa-62443-3-3-99-03-03-2013-security-for-indu">SR 1.2</reference>
        <reference href="https://www.isa.org/products/ansi-isa-62443-3-3-99-03-03-2013-security-for-indu">SR 1.3</reference>
        <reference href="https://www.isa.org/products/ansi-isa-62443-3-3-99-03-03-2013-security-for-indu">SR 1.4</reference>
        <reference href="https://www.isa.org/products/ansi-isa-62443-3-3-99-03-03-2013-security-for-indu">SR 1.5</reference>
        <reference href="https://www.isa.org/products/ansi-isa-62443-3-3-99-03-03-2013-security-for-indu">SR 1.6</reference>
        <reference href="https://www.isa.org/products/ansi-isa-62443-3-3-99-03-03-2013-security-for-indu">SR 1.7</reference>
        <reference href="https://www.isa.org/products/ansi-isa-62443-3-3-99-03-03-2013-security-for-indu">SR 1.8</reference>
        <reference href="https://www.isa.org/products/ansi-isa-62443-3-3-99-03-03-2013-security-for-indu">SR 1.9</reference>
        <reference href="https://www.isa.org/products/ansi-isa-62443-3-3-99-03-03-2013-security-for-indu">SR 2.1</reference>
        <reference href="https://www.isa.org/products/ansi-isa-62443-3-3-99-03-03-2013-security-for-indu">SR 2.2</reference>
        <reference href="https://www.isa.org/products/ansi-isa-62443-3-3-99-03-03-2013-security-for-indu">SR 2.3</reference>
        <reference href="https://www.isa.org/products/ansi-isa-62443-3-3-99-03-03-2013-security-for-indu">SR 2.4</reference>
        <reference href="https://www.isa.org/products/ansi-isa-62443-3-3-99-03-03-2013-security-for-indu">SR 2.5</reference>
        <reference href="https://www.isa.org/products/ansi-isa-62443-3-3-99-03-03-2013-security-for-indu">SR 2.6</reference>
        <reference href="https://www.isa.org/products/ansi-isa-62443-3-3-99-03-03-2013-security-for-indu">SR 2.7</reference>
        <reference href="https://www.isa.org/products/ansi-isa-62443-3-3-99-03-03-2013-security-for-indu">SR 7.6</reference>
        <reference href="https://www.iso.org/contents/data/standard/05/45/54534.html">A.12.1.2</reference>
        <reference href="https://www.iso.org/contents/data/standard/05/45/54534.html">A.12.5.1</reference>
        <reference href="https://www.iso.org/contents/data/standard/05/45/54534.html">A.12.6.2</reference>
        <reference href="https://www.iso.org/contents/data/standard/05/45/54534.html">A.14.2.2</reference>
        <reference href="https://www.iso.org/contents/data/standard/05/45/54534.html">A.14.2.3</reference>
        <reference href="https://www.iso.org/contents/data/standard/05/45/54534.html">A.14.2.4</reference>
        <reference href="https://www.iso.org/contents/data/standard/05/45/54534.html">A.9.1.2</reference>
        <reference href="http://nvlpubs.nist.gov/nistpubs/SpecialPublications/NIST.SP.800-53r4.pdf">CM-6(a)</reference>
        <reference href="https://nvlpubs.nist.gov/nistpubs/CSWP/NIST.CSWP.04162018.pdf">PR.IP-1</reference>
        <reference href="https://nvlpubs.nist.gov/nistpubs/CSWP/NIST.CSWP.04162018.pdf">PR.PT-3</reference>
        <reference href="https://public.cyber.mil/stigs/downloads/?_dl_facet_stigs=operating-systems%2Cgeneral-purpose-os">SRG-OS-000480-GPOS-00227</reference>
        <reference href="https://www.cisecurity.org/benchmark/ubuntu_linux/">2.4.1.1</reference>
        <reference href="https://docs-prv.pcisecuritystandards.org/PCI%20DSS/Standard/PCI-DSS-v4_0.pdf">2.2.6</reference>
        <reference href="https://docs-prv.pcisecuritystandards.org/PCI%20DSS/Standard/PCI-DSS-v4_0.pdf">2.2</reference>
        <rationale xmlns:xhtml="http://www.w3.org/1999/xhtml" xml:lang="en-US">The cron service allow periodic job execution, needed for almost all administrative tasks and services (software update, log rotating, etc.). Access to cron service should be restricted to administrative accounts only.</rationale>
        <fix xmlns:xhtml="http://www.w3.org/1999/xhtml" id="package_cron_installed" system="urn:redhat:osbuild:blueprint">
[[packages]]
name = "cron"
version = "*"
</fix>
        <fix xmlns:xhtml="http://www.w3.org/1999/xhtml" id="package_cron_installed" system="urn:xccdf:fix:script:puppet" complexity="low" disruption="low" strategy="enable">include install_cron

class install_cron {
  package { 'cron':
    ensure =&gt; 'installed',
  }
}
</fix>
        <fix xmlns:xhtml="http://www.w3.org/1999/xhtml" id="package_cron_installed" system="urn:xccdf:fix:script:ansible" complexity="low" disruption="low" strategy="enable">- name: Gather the package facts
  package_facts:
    manager: auto
  tags:
  - NIST-800-53-CM-6(a)
  - PCI-DSSv4-2.2
  - PCI-DSSv4-2.2.6
  - enable_strategy
  - low_complexity
  - low_disruption
  - medium_severity
  - no_reboot_needed
  - package_cron_installed

- name: Ensure cron is installed
  package:
    name: cron
    state: present
  when: '"linux-base" in ansible_facts.packages'
  tags:
  - NIST-800-53-CM-6(a)
  - PCI-DSSv4-2.2
  - PCI-DSSv4-2.2.6
  - enable_strategy
  - low_complexity
  - low_disruption
  - medium_severity
  - no_reboot_needed
  - package_cron_installed
</fix>
        <fix xmlns:xhtml="http://www.w3.org/1999/xhtml" id="package_cron_installed" system="urn:xccdf:fix:script:sh" complexity="low" disruption="low" strategy="enable"># Remediation is applicable only in certain platforms
if dpkg-query --show --showformat='${db:Status-Status}
' 'linux-base' 2&gt;/dev/null | grep -q ^installed; then

DEBIAN_FRONTEND=noninteractive apt-get install -y "cron"

else
    &gt;&amp;2 echo 'Remediation is not applicable, nothing was done'
fi
</fix>
        <check system="http://oval.mitre.org/XMLSchema/oval-definitions-5">
          <check-content-ref name="oval:ssg-package_cron_installed:def:1" href="ssg-ubuntu2404-oval.xml"/>
        </check>
        <check system="http://scap.nist.gov/schema/ocil/2">
          <check-content-ref name="ocil:ssg-package_cron_installed_ocil:questionnaire:1" href="ssg-ubuntu2404-ocil.xml"/>
        </check>
      </Rule>
      <Rule id="xccdf_org.ssgproject.content_rule_service_cron_enabled" selected="false" role="full" severity="medium">
        <title xmlns:xhtml="http://www.w3.org/1999/xhtml" xml:lang="en-US">Enable cron Service</title>
        <description xmlns:xhtml="http://www.w3.org/1999/xhtml" xml:lang="en-US">The <html:code xmlns:html="http://www.w3.org/1999/xhtml">crond</html:code> service is used to execute commands at
preconfigured times. It is required by almost all systems to perform necessary
maintenance tasks, such as notifying root of system activity.

The <html:code xmlns:html="http://www.w3.org/1999/xhtml">cron</html:code> service can be enabled with the following command:
<html:pre xmlns:html="http://www.w3.org/1999/xhtml">$ sudo systemctl enable cron.service</html:pre>
      </description>
        <reference href="https://www.cisecurity.org/controls/">11</reference>
        <reference href="https://www.cisecurity.org/controls/">14</reference>
        <reference href="https://www.cisecurity.org/controls/">3</reference>
        <reference href="https://www.cisecurity.org/controls/">9</reference>
        <reference href="https://www.isaca.org/resources/cobit">BAI10.01</reference>
        <reference href="https://www.isaca.org/resources/cobit">BAI10.02</reference>
        <reference href="https://www.isaca.org/resources/cobit">BAI10.03</reference>
        <reference href="https://www.isaca.org/resources/cobit">BAI10.05</reference>
        <reference href="https://www.isaca.org/resources/cobit">DSS05.02</reference>
        <reference href="https://www.isaca.org/resources/cobit">DSS05.05</reference>
        <reference href="https://www.isaca.org/resources/cobit">DSS06.06</reference>
        <reference href="https://www.gpo.gov/fdsys/pkg/CFR-2007-title45-vol1/pdf/CFR-2007-title45-vol1-chapA-subchapC.pdf">164.308(a)(4)(i)</reference>
        <reference href="https://www.gpo.gov/fdsys/pkg/CFR-2007-title45-vol1/pdf/CFR-2007-title45-vol1-chapA-subchapC.pdf">164.308(b)(1)</reference>
        <reference href="https://www.gpo.gov/fdsys/pkg/CFR-2007-title45-vol1/pdf/CFR-2007-title45-vol1-chapA-subchapC.pdf">164.308(b)(3)</reference>
        <reference href="https://www.gpo.gov/fdsys/pkg/CFR-2007-title45-vol1/pdf/CFR-2007-title45-vol1-chapA-subchapC.pdf">164.310(b)</reference>
        <reference href="https://www.gpo.gov/fdsys/pkg/CFR-2007-title45-vol1/pdf/CFR-2007-title45-vol1-chapA-subchapC.pdf">164.312(e)(1)</reference>
        <reference href="https://www.gpo.gov/fdsys/pkg/CFR-2007-title45-vol1/pdf/CFR-2007-title45-vol1-chapA-subchapC.pdf">164.312(e)(2)(ii)</reference>
        <reference href="https://www.isa.org/products/isa-62443-2-1-2009-security-for-industrial-automat">4.3.3.5.1</reference>
        <reference href="https://www.isa.org/products/isa-62443-2-1-2009-security-for-industrial-automat">4.3.3.5.2</reference>
        <reference href="https://www.isa.org/products/isa-62443-2-1-2009-security-for-industrial-automat">4.3.3.5.3</reference>
        <reference href="https://www.isa.org/products/isa-62443-2-1-2009-security-for-industrial-automat">4.3.3.5.4</reference>
        <reference href="https://www.isa.org/products/isa-62443-2-1-2009-security-for-industrial-automat">4.3.3.5.5</reference>
        <reference href="https://www.isa.org/products/isa-62443-2-1-2009-security-for-industrial-automat">4.3.3.5.6</reference>
        <reference href="https://www.isa.org/products/isa-62443-2-1-2009-security-for-industrial-automat">4.3.3.5.7</reference>
        <reference href="https://www.isa.org/products/isa-62443-2-1-2009-security-for-industrial-automat">4.3.3.5.8</reference>
        <reference href="https://www.isa.org/products/isa-62443-2-1-2009-security-for-industrial-automat">4.3.3.6.1</reference>
        <reference href="https://www.isa.org/products/isa-62443-2-1-2009-security-for-industrial-automat">4.3.3.6.2</reference>
        <reference href="https://www.isa.org/products/isa-62443-2-1-2009-security-for-industrial-automat">4.3.3.6.3</reference>
        <reference href="https://www.isa.org/products/isa-62443-2-1-2009-security-for-industrial-automat">4.3.3.6.4</reference>
        <reference href="https://www.isa.org/products/isa-62443-2-1-2009-security-for-industrial-automat">4.3.3.6.5</reference>
        <reference href="https://www.isa.org/products/isa-62443-2-1-2009-security-for-industrial-automat">4.3.3.6.6</reference>
        <reference href="https://www.isa.org/products/isa-62443-2-1-2009-security-for-industrial-automat">4.3.3.6.7</reference>
        <reference href="https://www.isa.org/products/isa-62443-2-1-2009-security-for-industrial-automat">4.3.3.6.8</reference>
        <reference href="https://www.isa.org/products/isa-62443-2-1-2009-security-for-industrial-automat">4.3.3.6.9</reference>
        <reference href="https://www.isa.org/products/isa-62443-2-1-2009-security-for-industrial-automat">4.3.3.7.1</reference>
        <reference href="https://www.isa.org/products/isa-62443-2-1-2009-security-for-industrial-automat">4.3.3.7.2</reference>
        <reference href="https://www.isa.org/products/isa-62443-2-1-2009-security-for-industrial-automat">4.3.3.7.3</reference>
        <reference href="https://www.isa.org/products/isa-62443-2-1-2009-security-for-industrial-automat">4.3.3.7.4</reference>
        <reference href="https://www.isa.org/products/isa-62443-2-1-2009-security-for-industrial-automat">4.3.4.3.2</reference>
        <reference href="https://www.isa.org/products/isa-62443-2-1-2009-security-for-industrial-automat">4.3.4.3.3</reference>
        <reference href="https://www.isa.org/products/ansi-isa-62443-3-3-99-03-03-2013-security-for-indu">SR 1.1</reference>
        <reference href="https://www.isa.org/products/ansi-isa-62443-3-3-99-03-03-2013-security-for-indu">SR 1.10</reference>
        <reference href="https://www.isa.org/products/ansi-isa-62443-3-3-99-03-03-2013-security-for-indu">SR 1.11</reference>
        <reference href="https://www.isa.org/products/ansi-isa-62443-3-3-99-03-03-2013-security-for-indu">SR 1.12</reference>
        <reference href="https://www.isa.org/products/ansi-isa-62443-3-3-99-03-03-2013-security-for-indu">SR 1.13</reference>
        <reference href="https://www.isa.org/products/ansi-isa-62443-3-3-99-03-03-2013-security-for-indu">SR 1.2</reference>
        <reference href="https://www.isa.org/products/ansi-isa-62443-3-3-99-03-03-2013-security-for-indu">SR 1.3</reference>
        <reference href="https://www.isa.org/products/ansi-isa-62443-3-3-99-03-03-2013-security-for-indu">SR 1.4</reference>
        <reference href="https://www.isa.org/products/ansi-isa-62443-3-3-99-03-03-2013-security-for-indu">SR 1.5</reference>
        <reference href="https://www.isa.org/products/ansi-isa-62443-3-3-99-03-03-2013-security-for-indu">SR 1.6</reference>
        <reference href="https://www.isa.org/products/ansi-isa-62443-3-3-99-03-03-2013-security-for-indu">SR 1.7</reference>
        <reference href="https://www.isa.org/products/ansi-isa-62443-3-3-99-03-03-2013-security-for-indu">SR 1.8</reference>
        <reference href="https://www.isa.org/products/ansi-isa-62443-3-3-99-03-03-2013-security-for-indu">SR 1.9</reference>
        <reference href="https://www.isa.org/products/ansi-isa-62443-3-3-99-03-03-2013-security-for-indu">SR 2.1</reference>
        <reference href="https://www.isa.org/products/ansi-isa-62443-3-3-99-03-03-2013-security-for-indu">SR 2.2</reference>
        <reference href="https://www.isa.org/products/ansi-isa-62443-3-3-99-03-03-2013-security-for-indu">SR 2.3</reference>
        <reference href="https://www.isa.org/products/ansi-isa-62443-3-3-99-03-03-2013-security-for-indu">SR 2.4</reference>
        <reference href="https://www.isa.org/products/ansi-isa-62443-3-3-99-03-03-2013-security-for-indu">SR 2.5</reference>
        <reference href="https://www.isa.org/products/ansi-isa-62443-3-3-99-03-03-2013-security-for-indu">SR 2.6</reference>
        <reference href="https://www.isa.org/products/ansi-isa-62443-3-3-99-03-03-2013-security-for-indu">SR 2.7</reference>
        <reference href="https://www.isa.org/products/ansi-isa-62443-3-3-99-03-03-2013-security-for-indu">SR 7.6</reference>
        <reference href="https://www.iso.org/contents/data/standard/05/45/54534.html">A.12.1.2</reference>
        <reference href="https://www.iso.org/contents/data/standard/05/45/54534.html">A.12.5.1</reference>
        <reference href="https://www.iso.org/contents/data/standard/05/45/54534.html">A.12.6.2</reference>
        <reference href="https://www.iso.org/contents/data/standard/05/45/54534.html">A.14.2.2</reference>
        <reference href="https://www.iso.org/contents/data/standard/05/45/54534.html">A.14.2.3</reference>
        <reference href="https://www.iso.org/contents/data/standard/05/45/54534.html">A.14.2.4</reference>
        <reference href="https://www.iso.org/contents/data/standard/05/45/54534.html">A.9.1.2</reference>
        <reference href="http://nvlpubs.nist.gov/nistpubs/SpecialPublications/NIST.SP.800-53r4.pdf">CM-6(a)</reference>
        <reference href="https://nvlpubs.nist.gov/nistpubs/CSWP/NIST.CSWP.04162018.pdf">PR.IP-1</reference>
        <reference href="https://nvlpubs.nist.gov/nistpubs/CSWP/NIST.CSWP.04162018.pdf">PR.PT-3</reference>
        <reference href="https://www.cisecurity.org/benchmark/ubuntu_linux/">2.4.1.1</reference>
        <rationale xmlns:xhtml="http://www.w3.org/1999/xhtml" xml:lang="en-US">Due to its usage for maintenance and security-supporting tasks,
enabling the cron daemon is essential.</rationale>
        <fix xmlns:xhtml="http://www.w3.org/1999/xhtml" id="service_cron_enabled" system="urn:redhat:osbuild:blueprint">
[customizations.services]
enabled = ["cron"]
</fix>
        <fix xmlns:xhtml="http://www.w3.org/1999/xhtml" id="service_cron_enabled" system="urn:xccdf:fix:script:puppet" complexity="low" disruption="low" strategy="enable">include enable_cron

class enable_cron {
  service {'cron':
    enable =&gt; true,
    ensure =&gt; 'running',
  }
}
</fix>
        <fix xmlns:xhtml="http://www.w3.org/1999/xhtml" id="service_cron_enabled" system="urn:xccdf:fix:script:ansible" complexity="low" disruption="low" strategy="enable">- name: Gather the package facts
  package_facts:
    manager: auto
  tags:
  - NIST-800-53-CM-6(a)
  - enable_strategy
  - low_complexity
  - low_disruption
  - medium_severity
  - no_reboot_needed
  - service_cron_enabled

- name: Enable cron Service - Enable service cron
  block:

  - name: Gather the package facts
    package_facts:
      manager: auto

  - name: Enable cron Service - Enable Service cron
    ansible.builtin.systemd:
      name: cron
      enabled: true
      state: started
      masked: false
    when:
    - '"cron" in ansible_facts.packages'
  when: '"linux-base" in ansible_facts.packages'
  tags:
  - NIST-800-53-CM-6(a)
  - enable_strategy
  - low_complexity
  - low_disruption
  - medium_severity
  - no_reboot_needed
  - service_cron_enabled
</fix>
        <fix xmlns:xhtml="http://www.w3.org/1999/xhtml" id="service_cron_enabled" system="urn:xccdf:fix:script:sh" complexity="low" disruption="low" strategy="enable"># Remediation is applicable only in certain platforms
if dpkg-query --show --showformat='${db:Status-Status}
' 'linux-base' 2&gt;/dev/null | grep -q ^installed; then

SYSTEMCTL_EXEC='/usr/bin/systemctl'
"$SYSTEMCTL_EXEC" unmask 'cron.service'
if [[ $("$SYSTEMCTL_EXEC" is-system-running) != "offline" ]]; then
  "$SYSTEMCTL_EXEC" start 'cron.service'
fi
"$SYSTEMCTL_EXEC" enable 'cron.service'

else
    &gt;&amp;2 echo 'Remediation is not applicable, nothing was done'
fi
</fix>
        <check system="http://oval.mitre.org/XMLSchema/oval-definitions-5">
          <check-content-ref name="oval:ssg-service_cron_enabled:def:1" href="ssg-ubuntu2404-oval.xml"/>
        </check>
        <check system="http://scap.nist.gov/schema/ocil/2">
          <check-content-ref name="ocil:ssg-service_cron_enabled_ocil:questionnaire:1" href="ssg-ubuntu2404-ocil.xml"/>
        </check>
      </Rule>
      <Rule id="xccdf_org.ssgproject.content_rule_file_groupowner_cron_d" selected="false" role="full" severity="medium">
        <title xmlns:xhtml="http://www.w3.org/1999/xhtml" xml:lang="en-US">Verify Group Who Owns cron.d</title>
        <description xmlns:xhtml="http://www.w3.org/1999/xhtml" xml:lang="en-US">
To properly set the group owner of <html:code xmlns:html="http://www.w3.org/1999/xhtml">/etc/cron.d</html:code>, run the command:
<html:pre xmlns:html="http://www.w3.org/1999/xhtml">$ sudo chgrp root /etc/cron.d</html:pre>
      </description>
        <reference href="https://www.cisecurity.org/controls/">12</reference>
        <reference href="https://www.cisecurity.org/controls/">13</reference>
        <reference href="https://www.cisecurity.org/controls/">14</reference>
        <reference href="https://www.cisecurity.org/controls/">15</reference>
        <reference href="https://www.cisecurity.org/controls/">16</reference>
        <reference href="https://www.cisecurity.org/controls/">18</reference>
        <reference href="https://www.cisecurity.org/controls/">3</reference>
        <reference href="https://www.cisecurity.org/controls/">5</reference>
        <reference href="https://www.isaca.org/resources/cobit">APO01.06</reference>
        <reference href="https://www.isaca.org/resources/cobit">DSS05.04</reference>
        <reference href="https://www.isaca.org/resources/cobit">DSS05.07</reference>
        <reference href="https://www.isaca.org/resources/cobit">DSS06.02</reference>
        <reference href="https://public.cyber.mil/stigs/cci/">CCI-000366</reference>
        <reference href="https://www.isa.org/products/isa-62443-2-1-2009-security-for-industrial-automat">4.3.3.7.3</reference>
        <reference href="https://www.isa.org/products/ansi-isa-62443-3-3-99-03-03-2013-security-for-indu">SR 2.1</reference>
        <reference href="https://www.isa.org/products/ansi-isa-62443-3-3-99-03-03-2013-security-for-indu">SR 5.2</reference>
        <reference href="https://www.iso.org/contents/data/standard/05/45/54534.html">A.10.1.1</reference>
        <reference href="https://www.iso.org/contents/data/standard/05/45/54534.html">A.11.1.4</reference>
        <reference href="https://www.iso.org/contents/data/standard/05/45/54534.html">A.11.1.5</reference>
        <reference href="https://www.iso.org/contents/data/standard/05/45/54534.html">A.11.2.1</reference>
        <reference href="https://www.iso.org/contents/data/standard/05/45/54534.html">A.13.1.1</reference>
        <reference href="https://www.iso.org/contents/data/standard/05/45/54534.html">A.13.1.3</reference>
        <reference href="https://www.iso.org/contents/data/standard/05/45/54534.html">A.13.2.1</reference>
        <reference href="https://www.iso.org/contents/data/standard/05/45/54534.html">A.13.2.3</reference>
        <reference href="https://www.iso.org/contents/data/standard/05/45/54534.html">A.13.2.4</reference>
        <reference href="https://www.iso.org/contents/data/standard/05/45/54534.html">A.14.1.2</reference>
        <reference href="https://www.iso.org/contents/data/standard/05/45/54534.html">A.14.1.3</reference>
        <reference href="https://www.iso.org/contents/data/standard/05/45/54534.html">A.6.1.2</reference>
        <reference href="https://www.iso.org/contents/data/standard/05/45/54534.html">A.7.1.1</reference>
        <reference href="https://www.iso.org/contents/data/standard/05/45/54534.html">A.7.1.2</reference>
        <reference href="https://www.iso.org/contents/data/standard/05/45/54534.html">A.7.3.1</reference>
        <reference href="https://www.iso.org/contents/data/standard/05/45/54534.html">A.8.2.2</reference>
        <reference href="https://www.iso.org/contents/data/standard/05/45/54534.html">A.8.2.3</reference>
        <reference href="https://www.iso.org/contents/data/standard/05/45/54534.html">A.9.1.1</reference>
        <reference href="https://www.iso.org/contents/data/standard/05/45/54534.html">A.9.1.2</reference>
        <reference href="https://www.iso.org/contents/data/standard/05/45/54534.html">A.9.2.3</reference>
        <reference href="https://www.iso.org/contents/data/standard/05/45/54534.html">A.9.4.1</reference>
        <reference href="https://www.iso.org/contents/data/standard/05/45/54534.html">A.9.4.4</reference>
        <reference href="https://www.iso.org/contents/data/standard/05/45/54534.html">A.9.4.5</reference>
        <reference href="http://nvlpubs.nist.gov/nistpubs/SpecialPublications/NIST.SP.800-53r4.pdf">CM-6(a)</reference>
        <reference href="http://nvlpubs.nist.gov/nistpubs/SpecialPublications/NIST.SP.800-53r4.pdf">AC-6(1)</reference>
        <reference href="https://nvlpubs.nist.gov/nistpubs/CSWP/NIST.CSWP.04162018.pdf">PR.AC-4</reference>
        <reference href="https://nvlpubs.nist.gov/nistpubs/CSWP/NIST.CSWP.04162018.pdf">PR.DS-5</reference>
        <reference href="https://public.cyber.mil/stigs/downloads/?_dl_facet_stigs=operating-systems%2Cgeneral-purpose-os">SRG-OS-000480-GPOS-00227</reference>
        <reference href="https://www.cisecurity.org/benchmark/ubuntu_linux/">2.4.1.7</reference>
        <reference href="https://docs-prv.pcisecuritystandards.org/PCI%20DSS/Standard/PCI-DSS-v4_0.pdf">2.2.6</reference>
        <reference href="https://docs-prv.pcisecuritystandards.org/PCI%20DSS/Standard/PCI-DSS-v4_0.pdf">2.2</reference>
        <rationale xmlns:xhtml="http://www.w3.org/1999/xhtml" xml:lang="en-US">Service configuration files enable or disable features of their respective services that if configured incorrectly
can lead to insecure and vulnerable configurations. Therefore, service configuration files should be owned by the
correct group to prevent unauthorized changes.</rationale>
        <fix xmlns:xhtml="http://www.w3.org/1999/xhtml" id="file_groupowner_cron_d" system="urn:xccdf:fix:script:ansible" complexity="low" disruption="low" strategy="configure">- name: Gather the package facts
  package_facts:
    manager: auto
  tags:
  - NIST-800-53-AC-6(1)
  - NIST-800-53-CM-6(a)
  - PCI-DSSv4-2.2
  - PCI-DSSv4-2.2.6
  - configure_strategy
  - file_groupowner_cron_d
  - low_complexity
  - low_disruption
  - medium_severity
  - no_reboot_needed

- name: Ensure group owner on /etc/cron.d/
  file:
    path: /etc/cron.d/
    state: directory
    group: '0'
  when: '"linux-base" in ansible_facts.packages'
  tags:
  - NIST-800-53-AC-6(1)
  - NIST-800-53-CM-6(a)
  - PCI-DSSv4-2.2
  - PCI-DSSv4-2.2.6
  - configure_strategy
  - file_groupowner_cron_d
  - low_complexity
  - low_disruption
  - medium_severity
  - no_reboot_needed
</fix>
        <fix xmlns:xhtml="http://www.w3.org/1999/xhtml" id="file_groupowner_cron_d" system="urn:xccdf:fix:script:sh" complexity="low" disruption="low" strategy="configure"># Remediation is applicable only in certain platforms
if dpkg-query --show --showformat='${db:Status-Status}
' 'linux-base' 2&gt;/dev/null | grep -q ^installed; then

find -H /etc/cron.d/ -maxdepth 1 -type d -exec chgrp -L 0 {} \;

else
    &gt;&amp;2 echo 'Remediation is not applicable, nothing was done'
fi
</fix>
        <check system="http://oval.mitre.org/XMLSchema/oval-definitions-5">
          <check-content-ref name="oval:ssg-file_groupowner_cron_d:def:1" href="ssg-ubuntu2404-oval.xml"/>
        </check>
        <check system="http://scap.nist.gov/schema/ocil/2">
          <check-content-ref name="ocil:ssg-file_groupowner_cron_d_ocil:questionnaire:1" href="ssg-ubuntu2404-ocil.xml"/>
        </check>
      </Rule>
      <Rule id="xccdf_org.ssgproject.content_rule_file_groupowner_cron_daily" selected="false" role="full" severity="medium">
        <title xmlns:xhtml="http://www.w3.org/1999/xhtml" xml:lang="en-US">Verify Group Who Owns cron.daily</title>
        <description xmlns:xhtml="http://www.w3.org/1999/xhtml" xml:lang="en-US">
To properly set the group owner of <html:code xmlns:html="http://www.w3.org/1999/xhtml">/etc/cron.daily</html:code>, run the command:
<html:pre xmlns:html="http://www.w3.org/1999/xhtml">$ sudo chgrp root /etc/cron.daily</html:pre>
      </description>
        <reference href="https://www.cisecurity.org/controls/">12</reference>
        <reference href="https://www.cisecurity.org/controls/">13</reference>
        <reference href="https://www.cisecurity.org/controls/">14</reference>
        <reference href="https://www.cisecurity.org/controls/">15</reference>
        <reference href="https://www.cisecurity.org/controls/">16</reference>
        <reference href="https://www.cisecurity.org/controls/">18</reference>
        <reference href="https://www.cisecurity.org/controls/">3</reference>
        <reference href="https://www.cisecurity.org/controls/">5</reference>
        <reference href="https://www.isaca.org/resources/cobit">APO01.06</reference>
        <reference href="https://www.isaca.org/resources/cobit">DSS05.04</reference>
        <reference href="https://www.isaca.org/resources/cobit">DSS05.07</reference>
        <reference href="https://www.isaca.org/resources/cobit">DSS06.02</reference>
        <reference href="https://public.cyber.mil/stigs/cci/">CCI-000366</reference>
        <reference href="https://www.isa.org/products/isa-62443-2-1-2009-security-for-industrial-automat">4.3.3.7.3</reference>
        <reference href="https://www.isa.org/products/ansi-isa-62443-3-3-99-03-03-2013-security-for-indu">SR 2.1</reference>
        <reference href="https://www.isa.org/products/ansi-isa-62443-3-3-99-03-03-2013-security-for-indu">SR 5.2</reference>
        <reference href="https://www.iso.org/contents/data/standard/05/45/54534.html">A.10.1.1</reference>
        <reference href="https://www.iso.org/contents/data/standard/05/45/54534.html">A.11.1.4</reference>
        <reference href="https://www.iso.org/contents/data/standard/05/45/54534.html">A.11.1.5</reference>
        <reference href="https://www.iso.org/contents/data/standard/05/45/54534.html">A.11.2.1</reference>
        <reference href="https://www.iso.org/contents/data/standard/05/45/54534.html">A.13.1.1</reference>
        <reference href="https://www.iso.org/contents/data/standard/05/45/54534.html">A.13.1.3</reference>
        <reference href="https://www.iso.org/contents/data/standard/05/45/54534.html">A.13.2.1</reference>
        <reference href="https://www.iso.org/contents/data/standard/05/45/54534.html">A.13.2.3</reference>
        <reference href="https://www.iso.org/contents/data/standard/05/45/54534.html">A.13.2.4</reference>
        <reference href="https://www.iso.org/contents/data/standard/05/45/54534.html">A.14.1.2</reference>
        <reference href="https://www.iso.org/contents/data/standard/05/45/54534.html">A.14.1.3</reference>
        <reference href="https://www.iso.org/contents/data/standard/05/45/54534.html">A.6.1.2</reference>
        <reference href="https://www.iso.org/contents/data/standard/05/45/54534.html">A.7.1.1</reference>
        <reference href="https://www.iso.org/contents/data/standard/05/45/54534.html">A.7.1.2</reference>
        <reference href="https://www.iso.org/contents/data/standard/05/45/54534.html">A.7.3.1</reference>
        <reference href="https://www.iso.org/contents/data/standard/05/45/54534.html">A.8.2.2</reference>
        <reference href="https://www.iso.org/contents/data/standard/05/45/54534.html">A.8.2.3</reference>
        <reference href="https://www.iso.org/contents/data/standard/05/45/54534.html">A.9.1.1</reference>
        <reference href="https://www.iso.org/contents/data/standard/05/45/54534.html">A.9.1.2</reference>
        <reference href="https://www.iso.org/contents/data/standard/05/45/54534.html">A.9.2.3</reference>
        <reference href="https://www.iso.org/contents/data/standard/05/45/54534.html">A.9.4.1</reference>
        <reference href="https://www.iso.org/contents/data/standard/05/45/54534.html">A.9.4.4</reference>
        <reference href="https://www.iso.org/contents/data/standard/05/45/54534.html">A.9.4.5</reference>
        <reference href="http://nvlpubs.nist.gov/nistpubs/SpecialPublications/NIST.SP.800-53r4.pdf">CM-6(a)</reference>
        <reference href="http://nvlpubs.nist.gov/nistpubs/SpecialPublications/NIST.SP.800-53r4.pdf">AC-6(1)</reference>
        <reference href="https://nvlpubs.nist.gov/nistpubs/CSWP/NIST.CSWP.04162018.pdf">PR.AC-4</reference>
        <reference href="https://nvlpubs.nist.gov/nistpubs/CSWP/NIST.CSWP.04162018.pdf">PR.DS-5</reference>
        <reference href="https://public.cyber.mil/stigs/downloads/?_dl_facet_stigs=operating-systems%2Cgeneral-purpose-os">SRG-OS-000480-GPOS-00227</reference>
        <reference href="https://www.cisecurity.org/benchmark/ubuntu_linux/">2.4.1.4</reference>
        <reference href="https://docs-prv.pcisecuritystandards.org/PCI%20DSS/Standard/PCI-DSS-v4_0.pdf">2.2.6</reference>
        <reference href="https://docs-prv.pcisecuritystandards.org/PCI%20DSS/Standard/PCI-DSS-v4_0.pdf">2.2</reference>
        <rationale xmlns:xhtml="http://www.w3.org/1999/xhtml" xml:lang="en-US">Service configuration files enable or disable features of their respective services that if configured incorrectly
can lead to insecure and vulnerable configurations. Therefore, service configuration files should be owned by the
correct group to prevent unauthorized changes.</rationale>
        <fix xmlns:xhtml="http://www.w3.org/1999/xhtml" id="file_groupowner_cron_daily" system="urn:xccdf:fix:script:ansible" complexity="low" disruption="low" strategy="configure">- name: Gather the package facts
  package_facts:
    manager: auto
  tags:
  - NIST-800-53-AC-6(1)
  - NIST-800-53-CM-6(a)
  - PCI-DSSv4-2.2
  - PCI-DSSv4-2.2.6
  - configure_strategy
  - file_groupowner_cron_daily
  - low_complexity
  - low_disruption
  - medium_severity
  - no_reboot_needed

- name: Ensure group owner on /etc/cron.daily/
  file:
    path: /etc/cron.daily/
    state: directory
    group: '0'
  when: '"linux-base" in ansible_facts.packages'
  tags:
  - NIST-800-53-AC-6(1)
  - NIST-800-53-CM-6(a)
  - PCI-DSSv4-2.2
  - PCI-DSSv4-2.2.6
  - configure_strategy
  - file_groupowner_cron_daily
  - low_complexity
  - low_disruption
  - medium_severity
  - no_reboot_needed
</fix>
        <fix xmlns:xhtml="http://www.w3.org/1999/xhtml" id="file_groupowner_cron_daily" system="urn:xccdf:fix:script:sh" complexity="low" disruption="low" strategy="configure"># Remediation is applicable only in certain platforms
if dpkg-query --show --showformat='${db:Status-Status}
' 'linux-base' 2&gt;/dev/null | grep -q ^installed; then

find -H /etc/cron.daily/ -maxdepth 1 -type d -exec chgrp -L 0 {} \;

else
    &gt;&amp;2 echo 'Remediation is not applicable, nothing was done'
fi
</fix>
        <check system="http://oval.mitre.org/XMLSchema/oval-definitions-5">
          <check-content-ref name="oval:ssg-file_groupowner_cron_daily:def:1" href="ssg-ubuntu2404-oval.xml"/>
        </check>
        <check system="http://scap.nist.gov/schema/ocil/2">
          <check-content-ref name="ocil:ssg-file_groupowner_cron_daily_ocil:questionnaire:1" href="ssg-ubuntu2404-ocil.xml"/>
        </check>
      </Rule>
      <Rule id="xccdf_org.ssgproject.content_rule_file_groupowner_cron_hourly" selected="false" role="full" severity="medium">
        <title xmlns:xhtml="http://www.w3.org/1999/xhtml" xml:lang="en-US">Verify Group Who Owns cron.hourly</title>
        <description xmlns:xhtml="http://www.w3.org/1999/xhtml" xml:lang="en-US">
To properly set the group owner of <html:code xmlns:html="http://www.w3.org/1999/xhtml">/etc/cron.hourly</html:code>, run the command:
<html:pre xmlns:html="http://www.w3.org/1999/xhtml">$ sudo chgrp root /etc/cron.hourly</html:pre>
      </description>
        <reference href="https://www.cisecurity.org/controls/">12</reference>
        <reference href="https://www.cisecurity.org/controls/">13</reference>
        <reference href="https://www.cisecurity.org/controls/">14</reference>
        <reference href="https://www.cisecurity.org/controls/">15</reference>
        <reference href="https://www.cisecurity.org/controls/">16</reference>
        <reference href="https://www.cisecurity.org/controls/">18</reference>
        <reference href="https://www.cisecurity.org/controls/">3</reference>
        <reference href="https://www.cisecurity.org/controls/">5</reference>
        <reference href="https://www.isaca.org/resources/cobit">APO01.06</reference>
        <reference href="https://www.isaca.org/resources/cobit">DSS05.04</reference>
        <reference href="https://www.isaca.org/resources/cobit">DSS05.07</reference>
        <reference href="https://www.isaca.org/resources/cobit">DSS06.02</reference>
        <reference href="https://public.cyber.mil/stigs/cci/">CCI-000366</reference>
        <reference href="https://www.isa.org/products/isa-62443-2-1-2009-security-for-industrial-automat">4.3.3.7.3</reference>
        <reference href="https://www.isa.org/products/ansi-isa-62443-3-3-99-03-03-2013-security-for-indu">SR 2.1</reference>
        <reference href="https://www.isa.org/products/ansi-isa-62443-3-3-99-03-03-2013-security-for-indu">SR 5.2</reference>
        <reference href="https://www.iso.org/contents/data/standard/05/45/54534.html">A.10.1.1</reference>
        <reference href="https://www.iso.org/contents/data/standard/05/45/54534.html">A.11.1.4</reference>
        <reference href="https://www.iso.org/contents/data/standard/05/45/54534.html">A.11.1.5</reference>
        <reference href="https://www.iso.org/contents/data/standard/05/45/54534.html">A.11.2.1</reference>
        <reference href="https://www.iso.org/contents/data/standard/05/45/54534.html">A.13.1.1</reference>
        <reference href="https://www.iso.org/contents/data/standard/05/45/54534.html">A.13.1.3</reference>
        <reference href="https://www.iso.org/contents/data/standard/05/45/54534.html">A.13.2.1</reference>
        <reference href="https://www.iso.org/contents/data/standard/05/45/54534.html">A.13.2.3</reference>
        <reference href="https://www.iso.org/contents/data/standard/05/45/54534.html">A.13.2.4</reference>
        <reference href="https://www.iso.org/contents/data/standard/05/45/54534.html">A.14.1.2</reference>
        <reference href="https://www.iso.org/contents/data/standard/05/45/54534.html">A.14.1.3</reference>
        <reference href="https://www.iso.org/contents/data/standard/05/45/54534.html">A.6.1.2</reference>
        <reference href="https://www.iso.org/contents/data/standard/05/45/54534.html">A.7.1.1</reference>
        <reference href="https://www.iso.org/contents/data/standard/05/45/54534.html">A.7.1.2</reference>
        <reference href="https://www.iso.org/contents/data/standard/05/45/54534.html">A.7.3.1</reference>
        <reference href="https://www.iso.org/contents/data/standard/05/45/54534.html">A.8.2.2</reference>
        <reference href="https://www.iso.org/contents/data/standard/05/45/54534.html">A.8.2.3</reference>
        <reference href="https://www.iso.org/contents/data/standard/05/45/54534.html">A.9.1.1</reference>
        <reference href="https://www.iso.org/contents/data/standard/05/45/54534.html">A.9.1.2</reference>
        <reference href="https://www.iso.org/contents/data/standard/05/45/54534.html">A.9.2.3</reference>
        <reference href="https://www.iso.org/contents/data/standard/05/45/54534.html">A.9.4.1</reference>
        <reference href="https://www.iso.org/contents/data/standard/05/45/54534.html">A.9.4.4</reference>
        <reference href="https://www.iso.org/contents/data/standard/05/45/54534.html">A.9.4.5</reference>
        <reference href="http://nvlpubs.nist.gov/nistpubs/SpecialPublications/NIST.SP.800-53r4.pdf">CM-6(a)</reference>
        <reference href="http://nvlpubs.nist.gov/nistpubs/SpecialPublications/NIST.SP.800-53r4.pdf">AC-6(1)</reference>
        <reference href="https://nvlpubs.nist.gov/nistpubs/CSWP/NIST.CSWP.04162018.pdf">PR.AC-4</reference>
        <reference href="https://nvlpubs.nist.gov/nistpubs/CSWP/NIST.CSWP.04162018.pdf">PR.DS-5</reference>
        <reference href="https://public.cyber.mil/stigs/downloads/?_dl_facet_stigs=operating-systems%2Cgeneral-purpose-os">SRG-OS-000480-GPOS-00227</reference>
        <reference href="https://www.cisecurity.org/benchmark/ubuntu_linux/">2.4.1.3</reference>
        <reference href="https://docs-prv.pcisecuritystandards.org/PCI%20DSS/Standard/PCI-DSS-v4_0.pdf">2.2.6</reference>
        <reference href="https://docs-prv.pcisecuritystandards.org/PCI%20DSS/Standard/PCI-DSS-v4_0.pdf">2.2</reference>
        <rationale xmlns:xhtml="http://www.w3.org/1999/xhtml" xml:lang="en-US">Service configuration files enable or disable features of their respective services that if configured incorrectly
can lead to insecure and vulnerable configurations. Therefore, service configuration files should be owned by the
correct group to prevent unauthorized changes.</rationale>
        <fix xmlns:xhtml="http://www.w3.org/1999/xhtml" id="file_groupowner_cron_hourly" system="urn:xccdf:fix:script:ansible" complexity="low" disruption="low" strategy="configure">- name: Gather the package facts
  package_facts:
    manager: auto
  tags:
  - NIST-800-53-AC-6(1)
  - NIST-800-53-CM-6(a)
  - PCI-DSSv4-2.2
  - PCI-DSSv4-2.2.6
  - configure_strategy
  - file_groupowner_cron_hourly
  - low_complexity
  - low_disruption
  - medium_severity
  - no_reboot_needed

- name: Ensure group owner on /etc/cron.hourly/
  file:
    path: /etc/cron.hourly/
    state: directory
    group: '0'
  when: '"linux-base" in ansible_facts.packages'
  tags:
  - NIST-800-53-AC-6(1)
  - NIST-800-53-CM-6(a)
  - PCI-DSSv4-2.2
  - PCI-DSSv4-2.2.6
  - configure_strategy
  - file_groupowner_cron_hourly
  - low_complexity
  - low_disruption
  - medium_severity
  - no_reboot_needed
</fix>
        <fix xmlns:xhtml="http://www.w3.org/1999/xhtml" id="file_groupowner_cron_hourly" system="urn:xccdf:fix:script:sh" complexity="low" disruption="low" strategy="configure"># Remediation is applicable only in certain platforms
if dpkg-query --show --showformat='${db:Status-Status}
' 'linux-base' 2&gt;/dev/null | grep -q ^installed; then

find -H /etc/cron.hourly/ -maxdepth 1 -type d -exec chgrp -L 0 {} \;

else
    &gt;&amp;2 echo 'Remediation is not applicable, nothing was done'
fi
</fix>
        <check system="http://oval.mitre.org/XMLSchema/oval-definitions-5">
          <check-content-ref name="oval:ssg-file_groupowner_cron_hourly:def:1" href="ssg-ubuntu2404-oval.xml"/>
        </check>
        <check system="http://scap.nist.gov/schema/ocil/2">
          <check-content-ref name="ocil:ssg-file_groupowner_cron_hourly_ocil:questionnaire:1" href="ssg-ubuntu2404-ocil.xml"/>
        </check>
      </Rule>
      <Rule id="xccdf_org.ssgproject.content_rule_file_groupowner_cron_monthly" selected="false" role="full" severity="medium">
        <title xmlns:xhtml="http://www.w3.org/1999/xhtml" xml:lang="en-US">Verify Group Who Owns cron.monthly</title>
        <description xmlns:xhtml="http://www.w3.org/1999/xhtml" xml:lang="en-US">
To properly set the group owner of <html:code xmlns:html="http://www.w3.org/1999/xhtml">/etc/cron.monthly</html:code>, run the command:
<html:pre xmlns:html="http://www.w3.org/1999/xhtml">$ sudo chgrp root /etc/cron.monthly</html:pre>
      </description>
        <reference href="https://www.cisecurity.org/controls/">12</reference>
        <reference href="https://www.cisecurity.org/controls/">13</reference>
        <reference href="https://www.cisecurity.org/controls/">14</reference>
        <reference href="https://www.cisecurity.org/controls/">15</reference>
        <reference href="https://www.cisecurity.org/controls/">16</reference>
        <reference href="https://www.cisecurity.org/controls/">18</reference>
        <reference href="https://www.cisecurity.org/controls/">3</reference>
        <reference href="https://www.cisecurity.org/controls/">5</reference>
        <reference href="https://www.isaca.org/resources/cobit">APO01.06</reference>
        <reference href="https://www.isaca.org/resources/cobit">DSS05.04</reference>
        <reference href="https://www.isaca.org/resources/cobit">DSS05.07</reference>
        <reference href="https://www.isaca.org/resources/cobit">DSS06.02</reference>
        <reference href="https://public.cyber.mil/stigs/cci/">CCI-000366</reference>
        <reference href="https://www.isa.org/products/isa-62443-2-1-2009-security-for-industrial-automat">4.3.3.7.3</reference>
        <reference href="https://www.isa.org/products/ansi-isa-62443-3-3-99-03-03-2013-security-for-indu">SR 2.1</reference>
        <reference href="https://www.isa.org/products/ansi-isa-62443-3-3-99-03-03-2013-security-for-indu">SR 5.2</reference>
        <reference href="https://www.iso.org/contents/data/standard/05/45/54534.html">A.10.1.1</reference>
        <reference href="https://www.iso.org/contents/data/standard/05/45/54534.html">A.11.1.4</reference>
        <reference href="https://www.iso.org/contents/data/standard/05/45/54534.html">A.11.1.5</reference>
        <reference href="https://www.iso.org/contents/data/standard/05/45/54534.html">A.11.2.1</reference>
        <reference href="https://www.iso.org/contents/data/standard/05/45/54534.html">A.13.1.1</reference>
        <reference href="https://www.iso.org/contents/data/standard/05/45/54534.html">A.13.1.3</reference>
        <reference href="https://www.iso.org/contents/data/standard/05/45/54534.html">A.13.2.1</reference>
        <reference href="https://www.iso.org/contents/data/standard/05/45/54534.html">A.13.2.3</reference>
        <reference href="https://www.iso.org/contents/data/standard/05/45/54534.html">A.13.2.4</reference>
        <reference href="https://www.iso.org/contents/data/standard/05/45/54534.html">A.14.1.2</reference>
        <reference href="https://www.iso.org/contents/data/standard/05/45/54534.html">A.14.1.3</reference>
        <reference href="https://www.iso.org/contents/data/standard/05/45/54534.html">A.6.1.2</reference>
        <reference href="https://www.iso.org/contents/data/standard/05/45/54534.html">A.7.1.1</reference>
        <reference href="https://www.iso.org/contents/data/standard/05/45/54534.html">A.7.1.2</reference>
        <reference href="https://www.iso.org/contents/data/standard/05/45/54534.html">A.7.3.1</reference>
        <reference href="https://www.iso.org/contents/data/standard/05/45/54534.html">A.8.2.2</reference>
        <reference href="https://www.iso.org/contents/data/standard/05/45/54534.html">A.8.2.3</reference>
        <reference href="https://www.iso.org/contents/data/standard/05/45/54534.html">A.9.1.1</reference>
        <reference href="https://www.iso.org/contents/data/standard/05/45/54534.html">A.9.1.2</reference>
        <reference href="https://www.iso.org/contents/data/standard/05/45/54534.html">A.9.2.3</reference>
        <reference href="https://www.iso.org/contents/data/standard/05/45/54534.html">A.9.4.1</reference>
        <reference href="https://www.iso.org/contents/data/standard/05/45/54534.html">A.9.4.4</reference>
        <reference href="https://www.iso.org/contents/data/standard/05/45/54534.html">A.9.4.5</reference>
        <reference href="http://nvlpubs.nist.gov/nistpubs/SpecialPublications/NIST.SP.800-53r4.pdf">CM-6(a)</reference>
        <reference href="http://nvlpubs.nist.gov/nistpubs/SpecialPublications/NIST.SP.800-53r4.pdf">AC-6(1)</reference>
        <reference href="https://nvlpubs.nist.gov/nistpubs/CSWP/NIST.CSWP.04162018.pdf">PR.AC-4</reference>
        <reference href="https://nvlpubs.nist.gov/nistpubs/CSWP/NIST.CSWP.04162018.pdf">PR.DS-5</reference>
        <reference href="https://public.cyber.mil/stigs/downloads/?_dl_facet_stigs=operating-systems%2Cgeneral-purpose-os">SRG-OS-000480-GPOS-00227</reference>
        <reference href="https://www.cisecurity.org/benchmark/ubuntu_linux/">2.4.1.6</reference>
        <reference href="https://docs-prv.pcisecuritystandards.org/PCI%20DSS/Standard/PCI-DSS-v4_0.pdf">2.2.6</reference>
        <reference href="https://docs-prv.pcisecuritystandards.org/PCI%20DSS/Standard/PCI-DSS-v4_0.pdf">2.2</reference>
        <rationale xmlns:xhtml="http://www.w3.org/1999/xhtml" xml:lang="en-US">Service configuration files enable or disable features of their respective services that if configured incorrectly
can lead to insecure and vulnerable configurations. Therefore, service configuration files should be owned by the
correct group to prevent unauthorized changes.</rationale>
        <fix xmlns:xhtml="http://www.w3.org/1999/xhtml" id="file_groupowner_cron_monthly" system="urn:xccdf:fix:script:ansible" complexity="low" disruption="low" strategy="configure">- name: Gather the package facts
  package_facts:
    manager: auto
  tags:
  - NIST-800-53-AC-6(1)
  - NIST-800-53-CM-6(a)
  - PCI-DSSv4-2.2
  - PCI-DSSv4-2.2.6
  - configure_strategy
  - file_groupowner_cron_monthly
  - low_complexity
  - low_disruption
  - medium_severity
  - no_reboot_needed

- name: Ensure group owner on /etc/cron.monthly/
  file:
    path: /etc/cron.monthly/
    state: directory
    group: '0'
  when: '"linux-base" in ansible_facts.packages'
  tags:
  - NIST-800-53-AC-6(1)
  - NIST-800-53-CM-6(a)
  - PCI-DSSv4-2.2
  - PCI-DSSv4-2.2.6
  - configure_strategy
  - file_groupowner_cron_monthly
  - low_complexity
  - low_disruption
  - medium_severity
  - no_reboot_needed
</fix>
        <fix xmlns:xhtml="http://www.w3.org/1999/xhtml" id="file_groupowner_cron_monthly" system="urn:xccdf:fix:script:sh" complexity="low" disruption="low" strategy="configure"># Remediation is applicable only in certain platforms
if dpkg-query --show --showformat='${db:Status-Status}
' 'linux-base' 2&gt;/dev/null | grep -q ^installed; then

find -H /etc/cron.monthly/ -maxdepth 1 -type d -exec chgrp -L 0 {} \;

else
    &gt;&amp;2 echo 'Remediation is not applicable, nothing was done'
fi
</fix>
        <check system="http://oval.mitre.org/XMLSchema/oval-definitions-5">
          <check-content-ref name="oval:ssg-file_groupowner_cron_monthly:def:1" href="ssg-ubuntu2404-oval.xml"/>
        </check>
        <check system="http://scap.nist.gov/schema/ocil/2">
          <check-content-ref name="ocil:ssg-file_groupowner_cron_monthly_ocil:questionnaire:1" href="ssg-ubuntu2404-ocil.xml"/>
        </check>
      </Rule>
      <Rule id="xccdf_org.ssgproject.content_rule_file_groupowner_cron_weekly" selected="false" role="full" severity="medium">
        <title xmlns:xhtml="http://www.w3.org/1999/xhtml" xml:lang="en-US">Verify Group Who Owns cron.weekly</title>
        <description xmlns:xhtml="http://www.w3.org/1999/xhtml" xml:lang="en-US">
To properly set the group owner of <html:code xmlns:html="http://www.w3.org/1999/xhtml">/etc/cron.weekly</html:code>, run the command:
<html:pre xmlns:html="http://www.w3.org/1999/xhtml">$ sudo chgrp root /etc/cron.weekly</html:pre>
      </description>
        <reference href="https://www.cisecurity.org/controls/">12</reference>
        <reference href="https://www.cisecurity.org/controls/">13</reference>
        <reference href="https://www.cisecurity.org/controls/">14</reference>
        <reference href="https://www.cisecurity.org/controls/">15</reference>
        <reference href="https://www.cisecurity.org/controls/">16</reference>
        <reference href="https://www.cisecurity.org/controls/">18</reference>
        <reference href="https://www.cisecurity.org/controls/">3</reference>
        <reference href="https://www.cisecurity.org/controls/">5</reference>
        <reference href="https://www.isaca.org/resources/cobit">APO01.06</reference>
        <reference href="https://www.isaca.org/resources/cobit">DSS05.04</reference>
        <reference href="https://www.isaca.org/resources/cobit">DSS05.07</reference>
        <reference href="https://www.isaca.org/resources/cobit">DSS06.02</reference>
        <reference href="https://public.cyber.mil/stigs/cci/">CCI-000366</reference>
        <reference href="https://www.isa.org/products/isa-62443-2-1-2009-security-for-industrial-automat">4.3.3.7.3</reference>
        <reference href="https://www.isa.org/products/ansi-isa-62443-3-3-99-03-03-2013-security-for-indu">SR 2.1</reference>
        <reference href="https://www.isa.org/products/ansi-isa-62443-3-3-99-03-03-2013-security-for-indu">SR 5.2</reference>
        <reference href="https://www.iso.org/contents/data/standard/05/45/54534.html">A.10.1.1</reference>
        <reference href="https://www.iso.org/contents/data/standard/05/45/54534.html">A.11.1.4</reference>
        <reference href="https://www.iso.org/contents/data/standard/05/45/54534.html">A.11.1.5</reference>
        <reference href="https://www.iso.org/contents/data/standard/05/45/54534.html">A.11.2.1</reference>
        <reference href="https://www.iso.org/contents/data/standard/05/45/54534.html">A.13.1.1</reference>
        <reference href="https://www.iso.org/contents/data/standard/05/45/54534.html">A.13.1.3</reference>
        <reference href="https://www.iso.org/contents/data/standard/05/45/54534.html">A.13.2.1</reference>
        <reference href="https://www.iso.org/contents/data/standard/05/45/54534.html">A.13.2.3</reference>
        <reference href="https://www.iso.org/contents/data/standard/05/45/54534.html">A.13.2.4</reference>
        <reference href="https://www.iso.org/contents/data/standard/05/45/54534.html">A.14.1.2</reference>
        <reference href="https://www.iso.org/contents/data/standard/05/45/54534.html">A.14.1.3</reference>
        <reference href="https://www.iso.org/contents/data/standard/05/45/54534.html">A.6.1.2</reference>
        <reference href="https://www.iso.org/contents/data/standard/05/45/54534.html">A.7.1.1</reference>
        <reference href="https://www.iso.org/contents/data/standard/05/45/54534.html">A.7.1.2</reference>
        <reference href="https://www.iso.org/contents/data/standard/05/45/54534.html">A.7.3.1</reference>
        <reference href="https://www.iso.org/contents/data/standard/05/45/54534.html">A.8.2.2</reference>
        <reference href="https://www.iso.org/contents/data/standard/05/45/54534.html">A.8.2.3</reference>
        <reference href="https://www.iso.org/contents/data/standard/05/45/54534.html">A.9.1.1</reference>
        <reference href="https://www.iso.org/contents/data/standard/05/45/54534.html">A.9.1.2</reference>
        <reference href="https://www.iso.org/contents/data/standard/05/45/54534.html">A.9.2.3</reference>
        <reference href="https://www.iso.org/contents/data/standard/05/45/54534.html">A.9.4.1</reference>
        <reference href="https://www.iso.org/contents/data/standard/05/45/54534.html">A.9.4.4</reference>
        <reference href="https://www.iso.org/contents/data/standard/05/45/54534.html">A.9.4.5</reference>
        <reference href="http://nvlpubs.nist.gov/nistpubs/SpecialPublications/NIST.SP.800-53r4.pdf">CM-6(a)</reference>
        <reference href="http://nvlpubs.nist.gov/nistpubs/SpecialPublications/NIST.SP.800-53r4.pdf">AC-6(1)</reference>
        <reference href="https://nvlpubs.nist.gov/nistpubs/CSWP/NIST.CSWP.04162018.pdf">PR.AC-4</reference>
        <reference href="https://nvlpubs.nist.gov/nistpubs/CSWP/NIST.CSWP.04162018.pdf">PR.DS-5</reference>
        <reference href="https://public.cyber.mil/stigs/downloads/?_dl_facet_stigs=operating-systems%2Cgeneral-purpose-os">SRG-OS-000480-GPOS-00227</reference>
        <reference href="https://www.cisecurity.org/benchmark/ubuntu_linux/">2.4.1.5</reference>
        <reference href="https://docs-prv.pcisecuritystandards.org/PCI%20DSS/Standard/PCI-DSS-v4_0.pdf">2.2.6</reference>
        <reference href="https://docs-prv.pcisecuritystandards.org/PCI%20DSS/Standard/PCI-DSS-v4_0.pdf">2.2</reference>
        <rationale xmlns:xhtml="http://www.w3.org/1999/xhtml" xml:lang="en-US">Service configuration files enable or disable features of their respective services that if configured incorrectly
can lead to insecure and vulnerable configurations. Therefore, service configuration files should be owned by the
correct group to prevent unauthorized changes.</rationale>
        <fix xmlns:xhtml="http://www.w3.org/1999/xhtml" id="file_groupowner_cron_weekly" system="urn:xccdf:fix:script:ansible" complexity="low" disruption="low" strategy="configure">- name: Gather the package facts
  package_facts:
    manager: auto
  tags:
  - NIST-800-53-AC-6(1)
  - NIST-800-53-CM-6(a)
  - PCI-DSSv4-2.2
  - PCI-DSSv4-2.2.6
  - configure_strategy
  - file_groupowner_cron_weekly
  - low_complexity
  - low_disruption
  - medium_severity
  - no_reboot_needed

- name: Ensure group owner on /etc/cron.weekly/
  file:
    path: /etc/cron.weekly/
    state: directory
    group: '0'
  when: '"linux-base" in ansible_facts.packages'
  tags:
  - NIST-800-53-AC-6(1)
  - NIST-800-53-CM-6(a)
  - PCI-DSSv4-2.2
  - PCI-DSSv4-2.2.6
  - configure_strategy
  - file_groupowner_cron_weekly
  - low_complexity
  - low_disruption
  - medium_severity
  - no_reboot_needed
</fix>
        <fix xmlns:xhtml="http://www.w3.org/1999/xhtml" id="file_groupowner_cron_weekly" system="urn:xccdf:fix:script:sh" complexity="low" disruption="low" strategy="configure"># Remediation is applicable only in certain platforms
if dpkg-query --show --showformat='${db:Status-Status}
' 'linux-base' 2&gt;/dev/null | grep -q ^installed; then

find -H /etc/cron.weekly/ -maxdepth 1 -type d -exec chgrp -L 0 {} \;

else
    &gt;&amp;2 echo 'Remediation is not applicable, nothing was done'
fi
</fix>
        <check system="http://oval.mitre.org/XMLSchema/oval-definitions-5">
          <check-content-ref name="oval:ssg-file_groupowner_cron_weekly:def:1" href="ssg-ubuntu2404-oval.xml"/>
        </check>
        <check system="http://scap.nist.gov/schema/ocil/2">
          <check-content-ref name="ocil:ssg-file_groupowner_cron_weekly_ocil:questionnaire:1" href="ssg-ubuntu2404-ocil.xml"/>
        </check>
      </Rule>
      <Rule id="xccdf_org.ssgproject.content_rule_file_groupowner_crontab" selected="false" role="full" severity="medium">
        <title xmlns:xhtml="http://www.w3.org/1999/xhtml" xml:lang="en-US">Verify Group Who Owns Crontab</title>
        <description xmlns:xhtml="http://www.w3.org/1999/xhtml" xml:lang="en-US">
To properly set the group owner of <html:code xmlns:html="http://www.w3.org/1999/xhtml">/etc/crontab</html:code>, run the command:
<html:pre xmlns:html="http://www.w3.org/1999/xhtml">$ sudo chgrp root /etc/crontab</html:pre>
      </description>
        <reference href="https://www.cisecurity.org/controls/">12</reference>
        <reference href="https://www.cisecurity.org/controls/">13</reference>
        <reference href="https://www.cisecurity.org/controls/">14</reference>
        <reference href="https://www.cisecurity.org/controls/">15</reference>
        <reference href="https://www.cisecurity.org/controls/">16</reference>
        <reference href="https://www.cisecurity.org/controls/">18</reference>
        <reference href="https://www.cisecurity.org/controls/">3</reference>
        <reference href="https://www.cisecurity.org/controls/">5</reference>
        <reference href="https://www.isaca.org/resources/cobit">APO01.06</reference>
        <reference href="https://www.isaca.org/resources/cobit">DSS05.04</reference>
        <reference href="https://www.isaca.org/resources/cobit">DSS05.07</reference>
        <reference href="https://www.isaca.org/resources/cobit">DSS06.02</reference>
        <reference href="https://public.cyber.mil/stigs/cci/">CCI-000366</reference>
        <reference href="https://www.isa.org/products/isa-62443-2-1-2009-security-for-industrial-automat">4.3.3.7.3</reference>
        <reference href="https://www.isa.org/products/ansi-isa-62443-3-3-99-03-03-2013-security-for-indu">SR 2.1</reference>
        <reference href="https://www.isa.org/products/ansi-isa-62443-3-3-99-03-03-2013-security-for-indu">SR 5.2</reference>
        <reference href="https://www.iso.org/contents/data/standard/05/45/54534.html">A.10.1.1</reference>
        <reference href="https://www.iso.org/contents/data/standard/05/45/54534.html">A.11.1.4</reference>
        <reference href="https://www.iso.org/contents/data/standard/05/45/54534.html">A.11.1.5</reference>
        <reference href="https://www.iso.org/contents/data/standard/05/45/54534.html">A.11.2.1</reference>
        <reference href="https://www.iso.org/contents/data/standard/05/45/54534.html">A.13.1.1</reference>
        <reference href="https://www.iso.org/contents/data/standard/05/45/54534.html">A.13.1.3</reference>
        <reference href="https://www.iso.org/contents/data/standard/05/45/54534.html">A.13.2.1</reference>
        <reference href="https://www.iso.org/contents/data/standard/05/45/54534.html">A.13.2.3</reference>
        <reference href="https://www.iso.org/contents/data/standard/05/45/54534.html">A.13.2.4</reference>
        <reference href="https://www.iso.org/contents/data/standard/05/45/54534.html">A.14.1.2</reference>
        <reference href="https://www.iso.org/contents/data/standard/05/45/54534.html">A.14.1.3</reference>
        <reference href="https://www.iso.org/contents/data/standard/05/45/54534.html">A.6.1.2</reference>
        <reference href="https://www.iso.org/contents/data/standard/05/45/54534.html">A.7.1.1</reference>
        <reference href="https://www.iso.org/contents/data/standard/05/45/54534.html">A.7.1.2</reference>
        <reference href="https://www.iso.org/contents/data/standard/05/45/54534.html">A.7.3.1</reference>
        <reference href="https://www.iso.org/contents/data/standard/05/45/54534.html">A.8.2.2</reference>
        <reference href="https://www.iso.org/contents/data/standard/05/45/54534.html">A.8.2.3</reference>
        <reference href="https://www.iso.org/contents/data/standard/05/45/54534.html">A.9.1.1</reference>
        <reference href="https://www.iso.org/contents/data/standard/05/45/54534.html">A.9.1.2</reference>
        <reference href="https://www.iso.org/contents/data/standard/05/45/54534.html">A.9.2.3</reference>
        <reference href="https://www.iso.org/contents/data/standard/05/45/54534.html">A.9.4.1</reference>
        <reference href="https://www.iso.org/contents/data/standard/05/45/54534.html">A.9.4.4</reference>
        <reference href="https://www.iso.org/contents/data/standard/05/45/54534.html">A.9.4.5</reference>
        <reference href="http://nvlpubs.nist.gov/nistpubs/SpecialPublications/NIST.SP.800-53r4.pdf">CM-6(a)</reference>
        <reference href="http://nvlpubs.nist.gov/nistpubs/SpecialPublications/NIST.SP.800-53r4.pdf">AC-6(1)</reference>
        <reference href="https://nvlpubs.nist.gov/nistpubs/CSWP/NIST.CSWP.04162018.pdf">PR.AC-4</reference>
        <reference href="https://nvlpubs.nist.gov/nistpubs/CSWP/NIST.CSWP.04162018.pdf">PR.DS-5</reference>
        <reference href="https://public.cyber.mil/stigs/downloads/?_dl_facet_stigs=operating-systems%2Cgeneral-purpose-os">SRG-OS-000480-GPOS-00227</reference>
        <reference href="https://www.cisecurity.org/benchmark/ubuntu_linux/">2.4.1.2</reference>
        <reference href="https://docs-prv.pcisecuritystandards.org/PCI%20DSS/Standard/PCI-DSS-v4_0.pdf">2.2.6</reference>
        <reference href="https://docs-prv.pcisecuritystandards.org/PCI%20DSS/Standard/PCI-DSS-v4_0.pdf">2.2</reference>
        <rationale xmlns:xhtml="http://www.w3.org/1999/xhtml" xml:lang="en-US">Service configuration files enable or disable features of their respective services that if configured incorrectly
can lead to insecure and vulnerable configurations. Therefore, service configuration files should be owned by the
correct group to prevent unauthorized changes.</rationale>
        <fix xmlns:xhtml="http://www.w3.org/1999/xhtml" id="file_groupowner_crontab" system="urn:xccdf:fix:script:ansible" complexity="low" disruption="low" strategy="configure">- name: Gather the package facts
  package_facts:
    manager: auto
  tags:
  - NIST-800-53-AC-6(1)
  - NIST-800-53-CM-6(a)
  - PCI-DSSv4-2.2
  - PCI-DSSv4-2.2.6
  - configure_strategy
  - file_groupowner_crontab
  - low_complexity
  - low_disruption
  - medium_severity
  - no_reboot_needed

- name: Test for existence /etc/crontab
  stat:
    path: /etc/crontab
  register: file_exists
  when: '"linux-base" in ansible_facts.packages'
  tags:
  - NIST-800-53-AC-6(1)
  - NIST-800-53-CM-6(a)
  - PCI-DSSv4-2.2
  - PCI-DSSv4-2.2.6
  - configure_strategy
  - file_groupowner_crontab
  - low_complexity
  - low_disruption
  - medium_severity
  - no_reboot_needed

- name: Ensure group owner 0 on /etc/crontab
  file:
    path: /etc/crontab
    group: '0'
  when:
  - '"linux-base" in ansible_facts.packages'
  - file_exists.stat is defined and file_exists.stat.exists
  tags:
  - NIST-800-53-AC-6(1)
  - NIST-800-53-CM-6(a)
  - PCI-DSSv4-2.2
  - PCI-DSSv4-2.2.6
  - configure_strategy
  - file_groupowner_crontab
  - low_complexity
  - low_disruption
  - medium_severity
  - no_reboot_needed
</fix>
        <fix xmlns:xhtml="http://www.w3.org/1999/xhtml" id="file_groupowner_crontab" system="urn:xccdf:fix:script:sh" complexity="low" disruption="low" strategy="configure"># Remediation is applicable only in certain platforms
if dpkg-query --show --showformat='${db:Status-Status}
' 'linux-base' 2&gt;/dev/null | grep -q ^installed; then

chgrp 0 /etc/crontab

else
    &gt;&amp;2 echo 'Remediation is not applicable, nothing was done'
fi
</fix>
        <check system="http://oval.mitre.org/XMLSchema/oval-definitions-5">
          <check-content-ref name="oval:ssg-file_groupowner_crontab:def:1" href="ssg-ubuntu2404-oval.xml"/>
        </check>
        <check system="http://scap.nist.gov/schema/ocil/2">
          <check-content-ref name="ocil:ssg-file_groupowner_crontab_ocil:questionnaire:1" href="ssg-ubuntu2404-ocil.xml"/>
        </check>
      </Rule>
      <Rule id="xccdf_org.ssgproject.content_rule_file_owner_cron_d" selected="false" role="full" severity="medium">
        <title xmlns:xhtml="http://www.w3.org/1999/xhtml" xml:lang="en-US">Verify Owner on cron.d</title>
        <description xmlns:xhtml="http://www.w3.org/1999/xhtml" xml:lang="en-US">
To properly set the owner of <html:code xmlns:html="http://www.w3.org/1999/xhtml">/etc/cron.d</html:code>, run the command:
<html:pre xmlns:html="http://www.w3.org/1999/xhtml">$ sudo chown root /etc/cron.d </html:pre>
      </description>
        <reference href="https://www.cisecurity.org/controls/">12</reference>
        <reference href="https://www.cisecurity.org/controls/">13</reference>
        <reference href="https://www.cisecurity.org/controls/">14</reference>
        <reference href="https://www.cisecurity.org/controls/">15</reference>
        <reference href="https://www.cisecurity.org/controls/">16</reference>
        <reference href="https://www.cisecurity.org/controls/">18</reference>
        <reference href="https://www.cisecurity.org/controls/">3</reference>
        <reference href="https://www.cisecurity.org/controls/">5</reference>
        <reference href="https://www.isaca.org/resources/cobit">APO01.06</reference>
        <reference href="https://www.isaca.org/resources/cobit">DSS05.04</reference>
        <reference href="https://www.isaca.org/resources/cobit">DSS05.07</reference>
        <reference href="https://www.isaca.org/resources/cobit">DSS06.02</reference>
        <reference href="https://public.cyber.mil/stigs/cci/">CCI-000366</reference>
        <reference href="https://www.isa.org/products/isa-62443-2-1-2009-security-for-industrial-automat">4.3.3.7.3</reference>
        <reference href="https://www.isa.org/products/ansi-isa-62443-3-3-99-03-03-2013-security-for-indu">SR 2.1</reference>
        <reference href="https://www.isa.org/products/ansi-isa-62443-3-3-99-03-03-2013-security-for-indu">SR 5.2</reference>
        <reference href="https://www.iso.org/contents/data/standard/05/45/54534.html">A.10.1.1</reference>
        <reference href="https://www.iso.org/contents/data/standard/05/45/54534.html">A.11.1.4</reference>
        <reference href="https://www.iso.org/contents/data/standard/05/45/54534.html">A.11.1.5</reference>
        <reference href="https://www.iso.org/contents/data/standard/05/45/54534.html">A.11.2.1</reference>
        <reference href="https://www.iso.org/contents/data/standard/05/45/54534.html">A.13.1.1</reference>
        <reference href="https://www.iso.org/contents/data/standard/05/45/54534.html">A.13.1.3</reference>
        <reference href="https://www.iso.org/contents/data/standard/05/45/54534.html">A.13.2.1</reference>
        <reference href="https://www.iso.org/contents/data/standard/05/45/54534.html">A.13.2.3</reference>
        <reference href="https://www.iso.org/contents/data/standard/05/45/54534.html">A.13.2.4</reference>
        <reference href="https://www.iso.org/contents/data/standard/05/45/54534.html">A.14.1.2</reference>
        <reference href="https://www.iso.org/contents/data/standard/05/45/54534.html">A.14.1.3</reference>
        <reference href="https://www.iso.org/contents/data/standard/05/45/54534.html">A.6.1.2</reference>
        <reference href="https://www.iso.org/contents/data/standard/05/45/54534.html">A.7.1.1</reference>
        <reference href="https://www.iso.org/contents/data/standard/05/45/54534.html">A.7.1.2</reference>
        <reference href="https://www.iso.org/contents/data/standard/05/45/54534.html">A.7.3.1</reference>
        <reference href="https://www.iso.org/contents/data/standard/05/45/54534.html">A.8.2.2</reference>
        <reference href="https://www.iso.org/contents/data/standard/05/45/54534.html">A.8.2.3</reference>
        <reference href="https://www.iso.org/contents/data/standard/05/45/54534.html">A.9.1.1</reference>
        <reference href="https://www.iso.org/contents/data/standard/05/45/54534.html">A.9.1.2</reference>
        <reference href="https://www.iso.org/contents/data/standard/05/45/54534.html">A.9.2.3</reference>
        <reference href="https://www.iso.org/contents/data/standard/05/45/54534.html">A.9.4.1</reference>
        <reference href="https://www.iso.org/contents/data/standard/05/45/54534.html">A.9.4.4</reference>
        <reference href="https://www.iso.org/contents/data/standard/05/45/54534.html">A.9.4.5</reference>
        <reference href="http://nvlpubs.nist.gov/nistpubs/SpecialPublications/NIST.SP.800-53r4.pdf">CM-6(a)</reference>
        <reference href="http://nvlpubs.nist.gov/nistpubs/SpecialPublications/NIST.SP.800-53r4.pdf">AC-6(1)</reference>
        <reference href="https://nvlpubs.nist.gov/nistpubs/CSWP/NIST.CSWP.04162018.pdf">PR.AC-4</reference>
        <reference href="https://nvlpubs.nist.gov/nistpubs/CSWP/NIST.CSWP.04162018.pdf">PR.DS-5</reference>
        <reference href="https://public.cyber.mil/stigs/downloads/?_dl_facet_stigs=operating-systems%2Cgeneral-purpose-os">SRG-OS-000480-GPOS-00227</reference>
        <reference href="https://www.cisecurity.org/benchmark/ubuntu_linux/">2.4.1.7</reference>
        <reference href="https://docs-prv.pcisecuritystandards.org/PCI%20DSS/Standard/PCI-DSS-v4_0.pdf">2.2.6</reference>
        <reference href="https://docs-prv.pcisecuritystandards.org/PCI%20DSS/Standard/PCI-DSS-v4_0.pdf">2.2</reference>
        <rationale xmlns:xhtml="http://www.w3.org/1999/xhtml" xml:lang="en-US">Service configuration files enable or disable features of their respective services that if configured incorrectly
can lead to insecure and vulnerable configurations. Therefore, service configuration files should be owned by the
correct user to prevent unauthorized changes.</rationale>
        <fix xmlns:xhtml="http://www.w3.org/1999/xhtml" id="file_owner_cron_d" system="urn:xccdf:fix:script:ansible" complexity="low" disruption="low" strategy="configure">- name: Gather the package facts
  package_facts:
    manager: auto
  tags:
  - NIST-800-53-AC-6(1)
  - NIST-800-53-CM-6(a)
  - PCI-DSSv4-2.2
  - PCI-DSSv4-2.2.6
  - configure_strategy
  - file_owner_cron_d
  - low_complexity
  - low_disruption
  - medium_severity
  - no_reboot_needed

- name: Ensure owner on directory /etc/cron.d/
  file:
    path: /etc/cron.d/
    state: directory
    owner: '0'
  when: '"linux-base" in ansible_facts.packages'
  tags:
  - NIST-800-53-AC-6(1)
  - NIST-800-53-CM-6(a)
  - PCI-DSSv4-2.2
  - PCI-DSSv4-2.2.6
  - configure_strategy
  - file_owner_cron_d
  - low_complexity
  - low_disruption
  - medium_severity
  - no_reboot_needed
</fix>
        <fix xmlns:xhtml="http://www.w3.org/1999/xhtml" id="file_owner_cron_d" system="urn:xccdf:fix:script:sh" complexity="low" disruption="low" strategy="configure"># Remediation is applicable only in certain platforms
if dpkg-query --show --showformat='${db:Status-Status}
' 'linux-base' 2&gt;/dev/null | grep -q ^installed; then

find -H /etc/cron.d/ -maxdepth 1 -type d -exec chown -L 0 {} \;

else
    &gt;&amp;2 echo 'Remediation is not applicable, nothing was done'
fi
</fix>
        <check system="http://oval.mitre.org/XMLSchema/oval-definitions-5">
          <check-content-ref name="oval:ssg-file_owner_cron_d:def:1" href="ssg-ubuntu2404-oval.xml"/>
        </check>
        <check system="http://scap.nist.gov/schema/ocil/2">
          <check-content-ref name="ocil:ssg-file_owner_cron_d_ocil:questionnaire:1" href="ssg-ubuntu2404-ocil.xml"/>
        </check>
      </Rule>
      <Rule id="xccdf_org.ssgproject.content_rule_file_owner_cron_daily" selected="false" role="full" severity="medium">
        <title xmlns:xhtml="http://www.w3.org/1999/xhtml" xml:lang="en-US">Verify Owner on cron.daily</title>
        <description xmlns:xhtml="http://www.w3.org/1999/xhtml" xml:lang="en-US">
To properly set the owner of <html:code xmlns:html="http://www.w3.org/1999/xhtml">/etc/cron.daily</html:code>, run the command:
<html:pre xmlns:html="http://www.w3.org/1999/xhtml">$ sudo chown root /etc/cron.daily </html:pre>
      </description>
        <reference href="https://www.cisecurity.org/controls/">12</reference>
        <reference href="https://www.cisecurity.org/controls/">13</reference>
        <reference href="https://www.cisecurity.org/controls/">14</reference>
        <reference href="https://www.cisecurity.org/controls/">15</reference>
        <reference href="https://www.cisecurity.org/controls/">16</reference>
        <reference href="https://www.cisecurity.org/controls/">18</reference>
        <reference href="https://www.cisecurity.org/controls/">3</reference>
        <reference href="https://www.cisecurity.org/controls/">5</reference>
        <reference href="https://www.isaca.org/resources/cobit">APO01.06</reference>
        <reference href="https://www.isaca.org/resources/cobit">DSS05.04</reference>
        <reference href="https://www.isaca.org/resources/cobit">DSS05.07</reference>
        <reference href="https://www.isaca.org/resources/cobit">DSS06.02</reference>
        <reference href="https://public.cyber.mil/stigs/cci/">CCI-000366</reference>
        <reference href="https://www.isa.org/products/isa-62443-2-1-2009-security-for-industrial-automat">4.3.3.7.3</reference>
        <reference href="https://www.isa.org/products/ansi-isa-62443-3-3-99-03-03-2013-security-for-indu">SR 2.1</reference>
        <reference href="https://www.isa.org/products/ansi-isa-62443-3-3-99-03-03-2013-security-for-indu">SR 5.2</reference>
        <reference href="https://www.iso.org/contents/data/standard/05/45/54534.html">A.10.1.1</reference>
        <reference href="https://www.iso.org/contents/data/standard/05/45/54534.html">A.11.1.4</reference>
        <reference href="https://www.iso.org/contents/data/standard/05/45/54534.html">A.11.1.5</reference>
        <reference href="https://www.iso.org/contents/data/standard/05/45/54534.html">A.11.2.1</reference>
        <reference href="https://www.iso.org/contents/data/standard/05/45/54534.html">A.13.1.1</reference>
        <reference href="https://www.iso.org/contents/data/standard/05/45/54534.html">A.13.1.3</reference>
        <reference href="https://www.iso.org/contents/data/standard/05/45/54534.html">A.13.2.1</reference>
        <reference href="https://www.iso.org/contents/data/standard/05/45/54534.html">A.13.2.3</reference>
        <reference href="https://www.iso.org/contents/data/standard/05/45/54534.html">A.13.2.4</reference>
        <reference href="https://www.iso.org/contents/data/standard/05/45/54534.html">A.14.1.2</reference>
        <reference href="https://www.iso.org/contents/data/standard/05/45/54534.html">A.14.1.3</reference>
        <reference href="https://www.iso.org/contents/data/standard/05/45/54534.html">A.6.1.2</reference>
        <reference href="https://www.iso.org/contents/data/standard/05/45/54534.html">A.7.1.1</reference>
        <reference href="https://www.iso.org/contents/data/standard/05/45/54534.html">A.7.1.2</reference>
        <reference href="https://www.iso.org/contents/data/standard/05/45/54534.html">A.7.3.1</reference>
        <reference href="https://www.iso.org/contents/data/standard/05/45/54534.html">A.8.2.2</reference>
        <reference href="https://www.iso.org/contents/data/standard/05/45/54534.html">A.8.2.3</reference>
        <reference href="https://www.iso.org/contents/data/standard/05/45/54534.html">A.9.1.1</reference>
        <reference href="https://www.iso.org/contents/data/standard/05/45/54534.html">A.9.1.2</reference>
        <reference href="https://www.iso.org/contents/data/standard/05/45/54534.html">A.9.2.3</reference>
        <reference href="https://www.iso.org/contents/data/standard/05/45/54534.html">A.9.4.1</reference>
        <reference href="https://www.iso.org/contents/data/standard/05/45/54534.html">A.9.4.4</reference>
        <reference href="https://www.iso.org/contents/data/standard/05/45/54534.html">A.9.4.5</reference>
        <reference href="http://nvlpubs.nist.gov/nistpubs/SpecialPublications/NIST.SP.800-53r4.pdf">CM-6(a)</reference>
        <reference href="http://nvlpubs.nist.gov/nistpubs/SpecialPublications/NIST.SP.800-53r4.pdf">AC-6(1)</reference>
        <reference href="https://nvlpubs.nist.gov/nistpubs/CSWP/NIST.CSWP.04162018.pdf">PR.AC-4</reference>
        <reference href="https://nvlpubs.nist.gov/nistpubs/CSWP/NIST.CSWP.04162018.pdf">PR.DS-5</reference>
        <reference href="https://public.cyber.mil/stigs/downloads/?_dl_facet_stigs=operating-systems%2Cgeneral-purpose-os">SRG-OS-000480-GPOS-00227</reference>
        <reference href="https://www.cisecurity.org/benchmark/ubuntu_linux/">2.4.1.4</reference>
        <reference href="https://docs-prv.pcisecuritystandards.org/PCI%20DSS/Standard/PCI-DSS-v4_0.pdf">2.2.6</reference>
        <reference href="https://docs-prv.pcisecuritystandards.org/PCI%20DSS/Standard/PCI-DSS-v4_0.pdf">2.2</reference>
        <rationale xmlns:xhtml="http://www.w3.org/1999/xhtml" xml:lang="en-US">Service configuration files enable or disable features of their respective services that if configured incorrectly
can lead to insecure and vulnerable configurations. Therefore, service configuration files should be owned by the
correct user to prevent unauthorized changes.</rationale>
        <fix xmlns:xhtml="http://www.w3.org/1999/xhtml" id="file_owner_cron_daily" system="urn:xccdf:fix:script:ansible" complexity="low" disruption="low" strategy="configure">- name: Gather the package facts
  package_facts:
    manager: auto
  tags:
  - NIST-800-53-AC-6(1)
  - NIST-800-53-CM-6(a)
  - PCI-DSSv4-2.2
  - PCI-DSSv4-2.2.6
  - configure_strategy
  - file_owner_cron_daily
  - low_complexity
  - low_disruption
  - medium_severity
  - no_reboot_needed

- name: Ensure owner on directory /etc/cron.daily/
  file:
    path: /etc/cron.daily/
    state: directory
    owner: '0'
  when: '"linux-base" in ansible_facts.packages'
  tags:
  - NIST-800-53-AC-6(1)
  - NIST-800-53-CM-6(a)
  - PCI-DSSv4-2.2
  - PCI-DSSv4-2.2.6
  - configure_strategy
  - file_owner_cron_daily
  - low_complexity
  - low_disruption
  - medium_severity
  - no_reboot_needed
</fix>
        <fix xmlns:xhtml="http://www.w3.org/1999/xhtml" id="file_owner_cron_daily" system="urn:xccdf:fix:script:sh" complexity="low" disruption="low" strategy="configure"># Remediation is applicable only in certain platforms
if dpkg-query --show --showformat='${db:Status-Status}
' 'linux-base' 2&gt;/dev/null | grep -q ^installed; then

find -H /etc/cron.daily/ -maxdepth 1 -type d -exec chown -L 0 {} \;

else
    &gt;&amp;2 echo 'Remediation is not applicable, nothing was done'
fi
</fix>
        <check system="http://oval.mitre.org/XMLSchema/oval-definitions-5">
          <check-content-ref name="oval:ssg-file_owner_cron_daily:def:1" href="ssg-ubuntu2404-oval.xml"/>
        </check>
        <check system="http://scap.nist.gov/schema/ocil/2">
          <check-content-ref name="ocil:ssg-file_owner_cron_daily_ocil:questionnaire:1" href="ssg-ubuntu2404-ocil.xml"/>
        </check>
      </Rule>
      <Rule id="xccdf_org.ssgproject.content_rule_file_owner_cron_hourly" selected="false" role="full" severity="medium">
        <title xmlns:xhtml="http://www.w3.org/1999/xhtml" xml:lang="en-US">Verify Owner on cron.hourly</title>
        <description xmlns:xhtml="http://www.w3.org/1999/xhtml" xml:lang="en-US">
To properly set the owner of <html:code xmlns:html="http://www.w3.org/1999/xhtml">/etc/cron.hourly</html:code>, run the command:
<html:pre xmlns:html="http://www.w3.org/1999/xhtml">$ sudo chown root /etc/cron.hourly </html:pre>
      </description>
        <reference href="https://www.cisecurity.org/controls/">12</reference>
        <reference href="https://www.cisecurity.org/controls/">13</reference>
        <reference href="https://www.cisecurity.org/controls/">14</reference>
        <reference href="https://www.cisecurity.org/controls/">15</reference>
        <reference href="https://www.cisecurity.org/controls/">16</reference>
        <reference href="https://www.cisecurity.org/controls/">18</reference>
        <reference href="https://www.cisecurity.org/controls/">3</reference>
        <reference href="https://www.cisecurity.org/controls/">5</reference>
        <reference href="https://www.isaca.org/resources/cobit">APO01.06</reference>
        <reference href="https://www.isaca.org/resources/cobit">DSS05.04</reference>
        <reference href="https://www.isaca.org/resources/cobit">DSS05.07</reference>
        <reference href="https://www.isaca.org/resources/cobit">DSS06.02</reference>
        <reference href="https://public.cyber.mil/stigs/cci/">CCI-000366</reference>
        <reference href="https://www.isa.org/products/isa-62443-2-1-2009-security-for-industrial-automat">4.3.3.7.3</reference>
        <reference href="https://www.isa.org/products/ansi-isa-62443-3-3-99-03-03-2013-security-for-indu">SR 2.1</reference>
        <reference href="https://www.isa.org/products/ansi-isa-62443-3-3-99-03-03-2013-security-for-indu">SR 5.2</reference>
        <reference href="https://www.iso.org/contents/data/standard/05/45/54534.html">A.10.1.1</reference>
        <reference href="https://www.iso.org/contents/data/standard/05/45/54534.html">A.11.1.4</reference>
        <reference href="https://www.iso.org/contents/data/standard/05/45/54534.html">A.11.1.5</reference>
        <reference href="https://www.iso.org/contents/data/standard/05/45/54534.html">A.11.2.1</reference>
        <reference href="https://www.iso.org/contents/data/standard/05/45/54534.html">A.13.1.1</reference>
        <reference href="https://www.iso.org/contents/data/standard/05/45/54534.html">A.13.1.3</reference>
        <reference href="https://www.iso.org/contents/data/standard/05/45/54534.html">A.13.2.1</reference>
        <reference href="https://www.iso.org/contents/data/standard/05/45/54534.html">A.13.2.3</reference>
        <reference href="https://www.iso.org/contents/data/standard/05/45/54534.html">A.13.2.4</reference>
        <reference href="https://www.iso.org/contents/data/standard/05/45/54534.html">A.14.1.2</reference>
        <reference href="https://www.iso.org/contents/data/standard/05/45/54534.html">A.14.1.3</reference>
        <reference href="https://www.iso.org/contents/data/standard/05/45/54534.html">A.6.1.2</reference>
        <reference href="https://www.iso.org/contents/data/standard/05/45/54534.html">A.7.1.1</reference>
        <reference href="https://www.iso.org/contents/data/standard/05/45/54534.html">A.7.1.2</reference>
        <reference href="https://www.iso.org/contents/data/standard/05/45/54534.html">A.7.3.1</reference>
        <reference href="https://www.iso.org/contents/data/standard/05/45/54534.html">A.8.2.2</reference>
        <reference href="https://www.iso.org/contents/data/standard/05/45/54534.html">A.8.2.3</reference>
        <reference href="https://www.iso.org/contents/data/standard/05/45/54534.html">A.9.1.1</reference>
        <reference href="https://www.iso.org/contents/data/standard/05/45/54534.html">A.9.1.2</reference>
        <reference href="https://www.iso.org/contents/data/standard/05/45/54534.html">A.9.2.3</reference>
        <reference href="https://www.iso.org/contents/data/standard/05/45/54534.html">A.9.4.1</reference>
        <reference href="https://www.iso.org/contents/data/standard/05/45/54534.html">A.9.4.4</reference>
        <reference href="https://www.iso.org/contents/data/standard/05/45/54534.html">A.9.4.5</reference>
        <reference href="http://nvlpubs.nist.gov/nistpubs/SpecialPublications/NIST.SP.800-53r4.pdf">CM-6(a)</reference>
        <reference href="http://nvlpubs.nist.gov/nistpubs/SpecialPublications/NIST.SP.800-53r4.pdf">AC-6(1)</reference>
        <reference href="https://nvlpubs.nist.gov/nistpubs/CSWP/NIST.CSWP.04162018.pdf">PR.AC-4</reference>
        <reference href="https://nvlpubs.nist.gov/nistpubs/CSWP/NIST.CSWP.04162018.pdf">PR.DS-5</reference>
        <reference href="https://public.cyber.mil/stigs/downloads/?_dl_facet_stigs=operating-systems%2Cgeneral-purpose-os">SRG-OS-000480-GPOS-00227</reference>
        <reference href="https://www.cisecurity.org/benchmark/ubuntu_linux/">2.4.1.3</reference>
        <reference href="https://docs-prv.pcisecuritystandards.org/PCI%20DSS/Standard/PCI-DSS-v4_0.pdf">2.2.6</reference>
        <reference href="https://docs-prv.pcisecuritystandards.org/PCI%20DSS/Standard/PCI-DSS-v4_0.pdf">2.2</reference>
        <rationale xmlns:xhtml="http://www.w3.org/1999/xhtml" xml:lang="en-US">Service configuration files enable or disable features of their respective services that if configured incorrectly
can lead to insecure and vulnerable configurations. Therefore, service configuration files should be owned by the
correct user to prevent unauthorized changes.</rationale>
        <fix xmlns:xhtml="http://www.w3.org/1999/xhtml" id="file_owner_cron_hourly" system="urn:xccdf:fix:script:ansible" complexity="low" disruption="low" strategy="configure">- name: Gather the package facts
  package_facts:
    manager: auto
  tags:
  - NIST-800-53-AC-6(1)
  - NIST-800-53-CM-6(a)
  - PCI-DSSv4-2.2
  - PCI-DSSv4-2.2.6
  - configure_strategy
  - file_owner_cron_hourly
  - low_complexity
  - low_disruption
  - medium_severity
  - no_reboot_needed

- name: Ensure owner on directory /etc/cron.hourly/
  file:
    path: /etc/cron.hourly/
    state: directory
    owner: '0'
  when: '"linux-base" in ansible_facts.packages'
  tags:
  - NIST-800-53-AC-6(1)
  - NIST-800-53-CM-6(a)
  - PCI-DSSv4-2.2
  - PCI-DSSv4-2.2.6
  - configure_strategy
  - file_owner_cron_hourly
  - low_complexity
  - low_disruption
  - medium_severity
  - no_reboot_needed
</fix>
        <fix xmlns:xhtml="http://www.w3.org/1999/xhtml" id="file_owner_cron_hourly" system="urn:xccdf:fix:script:sh" complexity="low" disruption="low" strategy="configure"># Remediation is applicable only in certain platforms
if dpkg-query --show --showformat='${db:Status-Status}
' 'linux-base' 2&gt;/dev/null | grep -q ^installed; then

find -H /etc/cron.hourly/ -maxdepth 1 -type d -exec chown -L 0 {} \;

else
    &gt;&amp;2 echo 'Remediation is not applicable, nothing was done'
fi
</fix>
        <check system="http://oval.mitre.org/XMLSchema/oval-definitions-5">
          <check-content-ref name="oval:ssg-file_owner_cron_hourly:def:1" href="ssg-ubuntu2404-oval.xml"/>
        </check>
        <check system="http://scap.nist.gov/schema/ocil/2">
          <check-content-ref name="ocil:ssg-file_owner_cron_hourly_ocil:questionnaire:1" href="ssg-ubuntu2404-ocil.xml"/>
        </check>
      </Rule>
      <Rule id="xccdf_org.ssgproject.content_rule_file_owner_cron_monthly" selected="false" role="full" severity="medium">
        <title xmlns:xhtml="http://www.w3.org/1999/xhtml" xml:lang="en-US">Verify Owner on cron.monthly</title>
        <description xmlns:xhtml="http://www.w3.org/1999/xhtml" xml:lang="en-US">
To properly set the owner of <html:code xmlns:html="http://www.w3.org/1999/xhtml">/etc/cron.monthly</html:code>, run the command:
<html:pre xmlns:html="http://www.w3.org/1999/xhtml">$ sudo chown root /etc/cron.monthly </html:pre>
      </description>
        <reference href="https://www.cisecurity.org/controls/">12</reference>
        <reference href="https://www.cisecurity.org/controls/">13</reference>
        <reference href="https://www.cisecurity.org/controls/">14</reference>
        <reference href="https://www.cisecurity.org/controls/">15</reference>
        <reference href="https://www.cisecurity.org/controls/">16</reference>
        <reference href="https://www.cisecurity.org/controls/">18</reference>
        <reference href="https://www.cisecurity.org/controls/">3</reference>
        <reference href="https://www.cisecurity.org/controls/">5</reference>
        <reference href="https://www.isaca.org/resources/cobit">APO01.06</reference>
        <reference href="https://www.isaca.org/resources/cobit">DSS05.04</reference>
        <reference href="https://www.isaca.org/resources/cobit">DSS05.07</reference>
        <reference href="https://www.isaca.org/resources/cobit">DSS06.02</reference>
        <reference href="https://public.cyber.mil/stigs/cci/">CCI-000366</reference>
        <reference href="https://www.isa.org/products/isa-62443-2-1-2009-security-for-industrial-automat">4.3.3.7.3</reference>
        <reference href="https://www.isa.org/products/ansi-isa-62443-3-3-99-03-03-2013-security-for-indu">SR 2.1</reference>
        <reference href="https://www.isa.org/products/ansi-isa-62443-3-3-99-03-03-2013-security-for-indu">SR 5.2</reference>
        <reference href="https://www.iso.org/contents/data/standard/05/45/54534.html">A.10.1.1</reference>
        <reference href="https://www.iso.org/contents/data/standard/05/45/54534.html">A.11.1.4</reference>
        <reference href="https://www.iso.org/contents/data/standard/05/45/54534.html">A.11.1.5</reference>
        <reference href="https://www.iso.org/contents/data/standard/05/45/54534.html">A.11.2.1</reference>
        <reference href="https://www.iso.org/contents/data/standard/05/45/54534.html">A.13.1.1</reference>
        <reference href="https://www.iso.org/contents/data/standard/05/45/54534.html">A.13.1.3</reference>
        <reference href="https://www.iso.org/contents/data/standard/05/45/54534.html">A.13.2.1</reference>
        <reference href="https://www.iso.org/contents/data/standard/05/45/54534.html">A.13.2.3</reference>
        <reference href="https://www.iso.org/contents/data/standard/05/45/54534.html">A.13.2.4</reference>
        <reference href="https://www.iso.org/contents/data/standard/05/45/54534.html">A.14.1.2</reference>
        <reference href="https://www.iso.org/contents/data/standard/05/45/54534.html">A.14.1.3</reference>
        <reference href="https://www.iso.org/contents/data/standard/05/45/54534.html">A.6.1.2</reference>
        <reference href="https://www.iso.org/contents/data/standard/05/45/54534.html">A.7.1.1</reference>
        <reference href="https://www.iso.org/contents/data/standard/05/45/54534.html">A.7.1.2</reference>
        <reference href="https://www.iso.org/contents/data/standard/05/45/54534.html">A.7.3.1</reference>
        <reference href="https://www.iso.org/contents/data/standard/05/45/54534.html">A.8.2.2</reference>
        <reference href="https://www.iso.org/contents/data/standard/05/45/54534.html">A.8.2.3</reference>
        <reference href="https://www.iso.org/contents/data/standard/05/45/54534.html">A.9.1.1</reference>
        <reference href="https://www.iso.org/contents/data/standard/05/45/54534.html">A.9.1.2</reference>
        <reference href="https://www.iso.org/contents/data/standard/05/45/54534.html">A.9.2.3</reference>
        <reference href="https://www.iso.org/contents/data/standard/05/45/54534.html">A.9.4.1</reference>
        <reference href="https://www.iso.org/contents/data/standard/05/45/54534.html">A.9.4.4</reference>
        <reference href="https://www.iso.org/contents/data/standard/05/45/54534.html">A.9.4.5</reference>
        <reference href="http://nvlpubs.nist.gov/nistpubs/SpecialPublications/NIST.SP.800-53r4.pdf">CM-6(a)</reference>
        <reference href="http://nvlpubs.nist.gov/nistpubs/SpecialPublications/NIST.SP.800-53r4.pdf">AC-6(1)</reference>
        <reference href="https://nvlpubs.nist.gov/nistpubs/CSWP/NIST.CSWP.04162018.pdf">PR.AC-4</reference>
        <reference href="https://nvlpubs.nist.gov/nistpubs/CSWP/NIST.CSWP.04162018.pdf">PR.DS-5</reference>
        <reference href="https://public.cyber.mil/stigs/downloads/?_dl_facet_stigs=operating-systems%2Cgeneral-purpose-os">SRG-OS-000480-GPOS-00227</reference>
        <reference href="https://www.cisecurity.org/benchmark/ubuntu_linux/">2.4.1.6</reference>
        <reference href="https://docs-prv.pcisecuritystandards.org/PCI%20DSS/Standard/PCI-DSS-v4_0.pdf">2.2.6</reference>
        <reference href="https://docs-prv.pcisecuritystandards.org/PCI%20DSS/Standard/PCI-DSS-v4_0.pdf">2.2</reference>
        <rationale xmlns:xhtml="http://www.w3.org/1999/xhtml" xml:lang="en-US">Service configuration files enable or disable features of their respective services that if configured incorrectly
can lead to insecure and vulnerable configurations. Therefore, service configuration files should be owned by the
correct user to prevent unauthorized changes.</rationale>
        <fix xmlns:xhtml="http://www.w3.org/1999/xhtml" id="file_owner_cron_monthly" system="urn:xccdf:fix:script:ansible" complexity="low" disruption="low" strategy="configure">- name: Gather the package facts
  package_facts:
    manager: auto
  tags:
  - NIST-800-53-AC-6(1)
  - NIST-800-53-CM-6(a)
  - PCI-DSSv4-2.2
  - PCI-DSSv4-2.2.6
  - configure_strategy
  - file_owner_cron_monthly
  - low_complexity
  - low_disruption
  - medium_severity
  - no_reboot_needed

- name: Ensure owner on directory /etc/cron.monthly/
  file:
    path: /etc/cron.monthly/
    state: directory
    owner: '0'
  when: '"linux-base" in ansible_facts.packages'
  tags:
  - NIST-800-53-AC-6(1)
  - NIST-800-53-CM-6(a)
  - PCI-DSSv4-2.2
  - PCI-DSSv4-2.2.6
  - configure_strategy
  - file_owner_cron_monthly
  - low_complexity
  - low_disruption
  - medium_severity
  - no_reboot_needed
</fix>
        <fix xmlns:xhtml="http://www.w3.org/1999/xhtml" id="file_owner_cron_monthly" system="urn:xccdf:fix:script:sh" complexity="low" disruption="low" strategy="configure"># Remediation is applicable only in certain platforms
if dpkg-query --show --showformat='${db:Status-Status}
' 'linux-base' 2&gt;/dev/null | grep -q ^installed; then

find -H /etc/cron.monthly/ -maxdepth 1 -type d -exec chown -L 0 {} \;

else
    &gt;&amp;2 echo 'Remediation is not applicable, nothing was done'
fi
</fix>
        <check system="http://oval.mitre.org/XMLSchema/oval-definitions-5">
          <check-content-ref name="oval:ssg-file_owner_cron_monthly:def:1" href="ssg-ubuntu2404-oval.xml"/>
        </check>
        <check system="http://scap.nist.gov/schema/ocil/2">
          <check-content-ref name="ocil:ssg-file_owner_cron_monthly_ocil:questionnaire:1" href="ssg-ubuntu2404-ocil.xml"/>
        </check>
      </Rule>
      <Rule id="xccdf_org.ssgproject.content_rule_file_owner_cron_weekly" selected="false" role="full" severity="medium">
        <title xmlns:xhtml="http://www.w3.org/1999/xhtml" xml:lang="en-US">Verify Owner on cron.weekly</title>
        <description xmlns:xhtml="http://www.w3.org/1999/xhtml" xml:lang="en-US">
To properly set the owner of <html:code xmlns:html="http://www.w3.org/1999/xhtml">/etc/cron.weekly</html:code>, run the command:
<html:pre xmlns:html="http://www.w3.org/1999/xhtml">$ sudo chown root /etc/cron.weekly </html:pre>
      </description>
        <reference href="https://www.cisecurity.org/controls/">12</reference>
        <reference href="https://www.cisecurity.org/controls/">13</reference>
        <reference href="https://www.cisecurity.org/controls/">14</reference>
        <reference href="https://www.cisecurity.org/controls/">15</reference>
        <reference href="https://www.cisecurity.org/controls/">16</reference>
        <reference href="https://www.cisecurity.org/controls/">18</reference>
        <reference href="https://www.cisecurity.org/controls/">3</reference>
        <reference href="https://www.cisecurity.org/controls/">5</reference>
        <reference href="https://www.isaca.org/resources/cobit">APO01.06</reference>
        <reference href="https://www.isaca.org/resources/cobit">DSS05.04</reference>
        <reference href="https://www.isaca.org/resources/cobit">DSS05.07</reference>
        <reference href="https://www.isaca.org/resources/cobit">DSS06.02</reference>
        <reference href="https://public.cyber.mil/stigs/cci/">CCI-000366</reference>
        <reference href="https://www.isa.org/products/isa-62443-2-1-2009-security-for-industrial-automat">4.3.3.7.3</reference>
        <reference href="https://www.isa.org/products/ansi-isa-62443-3-3-99-03-03-2013-security-for-indu">SR 2.1</reference>
        <reference href="https://www.isa.org/products/ansi-isa-62443-3-3-99-03-03-2013-security-for-indu">SR 5.2</reference>
        <reference href="https://www.iso.org/contents/data/standard/05/45/54534.html">A.10.1.1</reference>
        <reference href="https://www.iso.org/contents/data/standard/05/45/54534.html">A.11.1.4</reference>
        <reference href="https://www.iso.org/contents/data/standard/05/45/54534.html">A.11.1.5</reference>
        <reference href="https://www.iso.org/contents/data/standard/05/45/54534.html">A.11.2.1</reference>
        <reference href="https://www.iso.org/contents/data/standard/05/45/54534.html">A.13.1.1</reference>
        <reference href="https://www.iso.org/contents/data/standard/05/45/54534.html">A.13.1.3</reference>
        <reference href="https://www.iso.org/contents/data/standard/05/45/54534.html">A.13.2.1</reference>
        <reference href="https://www.iso.org/contents/data/standard/05/45/54534.html">A.13.2.3</reference>
        <reference href="https://www.iso.org/contents/data/standard/05/45/54534.html">A.13.2.4</reference>
        <reference href="https://www.iso.org/contents/data/standard/05/45/54534.html">A.14.1.2</reference>
        <reference href="https://www.iso.org/contents/data/standard/05/45/54534.html">A.14.1.3</reference>
        <reference href="https://www.iso.org/contents/data/standard/05/45/54534.html">A.6.1.2</reference>
        <reference href="https://www.iso.org/contents/data/standard/05/45/54534.html">A.7.1.1</reference>
        <reference href="https://www.iso.org/contents/data/standard/05/45/54534.html">A.7.1.2</reference>
        <reference href="https://www.iso.org/contents/data/standard/05/45/54534.html">A.7.3.1</reference>
        <reference href="https://www.iso.org/contents/data/standard/05/45/54534.html">A.8.2.2</reference>
        <reference href="https://www.iso.org/contents/data/standard/05/45/54534.html">A.8.2.3</reference>
        <reference href="https://www.iso.org/contents/data/standard/05/45/54534.html">A.9.1.1</reference>
        <reference href="https://www.iso.org/contents/data/standard/05/45/54534.html">A.9.1.2</reference>
        <reference href="https://www.iso.org/contents/data/standard/05/45/54534.html">A.9.2.3</reference>
        <reference href="https://www.iso.org/contents/data/standard/05/45/54534.html">A.9.4.1</reference>
        <reference href="https://www.iso.org/contents/data/standard/05/45/54534.html">A.9.4.4</reference>
        <reference href="https://www.iso.org/contents/data/standard/05/45/54534.html">A.9.4.5</reference>
        <reference href="http://nvlpubs.nist.gov/nistpubs/SpecialPublications/NIST.SP.800-53r4.pdf">CM-6(a)</reference>
        <reference href="http://nvlpubs.nist.gov/nistpubs/SpecialPublications/NIST.SP.800-53r4.pdf">AC-6(1)</reference>
        <reference href="https://nvlpubs.nist.gov/nistpubs/CSWP/NIST.CSWP.04162018.pdf">PR.AC-4</reference>
        <reference href="https://nvlpubs.nist.gov/nistpubs/CSWP/NIST.CSWP.04162018.pdf">PR.DS-5</reference>
        <reference href="https://public.cyber.mil/stigs/downloads/?_dl_facet_stigs=operating-systems%2Cgeneral-purpose-os">SRG-OS-000480-GPOS-00227</reference>
        <reference href="https://www.cisecurity.org/benchmark/ubuntu_linux/">2.4.1.5</reference>
        <reference href="https://docs-prv.pcisecuritystandards.org/PCI%20DSS/Standard/PCI-DSS-v4_0.pdf">2.2.6</reference>
        <reference href="https://docs-prv.pcisecuritystandards.org/PCI%20DSS/Standard/PCI-DSS-v4_0.pdf">2.2</reference>
        <rationale xmlns:xhtml="http://www.w3.org/1999/xhtml" xml:lang="en-US">Service configuration files enable or disable features of their respective services that if configured incorrectly
can lead to insecure and vulnerable configurations. Therefore, service configuration files should be owned by the
correct user to prevent unauthorized changes.</rationale>
        <fix xmlns:xhtml="http://www.w3.org/1999/xhtml" id="file_owner_cron_weekly" system="urn:xccdf:fix:script:ansible" complexity="low" disruption="low" strategy="configure">- name: Gather the package facts
  package_facts:
    manager: auto
  tags:
  - NIST-800-53-AC-6(1)
  - NIST-800-53-CM-6(a)
  - PCI-DSSv4-2.2
  - PCI-DSSv4-2.2.6
  - configure_strategy
  - file_owner_cron_weekly
  - low_complexity
  - low_disruption
  - medium_severity
  - no_reboot_needed

- name: Ensure owner on directory /etc/cron.weekly/
  file:
    path: /etc/cron.weekly/
    state: directory
    owner: '0'
  when: '"linux-base" in ansible_facts.packages'
  tags:
  - NIST-800-53-AC-6(1)
  - NIST-800-53-CM-6(a)
  - PCI-DSSv4-2.2
  - PCI-DSSv4-2.2.6
  - configure_strategy
  - file_owner_cron_weekly
  - low_complexity
  - low_disruption
  - medium_severity
  - no_reboot_needed
</fix>
        <fix xmlns:xhtml="http://www.w3.org/1999/xhtml" id="file_owner_cron_weekly" system="urn:xccdf:fix:script:sh" complexity="low" disruption="low" strategy="configure"># Remediation is applicable only in certain platforms
if dpkg-query --show --showformat='${db:Status-Status}
' 'linux-base' 2&gt;/dev/null | grep -q ^installed; then

find -H /etc/cron.weekly/ -maxdepth 1 -type d -exec chown -L 0 {} \;

else
    &gt;&amp;2 echo 'Remediation is not applicable, nothing was done'
fi
</fix>
        <check system="http://oval.mitre.org/XMLSchema/oval-definitions-5">
          <check-content-ref name="oval:ssg-file_owner_cron_weekly:def:1" href="ssg-ubuntu2404-oval.xml"/>
        </check>
        <check system="http://scap.nist.gov/schema/ocil/2">
          <check-content-ref name="ocil:ssg-file_owner_cron_weekly_ocil:questionnaire:1" href="ssg-ubuntu2404-ocil.xml"/>
        </check>
      </Rule>
      <Rule id="xccdf_org.ssgproject.content_rule_file_owner_crontab" selected="false" role="full" severity="medium">
        <title xmlns:xhtml="http://www.w3.org/1999/xhtml" xml:lang="en-US">Verify Owner on crontab</title>
        <description xmlns:xhtml="http://www.w3.org/1999/xhtml" xml:lang="en-US">
To properly set the owner of <html:code xmlns:html="http://www.w3.org/1999/xhtml">/etc/crontab</html:code>, run the command:
<html:pre xmlns:html="http://www.w3.org/1999/xhtml">$ sudo chown root /etc/crontab </html:pre>
      </description>
        <reference href="https://www.cisecurity.org/controls/">12</reference>
        <reference href="https://www.cisecurity.org/controls/">13</reference>
        <reference href="https://www.cisecurity.org/controls/">14</reference>
        <reference href="https://www.cisecurity.org/controls/">15</reference>
        <reference href="https://www.cisecurity.org/controls/">16</reference>
        <reference href="https://www.cisecurity.org/controls/">18</reference>
        <reference href="https://www.cisecurity.org/controls/">3</reference>
        <reference href="https://www.cisecurity.org/controls/">5</reference>
        <reference href="https://www.isaca.org/resources/cobit">APO01.06</reference>
        <reference href="https://www.isaca.org/resources/cobit">DSS05.04</reference>
        <reference href="https://www.isaca.org/resources/cobit">DSS05.07</reference>
        <reference href="https://www.isaca.org/resources/cobit">DSS06.02</reference>
        <reference href="https://public.cyber.mil/stigs/cci/">CCI-000366</reference>
        <reference href="https://www.isa.org/products/isa-62443-2-1-2009-security-for-industrial-automat">4.3.3.7.3</reference>
        <reference href="https://www.isa.org/products/ansi-isa-62443-3-3-99-03-03-2013-security-for-indu">SR 2.1</reference>
        <reference href="https://www.isa.org/products/ansi-isa-62443-3-3-99-03-03-2013-security-for-indu">SR 5.2</reference>
        <reference href="https://www.iso.org/contents/data/standard/05/45/54534.html">A.10.1.1</reference>
        <reference href="https://www.iso.org/contents/data/standard/05/45/54534.html">A.11.1.4</reference>
        <reference href="https://www.iso.org/contents/data/standard/05/45/54534.html">A.11.1.5</reference>
        <reference href="https://www.iso.org/contents/data/standard/05/45/54534.html">A.11.2.1</reference>
        <reference href="https://www.iso.org/contents/data/standard/05/45/54534.html">A.13.1.1</reference>
        <reference href="https://www.iso.org/contents/data/standard/05/45/54534.html">A.13.1.3</reference>
        <reference href="https://www.iso.org/contents/data/standard/05/45/54534.html">A.13.2.1</reference>
        <reference href="https://www.iso.org/contents/data/standard/05/45/54534.html">A.13.2.3</reference>
        <reference href="https://www.iso.org/contents/data/standard/05/45/54534.html">A.13.2.4</reference>
        <reference href="https://www.iso.org/contents/data/standard/05/45/54534.html">A.14.1.2</reference>
        <reference href="https://www.iso.org/contents/data/standard/05/45/54534.html">A.14.1.3</reference>
        <reference href="https://www.iso.org/contents/data/standard/05/45/54534.html">A.6.1.2</reference>
        <reference href="https://www.iso.org/contents/data/standard/05/45/54534.html">A.7.1.1</reference>
        <reference href="https://www.iso.org/contents/data/standard/05/45/54534.html">A.7.1.2</reference>
        <reference href="https://www.iso.org/contents/data/standard/05/45/54534.html">A.7.3.1</reference>
        <reference href="https://www.iso.org/contents/data/standard/05/45/54534.html">A.8.2.2</reference>
        <reference href="https://www.iso.org/contents/data/standard/05/45/54534.html">A.8.2.3</reference>
        <reference href="https://www.iso.org/contents/data/standard/05/45/54534.html">A.9.1.1</reference>
        <reference href="https://www.iso.org/contents/data/standard/05/45/54534.html">A.9.1.2</reference>
        <reference href="https://www.iso.org/contents/data/standard/05/45/54534.html">A.9.2.3</reference>
        <reference href="https://www.iso.org/contents/data/standard/05/45/54534.html">A.9.4.1</reference>
        <reference href="https://www.iso.org/contents/data/standard/05/45/54534.html">A.9.4.4</reference>
        <reference href="https://www.iso.org/contents/data/standard/05/45/54534.html">A.9.4.5</reference>
        <reference href="http://nvlpubs.nist.gov/nistpubs/SpecialPublications/NIST.SP.800-53r4.pdf">CM-6(a)</reference>
        <reference href="http://nvlpubs.nist.gov/nistpubs/SpecialPublications/NIST.SP.800-53r4.pdf">AC-6(1)</reference>
        <reference href="https://nvlpubs.nist.gov/nistpubs/CSWP/NIST.CSWP.04162018.pdf">PR.AC-4</reference>
        <reference href="https://nvlpubs.nist.gov/nistpubs/CSWP/NIST.CSWP.04162018.pdf">PR.DS-5</reference>
        <reference href="https://public.cyber.mil/stigs/downloads/?_dl_facet_stigs=operating-systems%2Cgeneral-purpose-os">SRG-OS-000480-GPOS-00227</reference>
        <reference href="https://www.cisecurity.org/benchmark/ubuntu_linux/">2.4.1.2</reference>
        <reference href="https://docs-prv.pcisecuritystandards.org/PCI%20DSS/Standard/PCI-DSS-v4_0.pdf">2.2.6</reference>
        <reference href="https://docs-prv.pcisecuritystandards.org/PCI%20DSS/Standard/PCI-DSS-v4_0.pdf">2.2</reference>
        <rationale xmlns:xhtml="http://www.w3.org/1999/xhtml" xml:lang="en-US">Service configuration files enable or disable features of their respective services that if configured incorrectly
can lead to insecure and vulnerable configurations. Therefore, service configuration files should be owned by the
correct user to prevent unauthorized changes.</rationale>
        <fix xmlns:xhtml="http://www.w3.org/1999/xhtml" id="file_owner_crontab" system="urn:xccdf:fix:script:ansible" complexity="low" disruption="low" strategy="configure">- name: Gather the package facts
  package_facts:
    manager: auto
  tags:
  - NIST-800-53-AC-6(1)
  - NIST-800-53-CM-6(a)
  - PCI-DSSv4-2.2
  - PCI-DSSv4-2.2.6
  - configure_strategy
  - file_owner_crontab
  - low_complexity
  - low_disruption
  - medium_severity
  - no_reboot_needed

- name: Test for existence /etc/crontab
  stat:
    path: /etc/crontab
  register: file_exists
  when: '"linux-base" in ansible_facts.packages'
  tags:
  - NIST-800-53-AC-6(1)
  - NIST-800-53-CM-6(a)
  - PCI-DSSv4-2.2
  - PCI-DSSv4-2.2.6
  - configure_strategy
  - file_owner_crontab
  - low_complexity
  - low_disruption
  - medium_severity
  - no_reboot_needed

- name: Ensure owner 0 on /etc/crontab
  file:
    path: /etc/crontab
    owner: '0'
  when:
  - '"linux-base" in ansible_facts.packages'
  - file_exists.stat is defined and file_exists.stat.exists
  tags:
  - NIST-800-53-AC-6(1)
  - NIST-800-53-CM-6(a)
  - PCI-DSSv4-2.2
  - PCI-DSSv4-2.2.6
  - configure_strategy
  - file_owner_crontab
  - low_complexity
  - low_disruption
  - medium_severity
  - no_reboot_needed
</fix>
        <fix xmlns:xhtml="http://www.w3.org/1999/xhtml" id="file_owner_crontab" system="urn:xccdf:fix:script:sh" complexity="low" disruption="low" strategy="configure"># Remediation is applicable only in certain platforms
if dpkg-query --show --showformat='${db:Status-Status}
' 'linux-base' 2&gt;/dev/null | grep -q ^installed; then

chown 0 /etc/crontab

else
    &gt;&amp;2 echo 'Remediation is not applicable, nothing was done'
fi
</fix>
        <check system="http://oval.mitre.org/XMLSchema/oval-definitions-5">
          <check-content-ref name="oval:ssg-file_owner_crontab:def:1" href="ssg-ubuntu2404-oval.xml"/>
        </check>
        <check system="http://scap.nist.gov/schema/ocil/2">
          <check-content-ref name="ocil:ssg-file_owner_crontab_ocil:questionnaire:1" href="ssg-ubuntu2404-ocil.xml"/>
        </check>
      </Rule>
      <Rule id="xccdf_org.ssgproject.content_rule_file_permissions_cron_d" selected="false" role="full" severity="medium">
        <title xmlns:xhtml="http://www.w3.org/1999/xhtml" xml:lang="en-US">Verify Permissions on cron.d</title>
        <description xmlns:xhtml="http://www.w3.org/1999/xhtml" xml:lang="en-US">
To properly set the permissions of <html:code xmlns:html="http://www.w3.org/1999/xhtml">/etc/cron.d</html:code>, run the command:
<html:pre xmlns:html="http://www.w3.org/1999/xhtml">$ sudo chmod 0700 /etc/cron.d</html:pre>
      </description>
        <reference href="https://www.cisecurity.org/controls/">12</reference>
        <reference href="https://www.cisecurity.org/controls/">13</reference>
        <reference href="https://www.cisecurity.org/controls/">14</reference>
        <reference href="https://www.cisecurity.org/controls/">15</reference>
        <reference href="https://www.cisecurity.org/controls/">16</reference>
        <reference href="https://www.cisecurity.org/controls/">18</reference>
        <reference href="https://www.cisecurity.org/controls/">3</reference>
        <reference href="https://www.cisecurity.org/controls/">5</reference>
        <reference href="https://www.isaca.org/resources/cobit">APO01.06</reference>
        <reference href="https://www.isaca.org/resources/cobit">DSS05.04</reference>
        <reference href="https://www.isaca.org/resources/cobit">DSS05.07</reference>
        <reference href="https://www.isaca.org/resources/cobit">DSS06.02</reference>
        <reference href="https://public.cyber.mil/stigs/cci/">CCI-000366</reference>
        <reference href="https://www.isa.org/products/isa-62443-2-1-2009-security-for-industrial-automat">4.3.3.7.3</reference>
        <reference href="https://www.isa.org/products/ansi-isa-62443-3-3-99-03-03-2013-security-for-indu">SR 2.1</reference>
        <reference href="https://www.isa.org/products/ansi-isa-62443-3-3-99-03-03-2013-security-for-indu">SR 5.2</reference>
        <reference href="https://www.iso.org/contents/data/standard/05/45/54534.html">A.10.1.1</reference>
        <reference href="https://www.iso.org/contents/data/standard/05/45/54534.html">A.11.1.4</reference>
        <reference href="https://www.iso.org/contents/data/standard/05/45/54534.html">A.11.1.5</reference>
        <reference href="https://www.iso.org/contents/data/standard/05/45/54534.html">A.11.2.1</reference>
        <reference href="https://www.iso.org/contents/data/standard/05/45/54534.html">A.13.1.1</reference>
        <reference href="https://www.iso.org/contents/data/standard/05/45/54534.html">A.13.1.3</reference>
        <reference href="https://www.iso.org/contents/data/standard/05/45/54534.html">A.13.2.1</reference>
        <reference href="https://www.iso.org/contents/data/standard/05/45/54534.html">A.13.2.3</reference>
        <reference href="https://www.iso.org/contents/data/standard/05/45/54534.html">A.13.2.4</reference>
        <reference href="https://www.iso.org/contents/data/standard/05/45/54534.html">A.14.1.2</reference>
        <reference href="https://www.iso.org/contents/data/standard/05/45/54534.html">A.14.1.3</reference>
        <reference href="https://www.iso.org/contents/data/standard/05/45/54534.html">A.6.1.2</reference>
        <reference href="https://www.iso.org/contents/data/standard/05/45/54534.html">A.7.1.1</reference>
        <reference href="https://www.iso.org/contents/data/standard/05/45/54534.html">A.7.1.2</reference>
        <reference href="https://www.iso.org/contents/data/standard/05/45/54534.html">A.7.3.1</reference>
        <reference href="https://www.iso.org/contents/data/standard/05/45/54534.html">A.8.2.2</reference>
        <reference href="https://www.iso.org/contents/data/standard/05/45/54534.html">A.8.2.3</reference>
        <reference href="https://www.iso.org/contents/data/standard/05/45/54534.html">A.9.1.1</reference>
        <reference href="https://www.iso.org/contents/data/standard/05/45/54534.html">A.9.1.2</reference>
        <reference href="https://www.iso.org/contents/data/standard/05/45/54534.html">A.9.2.3</reference>
        <reference href="https://www.iso.org/contents/data/standard/05/45/54534.html">A.9.4.1</reference>
        <reference href="https://www.iso.org/contents/data/standard/05/45/54534.html">A.9.4.4</reference>
        <reference href="https://www.iso.org/contents/data/standard/05/45/54534.html">A.9.4.5</reference>
        <reference href="http://nvlpubs.nist.gov/nistpubs/SpecialPublications/NIST.SP.800-53r4.pdf">CM-6(a)</reference>
        <reference href="http://nvlpubs.nist.gov/nistpubs/SpecialPublications/NIST.SP.800-53r4.pdf">AC-6(1)</reference>
        <reference href="https://nvlpubs.nist.gov/nistpubs/CSWP/NIST.CSWP.04162018.pdf">PR.AC-4</reference>
        <reference href="https://nvlpubs.nist.gov/nistpubs/CSWP/NIST.CSWP.04162018.pdf">PR.DS-5</reference>
        <reference href="https://public.cyber.mil/stigs/downloads/?_dl_facet_stigs=operating-systems%2Cgeneral-purpose-os">SRG-OS-000480-GPOS-00227</reference>
        <reference href="https://www.cisecurity.org/benchmark/ubuntu_linux/">2.4.1.7</reference>
        <reference href="https://docs-prv.pcisecuritystandards.org/PCI%20DSS/Standard/PCI-DSS-v4_0.pdf">2.2.6</reference>
        <reference href="https://docs-prv.pcisecuritystandards.org/PCI%20DSS/Standard/PCI-DSS-v4_0.pdf">2.2</reference>
        <rationale xmlns:xhtml="http://www.w3.org/1999/xhtml" xml:lang="en-US">Service configuration files enable or disable features of their respective services that if configured incorrectly
can lead to insecure and vulnerable configurations. Therefore, service configuration files should have the
correct access rights to prevent unauthorized changes.</rationale>
        <fix xmlns:xhtml="http://www.w3.org/1999/xhtml" id="file_permissions_cron_d" system="urn:xccdf:fix:script:ansible" complexity="low" disruption="low" strategy="configure">- name: Gather the package facts
  package_facts:
    manager: auto
  tags:
  - NIST-800-53-AC-6(1)
  - NIST-800-53-CM-6(a)
  - PCI-DSSv4-2.2
  - PCI-DSSv4-2.2.6
  - configure_strategy
  - file_permissions_cron_d
  - low_complexity
  - low_disruption
  - medium_severity
  - no_reboot_needed

- name: Find /etc/cron.d/ file(s)
  command: 'find -H /etc/cron.d/ -maxdepth 1 -perm /u+s,g+xwrs,o+xwrt  -type d '
  register: files_found
  changed_when: false
  failed_when: false
  check_mode: false
  when: '"linux-base" in ansible_facts.packages'
  tags:
  - NIST-800-53-AC-6(1)
  - NIST-800-53-CM-6(a)
  - PCI-DSSv4-2.2
  - PCI-DSSv4-2.2.6
  - configure_strategy
  - file_permissions_cron_d
  - low_complexity
  - low_disruption
  - medium_severity
  - no_reboot_needed

- name: Set permissions for /etc/cron.d/ file(s)
  file:
    path: '{{ item }}'
    mode: u-s,g-xwrs,o-xwrt
    state: directory
  with_items:
  - '{{ files_found.stdout_lines }}'
  when: '"linux-base" in ansible_facts.packages'
  tags:
  - NIST-800-53-AC-6(1)
  - NIST-800-53-CM-6(a)
  - PCI-DSSv4-2.2
  - PCI-DSSv4-2.2.6
  - configure_strategy
  - file_permissions_cron_d
  - low_complexity
  - low_disruption
  - medium_severity
  - no_reboot_needed
</fix>
        <fix xmlns:xhtml="http://www.w3.org/1999/xhtml" id="file_permissions_cron_d" system="urn:xccdf:fix:script:sh" complexity="low" disruption="low" strategy="configure"># Remediation is applicable only in certain platforms
if dpkg-query --show --showformat='${db:Status-Status}
' 'linux-base' 2&gt;/dev/null | grep -q ^installed; then

find -H /etc/cron.d/ -maxdepth 1 -perm /u+s,g+xwrs,o+xwrt -type d -exec chmod u-s,g-xwrs,o-xwrt {} \;

else
    &gt;&amp;2 echo 'Remediation is not applicable, nothing was done'
fi
</fix>
        <check system="http://oval.mitre.org/XMLSchema/oval-definitions-5">
          <check-content-ref name="oval:ssg-file_permissions_cron_d:def:1" href="ssg-ubuntu2404-oval.xml"/>
        </check>
        <check system="http://scap.nist.gov/schema/ocil/2">
          <check-content-ref name="ocil:ssg-file_permissions_cron_d_ocil:questionnaire:1" href="ssg-ubuntu2404-ocil.xml"/>
        </check>
      </Rule>
      <Rule id="xccdf_org.ssgproject.content_rule_file_permissions_cron_daily" selected="false" role="full" severity="medium">
        <title xmlns:xhtml="http://www.w3.org/1999/xhtml" xml:lang="en-US">Verify Permissions on cron.daily</title>
        <description xmlns:xhtml="http://www.w3.org/1999/xhtml" xml:lang="en-US">
To properly set the permissions of <html:code xmlns:html="http://www.w3.org/1999/xhtml">/etc/cron.daily</html:code>, run the command:
<html:pre xmlns:html="http://www.w3.org/1999/xhtml">$ sudo chmod 0700 /etc/cron.daily</html:pre>
      </description>
        <reference href="https://www.cisecurity.org/controls/">12</reference>
        <reference href="https://www.cisecurity.org/controls/">13</reference>
        <reference href="https://www.cisecurity.org/controls/">14</reference>
        <reference href="https://www.cisecurity.org/controls/">15</reference>
        <reference href="https://www.cisecurity.org/controls/">16</reference>
        <reference href="https://www.cisecurity.org/controls/">18</reference>
        <reference href="https://www.cisecurity.org/controls/">3</reference>
        <reference href="https://www.cisecurity.org/controls/">5</reference>
        <reference href="https://www.isaca.org/resources/cobit">APO01.06</reference>
        <reference href="https://www.isaca.org/resources/cobit">DSS05.04</reference>
        <reference href="https://www.isaca.org/resources/cobit">DSS05.07</reference>
        <reference href="https://www.isaca.org/resources/cobit">DSS06.02</reference>
        <reference href="https://public.cyber.mil/stigs/cci/">CCI-000366</reference>
        <reference href="https://www.isa.org/products/isa-62443-2-1-2009-security-for-industrial-automat">4.3.3.7.3</reference>
        <reference href="https://www.isa.org/products/ansi-isa-62443-3-3-99-03-03-2013-security-for-indu">SR 2.1</reference>
        <reference href="https://www.isa.org/products/ansi-isa-62443-3-3-99-03-03-2013-security-for-indu">SR 5.2</reference>
        <reference href="https://www.iso.org/contents/data/standard/05/45/54534.html">A.10.1.1</reference>
        <reference href="https://www.iso.org/contents/data/standard/05/45/54534.html">A.11.1.4</reference>
        <reference href="https://www.iso.org/contents/data/standard/05/45/54534.html">A.11.1.5</reference>
        <reference href="https://www.iso.org/contents/data/standard/05/45/54534.html">A.11.2.1</reference>
        <reference href="https://www.iso.org/contents/data/standard/05/45/54534.html">A.13.1.1</reference>
        <reference href="https://www.iso.org/contents/data/standard/05/45/54534.html">A.13.1.3</reference>
        <reference href="https://www.iso.org/contents/data/standard/05/45/54534.html">A.13.2.1</reference>
        <reference href="https://www.iso.org/contents/data/standard/05/45/54534.html">A.13.2.3</reference>
        <reference href="https://www.iso.org/contents/data/standard/05/45/54534.html">A.13.2.4</reference>
        <reference href="https://www.iso.org/contents/data/standard/05/45/54534.html">A.14.1.2</reference>
        <reference href="https://www.iso.org/contents/data/standard/05/45/54534.html">A.14.1.3</reference>
        <reference href="https://www.iso.org/contents/data/standard/05/45/54534.html">A.6.1.2</reference>
        <reference href="https://www.iso.org/contents/data/standard/05/45/54534.html">A.7.1.1</reference>
        <reference href="https://www.iso.org/contents/data/standard/05/45/54534.html">A.7.1.2</reference>
        <reference href="https://www.iso.org/contents/data/standard/05/45/54534.html">A.7.3.1</reference>
        <reference href="https://www.iso.org/contents/data/standard/05/45/54534.html">A.8.2.2</reference>
        <reference href="https://www.iso.org/contents/data/standard/05/45/54534.html">A.8.2.3</reference>
        <reference href="https://www.iso.org/contents/data/standard/05/45/54534.html">A.9.1.1</reference>
        <reference href="https://www.iso.org/contents/data/standard/05/45/54534.html">A.9.1.2</reference>
        <reference href="https://www.iso.org/contents/data/standard/05/45/54534.html">A.9.2.3</reference>
        <reference href="https://www.iso.org/contents/data/standard/05/45/54534.html">A.9.4.1</reference>
        <reference href="https://www.iso.org/contents/data/standard/05/45/54534.html">A.9.4.4</reference>
        <reference href="https://www.iso.org/contents/data/standard/05/45/54534.html">A.9.4.5</reference>
        <reference href="http://nvlpubs.nist.gov/nistpubs/SpecialPublications/NIST.SP.800-53r4.pdf">CM-6(a)</reference>
        <reference href="http://nvlpubs.nist.gov/nistpubs/SpecialPublications/NIST.SP.800-53r4.pdf">AC-6(1)</reference>
        <reference href="https://nvlpubs.nist.gov/nistpubs/CSWP/NIST.CSWP.04162018.pdf">PR.AC-4</reference>
        <reference href="https://nvlpubs.nist.gov/nistpubs/CSWP/NIST.CSWP.04162018.pdf">PR.DS-5</reference>
        <reference href="https://public.cyber.mil/stigs/downloads/?_dl_facet_stigs=operating-systems%2Cgeneral-purpose-os">SRG-OS-000480-GPOS-00227</reference>
        <reference href="https://www.cisecurity.org/benchmark/ubuntu_linux/">2.4.1.4</reference>
        <reference href="https://docs-prv.pcisecuritystandards.org/PCI%20DSS/Standard/PCI-DSS-v4_0.pdf">2.2.6</reference>
        <reference href="https://docs-prv.pcisecuritystandards.org/PCI%20DSS/Standard/PCI-DSS-v4_0.pdf">2.2</reference>
        <rationale xmlns:xhtml="http://www.w3.org/1999/xhtml" xml:lang="en-US">Service configuration files enable or disable features of their respective services that if configured incorrectly
can lead to insecure and vulnerable configurations. Therefore, service configuration files should have the
correct access rights to prevent unauthorized changes.</rationale>
        <fix xmlns:xhtml="http://www.w3.org/1999/xhtml" id="file_permissions_cron_daily" system="urn:xccdf:fix:script:ansible" complexity="low" disruption="low" strategy="configure">- name: Gather the package facts
  package_facts:
    manager: auto
  tags:
  - NIST-800-53-AC-6(1)
  - NIST-800-53-CM-6(a)
  - PCI-DSSv4-2.2
  - PCI-DSSv4-2.2.6
  - configure_strategy
  - file_permissions_cron_daily
  - low_complexity
  - low_disruption
  - medium_severity
  - no_reboot_needed

- name: Find /etc/cron.daily/ file(s)
  command: 'find -H /etc/cron.daily/ -maxdepth 1 -perm /u+s,g+xwrs,o+xwrt  -type d '
  register: files_found
  changed_when: false
  failed_when: false
  check_mode: false
  when: '"linux-base" in ansible_facts.packages'
  tags:
  - NIST-800-53-AC-6(1)
  - NIST-800-53-CM-6(a)
  - PCI-DSSv4-2.2
  - PCI-DSSv4-2.2.6
  - configure_strategy
  - file_permissions_cron_daily
  - low_complexity
  - low_disruption
  - medium_severity
  - no_reboot_needed

- name: Set permissions for /etc/cron.daily/ file(s)
  file:
    path: '{{ item }}'
    mode: u-s,g-xwrs,o-xwrt
    state: directory
  with_items:
  - '{{ files_found.stdout_lines }}'
  when: '"linux-base" in ansible_facts.packages'
  tags:
  - NIST-800-53-AC-6(1)
  - NIST-800-53-CM-6(a)
  - PCI-DSSv4-2.2
  - PCI-DSSv4-2.2.6
  - configure_strategy
  - file_permissions_cron_daily
  - low_complexity
  - low_disruption
  - medium_severity
  - no_reboot_needed
</fix>
        <fix xmlns:xhtml="http://www.w3.org/1999/xhtml" id="file_permissions_cron_daily" system="urn:xccdf:fix:script:sh" complexity="low" disruption="low" strategy="configure"># Remediation is applicable only in certain platforms
if dpkg-query --show --showformat='${db:Status-Status}
' 'linux-base' 2&gt;/dev/null | grep -q ^installed; then

find -H /etc/cron.daily/ -maxdepth 1 -perm /u+s,g+xwrs,o+xwrt -type d -exec chmod u-s,g-xwrs,o-xwrt {} \;

else
    &gt;&amp;2 echo 'Remediation is not applicable, nothing was done'
fi
</fix>
        <check system="http://oval.mitre.org/XMLSchema/oval-definitions-5">
          <check-content-ref name="oval:ssg-file_permissions_cron_daily:def:1" href="ssg-ubuntu2404-oval.xml"/>
        </check>
        <check system="http://scap.nist.gov/schema/ocil/2">
          <check-content-ref name="ocil:ssg-file_permissions_cron_daily_ocil:questionnaire:1" href="ssg-ubuntu2404-ocil.xml"/>
        </check>
      </Rule>
      <Rule id="xccdf_org.ssgproject.content_rule_file_permissions_cron_hourly" selected="false" role="full" severity="medium">
        <title xmlns:xhtml="http://www.w3.org/1999/xhtml" xml:lang="en-US">Verify Permissions on cron.hourly</title>
        <description xmlns:xhtml="http://www.w3.org/1999/xhtml" xml:lang="en-US">
To properly set the permissions of <html:code xmlns:html="http://www.w3.org/1999/xhtml">/etc/cron.hourly</html:code>, run the command:
<html:pre xmlns:html="http://www.w3.org/1999/xhtml">$ sudo chmod 0700 /etc/cron.hourly</html:pre>
      </description>
        <reference href="https://www.cisecurity.org/controls/">12</reference>
        <reference href="https://www.cisecurity.org/controls/">13</reference>
        <reference href="https://www.cisecurity.org/controls/">14</reference>
        <reference href="https://www.cisecurity.org/controls/">15</reference>
        <reference href="https://www.cisecurity.org/controls/">16</reference>
        <reference href="https://www.cisecurity.org/controls/">18</reference>
        <reference href="https://www.cisecurity.org/controls/">3</reference>
        <reference href="https://www.cisecurity.org/controls/">5</reference>
        <reference href="https://www.isaca.org/resources/cobit">APO01.06</reference>
        <reference href="https://www.isaca.org/resources/cobit">DSS05.04</reference>
        <reference href="https://www.isaca.org/resources/cobit">DSS05.07</reference>
        <reference href="https://www.isaca.org/resources/cobit">DSS06.02</reference>
        <reference href="https://public.cyber.mil/stigs/cci/">CCI-000366</reference>
        <reference href="https://www.isa.org/products/isa-62443-2-1-2009-security-for-industrial-automat">4.3.3.7.3</reference>
        <reference href="https://www.isa.org/products/ansi-isa-62443-3-3-99-03-03-2013-security-for-indu">SR 2.1</reference>
        <reference href="https://www.isa.org/products/ansi-isa-62443-3-3-99-03-03-2013-security-for-indu">SR 5.2</reference>
        <reference href="https://www.iso.org/contents/data/standard/05/45/54534.html">A.10.1.1</reference>
        <reference href="https://www.iso.org/contents/data/standard/05/45/54534.html">A.11.1.4</reference>
        <reference href="https://www.iso.org/contents/data/standard/05/45/54534.html">A.11.1.5</reference>
        <reference href="https://www.iso.org/contents/data/standard/05/45/54534.html">A.11.2.1</reference>
        <reference href="https://www.iso.org/contents/data/standard/05/45/54534.html">A.13.1.1</reference>
        <reference href="https://www.iso.org/contents/data/standard/05/45/54534.html">A.13.1.3</reference>
        <reference href="https://www.iso.org/contents/data/standard/05/45/54534.html">A.13.2.1</reference>
        <reference href="https://www.iso.org/contents/data/standard/05/45/54534.html">A.13.2.3</reference>
        <reference href="https://www.iso.org/contents/data/standard/05/45/54534.html">A.13.2.4</reference>
        <reference href="https://www.iso.org/contents/data/standard/05/45/54534.html">A.14.1.2</reference>
        <reference href="https://www.iso.org/contents/data/standard/05/45/54534.html">A.14.1.3</reference>
        <reference href="https://www.iso.org/contents/data/standard/05/45/54534.html">A.6.1.2</reference>
        <reference href="https://www.iso.org/contents/data/standard/05/45/54534.html">A.7.1.1</reference>
        <reference href="https://www.iso.org/contents/data/standard/05/45/54534.html">A.7.1.2</reference>
        <reference href="https://www.iso.org/contents/data/standard/05/45/54534.html">A.7.3.1</reference>
        <reference href="https://www.iso.org/contents/data/standard/05/45/54534.html">A.8.2.2</reference>
        <reference href="https://www.iso.org/contents/data/standard/05/45/54534.html">A.8.2.3</reference>
        <reference href="https://www.iso.org/contents/data/standard/05/45/54534.html">A.9.1.1</reference>
        <reference href="https://www.iso.org/contents/data/standard/05/45/54534.html">A.9.1.2</reference>
        <reference href="https://www.iso.org/contents/data/standard/05/45/54534.html">A.9.2.3</reference>
        <reference href="https://www.iso.org/contents/data/standard/05/45/54534.html">A.9.4.1</reference>
        <reference href="https://www.iso.org/contents/data/standard/05/45/54534.html">A.9.4.4</reference>
        <reference href="https://www.iso.org/contents/data/standard/05/45/54534.html">A.9.4.5</reference>
        <reference href="http://nvlpubs.nist.gov/nistpubs/SpecialPublications/NIST.SP.800-53r4.pdf">CM-6(a)</reference>
        <reference href="http://nvlpubs.nist.gov/nistpubs/SpecialPublications/NIST.SP.800-53r4.pdf">AC-6(1)</reference>
        <reference href="https://nvlpubs.nist.gov/nistpubs/CSWP/NIST.CSWP.04162018.pdf">PR.AC-4</reference>
        <reference href="https://nvlpubs.nist.gov/nistpubs/CSWP/NIST.CSWP.04162018.pdf">PR.DS-5</reference>
        <reference href="https://public.cyber.mil/stigs/downloads/?_dl_facet_stigs=operating-systems%2Cgeneral-purpose-os">SRG-OS-000480-GPOS-00227</reference>
        <reference href="https://www.cisecurity.org/benchmark/ubuntu_linux/">2.4.1.3</reference>
        <reference href="https://docs-prv.pcisecuritystandards.org/PCI%20DSS/Standard/PCI-DSS-v4_0.pdf">2.2.6</reference>
        <reference href="https://docs-prv.pcisecuritystandards.org/PCI%20DSS/Standard/PCI-DSS-v4_0.pdf">2.2</reference>
        <rationale xmlns:xhtml="http://www.w3.org/1999/xhtml" xml:lang="en-US">Service configuration files enable or disable features of their respective services that if configured incorrectly
can lead to insecure and vulnerable configurations. Therefore, service configuration files should have the
correct access rights to prevent unauthorized changes.</rationale>
        <fix xmlns:xhtml="http://www.w3.org/1999/xhtml" id="file_permissions_cron_hourly" system="urn:xccdf:fix:script:ansible" complexity="low" disruption="low" strategy="configure">- name: Gather the package facts
  package_facts:
    manager: auto
  tags:
  - NIST-800-53-AC-6(1)
  - NIST-800-53-CM-6(a)
  - PCI-DSSv4-2.2
  - PCI-DSSv4-2.2.6
  - configure_strategy
  - file_permissions_cron_hourly
  - low_complexity
  - low_disruption
  - medium_severity
  - no_reboot_needed

- name: Find /etc/cron.hourly/ file(s)
  command: 'find -H /etc/cron.hourly/ -maxdepth 1 -perm /u+s,g+xwrs,o+xwrt  -type
    d '
  register: files_found
  changed_when: false
  failed_when: false
  check_mode: false
  when: '"linux-base" in ansible_facts.packages'
  tags:
  - NIST-800-53-AC-6(1)
  - NIST-800-53-CM-6(a)
  - PCI-DSSv4-2.2
  - PCI-DSSv4-2.2.6
  - configure_strategy
  - file_permissions_cron_hourly
  - low_complexity
  - low_disruption
  - medium_severity
  - no_reboot_needed

- name: Set permissions for /etc/cron.hourly/ file(s)
  file:
    path: '{{ item }}'
    mode: u-s,g-xwrs,o-xwrt
    state: directory
  with_items:
  - '{{ files_found.stdout_lines }}'
  when: '"linux-base" in ansible_facts.packages'
  tags:
  - NIST-800-53-AC-6(1)
  - NIST-800-53-CM-6(a)
  - PCI-DSSv4-2.2
  - PCI-DSSv4-2.2.6
  - configure_strategy
  - file_permissions_cron_hourly
  - low_complexity
  - low_disruption
  - medium_severity
  - no_reboot_needed
</fix>
        <fix xmlns:xhtml="http://www.w3.org/1999/xhtml" id="file_permissions_cron_hourly" system="urn:xccdf:fix:script:sh" complexity="low" disruption="low" strategy="configure"># Remediation is applicable only in certain platforms
if dpkg-query --show --showformat='${db:Status-Status}
' 'linux-base' 2&gt;/dev/null | grep -q ^installed; then

find -H /etc/cron.hourly/ -maxdepth 1 -perm /u+s,g+xwrs,o+xwrt -type d -exec chmod u-s,g-xwrs,o-xwrt {} \;

else
    &gt;&amp;2 echo 'Remediation is not applicable, nothing was done'
fi
</fix>
        <check system="http://oval.mitre.org/XMLSchema/oval-definitions-5">
          <check-content-ref name="oval:ssg-file_permissions_cron_hourly:def:1" href="ssg-ubuntu2404-oval.xml"/>
        </check>
        <check system="http://scap.nist.gov/schema/ocil/2">
          <check-content-ref name="ocil:ssg-file_permissions_cron_hourly_ocil:questionnaire:1" href="ssg-ubuntu2404-ocil.xml"/>
        </check>
      </Rule>
      <Rule id="xccdf_org.ssgproject.content_rule_file_permissions_cron_monthly" selected="false" role="full" severity="medium">
        <title xmlns:xhtml="http://www.w3.org/1999/xhtml" xml:lang="en-US">Verify Permissions on cron.monthly</title>
        <description xmlns:xhtml="http://www.w3.org/1999/xhtml" xml:lang="en-US">
To properly set the permissions of <html:code xmlns:html="http://www.w3.org/1999/xhtml">/etc/cron.monthly</html:code>, run the command:
<html:pre xmlns:html="http://www.w3.org/1999/xhtml">$ sudo chmod 0700 /etc/cron.monthly</html:pre>
      </description>
        <reference href="https://www.cisecurity.org/controls/">12</reference>
        <reference href="https://www.cisecurity.org/controls/">13</reference>
        <reference href="https://www.cisecurity.org/controls/">14</reference>
        <reference href="https://www.cisecurity.org/controls/">15</reference>
        <reference href="https://www.cisecurity.org/controls/">16</reference>
        <reference href="https://www.cisecurity.org/controls/">18</reference>
        <reference href="https://www.cisecurity.org/controls/">3</reference>
        <reference href="https://www.cisecurity.org/controls/">5</reference>
        <reference href="https://www.isaca.org/resources/cobit">APO01.06</reference>
        <reference href="https://www.isaca.org/resources/cobit">DSS05.04</reference>
        <reference href="https://www.isaca.org/resources/cobit">DSS05.07</reference>
        <reference href="https://www.isaca.org/resources/cobit">DSS06.02</reference>
        <reference href="https://public.cyber.mil/stigs/cci/">CCI-000366</reference>
        <reference href="https://www.isa.org/products/isa-62443-2-1-2009-security-for-industrial-automat">4.3.3.7.3</reference>
        <reference href="https://www.isa.org/products/ansi-isa-62443-3-3-99-03-03-2013-security-for-indu">SR 2.1</reference>
        <reference href="https://www.isa.org/products/ansi-isa-62443-3-3-99-03-03-2013-security-for-indu">SR 5.2</reference>
        <reference href="https://www.iso.org/contents/data/standard/05/45/54534.html">A.10.1.1</reference>
        <reference href="https://www.iso.org/contents/data/standard/05/45/54534.html">A.11.1.4</reference>
        <reference href="https://www.iso.org/contents/data/standard/05/45/54534.html">A.11.1.5</reference>
        <reference href="https://www.iso.org/contents/data/standard/05/45/54534.html">A.11.2.1</reference>
        <reference href="https://www.iso.org/contents/data/standard/05/45/54534.html">A.13.1.1</reference>
        <reference href="https://www.iso.org/contents/data/standard/05/45/54534.html">A.13.1.3</reference>
        <reference href="https://www.iso.org/contents/data/standard/05/45/54534.html">A.13.2.1</reference>
        <reference href="https://www.iso.org/contents/data/standard/05/45/54534.html">A.13.2.3</reference>
        <reference href="https://www.iso.org/contents/data/standard/05/45/54534.html">A.13.2.4</reference>
        <reference href="https://www.iso.org/contents/data/standard/05/45/54534.html">A.14.1.2</reference>
        <reference href="https://www.iso.org/contents/data/standard/05/45/54534.html">A.14.1.3</reference>
        <reference href="https://www.iso.org/contents/data/standard/05/45/54534.html">A.6.1.2</reference>
        <reference href="https://www.iso.org/contents/data/standard/05/45/54534.html">A.7.1.1</reference>
        <reference href="https://www.iso.org/contents/data/standard/05/45/54534.html">A.7.1.2</reference>
        <reference href="https://www.iso.org/contents/data/standard/05/45/54534.html">A.7.3.1</reference>
        <reference href="https://www.iso.org/contents/data/standard/05/45/54534.html">A.8.2.2</reference>
        <reference href="https://www.iso.org/contents/data/standard/05/45/54534.html">A.8.2.3</reference>
        <reference href="https://www.iso.org/contents/data/standard/05/45/54534.html">A.9.1.1</reference>
        <reference href="https://www.iso.org/contents/data/standard/05/45/54534.html">A.9.1.2</reference>
        <reference href="https://www.iso.org/contents/data/standard/05/45/54534.html">A.9.2.3</reference>
        <reference href="https://www.iso.org/contents/data/standard/05/45/54534.html">A.9.4.1</reference>
        <reference href="https://www.iso.org/contents/data/standard/05/45/54534.html">A.9.4.4</reference>
        <reference href="https://www.iso.org/contents/data/standard/05/45/54534.html">A.9.4.5</reference>
        <reference href="http://nvlpubs.nist.gov/nistpubs/SpecialPublications/NIST.SP.800-53r4.pdf">CM-6(a)</reference>
        <reference href="http://nvlpubs.nist.gov/nistpubs/SpecialPublications/NIST.SP.800-53r4.pdf">AC-6(1)</reference>
        <reference href="https://nvlpubs.nist.gov/nistpubs/CSWP/NIST.CSWP.04162018.pdf">PR.AC-4</reference>
        <reference href="https://nvlpubs.nist.gov/nistpubs/CSWP/NIST.CSWP.04162018.pdf">PR.DS-5</reference>
        <reference href="https://public.cyber.mil/stigs/downloads/?_dl_facet_stigs=operating-systems%2Cgeneral-purpose-os">SRG-OS-000480-GPOS-00227</reference>
        <reference href="https://www.cisecurity.org/benchmark/ubuntu_linux/">2.4.1.6</reference>
        <reference href="https://docs-prv.pcisecuritystandards.org/PCI%20DSS/Standard/PCI-DSS-v4_0.pdf">2.2.6</reference>
        <reference href="https://docs-prv.pcisecuritystandards.org/PCI%20DSS/Standard/PCI-DSS-v4_0.pdf">2.2</reference>
        <rationale xmlns:xhtml="http://www.w3.org/1999/xhtml" xml:lang="en-US">Service configuration files enable or disable features of their respective services that if configured incorrectly
can lead to insecure and vulnerable configurations. Therefore, service configuration files should have the
correct access rights to prevent unauthorized changes.</rationale>
        <fix xmlns:xhtml="http://www.w3.org/1999/xhtml" id="file_permissions_cron_monthly" system="urn:xccdf:fix:script:ansible" complexity="low" disruption="low" strategy="configure">- name: Gather the package facts
  package_facts:
    manager: auto
  tags:
  - NIST-800-53-AC-6(1)
  - NIST-800-53-CM-6(a)
  - PCI-DSSv4-2.2
  - PCI-DSSv4-2.2.6
  - configure_strategy
  - file_permissions_cron_monthly
  - low_complexity
  - low_disruption
  - medium_severity
  - no_reboot_needed

- name: Find /etc/cron.monthly/ file(s)
  command: 'find -H /etc/cron.monthly/ -maxdepth 1 -perm /u+s,g+xwrs,o+xwrt  -type
    d '
  register: files_found
  changed_when: false
  failed_when: false
  check_mode: false
  when: '"linux-base" in ansible_facts.packages'
  tags:
  - NIST-800-53-AC-6(1)
  - NIST-800-53-CM-6(a)
  - PCI-DSSv4-2.2
  - PCI-DSSv4-2.2.6
  - configure_strategy
  - file_permissions_cron_monthly
  - low_complexity
  - low_disruption
  - medium_severity
  - no_reboot_needed

- name: Set permissions for /etc/cron.monthly/ file(s)
  file:
    path: '{{ item }}'
    mode: u-s,g-xwrs,o-xwrt
    state: directory
  with_items:
  - '{{ files_found.stdout_lines }}'
  when: '"linux-base" in ansible_facts.packages'
  tags:
  - NIST-800-53-AC-6(1)
  - NIST-800-53-CM-6(a)
  - PCI-DSSv4-2.2
  - PCI-DSSv4-2.2.6
  - configure_strategy
  - file_permissions_cron_monthly
  - low_complexity
  - low_disruption
  - medium_severity
  - no_reboot_needed
</fix>
        <fix xmlns:xhtml="http://www.w3.org/1999/xhtml" id="file_permissions_cron_monthly" system="urn:xccdf:fix:script:sh" complexity="low" disruption="low" strategy="configure"># Remediation is applicable only in certain platforms
if dpkg-query --show --showformat='${db:Status-Status}
' 'linux-base' 2&gt;/dev/null | grep -q ^installed; then

find -H /etc/cron.monthly/ -maxdepth 1 -perm /u+s,g+xwrs,o+xwrt -type d -exec chmod u-s,g-xwrs,o-xwrt {} \;

else
    &gt;&amp;2 echo 'Remediation is not applicable, nothing was done'
fi
</fix>
        <check system="http://oval.mitre.org/XMLSchema/oval-definitions-5">
          <check-content-ref name="oval:ssg-file_permissions_cron_monthly:def:1" href="ssg-ubuntu2404-oval.xml"/>
        </check>
        <check system="http://scap.nist.gov/schema/ocil/2">
          <check-content-ref name="ocil:ssg-file_permissions_cron_monthly_ocil:questionnaire:1" href="ssg-ubuntu2404-ocil.xml"/>
        </check>
      </Rule>
      <Rule id="xccdf_org.ssgproject.content_rule_file_permissions_cron_weekly" selected="false" role="full" severity="medium">
        <title xmlns:xhtml="http://www.w3.org/1999/xhtml" xml:lang="en-US">Verify Permissions on cron.weekly</title>
        <description xmlns:xhtml="http://www.w3.org/1999/xhtml" xml:lang="en-US">
To properly set the permissions of <html:code xmlns:html="http://www.w3.org/1999/xhtml">/etc/cron.weekly</html:code>, run the command:
<html:pre xmlns:html="http://www.w3.org/1999/xhtml">$ sudo chmod 0700 /etc/cron.weekly</html:pre>
      </description>
        <reference href="https://www.cisecurity.org/controls/">12</reference>
        <reference href="https://www.cisecurity.org/controls/">13</reference>
        <reference href="https://www.cisecurity.org/controls/">14</reference>
        <reference href="https://www.cisecurity.org/controls/">15</reference>
        <reference href="https://www.cisecurity.org/controls/">16</reference>
        <reference href="https://www.cisecurity.org/controls/">18</reference>
        <reference href="https://www.cisecurity.org/controls/">3</reference>
        <reference href="https://www.cisecurity.org/controls/">5</reference>
        <reference href="https://www.isaca.org/resources/cobit">APO01.06</reference>
        <reference href="https://www.isaca.org/resources/cobit">DSS05.04</reference>
        <reference href="https://www.isaca.org/resources/cobit">DSS05.07</reference>
        <reference href="https://www.isaca.org/resources/cobit">DSS06.02</reference>
        <reference href="https://public.cyber.mil/stigs/cci/">CCI-000366</reference>
        <reference href="https://www.isa.org/products/isa-62443-2-1-2009-security-for-industrial-automat">4.3.3.7.3</reference>
        <reference href="https://www.isa.org/products/ansi-isa-62443-3-3-99-03-03-2013-security-for-indu">SR 2.1</reference>
        <reference href="https://www.isa.org/products/ansi-isa-62443-3-3-99-03-03-2013-security-for-indu">SR 5.2</reference>
        <reference href="https://www.iso.org/contents/data/standard/05/45/54534.html">A.10.1.1</reference>
        <reference href="https://www.iso.org/contents/data/standard/05/45/54534.html">A.11.1.4</reference>
        <reference href="https://www.iso.org/contents/data/standard/05/45/54534.html">A.11.1.5</reference>
        <reference href="https://www.iso.org/contents/data/standard/05/45/54534.html">A.11.2.1</reference>
        <reference href="https://www.iso.org/contents/data/standard/05/45/54534.html">A.13.1.1</reference>
        <reference href="https://www.iso.org/contents/data/standard/05/45/54534.html">A.13.1.3</reference>
        <reference href="https://www.iso.org/contents/data/standard/05/45/54534.html">A.13.2.1</reference>
        <reference href="https://www.iso.org/contents/data/standard/05/45/54534.html">A.13.2.3</reference>
        <reference href="https://www.iso.org/contents/data/standard/05/45/54534.html">A.13.2.4</reference>
        <reference href="https://www.iso.org/contents/data/standard/05/45/54534.html">A.14.1.2</reference>
        <reference href="https://www.iso.org/contents/data/standard/05/45/54534.html">A.14.1.3</reference>
        <reference href="https://www.iso.org/contents/data/standard/05/45/54534.html">A.6.1.2</reference>
        <reference href="https://www.iso.org/contents/data/standard/05/45/54534.html">A.7.1.1</reference>
        <reference href="https://www.iso.org/contents/data/standard/05/45/54534.html">A.7.1.2</reference>
        <reference href="https://www.iso.org/contents/data/standard/05/45/54534.html">A.7.3.1</reference>
        <reference href="https://www.iso.org/contents/data/standard/05/45/54534.html">A.8.2.2</reference>
        <reference href="https://www.iso.org/contents/data/standard/05/45/54534.html">A.8.2.3</reference>
        <reference href="https://www.iso.org/contents/data/standard/05/45/54534.html">A.9.1.1</reference>
        <reference href="https://www.iso.org/contents/data/standard/05/45/54534.html">A.9.1.2</reference>
        <reference href="https://www.iso.org/contents/data/standard/05/45/54534.html">A.9.2.3</reference>
        <reference href="https://www.iso.org/contents/data/standard/05/45/54534.html">A.9.4.1</reference>
        <reference href="https://www.iso.org/contents/data/standard/05/45/54534.html">A.9.4.4</reference>
        <reference href="https://www.iso.org/contents/data/standard/05/45/54534.html">A.9.4.5</reference>
        <reference href="http://nvlpubs.nist.gov/nistpubs/SpecialPublications/NIST.SP.800-53r4.pdf">CM-6(a)</reference>
        <reference href="http://nvlpubs.nist.gov/nistpubs/SpecialPublications/NIST.SP.800-53r4.pdf">AC-6(1)</reference>
        <reference href="https://nvlpubs.nist.gov/nistpubs/CSWP/NIST.CSWP.04162018.pdf">PR.AC-4</reference>
        <reference href="https://nvlpubs.nist.gov/nistpubs/CSWP/NIST.CSWP.04162018.pdf">PR.DS-5</reference>
        <reference href="https://public.cyber.mil/stigs/downloads/?_dl_facet_stigs=operating-systems%2Cgeneral-purpose-os">SRG-OS-000480-GPOS-00227</reference>
        <reference href="https://www.cisecurity.org/benchmark/ubuntu_linux/">2.4.1.5</reference>
        <reference href="https://docs-prv.pcisecuritystandards.org/PCI%20DSS/Standard/PCI-DSS-v4_0.pdf">2.2.6</reference>
        <reference href="https://docs-prv.pcisecuritystandards.org/PCI%20DSS/Standard/PCI-DSS-v4_0.pdf">2.2</reference>
        <rationale xmlns:xhtml="http://www.w3.org/1999/xhtml" xml:lang="en-US">Service configuration files enable or disable features of their respective services that if configured incorrectly
can lead to insecure and vulnerable configurations. Therefore, service configuration files should have the
correct access rights to prevent unauthorized changes.</rationale>
        <fix xmlns:xhtml="http://www.w3.org/1999/xhtml" id="file_permissions_cron_weekly" system="urn:xccdf:fix:script:ansible" complexity="low" disruption="low" strategy="configure">- name: Gather the package facts
  package_facts:
    manager: auto
  tags:
  - NIST-800-53-AC-6(1)
  - NIST-800-53-CM-6(a)
  - PCI-DSSv4-2.2
  - PCI-DSSv4-2.2.6
  - configure_strategy
  - file_permissions_cron_weekly
  - low_complexity
  - low_disruption
  - medium_severity
  - no_reboot_needed

- name: Find /etc/cron.weekly/ file(s)
  command: 'find -H /etc/cron.weekly/ -maxdepth 1 -perm /u+s,g+xwrs,o+xwrt  -type
    d '
  register: files_found
  changed_when: false
  failed_when: false
  check_mode: false
  when: '"linux-base" in ansible_facts.packages'
  tags:
  - NIST-800-53-AC-6(1)
  - NIST-800-53-CM-6(a)
  - PCI-DSSv4-2.2
  - PCI-DSSv4-2.2.6
  - configure_strategy
  - file_permissions_cron_weekly
  - low_complexity
  - low_disruption
  - medium_severity
  - no_reboot_needed

- name: Set permissions for /etc/cron.weekly/ file(s)
  file:
    path: '{{ item }}'
    mode: u-s,g-xwrs,o-xwrt
    state: directory
  with_items:
  - '{{ files_found.stdout_lines }}'
  when: '"linux-base" in ansible_facts.packages'
  tags:
  - NIST-800-53-AC-6(1)
  - NIST-800-53-CM-6(a)
  - PCI-DSSv4-2.2
  - PCI-DSSv4-2.2.6
  - configure_strategy
  - file_permissions_cron_weekly
  - low_complexity
  - low_disruption
  - medium_severity
  - no_reboot_needed
</fix>
        <fix xmlns:xhtml="http://www.w3.org/1999/xhtml" id="file_permissions_cron_weekly" system="urn:xccdf:fix:script:sh" complexity="low" disruption="low" strategy="configure"># Remediation is applicable only in certain platforms
if dpkg-query --show --showformat='${db:Status-Status}
' 'linux-base' 2&gt;/dev/null | grep -q ^installed; then

find -H /etc/cron.weekly/ -maxdepth 1 -perm /u+s,g+xwrs,o+xwrt -type d -exec chmod u-s,g-xwrs,o-xwrt {} \;

else
    &gt;&amp;2 echo 'Remediation is not applicable, nothing was done'
fi
</fix>
        <check system="http://oval.mitre.org/XMLSchema/oval-definitions-5">
          <check-content-ref name="oval:ssg-file_permissions_cron_weekly:def:1" href="ssg-ubuntu2404-oval.xml"/>
        </check>
        <check system="http://scap.nist.gov/schema/ocil/2">
          <check-content-ref name="ocil:ssg-file_permissions_cron_weekly_ocil:questionnaire:1" href="ssg-ubuntu2404-ocil.xml"/>
        </check>
      </Rule>
      <Rule id="xccdf_org.ssgproject.content_rule_file_permissions_crontab" selected="false" role="full" severity="medium">
        <title xmlns:xhtml="http://www.w3.org/1999/xhtml" xml:lang="en-US">Verify Permissions on crontab</title>
        <description xmlns:xhtml="http://www.w3.org/1999/xhtml" xml:lang="en-US">
To properly set the permissions of <html:code xmlns:html="http://www.w3.org/1999/xhtml">/etc/crontab</html:code>, run the command:
<html:pre xmlns:html="http://www.w3.org/1999/xhtml">$ sudo chmod 0600 /etc/crontab</html:pre>
      </description>
        <reference href="https://www.cisecurity.org/controls/">12</reference>
        <reference href="https://www.cisecurity.org/controls/">13</reference>
        <reference href="https://www.cisecurity.org/controls/">14</reference>
        <reference href="https://www.cisecurity.org/controls/">15</reference>
        <reference href="https://www.cisecurity.org/controls/">16</reference>
        <reference href="https://www.cisecurity.org/controls/">18</reference>
        <reference href="https://www.cisecurity.org/controls/">3</reference>
        <reference href="https://www.cisecurity.org/controls/">5</reference>
        <reference href="https://www.isaca.org/resources/cobit">APO01.06</reference>
        <reference href="https://www.isaca.org/resources/cobit">DSS05.04</reference>
        <reference href="https://www.isaca.org/resources/cobit">DSS05.07</reference>
        <reference href="https://www.isaca.org/resources/cobit">DSS06.02</reference>
        <reference href="https://public.cyber.mil/stigs/cci/">CCI-000366</reference>
        <reference href="https://www.isa.org/products/isa-62443-2-1-2009-security-for-industrial-automat">4.3.3.7.3</reference>
        <reference href="https://www.isa.org/products/ansi-isa-62443-3-3-99-03-03-2013-security-for-indu">SR 2.1</reference>
        <reference href="https://www.isa.org/products/ansi-isa-62443-3-3-99-03-03-2013-security-for-indu">SR 5.2</reference>
        <reference href="https://www.iso.org/contents/data/standard/05/45/54534.html">A.10.1.1</reference>
        <reference href="https://www.iso.org/contents/data/standard/05/45/54534.html">A.11.1.4</reference>
        <reference href="https://www.iso.org/contents/data/standard/05/45/54534.html">A.11.1.5</reference>
        <reference href="https://www.iso.org/contents/data/standard/05/45/54534.html">A.11.2.1</reference>
        <reference href="https://www.iso.org/contents/data/standard/05/45/54534.html">A.13.1.1</reference>
        <reference href="https://www.iso.org/contents/data/standard/05/45/54534.html">A.13.1.3</reference>
        <reference href="https://www.iso.org/contents/data/standard/05/45/54534.html">A.13.2.1</reference>
        <reference href="https://www.iso.org/contents/data/standard/05/45/54534.html">A.13.2.3</reference>
        <reference href="https://www.iso.org/contents/data/standard/05/45/54534.html">A.13.2.4</reference>
        <reference href="https://www.iso.org/contents/data/standard/05/45/54534.html">A.14.1.2</reference>
        <reference href="https://www.iso.org/contents/data/standard/05/45/54534.html">A.14.1.3</reference>
        <reference href="https://www.iso.org/contents/data/standard/05/45/54534.html">A.6.1.2</reference>
        <reference href="https://www.iso.org/contents/data/standard/05/45/54534.html">A.7.1.1</reference>
        <reference href="https://www.iso.org/contents/data/standard/05/45/54534.html">A.7.1.2</reference>
        <reference href="https://www.iso.org/contents/data/standard/05/45/54534.html">A.7.3.1</reference>
        <reference href="https://www.iso.org/contents/data/standard/05/45/54534.html">A.8.2.2</reference>
        <reference href="https://www.iso.org/contents/data/standard/05/45/54534.html">A.8.2.3</reference>
        <reference href="https://www.iso.org/contents/data/standard/05/45/54534.html">A.9.1.1</reference>
        <reference href="https://www.iso.org/contents/data/standard/05/45/54534.html">A.9.1.2</reference>
        <reference href="https://www.iso.org/contents/data/standard/05/45/54534.html">A.9.2.3</reference>
        <reference href="https://www.iso.org/contents/data/standard/05/45/54534.html">A.9.4.1</reference>
        <reference href="https://www.iso.org/contents/data/standard/05/45/54534.html">A.9.4.4</reference>
        <reference href="https://www.iso.org/contents/data/standard/05/45/54534.html">A.9.4.5</reference>
        <reference href="http://nvlpubs.nist.gov/nistpubs/SpecialPublications/NIST.SP.800-53r4.pdf">CM-6(a)</reference>
        <reference href="http://nvlpubs.nist.gov/nistpubs/SpecialPublications/NIST.SP.800-53r4.pdf">AC-6(1)</reference>
        <reference href="https://nvlpubs.nist.gov/nistpubs/CSWP/NIST.CSWP.04162018.pdf">PR.AC-4</reference>
        <reference href="https://nvlpubs.nist.gov/nistpubs/CSWP/NIST.CSWP.04162018.pdf">PR.DS-5</reference>
        <reference href="https://public.cyber.mil/stigs/downloads/?_dl_facet_stigs=operating-systems%2Cgeneral-purpose-os">SRG-OS-000480-GPOS-00227</reference>
        <reference href="https://www.cisecurity.org/benchmark/ubuntu_linux/">2.4.1.2</reference>
        <reference href="https://docs-prv.pcisecuritystandards.org/PCI%20DSS/Standard/PCI-DSS-v4_0.pdf">2.2.6</reference>
        <reference href="https://docs-prv.pcisecuritystandards.org/PCI%20DSS/Standard/PCI-DSS-v4_0.pdf">2.2</reference>
        <rationale xmlns:xhtml="http://www.w3.org/1999/xhtml" xml:lang="en-US">Service configuration files enable or disable features of their respective services that if configured incorrectly
can lead to insecure and vulnerable configurations. Therefore, service configuration files should have the
correct access rights to prevent unauthorized changes.</rationale>
        <fix xmlns:xhtml="http://www.w3.org/1999/xhtml" id="file_permissions_crontab" system="urn:xccdf:fix:script:ansible" complexity="low" disruption="low" strategy="configure">- name: Gather the package facts
  package_facts:
    manager: auto
  tags:
  - NIST-800-53-AC-6(1)
  - NIST-800-53-CM-6(a)
  - PCI-DSSv4-2.2
  - PCI-DSSv4-2.2.6
  - configure_strategy
  - file_permissions_crontab
  - low_complexity
  - low_disruption
  - medium_severity
  - no_reboot_needed

- name: Test for existence /etc/crontab
  stat:
    path: /etc/crontab
  register: file_exists
  when: '"linux-base" in ansible_facts.packages'
  tags:
  - NIST-800-53-AC-6(1)
  - NIST-800-53-CM-6(a)
  - PCI-DSSv4-2.2
  - PCI-DSSv4-2.2.6
  - configure_strategy
  - file_permissions_crontab
  - low_complexity
  - low_disruption
  - medium_severity
  - no_reboot_needed

- name: Ensure permission u-xs,g-xwrs,o-xwrt on /etc/crontab
  file:
    path: /etc/crontab
    mode: u-xs,g-xwrs,o-xwrt
  when:
  - '"linux-base" in ansible_facts.packages'
  - file_exists.stat is defined and file_exists.stat.exists
  tags:
  - NIST-800-53-AC-6(1)
  - NIST-800-53-CM-6(a)
  - PCI-DSSv4-2.2
  - PCI-DSSv4-2.2.6
  - configure_strategy
  - file_permissions_crontab
  - low_complexity
  - low_disruption
  - medium_severity
  - no_reboot_needed
</fix>
        <fix xmlns:xhtml="http://www.w3.org/1999/xhtml" id="file_permissions_crontab" system="urn:xccdf:fix:script:sh" complexity="low" disruption="low" strategy="configure"># Remediation is applicable only in certain platforms
if dpkg-query --show --showformat='${db:Status-Status}
' 'linux-base' 2&gt;/dev/null | grep -q ^installed; then

chmod u-xs,g-xwrs,o-xwrt /etc/crontab

else
    &gt;&amp;2 echo 'Remediation is not applicable, nothing was done'
fi
</fix>
        <check system="http://oval.mitre.org/XMLSchema/oval-definitions-5">
          <check-content-ref name="oval:ssg-file_permissions_crontab:def:1" href="ssg-ubuntu2404-oval.xml"/>
        </check>
        <check system="http://scap.nist.gov/schema/ocil/2">
          <check-content-ref name="ocil:ssg-file_permissions_crontab_ocil:questionnaire:1" href="ssg-ubuntu2404-ocil.xml"/>
        </check>
      </Rule>
      <Group id="xccdf_org.ssgproject.content_group_restrict_at_cron_users">
        <title xmlns:xhtml="http://www.w3.org/1999/xhtml" xml:lang="en-US">Restrict at and cron to Authorized Users if Necessary</title>
        <description xmlns:xhtml="http://www.w3.org/1999/xhtml" xml:lang="en-US">The <html:code xmlns:html="http://www.w3.org/1999/xhtml">/etc/cron.allow</html:code> and <html:code xmlns:html="http://www.w3.org/1999/xhtml">/etc/at.allow</html:code> files contain lists of
users who are allowed to use <html:code xmlns:html="http://www.w3.org/1999/xhtml">cron</html:code> and at to delay execution of
processes. If these files exist and if the corresponding files
<html:code xmlns:html="http://www.w3.org/1999/xhtml">/etc/cron.deny</html:code> and <html:code xmlns:html="http://www.w3.org/1999/xhtml">/etc/at.deny</html:code> do not exist, then only users
listed in the relevant allow files can run the crontab and <html:code xmlns:html="http://www.w3.org/1999/xhtml">at</html:code> commands
to submit jobs to be run at scheduled intervals. On many systems, only the
system administrator needs the ability to schedule jobs. Note that even if a
given user is not listed in <html:code xmlns:html="http://www.w3.org/1999/xhtml">cron.allow</html:code>, cron jobs can still be run as
that user. The <html:code xmlns:html="http://www.w3.org/1999/xhtml">cron.allow</html:code> file controls only administrative access
to the crontab command for scheduling and modifying cron jobs.
<html:br xmlns:html="http://www.w3.org/1999/xhtml"/>
       <html:br xmlns:html="http://www.w3.org/1999/xhtml"/>
To restrict <html:code xmlns:html="http://www.w3.org/1999/xhtml">at</html:code> and <html:code xmlns:html="http://www.w3.org/1999/xhtml">cron</html:code> to only authorized users:
<html:ul xmlns:html="http://www.w3.org/1999/xhtml"><html:li>Remove the <html:code>cron.deny</html:code> file:<html:pre>$ sudo rm /etc/cron.deny</html:pre>
        </html:li><html:li>Edit <html:code>/etc/cron.allow</html:code>, adding one line for each user allowed to use
the crontab command to create cron jobs.</html:li><html:li>Remove the <html:code>at.deny</html:code> file:<html:pre>$ sudo rm /etc/at.deny</html:pre>
        </html:li><html:li>Edit <html:code>/etc/at.allow</html:code>, adding one line for each user allowed to use
the at command to create at jobs.</html:li></html:ul>
      </description>
        <Rule id="xccdf_org.ssgproject.content_rule_file_at_allow_exists" selected="false" role="full" severity="medium">
          <title xmlns:xhtml="http://www.w3.org/1999/xhtml" xml:lang="en-US">Ensure that /etc/at.allow exists</title>
          <description xmlns:xhtml="http://www.w3.org/1999/xhtml" xml:lang="en-US">The file <html:code xmlns:html="http://www.w3.org/1999/xhtml">/etc/at.allow</html:code> should exist and should be used instead
of <html:code xmlns:html="http://www.w3.org/1999/xhtml">/etc/at.deny</html:code>.</description>
          <reference href="https://www.cisecurity.org/benchmark/ubuntu_linux/">2.4.2.1</reference>
          <rationale xmlns:xhtml="http://www.w3.org/1999/xhtml" xml:lang="en-US">Using the at.allow file to control who can run at jobs enforces this who can schedule jobs.
It is easier to manage an allow list than a deny list. </rationale>
          <fix xmlns:xhtml="http://www.w3.org/1999/xhtml" id="file_at_allow_exists" system="urn:xccdf:fix:script:ansible" complexity="low" disruption="low" strategy="disable">- name: Gather the package facts
  package_facts:
    manager: auto
  tags:
  - disable_strategy
  - file_at_allow_exists
  - low_complexity
  - low_disruption
  - medium_severity
  - no_reboot_needed

- name: Add empty /etc/at.allow
  file:
    path: /etc/at.allow
    state: touch
    owner: '0'
    mode: '0640'
  when: '"linux-base" in ansible_facts.packages'
  tags:
  - disable_strategy
  - file_at_allow_exists
  - low_complexity
  - low_disruption
  - medium_severity
  - no_reboot_needed
</fix>
          <fix xmlns:xhtml="http://www.w3.org/1999/xhtml" id="file_at_allow_exists" system="urn:xccdf:fix:script:sh" complexity="low" disruption="low" strategy="disable"># Remediation is applicable only in certain platforms
if dpkg-query --show --showformat='${db:Status-Status}
' 'linux-base' 2&gt;/dev/null | grep -q ^installed; then

touch /etc/at.allow
    chown 0 /etc/at.allow
    chmod 0640 /etc/at.allow

else
    &gt;&amp;2 echo 'Remediation is not applicable, nothing was done'
fi
</fix>
          <check system="http://oval.mitre.org/XMLSchema/oval-definitions-5">
            <check-content-ref name="oval:ssg-file_at_allow_exists:def:1" href="ssg-ubuntu2404-oval.xml"/>
          </check>
          <check system="http://scap.nist.gov/schema/ocil/2">
            <check-content-ref name="ocil:ssg-file_at_allow_exists_ocil:questionnaire:1" href="ssg-ubuntu2404-ocil.xml"/>
          </check>
        </Rule>
        <Rule id="xccdf_org.ssgproject.content_rule_file_cron_allow_exists" selected="false" role="full" severity="medium">
          <title xmlns:xhtml="http://www.w3.org/1999/xhtml" xml:lang="en-US">Ensure that /etc/cron.allow exists</title>
          <description xmlns:xhtml="http://www.w3.org/1999/xhtml" xml:lang="en-US">The file <html:code xmlns:html="http://www.w3.org/1999/xhtml">/etc/cron.allow</html:code> should exist and should be used instead
of <html:code xmlns:html="http://www.w3.org/1999/xhtml">/etc/cron.deny</html:code>.</description>
          <reference href="https://www.cisecurity.org/benchmark/ubuntu_linux/">2.4.1.2</reference>
          <rationale xmlns:xhtml="http://www.w3.org/1999/xhtml" xml:lang="en-US">Access to <html:code xmlns:html="http://www.w3.org/1999/xhtml">crontab</html:code> should be restricted.
It is easier to manage an allow list than a deny list.
Therefore, <html:code xmlns:html="http://www.w3.org/1999/xhtml">/etc/cron.allow</html:code> needs to be created and used instead of <html:code xmlns:html="http://www.w3.org/1999/xhtml">/etc/cron.deny</html:code>.
Regardless of the existence of any of these files, the root administrative user is always allowed to setup a crontab.</rationale>
          <fix xmlns:xhtml="http://www.w3.org/1999/xhtml" id="file_cron_allow_exists" system="urn:xccdf:fix:script:ansible" complexity="low" disruption="low" strategy="disable">- name: Gather the package facts
  package_facts:
    manager: auto
  tags:
  - disable_strategy
  - file_cron_allow_exists
  - low_complexity
  - low_disruption
  - medium_severity
  - no_reboot_needed

- name: Add empty /etc/cron.allow
  file:
    path: /etc/cron.allow
    state: touch
    owner: '0'
    mode: '0600'
  when: '"linux-base" in ansible_facts.packages'
  tags:
  - disable_strategy
  - file_cron_allow_exists
  - low_complexity
  - low_disruption
  - medium_severity
  - no_reboot_needed
</fix>
          <fix xmlns:xhtml="http://www.w3.org/1999/xhtml" id="file_cron_allow_exists" system="urn:xccdf:fix:script:sh" complexity="low" disruption="low" strategy="disable"># Remediation is applicable only in certain platforms
if dpkg-query --show --showformat='${db:Status-Status}
' 'linux-base' 2&gt;/dev/null | grep -q ^installed; then

touch /etc/cron.allow
    chown 0 /etc/cron.allow
    chmod 0600 /etc/cron.allow

else
    &gt;&amp;2 echo 'Remediation is not applicable, nothing was done'
fi
</fix>
          <check system="http://oval.mitre.org/XMLSchema/oval-definitions-5">
            <check-content-ref name="oval:ssg-file_cron_allow_exists:def:1" href="ssg-ubuntu2404-oval.xml"/>
          </check>
          <check system="http://scap.nist.gov/schema/ocil/2">
            <check-content-ref name="ocil:ssg-file_cron_allow_exists_ocil:questionnaire:1" href="ssg-ubuntu2404-ocil.xml"/>
          </check>
        </Rule>
        <Rule id="xccdf_org.ssgproject.content_rule_file_cron_deny_not_exist" selected="false" role="full" severity="medium">
          <title xmlns:xhtml="http://www.w3.org/1999/xhtml" xml:lang="en-US">Ensure that /etc/cron.deny does not exist</title>
          <description xmlns:xhtml="http://www.w3.org/1999/xhtml" xml:lang="en-US">The file <html:code xmlns:html="http://www.w3.org/1999/xhtml">/etc/cron.deny</html:code> should not exist.
Use <html:code xmlns:html="http://www.w3.org/1999/xhtml">/etc/cron.allow</html:code> instead.</description>
          <reference href="https://www.cisecurity.org/benchmark/ubuntu_linux/">2.4.1.8</reference>
          <reference href="https://docs-prv.pcisecuritystandards.org/PCI%20DSS/Standard/PCI-DSS-v4_0.pdf">2.2.6</reference>
          <reference href="https://docs-prv.pcisecuritystandards.org/PCI%20DSS/Standard/PCI-DSS-v4_0.pdf">2.2</reference>
          <rationale xmlns:xhtml="http://www.w3.org/1999/xhtml" xml:lang="en-US">Access to <html:code xmlns:html="http://www.w3.org/1999/xhtml">cron</html:code> should be restricted.
It is easier to manage an allow list than a deny list.</rationale>
          <fix xmlns:xhtml="http://www.w3.org/1999/xhtml" id="file_cron_deny_not_exist" system="urn:xccdf:fix:script:ansible" complexity="low" disruption="low" strategy="disable">- name: Gather the package facts
  package_facts:
    manager: auto
  tags:
  - PCI-DSSv4-2.2
  - PCI-DSSv4-2.2.6
  - disable_strategy
  - file_cron_deny_not_exist
  - low_complexity
  - low_disruption
  - medium_severity
  - no_reboot_needed

- name: Remove /etc/cron.deny
  file:
    path: /etc/cron.deny
    state: absent
  when: '"linux-base" in ansible_facts.packages'
  tags:
  - PCI-DSSv4-2.2
  - PCI-DSSv4-2.2.6
  - disable_strategy
  - file_cron_deny_not_exist
  - low_complexity
  - low_disruption
  - medium_severity
  - no_reboot_needed
</fix>
          <fix xmlns:xhtml="http://www.w3.org/1999/xhtml" id="file_cron_deny_not_exist" system="urn:xccdf:fix:script:sh" complexity="low" disruption="low" strategy="disable"># Remediation is applicable only in certain platforms
if dpkg-query --show --showformat='${db:Status-Status}
' 'linux-base' 2&gt;/dev/null | grep -q ^installed; then

if [[ -f  /etc/cron.deny ]]; then
        rm /etc/cron.deny
    fi

else
    &gt;&amp;2 echo 'Remediation is not applicable, nothing was done'
fi
</fix>
          <check system="http://oval.mitre.org/XMLSchema/oval-definitions-5">
            <check-content-ref name="oval:ssg-file_cron_deny_not_exist:def:1" href="ssg-ubuntu2404-oval.xml"/>
          </check>
          <check system="http://scap.nist.gov/schema/ocil/2">
            <check-content-ref name="ocil:ssg-file_cron_deny_not_exist_ocil:questionnaire:1" href="ssg-ubuntu2404-ocil.xml"/>
          </check>
        </Rule>
        <Rule id="xccdf_org.ssgproject.content_rule_file_groupowner_at_allow" selected="false" role="full" severity="medium">
          <title xmlns:xhtml="http://www.w3.org/1999/xhtml" xml:lang="en-US">Verify Group Who Owns /etc/at.allow file</title>
          <description xmlns:xhtml="http://www.w3.org/1999/xhtml" xml:lang="en-US">If <html:code xmlns:html="http://www.w3.org/1999/xhtml">/etc/at.allow</html:code> exists, it must be group-owned by <html:code xmlns:html="http://www.w3.org/1999/xhtml">root</html:code>.

To properly set the group owner of <html:code xmlns:html="http://www.w3.org/1999/xhtml">/etc/at.allow</html:code>, run the command:
<html:pre xmlns:html="http://www.w3.org/1999/xhtml">$ sudo chgrp root /etc/at.allow</html:pre>
       </description>
          <reference href="https://www.cisecurity.org/benchmark/ubuntu_linux/">2.4.2.1</reference>
          <reference href="https://docs-prv.pcisecuritystandards.org/PCI%20DSS/Standard/PCI-DSS-v4_0.pdf">2.2.6</reference>
          <reference href="https://docs-prv.pcisecuritystandards.org/PCI%20DSS/Standard/PCI-DSS-v4_0.pdf">2.2</reference>
          <rationale xmlns:xhtml="http://www.w3.org/1999/xhtml" xml:lang="en-US">If the owner of the at.allow file is not set to root, the possibility exists for an
unauthorized user to view or edit sensitive information.</rationale>
          <fix xmlns:xhtml="http://www.w3.org/1999/xhtml" id="file_groupowner_at_allow" system="urn:xccdf:fix:script:ansible" complexity="low" disruption="low" strategy="configure">- name: Gather the package facts
  package_facts:
    manager: auto
  tags:
  - PCI-DSSv4-2.2
  - PCI-DSSv4-2.2.6
  - configure_strategy
  - file_groupowner_at_allow
  - low_complexity
  - low_disruption
  - medium_severity
  - no_reboot_needed

- name: Test for existence /etc/at.allow
  stat:
    path: /etc/at.allow
  register: file_exists
  when: '"linux-base" in ansible_facts.packages'
  tags:
  - PCI-DSSv4-2.2
  - PCI-DSSv4-2.2.6
  - configure_strategy
  - file_groupowner_at_allow
  - low_complexity
  - low_disruption
  - medium_severity
  - no_reboot_needed

- name: Ensure group owner 0 on /etc/at.allow
  file:
    path: /etc/at.allow
    group: '0'
  when:
  - '"linux-base" in ansible_facts.packages'
  - file_exists.stat is defined and file_exists.stat.exists
  tags:
  - PCI-DSSv4-2.2
  - PCI-DSSv4-2.2.6
  - configure_strategy
  - file_groupowner_at_allow
  - low_complexity
  - low_disruption
  - medium_severity
  - no_reboot_needed
</fix>
          <fix xmlns:xhtml="http://www.w3.org/1999/xhtml" id="file_groupowner_at_allow" system="urn:xccdf:fix:script:sh" complexity="low" disruption="low" strategy="configure"># Remediation is applicable only in certain platforms
if dpkg-query --show --showformat='${db:Status-Status}
' 'linux-base' 2&gt;/dev/null | grep -q ^installed; then

chgrp 0 /etc/at.allow

else
    &gt;&amp;2 echo 'Remediation is not applicable, nothing was done'
fi
</fix>
          <check system="http://oval.mitre.org/XMLSchema/oval-definitions-5">
            <check-content-ref name="oval:ssg-file_groupowner_at_allow:def:1" href="ssg-ubuntu2404-oval.xml"/>
          </check>
          <check system="http://scap.nist.gov/schema/ocil/2">
            <check-content-ref name="ocil:ssg-file_groupowner_at_allow_ocil:questionnaire:1" href="ssg-ubuntu2404-ocil.xml"/>
          </check>
        </Rule>
        <Rule id="xccdf_org.ssgproject.content_rule_file_groupowner_at_deny" selected="false" role="full" severity="medium">
          <title xmlns:xhtml="http://www.w3.org/1999/xhtml" xml:lang="en-US">Verify Group Who Owns /etc/at.deny file</title>
          <description xmlns:xhtml="http://www.w3.org/1999/xhtml" xml:lang="en-US">If <html:code xmlns:html="http://www.w3.org/1999/xhtml">/etc/at.deny</html:code> exists, it must be group-owned by <html:code xmlns:html="http://www.w3.org/1999/xhtml">root</html:code>.

To properly set the group owner of <html:code xmlns:html="http://www.w3.org/1999/xhtml">/etc/at.deny</html:code>, run the command:
<html:pre xmlns:html="http://www.w3.org/1999/xhtml">$ sudo chgrp root /etc/at.deny</html:pre>
       </description>
          <reference href="https://www.cisecurity.org/benchmark/ubuntu_linux/">2.4.2.1</reference>
          <rationale xmlns:xhtml="http://www.w3.org/1999/xhtml" xml:lang="en-US">If the owner of the at.deny file is not set to root, the possibility exists for an
unauthorized user to view or edit sensitive information.</rationale>
          <fix xmlns:xhtml="http://www.w3.org/1999/xhtml" id="file_groupowner_at_deny" system="urn:xccdf:fix:script:ansible" complexity="low" disruption="low" strategy="configure">- name: Gather the package facts
  package_facts:
    manager: auto
  tags:
  - configure_strategy
  - file_groupowner_at_deny
  - low_complexity
  - low_disruption
  - medium_severity
  - no_reboot_needed

- name: Test for existence /etc/at.deny
  stat:
    path: /etc/at.deny
  register: file_exists
  when: '"linux-base" in ansible_facts.packages'
  tags:
  - configure_strategy
  - file_groupowner_at_deny
  - low_complexity
  - low_disruption
  - medium_severity
  - no_reboot_needed

- name: Ensure group owner 0 on /etc/at.deny
  file:
    path: /etc/at.deny
    group: '0'
  when:
  - '"linux-base" in ansible_facts.packages'
  - file_exists.stat is defined and file_exists.stat.exists
  tags:
  - configure_strategy
  - file_groupowner_at_deny
  - low_complexity
  - low_disruption
  - medium_severity
  - no_reboot_needed
</fix>
          <fix xmlns:xhtml="http://www.w3.org/1999/xhtml" id="file_groupowner_at_deny" system="urn:xccdf:fix:script:sh" complexity="low" disruption="low" strategy="configure"># Remediation is applicable only in certain platforms
if dpkg-query --show --showformat='${db:Status-Status}
' 'linux-base' 2&gt;/dev/null | grep -q ^installed; then

chgrp 0 /etc/at.deny

else
    &gt;&amp;2 echo 'Remediation is not applicable, nothing was done'
fi
</fix>
          <check system="http://oval.mitre.org/XMLSchema/oval-definitions-5">
            <check-content-ref name="oval:ssg-file_groupowner_at_deny:def:1" href="ssg-ubuntu2404-oval.xml"/>
          </check>
          <check system="http://scap.nist.gov/schema/ocil/2">
            <check-content-ref name="ocil:ssg-file_groupowner_at_deny_ocil:questionnaire:1" href="ssg-ubuntu2404-ocil.xml"/>
          </check>
        </Rule>
        <Rule id="xccdf_org.ssgproject.content_rule_file_groupowner_cron_allow" selected="false" role="full" severity="medium">
          <title xmlns:xhtml="http://www.w3.org/1999/xhtml" xml:lang="en-US">Verify Group Who Owns /etc/cron.allow file</title>
          <description xmlns:xhtml="http://www.w3.org/1999/xhtml" xml:lang="en-US">If <html:code xmlns:html="http://www.w3.org/1999/xhtml">/etc/cron.allow</html:code> exists, it must be group-owned by <html:code xmlns:html="http://www.w3.org/1999/xhtml">crontab</html:code>.

To properly set the group owner of <html:code xmlns:html="http://www.w3.org/1999/xhtml">/etc/cron.allow</html:code>, run the command:
<html:pre xmlns:html="http://www.w3.org/1999/xhtml">$ sudo chgrp crontab /etc/cron.allow</html:pre>
       </description>
          <reference href="https://www.cisecurity.org/controls/">12</reference>
          <reference href="https://www.cisecurity.org/controls/">13</reference>
          <reference href="https://www.cisecurity.org/controls/">14</reference>
          <reference href="https://www.cisecurity.org/controls/">15</reference>
          <reference href="https://www.cisecurity.org/controls/">16</reference>
          <reference href="https://www.cisecurity.org/controls/">18</reference>
          <reference href="https://www.cisecurity.org/controls/">3</reference>
          <reference href="https://www.cisecurity.org/controls/">5</reference>
          <reference href="https://www.isaca.org/resources/cobit">APO01.06</reference>
          <reference href="https://www.isaca.org/resources/cobit">DSS05.04</reference>
          <reference href="https://www.isaca.org/resources/cobit">DSS05.07</reference>
          <reference href="https://www.isaca.org/resources/cobit">DSS06.02</reference>
          <reference href="https://public.cyber.mil/stigs/cci/">CCI-000366</reference>
          <reference href="https://www.isa.org/products/isa-62443-2-1-2009-security-for-industrial-automat">4.3.3.7.3</reference>
          <reference href="https://www.isa.org/products/ansi-isa-62443-3-3-99-03-03-2013-security-for-indu">SR 2.1</reference>
          <reference href="https://www.isa.org/products/ansi-isa-62443-3-3-99-03-03-2013-security-for-indu">SR 5.2</reference>
          <reference href="https://www.iso.org/contents/data/standard/05/45/54534.html">A.10.1.1</reference>
          <reference href="https://www.iso.org/contents/data/standard/05/45/54534.html">A.11.1.4</reference>
          <reference href="https://www.iso.org/contents/data/standard/05/45/54534.html">A.11.1.5</reference>
          <reference href="https://www.iso.org/contents/data/standard/05/45/54534.html">A.11.2.1</reference>
          <reference href="https://www.iso.org/contents/data/standard/05/45/54534.html">A.13.1.1</reference>
          <reference href="https://www.iso.org/contents/data/standard/05/45/54534.html">A.13.1.3</reference>
          <reference href="https://www.iso.org/contents/data/standard/05/45/54534.html">A.13.2.1</reference>
          <reference href="https://www.iso.org/contents/data/standard/05/45/54534.html">A.13.2.3</reference>
          <reference href="https://www.iso.org/contents/data/standard/05/45/54534.html">A.13.2.4</reference>
          <reference href="https://www.iso.org/contents/data/standard/05/45/54534.html">A.14.1.2</reference>
          <reference href="https://www.iso.org/contents/data/standard/05/45/54534.html">A.14.1.3</reference>
          <reference href="https://www.iso.org/contents/data/standard/05/45/54534.html">A.6.1.2</reference>
          <reference href="https://www.iso.org/contents/data/standard/05/45/54534.html">A.7.1.1</reference>
          <reference href="https://www.iso.org/contents/data/standard/05/45/54534.html">A.7.1.2</reference>
          <reference href="https://www.iso.org/contents/data/standard/05/45/54534.html">A.7.3.1</reference>
          <reference href="https://www.iso.org/contents/data/standard/05/45/54534.html">A.8.2.2</reference>
          <reference href="https://www.iso.org/contents/data/standard/05/45/54534.html">A.8.2.3</reference>
          <reference href="https://www.iso.org/contents/data/standard/05/45/54534.html">A.9.1.1</reference>
          <reference href="https://www.iso.org/contents/data/standard/05/45/54534.html">A.9.1.2</reference>
          <reference href="https://www.iso.org/contents/data/standard/05/45/54534.html">A.9.2.3</reference>
          <reference href="https://www.iso.org/contents/data/standard/05/45/54534.html">A.9.4.1</reference>
          <reference href="https://www.iso.org/contents/data/standard/05/45/54534.html">A.9.4.4</reference>
          <reference href="https://www.iso.org/contents/data/standard/05/45/54534.html">A.9.4.5</reference>
          <reference href="http://nvlpubs.nist.gov/nistpubs/SpecialPublications/NIST.SP.800-53r4.pdf">CM-6(a)</reference>
          <reference href="http://nvlpubs.nist.gov/nistpubs/SpecialPublications/NIST.SP.800-53r4.pdf">AC-6(1)</reference>
          <reference href="https://nvlpubs.nist.gov/nistpubs/CSWP/NIST.CSWP.04162018.pdf">PR.AC-4</reference>
          <reference href="https://nvlpubs.nist.gov/nistpubs/CSWP/NIST.CSWP.04162018.pdf">PR.DS-5</reference>
          <reference href="https://public.cyber.mil/stigs/downloads/?_dl_facet_stigs=operating-systems%2Cgeneral-purpose-os">SRG-OS-000480-GPOS-00227</reference>
          <reference href="https://www.cisecurity.org/benchmark/ubuntu_linux/">2.4.1.8</reference>
          <reference href="https://docs-prv.pcisecuritystandards.org/PCI%20DSS/Standard/PCI-DSS-v4_0.pdf">2.2.6</reference>
          <reference href="https://docs-prv.pcisecuritystandards.org/PCI%20DSS/Standard/PCI-DSS-v4_0.pdf">2.2</reference>
          <rationale xmlns:xhtml="http://www.w3.org/1999/xhtml" xml:lang="en-US">If the owner of the cron.allow file is not set to crontab, the possibility exists for an
unauthorized user to view or edit sensitive information.</rationale>
          <fix xmlns:xhtml="http://www.w3.org/1999/xhtml" id="file_groupowner_cron_allow" system="urn:xccdf:fix:script:ansible" complexity="low" disruption="low" strategy="configure">- name: Gather the package facts
  package_facts:
    manager: auto
  tags:
  - NIST-800-53-AC-6(1)
  - NIST-800-53-CM-6(a)
  - PCI-DSSv4-2.2
  - PCI-DSSv4-2.2.6
  - configure_strategy
  - file_groupowner_cron_allow
  - low_complexity
  - low_disruption
  - medium_severity
  - no_reboot_needed

- name: Test for existence /etc/cron.allow
  stat:
    path: /etc/cron.allow
  register: file_exists
  when: '"linux-base" in ansible_facts.packages'
  tags:
  - NIST-800-53-AC-6(1)
  - NIST-800-53-CM-6(a)
  - PCI-DSSv4-2.2
  - PCI-DSSv4-2.2.6
  - configure_strategy
  - file_groupowner_cron_allow
  - low_complexity
  - low_disruption
  - medium_severity
  - no_reboot_needed

- name: Ensure group owner crontab on /etc/cron.allow
  file:
    path: /etc/cron.allow
    group: crontab
  when:
  - '"linux-base" in ansible_facts.packages'
  - file_exists.stat is defined and file_exists.stat.exists
  tags:
  - NIST-800-53-AC-6(1)
  - NIST-800-53-CM-6(a)
  - PCI-DSSv4-2.2
  - PCI-DSSv4-2.2.6
  - configure_strategy
  - file_groupowner_cron_allow
  - low_complexity
  - low_disruption
  - medium_severity
  - no_reboot_needed
</fix>
          <fix xmlns:xhtml="http://www.w3.org/1999/xhtml" id="file_groupowner_cron_allow" system="urn:xccdf:fix:script:sh" complexity="low" disruption="low" strategy="configure"># Remediation is applicable only in certain platforms
if dpkg-query --show --showformat='${db:Status-Status}
' 'linux-base' 2&gt;/dev/null | grep -q ^installed; then

chgrp crontab /etc/cron.allow

else
    &gt;&amp;2 echo 'Remediation is not applicable, nothing was done'
fi
</fix>
          <check system="http://oval.mitre.org/XMLSchema/oval-definitions-5">
            <check-content-ref name="oval:ssg-file_groupowner_cron_allow:def:1" href="ssg-ubuntu2404-oval.xml"/>
          </check>
          <check system="http://scap.nist.gov/schema/ocil/2">
            <check-content-ref name="ocil:ssg-file_groupowner_cron_allow_ocil:questionnaire:1" href="ssg-ubuntu2404-ocil.xml"/>
          </check>
        </Rule>
        <Rule id="xccdf_org.ssgproject.content_rule_file_owner_at_allow" selected="false" role="full" severity="medium">
          <title xmlns:xhtml="http://www.w3.org/1999/xhtml" xml:lang="en-US">Verify User Who Owns /etc/at.allow file</title>
          <description xmlns:xhtml="http://www.w3.org/1999/xhtml" xml:lang="en-US">If <html:code xmlns:html="http://www.w3.org/1999/xhtml">/etc/at.allow</html:code> exists, it must be owned by <html:code xmlns:html="http://www.w3.org/1999/xhtml">root</html:code>.

To properly set the owner of <html:code xmlns:html="http://www.w3.org/1999/xhtml">/etc/at.allow</html:code>, run the command:
<html:pre xmlns:html="http://www.w3.org/1999/xhtml">$ sudo chown root /etc/at.allow </html:pre>
       </description>
          <reference href="https://www.cisecurity.org/benchmark/ubuntu_linux/">2.4.2.1</reference>
          <reference href="https://docs-prv.pcisecuritystandards.org/PCI%20DSS/Standard/PCI-DSS-v4_0.pdf">2.2.6</reference>
          <reference href="https://docs-prv.pcisecuritystandards.org/PCI%20DSS/Standard/PCI-DSS-v4_0.pdf">2.2</reference>
          <rationale xmlns:xhtml="http://www.w3.org/1999/xhtml" xml:lang="en-US">If the owner of the at.allow file is not set to root, the possibility exists for an
unauthorized user to view or edit sensitive information.</rationale>
          <fix xmlns:xhtml="http://www.w3.org/1999/xhtml" id="file_owner_at_allow" system="urn:xccdf:fix:script:ansible" complexity="low" disruption="low" strategy="configure">- name: Gather the package facts
  package_facts:
    manager: auto
  tags:
  - PCI-DSSv4-2.2
  - PCI-DSSv4-2.2.6
  - configure_strategy
  - file_owner_at_allow
  - low_complexity
  - low_disruption
  - medium_severity
  - no_reboot_needed

- name: Test for existence /etc/at.allow
  stat:
    path: /etc/at.allow
  register: file_exists
  when: '"linux-base" in ansible_facts.packages'
  tags:
  - PCI-DSSv4-2.2
  - PCI-DSSv4-2.2.6
  - configure_strategy
  - file_owner_at_allow
  - low_complexity
  - low_disruption
  - medium_severity
  - no_reboot_needed

- name: Ensure owner 0 on /etc/at.allow
  file:
    path: /etc/at.allow
    owner: '0'
  when:
  - '"linux-base" in ansible_facts.packages'
  - file_exists.stat is defined and file_exists.stat.exists
  tags:
  - PCI-DSSv4-2.2
  - PCI-DSSv4-2.2.6
  - configure_strategy
  - file_owner_at_allow
  - low_complexity
  - low_disruption
  - medium_severity
  - no_reboot_needed
</fix>
          <fix xmlns:xhtml="http://www.w3.org/1999/xhtml" id="file_owner_at_allow" system="urn:xccdf:fix:script:sh" complexity="low" disruption="low" strategy="configure"># Remediation is applicable only in certain platforms
if dpkg-query --show --showformat='${db:Status-Status}
' 'linux-base' 2&gt;/dev/null | grep -q ^installed; then

chown 0 /etc/at.allow

else
    &gt;&amp;2 echo 'Remediation is not applicable, nothing was done'
fi
</fix>
          <check system="http://oval.mitre.org/XMLSchema/oval-definitions-5">
            <check-content-ref name="oval:ssg-file_owner_at_allow:def:1" href="ssg-ubuntu2404-oval.xml"/>
          </check>
          <check system="http://scap.nist.gov/schema/ocil/2">
            <check-content-ref name="ocil:ssg-file_owner_at_allow_ocil:questionnaire:1" href="ssg-ubuntu2404-ocil.xml"/>
          </check>
        </Rule>
        <Rule id="xccdf_org.ssgproject.content_rule_file_owner_at_deny" selected="false" role="full" severity="medium">
          <title xmlns:xhtml="http://www.w3.org/1999/xhtml" xml:lang="en-US">Verify User Who Owns /etc/at.deny file</title>
          <description xmlns:xhtml="http://www.w3.org/1999/xhtml" xml:lang="en-US">If <html:code xmlns:html="http://www.w3.org/1999/xhtml">/etc/at.deny</html:code> exists, it must be owned by <html:code xmlns:html="http://www.w3.org/1999/xhtml">root</html:code>.

To properly set the owner of <html:code xmlns:html="http://www.w3.org/1999/xhtml">/etc/at.deny</html:code>, run the command:
<html:pre xmlns:html="http://www.w3.org/1999/xhtml">$ sudo chown root /etc/at.deny </html:pre>
       </description>
          <reference href="https://www.cisecurity.org/benchmark/ubuntu_linux/">2.4.2.1</reference>
          <rationale xmlns:xhtml="http://www.w3.org/1999/xhtml" xml:lang="en-US">If the owner of the at.deny file is not set to root, the possibility exists for an
unauthorized user to view or edit sensitive information.</rationale>
          <fix xmlns:xhtml="http://www.w3.org/1999/xhtml" id="file_owner_at_deny" system="urn:xccdf:fix:script:ansible" complexity="low" disruption="low" strategy="configure">- name: Gather the package facts
  package_facts:
    manager: auto
  tags:
  - configure_strategy
  - file_owner_at_deny
  - low_complexity
  - low_disruption
  - medium_severity
  - no_reboot_needed

- name: Test for existence /etc/at.deny
  stat:
    path: /etc/at.deny
  register: file_exists
  when: '"linux-base" in ansible_facts.packages'
  tags:
  - configure_strategy
  - file_owner_at_deny
  - low_complexity
  - low_disruption
  - medium_severity
  - no_reboot_needed

- name: Ensure owner 0 on /etc/at.deny
  file:
    path: /etc/at.deny
    owner: '0'
  when:
  - '"linux-base" in ansible_facts.packages'
  - file_exists.stat is defined and file_exists.stat.exists
  tags:
  - configure_strategy
  - file_owner_at_deny
  - low_complexity
  - low_disruption
  - medium_severity
  - no_reboot_needed
</fix>
          <fix xmlns:xhtml="http://www.w3.org/1999/xhtml" id="file_owner_at_deny" system="urn:xccdf:fix:script:sh" complexity="low" disruption="low" strategy="configure"># Remediation is applicable only in certain platforms
if dpkg-query --show --showformat='${db:Status-Status}
' 'linux-base' 2&gt;/dev/null | grep -q ^installed; then

chown 0 /etc/at.deny

else
    &gt;&amp;2 echo 'Remediation is not applicable, nothing was done'
fi
</fix>
          <check system="http://oval.mitre.org/XMLSchema/oval-definitions-5">
            <check-content-ref name="oval:ssg-file_owner_at_deny:def:1" href="ssg-ubuntu2404-oval.xml"/>
          </check>
          <check system="http://scap.nist.gov/schema/ocil/2">
            <check-content-ref name="ocil:ssg-file_owner_at_deny_ocil:questionnaire:1" href="ssg-ubuntu2404-ocil.xml"/>
          </check>
        </Rule>
        <Rule id="xccdf_org.ssgproject.content_rule_file_owner_cron_allow" selected="false" role="full" severity="medium">
          <title xmlns:xhtml="http://www.w3.org/1999/xhtml" xml:lang="en-US">Verify User Who Owns /etc/cron.allow file</title>
          <description xmlns:xhtml="http://www.w3.org/1999/xhtml" xml:lang="en-US">If <html:code xmlns:html="http://www.w3.org/1999/xhtml">/etc/cron.allow</html:code> exists, it must be owned by <html:code xmlns:html="http://www.w3.org/1999/xhtml">root</html:code>.

To properly set the owner of <html:code xmlns:html="http://www.w3.org/1999/xhtml">/etc/cron.allow</html:code>, run the command:
<html:pre xmlns:html="http://www.w3.org/1999/xhtml">$ sudo chown root /etc/cron.allow </html:pre>
       </description>
          <reference href="https://www.cisecurity.org/controls/">12</reference>
          <reference href="https://www.cisecurity.org/controls/">13</reference>
          <reference href="https://www.cisecurity.org/controls/">14</reference>
          <reference href="https://www.cisecurity.org/controls/">15</reference>
          <reference href="https://www.cisecurity.org/controls/">16</reference>
          <reference href="https://www.cisecurity.org/controls/">18</reference>
          <reference href="https://www.cisecurity.org/controls/">3</reference>
          <reference href="https://www.cisecurity.org/controls/">5</reference>
          <reference href="https://www.isaca.org/resources/cobit">APO01.06</reference>
          <reference href="https://www.isaca.org/resources/cobit">DSS05.04</reference>
          <reference href="https://www.isaca.org/resources/cobit">DSS05.07</reference>
          <reference href="https://www.isaca.org/resources/cobit">DSS06.02</reference>
          <reference href="https://public.cyber.mil/stigs/cci/">CCI-000366</reference>
          <reference href="https://www.isa.org/products/isa-62443-2-1-2009-security-for-industrial-automat">4.3.3.7.3</reference>
          <reference href="https://www.isa.org/products/ansi-isa-62443-3-3-99-03-03-2013-security-for-indu">SR 2.1</reference>
          <reference href="https://www.isa.org/products/ansi-isa-62443-3-3-99-03-03-2013-security-for-indu">SR 5.2</reference>
          <reference href="https://www.iso.org/contents/data/standard/05/45/54534.html">A.10.1.1</reference>
          <reference href="https://www.iso.org/contents/data/standard/05/45/54534.html">A.11.1.4</reference>
          <reference href="https://www.iso.org/contents/data/standard/05/45/54534.html">A.11.1.5</reference>
          <reference href="https://www.iso.org/contents/data/standard/05/45/54534.html">A.11.2.1</reference>
          <reference href="https://www.iso.org/contents/data/standard/05/45/54534.html">A.13.1.1</reference>
          <reference href="https://www.iso.org/contents/data/standard/05/45/54534.html">A.13.1.3</reference>
          <reference href="https://www.iso.org/contents/data/standard/05/45/54534.html">A.13.2.1</reference>
          <reference href="https://www.iso.org/contents/data/standard/05/45/54534.html">A.13.2.3</reference>
          <reference href="https://www.iso.org/contents/data/standard/05/45/54534.html">A.13.2.4</reference>
          <reference href="https://www.iso.org/contents/data/standard/05/45/54534.html">A.14.1.2</reference>
          <reference href="https://www.iso.org/contents/data/standard/05/45/54534.html">A.14.1.3</reference>
          <reference href="https://www.iso.org/contents/data/standard/05/45/54534.html">A.6.1.2</reference>
          <reference href="https://www.iso.org/contents/data/standard/05/45/54534.html">A.7.1.1</reference>
          <reference href="https://www.iso.org/contents/data/standard/05/45/54534.html">A.7.1.2</reference>
          <reference href="https://www.iso.org/contents/data/standard/05/45/54534.html">A.7.3.1</reference>
          <reference href="https://www.iso.org/contents/data/standard/05/45/54534.html">A.8.2.2</reference>
          <reference href="https://www.iso.org/contents/data/standard/05/45/54534.html">A.8.2.3</reference>
          <reference href="https://www.iso.org/contents/data/standard/05/45/54534.html">A.9.1.1</reference>
          <reference href="https://www.iso.org/contents/data/standard/05/45/54534.html">A.9.1.2</reference>
          <reference href="https://www.iso.org/contents/data/standard/05/45/54534.html">A.9.2.3</reference>
          <reference href="https://www.iso.org/contents/data/standard/05/45/54534.html">A.9.4.1</reference>
          <reference href="https://www.iso.org/contents/data/standard/05/45/54534.html">A.9.4.4</reference>
          <reference href="https://www.iso.org/contents/data/standard/05/45/54534.html">A.9.4.5</reference>
          <reference href="http://nvlpubs.nist.gov/nistpubs/SpecialPublications/NIST.SP.800-53r4.pdf">CM-6(a)</reference>
          <reference href="http://nvlpubs.nist.gov/nistpubs/SpecialPublications/NIST.SP.800-53r4.pdf">AC-6(1)</reference>
          <reference href="https://nvlpubs.nist.gov/nistpubs/CSWP/NIST.CSWP.04162018.pdf">PR.AC-4</reference>
          <reference href="https://nvlpubs.nist.gov/nistpubs/CSWP/NIST.CSWP.04162018.pdf">PR.DS-5</reference>
          <reference href="https://public.cyber.mil/stigs/downloads/?_dl_facet_stigs=operating-systems%2Cgeneral-purpose-os">SRG-OS-000480-GPOS-00227</reference>
          <reference href="https://www.cisecurity.org/benchmark/ubuntu_linux/">2.4.1.8</reference>
          <reference href="https://docs-prv.pcisecuritystandards.org/PCI%20DSS/Standard/PCI-DSS-v4_0.pdf">2.2.6</reference>
          <reference href="https://docs-prv.pcisecuritystandards.org/PCI%20DSS/Standard/PCI-DSS-v4_0.pdf">2.2</reference>
          <rationale xmlns:xhtml="http://www.w3.org/1999/xhtml" xml:lang="en-US">If the owner of the cron.allow file is not set to root, the possibility exists for an
unauthorized user to view or edit sensitive information.</rationale>
          <fix xmlns:xhtml="http://www.w3.org/1999/xhtml" id="file_owner_cron_allow" system="urn:xccdf:fix:script:ansible" complexity="low" disruption="low" strategy="configure">- name: Gather the package facts
  package_facts:
    manager: auto
  tags:
  - NIST-800-53-AC-6(1)
  - NIST-800-53-CM-6(a)
  - PCI-DSSv4-2.2
  - PCI-DSSv4-2.2.6
  - configure_strategy
  - file_owner_cron_allow
  - low_complexity
  - low_disruption
  - medium_severity
  - no_reboot_needed

- name: Test for existence /etc/cron.allow
  stat:
    path: /etc/cron.allow
  register: file_exists
  when: '"linux-base" in ansible_facts.packages'
  tags:
  - NIST-800-53-AC-6(1)
  - NIST-800-53-CM-6(a)
  - PCI-DSSv4-2.2
  - PCI-DSSv4-2.2.6
  - configure_strategy
  - file_owner_cron_allow
  - low_complexity
  - low_disruption
  - medium_severity
  - no_reboot_needed

- name: Ensure owner 0 on /etc/cron.allow
  file:
    path: /etc/cron.allow
    owner: '0'
  when:
  - '"linux-base" in ansible_facts.packages'
  - file_exists.stat is defined and file_exists.stat.exists
  tags:
  - NIST-800-53-AC-6(1)
  - NIST-800-53-CM-6(a)
  - PCI-DSSv4-2.2
  - PCI-DSSv4-2.2.6
  - configure_strategy
  - file_owner_cron_allow
  - low_complexity
  - low_disruption
  - medium_severity
  - no_reboot_needed
</fix>
          <fix xmlns:xhtml="http://www.w3.org/1999/xhtml" id="file_owner_cron_allow" system="urn:xccdf:fix:script:sh" complexity="low" disruption="low" strategy="configure"># Remediation is applicable only in certain platforms
if dpkg-query --show --showformat='${db:Status-Status}
' 'linux-base' 2&gt;/dev/null | grep -q ^installed; then

chown 0 /etc/cron.allow

else
    &gt;&amp;2 echo 'Remediation is not applicable, nothing was done'
fi
</fix>
          <check system="http://oval.mitre.org/XMLSchema/oval-definitions-5">
            <check-content-ref name="oval:ssg-file_owner_cron_allow:def:1" href="ssg-ubuntu2404-oval.xml"/>
          </check>
          <check system="http://scap.nist.gov/schema/ocil/2">
            <check-content-ref name="ocil:ssg-file_owner_cron_allow_ocil:questionnaire:1" href="ssg-ubuntu2404-ocil.xml"/>
          </check>
        </Rule>
        <Rule id="xccdf_org.ssgproject.content_rule_file_permissions_at_allow" selected="false" role="full" severity="medium">
          <title xmlns:xhtml="http://www.w3.org/1999/xhtml" xml:lang="en-US">Verify Permissions on /etc/at.allow file</title>
          <description xmlns:xhtml="http://www.w3.org/1999/xhtml" xml:lang="en-US">If <html:code xmlns:html="http://www.w3.org/1999/xhtml">/etc/at.allow</html:code> exists, it must have permissions <html:code xmlns:html="http://www.w3.org/1999/xhtml">0640</html:code>
or more restrictive.


To properly set the permissions of <html:code xmlns:html="http://www.w3.org/1999/xhtml">/etc/at.allow</html:code>, run the command:
<html:pre xmlns:html="http://www.w3.org/1999/xhtml">$ sudo chmod 0640 /etc/at.allow</html:pre>
       </description>
          <reference href="https://www.cisecurity.org/benchmark/ubuntu_linux/">2.4.2.1</reference>
          <reference href="https://docs-prv.pcisecuritystandards.org/PCI%20DSS/Standard/PCI-DSS-v4_0.pdf">2.2.6</reference>
          <reference href="https://docs-prv.pcisecuritystandards.org/PCI%20DSS/Standard/PCI-DSS-v4_0.pdf">2.2</reference>
          <rationale xmlns:xhtml="http://www.w3.org/1999/xhtml" xml:lang="en-US">If the permissions of the at.allow file are not set to 0640 or more restrictive,
the possibility exists for an unauthorized user to view or edit sensitive information.</rationale>
          <fix xmlns:xhtml="http://www.w3.org/1999/xhtml" id="file_permissions_at_allow" system="urn:xccdf:fix:script:ansible" complexity="low" disruption="low" strategy="configure">- name: Gather the package facts
  package_facts:
    manager: auto
  tags:
  - PCI-DSSv4-2.2
  - PCI-DSSv4-2.2.6
  - configure_strategy
  - file_permissions_at_allow
  - low_complexity
  - low_disruption
  - medium_severity
  - no_reboot_needed

- name: Test for existence /etc/at.allow
  stat:
    path: /etc/at.allow
  register: file_exists
  when: '"linux-base" in ansible_facts.packages'
  tags:
  - PCI-DSSv4-2.2
  - PCI-DSSv4-2.2.6
  - configure_strategy
  - file_permissions_at_allow
  - low_complexity
  - low_disruption
  - medium_severity
  - no_reboot_needed

- name: Ensure permission u-xs,g-xws,o-xwrt on /etc/at.allow
  file:
    path: /etc/at.allow
    mode: u-xs,g-xws,o-xwrt
  when:
  - '"linux-base" in ansible_facts.packages'
  - file_exists.stat is defined and file_exists.stat.exists
  tags:
  - PCI-DSSv4-2.2
  - PCI-DSSv4-2.2.6
  - configure_strategy
  - file_permissions_at_allow
  - low_complexity
  - low_disruption
  - medium_severity
  - no_reboot_needed
</fix>
          <fix xmlns:xhtml="http://www.w3.org/1999/xhtml" id="file_permissions_at_allow" system="urn:xccdf:fix:script:sh" complexity="low" disruption="low" strategy="configure"># Remediation is applicable only in certain platforms
if dpkg-query --show --showformat='${db:Status-Status}
' 'linux-base' 2&gt;/dev/null | grep -q ^installed; then

chmod u-xs,g-xws,o-xwrt /etc/at.allow

else
    &gt;&amp;2 echo 'Remediation is not applicable, nothing was done'
fi
</fix>
          <check system="http://oval.mitre.org/XMLSchema/oval-definitions-5">
            <check-content-ref name="oval:ssg-file_permissions_at_allow:def:1" href="ssg-ubuntu2404-oval.xml"/>
          </check>
          <check system="http://scap.nist.gov/schema/ocil/2">
            <check-content-ref name="ocil:ssg-file_permissions_at_allow_ocil:questionnaire:1" href="ssg-ubuntu2404-ocil.xml"/>
          </check>
        </Rule>
        <Rule id="xccdf_org.ssgproject.content_rule_file_permissions_at_deny" selected="false" role="full" severity="medium">
          <title xmlns:xhtml="http://www.w3.org/1999/xhtml" xml:lang="en-US">Verify Permissions on /etc/at.deny file</title>
          <description xmlns:xhtml="http://www.w3.org/1999/xhtml" xml:lang="en-US">If <html:code xmlns:html="http://www.w3.org/1999/xhtml">/etc/at.deny</html:code> exists, it must have permissions <html:code xmlns:html="http://www.w3.org/1999/xhtml">0640</html:code>
or more restrictive.


To properly set the permissions of <html:code xmlns:html="http://www.w3.org/1999/xhtml">/etc/at.deny</html:code>, run the command:
<html:pre xmlns:html="http://www.w3.org/1999/xhtml">$ sudo chmod 0640 /etc/at.deny</html:pre>
       </description>
          <reference href="https://www.cisecurity.org/benchmark/ubuntu_linux/">2.4.2.1</reference>
          <rationale xmlns:xhtml="http://www.w3.org/1999/xhtml" xml:lang="en-US">If the permissions of the at.deny file are not set to 0640 or more restrictive,
the possibility exists for an unauthorized user to view or edit sensitive information.</rationale>
          <fix xmlns:xhtml="http://www.w3.org/1999/xhtml" id="file_permissions_at_deny" system="urn:xccdf:fix:script:ansible" complexity="low" disruption="low" strategy="configure">- name: Gather the package facts
  package_facts:
    manager: auto
  tags:
  - configure_strategy
  - file_permissions_at_deny
  - low_complexity
  - low_disruption
  - medium_severity
  - no_reboot_needed

- name: Test for existence /etc/at.deny
  stat:
    path: /etc/at.deny
  register: file_exists
  when: '"linux-base" in ansible_facts.packages'
  tags:
  - configure_strategy
  - file_permissions_at_deny
  - low_complexity
  - low_disruption
  - medium_severity
  - no_reboot_needed

- name: Ensure permission u-xs,g-xws,o-xwrt on /etc/at.deny
  file:
    path: /etc/at.deny
    mode: u-xs,g-xws,o-xwrt
  when:
  - '"linux-base" in ansible_facts.packages'
  - file_exists.stat is defined and file_exists.stat.exists
  tags:
  - configure_strategy
  - file_permissions_at_deny
  - low_complexity
  - low_disruption
  - medium_severity
  - no_reboot_needed
</fix>
          <fix xmlns:xhtml="http://www.w3.org/1999/xhtml" id="file_permissions_at_deny" system="urn:xccdf:fix:script:sh" complexity="low" disruption="low" strategy="configure"># Remediation is applicable only in certain platforms
if dpkg-query --show --showformat='${db:Status-Status}
' 'linux-base' 2&gt;/dev/null | grep -q ^installed; then

chmod u-xs,g-xws,o-xwrt /etc/at.deny

else
    &gt;&amp;2 echo 'Remediation is not applicable, nothing was done'
fi
</fix>
          <check system="http://oval.mitre.org/XMLSchema/oval-definitions-5">
            <check-content-ref name="oval:ssg-file_permissions_at_deny:def:1" href="ssg-ubuntu2404-oval.xml"/>
          </check>
          <check system="http://scap.nist.gov/schema/ocil/2">
            <check-content-ref name="ocil:ssg-file_permissions_at_deny_ocil:questionnaire:1" href="ssg-ubuntu2404-ocil.xml"/>
          </check>
        </Rule>
        <Rule id="xccdf_org.ssgproject.content_rule_file_permissions_cron_allow" selected="false" role="full" severity="medium">
          <title xmlns:xhtml="http://www.w3.org/1999/xhtml" xml:lang="en-US">Verify Permissions on /etc/cron.allow file</title>
          <description xmlns:xhtml="http://www.w3.org/1999/xhtml" xml:lang="en-US">If <html:code xmlns:html="http://www.w3.org/1999/xhtml">/etc/cron.allow</html:code> exists, it must have permissions <html:code xmlns:html="http://www.w3.org/1999/xhtml">0640</html:code>
or more restrictive.


To properly set the permissions of <html:code xmlns:html="http://www.w3.org/1999/xhtml">/etc/cron.allow</html:code>, run the command:
<html:pre xmlns:html="http://www.w3.org/1999/xhtml">$ sudo chmod 0640 /etc/cron.allow</html:pre>
       </description>
          <reference href="https://public.cyber.mil/stigs/cci/">CCI-000366</reference>
          <reference href="https://public.cyber.mil/stigs/downloads/?_dl_facet_stigs=operating-systems%2Cgeneral-purpose-os">SRG-OS-000480-GPOS-00227</reference>
          <reference href="https://www.cisecurity.org/benchmark/ubuntu_linux/">2.4.1.8</reference>
          <reference href="https://docs-prv.pcisecuritystandards.org/PCI%20DSS/Standard/PCI-DSS-v4_0.pdf">2.2.6</reference>
          <reference href="https://docs-prv.pcisecuritystandards.org/PCI%20DSS/Standard/PCI-DSS-v4_0.pdf">2.2</reference>
          <rationale xmlns:xhtml="http://www.w3.org/1999/xhtml" xml:lang="en-US">If the permissions of the cron.allow file are not set to 0640 or more restrictive,
the possibility exists for an unauthorized user to view or edit sensitive information.</rationale>
          <fix xmlns:xhtml="http://www.w3.org/1999/xhtml" id="file_permissions_cron_allow" system="urn:xccdf:fix:script:ansible" complexity="low" disruption="low" strategy="configure">- name: Gather the package facts
  package_facts:
    manager: auto
  tags:
  - PCI-DSSv4-2.2
  - PCI-DSSv4-2.2.6
  - configure_strategy
  - file_permissions_cron_allow
  - low_complexity
  - low_disruption
  - medium_severity
  - no_reboot_needed

- name: Test for existence /etc/cron.allow
  stat:
    path: /etc/cron.allow
  register: file_exists
  when: '"linux-base" in ansible_facts.packages'
  tags:
  - PCI-DSSv4-2.2
  - PCI-DSSv4-2.2.6
  - configure_strategy
  - file_permissions_cron_allow
  - low_complexity
  - low_disruption
  - medium_severity
  - no_reboot_needed

- name: Ensure permission u-xs,g-xws,o-xwrt on /etc/cron.allow
  file:
    path: /etc/cron.allow
    mode: u-xs,g-xws,o-xwrt
  when:
  - '"linux-base" in ansible_facts.packages'
  - file_exists.stat is defined and file_exists.stat.exists
  tags:
  - PCI-DSSv4-2.2
  - PCI-DSSv4-2.2.6
  - configure_strategy
  - file_permissions_cron_allow
  - low_complexity
  - low_disruption
  - medium_severity
  - no_reboot_needed
</fix>
          <fix xmlns:xhtml="http://www.w3.org/1999/xhtml" id="file_permissions_cron_allow" system="urn:xccdf:fix:script:sh" complexity="low" disruption="low" strategy="configure"># Remediation is applicable only in certain platforms
if dpkg-query --show --showformat='${db:Status-Status}
' 'linux-base' 2&gt;/dev/null | grep -q ^installed; then

chmod u-xs,g-xws,o-xwrt /etc/cron.allow

else
    &gt;&amp;2 echo 'Remediation is not applicable, nothing was done'
fi
</fix>
          <check system="http://oval.mitre.org/XMLSchema/oval-definitions-5">
            <check-content-ref name="oval:ssg-file_permissions_cron_allow:def:1" href="ssg-ubuntu2404-oval.xml"/>
          </check>
          <check system="http://scap.nist.gov/schema/ocil/2">
            <check-content-ref name="ocil:ssg-file_permissions_cron_allow_ocil:questionnaire:1" href="ssg-ubuntu2404-ocil.xml"/>
          </check>
        </Rule>
      </Group>
    </Group>
    <Group id="xccdf_org.ssgproject.content_group_deprecated">
      <title xmlns:xhtml="http://www.w3.org/1999/xhtml" xml:lang="en-US">Deprecated services</title>
      <description xmlns:xhtml="http://www.w3.org/1999/xhtml" xml:lang="en-US">Some deprecated software services impact the overall system security due to their behavior (leak of
confidentiality in network exchange, usage as uncontrolled communication channel, risk associated with the service due to its old age, etc.</description>
      <Rule id="xccdf_org.ssgproject.content_rule_package_nis_removed" selected="false" role="full" severity="low">
        <title xmlns:xhtml="http://www.w3.org/1999/xhtml" xml:lang="en-US">Uninstall the nis package</title>
        <description xmlns:xhtml="http://www.w3.org/1999/xhtml" xml:lang="en-US">The support for Yellowpages should not be installed unless it is required.</description>
        <reference href="https://www.cisecurity.org/benchmark/ubuntu_linux/">2.2.1</reference>
        <rationale xmlns:xhtml="http://www.w3.org/1999/xhtml" xml:lang="en-US">NIS is the historical SUN service for central account management, more and more replaced by LDAP.
NIS does not support efficiently security constraints, ACL, etc. and should not be used.</rationale>
        <fix xmlns:xhtml="http://www.w3.org/1999/xhtml" id="package_nis_removed" system="urn:xccdf:fix:script:puppet" complexity="low" disruption="low" strategy="disable">include remove_nis

class remove_nis {
  package { 'nis':
    ensure =&gt; 'purged',
  }
}
</fix>
        <fix xmlns:xhtml="http://www.w3.org/1999/xhtml" id="package_nis_removed" system="urn:xccdf:fix:script:ansible" complexity="low" disruption="low" strategy="disable">- name: Ensure nis is removed
  package:
    name: nis
    state: absent
  tags:
  - disable_strategy
  - low_complexity
  - low_disruption
  - low_severity
  - no_reboot_needed
  - package_nis_removed
</fix>
        <fix xmlns:xhtml="http://www.w3.org/1999/xhtml" id="package_nis_removed" system="urn:xccdf:fix:script:sh" complexity="low" disruption="low" strategy="disable">
# CAUTION: This remediation script will remove nis
#	   from the system, and may remove any packages
#	   that depend on nis. Execute this
#	   remediation AFTER testing on a non-production
#	   system!

DEBIAN_FRONTEND=noninteractive apt-get remove -y "nis"
</fix>
        <check system="http://oval.mitre.org/XMLSchema/oval-definitions-5">
          <check-content-ref name="oval:ssg-package_nis_removed:def:1" href="ssg-ubuntu2404-oval.xml"/>
        </check>
      </Rule>
    </Group>
    <Group id="xccdf_org.ssgproject.content_group_dhcp">
      <title xmlns:xhtml="http://www.w3.org/1999/xhtml" xml:lang="en-US">DHCP</title>
      <description xmlns:xhtml="http://www.w3.org/1999/xhtml" xml:lang="en-US">The Dynamic Host Configuration Protocol (DHCP) allows
systems to request and obtain an IP address and other configuration
parameters from a server.
<html:br xmlns:html="http://www.w3.org/1999/xhtml"/>
      <html:br xmlns:html="http://www.w3.org/1999/xhtml"/>
This guide recommends configuring networking on clients by manually editing
the appropriate files under <html:code xmlns:html="http://www.w3.org/1999/xhtml">/etc/sysconfig</html:code>.  Use of DHCP can make client 
systems vulnerable to compromise by rogue DHCP servers, and should be avoided 
unless necessary.  If using DHCP is necessary, however, there are best practices 
that should be followed to minimize security risk.</description>
      <Group id="xccdf_org.ssgproject.content_group_disabling_dhcp_server">
        <title xmlns:xhtml="http://www.w3.org/1999/xhtml" xml:lang="en-US">Disable DHCP Server</title>
        <description xmlns:xhtml="http://www.w3.org/1999/xhtml" xml:lang="en-US">The DHCP server <html:code xmlns:html="http://www.w3.org/1999/xhtml">dhcpd</html:code> is not installed or activated by
default. If the software was installed and activated, but the
system does not need to act as a DHCP server, it should be disabled
and removed.</description>
        <Rule id="xccdf_org.ssgproject.content_rule_package_dhcp_removed" selected="false" role="full" severity="medium">
          <title xmlns:xhtml="http://www.w3.org/1999/xhtml" xml:lang="en-US">Uninstall DHCP Server Package</title>
          <description xmlns:xhtml="http://www.w3.org/1999/xhtml" xml:lang="en-US">If the system does not need to act as a DHCP server,
the dhcp package can be uninstalled.

The <html:code xmlns:html="http://www.w3.org/1999/xhtml">isc-dhcp-server</html:code> package can be removed with the following command:
<html:pre xmlns:html="http://www.w3.org/1999/xhtml">
$ apt-get remove isc-dhcp-server</html:pre>
       </description>
          <reference href="https://www.cisecurity.org/controls/">11</reference>
          <reference href="https://www.cisecurity.org/controls/">14</reference>
          <reference href="https://www.cisecurity.org/controls/">3</reference>
          <reference href="https://www.cisecurity.org/controls/">9</reference>
          <reference href="https://www.isaca.org/resources/cobit">BAI10.01</reference>
          <reference href="https://www.isaca.org/resources/cobit">BAI10.02</reference>
          <reference href="https://www.isaca.org/resources/cobit">BAI10.03</reference>
          <reference href="https://www.isaca.org/resources/cobit">BAI10.05</reference>
          <reference href="https://www.isaca.org/resources/cobit">DSS05.02</reference>
          <reference href="https://www.isaca.org/resources/cobit">DSS05.05</reference>
          <reference href="https://www.isaca.org/resources/cobit">DSS06.06</reference>
          <reference href="https://public.cyber.mil/stigs/cci/">CCI-000366</reference>
          <reference href="https://www.isa.org/products/isa-62443-2-1-2009-security-for-industrial-automat">4.3.3.5.1</reference>
          <reference href="https://www.isa.org/products/isa-62443-2-1-2009-security-for-industrial-automat">4.3.3.5.2</reference>
          <reference href="https://www.isa.org/products/isa-62443-2-1-2009-security-for-industrial-automat">4.3.3.5.3</reference>
          <reference href="https://www.isa.org/products/isa-62443-2-1-2009-security-for-industrial-automat">4.3.3.5.4</reference>
          <reference href="https://www.isa.org/products/isa-62443-2-1-2009-security-for-industrial-automat">4.3.3.5.5</reference>
          <reference href="https://www.isa.org/products/isa-62443-2-1-2009-security-for-industrial-automat">4.3.3.5.6</reference>
          <reference href="https://www.isa.org/products/isa-62443-2-1-2009-security-for-industrial-automat">4.3.3.5.7</reference>
          <reference href="https://www.isa.org/products/isa-62443-2-1-2009-security-for-industrial-automat">4.3.3.5.8</reference>
          <reference href="https://www.isa.org/products/isa-62443-2-1-2009-security-for-industrial-automat">4.3.3.6.1</reference>
          <reference href="https://www.isa.org/products/isa-62443-2-1-2009-security-for-industrial-automat">4.3.3.6.2</reference>
          <reference href="https://www.isa.org/products/isa-62443-2-1-2009-security-for-industrial-automat">4.3.3.6.3</reference>
          <reference href="https://www.isa.org/products/isa-62443-2-1-2009-security-for-industrial-automat">4.3.3.6.4</reference>
          <reference href="https://www.isa.org/products/isa-62443-2-1-2009-security-for-industrial-automat">4.3.3.6.5</reference>
          <reference href="https://www.isa.org/products/isa-62443-2-1-2009-security-for-industrial-automat">4.3.3.6.6</reference>
          <reference href="https://www.isa.org/products/isa-62443-2-1-2009-security-for-industrial-automat">4.3.3.6.7</reference>
          <reference href="https://www.isa.org/products/isa-62443-2-1-2009-security-for-industrial-automat">4.3.3.6.8</reference>
          <reference href="https://www.isa.org/products/isa-62443-2-1-2009-security-for-industrial-automat">4.3.3.6.9</reference>
          <reference href="https://www.isa.org/products/isa-62443-2-1-2009-security-for-industrial-automat">4.3.3.7.1</reference>
          <reference href="https://www.isa.org/products/isa-62443-2-1-2009-security-for-industrial-automat">4.3.3.7.2</reference>
          <reference href="https://www.isa.org/products/isa-62443-2-1-2009-security-for-industrial-automat">4.3.3.7.3</reference>
          <reference href="https://www.isa.org/products/isa-62443-2-1-2009-security-for-industrial-automat">4.3.3.7.4</reference>
          <reference href="https://www.isa.org/products/isa-62443-2-1-2009-security-for-industrial-automat">4.3.4.3.2</reference>
          <reference href="https://www.isa.org/products/isa-62443-2-1-2009-security-for-industrial-automat">4.3.4.3.3</reference>
          <reference href="https://www.isa.org/products/ansi-isa-62443-3-3-99-03-03-2013-security-for-indu">SR 1.1</reference>
          <reference href="https://www.isa.org/products/ansi-isa-62443-3-3-99-03-03-2013-security-for-indu">SR 1.10</reference>
          <reference href="https://www.isa.org/products/ansi-isa-62443-3-3-99-03-03-2013-security-for-indu">SR 1.11</reference>
          <reference href="https://www.isa.org/products/ansi-isa-62443-3-3-99-03-03-2013-security-for-indu">SR 1.12</reference>
          <reference href="https://www.isa.org/products/ansi-isa-62443-3-3-99-03-03-2013-security-for-indu">SR 1.13</reference>
          <reference href="https://www.isa.org/products/ansi-isa-62443-3-3-99-03-03-2013-security-for-indu">SR 1.2</reference>
          <reference href="https://www.isa.org/products/ansi-isa-62443-3-3-99-03-03-2013-security-for-indu">SR 1.3</reference>
          <reference href="https://www.isa.org/products/ansi-isa-62443-3-3-99-03-03-2013-security-for-indu">SR 1.4</reference>
          <reference href="https://www.isa.org/products/ansi-isa-62443-3-3-99-03-03-2013-security-for-indu">SR 1.5</reference>
          <reference href="https://www.isa.org/products/ansi-isa-62443-3-3-99-03-03-2013-security-for-indu">SR 1.6</reference>
          <reference href="https://www.isa.org/products/ansi-isa-62443-3-3-99-03-03-2013-security-for-indu">SR 1.7</reference>
          <reference href="https://www.isa.org/products/ansi-isa-62443-3-3-99-03-03-2013-security-for-indu">SR 1.8</reference>
          <reference href="https://www.isa.org/products/ansi-isa-62443-3-3-99-03-03-2013-security-for-indu">SR 1.9</reference>
          <reference href="https://www.isa.org/products/ansi-isa-62443-3-3-99-03-03-2013-security-for-indu">SR 2.1</reference>
          <reference href="https://www.isa.org/products/ansi-isa-62443-3-3-99-03-03-2013-security-for-indu">SR 2.2</reference>
          <reference href="https://www.isa.org/products/ansi-isa-62443-3-3-99-03-03-2013-security-for-indu">SR 2.3</reference>
          <reference href="https://www.isa.org/products/ansi-isa-62443-3-3-99-03-03-2013-security-for-indu">SR 2.4</reference>
          <reference href="https://www.isa.org/products/ansi-isa-62443-3-3-99-03-03-2013-security-for-indu">SR 2.5</reference>
          <reference href="https://www.isa.org/products/ansi-isa-62443-3-3-99-03-03-2013-security-for-indu">SR 2.6</reference>
          <reference href="https://www.isa.org/products/ansi-isa-62443-3-3-99-03-03-2013-security-for-indu">SR 2.7</reference>
          <reference href="https://www.isa.org/products/ansi-isa-62443-3-3-99-03-03-2013-security-for-indu">SR 7.6</reference>
          <reference href="https://www.iso.org/contents/data/standard/05/45/54534.html">A.12.1.2</reference>
          <reference href="https://www.iso.org/contents/data/standard/05/45/54534.html">A.12.5.1</reference>
          <reference href="https://www.iso.org/contents/data/standard/05/45/54534.html">A.12.6.2</reference>
          <reference href="https://www.iso.org/contents/data/standard/05/45/54534.html">A.14.2.2</reference>
          <reference href="https://www.iso.org/contents/data/standard/05/45/54534.html">A.14.2.3</reference>
          <reference href="https://www.iso.org/contents/data/standard/05/45/54534.html">A.14.2.4</reference>
          <reference href="https://www.iso.org/contents/data/standard/05/45/54534.html">A.9.1.2</reference>
          <reference href="http://nvlpubs.nist.gov/nistpubs/SpecialPublications/NIST.SP.800-53r4.pdf">CM-7(a)</reference>
          <reference href="http://nvlpubs.nist.gov/nistpubs/SpecialPublications/NIST.SP.800-53r4.pdf">CM-7(b)</reference>
          <reference href="http://nvlpubs.nist.gov/nistpubs/SpecialPublications/NIST.SP.800-53r4.pdf">CM-6(a)</reference>
          <reference href="https://nvlpubs.nist.gov/nistpubs/CSWP/NIST.CSWP.04162018.pdf">PR.IP-1</reference>
          <reference href="https://nvlpubs.nist.gov/nistpubs/CSWP/NIST.CSWP.04162018.pdf">PR.PT-3</reference>
          <reference href="https://cyber.gouv.fr/sites/default/files/document/linux_configuration-en-v2.pdf">R62</reference>
          <reference href="https://www.cisecurity.org/benchmark/ubuntu_linux/">2.1.3</reference>
          <reference href="https://docs-prv.pcisecuritystandards.org/PCI%20DSS/Standard/PCI-DSS-v4_0.pdf">2.2.4</reference>
          <reference href="https://docs-prv.pcisecuritystandards.org/PCI%20DSS/Standard/PCI-DSS-v4_0.pdf">2.2</reference>
          <rationale xmlns:xhtml="http://www.w3.org/1999/xhtml" xml:lang="en-US">Removing the DHCP server ensures that it cannot be easily or
accidentally reactivated and disrupt network operation.</rationale>
          <fix xmlns:xhtml="http://www.w3.org/1999/xhtml" id="package_dhcp_removed" system="urn:xccdf:fix:script:puppet" complexity="low" disruption="low" strategy="disable">include remove_isc-dhcp-server

class remove_isc-dhcp-server {
  package { 'isc-dhcp-server':
    ensure =&gt; 'purged',
  }
}
</fix>
          <fix xmlns:xhtml="http://www.w3.org/1999/xhtml" id="package_dhcp_removed" system="urn:xccdf:fix:script:ansible" complexity="low" disruption="low" strategy="disable">- name: Ensure isc-dhcp-server is removed
  package:
    name: isc-dhcp-server
    state: absent
  tags:
  - NIST-800-53-CM-6(a)
  - NIST-800-53-CM-7(a)
  - NIST-800-53-CM-7(b)
  - PCI-DSSv4-2.2
  - PCI-DSSv4-2.2.4
  - disable_strategy
  - low_complexity
  - low_disruption
  - medium_severity
  - no_reboot_needed
  - package_dhcp_removed
</fix>
          <fix xmlns:xhtml="http://www.w3.org/1999/xhtml" id="package_dhcp_removed" system="urn:xccdf:fix:script:sh" complexity="low" disruption="low" strategy="disable">
# CAUTION: This remediation script will remove isc-dhcp-server
#	   from the system, and may remove any packages
#	   that depend on isc-dhcp-server. Execute this
#	   remediation AFTER testing on a non-production
#	   system!

DEBIAN_FRONTEND=noninteractive apt-get remove -y "isc-dhcp-server"
</fix>
          <check system="http://oval.mitre.org/XMLSchema/oval-definitions-5">
            <check-content-ref name="oval:ssg-package_dhcp_removed:def:1" href="ssg-ubuntu2404-oval.xml"/>
          </check>
          <check system="http://scap.nist.gov/schema/ocil/2">
            <check-content-ref name="ocil:ssg-package_dhcp_removed_ocil:questionnaire:1" href="ssg-ubuntu2404-ocil.xml"/>
          </check>
        </Rule>
        <Rule id="xccdf_org.ssgproject.content_rule_service_dhcpd6_disabled" selected="false" role="full" severity="medium">
          <title xmlns:xhtml="http://www.w3.org/1999/xhtml" xml:lang="en-US">Disable DHCPD6 Service</title>
          <description xmlns:xhtml="http://www.w3.org/1999/xhtml" xml:lang="en-US">The <html:code xmlns:html="http://www.w3.org/1999/xhtml">dhcp6</html:code> service should be disabled on
any system that does not need to act as a DHCP server.


The <html:code xmlns:html="http://www.w3.org/1999/xhtml">isc-dhcp-server6</html:code> service can be disabled with the following command:
<html:pre xmlns:html="http://www.w3.org/1999/xhtml">$ sudo systemctl mask --now isc-dhcp-server6.service</html:pre>
       </description>
          <reference href="https://www.cisecurity.org/benchmark/ubuntu_linux/">2.1.3</reference>
          <rationale xmlns:xhtml="http://www.w3.org/1999/xhtml" xml:lang="en-US">Unmanaged or unintentionally activated DHCP servers may provide faulty information
to clients, interfering with the operation of a legitimate site
DHCP server if there is one.</rationale>
          <platform idref="#system_with_kernel"/>
          <fix xmlns:xhtml="http://www.w3.org/1999/xhtml" id="service_dhcpd6_disabled" system="urn:redhat:osbuild:blueprint">
[customizations.services]
masked = ["isc-dhcp-server6"]
</fix>
          <fix xmlns:xhtml="http://www.w3.org/1999/xhtml" id="service_dhcpd6_disabled" system="urn:xccdf:fix:script:puppet" complexity="low" disruption="low" strategy="enable">include disable_isc-dhcp-server6

class disable_isc-dhcp-server6 {
  service {'isc-dhcp-server6':
    enable =&gt; false,
    ensure =&gt; 'stopped',
  }
}
</fix>
          <fix xmlns:xhtml="http://www.w3.org/1999/xhtml" id="service_dhcpd6_disabled" system="urn:xccdf:fix:script:ansible" complexity="low" disruption="low" strategy="disable">- name: Gather the package facts
  package_facts:
    manager: auto
  tags:
  - disable_strategy
  - low_complexity
  - low_disruption
  - medium_severity
  - no_reboot_needed
  - service_dhcpd6_disabled

- name: Disable DHCPD6 Service - Collect systemd Services Present in the System
  ansible.builtin.command: systemctl -q list-unit-files --type service
  register: service_exists
  changed_when: false
  failed_when: service_exists.rc not in [0, 1]
  check_mode: false
  when: '"linux-base" in ansible_facts.packages'
  tags:
  - disable_strategy
  - low_complexity
  - low_disruption
  - medium_severity
  - no_reboot_needed
  - service_dhcpd6_disabled

- name: Disable DHCPD6 Service - Ensure isc-dhcp-server6.service is Masked
  ansible.builtin.systemd:
    name: isc-dhcp-server6.service
    state: stopped
    enabled: false
    masked: true
  when:
  - '"linux-base" in ansible_facts.packages'
  - service_exists.stdout_lines is search("isc-dhcp-server6.service", multiline=True)
  tags:
  - disable_strategy
  - low_complexity
  - low_disruption
  - medium_severity
  - no_reboot_needed
  - service_dhcpd6_disabled

- name: Unit Socket Exists - isc-dhcp-server6.socket
  ansible.builtin.command: systemctl -q list-unit-files isc-dhcp-server6.socket
  register: socket_file_exists
  changed_when: false
  failed_when: socket_file_exists.rc not in [0, 1]
  check_mode: false
  when: '"linux-base" in ansible_facts.packages'
  tags:
  - disable_strategy
  - low_complexity
  - low_disruption
  - medium_severity
  - no_reboot_needed
  - service_dhcpd6_disabled

- name: Disable DHCPD6 Service - Disable Socket isc-dhcp-server6
  ansible.builtin.systemd:
    name: isc-dhcp-server6.socket
    enabled: false
    state: stopped
    masked: true
  when:
  - '"linux-base" in ansible_facts.packages'
  - socket_file_exists.stdout_lines is search("isc-dhcp-server6.socket", multiline=True)
  tags:
  - disable_strategy
  - low_complexity
  - low_disruption
  - medium_severity
  - no_reboot_needed
  - service_dhcpd6_disabled
</fix>
          <fix xmlns:xhtml="http://www.w3.org/1999/xhtml" id="service_dhcpd6_disabled" system="urn:xccdf:fix:script:sh" complexity="low" disruption="low" strategy="disable"># Remediation is applicable only in certain platforms
if dpkg-query --show --showformat='${db:Status-Status}
' 'linux-base' 2&gt;/dev/null | grep -q ^installed; then

SYSTEMCTL_EXEC='/usr/bin/systemctl'
if [[ $("$SYSTEMCTL_EXEC" is-system-running) != "offline" ]]; then
  "$SYSTEMCTL_EXEC" stop 'isc-dhcp-server6.service'
fi
"$SYSTEMCTL_EXEC" disable 'isc-dhcp-server6.service'
"$SYSTEMCTL_EXEC" mask 'isc-dhcp-server6.service'
# Disable socket activation if we have a unit file for it
if "$SYSTEMCTL_EXEC" -q list-unit-files isc-dhcp-server6.socket; then
    if [[ $("$SYSTEMCTL_EXEC" is-system-running) != "offline" ]]; then
      "$SYSTEMCTL_EXEC" stop 'isc-dhcp-server6.socket'
    fi
    "$SYSTEMCTL_EXEC" mask 'isc-dhcp-server6.socket'
fi
# The service may not be running because it has been started and failed,
# so let's reset the state so OVAL checks pass.
# Service should be 'inactive', not 'failed' after reboot though.
"$SYSTEMCTL_EXEC" reset-failed 'isc-dhcp-server6.service' || true

else
    &gt;&amp;2 echo 'Remediation is not applicable, nothing was done'
fi
</fix>
          <fix xmlns:xhtml="http://www.w3.org/1999/xhtml" id="service_dhcpd6_disabled" system="urn:xccdf:fix:script:kubernetes" reboot="true" complexity="low" disruption="medium" strategy="disable">apiVersion: machineconfiguration.openshift.io/v1
kind: MachineConfig
spec:
  config:
    ignition:
      version: 3.1.0
    systemd:
      units:
      - name: isc-dhcp-server6.service
        enabled: false
        mask: true
      - name: isc-dhcp-server6.socket
        enabled: false
        mask: true
</fix>
          <check system="http://oval.mitre.org/XMLSchema/oval-definitions-5">
            <check-content-ref name="oval:ssg-service_dhcpd6_disabled:def:1" href="ssg-ubuntu2404-oval.xml"/>
          </check>
        </Rule>
        <Rule id="xccdf_org.ssgproject.content_rule_service_dhcpd_disabled" selected="false" role="full" severity="medium">
          <title xmlns:xhtml="http://www.w3.org/1999/xhtml" xml:lang="en-US">Disable DHCP Service</title>
          <description xmlns:xhtml="http://www.w3.org/1999/xhtml" xml:lang="en-US">The <html:code xmlns:html="http://www.w3.org/1999/xhtml">dhcpd</html:code> service should be disabled on
any system that does not need to act as a DHCP server.


The <html:code xmlns:html="http://www.w3.org/1999/xhtml">isc-dhcp-server</html:code> service can be disabled with the following command:
<html:pre xmlns:html="http://www.w3.org/1999/xhtml">$ sudo systemctl mask --now isc-dhcp-server.service</html:pre>
       </description>
          <reference href="https://www.cisecurity.org/controls/">11</reference>
          <reference href="https://www.cisecurity.org/controls/">14</reference>
          <reference href="https://www.cisecurity.org/controls/">3</reference>
          <reference href="https://www.cisecurity.org/controls/">9</reference>
          <reference href="https://www.isaca.org/resources/cobit">BAI10.01</reference>
          <reference href="https://www.isaca.org/resources/cobit">BAI10.02</reference>
          <reference href="https://www.isaca.org/resources/cobit">BAI10.03</reference>
          <reference href="https://www.isaca.org/resources/cobit">BAI10.05</reference>
          <reference href="https://www.isaca.org/resources/cobit">DSS05.02</reference>
          <reference href="https://www.isaca.org/resources/cobit">DSS05.05</reference>
          <reference href="https://www.isaca.org/resources/cobit">DSS06.06</reference>
          <reference href="https://public.cyber.mil/stigs/cci/">CCI-000366</reference>
          <reference href="https://www.isa.org/products/isa-62443-2-1-2009-security-for-industrial-automat">4.3.3.5.1</reference>
          <reference href="https://www.isa.org/products/isa-62443-2-1-2009-security-for-industrial-automat">4.3.3.5.2</reference>
          <reference href="https://www.isa.org/products/isa-62443-2-1-2009-security-for-industrial-automat">4.3.3.5.3</reference>
          <reference href="https://www.isa.org/products/isa-62443-2-1-2009-security-for-industrial-automat">4.3.3.5.4</reference>
          <reference href="https://www.isa.org/products/isa-62443-2-1-2009-security-for-industrial-automat">4.3.3.5.5</reference>
          <reference href="https://www.isa.org/products/isa-62443-2-1-2009-security-for-industrial-automat">4.3.3.5.6</reference>
          <reference href="https://www.isa.org/products/isa-62443-2-1-2009-security-for-industrial-automat">4.3.3.5.7</reference>
          <reference href="https://www.isa.org/products/isa-62443-2-1-2009-security-for-industrial-automat">4.3.3.5.8</reference>
          <reference href="https://www.isa.org/products/isa-62443-2-1-2009-security-for-industrial-automat">4.3.3.6.1</reference>
          <reference href="https://www.isa.org/products/isa-62443-2-1-2009-security-for-industrial-automat">4.3.3.6.2</reference>
          <reference href="https://www.isa.org/products/isa-62443-2-1-2009-security-for-industrial-automat">4.3.3.6.3</reference>
          <reference href="https://www.isa.org/products/isa-62443-2-1-2009-security-for-industrial-automat">4.3.3.6.4</reference>
          <reference href="https://www.isa.org/products/isa-62443-2-1-2009-security-for-industrial-automat">4.3.3.6.5</reference>
          <reference href="https://www.isa.org/products/isa-62443-2-1-2009-security-for-industrial-automat">4.3.3.6.6</reference>
          <reference href="https://www.isa.org/products/isa-62443-2-1-2009-security-for-industrial-automat">4.3.3.6.7</reference>
          <reference href="https://www.isa.org/products/isa-62443-2-1-2009-security-for-industrial-automat">4.3.3.6.8</reference>
          <reference href="https://www.isa.org/products/isa-62443-2-1-2009-security-for-industrial-automat">4.3.3.6.9</reference>
          <reference href="https://www.isa.org/products/isa-62443-2-1-2009-security-for-industrial-automat">4.3.3.7.1</reference>
          <reference href="https://www.isa.org/products/isa-62443-2-1-2009-security-for-industrial-automat">4.3.3.7.2</reference>
          <reference href="https://www.isa.org/products/isa-62443-2-1-2009-security-for-industrial-automat">4.3.3.7.3</reference>
          <reference href="https://www.isa.org/products/isa-62443-2-1-2009-security-for-industrial-automat">4.3.3.7.4</reference>
          <reference href="https://www.isa.org/products/isa-62443-2-1-2009-security-for-industrial-automat">4.3.4.3.2</reference>
          <reference href="https://www.isa.org/products/isa-62443-2-1-2009-security-for-industrial-automat">4.3.4.3.3</reference>
          <reference href="https://www.isa.org/products/ansi-isa-62443-3-3-99-03-03-2013-security-for-indu">SR 1.1</reference>
          <reference href="https://www.isa.org/products/ansi-isa-62443-3-3-99-03-03-2013-security-for-indu">SR 1.10</reference>
          <reference href="https://www.isa.org/products/ansi-isa-62443-3-3-99-03-03-2013-security-for-indu">SR 1.11</reference>
          <reference href="https://www.isa.org/products/ansi-isa-62443-3-3-99-03-03-2013-security-for-indu">SR 1.12</reference>
          <reference href="https://www.isa.org/products/ansi-isa-62443-3-3-99-03-03-2013-security-for-indu">SR 1.13</reference>
          <reference href="https://www.isa.org/products/ansi-isa-62443-3-3-99-03-03-2013-security-for-indu">SR 1.2</reference>
          <reference href="https://www.isa.org/products/ansi-isa-62443-3-3-99-03-03-2013-security-for-indu">SR 1.3</reference>
          <reference href="https://www.isa.org/products/ansi-isa-62443-3-3-99-03-03-2013-security-for-indu">SR 1.4</reference>
          <reference href="https://www.isa.org/products/ansi-isa-62443-3-3-99-03-03-2013-security-for-indu">SR 1.5</reference>
          <reference href="https://www.isa.org/products/ansi-isa-62443-3-3-99-03-03-2013-security-for-indu">SR 1.6</reference>
          <reference href="https://www.isa.org/products/ansi-isa-62443-3-3-99-03-03-2013-security-for-indu">SR 1.7</reference>
          <reference href="https://www.isa.org/products/ansi-isa-62443-3-3-99-03-03-2013-security-for-indu">SR 1.8</reference>
          <reference href="https://www.isa.org/products/ansi-isa-62443-3-3-99-03-03-2013-security-for-indu">SR 1.9</reference>
          <reference href="https://www.isa.org/products/ansi-isa-62443-3-3-99-03-03-2013-security-for-indu">SR 2.1</reference>
          <reference href="https://www.isa.org/products/ansi-isa-62443-3-3-99-03-03-2013-security-for-indu">SR 2.2</reference>
          <reference href="https://www.isa.org/products/ansi-isa-62443-3-3-99-03-03-2013-security-for-indu">SR 2.3</reference>
          <reference href="https://www.isa.org/products/ansi-isa-62443-3-3-99-03-03-2013-security-for-indu">SR 2.4</reference>
          <reference href="https://www.isa.org/products/ansi-isa-62443-3-3-99-03-03-2013-security-for-indu">SR 2.5</reference>
          <reference href="https://www.isa.org/products/ansi-isa-62443-3-3-99-03-03-2013-security-for-indu">SR 2.6</reference>
          <reference href="https://www.isa.org/products/ansi-isa-62443-3-3-99-03-03-2013-security-for-indu">SR 2.7</reference>
          <reference href="https://www.isa.org/products/ansi-isa-62443-3-3-99-03-03-2013-security-for-indu">SR 7.6</reference>
          <reference href="https://www.iso.org/contents/data/standard/05/45/54534.html">A.12.1.2</reference>
          <reference href="https://www.iso.org/contents/data/standard/05/45/54534.html">A.12.5.1</reference>
          <reference href="https://www.iso.org/contents/data/standard/05/45/54534.html">A.12.6.2</reference>
          <reference href="https://www.iso.org/contents/data/standard/05/45/54534.html">A.14.2.2</reference>
          <reference href="https://www.iso.org/contents/data/standard/05/45/54534.html">A.14.2.3</reference>
          <reference href="https://www.iso.org/contents/data/standard/05/45/54534.html">A.14.2.4</reference>
          <reference href="https://www.iso.org/contents/data/standard/05/45/54534.html">A.9.1.2</reference>
          <reference href="http://nvlpubs.nist.gov/nistpubs/SpecialPublications/NIST.SP.800-53r4.pdf">CM-7(a)</reference>
          <reference href="http://nvlpubs.nist.gov/nistpubs/SpecialPublications/NIST.SP.800-53r4.pdf">CM-7(b)</reference>
          <reference href="http://nvlpubs.nist.gov/nistpubs/SpecialPublications/NIST.SP.800-53r4.pdf">CM-6(a)</reference>
          <reference href="https://nvlpubs.nist.gov/nistpubs/CSWP/NIST.CSWP.04162018.pdf">PR.IP-1</reference>
          <reference href="https://nvlpubs.nist.gov/nistpubs/CSWP/NIST.CSWP.04162018.pdf">PR.PT-3</reference>
          <reference href="https://www.cisecurity.org/benchmark/ubuntu_linux/">2.1.3</reference>
          <rationale xmlns:xhtml="http://www.w3.org/1999/xhtml" xml:lang="en-US">Unmanaged or unintentionally activated DHCP servers may provide faulty information
to clients, interfering with the operation of a legitimate site
DHCP server if there is one.</rationale>
          <platform idref="#system_with_kernel"/>
          <fix xmlns:xhtml="http://www.w3.org/1999/xhtml" id="service_dhcpd_disabled" system="urn:redhat:osbuild:blueprint">
[customizations.services]
masked = ["isc-dhcp-server"]
</fix>
          <fix xmlns:xhtml="http://www.w3.org/1999/xhtml" id="service_dhcpd_disabled" system="urn:xccdf:fix:script:puppet" complexity="low" disruption="low" strategy="enable">include disable_isc-dhcp-server

class disable_isc-dhcp-server {
  service {'isc-dhcp-server':
    enable =&gt; false,
    ensure =&gt; 'stopped',
  }
}
</fix>
          <fix xmlns:xhtml="http://www.w3.org/1999/xhtml" id="service_dhcpd_disabled" system="urn:xccdf:fix:script:ansible" complexity="low" disruption="low" strategy="disable">- name: Gather the package facts
  package_facts:
    manager: auto
  tags:
  - NIST-800-53-CM-6(a)
  - NIST-800-53-CM-7(a)
  - NIST-800-53-CM-7(b)
  - disable_strategy
  - low_complexity
  - low_disruption
  - medium_severity
  - no_reboot_needed
  - service_dhcpd_disabled

- name: Disable DHCP Service - Collect systemd Services Present in the System
  ansible.builtin.command: systemctl -q list-unit-files --type service
  register: service_exists
  changed_when: false
  failed_when: service_exists.rc not in [0, 1]
  check_mode: false
  when: '"linux-base" in ansible_facts.packages'
  tags:
  - NIST-800-53-CM-6(a)
  - NIST-800-53-CM-7(a)
  - NIST-800-53-CM-7(b)
  - disable_strategy
  - low_complexity
  - low_disruption
  - medium_severity
  - no_reboot_needed
  - service_dhcpd_disabled

- name: Disable DHCP Service - Ensure isc-dhcp-server.service is Masked
  ansible.builtin.systemd:
    name: isc-dhcp-server.service
    state: stopped
    enabled: false
    masked: true
  when:
  - '"linux-base" in ansible_facts.packages'
  - service_exists.stdout_lines is search("isc-dhcp-server.service", multiline=True)
  tags:
  - NIST-800-53-CM-6(a)
  - NIST-800-53-CM-7(a)
  - NIST-800-53-CM-7(b)
  - disable_strategy
  - low_complexity
  - low_disruption
  - medium_severity
  - no_reboot_needed
  - service_dhcpd_disabled

- name: Unit Socket Exists - isc-dhcp-server.socket
  ansible.builtin.command: systemctl -q list-unit-files isc-dhcp-server.socket
  register: socket_file_exists
  changed_when: false
  failed_when: socket_file_exists.rc not in [0, 1]
  check_mode: false
  when: '"linux-base" in ansible_facts.packages'
  tags:
  - NIST-800-53-CM-6(a)
  - NIST-800-53-CM-7(a)
  - NIST-800-53-CM-7(b)
  - disable_strategy
  - low_complexity
  - low_disruption
  - medium_severity
  - no_reboot_needed
  - service_dhcpd_disabled

- name: Disable DHCP Service - Disable Socket isc-dhcp-server
  ansible.builtin.systemd:
    name: isc-dhcp-server.socket
    enabled: false
    state: stopped
    masked: true
  when:
  - '"linux-base" in ansible_facts.packages'
  - socket_file_exists.stdout_lines is search("isc-dhcp-server.socket", multiline=True)
  tags:
  - NIST-800-53-CM-6(a)
  - NIST-800-53-CM-7(a)
  - NIST-800-53-CM-7(b)
  - disable_strategy
  - low_complexity
  - low_disruption
  - medium_severity
  - no_reboot_needed
  - service_dhcpd_disabled
</fix>
          <fix xmlns:xhtml="http://www.w3.org/1999/xhtml" id="service_dhcpd_disabled" system="urn:xccdf:fix:script:sh" complexity="low" disruption="low" strategy="disable"># Remediation is applicable only in certain platforms
if dpkg-query --show --showformat='${db:Status-Status}
' 'linux-base' 2&gt;/dev/null | grep -q ^installed; then

SYSTEMCTL_EXEC='/usr/bin/systemctl'
if [[ $("$SYSTEMCTL_EXEC" is-system-running) != "offline" ]]; then
  "$SYSTEMCTL_EXEC" stop 'isc-dhcp-server.service'
fi
"$SYSTEMCTL_EXEC" disable 'isc-dhcp-server.service'
"$SYSTEMCTL_EXEC" mask 'isc-dhcp-server.service'
# Disable socket activation if we have a unit file for it
if "$SYSTEMCTL_EXEC" -q list-unit-files isc-dhcp-server.socket; then
    if [[ $("$SYSTEMCTL_EXEC" is-system-running) != "offline" ]]; then
      "$SYSTEMCTL_EXEC" stop 'isc-dhcp-server.socket'
    fi
    "$SYSTEMCTL_EXEC" mask 'isc-dhcp-server.socket'
fi
# The service may not be running because it has been started and failed,
# so let's reset the state so OVAL checks pass.
# Service should be 'inactive', not 'failed' after reboot though.
"$SYSTEMCTL_EXEC" reset-failed 'isc-dhcp-server.service' || true

else
    &gt;&amp;2 echo 'Remediation is not applicable, nothing was done'
fi
</fix>
          <fix xmlns:xhtml="http://www.w3.org/1999/xhtml" id="service_dhcpd_disabled" system="urn:xccdf:fix:script:kubernetes" reboot="true" complexity="low" disruption="medium" strategy="disable">apiVersion: machineconfiguration.openshift.io/v1
kind: MachineConfig
spec:
  config:
    ignition:
      version: 3.1.0
    systemd:
      units:
      - name: isc-dhcp-server.service
        enabled: false
        mask: true
      - name: isc-dhcp-server.socket
        enabled: false
        mask: true
</fix>
          <check system="http://oval.mitre.org/XMLSchema/oval-definitions-5">
            <check-content-ref name="oval:ssg-service_dhcpd_disabled:def:1" href="ssg-ubuntu2404-oval.xml"/>
          </check>
          <check system="http://scap.nist.gov/schema/ocil/2">
            <check-content-ref name="ocil:ssg-service_dhcpd_disabled_ocil:questionnaire:1" href="ssg-ubuntu2404-ocil.xml"/>
          </check>
        </Rule>
      </Group>
    </Group>
    <Group id="xccdf_org.ssgproject.content_group_dns">
      <title xmlns:xhtml="http://www.w3.org/1999/xhtml" xml:lang="en-US">DNS Server</title>
      <description xmlns:xhtml="http://www.w3.org/1999/xhtml" xml:lang="en-US">Most organizations have an operational need to run at
least one nameserver. However, there are many common attacks
involving DNS server software, and this server software should
be disabled on any system
on which it is not needed.</description>
      <Rule id="xccdf_org.ssgproject.content_rule_package_dnsmasq_removed" selected="false" role="full" severity="low">
        <title xmlns:xhtml="http://www.w3.org/1999/xhtml" xml:lang="en-US">Uninstall dnsmasq Package</title>
        <description xmlns:xhtml="http://www.w3.org/1999/xhtml" xml:lang="en-US">dnsmasq is a lightweight tool that provides DNS caching, DNS forwarding and
DHCP (Dynamic Host Configuration Protocol) services.
<html:br xmlns:html="http://www.w3.org/1999/xhtml"/>
The <html:code xmlns:html="http://www.w3.org/1999/xhtml">dnsmasq</html:code> package can be removed with the following command:
<html:pre xmlns:html="http://www.w3.org/1999/xhtml">
$ apt-get remove dnsmasq</html:pre>
      </description>
        <reference href="https://www.cisecurity.org/benchmark/ubuntu_linux/">2.1.5</reference>
        <rationale xmlns:xhtml="http://www.w3.org/1999/xhtml" xml:lang="en-US">Unless a system is specifically designated to act as a DNS
caching, DNS forwarding and/or DHCP server, it is recommended that the
package be removed to reduce the potential attack surface.</rationale>
        <fix xmlns:xhtml="http://www.w3.org/1999/xhtml" id="package_dnsmasq_removed" system="urn:xccdf:fix:script:puppet" complexity="low" disruption="low" strategy="disable">include remove_dnsmasq

class remove_dnsmasq {
  package { 'dnsmasq':
    ensure =&gt; 'purged',
  }
}
</fix>
        <fix xmlns:xhtml="http://www.w3.org/1999/xhtml" id="package_dnsmasq_removed" system="urn:xccdf:fix:script:ansible" complexity="low" disruption="low" strategy="disable">- name: Ensure dnsmasq is removed
  package:
    name: dnsmasq
    state: absent
  tags:
  - disable_strategy
  - low_complexity
  - low_disruption
  - low_severity
  - no_reboot_needed
  - package_dnsmasq_removed
</fix>
        <fix xmlns:xhtml="http://www.w3.org/1999/xhtml" id="package_dnsmasq_removed" system="urn:xccdf:fix:script:sh" complexity="low" disruption="low" strategy="disable">
# CAUTION: This remediation script will remove dnsmasq
#	   from the system, and may remove any packages
#	   that depend on dnsmasq. Execute this
#	   remediation AFTER testing on a non-production
#	   system!

DEBIAN_FRONTEND=noninteractive apt-get remove -y "dnsmasq"
</fix>
        <check system="http://oval.mitre.org/XMLSchema/oval-definitions-5">
          <check-content-ref name="oval:ssg-package_dnsmasq_removed:def:1" href="ssg-ubuntu2404-oval.xml"/>
        </check>
        <check system="http://scap.nist.gov/schema/ocil/2">
          <check-content-ref name="ocil:ssg-package_dnsmasq_removed_ocil:questionnaire:1" href="ssg-ubuntu2404-ocil.xml"/>
        </check>
      </Rule>
      <Rule id="xccdf_org.ssgproject.content_rule_service_dnsmasq_disabled" selected="false" role="full" severity="medium">
        <title xmlns:xhtml="http://www.w3.org/1999/xhtml" xml:lang="en-US">Disable dnsmasq Service</title>
        <description xmlns:xhtml="http://www.w3.org/1999/xhtml" xml:lang="en-US">
The <html:code xmlns:html="http://www.w3.org/1999/xhtml">dnsmasq</html:code> service can be disabled with the following command:
<html:pre xmlns:html="http://www.w3.org/1999/xhtml">$ sudo systemctl mask --now dnsmasq.service</html:pre>
      </description>
        <reference href="https://www.cisecurity.org/benchmark/ubuntu_linux/">2.1.5</reference>
        <rationale xmlns:xhtml="http://www.w3.org/1999/xhtml" xml:lang="en-US">Unless a system is specifically designated to act as a DNS
caching, DNS forwarding and/or DHCP server, it is recommended
that the package be removed to reduce the potential attack surface.</rationale>
        <platform idref="#system_with_kernel"/>
        <fix xmlns:xhtml="http://www.w3.org/1999/xhtml" id="service_dnsmasq_disabled" system="urn:redhat:osbuild:blueprint">
[customizations.services]
masked = ["dnsmasq"]
</fix>
        <fix xmlns:xhtml="http://www.w3.org/1999/xhtml" id="service_dnsmasq_disabled" system="urn:xccdf:fix:script:puppet" complexity="low" disruption="low" strategy="enable">include disable_dnsmasq

class disable_dnsmasq {
  service {'dnsmasq':
    enable =&gt; false,
    ensure =&gt; 'stopped',
  }
}
</fix>
        <fix xmlns:xhtml="http://www.w3.org/1999/xhtml" id="service_dnsmasq_disabled" system="urn:xccdf:fix:script:ansible" complexity="low" disruption="low" strategy="disable">- name: Gather the package facts
  package_facts:
    manager: auto
  tags:
  - disable_strategy
  - low_complexity
  - low_disruption
  - medium_severity
  - no_reboot_needed
  - service_dnsmasq_disabled

- name: Disable dnsmasq Service - Collect systemd Services Present in the System
  ansible.builtin.command: systemctl -q list-unit-files --type service
  register: service_exists
  changed_when: false
  failed_when: service_exists.rc not in [0, 1]
  check_mode: false
  when: '"linux-base" in ansible_facts.packages'
  tags:
  - disable_strategy
  - low_complexity
  - low_disruption
  - medium_severity
  - no_reboot_needed
  - service_dnsmasq_disabled

- name: Disable dnsmasq Service - Ensure dnsmasq.service is Masked
  ansible.builtin.systemd:
    name: dnsmasq.service
    state: stopped
    enabled: false
    masked: true
  when:
  - '"linux-base" in ansible_facts.packages'
  - service_exists.stdout_lines is search("dnsmasq.service", multiline=True)
  tags:
  - disable_strategy
  - low_complexity
  - low_disruption
  - medium_severity
  - no_reboot_needed
  - service_dnsmasq_disabled

- name: Unit Socket Exists - dnsmasq.socket
  ansible.builtin.command: systemctl -q list-unit-files dnsmasq.socket
  register: socket_file_exists
  changed_when: false
  failed_when: socket_file_exists.rc not in [0, 1]
  check_mode: false
  when: '"linux-base" in ansible_facts.packages'
  tags:
  - disable_strategy
  - low_complexity
  - low_disruption
  - medium_severity
  - no_reboot_needed
  - service_dnsmasq_disabled

- name: Disable dnsmasq Service - Disable Socket dnsmasq
  ansible.builtin.systemd:
    name: dnsmasq.socket
    enabled: false
    state: stopped
    masked: true
  when:
  - '"linux-base" in ansible_facts.packages'
  - socket_file_exists.stdout_lines is search("dnsmasq.socket", multiline=True)
  tags:
  - disable_strategy
  - low_complexity
  - low_disruption
  - medium_severity
  - no_reboot_needed
  - service_dnsmasq_disabled
</fix>
        <fix xmlns:xhtml="http://www.w3.org/1999/xhtml" id="service_dnsmasq_disabled" system="urn:xccdf:fix:script:sh" complexity="low" disruption="low" strategy="disable"># Remediation is applicable only in certain platforms
if dpkg-query --show --showformat='${db:Status-Status}
' 'linux-base' 2&gt;/dev/null | grep -q ^installed; then

SYSTEMCTL_EXEC='/usr/bin/systemctl'
if [[ $("$SYSTEMCTL_EXEC" is-system-running) != "offline" ]]; then
  "$SYSTEMCTL_EXEC" stop 'dnsmasq.service'
fi
"$SYSTEMCTL_EXEC" disable 'dnsmasq.service'
"$SYSTEMCTL_EXEC" mask 'dnsmasq.service'
# Disable socket activation if we have a unit file for it
if "$SYSTEMCTL_EXEC" -q list-unit-files dnsmasq.socket; then
    if [[ $("$SYSTEMCTL_EXEC" is-system-running) != "offline" ]]; then
      "$SYSTEMCTL_EXEC" stop 'dnsmasq.socket'
    fi
    "$SYSTEMCTL_EXEC" mask 'dnsmasq.socket'
fi
# The service may not be running because it has been started and failed,
# so let's reset the state so OVAL checks pass.
# Service should be 'inactive', not 'failed' after reboot though.
"$SYSTEMCTL_EXEC" reset-failed 'dnsmasq.service' || true

else
    &gt;&amp;2 echo 'Remediation is not applicable, nothing was done'
fi
</fix>
        <fix xmlns:xhtml="http://www.w3.org/1999/xhtml" id="service_dnsmasq_disabled" system="urn:xccdf:fix:script:kubernetes" reboot="true" complexity="low" disruption="medium" strategy="disable">apiVersion: machineconfiguration.openshift.io/v1
kind: MachineConfig
spec:
  config:
    ignition:
      version: 3.1.0
    systemd:
      units:
      - name: dnsmasq.service
        enabled: false
        mask: true
      - name: dnsmasq.socket
        enabled: false
        mask: true
</fix>
        <check system="http://oval.mitre.org/XMLSchema/oval-definitions-5">
          <check-content-ref name="oval:ssg-service_dnsmasq_disabled:def:1" href="ssg-ubuntu2404-oval.xml"/>
        </check>
      </Rule>
      <Group id="xccdf_org.ssgproject.content_group_disabling_dns_server">
        <title xmlns:xhtml="http://www.w3.org/1999/xhtml" xml:lang="en-US">Disable DNS Server</title>
        <description xmlns:xhtml="http://www.w3.org/1999/xhtml" xml:lang="en-US">DNS software should be disabled on any systems which does not
need to be a nameserver. Note that the BIND DNS server software is
not installed on Ubuntu 24.04 by default. The remainder of this section
discusses secure configuration of systems which must be
nameservers.</description>
        <Rule id="xccdf_org.ssgproject.content_rule_package_bind_removed" selected="false" role="full" severity="low">
          <title xmlns:xhtml="http://www.w3.org/1999/xhtml" xml:lang="en-US">Uninstall bind Package</title>
          <description xmlns:xhtml="http://www.w3.org/1999/xhtml" xml:lang="en-US">The <html:code xmlns:html="http://www.w3.org/1999/xhtml">named</html:code> service is provided by the <html:code xmlns:html="http://www.w3.org/1999/xhtml">bind</html:code> package.
The <html:code xmlns:html="http://www.w3.org/1999/xhtml">bind</html:code> package can be removed with the following command:
<html:pre xmlns:html="http://www.w3.org/1999/xhtml">
$ apt-get remove bind</html:pre>
       </description>
          <reference href="https://www.cisecurity.org/controls/">11</reference>
          <reference href="https://www.cisecurity.org/controls/">14</reference>
          <reference href="https://www.cisecurity.org/controls/">3</reference>
          <reference href="https://www.cisecurity.org/controls/">9</reference>
          <reference href="https://www.isaca.org/resources/cobit">BAI10.01</reference>
          <reference href="https://www.isaca.org/resources/cobit">BAI10.02</reference>
          <reference href="https://www.isaca.org/resources/cobit">BAI10.03</reference>
          <reference href="https://www.isaca.org/resources/cobit">BAI10.05</reference>
          <reference href="https://www.isaca.org/resources/cobit">DSS05.02</reference>
          <reference href="https://www.isaca.org/resources/cobit">DSS05.05</reference>
          <reference href="https://www.isaca.org/resources/cobit">DSS06.06</reference>
          <reference href="https://public.cyber.mil/stigs/cci/">CCI-000366</reference>
          <reference href="https://www.isa.org/products/isa-62443-2-1-2009-security-for-industrial-automat">4.3.3.5.1</reference>
          <reference href="https://www.isa.org/products/isa-62443-2-1-2009-security-for-industrial-automat">4.3.3.5.2</reference>
          <reference href="https://www.isa.org/products/isa-62443-2-1-2009-security-for-industrial-automat">4.3.3.5.3</reference>
          <reference href="https://www.isa.org/products/isa-62443-2-1-2009-security-for-industrial-automat">4.3.3.5.4</reference>
          <reference href="https://www.isa.org/products/isa-62443-2-1-2009-security-for-industrial-automat">4.3.3.5.5</reference>
          <reference href="https://www.isa.org/products/isa-62443-2-1-2009-security-for-industrial-automat">4.3.3.5.6</reference>
          <reference href="https://www.isa.org/products/isa-62443-2-1-2009-security-for-industrial-automat">4.3.3.5.7</reference>
          <reference href="https://www.isa.org/products/isa-62443-2-1-2009-security-for-industrial-automat">4.3.3.5.8</reference>
          <reference href="https://www.isa.org/products/isa-62443-2-1-2009-security-for-industrial-automat">4.3.3.6.1</reference>
          <reference href="https://www.isa.org/products/isa-62443-2-1-2009-security-for-industrial-automat">4.3.3.6.2</reference>
          <reference href="https://www.isa.org/products/isa-62443-2-1-2009-security-for-industrial-automat">4.3.3.6.3</reference>
          <reference href="https://www.isa.org/products/isa-62443-2-1-2009-security-for-industrial-automat">4.3.3.6.4</reference>
          <reference href="https://www.isa.org/products/isa-62443-2-1-2009-security-for-industrial-automat">4.3.3.6.5</reference>
          <reference href="https://www.isa.org/products/isa-62443-2-1-2009-security-for-industrial-automat">4.3.3.6.6</reference>
          <reference href="https://www.isa.org/products/isa-62443-2-1-2009-security-for-industrial-automat">4.3.3.6.7</reference>
          <reference href="https://www.isa.org/products/isa-62443-2-1-2009-security-for-industrial-automat">4.3.3.6.8</reference>
          <reference href="https://www.isa.org/products/isa-62443-2-1-2009-security-for-industrial-automat">4.3.3.6.9</reference>
          <reference href="https://www.isa.org/products/isa-62443-2-1-2009-security-for-industrial-automat">4.3.3.7.1</reference>
          <reference href="https://www.isa.org/products/isa-62443-2-1-2009-security-for-industrial-automat">4.3.3.7.2</reference>
          <reference href="https://www.isa.org/products/isa-62443-2-1-2009-security-for-industrial-automat">4.3.3.7.3</reference>
          <reference href="https://www.isa.org/products/isa-62443-2-1-2009-security-for-industrial-automat">4.3.3.7.4</reference>
          <reference href="https://www.isa.org/products/isa-62443-2-1-2009-security-for-industrial-automat">4.3.4.3.2</reference>
          <reference href="https://www.isa.org/products/isa-62443-2-1-2009-security-for-industrial-automat">4.3.4.3.3</reference>
          <reference href="https://www.isa.org/products/ansi-isa-62443-3-3-99-03-03-2013-security-for-indu">SR 1.1</reference>
          <reference href="https://www.isa.org/products/ansi-isa-62443-3-3-99-03-03-2013-security-for-indu">SR 1.10</reference>
          <reference href="https://www.isa.org/products/ansi-isa-62443-3-3-99-03-03-2013-security-for-indu">SR 1.11</reference>
          <reference href="https://www.isa.org/products/ansi-isa-62443-3-3-99-03-03-2013-security-for-indu">SR 1.12</reference>
          <reference href="https://www.isa.org/products/ansi-isa-62443-3-3-99-03-03-2013-security-for-indu">SR 1.13</reference>
          <reference href="https://www.isa.org/products/ansi-isa-62443-3-3-99-03-03-2013-security-for-indu">SR 1.2</reference>
          <reference href="https://www.isa.org/products/ansi-isa-62443-3-3-99-03-03-2013-security-for-indu">SR 1.3</reference>
          <reference href="https://www.isa.org/products/ansi-isa-62443-3-3-99-03-03-2013-security-for-indu">SR 1.4</reference>
          <reference href="https://www.isa.org/products/ansi-isa-62443-3-3-99-03-03-2013-security-for-indu">SR 1.5</reference>
          <reference href="https://www.isa.org/products/ansi-isa-62443-3-3-99-03-03-2013-security-for-indu">SR 1.6</reference>
          <reference href="https://www.isa.org/products/ansi-isa-62443-3-3-99-03-03-2013-security-for-indu">SR 1.7</reference>
          <reference href="https://www.isa.org/products/ansi-isa-62443-3-3-99-03-03-2013-security-for-indu">SR 1.8</reference>
          <reference href="https://www.isa.org/products/ansi-isa-62443-3-3-99-03-03-2013-security-for-indu">SR 1.9</reference>
          <reference href="https://www.isa.org/products/ansi-isa-62443-3-3-99-03-03-2013-security-for-indu">SR 2.1</reference>
          <reference href="https://www.isa.org/products/ansi-isa-62443-3-3-99-03-03-2013-security-for-indu">SR 2.2</reference>
          <reference href="https://www.isa.org/products/ansi-isa-62443-3-3-99-03-03-2013-security-for-indu">SR 2.3</reference>
          <reference href="https://www.isa.org/products/ansi-isa-62443-3-3-99-03-03-2013-security-for-indu">SR 2.4</reference>
          <reference href="https://www.isa.org/products/ansi-isa-62443-3-3-99-03-03-2013-security-for-indu">SR 2.5</reference>
          <reference href="https://www.isa.org/products/ansi-isa-62443-3-3-99-03-03-2013-security-for-indu">SR 2.6</reference>
          <reference href="https://www.isa.org/products/ansi-isa-62443-3-3-99-03-03-2013-security-for-indu">SR 2.7</reference>
          <reference href="https://www.isa.org/products/ansi-isa-62443-3-3-99-03-03-2013-security-for-indu">SR 7.6</reference>
          <reference href="https://www.iso.org/contents/data/standard/05/45/54534.html">A.12.1.2</reference>
          <reference href="https://www.iso.org/contents/data/standard/05/45/54534.html">A.12.5.1</reference>
          <reference href="https://www.iso.org/contents/data/standard/05/45/54534.html">A.12.6.2</reference>
          <reference href="https://www.iso.org/contents/data/standard/05/45/54534.html">A.14.2.2</reference>
          <reference href="https://www.iso.org/contents/data/standard/05/45/54534.html">A.14.2.3</reference>
          <reference href="https://www.iso.org/contents/data/standard/05/45/54534.html">A.14.2.4</reference>
          <reference href="https://www.iso.org/contents/data/standard/05/45/54534.html">A.9.1.2</reference>
          <reference href="http://nvlpubs.nist.gov/nistpubs/SpecialPublications/NIST.SP.800-53r4.pdf">CM-7(a)</reference>
          <reference href="http://nvlpubs.nist.gov/nistpubs/SpecialPublications/NIST.SP.800-53r4.pdf">CM-7(b)</reference>
          <reference href="http://nvlpubs.nist.gov/nistpubs/SpecialPublications/NIST.SP.800-53r4.pdf">CM-6(a)</reference>
          <reference href="https://nvlpubs.nist.gov/nistpubs/CSWP/NIST.CSWP.04162018.pdf">PR.IP-1</reference>
          <reference href="https://nvlpubs.nist.gov/nistpubs/CSWP/NIST.CSWP.04162018.pdf">PR.PT-3</reference>
          <reference href="https://www.cisecurity.org/benchmark/ubuntu_linux/">2.1.4</reference>
          <rationale xmlns:xhtml="http://www.w3.org/1999/xhtml" xml:lang="en-US">If there is no need to make DNS server software available,
removing it provides a safeguard against its activation.</rationale>
          <fix xmlns:xhtml="http://www.w3.org/1999/xhtml" id="package_bind_removed" system="urn:xccdf:fix:script:puppet" complexity="low" disruption="low" strategy="disable">include remove_bind9

class remove_bind9 {
  package { 'bind9':
    ensure =&gt; 'purged',
  }
}
</fix>
          <fix xmlns:xhtml="http://www.w3.org/1999/xhtml" id="package_bind_removed" system="urn:xccdf:fix:script:ansible" complexity="low" disruption="low" strategy="disable">- name: Ensure bind9 is removed
  package:
    name: bind9
    state: absent
  tags:
  - NIST-800-53-CM-6(a)
  - NIST-800-53-CM-7(a)
  - NIST-800-53-CM-7(b)
  - disable_strategy
  - low_complexity
  - low_disruption
  - low_severity
  - no_reboot_needed
  - package_bind_removed
</fix>
          <fix xmlns:xhtml="http://www.w3.org/1999/xhtml" id="package_bind_removed" system="urn:xccdf:fix:script:sh" complexity="low" disruption="low" strategy="disable">
# CAUTION: This remediation script will remove bind9
#	   from the system, and may remove any packages
#	   that depend on bind9. Execute this
#	   remediation AFTER testing on a non-production
#	   system!

DEBIAN_FRONTEND=noninteractive apt-get remove -y "bind9"
</fix>
          <check system="http://oval.mitre.org/XMLSchema/oval-definitions-5">
            <check-content-ref name="oval:ssg-package_bind_removed:def:1" href="ssg-ubuntu2404-oval.xml"/>
          </check>
          <check system="http://scap.nist.gov/schema/ocil/2">
            <check-content-ref name="ocil:ssg-package_bind_removed_ocil:questionnaire:1" href="ssg-ubuntu2404-ocil.xml"/>
          </check>
        </Rule>
        <Rule id="xccdf_org.ssgproject.content_rule_service_named_disabled" selected="false" role="full" severity="medium">
          <title xmlns:xhtml="http://www.w3.org/1999/xhtml" xml:lang="en-US">Disable named Service</title>
          <description xmlns:xhtml="http://www.w3.org/1999/xhtml" xml:lang="en-US">
The <html:code xmlns:html="http://www.w3.org/1999/xhtml">named</html:code> service can be disabled with the following command:
<html:pre xmlns:html="http://www.w3.org/1999/xhtml">$ sudo systemctl mask --now named.service</html:pre>
       </description>
          <reference href="https://www.cisecurity.org/controls/">11</reference>
          <reference href="https://www.cisecurity.org/controls/">14</reference>
          <reference href="https://www.cisecurity.org/controls/">3</reference>
          <reference href="https://www.cisecurity.org/controls/">9</reference>
          <reference href="https://www.isaca.org/resources/cobit">BAI10.01</reference>
          <reference href="https://www.isaca.org/resources/cobit">BAI10.02</reference>
          <reference href="https://www.isaca.org/resources/cobit">BAI10.03</reference>
          <reference href="https://www.isaca.org/resources/cobit">BAI10.05</reference>
          <reference href="https://www.isaca.org/resources/cobit">DSS05.02</reference>
          <reference href="https://www.isaca.org/resources/cobit">DSS05.05</reference>
          <reference href="https://www.isaca.org/resources/cobit">DSS06.06</reference>
          <reference href="https://public.cyber.mil/stigs/cci/">CCI-000366</reference>
          <reference href="https://www.isa.org/products/isa-62443-2-1-2009-security-for-industrial-automat">4.3.3.5.1</reference>
          <reference href="https://www.isa.org/products/isa-62443-2-1-2009-security-for-industrial-automat">4.3.3.5.2</reference>
          <reference href="https://www.isa.org/products/isa-62443-2-1-2009-security-for-industrial-automat">4.3.3.5.3</reference>
          <reference href="https://www.isa.org/products/isa-62443-2-1-2009-security-for-industrial-automat">4.3.3.5.4</reference>
          <reference href="https://www.isa.org/products/isa-62443-2-1-2009-security-for-industrial-automat">4.3.3.5.5</reference>
          <reference href="https://www.isa.org/products/isa-62443-2-1-2009-security-for-industrial-automat">4.3.3.5.6</reference>
          <reference href="https://www.isa.org/products/isa-62443-2-1-2009-security-for-industrial-automat">4.3.3.5.7</reference>
          <reference href="https://www.isa.org/products/isa-62443-2-1-2009-security-for-industrial-automat">4.3.3.5.8</reference>
          <reference href="https://www.isa.org/products/isa-62443-2-1-2009-security-for-industrial-automat">4.3.3.6.1</reference>
          <reference href="https://www.isa.org/products/isa-62443-2-1-2009-security-for-industrial-automat">4.3.3.6.2</reference>
          <reference href="https://www.isa.org/products/isa-62443-2-1-2009-security-for-industrial-automat">4.3.3.6.3</reference>
          <reference href="https://www.isa.org/products/isa-62443-2-1-2009-security-for-industrial-automat">4.3.3.6.4</reference>
          <reference href="https://www.isa.org/products/isa-62443-2-1-2009-security-for-industrial-automat">4.3.3.6.5</reference>
          <reference href="https://www.isa.org/products/isa-62443-2-1-2009-security-for-industrial-automat">4.3.3.6.6</reference>
          <reference href="https://www.isa.org/products/isa-62443-2-1-2009-security-for-industrial-automat">4.3.3.6.7</reference>
          <reference href="https://www.isa.org/products/isa-62443-2-1-2009-security-for-industrial-automat">4.3.3.6.8</reference>
          <reference href="https://www.isa.org/products/isa-62443-2-1-2009-security-for-industrial-automat">4.3.3.6.9</reference>
          <reference href="https://www.isa.org/products/isa-62443-2-1-2009-security-for-industrial-automat">4.3.3.7.1</reference>
          <reference href="https://www.isa.org/products/isa-62443-2-1-2009-security-for-industrial-automat">4.3.3.7.2</reference>
          <reference href="https://www.isa.org/products/isa-62443-2-1-2009-security-for-industrial-automat">4.3.3.7.3</reference>
          <reference href="https://www.isa.org/products/isa-62443-2-1-2009-security-for-industrial-automat">4.3.3.7.4</reference>
          <reference href="https://www.isa.org/products/isa-62443-2-1-2009-security-for-industrial-automat">4.3.4.3.2</reference>
          <reference href="https://www.isa.org/products/isa-62443-2-1-2009-security-for-industrial-automat">4.3.4.3.3</reference>
          <reference href="https://www.isa.org/products/ansi-isa-62443-3-3-99-03-03-2013-security-for-indu">SR 1.1</reference>
          <reference href="https://www.isa.org/products/ansi-isa-62443-3-3-99-03-03-2013-security-for-indu">SR 1.10</reference>
          <reference href="https://www.isa.org/products/ansi-isa-62443-3-3-99-03-03-2013-security-for-indu">SR 1.11</reference>
          <reference href="https://www.isa.org/products/ansi-isa-62443-3-3-99-03-03-2013-security-for-indu">SR 1.12</reference>
          <reference href="https://www.isa.org/products/ansi-isa-62443-3-3-99-03-03-2013-security-for-indu">SR 1.13</reference>
          <reference href="https://www.isa.org/products/ansi-isa-62443-3-3-99-03-03-2013-security-for-indu">SR 1.2</reference>
          <reference href="https://www.isa.org/products/ansi-isa-62443-3-3-99-03-03-2013-security-for-indu">SR 1.3</reference>
          <reference href="https://www.isa.org/products/ansi-isa-62443-3-3-99-03-03-2013-security-for-indu">SR 1.4</reference>
          <reference href="https://www.isa.org/products/ansi-isa-62443-3-3-99-03-03-2013-security-for-indu">SR 1.5</reference>
          <reference href="https://www.isa.org/products/ansi-isa-62443-3-3-99-03-03-2013-security-for-indu">SR 1.6</reference>
          <reference href="https://www.isa.org/products/ansi-isa-62443-3-3-99-03-03-2013-security-for-indu">SR 1.7</reference>
          <reference href="https://www.isa.org/products/ansi-isa-62443-3-3-99-03-03-2013-security-for-indu">SR 1.8</reference>
          <reference href="https://www.isa.org/products/ansi-isa-62443-3-3-99-03-03-2013-security-for-indu">SR 1.9</reference>
          <reference href="https://www.isa.org/products/ansi-isa-62443-3-3-99-03-03-2013-security-for-indu">SR 2.1</reference>
          <reference href="https://www.isa.org/products/ansi-isa-62443-3-3-99-03-03-2013-security-for-indu">SR 2.2</reference>
          <reference href="https://www.isa.org/products/ansi-isa-62443-3-3-99-03-03-2013-security-for-indu">SR 2.3</reference>
          <reference href="https://www.isa.org/products/ansi-isa-62443-3-3-99-03-03-2013-security-for-indu">SR 2.4</reference>
          <reference href="https://www.isa.org/products/ansi-isa-62443-3-3-99-03-03-2013-security-for-indu">SR 2.5</reference>
          <reference href="https://www.isa.org/products/ansi-isa-62443-3-3-99-03-03-2013-security-for-indu">SR 2.6</reference>
          <reference href="https://www.isa.org/products/ansi-isa-62443-3-3-99-03-03-2013-security-for-indu">SR 2.7</reference>
          <reference href="https://www.isa.org/products/ansi-isa-62443-3-3-99-03-03-2013-security-for-indu">SR 7.6</reference>
          <reference href="https://www.iso.org/contents/data/standard/05/45/54534.html">A.12.1.2</reference>
          <reference href="https://www.iso.org/contents/data/standard/05/45/54534.html">A.12.5.1</reference>
          <reference href="https://www.iso.org/contents/data/standard/05/45/54534.html">A.12.6.2</reference>
          <reference href="https://www.iso.org/contents/data/standard/05/45/54534.html">A.14.2.2</reference>
          <reference href="https://www.iso.org/contents/data/standard/05/45/54534.html">A.14.2.3</reference>
          <reference href="https://www.iso.org/contents/data/standard/05/45/54534.html">A.14.2.4</reference>
          <reference href="https://www.iso.org/contents/data/standard/05/45/54534.html">A.9.1.2</reference>
          <reference href="http://nvlpubs.nist.gov/nistpubs/SpecialPublications/NIST.SP.800-53r4.pdf">CM-7(a)</reference>
          <reference href="http://nvlpubs.nist.gov/nistpubs/SpecialPublications/NIST.SP.800-53r4.pdf">CM-7(b)</reference>
          <reference href="http://nvlpubs.nist.gov/nistpubs/SpecialPublications/NIST.SP.800-53r4.pdf">CM-6(a)</reference>
          <reference href="https://nvlpubs.nist.gov/nistpubs/CSWP/NIST.CSWP.04162018.pdf">PR.IP-1</reference>
          <reference href="https://nvlpubs.nist.gov/nistpubs/CSWP/NIST.CSWP.04162018.pdf">PR.PT-3</reference>
          <reference href="https://www.cisecurity.org/benchmark/ubuntu_linux/">2.1.4</reference>
          <rationale xmlns:xhtml="http://www.w3.org/1999/xhtml" xml:lang="en-US">All network services involve some risk of compromise due to
implementation flaws and should be disabled if possible.</rationale>
          <platform idref="#system_with_kernel"/>
          <fix xmlns:xhtml="http://www.w3.org/1999/xhtml" id="service_named_disabled" system="urn:redhat:osbuild:blueprint">
[customizations.services]
masked = ["named"]
</fix>
          <fix xmlns:xhtml="http://www.w3.org/1999/xhtml" id="service_named_disabled" system="urn:xccdf:fix:script:puppet" complexity="low" disruption="low" strategy="enable">include disable_named

class disable_named {
  service {'named':
    enable =&gt; false,
    ensure =&gt; 'stopped',
  }
}
</fix>
          <fix xmlns:xhtml="http://www.w3.org/1999/xhtml" id="service_named_disabled" system="urn:xccdf:fix:script:ansible" complexity="low" disruption="low" strategy="disable">- name: Gather the package facts
  package_facts:
    manager: auto
  tags:
  - NIST-800-53-CM-6(a)
  - NIST-800-53-CM-7(a)
  - NIST-800-53-CM-7(b)
  - disable_strategy
  - low_complexity
  - low_disruption
  - medium_severity
  - no_reboot_needed
  - service_named_disabled

- name: Disable named Service - Collect systemd Services Present in the System
  ansible.builtin.command: systemctl -q list-unit-files --type service
  register: service_exists
  changed_when: false
  failed_when: service_exists.rc not in [0, 1]
  check_mode: false
  when: '"linux-base" in ansible_facts.packages'
  tags:
  - NIST-800-53-CM-6(a)
  - NIST-800-53-CM-7(a)
  - NIST-800-53-CM-7(b)
  - disable_strategy
  - low_complexity
  - low_disruption
  - medium_severity
  - no_reboot_needed
  - service_named_disabled

- name: Disable named Service - Ensure named.service is Masked
  ansible.builtin.systemd:
    name: named.service
    state: stopped
    enabled: false
    masked: true
  when:
  - '"linux-base" in ansible_facts.packages'
  - service_exists.stdout_lines is search("named.service", multiline=True)
  tags:
  - NIST-800-53-CM-6(a)
  - NIST-800-53-CM-7(a)
  - NIST-800-53-CM-7(b)
  - disable_strategy
  - low_complexity
  - low_disruption
  - medium_severity
  - no_reboot_needed
  - service_named_disabled

- name: Unit Socket Exists - named.socket
  ansible.builtin.command: systemctl -q list-unit-files named.socket
  register: socket_file_exists
  changed_when: false
  failed_when: socket_file_exists.rc not in [0, 1]
  check_mode: false
  when: '"linux-base" in ansible_facts.packages'
  tags:
  - NIST-800-53-CM-6(a)
  - NIST-800-53-CM-7(a)
  - NIST-800-53-CM-7(b)
  - disable_strategy
  - low_complexity
  - low_disruption
  - medium_severity
  - no_reboot_needed
  - service_named_disabled

- name: Disable named Service - Disable Socket named
  ansible.builtin.systemd:
    name: named.socket
    enabled: false
    state: stopped
    masked: true
  when:
  - '"linux-base" in ansible_facts.packages'
  - socket_file_exists.stdout_lines is search("named.socket", multiline=True)
  tags:
  - NIST-800-53-CM-6(a)
  - NIST-800-53-CM-7(a)
  - NIST-800-53-CM-7(b)
  - disable_strategy
  - low_complexity
  - low_disruption
  - medium_severity
  - no_reboot_needed
  - service_named_disabled
</fix>
          <fix xmlns:xhtml="http://www.w3.org/1999/xhtml" id="service_named_disabled" system="urn:xccdf:fix:script:sh" complexity="low" disruption="low" strategy="disable"># Remediation is applicable only in certain platforms
if dpkg-query --show --showformat='${db:Status-Status}
' 'linux-base' 2&gt;/dev/null | grep -q ^installed; then

SYSTEMCTL_EXEC='/usr/bin/systemctl'
if [[ $("$SYSTEMCTL_EXEC" is-system-running) != "offline" ]]; then
  "$SYSTEMCTL_EXEC" stop 'named.service'
fi
"$SYSTEMCTL_EXEC" disable 'named.service'
"$SYSTEMCTL_EXEC" mask 'named.service'
# Disable socket activation if we have a unit file for it
if "$SYSTEMCTL_EXEC" -q list-unit-files named.socket; then
    if [[ $("$SYSTEMCTL_EXEC" is-system-running) != "offline" ]]; then
      "$SYSTEMCTL_EXEC" stop 'named.socket'
    fi
    "$SYSTEMCTL_EXEC" mask 'named.socket'
fi
# The service may not be running because it has been started and failed,
# so let's reset the state so OVAL checks pass.
# Service should be 'inactive', not 'failed' after reboot though.
"$SYSTEMCTL_EXEC" reset-failed 'named.service' || true

else
    &gt;&amp;2 echo 'Remediation is not applicable, nothing was done'
fi
</fix>
          <fix xmlns:xhtml="http://www.w3.org/1999/xhtml" id="service_named_disabled" system="urn:xccdf:fix:script:kubernetes" reboot="true" complexity="low" disruption="medium" strategy="disable">apiVersion: machineconfiguration.openshift.io/v1
kind: MachineConfig
spec:
  config:
    ignition:
      version: 3.1.0
    systemd:
      units:
      - name: named.service
        enabled: false
        mask: true
      - name: named.socket
        enabled: false
        mask: true
</fix>
          <check system="http://oval.mitre.org/XMLSchema/oval-definitions-5">
            <check-content-ref name="oval:ssg-service_named_disabled:def:1" href="ssg-ubuntu2404-oval.xml"/>
          </check>
          <check system="http://scap.nist.gov/schema/ocil/2">
            <check-content-ref name="ocil:ssg-service_named_disabled_ocil:questionnaire:1" href="ssg-ubuntu2404-ocil.xml"/>
          </check>
        </Rule>
      </Group>
    </Group>
    <Group id="xccdf_org.ssgproject.content_group_ftp">
      <title xmlns:xhtml="http://www.w3.org/1999/xhtml" xml:lang="en-US">FTP Server</title>
      <description xmlns:xhtml="http://www.w3.org/1999/xhtml" xml:lang="en-US">FTP is a common method for allowing remote access to
files. Like telnet, the FTP protocol is unencrypted, which means
that passwords and other data transmitted during the session can be
captured and that the session is vulnerable to hijacking.
Therefore, running the FTP server software is not recommended.
<html:br xmlns:html="http://www.w3.org/1999/xhtml"/>
      <html:br xmlns:html="http://www.w3.org/1999/xhtml"/>
However, there are some FTP server configurations which may
be appropriate for some environments, particularly those which
allow only read-only anonymous access as a means of downloading
data available to the public.</description>
      <Rule id="xccdf_org.ssgproject.content_rule_package_ftp_removed" selected="false" role="full" severity="low">
        <title xmlns:xhtml="http://www.w3.org/1999/xhtml" xml:lang="en-US">Remove ftp Package</title>
        <description xmlns:xhtml="http://www.w3.org/1999/xhtml" xml:lang="en-US">FTP (File Transfer Protocol) is a traditional and widely used standard tool for
transferring files between a server and clients over a network, especially where no
authentication is necessary (permits anonymous users to connect to a server).
<html:br xmlns:html="http://www.w3.org/1999/xhtml"/>
The <html:code xmlns:html="http://www.w3.org/1999/xhtml">ftp</html:code> package can be removed with the following command:
<html:pre xmlns:html="http://www.w3.org/1999/xhtml">
$ apt-get remove ftp</html:pre>
      </description>
        <reference href="https://www.cisecurity.org/benchmark/ubuntu_linux/">2.2.6</reference>
        <reference href="https://docs-prv.pcisecuritystandards.org/PCI%20DSS/Standard/PCI-DSS-v4_0.pdf">2.2.4</reference>
        <reference href="https://docs-prv.pcisecuritystandards.org/PCI%20DSS/Standard/PCI-DSS-v4_0.pdf">2.2</reference>
        <rationale xmlns:xhtml="http://www.w3.org/1999/xhtml" xml:lang="en-US">FTP does not protect the confidentiality of data or authentication credentials. It
is recommended SFTP be used if file transfer is required. Unless there is a need
to run the system as a FTP server (for example, to allow anonymous downloads), it is
recommended that the package be removed to reduce the potential attack surface.</rationale>
        <fix xmlns:xhtml="http://www.w3.org/1999/xhtml" id="package_ftp_removed" system="urn:xccdf:fix:script:puppet" complexity="low" disruption="low" strategy="disable">include remove_ftp

class remove_ftp {
  package { 'ftp':
    ensure =&gt; 'purged',
  }
}
</fix>
        <fix xmlns:xhtml="http://www.w3.org/1999/xhtml" id="package_ftp_removed" system="urn:xccdf:fix:script:ansible" complexity="low" disruption="low" strategy="disable">- name: Ensure ftp is removed
  package:
    name: ftp
    state: absent
  tags:
  - PCI-DSSv4-2.2
  - PCI-DSSv4-2.2.4
  - disable_strategy
  - low_complexity
  - low_disruption
  - low_severity
  - no_reboot_needed
  - package_ftp_removed
</fix>
        <fix xmlns:xhtml="http://www.w3.org/1999/xhtml" id="package_ftp_removed" system="urn:xccdf:fix:script:sh" complexity="low" disruption="low" strategy="disable">
# CAUTION: This remediation script will remove ftp
#	   from the system, and may remove any packages
#	   that depend on ftp. Execute this
#	   remediation AFTER testing on a non-production
#	   system!

DEBIAN_FRONTEND=noninteractive apt-get remove -y "ftp"
</fix>
        <check system="http://oval.mitre.org/XMLSchema/oval-definitions-5">
          <check-content-ref name="oval:ssg-package_ftp_removed:def:1" href="ssg-ubuntu2404-oval.xml"/>
        </check>
        <check system="http://scap.nist.gov/schema/ocil/2">
          <check-content-ref name="ocil:ssg-package_ftp_removed_ocil:questionnaire:1" href="ssg-ubuntu2404-ocil.xml"/>
        </check>
      </Rule>
      <Rule id="xccdf_org.ssgproject.content_rule_package_tnftp_removed" selected="false" role="full" severity="low">
        <title xmlns:xhtml="http://www.w3.org/1999/xhtml" xml:lang="en-US">Remove tnftp Package</title>
        <description xmlns:xhtml="http://www.w3.org/1999/xhtml" xml:lang="en-US">tnftp an enhanced FTP client, is the user interface to the Internet standard File
Transfer Protocol. The program allows a user to transfer files to and from a remote
network site.
The <html:code xmlns:html="http://www.w3.org/1999/xhtml">ftp</html:code> package can be removed with the following command:
<html:pre xmlns:html="http://www.w3.org/1999/xhtml">
$ apt-get remove ftp</html:pre>
      </description>
        <reference href="https://www.cisecurity.org/benchmark/ubuntu_linux/">2.2.6</reference>
        <rationale xmlns:xhtml="http://www.w3.org/1999/xhtml" xml:lang="en-US">Unless there is a need to run the system using Internet standard File Transfer Protocol
(for example, to allow anonymous downloads), it is recommended that the package be
removed to reduce the potential attack surface.</rationale>
        <fix xmlns:xhtml="http://www.w3.org/1999/xhtml" id="package_tnftp_removed" system="urn:xccdf:fix:script:puppet" complexity="low" disruption="low" strategy="disable">include remove_tnftp

class remove_tnftp {
  package { 'tnftp':
    ensure =&gt; 'purged',
  }
}
</fix>
        <fix xmlns:xhtml="http://www.w3.org/1999/xhtml" id="package_tnftp_removed" system="urn:xccdf:fix:script:ansible" complexity="low" disruption="low" strategy="disable">- name: Ensure tnftp is removed
  package:
    name: tnftp
    state: absent
  tags:
  - disable_strategy
  - low_complexity
  - low_disruption
  - low_severity
  - no_reboot_needed
  - package_tnftp_removed
</fix>
        <fix xmlns:xhtml="http://www.w3.org/1999/xhtml" id="package_tnftp_removed" system="urn:xccdf:fix:script:sh" complexity="low" disruption="low" strategy="disable">
# CAUTION: This remediation script will remove tnftp
#	   from the system, and may remove any packages
#	   that depend on tnftp. Execute this
#	   remediation AFTER testing on a non-production
#	   system!

DEBIAN_FRONTEND=noninteractive apt-get remove -y "tnftp"
</fix>
        <check system="http://oval.mitre.org/XMLSchema/oval-definitions-5">
          <check-content-ref name="oval:ssg-package_tnftp_removed:def:1" href="ssg-ubuntu2404-oval.xml"/>
        </check>
        <check system="http://scap.nist.gov/schema/ocil/2">
          <check-content-ref name="ocil:ssg-package_tnftp_removed_ocil:questionnaire:1" href="ssg-ubuntu2404-ocil.xml"/>
        </check>
      </Rule>
      <Group id="xccdf_org.ssgproject.content_group_disabling_vsftpd">
        <title xmlns:xhtml="http://www.w3.org/1999/xhtml" xml:lang="en-US">Disable vsftpd if Possible</title>
        <description xmlns:xhtml="http://www.w3.org/1999/xhtml" xml:lang="en-US">To minimize attack surface, disable vsftpd if at all
possible.</description>
        <Rule id="xccdf_org.ssgproject.content_rule_package_vsftpd_removed" selected="false" role="full" severity="high">
          <title xmlns:xhtml="http://www.w3.org/1999/xhtml" xml:lang="en-US">Uninstall vsftpd Package</title>
          <description xmlns:xhtml="http://www.w3.org/1999/xhtml" xml:lang="en-US">The <html:code xmlns:html="http://www.w3.org/1999/xhtml">vsftpd</html:code> package can be removed with the following command: <html:pre xmlns:html="http://www.w3.org/1999/xhtml"> $ apt-get remove vsftpd</html:pre>
       </description>
          <reference href="https://www.cisecurity.org/controls/">11</reference>
          <reference href="https://www.cisecurity.org/controls/">14</reference>
          <reference href="https://www.cisecurity.org/controls/">3</reference>
          <reference href="https://www.cisecurity.org/controls/">9</reference>
          <reference href="https://www.isaca.org/resources/cobit">BAI10.01</reference>
          <reference href="https://www.isaca.org/resources/cobit">BAI10.02</reference>
          <reference href="https://www.isaca.org/resources/cobit">BAI10.03</reference>
          <reference href="https://www.isaca.org/resources/cobit">BAI10.05</reference>
          <reference href="https://www.isaca.org/resources/cobit">DSS05.02</reference>
          <reference href="https://www.isaca.org/resources/cobit">DSS05.05</reference>
          <reference href="https://www.isaca.org/resources/cobit">DSS06.06</reference>
          <reference href="https://public.cyber.mil/stigs/cci/">CCI-000366</reference>
          <reference href="https://public.cyber.mil/stigs/cci/">CCI-000197</reference>
          <reference href="https://public.cyber.mil/stigs/cci/">CCI-000381</reference>
          <reference href="https://www.isa.org/products/isa-62443-2-1-2009-security-for-industrial-automat">4.3.3.5.1</reference>
          <reference href="https://www.isa.org/products/isa-62443-2-1-2009-security-for-industrial-automat">4.3.3.5.2</reference>
          <reference href="https://www.isa.org/products/isa-62443-2-1-2009-security-for-industrial-automat">4.3.3.5.3</reference>
          <reference href="https://www.isa.org/products/isa-62443-2-1-2009-security-for-industrial-automat">4.3.3.5.4</reference>
          <reference href="https://www.isa.org/products/isa-62443-2-1-2009-security-for-industrial-automat">4.3.3.5.5</reference>
          <reference href="https://www.isa.org/products/isa-62443-2-1-2009-security-for-industrial-automat">4.3.3.5.6</reference>
          <reference href="https://www.isa.org/products/isa-62443-2-1-2009-security-for-industrial-automat">4.3.3.5.7</reference>
          <reference href="https://www.isa.org/products/isa-62443-2-1-2009-security-for-industrial-automat">4.3.3.5.8</reference>
          <reference href="https://www.isa.org/products/isa-62443-2-1-2009-security-for-industrial-automat">4.3.3.6.1</reference>
          <reference href="https://www.isa.org/products/isa-62443-2-1-2009-security-for-industrial-automat">4.3.3.6.2</reference>
          <reference href="https://www.isa.org/products/isa-62443-2-1-2009-security-for-industrial-automat">4.3.3.6.3</reference>
          <reference href="https://www.isa.org/products/isa-62443-2-1-2009-security-for-industrial-automat">4.3.3.6.4</reference>
          <reference href="https://www.isa.org/products/isa-62443-2-1-2009-security-for-industrial-automat">4.3.3.6.5</reference>
          <reference href="https://www.isa.org/products/isa-62443-2-1-2009-security-for-industrial-automat">4.3.3.6.6</reference>
          <reference href="https://www.isa.org/products/isa-62443-2-1-2009-security-for-industrial-automat">4.3.3.6.7</reference>
          <reference href="https://www.isa.org/products/isa-62443-2-1-2009-security-for-industrial-automat">4.3.3.6.8</reference>
          <reference href="https://www.isa.org/products/isa-62443-2-1-2009-security-for-industrial-automat">4.3.3.6.9</reference>
          <reference href="https://www.isa.org/products/isa-62443-2-1-2009-security-for-industrial-automat">4.3.3.7.1</reference>
          <reference href="https://www.isa.org/products/isa-62443-2-1-2009-security-for-industrial-automat">4.3.3.7.2</reference>
          <reference href="https://www.isa.org/products/isa-62443-2-1-2009-security-for-industrial-automat">4.3.3.7.3</reference>
          <reference href="https://www.isa.org/products/isa-62443-2-1-2009-security-for-industrial-automat">4.3.3.7.4</reference>
          <reference href="https://www.isa.org/products/isa-62443-2-1-2009-security-for-industrial-automat">4.3.4.3.2</reference>
          <reference href="https://www.isa.org/products/isa-62443-2-1-2009-security-for-industrial-automat">4.3.4.3.3</reference>
          <reference href="https://www.isa.org/products/ansi-isa-62443-3-3-99-03-03-2013-security-for-indu">SR 1.1</reference>
          <reference href="https://www.isa.org/products/ansi-isa-62443-3-3-99-03-03-2013-security-for-indu">SR 1.10</reference>
          <reference href="https://www.isa.org/products/ansi-isa-62443-3-3-99-03-03-2013-security-for-indu">SR 1.11</reference>
          <reference href="https://www.isa.org/products/ansi-isa-62443-3-3-99-03-03-2013-security-for-indu">SR 1.12</reference>
          <reference href="https://www.isa.org/products/ansi-isa-62443-3-3-99-03-03-2013-security-for-indu">SR 1.13</reference>
          <reference href="https://www.isa.org/products/ansi-isa-62443-3-3-99-03-03-2013-security-for-indu">SR 1.2</reference>
          <reference href="https://www.isa.org/products/ansi-isa-62443-3-3-99-03-03-2013-security-for-indu">SR 1.3</reference>
          <reference href="https://www.isa.org/products/ansi-isa-62443-3-3-99-03-03-2013-security-for-indu">SR 1.4</reference>
          <reference href="https://www.isa.org/products/ansi-isa-62443-3-3-99-03-03-2013-security-for-indu">SR 1.5</reference>
          <reference href="https://www.isa.org/products/ansi-isa-62443-3-3-99-03-03-2013-security-for-indu">SR 1.6</reference>
          <reference href="https://www.isa.org/products/ansi-isa-62443-3-3-99-03-03-2013-security-for-indu">SR 1.7</reference>
          <reference href="https://www.isa.org/products/ansi-isa-62443-3-3-99-03-03-2013-security-for-indu">SR 1.8</reference>
          <reference href="https://www.isa.org/products/ansi-isa-62443-3-3-99-03-03-2013-security-for-indu">SR 1.9</reference>
          <reference href="https://www.isa.org/products/ansi-isa-62443-3-3-99-03-03-2013-security-for-indu">SR 2.1</reference>
          <reference href="https://www.isa.org/products/ansi-isa-62443-3-3-99-03-03-2013-security-for-indu">SR 2.2</reference>
          <reference href="https://www.isa.org/products/ansi-isa-62443-3-3-99-03-03-2013-security-for-indu">SR 2.3</reference>
          <reference href="https://www.isa.org/products/ansi-isa-62443-3-3-99-03-03-2013-security-for-indu">SR 2.4</reference>
          <reference href="https://www.isa.org/products/ansi-isa-62443-3-3-99-03-03-2013-security-for-indu">SR 2.5</reference>
          <reference href="https://www.isa.org/products/ansi-isa-62443-3-3-99-03-03-2013-security-for-indu">SR 2.6</reference>
          <reference href="https://www.isa.org/products/ansi-isa-62443-3-3-99-03-03-2013-security-for-indu">SR 2.7</reference>
          <reference href="https://www.isa.org/products/ansi-isa-62443-3-3-99-03-03-2013-security-for-indu">SR 7.6</reference>
          <reference href="https://www.iso.org/contents/data/standard/05/45/54534.html">A.12.1.2</reference>
          <reference href="https://www.iso.org/contents/data/standard/05/45/54534.html">A.12.5.1</reference>
          <reference href="https://www.iso.org/contents/data/standard/05/45/54534.html">A.12.6.2</reference>
          <reference href="https://www.iso.org/contents/data/standard/05/45/54534.html">A.14.2.2</reference>
          <reference href="https://www.iso.org/contents/data/standard/05/45/54534.html">A.14.2.3</reference>
          <reference href="https://www.iso.org/contents/data/standard/05/45/54534.html">A.14.2.4</reference>
          <reference href="https://www.iso.org/contents/data/standard/05/45/54534.html">A.9.1.2</reference>
          <reference href="http://nvlpubs.nist.gov/nistpubs/SpecialPublications/NIST.SP.800-53r4.pdf">CM-7(a)</reference>
          <reference href="http://nvlpubs.nist.gov/nistpubs/SpecialPublications/NIST.SP.800-53r4.pdf">CM-7(b)</reference>
          <reference href="http://nvlpubs.nist.gov/nistpubs/SpecialPublications/NIST.SP.800-53r4.pdf">CM-6(a)</reference>
          <reference href="http://nvlpubs.nist.gov/nistpubs/SpecialPublications/NIST.SP.800-53r4.pdf">IA-5(1)(c)</reference>
          <reference href="http://nvlpubs.nist.gov/nistpubs/SpecialPublications/NIST.SP.800-53r4.pdf">IA-5(1).1(v)</reference>
          <reference href="http://nvlpubs.nist.gov/nistpubs/SpecialPublications/NIST.SP.800-53r4.pdf">CM-7</reference>
          <reference href="http://nvlpubs.nist.gov/nistpubs/SpecialPublications/NIST.SP.800-53r4.pdf">CM-7.1(ii)</reference>
          <reference href="https://nvlpubs.nist.gov/nistpubs/CSWP/NIST.CSWP.04162018.pdf">PR.IP-1</reference>
          <reference href="https://nvlpubs.nist.gov/nistpubs/CSWP/NIST.CSWP.04162018.pdf">PR.PT-3</reference>
          <reference href="https://public.cyber.mil/stigs/downloads/?_dl_facet_stigs=operating-systems%2Cgeneral-purpose-os">SRG-OS-000074-GPOS-00042</reference>
          <reference href="https://public.cyber.mil/stigs/downloads/?_dl_facet_stigs=operating-systems%2Cgeneral-purpose-os">SRG-OS-000095-GPOS-00049</reference>
          <reference href="https://public.cyber.mil/stigs/downloads/?_dl_facet_stigs=operating-systems%2Cgeneral-purpose-os">SRG-OS-000480-GPOS-00227</reference>
          <reference href="https://www.cisecurity.org/benchmark/ubuntu_linux/">2.1.6</reference>
          <rationale xmlns:xhtml="http://www.w3.org/1999/xhtml" xml:lang="en-US">Removing the <html:code xmlns:html="http://www.w3.org/1999/xhtml">vsftpd</html:code> package decreases the risk of its
accidental activation.</rationale>
          <fix xmlns:xhtml="http://www.w3.org/1999/xhtml" id="package_vsftpd_removed" system="urn:xccdf:fix:script:puppet" complexity="low" disruption="low" strategy="disable">include remove_vsftpd

class remove_vsftpd {
  package { 'vsftpd':
    ensure =&gt; 'purged',
  }
}
</fix>
          <fix xmlns:xhtml="http://www.w3.org/1999/xhtml" id="package_vsftpd_removed" system="urn:xccdf:fix:script:ansible" complexity="low" disruption="low" strategy="disable">- name: Ensure vsftpd is removed
  package:
    name: vsftpd
    state: absent
  tags:
  - NIST-800-53-CM-6(a)
  - NIST-800-53-CM-7
  - NIST-800-53-CM-7(a)
  - NIST-800-53-CM-7(b)
  - NIST-800-53-CM-7.1(ii)
  - NIST-800-53-IA-5(1)(c)
  - NIST-800-53-IA-5(1).1(v)
  - disable_strategy
  - high_severity
  - low_complexity
  - low_disruption
  - no_reboot_needed
  - package_vsftpd_removed
</fix>
          <fix xmlns:xhtml="http://www.w3.org/1999/xhtml" id="package_vsftpd_removed" system="urn:xccdf:fix:script:sh" complexity="low" disruption="low" strategy="disable">
# CAUTION: This remediation script will remove vsftpd
#	   from the system, and may remove any packages
#	   that depend on vsftpd. Execute this
#	   remediation AFTER testing on a non-production
#	   system!

DEBIAN_FRONTEND=noninteractive apt-get remove -y "vsftpd"
</fix>
          <check system="http://oval.mitre.org/XMLSchema/oval-definitions-5">
            <check-content-ref name="oval:ssg-package_vsftpd_removed:def:1" href="ssg-ubuntu2404-oval.xml"/>
          </check>
          <check system="http://scap.nist.gov/schema/ocil/2">
            <check-content-ref name="ocil:ssg-package_vsftpd_removed_ocil:questionnaire:1" href="ssg-ubuntu2404-ocil.xml"/>
          </check>
        </Rule>
        <Rule id="xccdf_org.ssgproject.content_rule_service_vsftpd_disabled" selected="false" role="full" severity="medium">
          <title xmlns:xhtml="http://www.w3.org/1999/xhtml" xml:lang="en-US">Disable vsftpd Service</title>
          <description xmlns:xhtml="http://www.w3.org/1999/xhtml" xml:lang="en-US">
The <html:code xmlns:html="http://www.w3.org/1999/xhtml">vsftpd</html:code> service can be disabled with the following command:
<html:pre xmlns:html="http://www.w3.org/1999/xhtml">$ sudo systemctl mask --now vsftpd.service</html:pre>
       </description>
          <reference href="https://www.cisecurity.org/controls/">11</reference>
          <reference href="https://www.cisecurity.org/controls/">14</reference>
          <reference href="https://www.cisecurity.org/controls/">3</reference>
          <reference href="https://www.cisecurity.org/controls/">9</reference>
          <reference href="https://www.isaca.org/resources/cobit">BAI10.01</reference>
          <reference href="https://www.isaca.org/resources/cobit">BAI10.02</reference>
          <reference href="https://www.isaca.org/resources/cobit">BAI10.03</reference>
          <reference href="https://www.isaca.org/resources/cobit">BAI10.05</reference>
          <reference href="https://www.isaca.org/resources/cobit">DSS05.02</reference>
          <reference href="https://www.isaca.org/resources/cobit">DSS05.05</reference>
          <reference href="https://www.isaca.org/resources/cobit">DSS06.06</reference>
          <reference href="https://public.cyber.mil/stigs/cci/">CCI-001436</reference>
          <reference href="https://www.isa.org/products/isa-62443-2-1-2009-security-for-industrial-automat">4.3.3.5.1</reference>
          <reference href="https://www.isa.org/products/isa-62443-2-1-2009-security-for-industrial-automat">4.3.3.5.2</reference>
          <reference href="https://www.isa.org/products/isa-62443-2-1-2009-security-for-industrial-automat">4.3.3.5.3</reference>
          <reference href="https://www.isa.org/products/isa-62443-2-1-2009-security-for-industrial-automat">4.3.3.5.4</reference>
          <reference href="https://www.isa.org/products/isa-62443-2-1-2009-security-for-industrial-automat">4.3.3.5.5</reference>
          <reference href="https://www.isa.org/products/isa-62443-2-1-2009-security-for-industrial-automat">4.3.3.5.6</reference>
          <reference href="https://www.isa.org/products/isa-62443-2-1-2009-security-for-industrial-automat">4.3.3.5.7</reference>
          <reference href="https://www.isa.org/products/isa-62443-2-1-2009-security-for-industrial-automat">4.3.3.5.8</reference>
          <reference href="https://www.isa.org/products/isa-62443-2-1-2009-security-for-industrial-automat">4.3.3.6.1</reference>
          <reference href="https://www.isa.org/products/isa-62443-2-1-2009-security-for-industrial-automat">4.3.3.6.2</reference>
          <reference href="https://www.isa.org/products/isa-62443-2-1-2009-security-for-industrial-automat">4.3.3.6.3</reference>
          <reference href="https://www.isa.org/products/isa-62443-2-1-2009-security-for-industrial-automat">4.3.3.6.4</reference>
          <reference href="https://www.isa.org/products/isa-62443-2-1-2009-security-for-industrial-automat">4.3.3.6.5</reference>
          <reference href="https://www.isa.org/products/isa-62443-2-1-2009-security-for-industrial-automat">4.3.3.6.6</reference>
          <reference href="https://www.isa.org/products/isa-62443-2-1-2009-security-for-industrial-automat">4.3.3.6.7</reference>
          <reference href="https://www.isa.org/products/isa-62443-2-1-2009-security-for-industrial-automat">4.3.3.6.8</reference>
          <reference href="https://www.isa.org/products/isa-62443-2-1-2009-security-for-industrial-automat">4.3.3.6.9</reference>
          <reference href="https://www.isa.org/products/isa-62443-2-1-2009-security-for-industrial-automat">4.3.3.7.1</reference>
          <reference href="https://www.isa.org/products/isa-62443-2-1-2009-security-for-industrial-automat">4.3.3.7.2</reference>
          <reference href="https://www.isa.org/products/isa-62443-2-1-2009-security-for-industrial-automat">4.3.3.7.3</reference>
          <reference href="https://www.isa.org/products/isa-62443-2-1-2009-security-for-industrial-automat">4.3.3.7.4</reference>
          <reference href="https://www.isa.org/products/isa-62443-2-1-2009-security-for-industrial-automat">4.3.4.3.2</reference>
          <reference href="https://www.isa.org/products/isa-62443-2-1-2009-security-for-industrial-automat">4.3.4.3.3</reference>
          <reference href="https://www.isa.org/products/ansi-isa-62443-3-3-99-03-03-2013-security-for-indu">SR 1.1</reference>
          <reference href="https://www.isa.org/products/ansi-isa-62443-3-3-99-03-03-2013-security-for-indu">SR 1.10</reference>
          <reference href="https://www.isa.org/products/ansi-isa-62443-3-3-99-03-03-2013-security-for-indu">SR 1.11</reference>
          <reference href="https://www.isa.org/products/ansi-isa-62443-3-3-99-03-03-2013-security-for-indu">SR 1.12</reference>
          <reference href="https://www.isa.org/products/ansi-isa-62443-3-3-99-03-03-2013-security-for-indu">SR 1.13</reference>
          <reference href="https://www.isa.org/products/ansi-isa-62443-3-3-99-03-03-2013-security-for-indu">SR 1.2</reference>
          <reference href="https://www.isa.org/products/ansi-isa-62443-3-3-99-03-03-2013-security-for-indu">SR 1.3</reference>
          <reference href="https://www.isa.org/products/ansi-isa-62443-3-3-99-03-03-2013-security-for-indu">SR 1.4</reference>
          <reference href="https://www.isa.org/products/ansi-isa-62443-3-3-99-03-03-2013-security-for-indu">SR 1.5</reference>
          <reference href="https://www.isa.org/products/ansi-isa-62443-3-3-99-03-03-2013-security-for-indu">SR 1.6</reference>
          <reference href="https://www.isa.org/products/ansi-isa-62443-3-3-99-03-03-2013-security-for-indu">SR 1.7</reference>
          <reference href="https://www.isa.org/products/ansi-isa-62443-3-3-99-03-03-2013-security-for-indu">SR 1.8</reference>
          <reference href="https://www.isa.org/products/ansi-isa-62443-3-3-99-03-03-2013-security-for-indu">SR 1.9</reference>
          <reference href="https://www.isa.org/products/ansi-isa-62443-3-3-99-03-03-2013-security-for-indu">SR 2.1</reference>
          <reference href="https://www.isa.org/products/ansi-isa-62443-3-3-99-03-03-2013-security-for-indu">SR 2.2</reference>
          <reference href="https://www.isa.org/products/ansi-isa-62443-3-3-99-03-03-2013-security-for-indu">SR 2.3</reference>
          <reference href="https://www.isa.org/products/ansi-isa-62443-3-3-99-03-03-2013-security-for-indu">SR 2.4</reference>
          <reference href="https://www.isa.org/products/ansi-isa-62443-3-3-99-03-03-2013-security-for-indu">SR 2.5</reference>
          <reference href="https://www.isa.org/products/ansi-isa-62443-3-3-99-03-03-2013-security-for-indu">SR 2.6</reference>
          <reference href="https://www.isa.org/products/ansi-isa-62443-3-3-99-03-03-2013-security-for-indu">SR 2.7</reference>
          <reference href="https://www.isa.org/products/ansi-isa-62443-3-3-99-03-03-2013-security-for-indu">SR 7.6</reference>
          <reference href="https://www.iso.org/contents/data/standard/05/45/54534.html">A.12.1.2</reference>
          <reference href="https://www.iso.org/contents/data/standard/05/45/54534.html">A.12.5.1</reference>
          <reference href="https://www.iso.org/contents/data/standard/05/45/54534.html">A.12.6.2</reference>
          <reference href="https://www.iso.org/contents/data/standard/05/45/54534.html">A.14.2.2</reference>
          <reference href="https://www.iso.org/contents/data/standard/05/45/54534.html">A.14.2.3</reference>
          <reference href="https://www.iso.org/contents/data/standard/05/45/54534.html">A.14.2.4</reference>
          <reference href="https://www.iso.org/contents/data/standard/05/45/54534.html">A.9.1.2</reference>
          <reference href="http://nvlpubs.nist.gov/nistpubs/SpecialPublications/NIST.SP.800-53r4.pdf">CM-7(a)</reference>
          <reference href="http://nvlpubs.nist.gov/nistpubs/SpecialPublications/NIST.SP.800-53r4.pdf">CM-7(b)</reference>
          <reference href="http://nvlpubs.nist.gov/nistpubs/SpecialPublications/NIST.SP.800-53r4.pdf">CM-6(a)</reference>
          <reference href="https://nvlpubs.nist.gov/nistpubs/CSWP/NIST.CSWP.04162018.pdf">PR.IP-1</reference>
          <reference href="https://nvlpubs.nist.gov/nistpubs/CSWP/NIST.CSWP.04162018.pdf">PR.PT-3</reference>
          <reference href="https://www.cisecurity.org/benchmark/ubuntu_linux/">2.1.6</reference>
          <rationale xmlns:xhtml="http://www.w3.org/1999/xhtml" xml:lang="en-US">Running FTP server software provides a network-based avenue
of attack, and should be disabled if not needed.
Furthermore, the FTP protocol is unencrypted and creates
a risk of compromising sensitive information.</rationale>
          <platform idref="#system_with_kernel"/>
          <fix xmlns:xhtml="http://www.w3.org/1999/xhtml" id="service_vsftpd_disabled" system="urn:redhat:osbuild:blueprint">
[customizations.services]
masked = ["vsftpd"]
</fix>
          <fix xmlns:xhtml="http://www.w3.org/1999/xhtml" id="service_vsftpd_disabled" system="urn:xccdf:fix:script:puppet" complexity="low" disruption="low" strategy="enable">include disable_vsftpd

class disable_vsftpd {
  service {'vsftpd':
    enable =&gt; false,
    ensure =&gt; 'stopped',
  }
}
</fix>
          <fix xmlns:xhtml="http://www.w3.org/1999/xhtml" id="service_vsftpd_disabled" system="urn:xccdf:fix:script:ansible" complexity="low" disruption="low" strategy="disable">- name: Gather the package facts
  package_facts:
    manager: auto
  tags:
  - NIST-800-53-CM-6(a)
  - NIST-800-53-CM-7(a)
  - NIST-800-53-CM-7(b)
  - disable_strategy
  - low_complexity
  - low_disruption
  - medium_severity
  - no_reboot_needed
  - service_vsftpd_disabled

- name: Disable vsftpd Service - Collect systemd Services Present in the System
  ansible.builtin.command: systemctl -q list-unit-files --type service
  register: service_exists
  changed_when: false
  failed_when: service_exists.rc not in [0, 1]
  check_mode: false
  when: '"linux-base" in ansible_facts.packages'
  tags:
  - NIST-800-53-CM-6(a)
  - NIST-800-53-CM-7(a)
  - NIST-800-53-CM-7(b)
  - disable_strategy
  - low_complexity
  - low_disruption
  - medium_severity
  - no_reboot_needed
  - service_vsftpd_disabled

- name: Disable vsftpd Service - Ensure vsftpd.service is Masked
  ansible.builtin.systemd:
    name: vsftpd.service
    state: stopped
    enabled: false
    masked: true
  when:
  - '"linux-base" in ansible_facts.packages'
  - service_exists.stdout_lines is search("vsftpd.service", multiline=True)
  tags:
  - NIST-800-53-CM-6(a)
  - NIST-800-53-CM-7(a)
  - NIST-800-53-CM-7(b)
  - disable_strategy
  - low_complexity
  - low_disruption
  - medium_severity
  - no_reboot_needed
  - service_vsftpd_disabled

- name: Unit Socket Exists - vsftpd.socket
  ansible.builtin.command: systemctl -q list-unit-files vsftpd.socket
  register: socket_file_exists
  changed_when: false
  failed_when: socket_file_exists.rc not in [0, 1]
  check_mode: false
  when: '"linux-base" in ansible_facts.packages'
  tags:
  - NIST-800-53-CM-6(a)
  - NIST-800-53-CM-7(a)
  - NIST-800-53-CM-7(b)
  - disable_strategy
  - low_complexity
  - low_disruption
  - medium_severity
  - no_reboot_needed
  - service_vsftpd_disabled

- name: Disable vsftpd Service - Disable Socket vsftpd
  ansible.builtin.systemd:
    name: vsftpd.socket
    enabled: false
    state: stopped
    masked: true
  when:
  - '"linux-base" in ansible_facts.packages'
  - socket_file_exists.stdout_lines is search("vsftpd.socket", multiline=True)
  tags:
  - NIST-800-53-CM-6(a)
  - NIST-800-53-CM-7(a)
  - NIST-800-53-CM-7(b)
  - disable_strategy
  - low_complexity
  - low_disruption
  - medium_severity
  - no_reboot_needed
  - service_vsftpd_disabled
</fix>
          <fix xmlns:xhtml="http://www.w3.org/1999/xhtml" id="service_vsftpd_disabled" system="urn:xccdf:fix:script:sh" complexity="low" disruption="low" strategy="disable"># Remediation is applicable only in certain platforms
if dpkg-query --show --showformat='${db:Status-Status}
' 'linux-base' 2&gt;/dev/null | grep -q ^installed; then

SYSTEMCTL_EXEC='/usr/bin/systemctl'
if [[ $("$SYSTEMCTL_EXEC" is-system-running) != "offline" ]]; then
  "$SYSTEMCTL_EXEC" stop 'vsftpd.service'
fi
"$SYSTEMCTL_EXEC" disable 'vsftpd.service'
"$SYSTEMCTL_EXEC" mask 'vsftpd.service'
# Disable socket activation if we have a unit file for it
if "$SYSTEMCTL_EXEC" -q list-unit-files vsftpd.socket; then
    if [[ $("$SYSTEMCTL_EXEC" is-system-running) != "offline" ]]; then
      "$SYSTEMCTL_EXEC" stop 'vsftpd.socket'
    fi
    "$SYSTEMCTL_EXEC" mask 'vsftpd.socket'
fi
# The service may not be running because it has been started and failed,
# so let's reset the state so OVAL checks pass.
# Service should be 'inactive', not 'failed' after reboot though.
"$SYSTEMCTL_EXEC" reset-failed 'vsftpd.service' || true

else
    &gt;&amp;2 echo 'Remediation is not applicable, nothing was done'
fi
</fix>
          <fix xmlns:xhtml="http://www.w3.org/1999/xhtml" id="service_vsftpd_disabled" system="urn:xccdf:fix:script:kubernetes" reboot="true" complexity="low" disruption="medium" strategy="disable">apiVersion: machineconfiguration.openshift.io/v1
kind: MachineConfig
spec:
  config:
    ignition:
      version: 3.1.0
    systemd:
      units:
      - name: vsftpd.service
        enabled: false
        mask: true
      - name: vsftpd.socket
        enabled: false
        mask: true
</fix>
          <check system="http://oval.mitre.org/XMLSchema/oval-definitions-5">
            <check-content-ref name="oval:ssg-service_vsftpd_disabled:def:1" href="ssg-ubuntu2404-oval.xml"/>
          </check>
          <check system="http://scap.nist.gov/schema/ocil/2">
            <check-content-ref name="ocil:ssg-service_vsftpd_disabled_ocil:questionnaire:1" href="ssg-ubuntu2404-ocil.xml"/>
          </check>
        </Rule>
      </Group>
    </Group>
    <Group id="xccdf_org.ssgproject.content_group_http">
      <title xmlns:xhtml="http://www.w3.org/1999/xhtml" xml:lang="en-US">Web Server</title>
      <description xmlns:xhtml="http://www.w3.org/1999/xhtml" xml:lang="en-US">The web server is responsible for providing access to
content via the HTTP protocol. Web servers represent a significant
security risk because:
<html:br xmlns:html="http://www.w3.org/1999/xhtml"/>
      <html:br xmlns:html="http://www.w3.org/1999/xhtml"/>
      <html:ul xmlns:html="http://www.w3.org/1999/xhtml"><html:li>The HTTP port is commonly probed by malicious sources</html:li><html:li>Web server software is very complex, and includes a long
history of vulnerabilities</html:li><html:li>The HTTP protocol is unencrypted and vulnerable to passive
monitoring</html:li></html:ul>
      <html:br xmlns:html="http://www.w3.org/1999/xhtml"/>
      <html:br xmlns:html="http://www.w3.org/1999/xhtml"/>
The system's default web server software is Apache 2 and is
provided in the RPM package <html:code xmlns:html="http://www.w3.org/1999/xhtml">httpd</html:code>.</description>
      <Group id="xccdf_org.ssgproject.content_group_disabling_httpd">
        <title xmlns:xhtml="http://www.w3.org/1999/xhtml" xml:lang="en-US">Disable Apache if Possible</title>
        <description xmlns:xhtml="http://www.w3.org/1999/xhtml" xml:lang="en-US">If Apache was installed and activated, but the system
does not need to act as a web server, then it should be disabled
and removed from the system.</description>
        <Rule id="xccdf_org.ssgproject.content_rule_package_httpd_removed" selected="false" role="full" severity="unknown">
          <title xmlns:xhtml="http://www.w3.org/1999/xhtml" xml:lang="en-US">Uninstall apache2 Package</title>
          <description xmlns:xhtml="http://www.w3.org/1999/xhtml" xml:lang="en-US">The <html:code xmlns:html="http://www.w3.org/1999/xhtml">apache2</html:code> package can be removed with the following command:
<html:pre xmlns:html="http://www.w3.org/1999/xhtml">
$ apt-get remove apache2</html:pre>
       </description>
          <reference href="https://www.cisecurity.org/controls/">11</reference>
          <reference href="https://www.cisecurity.org/controls/">14</reference>
          <reference href="https://www.cisecurity.org/controls/">3</reference>
          <reference href="https://www.cisecurity.org/controls/">9</reference>
          <reference href="https://www.isaca.org/resources/cobit">BAI10.01</reference>
          <reference href="https://www.isaca.org/resources/cobit">BAI10.02</reference>
          <reference href="https://www.isaca.org/resources/cobit">BAI10.03</reference>
          <reference href="https://www.isaca.org/resources/cobit">BAI10.05</reference>
          <reference href="https://www.isaca.org/resources/cobit">DSS05.02</reference>
          <reference href="https://www.isaca.org/resources/cobit">DSS05.05</reference>
          <reference href="https://www.isaca.org/resources/cobit">DSS06.06</reference>
          <reference href="https://www.isa.org/products/isa-62443-2-1-2009-security-for-industrial-automat">4.3.3.5.1</reference>
          <reference href="https://www.isa.org/products/isa-62443-2-1-2009-security-for-industrial-automat">4.3.3.5.2</reference>
          <reference href="https://www.isa.org/products/isa-62443-2-1-2009-security-for-industrial-automat">4.3.3.5.3</reference>
          <reference href="https://www.isa.org/products/isa-62443-2-1-2009-security-for-industrial-automat">4.3.3.5.4</reference>
          <reference href="https://www.isa.org/products/isa-62443-2-1-2009-security-for-industrial-automat">4.3.3.5.5</reference>
          <reference href="https://www.isa.org/products/isa-62443-2-1-2009-security-for-industrial-automat">4.3.3.5.6</reference>
          <reference href="https://www.isa.org/products/isa-62443-2-1-2009-security-for-industrial-automat">4.3.3.5.7</reference>
          <reference href="https://www.isa.org/products/isa-62443-2-1-2009-security-for-industrial-automat">4.3.3.5.8</reference>
          <reference href="https://www.isa.org/products/isa-62443-2-1-2009-security-for-industrial-automat">4.3.3.6.1</reference>
          <reference href="https://www.isa.org/products/isa-62443-2-1-2009-security-for-industrial-automat">4.3.3.6.2</reference>
          <reference href="https://www.isa.org/products/isa-62443-2-1-2009-security-for-industrial-automat">4.3.3.6.3</reference>
          <reference href="https://www.isa.org/products/isa-62443-2-1-2009-security-for-industrial-automat">4.3.3.6.4</reference>
          <reference href="https://www.isa.org/products/isa-62443-2-1-2009-security-for-industrial-automat">4.3.3.6.5</reference>
          <reference href="https://www.isa.org/products/isa-62443-2-1-2009-security-for-industrial-automat">4.3.3.6.6</reference>
          <reference href="https://www.isa.org/products/isa-62443-2-1-2009-security-for-industrial-automat">4.3.3.6.7</reference>
          <reference href="https://www.isa.org/products/isa-62443-2-1-2009-security-for-industrial-automat">4.3.3.6.8</reference>
          <reference href="https://www.isa.org/products/isa-62443-2-1-2009-security-for-industrial-automat">4.3.3.6.9</reference>
          <reference href="https://www.isa.org/products/isa-62443-2-1-2009-security-for-industrial-automat">4.3.3.7.1</reference>
          <reference href="https://www.isa.org/products/isa-62443-2-1-2009-security-for-industrial-automat">4.3.3.7.2</reference>
          <reference href="https://www.isa.org/products/isa-62443-2-1-2009-security-for-industrial-automat">4.3.3.7.3</reference>
          <reference href="https://www.isa.org/products/isa-62443-2-1-2009-security-for-industrial-automat">4.3.3.7.4</reference>
          <reference href="https://www.isa.org/products/isa-62443-2-1-2009-security-for-industrial-automat">4.3.4.3.2</reference>
          <reference href="https://www.isa.org/products/isa-62443-2-1-2009-security-for-industrial-automat">4.3.4.3.3</reference>
          <reference href="https://www.isa.org/products/ansi-isa-62443-3-3-99-03-03-2013-security-for-indu">SR 1.1</reference>
          <reference href="https://www.isa.org/products/ansi-isa-62443-3-3-99-03-03-2013-security-for-indu">SR 1.10</reference>
          <reference href="https://www.isa.org/products/ansi-isa-62443-3-3-99-03-03-2013-security-for-indu">SR 1.11</reference>
          <reference href="https://www.isa.org/products/ansi-isa-62443-3-3-99-03-03-2013-security-for-indu">SR 1.12</reference>
          <reference href="https://www.isa.org/products/ansi-isa-62443-3-3-99-03-03-2013-security-for-indu">SR 1.13</reference>
          <reference href="https://www.isa.org/products/ansi-isa-62443-3-3-99-03-03-2013-security-for-indu">SR 1.2</reference>
          <reference href="https://www.isa.org/products/ansi-isa-62443-3-3-99-03-03-2013-security-for-indu">SR 1.3</reference>
          <reference href="https://www.isa.org/products/ansi-isa-62443-3-3-99-03-03-2013-security-for-indu">SR 1.4</reference>
          <reference href="https://www.isa.org/products/ansi-isa-62443-3-3-99-03-03-2013-security-for-indu">SR 1.5</reference>
          <reference href="https://www.isa.org/products/ansi-isa-62443-3-3-99-03-03-2013-security-for-indu">SR 1.6</reference>
          <reference href="https://www.isa.org/products/ansi-isa-62443-3-3-99-03-03-2013-security-for-indu">SR 1.7</reference>
          <reference href="https://www.isa.org/products/ansi-isa-62443-3-3-99-03-03-2013-security-for-indu">SR 1.8</reference>
          <reference href="https://www.isa.org/products/ansi-isa-62443-3-3-99-03-03-2013-security-for-indu">SR 1.9</reference>
          <reference href="https://www.isa.org/products/ansi-isa-62443-3-3-99-03-03-2013-security-for-indu">SR 2.1</reference>
          <reference href="https://www.isa.org/products/ansi-isa-62443-3-3-99-03-03-2013-security-for-indu">SR 2.2</reference>
          <reference href="https://www.isa.org/products/ansi-isa-62443-3-3-99-03-03-2013-security-for-indu">SR 2.3</reference>
          <reference href="https://www.isa.org/products/ansi-isa-62443-3-3-99-03-03-2013-security-for-indu">SR 2.4</reference>
          <reference href="https://www.isa.org/products/ansi-isa-62443-3-3-99-03-03-2013-security-for-indu">SR 2.5</reference>
          <reference href="https://www.isa.org/products/ansi-isa-62443-3-3-99-03-03-2013-security-for-indu">SR 2.6</reference>
          <reference href="https://www.isa.org/products/ansi-isa-62443-3-3-99-03-03-2013-security-for-indu">SR 2.7</reference>
          <reference href="https://www.isa.org/products/ansi-isa-62443-3-3-99-03-03-2013-security-for-indu">SR 7.6</reference>
          <reference href="https://www.iso.org/contents/data/standard/05/45/54534.html">A.12.1.2</reference>
          <reference href="https://www.iso.org/contents/data/standard/05/45/54534.html">A.12.5.1</reference>
          <reference href="https://www.iso.org/contents/data/standard/05/45/54534.html">A.12.6.2</reference>
          <reference href="https://www.iso.org/contents/data/standard/05/45/54534.html">A.14.2.2</reference>
          <reference href="https://www.iso.org/contents/data/standard/05/45/54534.html">A.14.2.3</reference>
          <reference href="https://www.iso.org/contents/data/standard/05/45/54534.html">A.14.2.4</reference>
          <reference href="https://www.iso.org/contents/data/standard/05/45/54534.html">A.9.1.2</reference>
          <reference href="http://nvlpubs.nist.gov/nistpubs/SpecialPublications/NIST.SP.800-53r4.pdf">CM-7(a)</reference>
          <reference href="http://nvlpubs.nist.gov/nistpubs/SpecialPublications/NIST.SP.800-53r4.pdf">CM-7(b)</reference>
          <reference href="http://nvlpubs.nist.gov/nistpubs/SpecialPublications/NIST.SP.800-53r4.pdf">CM-6(a)</reference>
          <reference href="https://nvlpubs.nist.gov/nistpubs/CSWP/NIST.CSWP.04162018.pdf">PR.IP-1</reference>
          <reference href="https://nvlpubs.nist.gov/nistpubs/CSWP/NIST.CSWP.04162018.pdf">PR.PT-3</reference>
          <reference href="https://www.cisecurity.org/benchmark/ubuntu_linux/">2.1.18</reference>
          <rationale xmlns:xhtml="http://www.w3.org/1999/xhtml" xml:lang="en-US">If there is no need to make the web server software available,
removing it provides a safeguard against its activation.</rationale>
          <fix xmlns:xhtml="http://www.w3.org/1999/xhtml" id="package_httpd_removed" system="urn:xccdf:fix:script:puppet" complexity="low" disruption="low" strategy="disable">include remove_apache2

class remove_apache2 {
  package { 'apache2':
    ensure =&gt; 'purged',
  }
}
</fix>
          <fix xmlns:xhtml="http://www.w3.org/1999/xhtml" id="package_httpd_removed" system="urn:xccdf:fix:script:ansible" complexity="low" disruption="low" strategy="disable">- name: Ensure apache2 is removed
  package:
    name: apache2
    state: absent
  tags:
  - NIST-800-53-CM-6(a)
  - NIST-800-53-CM-7(a)
  - NIST-800-53-CM-7(b)
  - disable_strategy
  - low_complexity
  - low_disruption
  - no_reboot_needed
  - package_httpd_removed
  - unknown_severity
</fix>
          <fix xmlns:xhtml="http://www.w3.org/1999/xhtml" id="package_httpd_removed" system="urn:xccdf:fix:script:sh" complexity="low" disruption="low" strategy="disable">
# CAUTION: This remediation script will remove apache2
#	   from the system, and may remove any packages
#	   that depend on apache2. Execute this
#	   remediation AFTER testing on a non-production
#	   system!

DEBIAN_FRONTEND=noninteractive apt-get remove -y "apache2"
</fix>
          <check system="http://oval.mitre.org/XMLSchema/oval-definitions-5">
            <check-content-ref name="oval:ssg-package_httpd_removed:def:1" href="ssg-ubuntu2404-oval.xml"/>
          </check>
          <check system="http://scap.nist.gov/schema/ocil/2">
            <check-content-ref name="ocil:ssg-package_httpd_removed_ocil:questionnaire:1" href="ssg-ubuntu2404-ocil.xml"/>
          </check>
        </Rule>
        <Rule id="xccdf_org.ssgproject.content_rule_service_httpd_disabled" selected="false" role="full" severity="unknown">
          <title xmlns:xhtml="http://www.w3.org/1999/xhtml" xml:lang="en-US">Disable apache2 Service</title>
          <description xmlns:xhtml="http://www.w3.org/1999/xhtml" xml:lang="en-US">
The <html:code xmlns:html="http://www.w3.org/1999/xhtml">apache2</html:code> service can be disabled with the following command:
<html:pre xmlns:html="http://www.w3.org/1999/xhtml">$ sudo systemctl mask --now apache2.service</html:pre>
       </description>
          <reference href="https://www.cisecurity.org/controls/">11</reference>
          <reference href="https://www.cisecurity.org/controls/">14</reference>
          <reference href="https://www.cisecurity.org/controls/">3</reference>
          <reference href="https://www.cisecurity.org/controls/">9</reference>
          <reference href="https://www.isaca.org/resources/cobit">BAI10.01</reference>
          <reference href="https://www.isaca.org/resources/cobit">BAI10.02</reference>
          <reference href="https://www.isaca.org/resources/cobit">BAI10.03</reference>
          <reference href="https://www.isaca.org/resources/cobit">BAI10.05</reference>
          <reference href="https://www.isaca.org/resources/cobit">DSS05.02</reference>
          <reference href="https://www.isaca.org/resources/cobit">DSS05.05</reference>
          <reference href="https://www.isaca.org/resources/cobit">DSS06.06</reference>
          <reference href="https://www.isa.org/products/isa-62443-2-1-2009-security-for-industrial-automat">4.3.3.5.1</reference>
          <reference href="https://www.isa.org/products/isa-62443-2-1-2009-security-for-industrial-automat">4.3.3.5.2</reference>
          <reference href="https://www.isa.org/products/isa-62443-2-1-2009-security-for-industrial-automat">4.3.3.5.3</reference>
          <reference href="https://www.isa.org/products/isa-62443-2-1-2009-security-for-industrial-automat">4.3.3.5.4</reference>
          <reference href="https://www.isa.org/products/isa-62443-2-1-2009-security-for-industrial-automat">4.3.3.5.5</reference>
          <reference href="https://www.isa.org/products/isa-62443-2-1-2009-security-for-industrial-automat">4.3.3.5.6</reference>
          <reference href="https://www.isa.org/products/isa-62443-2-1-2009-security-for-industrial-automat">4.3.3.5.7</reference>
          <reference href="https://www.isa.org/products/isa-62443-2-1-2009-security-for-industrial-automat">4.3.3.5.8</reference>
          <reference href="https://www.isa.org/products/isa-62443-2-1-2009-security-for-industrial-automat">4.3.3.6.1</reference>
          <reference href="https://www.isa.org/products/isa-62443-2-1-2009-security-for-industrial-automat">4.3.3.6.2</reference>
          <reference href="https://www.isa.org/products/isa-62443-2-1-2009-security-for-industrial-automat">4.3.3.6.3</reference>
          <reference href="https://www.isa.org/products/isa-62443-2-1-2009-security-for-industrial-automat">4.3.3.6.4</reference>
          <reference href="https://www.isa.org/products/isa-62443-2-1-2009-security-for-industrial-automat">4.3.3.6.5</reference>
          <reference href="https://www.isa.org/products/isa-62443-2-1-2009-security-for-industrial-automat">4.3.3.6.6</reference>
          <reference href="https://www.isa.org/products/isa-62443-2-1-2009-security-for-industrial-automat">4.3.3.6.7</reference>
          <reference href="https://www.isa.org/products/isa-62443-2-1-2009-security-for-industrial-automat">4.3.3.6.8</reference>
          <reference href="https://www.isa.org/products/isa-62443-2-1-2009-security-for-industrial-automat">4.3.3.6.9</reference>
          <reference href="https://www.isa.org/products/isa-62443-2-1-2009-security-for-industrial-automat">4.3.3.7.1</reference>
          <reference href="https://www.isa.org/products/isa-62443-2-1-2009-security-for-industrial-automat">4.3.3.7.2</reference>
          <reference href="https://www.isa.org/products/isa-62443-2-1-2009-security-for-industrial-automat">4.3.3.7.3</reference>
          <reference href="https://www.isa.org/products/isa-62443-2-1-2009-security-for-industrial-automat">4.3.3.7.4</reference>
          <reference href="https://www.isa.org/products/isa-62443-2-1-2009-security-for-industrial-automat">4.3.4.3.2</reference>
          <reference href="https://www.isa.org/products/isa-62443-2-1-2009-security-for-industrial-automat">4.3.4.3.3</reference>
          <reference href="https://www.isa.org/products/ansi-isa-62443-3-3-99-03-03-2013-security-for-indu">SR 1.1</reference>
          <reference href="https://www.isa.org/products/ansi-isa-62443-3-3-99-03-03-2013-security-for-indu">SR 1.10</reference>
          <reference href="https://www.isa.org/products/ansi-isa-62443-3-3-99-03-03-2013-security-for-indu">SR 1.11</reference>
          <reference href="https://www.isa.org/products/ansi-isa-62443-3-3-99-03-03-2013-security-for-indu">SR 1.12</reference>
          <reference href="https://www.isa.org/products/ansi-isa-62443-3-3-99-03-03-2013-security-for-indu">SR 1.13</reference>
          <reference href="https://www.isa.org/products/ansi-isa-62443-3-3-99-03-03-2013-security-for-indu">SR 1.2</reference>
          <reference href="https://www.isa.org/products/ansi-isa-62443-3-3-99-03-03-2013-security-for-indu">SR 1.3</reference>
          <reference href="https://www.isa.org/products/ansi-isa-62443-3-3-99-03-03-2013-security-for-indu">SR 1.4</reference>
          <reference href="https://www.isa.org/products/ansi-isa-62443-3-3-99-03-03-2013-security-for-indu">SR 1.5</reference>
          <reference href="https://www.isa.org/products/ansi-isa-62443-3-3-99-03-03-2013-security-for-indu">SR 1.6</reference>
          <reference href="https://www.isa.org/products/ansi-isa-62443-3-3-99-03-03-2013-security-for-indu">SR 1.7</reference>
          <reference href="https://www.isa.org/products/ansi-isa-62443-3-3-99-03-03-2013-security-for-indu">SR 1.8</reference>
          <reference href="https://www.isa.org/products/ansi-isa-62443-3-3-99-03-03-2013-security-for-indu">SR 1.9</reference>
          <reference href="https://www.isa.org/products/ansi-isa-62443-3-3-99-03-03-2013-security-for-indu">SR 2.1</reference>
          <reference href="https://www.isa.org/products/ansi-isa-62443-3-3-99-03-03-2013-security-for-indu">SR 2.2</reference>
          <reference href="https://www.isa.org/products/ansi-isa-62443-3-3-99-03-03-2013-security-for-indu">SR 2.3</reference>
          <reference href="https://www.isa.org/products/ansi-isa-62443-3-3-99-03-03-2013-security-for-indu">SR 2.4</reference>
          <reference href="https://www.isa.org/products/ansi-isa-62443-3-3-99-03-03-2013-security-for-indu">SR 2.5</reference>
          <reference href="https://www.isa.org/products/ansi-isa-62443-3-3-99-03-03-2013-security-for-indu">SR 2.6</reference>
          <reference href="https://www.isa.org/products/ansi-isa-62443-3-3-99-03-03-2013-security-for-indu">SR 2.7</reference>
          <reference href="https://www.isa.org/products/ansi-isa-62443-3-3-99-03-03-2013-security-for-indu">SR 7.6</reference>
          <reference href="https://www.iso.org/contents/data/standard/05/45/54534.html">A.12.1.2</reference>
          <reference href="https://www.iso.org/contents/data/standard/05/45/54534.html">A.12.5.1</reference>
          <reference href="https://www.iso.org/contents/data/standard/05/45/54534.html">A.12.6.2</reference>
          <reference href="https://www.iso.org/contents/data/standard/05/45/54534.html">A.14.2.2</reference>
          <reference href="https://www.iso.org/contents/data/standard/05/45/54534.html">A.14.2.3</reference>
          <reference href="https://www.iso.org/contents/data/standard/05/45/54534.html">A.14.2.4</reference>
          <reference href="https://www.iso.org/contents/data/standard/05/45/54534.html">A.9.1.2</reference>
          <reference href="http://nvlpubs.nist.gov/nistpubs/SpecialPublications/NIST.SP.800-53r4.pdf">CM-7(a)</reference>
          <reference href="http://nvlpubs.nist.gov/nistpubs/SpecialPublications/NIST.SP.800-53r4.pdf">CM-7(b)</reference>
          <reference href="http://nvlpubs.nist.gov/nistpubs/SpecialPublications/NIST.SP.800-53r4.pdf">CM-6(a)</reference>
          <reference href="https://nvlpubs.nist.gov/nistpubs/CSWP/NIST.CSWP.04162018.pdf">PR.IP-1</reference>
          <reference href="https://nvlpubs.nist.gov/nistpubs/CSWP/NIST.CSWP.04162018.pdf">PR.PT-3</reference>
          <reference href="https://www.cisecurity.org/benchmark/ubuntu_linux/">2.1.18</reference>
          <rationale xmlns:xhtml="http://www.w3.org/1999/xhtml" xml:lang="en-US">Running web server software provides a network-based avenue
of attack, and should be disabled if not needed.</rationale>
          <platform idref="#system_with_kernel"/>
          <fix xmlns:xhtml="http://www.w3.org/1999/xhtml" id="service_httpd_disabled" system="urn:redhat:osbuild:blueprint">
[customizations.services]
masked = ["apache2"]
</fix>
          <fix xmlns:xhtml="http://www.w3.org/1999/xhtml" id="service_httpd_disabled" system="urn:xccdf:fix:script:puppet" complexity="low" disruption="low" strategy="enable">include disable_apache2

class disable_apache2 {
  service {'apache2':
    enable =&gt; false,
    ensure =&gt; 'stopped',
  }
}
</fix>
          <fix xmlns:xhtml="http://www.w3.org/1999/xhtml" id="service_httpd_disabled" system="urn:xccdf:fix:script:ansible" complexity="low" disruption="low" strategy="disable">- name: Gather the package facts
  package_facts:
    manager: auto
  tags:
  - NIST-800-53-CM-6(a)
  - NIST-800-53-CM-7(a)
  - NIST-800-53-CM-7(b)
  - disable_strategy
  - low_complexity
  - low_disruption
  - no_reboot_needed
  - service_httpd_disabled
  - unknown_severity

- name: Disable apache2 Service - Collect systemd Services Present in the System
  ansible.builtin.command: systemctl -q list-unit-files --type service
  register: service_exists
  changed_when: false
  failed_when: service_exists.rc not in [0, 1]
  check_mode: false
  when: '"linux-base" in ansible_facts.packages'
  tags:
  - NIST-800-53-CM-6(a)
  - NIST-800-53-CM-7(a)
  - NIST-800-53-CM-7(b)
  - disable_strategy
  - low_complexity
  - low_disruption
  - no_reboot_needed
  - service_httpd_disabled
  - unknown_severity

- name: Disable apache2 Service - Ensure apache2.service is Masked
  ansible.builtin.systemd:
    name: apache2.service
    state: stopped
    enabled: false
    masked: true
  when:
  - '"linux-base" in ansible_facts.packages'
  - service_exists.stdout_lines is search("apache2.service", multiline=True)
  tags:
  - NIST-800-53-CM-6(a)
  - NIST-800-53-CM-7(a)
  - NIST-800-53-CM-7(b)
  - disable_strategy
  - low_complexity
  - low_disruption
  - no_reboot_needed
  - service_httpd_disabled
  - unknown_severity

- name: Unit Socket Exists - apache2.socket
  ansible.builtin.command: systemctl -q list-unit-files apache2.socket
  register: socket_file_exists
  changed_when: false
  failed_when: socket_file_exists.rc not in [0, 1]
  check_mode: false
  when: '"linux-base" in ansible_facts.packages'
  tags:
  - NIST-800-53-CM-6(a)
  - NIST-800-53-CM-7(a)
  - NIST-800-53-CM-7(b)
  - disable_strategy
  - low_complexity
  - low_disruption
  - no_reboot_needed
  - service_httpd_disabled
  - unknown_severity

- name: Disable apache2 Service - Disable Socket apache2
  ansible.builtin.systemd:
    name: apache2.socket
    enabled: false
    state: stopped
    masked: true
  when:
  - '"linux-base" in ansible_facts.packages'
  - socket_file_exists.stdout_lines is search("apache2.socket", multiline=True)
  tags:
  - NIST-800-53-CM-6(a)
  - NIST-800-53-CM-7(a)
  - NIST-800-53-CM-7(b)
  - disable_strategy
  - low_complexity
  - low_disruption
  - no_reboot_needed
  - service_httpd_disabled
  - unknown_severity
</fix>
          <fix xmlns:xhtml="http://www.w3.org/1999/xhtml" id="service_httpd_disabled" system="urn:xccdf:fix:script:sh" complexity="low" disruption="low" strategy="disable"># Remediation is applicable only in certain platforms
if dpkg-query --show --showformat='${db:Status-Status}
' 'linux-base' 2&gt;/dev/null | grep -q ^installed; then

SYSTEMCTL_EXEC='/usr/bin/systemctl'
if [[ $("$SYSTEMCTL_EXEC" is-system-running) != "offline" ]]; then
  "$SYSTEMCTL_EXEC" stop 'apache2.service'
fi
"$SYSTEMCTL_EXEC" disable 'apache2.service'
"$SYSTEMCTL_EXEC" mask 'apache2.service'
# Disable socket activation if we have a unit file for it
if "$SYSTEMCTL_EXEC" -q list-unit-files apache2.socket; then
    if [[ $("$SYSTEMCTL_EXEC" is-system-running) != "offline" ]]; then
      "$SYSTEMCTL_EXEC" stop 'apache2.socket'
    fi
    "$SYSTEMCTL_EXEC" mask 'apache2.socket'
fi
# The service may not be running because it has been started and failed,
# so let's reset the state so OVAL checks pass.
# Service should be 'inactive', not 'failed' after reboot though.
"$SYSTEMCTL_EXEC" reset-failed 'apache2.service' || true

else
    &gt;&amp;2 echo 'Remediation is not applicable, nothing was done'
fi
</fix>
          <fix xmlns:xhtml="http://www.w3.org/1999/xhtml" id="service_httpd_disabled" system="urn:xccdf:fix:script:kubernetes" reboot="true" complexity="low" disruption="medium" strategy="disable">apiVersion: machineconfiguration.openshift.io/v1
kind: MachineConfig
spec:
  config:
    ignition:
      version: 3.1.0
    systemd:
      units:
      - name: apache2.service
        enabled: false
        mask: true
      - name: apache2.socket
        enabled: false
        mask: true
</fix>
          <check system="http://oval.mitre.org/XMLSchema/oval-definitions-5">
            <check-content-ref name="oval:ssg-service_httpd_disabled:def:1" href="ssg-ubuntu2404-oval.xml"/>
          </check>
          <check system="http://scap.nist.gov/schema/ocil/2">
            <check-content-ref name="ocil:ssg-service_httpd_disabled_ocil:questionnaire:1" href="ssg-ubuntu2404-ocil.xml"/>
          </check>
        </Rule>
      </Group>
      <Group id="xccdf_org.ssgproject.content_group_disabling_nginx">
        <title xmlns:xhtml="http://www.w3.org/1999/xhtml" xml:lang="en-US">Disable NGINX if Possible</title>
        <description xmlns:xhtml="http://www.w3.org/1999/xhtml" xml:lang="en-US">If NGINX was installed and activated, but the system does not need to act as a web server,
then it should be removed from the system.</description>
        <Rule id="xccdf_org.ssgproject.content_rule_package_nginx_removed" selected="false" role="full" severity="unknown">
          <title xmlns:xhtml="http://www.w3.org/1999/xhtml" xml:lang="en-US">Uninstall nginx Package</title>
          <description xmlns:xhtml="http://www.w3.org/1999/xhtml" xml:lang="en-US">The <html:code xmlns:html="http://www.w3.org/1999/xhtml">nginx</html:code> package can be removed with the following command:
<html:pre xmlns:html="http://www.w3.org/1999/xhtml">
$ apt-get remove nginx</html:pre>
       </description>
          <reference href="https://www.isaca.org/resources/cobit">BAI10.01</reference>
          <reference href="https://www.isaca.org/resources/cobit">BAI10.02</reference>
          <reference href="https://www.isaca.org/resources/cobit">BAI10.03</reference>
          <reference href="https://www.isaca.org/resources/cobit">BAI10.05</reference>
          <reference href="https://www.isaca.org/resources/cobit">DSS05.02</reference>
          <reference href="https://www.isaca.org/resources/cobit">DSS05.05</reference>
          <reference href="https://www.isaca.org/resources/cobit">DSS06.06</reference>
          <reference href="https://www.isa.org/products/isa-62443-2-1-2009-security-for-industrial-automat">4.3.3.5.1</reference>
          <reference href="https://www.isa.org/products/isa-62443-2-1-2009-security-for-industrial-automat">4.3.3.5.2</reference>
          <reference href="https://www.isa.org/products/isa-62443-2-1-2009-security-for-industrial-automat">4.3.3.5.3</reference>
          <reference href="https://www.isa.org/products/isa-62443-2-1-2009-security-for-industrial-automat">4.3.3.5.4</reference>
          <reference href="https://www.isa.org/products/isa-62443-2-1-2009-security-for-industrial-automat">4.3.3.5.5</reference>
          <reference href="https://www.isa.org/products/isa-62443-2-1-2009-security-for-industrial-automat">4.3.3.5.6</reference>
          <reference href="https://www.isa.org/products/isa-62443-2-1-2009-security-for-industrial-automat">4.3.3.5.7</reference>
          <reference href="https://www.isa.org/products/isa-62443-2-1-2009-security-for-industrial-automat">4.3.3.5.8</reference>
          <reference href="https://www.isa.org/products/isa-62443-2-1-2009-security-for-industrial-automat">4.3.3.6.1</reference>
          <reference href="https://www.isa.org/products/isa-62443-2-1-2009-security-for-industrial-automat">4.3.3.6.2</reference>
          <reference href="https://www.isa.org/products/isa-62443-2-1-2009-security-for-industrial-automat">4.3.3.6.3</reference>
          <reference href="https://www.isa.org/products/isa-62443-2-1-2009-security-for-industrial-automat">4.3.3.6.4</reference>
          <reference href="https://www.isa.org/products/isa-62443-2-1-2009-security-for-industrial-automat">4.3.3.6.5</reference>
          <reference href="https://www.isa.org/products/isa-62443-2-1-2009-security-for-industrial-automat">4.3.3.6.6</reference>
          <reference href="https://www.isa.org/products/isa-62443-2-1-2009-security-for-industrial-automat">4.3.3.6.7</reference>
          <reference href="https://www.isa.org/products/isa-62443-2-1-2009-security-for-industrial-automat">4.3.3.6.8</reference>
          <reference href="https://www.isa.org/products/isa-62443-2-1-2009-security-for-industrial-automat">4.3.3.6.9</reference>
          <reference href="https://www.isa.org/products/isa-62443-2-1-2009-security-for-industrial-automat">4.3.3.7.1</reference>
          <reference href="https://www.isa.org/products/isa-62443-2-1-2009-security-for-industrial-automat">4.3.3.7.2</reference>
          <reference href="https://www.isa.org/products/isa-62443-2-1-2009-security-for-industrial-automat">4.3.3.7.3</reference>
          <reference href="https://www.isa.org/products/isa-62443-2-1-2009-security-for-industrial-automat">4.3.3.7.4</reference>
          <reference href="https://www.isa.org/products/isa-62443-2-1-2009-security-for-industrial-automat">4.3.4.3.2</reference>
          <reference href="https://www.isa.org/products/isa-62443-2-1-2009-security-for-industrial-automat">4.3.4.3.3</reference>
          <reference href="https://www.isa.org/products/ansi-isa-62443-3-3-99-03-03-2013-security-for-indu">SR 1.1</reference>
          <reference href="https://www.isa.org/products/ansi-isa-62443-3-3-99-03-03-2013-security-for-indu">SR 1.10</reference>
          <reference href="https://www.isa.org/products/ansi-isa-62443-3-3-99-03-03-2013-security-for-indu">SR 1.11</reference>
          <reference href="https://www.isa.org/products/ansi-isa-62443-3-3-99-03-03-2013-security-for-indu">SR 1.12</reference>
          <reference href="https://www.isa.org/products/ansi-isa-62443-3-3-99-03-03-2013-security-for-indu">SR 1.13</reference>
          <reference href="https://www.isa.org/products/ansi-isa-62443-3-3-99-03-03-2013-security-for-indu">SR 1.2</reference>
          <reference href="https://www.isa.org/products/ansi-isa-62443-3-3-99-03-03-2013-security-for-indu">SR 1.3</reference>
          <reference href="https://www.isa.org/products/ansi-isa-62443-3-3-99-03-03-2013-security-for-indu">SR 1.4</reference>
          <reference href="https://www.isa.org/products/ansi-isa-62443-3-3-99-03-03-2013-security-for-indu">SR 1.5</reference>
          <reference href="https://www.isa.org/products/ansi-isa-62443-3-3-99-03-03-2013-security-for-indu">SR 1.6</reference>
          <reference href="https://www.isa.org/products/ansi-isa-62443-3-3-99-03-03-2013-security-for-indu">SR 1.7</reference>
          <reference href="https://www.isa.org/products/ansi-isa-62443-3-3-99-03-03-2013-security-for-indu">SR 1.8</reference>
          <reference href="https://www.isa.org/products/ansi-isa-62443-3-3-99-03-03-2013-security-for-indu">SR 1.9</reference>
          <reference href="https://www.isa.org/products/ansi-isa-62443-3-3-99-03-03-2013-security-for-indu">SR 2.1</reference>
          <reference href="https://www.isa.org/products/ansi-isa-62443-3-3-99-03-03-2013-security-for-indu">SR 2.2</reference>
          <reference href="https://www.isa.org/products/ansi-isa-62443-3-3-99-03-03-2013-security-for-indu">SR 2.3</reference>
          <reference href="https://www.isa.org/products/ansi-isa-62443-3-3-99-03-03-2013-security-for-indu">SR 2.4</reference>
          <reference href="https://www.isa.org/products/ansi-isa-62443-3-3-99-03-03-2013-security-for-indu">SR 2.5</reference>
          <reference href="https://www.isa.org/products/ansi-isa-62443-3-3-99-03-03-2013-security-for-indu">SR 2.6</reference>
          <reference href="https://www.isa.org/products/ansi-isa-62443-3-3-99-03-03-2013-security-for-indu">SR 2.7</reference>
          <reference href="https://www.isa.org/products/ansi-isa-62443-3-3-99-03-03-2013-security-for-indu">SR 7.6</reference>
          <reference href="https://www.iso.org/contents/data/standard/05/45/54534.html">A.12.1.2</reference>
          <reference href="https://www.iso.org/contents/data/standard/05/45/54534.html">A.12.5.1</reference>
          <reference href="https://www.iso.org/contents/data/standard/05/45/54534.html">A.12.6.2</reference>
          <reference href="https://www.iso.org/contents/data/standard/05/45/54534.html">A.14.2.2</reference>
          <reference href="https://www.iso.org/contents/data/standard/05/45/54534.html">A.14.2.3</reference>
          <reference href="https://www.iso.org/contents/data/standard/05/45/54534.html">A.14.2.4</reference>
          <reference href="https://www.iso.org/contents/data/standard/05/45/54534.html">A.9.1.2</reference>
          <reference href="http://nvlpubs.nist.gov/nistpubs/SpecialPublications/NIST.SP.800-53r4.pdf">CM-7(a)</reference>
          <reference href="http://nvlpubs.nist.gov/nistpubs/SpecialPublications/NIST.SP.800-53r4.pdf">CM-7(b)</reference>
          <reference href="http://nvlpubs.nist.gov/nistpubs/SpecialPublications/NIST.SP.800-53r4.pdf">CM-6(a)</reference>
          <reference href="https://nvlpubs.nist.gov/nistpubs/CSWP/NIST.CSWP.04162018.pdf">PR.IP-1</reference>
          <reference href="https://nvlpubs.nist.gov/nistpubs/CSWP/NIST.CSWP.04162018.pdf">PR.PT-3</reference>
          <reference href="https://www.cisecurity.org/benchmark/ubuntu_linux/">2.1.18</reference>
          <rationale xmlns:xhtml="http://www.w3.org/1999/xhtml" xml:lang="en-US">If there is no need to make the web server software available,
removing it provides a safeguard against its activation.</rationale>
          <fix xmlns:xhtml="http://www.w3.org/1999/xhtml" id="package_nginx_removed" system="urn:xccdf:fix:script:puppet" complexity="low" disruption="low" strategy="disable">include remove_nginx

class remove_nginx {
  package { 'nginx':
    ensure =&gt; 'purged',
  }
}
</fix>
          <fix xmlns:xhtml="http://www.w3.org/1999/xhtml" id="package_nginx_removed" system="urn:xccdf:fix:script:ansible" complexity="low" disruption="low" strategy="disable">- name: Ensure nginx is removed
  package:
    name: nginx
    state: absent
  tags:
  - NIST-800-53-CM-6(a)
  - NIST-800-53-CM-7(a)
  - NIST-800-53-CM-7(b)
  - disable_strategy
  - low_complexity
  - low_disruption
  - no_reboot_needed
  - package_nginx_removed
  - unknown_severity
</fix>
          <fix xmlns:xhtml="http://www.w3.org/1999/xhtml" id="package_nginx_removed" system="urn:xccdf:fix:script:sh" complexity="low" disruption="low" strategy="disable">
# CAUTION: This remediation script will remove nginx
#	   from the system, and may remove any packages
#	   that depend on nginx. Execute this
#	   remediation AFTER testing on a non-production
#	   system!

DEBIAN_FRONTEND=noninteractive apt-get remove -y "nginx"
</fix>
          <check system="http://oval.mitre.org/XMLSchema/oval-definitions-5">
            <check-content-ref name="oval:ssg-package_nginx_removed:def:1" href="ssg-ubuntu2404-oval.xml"/>
          </check>
          <check system="http://scap.nist.gov/schema/ocil/2">
            <check-content-ref name="ocil:ssg-package_nginx_removed_ocil:questionnaire:1" href="ssg-ubuntu2404-ocil.xml"/>
          </check>
        </Rule>
        <Rule id="xccdf_org.ssgproject.content_rule_service_nginx_disabled" selected="false" role="full" severity="unknown">
          <title xmlns:xhtml="http://www.w3.org/1999/xhtml" xml:lang="en-US">Disable nginx Service</title>
          <description xmlns:xhtml="http://www.w3.org/1999/xhtml" xml:lang="en-US">
The <html:code xmlns:html="http://www.w3.org/1999/xhtml">nginx</html:code> service can be disabled with the following command:
<html:pre xmlns:html="http://www.w3.org/1999/xhtml">$ sudo systemctl mask --now nginx.service</html:pre>
       </description>
          <reference href="https://www.cisecurity.org/benchmark/ubuntu_linux/">2.1.18</reference>
          <rationale xmlns:xhtml="http://www.w3.org/1999/xhtml" xml:lang="en-US">Running web server software provides a network-based avenue
of attack, and should be disabled if not needed.</rationale>
          <platform idref="#system_with_kernel"/>
          <fix xmlns:xhtml="http://www.w3.org/1999/xhtml" id="service_nginx_disabled" system="urn:redhat:osbuild:blueprint">
[customizations.services]
masked = ["nginx"]
</fix>
          <fix xmlns:xhtml="http://www.w3.org/1999/xhtml" id="service_nginx_disabled" system="urn:xccdf:fix:script:puppet" complexity="low" disruption="low" strategy="enable">include disable_nginx

class disable_nginx {
  service {'nginx':
    enable =&gt; false,
    ensure =&gt; 'stopped',
  }
}
</fix>
          <fix xmlns:xhtml="http://www.w3.org/1999/xhtml" id="service_nginx_disabled" system="urn:xccdf:fix:script:ansible" complexity="low" disruption="low" strategy="disable">- name: Gather the package facts
  package_facts:
    manager: auto
  tags:
  - disable_strategy
  - low_complexity
  - low_disruption
  - no_reboot_needed
  - service_nginx_disabled
  - unknown_severity

- name: Disable nginx Service - Collect systemd Services Present in the System
  ansible.builtin.command: systemctl -q list-unit-files --type service
  register: service_exists
  changed_when: false
  failed_when: service_exists.rc not in [0, 1]
  check_mode: false
  when: '"linux-base" in ansible_facts.packages'
  tags:
  - disable_strategy
  - low_complexity
  - low_disruption
  - no_reboot_needed
  - service_nginx_disabled
  - unknown_severity

- name: Disable nginx Service - Ensure nginx.service is Masked
  ansible.builtin.systemd:
    name: nginx.service
    state: stopped
    enabled: false
    masked: true
  when:
  - '"linux-base" in ansible_facts.packages'
  - service_exists.stdout_lines is search("nginx.service", multiline=True)
  tags:
  - disable_strategy
  - low_complexity
  - low_disruption
  - no_reboot_needed
  - service_nginx_disabled
  - unknown_severity

- name: Unit Socket Exists - nginx.socket
  ansible.builtin.command: systemctl -q list-unit-files nginx.socket
  register: socket_file_exists
  changed_when: false
  failed_when: socket_file_exists.rc not in [0, 1]
  check_mode: false
  when: '"linux-base" in ansible_facts.packages'
  tags:
  - disable_strategy
  - low_complexity
  - low_disruption
  - no_reboot_needed
  - service_nginx_disabled
  - unknown_severity

- name: Disable nginx Service - Disable Socket nginx
  ansible.builtin.systemd:
    name: nginx.socket
    enabled: false
    state: stopped
    masked: true
  when:
  - '"linux-base" in ansible_facts.packages'
  - socket_file_exists.stdout_lines is search("nginx.socket", multiline=True)
  tags:
  - disable_strategy
  - low_complexity
  - low_disruption
  - no_reboot_needed
  - service_nginx_disabled
  - unknown_severity
</fix>
          <fix xmlns:xhtml="http://www.w3.org/1999/xhtml" id="service_nginx_disabled" system="urn:xccdf:fix:script:sh" complexity="low" disruption="low" strategy="disable"># Remediation is applicable only in certain platforms
if dpkg-query --show --showformat='${db:Status-Status}
' 'linux-base' 2&gt;/dev/null | grep -q ^installed; then

SYSTEMCTL_EXEC='/usr/bin/systemctl'
if [[ $("$SYSTEMCTL_EXEC" is-system-running) != "offline" ]]; then
  "$SYSTEMCTL_EXEC" stop 'nginx.service'
fi
"$SYSTEMCTL_EXEC" disable 'nginx.service'
"$SYSTEMCTL_EXEC" mask 'nginx.service'
# Disable socket activation if we have a unit file for it
if "$SYSTEMCTL_EXEC" -q list-unit-files nginx.socket; then
    if [[ $("$SYSTEMCTL_EXEC" is-system-running) != "offline" ]]; then
      "$SYSTEMCTL_EXEC" stop 'nginx.socket'
    fi
    "$SYSTEMCTL_EXEC" mask 'nginx.socket'
fi
# The service may not be running because it has been started and failed,
# so let's reset the state so OVAL checks pass.
# Service should be 'inactive', not 'failed' after reboot though.
"$SYSTEMCTL_EXEC" reset-failed 'nginx.service' || true

else
    &gt;&amp;2 echo 'Remediation is not applicable, nothing was done'
fi
</fix>
          <fix xmlns:xhtml="http://www.w3.org/1999/xhtml" id="service_nginx_disabled" system="urn:xccdf:fix:script:kubernetes" reboot="true" complexity="low" disruption="medium" strategy="disable">apiVersion: machineconfiguration.openshift.io/v1
kind: MachineConfig
spec:
  config:
    ignition:
      version: 3.1.0
    systemd:
      units:
      - name: nginx.service
        enabled: false
        mask: true
      - name: nginx.socket
        enabled: false
        mask: true
</fix>
          <check system="http://oval.mitre.org/XMLSchema/oval-definitions-5">
            <check-content-ref name="oval:ssg-service_nginx_disabled:def:1" href="ssg-ubuntu2404-oval.xml"/>
          </check>
          <check system="http://scap.nist.gov/schema/ocil/2">
            <check-content-ref name="ocil:ssg-service_nginx_disabled_ocil:questionnaire:1" href="ssg-ubuntu2404-ocil.xml"/>
          </check>
        </Rule>
      </Group>
    </Group>
    <Group id="xccdf_org.ssgproject.content_group_imap">
      <title xmlns:xhtml="http://www.w3.org/1999/xhtml" xml:lang="en-US">IMAP and POP3 Server</title>
      <description xmlns:xhtml="http://www.w3.org/1999/xhtml" xml:lang="en-US">Dovecot provides IMAP and POP3 services. It is not
installed by default. The project page at 
    <html:a xmlns:html="http://www.w3.org/1999/xhtml" href="http://www.dovecot.org">http://www.dovecot.org</html:a>
contains more detailed information about Dovecot
configuration.</description>
      <Group id="xccdf_org.ssgproject.content_group_disabling_dovecot">
        <title xmlns:xhtml="http://www.w3.org/1999/xhtml" xml:lang="en-US">Disable Dovecot</title>
        <description xmlns:xhtml="http://www.w3.org/1999/xhtml" xml:lang="en-US">If the system does not need to operate as an IMAP or
POP3 server, the dovecot software should be disabled and removed.</description>
        <Rule id="xccdf_org.ssgproject.content_rule_package_dovecot_removed" selected="false" role="full" severity="unknown">
          <title xmlns:xhtml="http://www.w3.org/1999/xhtml" xml:lang="en-US">Uninstall dovecot Package</title>
          <description xmlns:xhtml="http://www.w3.org/1999/xhtml" xml:lang="en-US">
The <html:code xmlns:html="http://www.w3.org/1999/xhtml">dovecot-core</html:code> package can be removed with the following command:
<html:pre xmlns:html="http://www.w3.org/1999/xhtml">
$ apt-get remove dovecot-core</html:pre>
       </description>
          <reference href="https://www.cisecurity.org/benchmark/ubuntu_linux/">2.1.8</reference>
          <rationale xmlns:xhtml="http://www.w3.org/1999/xhtml" xml:lang="en-US">If there is no need to make the Dovecot software available,
removing it provides a safeguard against its activation.</rationale>
          <fix xmlns:xhtml="http://www.w3.org/1999/xhtml" id="package_dovecot_removed" system="urn:xccdf:fix:script:puppet" complexity="low" disruption="low" strategy="disable">include remove_dovecot-core

class remove_dovecot-core {
  package { 'dovecot-core':
    ensure =&gt; 'purged',
  }
}
</fix>
          <fix xmlns:xhtml="http://www.w3.org/1999/xhtml" id="package_dovecot_removed" system="urn:xccdf:fix:script:ansible" complexity="low" disruption="low" strategy="disable">- name: Ensure dovecot-core is removed
  package:
    name: dovecot-core
    state: absent
  tags:
  - disable_strategy
  - low_complexity
  - low_disruption
  - no_reboot_needed
  - package_dovecot_removed
  - unknown_severity
</fix>
          <fix xmlns:xhtml="http://www.w3.org/1999/xhtml" id="package_dovecot_removed" system="urn:xccdf:fix:script:sh" complexity="low" disruption="low" strategy="disable">
# CAUTION: This remediation script will remove dovecot-core
#	   from the system, and may remove any packages
#	   that depend on dovecot-core. Execute this
#	   remediation AFTER testing on a non-production
#	   system!

DEBIAN_FRONTEND=noninteractive apt-get remove -y "dovecot-core"
</fix>
          <check system="http://oval.mitre.org/XMLSchema/oval-definitions-5">
            <check-content-ref name="oval:ssg-package_dovecot_removed:def:1" href="ssg-ubuntu2404-oval.xml"/>
          </check>
          <check system="http://scap.nist.gov/schema/ocil/2">
            <check-content-ref name="ocil:ssg-package_dovecot_removed_ocil:questionnaire:1" href="ssg-ubuntu2404-ocil.xml"/>
          </check>
        </Rule>
        <Rule id="xccdf_org.ssgproject.content_rule_service_dovecot_disabled" selected="false" role="full" severity="unknown">
          <title xmlns:xhtml="http://www.w3.org/1999/xhtml" xml:lang="en-US">Disable Dovecot Service</title>
          <description xmlns:xhtml="http://www.w3.org/1999/xhtml" xml:lang="en-US">
The <html:code xmlns:html="http://www.w3.org/1999/xhtml">dovecot</html:code> service can be disabled with the following command:
<html:pre xmlns:html="http://www.w3.org/1999/xhtml">$ sudo systemctl mask --now dovecot.service</html:pre>
       </description>
          <reference href="https://www.cisecurity.org/benchmark/ubuntu_linux/">2.1.8</reference>
          <rationale xmlns:xhtml="http://www.w3.org/1999/xhtml" xml:lang="en-US">Running an IMAP or POP3 server provides a network-based
avenue of attack, and should be disabled if not needed.</rationale>
          <platform idref="#system_with_kernel"/>
          <fix xmlns:xhtml="http://www.w3.org/1999/xhtml" id="service_dovecot_disabled" system="urn:redhat:osbuild:blueprint">
[customizations.services]
masked = ["dovecot"]
</fix>
          <fix xmlns:xhtml="http://www.w3.org/1999/xhtml" id="service_dovecot_disabled" system="urn:xccdf:fix:script:puppet" complexity="low" disruption="low" strategy="enable">include disable_dovecot

class disable_dovecot {
  service {'dovecot':
    enable =&gt; false,
    ensure =&gt; 'stopped',
  }
}
</fix>
          <fix xmlns:xhtml="http://www.w3.org/1999/xhtml" id="service_dovecot_disabled" system="urn:xccdf:fix:script:ansible" complexity="low" disruption="low" strategy="disable">- name: Gather the package facts
  package_facts:
    manager: auto
  tags:
  - disable_strategy
  - low_complexity
  - low_disruption
  - no_reboot_needed
  - service_dovecot_disabled
  - unknown_severity

- name: Disable Dovecot Service - Collect systemd Services Present in the System
  ansible.builtin.command: systemctl -q list-unit-files --type service
  register: service_exists
  changed_when: false
  failed_when: service_exists.rc not in [0, 1]
  check_mode: false
  when: '"linux-base" in ansible_facts.packages'
  tags:
  - disable_strategy
  - low_complexity
  - low_disruption
  - no_reboot_needed
  - service_dovecot_disabled
  - unknown_severity

- name: Disable Dovecot Service - Ensure dovecot.service is Masked
  ansible.builtin.systemd:
    name: dovecot.service
    state: stopped
    enabled: false
    masked: true
  when:
  - '"linux-base" in ansible_facts.packages'
  - service_exists.stdout_lines is search("dovecot.service", multiline=True)
  tags:
  - disable_strategy
  - low_complexity
  - low_disruption
  - no_reboot_needed
  - service_dovecot_disabled
  - unknown_severity

- name: Unit Socket Exists - dovecot.socket
  ansible.builtin.command: systemctl -q list-unit-files dovecot.socket
  register: socket_file_exists
  changed_when: false
  failed_when: socket_file_exists.rc not in [0, 1]
  check_mode: false
  when: '"linux-base" in ansible_facts.packages'
  tags:
  - disable_strategy
  - low_complexity
  - low_disruption
  - no_reboot_needed
  - service_dovecot_disabled
  - unknown_severity

- name: Disable Dovecot Service - Disable Socket dovecot
  ansible.builtin.systemd:
    name: dovecot.socket
    enabled: false
    state: stopped
    masked: true
  when:
  - '"linux-base" in ansible_facts.packages'
  - socket_file_exists.stdout_lines is search("dovecot.socket", multiline=True)
  tags:
  - disable_strategy
  - low_complexity
  - low_disruption
  - no_reboot_needed
  - service_dovecot_disabled
  - unknown_severity
</fix>
          <fix xmlns:xhtml="http://www.w3.org/1999/xhtml" id="service_dovecot_disabled" system="urn:xccdf:fix:script:sh" complexity="low" disruption="low" strategy="disable"># Remediation is applicable only in certain platforms
if dpkg-query --show --showformat='${db:Status-Status}
' 'linux-base' 2&gt;/dev/null | grep -q ^installed; then

SYSTEMCTL_EXEC='/usr/bin/systemctl'
if [[ $("$SYSTEMCTL_EXEC" is-system-running) != "offline" ]]; then
  "$SYSTEMCTL_EXEC" stop 'dovecot.service'
fi
"$SYSTEMCTL_EXEC" disable 'dovecot.service'
"$SYSTEMCTL_EXEC" mask 'dovecot.service'
# Disable socket activation if we have a unit file for it
if "$SYSTEMCTL_EXEC" -q list-unit-files dovecot.socket; then
    if [[ $("$SYSTEMCTL_EXEC" is-system-running) != "offline" ]]; then
      "$SYSTEMCTL_EXEC" stop 'dovecot.socket'
    fi
    "$SYSTEMCTL_EXEC" mask 'dovecot.socket'
fi
# The service may not be running because it has been started and failed,
# so let's reset the state so OVAL checks pass.
# Service should be 'inactive', not 'failed' after reboot though.
"$SYSTEMCTL_EXEC" reset-failed 'dovecot.service' || true

else
    &gt;&amp;2 echo 'Remediation is not applicable, nothing was done'
fi
</fix>
          <fix xmlns:xhtml="http://www.w3.org/1999/xhtml" id="service_dovecot_disabled" system="urn:xccdf:fix:script:kubernetes" reboot="true" complexity="low" disruption="medium" strategy="disable">apiVersion: machineconfiguration.openshift.io/v1
kind: MachineConfig
spec:
  config:
    ignition:
      version: 3.1.0
    systemd:
      units:
      - name: dovecot.service
        enabled: false
        mask: true
      - name: dovecot.socket
        enabled: false
        mask: true
</fix>
          <check system="http://oval.mitre.org/XMLSchema/oval-definitions-5">
            <check-content-ref name="oval:ssg-service_dovecot_disabled:def:1" href="ssg-ubuntu2404-oval.xml"/>
          </check>
          <check system="http://scap.nist.gov/schema/ocil/2">
            <check-content-ref name="ocil:ssg-service_dovecot_disabled_ocil:questionnaire:1" href="ssg-ubuntu2404-ocil.xml"/>
          </check>
        </Rule>
      </Group>
    </Group>
    <Group id="xccdf_org.ssgproject.content_group_ldap">
      <title xmlns:xhtml="http://www.w3.org/1999/xhtml" xml:lang="en-US">LDAP</title>
      <description xmlns:xhtml="http://www.w3.org/1999/xhtml" xml:lang="en-US">LDAP is a popular directory service, that is, a
standardized way of looking up information from a central database.
Ubuntu 24.04 includes software that enables a system to act as both
an LDAP client and server.</description>
      <Group id="xccdf_org.ssgproject.content_group_openldap_client">
        <title xmlns:xhtml="http://www.w3.org/1999/xhtml" xml:lang="en-US">Configure OpenLDAP Clients</title>
        <description xmlns:xhtml="http://www.w3.org/1999/xhtml" xml:lang="en-US">This section provides information on which security settings are
important to configure in OpenLDAP clients by manually editing the appropriate
configuration files.  Ubuntu 24.04 provides an automated configuration tool called
authconfig and a graphical wrapper for authconfig called
<html:code xmlns:html="http://www.w3.org/1999/xhtml">system-config-authentication</html:code>. However, these tools do not provide as
much control over configuration as manual editing of configuration files. The
authconfig tools do not allow you to specify locations of SSL certificate
files, which is useful when trying to use SSL cleanly across several protocols.
Installation and configuration of OpenLDAP on Ubuntu 24.04 is available at</description>
        <warning xmlns:xhtml="http://www.w3.org/1999/xhtml" xml:lang="en-US" category="general">Before configuring any system to be an
LDAP client, ensure that a working LDAP server is present on the
network.</warning>
        <Rule id="xccdf_org.ssgproject.content_rule_package_openldap-clients_removed" selected="false" role="full" severity="low">
          <title xmlns:xhtml="http://www.w3.org/1999/xhtml" xml:lang="en-US">Ensure LDAP client is not installed</title>
          <description xmlns:xhtml="http://www.w3.org/1999/xhtml" xml:lang="en-US">The Lightweight Directory Access Protocol (LDAP) is a service that provides
a method for looking up information from a central database.
The <html:code xmlns:html="http://www.w3.org/1999/xhtml">lapd-utils</html:code> package can be removed with the following command:
<html:pre xmlns:html="http://www.w3.org/1999/xhtml">
$ apt-get remove lapd-utils</html:pre>
       </description>
          <reference href="https://www.cisecurity.org/benchmark/ubuntu_linux/">2.2.5</reference>
          <rationale xmlns:xhtml="http://www.w3.org/1999/xhtml" xml:lang="en-US">If the system does not need to act as an LDAP client, it is recommended that the software is removed to reduce the potential attack surface.</rationale>
          <fix xmlns:xhtml="http://www.w3.org/1999/xhtml" id="package_openldap-clients_removed" system="urn:xccdf:fix:script:puppet" complexity="low" disruption="low" strategy="disable">include remove_ldap-utils

class remove_ldap-utils {
  package { 'ldap-utils':
    ensure =&gt; 'purged',
  }
}
</fix>
          <fix xmlns:xhtml="http://www.w3.org/1999/xhtml" id="package_openldap-clients_removed" system="urn:xccdf:fix:script:ansible" complexity="low" disruption="low" strategy="disable">- name: Ensure ldap-utils is removed
  package:
    name: ldap-utils
    state: absent
  tags:
  - disable_strategy
  - low_complexity
  - low_disruption
  - low_severity
  - no_reboot_needed
  - package_openldap-clients_removed
</fix>
          <fix xmlns:xhtml="http://www.w3.org/1999/xhtml" id="package_openldap-clients_removed" system="urn:xccdf:fix:script:sh" complexity="low" disruption="low" strategy="disable">
# CAUTION: This remediation script will remove ldap-utils
#	   from the system, and may remove any packages
#	   that depend on ldap-utils. Execute this
#	   remediation AFTER testing on a non-production
#	   system!

DEBIAN_FRONTEND=noninteractive apt-get remove -y "ldap-utils"
</fix>
          <check system="http://oval.mitre.org/XMLSchema/oval-definitions-5">
            <check-content-ref name="oval:ssg-package_openldap-clients_removed:def:1" href="ssg-ubuntu2404-oval.xml"/>
          </check>
          <check system="http://scap.nist.gov/schema/ocil/2">
            <check-content-ref name="ocil:ssg-package_openldap-clients_removed_ocil:questionnaire:1" href="ssg-ubuntu2404-ocil.xml"/>
          </check>
        </Rule>
      </Group>
      <Group id="xccdf_org.ssgproject.content_group_openldap_server">
        <title xmlns:xhtml="http://www.w3.org/1999/xhtml" xml:lang="en-US">Configure OpenLDAP Server</title>
        <description xmlns:xhtml="http://www.w3.org/1999/xhtml" xml:lang="en-US">This section details some security-relevant settings
for an OpenLDAP server.</description>
        <Rule id="xccdf_org.ssgproject.content_rule_package_openldap-servers_removed" selected="false" role="full" severity="low">
          <title xmlns:xhtml="http://www.w3.org/1999/xhtml" xml:lang="en-US">Uninstall openldap-servers Package</title>
          <description xmlns:xhtml="http://www.w3.org/1999/xhtml" xml:lang="en-US">The slapd package is not installed by default on a Ubuntu 24.04
system. It is needed only by the OpenLDAP server, not by the
clients which use LDAP for authentication. If the system is not
intended for use as an LDAP Server it should be removed.</description>
          <reference href="https://www.cisecurity.org/controls/">11</reference>
          <reference href="https://www.cisecurity.org/controls/">14</reference>
          <reference href="https://www.cisecurity.org/controls/">3</reference>
          <reference href="https://www.cisecurity.org/controls/">9</reference>
          <reference href="https://www.isaca.org/resources/cobit">BAI10.01</reference>
          <reference href="https://www.isaca.org/resources/cobit">BAI10.02</reference>
          <reference href="https://www.isaca.org/resources/cobit">BAI10.03</reference>
          <reference href="https://www.isaca.org/resources/cobit">BAI10.05</reference>
          <reference href="https://www.isaca.org/resources/cobit">DSS05.02</reference>
          <reference href="https://www.isaca.org/resources/cobit">DSS05.05</reference>
          <reference href="https://www.isaca.org/resources/cobit">DSS06.06</reference>
          <reference href="https://public.cyber.mil/stigs/cci/">CCI-000366</reference>
          <reference href="https://www.isa.org/products/isa-62443-2-1-2009-security-for-industrial-automat">4.3.3.5.1</reference>
          <reference href="https://www.isa.org/products/isa-62443-2-1-2009-security-for-industrial-automat">4.3.3.5.2</reference>
          <reference href="https://www.isa.org/products/isa-62443-2-1-2009-security-for-industrial-automat">4.3.3.5.3</reference>
          <reference href="https://www.isa.org/products/isa-62443-2-1-2009-security-for-industrial-automat">4.3.3.5.4</reference>
          <reference href="https://www.isa.org/products/isa-62443-2-1-2009-security-for-industrial-automat">4.3.3.5.5</reference>
          <reference href="https://www.isa.org/products/isa-62443-2-1-2009-security-for-industrial-automat">4.3.3.5.6</reference>
          <reference href="https://www.isa.org/products/isa-62443-2-1-2009-security-for-industrial-automat">4.3.3.5.7</reference>
          <reference href="https://www.isa.org/products/isa-62443-2-1-2009-security-for-industrial-automat">4.3.3.5.8</reference>
          <reference href="https://www.isa.org/products/isa-62443-2-1-2009-security-for-industrial-automat">4.3.3.6.1</reference>
          <reference href="https://www.isa.org/products/isa-62443-2-1-2009-security-for-industrial-automat">4.3.3.6.2</reference>
          <reference href="https://www.isa.org/products/isa-62443-2-1-2009-security-for-industrial-automat">4.3.3.6.3</reference>
          <reference href="https://www.isa.org/products/isa-62443-2-1-2009-security-for-industrial-automat">4.3.3.6.4</reference>
          <reference href="https://www.isa.org/products/isa-62443-2-1-2009-security-for-industrial-automat">4.3.3.6.5</reference>
          <reference href="https://www.isa.org/products/isa-62443-2-1-2009-security-for-industrial-automat">4.3.3.6.6</reference>
          <reference href="https://www.isa.org/products/isa-62443-2-1-2009-security-for-industrial-automat">4.3.3.6.7</reference>
          <reference href="https://www.isa.org/products/isa-62443-2-1-2009-security-for-industrial-automat">4.3.3.6.8</reference>
          <reference href="https://www.isa.org/products/isa-62443-2-1-2009-security-for-industrial-automat">4.3.3.6.9</reference>
          <reference href="https://www.isa.org/products/isa-62443-2-1-2009-security-for-industrial-automat">4.3.3.7.1</reference>
          <reference href="https://www.isa.org/products/isa-62443-2-1-2009-security-for-industrial-automat">4.3.3.7.2</reference>
          <reference href="https://www.isa.org/products/isa-62443-2-1-2009-security-for-industrial-automat">4.3.3.7.3</reference>
          <reference href="https://www.isa.org/products/isa-62443-2-1-2009-security-for-industrial-automat">4.3.3.7.4</reference>
          <reference href="https://www.isa.org/products/isa-62443-2-1-2009-security-for-industrial-automat">4.3.4.3.2</reference>
          <reference href="https://www.isa.org/products/isa-62443-2-1-2009-security-for-industrial-automat">4.3.4.3.3</reference>
          <reference href="https://www.isa.org/products/ansi-isa-62443-3-3-99-03-03-2013-security-for-indu">SR 1.1</reference>
          <reference href="https://www.isa.org/products/ansi-isa-62443-3-3-99-03-03-2013-security-for-indu">SR 1.10</reference>
          <reference href="https://www.isa.org/products/ansi-isa-62443-3-3-99-03-03-2013-security-for-indu">SR 1.11</reference>
          <reference href="https://www.isa.org/products/ansi-isa-62443-3-3-99-03-03-2013-security-for-indu">SR 1.12</reference>
          <reference href="https://www.isa.org/products/ansi-isa-62443-3-3-99-03-03-2013-security-for-indu">SR 1.13</reference>
          <reference href="https://www.isa.org/products/ansi-isa-62443-3-3-99-03-03-2013-security-for-indu">SR 1.2</reference>
          <reference href="https://www.isa.org/products/ansi-isa-62443-3-3-99-03-03-2013-security-for-indu">SR 1.3</reference>
          <reference href="https://www.isa.org/products/ansi-isa-62443-3-3-99-03-03-2013-security-for-indu">SR 1.4</reference>
          <reference href="https://www.isa.org/products/ansi-isa-62443-3-3-99-03-03-2013-security-for-indu">SR 1.5</reference>
          <reference href="https://www.isa.org/products/ansi-isa-62443-3-3-99-03-03-2013-security-for-indu">SR 1.6</reference>
          <reference href="https://www.isa.org/products/ansi-isa-62443-3-3-99-03-03-2013-security-for-indu">SR 1.7</reference>
          <reference href="https://www.isa.org/products/ansi-isa-62443-3-3-99-03-03-2013-security-for-indu">SR 1.8</reference>
          <reference href="https://www.isa.org/products/ansi-isa-62443-3-3-99-03-03-2013-security-for-indu">SR 1.9</reference>
          <reference href="https://www.isa.org/products/ansi-isa-62443-3-3-99-03-03-2013-security-for-indu">SR 2.1</reference>
          <reference href="https://www.isa.org/products/ansi-isa-62443-3-3-99-03-03-2013-security-for-indu">SR 2.2</reference>
          <reference href="https://www.isa.org/products/ansi-isa-62443-3-3-99-03-03-2013-security-for-indu">SR 2.3</reference>
          <reference href="https://www.isa.org/products/ansi-isa-62443-3-3-99-03-03-2013-security-for-indu">SR 2.4</reference>
          <reference href="https://www.isa.org/products/ansi-isa-62443-3-3-99-03-03-2013-security-for-indu">SR 2.5</reference>
          <reference href="https://www.isa.org/products/ansi-isa-62443-3-3-99-03-03-2013-security-for-indu">SR 2.6</reference>
          <reference href="https://www.isa.org/products/ansi-isa-62443-3-3-99-03-03-2013-security-for-indu">SR 2.7</reference>
          <reference href="https://www.isa.org/products/ansi-isa-62443-3-3-99-03-03-2013-security-for-indu">SR 7.6</reference>
          <reference href="https://www.iso.org/contents/data/standard/05/45/54534.html">A.12.1.2</reference>
          <reference href="https://www.iso.org/contents/data/standard/05/45/54534.html">A.12.5.1</reference>
          <reference href="https://www.iso.org/contents/data/standard/05/45/54534.html">A.12.6.2</reference>
          <reference href="https://www.iso.org/contents/data/standard/05/45/54534.html">A.14.2.2</reference>
          <reference href="https://www.iso.org/contents/data/standard/05/45/54534.html">A.14.2.3</reference>
          <reference href="https://www.iso.org/contents/data/standard/05/45/54534.html">A.14.2.4</reference>
          <reference href="https://www.iso.org/contents/data/standard/05/45/54534.html">A.9.1.2</reference>
          <reference href="http://nvlpubs.nist.gov/nistpubs/SpecialPublications/NIST.SP.800-53r4.pdf">CM-7(a)</reference>
          <reference href="http://nvlpubs.nist.gov/nistpubs/SpecialPublications/NIST.SP.800-53r4.pdf">CM-7(b)</reference>
          <reference href="http://nvlpubs.nist.gov/nistpubs/SpecialPublications/NIST.SP.800-53r4.pdf">CM-6(a)</reference>
          <reference href="https://nvlpubs.nist.gov/nistpubs/CSWP/NIST.CSWP.04162018.pdf">PR.IP-1</reference>
          <reference href="https://nvlpubs.nist.gov/nistpubs/CSWP/NIST.CSWP.04162018.pdf">PR.PT-3</reference>
          <reference href="https://www.cisecurity.org/benchmark/ubuntu_linux/">2.1.7</reference>
          <rationale xmlns:xhtml="http://www.w3.org/1999/xhtml" xml:lang="en-US">Unnecessary packages should not be installed to decrease the attack
surface of the system.  While this software is clearly essential on an LDAP
server, it is not necessary on typical desktop or workstation systems.</rationale>
          <fix xmlns:xhtml="http://www.w3.org/1999/xhtml" id="package_openldap-servers_removed" system="urn:xccdf:fix:script:puppet" complexity="low" disruption="low" strategy="disable">include remove_slapd

class remove_slapd {
  package { 'slapd':
    ensure =&gt; 'purged',
  }
}
</fix>
          <fix xmlns:xhtml="http://www.w3.org/1999/xhtml" id="package_openldap-servers_removed" system="urn:xccdf:fix:script:ansible" complexity="low" disruption="low" strategy="disable">- name: Ensure slapd is removed
  package:
    name: slapd
    state: absent
  tags:
  - NIST-800-53-CM-6(a)
  - NIST-800-53-CM-7(a)
  - NIST-800-53-CM-7(b)
  - disable_strategy
  - low_complexity
  - low_disruption
  - low_severity
  - no_reboot_needed
  - package_openldap-servers_removed
</fix>
          <fix xmlns:xhtml="http://www.w3.org/1999/xhtml" id="package_openldap-servers_removed" system="urn:xccdf:fix:script:sh" complexity="low" disruption="low" strategy="disable">
# CAUTION: This remediation script will remove slapd
#	   from the system, and may remove any packages
#	   that depend on slapd. Execute this
#	   remediation AFTER testing on a non-production
#	   system!

DEBIAN_FRONTEND=noninteractive apt-get remove -y "slapd"
</fix>
          <check system="http://oval.mitre.org/XMLSchema/oval-definitions-5">
            <check-content-ref name="oval:ssg-package_openldap-servers_removed:def:1" href="ssg-ubuntu2404-oval.xml"/>
          </check>
          <check system="http://scap.nist.gov/schema/ocil/2">
            <check-content-ref name="ocil:ssg-package_openldap-servers_removed_ocil:questionnaire:1" href="ssg-ubuntu2404-ocil.xml"/>
          </check>
        </Rule>
        <Rule id="xccdf_org.ssgproject.content_rule_service_slapd_disabled" selected="false" role="full" severity="medium">
          <title xmlns:xhtml="http://www.w3.org/1999/xhtml" xml:lang="en-US">Disable LDAP Server (slapd)</title>
          <description xmlns:xhtml="http://www.w3.org/1999/xhtml" xml:lang="en-US">The Lightweight Directory Access Protocol (LDAP) is a service that
provides a method for looking up information from a central database.</description>
          <reference href="https://www.cisecurity.org/benchmark/ubuntu_linux/">2.1.7</reference>
          <rationale xmlns:xhtml="http://www.w3.org/1999/xhtml" xml:lang="en-US">If the system will not need to act as an LDAP server, it is recommended
that the software be disabled to reduce the potential attack surface.</rationale>
          <platform idref="#system_with_kernel"/>
          <fix xmlns:xhtml="http://www.w3.org/1999/xhtml" id="service_slapd_disabled" system="urn:redhat:osbuild:blueprint">
[customizations.services]
masked = ["slapd"]
</fix>
          <fix xmlns:xhtml="http://www.w3.org/1999/xhtml" id="service_slapd_disabled" system="urn:xccdf:fix:script:puppet" complexity="low" disruption="low" strategy="enable">include disable_slapd

class disable_slapd {
  service {'slapd':
    enable =&gt; false,
    ensure =&gt; 'stopped',
  }
}
</fix>
          <fix xmlns:xhtml="http://www.w3.org/1999/xhtml" id="service_slapd_disabled" system="urn:xccdf:fix:script:ansible" complexity="low" disruption="low" strategy="disable">- name: Gather the package facts
  package_facts:
    manager: auto
  tags:
  - disable_strategy
  - low_complexity
  - low_disruption
  - medium_severity
  - no_reboot_needed
  - service_slapd_disabled

- name: Disable LDAP Server (slapd) - Collect systemd Services Present in the System
  ansible.builtin.command: systemctl -q list-unit-files --type service
  register: service_exists
  changed_when: false
  failed_when: service_exists.rc not in [0, 1]
  check_mode: false
  when: '"linux-base" in ansible_facts.packages'
  tags:
  - disable_strategy
  - low_complexity
  - low_disruption
  - medium_severity
  - no_reboot_needed
  - service_slapd_disabled

- name: Disable LDAP Server (slapd) - Ensure slapd.service is Masked
  ansible.builtin.systemd:
    name: slapd.service
    state: stopped
    enabled: false
    masked: true
  when:
  - '"linux-base" in ansible_facts.packages'
  - service_exists.stdout_lines is search("slapd.service", multiline=True)
  tags:
  - disable_strategy
  - low_complexity
  - low_disruption
  - medium_severity
  - no_reboot_needed
  - service_slapd_disabled

- name: Unit Socket Exists - slapd.socket
  ansible.builtin.command: systemctl -q list-unit-files slapd.socket
  register: socket_file_exists
  changed_when: false
  failed_when: socket_file_exists.rc not in [0, 1]
  check_mode: false
  when: '"linux-base" in ansible_facts.packages'
  tags:
  - disable_strategy
  - low_complexity
  - low_disruption
  - medium_severity
  - no_reboot_needed
  - service_slapd_disabled

- name: Disable LDAP Server (slapd) - Disable Socket slapd
  ansible.builtin.systemd:
    name: slapd.socket
    enabled: false
    state: stopped
    masked: true
  when:
  - '"linux-base" in ansible_facts.packages'
  - socket_file_exists.stdout_lines is search("slapd.socket", multiline=True)
  tags:
  - disable_strategy
  - low_complexity
  - low_disruption
  - medium_severity
  - no_reboot_needed
  - service_slapd_disabled
</fix>
          <fix xmlns:xhtml="http://www.w3.org/1999/xhtml" id="service_slapd_disabled" system="urn:xccdf:fix:script:sh" complexity="low" disruption="low" strategy="disable"># Remediation is applicable only in certain platforms
if dpkg-query --show --showformat='${db:Status-Status}
' 'linux-base' 2&gt;/dev/null | grep -q ^installed; then

SYSTEMCTL_EXEC='/usr/bin/systemctl'
if [[ $("$SYSTEMCTL_EXEC" is-system-running) != "offline" ]]; then
  "$SYSTEMCTL_EXEC" stop 'slapd.service'
fi
"$SYSTEMCTL_EXEC" disable 'slapd.service'
"$SYSTEMCTL_EXEC" mask 'slapd.service'
# Disable socket activation if we have a unit file for it
if "$SYSTEMCTL_EXEC" -q list-unit-files slapd.socket; then
    if [[ $("$SYSTEMCTL_EXEC" is-system-running) != "offline" ]]; then
      "$SYSTEMCTL_EXEC" stop 'slapd.socket'
    fi
    "$SYSTEMCTL_EXEC" mask 'slapd.socket'
fi
# The service may not be running because it has been started and failed,
# so let's reset the state so OVAL checks pass.
# Service should be 'inactive', not 'failed' after reboot though.
"$SYSTEMCTL_EXEC" reset-failed 'slapd.service' || true

else
    &gt;&amp;2 echo 'Remediation is not applicable, nothing was done'
fi
</fix>
          <fix xmlns:xhtml="http://www.w3.org/1999/xhtml" id="service_slapd_disabled" system="urn:xccdf:fix:script:kubernetes" reboot="true" complexity="low" disruption="medium" strategy="disable">apiVersion: machineconfiguration.openshift.io/v1
kind: MachineConfig
spec:
  config:
    ignition:
      version: 3.1.0
    systemd:
      units:
      - name: slapd.service
        enabled: false
        mask: true
      - name: slapd.socket
        enabled: false
        mask: true
</fix>
          <check system="http://oval.mitre.org/XMLSchema/oval-definitions-5">
            <check-content-ref name="oval:ssg-service_slapd_disabled:def:1" href="ssg-ubuntu2404-oval.xml"/>
          </check>
          <check system="http://scap.nist.gov/schema/ocil/2">
            <check-content-ref name="ocil:ssg-service_slapd_disabled_ocil:questionnaire:1" href="ssg-ubuntu2404-ocil.xml"/>
          </check>
        </Rule>
      </Group>
    </Group>
    <Group id="xccdf_org.ssgproject.content_group_mail">
      <title xmlns:xhtml="http://www.w3.org/1999/xhtml" xml:lang="en-US">Mail Server Software</title>
      <description xmlns:xhtml="http://www.w3.org/1999/xhtml" xml:lang="en-US">Mail servers are used to send and receive email over the network.
Mail is a very common service, and Mail Transfer Agents (MTAs) are obvious
targets of network attack.
Ensure that systems are not running MTAs unnecessarily,
and configure needed MTAs as defensively as possible.
<html:br xmlns:html="http://www.w3.org/1999/xhtml"/>
      <html:br xmlns:html="http://www.w3.org/1999/xhtml"/>
Very few systems at any site should be configured to directly receive email over the
network. Users should instead use mail client programs to retrieve email
from a central server that supports protocols such as IMAP or POP3.
However, it is normal for most systems to be independently capable of sending email,
for instance so that cron jobs can report output to an administrator.
Most MTAs, including Postfix, support a submission-only mode in which mail can be sent from
the local system to a central site MTA (or directly delivered to a local account),
but the system still cannot receive mail directly over a network.
<html:br xmlns:html="http://www.w3.org/1999/xhtml"/>
      <html:br xmlns:html="http://www.w3.org/1999/xhtml"/>
The <html:code xmlns:html="http://www.w3.org/1999/xhtml">alternatives</html:code> program in Ubuntu 24.04 permits selection of other mail server software
(such as Sendmail), but Postfix is the default and is preferred.
Postfix was coded with security in mind and can also be more effectively contained by
SELinux as its modular design has resulted in separate processes performing specific actions.
More information is available on its website, 
    <html:a xmlns:html="http://www.w3.org/1999/xhtml" href="http://www.postfix.org">http://www.postfix.org</html:a>.</description>
      <platform idref="#system_with_kernel"/>
      <Rule id="xccdf_org.ssgproject.content_rule_has_nonlocal_mta" selected="false" role="full" severity="medium">
        <title xmlns:xhtml="http://www.w3.org/1999/xhtml" xml:lang="en-US">Ensure Mail Transfer Agent is not Listening on any non-loopback Address</title>
        <description xmlns:xhtml="http://www.w3.org/1999/xhtml" xml:lang="en-US">Mail Transfer Agents (MTA), such as sendmail and Postfix, are used to
listen for incoming mail and transfer the messages to the appropriate
user or mail server. If the system is not intended to be a mail server,
it is recommended that the MTA be configured to only process local mail.</description>
        <reference href="https://www.cisecurity.org/benchmark/ubuntu_linux/">2.1.21</reference>
        <rationale xmlns:xhtml="http://www.w3.org/1999/xhtml" xml:lang="en-US">The software for all Mail Transfer Agents is complex and most have a
long history of security issues. While it is important to ensure that
the system can process local mail messages, it is not necessary to have
the MTA's daemon listening on a port unless the server is intended to
be a mail server that receives and processes mail from other systems.</rationale>
        <check system="http://oval.mitre.org/XMLSchema/oval-definitions-5">
          <check-content-ref name="oval:ssg-has_nonlocal_mta:def:1" href="ssg-ubuntu2404-oval.xml"/>
        </check>
        <check system="http://scap.nist.gov/schema/ocil/2">
          <check-content-ref name="ocil:ssg-has_nonlocal_mta_ocil:questionnaire:1" href="ssg-ubuntu2404-ocil.xml"/>
        </check>
      </Rule>
      <Group id="xccdf_org.ssgproject.content_group_postfix_client">
        <title xmlns:xhtml="http://www.w3.org/1999/xhtml" xml:lang="en-US">Configure SMTP For Mail Clients</title>
        <description xmlns:xhtml="http://www.w3.org/1999/xhtml" xml:lang="en-US">This section discusses settings for Postfix in a submission-only
e-mail configuration.</description>
        <Value id="xccdf_org.ssgproject.content_value_var_postfix_inet_interfaces" type="string">
          <title xmlns:xhtml="http://www.w3.org/1999/xhtml" xml:lang="en-US">Postfix Network Interfaces</title>
          <description xmlns:xhtml="http://www.w3.org/1999/xhtml" xml:lang="en-US">The setting for inet_interfaces in /etc/postfix/main.cf</description>
          <value selector="loopback-only">loopback-only</value>
          <value>loopback-only</value>
          <value selector="localhost">localhost</value>
        </Value>
        <Rule id="xccdf_org.ssgproject.content_rule_postfix_network_listening_disabled" selected="false" role="full" severity="medium">
          <title xmlns:xhtml="http://www.w3.org/1999/xhtml" xml:lang="en-US">Disable Postfix Network Listening</title>
          <description xmlns:xhtml="http://www.w3.org/1999/xhtml" xml:lang="en-US">Edit the file <html:code xmlns:html="http://www.w3.org/1999/xhtml">/etc/postfix/main.cf</html:code> to ensure that only the following
<html:code xmlns:html="http://www.w3.org/1999/xhtml">inet_interfaces</html:code> line appears:
<html:pre xmlns:html="http://www.w3.org/1999/xhtml" xmlns:xccdf-1.2="http://checklists.nist.gov/xccdf/1.2">inet_interfaces = <xccdf-1.2:sub idref="xccdf_org.ssgproject.content_value_var_postfix_inet_interfaces" use="legacy"/>
        </html:pre>
       </description>
          <reference href="https://www.cisecurity.org/controls/">11</reference>
          <reference href="https://www.cisecurity.org/controls/">14</reference>
          <reference href="https://www.cisecurity.org/controls/">3</reference>
          <reference href="https://www.cisecurity.org/controls/">9</reference>
          <reference href="https://www.isaca.org/resources/cobit">BAI10.01</reference>
          <reference href="https://www.isaca.org/resources/cobit">BAI10.02</reference>
          <reference href="https://www.isaca.org/resources/cobit">BAI10.03</reference>
          <reference href="https://www.isaca.org/resources/cobit">BAI10.05</reference>
          <reference href="https://www.isaca.org/resources/cobit">DSS05.02</reference>
          <reference href="https://www.isaca.org/resources/cobit">DSS05.05</reference>
          <reference href="https://www.isaca.org/resources/cobit">DSS06.06</reference>
          <reference href="https://public.cyber.mil/stigs/cci/">CCI-000382</reference>
          <reference href="https://www.isa.org/products/isa-62443-2-1-2009-security-for-industrial-automat">4.3.3.5.1</reference>
          <reference href="https://www.isa.org/products/isa-62443-2-1-2009-security-for-industrial-automat">4.3.3.5.2</reference>
          <reference href="https://www.isa.org/products/isa-62443-2-1-2009-security-for-industrial-automat">4.3.3.5.3</reference>
          <reference href="https://www.isa.org/products/isa-62443-2-1-2009-security-for-industrial-automat">4.3.3.5.4</reference>
          <reference href="https://www.isa.org/products/isa-62443-2-1-2009-security-for-industrial-automat">4.3.3.5.5</reference>
          <reference href="https://www.isa.org/products/isa-62443-2-1-2009-security-for-industrial-automat">4.3.3.5.6</reference>
          <reference href="https://www.isa.org/products/isa-62443-2-1-2009-security-for-industrial-automat">4.3.3.5.7</reference>
          <reference href="https://www.isa.org/products/isa-62443-2-1-2009-security-for-industrial-automat">4.3.3.5.8</reference>
          <reference href="https://www.isa.org/products/isa-62443-2-1-2009-security-for-industrial-automat">4.3.3.6.1</reference>
          <reference href="https://www.isa.org/products/isa-62443-2-1-2009-security-for-industrial-automat">4.3.3.6.2</reference>
          <reference href="https://www.isa.org/products/isa-62443-2-1-2009-security-for-industrial-automat">4.3.3.6.3</reference>
          <reference href="https://www.isa.org/products/isa-62443-2-1-2009-security-for-industrial-automat">4.3.3.6.4</reference>
          <reference href="https://www.isa.org/products/isa-62443-2-1-2009-security-for-industrial-automat">4.3.3.6.5</reference>
          <reference href="https://www.isa.org/products/isa-62443-2-1-2009-security-for-industrial-automat">4.3.3.6.6</reference>
          <reference href="https://www.isa.org/products/isa-62443-2-1-2009-security-for-industrial-automat">4.3.3.6.7</reference>
          <reference href="https://www.isa.org/products/isa-62443-2-1-2009-security-for-industrial-automat">4.3.3.6.8</reference>
          <reference href="https://www.isa.org/products/isa-62443-2-1-2009-security-for-industrial-automat">4.3.3.6.9</reference>
          <reference href="https://www.isa.org/products/isa-62443-2-1-2009-security-for-industrial-automat">4.3.3.7.1</reference>
          <reference href="https://www.isa.org/products/isa-62443-2-1-2009-security-for-industrial-automat">4.3.3.7.2</reference>
          <reference href="https://www.isa.org/products/isa-62443-2-1-2009-security-for-industrial-automat">4.3.3.7.3</reference>
          <reference href="https://www.isa.org/products/isa-62443-2-1-2009-security-for-industrial-automat">4.3.3.7.4</reference>
          <reference href="https://www.isa.org/products/isa-62443-2-1-2009-security-for-industrial-automat">4.3.4.3.2</reference>
          <reference href="https://www.isa.org/products/isa-62443-2-1-2009-security-for-industrial-automat">4.3.4.3.3</reference>
          <reference href="https://www.isa.org/products/ansi-isa-62443-3-3-99-03-03-2013-security-for-indu">SR 1.1</reference>
          <reference href="https://www.isa.org/products/ansi-isa-62443-3-3-99-03-03-2013-security-for-indu">SR 1.10</reference>
          <reference href="https://www.isa.org/products/ansi-isa-62443-3-3-99-03-03-2013-security-for-indu">SR 1.11</reference>
          <reference href="https://www.isa.org/products/ansi-isa-62443-3-3-99-03-03-2013-security-for-indu">SR 1.12</reference>
          <reference href="https://www.isa.org/products/ansi-isa-62443-3-3-99-03-03-2013-security-for-indu">SR 1.13</reference>
          <reference href="https://www.isa.org/products/ansi-isa-62443-3-3-99-03-03-2013-security-for-indu">SR 1.2</reference>
          <reference href="https://www.isa.org/products/ansi-isa-62443-3-3-99-03-03-2013-security-for-indu">SR 1.3</reference>
          <reference href="https://www.isa.org/products/ansi-isa-62443-3-3-99-03-03-2013-security-for-indu">SR 1.4</reference>
          <reference href="https://www.isa.org/products/ansi-isa-62443-3-3-99-03-03-2013-security-for-indu">SR 1.5</reference>
          <reference href="https://www.isa.org/products/ansi-isa-62443-3-3-99-03-03-2013-security-for-indu">SR 1.6</reference>
          <reference href="https://www.isa.org/products/ansi-isa-62443-3-3-99-03-03-2013-security-for-indu">SR 1.7</reference>
          <reference href="https://www.isa.org/products/ansi-isa-62443-3-3-99-03-03-2013-security-for-indu">SR 1.8</reference>
          <reference href="https://www.isa.org/products/ansi-isa-62443-3-3-99-03-03-2013-security-for-indu">SR 1.9</reference>
          <reference href="https://www.isa.org/products/ansi-isa-62443-3-3-99-03-03-2013-security-for-indu">SR 2.1</reference>
          <reference href="https://www.isa.org/products/ansi-isa-62443-3-3-99-03-03-2013-security-for-indu">SR 2.2</reference>
          <reference href="https://www.isa.org/products/ansi-isa-62443-3-3-99-03-03-2013-security-for-indu">SR 2.3</reference>
          <reference href="https://www.isa.org/products/ansi-isa-62443-3-3-99-03-03-2013-security-for-indu">SR 2.4</reference>
          <reference href="https://www.isa.org/products/ansi-isa-62443-3-3-99-03-03-2013-security-for-indu">SR 2.5</reference>
          <reference href="https://www.isa.org/products/ansi-isa-62443-3-3-99-03-03-2013-security-for-indu">SR 2.6</reference>
          <reference href="https://www.isa.org/products/ansi-isa-62443-3-3-99-03-03-2013-security-for-indu">SR 2.7</reference>
          <reference href="https://www.isa.org/products/ansi-isa-62443-3-3-99-03-03-2013-security-for-indu">SR 7.6</reference>
          <reference href="https://www.iso.org/contents/data/standard/05/45/54534.html">A.12.1.2</reference>
          <reference href="https://www.iso.org/contents/data/standard/05/45/54534.html">A.12.5.1</reference>
          <reference href="https://www.iso.org/contents/data/standard/05/45/54534.html">A.12.6.2</reference>
          <reference href="https://www.iso.org/contents/data/standard/05/45/54534.html">A.14.2.2</reference>
          <reference href="https://www.iso.org/contents/data/standard/05/45/54534.html">A.14.2.3</reference>
          <reference href="https://www.iso.org/contents/data/standard/05/45/54534.html">A.14.2.4</reference>
          <reference href="https://www.iso.org/contents/data/standard/05/45/54534.html">A.9.1.2</reference>
          <reference href="http://nvlpubs.nist.gov/nistpubs/SpecialPublications/NIST.SP.800-53r4.pdf">CM-7(a)</reference>
          <reference href="http://nvlpubs.nist.gov/nistpubs/SpecialPublications/NIST.SP.800-53r4.pdf">CM-7(b)</reference>
          <reference href="http://nvlpubs.nist.gov/nistpubs/SpecialPublications/NIST.SP.800-53r4.pdf">CM-6(a)</reference>
          <reference href="https://nvlpubs.nist.gov/nistpubs/CSWP/NIST.CSWP.04162018.pdf">PR.IP-1</reference>
          <reference href="https://nvlpubs.nist.gov/nistpubs/CSWP/NIST.CSWP.04162018.pdf">PR.PT-3</reference>
          <reference href="https://cyber.gouv.fr/sites/default/files/document/linux_configuration-en-v2.pdf">R74</reference>
          <reference href="https://www.cisecurity.org/benchmark/ubuntu_linux/">2.1.21</reference>
          <reference href="https://docs-prv.pcisecuritystandards.org/PCI%20DSS/Standard/PCI-DSS-v4_0.pdf">1.4.2</reference>
          <reference href="https://docs-prv.pcisecuritystandards.org/PCI%20DSS/Standard/PCI-DSS-v4_0.pdf">1.4</reference>
          <rationale xmlns:xhtml="http://www.w3.org/1999/xhtml" xml:lang="en-US">This ensures <html:code xmlns:html="http://www.w3.org/1999/xhtml">postfix</html:code> accepts mail messages
(such as cron job reports) from the local system only,
and not from the network, which protects it from network attack.</rationale>
          <platform idref="#package_postfix"/>
          <fix xmlns:xhtml="http://www.w3.org/1999/xhtml" id="postfix_network_listening_disabled" system="urn:xccdf:fix:script:sh"># Remediation is applicable only in certain platforms
if dpkg-query --show --showformat='${db:Status-Status}
' 'linux-base' 2&gt;/dev/null | grep -q ^installed &amp;&amp; { dpkg-query --show --showformat='${db:Status-Status}\n' 'postfix' 2&gt;/dev/null | grep -q '^installed'; }; then

var_postfix_inet_interfaces='<xccdf-1.2:sub xmlns:xccdf-1.2="http://checklists.nist.gov/xccdf/1.2" idref="xccdf_org.ssgproject.content_value_var_postfix_inet_interfaces" use="legacy"/>'


if [ -e "/etc/postfix/main.cf" ] ; then
    
    LC_ALL=C sed -i "/^\s*inet_interfaces\s\+=\s\+/Id" "/etc/postfix/main.cf"
else
    touch "/etc/postfix/main.cf"
fi
# make sure file has newline at the end
sed -i -e '$a\' "/etc/postfix/main.cf"

cp "/etc/postfix/main.cf" "/etc/postfix/main.cf.bak"
# Insert at the end of the file
printf '%s\n' "inet_interfaces=$var_postfix_inet_interfaces" &gt;&gt; "/etc/postfix/main.cf"
# Clean up after ourselves.
rm "/etc/postfix/main.cf.bak"

systemctl restart postfix

else
    &gt;&amp;2 echo 'Remediation is not applicable, nothing was done'
fi
</fix>
          <check system="http://oval.mitre.org/XMLSchema/oval-definitions-5">
            <check-export export-name="oval:ssg-var_postfix_inet_interfaces:var:1" value-id="xccdf_org.ssgproject.content_value_var_postfix_inet_interfaces"/>
            <check-content-ref name="oval:ssg-postfix_network_listening_disabled:def:1" href="ssg-ubuntu2404-oval.xml"/>
          </check>
          <check system="http://scap.nist.gov/schema/ocil/2">
            <check-content-ref name="ocil:ssg-postfix_network_listening_disabled_ocil:questionnaire:1" href="ssg-ubuntu2404-ocil.xml"/>
          </check>
        </Rule>
      </Group>
    </Group>
    <Group id="xccdf_org.ssgproject.content_group_nfs_and_rpc">
      <title xmlns:xhtml="http://www.w3.org/1999/xhtml" xml:lang="en-US">NFS and RPC</title>
      <description xmlns:xhtml="http://www.w3.org/1999/xhtml" xml:lang="en-US">The Network File System is a popular distributed filesystem for
the Unix environment, and is very widely deployed.  This section discusses the
circumstances under which it is possible to disable NFS and its dependencies,
and then details steps which should be taken to secure
NFS's configuration. This section is relevant to systems operating as NFS
clients, as well as to those operating as NFS servers.</description>
      <Rule id="xccdf_org.ssgproject.content_rule_package_nfs-kernel-server_removed" selected="false" role="full" severity="low">
        <title xmlns:xhtml="http://www.w3.org/1999/xhtml" xml:lang="en-US">Uninstall nfs-kernel-server Package</title>
        <description xmlns:xhtml="http://www.w3.org/1999/xhtml" xml:lang="en-US">The <html:code xmlns:html="http://www.w3.org/1999/xhtml">nfs-kernel-server</html:code> package can be removed with the following command:
<html:pre xmlns:html="http://www.w3.org/1999/xhtml">
$ apt-get remove nfs-kernel-server</html:pre>
      </description>
        <reference href="https://www.cisecurity.org/benchmark/ubuntu_linux/">2.1.9</reference>
        <rationale xmlns:xhtml="http://www.w3.org/1999/xhtml" xml:lang="en-US">If the system does not export NFS shares or act as an NFS client, it is
recommended that these services be removed to reduce the remote attack
surface.</rationale>
        <fix xmlns:xhtml="http://www.w3.org/1999/xhtml" id="package_nfs-kernel-server_removed" system="urn:xccdf:fix:script:puppet" complexity="low" disruption="low" strategy="disable">include remove_nfs-kernel-server

class remove_nfs-kernel-server {
  package { 'nfs-kernel-server':
    ensure =&gt; 'purged',
  }
}
</fix>
        <fix xmlns:xhtml="http://www.w3.org/1999/xhtml" id="package_nfs-kernel-server_removed" system="urn:xccdf:fix:script:ansible" complexity="low" disruption="low" strategy="disable">- name: Ensure nfs-kernel-server is removed
  package:
    name: nfs-kernel-server
    state: absent
  tags:
  - disable_strategy
  - low_complexity
  - low_disruption
  - low_severity
  - no_reboot_needed
  - package_nfs-kernel-server_removed
</fix>
        <fix xmlns:xhtml="http://www.w3.org/1999/xhtml" id="package_nfs-kernel-server_removed" system="urn:xccdf:fix:script:sh" complexity="low" disruption="low" strategy="disable">
# CAUTION: This remediation script will remove nfs-kernel-server
#	   from the system, and may remove any packages
#	   that depend on nfs-kernel-server. Execute this
#	   remediation AFTER testing on a non-production
#	   system!

DEBIAN_FRONTEND=noninteractive apt-get remove -y "nfs-kernel-server"
</fix>
        <check system="http://oval.mitre.org/XMLSchema/oval-definitions-5">
          <check-content-ref name="oval:ssg-package_nfs-kernel-server_removed:def:1" href="ssg-ubuntu2404-oval.xml"/>
        </check>
        <check system="http://scap.nist.gov/schema/ocil/2">
          <check-content-ref name="ocil:ssg-package_nfs-kernel-server_removed_ocil:questionnaire:1" href="ssg-ubuntu2404-ocil.xml"/>
        </check>
      </Rule>
      <Group id="xccdf_org.ssgproject.content_group_disabling_nfs">
        <title xmlns:xhtml="http://www.w3.org/1999/xhtml" xml:lang="en-US">Disable All NFS Services if Possible</title>
        <description xmlns:xhtml="http://www.w3.org/1999/xhtml" xml:lang="en-US">If there is not a reason for the system to operate as either an
NFS client or an NFS server, follow all instructions in this section to disable
subsystems required by NFS.</description>
        <warning xmlns:xhtml="http://www.w3.org/1999/xhtml" xml:lang="en-US" category="general">The steps in this section will prevent a system
from operating as either an NFS client or an NFS server. Only perform these
steps on systems which do not need NFS at all.</warning>
        <platform idref="#system_with_kernel"/>
        <Group id="xccdf_org.ssgproject.content_group_disabling_nfs_services">
          <title xmlns:xhtml="http://www.w3.org/1999/xhtml" xml:lang="en-US">Disable Services Used Only by NFS</title>
          <description xmlns:xhtml="http://www.w3.org/1999/xhtml" xml:lang="en-US">If NFS is not needed, disable the NFS client daemons nfslock, rpcgssd, and rpcidmapd.
<html:br xmlns:html="http://www.w3.org/1999/xhtml"/>
        <html:br xmlns:html="http://www.w3.org/1999/xhtml"/>
All of these daemons run with elevated privileges, and many listen for network
connections. If they are not needed, they should be disabled to improve system
security posture.</description>
          <Rule id="xccdf_org.ssgproject.content_rule_package_rpcbind_removed" selected="false" role="full" severity="low">
            <title xmlns:xhtml="http://www.w3.org/1999/xhtml" xml:lang="en-US">Uninstall rpcbind Package</title>
            <description xmlns:xhtml="http://www.w3.org/1999/xhtml" xml:lang="en-US">The rpcbind utility maps RPC services to the ports on which they listen.
RPC processes notify rpcbind when they start, registering the ports they
are listening on and the RPC program numbers they expect to serve. The
rpcbind service redirects the client to the proper port number so it can
communicate with the requested service. If the system does not require RPC
(such as for NFS servers) then this service should be disabled.
The <html:code xmlns:html="http://www.w3.org/1999/xhtml">rpcbind</html:code> package can be removed with the following command:
<html:pre xmlns:html="http://www.w3.org/1999/xhtml">
$ apt-get remove rpcbind</html:pre>
        </description>
            <reference href="https://www.cisecurity.org/benchmark/ubuntu_linux/">2.1.12</reference>
            <rationale xmlns:xhtml="http://www.w3.org/1999/xhtml" xml:lang="en-US">If the system does not require rpc based services, it is recommended that
rpcbind be disabled to reduce the attack surface.</rationale>
            <fix xmlns:xhtml="http://www.w3.org/1999/xhtml" id="package_rpcbind_removed" system="urn:xccdf:fix:script:puppet" complexity="low" disruption="low" strategy="disable">include remove_rpcbind

class remove_rpcbind {
  package { 'rpcbind':
    ensure =&gt; 'purged',
  }
}
</fix>
            <fix xmlns:xhtml="http://www.w3.org/1999/xhtml" id="package_rpcbind_removed" system="urn:xccdf:fix:script:ansible" complexity="low" disruption="low" strategy="disable">- name: Gather the package facts
  package_facts:
    manager: auto
  tags:
  - disable_strategy
  - low_complexity
  - low_disruption
  - low_severity
  - no_reboot_needed
  - package_rpcbind_removed

- name: Ensure rpcbind is removed
  package:
    name: rpcbind
    state: absent
  when: '"linux-base" in ansible_facts.packages'
  tags:
  - disable_strategy
  - low_complexity
  - low_disruption
  - low_severity
  - no_reboot_needed
  - package_rpcbind_removed
</fix>
            <fix xmlns:xhtml="http://www.w3.org/1999/xhtml" id="package_rpcbind_removed" system="urn:xccdf:fix:script:sh" complexity="low" disruption="low" strategy="disable"># Remediation is applicable only in certain platforms
if dpkg-query --show --showformat='${db:Status-Status}
' 'linux-base' 2&gt;/dev/null | grep -q ^installed; then

# CAUTION: This remediation script will remove rpcbind
#	   from the system, and may remove any packages
#	   that depend on rpcbind. Execute this
#	   remediation AFTER testing on a non-production
#	   system!

DEBIAN_FRONTEND=noninteractive apt-get remove -y "rpcbind"

else
    &gt;&amp;2 echo 'Remediation is not applicable, nothing was done'
fi
</fix>
            <check system="http://oval.mitre.org/XMLSchema/oval-definitions-5">
              <check-content-ref name="oval:ssg-package_rpcbind_removed:def:1" href="ssg-ubuntu2404-oval.xml"/>
            </check>
            <check system="http://scap.nist.gov/schema/ocil/2">
              <check-content-ref name="ocil:ssg-package_rpcbind_removed_ocil:questionnaire:1" href="ssg-ubuntu2404-ocil.xml"/>
            </check>
          </Rule>
          <Rule id="xccdf_org.ssgproject.content_rule_service_rpcbind_disabled" selected="false" role="full" severity="low">
            <title xmlns:xhtml="http://www.w3.org/1999/xhtml" xml:lang="en-US">Disable rpcbind Service</title>
            <description xmlns:xhtml="http://www.w3.org/1999/xhtml" xml:lang="en-US">The rpcbind utility maps RPC services to the ports on which they listen.
RPC processes notify rpcbind when they start, registering the ports they
are listening on and the RPC program numbers they expect to serve. The
rpcbind service redirects the client to the proper port number so it can
communicate with the requested service. If the system does not require RPC
(such as for NFS servers) then this service should be disabled.

The <html:code xmlns:html="http://www.w3.org/1999/xhtml">rpcbind</html:code> service can be disabled with the following command:
<html:pre xmlns:html="http://www.w3.org/1999/xhtml">$ sudo systemctl mask --now rpcbind.service</html:pre>
        </description>
            <reference href="https://www.cisecurity.org/benchmark/ubuntu_linux/">2.1.12</reference>
            <reference href="https://docs-prv.pcisecuritystandards.org/PCI%20DSS/Standard/PCI-DSS-v4_0.pdf">2.2.4</reference>
            <reference href="https://docs-prv.pcisecuritystandards.org/PCI%20DSS/Standard/PCI-DSS-v4_0.pdf">2.2</reference>
            <rationale xmlns:xhtml="http://www.w3.org/1999/xhtml" xml:lang="en-US">If the system does not require rpc based services, it is recommended that
rpcbind be disabled to reduce the attack surface.</rationale>
            <fix xmlns:xhtml="http://www.w3.org/1999/xhtml" id="service_rpcbind_disabled" system="urn:redhat:osbuild:blueprint">
[customizations.services]
masked = ["rpcbind"]
</fix>
            <fix xmlns:xhtml="http://www.w3.org/1999/xhtml" id="service_rpcbind_disabled" system="urn:xccdf:fix:script:puppet" complexity="low" disruption="low" strategy="enable">include disable_rpcbind

class disable_rpcbind {
  service {'rpcbind':
    enable =&gt; false,
    ensure =&gt; 'stopped',
  }
}
</fix>
            <fix xmlns:xhtml="http://www.w3.org/1999/xhtml" id="service_rpcbind_disabled" system="urn:xccdf:fix:script:ansible" complexity="low" disruption="low" strategy="disable">- name: Gather the package facts
  package_facts:
    manager: auto
  tags:
  - PCI-DSSv4-2.2
  - PCI-DSSv4-2.2.4
  - disable_strategy
  - low_complexity
  - low_disruption
  - low_severity
  - no_reboot_needed
  - service_rpcbind_disabled

- name: Disable rpcbind Service - Collect systemd Services Present in the System
  ansible.builtin.command: systemctl -q list-unit-files --type service
  register: service_exists
  changed_when: false
  failed_when: service_exists.rc not in [0, 1]
  check_mode: false
  when: '"linux-base" in ansible_facts.packages'
  tags:
  - PCI-DSSv4-2.2
  - PCI-DSSv4-2.2.4
  - disable_strategy
  - low_complexity
  - low_disruption
  - low_severity
  - no_reboot_needed
  - service_rpcbind_disabled

- name: Disable rpcbind Service - Ensure rpcbind.service is Masked
  ansible.builtin.systemd:
    name: rpcbind.service
    state: stopped
    enabled: false
    masked: true
  when:
  - '"linux-base" in ansible_facts.packages'
  - service_exists.stdout_lines is search("rpcbind.service", multiline=True)
  tags:
  - PCI-DSSv4-2.2
  - PCI-DSSv4-2.2.4
  - disable_strategy
  - low_complexity
  - low_disruption
  - low_severity
  - no_reboot_needed
  - service_rpcbind_disabled

- name: Unit Socket Exists - rpcbind.socket
  ansible.builtin.command: systemctl -q list-unit-files rpcbind.socket
  register: socket_file_exists
  changed_when: false
  failed_when: socket_file_exists.rc not in [0, 1]
  check_mode: false
  when: '"linux-base" in ansible_facts.packages'
  tags:
  - PCI-DSSv4-2.2
  - PCI-DSSv4-2.2.4
  - disable_strategy
  - low_complexity
  - low_disruption
  - low_severity
  - no_reboot_needed
  - service_rpcbind_disabled

- name: Disable rpcbind Service - Disable Socket rpcbind
  ansible.builtin.systemd:
    name: rpcbind.socket
    enabled: false
    state: stopped
    masked: true
  when:
  - '"linux-base" in ansible_facts.packages'
  - socket_file_exists.stdout_lines is search("rpcbind.socket", multiline=True)
  tags:
  - PCI-DSSv4-2.2
  - PCI-DSSv4-2.2.4
  - disable_strategy
  - low_complexity
  - low_disruption
  - low_severity
  - no_reboot_needed
  - service_rpcbind_disabled
</fix>
            <fix xmlns:xhtml="http://www.w3.org/1999/xhtml" id="service_rpcbind_disabled" system="urn:xccdf:fix:script:sh" complexity="low" disruption="low" strategy="disable"># Remediation is applicable only in certain platforms
if dpkg-query --show --showformat='${db:Status-Status}
' 'linux-base' 2&gt;/dev/null | grep -q ^installed; then

SYSTEMCTL_EXEC='/usr/bin/systemctl'
if [[ $("$SYSTEMCTL_EXEC" is-system-running) != "offline" ]]; then
  "$SYSTEMCTL_EXEC" stop 'rpcbind.service'
fi
"$SYSTEMCTL_EXEC" disable 'rpcbind.service'
"$SYSTEMCTL_EXEC" mask 'rpcbind.service'
# Disable socket activation if we have a unit file for it
if "$SYSTEMCTL_EXEC" -q list-unit-files rpcbind.socket; then
    if [[ $("$SYSTEMCTL_EXEC" is-system-running) != "offline" ]]; then
      "$SYSTEMCTL_EXEC" stop 'rpcbind.socket'
    fi
    "$SYSTEMCTL_EXEC" mask 'rpcbind.socket'
fi
# The service may not be running because it has been started and failed,
# so let's reset the state so OVAL checks pass.
# Service should be 'inactive', not 'failed' after reboot though.
"$SYSTEMCTL_EXEC" reset-failed 'rpcbind.service' || true

else
    &gt;&amp;2 echo 'Remediation is not applicable, nothing was done'
fi
</fix>
            <fix xmlns:xhtml="http://www.w3.org/1999/xhtml" id="service_rpcbind_disabled" system="urn:xccdf:fix:script:kubernetes" reboot="true" complexity="low" disruption="medium" strategy="disable">apiVersion: machineconfiguration.openshift.io/v1
kind: MachineConfig
spec:
  config:
    ignition:
      version: 3.1.0
    systemd:
      units:
      - name: rpcbind.service
        enabled: false
        mask: true
      - name: rpcbind.socket
        enabled: false
        mask: true
</fix>
            <check system="http://oval.mitre.org/XMLSchema/oval-definitions-5">
              <check-content-ref name="oval:ssg-service_rpcbind_disabled:def:1" href="ssg-ubuntu2404-oval.xml"/>
            </check>
          </Rule>
        </Group>
      </Group>
      <Group id="xccdf_org.ssgproject.content_group_nfs_configuring_clients">
        <title xmlns:xhtml="http://www.w3.org/1999/xhtml" xml:lang="en-US">Configure NFS Clients</title>
        <description xmlns:xhtml="http://www.w3.org/1999/xhtml" xml:lang="en-US">The steps in this section are appropriate for systems which operate as NFS clients.</description>
        <Group id="xccdf_org.ssgproject.content_group_disabling_nfsd">
          <title xmlns:xhtml="http://www.w3.org/1999/xhtml" xml:lang="en-US">Disable NFS Server Daemons</title>
          <description xmlns:xhtml="http://www.w3.org/1999/xhtml" xml:lang="en-US">There is no need to run the NFS server daemons <html:code xmlns:html="http://www.w3.org/1999/xhtml">nfs</html:code> and
<html:code xmlns:html="http://www.w3.org/1999/xhtml">rpcsvcgssd</html:code> except on a small number of properly secured systems
designated as NFS servers. Ensure that these daemons are turned off on
clients.</description>
          <Rule id="xccdf_org.ssgproject.content_rule_service_nfs_disabled" selected="false" role="full" severity="unknown">
            <title xmlns:xhtml="http://www.w3.org/1999/xhtml" xml:lang="en-US">Disable Network File System (nfs)</title>
            <description xmlns:xhtml="http://www.w3.org/1999/xhtml" xml:lang="en-US">The Network File System (NFS) service allows remote hosts to mount
and interact with shared filesystems on the local system. If the local system
is not designated as a NFS server then this service should be disabled.

The <html:code xmlns:html="http://www.w3.org/1999/xhtml">nfs-server</html:code> service can be disabled with the following command:
<html:pre xmlns:html="http://www.w3.org/1999/xhtml">$ sudo systemctl mask --now nfs-server.service</html:pre>
        </description>
            <reference href="https://www.cisecurity.org/controls/">11</reference>
            <reference href="https://www.cisecurity.org/controls/">12</reference>
            <reference href="https://www.cisecurity.org/controls/">14</reference>
            <reference href="https://www.cisecurity.org/controls/">15</reference>
            <reference href="https://www.cisecurity.org/controls/">16</reference>
            <reference href="https://www.cisecurity.org/controls/">18</reference>
            <reference href="https://www.cisecurity.org/controls/">3</reference>
            <reference href="https://www.cisecurity.org/controls/">5</reference>
            <reference href="https://www.isaca.org/resources/cobit">DSS05.02</reference>
            <reference href="https://www.isaca.org/resources/cobit">DSS05.04</reference>
            <reference href="https://www.isaca.org/resources/cobit">DSS05.05</reference>
            <reference href="https://www.isaca.org/resources/cobit">DSS05.07</reference>
            <reference href="https://www.isaca.org/resources/cobit">DSS06.03</reference>
            <reference href="https://www.isaca.org/resources/cobit">DSS06.06</reference>
            <reference href="https://www.isa.org/products/isa-62443-2-1-2009-security-for-industrial-automat">4.3.3.2.2</reference>
            <reference href="https://www.isa.org/products/isa-62443-2-1-2009-security-for-industrial-automat">4.3.3.5.1</reference>
            <reference href="https://www.isa.org/products/isa-62443-2-1-2009-security-for-industrial-automat">4.3.3.5.2</reference>
            <reference href="https://www.isa.org/products/isa-62443-2-1-2009-security-for-industrial-automat">4.3.3.5.3</reference>
            <reference href="https://www.isa.org/products/isa-62443-2-1-2009-security-for-industrial-automat">4.3.3.5.4</reference>
            <reference href="https://www.isa.org/products/isa-62443-2-1-2009-security-for-industrial-automat">4.3.3.5.5</reference>
            <reference href="https://www.isa.org/products/isa-62443-2-1-2009-security-for-industrial-automat">4.3.3.5.6</reference>
            <reference href="https://www.isa.org/products/isa-62443-2-1-2009-security-for-industrial-automat">4.3.3.5.7</reference>
            <reference href="https://www.isa.org/products/isa-62443-2-1-2009-security-for-industrial-automat">4.3.3.5.8</reference>
            <reference href="https://www.isa.org/products/isa-62443-2-1-2009-security-for-industrial-automat">4.3.3.6.1</reference>
            <reference href="https://www.isa.org/products/isa-62443-2-1-2009-security-for-industrial-automat">4.3.3.6.2</reference>
            <reference href="https://www.isa.org/products/isa-62443-2-1-2009-security-for-industrial-automat">4.3.3.6.3</reference>
            <reference href="https://www.isa.org/products/isa-62443-2-1-2009-security-for-industrial-automat">4.3.3.6.4</reference>
            <reference href="https://www.isa.org/products/isa-62443-2-1-2009-security-for-industrial-automat">4.3.3.6.5</reference>
            <reference href="https://www.isa.org/products/isa-62443-2-1-2009-security-for-industrial-automat">4.3.3.6.6</reference>
            <reference href="https://www.isa.org/products/isa-62443-2-1-2009-security-for-industrial-automat">4.3.3.6.7</reference>
            <reference href="https://www.isa.org/products/isa-62443-2-1-2009-security-for-industrial-automat">4.3.3.6.8</reference>
            <reference href="https://www.isa.org/products/isa-62443-2-1-2009-security-for-industrial-automat">4.3.3.6.9</reference>
            <reference href="https://www.isa.org/products/isa-62443-2-1-2009-security-for-industrial-automat">4.3.3.7.1</reference>
            <reference href="https://www.isa.org/products/isa-62443-2-1-2009-security-for-industrial-automat">4.3.3.7.2</reference>
            <reference href="https://www.isa.org/products/isa-62443-2-1-2009-security-for-industrial-automat">4.3.3.7.3</reference>
            <reference href="https://www.isa.org/products/isa-62443-2-1-2009-security-for-industrial-automat">4.3.3.7.4</reference>
            <reference href="https://www.isa.org/products/ansi-isa-62443-3-3-99-03-03-2013-security-for-indu">SR 1.1</reference>
            <reference href="https://www.isa.org/products/ansi-isa-62443-3-3-99-03-03-2013-security-for-indu">SR 1.10</reference>
            <reference href="https://www.isa.org/products/ansi-isa-62443-3-3-99-03-03-2013-security-for-indu">SR 1.11</reference>
            <reference href="https://www.isa.org/products/ansi-isa-62443-3-3-99-03-03-2013-security-for-indu">SR 1.12</reference>
            <reference href="https://www.isa.org/products/ansi-isa-62443-3-3-99-03-03-2013-security-for-indu">SR 1.13</reference>
            <reference href="https://www.isa.org/products/ansi-isa-62443-3-3-99-03-03-2013-security-for-indu">SR 1.2</reference>
            <reference href="https://www.isa.org/products/ansi-isa-62443-3-3-99-03-03-2013-security-for-indu">SR 1.3</reference>
            <reference href="https://www.isa.org/products/ansi-isa-62443-3-3-99-03-03-2013-security-for-indu">SR 1.4</reference>
            <reference href="https://www.isa.org/products/ansi-isa-62443-3-3-99-03-03-2013-security-for-indu">SR 1.5</reference>
            <reference href="https://www.isa.org/products/ansi-isa-62443-3-3-99-03-03-2013-security-for-indu">SR 1.6</reference>
            <reference href="https://www.isa.org/products/ansi-isa-62443-3-3-99-03-03-2013-security-for-indu">SR 1.7</reference>
            <reference href="https://www.isa.org/products/ansi-isa-62443-3-3-99-03-03-2013-security-for-indu">SR 1.8</reference>
            <reference href="https://www.isa.org/products/ansi-isa-62443-3-3-99-03-03-2013-security-for-indu">SR 1.9</reference>
            <reference href="https://www.isa.org/products/ansi-isa-62443-3-3-99-03-03-2013-security-for-indu">SR 2.1</reference>
            <reference href="https://www.isa.org/products/ansi-isa-62443-3-3-99-03-03-2013-security-for-indu">SR 2.2</reference>
            <reference href="https://www.isa.org/products/ansi-isa-62443-3-3-99-03-03-2013-security-for-indu">SR 2.3</reference>
            <reference href="https://www.isa.org/products/ansi-isa-62443-3-3-99-03-03-2013-security-for-indu">SR 2.4</reference>
            <reference href="https://www.isa.org/products/ansi-isa-62443-3-3-99-03-03-2013-security-for-indu">SR 2.5</reference>
            <reference href="https://www.isa.org/products/ansi-isa-62443-3-3-99-03-03-2013-security-for-indu">SR 2.6</reference>
            <reference href="https://www.isa.org/products/ansi-isa-62443-3-3-99-03-03-2013-security-for-indu">SR 2.7</reference>
            <reference href="https://www.iso.org/contents/data/standard/05/45/54534.html">A.6.1.2</reference>
            <reference href="https://www.iso.org/contents/data/standard/05/45/54534.html">A.7.1.1</reference>
            <reference href="https://www.iso.org/contents/data/standard/05/45/54534.html">A.9.1.2</reference>
            <reference href="https://www.iso.org/contents/data/standard/05/45/54534.html">A.9.2.1</reference>
            <reference href="https://www.iso.org/contents/data/standard/05/45/54534.html">A.9.2.3</reference>
            <reference href="https://www.iso.org/contents/data/standard/05/45/54534.html">A.9.4.1</reference>
            <reference href="https://www.iso.org/contents/data/standard/05/45/54534.html">A.9.4.4</reference>
            <reference href="https://www.iso.org/contents/data/standard/05/45/54534.html">A.9.4.5</reference>
            <reference href="http://nvlpubs.nist.gov/nistpubs/SpecialPublications/NIST.SP.800-53r4.pdf">CM-7(a)</reference>
            <reference href="http://nvlpubs.nist.gov/nistpubs/SpecialPublications/NIST.SP.800-53r4.pdf">CM-7(b)</reference>
            <reference href="http://nvlpubs.nist.gov/nistpubs/SpecialPublications/NIST.SP.800-53r4.pdf">CM-6(a)</reference>
            <reference href="https://nvlpubs.nist.gov/nistpubs/CSWP/NIST.CSWP.04162018.pdf">PR.AC-4</reference>
            <reference href="https://nvlpubs.nist.gov/nistpubs/CSWP/NIST.CSWP.04162018.pdf">PR.AC-6</reference>
            <reference href="https://nvlpubs.nist.gov/nistpubs/CSWP/NIST.CSWP.04162018.pdf">PR.PT-3</reference>
            <reference href="https://www.cisecurity.org/benchmark/ubuntu_linux/">2.1.9</reference>
            <rationale xmlns:xhtml="http://www.w3.org/1999/xhtml" xml:lang="en-US">Unnecessary services should be disabled to decrease the attack surface of the system.</rationale>
            <platform idref="#system_with_kernel"/>
            <fix xmlns:xhtml="http://www.w3.org/1999/xhtml" id="service_nfs_disabled" system="urn:redhat:osbuild:blueprint">
[customizations.services]
masked = ["nfs-server"]
</fix>
            <fix xmlns:xhtml="http://www.w3.org/1999/xhtml" id="service_nfs_disabled" system="urn:xccdf:fix:script:puppet" complexity="low" disruption="low" strategy="enable">include disable_nfs-server

class disable_nfs-server {
  service {'nfs-server':
    enable =&gt; false,
    ensure =&gt; 'stopped',
  }
}
</fix>
            <fix xmlns:xhtml="http://www.w3.org/1999/xhtml" id="service_nfs_disabled" system="urn:xccdf:fix:script:ansible" complexity="low" disruption="low" strategy="disable">- name: Gather the package facts
  package_facts:
    manager: auto
  tags:
  - NIST-800-53-CM-6(a)
  - NIST-800-53-CM-7(a)
  - NIST-800-53-CM-7(b)
  - disable_strategy
  - low_complexity
  - low_disruption
  - no_reboot_needed
  - service_nfs_disabled
  - unknown_severity

- name: Disable Network File System (nfs) - Collect systemd Services Present in the
    System
  ansible.builtin.command: systemctl -q list-unit-files --type service
  register: service_exists
  changed_when: false
  failed_when: service_exists.rc not in [0, 1]
  check_mode: false
  when: '"linux-base" in ansible_facts.packages'
  tags:
  - NIST-800-53-CM-6(a)
  - NIST-800-53-CM-7(a)
  - NIST-800-53-CM-7(b)
  - disable_strategy
  - low_complexity
  - low_disruption
  - no_reboot_needed
  - service_nfs_disabled
  - unknown_severity

- name: Disable Network File System (nfs) - Ensure nfs-server.service is Masked
  ansible.builtin.systemd:
    name: nfs-server.service
    state: stopped
    enabled: false
    masked: true
  when:
  - '"linux-base" in ansible_facts.packages'
  - service_exists.stdout_lines is search("nfs-server.service", multiline=True)
  tags:
  - NIST-800-53-CM-6(a)
  - NIST-800-53-CM-7(a)
  - NIST-800-53-CM-7(b)
  - disable_strategy
  - low_complexity
  - low_disruption
  - no_reboot_needed
  - service_nfs_disabled
  - unknown_severity

- name: Unit Socket Exists - nfs-server.socket
  ansible.builtin.command: systemctl -q list-unit-files nfs-server.socket
  register: socket_file_exists
  changed_when: false
  failed_when: socket_file_exists.rc not in [0, 1]
  check_mode: false
  when: '"linux-base" in ansible_facts.packages'
  tags:
  - NIST-800-53-CM-6(a)
  - NIST-800-53-CM-7(a)
  - NIST-800-53-CM-7(b)
  - disable_strategy
  - low_complexity
  - low_disruption
  - no_reboot_needed
  - service_nfs_disabled
  - unknown_severity

- name: Disable Network File System (nfs) - Disable Socket nfs-server
  ansible.builtin.systemd:
    name: nfs-server.socket
    enabled: false
    state: stopped
    masked: true
  when:
  - '"linux-base" in ansible_facts.packages'
  - socket_file_exists.stdout_lines is search("nfs-server.socket", multiline=True)
  tags:
  - NIST-800-53-CM-6(a)
  - NIST-800-53-CM-7(a)
  - NIST-800-53-CM-7(b)
  - disable_strategy
  - low_complexity
  - low_disruption
  - no_reboot_needed
  - service_nfs_disabled
  - unknown_severity
</fix>
            <fix xmlns:xhtml="http://www.w3.org/1999/xhtml" id="service_nfs_disabled" system="urn:xccdf:fix:script:sh" complexity="low" disruption="low" strategy="disable"># Remediation is applicable only in certain platforms
if dpkg-query --show --showformat='${db:Status-Status}
' 'linux-base' 2&gt;/dev/null | grep -q ^installed; then

SYSTEMCTL_EXEC='/usr/bin/systemctl'
if [[ $("$SYSTEMCTL_EXEC" is-system-running) != "offline" ]]; then
  "$SYSTEMCTL_EXEC" stop 'nfs-server.service'
fi
"$SYSTEMCTL_EXEC" disable 'nfs-server.service'
"$SYSTEMCTL_EXEC" mask 'nfs-server.service'
# Disable socket activation if we have a unit file for it
if "$SYSTEMCTL_EXEC" -q list-unit-files nfs-server.socket; then
    if [[ $("$SYSTEMCTL_EXEC" is-system-running) != "offline" ]]; then
      "$SYSTEMCTL_EXEC" stop 'nfs-server.socket'
    fi
    "$SYSTEMCTL_EXEC" mask 'nfs-server.socket'
fi
# The service may not be running because it has been started and failed,
# so let's reset the state so OVAL checks pass.
# Service should be 'inactive', not 'failed' after reboot though.
"$SYSTEMCTL_EXEC" reset-failed 'nfs-server.service' || true

else
    &gt;&amp;2 echo 'Remediation is not applicable, nothing was done'
fi
</fix>
            <fix xmlns:xhtml="http://www.w3.org/1999/xhtml" id="service_nfs_disabled" system="urn:xccdf:fix:script:kubernetes" reboot="true" complexity="low" disruption="medium" strategy="disable">apiVersion: machineconfiguration.openshift.io/v1
kind: MachineConfig
spec:
  config:
    ignition:
      version: 3.1.0
    systemd:
      units:
      - name: nfs-server.service
        enabled: false
        mask: true
      - name: nfs-server.socket
        enabled: false
        mask: true
</fix>
            <check system="http://oval.mitre.org/XMLSchema/oval-definitions-5">
              <check-content-ref name="oval:ssg-service_nfs_disabled:def:1" href="ssg-ubuntu2404-oval.xml"/>
            </check>
            <check system="http://scap.nist.gov/schema/ocil/2">
              <check-content-ref name="ocil:ssg-service_nfs_disabled_ocil:questionnaire:1" href="ssg-ubuntu2404-ocil.xml"/>
            </check>
          </Rule>
        </Group>
      </Group>
    </Group>
    <Group id="xccdf_org.ssgproject.content_group_ntp">
      <title xmlns:xhtml="http://www.w3.org/1999/xhtml" xml:lang="en-US">Network Time Protocol</title>
      <description xmlns:xhtml="http://www.w3.org/1999/xhtml" xml:lang="en-US">The Network Time Protocol is used to manage the system
clock over a network. Computer clocks are not very accurate, so
time will drift unpredictably on unmanaged systems. Central time
protocols can be used both to ensure that time is consistent among
a network of systems, and that their time is consistent with the
outside world.
<html:br xmlns:html="http://www.w3.org/1999/xhtml"/>
      <html:br xmlns:html="http://www.w3.org/1999/xhtml"/>
If every system on a network reliably reports the same time, then it is much
easier to correlate log messages in case of an attack. In addition, a number of
cryptographic protocols (such as Kerberos) use timestamps to prevent certain
types of attacks. If your network does not have synchronized time, these
protocols may be unreliable or even unusable.
<html:br xmlns:html="http://www.w3.org/1999/xhtml"/>
      <html:br xmlns:html="http://www.w3.org/1999/xhtml"/>
Depending on the specifics of the network, global time accuracy may be just as
important as local synchronization, or not very important at all. If your
network is connected to the Internet, using a public timeserver (or one
provided by your enterprise) provides globally accurate timestamps which may be
essential in investigating or responding to an attack which originated outside
of your network.
<html:br xmlns:html="http://www.w3.org/1999/xhtml"/>
      <html:br xmlns:html="http://www.w3.org/1999/xhtml"/>
A typical network setup involves a small number of internal systems operating
as NTP servers, and the remainder obtaining time information from those
internal servers.
<html:br xmlns:html="http://www.w3.org/1999/xhtml"/>
      <html:br xmlns:html="http://www.w3.org/1999/xhtml"/>
There is a choice between the daemons <html:code xmlns:html="http://www.w3.org/1999/xhtml">ntpd</html:code> and <html:code xmlns:html="http://www.w3.org/1999/xhtml">chronyd</html:code>, which
are available from the repositories in the <html:code xmlns:html="http://www.w3.org/1999/xhtml">ntp</html:code> and <html:code xmlns:html="http://www.w3.org/1999/xhtml">chrony</html:code>
packages respectively.
<html:br xmlns:html="http://www.w3.org/1999/xhtml"/>
      <html:br xmlns:html="http://www.w3.org/1999/xhtml"/>
The default <html:code xmlns:html="http://www.w3.org/1999/xhtml">chronyd</html:code> daemon can work well when external time references
are only intermittently accesible, can perform well even when the network is
congested for longer periods of time, can usually synchronize the clock faster
and with better time accuracy, and quickly adapts to sudden changes in the rate
of the clock, for example, due to changes in the temperature of the crystal
oscillator. <html:code xmlns:html="http://www.w3.org/1999/xhtml">Chronyd</html:code> should be considered for all systems which are
frequently suspended or otherwise intermittently disconnected and reconnected
to a network. Mobile and virtual systems for example.
<html:br xmlns:html="http://www.w3.org/1999/xhtml"/>
      <html:br xmlns:html="http://www.w3.org/1999/xhtml"/>
The <html:code xmlns:html="http://www.w3.org/1999/xhtml">ntpd</html:code> NTP daemon fully supports NTP protocol version 4 (RFC 5905),
including broadcast, multicast, manycast clients and servers, and the orphan
mode. It also supports extra authentication schemes based on public-key
cryptography (RFC 5906). The NTP daemon (<html:code xmlns:html="http://www.w3.org/1999/xhtml">ntpd</html:code>) should be considered
for systems which are normally kept permanently on. Systems which are required
to use broadcast or multicast IP, or to perform authentication of packets with
the <html:code xmlns:html="http://www.w3.org/1999/xhtml">Autokey</html:code> protocol, should consider using <html:code xmlns:html="http://www.w3.org/1999/xhtml">ntpd</html:code>.
<html:br xmlns:html="http://www.w3.org/1999/xhtml"/>
      <html:br xmlns:html="http://www.w3.org/1999/xhtml"/>
Refer to

    
    <html:a xmlns:html="http://www.w3.org/1999/xhtml" href="https://help.ubuntu.com/lts/serverguide/NTP.html">https://help.ubuntu.com/lts/serverguide/NTP.html</html:a>

for more detailed comparison of features of <html:code xmlns:html="http://www.w3.org/1999/xhtml">chronyd</html:code>
and <html:code xmlns:html="http://www.w3.org/1999/xhtml">ntpd</html:code> daemon features respectively, and for further guidance how to
choose between the two NTP daemons.
<html:br xmlns:html="http://www.w3.org/1999/xhtml"/>
      <html:br xmlns:html="http://www.w3.org/1999/xhtml"/>
The upstream manual pages at 
    <html:a xmlns:html="http://www.w3.org/1999/xhtml" href="https://chrony-project.org/documentation.html">https://chrony-project.org/documentation.html</html:a> for
<html:code xmlns:html="http://www.w3.org/1999/xhtml">chronyd</html:code> and 
    <html:a xmlns:html="http://www.w3.org/1999/xhtml" href="http://www.ntp.org">http://www.ntp.org</html:a> for <html:code xmlns:html="http://www.w3.org/1999/xhtml">ntpd</html:code> provide additional
information on the capabilities and configuration of each of the NTP daemons.</description>
      <platform idref="#system_with_kernel"/>
      <Value id="xccdf_org.ssgproject.content_value_var_multiple_time_pools" type="string" interactive="true">
        <title xmlns:xhtml="http://www.w3.org/1999/xhtml" xml:lang="en-US">Vendor Approved Time pools</title>
        <description xmlns:xhtml="http://www.w3.org/1999/xhtml" xml:lang="en-US">The list of vendor-approved pool servers</description>
        <value>0.pool.ntp.org,1.pool.ntp.org,2.pool.ntp.org,3.pool.ntp.org</value>
        <value selector="fedora">0.fedora.pool.ntp.org,1.fedora.pool.ntp.org,2.fedora.pool.ntp.org,3.fedora.pool.ntp.org</value>
        <value selector="rhel">0.rhel.pool.ntp.org,1.rhel.pool.ntp.org,2.rhel.pool.ntp.org,3.rhel.pool.ntp.org</value>
        <value selector="ol">0.pool.ntp.org,1.pool.ntp.org,2.pool.ntp.org,3.pool.ntp.org</value>
        <value selector="suse">0.suse.pool.ntp.org,1.suse.pool.ntp.org,2.suse.pool.ntp.org,3.suse.pool.ntp.org</value>
        <value selector="alinux">0.ntp.cloud.aliyuncs.com,1.ntp.aliyun.com,2.ntp1.aliyun.com,3.ntp1.cloud.aliyuncs.com</value>
        <value selector="amazon">0.rhel.pool.ntp.org,1.rhel.pool.ntp.org,2.rhel.pool.ntp.org,3.rhel.pool.ntp.org</value>
        <value selector="ubuntu">0.ubuntu.pool.ntp.org,1.ubuntu.pool.ntp.org,2.ubuntu.pool.ntp.org,3.ubuntu.pool.ntp.org</value>
      </Value>
      <Value id="xccdf_org.ssgproject.content_value_var_multiple_time_servers" type="string" interactive="true">
        <title xmlns:xhtml="http://www.w3.org/1999/xhtml" xml:lang="en-US">Vendor Approved Time Servers</title>
        <description xmlns:xhtml="http://www.w3.org/1999/xhtml" xml:lang="en-US">The list of vendor-approved time servers</description>
        <value>0.pool.ntp.org,1.pool.ntp.org,2.pool.ntp.org,3.pool.ntp.org</value>
        <value selector="generic">0.pool.ntp.org,1.pool.ntp.org,2.pool.ntp.org,3.pool.ntp.org</value>
        <value selector="stig">0.us.pool.ntp.mil</value>
        <value selector="fedora">0.fedora.pool.ntp.org,1.fedora.pool.ntp.org,2.fedora.pool.ntp.org,3.fedora.pool.ntp.org</value>
        <value selector="rhel">0.rhel.pool.ntp.org,1.rhel.pool.ntp.org,2.rhel.pool.ntp.org,3.rhel.pool.ntp.org</value>
        <value selector="ol">0.pool.ntp.org,1.pool.ntp.org,2.pool.ntp.org,3.pool.ntp.org</value>
        <value selector="suse">0.suse.pool.ntp.org,1.suse.pool.ntp.org,2.suse.pool.ntp.org,3.suse.pool.ntp.org</value>
        <value selector="alinux">0.ntp.cloud.aliyuncs.com,1.ntp.aliyun.com,2.ntp1.aliyun.com,3.ntp1.cloud.aliyuncs.com</value>
        <value selector="amazon">0.rhel.pool.ntp.org,1.rhel.pool.ntp.org,2.rhel.pool.ntp.org,3.rhel.pool.ntp.org</value>
        <value selector="ubuntu">0.ubuntu.pool.ntp.org,1.ubuntu.pool.ntp.org,2.ubuntu.pool.ntp.org,3.ubuntu.pool.ntp.org</value>
        <value selector="almalinux">0.almalinux.pool.ntp.org,1.almalinux.pool.ntp.org,2.almalinux.pool.ntp.org,3.almalinux.pool.ntp.org</value>
      </Value>
      <Value id="xccdf_org.ssgproject.content_value_var_timesync_service" type="string" interactive="true">
        <title xmlns:xhtml="http://www.w3.org/1999/xhtml" xml:lang="en-US">Time synchronization service</title>
        <description xmlns:xhtml="http://www.w3.org/1999/xhtml" xml:lang="en-US">Time synchronization service: systemd-timesyncd or chronyd</description>
        <value selector="systemd-timesyncd">systemd-timesyncd</value>
        <value selector="chronyd">chronyd</value>
        <value>systemd-timesyncd</value>
      </Value>
      <Rule id="xccdf_org.ssgproject.content_rule_package_chrony_installed" selected="false" role="full" severity="medium">
        <title xmlns:xhtml="http://www.w3.org/1999/xhtml" xml:lang="en-US">The Chrony package is installed</title>
        <description xmlns:xhtml="http://www.w3.org/1999/xhtml" xml:lang="en-US">System time should be synchronized between all systems in an environment. This is
typically done by establishing an authoritative time server or set of servers and having all
systems synchronize their clocks to them.
The <html:code xmlns:html="http://www.w3.org/1999/xhtml">chrony</html:code> package can be installed with the following command:
<html:pre xmlns:html="http://www.w3.org/1999/xhtml">
$ apt-get install chrony</html:pre>
      </description>
        <reference href="https://public.cyber.mil/stigs/cci/">CCI-004923</reference>
        <reference href="https://www.cyber.gov.au/acsc/view-all-content/ism">0988</reference>
        <reference href="https://www.cyber.gov.au/acsc/view-all-content/ism">1405</reference>
        <reference href="https://www.niap-ccevs.org/Profile/PP.cfm">FMT_SMF_EXT.1</reference>
        <reference href="https://www.pcisecuritystandards.org/documents/PCI_DSS_v3-2-1.pdf">Req-10.4</reference>
        <reference href="https://public.cyber.mil/stigs/downloads/?_dl_facet_stigs=operating-systems%2Cgeneral-purpose-os">SRG-OS-000355-GPOS-00143</reference>
        <reference href="https://cyber.gouv.fr/sites/default/files/document/linux_configuration-en-v2.pdf">R71</reference>
        <reference href="https://www.cisecurity.org/benchmark/ubuntu_linux/">2.3.1.1</reference>
        <reference href="https://docs-prv.pcisecuritystandards.org/PCI%20DSS/Standard/PCI-DSS-v4_0.pdf">10.6.1</reference>
        <reference href="https://docs-prv.pcisecuritystandards.org/PCI%20DSS/Standard/PCI-DSS-v4_0.pdf">10.6</reference>
        <rationale xmlns:xhtml="http://www.w3.org/1999/xhtml" xml:lang="en-US">Time synchronization is important to support time sensitive security mechanisms like
Kerberos and also ensures log files have consistent time records across the enterprise,
which aids in forensic investigations.</rationale>
        <fix xmlns:xhtml="http://www.w3.org/1999/xhtml" id="package_chrony_installed" system="urn:xccdf:fix:script:ansible" complexity="low" disruption="low" strategy="enable">- name: Gather the package facts
  package_facts:
    manager: auto
  tags:
  - PCI-DSS-Req-10.4
  - PCI-DSSv4-10.6
  - PCI-DSSv4-10.6.1
  - enable_strategy
  - low_complexity
  - low_disruption
  - medium_severity
  - no_reboot_needed
  - package_chrony_installed
- name: XCCDF Value var_timesync_service # promote to variable
  set_fact:
    var_timesync_service: !!str <xccdf-1.2:sub xmlns:xccdf-1.2="http://checklists.nist.gov/xccdf/1.2" idref="xccdf_org.ssgproject.content_value_var_timesync_service" use="legacy"/>
  tags:
    - always

- name: Ensure chrony is installed
  ansible.builtin.package:
    name: chrony
    state: present
  when:
  - '"linux-base" in ansible_facts.packages'
  - var_timesync_service == "chronyd"
  tags:
  - PCI-DSS-Req-10.4
  - PCI-DSSv4-10.6
  - PCI-DSSv4-10.6.1
  - enable_strategy
  - low_complexity
  - low_disruption
  - medium_severity
  - no_reboot_needed
  - package_chrony_installed
</fix>
        <fix xmlns:xhtml="http://www.w3.org/1999/xhtml" id="package_chrony_installed" system="urn:xccdf:fix:script:sh" complexity="low" disruption="low" strategy="enable"># Remediation is applicable only in certain platforms
if dpkg-query --show --showformat='${db:Status-Status}
' 'linux-base' 2&gt;/dev/null | grep -q ^installed; then

var_timesync_service='<xccdf-1.2:sub xmlns:xccdf-1.2="http://checklists.nist.gov/xccdf/1.2" idref="xccdf_org.ssgproject.content_value_var_timesync_service" use="legacy"/>'



  if [ $var_timesync_service == chronyd ]; then
    DEBIAN_FRONTEND=noninteractive apt-get install -y "chrony"
  fi

else
    &gt;&amp;2 echo 'Remediation is not applicable, nothing was done'
fi
</fix>
        <check system="http://oval.mitre.org/XMLSchema/oval-definitions-5">
          <check-export export-name="oval:ssg-var_timesync_service:var:1" value-id="xccdf_org.ssgproject.content_value_var_timesync_service"/>
          <check-content-ref name="oval:ssg-package_chrony_installed:def:1" href="ssg-ubuntu2404-oval.xml"/>
        </check>
        <check system="http://scap.nist.gov/schema/ocil/2">
          <check-content-ref name="ocil:ssg-package_chrony_installed_ocil:questionnaire:1" href="ssg-ubuntu2404-ocil.xml"/>
        </check>
      </Rule>
      <Rule id="xccdf_org.ssgproject.content_rule_package_timesyncd_installed" selected="false" role="full" severity="high">
        <title xmlns:xhtml="http://www.w3.org/1999/xhtml" xml:lang="en-US">Install the systemd_timesyncd Service</title>
        <description xmlns:xhtml="http://www.w3.org/1999/xhtml" xml:lang="en-US">The systemd_timesyncd service should be installed.</description>
        <reference href="https://www.cisecurity.org/controls/">1</reference>
        <reference href="https://www.cisecurity.org/controls/">14</reference>
        <reference href="https://www.cisecurity.org/controls/">15</reference>
        <reference href="https://www.cisecurity.org/controls/">16</reference>
        <reference href="https://www.cisecurity.org/controls/">3</reference>
        <reference href="https://www.cisecurity.org/controls/">5</reference>
        <reference href="https://www.cisecurity.org/controls/">6</reference>
        <reference href="https://www.isaca.org/resources/cobit">APO11.04</reference>
        <reference href="https://www.isaca.org/resources/cobit">BAI03.05</reference>
        <reference href="https://www.isaca.org/resources/cobit">DSS05.04</reference>
        <reference href="https://www.isaca.org/resources/cobit">DSS05.07</reference>
        <reference href="https://www.isaca.org/resources/cobit">MEA02.01</reference>
        <reference href="https://public.cyber.mil/stigs/cci/">CCI-000160</reference>
        <reference href="https://www.isa.org/products/isa-62443-2-1-2009-security-for-industrial-automat">4.3.3.3.9</reference>
        <reference href="https://www.isa.org/products/isa-62443-2-1-2009-security-for-industrial-automat">4.3.3.5.8</reference>
        <reference href="https://www.isa.org/products/isa-62443-2-1-2009-security-for-industrial-automat">4.3.4.4.7</reference>
        <reference href="https://www.isa.org/products/isa-62443-2-1-2009-security-for-industrial-automat">4.4.2.1</reference>
        <reference href="https://www.isa.org/products/isa-62443-2-1-2009-security-for-industrial-automat">4.4.2.2</reference>
        <reference href="https://www.isa.org/products/isa-62443-2-1-2009-security-for-industrial-automat">4.4.2.4</reference>
        <reference href="https://www.isa.org/products/ansi-isa-62443-3-3-99-03-03-2013-security-for-indu">SR 2.10</reference>
        <reference href="https://www.isa.org/products/ansi-isa-62443-3-3-99-03-03-2013-security-for-indu">SR 2.11</reference>
        <reference href="https://www.isa.org/products/ansi-isa-62443-3-3-99-03-03-2013-security-for-indu">SR 2.12</reference>
        <reference href="https://www.isa.org/products/ansi-isa-62443-3-3-99-03-03-2013-security-for-indu">SR 2.8</reference>
        <reference href="https://www.isa.org/products/ansi-isa-62443-3-3-99-03-03-2013-security-for-indu">SR 2.9</reference>
        <reference href="https://www.iso.org/contents/data/standard/05/45/54534.html">A.12.4.1</reference>
        <reference href="https://www.iso.org/contents/data/standard/05/45/54534.html">A.12.4.2</reference>
        <reference href="https://www.iso.org/contents/data/standard/05/45/54534.html">A.12.4.3</reference>
        <reference href="https://www.iso.org/contents/data/standard/05/45/54534.html">A.12.4.4</reference>
        <reference href="https://www.iso.org/contents/data/standard/05/45/54534.html">A.12.7.1</reference>
        <reference href="http://nvlpubs.nist.gov/nistpubs/SpecialPublications/NIST.SP.800-53r4.pdf">CM-6(a)</reference>
        <reference href="https://nvlpubs.nist.gov/nistpubs/CSWP/NIST.CSWP.04162018.pdf">PR.PT-1</reference>
        <reference href="https://www.pcisecuritystandards.org/documents/PCI_DSS_v3-2-1.pdf">Req-10.4</reference>
        <reference href="https://www.cisecurity.org/benchmark/ubuntu_linux/">2.3.1.1</reference>
        <rationale xmlns:xhtml="http://www.w3.org/1999/xhtml" xml:lang="en-US">Time synchronization (using NTP) is required by almost all network and administrative tasks (syslog, cryptographic based services (authentication, etc.), etc.). systemd_timesyncd is a part of the systemd suite and acts as a NTP client.</rationale>
        <fix xmlns:xhtml="http://www.w3.org/1999/xhtml" id="package_timesyncd_installed" system="urn:xccdf:fix:script:ansible" complexity="low" disruption="low" strategy="enable">- name: Gather the package facts
  package_facts:
    manager: auto
  tags:
  - NIST-800-53-CM-6(a)
  - PCI-DSS-Req-10.4
  - enable_strategy
  - high_severity
  - low_complexity
  - low_disruption
  - no_reboot_needed
  - package_timesyncd_installed
- name: XCCDF Value var_timesync_service # promote to variable
  set_fact:
    var_timesync_service: !!str <xccdf-1.2:sub xmlns:xccdf-1.2="http://checklists.nist.gov/xccdf/1.2" idref="xccdf_org.ssgproject.content_value_var_timesync_service" use="legacy"/>
  tags:
    - always

- name: Ensure systemd-timesyncd is installed
  ansible.builtin.package:
    name: systemd-timesyncd
    state: present
  when:
  - '"linux-base" in ansible_facts.packages'
  - var_timesync_service == "systemd-timesyncd"
  tags:
  - NIST-800-53-CM-6(a)
  - PCI-DSS-Req-10.4
  - enable_strategy
  - high_severity
  - low_complexity
  - low_disruption
  - no_reboot_needed
  - package_timesyncd_installed
</fix>
        <fix xmlns:xhtml="http://www.w3.org/1999/xhtml" id="package_timesyncd_installed" system="urn:xccdf:fix:script:sh" complexity="low" disruption="low" strategy="enable"># Remediation is applicable only in certain platforms
if dpkg-query --show --showformat='${db:Status-Status}
' 'linux-base' 2&gt;/dev/null | grep -q ^installed; then

var_timesync_service='<xccdf-1.2:sub xmlns:xccdf-1.2="http://checklists.nist.gov/xccdf/1.2" idref="xccdf_org.ssgproject.content_value_var_timesync_service" use="legacy"/>'



  if [ $var_timesync_service == systemd-timesyncd ]; then
    DEBIAN_FRONTEND=noninteractive apt-get install -y "systemd-timesyncd"
  fi

else
    &gt;&amp;2 echo 'Remediation is not applicable, nothing was done'
fi
</fix>
        <check system="http://oval.mitre.org/XMLSchema/oval-definitions-5">
          <check-export export-name="oval:ssg-var_timesync_service:var:1" value-id="xccdf_org.ssgproject.content_value_var_timesync_service"/>
          <check-content-ref name="oval:ssg-package_timesyncd_installed:def:1" href="ssg-ubuntu2404-oval.xml"/>
        </check>
      </Rule>
      <Rule id="xccdf_org.ssgproject.content_rule_service_chronyd_enabled" selected="false" role="full" severity="medium">
        <title xmlns:xhtml="http://www.w3.org/1999/xhtml" xml:lang="en-US">The Chronyd service is enabled</title>
        <description xmlns:xhtml="http://www.w3.org/1999/xhtml" xml:lang="en-US">chrony is a daemon which implements the Network Time Protocol (NTP) is designed to
synchronize system clocks across a variety of systems and use a source that is highly
accurate. More information on chrony can be found at

    <html:a xmlns:html="http://www.w3.org/1999/xhtml" href="https://chrony-project.org/">https://chrony-project.org/</html:a>.
Chrony can be configured to be a client and/or a server.
To enable Chronyd service, you can run:
<html:code xmlns:html="http://www.w3.org/1999/xhtml"># systemctl enable chronyd.service</html:code>
This recommendation only applies if chrony is in use on the system.</description>
        <reference href="https://public.cyber.mil/stigs/cci/">CCI-004923</reference>
        <reference href="https://www.cyber.gov.au/acsc/view-all-content/ism">0988</reference>
        <reference href="https://www.cyber.gov.au/acsc/view-all-content/ism">1405</reference>
        <reference href="https://public.cyber.mil/stigs/downloads/?_dl_facet_stigs=operating-systems%2Cgeneral-purpose-os">SRG-OS-000355-GPOS-00143</reference>
        <reference href="https://www.cisecurity.org/benchmark/ubuntu_linux/">2.3.1.1</reference>
        <rationale xmlns:xhtml="http://www.w3.org/1999/xhtml" xml:lang="en-US">If chrony is in use on the system proper configuration is vital to ensuring time
synchronization is working properly.</rationale>
        <platform idref="#package_chrony"/>
        <fix xmlns:xhtml="http://www.w3.org/1999/xhtml" id="service_chronyd_enabled" system="urn:xccdf:fix:script:ansible" complexity="low" disruption="low" strategy="enable">- name: Gather the package facts
  package_facts:
    manager: auto
  tags:
  - enable_strategy
  - low_complexity
  - low_disruption
  - medium_severity
  - no_reboot_needed
  - service_chronyd_enabled
- name: XCCDF Value var_timesync_service # promote to variable
  set_fact:
    var_timesync_service: !!str <xccdf-1.2:sub xmlns:xccdf-1.2="http://checklists.nist.gov/xccdf/1.2" idref="xccdf_org.ssgproject.content_value_var_timesync_service" use="legacy"/>
  tags:
    - always

- name: Enable service chrony
  block:

  - name: Gather the package facts
    package_facts:
      manager: auto

  - name: Enable service chrony
    ansible.builtin.systemd_service:
      name: chrony
      enabled: 'yes'
      state: started
      masked: 'no'
    when:
    - '"chrony" in ansible_facts.packages'
    - var_timesync_service == "chronyd"
    - var_timesync_service == "chronyd"
  when:
  - '"linux-base" in ansible_facts.packages'
  - '"chrony" in ansible_facts.packages'
  tags:
  - enable_strategy
  - low_complexity
  - low_disruption
  - medium_severity
  - no_reboot_needed
  - service_chronyd_enabled
</fix>
        <fix xmlns:xhtml="http://www.w3.org/1999/xhtml" id="service_chronyd_enabled" system="urn:xccdf:fix:script:sh" complexity="low" disruption="low" strategy="enable"># Remediation is applicable only in certain platforms
if dpkg-query --show --showformat='${db:Status-Status}
' 'linux-base' 2&gt;/dev/null | grep -q ^installed &amp;&amp; { dpkg-query --show --showformat='${db:Status-Status}\n' 'chrony' 2&gt;/dev/null | grep -q '^installed'; }; then

var_timesync_service='<xccdf-1.2:sub xmlns:xccdf-1.2="http://checklists.nist.gov/xccdf/1.2" idref="xccdf_org.ssgproject.content_value_var_timesync_service" use="legacy"/>'


SYSTEMCTL_EXEC='/usr/bin/systemctl'

if [ $var_timesync_service == chronyd ]; then
  "$SYSTEMCTL_EXEC" unmask 'chrony.service'
  "$SYSTEMCTL_EXEC" start 'chrony.service'
  "$SYSTEMCTL_EXEC" enable 'chrony.service'
fi

else
    &gt;&amp;2 echo 'Remediation is not applicable, nothing was done'
fi
</fix>
        <check system="http://oval.mitre.org/XMLSchema/oval-definitions-5">
          <check-export export-name="oval:ssg-var_timesync_service:var:1" value-id="xccdf_org.ssgproject.content_value_var_timesync_service"/>
          <check-content-ref name="oval:ssg-service_chronyd_enabled:def:1" href="ssg-ubuntu2404-oval.xml"/>
        </check>
        <check system="http://scap.nist.gov/schema/ocil/2">
          <check-content-ref name="ocil:ssg-service_chronyd_enabled_ocil:questionnaire:1" href="ssg-ubuntu2404-ocil.xml"/>
        </check>
      </Rule>
      <Rule id="xccdf_org.ssgproject.content_rule_service_timesyncd_enabled" selected="false" role="full" severity="high">
        <title xmlns:xhtml="http://www.w3.org/1999/xhtml" xml:lang="en-US">Enable systemd_timesyncd Service</title>
        <description xmlns:xhtml="http://www.w3.org/1999/xhtml" xml:lang="en-US">
The <html:code xmlns:html="http://www.w3.org/1999/xhtml">systemd_timesyncd</html:code> service can be enabled with the following command:
<html:pre xmlns:html="http://www.w3.org/1999/xhtml">$ sudo systemctl enable systemd_timesyncd.service</html:pre>
      </description>
        <reference href="https://www.cisecurity.org/controls/">1</reference>
        <reference href="https://www.cisecurity.org/controls/">14</reference>
        <reference href="https://www.cisecurity.org/controls/">15</reference>
        <reference href="https://www.cisecurity.org/controls/">16</reference>
        <reference href="https://www.cisecurity.org/controls/">3</reference>
        <reference href="https://www.cisecurity.org/controls/">5</reference>
        <reference href="https://www.cisecurity.org/controls/">6</reference>
        <reference href="https://www.isaca.org/resources/cobit">APO11.04</reference>
        <reference href="https://www.isaca.org/resources/cobit">BAI03.05</reference>
        <reference href="https://www.isaca.org/resources/cobit">DSS05.04</reference>
        <reference href="https://www.isaca.org/resources/cobit">DSS05.07</reference>
        <reference href="https://www.isaca.org/resources/cobit">MEA02.01</reference>
        <reference href="https://public.cyber.mil/stigs/cci/">CCI-000160</reference>
        <reference href="https://www.isa.org/products/isa-62443-2-1-2009-security-for-industrial-automat">4.3.3.3.9</reference>
        <reference href="https://www.isa.org/products/isa-62443-2-1-2009-security-for-industrial-automat">4.3.3.5.8</reference>
        <reference href="https://www.isa.org/products/isa-62443-2-1-2009-security-for-industrial-automat">4.3.4.4.7</reference>
        <reference href="https://www.isa.org/products/isa-62443-2-1-2009-security-for-industrial-automat">4.4.2.1</reference>
        <reference href="https://www.isa.org/products/isa-62443-2-1-2009-security-for-industrial-automat">4.4.2.2</reference>
        <reference href="https://www.isa.org/products/isa-62443-2-1-2009-security-for-industrial-automat">4.4.2.4</reference>
        <reference href="https://www.isa.org/products/ansi-isa-62443-3-3-99-03-03-2013-security-for-indu">SR 2.10</reference>
        <reference href="https://www.isa.org/products/ansi-isa-62443-3-3-99-03-03-2013-security-for-indu">SR 2.11</reference>
        <reference href="https://www.isa.org/products/ansi-isa-62443-3-3-99-03-03-2013-security-for-indu">SR 2.12</reference>
        <reference href="https://www.isa.org/products/ansi-isa-62443-3-3-99-03-03-2013-security-for-indu">SR 2.8</reference>
        <reference href="https://www.isa.org/products/ansi-isa-62443-3-3-99-03-03-2013-security-for-indu">SR 2.9</reference>
        <reference href="https://www.iso.org/contents/data/standard/05/45/54534.html">A.12.4.1</reference>
        <reference href="https://www.iso.org/contents/data/standard/05/45/54534.html">A.12.4.2</reference>
        <reference href="https://www.iso.org/contents/data/standard/05/45/54534.html">A.12.4.3</reference>
        <reference href="https://www.iso.org/contents/data/standard/05/45/54534.html">A.12.4.4</reference>
        <reference href="https://www.iso.org/contents/data/standard/05/45/54534.html">A.12.7.1</reference>
        <reference href="http://nvlpubs.nist.gov/nistpubs/SpecialPublications/NIST.SP.800-53r4.pdf">CM-6(a)</reference>
        <reference href="http://nvlpubs.nist.gov/nistpubs/SpecialPublications/NIST.SP.800-53r4.pdf">AU-8(1)(a)</reference>
        <reference href="https://nvlpubs.nist.gov/nistpubs/CSWP/NIST.CSWP.04162018.pdf">PR.PT-1</reference>
        <reference href="https://www.pcisecuritystandards.org/documents/PCI_DSS_v3-2-1.pdf">Req-10.4</reference>
        <reference href="https://www.cisecurity.org/benchmark/ubuntu_linux/">2.3.1.1</reference>
        <reference href="https://docs-prv.pcisecuritystandards.org/PCI%20DSS/Standard/PCI-DSS-v4_0.pdf">10.6.1</reference>
        <reference href="https://docs-prv.pcisecuritystandards.org/PCI%20DSS/Standard/PCI-DSS-v4_0.pdf">10.6</reference>
        <rationale xmlns:xhtml="http://www.w3.org/1999/xhtml" xml:lang="en-US">Enabling the <html:code xmlns:html="http://www.w3.org/1999/xhtml">systemd_timesyncd</html:code> service ensures that this host
uses the ntp protocol to fetch time data from a ntp server.
Synchronizing time is essential for authentication
services such as Kerberos, but it is also important for maintaining accurate
logs and auditing possible security breaches.
<html:br xmlns:html="http://www.w3.org/1999/xhtml"/>
       <html:br xmlns:html="http://www.w3.org/1999/xhtml"/>
Additional information on Ubuntu network time protocol is
available at

    <html:a xmlns:html="http://www.w3.org/1999/xhtml" href="https://help.ubuntu.com/lts/serverguide/NTP.html.en">https://help.ubuntu.com/lts/serverguide/NTP.html.en</html:a>.</rationale>
        <platform idref="#not_package_chrony_and_not_package_ntp"/>
        <fix xmlns:xhtml="http://www.w3.org/1999/xhtml" id="service_timesyncd_enabled" system="urn:xccdf:fix:script:ansible" complexity="low" disruption="low" strategy="enable">- name: Gather the package facts
  package_facts:
    manager: auto
  tags:
  - NIST-800-53-AU-8(1)(a)
  - NIST-800-53-CM-6(a)
  - PCI-DSS-Req-10.4
  - PCI-DSSv4-10.6
  - PCI-DSSv4-10.6.1
  - enable_strategy
  - high_severity
  - low_complexity
  - low_disruption
  - no_reboot_needed
  - service_timesyncd_enabled
- name: XCCDF Value var_timesync_service # promote to variable
  set_fact:
    var_timesync_service: !!str <xccdf-1.2:sub xmlns:xccdf-1.2="http://checklists.nist.gov/xccdf/1.2" idref="xccdf_org.ssgproject.content_value_var_timesync_service" use="legacy"/>
  tags:
    - always

- name: Enable service systemd-timesyncd
  block:

  - name: Gather the package facts
    package_facts:
      manager: auto

  - name: Enable service systemd-timesyncd
    ansible.builtin.systemd_service:
      name: systemd-timesyncd
      enabled: 'yes'
      state: started
      masked: 'no'
    when:
    - '"systemd-timesyncd" in ansible_facts.packages'
    - var_timesync_service == "systemd-timesyncd"
    - var_timesync_service == "systemd-timesyncd"
  when:
  - '"linux-base" in ansible_facts.packages'
  - ( not ( "chrony" in ansible_facts.packages ) and not ( "ntp" in ansible_facts.packages
    ) )
  tags:
  - NIST-800-53-AU-8(1)(a)
  - NIST-800-53-CM-6(a)
  - PCI-DSS-Req-10.4
  - PCI-DSSv4-10.6
  - PCI-DSSv4-10.6.1
  - enable_strategy
  - high_severity
  - low_complexity
  - low_disruption
  - no_reboot_needed
  - service_timesyncd_enabled
</fix>
        <fix xmlns:xhtml="http://www.w3.org/1999/xhtml" id="service_timesyncd_enabled" system="urn:xccdf:fix:script:sh" complexity="low" disruption="low" strategy="enable"># Remediation is applicable only in certain platforms
if dpkg-query --show --showformat='${db:Status-Status}
' 'linux-base' 2&gt;/dev/null | grep -q ^installed &amp;&amp; { ( ! ( dpkg-query --show --showformat='${db:Status-Status}\n' 'chrony' 2&gt;/dev/null | grep -q '^installed' ) &amp;&amp; ! ( dpkg-query --show --showformat='${db:Status-Status}\n' 'ntp' 2&gt;/dev/null | grep -q '^installed' ) ); }; then

var_timesync_service='<xccdf-1.2:sub xmlns:xccdf-1.2="http://checklists.nist.gov/xccdf/1.2" idref="xccdf_org.ssgproject.content_value_var_timesync_service" use="legacy"/>'


SYSTEMCTL_EXEC='/usr/bin/systemctl'

if [ $var_timesync_service == systemd-timesyncd ]; then
  "$SYSTEMCTL_EXEC" unmask 'systemd-timesyncd.service'
  "$SYSTEMCTL_EXEC" start 'systemd-timesyncd.service'
  "$SYSTEMCTL_EXEC" enable 'systemd-timesyncd.service'
fi

else
    &gt;&amp;2 echo 'Remediation is not applicable, nothing was done'
fi
</fix>
        <check system="http://oval.mitre.org/XMLSchema/oval-definitions-5">
          <check-export export-name="oval:ssg-var_timesync_service:var:1" value-id="xccdf_org.ssgproject.content_value_var_timesync_service"/>
          <check-content-ref name="oval:ssg-service_timesyncd_enabled:def:1" href="ssg-ubuntu2404-oval.xml"/>
        </check>
        <check system="http://scap.nist.gov/schema/ocil/2">
          <check-content-ref name="ocil:ssg-service_timesyncd_enabled_ocil:questionnaire:1" href="ssg-ubuntu2404-ocil.xml"/>
        </check>
      </Rule>
      <Rule id="xccdf_org.ssgproject.content_rule_service_chronyd_disabled" selected="false" role="full" severity="medium">
        <title xmlns:xhtml="http://www.w3.org/1999/xhtml" xml:lang="en-US">The Chronyd service is disabled</title>
        <description xmlns:xhtml="http://www.w3.org/1999/xhtml" xml:lang="en-US">
The <html:code xmlns:html="http://www.w3.org/1999/xhtml">chrony</html:code> service can be disabled with the following command:
<html:pre xmlns:html="http://www.w3.org/1999/xhtml">$ sudo systemctl mask --now chrony.service</html:pre>
      </description>
        <reference href="https://www.cisecurity.org/benchmark/ubuntu_linux/">2.3.1.1</reference>
        <rationale xmlns:xhtml="http://www.w3.org/1999/xhtml" xml:lang="en-US">Disabling the <html:code xmlns:html="http://www.w3.org/1999/xhtml">chrony</html:code> service ensures that there is
only single one time service running.</rationale>
        <platform idref="#package_chrony"/>
        <fix xmlns:xhtml="http://www.w3.org/1999/xhtml" id="service_chronyd_disabled" system="urn:xccdf:fix:script:ansible" complexity="low" disruption="low" strategy="disable">- name: Gather the package facts
  package_facts:
    manager: auto
  tags:
  - disable_strategy
  - low_complexity
  - low_disruption
  - medium_severity
  - no_reboot_needed
  - service_chronyd_disabled
- name: XCCDF Value var_timesync_service # promote to variable
  set_fact:
    var_timesync_service: !!str <xccdf-1.2:sub xmlns:xccdf-1.2="http://checklists.nist.gov/xccdf/1.2" idref="xccdf_org.ssgproject.content_value_var_timesync_service" use="legacy"/>
  tags:
    - always

- name: The Chronyd service is disabled - Collect systemd Services Present in the
    System
  ansible.builtin.command: systemctl -q list-unit-files --type service
  register: service_exists
  changed_when: false
  failed_when: service_exists.rc not in [0, 1]
  check_mode: false
  when:
  - '"linux-base" in ansible_facts.packages'
  - '"chrony" in ansible_facts.packages'
  tags:
  - disable_strategy
  - low_complexity
  - low_disruption
  - medium_severity
  - no_reboot_needed
  - service_chronyd_disabled

- name: The Chronyd service is disabled - Ensure "chrony.service" is Masked
  ansible.builtin.systemd:
    name: chrony.service
    state: stopped
    enabled: false
    masked: true
  when:
  - '"linux-base" in ansible_facts.packages'
  - '"chrony" in ansible_facts.packages'
  - service_exists.stdout_lines is search("chrony.service",multiline=True)
  - var_timesync_service != "chronyd"
  tags:
  - disable_strategy
  - low_complexity
  - low_disruption
  - medium_severity
  - no_reboot_needed
  - service_chronyd_disabled

- name: Unit Socket Exists - chrony.socket
  ansible.builtin.command: systemctl -q list-unit-files chrony.socket
  register: socket_file_exists
  changed_when: false
  failed_when: socket_file_exists.rc not in [0, 1]
  check_mode: false
  when:
  - '"linux-base" in ansible_facts.packages'
  - '"chrony" in ansible_facts.packages'
  tags:
  - disable_strategy
  - low_complexity
  - low_disruption
  - medium_severity
  - no_reboot_needed
  - service_chronyd_disabled

- name: Disable socket chrony
  ansible.builtin.systemd:
    name: chrony.socket
    enabled: 'no'
    state: stopped
    masked: 'yes'
  when:
  - '"linux-base" in ansible_facts.packages'
  - '"chrony" in ansible_facts.packages'
  - socket_file_exists.stdout_lines is search("chrony.socket",multiline=True)
  - var_timesync_service != "chronyd"
  tags:
  - disable_strategy
  - low_complexity
  - low_disruption
  - medium_severity
  - no_reboot_needed
  - service_chronyd_disabled
</fix>
        <fix xmlns:xhtml="http://www.w3.org/1999/xhtml" id="service_chronyd_disabled" system="urn:xccdf:fix:script:sh" complexity="low" disruption="low" strategy="disable"># Remediation is applicable only in certain platforms
if dpkg-query --show --showformat='${db:Status-Status}
' 'linux-base' 2&gt;/dev/null | grep -q ^installed &amp;&amp; { dpkg-query --show --showformat='${db:Status-Status}\n' 'chrony' 2&gt;/dev/null | grep -q '^installed'; }; then

var_timesync_service='<xccdf-1.2:sub xmlns:xccdf-1.2="http://checklists.nist.gov/xccdf/1.2" idref="xccdf_org.ssgproject.content_value_var_timesync_service" use="legacy"/>'



if [ $var_timesync_service != chronyd ]; then
  SYSTEMCTL_EXEC='/usr/bin/systemctl'
  "$SYSTEMCTL_EXEC" stop 'chrony.service'
  "$SYSTEMCTL_EXEC" disable 'chrony.service'
  "$SYSTEMCTL_EXEC" mask 'chrony.service'
  # Disable socket activation if we have a unit file for it
  if "$SYSTEMCTL_EXEC" -q list-unit-files chrony.socket; then
      "$SYSTEMCTL_EXEC" stop 'chrony.socket'
      "$SYSTEMCTL_EXEC" mask 'chrony.socket'
  fi
  # The service may not be running because it has been started and failed,
  # so let's reset the state so OVAL checks pass.
  # Service should be 'inactive', not 'failed' after reboot though.
  "$SYSTEMCTL_EXEC" reset-failed 'chrony.service' || true
fi

else
    &gt;&amp;2 echo 'Remediation is not applicable, nothing was done'
fi
</fix>
        <check system="http://oval.mitre.org/XMLSchema/oval-definitions-5">
          <check-export export-name="oval:ssg-var_timesync_service:var:1" value-id="xccdf_org.ssgproject.content_value_var_timesync_service"/>
          <check-content-ref name="oval:ssg-service_chronyd_disabled:def:1" href="ssg-ubuntu2404-oval.xml"/>
        </check>
      </Rule>
      <Rule id="xccdf_org.ssgproject.content_rule_service_timesyncd_disabled" selected="false" role="full" severity="medium">
        <title xmlns:xhtml="http://www.w3.org/1999/xhtml" xml:lang="en-US">Disable systemd_timesyncd Service</title>
        <description xmlns:xhtml="http://www.w3.org/1999/xhtml" xml:lang="en-US">
The <html:code xmlns:html="http://www.w3.org/1999/xhtml">systemd_timesyncd</html:code> service can be disabled with the following command:
<html:pre xmlns:html="http://www.w3.org/1999/xhtml">$ sudo systemctl mask --now systemd_timesyncd.service</html:pre>
      </description>
        <reference href="https://www.cisecurity.org/benchmark/ubuntu_linux/">2.3.1.1</reference>
        <rationale xmlns:xhtml="http://www.w3.org/1999/xhtml" xml:lang="en-US">Disabling the <html:code xmlns:html="http://www.w3.org/1999/xhtml">systemd_timesyncd</html:code> service ensures that there is
only single one time service running.
<html:br xmlns:html="http://www.w3.org/1999/xhtml"/>
       <html:br xmlns:html="http://www.w3.org/1999/xhtml"/>
Additional information on Ubuntu network time protocol is
available at

    <html:a xmlns:html="http://www.w3.org/1999/xhtml" href="https://ubuntu.com/server/docs/about-time-synchronisation">https://ubuntu.com/server/docs/about-time-synchronisation</html:a>.</rationale>
        <platform idref="#package_systemd-timesyncd"/>
        <fix xmlns:xhtml="http://www.w3.org/1999/xhtml" id="service_timesyncd_disabled" system="urn:xccdf:fix:script:ansible" complexity="low" disruption="low" strategy="disable">- name: Gather the package facts
  package_facts:
    manager: auto
  tags:
  - disable_strategy
  - low_complexity
  - low_disruption
  - medium_severity
  - no_reboot_needed
  - service_timesyncd_disabled
- name: XCCDF Value var_timesync_service # promote to variable
  set_fact:
    var_timesync_service: !!str <xccdf-1.2:sub xmlns:xccdf-1.2="http://checklists.nist.gov/xccdf/1.2" idref="xccdf_org.ssgproject.content_value_var_timesync_service" use="legacy"/>
  tags:
    - always

- name: Disable systemd_timesyncd Service - Collect systemd Services Present in the
    System
  ansible.builtin.command: systemctl -q list-unit-files --type service
  register: service_exists
  changed_when: false
  failed_when: service_exists.rc not in [0, 1]
  check_mode: false
  when:
  - '"linux-base" in ansible_facts.packages'
  - '"systemd-timesyncd" in ansible_facts.packages'
  tags:
  - disable_strategy
  - low_complexity
  - low_disruption
  - medium_severity
  - no_reboot_needed
  - service_timesyncd_disabled

- name: Disable systemd_timesyncd Service - Ensure "systemd-timesyncd.service" is
    Masked
  ansible.builtin.systemd:
    name: systemd-timesyncd.service
    state: stopped
    enabled: false
    masked: true
  when:
  - '"linux-base" in ansible_facts.packages'
  - '"systemd-timesyncd" in ansible_facts.packages'
  - service_exists.stdout_lines is search("systemd-timesyncd.service",multiline=True)
  - var_timesync_service != "systemd-timesyncd"
  tags:
  - disable_strategy
  - low_complexity
  - low_disruption
  - medium_severity
  - no_reboot_needed
  - service_timesyncd_disabled

- name: Unit Socket Exists - systemd-timesyncd.socket
  ansible.builtin.command: systemctl -q list-unit-files systemd-timesyncd.socket
  register: socket_file_exists
  changed_when: false
  failed_when: socket_file_exists.rc not in [0, 1]
  check_mode: false
  when:
  - '"linux-base" in ansible_facts.packages'
  - '"systemd-timesyncd" in ansible_facts.packages'
  tags:
  - disable_strategy
  - low_complexity
  - low_disruption
  - medium_severity
  - no_reboot_needed
  - service_timesyncd_disabled

- name: Disable socket systemd-timesyncd
  ansible.builtin.systemd:
    name: systemd-timesyncd.socket
    enabled: 'no'
    state: stopped
    masked: 'yes'
  when:
  - '"linux-base" in ansible_facts.packages'
  - '"systemd-timesyncd" in ansible_facts.packages'
  - socket_file_exists.stdout_lines is search("systemd-timesyncd.socket",multiline=True)
  - var_timesync_service != "systemd-timesyncd"
  tags:
  - disable_strategy
  - low_complexity
  - low_disruption
  - medium_severity
  - no_reboot_needed
  - service_timesyncd_disabled
</fix>
        <fix xmlns:xhtml="http://www.w3.org/1999/xhtml" id="service_timesyncd_disabled" system="urn:xccdf:fix:script:sh" complexity="low" disruption="low" strategy="disable"># Remediation is applicable only in certain platforms
if dpkg-query --show --showformat='${db:Status-Status}
' 'linux-base' 2&gt;/dev/null | grep -q ^installed &amp;&amp; { dpkg-query --show --showformat='${db:Status-Status}\n' 'systemd-timesyncd' 2&gt;/dev/null | grep -q '^installed'; }; then

var_timesync_service='<xccdf-1.2:sub xmlns:xccdf-1.2="http://checklists.nist.gov/xccdf/1.2" idref="xccdf_org.ssgproject.content_value_var_timesync_service" use="legacy"/>'



if [ $var_timesync_service != systemd-timesyncd ]; then
  SYSTEMCTL_EXEC='/usr/bin/systemctl'
  "$SYSTEMCTL_EXEC" stop 'systemd-timesyncd.service'
  "$SYSTEMCTL_EXEC" disable 'systemd-timesyncd.service'
  "$SYSTEMCTL_EXEC" mask 'systemd-timesyncd.service'
  # Disable socket activation if we have a unit file for it
  if "$SYSTEMCTL_EXEC" -q list-unit-files systemd-timesyncd.socket; then
      "$SYSTEMCTL_EXEC" stop 'systemd-timesyncd.socket'
      "$SYSTEMCTL_EXEC" mask 'systemd-timesyncd.socket'
  fi
  # The service may not be running because it has been started and failed,
  # so let's reset the state so OVAL checks pass.
  # Service should be 'inactive', not 'failed' after reboot though.
  "$SYSTEMCTL_EXEC" reset-failed 'systemd-timesyncd.service' || true
fi

else
    &gt;&amp;2 echo 'Remediation is not applicable, nothing was done'
fi
</fix>
        <check system="http://oval.mitre.org/XMLSchema/oval-definitions-5">
          <check-export export-name="oval:ssg-var_timesync_service:var:1" value-id="xccdf_org.ssgproject.content_value_var_timesync_service"/>
          <check-content-ref name="oval:ssg-service_timesyncd_disabled:def:1" href="ssg-ubuntu2404-oval.xml"/>
        </check>
      </Rule>
      <Rule id="xccdf_org.ssgproject.content_rule_chronyd_configure_pool_and_server" selected="false" role="full" severity="medium">
        <title xmlns:xhtml="http://www.w3.org/1999/xhtml" xml:lang="en-US">Chrony Configure Pool and Server</title>
        <description xmlns:xhtml="http://www.w3.org/1999/xhtml" xml:lang="en-US"><html:code xmlns:html="http://www.w3.org/1999/xhtml">Chrony</html:code> is a daemon which implements the Network Time Protocol (NTP). It is designed to
synchronize system clocks across a variety of systems and use a source that is highly
accurate. More information on <html:code xmlns:html="http://www.w3.org/1999/xhtml">chrony</html:code> can be found at

    <html:a xmlns:html="http://www.w3.org/1999/xhtml" href="https://chrony-project.org/">https://chrony-project.org/</html:a>.
<html:code xmlns:html="http://www.w3.org/1999/xhtml">Chrony</html:code> can be configured to be a client and/or a server.
Add or edit server or pool lines to <html:code xmlns:html="http://www.w3.org/1999/xhtml">/etc/chrony/chrony.conf</html:code> as appropriate:
<html:pre xmlns:html="http://www.w3.org/1999/xhtml">server &lt;remote-server&gt;</html:pre>
Multiple servers may be configured.</description>
        <reference href="https://public.cyber.mil/stigs/cci/">CCI-000160</reference>
        <reference href="https://public.cyber.mil/stigs/cci/">CCI-001891</reference>
        <reference href="https://www.cyber.gov.au/acsc/view-all-content/ism">0988</reference>
        <reference href="https://www.cyber.gov.au/acsc/view-all-content/ism">1405</reference>
        <reference href="http://nvlpubs.nist.gov/nistpubs/SpecialPublications/NIST.SP.800-53r4.pdf">CM-6(a)</reference>
        <reference href="http://nvlpubs.nist.gov/nistpubs/SpecialPublications/NIST.SP.800-53r4.pdf">AU-8(1)(a)</reference>
        <reference href="https://www.pcisecuritystandards.org/documents/PCI_DSS_v3-2-1.pdf">Req-10.4.3</reference>
        <reference href="https://cyber.gouv.fr/sites/default/files/document/linux_configuration-en-v2.pdf">R71</reference>
        <reference href="https://www.cisecurity.org/benchmark/ubuntu_linux/">2.3.3.1</reference>
        <rationale xmlns:xhtml="http://www.w3.org/1999/xhtml" xml:lang="en-US">If <html:code xmlns:html="http://www.w3.org/1999/xhtml">chrony</html:code> is in use on the system proper configuration is vital to ensuring time
synchronization is working properly.</rationale>
        <platform idref="#package_chrony"/>
        <fix xmlns:xhtml="http://www.w3.org/1999/xhtml" id="chronyd_configure_pool_and_server" system="urn:xccdf:fix:script:ansible" complexity="low" disruption="low" strategy="configure">- name: Gather the package facts
  package_facts:
    manager: auto
  tags:
  - NIST-800-53-AU-8(1)(a)
  - NIST-800-53-CM-6(a)
  - PCI-DSS-Req-10.4.3
  - chronyd_configure_pool_and_server
  - configure_strategy
  - low_complexity
  - low_disruption
  - medium_severity
  - no_reboot_needed
- name: XCCDF Value var_multiple_time_servers # promote to variable
  set_fact:
    var_multiple_time_servers: !!str <xccdf-1.2:sub xmlns:xccdf-1.2="http://checklists.nist.gov/xccdf/1.2" idref="xccdf_org.ssgproject.content_value_var_multiple_time_servers" use="legacy"/>
  tags:
    - always
- name: XCCDF Value var_multiple_time_pools # promote to variable
  set_fact:
    var_multiple_time_pools: !!str <xccdf-1.2:sub xmlns:xccdf-1.2="http://checklists.nist.gov/xccdf/1.2" idref="xccdf_org.ssgproject.content_value_var_multiple_time_pools" use="legacy"/>
  tags:
    - always

- name: Chrony Configure Pool and Server - Add missing / update wrong records for
    remote time servers
  ansible.builtin.lineinfile:
    path: /etc/chrony/chrony.conf
    regexp: ^\s*\bserver\b\s*\b{{ item }}\b$
    state: present
    line: server {{ item }}
    create: true
  with_items:
  - '{{ var_multiple_time_servers.split(",") }}'
  when:
  - '"linux-base" in ansible_facts.packages'
  - '"chrony" in ansible_facts.packages'
  tags:
  - NIST-800-53-AU-8(1)(a)
  - NIST-800-53-CM-6(a)
  - PCI-DSS-Req-10.4.3
  - chronyd_configure_pool_and_server
  - configure_strategy
  - low_complexity
  - low_disruption
  - medium_severity
  - no_reboot_needed

- name: Chrony Configure Pool and Server - Add missing / update wrong records for
    remote time pools
  ansible.builtin.lineinfile:
    path: /etc/chrony/chrony.conf
    regexp: ^\s*\bpool\b\s*\b{{ item }}\b$
    state: present
    line: pool {{ item }}
    create: true
  with_items:
  - '{{ var_multiple_time_pools.split(",") }}'
  when:
  - '"linux-base" in ansible_facts.packages'
  - '"chrony" in ansible_facts.packages'
  tags:
  - NIST-800-53-AU-8(1)(a)
  - NIST-800-53-CM-6(a)
  - PCI-DSS-Req-10.4.3
  - chronyd_configure_pool_and_server
  - configure_strategy
  - low_complexity
  - low_disruption
  - medium_severity
  - no_reboot_needed
</fix>
        <fix xmlns:xhtml="http://www.w3.org/1999/xhtml" id="chronyd_configure_pool_and_server" system="urn:xccdf:fix:script:sh"># Remediation is applicable only in certain platforms
if dpkg-query --show --showformat='${db:Status-Status}
' 'linux-base' 2&gt;/dev/null | grep -q ^installed &amp;&amp; { dpkg-query --show --showformat='${db:Status-Status}\n' 'chrony' 2&gt;/dev/null | grep -q '^installed'; }; then

var_multiple_time_servers='<xccdf-1.2:sub xmlns:xccdf-1.2="http://checklists.nist.gov/xccdf/1.2" idref="xccdf_org.ssgproject.content_value_var_multiple_time_servers" use="legacy"/>'

var_multiple_time_pools='<xccdf-1.2:sub xmlns:xccdf-1.2="http://checklists.nist.gov/xccdf/1.2" idref="xccdf_org.ssgproject.content_value_var_multiple_time_pools" use="legacy"/>'


config_file="/etc/chrony/chrony.conf"

# Check and configigure servers in /etc/chrony/chrony.conf
IFS="," read -a SERVERS &lt;&lt;&lt; $var_multiple_time_servers
for srv in "${SERVERS[@]}"
do
   NTP_SRV=$(grep -w $srv $config_file)
   if [[ ! "$NTP_SRV" == "server "* ]]
   then
     time_server="server $srv"
     echo $time_server &gt;&gt; "$config_file"
   fi
done

# Check and configure pools in /etc/chrony/chrony.conf
IFS="," read -a POOLS &lt;&lt;&lt; $var_multiple_time_pools
for srv in "${POOLS[@]}"
do
   NTP_POOL=$(grep -w $srv $config_file)
   if [[ ! "$NTP_POOL" == "pool "* ]]
   then
     time_server="pool $srv"
     echo $time_server &gt;&gt; "$config_file"
   fi
done

else
    &gt;&amp;2 echo 'Remediation is not applicable, nothing was done'
fi
</fix>
        <check system="http://oval.mitre.org/XMLSchema/oval-definitions-5">
          <check-export export-name="oval:ssg-var_multiple_time_servers:var:1" value-id="xccdf_org.ssgproject.content_value_var_multiple_time_servers"/>
          <check-export export-name="oval:ssg-var_multiple_time_pools:var:1" value-id="xccdf_org.ssgproject.content_value_var_multiple_time_pools"/>
          <check-content-ref name="oval:ssg-chronyd_configure_pool_and_server:def:1" href="ssg-ubuntu2404-oval.xml"/>
        </check>
        <check system="http://scap.nist.gov/schema/ocil/2">
          <check-content-ref name="ocil:ssg-chronyd_configure_pool_and_server_ocil:questionnaire:1" href="ssg-ubuntu2404-ocil.xml"/>
        </check>
      </Rule>
      <Rule id="xccdf_org.ssgproject.content_rule_chronyd_run_as_chrony_user" selected="false" role="full" severity="medium">
        <title xmlns:xhtml="http://www.w3.org/1999/xhtml" xml:lang="en-US">Ensure that chronyd is running under chrony user account</title>
        <description xmlns:xhtml="http://www.w3.org/1999/xhtml" xml:lang="en-US">chrony is a daemon which implements the Network Time Protocol (NTP). It is designed to
synchronize system clocks across a variety of systems and use a source that is highly
accurate. More information on chrony can be found at

    <html:a xmlns:html="http://www.w3.org/1999/xhtml" href="https://chrony-project.org/">https://chrony-project.org/</html:a>.
Chrony can be configured to be a client and/or a server.
To ensure that chronyd is running under chrony user account,

<html:code xmlns:html="http://www.w3.org/1999/xhtml">user</html:code> variable in <html:code xmlns:html="http://www.w3.org/1999/xhtml">/etc/chrony/chrony.conf</html:code> is set to <html:code xmlns:html="http://www.w3.org/1999/xhtml">_chrony</html:code> or is
absent:
<html:pre xmlns:html="http://www.w3.org/1999/xhtml">user _chrony</html:pre>

This recommendation only applies if chrony is in use on the system.</description>
        <reference href="https://www.cisecurity.org/benchmark/ubuntu_linux/">2.3.3.2</reference>
        <reference href="https://docs-prv.pcisecuritystandards.org/PCI%20DSS/Standard/PCI-DSS-v4_0.pdf">10.6.3</reference>
        <reference href="https://docs-prv.pcisecuritystandards.org/PCI%20DSS/Standard/PCI-DSS-v4_0.pdf">10.6</reference>
        <rationale xmlns:xhtml="http://www.w3.org/1999/xhtml" xml:lang="en-US">If chrony is in use on the system proper configuration is vital to ensuring time synchronization
is working properly.</rationale>
        <platform idref="#package_chrony"/>
        <fix xmlns:xhtml="http://www.w3.org/1999/xhtml" id="chronyd_run_as_chrony_user" system="urn:xccdf:fix:script:sh"># Remediation is applicable only in certain platforms
if dpkg-query --show --showformat='${db:Status-Status}
' 'linux-base' 2&gt;/dev/null | grep -q ^installed &amp;&amp; { dpkg-query --show --showformat='${db:Status-Status}\n' 'chrony' 2&gt;/dev/null | grep -q '^installed'; }; then

# Strip any search characters in the key arg so that the key can be replaced without
# adding any search characters to the config file.
stripped_key=$(sed 's/[\^=\$,;+]*//g' &lt;&lt;&lt; "^user")

# shellcheck disable=SC2059
printf -v formatted_output "%s %s" "$stripped_key" "_chrony"

# If the key exists, change it. Otherwise, add it to the config_file.
# We search for the key string followed by a word boundary (matched by \&gt;),
# so if we search for 'setting', 'setting2' won't match.
if LC_ALL=C grep -q -m 1 -i -e "^user\\&gt;" "/etc/chrony/chrony.conf"; then
    escaped_formatted_output=$(sed -e 's|/|\\/|g' &lt;&lt;&lt; "$formatted_output")
    LC_ALL=C sed -i --follow-symlinks "s/^user\\&gt;.*/$escaped_formatted_output/gi" "/etc/chrony/chrony.conf"
else
    if [[ -s "/etc/chrony/chrony.conf" ]] &amp;&amp; [[ -n "$(tail -c 1 -- "/etc/chrony/chrony.conf" || true)" ]]; then
        LC_ALL=C sed -i --follow-symlinks '$a'\\ "/etc/chrony/chrony.conf"
    fi
    printf '%s\n' "$formatted_output" &gt;&gt; "/etc/chrony/chrony.conf"
fi

else
    &gt;&amp;2 echo 'Remediation is not applicable, nothing was done'
fi
</fix>
        <check system="http://oval.mitre.org/XMLSchema/oval-definitions-5">
          <check-content-ref name="oval:ssg-chronyd_run_as_chrony_user:def:1" href="ssg-ubuntu2404-oval.xml"/>
        </check>
        <check system="http://scap.nist.gov/schema/ocil/2">
          <check-content-ref name="ocil:ssg-chronyd_run_as_chrony_user_ocil:questionnaire:1" href="ssg-ubuntu2404-ocil.xml"/>
        </check>
      </Rule>
      <Rule id="xccdf_org.ssgproject.content_rule_ntp_single_service_active" selected="false" role="full" severity="medium">
        <title xmlns:xhtml="http://www.w3.org/1999/xhtml" xml:lang="en-US">Ensure a Single Time Synchronization Service is in Use</title>
        <description xmlns:xhtml="http://www.w3.org/1999/xhtml" xml:lang="en-US">The system must have exactly one active time synchronization service to avoid conflicts
and ensure consistent time synchronization. Only one of the following services should be
enabled and active at any time:
<html:ul xmlns:html="http://www.w3.org/1999/xhtml"><html:li>chrony - A versatile NTP implementation</html:li><html:li>systemd-timesyncd - A lightweight NTP client</html:li></html:ul>
Having zero active time synchronization services leaves the system without accurate
time synchronization, while having multiple active services can lead to unexpected and
unreliable results.</description>
        <warning xmlns:xhtml="http://www.w3.org/1999/xhtml" xml:lang="en-US" category="general">This rule does not come with a remediation. There are specific rules
for enabling each time synchronization service, which should be used instead.</warning>
        <reference href="https://www.cisecurity.org/benchmark/ubuntu_linux/">2.3.1.1</reference>
        <rationale xmlns:xhtml="http://www.w3.org/1999/xhtml" xml:lang="en-US">Running multiple time synchronization services simultaneously can lead to conflicts
in time synchronization, unpredictable behavior, and unreliable results. A single service
ensures consistent and accurate time synchronization.

Having no active time synchronization service leaves the system without accurate
time synchronization, which can affect security mechanisms, log consistency, and forensic
investigations.</rationale>
        <platform idref="#machine"/>
        <check system="http://oval.mitre.org/XMLSchema/oval-definitions-5">
          <check-content-ref name="oval:ssg-ntp_single_service_active:def:1" href="ssg-ubuntu2404-oval.xml"/>
        </check>
      </Rule>
      <Rule id="xccdf_org.ssgproject.content_rule_service_timesyncd_configured" selected="false" role="full" severity="medium">
        <title xmlns:xhtml="http://www.w3.org/1999/xhtml" xml:lang="en-US">Configure Systemd Timesyncd Servers</title>
        <description xmlns:xhtml="http://www.w3.org/1999/xhtml" xml:lang="en-US"><html:code xmlns:html="http://www.w3.org/1999/xhtml">systemd-timesyncd</html:code> is a daemon that has been added for synchronizing the system clock
across the network. The <html:code xmlns:html="http://www.w3.org/1999/xhtml">systemd-timesyncd</html:code> daemon implements:
  - Implements an SNTP client
  - Runs with minimal privileges
  - Saves the current clock to disk every time a new NTP sync has been acquired
  - Is hooked up with networkd to only operate when network connectivity is available
Add or edit server or pool lines to <html:code xmlns:html="http://www.w3.org/1999/xhtml">/etc/systemd/timesyncd.conf</html:code> as appropriate:
<html:pre xmlns:html="http://www.w3.org/1999/xhtml">server &lt;remote-server&gt;</html:pre>
Multiple servers may be configured.</description>
        <reference href="https://public.cyber.mil/stigs/cci/">CCI-001891</reference>
        <reference href="https://www.pcisecuritystandards.org/documents/PCI_DSS_v3-2-1.pdf">Req-10.4.3</reference>
        <reference href="https://www.cisecurity.org/benchmark/ubuntu_linux/">2.3.2.1</reference>
        <rationale xmlns:xhtml="http://www.w3.org/1999/xhtml" xml:lang="en-US">Configuring <html:code xmlns:html="http://www.w3.org/1999/xhtml">systemd-timesyncd</html:code> ensures time synchronization is working properly.</rationale>
        <platform idref="#package_systemd"/>
        <fix xmlns:xhtml="http://www.w3.org/1999/xhtml" id="service_timesyncd_configured" system="urn:xccdf:fix:script:ansible" complexity="low" disruption="low" strategy="configure">- name: Gather the package facts
  package_facts:
    manager: auto
  tags:
  - PCI-DSS-Req-10.4.3
  - configure_strategy
  - low_complexity
  - low_disruption
  - medium_severity
  - no_reboot_needed
  - service_timesyncd_configured
- name: XCCDF Value var_multiple_time_servers # promote to variable
  set_fact:
    var_multiple_time_servers: !!str <xccdf-1.2:sub xmlns:xccdf-1.2="http://checklists.nist.gov/xccdf/1.2" idref="xccdf_org.ssgproject.content_value_var_multiple_time_servers" use="legacy"/>
  tags:
    - always

- name: Configure Systemd Timesyncd Servers - Set Primary NTP Servers
  ansible.builtin.set_fact:
    preferred_ntp_servers: '{{ var_multiple_time_servers.split(",") | slice(2)| first
      | join(",") }}'
  when:
  - '"linux-base" in ansible_facts.packages'
  - '"systemd" in ansible_facts.packages'
  tags:
  - PCI-DSS-Req-10.4.3
  - configure_strategy
  - low_complexity
  - low_disruption
  - medium_severity
  - no_reboot_needed
  - service_timesyncd_configured

- name: Configure Systemd Timesyncd Servers - Set Fallback NTP Servers
  ansible.builtin.set_fact:
    fallback_ntp_servers: '{{ var_multiple_time_servers.split(",") | slice(2)| list
      | last | join(",") }}'
  when:
  - '"linux-base" in ansible_facts.packages'
  - '"systemd" in ansible_facts.packages'
  tags:
  - PCI-DSS-Req-10.4.3
  - configure_strategy
  - low_complexity
  - low_disruption
  - medium_severity
  - no_reboot_needed
  - service_timesyncd_configured

- name: Configure Systemd Timesyncd Servers - Add missing / update wrong records for
    NTP servers
  ansible.builtin.lineinfile:
    path: /etc/systemd/timesyncd.d/oscap-remedy.conf
    regexp: ^\s*NTP\s*=
    state: present
    line: NTP={{ preferred_ntp_servers }}
    create: true
  when:
  - '"linux-base" in ansible_facts.packages'
  - '"systemd" in ansible_facts.packages'
  tags:
  - PCI-DSS-Req-10.4.3
  - configure_strategy
  - low_complexity
  - low_disruption
  - medium_severity
  - no_reboot_needed
  - service_timesyncd_configured

- name: Configure Systemd Timesyncd Servers - Add missing / update wrong records for
    fallback servers
  ansible.builtin.lineinfile:
    path: /etc/systemd/timesyncd.d/oscap-remedy.conf
    regexp: ^\s*FallbackNTP\s*=
    state: present
    line: FallbackNTP={{ fallback_ntp_servers }}
    create: true
  when:
  - '"linux-base" in ansible_facts.packages'
  - '"systemd" in ansible_facts.packages'
  tags:
  - PCI-DSS-Req-10.4.3
  - configure_strategy
  - low_complexity
  - low_disruption
  - medium_severity
  - no_reboot_needed
  - service_timesyncd_configured
</fix>
        <fix xmlns:xhtml="http://www.w3.org/1999/xhtml" id="service_timesyncd_configured" system="urn:xccdf:fix:script:sh" complexity="low" disruption="low" strategy="configure"># Remediation is applicable only in certain platforms
if dpkg-query --show --showformat='${db:Status-Status}
' 'linux-base' 2&gt;/dev/null | grep -q ^installed &amp;&amp; { dpkg-query --show --showformat='${db:Status-Status}\n' 'systemd' 2&gt;/dev/null | grep -q '^installed'; }; then

var_multiple_time_servers='<xccdf-1.2:sub xmlns:xccdf-1.2="http://checklists.nist.gov/xccdf/1.2" idref="xccdf_org.ssgproject.content_value_var_multiple_time_servers" use="legacy"/>'

IFS=',' read -r -a time_servers_array &lt;&lt;&lt; "$var_multiple_time_servers"
preferred_ntp_servers_array=("${time_servers_array[@]:0:2}")
preferred_ntp_servers=$( echo "${preferred_ntp_servers_array[@]}"|sed -e 's/\s\+/,/g' )
fallback_ntp_servers_array=("${time_servers_array[@]:2}")
fallback_ntp_servers=$( echo "${fallback_ntp_servers_array[@]}"|sed -e 's/\s\+/,/g' )

IFS=" " mapfile -t current_cfg_arr &lt; &lt;(ls -1 /etc/systemd/timesyncd.d/* 2&gt;/dev/null)
config_file="/etc/systemd/timesyncd.d/oscap-remedy.conf"
current_cfg_arr+=( "/etc/systemd/timesyncd.conf" )
# Comment existing NTP FallbackNTP settings
for current_cfg in "${current_cfg_arr[@]}"
do
    sed -i 's/^NTP/#&amp;/g' "$current_cfg"
    sed -i 's/^FallbackNTP/#&amp;/g' "$current_cfg"
done
# Create /etc/systemd/timesyncd.d if it doesn't exist
if [ ! -d "/etc/systemd/timesyncd.d" ]
then 
    mkdir /etc/systemd/timesyncd.d
fi
# Set primary fallback NTP servers in drop-in configuration
echo "NTP=$preferred_ntp_servers" &gt;&gt; "$config_file"
echo "FallbackNTP=$fallback_ntp_servers" &gt;&gt; "$config_file"

else
    &gt;&amp;2 echo 'Remediation is not applicable, nothing was done'
fi
</fix>
        <check system="http://oval.mitre.org/XMLSchema/oval-definitions-5">
          <check-export export-name="oval:ssg-var_multiple_time_servers:var:1" value-id="xccdf_org.ssgproject.content_value_var_multiple_time_servers"/>
          <check-content-ref name="oval:ssg-service_timesyncd_configured:def:1" href="ssg-ubuntu2404-oval.xml"/>
        </check>
        <check system="http://scap.nist.gov/schema/ocil/2">
          <check-content-ref name="ocil:ssg-service_timesyncd_configured_ocil:questionnaire:1" href="ssg-ubuntu2404-ocil.xml"/>
        </check>
      </Rule>
    </Group>
    <Group id="xccdf_org.ssgproject.content_group_obsolete">
      <title xmlns:xhtml="http://www.w3.org/1999/xhtml" xml:lang="en-US">Obsolete Services</title>
      <description xmlns:xhtml="http://www.w3.org/1999/xhtml" xml:lang="en-US">This section discusses a number of network-visible
services which have historically caused problems for system
security, and for which disabling or severely limiting the service
has been the best available guidance for some time. As a result of
this, many of these services are not installed as part of Ubuntu 24.04
by default.
<html:br xmlns:html="http://www.w3.org/1999/xhtml"/>
      <html:br xmlns:html="http://www.w3.org/1999/xhtml"/>
Organizations which are running these services should
switch to more secure equivalents as soon as possible.
If it remains absolutely necessary to run one of
these services for legacy reasons, care should be taken to restrict
the service as much as possible, for instance by configuring host

firewall software such as <html:code xmlns:html="http://www.w3.org/1999/xhtml">iptables</html:code> to restrict access to the

vulnerable service to only those remote hosts which have a known
need to use it.</description>
      <Rule id="xccdf_org.ssgproject.content_rule_package_rsync_removed" selected="false" role="full" severity="medium">
        <title xmlns:xhtml="http://www.w3.org/1999/xhtml" xml:lang="en-US">Uninstall rsync Package</title>
        <description xmlns:xhtml="http://www.w3.org/1999/xhtml" xml:lang="en-US">The rsyncd service can be used to synchronize files between systems over network links.
The <html:code xmlns:html="http://www.w3.org/1999/xhtml">rsync</html:code> package can be removed with the following command:
<html:pre xmlns:html="http://www.w3.org/1999/xhtml">
$ apt-get remove rsync</html:pre>
      </description>
        <reference href="https://www.cisecurity.org/benchmark/ubuntu_linux/">2.1.13</reference>
        <rationale xmlns:xhtml="http://www.w3.org/1999/xhtml" xml:lang="en-US">The rsyncd service presents a security risk as it uses unencrypted protocols for
communication.</rationale>
        <fix xmlns:xhtml="http://www.w3.org/1999/xhtml" id="package_rsync_removed" system="urn:xccdf:fix:script:puppet" complexity="low" disruption="low" strategy="disable">include remove_rsync

class remove_rsync {
  package { 'rsync':
    ensure =&gt; 'purged',
  }
}
</fix>
        <fix xmlns:xhtml="http://www.w3.org/1999/xhtml" id="package_rsync_removed" system="urn:xccdf:fix:script:ansible" complexity="low" disruption="low" strategy="disable">- name: Ensure rsync is removed
  package:
    name: rsync
    state: absent
  tags:
  - disable_strategy
  - low_complexity
  - low_disruption
  - medium_severity
  - no_reboot_needed
  - package_rsync_removed
</fix>
        <fix xmlns:xhtml="http://www.w3.org/1999/xhtml" id="package_rsync_removed" system="urn:xccdf:fix:script:sh" complexity="low" disruption="low" strategy="disable">
# CAUTION: This remediation script will remove rsync
#	   from the system, and may remove any packages
#	   that depend on rsync. Execute this
#	   remediation AFTER testing on a non-production
#	   system!

DEBIAN_FRONTEND=noninteractive apt-get remove -y "rsync"
</fix>
        <check system="http://oval.mitre.org/XMLSchema/oval-definitions-5">
          <check-content-ref name="oval:ssg-package_rsync_removed:def:1" href="ssg-ubuntu2404-oval.xml"/>
        </check>
        <check system="http://scap.nist.gov/schema/ocil/2">
          <check-content-ref name="ocil:ssg-package_rsync_removed_ocil:questionnaire:1" href="ssg-ubuntu2404-ocil.xml"/>
        </check>
      </Rule>
      <Rule id="xccdf_org.ssgproject.content_rule_service_rsyncd_disabled" selected="false" role="full" severity="medium">
        <title xmlns:xhtml="http://www.w3.org/1999/xhtml" xml:lang="en-US">Ensure rsyncd service is disabled</title>
        <description xmlns:xhtml="http://www.w3.org/1999/xhtml" xml:lang="en-US">
The <html:code xmlns:html="http://www.w3.org/1999/xhtml">rsyncd</html:code> service can be disabled with the following command:
<html:pre xmlns:html="http://www.w3.org/1999/xhtml">$ sudo systemctl mask --now rsyncd.service</html:pre>
      </description>
        <reference href="https://www.cisecurity.org/benchmark/ubuntu_linux/">2.1.13</reference>
        <reference href="https://docs-prv.pcisecuritystandards.org/PCI%20DSS/Standard/PCI-DSS-v4_0.pdf">2.2.4</reference>
        <reference href="https://docs-prv.pcisecuritystandards.org/PCI%20DSS/Standard/PCI-DSS-v4_0.pdf">2.2</reference>
        <rationale xmlns:xhtml="http://www.w3.org/1999/xhtml" xml:lang="en-US">The rsyncd service presents a security risk as it uses unencrypted protocols for
communication.</rationale>
        <platform idref="#system_with_kernel"/>
        <fix xmlns:xhtml="http://www.w3.org/1999/xhtml" id="service_rsyncd_disabled" system="urn:redhat:osbuild:blueprint">
[customizations.services]
masked = ["rsync"]
</fix>
        <fix xmlns:xhtml="http://www.w3.org/1999/xhtml" id="service_rsyncd_disabled" system="urn:xccdf:fix:script:puppet" complexity="low" disruption="low" strategy="enable">include disable_rsync

class disable_rsync {
  service {'rsync':
    enable =&gt; false,
    ensure =&gt; 'stopped',
  }
}
</fix>
        <fix xmlns:xhtml="http://www.w3.org/1999/xhtml" id="service_rsyncd_disabled" system="urn:xccdf:fix:script:ansible" complexity="low" disruption="low" strategy="disable">- name: Gather the package facts
  package_facts:
    manager: auto
  tags:
  - PCI-DSSv4-2.2
  - PCI-DSSv4-2.2.4
  - disable_strategy
  - low_complexity
  - low_disruption
  - medium_severity
  - no_reboot_needed
  - service_rsyncd_disabled

- name: Ensure rsyncd service is disabled - Collect systemd Services Present in the
    System
  ansible.builtin.command: systemctl -q list-unit-files --type service
  register: service_exists
  changed_when: false
  failed_when: service_exists.rc not in [0, 1]
  check_mode: false
  when: '"linux-base" in ansible_facts.packages'
  tags:
  - PCI-DSSv4-2.2
  - PCI-DSSv4-2.2.4
  - disable_strategy
  - low_complexity
  - low_disruption
  - medium_severity
  - no_reboot_needed
  - service_rsyncd_disabled

- name: Ensure rsyncd service is disabled - Ensure rsync.service is Masked
  ansible.builtin.systemd:
    name: rsync.service
    state: stopped
    enabled: false
    masked: true
  when:
  - '"linux-base" in ansible_facts.packages'
  - service_exists.stdout_lines is search("rsync.service", multiline=True)
  tags:
  - PCI-DSSv4-2.2
  - PCI-DSSv4-2.2.4
  - disable_strategy
  - low_complexity
  - low_disruption
  - medium_severity
  - no_reboot_needed
  - service_rsyncd_disabled

- name: Unit Socket Exists - rsync.socket
  ansible.builtin.command: systemctl -q list-unit-files rsync.socket
  register: socket_file_exists
  changed_when: false
  failed_when: socket_file_exists.rc not in [0, 1]
  check_mode: false
  when: '"linux-base" in ansible_facts.packages'
  tags:
  - PCI-DSSv4-2.2
  - PCI-DSSv4-2.2.4
  - disable_strategy
  - low_complexity
  - low_disruption
  - medium_severity
  - no_reboot_needed
  - service_rsyncd_disabled

- name: Ensure rsyncd service is disabled - Disable Socket rsync
  ansible.builtin.systemd:
    name: rsync.socket
    enabled: false
    state: stopped
    masked: true
  when:
  - '"linux-base" in ansible_facts.packages'
  - socket_file_exists.stdout_lines is search("rsync.socket", multiline=True)
  tags:
  - PCI-DSSv4-2.2
  - PCI-DSSv4-2.2.4
  - disable_strategy
  - low_complexity
  - low_disruption
  - medium_severity
  - no_reboot_needed
  - service_rsyncd_disabled
</fix>
        <fix xmlns:xhtml="http://www.w3.org/1999/xhtml" id="service_rsyncd_disabled" system="urn:xccdf:fix:script:sh" complexity="low" disruption="low" strategy="disable"># Remediation is applicable only in certain platforms
if dpkg-query --show --showformat='${db:Status-Status}
' 'linux-base' 2&gt;/dev/null | grep -q ^installed; then

SYSTEMCTL_EXEC='/usr/bin/systemctl'
if [[ $("$SYSTEMCTL_EXEC" is-system-running) != "offline" ]]; then
  "$SYSTEMCTL_EXEC" stop 'rsync.service'
fi
"$SYSTEMCTL_EXEC" disable 'rsync.service'
"$SYSTEMCTL_EXEC" mask 'rsync.service'
# Disable socket activation if we have a unit file for it
if "$SYSTEMCTL_EXEC" -q list-unit-files rsync.socket; then
    if [[ $("$SYSTEMCTL_EXEC" is-system-running) != "offline" ]]; then
      "$SYSTEMCTL_EXEC" stop 'rsync.socket'
    fi
    "$SYSTEMCTL_EXEC" mask 'rsync.socket'
fi
# The service may not be running because it has been started and failed,
# so let's reset the state so OVAL checks pass.
# Service should be 'inactive', not 'failed' after reboot though.
"$SYSTEMCTL_EXEC" reset-failed 'rsync.service' || true

else
    &gt;&amp;2 echo 'Remediation is not applicable, nothing was done'
fi
</fix>
        <fix xmlns:xhtml="http://www.w3.org/1999/xhtml" id="service_rsyncd_disabled" system="urn:xccdf:fix:script:kubernetes" reboot="true" complexity="low" disruption="medium" strategy="disable">apiVersion: machineconfiguration.openshift.io/v1
kind: MachineConfig
spec:
  config:
    ignition:
      version: 3.1.0
    systemd:
      units:
      - name: rsync.service
        enabled: false
        mask: true
      - name: rsync.socket
        enabled: false
        mask: true
</fix>
        <check system="http://oval.mitre.org/XMLSchema/oval-definitions-5">
          <check-content-ref name="oval:ssg-service_rsyncd_disabled:def:1" href="ssg-ubuntu2404-oval.xml"/>
        </check>
        <check system="http://scap.nist.gov/schema/ocil/2">
          <check-content-ref name="ocil:ssg-service_rsyncd_disabled_ocil:questionnaire:1" href="ssg-ubuntu2404-ocil.xml"/>
        </check>
      </Rule>
      <Group id="xccdf_org.ssgproject.content_group_inetd_and_xinetd">
        <title xmlns:xhtml="http://www.w3.org/1999/xhtml" xml:lang="en-US">Xinetd</title>
        <description xmlns:xhtml="http://www.w3.org/1999/xhtml" xml:lang="en-US">The <html:code xmlns:html="http://www.w3.org/1999/xhtml">xinetd</html:code> service acts as a dedicated listener for some
network services (mostly, obsolete ones) and can be used to provide access
controls and perform some logging. It has been largely obsoleted by other
features, and it is not installed by default. The older Inetd service
is not even available as part of Ubuntu 24.04.</description>
        <platform idref="#system_with_kernel"/>
        <Rule id="xccdf_org.ssgproject.content_rule_package_xinetd_removed" selected="false" role="full" severity="low">
          <title xmlns:xhtml="http://www.w3.org/1999/xhtml" xml:lang="en-US">Uninstall xinetd Package</title>
          <description xmlns:xhtml="http://www.w3.org/1999/xhtml" xml:lang="en-US">The <html:code xmlns:html="http://www.w3.org/1999/xhtml">xinetd</html:code> package can be removed with the following command:
<html:pre xmlns:html="http://www.w3.org/1999/xhtml">
$ apt-get remove xinetd</html:pre>
       </description>
          <reference href="https://www.cisecurity.org/controls/">11</reference>
          <reference href="https://www.cisecurity.org/controls/">12</reference>
          <reference href="https://www.cisecurity.org/controls/">14</reference>
          <reference href="https://www.cisecurity.org/controls/">15</reference>
          <reference href="https://www.cisecurity.org/controls/">3</reference>
          <reference href="https://www.cisecurity.org/controls/">8</reference>
          <reference href="https://www.cisecurity.org/controls/">9</reference>
          <reference href="https://www.isaca.org/resources/cobit">APO13.01</reference>
          <reference href="https://www.isaca.org/resources/cobit">BAI10.01</reference>
          <reference href="https://www.isaca.org/resources/cobit">BAI10.02</reference>
          <reference href="https://www.isaca.org/resources/cobit">BAI10.03</reference>
          <reference href="https://www.isaca.org/resources/cobit">BAI10.05</reference>
          <reference href="https://www.isaca.org/resources/cobit">DSS01.04</reference>
          <reference href="https://www.isaca.org/resources/cobit">DSS05.02</reference>
          <reference href="https://www.isaca.org/resources/cobit">DSS05.03</reference>
          <reference href="https://www.isaca.org/resources/cobit">DSS05.05</reference>
          <reference href="https://www.isaca.org/resources/cobit">DSS06.06</reference>
          <reference href="https://public.cyber.mil/stigs/cci/">CCI-000305</reference>
          <reference href="https://www.gpo.gov/fdsys/pkg/CFR-2007-title45-vol1/pdf/CFR-2007-title45-vol1-chapA-subchapC.pdf">164.308(a)(4)(i)</reference>
          <reference href="https://www.gpo.gov/fdsys/pkg/CFR-2007-title45-vol1/pdf/CFR-2007-title45-vol1-chapA-subchapC.pdf">164.308(b)(1)</reference>
          <reference href="https://www.gpo.gov/fdsys/pkg/CFR-2007-title45-vol1/pdf/CFR-2007-title45-vol1-chapA-subchapC.pdf">164.308(b)(3)</reference>
          <reference href="https://www.gpo.gov/fdsys/pkg/CFR-2007-title45-vol1/pdf/CFR-2007-title45-vol1-chapA-subchapC.pdf">164.310(b)</reference>
          <reference href="https://www.gpo.gov/fdsys/pkg/CFR-2007-title45-vol1/pdf/CFR-2007-title45-vol1-chapA-subchapC.pdf">164.312(e)(1)</reference>
          <reference href="https://www.gpo.gov/fdsys/pkg/CFR-2007-title45-vol1/pdf/CFR-2007-title45-vol1-chapA-subchapC.pdf">164.312(e)(2)(ii)</reference>
          <reference href="https://www.isa.org/products/isa-62443-2-1-2009-security-for-industrial-automat">4.3.3.5.1</reference>
          <reference href="https://www.isa.org/products/isa-62443-2-1-2009-security-for-industrial-automat">4.3.3.5.2</reference>
          <reference href="https://www.isa.org/products/isa-62443-2-1-2009-security-for-industrial-automat">4.3.3.5.3</reference>
          <reference href="https://www.isa.org/products/isa-62443-2-1-2009-security-for-industrial-automat">4.3.3.5.4</reference>
          <reference href="https://www.isa.org/products/isa-62443-2-1-2009-security-for-industrial-automat">4.3.3.5.5</reference>
          <reference href="https://www.isa.org/products/isa-62443-2-1-2009-security-for-industrial-automat">4.3.3.5.6</reference>
          <reference href="https://www.isa.org/products/isa-62443-2-1-2009-security-for-industrial-automat">4.3.3.5.7</reference>
          <reference href="https://www.isa.org/products/isa-62443-2-1-2009-security-for-industrial-automat">4.3.3.5.8</reference>
          <reference href="https://www.isa.org/products/isa-62443-2-1-2009-security-for-industrial-automat">4.3.3.6.1</reference>
          <reference href="https://www.isa.org/products/isa-62443-2-1-2009-security-for-industrial-automat">4.3.3.6.2</reference>
          <reference href="https://www.isa.org/products/isa-62443-2-1-2009-security-for-industrial-automat">4.3.3.6.3</reference>
          <reference href="https://www.isa.org/products/isa-62443-2-1-2009-security-for-industrial-automat">4.3.3.6.4</reference>
          <reference href="https://www.isa.org/products/isa-62443-2-1-2009-security-for-industrial-automat">4.3.3.6.5</reference>
          <reference href="https://www.isa.org/products/isa-62443-2-1-2009-security-for-industrial-automat">4.3.3.6.6</reference>
          <reference href="https://www.isa.org/products/isa-62443-2-1-2009-security-for-industrial-automat">4.3.3.6.7</reference>
          <reference href="https://www.isa.org/products/isa-62443-2-1-2009-security-for-industrial-automat">4.3.3.6.8</reference>
          <reference href="https://www.isa.org/products/isa-62443-2-1-2009-security-for-industrial-automat">4.3.3.6.9</reference>
          <reference href="https://www.isa.org/products/isa-62443-2-1-2009-security-for-industrial-automat">4.3.3.7.1</reference>
          <reference href="https://www.isa.org/products/isa-62443-2-1-2009-security-for-industrial-automat">4.3.3.7.2</reference>
          <reference href="https://www.isa.org/products/isa-62443-2-1-2009-security-for-industrial-automat">4.3.3.7.3</reference>
          <reference href="https://www.isa.org/products/isa-62443-2-1-2009-security-for-industrial-automat">4.3.3.7.4</reference>
          <reference href="https://www.isa.org/products/isa-62443-2-1-2009-security-for-industrial-automat">4.3.4.3.2</reference>
          <reference href="https://www.isa.org/products/isa-62443-2-1-2009-security-for-industrial-automat">4.3.4.3.3</reference>
          <reference href="https://www.isa.org/products/ansi-isa-62443-3-3-99-03-03-2013-security-for-indu">SR 1.1</reference>
          <reference href="https://www.isa.org/products/ansi-isa-62443-3-3-99-03-03-2013-security-for-indu">SR 1.10</reference>
          <reference href="https://www.isa.org/products/ansi-isa-62443-3-3-99-03-03-2013-security-for-indu">SR 1.11</reference>
          <reference href="https://www.isa.org/products/ansi-isa-62443-3-3-99-03-03-2013-security-for-indu">SR 1.12</reference>
          <reference href="https://www.isa.org/products/ansi-isa-62443-3-3-99-03-03-2013-security-for-indu">SR 1.13</reference>
          <reference href="https://www.isa.org/products/ansi-isa-62443-3-3-99-03-03-2013-security-for-indu">SR 1.2</reference>
          <reference href="https://www.isa.org/products/ansi-isa-62443-3-3-99-03-03-2013-security-for-indu">SR 1.3</reference>
          <reference href="https://www.isa.org/products/ansi-isa-62443-3-3-99-03-03-2013-security-for-indu">SR 1.4</reference>
          <reference href="https://www.isa.org/products/ansi-isa-62443-3-3-99-03-03-2013-security-for-indu">SR 1.5</reference>
          <reference href="https://www.isa.org/products/ansi-isa-62443-3-3-99-03-03-2013-security-for-indu">SR 1.6</reference>
          <reference href="https://www.isa.org/products/ansi-isa-62443-3-3-99-03-03-2013-security-for-indu">SR 1.7</reference>
          <reference href="https://www.isa.org/products/ansi-isa-62443-3-3-99-03-03-2013-security-for-indu">SR 1.8</reference>
          <reference href="https://www.isa.org/products/ansi-isa-62443-3-3-99-03-03-2013-security-for-indu">SR 1.9</reference>
          <reference href="https://www.isa.org/products/ansi-isa-62443-3-3-99-03-03-2013-security-for-indu">SR 2.1</reference>
          <reference href="https://www.isa.org/products/ansi-isa-62443-3-3-99-03-03-2013-security-for-indu">SR 2.2</reference>
          <reference href="https://www.isa.org/products/ansi-isa-62443-3-3-99-03-03-2013-security-for-indu">SR 2.3</reference>
          <reference href="https://www.isa.org/products/ansi-isa-62443-3-3-99-03-03-2013-security-for-indu">SR 2.4</reference>
          <reference href="https://www.isa.org/products/ansi-isa-62443-3-3-99-03-03-2013-security-for-indu">SR 2.5</reference>
          <reference href="https://www.isa.org/products/ansi-isa-62443-3-3-99-03-03-2013-security-for-indu">SR 2.6</reference>
          <reference href="https://www.isa.org/products/ansi-isa-62443-3-3-99-03-03-2013-security-for-indu">SR 2.7</reference>
          <reference href="https://www.isa.org/products/ansi-isa-62443-3-3-99-03-03-2013-security-for-indu">SR 3.1</reference>
          <reference href="https://www.isa.org/products/ansi-isa-62443-3-3-99-03-03-2013-security-for-indu">SR 3.5</reference>
          <reference href="https://www.isa.org/products/ansi-isa-62443-3-3-99-03-03-2013-security-for-indu">SR 3.8</reference>
          <reference href="https://www.isa.org/products/ansi-isa-62443-3-3-99-03-03-2013-security-for-indu">SR 4.1</reference>
          <reference href="https://www.isa.org/products/ansi-isa-62443-3-3-99-03-03-2013-security-for-indu">SR 4.3</reference>
          <reference href="https://www.isa.org/products/ansi-isa-62443-3-3-99-03-03-2013-security-for-indu">SR 5.1</reference>
          <reference href="https://www.isa.org/products/ansi-isa-62443-3-3-99-03-03-2013-security-for-indu">SR 5.2</reference>
          <reference href="https://www.isa.org/products/ansi-isa-62443-3-3-99-03-03-2013-security-for-indu">SR 5.3</reference>
          <reference href="https://www.isa.org/products/ansi-isa-62443-3-3-99-03-03-2013-security-for-indu">SR 7.1</reference>
          <reference href="https://www.isa.org/products/ansi-isa-62443-3-3-99-03-03-2013-security-for-indu">SR 7.6</reference>
          <reference href="https://www.iso.org/contents/data/standard/05/45/54534.html">A.11.2.6</reference>
          <reference href="https://www.iso.org/contents/data/standard/05/45/54534.html">A.12.1.2</reference>
          <reference href="https://www.iso.org/contents/data/standard/05/45/54534.html">A.12.5.1</reference>
          <reference href="https://www.iso.org/contents/data/standard/05/45/54534.html">A.12.6.2</reference>
          <reference href="https://www.iso.org/contents/data/standard/05/45/54534.html">A.13.1.1</reference>
          <reference href="https://www.iso.org/contents/data/standard/05/45/54534.html">A.13.2.1</reference>
          <reference href="https://www.iso.org/contents/data/standard/05/45/54534.html">A.14.1.3</reference>
          <reference href="https://www.iso.org/contents/data/standard/05/45/54534.html">A.14.2.2</reference>
          <reference href="https://www.iso.org/contents/data/standard/05/45/54534.html">A.14.2.3</reference>
          <reference href="https://www.iso.org/contents/data/standard/05/45/54534.html">A.14.2.4</reference>
          <reference href="https://www.iso.org/contents/data/standard/05/45/54534.html">A.6.2.1</reference>
          <reference href="https://www.iso.org/contents/data/standard/05/45/54534.html">A.6.2.2</reference>
          <reference href="https://www.iso.org/contents/data/standard/05/45/54534.html">A.9.1.2</reference>
          <reference href="http://nvlpubs.nist.gov/nistpubs/SpecialPublications/NIST.SP.800-53r4.pdf">CM-7(a)</reference>
          <reference href="http://nvlpubs.nist.gov/nistpubs/SpecialPublications/NIST.SP.800-53r4.pdf">CM-7(b)</reference>
          <reference href="http://nvlpubs.nist.gov/nistpubs/SpecialPublications/NIST.SP.800-53r4.pdf">CM-6(a)</reference>
          <reference href="https://nvlpubs.nist.gov/nistpubs/CSWP/NIST.CSWP.04162018.pdf">PR.AC-3</reference>
          <reference href="https://nvlpubs.nist.gov/nistpubs/CSWP/NIST.CSWP.04162018.pdf">PR.IP-1</reference>
          <reference href="https://nvlpubs.nist.gov/nistpubs/CSWP/NIST.CSWP.04162018.pdf">PR.PT-3</reference>
          <reference href="https://nvlpubs.nist.gov/nistpubs/CSWP/NIST.CSWP.04162018.pdf">PR.PT-4</reference>
          <reference href="https://cyber.gouv.fr/sites/default/files/document/linux_configuration-en-v2.pdf">R62</reference>
          <reference href="https://www.cisecurity.org/benchmark/ubuntu_linux/">2.1.19</reference>
          <reference href="https://docs-prv.pcisecuritystandards.org/PCI%20DSS/Standard/PCI-DSS-v4_0.pdf">2.2.4</reference>
          <reference href="https://docs-prv.pcisecuritystandards.org/PCI%20DSS/Standard/PCI-DSS-v4_0.pdf">2.2</reference>
          <rationale xmlns:xhtml="http://www.w3.org/1999/xhtml" xml:lang="en-US">Removing the <html:code xmlns:html="http://www.w3.org/1999/xhtml">xinetd</html:code> package decreases the risk of the
xinetd service's accidental (or intentional) activation.</rationale>
          <fix xmlns:xhtml="http://www.w3.org/1999/xhtml" id="package_xinetd_removed" system="urn:xccdf:fix:script:puppet" complexity="low" disruption="low" strategy="disable">include remove_xinetd

class remove_xinetd {
  package { 'xinetd':
    ensure =&gt; 'purged',
  }
}
</fix>
          <fix xmlns:xhtml="http://www.w3.org/1999/xhtml" id="package_xinetd_removed" system="urn:xccdf:fix:script:ansible" complexity="low" disruption="low" strategy="disable">- name: Gather the package facts
  package_facts:
    manager: auto
  tags:
  - NIST-800-53-CM-6(a)
  - NIST-800-53-CM-7(a)
  - NIST-800-53-CM-7(b)
  - PCI-DSSv4-2.2
  - PCI-DSSv4-2.2.4
  - disable_strategy
  - low_complexity
  - low_disruption
  - low_severity
  - no_reboot_needed
  - package_xinetd_removed

- name: Ensure xinetd is removed
  package:
    name: xinetd
    state: absent
  when: '"linux-base" in ansible_facts.packages'
  tags:
  - NIST-800-53-CM-6(a)
  - NIST-800-53-CM-7(a)
  - NIST-800-53-CM-7(b)
  - PCI-DSSv4-2.2
  - PCI-DSSv4-2.2.4
  - disable_strategy
  - low_complexity
  - low_disruption
  - low_severity
  - no_reboot_needed
  - package_xinetd_removed
</fix>
          <fix xmlns:xhtml="http://www.w3.org/1999/xhtml" id="package_xinetd_removed" system="urn:xccdf:fix:script:sh" complexity="low" disruption="low" strategy="disable"># Remediation is applicable only in certain platforms
if dpkg-query --show --showformat='${db:Status-Status}
' 'linux-base' 2&gt;/dev/null | grep -q ^installed; then

# CAUTION: This remediation script will remove xinetd
#	   from the system, and may remove any packages
#	   that depend on xinetd. Execute this
#	   remediation AFTER testing on a non-production
#	   system!

DEBIAN_FRONTEND=noninteractive apt-get remove -y "xinetd"

else
    &gt;&amp;2 echo 'Remediation is not applicable, nothing was done'
fi
</fix>
          <check system="http://oval.mitre.org/XMLSchema/oval-definitions-5">
            <check-content-ref name="oval:ssg-package_xinetd_removed:def:1" href="ssg-ubuntu2404-oval.xml"/>
          </check>
          <check system="http://scap.nist.gov/schema/ocil/2">
            <check-content-ref name="ocil:ssg-package_xinetd_removed_ocil:questionnaire:1" href="ssg-ubuntu2404-ocil.xml"/>
          </check>
        </Rule>
        <Rule id="xccdf_org.ssgproject.content_rule_service_xinetd_disabled" selected="false" role="full" severity="medium">
          <title xmlns:xhtml="http://www.w3.org/1999/xhtml" xml:lang="en-US">Disable xinetd Service</title>
          <description xmlns:xhtml="http://www.w3.org/1999/xhtml" xml:lang="en-US">
The <html:code xmlns:html="http://www.w3.org/1999/xhtml">xinetd</html:code> service can be disabled with the following command:
<html:pre xmlns:html="http://www.w3.org/1999/xhtml">$ sudo systemctl mask --now xinetd.service</html:pre>
       </description>
          <reference href="https://www.cisecurity.org/controls/">11</reference>
          <reference href="https://www.cisecurity.org/controls/">12</reference>
          <reference href="https://www.cisecurity.org/controls/">14</reference>
          <reference href="https://www.cisecurity.org/controls/">15</reference>
          <reference href="https://www.cisecurity.org/controls/">3</reference>
          <reference href="https://www.cisecurity.org/controls/">8</reference>
          <reference href="https://www.cisecurity.org/controls/">9</reference>
          <reference href="https://www.isaca.org/resources/cobit">APO13.01</reference>
          <reference href="https://www.isaca.org/resources/cobit">BAI10.01</reference>
          <reference href="https://www.isaca.org/resources/cobit">BAI10.02</reference>
          <reference href="https://www.isaca.org/resources/cobit">BAI10.03</reference>
          <reference href="https://www.isaca.org/resources/cobit">BAI10.05</reference>
          <reference href="https://www.isaca.org/resources/cobit">DSS01.04</reference>
          <reference href="https://www.isaca.org/resources/cobit">DSS05.02</reference>
          <reference href="https://www.isaca.org/resources/cobit">DSS05.03</reference>
          <reference href="https://www.isaca.org/resources/cobit">DSS05.05</reference>
          <reference href="https://www.isaca.org/resources/cobit">DSS06.06</reference>
          <reference href="http://nvlpubs.nist.gov/nistpubs/SpecialPublications/NIST.SP.800-171.pdf">3.4.7</reference>
          <reference href="https://public.cyber.mil/stigs/cci/">CCI-000305</reference>
          <reference href="https://www.gpo.gov/fdsys/pkg/CFR-2007-title45-vol1/pdf/CFR-2007-title45-vol1-chapA-subchapC.pdf">164.308(a)(4)(i)</reference>
          <reference href="https://www.gpo.gov/fdsys/pkg/CFR-2007-title45-vol1/pdf/CFR-2007-title45-vol1-chapA-subchapC.pdf">164.308(b)(1)</reference>
          <reference href="https://www.gpo.gov/fdsys/pkg/CFR-2007-title45-vol1/pdf/CFR-2007-title45-vol1-chapA-subchapC.pdf">164.308(b)(3)</reference>
          <reference href="https://www.gpo.gov/fdsys/pkg/CFR-2007-title45-vol1/pdf/CFR-2007-title45-vol1-chapA-subchapC.pdf">164.310(b)</reference>
          <reference href="https://www.gpo.gov/fdsys/pkg/CFR-2007-title45-vol1/pdf/CFR-2007-title45-vol1-chapA-subchapC.pdf">164.312(e)(1)</reference>
          <reference href="https://www.gpo.gov/fdsys/pkg/CFR-2007-title45-vol1/pdf/CFR-2007-title45-vol1-chapA-subchapC.pdf">164.312(e)(2)(ii)</reference>
          <reference href="https://www.isa.org/products/isa-62443-2-1-2009-security-for-industrial-automat">4.3.3.5.1</reference>
          <reference href="https://www.isa.org/products/isa-62443-2-1-2009-security-for-industrial-automat">4.3.3.5.2</reference>
          <reference href="https://www.isa.org/products/isa-62443-2-1-2009-security-for-industrial-automat">4.3.3.5.3</reference>
          <reference href="https://www.isa.org/products/isa-62443-2-1-2009-security-for-industrial-automat">4.3.3.5.4</reference>
          <reference href="https://www.isa.org/products/isa-62443-2-1-2009-security-for-industrial-automat">4.3.3.5.5</reference>
          <reference href="https://www.isa.org/products/isa-62443-2-1-2009-security-for-industrial-automat">4.3.3.5.6</reference>
          <reference href="https://www.isa.org/products/isa-62443-2-1-2009-security-for-industrial-automat">4.3.3.5.7</reference>
          <reference href="https://www.isa.org/products/isa-62443-2-1-2009-security-for-industrial-automat">4.3.3.5.8</reference>
          <reference href="https://www.isa.org/products/isa-62443-2-1-2009-security-for-industrial-automat">4.3.3.6.1</reference>
          <reference href="https://www.isa.org/products/isa-62443-2-1-2009-security-for-industrial-automat">4.3.3.6.2</reference>
          <reference href="https://www.isa.org/products/isa-62443-2-1-2009-security-for-industrial-automat">4.3.3.6.3</reference>
          <reference href="https://www.isa.org/products/isa-62443-2-1-2009-security-for-industrial-automat">4.3.3.6.4</reference>
          <reference href="https://www.isa.org/products/isa-62443-2-1-2009-security-for-industrial-automat">4.3.3.6.5</reference>
          <reference href="https://www.isa.org/products/isa-62443-2-1-2009-security-for-industrial-automat">4.3.3.6.6</reference>
          <reference href="https://www.isa.org/products/isa-62443-2-1-2009-security-for-industrial-automat">4.3.3.6.7</reference>
          <reference href="https://www.isa.org/products/isa-62443-2-1-2009-security-for-industrial-automat">4.3.3.6.8</reference>
          <reference href="https://www.isa.org/products/isa-62443-2-1-2009-security-for-industrial-automat">4.3.3.6.9</reference>
          <reference href="https://www.isa.org/products/isa-62443-2-1-2009-security-for-industrial-automat">4.3.3.7.1</reference>
          <reference href="https://www.isa.org/products/isa-62443-2-1-2009-security-for-industrial-automat">4.3.3.7.2</reference>
          <reference href="https://www.isa.org/products/isa-62443-2-1-2009-security-for-industrial-automat">4.3.3.7.3</reference>
          <reference href="https://www.isa.org/products/isa-62443-2-1-2009-security-for-industrial-automat">4.3.3.7.4</reference>
          <reference href="https://www.isa.org/products/isa-62443-2-1-2009-security-for-industrial-automat">4.3.4.3.2</reference>
          <reference href="https://www.isa.org/products/isa-62443-2-1-2009-security-for-industrial-automat">4.3.4.3.3</reference>
          <reference href="https://www.isa.org/products/ansi-isa-62443-3-3-99-03-03-2013-security-for-indu">SR 1.1</reference>
          <reference href="https://www.isa.org/products/ansi-isa-62443-3-3-99-03-03-2013-security-for-indu">SR 1.10</reference>
          <reference href="https://www.isa.org/products/ansi-isa-62443-3-3-99-03-03-2013-security-for-indu">SR 1.11</reference>
          <reference href="https://www.isa.org/products/ansi-isa-62443-3-3-99-03-03-2013-security-for-indu">SR 1.12</reference>
          <reference href="https://www.isa.org/products/ansi-isa-62443-3-3-99-03-03-2013-security-for-indu">SR 1.13</reference>
          <reference href="https://www.isa.org/products/ansi-isa-62443-3-3-99-03-03-2013-security-for-indu">SR 1.2</reference>
          <reference href="https://www.isa.org/products/ansi-isa-62443-3-3-99-03-03-2013-security-for-indu">SR 1.3</reference>
          <reference href="https://www.isa.org/products/ansi-isa-62443-3-3-99-03-03-2013-security-for-indu">SR 1.4</reference>
          <reference href="https://www.isa.org/products/ansi-isa-62443-3-3-99-03-03-2013-security-for-indu">SR 1.5</reference>
          <reference href="https://www.isa.org/products/ansi-isa-62443-3-3-99-03-03-2013-security-for-indu">SR 1.6</reference>
          <reference href="https://www.isa.org/products/ansi-isa-62443-3-3-99-03-03-2013-security-for-indu">SR 1.7</reference>
          <reference href="https://www.isa.org/products/ansi-isa-62443-3-3-99-03-03-2013-security-for-indu">SR 1.8</reference>
          <reference href="https://www.isa.org/products/ansi-isa-62443-3-3-99-03-03-2013-security-for-indu">SR 1.9</reference>
          <reference href="https://www.isa.org/products/ansi-isa-62443-3-3-99-03-03-2013-security-for-indu">SR 2.1</reference>
          <reference href="https://www.isa.org/products/ansi-isa-62443-3-3-99-03-03-2013-security-for-indu">SR 2.2</reference>
          <reference href="https://www.isa.org/products/ansi-isa-62443-3-3-99-03-03-2013-security-for-indu">SR 2.3</reference>
          <reference href="https://www.isa.org/products/ansi-isa-62443-3-3-99-03-03-2013-security-for-indu">SR 2.4</reference>
          <reference href="https://www.isa.org/products/ansi-isa-62443-3-3-99-03-03-2013-security-for-indu">SR 2.5</reference>
          <reference href="https://www.isa.org/products/ansi-isa-62443-3-3-99-03-03-2013-security-for-indu">SR 2.6</reference>
          <reference href="https://www.isa.org/products/ansi-isa-62443-3-3-99-03-03-2013-security-for-indu">SR 2.7</reference>
          <reference href="https://www.isa.org/products/ansi-isa-62443-3-3-99-03-03-2013-security-for-indu">SR 3.1</reference>
          <reference href="https://www.isa.org/products/ansi-isa-62443-3-3-99-03-03-2013-security-for-indu">SR 3.5</reference>
          <reference href="https://www.isa.org/products/ansi-isa-62443-3-3-99-03-03-2013-security-for-indu">SR 3.8</reference>
          <reference href="https://www.isa.org/products/ansi-isa-62443-3-3-99-03-03-2013-security-for-indu">SR 4.1</reference>
          <reference href="https://www.isa.org/products/ansi-isa-62443-3-3-99-03-03-2013-security-for-indu">SR 4.3</reference>
          <reference href="https://www.isa.org/products/ansi-isa-62443-3-3-99-03-03-2013-security-for-indu">SR 5.1</reference>
          <reference href="https://www.isa.org/products/ansi-isa-62443-3-3-99-03-03-2013-security-for-indu">SR 5.2</reference>
          <reference href="https://www.isa.org/products/ansi-isa-62443-3-3-99-03-03-2013-security-for-indu">SR 5.3</reference>
          <reference href="https://www.isa.org/products/ansi-isa-62443-3-3-99-03-03-2013-security-for-indu">SR 7.1</reference>
          <reference href="https://www.isa.org/products/ansi-isa-62443-3-3-99-03-03-2013-security-for-indu">SR 7.6</reference>
          <reference href="https://www.iso.org/contents/data/standard/05/45/54534.html">A.11.2.6</reference>
          <reference href="https://www.iso.org/contents/data/standard/05/45/54534.html">A.12.1.2</reference>
          <reference href="https://www.iso.org/contents/data/standard/05/45/54534.html">A.12.5.1</reference>
          <reference href="https://www.iso.org/contents/data/standard/05/45/54534.html">A.12.6.2</reference>
          <reference href="https://www.iso.org/contents/data/standard/05/45/54534.html">A.13.1.1</reference>
          <reference href="https://www.iso.org/contents/data/standard/05/45/54534.html">A.13.2.1</reference>
          <reference href="https://www.iso.org/contents/data/standard/05/45/54534.html">A.14.1.3</reference>
          <reference href="https://www.iso.org/contents/data/standard/05/45/54534.html">A.14.2.2</reference>
          <reference href="https://www.iso.org/contents/data/standard/05/45/54534.html">A.14.2.3</reference>
          <reference href="https://www.iso.org/contents/data/standard/05/45/54534.html">A.14.2.4</reference>
          <reference href="https://www.iso.org/contents/data/standard/05/45/54534.html">A.6.2.1</reference>
          <reference href="https://www.iso.org/contents/data/standard/05/45/54534.html">A.6.2.2</reference>
          <reference href="https://www.iso.org/contents/data/standard/05/45/54534.html">A.9.1.2</reference>
          <reference href="http://nvlpubs.nist.gov/nistpubs/SpecialPublications/NIST.SP.800-53r4.pdf">CM-7(a)</reference>
          <reference href="http://nvlpubs.nist.gov/nistpubs/SpecialPublications/NIST.SP.800-53r4.pdf">CM-7(b)</reference>
          <reference href="http://nvlpubs.nist.gov/nistpubs/SpecialPublications/NIST.SP.800-53r4.pdf">CM-6(a)</reference>
          <reference href="https://nvlpubs.nist.gov/nistpubs/CSWP/NIST.CSWP.04162018.pdf">PR.AC-3</reference>
          <reference href="https://nvlpubs.nist.gov/nistpubs/CSWP/NIST.CSWP.04162018.pdf">PR.IP-1</reference>
          <reference href="https://nvlpubs.nist.gov/nistpubs/CSWP/NIST.CSWP.04162018.pdf">PR.PT-3</reference>
          <reference href="https://nvlpubs.nist.gov/nistpubs/CSWP/NIST.CSWP.04162018.pdf">PR.PT-4</reference>
          <reference href="https://www.cisecurity.org/benchmark/ubuntu_linux/">2.1.19</reference>
          <rationale xmlns:xhtml="http://www.w3.org/1999/xhtml" xml:lang="en-US">The xinetd service provides a dedicated listener service for some programs,
which is no longer necessary for commonly-used network services. Disabling
it ensures that these uncommon services are not running, and also prevents
attacks against xinetd itself.</rationale>
          <fix xmlns:xhtml="http://www.w3.org/1999/xhtml" id="service_xinetd_disabled" system="urn:redhat:osbuild:blueprint">
[customizations.services]
masked = ["xinetd"]
</fix>
          <fix xmlns:xhtml="http://www.w3.org/1999/xhtml" id="service_xinetd_disabled" system="urn:xccdf:fix:script:puppet" complexity="low" disruption="low" strategy="enable">include disable_xinetd

class disable_xinetd {
  service {'xinetd':
    enable =&gt; false,
    ensure =&gt; 'stopped',
  }
}
</fix>
          <fix xmlns:xhtml="http://www.w3.org/1999/xhtml" id="service_xinetd_disabled" system="urn:xccdf:fix:script:ansible" complexity="low" disruption="low" strategy="disable">- name: Gather the package facts
  package_facts:
    manager: auto
  tags:
  - NIST-800-171-3.4.7
  - NIST-800-53-CM-6(a)
  - NIST-800-53-CM-7(a)
  - NIST-800-53-CM-7(b)
  - disable_strategy
  - low_complexity
  - low_disruption
  - medium_severity
  - no_reboot_needed
  - service_xinetd_disabled

- name: Disable xinetd Service - Collect systemd Services Present in the System
  ansible.builtin.command: systemctl -q list-unit-files --type service
  register: service_exists
  changed_when: false
  failed_when: service_exists.rc not in [0, 1]
  check_mode: false
  when: '"linux-base" in ansible_facts.packages'
  tags:
  - NIST-800-171-3.4.7
  - NIST-800-53-CM-6(a)
  - NIST-800-53-CM-7(a)
  - NIST-800-53-CM-7(b)
  - disable_strategy
  - low_complexity
  - low_disruption
  - medium_severity
  - no_reboot_needed
  - service_xinetd_disabled

- name: Disable xinetd Service - Ensure xinetd.service is Masked
  ansible.builtin.systemd:
    name: xinetd.service
    state: stopped
    enabled: false
    masked: true
  when:
  - '"linux-base" in ansible_facts.packages'
  - service_exists.stdout_lines is search("xinetd.service", multiline=True)
  tags:
  - NIST-800-171-3.4.7
  - NIST-800-53-CM-6(a)
  - NIST-800-53-CM-7(a)
  - NIST-800-53-CM-7(b)
  - disable_strategy
  - low_complexity
  - low_disruption
  - medium_severity
  - no_reboot_needed
  - service_xinetd_disabled

- name: Unit Socket Exists - xinetd.socket
  ansible.builtin.command: systemctl -q list-unit-files xinetd.socket
  register: socket_file_exists
  changed_when: false
  failed_when: socket_file_exists.rc not in [0, 1]
  check_mode: false
  when: '"linux-base" in ansible_facts.packages'
  tags:
  - NIST-800-171-3.4.7
  - NIST-800-53-CM-6(a)
  - NIST-800-53-CM-7(a)
  - NIST-800-53-CM-7(b)
  - disable_strategy
  - low_complexity
  - low_disruption
  - medium_severity
  - no_reboot_needed
  - service_xinetd_disabled

- name: Disable xinetd Service - Disable Socket xinetd
  ansible.builtin.systemd:
    name: xinetd.socket
    enabled: false
    state: stopped
    masked: true
  when:
  - '"linux-base" in ansible_facts.packages'
  - socket_file_exists.stdout_lines is search("xinetd.socket", multiline=True)
  tags:
  - NIST-800-171-3.4.7
  - NIST-800-53-CM-6(a)
  - NIST-800-53-CM-7(a)
  - NIST-800-53-CM-7(b)
  - disable_strategy
  - low_complexity
  - low_disruption
  - medium_severity
  - no_reboot_needed
  - service_xinetd_disabled
</fix>
          <fix xmlns:xhtml="http://www.w3.org/1999/xhtml" id="service_xinetd_disabled" system="urn:xccdf:fix:script:sh" complexity="low" disruption="low" strategy="disable"># Remediation is applicable only in certain platforms
if dpkg-query --show --showformat='${db:Status-Status}
' 'linux-base' 2&gt;/dev/null | grep -q ^installed; then

SYSTEMCTL_EXEC='/usr/bin/systemctl'
if [[ $("$SYSTEMCTL_EXEC" is-system-running) != "offline" ]]; then
  "$SYSTEMCTL_EXEC" stop 'xinetd.service'
fi
"$SYSTEMCTL_EXEC" disable 'xinetd.service'
"$SYSTEMCTL_EXEC" mask 'xinetd.service'
# Disable socket activation if we have a unit file for it
if "$SYSTEMCTL_EXEC" -q list-unit-files xinetd.socket; then
    if [[ $("$SYSTEMCTL_EXEC" is-system-running) != "offline" ]]; then
      "$SYSTEMCTL_EXEC" stop 'xinetd.socket'
    fi
    "$SYSTEMCTL_EXEC" mask 'xinetd.socket'
fi
# The service may not be running because it has been started and failed,
# so let's reset the state so OVAL checks pass.
# Service should be 'inactive', not 'failed' after reboot though.
"$SYSTEMCTL_EXEC" reset-failed 'xinetd.service' || true

else
    &gt;&amp;2 echo 'Remediation is not applicable, nothing was done'
fi
</fix>
          <fix xmlns:xhtml="http://www.w3.org/1999/xhtml" id="service_xinetd_disabled" system="urn:xccdf:fix:script:kubernetes" reboot="true" complexity="low" disruption="medium" strategy="disable">apiVersion: machineconfiguration.openshift.io/v1
kind: MachineConfig
spec:
  config:
    ignition:
      version: 3.1.0
    systemd:
      units:
      - name: xinetd.service
        enabled: false
        mask: true
      - name: xinetd.socket
        enabled: false
        mask: true
</fix>
          <check system="http://oval.mitre.org/XMLSchema/oval-definitions-5">
            <check-content-ref name="oval:ssg-service_xinetd_disabled:def:1" href="ssg-ubuntu2404-oval.xml"/>
          </check>
          <check system="http://scap.nist.gov/schema/ocil/2">
            <check-content-ref name="ocil:ssg-service_xinetd_disabled_ocil:questionnaire:1" href="ssg-ubuntu2404-ocil.xml"/>
          </check>
        </Rule>
      </Group>
      <Group id="xccdf_org.ssgproject.content_group_nis">
        <title xmlns:xhtml="http://www.w3.org/1999/xhtml" xml:lang="en-US">NIS</title>
        <description xmlns:xhtml="http://www.w3.org/1999/xhtml" xml:lang="en-US">The Network Information Service (NIS), also known as 'Yellow
Pages' (YP), and its successor NIS+ have been made obsolete by
Kerberos, LDAP, and other modern centralized authentication
services. NIS should not be used because it suffers from security
problems inherent in its design, such as inadequate protection of
important authentication information.</description>
        <Rule id="xccdf_org.ssgproject.content_rule_package_ypserv_removed" selected="false" role="full" severity="high">
          <title xmlns:xhtml="http://www.w3.org/1999/xhtml" xml:lang="en-US">Uninstall ypserv Package</title>
          <description xmlns:xhtml="http://www.w3.org/1999/xhtml" xml:lang="en-US">The <html:code xmlns:html="http://www.w3.org/1999/xhtml">ypserv</html:code> package can be removed with the following command:
<html:pre xmlns:html="http://www.w3.org/1999/xhtml">
$ apt-get remove ypserv</html:pre>
       </description>
          <reference href="https://www.cisecurity.org/controls/">11</reference>
          <reference href="https://www.cisecurity.org/controls/">12</reference>
          <reference href="https://www.cisecurity.org/controls/">14</reference>
          <reference href="https://www.cisecurity.org/controls/">15</reference>
          <reference href="https://www.cisecurity.org/controls/">3</reference>
          <reference href="https://www.cisecurity.org/controls/">8</reference>
          <reference href="https://www.cisecurity.org/controls/">9</reference>
          <reference href="https://www.isaca.org/resources/cobit">APO13.01</reference>
          <reference href="https://www.isaca.org/resources/cobit">BAI10.01</reference>
          <reference href="https://www.isaca.org/resources/cobit">BAI10.02</reference>
          <reference href="https://www.isaca.org/resources/cobit">BAI10.03</reference>
          <reference href="https://www.isaca.org/resources/cobit">BAI10.05</reference>
          <reference href="https://www.isaca.org/resources/cobit">DSS01.04</reference>
          <reference href="https://www.isaca.org/resources/cobit">DSS05.02</reference>
          <reference href="https://www.isaca.org/resources/cobit">DSS05.03</reference>
          <reference href="https://www.isaca.org/resources/cobit">DSS05.05</reference>
          <reference href="https://www.isaca.org/resources/cobit">DSS06.06</reference>
          <reference href="https://public.cyber.mil/stigs/cci/">CCI-000381</reference>
          <reference href="https://www.gpo.gov/fdsys/pkg/CFR-2007-title45-vol1/pdf/CFR-2007-title45-vol1-chapA-subchapC.pdf">164.308(a)(4)(i)</reference>
          <reference href="https://www.gpo.gov/fdsys/pkg/CFR-2007-title45-vol1/pdf/CFR-2007-title45-vol1-chapA-subchapC.pdf">164.308(b)(1)</reference>
          <reference href="https://www.gpo.gov/fdsys/pkg/CFR-2007-title45-vol1/pdf/CFR-2007-title45-vol1-chapA-subchapC.pdf">164.308(b)(3)</reference>
          <reference href="https://www.gpo.gov/fdsys/pkg/CFR-2007-title45-vol1/pdf/CFR-2007-title45-vol1-chapA-subchapC.pdf">164.310(b)</reference>
          <reference href="https://www.gpo.gov/fdsys/pkg/CFR-2007-title45-vol1/pdf/CFR-2007-title45-vol1-chapA-subchapC.pdf">164.312(e)(1)</reference>
          <reference href="https://www.gpo.gov/fdsys/pkg/CFR-2007-title45-vol1/pdf/CFR-2007-title45-vol1-chapA-subchapC.pdf">164.312(e)(2)(ii)</reference>
          <reference href="https://www.isa.org/products/isa-62443-2-1-2009-security-for-industrial-automat">4.3.3.5.1</reference>
          <reference href="https://www.isa.org/products/isa-62443-2-1-2009-security-for-industrial-automat">4.3.3.5.2</reference>
          <reference href="https://www.isa.org/products/isa-62443-2-1-2009-security-for-industrial-automat">4.3.3.5.3</reference>
          <reference href="https://www.isa.org/products/isa-62443-2-1-2009-security-for-industrial-automat">4.3.3.5.4</reference>
          <reference href="https://www.isa.org/products/isa-62443-2-1-2009-security-for-industrial-automat">4.3.3.5.5</reference>
          <reference href="https://www.isa.org/products/isa-62443-2-1-2009-security-for-industrial-automat">4.3.3.5.6</reference>
          <reference href="https://www.isa.org/products/isa-62443-2-1-2009-security-for-industrial-automat">4.3.3.5.7</reference>
          <reference href="https://www.isa.org/products/isa-62443-2-1-2009-security-for-industrial-automat">4.3.3.5.8</reference>
          <reference href="https://www.isa.org/products/isa-62443-2-1-2009-security-for-industrial-automat">4.3.3.6.1</reference>
          <reference href="https://www.isa.org/products/isa-62443-2-1-2009-security-for-industrial-automat">4.3.3.6.2</reference>
          <reference href="https://www.isa.org/products/isa-62443-2-1-2009-security-for-industrial-automat">4.3.3.6.3</reference>
          <reference href="https://www.isa.org/products/isa-62443-2-1-2009-security-for-industrial-automat">4.3.3.6.4</reference>
          <reference href="https://www.isa.org/products/isa-62443-2-1-2009-security-for-industrial-automat">4.3.3.6.5</reference>
          <reference href="https://www.isa.org/products/isa-62443-2-1-2009-security-for-industrial-automat">4.3.3.6.6</reference>
          <reference href="https://www.isa.org/products/isa-62443-2-1-2009-security-for-industrial-automat">4.3.3.6.7</reference>
          <reference href="https://www.isa.org/products/isa-62443-2-1-2009-security-for-industrial-automat">4.3.3.6.8</reference>
          <reference href="https://www.isa.org/products/isa-62443-2-1-2009-security-for-industrial-automat">4.3.3.6.9</reference>
          <reference href="https://www.isa.org/products/isa-62443-2-1-2009-security-for-industrial-automat">4.3.3.7.1</reference>
          <reference href="https://www.isa.org/products/isa-62443-2-1-2009-security-for-industrial-automat">4.3.3.7.2</reference>
          <reference href="https://www.isa.org/products/isa-62443-2-1-2009-security-for-industrial-automat">4.3.3.7.3</reference>
          <reference href="https://www.isa.org/products/isa-62443-2-1-2009-security-for-industrial-automat">4.3.3.7.4</reference>
          <reference href="https://www.isa.org/products/isa-62443-2-1-2009-security-for-industrial-automat">4.3.4.3.2</reference>
          <reference href="https://www.isa.org/products/isa-62443-2-1-2009-security-for-industrial-automat">4.3.4.3.3</reference>
          <reference href="https://www.isa.org/products/ansi-isa-62443-3-3-99-03-03-2013-security-for-indu">SR 1.1</reference>
          <reference href="https://www.isa.org/products/ansi-isa-62443-3-3-99-03-03-2013-security-for-indu">SR 1.10</reference>
          <reference href="https://www.isa.org/products/ansi-isa-62443-3-3-99-03-03-2013-security-for-indu">SR 1.11</reference>
          <reference href="https://www.isa.org/products/ansi-isa-62443-3-3-99-03-03-2013-security-for-indu">SR 1.12</reference>
          <reference href="https://www.isa.org/products/ansi-isa-62443-3-3-99-03-03-2013-security-for-indu">SR 1.13</reference>
          <reference href="https://www.isa.org/products/ansi-isa-62443-3-3-99-03-03-2013-security-for-indu">SR 1.2</reference>
          <reference href="https://www.isa.org/products/ansi-isa-62443-3-3-99-03-03-2013-security-for-indu">SR 1.3</reference>
          <reference href="https://www.isa.org/products/ansi-isa-62443-3-3-99-03-03-2013-security-for-indu">SR 1.4</reference>
          <reference href="https://www.isa.org/products/ansi-isa-62443-3-3-99-03-03-2013-security-for-indu">SR 1.5</reference>
          <reference href="https://www.isa.org/products/ansi-isa-62443-3-3-99-03-03-2013-security-for-indu">SR 1.6</reference>
          <reference href="https://www.isa.org/products/ansi-isa-62443-3-3-99-03-03-2013-security-for-indu">SR 1.7</reference>
          <reference href="https://www.isa.org/products/ansi-isa-62443-3-3-99-03-03-2013-security-for-indu">SR 1.8</reference>
          <reference href="https://www.isa.org/products/ansi-isa-62443-3-3-99-03-03-2013-security-for-indu">SR 1.9</reference>
          <reference href="https://www.isa.org/products/ansi-isa-62443-3-3-99-03-03-2013-security-for-indu">SR 2.1</reference>
          <reference href="https://www.isa.org/products/ansi-isa-62443-3-3-99-03-03-2013-security-for-indu">SR 2.2</reference>
          <reference href="https://www.isa.org/products/ansi-isa-62443-3-3-99-03-03-2013-security-for-indu">SR 2.3</reference>
          <reference href="https://www.isa.org/products/ansi-isa-62443-3-3-99-03-03-2013-security-for-indu">SR 2.4</reference>
          <reference href="https://www.isa.org/products/ansi-isa-62443-3-3-99-03-03-2013-security-for-indu">SR 2.5</reference>
          <reference href="https://www.isa.org/products/ansi-isa-62443-3-3-99-03-03-2013-security-for-indu">SR 2.6</reference>
          <reference href="https://www.isa.org/products/ansi-isa-62443-3-3-99-03-03-2013-security-for-indu">SR 2.7</reference>
          <reference href="https://www.isa.org/products/ansi-isa-62443-3-3-99-03-03-2013-security-for-indu">SR 3.1</reference>
          <reference href="https://www.isa.org/products/ansi-isa-62443-3-3-99-03-03-2013-security-for-indu">SR 3.5</reference>
          <reference href="https://www.isa.org/products/ansi-isa-62443-3-3-99-03-03-2013-security-for-indu">SR 3.8</reference>
          <reference href="https://www.isa.org/products/ansi-isa-62443-3-3-99-03-03-2013-security-for-indu">SR 4.1</reference>
          <reference href="https://www.isa.org/products/ansi-isa-62443-3-3-99-03-03-2013-security-for-indu">SR 4.3</reference>
          <reference href="https://www.isa.org/products/ansi-isa-62443-3-3-99-03-03-2013-security-for-indu">SR 5.1</reference>
          <reference href="https://www.isa.org/products/ansi-isa-62443-3-3-99-03-03-2013-security-for-indu">SR 5.2</reference>
          <reference href="https://www.isa.org/products/ansi-isa-62443-3-3-99-03-03-2013-security-for-indu">SR 5.3</reference>
          <reference href="https://www.isa.org/products/ansi-isa-62443-3-3-99-03-03-2013-security-for-indu">SR 7.1</reference>
          <reference href="https://www.isa.org/products/ansi-isa-62443-3-3-99-03-03-2013-security-for-indu">SR 7.6</reference>
          <reference href="https://www.iso.org/contents/data/standard/05/45/54534.html">A.11.2.6</reference>
          <reference href="https://www.iso.org/contents/data/standard/05/45/54534.html">A.12.1.2</reference>
          <reference href="https://www.iso.org/contents/data/standard/05/45/54534.html">A.12.5.1</reference>
          <reference href="https://www.iso.org/contents/data/standard/05/45/54534.html">A.12.6.2</reference>
          <reference href="https://www.iso.org/contents/data/standard/05/45/54534.html">A.13.1.1</reference>
          <reference href="https://www.iso.org/contents/data/standard/05/45/54534.html">A.13.2.1</reference>
          <reference href="https://www.iso.org/contents/data/standard/05/45/54534.html">A.14.1.3</reference>
          <reference href="https://www.iso.org/contents/data/standard/05/45/54534.html">A.14.2.2</reference>
          <reference href="https://www.iso.org/contents/data/standard/05/45/54534.html">A.14.2.3</reference>
          <reference href="https://www.iso.org/contents/data/standard/05/45/54534.html">A.14.2.4</reference>
          <reference href="https://www.iso.org/contents/data/standard/05/45/54534.html">A.6.2.1</reference>
          <reference href="https://www.iso.org/contents/data/standard/05/45/54534.html">A.6.2.2</reference>
          <reference href="https://www.iso.org/contents/data/standard/05/45/54534.html">A.9.1.2</reference>
          <reference href="http://nvlpubs.nist.gov/nistpubs/SpecialPublications/NIST.SP.800-53r4.pdf">CM-7(a)</reference>
          <reference href="http://nvlpubs.nist.gov/nistpubs/SpecialPublications/NIST.SP.800-53r4.pdf">CM-7(b)</reference>
          <reference href="http://nvlpubs.nist.gov/nistpubs/SpecialPublications/NIST.SP.800-53r4.pdf">CM-6(a)</reference>
          <reference href="http://nvlpubs.nist.gov/nistpubs/SpecialPublications/NIST.SP.800-53r4.pdf">IA-5(1)(c)</reference>
          <reference href="https://nvlpubs.nist.gov/nistpubs/CSWP/NIST.CSWP.04162018.pdf">PR.AC-3</reference>
          <reference href="https://nvlpubs.nist.gov/nistpubs/CSWP/NIST.CSWP.04162018.pdf">PR.IP-1</reference>
          <reference href="https://nvlpubs.nist.gov/nistpubs/CSWP/NIST.CSWP.04162018.pdf">PR.PT-3</reference>
          <reference href="https://nvlpubs.nist.gov/nistpubs/CSWP/NIST.CSWP.04162018.pdf">PR.PT-4</reference>
          <reference href="https://www.pcisecuritystandards.org/documents/PCI_DSS_v3-2-1.pdf">Req-2.2.2</reference>
          <reference href="https://public.cyber.mil/stigs/downloads/?_dl_facet_stigs=operating-systems%2Cgeneral-purpose-os">SRG-OS-000095-GPOS-00049</reference>
          <reference href="https://cyber.gouv.fr/sites/default/files/document/linux_configuration-en-v2.pdf">R62</reference>
          <reference href="https://www.cisecurity.org/benchmark/ubuntu_linux/">2.1.10</reference>
          <reference href="https://docs-prv.pcisecuritystandards.org/PCI%20DSS/Standard/PCI-DSS-v4_0.pdf">2.2.4</reference>
          <reference href="https://docs-prv.pcisecuritystandards.org/PCI%20DSS/Standard/PCI-DSS-v4_0.pdf">2.2</reference>
          <rationale xmlns:xhtml="http://www.w3.org/1999/xhtml" xml:lang="en-US">The NIS service provides an unencrypted authentication service which does
not provide for the confidentiality and integrity of user passwords or the
remote session.

Removing the <html:code xmlns:html="http://www.w3.org/1999/xhtml">ypserv</html:code> package decreases the risk of the accidental
(or intentional) activation of NIS or NIS+ services.</rationale>
          <fix xmlns:xhtml="http://www.w3.org/1999/xhtml" id="package_ypserv_removed" system="urn:xccdf:fix:script:puppet" complexity="low" disruption="low" strategy="disable">include remove_ypserv

class remove_ypserv {
  package { 'ypserv':
    ensure =&gt; 'purged',
  }
}
</fix>
          <fix xmlns:xhtml="http://www.w3.org/1999/xhtml" id="package_ypserv_removed" system="urn:xccdf:fix:script:ansible" complexity="low" disruption="low" strategy="disable">- name: Ensure ypserv is removed
  package:
    name: ypserv
    state: absent
  tags:
  - NIST-800-53-CM-6(a)
  - NIST-800-53-CM-7(a)
  - NIST-800-53-CM-7(b)
  - NIST-800-53-IA-5(1)(c)
  - PCI-DSS-Req-2.2.2
  - PCI-DSSv4-2.2
  - PCI-DSSv4-2.2.4
  - disable_strategy
  - high_severity
  - low_complexity
  - low_disruption
  - no_reboot_needed
  - package_ypserv_removed
</fix>
          <fix xmlns:xhtml="http://www.w3.org/1999/xhtml" id="package_ypserv_removed" system="urn:xccdf:fix:script:sh" complexity="low" disruption="low" strategy="disable">
# CAUTION: This remediation script will remove ypserv
#	   from the system, and may remove any packages
#	   that depend on ypserv. Execute this
#	   remediation AFTER testing on a non-production
#	   system!

DEBIAN_FRONTEND=noninteractive apt-get remove -y "ypserv"
</fix>
          <check system="http://oval.mitre.org/XMLSchema/oval-definitions-5">
            <check-content-ref name="oval:ssg-package_ypserv_removed:def:1" href="ssg-ubuntu2404-oval.xml"/>
          </check>
          <check system="http://scap.nist.gov/schema/ocil/2">
            <check-content-ref name="ocil:ssg-package_ypserv_removed_ocil:questionnaire:1" href="ssg-ubuntu2404-ocil.xml"/>
          </check>
        </Rule>
        <Rule id="xccdf_org.ssgproject.content_rule_service_ypserv_disabled" selected="false" role="full" severity="medium">
          <title xmlns:xhtml="http://www.w3.org/1999/xhtml" xml:lang="en-US">Disable ypserv Service</title>
          <description xmlns:xhtml="http://www.w3.org/1999/xhtml" xml:lang="en-US">The <html:code xmlns:html="http://www.w3.org/1999/xhtml">ypserv</html:code> service, which allows the system to act as a client in
a NIS or NIS+ domain, should be disabled.

The <html:code xmlns:html="http://www.w3.org/1999/xhtml">ypserv</html:code> service can be disabled with the following command:
<html:pre xmlns:html="http://www.w3.org/1999/xhtml">$ sudo systemctl mask --now ypserv.service</html:pre>
       </description>
          <reference href="https://www.cisecurity.org/benchmark/ubuntu_linux/">2.1.10</reference>
          <rationale xmlns:xhtml="http://www.w3.org/1999/xhtml" xml:lang="en-US">Disabling the <html:code xmlns:html="http://www.w3.org/1999/xhtml">ypserv</html:code> service ensures the system is not acting
as a client in a NIS or NIS+ domain. This service should be disabled
unless in use.</rationale>
          <platform idref="#system_with_kernel"/>
          <fix xmlns:xhtml="http://www.w3.org/1999/xhtml" id="service_ypserv_disabled" system="urn:redhat:osbuild:blueprint">
[customizations.services]
masked = ["ypserv"]
</fix>
          <fix xmlns:xhtml="http://www.w3.org/1999/xhtml" id="service_ypserv_disabled" system="urn:xccdf:fix:script:puppet" complexity="low" disruption="low" strategy="enable">include disable_ypserv

class disable_ypserv {
  service {'ypserv':
    enable =&gt; false,
    ensure =&gt; 'stopped',
  }
}
</fix>
          <fix xmlns:xhtml="http://www.w3.org/1999/xhtml" id="service_ypserv_disabled" system="urn:xccdf:fix:script:ansible" complexity="low" disruption="low" strategy="disable">- name: Gather the package facts
  package_facts:
    manager: auto
  tags:
  - disable_strategy
  - low_complexity
  - low_disruption
  - medium_severity
  - no_reboot_needed
  - service_ypserv_disabled

- name: Disable ypserv Service - Collect systemd Services Present in the System
  ansible.builtin.command: systemctl -q list-unit-files --type service
  register: service_exists
  changed_when: false
  failed_when: service_exists.rc not in [0, 1]
  check_mode: false
  when: '"linux-base" in ansible_facts.packages'
  tags:
  - disable_strategy
  - low_complexity
  - low_disruption
  - medium_severity
  - no_reboot_needed
  - service_ypserv_disabled

- name: Disable ypserv Service - Ensure ypserv.service is Masked
  ansible.builtin.systemd:
    name: ypserv.service
    state: stopped
    enabled: false
    masked: true
  when:
  - '"linux-base" in ansible_facts.packages'
  - service_exists.stdout_lines is search("ypserv.service", multiline=True)
  tags:
  - disable_strategy
  - low_complexity
  - low_disruption
  - medium_severity
  - no_reboot_needed
  - service_ypserv_disabled

- name: Unit Socket Exists - ypserv.socket
  ansible.builtin.command: systemctl -q list-unit-files ypserv.socket
  register: socket_file_exists
  changed_when: false
  failed_when: socket_file_exists.rc not in [0, 1]
  check_mode: false
  when: '"linux-base" in ansible_facts.packages'
  tags:
  - disable_strategy
  - low_complexity
  - low_disruption
  - medium_severity
  - no_reboot_needed
  - service_ypserv_disabled

- name: Disable ypserv Service - Disable Socket ypserv
  ansible.builtin.systemd:
    name: ypserv.socket
    enabled: false
    state: stopped
    masked: true
  when:
  - '"linux-base" in ansible_facts.packages'
  - socket_file_exists.stdout_lines is search("ypserv.socket", multiline=True)
  tags:
  - disable_strategy
  - low_complexity
  - low_disruption
  - medium_severity
  - no_reboot_needed
  - service_ypserv_disabled
</fix>
          <fix xmlns:xhtml="http://www.w3.org/1999/xhtml" id="service_ypserv_disabled" system="urn:xccdf:fix:script:sh" complexity="low" disruption="low" strategy="disable"># Remediation is applicable only in certain platforms
if dpkg-query --show --showformat='${db:Status-Status}
' 'linux-base' 2&gt;/dev/null | grep -q ^installed; then

SYSTEMCTL_EXEC='/usr/bin/systemctl'
if [[ $("$SYSTEMCTL_EXEC" is-system-running) != "offline" ]]; then
  "$SYSTEMCTL_EXEC" stop 'ypserv.service'
fi
"$SYSTEMCTL_EXEC" disable 'ypserv.service'
"$SYSTEMCTL_EXEC" mask 'ypserv.service'
# Disable socket activation if we have a unit file for it
if "$SYSTEMCTL_EXEC" -q list-unit-files ypserv.socket; then
    if [[ $("$SYSTEMCTL_EXEC" is-system-running) != "offline" ]]; then
      "$SYSTEMCTL_EXEC" stop 'ypserv.socket'
    fi
    "$SYSTEMCTL_EXEC" mask 'ypserv.socket'
fi
# The service may not be running because it has been started and failed,
# so let's reset the state so OVAL checks pass.
# Service should be 'inactive', not 'failed' after reboot though.
"$SYSTEMCTL_EXEC" reset-failed 'ypserv.service' || true

else
    &gt;&amp;2 echo 'Remediation is not applicable, nothing was done'
fi
</fix>
          <fix xmlns:xhtml="http://www.w3.org/1999/xhtml" id="service_ypserv_disabled" system="urn:xccdf:fix:script:kubernetes" reboot="true" complexity="low" disruption="medium" strategy="disable">apiVersion: machineconfiguration.openshift.io/v1
kind: MachineConfig
spec:
  config:
    ignition:
      version: 3.1.0
    systemd:
      units:
      - name: ypserv.service
        enabled: false
        mask: true
      - name: ypserv.socket
        enabled: false
        mask: true
</fix>
          <check system="http://oval.mitre.org/XMLSchema/oval-definitions-5">
            <check-content-ref name="oval:ssg-service_ypserv_disabled:def:1" href="ssg-ubuntu2404-oval.xml"/>
          </check>
          <check system="http://scap.nist.gov/schema/ocil/2">
            <check-content-ref name="ocil:ssg-service_ypserv_disabled_ocil:questionnaire:1" href="ssg-ubuntu2404-ocil.xml"/>
          </check>
        </Rule>
      </Group>
      <Group id="xccdf_org.ssgproject.content_group_r_services">
        <title xmlns:xhtml="http://www.w3.org/1999/xhtml" xml:lang="en-US">Rlogin, Rsh, and Rexec</title>
        <description xmlns:xhtml="http://www.w3.org/1999/xhtml" xml:lang="en-US">The Berkeley r-commands are legacy services which
allow cleartext remote access and have an insecure trust
model.</description>
        <Rule id="xccdf_org.ssgproject.content_rule_package_rsh_removed" selected="false" role="full" severity="unknown">
          <title xmlns:xhtml="http://www.w3.org/1999/xhtml" xml:lang="en-US">Uninstall rsh Package</title>
          <description xmlns:xhtml="http://www.w3.org/1999/xhtml" xml:lang="en-US">
The <html:code xmlns:html="http://www.w3.org/1999/xhtml">rsh-client</html:code> package contains the client commands

for the rsh services</description>
          <reference href="http://nvlpubs.nist.gov/nistpubs/SpecialPublications/NIST.SP.800-171.pdf">3.1.13</reference>
          <reference href="https://www.gpo.gov/fdsys/pkg/CFR-2007-title45-vol1/pdf/CFR-2007-title45-vol1-chapA-subchapC.pdf">164.308(a)(4)(i)</reference>
          <reference href="https://www.gpo.gov/fdsys/pkg/CFR-2007-title45-vol1/pdf/CFR-2007-title45-vol1-chapA-subchapC.pdf">164.308(b)(1)</reference>
          <reference href="https://www.gpo.gov/fdsys/pkg/CFR-2007-title45-vol1/pdf/CFR-2007-title45-vol1-chapA-subchapC.pdf">164.308(b)(3)</reference>
          <reference href="https://www.gpo.gov/fdsys/pkg/CFR-2007-title45-vol1/pdf/CFR-2007-title45-vol1-chapA-subchapC.pdf">164.310(b)</reference>
          <reference href="https://www.gpo.gov/fdsys/pkg/CFR-2007-title45-vol1/pdf/CFR-2007-title45-vol1-chapA-subchapC.pdf">164.312(e)(1)</reference>
          <reference href="https://www.gpo.gov/fdsys/pkg/CFR-2007-title45-vol1/pdf/CFR-2007-title45-vol1-chapA-subchapC.pdf">164.312(e)(2)(ii)</reference>
          <reference href="https://www.iso.org/contents/data/standard/05/45/54534.html">A.8.2.3</reference>
          <reference href="https://www.iso.org/contents/data/standard/05/45/54534.html">A.13.1.1</reference>
          <reference href="https://www.iso.org/contents/data/standard/05/45/54534.html">A.13.2.1</reference>
          <reference href="https://www.iso.org/contents/data/standard/05/45/54534.html">A.13.2.3</reference>
          <reference href="https://www.iso.org/contents/data/standard/05/45/54534.html">A.14.1.2</reference>
          <reference href="https://www.iso.org/contents/data/standard/05/45/54534.html">A.14.1.3</reference>
          <reference href="https://cyber.gouv.fr/sites/default/files/document/linux_configuration-en-v2.pdf">R62</reference>
          <reference href="https://www.cisecurity.org/benchmark/ubuntu_linux/">2.2.2</reference>
          <reference href="https://docs-prv.pcisecuritystandards.org/PCI%20DSS/Standard/PCI-DSS-v4_0.pdf">2.2.4</reference>
          <reference href="https://docs-prv.pcisecuritystandards.org/PCI%20DSS/Standard/PCI-DSS-v4_0.pdf">2.2</reference>
          <rationale xmlns:xhtml="http://www.w3.org/1999/xhtml" xml:lang="en-US">These legacy clients contain numerous security exposures and have
been replaced with the more secure SSH package. Even if the server is removed,
it is best to ensure the clients are also removed to prevent users from
inadvertently attempting to use these commands and therefore exposing

their credentials. Note that removing the <html:code xmlns:html="http://www.w3.org/1999/xhtml">rsh-client</html:code> package removes

the clients for <html:code xmlns:html="http://www.w3.org/1999/xhtml">rsh</html:code>,<html:code xmlns:html="http://www.w3.org/1999/xhtml">rcp</html:code>, and <html:code xmlns:html="http://www.w3.org/1999/xhtml">rlogin</html:code>.</rationale>
          <fix xmlns:xhtml="http://www.w3.org/1999/xhtml" id="package_rsh_removed" system="urn:xccdf:fix:script:puppet" complexity="low" disruption="low" strategy="disable">include remove_rsh-client

class remove_rsh-client {
  package { 'rsh-client':
    ensure =&gt; 'purged',
  }
}
</fix>
          <fix xmlns:xhtml="http://www.w3.org/1999/xhtml" id="package_rsh_removed" system="urn:xccdf:fix:script:ansible" complexity="low" disruption="low" strategy="disable">- name: Ensure rsh-client is removed
  package:
    name: rsh-client
    state: absent
  tags:
  - NIST-800-171-3.1.13
  - PCI-DSSv4-2.2
  - PCI-DSSv4-2.2.4
  - disable_strategy
  - low_complexity
  - low_disruption
  - no_reboot_needed
  - package_rsh_removed
  - unknown_severity
</fix>
          <fix xmlns:xhtml="http://www.w3.org/1999/xhtml" id="package_rsh_removed" system="urn:xccdf:fix:script:sh" complexity="low" disruption="low" strategy="disable">
# CAUTION: This remediation script will remove rsh-client
#	   from the system, and may remove any packages
#	   that depend on rsh-client. Execute this
#	   remediation AFTER testing on a non-production
#	   system!

DEBIAN_FRONTEND=noninteractive apt-get remove -y "rsh-client"
</fix>
          <check system="http://oval.mitre.org/XMLSchema/oval-definitions-5">
            <check-content-ref name="oval:ssg-package_rsh_removed:def:1" href="ssg-ubuntu2404-oval.xml"/>
          </check>
          <check system="http://scap.nist.gov/schema/ocil/2">
            <check-content-ref name="ocil:ssg-package_rsh_removed_ocil:questionnaire:1" href="ssg-ubuntu2404-ocil.xml"/>
          </check>
        </Rule>
        <Rule id="xccdf_org.ssgproject.content_rule_no_rsh_trust_files" selected="false" role="full" severity="high">
          <title xmlns:xhtml="http://www.w3.org/1999/xhtml" xml:lang="en-US">Remove Rsh Trust Files</title>
          <description xmlns:xhtml="http://www.w3.org/1999/xhtml" xml:lang="en-US">The files <html:code xmlns:html="http://www.w3.org/1999/xhtml">/etc/hosts.equiv</html:code> and <html:code xmlns:html="http://www.w3.org/1999/xhtml">~/.rhosts</html:code> (in
each user's home directory) list remote hosts and users that are trusted by the
local system when using the rshd daemon.
To remove these files, run the following command to delete them from any
location:
<html:pre xmlns:html="http://www.w3.org/1999/xhtml">$ sudo rm /etc/hosts.equiv</html:pre>
        <html:pre xmlns:html="http://www.w3.org/1999/xhtml">$ rm ~/.rhosts</html:pre>
       </description>
          <reference href="https://www.cisecurity.org/controls/">11</reference>
          <reference href="https://www.cisecurity.org/controls/">12</reference>
          <reference href="https://www.cisecurity.org/controls/">14</reference>
          <reference href="https://www.cisecurity.org/controls/">15</reference>
          <reference href="https://www.cisecurity.org/controls/">3</reference>
          <reference href="https://www.cisecurity.org/controls/">8</reference>
          <reference href="https://www.cisecurity.org/controls/">9</reference>
          <reference href="https://www.isaca.org/resources/cobit">APO13.01</reference>
          <reference href="https://www.isaca.org/resources/cobit">BAI10.01</reference>
          <reference href="https://www.isaca.org/resources/cobit">BAI10.02</reference>
          <reference href="https://www.isaca.org/resources/cobit">BAI10.03</reference>
          <reference href="https://www.isaca.org/resources/cobit">BAI10.05</reference>
          <reference href="https://www.isaca.org/resources/cobit">DSS01.04</reference>
          <reference href="https://www.isaca.org/resources/cobit">DSS05.02</reference>
          <reference href="https://www.isaca.org/resources/cobit">DSS05.03</reference>
          <reference href="https://www.isaca.org/resources/cobit">DSS05.05</reference>
          <reference href="https://www.isaca.org/resources/cobit">DSS06.06</reference>
          <reference href="https://public.cyber.mil/stigs/cci/">CCI-001436</reference>
          <reference href="https://www.gpo.gov/fdsys/pkg/CFR-2007-title45-vol1/pdf/CFR-2007-title45-vol1-chapA-subchapC.pdf">164.308(a)(4)(i)</reference>
          <reference href="https://www.gpo.gov/fdsys/pkg/CFR-2007-title45-vol1/pdf/CFR-2007-title45-vol1-chapA-subchapC.pdf">164.308(b)(1)</reference>
          <reference href="https://www.gpo.gov/fdsys/pkg/CFR-2007-title45-vol1/pdf/CFR-2007-title45-vol1-chapA-subchapC.pdf">164.308(b)(3)</reference>
          <reference href="https://www.gpo.gov/fdsys/pkg/CFR-2007-title45-vol1/pdf/CFR-2007-title45-vol1-chapA-subchapC.pdf">164.310(b)</reference>
          <reference href="https://www.gpo.gov/fdsys/pkg/CFR-2007-title45-vol1/pdf/CFR-2007-title45-vol1-chapA-subchapC.pdf">164.312(e)(1)</reference>
          <reference href="https://www.gpo.gov/fdsys/pkg/CFR-2007-title45-vol1/pdf/CFR-2007-title45-vol1-chapA-subchapC.pdf">164.312(e)(2)(ii)</reference>
          <reference href="https://www.isa.org/products/isa-62443-2-1-2009-security-for-industrial-automat">4.3.3.5.1</reference>
          <reference href="https://www.isa.org/products/isa-62443-2-1-2009-security-for-industrial-automat">4.3.3.5.2</reference>
          <reference href="https://www.isa.org/products/isa-62443-2-1-2009-security-for-industrial-automat">4.3.3.5.3</reference>
          <reference href="https://www.isa.org/products/isa-62443-2-1-2009-security-for-industrial-automat">4.3.3.5.4</reference>
          <reference href="https://www.isa.org/products/isa-62443-2-1-2009-security-for-industrial-automat">4.3.3.5.5</reference>
          <reference href="https://www.isa.org/products/isa-62443-2-1-2009-security-for-industrial-automat">4.3.3.5.6</reference>
          <reference href="https://www.isa.org/products/isa-62443-2-1-2009-security-for-industrial-automat">4.3.3.5.7</reference>
          <reference href="https://www.isa.org/products/isa-62443-2-1-2009-security-for-industrial-automat">4.3.3.5.8</reference>
          <reference href="https://www.isa.org/products/isa-62443-2-1-2009-security-for-industrial-automat">4.3.3.6.1</reference>
          <reference href="https://www.isa.org/products/isa-62443-2-1-2009-security-for-industrial-automat">4.3.3.6.2</reference>
          <reference href="https://www.isa.org/products/isa-62443-2-1-2009-security-for-industrial-automat">4.3.3.6.3</reference>
          <reference href="https://www.isa.org/products/isa-62443-2-1-2009-security-for-industrial-automat">4.3.3.6.4</reference>
          <reference href="https://www.isa.org/products/isa-62443-2-1-2009-security-for-industrial-automat">4.3.3.6.5</reference>
          <reference href="https://www.isa.org/products/isa-62443-2-1-2009-security-for-industrial-automat">4.3.3.6.6</reference>
          <reference href="https://www.isa.org/products/isa-62443-2-1-2009-security-for-industrial-automat">4.3.3.6.7</reference>
          <reference href="https://www.isa.org/products/isa-62443-2-1-2009-security-for-industrial-automat">4.3.3.6.8</reference>
          <reference href="https://www.isa.org/products/isa-62443-2-1-2009-security-for-industrial-automat">4.3.3.6.9</reference>
          <reference href="https://www.isa.org/products/isa-62443-2-1-2009-security-for-industrial-automat">4.3.3.7.1</reference>
          <reference href="https://www.isa.org/products/isa-62443-2-1-2009-security-for-industrial-automat">4.3.3.7.2</reference>
          <reference href="https://www.isa.org/products/isa-62443-2-1-2009-security-for-industrial-automat">4.3.3.7.3</reference>
          <reference href="https://www.isa.org/products/isa-62443-2-1-2009-security-for-industrial-automat">4.3.3.7.4</reference>
          <reference href="https://www.isa.org/products/isa-62443-2-1-2009-security-for-industrial-automat">4.3.4.3.2</reference>
          <reference href="https://www.isa.org/products/isa-62443-2-1-2009-security-for-industrial-automat">4.3.4.3.3</reference>
          <reference href="https://www.isa.org/products/ansi-isa-62443-3-3-99-03-03-2013-security-for-indu">SR 1.1</reference>
          <reference href="https://www.isa.org/products/ansi-isa-62443-3-3-99-03-03-2013-security-for-indu">SR 1.10</reference>
          <reference href="https://www.isa.org/products/ansi-isa-62443-3-3-99-03-03-2013-security-for-indu">SR 1.11</reference>
          <reference href="https://www.isa.org/products/ansi-isa-62443-3-3-99-03-03-2013-security-for-indu">SR 1.12</reference>
          <reference href="https://www.isa.org/products/ansi-isa-62443-3-3-99-03-03-2013-security-for-indu">SR 1.13</reference>
          <reference href="https://www.isa.org/products/ansi-isa-62443-3-3-99-03-03-2013-security-for-indu">SR 1.2</reference>
          <reference href="https://www.isa.org/products/ansi-isa-62443-3-3-99-03-03-2013-security-for-indu">SR 1.3</reference>
          <reference href="https://www.isa.org/products/ansi-isa-62443-3-3-99-03-03-2013-security-for-indu">SR 1.4</reference>
          <reference href="https://www.isa.org/products/ansi-isa-62443-3-3-99-03-03-2013-security-for-indu">SR 1.5</reference>
          <reference href="https://www.isa.org/products/ansi-isa-62443-3-3-99-03-03-2013-security-for-indu">SR 1.6</reference>
          <reference href="https://www.isa.org/products/ansi-isa-62443-3-3-99-03-03-2013-security-for-indu">SR 1.7</reference>
          <reference href="https://www.isa.org/products/ansi-isa-62443-3-3-99-03-03-2013-security-for-indu">SR 1.8</reference>
          <reference href="https://www.isa.org/products/ansi-isa-62443-3-3-99-03-03-2013-security-for-indu">SR 1.9</reference>
          <reference href="https://www.isa.org/products/ansi-isa-62443-3-3-99-03-03-2013-security-for-indu">SR 2.1</reference>
          <reference href="https://www.isa.org/products/ansi-isa-62443-3-3-99-03-03-2013-security-for-indu">SR 2.2</reference>
          <reference href="https://www.isa.org/products/ansi-isa-62443-3-3-99-03-03-2013-security-for-indu">SR 2.3</reference>
          <reference href="https://www.isa.org/products/ansi-isa-62443-3-3-99-03-03-2013-security-for-indu">SR 2.4</reference>
          <reference href="https://www.isa.org/products/ansi-isa-62443-3-3-99-03-03-2013-security-for-indu">SR 2.5</reference>
          <reference href="https://www.isa.org/products/ansi-isa-62443-3-3-99-03-03-2013-security-for-indu">SR 2.6</reference>
          <reference href="https://www.isa.org/products/ansi-isa-62443-3-3-99-03-03-2013-security-for-indu">SR 2.7</reference>
          <reference href="https://www.isa.org/products/ansi-isa-62443-3-3-99-03-03-2013-security-for-indu">SR 3.1</reference>
          <reference href="https://www.isa.org/products/ansi-isa-62443-3-3-99-03-03-2013-security-for-indu">SR 3.5</reference>
          <reference href="https://www.isa.org/products/ansi-isa-62443-3-3-99-03-03-2013-security-for-indu">SR 3.8</reference>
          <reference href="https://www.isa.org/products/ansi-isa-62443-3-3-99-03-03-2013-security-for-indu">SR 4.1</reference>
          <reference href="https://www.isa.org/products/ansi-isa-62443-3-3-99-03-03-2013-security-for-indu">SR 4.3</reference>
          <reference href="https://www.isa.org/products/ansi-isa-62443-3-3-99-03-03-2013-security-for-indu">SR 5.1</reference>
          <reference href="https://www.isa.org/products/ansi-isa-62443-3-3-99-03-03-2013-security-for-indu">SR 5.2</reference>
          <reference href="https://www.isa.org/products/ansi-isa-62443-3-3-99-03-03-2013-security-for-indu">SR 5.3</reference>
          <reference href="https://www.isa.org/products/ansi-isa-62443-3-3-99-03-03-2013-security-for-indu">SR 7.1</reference>
          <reference href="https://www.isa.org/products/ansi-isa-62443-3-3-99-03-03-2013-security-for-indu">SR 7.6</reference>
          <reference href="https://www.iso.org/contents/data/standard/05/45/54534.html">A.11.2.6</reference>
          <reference href="https://www.iso.org/contents/data/standard/05/45/54534.html">A.12.1.2</reference>
          <reference href="https://www.iso.org/contents/data/standard/05/45/54534.html">A.12.5.1</reference>
          <reference href="https://www.iso.org/contents/data/standard/05/45/54534.html">A.12.6.2</reference>
          <reference href="https://www.iso.org/contents/data/standard/05/45/54534.html">A.13.1.1</reference>
          <reference href="https://www.iso.org/contents/data/standard/05/45/54534.html">A.13.2.1</reference>
          <reference href="https://www.iso.org/contents/data/standard/05/45/54534.html">A.14.1.3</reference>
          <reference href="https://www.iso.org/contents/data/standard/05/45/54534.html">A.14.2.2</reference>
          <reference href="https://www.iso.org/contents/data/standard/05/45/54534.html">A.14.2.3</reference>
          <reference href="https://www.iso.org/contents/data/standard/05/45/54534.html">A.14.2.4</reference>
          <reference href="https://www.iso.org/contents/data/standard/05/45/54534.html">A.6.2.1</reference>
          <reference href="https://www.iso.org/contents/data/standard/05/45/54534.html">A.6.2.2</reference>
          <reference href="https://www.iso.org/contents/data/standard/05/45/54534.html">A.9.1.2</reference>
          <reference href="http://nvlpubs.nist.gov/nistpubs/SpecialPublications/NIST.SP.800-53r4.pdf">CM-7(a)</reference>
          <reference href="http://nvlpubs.nist.gov/nistpubs/SpecialPublications/NIST.SP.800-53r4.pdf">CM-7(b)</reference>
          <reference href="http://nvlpubs.nist.gov/nistpubs/SpecialPublications/NIST.SP.800-53r4.pdf">CM-6(a)</reference>
          <reference href="https://nvlpubs.nist.gov/nistpubs/CSWP/NIST.CSWP.04162018.pdf">PR.AC-3</reference>
          <reference href="https://nvlpubs.nist.gov/nistpubs/CSWP/NIST.CSWP.04162018.pdf">PR.IP-1</reference>
          <reference href="https://nvlpubs.nist.gov/nistpubs/CSWP/NIST.CSWP.04162018.pdf">PR.PT-3</reference>
          <reference href="https://nvlpubs.nist.gov/nistpubs/CSWP/NIST.CSWP.04162018.pdf">PR.PT-4</reference>
          <reference href="https://www.cisecurity.org/benchmark/ubuntu_linux/">7.2.10</reference>
          <rationale xmlns:xhtml="http://www.w3.org/1999/xhtml" xml:lang="en-US">This action is only meaningful if <html:code xmlns:html="http://www.w3.org/1999/xhtml">.rhosts</html:code> support is permitted
through PAM. Trust files are convenient, but when used in conjunction with
the R-services, they can allow unauthenticated access to a system.</rationale>
          <platform idref="#package_rsh-server"/>
          <fix xmlns:xhtml="http://www.w3.org/1999/xhtml" id="no_rsh_trust_files" system="urn:xccdf:fix:script:sh"># Remediation is applicable only in certain platforms
if dpkg-query --show --showformat='${db:Status-Status}\n' 'rsh-server' 2&gt;/dev/null | grep -q '^installed'; then

find /root -xdev -type f -name ".rhosts" -exec rm -f {} \;
find /home -maxdepth 2 -xdev -type f -name ".rhosts" -exec rm -f {} \;
rm -f /etc/hosts.equiv

else
    &gt;&amp;2 echo 'Remediation is not applicable, nothing was done'
fi
</fix>
          <check system="http://oval.mitre.org/XMLSchema/oval-definitions-5">
            <check-content-ref name="oval:ssg-no_rsh_trust_files:def:1" href="ssg-ubuntu2404-oval.xml"/>
          </check>
          <check system="http://scap.nist.gov/schema/ocil/2">
            <check-content-ref name="ocil:ssg-no_rsh_trust_files_ocil:questionnaire:1" href="ssg-ubuntu2404-ocil.xml"/>
          </check>
        </Rule>
      </Group>
      <Group id="xccdf_org.ssgproject.content_group_talk">
        <title xmlns:xhtml="http://www.w3.org/1999/xhtml" xml:lang="en-US">Chat/Messaging Services</title>
        <description xmlns:xhtml="http://www.w3.org/1999/xhtml" xml:lang="en-US">The talk software makes it possible for users to send and receive messages
across systems through a terminal session.</description>
        <Rule id="xccdf_org.ssgproject.content_rule_package_talk_removed" selected="false" role="full" severity="medium">
          <title xmlns:xhtml="http://www.w3.org/1999/xhtml" xml:lang="en-US">Uninstall talk Package</title>
          <description xmlns:xhtml="http://www.w3.org/1999/xhtml" xml:lang="en-US">The <html:code xmlns:html="http://www.w3.org/1999/xhtml">talk</html:code> package contains the client program for the
Internet talk protocol, which allows the user to chat with other users on
different systems. Talk is a communication program which copies lines from one
terminal to the terminal of another user.
The <html:code xmlns:html="http://www.w3.org/1999/xhtml">talk</html:code> package can be removed with the following command:
<html:pre xmlns:html="http://www.w3.org/1999/xhtml">
$ apt-get remove talk</html:pre>
       </description>
          <reference href="https://www.gpo.gov/fdsys/pkg/CFR-2007-title45-vol1/pdf/CFR-2007-title45-vol1-chapA-subchapC.pdf">164.308(a)(4)(i)</reference>
          <reference href="https://www.gpo.gov/fdsys/pkg/CFR-2007-title45-vol1/pdf/CFR-2007-title45-vol1-chapA-subchapC.pdf">164.308(b)(1)</reference>
          <reference href="https://www.gpo.gov/fdsys/pkg/CFR-2007-title45-vol1/pdf/CFR-2007-title45-vol1-chapA-subchapC.pdf">164.308(b)(3)</reference>
          <reference href="https://www.gpo.gov/fdsys/pkg/CFR-2007-title45-vol1/pdf/CFR-2007-title45-vol1-chapA-subchapC.pdf">164.310(b)</reference>
          <reference href="https://www.gpo.gov/fdsys/pkg/CFR-2007-title45-vol1/pdf/CFR-2007-title45-vol1-chapA-subchapC.pdf">164.312(e)(1)</reference>
          <reference href="https://www.gpo.gov/fdsys/pkg/CFR-2007-title45-vol1/pdf/CFR-2007-title45-vol1-chapA-subchapC.pdf">164.312(e)(2)(ii)</reference>
          <reference href="https://cyber.gouv.fr/sites/default/files/document/linux_configuration-en-v2.pdf">R62</reference>
          <reference href="https://www.cisecurity.org/benchmark/ubuntu_linux/">2.2.3</reference>
          <reference href="https://docs-prv.pcisecuritystandards.org/PCI%20DSS/Standard/PCI-DSS-v4_0.pdf">2.2.4</reference>
          <reference href="https://docs-prv.pcisecuritystandards.org/PCI%20DSS/Standard/PCI-DSS-v4_0.pdf">2.2</reference>
          <rationale xmlns:xhtml="http://www.w3.org/1999/xhtml" xml:lang="en-US">The talk software presents a security risk as it uses unencrypted protocols
for communications. Removing the <html:code xmlns:html="http://www.w3.org/1999/xhtml">talk</html:code> package decreases the
risk of the accidental (or intentional) activation of talk client program.</rationale>
          <fix xmlns:xhtml="http://www.w3.org/1999/xhtml" id="package_talk_removed" system="urn:xccdf:fix:script:puppet" complexity="low" disruption="low" strategy="disable">include remove_talk

class remove_talk {
  package { 'talk':
    ensure =&gt; 'purged',
  }
}
</fix>
          <fix xmlns:xhtml="http://www.w3.org/1999/xhtml" id="package_talk_removed" system="urn:xccdf:fix:script:ansible" complexity="low" disruption="low" strategy="disable">- name: Ensure talk is removed
  package:
    name: talk
    state: absent
  tags:
  - PCI-DSSv4-2.2
  - PCI-DSSv4-2.2.4
  - disable_strategy
  - low_complexity
  - low_disruption
  - medium_severity
  - no_reboot_needed
  - package_talk_removed
</fix>
          <fix xmlns:xhtml="http://www.w3.org/1999/xhtml" id="package_talk_removed" system="urn:xccdf:fix:script:sh" complexity="low" disruption="low" strategy="disable">
# CAUTION: This remediation script will remove talk
#	   from the system, and may remove any packages
#	   that depend on talk. Execute this
#	   remediation AFTER testing on a non-production
#	   system!

DEBIAN_FRONTEND=noninteractive apt-get remove -y "talk"
</fix>
          <check system="http://oval.mitre.org/XMLSchema/oval-definitions-5">
            <check-content-ref name="oval:ssg-package_talk_removed:def:1" href="ssg-ubuntu2404-oval.xml"/>
          </check>
          <check system="http://scap.nist.gov/schema/ocil/2">
            <check-content-ref name="ocil:ssg-package_talk_removed_ocil:questionnaire:1" href="ssg-ubuntu2404-ocil.xml"/>
          </check>
        </Rule>
      </Group>
      <Group id="xccdf_org.ssgproject.content_group_telnet">
        <title xmlns:xhtml="http://www.w3.org/1999/xhtml" xml:lang="en-US">Telnet</title>
        <description xmlns:xhtml="http://www.w3.org/1999/xhtml" xml:lang="en-US">The telnet protocol does not provide confidentiality or integrity
for information transmitted on the network. This includes authentication
information such as passwords. Organizations which use telnet should be
actively working to migrate to a more secure protocol.</description>
        <Rule id="xccdf_org.ssgproject.content_rule_package_telnet_removed" selected="false" role="full" severity="low">
          <title xmlns:xhtml="http://www.w3.org/1999/xhtml" xml:lang="en-US">Remove telnet Clients</title>
          <description xmlns:xhtml="http://www.w3.org/1999/xhtml" xml:lang="en-US">The telnet client allows users to start connections to other systems via
the telnet protocol.</description>
          <reference href="http://nvlpubs.nist.gov/nistpubs/SpecialPublications/NIST.SP.800-171.pdf">3.1.13</reference>
          <reference href="https://www.gpo.gov/fdsys/pkg/CFR-2007-title45-vol1/pdf/CFR-2007-title45-vol1-chapA-subchapC.pdf">164.308(a)(4)(i)</reference>
          <reference href="https://www.gpo.gov/fdsys/pkg/CFR-2007-title45-vol1/pdf/CFR-2007-title45-vol1-chapA-subchapC.pdf">164.308(b)(1)</reference>
          <reference href="https://www.gpo.gov/fdsys/pkg/CFR-2007-title45-vol1/pdf/CFR-2007-title45-vol1-chapA-subchapC.pdf">164.308(b)(3)</reference>
          <reference href="https://www.gpo.gov/fdsys/pkg/CFR-2007-title45-vol1/pdf/CFR-2007-title45-vol1-chapA-subchapC.pdf">164.310(b)</reference>
          <reference href="https://www.gpo.gov/fdsys/pkg/CFR-2007-title45-vol1/pdf/CFR-2007-title45-vol1-chapA-subchapC.pdf">164.312(e)(1)</reference>
          <reference href="https://www.gpo.gov/fdsys/pkg/CFR-2007-title45-vol1/pdf/CFR-2007-title45-vol1-chapA-subchapC.pdf">164.312(e)(2)(ii)</reference>
          <reference href="https://www.iso.org/contents/data/standard/05/45/54534.html">A.8.2.3</reference>
          <reference href="https://www.iso.org/contents/data/standard/05/45/54534.html">A.13.1.1</reference>
          <reference href="https://www.iso.org/contents/data/standard/05/45/54534.html">A.13.2.1</reference>
          <reference href="https://www.iso.org/contents/data/standard/05/45/54534.html">A.13.2.3</reference>
          <reference href="https://www.iso.org/contents/data/standard/05/45/54534.html">A.14.1.2</reference>
          <reference href="https://www.iso.org/contents/data/standard/05/45/54534.html">A.14.1.3</reference>
          <reference href="https://cyber.gouv.fr/sites/default/files/document/linux_configuration-en-v2.pdf">R62</reference>
          <reference href="https://www.cisecurity.org/benchmark/ubuntu_linux/">2.2.4</reference>
          <reference href="https://docs-prv.pcisecuritystandards.org/PCI%20DSS/Standard/PCI-DSS-v4_0.pdf">2.2.4</reference>
          <reference href="https://docs-prv.pcisecuritystandards.org/PCI%20DSS/Standard/PCI-DSS-v4_0.pdf">2.2</reference>
          <rationale xmlns:xhtml="http://www.w3.org/1999/xhtml" xml:lang="en-US">The <html:code xmlns:html="http://www.w3.org/1999/xhtml">telnet</html:code> protocol is insecure and unencrypted. The use
of an unencrypted transmission medium could allow an unauthorized user
to steal credentials. The <html:code xmlns:html="http://www.w3.org/1999/xhtml">ssh</html:code> package provides an
encrypted session and stronger security and is included in Ubuntu 24.04.</rationale>
          <fix xmlns:xhtml="http://www.w3.org/1999/xhtml" id="package_telnet_removed" system="urn:xccdf:fix:script:puppet" complexity="low" disruption="low" strategy="disable">include remove_telnet

class remove_telnet {
  package { 'telnet':
    ensure =&gt; 'purged',
  }
}
</fix>
          <fix xmlns:xhtml="http://www.w3.org/1999/xhtml" id="package_telnet_removed" system="urn:xccdf:fix:script:ansible" complexity="low" disruption="low" strategy="disable">- name: Ensure telnet is removed
  package:
    name: telnet
    state: absent
  tags:
  - NIST-800-171-3.1.13
  - PCI-DSSv4-2.2
  - PCI-DSSv4-2.2.4
  - disable_strategy
  - low_complexity
  - low_disruption
  - low_severity
  - no_reboot_needed
  - package_telnet_removed
</fix>
          <fix xmlns:xhtml="http://www.w3.org/1999/xhtml" id="package_telnet_removed" system="urn:xccdf:fix:script:sh" complexity="low" disruption="low" strategy="disable">
# CAUTION: This remediation script will remove telnet
#	   from the system, and may remove any packages
#	   that depend on telnet. Execute this
#	   remediation AFTER testing on a non-production
#	   system!

DEBIAN_FRONTEND=noninteractive apt-get remove -y "telnet"
</fix>
          <check system="http://oval.mitre.org/XMLSchema/oval-definitions-5">
            <check-content-ref name="oval:ssg-package_telnet_removed:def:1" href="ssg-ubuntu2404-oval.xml"/>
          </check>
          <check system="http://scap.nist.gov/schema/ocil/2">
            <check-content-ref name="ocil:ssg-package_telnet_removed_ocil:questionnaire:1" href="ssg-ubuntu2404-ocil.xml"/>
          </check>
        </Rule>
      </Group>
      <Group id="xccdf_org.ssgproject.content_group_tftp">
        <title xmlns:xhtml="http://www.w3.org/1999/xhtml" xml:lang="en-US">TFTP Server</title>
        <description xmlns:xhtml="http://www.w3.org/1999/xhtml" xml:lang="en-US">TFTP is a lightweight version of the FTP protocol which has
traditionally been used to configure networking equipment. However,
TFTP provides little security, and modern versions of networking
operating systems frequently support configuration via SSH or other
more secure protocols. A TFTP server should be run only if no more
secure method of supporting existing equipment can be
found.</description>
        <Rule id="xccdf_org.ssgproject.content_rule_package_tftp-server_removed" selected="false" role="full" severity="high">
          <title xmlns:xhtml="http://www.w3.org/1999/xhtml" xml:lang="en-US">Uninstall tftpd-hpa Package</title>
          <description xmlns:xhtml="http://www.w3.org/1999/xhtml" xml:lang="en-US">The <html:code xmlns:html="http://www.w3.org/1999/xhtml">tftpd-hpa</html:code> package can be removed with the following command: <html:pre xmlns:html="http://www.w3.org/1999/xhtml"> $ apt-get remove tftpd-hpa</html:pre>
       </description>
          <reference href="https://www.cisecurity.org/controls/">11</reference>
          <reference href="https://www.cisecurity.org/controls/">12</reference>
          <reference href="https://www.cisecurity.org/controls/">14</reference>
          <reference href="https://www.cisecurity.org/controls/">15</reference>
          <reference href="https://www.cisecurity.org/controls/">3</reference>
          <reference href="https://www.cisecurity.org/controls/">8</reference>
          <reference href="https://www.cisecurity.org/controls/">9</reference>
          <reference href="https://www.isaca.org/resources/cobit">APO13.01</reference>
          <reference href="https://www.isaca.org/resources/cobit">BAI10.01</reference>
          <reference href="https://www.isaca.org/resources/cobit">BAI10.02</reference>
          <reference href="https://www.isaca.org/resources/cobit">BAI10.03</reference>
          <reference href="https://www.isaca.org/resources/cobit">BAI10.05</reference>
          <reference href="https://www.isaca.org/resources/cobit">DSS01.04</reference>
          <reference href="https://www.isaca.org/resources/cobit">DSS05.02</reference>
          <reference href="https://www.isaca.org/resources/cobit">DSS05.03</reference>
          <reference href="https://www.isaca.org/resources/cobit">DSS05.05</reference>
          <reference href="https://www.isaca.org/resources/cobit">DSS06.06</reference>
          <reference href="https://public.cyber.mil/stigs/cci/">CCI-000366</reference>
          <reference href="https://www.isa.org/products/isa-62443-2-1-2009-security-for-industrial-automat">4.3.3.5.1</reference>
          <reference href="https://www.isa.org/products/isa-62443-2-1-2009-security-for-industrial-automat">4.3.3.5.2</reference>
          <reference href="https://www.isa.org/products/isa-62443-2-1-2009-security-for-industrial-automat">4.3.3.5.3</reference>
          <reference href="https://www.isa.org/products/isa-62443-2-1-2009-security-for-industrial-automat">4.3.3.5.4</reference>
          <reference href="https://www.isa.org/products/isa-62443-2-1-2009-security-for-industrial-automat">4.3.3.5.5</reference>
          <reference href="https://www.isa.org/products/isa-62443-2-1-2009-security-for-industrial-automat">4.3.3.5.6</reference>
          <reference href="https://www.isa.org/products/isa-62443-2-1-2009-security-for-industrial-automat">4.3.3.5.7</reference>
          <reference href="https://www.isa.org/products/isa-62443-2-1-2009-security-for-industrial-automat">4.3.3.5.8</reference>
          <reference href="https://www.isa.org/products/isa-62443-2-1-2009-security-for-industrial-automat">4.3.3.6.1</reference>
          <reference href="https://www.isa.org/products/isa-62443-2-1-2009-security-for-industrial-automat">4.3.3.6.2</reference>
          <reference href="https://www.isa.org/products/isa-62443-2-1-2009-security-for-industrial-automat">4.3.3.6.3</reference>
          <reference href="https://www.isa.org/products/isa-62443-2-1-2009-security-for-industrial-automat">4.3.3.6.4</reference>
          <reference href="https://www.isa.org/products/isa-62443-2-1-2009-security-for-industrial-automat">4.3.3.6.5</reference>
          <reference href="https://www.isa.org/products/isa-62443-2-1-2009-security-for-industrial-automat">4.3.3.6.6</reference>
          <reference href="https://www.isa.org/products/isa-62443-2-1-2009-security-for-industrial-automat">4.3.3.6.7</reference>
          <reference href="https://www.isa.org/products/isa-62443-2-1-2009-security-for-industrial-automat">4.3.3.6.8</reference>
          <reference href="https://www.isa.org/products/isa-62443-2-1-2009-security-for-industrial-automat">4.3.3.6.9</reference>
          <reference href="https://www.isa.org/products/isa-62443-2-1-2009-security-for-industrial-automat">4.3.3.7.1</reference>
          <reference href="https://www.isa.org/products/isa-62443-2-1-2009-security-for-industrial-automat">4.3.3.7.2</reference>
          <reference href="https://www.isa.org/products/isa-62443-2-1-2009-security-for-industrial-automat">4.3.3.7.3</reference>
          <reference href="https://www.isa.org/products/isa-62443-2-1-2009-security-for-industrial-automat">4.3.3.7.4</reference>
          <reference href="https://www.isa.org/products/isa-62443-2-1-2009-security-for-industrial-automat">4.3.4.3.2</reference>
          <reference href="https://www.isa.org/products/isa-62443-2-1-2009-security-for-industrial-automat">4.3.4.3.3</reference>
          <reference href="https://www.isa.org/products/ansi-isa-62443-3-3-99-03-03-2013-security-for-indu">SR 1.1</reference>
          <reference href="https://www.isa.org/products/ansi-isa-62443-3-3-99-03-03-2013-security-for-indu">SR 1.10</reference>
          <reference href="https://www.isa.org/products/ansi-isa-62443-3-3-99-03-03-2013-security-for-indu">SR 1.11</reference>
          <reference href="https://www.isa.org/products/ansi-isa-62443-3-3-99-03-03-2013-security-for-indu">SR 1.12</reference>
          <reference href="https://www.isa.org/products/ansi-isa-62443-3-3-99-03-03-2013-security-for-indu">SR 1.13</reference>
          <reference href="https://www.isa.org/products/ansi-isa-62443-3-3-99-03-03-2013-security-for-indu">SR 1.2</reference>
          <reference href="https://www.isa.org/products/ansi-isa-62443-3-3-99-03-03-2013-security-for-indu">SR 1.3</reference>
          <reference href="https://www.isa.org/products/ansi-isa-62443-3-3-99-03-03-2013-security-for-indu">SR 1.4</reference>
          <reference href="https://www.isa.org/products/ansi-isa-62443-3-3-99-03-03-2013-security-for-indu">SR 1.5</reference>
          <reference href="https://www.isa.org/products/ansi-isa-62443-3-3-99-03-03-2013-security-for-indu">SR 1.6</reference>
          <reference href="https://www.isa.org/products/ansi-isa-62443-3-3-99-03-03-2013-security-for-indu">SR 1.7</reference>
          <reference href="https://www.isa.org/products/ansi-isa-62443-3-3-99-03-03-2013-security-for-indu">SR 1.8</reference>
          <reference href="https://www.isa.org/products/ansi-isa-62443-3-3-99-03-03-2013-security-for-indu">SR 1.9</reference>
          <reference href="https://www.isa.org/products/ansi-isa-62443-3-3-99-03-03-2013-security-for-indu">SR 2.1</reference>
          <reference href="https://www.isa.org/products/ansi-isa-62443-3-3-99-03-03-2013-security-for-indu">SR 2.2</reference>
          <reference href="https://www.isa.org/products/ansi-isa-62443-3-3-99-03-03-2013-security-for-indu">SR 2.3</reference>
          <reference href="https://www.isa.org/products/ansi-isa-62443-3-3-99-03-03-2013-security-for-indu">SR 2.4</reference>
          <reference href="https://www.isa.org/products/ansi-isa-62443-3-3-99-03-03-2013-security-for-indu">SR 2.5</reference>
          <reference href="https://www.isa.org/products/ansi-isa-62443-3-3-99-03-03-2013-security-for-indu">SR 2.6</reference>
          <reference href="https://www.isa.org/products/ansi-isa-62443-3-3-99-03-03-2013-security-for-indu">SR 2.7</reference>
          <reference href="https://www.isa.org/products/ansi-isa-62443-3-3-99-03-03-2013-security-for-indu">SR 3.1</reference>
          <reference href="https://www.isa.org/products/ansi-isa-62443-3-3-99-03-03-2013-security-for-indu">SR 3.5</reference>
          <reference href="https://www.isa.org/products/ansi-isa-62443-3-3-99-03-03-2013-security-for-indu">SR 3.8</reference>
          <reference href="https://www.isa.org/products/ansi-isa-62443-3-3-99-03-03-2013-security-for-indu">SR 4.1</reference>
          <reference href="https://www.isa.org/products/ansi-isa-62443-3-3-99-03-03-2013-security-for-indu">SR 4.3</reference>
          <reference href="https://www.isa.org/products/ansi-isa-62443-3-3-99-03-03-2013-security-for-indu">SR 5.1</reference>
          <reference href="https://www.isa.org/products/ansi-isa-62443-3-3-99-03-03-2013-security-for-indu">SR 5.2</reference>
          <reference href="https://www.isa.org/products/ansi-isa-62443-3-3-99-03-03-2013-security-for-indu">SR 5.3</reference>
          <reference href="https://www.isa.org/products/ansi-isa-62443-3-3-99-03-03-2013-security-for-indu">SR 7.1</reference>
          <reference href="https://www.isa.org/products/ansi-isa-62443-3-3-99-03-03-2013-security-for-indu">SR 7.6</reference>
          <reference href="https://www.iso.org/contents/data/standard/05/45/54534.html">A.11.2.6</reference>
          <reference href="https://www.iso.org/contents/data/standard/05/45/54534.html">A.12.1.2</reference>
          <reference href="https://www.iso.org/contents/data/standard/05/45/54534.html">A.12.5.1</reference>
          <reference href="https://www.iso.org/contents/data/standard/05/45/54534.html">A.12.6.2</reference>
          <reference href="https://www.iso.org/contents/data/standard/05/45/54534.html">A.13.1.1</reference>
          <reference href="https://www.iso.org/contents/data/standard/05/45/54534.html">A.13.2.1</reference>
          <reference href="https://www.iso.org/contents/data/standard/05/45/54534.html">A.14.1.3</reference>
          <reference href="https://www.iso.org/contents/data/standard/05/45/54534.html">A.14.2.2</reference>
          <reference href="https://www.iso.org/contents/data/standard/05/45/54534.html">A.14.2.3</reference>
          <reference href="https://www.iso.org/contents/data/standard/05/45/54534.html">A.14.2.4</reference>
          <reference href="https://www.iso.org/contents/data/standard/05/45/54534.html">A.6.2.1</reference>
          <reference href="https://www.iso.org/contents/data/standard/05/45/54534.html">A.6.2.2</reference>
          <reference href="https://www.iso.org/contents/data/standard/05/45/54534.html">A.9.1.2</reference>
          <reference href="http://nvlpubs.nist.gov/nistpubs/SpecialPublications/NIST.SP.800-53r4.pdf">CM-7(a)</reference>
          <reference href="http://nvlpubs.nist.gov/nistpubs/SpecialPublications/NIST.SP.800-53r4.pdf">CM-7(b)</reference>
          <reference href="http://nvlpubs.nist.gov/nistpubs/SpecialPublications/NIST.SP.800-53r4.pdf">CM-6(a)</reference>
          <reference href="https://nvlpubs.nist.gov/nistpubs/CSWP/NIST.CSWP.04162018.pdf">PR.AC-3</reference>
          <reference href="https://nvlpubs.nist.gov/nistpubs/CSWP/NIST.CSWP.04162018.pdf">PR.IP-1</reference>
          <reference href="https://nvlpubs.nist.gov/nistpubs/CSWP/NIST.CSWP.04162018.pdf">PR.PT-3</reference>
          <reference href="https://nvlpubs.nist.gov/nistpubs/CSWP/NIST.CSWP.04162018.pdf">PR.PT-4</reference>
          <reference href="https://public.cyber.mil/stigs/downloads/?_dl_facet_stigs=operating-systems%2Cgeneral-purpose-os">SRG-OS-000480-GPOS-00227</reference>
          <reference href="https://cyber.gouv.fr/sites/default/files/document/linux_configuration-en-v2.pdf">R62</reference>
          <reference href="https://www.cisecurity.org/benchmark/ubuntu_linux/">2.1.16</reference>
          <reference href="https://docs-prv.pcisecuritystandards.org/PCI%20DSS/Standard/PCI-DSS-v4_0.pdf">2.2.4</reference>
          <reference href="https://docs-prv.pcisecuritystandards.org/PCI%20DSS/Standard/PCI-DSS-v4_0.pdf">2.2</reference>
          <rationale xmlns:xhtml="http://www.w3.org/1999/xhtml" xml:lang="en-US">Removing the <html:code xmlns:html="http://www.w3.org/1999/xhtml">tftpd-hpa</html:code> package decreases the risk of the accidental
(or intentional) activation of tftp services.
<html:br xmlns:html="http://www.w3.org/1999/xhtml"/>
        <html:br xmlns:html="http://www.w3.org/1999/xhtml"/>
If TFTP is required for operational support (such as transmission of router
configurations), its use must be documented with the Information Systems
Securty Manager (ISSM), restricted to only authorized personnel, and have
access control rules established.</rationale>
          <fix xmlns:xhtml="http://www.w3.org/1999/xhtml" id="package_tftp-server_removed" system="urn:xccdf:fix:script:puppet" complexity="low" disruption="low" strategy="disable">include remove_tftpd-hpa

class remove_tftpd-hpa {
  package { 'tftpd-hpa':
    ensure =&gt; 'purged',
  }
}
</fix>
          <fix xmlns:xhtml="http://www.w3.org/1999/xhtml" id="package_tftp-server_removed" system="urn:xccdf:fix:script:ansible" complexity="low" disruption="low" strategy="disable">- name: Ensure tftpd-hpa is removed
  package:
    name: tftpd-hpa
    state: absent
  tags:
  - NIST-800-53-CM-6(a)
  - NIST-800-53-CM-7(a)
  - NIST-800-53-CM-7(b)
  - PCI-DSSv4-2.2
  - PCI-DSSv4-2.2.4
  - disable_strategy
  - high_severity
  - low_complexity
  - low_disruption
  - no_reboot_needed
  - package_tftp-server_removed
</fix>
          <fix xmlns:xhtml="http://www.w3.org/1999/xhtml" id="package_tftp-server_removed" system="urn:xccdf:fix:script:sh" complexity="low" disruption="low" strategy="disable">
# CAUTION: This remediation script will remove tftpd-hpa
#	   from the system, and may remove any packages
#	   that depend on tftpd-hpa. Execute this
#	   remediation AFTER testing on a non-production
#	   system!

DEBIAN_FRONTEND=noninteractive apt-get remove -y "tftpd-hpa"
</fix>
          <check system="http://oval.mitre.org/XMLSchema/oval-definitions-5">
            <check-content-ref name="oval:ssg-package_tftp-server_removed:def:1" href="ssg-ubuntu2404-oval.xml"/>
          </check>
          <check system="http://scap.nist.gov/schema/ocil/2">
            <check-content-ref name="ocil:ssg-package_tftp-server_removed_ocil:questionnaire:1" href="ssg-ubuntu2404-ocil.xml"/>
          </check>
        </Rule>
        <Rule id="xccdf_org.ssgproject.content_rule_service_tftp_disabled" selected="false" role="full" severity="high">
          <title xmlns:xhtml="http://www.w3.org/1999/xhtml" xml:lang="en-US">Disable tftpd-hpa Service</title>
          <description xmlns:xhtml="http://www.w3.org/1999/xhtml" xml:lang="en-US">The <html:code xmlns:html="http://www.w3.org/1999/xhtml">tftpd-hpa</html:code> service should be disabled.

The <html:code xmlns:html="http://www.w3.org/1999/xhtml">tftpd-hpa</html:code> service can be disabled with the following command:
<html:pre xmlns:html="http://www.w3.org/1999/xhtml">$ sudo systemctl mask --now tftpd-hpa.service</html:pre>
       </description>
          <reference href="https://www.cisecurity.org/controls/">11</reference>
          <reference href="https://www.cisecurity.org/controls/">12</reference>
          <reference href="https://www.cisecurity.org/controls/">14</reference>
          <reference href="https://www.cisecurity.org/controls/">15</reference>
          <reference href="https://www.cisecurity.org/controls/">3</reference>
          <reference href="https://www.cisecurity.org/controls/">8</reference>
          <reference href="https://www.cisecurity.org/controls/">9</reference>
          <reference href="https://www.isaca.org/resources/cobit">APO13.01</reference>
          <reference href="https://www.isaca.org/resources/cobit">BAI10.01</reference>
          <reference href="https://www.isaca.org/resources/cobit">BAI10.02</reference>
          <reference href="https://www.isaca.org/resources/cobit">BAI10.03</reference>
          <reference href="https://www.isaca.org/resources/cobit">BAI10.05</reference>
          <reference href="https://www.isaca.org/resources/cobit">DSS01.04</reference>
          <reference href="https://www.isaca.org/resources/cobit">DSS05.02</reference>
          <reference href="https://www.isaca.org/resources/cobit">DSS05.03</reference>
          <reference href="https://www.isaca.org/resources/cobit">DSS05.05</reference>
          <reference href="https://www.isaca.org/resources/cobit">DSS06.06</reference>
          <reference href="https://public.cyber.mil/stigs/cci/">CCI-001436</reference>
          <reference href="https://www.isa.org/products/isa-62443-2-1-2009-security-for-industrial-automat">4.3.3.5.1</reference>
          <reference href="https://www.isa.org/products/isa-62443-2-1-2009-security-for-industrial-automat">4.3.3.5.2</reference>
          <reference href="https://www.isa.org/products/isa-62443-2-1-2009-security-for-industrial-automat">4.3.3.5.3</reference>
          <reference href="https://www.isa.org/products/isa-62443-2-1-2009-security-for-industrial-automat">4.3.3.5.4</reference>
          <reference href="https://www.isa.org/products/isa-62443-2-1-2009-security-for-industrial-automat">4.3.3.5.5</reference>
          <reference href="https://www.isa.org/products/isa-62443-2-1-2009-security-for-industrial-automat">4.3.3.5.6</reference>
          <reference href="https://www.isa.org/products/isa-62443-2-1-2009-security-for-industrial-automat">4.3.3.5.7</reference>
          <reference href="https://www.isa.org/products/isa-62443-2-1-2009-security-for-industrial-automat">4.3.3.5.8</reference>
          <reference href="https://www.isa.org/products/isa-62443-2-1-2009-security-for-industrial-automat">4.3.3.6.1</reference>
          <reference href="https://www.isa.org/products/isa-62443-2-1-2009-security-for-industrial-automat">4.3.3.6.2</reference>
          <reference href="https://www.isa.org/products/isa-62443-2-1-2009-security-for-industrial-automat">4.3.3.6.3</reference>
          <reference href="https://www.isa.org/products/isa-62443-2-1-2009-security-for-industrial-automat">4.3.3.6.4</reference>
          <reference href="https://www.isa.org/products/isa-62443-2-1-2009-security-for-industrial-automat">4.3.3.6.5</reference>
          <reference href="https://www.isa.org/products/isa-62443-2-1-2009-security-for-industrial-automat">4.3.3.6.6</reference>
          <reference href="https://www.isa.org/products/isa-62443-2-1-2009-security-for-industrial-automat">4.3.3.6.7</reference>
          <reference href="https://www.isa.org/products/isa-62443-2-1-2009-security-for-industrial-automat">4.3.3.6.8</reference>
          <reference href="https://www.isa.org/products/isa-62443-2-1-2009-security-for-industrial-automat">4.3.3.6.9</reference>
          <reference href="https://www.isa.org/products/isa-62443-2-1-2009-security-for-industrial-automat">4.3.3.7.1</reference>
          <reference href="https://www.isa.org/products/isa-62443-2-1-2009-security-for-industrial-automat">4.3.3.7.2</reference>
          <reference href="https://www.isa.org/products/isa-62443-2-1-2009-security-for-industrial-automat">4.3.3.7.3</reference>
          <reference href="https://www.isa.org/products/isa-62443-2-1-2009-security-for-industrial-automat">4.3.3.7.4</reference>
          <reference href="https://www.isa.org/products/isa-62443-2-1-2009-security-for-industrial-automat">4.3.4.3.2</reference>
          <reference href="https://www.isa.org/products/isa-62443-2-1-2009-security-for-industrial-automat">4.3.4.3.3</reference>
          <reference href="https://www.isa.org/products/ansi-isa-62443-3-3-99-03-03-2013-security-for-indu">SR 1.1</reference>
          <reference href="https://www.isa.org/products/ansi-isa-62443-3-3-99-03-03-2013-security-for-indu">SR 1.10</reference>
          <reference href="https://www.isa.org/products/ansi-isa-62443-3-3-99-03-03-2013-security-for-indu">SR 1.11</reference>
          <reference href="https://www.isa.org/products/ansi-isa-62443-3-3-99-03-03-2013-security-for-indu">SR 1.12</reference>
          <reference href="https://www.isa.org/products/ansi-isa-62443-3-3-99-03-03-2013-security-for-indu">SR 1.13</reference>
          <reference href="https://www.isa.org/products/ansi-isa-62443-3-3-99-03-03-2013-security-for-indu">SR 1.2</reference>
          <reference href="https://www.isa.org/products/ansi-isa-62443-3-3-99-03-03-2013-security-for-indu">SR 1.3</reference>
          <reference href="https://www.isa.org/products/ansi-isa-62443-3-3-99-03-03-2013-security-for-indu">SR 1.4</reference>
          <reference href="https://www.isa.org/products/ansi-isa-62443-3-3-99-03-03-2013-security-for-indu">SR 1.5</reference>
          <reference href="https://www.isa.org/products/ansi-isa-62443-3-3-99-03-03-2013-security-for-indu">SR 1.6</reference>
          <reference href="https://www.isa.org/products/ansi-isa-62443-3-3-99-03-03-2013-security-for-indu">SR 1.7</reference>
          <reference href="https://www.isa.org/products/ansi-isa-62443-3-3-99-03-03-2013-security-for-indu">SR 1.8</reference>
          <reference href="https://www.isa.org/products/ansi-isa-62443-3-3-99-03-03-2013-security-for-indu">SR 1.9</reference>
          <reference href="https://www.isa.org/products/ansi-isa-62443-3-3-99-03-03-2013-security-for-indu">SR 2.1</reference>
          <reference href="https://www.isa.org/products/ansi-isa-62443-3-3-99-03-03-2013-security-for-indu">SR 2.2</reference>
          <reference href="https://www.isa.org/products/ansi-isa-62443-3-3-99-03-03-2013-security-for-indu">SR 2.3</reference>
          <reference href="https://www.isa.org/products/ansi-isa-62443-3-3-99-03-03-2013-security-for-indu">SR 2.4</reference>
          <reference href="https://www.isa.org/products/ansi-isa-62443-3-3-99-03-03-2013-security-for-indu">SR 2.5</reference>
          <reference href="https://www.isa.org/products/ansi-isa-62443-3-3-99-03-03-2013-security-for-indu">SR 2.6</reference>
          <reference href="https://www.isa.org/products/ansi-isa-62443-3-3-99-03-03-2013-security-for-indu">SR 2.7</reference>
          <reference href="https://www.isa.org/products/ansi-isa-62443-3-3-99-03-03-2013-security-for-indu">SR 3.1</reference>
          <reference href="https://www.isa.org/products/ansi-isa-62443-3-3-99-03-03-2013-security-for-indu">SR 3.5</reference>
          <reference href="https://www.isa.org/products/ansi-isa-62443-3-3-99-03-03-2013-security-for-indu">SR 3.8</reference>
          <reference href="https://www.isa.org/products/ansi-isa-62443-3-3-99-03-03-2013-security-for-indu">SR 4.1</reference>
          <reference href="https://www.isa.org/products/ansi-isa-62443-3-3-99-03-03-2013-security-for-indu">SR 4.3</reference>
          <reference href="https://www.isa.org/products/ansi-isa-62443-3-3-99-03-03-2013-security-for-indu">SR 5.1</reference>
          <reference href="https://www.isa.org/products/ansi-isa-62443-3-3-99-03-03-2013-security-for-indu">SR 5.2</reference>
          <reference href="https://www.isa.org/products/ansi-isa-62443-3-3-99-03-03-2013-security-for-indu">SR 5.3</reference>
          <reference href="https://www.isa.org/products/ansi-isa-62443-3-3-99-03-03-2013-security-for-indu">SR 7.1</reference>
          <reference href="https://www.isa.org/products/ansi-isa-62443-3-3-99-03-03-2013-security-for-indu">SR 7.6</reference>
          <reference href="https://www.iso.org/contents/data/standard/05/45/54534.html">A.11.2.6</reference>
          <reference href="https://www.iso.org/contents/data/standard/05/45/54534.html">A.12.1.2</reference>
          <reference href="https://www.iso.org/contents/data/standard/05/45/54534.html">A.12.5.1</reference>
          <reference href="https://www.iso.org/contents/data/standard/05/45/54534.html">A.12.6.2</reference>
          <reference href="https://www.iso.org/contents/data/standard/05/45/54534.html">A.13.1.1</reference>
          <reference href="https://www.iso.org/contents/data/standard/05/45/54534.html">A.13.2.1</reference>
          <reference href="https://www.iso.org/contents/data/standard/05/45/54534.html">A.14.1.3</reference>
          <reference href="https://www.iso.org/contents/data/standard/05/45/54534.html">A.14.2.2</reference>
          <reference href="https://www.iso.org/contents/data/standard/05/45/54534.html">A.14.2.3</reference>
          <reference href="https://www.iso.org/contents/data/standard/05/45/54534.html">A.14.2.4</reference>
          <reference href="https://www.iso.org/contents/data/standard/05/45/54534.html">A.6.2.1</reference>
          <reference href="https://www.iso.org/contents/data/standard/05/45/54534.html">A.6.2.2</reference>
          <reference href="https://www.iso.org/contents/data/standard/05/45/54534.html">A.9.1.2</reference>
          <reference href="http://nvlpubs.nist.gov/nistpubs/SpecialPublications/NIST.SP.800-53r4.pdf">CM-7(a)</reference>
          <reference href="http://nvlpubs.nist.gov/nistpubs/SpecialPublications/NIST.SP.800-53r4.pdf">CM-7(b)</reference>
          <reference href="http://nvlpubs.nist.gov/nistpubs/SpecialPublications/NIST.SP.800-53r4.pdf">CM-6(a)</reference>
          <reference href="https://nvlpubs.nist.gov/nistpubs/CSWP/NIST.CSWP.04162018.pdf">PR.AC-3</reference>
          <reference href="https://nvlpubs.nist.gov/nistpubs/CSWP/NIST.CSWP.04162018.pdf">PR.IP-1</reference>
          <reference href="https://nvlpubs.nist.gov/nistpubs/CSWP/NIST.CSWP.04162018.pdf">PR.PT-3</reference>
          <reference href="https://nvlpubs.nist.gov/nistpubs/CSWP/NIST.CSWP.04162018.pdf">PR.PT-4</reference>
          <reference href="https://www.cisecurity.org/benchmark/ubuntu_linux/">2.1.16</reference>
          <rationale xmlns:xhtml="http://www.w3.org/1999/xhtml" xml:lang="en-US">Disabling the <html:code xmlns:html="http://www.w3.org/1999/xhtml">tftpd-hpa</html:code> service ensures the system is not acting
as a TFTP server, which does not provide encryption or authentication.</rationale>
          <platform idref="#system_with_kernel"/>
          <fix xmlns:xhtml="http://www.w3.org/1999/xhtml" id="service_tftp_disabled" system="urn:redhat:osbuild:blueprint">
[customizations.services]
masked = ["tftpd-hpa"]
</fix>
          <fix xmlns:xhtml="http://www.w3.org/1999/xhtml" id="service_tftp_disabled" system="urn:xccdf:fix:script:puppet" complexity="low" disruption="low" strategy="enable">include disable_tftpd-hpa

class disable_tftpd-hpa {
  service {'tftpd-hpa':
    enable =&gt; false,
    ensure =&gt; 'stopped',
  }
}
</fix>
          <fix xmlns:xhtml="http://www.w3.org/1999/xhtml" id="service_tftp_disabled" system="urn:xccdf:fix:script:ansible" complexity="low" disruption="low" strategy="disable">- name: Gather the package facts
  package_facts:
    manager: auto
  tags:
  - NIST-800-53-CM-6(a)
  - NIST-800-53-CM-7(a)
  - NIST-800-53-CM-7(b)
  - disable_strategy
  - high_severity
  - low_complexity
  - low_disruption
  - no_reboot_needed
  - service_tftp_disabled

- name: Disable tftpd-hpa Service - Collect systemd Services Present in the System
  ansible.builtin.command: systemctl -q list-unit-files --type service
  register: service_exists
  changed_when: false
  failed_when: service_exists.rc not in [0, 1]
  check_mode: false
  when: '"linux-base" in ansible_facts.packages'
  tags:
  - NIST-800-53-CM-6(a)
  - NIST-800-53-CM-7(a)
  - NIST-800-53-CM-7(b)
  - disable_strategy
  - high_severity
  - low_complexity
  - low_disruption
  - no_reboot_needed
  - service_tftp_disabled

- name: Disable tftpd-hpa Service - Ensure tftpd-hpa.service is Masked
  ansible.builtin.systemd:
    name: tftpd-hpa.service
    state: stopped
    enabled: false
    masked: true
  when:
  - '"linux-base" in ansible_facts.packages'
  - service_exists.stdout_lines is search("tftpd-hpa.service", multiline=True)
  tags:
  - NIST-800-53-CM-6(a)
  - NIST-800-53-CM-7(a)
  - NIST-800-53-CM-7(b)
  - disable_strategy
  - high_severity
  - low_complexity
  - low_disruption
  - no_reboot_needed
  - service_tftp_disabled

- name: Unit Socket Exists - tftpd-hpa.socket
  ansible.builtin.command: systemctl -q list-unit-files tftpd-hpa.socket
  register: socket_file_exists
  changed_when: false
  failed_when: socket_file_exists.rc not in [0, 1]
  check_mode: false
  when: '"linux-base" in ansible_facts.packages'
  tags:
  - NIST-800-53-CM-6(a)
  - NIST-800-53-CM-7(a)
  - NIST-800-53-CM-7(b)
  - disable_strategy
  - high_severity
  - low_complexity
  - low_disruption
  - no_reboot_needed
  - service_tftp_disabled

- name: Disable tftpd-hpa Service - Disable Socket tftpd-hpa
  ansible.builtin.systemd:
    name: tftpd-hpa.socket
    enabled: false
    state: stopped
    masked: true
  when:
  - '"linux-base" in ansible_facts.packages'
  - socket_file_exists.stdout_lines is search("tftpd-hpa.socket", multiline=True)
  tags:
  - NIST-800-53-CM-6(a)
  - NIST-800-53-CM-7(a)
  - NIST-800-53-CM-7(b)
  - disable_strategy
  - high_severity
  - low_complexity
  - low_disruption
  - no_reboot_needed
  - service_tftp_disabled
</fix>
          <fix xmlns:xhtml="http://www.w3.org/1999/xhtml" id="service_tftp_disabled" system="urn:xccdf:fix:script:sh" complexity="low" disruption="low" strategy="disable"># Remediation is applicable only in certain platforms
if dpkg-query --show --showformat='${db:Status-Status}
' 'linux-base' 2&gt;/dev/null | grep -q ^installed; then

SYSTEMCTL_EXEC='/usr/bin/systemctl'
if [[ $("$SYSTEMCTL_EXEC" is-system-running) != "offline" ]]; then
  "$SYSTEMCTL_EXEC" stop 'tftpd-hpa.service'
fi
"$SYSTEMCTL_EXEC" disable 'tftpd-hpa.service'
"$SYSTEMCTL_EXEC" mask 'tftpd-hpa.service'
# Disable socket activation if we have a unit file for it
if "$SYSTEMCTL_EXEC" -q list-unit-files tftpd-hpa.socket; then
    if [[ $("$SYSTEMCTL_EXEC" is-system-running) != "offline" ]]; then
      "$SYSTEMCTL_EXEC" stop 'tftpd-hpa.socket'
    fi
    "$SYSTEMCTL_EXEC" mask 'tftpd-hpa.socket'
fi
# The service may not be running because it has been started and failed,
# so let's reset the state so OVAL checks pass.
# Service should be 'inactive', not 'failed' after reboot though.
"$SYSTEMCTL_EXEC" reset-failed 'tftpd-hpa.service' || true

else
    &gt;&amp;2 echo 'Remediation is not applicable, nothing was done'
fi
</fix>
          <fix xmlns:xhtml="http://www.w3.org/1999/xhtml" id="service_tftp_disabled" system="urn:xccdf:fix:script:kubernetes" reboot="true" complexity="low" disruption="medium" strategy="disable">apiVersion: machineconfiguration.openshift.io/v1
kind: MachineConfig
spec:
  config:
    ignition:
      version: 3.1.0
    systemd:
      units:
      - name: tftpd-hpa.service
        enabled: false
        mask: true
      - name: tftpd-hpa.socket
        enabled: false
        mask: true
</fix>
          <check system="http://oval.mitre.org/XMLSchema/oval-definitions-5">
            <check-content-ref name="oval:ssg-service_tftp_disabled:def:1" href="ssg-ubuntu2404-oval.xml"/>
          </check>
          <check system="http://scap.nist.gov/schema/ocil/2">
            <check-content-ref name="ocil:ssg-service_tftp_disabled_ocil:questionnaire:1" href="ssg-ubuntu2404-ocil.xml"/>
          </check>
        </Rule>
      </Group>
    </Group>
    <Group id="xccdf_org.ssgproject.content_group_printing">
      <title xmlns:xhtml="http://www.w3.org/1999/xhtml" xml:lang="en-US">Print Support</title>
      <description xmlns:xhtml="http://www.w3.org/1999/xhtml" xml:lang="en-US">The Common Unix Printing System (CUPS) service provides both local
and network printing support. A system running the CUPS service can accept
print jobs from other systems, process them, and send them to the appropriate
printer. It also provides an interface for remote administration through a web
browser. The CUPS service is installed and activated by default. The project
homepage and more detailed documentation are available at

    <html:a xmlns:html="http://www.w3.org/1999/xhtml" href="http://www.cups.org">http://www.cups.org</html:a>.
<html:br xmlns:html="http://www.w3.org/1999/xhtml"/>
      <html:br xmlns:html="http://www.w3.org/1999/xhtml"/>
     </description>
      <Rule id="xccdf_org.ssgproject.content_rule_package_cups_removed" selected="false" role="full" severity="unknown">
        <title xmlns:xhtml="http://www.w3.org/1999/xhtml" xml:lang="en-US">Uninstall CUPS Package</title>
        <description xmlns:xhtml="http://www.w3.org/1999/xhtml" xml:lang="en-US">The <html:code xmlns:html="http://www.w3.org/1999/xhtml">cups</html:code> package can be removed with the following command:
<html:pre xmlns:html="http://www.w3.org/1999/xhtml">
$ apt-get remove cups</html:pre>
      </description>
        <reference href="https://www.cisecurity.org/controls/">11</reference>
        <reference href="https://www.cisecurity.org/controls/">14</reference>
        <reference href="https://www.cisecurity.org/controls/">3</reference>
        <reference href="https://www.cisecurity.org/controls/">9</reference>
        <reference href="https://www.isaca.org/resources/cobit">BAI10.01</reference>
        <reference href="https://www.isaca.org/resources/cobit">BAI10.02</reference>
        <reference href="https://www.isaca.org/resources/cobit">BAI10.03</reference>
        <reference href="https://www.isaca.org/resources/cobit">BAI10.05</reference>
        <reference href="https://www.isaca.org/resources/cobit">DSS05.02</reference>
        <reference href="https://www.isaca.org/resources/cobit">DSS05.05</reference>
        <reference href="https://www.isaca.org/resources/cobit">DSS06.06</reference>
        <reference href="https://www.isa.org/products/isa-62443-2-1-2009-security-for-industrial-automat">4.3.3.5.1</reference>
        <reference href="https://www.isa.org/products/isa-62443-2-1-2009-security-for-industrial-automat">4.3.3.5.2</reference>
        <reference href="https://www.isa.org/products/isa-62443-2-1-2009-security-for-industrial-automat">4.3.3.5.3</reference>
        <reference href="https://www.isa.org/products/isa-62443-2-1-2009-security-for-industrial-automat">4.3.3.5.4</reference>
        <reference href="https://www.isa.org/products/isa-62443-2-1-2009-security-for-industrial-automat">4.3.3.5.5</reference>
        <reference href="https://www.isa.org/products/isa-62443-2-1-2009-security-for-industrial-automat">4.3.3.5.6</reference>
        <reference href="https://www.isa.org/products/isa-62443-2-1-2009-security-for-industrial-automat">4.3.3.5.7</reference>
        <reference href="https://www.isa.org/products/isa-62443-2-1-2009-security-for-industrial-automat">4.3.3.5.8</reference>
        <reference href="https://www.isa.org/products/isa-62443-2-1-2009-security-for-industrial-automat">4.3.3.6.1</reference>
        <reference href="https://www.isa.org/products/isa-62443-2-1-2009-security-for-industrial-automat">4.3.3.6.2</reference>
        <reference href="https://www.isa.org/products/isa-62443-2-1-2009-security-for-industrial-automat">4.3.3.6.3</reference>
        <reference href="https://www.isa.org/products/isa-62443-2-1-2009-security-for-industrial-automat">4.3.3.6.4</reference>
        <reference href="https://www.isa.org/products/isa-62443-2-1-2009-security-for-industrial-automat">4.3.3.6.5</reference>
        <reference href="https://www.isa.org/products/isa-62443-2-1-2009-security-for-industrial-automat">4.3.3.6.6</reference>
        <reference href="https://www.isa.org/products/isa-62443-2-1-2009-security-for-industrial-automat">4.3.3.6.7</reference>
        <reference href="https://www.isa.org/products/isa-62443-2-1-2009-security-for-industrial-automat">4.3.3.6.8</reference>
        <reference href="https://www.isa.org/products/isa-62443-2-1-2009-security-for-industrial-automat">4.3.3.6.9</reference>
        <reference href="https://www.isa.org/products/isa-62443-2-1-2009-security-for-industrial-automat">4.3.3.7.1</reference>
        <reference href="https://www.isa.org/products/isa-62443-2-1-2009-security-for-industrial-automat">4.3.3.7.2</reference>
        <reference href="https://www.isa.org/products/isa-62443-2-1-2009-security-for-industrial-automat">4.3.3.7.3</reference>
        <reference href="https://www.isa.org/products/isa-62443-2-1-2009-security-for-industrial-automat">4.3.3.7.4</reference>
        <reference href="https://www.isa.org/products/isa-62443-2-1-2009-security-for-industrial-automat">4.3.4.3.2</reference>
        <reference href="https://www.isa.org/products/isa-62443-2-1-2009-security-for-industrial-automat">4.3.4.3.3</reference>
        <reference href="https://www.isa.org/products/ansi-isa-62443-3-3-99-03-03-2013-security-for-indu">SR 1.1</reference>
        <reference href="https://www.isa.org/products/ansi-isa-62443-3-3-99-03-03-2013-security-for-indu">SR 1.10</reference>
        <reference href="https://www.isa.org/products/ansi-isa-62443-3-3-99-03-03-2013-security-for-indu">SR 1.11</reference>
        <reference href="https://www.isa.org/products/ansi-isa-62443-3-3-99-03-03-2013-security-for-indu">SR 1.12</reference>
        <reference href="https://www.isa.org/products/ansi-isa-62443-3-3-99-03-03-2013-security-for-indu">SR 1.13</reference>
        <reference href="https://www.isa.org/products/ansi-isa-62443-3-3-99-03-03-2013-security-for-indu">SR 1.2</reference>
        <reference href="https://www.isa.org/products/ansi-isa-62443-3-3-99-03-03-2013-security-for-indu">SR 1.3</reference>
        <reference href="https://www.isa.org/products/ansi-isa-62443-3-3-99-03-03-2013-security-for-indu">SR 1.4</reference>
        <reference href="https://www.isa.org/products/ansi-isa-62443-3-3-99-03-03-2013-security-for-indu">SR 1.5</reference>
        <reference href="https://www.isa.org/products/ansi-isa-62443-3-3-99-03-03-2013-security-for-indu">SR 1.6</reference>
        <reference href="https://www.isa.org/products/ansi-isa-62443-3-3-99-03-03-2013-security-for-indu">SR 1.7</reference>
        <reference href="https://www.isa.org/products/ansi-isa-62443-3-3-99-03-03-2013-security-for-indu">SR 1.8</reference>
        <reference href="https://www.isa.org/products/ansi-isa-62443-3-3-99-03-03-2013-security-for-indu">SR 1.9</reference>
        <reference href="https://www.isa.org/products/ansi-isa-62443-3-3-99-03-03-2013-security-for-indu">SR 2.1</reference>
        <reference href="https://www.isa.org/products/ansi-isa-62443-3-3-99-03-03-2013-security-for-indu">SR 2.2</reference>
        <reference href="https://www.isa.org/products/ansi-isa-62443-3-3-99-03-03-2013-security-for-indu">SR 2.3</reference>
        <reference href="https://www.isa.org/products/ansi-isa-62443-3-3-99-03-03-2013-security-for-indu">SR 2.4</reference>
        <reference href="https://www.isa.org/products/ansi-isa-62443-3-3-99-03-03-2013-security-for-indu">SR 2.5</reference>
        <reference href="https://www.isa.org/products/ansi-isa-62443-3-3-99-03-03-2013-security-for-indu">SR 2.6</reference>
        <reference href="https://www.isa.org/products/ansi-isa-62443-3-3-99-03-03-2013-security-for-indu">SR 2.7</reference>
        <reference href="https://www.isa.org/products/ansi-isa-62443-3-3-99-03-03-2013-security-for-indu">SR 7.6</reference>
        <reference href="https://www.iso.org/contents/data/standard/05/45/54534.html">A.12.1.2</reference>
        <reference href="https://www.iso.org/contents/data/standard/05/45/54534.html">A.12.5.1</reference>
        <reference href="https://www.iso.org/contents/data/standard/05/45/54534.html">A.12.6.2</reference>
        <reference href="https://www.iso.org/contents/data/standard/05/45/54534.html">A.14.2.2</reference>
        <reference href="https://www.iso.org/contents/data/standard/05/45/54534.html">A.14.2.3</reference>
        <reference href="https://www.iso.org/contents/data/standard/05/45/54534.html">A.14.2.4</reference>
        <reference href="https://www.iso.org/contents/data/standard/05/45/54534.html">A.9.1.2</reference>
        <reference href="http://nvlpubs.nist.gov/nistpubs/SpecialPublications/NIST.SP.800-53r4.pdf">CM-7(a)</reference>
        <reference href="http://nvlpubs.nist.gov/nistpubs/SpecialPublications/NIST.SP.800-53r4.pdf">CM-7(b)</reference>
        <reference href="http://nvlpubs.nist.gov/nistpubs/SpecialPublications/NIST.SP.800-53r4.pdf">CM-6(a)</reference>
        <reference href="https://nvlpubs.nist.gov/nistpubs/CSWP/NIST.CSWP.04162018.pdf">PR.IP-1</reference>
        <reference href="https://nvlpubs.nist.gov/nistpubs/CSWP/NIST.CSWP.04162018.pdf">PR.PT-3</reference>
        <reference href="https://www.cisecurity.org/benchmark/ubuntu_linux/">2.1.11</reference>
        <rationale xmlns:xhtml="http://www.w3.org/1999/xhtml" xml:lang="en-US">If the system does not need to print jobs or accept print jobs from other systems, it is
recommended that CUPS be removed to reduce the potential attack surface.</rationale>
        <fix xmlns:xhtml="http://www.w3.org/1999/xhtml" id="package_cups_removed" system="urn:xccdf:fix:script:puppet" complexity="low" disruption="low" strategy="disable">include remove_cups

class remove_cups {
  package { 'cups':
    ensure =&gt; 'purged',
  }
}
</fix>
        <fix xmlns:xhtml="http://www.w3.org/1999/xhtml" id="package_cups_removed" system="urn:xccdf:fix:script:ansible" complexity="low" disruption="low" strategy="disable">- name: Ensure cups is removed
  package:
    name: cups
    state: absent
  tags:
  - NIST-800-53-CM-6(a)
  - NIST-800-53-CM-7(a)
  - NIST-800-53-CM-7(b)
  - disable_strategy
  - low_complexity
  - low_disruption
  - no_reboot_needed
  - package_cups_removed
  - unknown_severity
</fix>
        <fix xmlns:xhtml="http://www.w3.org/1999/xhtml" id="package_cups_removed" system="urn:xccdf:fix:script:sh" complexity="low" disruption="low" strategy="disable">
# CAUTION: This remediation script will remove cups
#	   from the system, and may remove any packages
#	   that depend on cups. Execute this
#	   remediation AFTER testing on a non-production
#	   system!

DEBIAN_FRONTEND=noninteractive apt-get remove -y "cups"
</fix>
        <check system="http://oval.mitre.org/XMLSchema/oval-definitions-5">
          <check-content-ref name="oval:ssg-package_cups_removed:def:1" href="ssg-ubuntu2404-oval.xml"/>
        </check>
        <check system="http://scap.nist.gov/schema/ocil/2">
          <check-content-ref name="ocil:ssg-package_cups_removed_ocil:questionnaire:1" href="ssg-ubuntu2404-ocil.xml"/>
        </check>
      </Rule>
      <Rule id="xccdf_org.ssgproject.content_rule_service_cups_disabled" selected="false" role="full" severity="unknown">
        <title xmlns:xhtml="http://www.w3.org/1999/xhtml" xml:lang="en-US">Disable the CUPS Service</title>
        <description xmlns:xhtml="http://www.w3.org/1999/xhtml" xml:lang="en-US">
The <html:code xmlns:html="http://www.w3.org/1999/xhtml">cups</html:code> service can be disabled with the following command:
<html:pre xmlns:html="http://www.w3.org/1999/xhtml">$ sudo systemctl mask --now cups.service</html:pre>
      </description>
        <reference href="https://www.cisecurity.org/controls/">11</reference>
        <reference href="https://www.cisecurity.org/controls/">14</reference>
        <reference href="https://www.cisecurity.org/controls/">3</reference>
        <reference href="https://www.cisecurity.org/controls/">9</reference>
        <reference href="https://www.isaca.org/resources/cobit">BAI10.01</reference>
        <reference href="https://www.isaca.org/resources/cobit">BAI10.02</reference>
        <reference href="https://www.isaca.org/resources/cobit">BAI10.03</reference>
        <reference href="https://www.isaca.org/resources/cobit">BAI10.05</reference>
        <reference href="https://www.isaca.org/resources/cobit">DSS05.02</reference>
        <reference href="https://www.isaca.org/resources/cobit">DSS05.05</reference>
        <reference href="https://www.isaca.org/resources/cobit">DSS06.06</reference>
        <reference href="https://www.isa.org/products/isa-62443-2-1-2009-security-for-industrial-automat">4.3.3.5.1</reference>
        <reference href="https://www.isa.org/products/isa-62443-2-1-2009-security-for-industrial-automat">4.3.3.5.2</reference>
        <reference href="https://www.isa.org/products/isa-62443-2-1-2009-security-for-industrial-automat">4.3.3.5.3</reference>
        <reference href="https://www.isa.org/products/isa-62443-2-1-2009-security-for-industrial-automat">4.3.3.5.4</reference>
        <reference href="https://www.isa.org/products/isa-62443-2-1-2009-security-for-industrial-automat">4.3.3.5.5</reference>
        <reference href="https://www.isa.org/products/isa-62443-2-1-2009-security-for-industrial-automat">4.3.3.5.6</reference>
        <reference href="https://www.isa.org/products/isa-62443-2-1-2009-security-for-industrial-automat">4.3.3.5.7</reference>
        <reference href="https://www.isa.org/products/isa-62443-2-1-2009-security-for-industrial-automat">4.3.3.5.8</reference>
        <reference href="https://www.isa.org/products/isa-62443-2-1-2009-security-for-industrial-automat">4.3.3.6.1</reference>
        <reference href="https://www.isa.org/products/isa-62443-2-1-2009-security-for-industrial-automat">4.3.3.6.2</reference>
        <reference href="https://www.isa.org/products/isa-62443-2-1-2009-security-for-industrial-automat">4.3.3.6.3</reference>
        <reference href="https://www.isa.org/products/isa-62443-2-1-2009-security-for-industrial-automat">4.3.3.6.4</reference>
        <reference href="https://www.isa.org/products/isa-62443-2-1-2009-security-for-industrial-automat">4.3.3.6.5</reference>
        <reference href="https://www.isa.org/products/isa-62443-2-1-2009-security-for-industrial-automat">4.3.3.6.6</reference>
        <reference href="https://www.isa.org/products/isa-62443-2-1-2009-security-for-industrial-automat">4.3.3.6.7</reference>
        <reference href="https://www.isa.org/products/isa-62443-2-1-2009-security-for-industrial-automat">4.3.3.6.8</reference>
        <reference href="https://www.isa.org/products/isa-62443-2-1-2009-security-for-industrial-automat">4.3.3.6.9</reference>
        <reference href="https://www.isa.org/products/isa-62443-2-1-2009-security-for-industrial-automat">4.3.3.7.1</reference>
        <reference href="https://www.isa.org/products/isa-62443-2-1-2009-security-for-industrial-automat">4.3.3.7.2</reference>
        <reference href="https://www.isa.org/products/isa-62443-2-1-2009-security-for-industrial-automat">4.3.3.7.3</reference>
        <reference href="https://www.isa.org/products/isa-62443-2-1-2009-security-for-industrial-automat">4.3.3.7.4</reference>
        <reference href="https://www.isa.org/products/isa-62443-2-1-2009-security-for-industrial-automat">4.3.4.3.2</reference>
        <reference href="https://www.isa.org/products/isa-62443-2-1-2009-security-for-industrial-automat">4.3.4.3.3</reference>
        <reference href="https://www.isa.org/products/ansi-isa-62443-3-3-99-03-03-2013-security-for-indu">SR 1.1</reference>
        <reference href="https://www.isa.org/products/ansi-isa-62443-3-3-99-03-03-2013-security-for-indu">SR 1.10</reference>
        <reference href="https://www.isa.org/products/ansi-isa-62443-3-3-99-03-03-2013-security-for-indu">SR 1.11</reference>
        <reference href="https://www.isa.org/products/ansi-isa-62443-3-3-99-03-03-2013-security-for-indu">SR 1.12</reference>
        <reference href="https://www.isa.org/products/ansi-isa-62443-3-3-99-03-03-2013-security-for-indu">SR 1.13</reference>
        <reference href="https://www.isa.org/products/ansi-isa-62443-3-3-99-03-03-2013-security-for-indu">SR 1.2</reference>
        <reference href="https://www.isa.org/products/ansi-isa-62443-3-3-99-03-03-2013-security-for-indu">SR 1.3</reference>
        <reference href="https://www.isa.org/products/ansi-isa-62443-3-3-99-03-03-2013-security-for-indu">SR 1.4</reference>
        <reference href="https://www.isa.org/products/ansi-isa-62443-3-3-99-03-03-2013-security-for-indu">SR 1.5</reference>
        <reference href="https://www.isa.org/products/ansi-isa-62443-3-3-99-03-03-2013-security-for-indu">SR 1.6</reference>
        <reference href="https://www.isa.org/products/ansi-isa-62443-3-3-99-03-03-2013-security-for-indu">SR 1.7</reference>
        <reference href="https://www.isa.org/products/ansi-isa-62443-3-3-99-03-03-2013-security-for-indu">SR 1.8</reference>
        <reference href="https://www.isa.org/products/ansi-isa-62443-3-3-99-03-03-2013-security-for-indu">SR 1.9</reference>
        <reference href="https://www.isa.org/products/ansi-isa-62443-3-3-99-03-03-2013-security-for-indu">SR 2.1</reference>
        <reference href="https://www.isa.org/products/ansi-isa-62443-3-3-99-03-03-2013-security-for-indu">SR 2.2</reference>
        <reference href="https://www.isa.org/products/ansi-isa-62443-3-3-99-03-03-2013-security-for-indu">SR 2.3</reference>
        <reference href="https://www.isa.org/products/ansi-isa-62443-3-3-99-03-03-2013-security-for-indu">SR 2.4</reference>
        <reference href="https://www.isa.org/products/ansi-isa-62443-3-3-99-03-03-2013-security-for-indu">SR 2.5</reference>
        <reference href="https://www.isa.org/products/ansi-isa-62443-3-3-99-03-03-2013-security-for-indu">SR 2.6</reference>
        <reference href="https://www.isa.org/products/ansi-isa-62443-3-3-99-03-03-2013-security-for-indu">SR 2.7</reference>
        <reference href="https://www.isa.org/products/ansi-isa-62443-3-3-99-03-03-2013-security-for-indu">SR 7.6</reference>
        <reference href="https://www.iso.org/contents/data/standard/05/45/54534.html">A.12.1.2</reference>
        <reference href="https://www.iso.org/contents/data/standard/05/45/54534.html">A.12.5.1</reference>
        <reference href="https://www.iso.org/contents/data/standard/05/45/54534.html">A.12.6.2</reference>
        <reference href="https://www.iso.org/contents/data/standard/05/45/54534.html">A.14.2.2</reference>
        <reference href="https://www.iso.org/contents/data/standard/05/45/54534.html">A.14.2.3</reference>
        <reference href="https://www.iso.org/contents/data/standard/05/45/54534.html">A.14.2.4</reference>
        <reference href="https://www.iso.org/contents/data/standard/05/45/54534.html">A.9.1.2</reference>
        <reference href="http://nvlpubs.nist.gov/nistpubs/SpecialPublications/NIST.SP.800-53r4.pdf">CM-7(a)</reference>
        <reference href="http://nvlpubs.nist.gov/nistpubs/SpecialPublications/NIST.SP.800-53r4.pdf">CM-7(b)</reference>
        <reference href="http://nvlpubs.nist.gov/nistpubs/SpecialPublications/NIST.SP.800-53r4.pdf">CM-6(a)</reference>
        <reference href="https://nvlpubs.nist.gov/nistpubs/CSWP/NIST.CSWP.04162018.pdf">PR.IP-1</reference>
        <reference href="https://nvlpubs.nist.gov/nistpubs/CSWP/NIST.CSWP.04162018.pdf">PR.PT-3</reference>
        <reference href="https://www.cisecurity.org/benchmark/ubuntu_linux/">2.1.11</reference>
        <rationale xmlns:xhtml="http://www.w3.org/1999/xhtml" xml:lang="en-US">Turn off unneeded services to reduce attack surface.</rationale>
        <platform idref="#system_with_kernel"/>
        <fix xmlns:xhtml="http://www.w3.org/1999/xhtml" id="service_cups_disabled" system="urn:redhat:osbuild:blueprint">
[customizations.services]
masked = ["cups"]
</fix>
        <fix xmlns:xhtml="http://www.w3.org/1999/xhtml" id="service_cups_disabled" system="urn:xccdf:fix:script:puppet" complexity="low" disruption="low" strategy="enable">include disable_cups

class disable_cups {
  service {'cups':
    enable =&gt; false,
    ensure =&gt; 'stopped',
  }
}
</fix>
        <fix xmlns:xhtml="http://www.w3.org/1999/xhtml" id="service_cups_disabled" system="urn:xccdf:fix:script:ansible" complexity="low" disruption="low" strategy="disable">- name: Gather the package facts
  package_facts:
    manager: auto
  tags:
  - NIST-800-53-CM-6(a)
  - NIST-800-53-CM-7(a)
  - NIST-800-53-CM-7(b)
  - disable_strategy
  - low_complexity
  - low_disruption
  - no_reboot_needed
  - service_cups_disabled
  - unknown_severity

- name: Disable the CUPS Service - Collect systemd Services Present in the System
  ansible.builtin.command: systemctl -q list-unit-files --type service
  register: service_exists
  changed_when: false
  failed_when: service_exists.rc not in [0, 1]
  check_mode: false
  when: '"linux-base" in ansible_facts.packages'
  tags:
  - NIST-800-53-CM-6(a)
  - NIST-800-53-CM-7(a)
  - NIST-800-53-CM-7(b)
  - disable_strategy
  - low_complexity
  - low_disruption
  - no_reboot_needed
  - service_cups_disabled
  - unknown_severity

- name: Disable the CUPS Service - Ensure cups.service is Masked
  ansible.builtin.systemd:
    name: cups.service
    state: stopped
    enabled: false
    masked: true
  when:
  - '"linux-base" in ansible_facts.packages'
  - service_exists.stdout_lines is search("cups.service", multiline=True)
  tags:
  - NIST-800-53-CM-6(a)
  - NIST-800-53-CM-7(a)
  - NIST-800-53-CM-7(b)
  - disable_strategy
  - low_complexity
  - low_disruption
  - no_reboot_needed
  - service_cups_disabled
  - unknown_severity

- name: Unit Socket Exists - cups.socket
  ansible.builtin.command: systemctl -q list-unit-files cups.socket
  register: socket_file_exists
  changed_when: false
  failed_when: socket_file_exists.rc not in [0, 1]
  check_mode: false
  when: '"linux-base" in ansible_facts.packages'
  tags:
  - NIST-800-53-CM-6(a)
  - NIST-800-53-CM-7(a)
  - NIST-800-53-CM-7(b)
  - disable_strategy
  - low_complexity
  - low_disruption
  - no_reboot_needed
  - service_cups_disabled
  - unknown_severity

- name: Disable the CUPS Service - Disable Socket cups
  ansible.builtin.systemd:
    name: cups.socket
    enabled: false
    state: stopped
    masked: true
  when:
  - '"linux-base" in ansible_facts.packages'
  - socket_file_exists.stdout_lines is search("cups.socket", multiline=True)
  tags:
  - NIST-800-53-CM-6(a)
  - NIST-800-53-CM-7(a)
  - NIST-800-53-CM-7(b)
  - disable_strategy
  - low_complexity
  - low_disruption
  - no_reboot_needed
  - service_cups_disabled
  - unknown_severity
</fix>
        <fix xmlns:xhtml="http://www.w3.org/1999/xhtml" id="service_cups_disabled" system="urn:xccdf:fix:script:sh" complexity="low" disruption="low" strategy="disable"># Remediation is applicable only in certain platforms
if dpkg-query --show --showformat='${db:Status-Status}
' 'linux-base' 2&gt;/dev/null | grep -q ^installed; then

SYSTEMCTL_EXEC='/usr/bin/systemctl'
if [[ $("$SYSTEMCTL_EXEC" is-system-running) != "offline" ]]; then
  "$SYSTEMCTL_EXEC" stop 'cups.service'
fi
"$SYSTEMCTL_EXEC" disable 'cups.service'
"$SYSTEMCTL_EXEC" mask 'cups.service'
# Disable socket activation if we have a unit file for it
if "$SYSTEMCTL_EXEC" -q list-unit-files cups.socket; then
    if [[ $("$SYSTEMCTL_EXEC" is-system-running) != "offline" ]]; then
      "$SYSTEMCTL_EXEC" stop 'cups.socket'
    fi
    "$SYSTEMCTL_EXEC" mask 'cups.socket'
fi
# The service may not be running because it has been started and failed,
# so let's reset the state so OVAL checks pass.
# Service should be 'inactive', not 'failed' after reboot though.
"$SYSTEMCTL_EXEC" reset-failed 'cups.service' || true

else
    &gt;&amp;2 echo 'Remediation is not applicable, nothing was done'
fi
</fix>
        <fix xmlns:xhtml="http://www.w3.org/1999/xhtml" id="service_cups_disabled" system="urn:xccdf:fix:script:kubernetes" reboot="true" complexity="low" disruption="medium" strategy="disable">apiVersion: machineconfiguration.openshift.io/v1
kind: MachineConfig
spec:
  config:
    ignition:
      version: 3.1.0
    systemd:
      units:
      - name: cups.service
        enabled: false
        mask: true
      - name: cups.socket
        enabled: false
        mask: true
</fix>
        <check system="http://oval.mitre.org/XMLSchema/oval-definitions-5">
          <check-content-ref name="oval:ssg-service_cups_disabled:def:1" href="ssg-ubuntu2404-oval.xml"/>
        </check>
        <check system="http://scap.nist.gov/schema/ocil/2">
          <check-content-ref name="ocil:ssg-service_cups_disabled_ocil:questionnaire:1" href="ssg-ubuntu2404-ocil.xml"/>
        </check>
      </Rule>
    </Group>
    <Group id="xccdf_org.ssgproject.content_group_proxy">
      <title xmlns:xhtml="http://www.w3.org/1999/xhtml" xml:lang="en-US">Proxy Server</title>
      <description xmlns:xhtml="http://www.w3.org/1999/xhtml" xml:lang="en-US">A proxy server is a very desirable target for a
potential adversary because much (or all) sensitive data for a
given infrastructure may flow through it. Therefore, if one is
required, the system acting as a proxy server should be dedicated
to that purpose alone and be stored in a physically secure
location. The system's default proxy server software is Squid, and
provided in an RPM package of the same name.</description>
      <Group id="xccdf_org.ssgproject.content_group_disabling_squid">
        <title xmlns:xhtml="http://www.w3.org/1999/xhtml" xml:lang="en-US">Disable Squid if Possible</title>
        <description xmlns:xhtml="http://www.w3.org/1999/xhtml" xml:lang="en-US">If Squid was installed and activated, but the system
does not need to act as a proxy server, then it should be disabled
and removed.</description>
        <Rule id="xccdf_org.ssgproject.content_rule_package_squid_removed" selected="false" role="full" severity="unknown">
          <title xmlns:xhtml="http://www.w3.org/1999/xhtml" xml:lang="en-US">Uninstall squid Package</title>
          <description xmlns:xhtml="http://www.w3.org/1999/xhtml" xml:lang="en-US">The <html:code xmlns:html="http://www.w3.org/1999/xhtml">squid</html:code> package can be removed with the following command: <html:pre xmlns:html="http://www.w3.org/1999/xhtml"> $ apt-get remove squid</html:pre>
       </description>
          <reference href="https://www.cisecurity.org/benchmark/ubuntu_linux/">2.1.17</reference>
          <rationale xmlns:xhtml="http://www.w3.org/1999/xhtml" xml:lang="en-US">If there is no need to make the proxy server software available,
removing it provides a safeguard against its activation.</rationale>
          <fix xmlns:xhtml="http://www.w3.org/1999/xhtml" id="package_squid_removed" system="urn:xccdf:fix:script:puppet" complexity="low" disruption="low" strategy="disable">include remove_squid

class remove_squid {
  package { 'squid':
    ensure =&gt; 'purged',
  }
}
</fix>
          <fix xmlns:xhtml="http://www.w3.org/1999/xhtml" id="package_squid_removed" system="urn:xccdf:fix:script:ansible" complexity="low" disruption="low" strategy="disable">- name: Ensure squid is removed
  package:
    name: squid
    state: absent
  tags:
  - disable_strategy
  - low_complexity
  - low_disruption
  - no_reboot_needed
  - package_squid_removed
  - unknown_severity
</fix>
          <fix xmlns:xhtml="http://www.w3.org/1999/xhtml" id="package_squid_removed" system="urn:xccdf:fix:script:sh" complexity="low" disruption="low" strategy="disable">
# CAUTION: This remediation script will remove squid
#	   from the system, and may remove any packages
#	   that depend on squid. Execute this
#	   remediation AFTER testing on a non-production
#	   system!

DEBIAN_FRONTEND=noninteractive apt-get remove -y "squid"
</fix>
          <check system="http://oval.mitre.org/XMLSchema/oval-definitions-5">
            <check-content-ref name="oval:ssg-package_squid_removed:def:1" href="ssg-ubuntu2404-oval.xml"/>
          </check>
          <check system="http://scap.nist.gov/schema/ocil/2">
            <check-content-ref name="ocil:ssg-package_squid_removed_ocil:questionnaire:1" href="ssg-ubuntu2404-ocil.xml"/>
          </check>
        </Rule>
        <Rule id="xccdf_org.ssgproject.content_rule_service_squid_disabled" selected="false" role="full" severity="unknown">
          <title xmlns:xhtml="http://www.w3.org/1999/xhtml" xml:lang="en-US">Disable Squid</title>
          <description xmlns:xhtml="http://www.w3.org/1999/xhtml" xml:lang="en-US">
The <html:code xmlns:html="http://www.w3.org/1999/xhtml">squid</html:code> service can be disabled with the following command:
<html:pre xmlns:html="http://www.w3.org/1999/xhtml">$ sudo systemctl mask --now squid.service</html:pre>
       </description>
          <reference href="https://www.cisecurity.org/benchmark/ubuntu_linux/">2.1.17</reference>
          <rationale xmlns:xhtml="http://www.w3.org/1999/xhtml" xml:lang="en-US">Running proxy server software provides a network-based avenue
of attack, and should be removed if not needed.</rationale>
          <platform idref="#package_squid_and_system_with_kernel"/>
          <fix xmlns:xhtml="http://www.w3.org/1999/xhtml" id="service_squid_disabled" system="urn:redhat:osbuild:blueprint">
[customizations.services]
masked = ["squid"]
</fix>
          <fix xmlns:xhtml="http://www.w3.org/1999/xhtml" id="service_squid_disabled" system="urn:xccdf:fix:script:puppet" complexity="low" disruption="low" strategy="enable">include disable_squid

class disable_squid {
  service {'squid':
    enable =&gt; false,
    ensure =&gt; 'stopped',
  }
}
</fix>
          <fix xmlns:xhtml="http://www.w3.org/1999/xhtml" id="service_squid_disabled" system="urn:xccdf:fix:script:ansible" complexity="low" disruption="low" strategy="disable">- name: Gather the package facts
  package_facts:
    manager: auto
  tags:
  - disable_strategy
  - low_complexity
  - low_disruption
  - no_reboot_needed
  - service_squid_disabled
  - unknown_severity

- name: Disable Squid - Collect systemd Services Present in the System
  ansible.builtin.command: systemctl -q list-unit-files --type service
  register: service_exists
  changed_when: false
  failed_when: service_exists.rc not in [0, 1]
  check_mode: false
  when: ( "squid" in ansible_facts.packages and "linux-base" in ansible_facts.packages
    )
  tags:
  - disable_strategy
  - low_complexity
  - low_disruption
  - no_reboot_needed
  - service_squid_disabled
  - unknown_severity

- name: Disable Squid - Ensure squid.service is Masked
  ansible.builtin.systemd:
    name: squid.service
    state: stopped
    enabled: false
    masked: true
  when:
  - ( "squid" in ansible_facts.packages and "linux-base" in ansible_facts.packages
    )
  - service_exists.stdout_lines is search("squid.service", multiline=True)
  tags:
  - disable_strategy
  - low_complexity
  - low_disruption
  - no_reboot_needed
  - service_squid_disabled
  - unknown_severity

- name: Unit Socket Exists - squid.socket
  ansible.builtin.command: systemctl -q list-unit-files squid.socket
  register: socket_file_exists
  changed_when: false
  failed_when: socket_file_exists.rc not in [0, 1]
  check_mode: false
  when: ( "squid" in ansible_facts.packages and "linux-base" in ansible_facts.packages
    )
  tags:
  - disable_strategy
  - low_complexity
  - low_disruption
  - no_reboot_needed
  - service_squid_disabled
  - unknown_severity

- name: Disable Squid - Disable Socket squid
  ansible.builtin.systemd:
    name: squid.socket
    enabled: false
    state: stopped
    masked: true
  when:
  - ( "squid" in ansible_facts.packages and "linux-base" in ansible_facts.packages
    )
  - socket_file_exists.stdout_lines is search("squid.socket", multiline=True)
  tags:
  - disable_strategy
  - low_complexity
  - low_disruption
  - no_reboot_needed
  - service_squid_disabled
  - unknown_severity
</fix>
          <fix xmlns:xhtml="http://www.w3.org/1999/xhtml" id="service_squid_disabled" system="urn:xccdf:fix:script:sh" complexity="low" disruption="low" strategy="disable"># Remediation is applicable only in certain platforms
if ( dpkg-query --show --showformat='${db:Status-Status}\n' 'squid' 2&gt;/dev/null | grep -q '^installed' &amp;&amp; dpkg-query --show --showformat='${db:Status-Status}
' 'linux-base' 2&gt;/dev/null | grep -q ^installed ); then

SYSTEMCTL_EXEC='/usr/bin/systemctl'
if [[ $("$SYSTEMCTL_EXEC" is-system-running) != "offline" ]]; then
  "$SYSTEMCTL_EXEC" stop 'squid.service'
fi
"$SYSTEMCTL_EXEC" disable 'squid.service'
"$SYSTEMCTL_EXEC" mask 'squid.service'
# Disable socket activation if we have a unit file for it
if "$SYSTEMCTL_EXEC" -q list-unit-files squid.socket; then
    if [[ $("$SYSTEMCTL_EXEC" is-system-running) != "offline" ]]; then
      "$SYSTEMCTL_EXEC" stop 'squid.socket'
    fi
    "$SYSTEMCTL_EXEC" mask 'squid.socket'
fi
# The service may not be running because it has been started and failed,
# so let's reset the state so OVAL checks pass.
# Service should be 'inactive', not 'failed' after reboot though.
"$SYSTEMCTL_EXEC" reset-failed 'squid.service' || true

else
    &gt;&amp;2 echo 'Remediation is not applicable, nothing was done'
fi
</fix>
          <fix xmlns:xhtml="http://www.w3.org/1999/xhtml" id="service_squid_disabled" system="urn:xccdf:fix:script:kubernetes" reboot="true" complexity="low" disruption="medium" strategy="disable">apiVersion: machineconfiguration.openshift.io/v1
kind: MachineConfig
spec:
  config:
    ignition:
      version: 3.1.0
    systemd:
      units:
      - name: squid.service
        enabled: false
        mask: true
      - name: squid.socket
        enabled: false
        mask: true
</fix>
          <check system="http://oval.mitre.org/XMLSchema/oval-definitions-5">
            <check-content-ref name="oval:ssg-service_squid_disabled:def:1" href="ssg-ubuntu2404-oval.xml"/>
          </check>
          <check system="http://scap.nist.gov/schema/ocil/2">
            <check-content-ref name="ocil:ssg-service_squid_disabled_ocil:questionnaire:1" href="ssg-ubuntu2404-ocil.xml"/>
          </check>
        </Rule>
      </Group>
    </Group>
    <Group id="xccdf_org.ssgproject.content_group_smb">
      <title xmlns:xhtml="http://www.w3.org/1999/xhtml" xml:lang="en-US">Samba(SMB) Microsoft Windows File Sharing Server</title>
      <description xmlns:xhtml="http://www.w3.org/1999/xhtml" xml:lang="en-US">When properly configured, the Samba service allows
Linux systems to provide file and print sharing to Microsoft
Windows systems. There are two software packages that provide
Samba support. The first, <html:code xmlns:html="http://www.w3.org/1999/xhtml">samba-client</html:code>, provides a series of
command line tools that enable a client system to access Samba
shares. The second, simply labeled <html:code xmlns:html="http://www.w3.org/1999/xhtml">samba</html:code>, provides the Samba
service. It is this second package that allows a Linux system to
act as an Active Directory server, a domain controller, or as a
domain member. Only the <html:code xmlns:html="http://www.w3.org/1999/xhtml">samba-client</html:code> package is installed by
default.</description>
      <Group id="xccdf_org.ssgproject.content_group_disabling_samba">
        <title xmlns:xhtml="http://www.w3.org/1999/xhtml" xml:lang="en-US">Disable Samba if Possible</title>
        <description xmlns:xhtml="http://www.w3.org/1999/xhtml" xml:lang="en-US">Even after the Samba server package has been installed, it
will remain disabled. Do not enable this service unless it is
absolutely necessary to provide Microsoft Windows file and print
sharing functionality.</description>
        <Rule id="xccdf_org.ssgproject.content_rule_package_samba_removed" selected="false" role="full" severity="unknown">
          <title xmlns:xhtml="http://www.w3.org/1999/xhtml" xml:lang="en-US">Uninstall Samba Package</title>
          <description xmlns:xhtml="http://www.w3.org/1999/xhtml" xml:lang="en-US">The <html:code xmlns:html="http://www.w3.org/1999/xhtml">samba</html:code> package can be removed with the following command: <html:pre xmlns:html="http://www.w3.org/1999/xhtml"> $ apt-get remove samba</html:pre>
       </description>
          <reference href="https://www.cisecurity.org/benchmark/ubuntu_linux/">2.1.14</reference>
          <rationale xmlns:xhtml="http://www.w3.org/1999/xhtml" xml:lang="en-US">If there is no need to make the Samba software available,
removing it provides a safeguard against its activation.</rationale>
          <fix xmlns:xhtml="http://www.w3.org/1999/xhtml" id="package_samba_removed" system="urn:xccdf:fix:script:puppet" complexity="low" disruption="low" strategy="disable">include remove_samba

class remove_samba {
  package { 'samba':
    ensure =&gt; 'purged',
  }
}
</fix>
          <fix xmlns:xhtml="http://www.w3.org/1999/xhtml" id="package_samba_removed" system="urn:xccdf:fix:script:ansible" complexity="low" disruption="low" strategy="disable">- name: Ensure samba is removed
  package:
    name: samba
    state: absent
  tags:
  - disable_strategy
  - low_complexity
  - low_disruption
  - no_reboot_needed
  - package_samba_removed
  - unknown_severity
</fix>
          <fix xmlns:xhtml="http://www.w3.org/1999/xhtml" id="package_samba_removed" system="urn:xccdf:fix:script:sh" complexity="low" disruption="low" strategy="disable">
# CAUTION: This remediation script will remove samba
#	   from the system, and may remove any packages
#	   that depend on samba. Execute this
#	   remediation AFTER testing on a non-production
#	   system!

DEBIAN_FRONTEND=noninteractive apt-get remove -y "samba"
</fix>
          <check system="http://oval.mitre.org/XMLSchema/oval-definitions-5">
            <check-content-ref name="oval:ssg-package_samba_removed:def:1" href="ssg-ubuntu2404-oval.xml"/>
          </check>
          <check system="http://scap.nist.gov/schema/ocil/2">
            <check-content-ref name="ocil:ssg-package_samba_removed_ocil:questionnaire:1" href="ssg-ubuntu2404-ocil.xml"/>
          </check>
        </Rule>
        <Rule id="xccdf_org.ssgproject.content_rule_service_smb_disabled" selected="false" role="full" severity="low">
          <title xmlns:xhtml="http://www.w3.org/1999/xhtml" xml:lang="en-US">Disable Samba</title>
          <description xmlns:xhtml="http://www.w3.org/1999/xhtml" xml:lang="en-US">
The <html:code xmlns:html="http://www.w3.org/1999/xhtml">smb</html:code> service can be disabled with the following command:
<html:pre xmlns:html="http://www.w3.org/1999/xhtml">$ sudo systemctl mask --now smb.service</html:pre>
       </description>
          <reference href="https://public.cyber.mil/stigs/cci/">CCI-001436</reference>
          <reference href="https://www.cisecurity.org/benchmark/ubuntu_linux/">2.1.14</reference>
          <rationale xmlns:xhtml="http://www.w3.org/1999/xhtml" xml:lang="en-US">Running a Samba server provides a network-based avenue of attack, and
should be disabled if not needed.</rationale>
          <platform idref="#system_with_kernel"/>
          <fix xmlns:xhtml="http://www.w3.org/1999/xhtml" id="service_smb_disabled" system="urn:redhat:osbuild:blueprint">
[customizations.services]
masked = ["smbd"]
</fix>
          <fix xmlns:xhtml="http://www.w3.org/1999/xhtml" id="service_smb_disabled" system="urn:xccdf:fix:script:puppet" complexity="low" disruption="low" strategy="enable">include disable_smbd

class disable_smbd {
  service {'smbd':
    enable =&gt; false,
    ensure =&gt; 'stopped',
  }
}
</fix>
          <fix xmlns:xhtml="http://www.w3.org/1999/xhtml" id="service_smb_disabled" system="urn:xccdf:fix:script:ansible" complexity="low" disruption="low" strategy="disable">- name: Gather the package facts
  package_facts:
    manager: auto
  tags:
  - disable_strategy
  - low_complexity
  - low_disruption
  - low_severity
  - no_reboot_needed
  - service_smb_disabled

- name: Disable Samba - Collect systemd Services Present in the System
  ansible.builtin.command: systemctl -q list-unit-files --type service
  register: service_exists
  changed_when: false
  failed_when: service_exists.rc not in [0, 1]
  check_mode: false
  when: '"linux-base" in ansible_facts.packages'
  tags:
  - disable_strategy
  - low_complexity
  - low_disruption
  - low_severity
  - no_reboot_needed
  - service_smb_disabled

- name: Disable Samba - Ensure smbd.service is Masked
  ansible.builtin.systemd:
    name: smbd.service
    state: stopped
    enabled: false
    masked: true
  when:
  - '"linux-base" in ansible_facts.packages'
  - service_exists.stdout_lines is search("smbd.service", multiline=True)
  tags:
  - disable_strategy
  - low_complexity
  - low_disruption
  - low_severity
  - no_reboot_needed
  - service_smb_disabled

- name: Unit Socket Exists - smbd.socket
  ansible.builtin.command: systemctl -q list-unit-files smbd.socket
  register: socket_file_exists
  changed_when: false
  failed_when: socket_file_exists.rc not in [0, 1]
  check_mode: false
  when: '"linux-base" in ansible_facts.packages'
  tags:
  - disable_strategy
  - low_complexity
  - low_disruption
  - low_severity
  - no_reboot_needed
  - service_smb_disabled

- name: Disable Samba - Disable Socket smbd
  ansible.builtin.systemd:
    name: smbd.socket
    enabled: false
    state: stopped
    masked: true
  when:
  - '"linux-base" in ansible_facts.packages'
  - socket_file_exists.stdout_lines is search("smbd.socket", multiline=True)
  tags:
  - disable_strategy
  - low_complexity
  - low_disruption
  - low_severity
  - no_reboot_needed
  - service_smb_disabled
</fix>
          <fix xmlns:xhtml="http://www.w3.org/1999/xhtml" id="service_smb_disabled" system="urn:xccdf:fix:script:sh" complexity="low" disruption="low" strategy="disable"># Remediation is applicable only in certain platforms
if dpkg-query --show --showformat='${db:Status-Status}
' 'linux-base' 2&gt;/dev/null | grep -q ^installed; then

SYSTEMCTL_EXEC='/usr/bin/systemctl'
if [[ $("$SYSTEMCTL_EXEC" is-system-running) != "offline" ]]; then
  "$SYSTEMCTL_EXEC" stop 'smbd.service'
fi
"$SYSTEMCTL_EXEC" disable 'smbd.service'
"$SYSTEMCTL_EXEC" mask 'smbd.service'
# Disable socket activation if we have a unit file for it
if "$SYSTEMCTL_EXEC" -q list-unit-files smbd.socket; then
    if [[ $("$SYSTEMCTL_EXEC" is-system-running) != "offline" ]]; then
      "$SYSTEMCTL_EXEC" stop 'smbd.socket'
    fi
    "$SYSTEMCTL_EXEC" mask 'smbd.socket'
fi
# The service may not be running because it has been started and failed,
# so let's reset the state so OVAL checks pass.
# Service should be 'inactive', not 'failed' after reboot though.
"$SYSTEMCTL_EXEC" reset-failed 'smbd.service' || true

else
    &gt;&amp;2 echo 'Remediation is not applicable, nothing was done'
fi
</fix>
          <fix xmlns:xhtml="http://www.w3.org/1999/xhtml" id="service_smb_disabled" system="urn:xccdf:fix:script:kubernetes" reboot="true" complexity="low" disruption="medium" strategy="disable">apiVersion: machineconfiguration.openshift.io/v1
kind: MachineConfig
spec:
  config:
    ignition:
      version: 3.1.0
    systemd:
      units:
      - name: smbd.service
        enabled: false
        mask: true
      - name: smbd.socket
        enabled: false
        mask: true
</fix>
          <check system="http://oval.mitre.org/XMLSchema/oval-definitions-5">
            <check-content-ref name="oval:ssg-service_smb_disabled:def:1" href="ssg-ubuntu2404-oval.xml"/>
          </check>
          <check system="http://scap.nist.gov/schema/ocil/2">
            <check-content-ref name="ocil:ssg-service_smb_disabled_ocil:questionnaire:1" href="ssg-ubuntu2404-ocil.xml"/>
          </check>
        </Rule>
      </Group>
    </Group>
    <Group id="xccdf_org.ssgproject.content_group_snmp">
      <title xmlns:xhtml="http://www.w3.org/1999/xhtml" xml:lang="en-US">SNMP Server</title>
      <description xmlns:xhtml="http://www.w3.org/1999/xhtml" xml:lang="en-US">The Simple Network Management Protocol allows
administrators to monitor the state of network devices, including
computers. Older versions of SNMP were well-known for weak
security, such as plaintext transmission of the community string
(used for authentication) and usage of easily-guessable
choices for the community string.</description>
      <Group id="xccdf_org.ssgproject.content_group_disabling_snmp_service">
        <title xmlns:xhtml="http://www.w3.org/1999/xhtml" xml:lang="en-US">Disable SNMP Server if Possible</title>
        <description xmlns:xhtml="http://www.w3.org/1999/xhtml" xml:lang="en-US">The system includes an SNMP daemon that allows for its remote
monitoring, though it not installed by default. If it was installed and
activated but is not needed, the software should be disabled and removed.</description>
        <Rule id="xccdf_org.ssgproject.content_rule_package_net-snmp_removed" selected="false" role="full" severity="unknown">
          <title xmlns:xhtml="http://www.w3.org/1999/xhtml" xml:lang="en-US">Uninstall net-snmp Package</title>
          <description xmlns:xhtml="http://www.w3.org/1999/xhtml" xml:lang="en-US">
The <html:code xmlns:html="http://www.w3.org/1999/xhtml">snmp</html:code> package provides the snmpd service.
The <html:code xmlns:html="http://www.w3.org/1999/xhtml">snmp</html:code> package can be removed with the following command:
<html:pre xmlns:html="http://www.w3.org/1999/xhtml">
$ apt-get remove snmp</html:pre>
       </description>
          <reference href="https://www.cisecurity.org/benchmark/ubuntu_linux/">2.1.15</reference>
          <reference href="https://docs-prv.pcisecuritystandards.org/PCI%20DSS/Standard/PCI-DSS-v4_0.pdf">2.2.4</reference>
          <reference href="https://docs-prv.pcisecuritystandards.org/PCI%20DSS/Standard/PCI-DSS-v4_0.pdf">2.2</reference>
          <rationale xmlns:xhtml="http://www.w3.org/1999/xhtml" xml:lang="en-US">If there is no need to run SNMP server software,
removing the package provides a safeguard against its
activation.</rationale>
          <fix xmlns:xhtml="http://www.w3.org/1999/xhtml" id="package_net-snmp_removed" system="urn:xccdf:fix:script:puppet" complexity="low" disruption="low" strategy="disable">include remove_snmpd

class remove_snmpd {
  package { 'snmpd':
    ensure =&gt; 'purged',
  }
}
</fix>
          <fix xmlns:xhtml="http://www.w3.org/1999/xhtml" id="package_net-snmp_removed" system="urn:xccdf:fix:script:ansible" complexity="low" disruption="low" strategy="disable">- name: Ensure snmpd is removed
  package:
    name: snmpd
    state: absent
  tags:
  - PCI-DSSv4-2.2
  - PCI-DSSv4-2.2.4
  - disable_strategy
  - low_complexity
  - low_disruption
  - no_reboot_needed
  - package_net-snmp_removed
  - unknown_severity
</fix>
          <fix xmlns:xhtml="http://www.w3.org/1999/xhtml" id="package_net-snmp_removed" system="urn:xccdf:fix:script:sh" complexity="low" disruption="low" strategy="disable">
# CAUTION: This remediation script will remove snmpd
#	   from the system, and may remove any packages
#	   that depend on snmpd. Execute this
#	   remediation AFTER testing on a non-production
#	   system!

DEBIAN_FRONTEND=noninteractive apt-get remove -y "snmpd"
</fix>
          <check system="http://oval.mitre.org/XMLSchema/oval-definitions-5">
            <check-content-ref name="oval:ssg-package_net-snmp_removed:def:1" href="ssg-ubuntu2404-oval.xml"/>
          </check>
          <check system="http://scap.nist.gov/schema/ocil/2">
            <check-content-ref name="ocil:ssg-package_net-snmp_removed_ocil:questionnaire:1" href="ssg-ubuntu2404-ocil.xml"/>
          </check>
        </Rule>
        <Rule id="xccdf_org.ssgproject.content_rule_service_snmpd_disabled" selected="false" role="full" severity="low">
          <title xmlns:xhtml="http://www.w3.org/1999/xhtml" xml:lang="en-US">Disable snmpd Service</title>
          <description xmlns:xhtml="http://www.w3.org/1999/xhtml" xml:lang="en-US">
The <html:code xmlns:html="http://www.w3.org/1999/xhtml">snmpd</html:code> service can be disabled with the following command:
<html:pre xmlns:html="http://www.w3.org/1999/xhtml">$ sudo systemctl mask --now snmpd.service</html:pre>
       </description>
          <reference href="https://www.cyber.gov.au/acsc/view-all-content/ism">1311</reference>
          <reference href="https://www.cisecurity.org/benchmark/ubuntu_linux/">2.1.15</reference>
          <rationale xmlns:xhtml="http://www.w3.org/1999/xhtml" xml:lang="en-US">Running SNMP software provides a network-based avenue of attack, and
should be disabled if not needed.</rationale>
          <platform idref="#package_snmpd_and_system_with_kernel"/>
          <fix xmlns:xhtml="http://www.w3.org/1999/xhtml" id="service_snmpd_disabled" system="urn:redhat:osbuild:blueprint">
[customizations.services]
masked = ["snmpd"]
</fix>
          <fix xmlns:xhtml="http://www.w3.org/1999/xhtml" id="service_snmpd_disabled" system="urn:xccdf:fix:script:puppet" complexity="low" disruption="low" strategy="enable">include disable_snmpd

class disable_snmpd {
  service {'snmpd':
    enable =&gt; false,
    ensure =&gt; 'stopped',
  }
}
</fix>
          <fix xmlns:xhtml="http://www.w3.org/1999/xhtml" id="service_snmpd_disabled" system="urn:xccdf:fix:script:ansible" complexity="low" disruption="low" strategy="disable">- name: Gather the package facts
  package_facts:
    manager: auto
  tags:
  - disable_strategy
  - low_complexity
  - low_disruption
  - low_severity
  - no_reboot_needed
  - service_snmpd_disabled

- name: Disable snmpd Service - Collect systemd Services Present in the System
  ansible.builtin.command: systemctl -q list-unit-files --type service
  register: service_exists
  changed_when: false
  failed_when: service_exists.rc not in [0, 1]
  check_mode: false
  when: ( "snmp" in ansible_facts.packages and "linux-base" in ansible_facts.packages
    )
  tags:
  - disable_strategy
  - low_complexity
  - low_disruption
  - low_severity
  - no_reboot_needed
  - service_snmpd_disabled

- name: Disable snmpd Service - Ensure snmpd.service is Masked
  ansible.builtin.systemd:
    name: snmpd.service
    state: stopped
    enabled: false
    masked: true
  when:
  - ( "snmp" in ansible_facts.packages and "linux-base" in ansible_facts.packages
    )
  - service_exists.stdout_lines is search("snmpd.service", multiline=True)
  tags:
  - disable_strategy
  - low_complexity
  - low_disruption
  - low_severity
  - no_reboot_needed
  - service_snmpd_disabled

- name: Unit Socket Exists - snmpd.socket
  ansible.builtin.command: systemctl -q list-unit-files snmpd.socket
  register: socket_file_exists
  changed_when: false
  failed_when: socket_file_exists.rc not in [0, 1]
  check_mode: false
  when: ( "snmp" in ansible_facts.packages and "linux-base" in ansible_facts.packages
    )
  tags:
  - disable_strategy
  - low_complexity
  - low_disruption
  - low_severity
  - no_reboot_needed
  - service_snmpd_disabled

- name: Disable snmpd Service - Disable Socket snmpd
  ansible.builtin.systemd:
    name: snmpd.socket
    enabled: false
    state: stopped
    masked: true
  when:
  - ( "snmp" in ansible_facts.packages and "linux-base" in ansible_facts.packages
    )
  - socket_file_exists.stdout_lines is search("snmpd.socket", multiline=True)
  tags:
  - disable_strategy
  - low_complexity
  - low_disruption
  - low_severity
  - no_reboot_needed
  - service_snmpd_disabled
</fix>
          <fix xmlns:xhtml="http://www.w3.org/1999/xhtml" id="service_snmpd_disabled" system="urn:xccdf:fix:script:sh" complexity="low" disruption="low" strategy="disable"># Remediation is applicable only in certain platforms
if ( dpkg-query --show --showformat='${db:Status-Status}\n' 'snmp' 2&gt;/dev/null | grep -q '^installed' &amp;&amp; dpkg-query --show --showformat='${db:Status-Status}
' 'linux-base' 2&gt;/dev/null | grep -q ^installed ); then

SYSTEMCTL_EXEC='/usr/bin/systemctl'
if [[ $("$SYSTEMCTL_EXEC" is-system-running) != "offline" ]]; then
  "$SYSTEMCTL_EXEC" stop 'snmpd.service'
fi
"$SYSTEMCTL_EXEC" disable 'snmpd.service'
"$SYSTEMCTL_EXEC" mask 'snmpd.service'
# Disable socket activation if we have a unit file for it
if "$SYSTEMCTL_EXEC" -q list-unit-files snmpd.socket; then
    if [[ $("$SYSTEMCTL_EXEC" is-system-running) != "offline" ]]; then
      "$SYSTEMCTL_EXEC" stop 'snmpd.socket'
    fi
    "$SYSTEMCTL_EXEC" mask 'snmpd.socket'
fi
# The service may not be running because it has been started and failed,
# so let's reset the state so OVAL checks pass.
# Service should be 'inactive', not 'failed' after reboot though.
"$SYSTEMCTL_EXEC" reset-failed 'snmpd.service' || true

else
    &gt;&amp;2 echo 'Remediation is not applicable, nothing was done'
fi
</fix>
          <fix xmlns:xhtml="http://www.w3.org/1999/xhtml" id="service_snmpd_disabled" system="urn:xccdf:fix:script:kubernetes" reboot="true" complexity="low" disruption="medium" strategy="disable">apiVersion: machineconfiguration.openshift.io/v1
kind: MachineConfig
spec:
  config:
    ignition:
      version: 3.1.0
    systemd:
      units:
      - name: snmpd.service
        enabled: false
        mask: true
      - name: snmpd.socket
        enabled: false
        mask: true
</fix>
          <check system="http://oval.mitre.org/XMLSchema/oval-definitions-5">
            <check-content-ref name="oval:ssg-service_snmpd_disabled:def:1" href="ssg-ubuntu2404-oval.xml"/>
          </check>
          <check system="http://scap.nist.gov/schema/ocil/2">
            <check-content-ref name="ocil:ssg-service_snmpd_disabled_ocil:questionnaire:1" href="ssg-ubuntu2404-ocil.xml"/>
          </check>
        </Rule>
      </Group>
    </Group>
    <Group id="xccdf_org.ssgproject.content_group_ssh">
      <title xmlns:xhtml="http://www.w3.org/1999/xhtml" xml:lang="en-US">SSH Server</title>
      <description xmlns:xhtml="http://www.w3.org/1999/xhtml" xml:lang="en-US">The SSH protocol is recommended for remote login and
remote file transfer. SSH provides confidentiality and integrity
for data exchanged between two systems, as well as server
authentication, through the use of public key cryptography. The
implementation included with the system is called OpenSSH, and more
detailed documentation is available from its website,

    <html:a xmlns:html="http://www.w3.org/1999/xhtml" href="https://www.openssh.com">https://www.openssh.com</html:a>.
Its server program is called <html:code xmlns:html="http://www.w3.org/1999/xhtml">sshd</html:code> and provided by the RPM package
<html:code xmlns:html="http://www.w3.org/1999/xhtml">openssh-server</html:code>.</description>
      <platform idref="#system_with_kernel"/>
      <Value id="xccdf_org.ssgproject.content_value_sshd_idle_timeout_value" type="number">
        <title xmlns:xhtml="http://www.w3.org/1999/xhtml" xml:lang="en-US">SSH session Idle time</title>
        <description xmlns:xhtml="http://www.w3.org/1999/xhtml" xml:lang="en-US">Specify duration of allowed idle time.</description>
        <value selector="10_minutes">600</value>
        <value selector="120_minutes">7200</value>
        <value selector="14_minutes">840</value>
        <value selector="15_minutes">900</value>
        <value selector="30_minutes">1800</value>
        <value selector="5_minutes">300</value>
        <value selector="60_minutes">3600</value>
        <value>300</value>
      </Value>
      <Value id="xccdf_org.ssgproject.content_value_sshd_max_auth_tries_value" type="number">
        <title xmlns:xhtml="http://www.w3.org/1999/xhtml" xml:lang="en-US">SSH Max authentication attempts</title>
        <description xmlns:xhtml="http://www.w3.org/1999/xhtml" xml:lang="en-US">Specify the maximum number of authentication attempts per connection.</description>
        <value selector="10">10</value>
        <value selector="3">3</value>
        <value selector="4">4</value>
        <value selector="5">5</value>
        <value>4</value>
      </Value>
      <Value id="xccdf_org.ssgproject.content_value_sshd_required" type="number">
        <title xmlns:xhtml="http://www.w3.org/1999/xhtml" xml:lang="en-US">SSH is required to be installed</title>
        <description xmlns:xhtml="http://www.w3.org/1999/xhtml" xml:lang="en-US">Specify if the Policy requires SSH to be installed. Used by SSH Rules
to determine if SSH should be uninstalled or configured.<html:br xmlns:html="http://www.w3.org/1999/xhtml"/>
A value of 0 means that the policy doesn't care if OpenSSH server is installed or not. If it is installed, scanner will check for it's configuration, if it's not installed, the check will pass.<html:br xmlns:html="http://www.w3.org/1999/xhtml"/>
A value of 1 indicates that OpenSSH server package is not required by the policy;<html:br xmlns:html="http://www.w3.org/1999/xhtml"/>
A value of 2 indicates that OpenSSH server package is required by the policy.<html:br xmlns:html="http://www.w3.org/1999/xhtml"/>
      </description>
        <value>0</value>
        <value selector="no">1</value>
        <value selector="yes">2</value>
      </Value>
      <Value id="xccdf_org.ssgproject.content_value_sshd_strong_kex" type="string">
        <title xmlns:xhtml="http://www.w3.org/1999/xhtml" xml:lang="en-US">SSH Strong KEX by FIPS</title>
        <description xmlns:xhtml="http://www.w3.org/1999/xhtml" xml:lang="en-US">Specify the FIPS approved KEXs (Key Exchange Algorithms) algorithms
	that are used for methods in cryptography by which cryptographic keys are exchanged between two parties</description>
        <value>ecdh-sha2-nistp256,ecdh-sha2-nistp384,ecdh-sha2-nistp521,diffie-hellman-group-exchange-sha256,diffie-hellman-group16-sha512,diffie-hellman-group18-sha512,diffie-hellman-group14-sha256</value>
        <value selector="pcidss">ecdh-sha2-nistp256,ecdh-sha2-nistp384,ecdh-sha2-nistp521,diffie-hellman-group-exchange-sha256,diffie-hellman-group16-sha512,diffie-hellman-group18-sha512,diffie-hellman-group14-sha256</value>
        <value selector="cis_rhel8">-diffie-hellman-group1-sha1,diffie-hellman-group14-sha1,diffie-hellman-group-exchange-sha1</value>
        <value selector="cis_rhel9">-diffie-hellman-group1-sha1,diffie-hellman-group14-sha1,diffie-hellman-group-exchange-sha1</value>
        <value selector="cis_sle12">curve25519-sha256,curve25519-sha256@libssh.org,diffie-hellman-group14-sha256,diffie-hellman-group16-sha512,diffie-hellman-group18-sha512,ecdh-sha2-nistp521,ecdh-sha2-nistp384,ecdh-sha2-nistp256,diffie-hellman-group-exchange-sha256</value>
        <value selector="cis_sle15">curve25519-sha256,curve25519-sha256@libssh.org,diffie-hellman-group14-sha256,diffie-hellman-group16-sha512,diffie-hellman-group18-sha512,ecdh-sha2-nistp521,ecdh-sha2-nistp384,ecdh-sha2-nistp256,diffie-hellman-group-exchange-sha256</value>
        <value selector="cis_ubuntu2004">curve25519-sha256,curve25519-sha256@libssh.org,ecdh-sha2-nistp256,ecdh-sha2-nistp384,ecdh-sha2-nistp521,diffie-hellman-group-exchange-sha256,diffie-hellman-group16-sha512,diffie-hellman-group18-sha512,diffie-hellman-group14-sha256</value>
        <value selector="cis_ubuntu2204">curve25519-sha256,curve25519-sha256@libssh.org,ecdh-sha2-nistp256,ecdh-sha2-nistp384,ecdh-sha2-nistp521,diffie-hellman-group-exchange-sha256,diffie-hellman-group16-sha512,diffie-hellman-group18-sha512,diffie-hellman-group14-sha256</value>
        <value selector="cis_ubuntu2404">sntrup761x25519-sha512@openssh.com,curve25519-sha256,curve25519-sha256@libssh.org,ecdh-sha2-nistp256,ecdh-sha2-nistp384,ecdh-sha2-nistp521,diffie-hellman-group-exchange-sha256,diffie-hellman-group16-sha512,diffie-hellman-group18-sha512,diffie-hellman-group14-sha256</value>
        <value selector="std_openeuler">curve25519-sha256,curve25519-sha256@libssh.org,diffie-hellman-group-exchange-sha256</value>
      </Value>
      <Value id="xccdf_org.ssgproject.content_value_sshd_strong_macs" type="string">
        <title xmlns:xhtml="http://www.w3.org/1999/xhtml" xml:lang="en-US">SSH Strong MACs by FIPS</title>
        <description xmlns:xhtml="http://www.w3.org/1999/xhtml" xml:lang="en-US">Specify the FIPS approved MACs (Message Authentication Code) algorithms
	that are used for data integrity protection by the SSH server.</description>
        <value>hmac-sha2-512-etm@openssh.com,hmac-sha2-256-etm@openssh.com,umac-128-etm@openssh.com,hmac-sha2-512,hmac-sha2-256,hmac-ripemd160</value>
        <value selector="cis_rhel8">-hmac-md5,hmac-md5-96,hmac-ripemd160,hmac-sha1-96,umac-64@openssh.com,hmac-md5-etm@openssh.com,hmac-md5-96-etm@openssh.com,hmac-ripemd160-etm@openssh.com,hmac-sha1-96-etm@openssh.com,umac-64-etm@openssh.com</value>
        <value selector="cis_rhel9">-hmac-md5,hmac-md5-96,hmac-ripemd160,hmac-sha1-96,umac-64@openssh.com,hmac-md5-etm@openssh.com,hmac-md5-96-etm@openssh.com,hmac-ripemd160-etm@openssh.com,hmac-sha1-96-etm@openssh.com,umac-64-etm@openssh.com</value>
        <value selector="cis_sle12">hmac-sha2-512-etm@openssh.com,hmac-sha2-256-etm@openssh.com,umac-128-etm@openssh.com,hmac-sha2-512,hmac-sha2-256,hmac-ripemd160</value>
        <value selector="cis_sle15">hmac-sha2-512-etm@openssh.com,hmac-sha2-256-etm@openssh.com,umac-128-etm@openssh.com,hmac-sha2-512,hmac-sha2-256</value>
        <value selector="cis_ubuntu2204">hmac-sha2-512-etm@openssh.com,hmac-sha2-256-etm@openssh.com,hmac-sha2-512,hmac-sha2-256</value>
        <value selector="cis_ubuntu2404">hmac-sha2-512-etm@openssh.com,hmac-sha2-256-etm@openssh.com,hmac-sha2-512,hmac-sha2-256</value>
        <value selector="stig_rhel9">hmac-sha2-256-etm@openssh.com,hmac-sha2-512-etm@openssh.com,hmac-sha2-256,hmac-sha2-512</value>
      </Value>
      <Value id="xccdf_org.ssgproject.content_value_var_sshd_max_sessions" type="number">
        <title xmlns:xhtml="http://www.w3.org/1999/xhtml" xml:lang="en-US">SSH Max Sessions Count</title>
        <description xmlns:xhtml="http://www.w3.org/1999/xhtml" xml:lang="en-US">Specify the maximum number of open sessions permitted.</description>
        <value selector="10">10</value>
        <value selector="4">4</value>
        <value selector="3">3</value>
        <value selector="2">2</value>
        <value selector="1">1</value>
        <value selector="0">0</value>
        <value>10</value>
      </Value>
      <Value id="xccdf_org.ssgproject.content_value_var_sshd_set_keepalive" type="number">
        <title xmlns:xhtml="http://www.w3.org/1999/xhtml" xml:lang="en-US">SSH Max Keep Alive Count</title>
        <description xmlns:xhtml="http://www.w3.org/1999/xhtml" xml:lang="en-US">Specify the maximum number of idle message counts before session is terminated.</description>
        <value selector="10">10</value>
        <value selector="3">3</value>
        <value selector="5">5</value>
        <value selector="0">0</value>
        <value selector="1">1</value>
        <value>0</value>
      </Value>
      <Rule id="xccdf_org.ssgproject.content_rule_file_groupowner_sshd_config" selected="false" role="full" severity="medium">
        <title xmlns:xhtml="http://www.w3.org/1999/xhtml" xml:lang="en-US">Verify Group Who Owns SSH Server config file</title>
        <description xmlns:xhtml="http://www.w3.org/1999/xhtml" xml:lang="en-US">
To properly set the group owner of <html:code xmlns:html="http://www.w3.org/1999/xhtml">/etc/ssh/sshd_config</html:code>, run the command:
<html:pre xmlns:html="http://www.w3.org/1999/xhtml">$ sudo chgrp root /etc/ssh/sshd_config</html:pre>
      </description>
        <reference href="https://www.cisecurity.org/controls/">12</reference>
        <reference href="https://www.cisecurity.org/controls/">13</reference>
        <reference href="https://www.cisecurity.org/controls/">14</reference>
        <reference href="https://www.cisecurity.org/controls/">15</reference>
        <reference href="https://www.cisecurity.org/controls/">16</reference>
        <reference href="https://www.cisecurity.org/controls/">18</reference>
        <reference href="https://www.cisecurity.org/controls/">3</reference>
        <reference href="https://www.cisecurity.org/controls/">5</reference>
        <reference href="https://www.isaca.org/resources/cobit">APO01.06</reference>
        <reference href="https://www.isaca.org/resources/cobit">DSS05.04</reference>
        <reference href="https://www.isaca.org/resources/cobit">DSS05.07</reference>
        <reference href="https://www.isaca.org/resources/cobit">DSS06.02</reference>
        <reference href="https://public.cyber.mil/stigs/cci/">CCI-000366</reference>
        <reference href="https://www.isa.org/products/isa-62443-2-1-2009-security-for-industrial-automat">4.3.3.7.3</reference>
        <reference href="https://www.isa.org/products/ansi-isa-62443-3-3-99-03-03-2013-security-for-indu">SR 2.1</reference>
        <reference href="https://www.isa.org/products/ansi-isa-62443-3-3-99-03-03-2013-security-for-indu">SR 5.2</reference>
        <reference href="https://www.iso.org/contents/data/standard/05/45/54534.html">A.10.1.1</reference>
        <reference href="https://www.iso.org/contents/data/standard/05/45/54534.html">A.11.1.4</reference>
        <reference href="https://www.iso.org/contents/data/standard/05/45/54534.html">A.11.1.5</reference>
        <reference href="https://www.iso.org/contents/data/standard/05/45/54534.html">A.11.2.1</reference>
        <reference href="https://www.iso.org/contents/data/standard/05/45/54534.html">A.13.1.1</reference>
        <reference href="https://www.iso.org/contents/data/standard/05/45/54534.html">A.13.1.3</reference>
        <reference href="https://www.iso.org/contents/data/standard/05/45/54534.html">A.13.2.1</reference>
        <reference href="https://www.iso.org/contents/data/standard/05/45/54534.html">A.13.2.3</reference>
        <reference href="https://www.iso.org/contents/data/standard/05/45/54534.html">A.13.2.4</reference>
        <reference href="https://www.iso.org/contents/data/standard/05/45/54534.html">A.14.1.2</reference>
        <reference href="https://www.iso.org/contents/data/standard/05/45/54534.html">A.14.1.3</reference>
        <reference href="https://www.iso.org/contents/data/standard/05/45/54534.html">A.6.1.2</reference>
        <reference href="https://www.iso.org/contents/data/standard/05/45/54534.html">A.7.1.1</reference>
        <reference href="https://www.iso.org/contents/data/standard/05/45/54534.html">A.7.1.2</reference>
        <reference href="https://www.iso.org/contents/data/standard/05/45/54534.html">A.7.3.1</reference>
        <reference href="https://www.iso.org/contents/data/standard/05/45/54534.html">A.8.2.2</reference>
        <reference href="https://www.iso.org/contents/data/standard/05/45/54534.html">A.8.2.3</reference>
        <reference href="https://www.iso.org/contents/data/standard/05/45/54534.html">A.9.1.1</reference>
        <reference href="https://www.iso.org/contents/data/standard/05/45/54534.html">A.9.1.2</reference>
        <reference href="https://www.iso.org/contents/data/standard/05/45/54534.html">A.9.2.3</reference>
        <reference href="https://www.iso.org/contents/data/standard/05/45/54534.html">A.9.4.1</reference>
        <reference href="https://www.iso.org/contents/data/standard/05/45/54534.html">A.9.4.4</reference>
        <reference href="https://www.iso.org/contents/data/standard/05/45/54534.html">A.9.4.5</reference>
        <reference href="https://www.nerc.com/pa/Stand/AlignRep/One%20Stop%20Shop.xlsx">CIP-003-8 R5.1.1</reference>
        <reference href="https://www.nerc.com/pa/Stand/AlignRep/One%20Stop%20Shop.xlsx">CIP-003-8 R5.3</reference>
        <reference href="https://www.nerc.com/pa/Stand/AlignRep/One%20Stop%20Shop.xlsx">CIP-004-6 R2.3</reference>
        <reference href="https://www.nerc.com/pa/Stand/AlignRep/One%20Stop%20Shop.xlsx">CIP-007-3 R2.1</reference>
        <reference href="https://www.nerc.com/pa/Stand/AlignRep/One%20Stop%20Shop.xlsx">CIP-007-3 R2.2</reference>
        <reference href="https://www.nerc.com/pa/Stand/AlignRep/One%20Stop%20Shop.xlsx">CIP-007-3 R2.3</reference>
        <reference href="https://www.nerc.com/pa/Stand/AlignRep/One%20Stop%20Shop.xlsx">CIP-007-3 R5.1</reference>
        <reference href="https://www.nerc.com/pa/Stand/AlignRep/One%20Stop%20Shop.xlsx">CIP-007-3 R5.1.1</reference>
        <reference href="https://www.nerc.com/pa/Stand/AlignRep/One%20Stop%20Shop.xlsx">CIP-007-3 R5.1.2</reference>
        <reference href="http://nvlpubs.nist.gov/nistpubs/SpecialPublications/NIST.SP.800-53r4.pdf">AC-17(a)</reference>
        <reference href="http://nvlpubs.nist.gov/nistpubs/SpecialPublications/NIST.SP.800-53r4.pdf">CM-6(a)</reference>
        <reference href="http://nvlpubs.nist.gov/nistpubs/SpecialPublications/NIST.SP.800-53r4.pdf">AC-6(1)</reference>
        <reference href="https://nvlpubs.nist.gov/nistpubs/CSWP/NIST.CSWP.04162018.pdf">PR.AC-4</reference>
        <reference href="https://nvlpubs.nist.gov/nistpubs/CSWP/NIST.CSWP.04162018.pdf">PR.DS-5</reference>
        <reference href="https://public.cyber.mil/stigs/downloads/?_dl_facet_stigs=operating-systems%2Cgeneral-purpose-os">SRG-OS-000480-GPOS-00227</reference>
        <reference href="https://cyber.gouv.fr/sites/default/files/document/linux_configuration-en-v2.pdf">R50</reference>
        <reference href="https://www.cisecurity.org/benchmark/ubuntu_linux/">5.1.1</reference>
        <rationale xmlns:xhtml="http://www.w3.org/1999/xhtml" xml:lang="en-US">Service configuration files enable or disable features of their respective
services that if configured incorrectly can lead to insecure and vulnerable
configurations. Therefore, service configuration files should be owned by the
correct group to prevent unauthorized changes.</rationale>
        <fix xmlns:xhtml="http://www.w3.org/1999/xhtml" id="file_groupowner_sshd_config" system="urn:xccdf:fix:script:ansible" complexity="low" disruption="low" strategy="configure">- name: Gather the package facts
  package_facts:
    manager: auto
  tags:
  - NIST-800-53-AC-17(a)
  - NIST-800-53-AC-6(1)
  - NIST-800-53-CM-6(a)
  - configure_strategy
  - file_groupowner_sshd_config
  - low_complexity
  - low_disruption
  - medium_severity
  - no_reboot_needed

- name: Test for existence /etc/ssh/sshd_config
  stat:
    path: /etc/ssh/sshd_config
  register: file_exists
  when: '"linux-base" in ansible_facts.packages'
  tags:
  - NIST-800-53-AC-17(a)
  - NIST-800-53-AC-6(1)
  - NIST-800-53-CM-6(a)
  - configure_strategy
  - file_groupowner_sshd_config
  - low_complexity
  - low_disruption
  - medium_severity
  - no_reboot_needed

- name: Ensure group owner 0 on /etc/ssh/sshd_config
  file:
    path: /etc/ssh/sshd_config
    group: '0'
  when:
  - '"linux-base" in ansible_facts.packages'
  - file_exists.stat is defined and file_exists.stat.exists
  tags:
  - NIST-800-53-AC-17(a)
  - NIST-800-53-AC-6(1)
  - NIST-800-53-CM-6(a)
  - configure_strategy
  - file_groupowner_sshd_config
  - low_complexity
  - low_disruption
  - medium_severity
  - no_reboot_needed
</fix>
        <fix xmlns:xhtml="http://www.w3.org/1999/xhtml" id="file_groupowner_sshd_config" system="urn:xccdf:fix:script:sh" complexity="low" disruption="low" strategy="configure"># Remediation is applicable only in certain platforms
if dpkg-query --show --showformat='${db:Status-Status}
' 'linux-base' 2&gt;/dev/null | grep -q ^installed; then

chgrp 0 /etc/ssh/sshd_config

else
    &gt;&amp;2 echo 'Remediation is not applicable, nothing was done'
fi
</fix>
        <check system="http://oval.mitre.org/XMLSchema/oval-definitions-5">
          <check-content-ref name="oval:ssg-file_groupowner_sshd_config:def:1" href="ssg-ubuntu2404-oval.xml"/>
        </check>
        <check system="http://scap.nist.gov/schema/ocil/2">
          <check-content-ref name="ocil:ssg-file_groupowner_sshd_config_ocil:questionnaire:1" href="ssg-ubuntu2404-ocil.xml"/>
        </check>
      </Rule>
      <Rule id="xccdf_org.ssgproject.content_rule_file_owner_sshd_config" selected="false" role="full" severity="medium">
        <title xmlns:xhtml="http://www.w3.org/1999/xhtml" xml:lang="en-US">Verify Owner on SSH Server config file</title>
        <description xmlns:xhtml="http://www.w3.org/1999/xhtml" xml:lang="en-US">
To properly set the owner of <html:code xmlns:html="http://www.w3.org/1999/xhtml">/etc/ssh/sshd_config</html:code>, run the command:
<html:pre xmlns:html="http://www.w3.org/1999/xhtml">$ sudo chown root /etc/ssh/sshd_config </html:pre>
      </description>
        <reference href="https://www.cisecurity.org/controls/">12</reference>
        <reference href="https://www.cisecurity.org/controls/">13</reference>
        <reference href="https://www.cisecurity.org/controls/">14</reference>
        <reference href="https://www.cisecurity.org/controls/">15</reference>
        <reference href="https://www.cisecurity.org/controls/">16</reference>
        <reference href="https://www.cisecurity.org/controls/">18</reference>
        <reference href="https://www.cisecurity.org/controls/">3</reference>
        <reference href="https://www.cisecurity.org/controls/">5</reference>
        <reference href="https://www.isaca.org/resources/cobit">APO01.06</reference>
        <reference href="https://www.isaca.org/resources/cobit">DSS05.04</reference>
        <reference href="https://www.isaca.org/resources/cobit">DSS05.07</reference>
        <reference href="https://www.isaca.org/resources/cobit">DSS06.02</reference>
        <reference href="https://public.cyber.mil/stigs/cci/">CCI-000366</reference>
        <reference href="https://www.isa.org/products/isa-62443-2-1-2009-security-for-industrial-automat">4.3.3.7.3</reference>
        <reference href="https://www.isa.org/products/ansi-isa-62443-3-3-99-03-03-2013-security-for-indu">SR 2.1</reference>
        <reference href="https://www.isa.org/products/ansi-isa-62443-3-3-99-03-03-2013-security-for-indu">SR 5.2</reference>
        <reference href="https://www.iso.org/contents/data/standard/05/45/54534.html">A.10.1.1</reference>
        <reference href="https://www.iso.org/contents/data/standard/05/45/54534.html">A.11.1.4</reference>
        <reference href="https://www.iso.org/contents/data/standard/05/45/54534.html">A.11.1.5</reference>
        <reference href="https://www.iso.org/contents/data/standard/05/45/54534.html">A.11.2.1</reference>
        <reference href="https://www.iso.org/contents/data/standard/05/45/54534.html">A.13.1.1</reference>
        <reference href="https://www.iso.org/contents/data/standard/05/45/54534.html">A.13.1.3</reference>
        <reference href="https://www.iso.org/contents/data/standard/05/45/54534.html">A.13.2.1</reference>
        <reference href="https://www.iso.org/contents/data/standard/05/45/54534.html">A.13.2.3</reference>
        <reference href="https://www.iso.org/contents/data/standard/05/45/54534.html">A.13.2.4</reference>
        <reference href="https://www.iso.org/contents/data/standard/05/45/54534.html">A.14.1.2</reference>
        <reference href="https://www.iso.org/contents/data/standard/05/45/54534.html">A.14.1.3</reference>
        <reference href="https://www.iso.org/contents/data/standard/05/45/54534.html">A.6.1.2</reference>
        <reference href="https://www.iso.org/contents/data/standard/05/45/54534.html">A.7.1.1</reference>
        <reference href="https://www.iso.org/contents/data/standard/05/45/54534.html">A.7.1.2</reference>
        <reference href="https://www.iso.org/contents/data/standard/05/45/54534.html">A.7.3.1</reference>
        <reference href="https://www.iso.org/contents/data/standard/05/45/54534.html">A.8.2.2</reference>
        <reference href="https://www.iso.org/contents/data/standard/05/45/54534.html">A.8.2.3</reference>
        <reference href="https://www.iso.org/contents/data/standard/05/45/54534.html">A.9.1.1</reference>
        <reference href="https://www.iso.org/contents/data/standard/05/45/54534.html">A.9.1.2</reference>
        <reference href="https://www.iso.org/contents/data/standard/05/45/54534.html">A.9.2.3</reference>
        <reference href="https://www.iso.org/contents/data/standard/05/45/54534.html">A.9.4.1</reference>
        <reference href="https://www.iso.org/contents/data/standard/05/45/54534.html">A.9.4.4</reference>
        <reference href="https://www.iso.org/contents/data/standard/05/45/54534.html">A.9.4.5</reference>
        <reference href="https://www.nerc.com/pa/Stand/AlignRep/One%20Stop%20Shop.xlsx">CIP-003-8 R5.1.1</reference>
        <reference href="https://www.nerc.com/pa/Stand/AlignRep/One%20Stop%20Shop.xlsx">CIP-003-8 R5.3</reference>
        <reference href="https://www.nerc.com/pa/Stand/AlignRep/One%20Stop%20Shop.xlsx">CIP-004-6 R2.3</reference>
        <reference href="https://www.nerc.com/pa/Stand/AlignRep/One%20Stop%20Shop.xlsx">CIP-007-3 R2.1</reference>
        <reference href="https://www.nerc.com/pa/Stand/AlignRep/One%20Stop%20Shop.xlsx">CIP-007-3 R2.2</reference>
        <reference href="https://www.nerc.com/pa/Stand/AlignRep/One%20Stop%20Shop.xlsx">CIP-007-3 R2.3</reference>
        <reference href="https://www.nerc.com/pa/Stand/AlignRep/One%20Stop%20Shop.xlsx">CIP-007-3 R5.1</reference>
        <reference href="https://www.nerc.com/pa/Stand/AlignRep/One%20Stop%20Shop.xlsx">CIP-007-3 R5.1.1</reference>
        <reference href="https://www.nerc.com/pa/Stand/AlignRep/One%20Stop%20Shop.xlsx">CIP-007-3 R5.1.2</reference>
        <reference href="http://nvlpubs.nist.gov/nistpubs/SpecialPublications/NIST.SP.800-53r4.pdf">AC-17(a)</reference>
        <reference href="http://nvlpubs.nist.gov/nistpubs/SpecialPublications/NIST.SP.800-53r4.pdf">CM-6(a)</reference>
        <reference href="http://nvlpubs.nist.gov/nistpubs/SpecialPublications/NIST.SP.800-53r4.pdf">AC-6(1)</reference>
        <reference href="https://nvlpubs.nist.gov/nistpubs/CSWP/NIST.CSWP.04162018.pdf">PR.AC-4</reference>
        <reference href="https://nvlpubs.nist.gov/nistpubs/CSWP/NIST.CSWP.04162018.pdf">PR.DS-5</reference>
        <reference href="https://public.cyber.mil/stigs/downloads/?_dl_facet_stigs=operating-systems%2Cgeneral-purpose-os">SRG-OS-000480-GPOS-00227</reference>
        <reference href="https://cyber.gouv.fr/sites/default/files/document/linux_configuration-en-v2.pdf">R50</reference>
        <reference href="https://www.cisecurity.org/benchmark/ubuntu_linux/">5.1.1</reference>
        <rationale xmlns:xhtml="http://www.w3.org/1999/xhtml" xml:lang="en-US">Service configuration files enable or disable features of their respective
services that if configured incorrectly can lead to insecure and vulnerable
configurations. Therefore, service configuration files should be owned by the
correct group to prevent unauthorized changes.</rationale>
        <fix xmlns:xhtml="http://www.w3.org/1999/xhtml" id="file_owner_sshd_config" system="urn:xccdf:fix:script:ansible" complexity="low" disruption="low" strategy="configure">- name: Gather the package facts
  package_facts:
    manager: auto
  tags:
  - NIST-800-53-AC-17(a)
  - NIST-800-53-AC-6(1)
  - NIST-800-53-CM-6(a)
  - configure_strategy
  - file_owner_sshd_config
  - low_complexity
  - low_disruption
  - medium_severity
  - no_reboot_needed

- name: Test for existence /etc/ssh/sshd_config
  stat:
    path: /etc/ssh/sshd_config
  register: file_exists
  when: '"linux-base" in ansible_facts.packages'
  tags:
  - NIST-800-53-AC-17(a)
  - NIST-800-53-AC-6(1)
  - NIST-800-53-CM-6(a)
  - configure_strategy
  - file_owner_sshd_config
  - low_complexity
  - low_disruption
  - medium_severity
  - no_reboot_needed

- name: Ensure owner 0 on /etc/ssh/sshd_config
  file:
    path: /etc/ssh/sshd_config
    owner: '0'
  when:
  - '"linux-base" in ansible_facts.packages'
  - file_exists.stat is defined and file_exists.stat.exists
  tags:
  - NIST-800-53-AC-17(a)
  - NIST-800-53-AC-6(1)
  - NIST-800-53-CM-6(a)
  - configure_strategy
  - file_owner_sshd_config
  - low_complexity
  - low_disruption
  - medium_severity
  - no_reboot_needed
</fix>
        <fix xmlns:xhtml="http://www.w3.org/1999/xhtml" id="file_owner_sshd_config" system="urn:xccdf:fix:script:sh" complexity="low" disruption="low" strategy="configure"># Remediation is applicable only in certain platforms
if dpkg-query --show --showformat='${db:Status-Status}
' 'linux-base' 2&gt;/dev/null | grep -q ^installed; then

chown 0 /etc/ssh/sshd_config

else
    &gt;&amp;2 echo 'Remediation is not applicable, nothing was done'
fi
</fix>
        <check system="http://oval.mitre.org/XMLSchema/oval-definitions-5">
          <check-content-ref name="oval:ssg-file_owner_sshd_config:def:1" href="ssg-ubuntu2404-oval.xml"/>
        </check>
        <check system="http://scap.nist.gov/schema/ocil/2">
          <check-content-ref name="ocil:ssg-file_owner_sshd_config_ocil:questionnaire:1" href="ssg-ubuntu2404-ocil.xml"/>
        </check>
      </Rule>
      <Rule id="xccdf_org.ssgproject.content_rule_file_permissions_sshd_config" selected="false" role="full" severity="medium">
        <title xmlns:xhtml="http://www.w3.org/1999/xhtml" xml:lang="en-US">Verify Permissions on SSH Server config file</title>
        <description xmlns:xhtml="http://www.w3.org/1999/xhtml" xml:lang="en-US">
To properly set the permissions of <html:code xmlns:html="http://www.w3.org/1999/xhtml">/etc/ssh/sshd_config</html:code>, run the command:
<html:pre xmlns:html="http://www.w3.org/1999/xhtml">$ sudo chmod 0600 /etc/ssh/sshd_config</html:pre>
      </description>
        <reference href="https://www.cisecurity.org/controls/">12</reference>
        <reference href="https://www.cisecurity.org/controls/">13</reference>
        <reference href="https://www.cisecurity.org/controls/">14</reference>
        <reference href="https://www.cisecurity.org/controls/">15</reference>
        <reference href="https://www.cisecurity.org/controls/">16</reference>
        <reference href="https://www.cisecurity.org/controls/">18</reference>
        <reference href="https://www.cisecurity.org/controls/">3</reference>
        <reference href="https://www.cisecurity.org/controls/">5</reference>
        <reference href="https://www.isaca.org/resources/cobit">APO01.06</reference>
        <reference href="https://www.isaca.org/resources/cobit">DSS05.04</reference>
        <reference href="https://www.isaca.org/resources/cobit">DSS05.07</reference>
        <reference href="https://www.isaca.org/resources/cobit">DSS06.02</reference>
        <reference href="https://public.cyber.mil/stigs/cci/">CCI-000366</reference>
        <reference href="https://www.isa.org/products/isa-62443-2-1-2009-security-for-industrial-automat">4.3.3.7.3</reference>
        <reference href="https://www.isa.org/products/ansi-isa-62443-3-3-99-03-03-2013-security-for-indu">SR 2.1</reference>
        <reference href="https://www.isa.org/products/ansi-isa-62443-3-3-99-03-03-2013-security-for-indu">SR 5.2</reference>
        <reference href="https://www.iso.org/contents/data/standard/05/45/54534.html">A.10.1.1</reference>
        <reference href="https://www.iso.org/contents/data/standard/05/45/54534.html">A.11.1.4</reference>
        <reference href="https://www.iso.org/contents/data/standard/05/45/54534.html">A.11.1.5</reference>
        <reference href="https://www.iso.org/contents/data/standard/05/45/54534.html">A.11.2.1</reference>
        <reference href="https://www.iso.org/contents/data/standard/05/45/54534.html">A.13.1.1</reference>
        <reference href="https://www.iso.org/contents/data/standard/05/45/54534.html">A.13.1.3</reference>
        <reference href="https://www.iso.org/contents/data/standard/05/45/54534.html">A.13.2.1</reference>
        <reference href="https://www.iso.org/contents/data/standard/05/45/54534.html">A.13.2.3</reference>
        <reference href="https://www.iso.org/contents/data/standard/05/45/54534.html">A.13.2.4</reference>
        <reference href="https://www.iso.org/contents/data/standard/05/45/54534.html">A.14.1.2</reference>
        <reference href="https://www.iso.org/contents/data/standard/05/45/54534.html">A.14.1.3</reference>
        <reference href="https://www.iso.org/contents/data/standard/05/45/54534.html">A.6.1.2</reference>
        <reference href="https://www.iso.org/contents/data/standard/05/45/54534.html">A.7.1.1</reference>
        <reference href="https://www.iso.org/contents/data/standard/05/45/54534.html">A.7.1.2</reference>
        <reference href="https://www.iso.org/contents/data/standard/05/45/54534.html">A.7.3.1</reference>
        <reference href="https://www.iso.org/contents/data/standard/05/45/54534.html">A.8.2.2</reference>
        <reference href="https://www.iso.org/contents/data/standard/05/45/54534.html">A.8.2.3</reference>
        <reference href="https://www.iso.org/contents/data/standard/05/45/54534.html">A.9.1.1</reference>
        <reference href="https://www.iso.org/contents/data/standard/05/45/54534.html">A.9.1.2</reference>
        <reference href="https://www.iso.org/contents/data/standard/05/45/54534.html">A.9.2.3</reference>
        <reference href="https://www.iso.org/contents/data/standard/05/45/54534.html">A.9.4.1</reference>
        <reference href="https://www.iso.org/contents/data/standard/05/45/54534.html">A.9.4.4</reference>
        <reference href="https://www.iso.org/contents/data/standard/05/45/54534.html">A.9.4.5</reference>
        <reference href="https://www.nerc.com/pa/Stand/AlignRep/One%20Stop%20Shop.xlsx">CIP-003-8 R5.1.1</reference>
        <reference href="https://www.nerc.com/pa/Stand/AlignRep/One%20Stop%20Shop.xlsx">CIP-003-8 R5.3</reference>
        <reference href="https://www.nerc.com/pa/Stand/AlignRep/One%20Stop%20Shop.xlsx">CIP-004-6 R2.3</reference>
        <reference href="https://www.nerc.com/pa/Stand/AlignRep/One%20Stop%20Shop.xlsx">CIP-007-3 R2.1</reference>
        <reference href="https://www.nerc.com/pa/Stand/AlignRep/One%20Stop%20Shop.xlsx">CIP-007-3 R2.2</reference>
        <reference href="https://www.nerc.com/pa/Stand/AlignRep/One%20Stop%20Shop.xlsx">CIP-007-3 R2.3</reference>
        <reference href="https://www.nerc.com/pa/Stand/AlignRep/One%20Stop%20Shop.xlsx">CIP-007-3 R5.1</reference>
        <reference href="https://www.nerc.com/pa/Stand/AlignRep/One%20Stop%20Shop.xlsx">CIP-007-3 R5.1.1</reference>
        <reference href="https://www.nerc.com/pa/Stand/AlignRep/One%20Stop%20Shop.xlsx">CIP-007-3 R5.1.2</reference>
        <reference href="http://nvlpubs.nist.gov/nistpubs/SpecialPublications/NIST.SP.800-53r4.pdf">AC-17(a)</reference>
        <reference href="http://nvlpubs.nist.gov/nistpubs/SpecialPublications/NIST.SP.800-53r4.pdf">CM-6(a)</reference>
        <reference href="http://nvlpubs.nist.gov/nistpubs/SpecialPublications/NIST.SP.800-53r4.pdf">AC-6(1)</reference>
        <reference href="https://nvlpubs.nist.gov/nistpubs/CSWP/NIST.CSWP.04162018.pdf">PR.AC-4</reference>
        <reference href="https://nvlpubs.nist.gov/nistpubs/CSWP/NIST.CSWP.04162018.pdf">PR.DS-5</reference>
        <reference href="https://public.cyber.mil/stigs/downloads/?_dl_facet_stigs=operating-systems%2Cgeneral-purpose-os">SRG-OS-000480-GPOS-00227</reference>
        <reference href="https://cyber.gouv.fr/sites/default/files/document/linux_configuration-en-v2.pdf">R50</reference>
        <reference href="https://www.cisecurity.org/benchmark/ubuntu_linux/">5.1.1</reference>
        <reference href="https://docs-prv.pcisecuritystandards.org/PCI%20DSS/Standard/PCI-DSS-v4_0.pdf">2.2.6</reference>
        <reference href="https://docs-prv.pcisecuritystandards.org/PCI%20DSS/Standard/PCI-DSS-v4_0.pdf">2.2</reference>
        <rationale xmlns:xhtml="http://www.w3.org/1999/xhtml" xml:lang="en-US">Service configuration files enable or disable features of their respective
services that if configured incorrectly can lead to insecure and vulnerable
configurations. Therefore, service configuration files should be owned by the
correct group to prevent unauthorized changes.</rationale>
        <fix xmlns:xhtml="http://www.w3.org/1999/xhtml" id="file_permissions_sshd_config" system="urn:xccdf:fix:script:ansible" complexity="low" disruption="low" strategy="configure">- name: Gather the package facts
  package_facts:
    manager: auto
  tags:
  - NIST-800-53-AC-17(a)
  - NIST-800-53-AC-6(1)
  - NIST-800-53-CM-6(a)
  - PCI-DSSv4-2.2
  - PCI-DSSv4-2.2.6
  - configure_strategy
  - file_permissions_sshd_config
  - low_complexity
  - low_disruption
  - medium_severity
  - no_reboot_needed

- name: Test for existence /etc/ssh/sshd_config
  stat:
    path: /etc/ssh/sshd_config
  register: file_exists
  when: '"linux-base" in ansible_facts.packages'
  tags:
  - NIST-800-53-AC-17(a)
  - NIST-800-53-AC-6(1)
  - NIST-800-53-CM-6(a)
  - PCI-DSSv4-2.2
  - PCI-DSSv4-2.2.6
  - configure_strategy
  - file_permissions_sshd_config
  - low_complexity
  - low_disruption
  - medium_severity
  - no_reboot_needed

- name: Ensure permission u-xs,g-xwrs,o-xwrt on /etc/ssh/sshd_config
  file:
    path: /etc/ssh/sshd_config
    mode: u-xs,g-xwrs,o-xwrt
  when:
  - '"linux-base" in ansible_facts.packages'
  - file_exists.stat is defined and file_exists.stat.exists
  tags:
  - NIST-800-53-AC-17(a)
  - NIST-800-53-AC-6(1)
  - NIST-800-53-CM-6(a)
  - PCI-DSSv4-2.2
  - PCI-DSSv4-2.2.6
  - configure_strategy
  - file_permissions_sshd_config
  - low_complexity
  - low_disruption
  - medium_severity
  - no_reboot_needed
</fix>
        <fix xmlns:xhtml="http://www.w3.org/1999/xhtml" id="file_permissions_sshd_config" system="urn:xccdf:fix:script:sh" complexity="low" disruption="low" strategy="configure"># Remediation is applicable only in certain platforms
if dpkg-query --show --showformat='${db:Status-Status}
' 'linux-base' 2&gt;/dev/null | grep -q ^installed; then

chmod u-xs,g-xwrs,o-xwrt /etc/ssh/sshd_config

else
    &gt;&amp;2 echo 'Remediation is not applicable, nothing was done'
fi
</fix>
        <check system="http://oval.mitre.org/XMLSchema/oval-definitions-5">
          <check-content-ref name="oval:ssg-file_permissions_sshd_config:def:1" href="ssg-ubuntu2404-oval.xml"/>
        </check>
        <check system="http://scap.nist.gov/schema/ocil/2">
          <check-content-ref name="ocil:ssg-file_permissions_sshd_config_ocil:questionnaire:1" href="ssg-ubuntu2404-ocil.xml"/>
        </check>
      </Rule>
      <Rule id="xccdf_org.ssgproject.content_rule_file_permissions_sshd_private_key" selected="false" role="full" severity="medium">
        <title xmlns:xhtml="http://www.w3.org/1999/xhtml" xml:lang="en-US">Verify Permissions on SSH Server Private *_key Key Files</title>
        <description xmlns:xhtml="http://www.w3.org/1999/xhtml" xml:lang="en-US">SSH server private keys - files that match the <html:code xmlns:html="http://www.w3.org/1999/xhtml">/etc/ssh/*_key</html:code> glob, have to have restricted permissions.
If those files are owned by the <html:code xmlns:html="http://www.w3.org/1999/xhtml">root</html:code> user and the <html:code xmlns:html="http://www.w3.org/1999/xhtml">root</html:code> group, they have to have the <html:code xmlns:html="http://www.w3.org/1999/xhtml">0600</html:code> permission or stricter.</description>
        <warning xmlns:xhtml="http://www.w3.org/1999/xhtml" xml:lang="en-US" category="general">Remediation is not possible at bootable container build time because SSH host
keys are generated post-deployment.</warning>
        <reference href="https://www.cisecurity.org/controls/">12</reference>
        <reference href="https://www.cisecurity.org/controls/">13</reference>
        <reference href="https://www.cisecurity.org/controls/">14</reference>
        <reference href="https://www.cisecurity.org/controls/">15</reference>
        <reference href="https://www.cisecurity.org/controls/">16</reference>
        <reference href="https://www.cisecurity.org/controls/">18</reference>
        <reference href="https://www.cisecurity.org/controls/">3</reference>
        <reference href="https://www.cisecurity.org/controls/">5</reference>
        <reference href="https://www.isaca.org/resources/cobit">APO01.06</reference>
        <reference href="https://www.isaca.org/resources/cobit">DSS05.04</reference>
        <reference href="https://www.isaca.org/resources/cobit">DSS05.07</reference>
        <reference href="https://www.isaca.org/resources/cobit">DSS06.02</reference>
        <reference href="http://nvlpubs.nist.gov/nistpubs/SpecialPublications/NIST.SP.800-171.pdf">3.1.13</reference>
        <reference href="http://nvlpubs.nist.gov/nistpubs/SpecialPublications/NIST.SP.800-171.pdf">3.13.10</reference>
        <reference href="https://public.cyber.mil/stigs/cci/">CCI-000366</reference>
        <reference href="https://www.isa.org/products/isa-62443-2-1-2009-security-for-industrial-automat">4.3.3.7.3</reference>
        <reference href="https://www.isa.org/products/ansi-isa-62443-3-3-99-03-03-2013-security-for-indu">SR 2.1</reference>
        <reference href="https://www.isa.org/products/ansi-isa-62443-3-3-99-03-03-2013-security-for-indu">SR 5.2</reference>
        <reference href="https://www.iso.org/contents/data/standard/05/45/54534.html">A.10.1.1</reference>
        <reference href="https://www.iso.org/contents/data/standard/05/45/54534.html">A.11.1.4</reference>
        <reference href="https://www.iso.org/contents/data/standard/05/45/54534.html">A.11.1.5</reference>
        <reference href="https://www.iso.org/contents/data/standard/05/45/54534.html">A.11.2.1</reference>
        <reference href="https://www.iso.org/contents/data/standard/05/45/54534.html">A.13.1.1</reference>
        <reference href="https://www.iso.org/contents/data/standard/05/45/54534.html">A.13.1.3</reference>
        <reference href="https://www.iso.org/contents/data/standard/05/45/54534.html">A.13.2.1</reference>
        <reference href="https://www.iso.org/contents/data/standard/05/45/54534.html">A.13.2.3</reference>
        <reference href="https://www.iso.org/contents/data/standard/05/45/54534.html">A.13.2.4</reference>
        <reference href="https://www.iso.org/contents/data/standard/05/45/54534.html">A.14.1.2</reference>
        <reference href="https://www.iso.org/contents/data/standard/05/45/54534.html">A.14.1.3</reference>
        <reference href="https://www.iso.org/contents/data/standard/05/45/54534.html">A.6.1.2</reference>
        <reference href="https://www.iso.org/contents/data/standard/05/45/54534.html">A.7.1.1</reference>
        <reference href="https://www.iso.org/contents/data/standard/05/45/54534.html">A.7.1.2</reference>
        <reference href="https://www.iso.org/contents/data/standard/05/45/54534.html">A.7.3.1</reference>
        <reference href="https://www.iso.org/contents/data/standard/05/45/54534.html">A.8.2.2</reference>
        <reference href="https://www.iso.org/contents/data/standard/05/45/54534.html">A.8.2.3</reference>
        <reference href="https://www.iso.org/contents/data/standard/05/45/54534.html">A.9.1.1</reference>
        <reference href="https://www.iso.org/contents/data/standard/05/45/54534.html">A.9.1.2</reference>
        <reference href="https://www.iso.org/contents/data/standard/05/45/54534.html">A.9.2.3</reference>
        <reference href="https://www.iso.org/contents/data/standard/05/45/54534.html">A.9.4.1</reference>
        <reference href="https://www.iso.org/contents/data/standard/05/45/54534.html">A.9.4.4</reference>
        <reference href="https://www.iso.org/contents/data/standard/05/45/54534.html">A.9.4.5</reference>
        <reference href="https://www.nerc.com/pa/Stand/AlignRep/One%20Stop%20Shop.xlsx">CIP-003-8 R5.1.1</reference>
        <reference href="https://www.nerc.com/pa/Stand/AlignRep/One%20Stop%20Shop.xlsx">CIP-003-8 R5.3</reference>
        <reference href="https://www.nerc.com/pa/Stand/AlignRep/One%20Stop%20Shop.xlsx">CIP-004-6 R2.3</reference>
        <reference href="https://www.nerc.com/pa/Stand/AlignRep/One%20Stop%20Shop.xlsx">CIP-007-3 R2.1</reference>
        <reference href="https://www.nerc.com/pa/Stand/AlignRep/One%20Stop%20Shop.xlsx">CIP-007-3 R2.2</reference>
        <reference href="https://www.nerc.com/pa/Stand/AlignRep/One%20Stop%20Shop.xlsx">CIP-007-3 R2.3</reference>
        <reference href="https://www.nerc.com/pa/Stand/AlignRep/One%20Stop%20Shop.xlsx">CIP-007-3 R5.1</reference>
        <reference href="https://www.nerc.com/pa/Stand/AlignRep/One%20Stop%20Shop.xlsx">CIP-007-3 R5.1.1</reference>
        <reference href="https://www.nerc.com/pa/Stand/AlignRep/One%20Stop%20Shop.xlsx">CIP-007-3 R5.1.2</reference>
        <reference href="http://nvlpubs.nist.gov/nistpubs/SpecialPublications/NIST.SP.800-53r4.pdf">AC-17(a)</reference>
        <reference href="http://nvlpubs.nist.gov/nistpubs/SpecialPublications/NIST.SP.800-53r4.pdf">CM-6(a)</reference>
        <reference href="http://nvlpubs.nist.gov/nistpubs/SpecialPublications/NIST.SP.800-53r4.pdf">AC-6(1)</reference>
        <reference href="https://nvlpubs.nist.gov/nistpubs/CSWP/NIST.CSWP.04162018.pdf">PR.AC-4</reference>
        <reference href="https://nvlpubs.nist.gov/nistpubs/CSWP/NIST.CSWP.04162018.pdf">PR.DS-5</reference>
        <reference href="https://www.pcisecuritystandards.org/documents/PCI_DSS_v3-2-1.pdf">Req-2.2.4</reference>
        <reference href="https://public.cyber.mil/stigs/downloads/?_dl_facet_stigs=operating-systems%2Cgeneral-purpose-os">SRG-OS-000480-GPOS-00227</reference>
        <reference href="https://cyber.gouv.fr/sites/default/files/document/linux_configuration-en-v2.pdf">R50</reference>
        <reference href="https://www.cisecurity.org/benchmark/ubuntu_linux/">5.1.2</reference>
        <reference href="https://docs-prv.pcisecuritystandards.org/PCI%20DSS/Standard/PCI-DSS-v4_0.pdf">2.2.6</reference>
        <reference href="https://docs-prv.pcisecuritystandards.org/PCI%20DSS/Standard/PCI-DSS-v4_0.pdf">2.2</reference>
        <rationale xmlns:xhtml="http://www.w3.org/1999/xhtml" xml:lang="en-US">If an unauthorized user obtains the private SSH host key file, the host could be
impersonated.</rationale>
        <fix xmlns:xhtml="http://www.w3.org/1999/xhtml" id="file_permissions_sshd_private_key" system="urn:xccdf:fix:script:puppet">include ssh_private_key_perms

class ssh_private_key_perms {
  exec { 'sshd_priv_key':
    command =&gt; "chmod 0640 /etc/ssh/*_key",
    path    =&gt; '/bin:/usr/bin'
  }
}
</fix>
        <fix xmlns:xhtml="http://www.w3.org/1999/xhtml" id="file_permissions_sshd_private_key" system="urn:xccdf:fix:script:ansible" complexity="low" disruption="low" strategy="configure">- name: Gather the package facts
  package_facts:
    manager: auto
  tags:
  - NIST-800-171-3.1.13
  - NIST-800-171-3.13.10
  - NIST-800-53-AC-17(a)
  - NIST-800-53-AC-6(1)
  - NIST-800-53-CM-6(a)
  - PCI-DSS-Req-2.2.4
  - PCI-DSSv4-2.2
  - PCI-DSSv4-2.2.6
  - configure_strategy
  - file_permissions_sshd_private_key
  - low_complexity
  - low_disruption
  - medium_severity
  - no_reboot_needed

- name: Find root:root-owned keys
  ansible.builtin.command: find -H /etc/ssh/ -maxdepth 1 -user root -regex ".*_key$"
    -type f -group root -perm /u+xs,g+xwrs,o+xwrt
  register: root_owned_keys
  changed_when: false
  failed_when: false
  check_mode: false
  when: '"linux-base" in ansible_facts.packages'
  tags:
  - NIST-800-171-3.1.13
  - NIST-800-171-3.13.10
  - NIST-800-53-AC-17(a)
  - NIST-800-53-AC-6(1)
  - NIST-800-53-CM-6(a)
  - PCI-DSS-Req-2.2.4
  - PCI-DSSv4-2.2
  - PCI-DSSv4-2.2.6
  - configure_strategy
  - file_permissions_sshd_private_key
  - low_complexity
  - low_disruption
  - medium_severity
  - no_reboot_needed

- name: Set permissions for root:root-owned keys
  ansible.builtin.file:
    path: '{{ item }}'
    mode: u-xs,g-xwrs,o-xwrt
    state: file
  with_items:
  - '{{ root_owned_keys.stdout_lines }}'
  when: '"linux-base" in ansible_facts.packages'
  tags:
  - NIST-800-171-3.1.13
  - NIST-800-171-3.13.10
  - NIST-800-53-AC-17(a)
  - NIST-800-53-AC-6(1)
  - NIST-800-53-CM-6(a)
  - PCI-DSS-Req-2.2.4
  - PCI-DSSv4-2.2
  - PCI-DSSv4-2.2.6
  - configure_strategy
  - file_permissions_sshd_private_key
  - low_complexity
  - low_disruption
  - medium_severity
  - no_reboot_needed
</fix>
        <fix xmlns:xhtml="http://www.w3.org/1999/xhtml" id="file_permissions_sshd_private_key" system="urn:xccdf:fix:script:sh"># Remediation is applicable only in certain platforms
if dpkg-query --show --showformat='${db:Status-Status}
' 'linux-base' 2&gt;/dev/null | grep -q ^installed; then

for keyfile in /etc/ssh/*_key; do
    test -f "$keyfile" || continue
    if test root:root = "$(stat -c "%U:%G" "$keyfile")"; then
    
	chmod u-xs,g-xwrs,o-xwrt "$keyfile"
    
    
    else
        echo "Key-like file '$keyfile' is owned by an unexpected user:group combination"
    fi
done

else
    &gt;&amp;2 echo 'Remediation is not applicable, nothing was done'
fi
</fix>
        <check system="http://oval.mitre.org/XMLSchema/oval-definitions-5">
          <check-content-ref name="oval:ssg-file_permissions_sshd_private_key:def:1" href="ssg-ubuntu2404-oval.xml"/>
        </check>
        <check system="http://scap.nist.gov/schema/ocil/2">
          <check-content-ref name="ocil:ssg-file_permissions_sshd_private_key_ocil:questionnaire:1" href="ssg-ubuntu2404-ocil.xml"/>
        </check>
      </Rule>
      <Rule id="xccdf_org.ssgproject.content_rule_file_permissions_sshd_pub_key" selected="false" role="full" severity="medium">
        <title xmlns:xhtml="http://www.w3.org/1999/xhtml" xml:lang="en-US">Verify Permissions on SSH Server Public *.pub Key Files</title>
        <description xmlns:xhtml="http://www.w3.org/1999/xhtml" xml:lang="en-US"> To properly set the permissions of <html:code xmlns:html="http://www.w3.org/1999/xhtml">/etc/ssh/*.pub</html:code>, run the command: <html:pre xmlns:html="http://www.w3.org/1999/xhtml">$ sudo chmod 0644 /etc/ssh/*.pub</html:pre>
      </description>
        <warning xmlns:xhtml="http://www.w3.org/1999/xhtml" xml:lang="en-US" category="general">Remediation is not possible at bootable container build time because SSH host
keys are generated post-deployment.</warning>
        <reference href="https://www.cisecurity.org/controls/">12</reference>
        <reference href="https://www.cisecurity.org/controls/">13</reference>
        <reference href="https://www.cisecurity.org/controls/">14</reference>
        <reference href="https://www.cisecurity.org/controls/">15</reference>
        <reference href="https://www.cisecurity.org/controls/">16</reference>
        <reference href="https://www.cisecurity.org/controls/">18</reference>
        <reference href="https://www.cisecurity.org/controls/">3</reference>
        <reference href="https://www.cisecurity.org/controls/">5</reference>
        <reference href="https://www.isaca.org/resources/cobit">APO01.06</reference>
        <reference href="https://www.isaca.org/resources/cobit">DSS05.04</reference>
        <reference href="https://www.isaca.org/resources/cobit">DSS05.07</reference>
        <reference href="https://www.isaca.org/resources/cobit">DSS06.02</reference>
        <reference href="http://nvlpubs.nist.gov/nistpubs/SpecialPublications/NIST.SP.800-171.pdf">3.1.13</reference>
        <reference href="http://nvlpubs.nist.gov/nistpubs/SpecialPublications/NIST.SP.800-171.pdf">3.13.10</reference>
        <reference href="https://public.cyber.mil/stigs/cci/">CCI-000366</reference>
        <reference href="https://www.isa.org/products/isa-62443-2-1-2009-security-for-industrial-automat">4.3.3.7.3</reference>
        <reference href="https://www.isa.org/products/ansi-isa-62443-3-3-99-03-03-2013-security-for-indu">SR 2.1</reference>
        <reference href="https://www.isa.org/products/ansi-isa-62443-3-3-99-03-03-2013-security-for-indu">SR 5.2</reference>
        <reference href="https://www.iso.org/contents/data/standard/05/45/54534.html">A.10.1.1</reference>
        <reference href="https://www.iso.org/contents/data/standard/05/45/54534.html">A.11.1.4</reference>
        <reference href="https://www.iso.org/contents/data/standard/05/45/54534.html">A.11.1.5</reference>
        <reference href="https://www.iso.org/contents/data/standard/05/45/54534.html">A.11.2.1</reference>
        <reference href="https://www.iso.org/contents/data/standard/05/45/54534.html">A.13.1.1</reference>
        <reference href="https://www.iso.org/contents/data/standard/05/45/54534.html">A.13.1.3</reference>
        <reference href="https://www.iso.org/contents/data/standard/05/45/54534.html">A.13.2.1</reference>
        <reference href="https://www.iso.org/contents/data/standard/05/45/54534.html">A.13.2.3</reference>
        <reference href="https://www.iso.org/contents/data/standard/05/45/54534.html">A.13.2.4</reference>
        <reference href="https://www.iso.org/contents/data/standard/05/45/54534.html">A.14.1.2</reference>
        <reference href="https://www.iso.org/contents/data/standard/05/45/54534.html">A.14.1.3</reference>
        <reference href="https://www.iso.org/contents/data/standard/05/45/54534.html">A.6.1.2</reference>
        <reference href="https://www.iso.org/contents/data/standard/05/45/54534.html">A.7.1.1</reference>
        <reference href="https://www.iso.org/contents/data/standard/05/45/54534.html">A.7.1.2</reference>
        <reference href="https://www.iso.org/contents/data/standard/05/45/54534.html">A.7.3.1</reference>
        <reference href="https://www.iso.org/contents/data/standard/05/45/54534.html">A.8.2.2</reference>
        <reference href="https://www.iso.org/contents/data/standard/05/45/54534.html">A.8.2.3</reference>
        <reference href="https://www.iso.org/contents/data/standard/05/45/54534.html">A.9.1.1</reference>
        <reference href="https://www.iso.org/contents/data/standard/05/45/54534.html">A.9.1.2</reference>
        <reference href="https://www.iso.org/contents/data/standard/05/45/54534.html">A.9.2.3</reference>
        <reference href="https://www.iso.org/contents/data/standard/05/45/54534.html">A.9.4.1</reference>
        <reference href="https://www.iso.org/contents/data/standard/05/45/54534.html">A.9.4.4</reference>
        <reference href="https://www.iso.org/contents/data/standard/05/45/54534.html">A.9.4.5</reference>
        <reference href="https://www.nerc.com/pa/Stand/AlignRep/One%20Stop%20Shop.xlsx">CIP-003-8 R5.1.1</reference>
        <reference href="https://www.nerc.com/pa/Stand/AlignRep/One%20Stop%20Shop.xlsx">CIP-003-8 R5.3</reference>
        <reference href="https://www.nerc.com/pa/Stand/AlignRep/One%20Stop%20Shop.xlsx">CIP-004-6 R2.3</reference>
        <reference href="https://www.nerc.com/pa/Stand/AlignRep/One%20Stop%20Shop.xlsx">CIP-007-3 R2.1</reference>
        <reference href="https://www.nerc.com/pa/Stand/AlignRep/One%20Stop%20Shop.xlsx">CIP-007-3 R2.2</reference>
        <reference href="https://www.nerc.com/pa/Stand/AlignRep/One%20Stop%20Shop.xlsx">CIP-007-3 R2.3</reference>
        <reference href="https://www.nerc.com/pa/Stand/AlignRep/One%20Stop%20Shop.xlsx">CIP-007-3 R5.1</reference>
        <reference href="https://www.nerc.com/pa/Stand/AlignRep/One%20Stop%20Shop.xlsx">CIP-007-3 R5.1.1</reference>
        <reference href="https://www.nerc.com/pa/Stand/AlignRep/One%20Stop%20Shop.xlsx">CIP-007-3 R5.1.2</reference>
        <reference href="http://nvlpubs.nist.gov/nistpubs/SpecialPublications/NIST.SP.800-53r4.pdf">AC-17(a)</reference>
        <reference href="http://nvlpubs.nist.gov/nistpubs/SpecialPublications/NIST.SP.800-53r4.pdf">CM-6(a)</reference>
        <reference href="http://nvlpubs.nist.gov/nistpubs/SpecialPublications/NIST.SP.800-53r4.pdf">AC-6(1)</reference>
        <reference href="https://nvlpubs.nist.gov/nistpubs/CSWP/NIST.CSWP.04162018.pdf">PR.AC-4</reference>
        <reference href="https://nvlpubs.nist.gov/nistpubs/CSWP/NIST.CSWP.04162018.pdf">PR.DS-5</reference>
        <reference href="https://www.pcisecuritystandards.org/documents/PCI_DSS_v3-2-1.pdf">Req-2.2.4</reference>
        <reference href="https://public.cyber.mil/stigs/downloads/?_dl_facet_stigs=operating-systems%2Cgeneral-purpose-os">SRG-OS-000480-GPOS-00227</reference>
        <reference href="https://cyber.gouv.fr/sites/default/files/document/linux_configuration-en-v2.pdf">R50</reference>
        <reference href="https://www.cisecurity.org/benchmark/ubuntu_linux/">5.1.3</reference>
        <reference href="https://docs-prv.pcisecuritystandards.org/PCI%20DSS/Standard/PCI-DSS-v4_0.pdf">2.2.6</reference>
        <reference href="https://docs-prv.pcisecuritystandards.org/PCI%20DSS/Standard/PCI-DSS-v4_0.pdf">2.2</reference>
        <rationale xmlns:xhtml="http://www.w3.org/1999/xhtml" xml:lang="en-US">If a public host key file is modified by an unauthorized user, the SSH service
may be compromised.</rationale>
        <fix xmlns:xhtml="http://www.w3.org/1999/xhtml" id="file_permissions_sshd_pub_key" system="urn:xccdf:fix:script:puppet">include ssh_public_key_perms

class ssh_public_key_perms {
  exec { 'sshd_pub_key':
    command =&gt; "chmod 0644 /etc/ssh/*.pub",
    path    =&gt; '/bin:/usr/bin'
  }
}
</fix>
        <fix xmlns:xhtml="http://www.w3.org/1999/xhtml" id="file_permissions_sshd_pub_key" system="urn:xccdf:fix:script:ansible" complexity="low" disruption="low" strategy="configure">- name: Gather the package facts
  package_facts:
    manager: auto
  tags:
  - NIST-800-171-3.1.13
  - NIST-800-171-3.13.10
  - NIST-800-53-AC-17(a)
  - NIST-800-53-AC-6(1)
  - NIST-800-53-CM-6(a)
  - PCI-DSS-Req-2.2.4
  - PCI-DSSv4-2.2
  - PCI-DSSv4-2.2.6
  - configure_strategy
  - file_permissions_sshd_pub_key
  - low_complexity
  - low_disruption
  - medium_severity
  - no_reboot_needed

- name: Find /etc/ssh/ file(s)
  command: find -H /etc/ssh/ -maxdepth 1 -perm /u+xs,g+xws,o+xwt  -type f -regextype
    posix-extended -regex "^.*\.pub$"
  register: files_found
  changed_when: false
  failed_when: false
  check_mode: false
  when: '"linux-base" in ansible_facts.packages'
  tags:
  - NIST-800-171-3.1.13
  - NIST-800-171-3.13.10
  - NIST-800-53-AC-17(a)
  - NIST-800-53-AC-6(1)
  - NIST-800-53-CM-6(a)
  - PCI-DSS-Req-2.2.4
  - PCI-DSSv4-2.2
  - PCI-DSSv4-2.2.6
  - configure_strategy
  - file_permissions_sshd_pub_key
  - low_complexity
  - low_disruption
  - medium_severity
  - no_reboot_needed

- name: Set permissions for /etc/ssh/ file(s)
  file:
    path: '{{ item }}'
    mode: u-xs,g-xws,o-xwt
    state: file
  with_items:
  - '{{ files_found.stdout_lines }}'
  when: '"linux-base" in ansible_facts.packages'
  tags:
  - NIST-800-171-3.1.13
  - NIST-800-171-3.13.10
  - NIST-800-53-AC-17(a)
  - NIST-800-53-AC-6(1)
  - NIST-800-53-CM-6(a)
  - PCI-DSS-Req-2.2.4
  - PCI-DSSv4-2.2
  - PCI-DSSv4-2.2.6
  - configure_strategy
  - file_permissions_sshd_pub_key
  - low_complexity
  - low_disruption
  - medium_severity
  - no_reboot_needed
</fix>
        <fix xmlns:xhtml="http://www.w3.org/1999/xhtml" id="file_permissions_sshd_pub_key" system="urn:xccdf:fix:script:sh" complexity="low" disruption="low" strategy="configure"># Remediation is applicable only in certain platforms
if dpkg-query --show --showformat='${db:Status-Status}
' 'linux-base' 2&gt;/dev/null | grep -q ^installed; then

find -L /etc/ssh/ -maxdepth 1 -perm /u+xs,g+xws,o+xwt  -type f -regextype posix-extended -regex '^.*\.pub$' -exec chmod u-xs,g-xws,o-xwt {} \;

else
    &gt;&amp;2 echo 'Remediation is not applicable, nothing was done'
fi
</fix>
        <check system="http://oval.mitre.org/XMLSchema/oval-definitions-5">
          <check-content-ref name="oval:ssg-file_permissions_sshd_pub_key:def:1" href="ssg-ubuntu2404-oval.xml"/>
        </check>
        <check system="http://scap.nist.gov/schema/ocil/2">
          <check-content-ref name="ocil:ssg-file_permissions_sshd_pub_key_ocil:questionnaire:1" href="ssg-ubuntu2404-ocil.xml"/>
        </check>
      </Rule>
      <Group id="xccdf_org.ssgproject.content_group_ssh_server">
        <title xmlns:xhtml="http://www.w3.org/1999/xhtml" xml:lang="en-US">Configure OpenSSH Server if Necessary</title>
        <description xmlns:xhtml="http://www.w3.org/1999/xhtml" xml:lang="en-US">If the system needs to act as an SSH server, then
certain changes should be made to the OpenSSH daemon configuration
file <html:code xmlns:html="http://www.w3.org/1999/xhtml">/etc/ssh/sshd_config</html:code>. The following recommendations can be
applied to this file. See the <html:code xmlns:html="http://www.w3.org/1999/xhtml">sshd_config(5)</html:code> man page for more
detailed information.</description>
        <Value id="xccdf_org.ssgproject.content_value_var_sshd_set_login_grace_time" type="number" interactive="true">
          <title xmlns:xhtml="http://www.w3.org/1999/xhtml" xml:lang="en-US">SSH LoginGraceTime setting</title>
          <description xmlns:xhtml="http://www.w3.org/1999/xhtml" xml:lang="en-US">Configure parameters for how long the servers stays connected before the user has successfully logged in</description>
          <value>60</value>
          <value selector="60">60</value>
        </Value>
        <Value id="xccdf_org.ssgproject.content_value_var_sshd_set_maxstartups" type="string" interactive="true">
          <title xmlns:xhtml="http://www.w3.org/1999/xhtml" xml:lang="en-US">SSH MaxStartups setting</title>
          <description xmlns:xhtml="http://www.w3.org/1999/xhtml" xml:lang="en-US">Configure parameters for maximum concurrent unauthenticated connections to the SSH daemon.</description>
          <value>10:30:100</value>
          <value selector="10:30:60">10:30:60</value>
        </Value>
        <Rule id="xccdf_org.ssgproject.content_rule_sshd_set_keepalive" selected="false" role="full" severity="medium">
          <title xmlns:xhtml="http://www.w3.org/1999/xhtml" xml:lang="en-US">Set SSH Client Alive Count Max</title>
          <description xmlns:xhtml="http://www.w3.org/1999/xhtml" xml:lang="en-US">The SSH server sends at most <html:code xmlns:html="http://www.w3.org/1999/xhtml">ClientAliveCountMax</html:code> messages
during a SSH session and waits for a response from the SSH client.
The option <html:code xmlns:html="http://www.w3.org/1999/xhtml">ClientAliveInterval</html:code> configures timeout after
each <html:code xmlns:html="http://www.w3.org/1999/xhtml">ClientAliveCountMax</html:code> message. If the SSH server does not
receive a response from the client, then the connection is considered unresponsive
and terminated.
For SSH earlier than v8.2, a <html:code xmlns:html="http://www.w3.org/1999/xhtml">ClientAliveCountMax</html:code> value of <html:code xmlns:html="http://www.w3.org/1999/xhtml">0</html:code>
causes a timeout precisely when the <html:code xmlns:html="http://www.w3.org/1999/xhtml">ClientAliveInterval</html:code> is set.
Starting with v8.2, a value of <html:code xmlns:html="http://www.w3.org/1999/xhtml">0</html:code> disables the timeout functionality
completely. If the option is set to a number greater than <html:code xmlns:html="http://www.w3.org/1999/xhtml">0</html:code>, then
the session will be disconnected after
<html:code xmlns:html="http://www.w3.org/1999/xhtml">ClientAliveInterval * ClientAliveCountMax</html:code> seconds without receiving
a keep alive message.</description>
          <reference href="https://www.cisecurity.org/controls/">1</reference>
          <reference href="https://www.cisecurity.org/controls/">12</reference>
          <reference href="https://www.cisecurity.org/controls/">13</reference>
          <reference href="https://www.cisecurity.org/controls/">14</reference>
          <reference href="https://www.cisecurity.org/controls/">15</reference>
          <reference href="https://www.cisecurity.org/controls/">16</reference>
          <reference href="https://www.cisecurity.org/controls/">18</reference>
          <reference href="https://www.cisecurity.org/controls/">3</reference>
          <reference href="https://www.cisecurity.org/controls/">5</reference>
          <reference href="https://www.cisecurity.org/controls/">7</reference>
          <reference href="https://www.cisecurity.org/controls/">8</reference>
          <reference href="https://www.fbi.gov/file-repository/cjis-security-policy-v5_5_20160601-2-1.pdf">5.5.6</reference>
          <reference href="https://www.isaca.org/resources/cobit">APO13.01</reference>
          <reference href="https://www.isaca.org/resources/cobit">BAI03.01</reference>
          <reference href="https://www.isaca.org/resources/cobit">BAI03.02</reference>
          <reference href="https://www.isaca.org/resources/cobit">BAI03.03</reference>
          <reference href="https://www.isaca.org/resources/cobit">DSS01.03</reference>
          <reference href="https://www.isaca.org/resources/cobit">DSS03.05</reference>
          <reference href="https://www.isaca.org/resources/cobit">DSS05.04</reference>
          <reference href="https://www.isaca.org/resources/cobit">DSS05.05</reference>
          <reference href="https://www.isaca.org/resources/cobit">DSS05.07</reference>
          <reference href="https://www.isaca.org/resources/cobit">DSS05.10</reference>
          <reference href="https://www.isaca.org/resources/cobit">DSS06.03</reference>
          <reference href="https://www.isaca.org/resources/cobit">DSS06.10</reference>
          <reference href="http://nvlpubs.nist.gov/nistpubs/SpecialPublications/NIST.SP.800-171.pdf">3.1.11</reference>
          <reference href="https://public.cyber.mil/stigs/cci/">CCI-001133</reference>
          <reference href="https://public.cyber.mil/stigs/cci/">CCI-002361</reference>
          <reference href="https://www.gpo.gov/fdsys/pkg/CFR-2007-title45-vol1/pdf/CFR-2007-title45-vol1-chapA-subchapC.pdf">164.308(a)(4)(i)</reference>
          <reference href="https://www.gpo.gov/fdsys/pkg/CFR-2007-title45-vol1/pdf/CFR-2007-title45-vol1-chapA-subchapC.pdf">164.308(b)(1)</reference>
          <reference href="https://www.gpo.gov/fdsys/pkg/CFR-2007-title45-vol1/pdf/CFR-2007-title45-vol1-chapA-subchapC.pdf">164.308(b)(3)</reference>
          <reference href="https://www.gpo.gov/fdsys/pkg/CFR-2007-title45-vol1/pdf/CFR-2007-title45-vol1-chapA-subchapC.pdf">164.310(b)</reference>
          <reference href="https://www.gpo.gov/fdsys/pkg/CFR-2007-title45-vol1/pdf/CFR-2007-title45-vol1-chapA-subchapC.pdf">164.312(e)(1)</reference>
          <reference href="https://www.gpo.gov/fdsys/pkg/CFR-2007-title45-vol1/pdf/CFR-2007-title45-vol1-chapA-subchapC.pdf">164.312(e)(2)(ii)</reference>
          <reference href="https://www.isa.org/products/isa-62443-2-1-2009-security-for-industrial-automat">4.3.3.2.2</reference>
          <reference href="https://www.isa.org/products/isa-62443-2-1-2009-security-for-industrial-automat">4.3.3.5.1</reference>
          <reference href="https://www.isa.org/products/isa-62443-2-1-2009-security-for-industrial-automat">4.3.3.5.2</reference>
          <reference href="https://www.isa.org/products/isa-62443-2-1-2009-security-for-industrial-automat">4.3.3.6.1</reference>
          <reference href="https://www.isa.org/products/isa-62443-2-1-2009-security-for-industrial-automat">4.3.3.6.2</reference>
          <reference href="https://www.isa.org/products/isa-62443-2-1-2009-security-for-industrial-automat">4.3.3.6.3</reference>
          <reference href="https://www.isa.org/products/isa-62443-2-1-2009-security-for-industrial-automat">4.3.3.6.4</reference>
          <reference href="https://www.isa.org/products/isa-62443-2-1-2009-security-for-industrial-automat">4.3.3.6.5</reference>
          <reference href="https://www.isa.org/products/isa-62443-2-1-2009-security-for-industrial-automat">4.3.3.6.6</reference>
          <reference href="https://www.isa.org/products/isa-62443-2-1-2009-security-for-industrial-automat">4.3.3.6.7</reference>
          <reference href="https://www.isa.org/products/isa-62443-2-1-2009-security-for-industrial-automat">4.3.3.6.8</reference>
          <reference href="https://www.isa.org/products/isa-62443-2-1-2009-security-for-industrial-automat">4.3.3.6.9</reference>
          <reference href="https://www.isa.org/products/isa-62443-2-1-2009-security-for-industrial-automat">4.3.3.7.2</reference>
          <reference href="https://www.isa.org/products/isa-62443-2-1-2009-security-for-industrial-automat">4.3.3.7.3</reference>
          <reference href="https://www.isa.org/products/isa-62443-2-1-2009-security-for-industrial-automat">4.3.3.7.4</reference>
          <reference href="https://www.isa.org/products/isa-62443-2-1-2009-security-for-industrial-automat">4.3.4.3.3</reference>
          <reference href="https://www.isa.org/products/ansi-isa-62443-3-3-99-03-03-2013-security-for-indu">SR 1.1</reference>
          <reference href="https://www.isa.org/products/ansi-isa-62443-3-3-99-03-03-2013-security-for-indu">SR 1.10</reference>
          <reference href="https://www.isa.org/products/ansi-isa-62443-3-3-99-03-03-2013-security-for-indu">SR 1.2</reference>
          <reference href="https://www.isa.org/products/ansi-isa-62443-3-3-99-03-03-2013-security-for-indu">SR 1.3</reference>
          <reference href="https://www.isa.org/products/ansi-isa-62443-3-3-99-03-03-2013-security-for-indu">SR 1.4</reference>
          <reference href="https://www.isa.org/products/ansi-isa-62443-3-3-99-03-03-2013-security-for-indu">SR 1.5</reference>
          <reference href="https://www.isa.org/products/ansi-isa-62443-3-3-99-03-03-2013-security-for-indu">SR 1.7</reference>
          <reference href="https://www.isa.org/products/ansi-isa-62443-3-3-99-03-03-2013-security-for-indu">SR 1.8</reference>
          <reference href="https://www.isa.org/products/ansi-isa-62443-3-3-99-03-03-2013-security-for-indu">SR 1.9</reference>
          <reference href="https://www.isa.org/products/ansi-isa-62443-3-3-99-03-03-2013-security-for-indu">SR 2.1</reference>
          <reference href="https://www.isa.org/products/ansi-isa-62443-3-3-99-03-03-2013-security-for-indu">SR 6.2</reference>
          <reference href="https://www.iso.org/contents/data/standard/05/45/54534.html">A.12.4.1</reference>
          <reference href="https://www.iso.org/contents/data/standard/05/45/54534.html">A.12.4.3</reference>
          <reference href="https://www.iso.org/contents/data/standard/05/45/54534.html">A.14.1.1</reference>
          <reference href="https://www.iso.org/contents/data/standard/05/45/54534.html">A.14.2.1</reference>
          <reference href="https://www.iso.org/contents/data/standard/05/45/54534.html">A.14.2.5</reference>
          <reference href="https://www.iso.org/contents/data/standard/05/45/54534.html">A.18.1.4</reference>
          <reference href="https://www.iso.org/contents/data/standard/05/45/54534.html">A.6.1.2</reference>
          <reference href="https://www.iso.org/contents/data/standard/05/45/54534.html">A.6.1.5</reference>
          <reference href="https://www.iso.org/contents/data/standard/05/45/54534.html">A.7.1.1</reference>
          <reference href="https://www.iso.org/contents/data/standard/05/45/54534.html">A.9.1.2</reference>
          <reference href="https://www.iso.org/contents/data/standard/05/45/54534.html">A.9.2.1</reference>
          <reference href="https://www.iso.org/contents/data/standard/05/45/54534.html">A.9.2.2</reference>
          <reference href="https://www.iso.org/contents/data/standard/05/45/54534.html">A.9.2.3</reference>
          <reference href="https://www.iso.org/contents/data/standard/05/45/54534.html">A.9.2.4</reference>
          <reference href="https://www.iso.org/contents/data/standard/05/45/54534.html">A.9.2.6</reference>
          <reference href="https://www.iso.org/contents/data/standard/05/45/54534.html">A.9.3.1</reference>
          <reference href="https://www.iso.org/contents/data/standard/05/45/54534.html">A.9.4.1</reference>
          <reference href="https://www.iso.org/contents/data/standard/05/45/54534.html">A.9.4.2</reference>
          <reference href="https://www.iso.org/contents/data/standard/05/45/54534.html">A.9.4.3</reference>
          <reference href="https://www.iso.org/contents/data/standard/05/45/54534.html">A.9.4.4</reference>
          <reference href="https://www.iso.org/contents/data/standard/05/45/54534.html">A.9.4.5</reference>
          <reference href="https://www.nerc.com/pa/Stand/AlignRep/One%20Stop%20Shop.xlsx">CIP-004-6 R2.2.3</reference>
          <reference href="https://www.nerc.com/pa/Stand/AlignRep/One%20Stop%20Shop.xlsx">CIP-007-3 R5.1</reference>
          <reference href="https://www.nerc.com/pa/Stand/AlignRep/One%20Stop%20Shop.xlsx">CIP-007-3 R5.2</reference>
          <reference href="https://www.nerc.com/pa/Stand/AlignRep/One%20Stop%20Shop.xlsx">CIP-007-3 R5.3.1</reference>
          <reference href="https://www.nerc.com/pa/Stand/AlignRep/One%20Stop%20Shop.xlsx">CIP-007-3 R5.3.2</reference>
          <reference href="https://www.nerc.com/pa/Stand/AlignRep/One%20Stop%20Shop.xlsx">CIP-007-3 R5.3.3</reference>
          <reference href="http://nvlpubs.nist.gov/nistpubs/SpecialPublications/NIST.SP.800-53r4.pdf">AC-2(5)</reference>
          <reference href="http://nvlpubs.nist.gov/nistpubs/SpecialPublications/NIST.SP.800-53r4.pdf">AC-12</reference>
          <reference href="http://nvlpubs.nist.gov/nistpubs/SpecialPublications/NIST.SP.800-53r4.pdf">AC-17(a)</reference>
          <reference href="http://nvlpubs.nist.gov/nistpubs/SpecialPublications/NIST.SP.800-53r4.pdf">SC-10</reference>
          <reference href="http://nvlpubs.nist.gov/nistpubs/SpecialPublications/NIST.SP.800-53r4.pdf">CM-6(a)</reference>
          <reference href="https://nvlpubs.nist.gov/nistpubs/CSWP/NIST.CSWP.04162018.pdf">DE.CM-1</reference>
          <reference href="https://nvlpubs.nist.gov/nistpubs/CSWP/NIST.CSWP.04162018.pdf">DE.CM-3</reference>
          <reference href="https://nvlpubs.nist.gov/nistpubs/CSWP/NIST.CSWP.04162018.pdf">PR.AC-1</reference>
          <reference href="https://nvlpubs.nist.gov/nistpubs/CSWP/NIST.CSWP.04162018.pdf">PR.AC-4</reference>
          <reference href="https://nvlpubs.nist.gov/nistpubs/CSWP/NIST.CSWP.04162018.pdf">PR.AC-6</reference>
          <reference href="https://nvlpubs.nist.gov/nistpubs/CSWP/NIST.CSWP.04162018.pdf">PR.AC-7</reference>
          <reference href="https://nvlpubs.nist.gov/nistpubs/CSWP/NIST.CSWP.04162018.pdf">PR.IP-2</reference>
          <reference href="https://www.pcisecuritystandards.org/documents/PCI_DSS_v3-2-1.pdf">Req-8.1.8</reference>
          <reference href="https://public.cyber.mil/stigs/downloads/?_dl_facet_stigs=operating-systems%2Cgeneral-purpose-os">SRG-OS-000163-GPOS-00072</reference>
          <reference href="https://public.cyber.mil/stigs/downloads/?_dl_facet_stigs=operating-systems%2Cgeneral-purpose-os">SRG-OS-000279-GPOS-00109</reference>
          <reference href="https://www.cisecurity.org/benchmark/ubuntu_linux/">5.1.7</reference>
          <reference href="https://docs-prv.pcisecuritystandards.org/PCI%20DSS/Standard/PCI-DSS-v4_0.pdf">8.2.8</reference>
          <reference href="https://docs-prv.pcisecuritystandards.org/PCI%20DSS/Standard/PCI-DSS-v4_0.pdf">8.2</reference>
          <rationale xmlns:xhtml="http://www.w3.org/1999/xhtml" xml:lang="en-US">This ensures a user login will be terminated as soon as the <html:code xmlns:html="http://www.w3.org/1999/xhtml">ClientAliveInterval</html:code>
is reached.</rationale>
          <requires idref="xccdf_org.ssgproject.content_rule_sshd_set_idle_timeout"/>
          <fix xmlns:xhtml="http://www.w3.org/1999/xhtml" id="sshd_set_keepalive" system="urn:xccdf:fix:script:ansible" complexity="low" disruption="low" strategy="restrict">- name: Gather the package facts
  package_facts:
    manager: auto
  tags:
  - CJIS-5.5.6
  - NIST-800-171-3.1.11
  - NIST-800-53-AC-12
  - NIST-800-53-AC-17(a)
  - NIST-800-53-AC-2(5)
  - NIST-800-53-CM-6(a)
  - NIST-800-53-SC-10
  - PCI-DSS-Req-8.1.8
  - PCI-DSSv4-8.2
  - PCI-DSSv4-8.2.8
  - low_complexity
  - low_disruption
  - medium_severity
  - no_reboot_needed
  - restrict_strategy
  - sshd_set_keepalive
- name: XCCDF Value var_sshd_set_keepalive # promote to variable
  set_fact:
    var_sshd_set_keepalive: !!str <xccdf-1.2:sub xmlns:xccdf-1.2="http://checklists.nist.gov/xccdf/1.2" idref="xccdf_org.ssgproject.content_value_var_sshd_set_keepalive" use="legacy"/>
  tags:
    - always

- name: Set SSH Client Alive Count Max
  block:

  - name: Deduplicate values from /etc/ssh/sshd_config
    lineinfile:
      path: /etc/ssh/sshd_config
      create: false
      regexp: (?i)(?i)^\s*{{ "ClientAliveCountMax"| regex_escape }}\s+
      state: absent

  - name: Check if /etc/ssh/sshd_config.d exists
    stat:
      path: /etc/ssh/sshd_config.d
    register: _etc_ssh_sshd_config_d_exists

  - name: Check if the parameter ClientAliveCountMax is present in /etc/ssh/sshd_config.d
    find:
      paths: /etc/ssh/sshd_config.d
      recurse: 'yes'
      follow: 'no'
      contains: (?i)^\s*{{ "ClientAliveCountMax"| regex_escape }}\s+
    register: _etc_ssh_sshd_config_d_has_parameter
    when: _etc_ssh_sshd_config_d_exists.stat.isdir is defined and _etc_ssh_sshd_config_d_exists.stat.isdir

  - name: Remove parameter from files in /etc/ssh/sshd_config.d
    lineinfile:
      path: '{{ item.path }}'
      create: false
      regexp: (?i)(?i)^\s*{{ "ClientAliveCountMax"| regex_escape }}\s+
      state: absent
    with_items: '{{ _etc_ssh_sshd_config_d_has_parameter.files }}'
    when: _etc_ssh_sshd_config_d_has_parameter.matched

  - name: Insert correct line to /etc/ssh/sshd_config.d/00-complianceascode-hardening.conf
    lineinfile:
      path: /etc/ssh/sshd_config.d/00-complianceascode-hardening.conf
      create: true
      regexp: (?i)(?i)^\s*{{ "ClientAliveCountMax"| regex_escape }}\s+
      line: ClientAliveCountMax {{ var_sshd_set_keepalive }}
      state: present
      insertbefore: BOF
      validate: /usr/sbin/sshd -t -f %s
  when: '"linux-base" in ansible_facts.packages'
  tags:
  - CJIS-5.5.6
  - NIST-800-171-3.1.11
  - NIST-800-53-AC-12
  - NIST-800-53-AC-17(a)
  - NIST-800-53-AC-2(5)
  - NIST-800-53-CM-6(a)
  - NIST-800-53-SC-10
  - PCI-DSS-Req-8.1.8
  - PCI-DSSv4-8.2
  - PCI-DSSv4-8.2.8
  - low_complexity
  - low_disruption
  - medium_severity
  - no_reboot_needed
  - restrict_strategy
  - sshd_set_keepalive

- name: Set SSH Client Alive Count Max - set file mode for /etc/ssh/sshd_config.d/00-complianceascode-hardening.conf
  ansible.builtin.file:
    path: /etc/ssh/sshd_config.d/00-complianceascode-hardening.conf
    mode: '0600'
  when: '"linux-base" in ansible_facts.packages'
  tags:
  - CJIS-5.5.6
  - NIST-800-171-3.1.11
  - NIST-800-53-AC-12
  - NIST-800-53-AC-17(a)
  - NIST-800-53-AC-2(5)
  - NIST-800-53-CM-6(a)
  - NIST-800-53-SC-10
  - PCI-DSS-Req-8.1.8
  - PCI-DSSv4-8.2
  - PCI-DSSv4-8.2.8
  - low_complexity
  - low_disruption
  - medium_severity
  - no_reboot_needed
  - restrict_strategy
  - sshd_set_keepalive
</fix>
          <fix xmlns:xhtml="http://www.w3.org/1999/xhtml" id="sshd_set_keepalive" system="urn:xccdf:fix:script:sh" complexity="low" disruption="low" strategy="restrict"># Remediation is applicable only in certain platforms
if dpkg-query --show --showformat='${db:Status-Status}
' 'linux-base' 2&gt;/dev/null | grep -q ^installed; then

var_sshd_set_keepalive='<xccdf-1.2:sub xmlns:xccdf-1.2="http://checklists.nist.gov/xccdf/1.2" idref="xccdf_org.ssgproject.content_value_var_sshd_set_keepalive" use="legacy"/>'


mkdir -p /etc/ssh/sshd_config.d
touch /etc/ssh/sshd_config.d/00-complianceascode-hardening.conf
chmod 0600 /etc/ssh/sshd_config.d/00-complianceascode-hardening.conf

LC_ALL=C sed -i "/^\s*ClientAliveCountMax\s\+/Id" "/etc/ssh/sshd_config"
LC_ALL=C sed -i "/^\s*ClientAliveCountMax\s\+/Id" "/etc/ssh/sshd_config.d"/*.conf
if [ -e "/etc/ssh/sshd_config.d/00-complianceascode-hardening.conf" ] ; then
    
    LC_ALL=C sed -i "/^\s*ClientAliveCountMax\s\+/Id" "/etc/ssh/sshd_config.d/00-complianceascode-hardening.conf"
else
    touch "/etc/ssh/sshd_config.d/00-complianceascode-hardening.conf"
fi
# make sure file has newline at the end
sed -i -e '$a\' "/etc/ssh/sshd_config.d/00-complianceascode-hardening.conf"

cp "/etc/ssh/sshd_config.d/00-complianceascode-hardening.conf" "/etc/ssh/sshd_config.d/00-complianceascode-hardening.conf.bak"
# Insert at the beginning of the file
printf '%s\n' "ClientAliveCountMax $var_sshd_set_keepalive" &gt; "/etc/ssh/sshd_config.d/00-complianceascode-hardening.conf"
cat "/etc/ssh/sshd_config.d/00-complianceascode-hardening.conf.bak" &gt;&gt; "/etc/ssh/sshd_config.d/00-complianceascode-hardening.conf"
# Clean up after ourselves.
rm "/etc/ssh/sshd_config.d/00-complianceascode-hardening.conf.bak"

else
    &gt;&amp;2 echo 'Remediation is not applicable, nothing was done'
fi
</fix>
          <check system="http://oval.mitre.org/XMLSchema/oval-definitions-5">
            <check-export export-name="oval:ssg-var_sshd_set_keepalive:var:1" value-id="xccdf_org.ssgproject.content_value_var_sshd_set_keepalive"/>
            <check-export export-name="oval:ssg-sshd_required:var:1" value-id="xccdf_org.ssgproject.content_value_sshd_required"/>
            <check-content-ref name="oval:ssg-sshd_set_keepalive:def:1" href="ssg-ubuntu2404-oval.xml"/>
          </check>
          <check system="http://scap.nist.gov/schema/ocil/2">
            <check-content-ref name="ocil:ssg-sshd_set_keepalive_ocil:questionnaire:1" href="ssg-ubuntu2404-ocil.xml"/>
          </check>
        </Rule>
        <Rule id="xccdf_org.ssgproject.content_rule_sshd_set_idle_timeout" selected="false" role="full" severity="medium">
          <title xmlns:xhtml="http://www.w3.org/1999/xhtml" xml:lang="en-US">Set SSH Client Alive Interval</title>
          <description xmlns:xhtml="http://www.w3.org/1999/xhtml" xml:lang="en-US">SSH allows administrators to set a network responsiveness timeout interval.
After this interval has passed, the unresponsive client will be automatically logged out.
<html:br xmlns:html="http://www.w3.org/1999/xhtml"/>
        <html:br xmlns:html="http://www.w3.org/1999/xhtml"/>
To set this timeout interval, edit the following line in <html:code xmlns:html="http://www.w3.org/1999/xhtml">/etc/ssh/sshd_config</html:code> as
follows:
<html:pre xmlns:html="http://www.w3.org/1999/xhtml" xmlns:xccdf-1.2="http://checklists.nist.gov/xccdf/1.2">ClientAliveInterval <html:b><xccdf-1.2:sub idref="xccdf_org.ssgproject.content_value_sshd_idle_timeout_value" use="legacy"/></html:b>
        </html:pre>
        <html:br xmlns:html="http://www.w3.org/1999/xhtml"/>
        <html:br xmlns:html="http://www.w3.org/1999/xhtml"/>
The timeout <html:b xmlns:html="http://www.w3.org/1999/xhtml">interval</html:b> is given in seconds. For example, have a timeout
of 10 minutes, set <html:b xmlns:html="http://www.w3.org/1999/xhtml">interval</html:b> to 600.
<html:br xmlns:html="http://www.w3.org/1999/xhtml"/>
        <html:br xmlns:html="http://www.w3.org/1999/xhtml"/>
If a shorter timeout has already been set for the login shell, that value will
preempt any SSH setting made in <html:code xmlns:html="http://www.w3.org/1999/xhtml">/etc/ssh/sshd_config</html:code>. Keep in mind that
some processes may stop SSH from correctly detecting that the user is idle.</description>
          <warning xmlns:xhtml="http://www.w3.org/1999/xhtml" xml:lang="en-US" category="dependency">SSH disconnecting unresponsive clients will not have desired effect without also
configuring ClientAliveCountMax in the SSH service configuration.</warning>
          <warning xmlns:xhtml="http://www.w3.org/1999/xhtml" xml:lang="en-US" category="general">Following conditions may prevent the SSH session to time out:
<html:ul xmlns:html="http://www.w3.org/1999/xhtml"><html:li>Remote processes on the remote machine generates output. As the output has to be transferred over the network to the client, the timeout is reset every time such transfer happens.</html:li><html:li>Any <html:code>scp</html:code> or <html:code>sftp</html:code> activity by the same user to the host resets the timeout.</html:li></html:ul>
       </warning>
          <reference href="https://www.cisecurity.org/controls/">1</reference>
          <reference href="https://www.cisecurity.org/controls/">12</reference>
          <reference href="https://www.cisecurity.org/controls/">13</reference>
          <reference href="https://www.cisecurity.org/controls/">14</reference>
          <reference href="https://www.cisecurity.org/controls/">15</reference>
          <reference href="https://www.cisecurity.org/controls/">16</reference>
          <reference href="https://www.cisecurity.org/controls/">18</reference>
          <reference href="https://www.cisecurity.org/controls/">3</reference>
          <reference href="https://www.cisecurity.org/controls/">5</reference>
          <reference href="https://www.cisecurity.org/controls/">7</reference>
          <reference href="https://www.cisecurity.org/controls/">8</reference>
          <reference href="https://www.fbi.gov/file-repository/cjis-security-policy-v5_5_20160601-2-1.pdf">5.5.6</reference>
          <reference href="https://www.isaca.org/resources/cobit">APO13.01</reference>
          <reference href="https://www.isaca.org/resources/cobit">BAI03.01</reference>
          <reference href="https://www.isaca.org/resources/cobit">BAI03.02</reference>
          <reference href="https://www.isaca.org/resources/cobit">BAI03.03</reference>
          <reference href="https://www.isaca.org/resources/cobit">DSS01.03</reference>
          <reference href="https://www.isaca.org/resources/cobit">DSS03.05</reference>
          <reference href="https://www.isaca.org/resources/cobit">DSS05.04</reference>
          <reference href="https://www.isaca.org/resources/cobit">DSS05.05</reference>
          <reference href="https://www.isaca.org/resources/cobit">DSS05.07</reference>
          <reference href="https://www.isaca.org/resources/cobit">DSS05.10</reference>
          <reference href="https://www.isaca.org/resources/cobit">DSS06.03</reference>
          <reference href="https://www.isaca.org/resources/cobit">DSS06.10</reference>
          <reference href="http://nvlpubs.nist.gov/nistpubs/SpecialPublications/NIST.SP.800-171.pdf">3.1.11</reference>
          <reference href="https://public.cyber.mil/stigs/cci/">CCI-001133</reference>
          <reference href="https://public.cyber.mil/stigs/cci/">CCI-002361</reference>
          <reference href="https://public.cyber.mil/stigs/cci/">CCI-002891</reference>
          <reference href="https://www.isa.org/products/isa-62443-2-1-2009-security-for-industrial-automat">4.3.3.2.2</reference>
          <reference href="https://www.isa.org/products/isa-62443-2-1-2009-security-for-industrial-automat">4.3.3.5.1</reference>
          <reference href="https://www.isa.org/products/isa-62443-2-1-2009-security-for-industrial-automat">4.3.3.5.2</reference>
          <reference href="https://www.isa.org/products/isa-62443-2-1-2009-security-for-industrial-automat">4.3.3.6.1</reference>
          <reference href="https://www.isa.org/products/isa-62443-2-1-2009-security-for-industrial-automat">4.3.3.6.2</reference>
          <reference href="https://www.isa.org/products/isa-62443-2-1-2009-security-for-industrial-automat">4.3.3.6.3</reference>
          <reference href="https://www.isa.org/products/isa-62443-2-1-2009-security-for-industrial-automat">4.3.3.6.4</reference>
          <reference href="https://www.isa.org/products/isa-62443-2-1-2009-security-for-industrial-automat">4.3.3.6.5</reference>
          <reference href="https://www.isa.org/products/isa-62443-2-1-2009-security-for-industrial-automat">4.3.3.6.6</reference>
          <reference href="https://www.isa.org/products/isa-62443-2-1-2009-security-for-industrial-automat">4.3.3.6.7</reference>
          <reference href="https://www.isa.org/products/isa-62443-2-1-2009-security-for-industrial-automat">4.3.3.6.8</reference>
          <reference href="https://www.isa.org/products/isa-62443-2-1-2009-security-for-industrial-automat">4.3.3.6.9</reference>
          <reference href="https://www.isa.org/products/isa-62443-2-1-2009-security-for-industrial-automat">4.3.3.7.2</reference>
          <reference href="https://www.isa.org/products/isa-62443-2-1-2009-security-for-industrial-automat">4.3.3.7.3</reference>
          <reference href="https://www.isa.org/products/isa-62443-2-1-2009-security-for-industrial-automat">4.3.3.7.4</reference>
          <reference href="https://www.isa.org/products/isa-62443-2-1-2009-security-for-industrial-automat">4.3.4.3.3</reference>
          <reference href="https://www.isa.org/products/ansi-isa-62443-3-3-99-03-03-2013-security-for-indu">SR 1.1</reference>
          <reference href="https://www.isa.org/products/ansi-isa-62443-3-3-99-03-03-2013-security-for-indu">SR 1.10</reference>
          <reference href="https://www.isa.org/products/ansi-isa-62443-3-3-99-03-03-2013-security-for-indu">SR 1.2</reference>
          <reference href="https://www.isa.org/products/ansi-isa-62443-3-3-99-03-03-2013-security-for-indu">SR 1.3</reference>
          <reference href="https://www.isa.org/products/ansi-isa-62443-3-3-99-03-03-2013-security-for-indu">SR 1.4</reference>
          <reference href="https://www.isa.org/products/ansi-isa-62443-3-3-99-03-03-2013-security-for-indu">SR 1.5</reference>
          <reference href="https://www.isa.org/products/ansi-isa-62443-3-3-99-03-03-2013-security-for-indu">SR 1.7</reference>
          <reference href="https://www.isa.org/products/ansi-isa-62443-3-3-99-03-03-2013-security-for-indu">SR 1.8</reference>
          <reference href="https://www.isa.org/products/ansi-isa-62443-3-3-99-03-03-2013-security-for-indu">SR 1.9</reference>
          <reference href="https://www.isa.org/products/ansi-isa-62443-3-3-99-03-03-2013-security-for-indu">SR 2.1</reference>
          <reference href="https://www.isa.org/products/ansi-isa-62443-3-3-99-03-03-2013-security-for-indu">SR 6.2</reference>
          <reference href="https://www.iso.org/contents/data/standard/05/45/54534.html">A.12.4.1</reference>
          <reference href="https://www.iso.org/contents/data/standard/05/45/54534.html">A.12.4.3</reference>
          <reference href="https://www.iso.org/contents/data/standard/05/45/54534.html">A.14.1.1</reference>
          <reference href="https://www.iso.org/contents/data/standard/05/45/54534.html">A.14.2.1</reference>
          <reference href="https://www.iso.org/contents/data/standard/05/45/54534.html">A.14.2.5</reference>
          <reference href="https://www.iso.org/contents/data/standard/05/45/54534.html">A.18.1.4</reference>
          <reference href="https://www.iso.org/contents/data/standard/05/45/54534.html">A.6.1.2</reference>
          <reference href="https://www.iso.org/contents/data/standard/05/45/54534.html">A.6.1.5</reference>
          <reference href="https://www.iso.org/contents/data/standard/05/45/54534.html">A.7.1.1</reference>
          <reference href="https://www.iso.org/contents/data/standard/05/45/54534.html">A.9.1.2</reference>
          <reference href="https://www.iso.org/contents/data/standard/05/45/54534.html">A.9.2.1</reference>
          <reference href="https://www.iso.org/contents/data/standard/05/45/54534.html">A.9.2.2</reference>
          <reference href="https://www.iso.org/contents/data/standard/05/45/54534.html">A.9.2.3</reference>
          <reference href="https://www.iso.org/contents/data/standard/05/45/54534.html">A.9.2.4</reference>
          <reference href="https://www.iso.org/contents/data/standard/05/45/54534.html">A.9.2.6</reference>
          <reference href="https://www.iso.org/contents/data/standard/05/45/54534.html">A.9.3.1</reference>
          <reference href="https://www.iso.org/contents/data/standard/05/45/54534.html">A.9.4.1</reference>
          <reference href="https://www.iso.org/contents/data/standard/05/45/54534.html">A.9.4.2</reference>
          <reference href="https://www.iso.org/contents/data/standard/05/45/54534.html">A.9.4.3</reference>
          <reference href="https://www.iso.org/contents/data/standard/05/45/54534.html">A.9.4.4</reference>
          <reference href="https://www.iso.org/contents/data/standard/05/45/54534.html">A.9.4.5</reference>
          <reference href="https://www.nerc.com/pa/Stand/AlignRep/One%20Stop%20Shop.xlsx">CIP-004-6 R2.2.3</reference>
          <reference href="https://www.nerc.com/pa/Stand/AlignRep/One%20Stop%20Shop.xlsx">CIP-007-3 R5.1</reference>
          <reference href="https://www.nerc.com/pa/Stand/AlignRep/One%20Stop%20Shop.xlsx">CIP-007-3 R5.2</reference>
          <reference href="https://www.nerc.com/pa/Stand/AlignRep/One%20Stop%20Shop.xlsx">CIP-007-3 R5.3.1</reference>
          <reference href="https://www.nerc.com/pa/Stand/AlignRep/One%20Stop%20Shop.xlsx">CIP-007-3 R5.3.2</reference>
          <reference href="https://www.nerc.com/pa/Stand/AlignRep/One%20Stop%20Shop.xlsx">CIP-007-3 R5.3.3</reference>
          <reference href="http://nvlpubs.nist.gov/nistpubs/SpecialPublications/NIST.SP.800-53r4.pdf">CM-6(a)</reference>
          <reference href="http://nvlpubs.nist.gov/nistpubs/SpecialPublications/NIST.SP.800-53r4.pdf">AC-17(a)</reference>
          <reference href="http://nvlpubs.nist.gov/nistpubs/SpecialPublications/NIST.SP.800-53r4.pdf">AC-2(5)</reference>
          <reference href="http://nvlpubs.nist.gov/nistpubs/SpecialPublications/NIST.SP.800-53r4.pdf">AC-12</reference>
          <reference href="http://nvlpubs.nist.gov/nistpubs/SpecialPublications/NIST.SP.800-53r4.pdf">AC-17(a)</reference>
          <reference href="http://nvlpubs.nist.gov/nistpubs/SpecialPublications/NIST.SP.800-53r4.pdf">SC-10</reference>
          <reference href="http://nvlpubs.nist.gov/nistpubs/SpecialPublications/NIST.SP.800-53r4.pdf">CM-6(a)</reference>
          <reference href="https://nvlpubs.nist.gov/nistpubs/CSWP/NIST.CSWP.04162018.pdf">DE.CM-1</reference>
          <reference href="https://nvlpubs.nist.gov/nistpubs/CSWP/NIST.CSWP.04162018.pdf">DE.CM-3</reference>
          <reference href="https://nvlpubs.nist.gov/nistpubs/CSWP/NIST.CSWP.04162018.pdf">PR.AC-1</reference>
          <reference href="https://nvlpubs.nist.gov/nistpubs/CSWP/NIST.CSWP.04162018.pdf">PR.AC-4</reference>
          <reference href="https://nvlpubs.nist.gov/nistpubs/CSWP/NIST.CSWP.04162018.pdf">PR.AC-6</reference>
          <reference href="https://nvlpubs.nist.gov/nistpubs/CSWP/NIST.CSWP.04162018.pdf">PR.AC-7</reference>
          <reference href="https://nvlpubs.nist.gov/nistpubs/CSWP/NIST.CSWP.04162018.pdf">PR.IP-2</reference>
          <reference href="https://www.pcisecuritystandards.org/documents/PCI_DSS_v3-2-1.pdf">Req-8.1.8</reference>
          <reference href="https://public.cyber.mil/stigs/downloads/?_dl_facet_stigs=operating-systems%2Cgeneral-purpose-os">SRG-OS-000126-GPOS-00066</reference>
          <reference href="https://public.cyber.mil/stigs/downloads/?_dl_facet_stigs=operating-systems%2Cgeneral-purpose-os">SRG-OS-000163-GPOS-00072</reference>
          <reference href="https://public.cyber.mil/stigs/downloads/?_dl_facet_stigs=operating-systems%2Cgeneral-purpose-os">SRG-OS-000279-GPOS-00109</reference>
          <reference href="https://public.cyber.mil/stigs/downloads/?_dl_facet_stigs=operating-systems%2Cgeneral-purpose-os">SRG-OS-000395-GPOS-00175</reference>
          <reference href="https://www.cisecurity.org/benchmark/ubuntu_linux/">5.1.7</reference>
          <reference href="https://docs-prv.pcisecuritystandards.org/PCI%20DSS/Standard/PCI-DSS-v4_0.pdf">8.2.8</reference>
          <reference href="https://docs-prv.pcisecuritystandards.org/PCI%20DSS/Standard/PCI-DSS-v4_0.pdf">8.2</reference>
          <rationale xmlns:xhtml="http://www.w3.org/1999/xhtml" xml:lang="en-US">Terminating an idle ssh session within a short time period reduces the window of
opportunity for unauthorized personnel to take control of a management session
enabled on the console or console port that has been let unattended.</rationale>
          <requires idref="xccdf_org.ssgproject.content_rule_sshd_set_keepalive"/>
          <fix xmlns:xhtml="http://www.w3.org/1999/xhtml" id="sshd_set_idle_timeout" system="urn:xccdf:fix:script:ansible" complexity="low" disruption="low" strategy="restrict">- name: Gather the package facts
  package_facts:
    manager: auto
  tags:
  - CJIS-5.5.6
  - NIST-800-171-3.1.11
  - NIST-800-53-AC-12
  - NIST-800-53-AC-17(a)
  - NIST-800-53-AC-17(a)
  - NIST-800-53-AC-2(5)
  - NIST-800-53-CM-6(a)
  - NIST-800-53-CM-6(a)
  - NIST-800-53-SC-10
  - PCI-DSS-Req-8.1.8
  - PCI-DSSv4-8.2
  - PCI-DSSv4-8.2.8
  - low_complexity
  - low_disruption
  - medium_severity
  - no_reboot_needed
  - restrict_strategy
  - sshd_set_idle_timeout
- name: XCCDF Value sshd_idle_timeout_value # promote to variable
  set_fact:
    sshd_idle_timeout_value: !!str <xccdf-1.2:sub xmlns:xccdf-1.2="http://checklists.nist.gov/xccdf/1.2" idref="xccdf_org.ssgproject.content_value_sshd_idle_timeout_value" use="legacy"/>
  tags:
    - always

- name: Set SSH Client Alive Interval
  block:

  - name: Deduplicate values from /etc/ssh/sshd_config
    lineinfile:
      path: /etc/ssh/sshd_config
      create: false
      regexp: (?i)(?i)^\s*{{ "ClientAliveInterval"| regex_escape }}\s+
      state: absent

  - name: Check if /etc/ssh/sshd_config.d exists
    stat:
      path: /etc/ssh/sshd_config.d
    register: _etc_ssh_sshd_config_d_exists

  - name: Check if the parameter ClientAliveInterval is present in /etc/ssh/sshd_config.d
    find:
      paths: /etc/ssh/sshd_config.d
      recurse: 'yes'
      follow: 'no'
      contains: (?i)^\s*{{ "ClientAliveInterval"| regex_escape }}\s+
    register: _etc_ssh_sshd_config_d_has_parameter
    when: _etc_ssh_sshd_config_d_exists.stat.isdir is defined and _etc_ssh_sshd_config_d_exists.stat.isdir

  - name: Remove parameter from files in /etc/ssh/sshd_config.d
    lineinfile:
      path: '{{ item.path }}'
      create: false
      regexp: (?i)(?i)^\s*{{ "ClientAliveInterval"| regex_escape }}\s+
      state: absent
    with_items: '{{ _etc_ssh_sshd_config_d_has_parameter.files }}'
    when: _etc_ssh_sshd_config_d_has_parameter.matched

  - name: Insert correct line to /etc/ssh/sshd_config.d/00-complianceascode-hardening.conf
    lineinfile:
      path: /etc/ssh/sshd_config.d/00-complianceascode-hardening.conf
      create: true
      regexp: (?i)(?i)^\s*{{ "ClientAliveInterval"| regex_escape }}\s+
      line: ClientAliveInterval {{ sshd_idle_timeout_value }}
      state: present
      insertbefore: BOF
      validate: /usr/sbin/sshd -t -f %s
  when: '"linux-base" in ansible_facts.packages'
  tags:
  - CJIS-5.5.6
  - NIST-800-171-3.1.11
  - NIST-800-53-AC-12
  - NIST-800-53-AC-17(a)
  - NIST-800-53-AC-17(a)
  - NIST-800-53-AC-2(5)
  - NIST-800-53-CM-6(a)
  - NIST-800-53-CM-6(a)
  - NIST-800-53-SC-10
  - PCI-DSS-Req-8.1.8
  - PCI-DSSv4-8.2
  - PCI-DSSv4-8.2.8
  - low_complexity
  - low_disruption
  - medium_severity
  - no_reboot_needed
  - restrict_strategy
  - sshd_set_idle_timeout

- name: Set SSH Client Alive Interval - set file mode for /etc/ssh/sshd_config.d/00-complianceascode-hardening.conf
  ansible.builtin.file:
    path: /etc/ssh/sshd_config.d/00-complianceascode-hardening.conf
    mode: '0600'
  when: '"linux-base" in ansible_facts.packages'
  tags:
  - CJIS-5.5.6
  - NIST-800-171-3.1.11
  - NIST-800-53-AC-12
  - NIST-800-53-AC-17(a)
  - NIST-800-53-AC-17(a)
  - NIST-800-53-AC-2(5)
  - NIST-800-53-CM-6(a)
  - NIST-800-53-CM-6(a)
  - NIST-800-53-SC-10
  - PCI-DSS-Req-8.1.8
  - PCI-DSSv4-8.2
  - PCI-DSSv4-8.2.8
  - low_complexity
  - low_disruption
  - medium_severity
  - no_reboot_needed
  - restrict_strategy
  - sshd_set_idle_timeout
</fix>
          <fix xmlns:xhtml="http://www.w3.org/1999/xhtml" id="sshd_set_idle_timeout" system="urn:xccdf:fix:script:sh" complexity="low" disruption="low" strategy="restrict"># Remediation is applicable only in certain platforms
if dpkg-query --show --showformat='${db:Status-Status}
' 'linux-base' 2&gt;/dev/null | grep -q ^installed; then

sshd_idle_timeout_value='<xccdf-1.2:sub xmlns:xccdf-1.2="http://checklists.nist.gov/xccdf/1.2" idref="xccdf_org.ssgproject.content_value_sshd_idle_timeout_value" use="legacy"/>'


mkdir -p /etc/ssh/sshd_config.d
touch /etc/ssh/sshd_config.d/00-complianceascode-hardening.conf
chmod 0600 /etc/ssh/sshd_config.d/00-complianceascode-hardening.conf

LC_ALL=C sed -i "/^\s*ClientAliveInterval\s\+/Id" "/etc/ssh/sshd_config"
LC_ALL=C sed -i "/^\s*ClientAliveInterval\s\+/Id" "/etc/ssh/sshd_config.d"/*.conf
if [ -e "/etc/ssh/sshd_config.d/00-complianceascode-hardening.conf" ] ; then
    
    LC_ALL=C sed -i "/^\s*ClientAliveInterval\s\+/Id" "/etc/ssh/sshd_config.d/00-complianceascode-hardening.conf"
else
    touch "/etc/ssh/sshd_config.d/00-complianceascode-hardening.conf"
fi
# make sure file has newline at the end
sed -i -e '$a\' "/etc/ssh/sshd_config.d/00-complianceascode-hardening.conf"

cp "/etc/ssh/sshd_config.d/00-complianceascode-hardening.conf" "/etc/ssh/sshd_config.d/00-complianceascode-hardening.conf.bak"
# Insert at the beginning of the file
printf '%s\n' "ClientAliveInterval $sshd_idle_timeout_value" &gt; "/etc/ssh/sshd_config.d/00-complianceascode-hardening.conf"
cat "/etc/ssh/sshd_config.d/00-complianceascode-hardening.conf.bak" &gt;&gt; "/etc/ssh/sshd_config.d/00-complianceascode-hardening.conf"
# Clean up after ourselves.
rm "/etc/ssh/sshd_config.d/00-complianceascode-hardening.conf.bak"

else
    &gt;&amp;2 echo 'Remediation is not applicable, nothing was done'
fi
</fix>
          <check system="http://oval.mitre.org/XMLSchema/oval-definitions-5">
            <check-export export-name="oval:ssg-var_sshd_set_keepalive:var:1" value-id="xccdf_org.ssgproject.content_value_var_sshd_set_keepalive"/>
            <check-export export-name="oval:ssg-sshd_required:var:1" value-id="xccdf_org.ssgproject.content_value_sshd_required"/>
            <check-export export-name="oval:ssg-sshd_idle_timeout_value:var:1" value-id="xccdf_org.ssgproject.content_value_sshd_idle_timeout_value"/>
            <check-content-ref name="oval:ssg-sshd_set_idle_timeout:def:1" href="ssg-ubuntu2404-oval.xml"/>
          </check>
          <check system="http://scap.nist.gov/schema/ocil/2">
            <check-content-ref name="ocil:ssg-sshd_set_idle_timeout_ocil:questionnaire:1" href="ssg-ubuntu2404-ocil.xml"/>
          </check>
        </Rule>
        <Rule id="xccdf_org.ssgproject.content_rule_disable_host_auth" selected="false" role="full" severity="medium">
          <title xmlns:xhtml="http://www.w3.org/1999/xhtml" xml:lang="en-US">Disable Host-Based Authentication</title>
          <description xmlns:xhtml="http://www.w3.org/1999/xhtml" xml:lang="en-US">SSH's cryptographic host-based authentication is
more secure than <html:code xmlns:html="http://www.w3.org/1999/xhtml">.rhosts</html:code> authentication. However, it is
not recommended that hosts unilaterally trust one another, even
within an organization.
<html:br xmlns:html="http://www.w3.org/1999/xhtml"/>
The default SSH configuration disables host-based authentication. The appropriate
configuration is used if no value is set for <html:code xmlns:html="http://www.w3.org/1999/xhtml">HostbasedAuthentication</html:code>.
<html:br xmlns:html="http://www.w3.org/1999/xhtml"/>
To explicitly disable host-based authentication, add or correct the
following line in


<html:code xmlns:html="http://www.w3.org/1999/xhtml">/etc/ssh/sshd_config.d/00-complianceascode-hardening.conf</html:code>:

<html:pre xmlns:html="http://www.w3.org/1999/xhtml">HostbasedAuthentication no</html:pre>
       </description>
          <reference href="https://www.cisecurity.org/controls/">11</reference>
          <reference href="https://www.cisecurity.org/controls/">12</reference>
          <reference href="https://www.cisecurity.org/controls/">14</reference>
          <reference href="https://www.cisecurity.org/controls/">15</reference>
          <reference href="https://www.cisecurity.org/controls/">16</reference>
          <reference href="https://www.cisecurity.org/controls/">18</reference>
          <reference href="https://www.cisecurity.org/controls/">3</reference>
          <reference href="https://www.cisecurity.org/controls/">5</reference>
          <reference href="https://www.cisecurity.org/controls/">9</reference>
          <reference href="https://www.fbi.gov/file-repository/cjis-security-policy-v5_5_20160601-2-1.pdf">5.5.6</reference>
          <reference href="https://www.isaca.org/resources/cobit">BAI10.01</reference>
          <reference href="https://www.isaca.org/resources/cobit">BAI10.02</reference>
          <reference href="https://www.isaca.org/resources/cobit">BAI10.03</reference>
          <reference href="https://www.isaca.org/resources/cobit">BAI10.05</reference>
          <reference href="https://www.isaca.org/resources/cobit">DSS05.02</reference>
          <reference href="https://www.isaca.org/resources/cobit">DSS05.04</reference>
          <reference href="https://www.isaca.org/resources/cobit">DSS05.05</reference>
          <reference href="https://www.isaca.org/resources/cobit">DSS05.07</reference>
          <reference href="https://www.isaca.org/resources/cobit">DSS06.03</reference>
          <reference href="https://www.isaca.org/resources/cobit">DSS06.06</reference>
          <reference href="http://nvlpubs.nist.gov/nistpubs/SpecialPublications/NIST.SP.800-171.pdf">3.1.12</reference>
          <reference href="https://public.cyber.mil/stigs/cci/">CCI-000366</reference>
          <reference href="https://www.gpo.gov/fdsys/pkg/CFR-2007-title45-vol1/pdf/CFR-2007-title45-vol1-chapA-subchapC.pdf">164.308(a)(4)(i)</reference>
          <reference href="https://www.gpo.gov/fdsys/pkg/CFR-2007-title45-vol1/pdf/CFR-2007-title45-vol1-chapA-subchapC.pdf">164.308(b)(1)</reference>
          <reference href="https://www.gpo.gov/fdsys/pkg/CFR-2007-title45-vol1/pdf/CFR-2007-title45-vol1-chapA-subchapC.pdf">164.308(b)(3)</reference>
          <reference href="https://www.gpo.gov/fdsys/pkg/CFR-2007-title45-vol1/pdf/CFR-2007-title45-vol1-chapA-subchapC.pdf">164.310(b)</reference>
          <reference href="https://www.gpo.gov/fdsys/pkg/CFR-2007-title45-vol1/pdf/CFR-2007-title45-vol1-chapA-subchapC.pdf">164.312(e)(1)</reference>
          <reference href="https://www.gpo.gov/fdsys/pkg/CFR-2007-title45-vol1/pdf/CFR-2007-title45-vol1-chapA-subchapC.pdf">164.312(e)(2)(ii)</reference>
          <reference href="https://www.isa.org/products/isa-62443-2-1-2009-security-for-industrial-automat">4.3.3.2.2</reference>
          <reference href="https://www.isa.org/products/isa-62443-2-1-2009-security-for-industrial-automat">4.3.3.5.1</reference>
          <reference href="https://www.isa.org/products/isa-62443-2-1-2009-security-for-industrial-automat">4.3.3.5.2</reference>
          <reference href="https://www.isa.org/products/isa-62443-2-1-2009-security-for-industrial-automat">4.3.3.5.3</reference>
          <reference href="https://www.isa.org/products/isa-62443-2-1-2009-security-for-industrial-automat">4.3.3.5.4</reference>
          <reference href="https://www.isa.org/products/isa-62443-2-1-2009-security-for-industrial-automat">4.3.3.5.5</reference>
          <reference href="https://www.isa.org/products/isa-62443-2-1-2009-security-for-industrial-automat">4.3.3.5.6</reference>
          <reference href="https://www.isa.org/products/isa-62443-2-1-2009-security-for-industrial-automat">4.3.3.5.7</reference>
          <reference href="https://www.isa.org/products/isa-62443-2-1-2009-security-for-industrial-automat">4.3.3.5.8</reference>
          <reference href="https://www.isa.org/products/isa-62443-2-1-2009-security-for-industrial-automat">4.3.3.6.1</reference>
          <reference href="https://www.isa.org/products/isa-62443-2-1-2009-security-for-industrial-automat">4.3.3.6.2</reference>
          <reference href="https://www.isa.org/products/isa-62443-2-1-2009-security-for-industrial-automat">4.3.3.6.3</reference>
          <reference href="https://www.isa.org/products/isa-62443-2-1-2009-security-for-industrial-automat">4.3.3.6.4</reference>
          <reference href="https://www.isa.org/products/isa-62443-2-1-2009-security-for-industrial-automat">4.3.3.6.5</reference>
          <reference href="https://www.isa.org/products/isa-62443-2-1-2009-security-for-industrial-automat">4.3.3.6.6</reference>
          <reference href="https://www.isa.org/products/isa-62443-2-1-2009-security-for-industrial-automat">4.3.3.6.7</reference>
          <reference href="https://www.isa.org/products/isa-62443-2-1-2009-security-for-industrial-automat">4.3.3.6.8</reference>
          <reference href="https://www.isa.org/products/isa-62443-2-1-2009-security-for-industrial-automat">4.3.3.6.9</reference>
          <reference href="https://www.isa.org/products/isa-62443-2-1-2009-security-for-industrial-automat">4.3.3.7.1</reference>
          <reference href="https://www.isa.org/products/isa-62443-2-1-2009-security-for-industrial-automat">4.3.3.7.2</reference>
          <reference href="https://www.isa.org/products/isa-62443-2-1-2009-security-for-industrial-automat">4.3.3.7.3</reference>
          <reference href="https://www.isa.org/products/isa-62443-2-1-2009-security-for-industrial-automat">4.3.3.7.4</reference>
          <reference href="https://www.isa.org/products/isa-62443-2-1-2009-security-for-industrial-automat">4.3.4.3.2</reference>
          <reference href="https://www.isa.org/products/isa-62443-2-1-2009-security-for-industrial-automat">4.3.4.3.3</reference>
          <reference href="https://www.isa.org/products/ansi-isa-62443-3-3-99-03-03-2013-security-for-indu">SR 1.1</reference>
          <reference href="https://www.isa.org/products/ansi-isa-62443-3-3-99-03-03-2013-security-for-indu">SR 1.10</reference>
          <reference href="https://www.isa.org/products/ansi-isa-62443-3-3-99-03-03-2013-security-for-indu">SR 1.11</reference>
          <reference href="https://www.isa.org/products/ansi-isa-62443-3-3-99-03-03-2013-security-for-indu">SR 1.12</reference>
          <reference href="https://www.isa.org/products/ansi-isa-62443-3-3-99-03-03-2013-security-for-indu">SR 1.13</reference>
          <reference href="https://www.isa.org/products/ansi-isa-62443-3-3-99-03-03-2013-security-for-indu">SR 1.2</reference>
          <reference href="https://www.isa.org/products/ansi-isa-62443-3-3-99-03-03-2013-security-for-indu">SR 1.3</reference>
          <reference href="https://www.isa.org/products/ansi-isa-62443-3-3-99-03-03-2013-security-for-indu">SR 1.4</reference>
          <reference href="https://www.isa.org/products/ansi-isa-62443-3-3-99-03-03-2013-security-for-indu">SR 1.5</reference>
          <reference href="https://www.isa.org/products/ansi-isa-62443-3-3-99-03-03-2013-security-for-indu">SR 1.6</reference>
          <reference href="https://www.isa.org/products/ansi-isa-62443-3-3-99-03-03-2013-security-for-indu">SR 1.7</reference>
          <reference href="https://www.isa.org/products/ansi-isa-62443-3-3-99-03-03-2013-security-for-indu">SR 1.8</reference>
          <reference href="https://www.isa.org/products/ansi-isa-62443-3-3-99-03-03-2013-security-for-indu">SR 1.9</reference>
          <reference href="https://www.isa.org/products/ansi-isa-62443-3-3-99-03-03-2013-security-for-indu">SR 2.1</reference>
          <reference href="https://www.isa.org/products/ansi-isa-62443-3-3-99-03-03-2013-security-for-indu">SR 2.2</reference>
          <reference href="https://www.isa.org/products/ansi-isa-62443-3-3-99-03-03-2013-security-for-indu">SR 2.3</reference>
          <reference href="https://www.isa.org/products/ansi-isa-62443-3-3-99-03-03-2013-security-for-indu">SR 2.4</reference>
          <reference href="https://www.isa.org/products/ansi-isa-62443-3-3-99-03-03-2013-security-for-indu">SR 2.5</reference>
          <reference href="https://www.isa.org/products/ansi-isa-62443-3-3-99-03-03-2013-security-for-indu">SR 2.6</reference>
          <reference href="https://www.isa.org/products/ansi-isa-62443-3-3-99-03-03-2013-security-for-indu">SR 2.7</reference>
          <reference href="https://www.isa.org/products/ansi-isa-62443-3-3-99-03-03-2013-security-for-indu">SR 7.6</reference>
          <reference href="https://www.cyber.gov.au/acsc/view-all-content/ism">0421</reference>
          <reference href="https://www.cyber.gov.au/acsc/view-all-content/ism">0422</reference>
          <reference href="https://www.cyber.gov.au/acsc/view-all-content/ism">0431</reference>
          <reference href="https://www.cyber.gov.au/acsc/view-all-content/ism">0974</reference>
          <reference href="https://www.cyber.gov.au/acsc/view-all-content/ism">1173</reference>
          <reference href="https://www.cyber.gov.au/acsc/view-all-content/ism">1401</reference>
          <reference href="https://www.cyber.gov.au/acsc/view-all-content/ism">1504</reference>
          <reference href="https://www.cyber.gov.au/acsc/view-all-content/ism">1505</reference>
          <reference href="https://www.cyber.gov.au/acsc/view-all-content/ism">1546</reference>
          <reference href="https://www.cyber.gov.au/acsc/view-all-content/ism">1557</reference>
          <reference href="https://www.cyber.gov.au/acsc/view-all-content/ism">1558</reference>
          <reference href="https://www.cyber.gov.au/acsc/view-all-content/ism">1559</reference>
          <reference href="https://www.cyber.gov.au/acsc/view-all-content/ism">1560</reference>
          <reference href="https://www.cyber.gov.au/acsc/view-all-content/ism">1561</reference>
          <reference href="https://www.iso.org/contents/data/standard/05/45/54534.html">A.12.1.2</reference>
          <reference href="https://www.iso.org/contents/data/standard/05/45/54534.html">A.12.5.1</reference>
          <reference href="https://www.iso.org/contents/data/standard/05/45/54534.html">A.12.6.2</reference>
          <reference href="https://www.iso.org/contents/data/standard/05/45/54534.html">A.14.2.2</reference>
          <reference href="https://www.iso.org/contents/data/standard/05/45/54534.html">A.14.2.3</reference>
          <reference href="https://www.iso.org/contents/data/standard/05/45/54534.html">A.14.2.4</reference>
          <reference href="https://www.iso.org/contents/data/standard/05/45/54534.html">A.6.1.2</reference>
          <reference href="https://www.iso.org/contents/data/standard/05/45/54534.html">A.7.1.1</reference>
          <reference href="https://www.iso.org/contents/data/standard/05/45/54534.html">A.9.1.2</reference>
          <reference href="https://www.iso.org/contents/data/standard/05/45/54534.html">A.9.2.1</reference>
          <reference href="https://www.iso.org/contents/data/standard/05/45/54534.html">A.9.2.3</reference>
          <reference href="https://www.iso.org/contents/data/standard/05/45/54534.html">A.9.4.1</reference>
          <reference href="https://www.iso.org/contents/data/standard/05/45/54534.html">A.9.4.4</reference>
          <reference href="https://www.iso.org/contents/data/standard/05/45/54534.html">A.9.4.5</reference>
          <reference href="https://www.nerc.com/pa/Stand/AlignRep/One%20Stop%20Shop.xlsx">CIP-003-8 R5.1.1</reference>
          <reference href="https://www.nerc.com/pa/Stand/AlignRep/One%20Stop%20Shop.xlsx">CIP-003-8 R5.3</reference>
          <reference href="https://www.nerc.com/pa/Stand/AlignRep/One%20Stop%20Shop.xlsx">CIP-004-6 R2.2.3</reference>
          <reference href="https://www.nerc.com/pa/Stand/AlignRep/One%20Stop%20Shop.xlsx">CIP-004-6 R2.3</reference>
          <reference href="https://www.nerc.com/pa/Stand/AlignRep/One%20Stop%20Shop.xlsx">CIP-007-3 R5.1</reference>
          <reference href="https://www.nerc.com/pa/Stand/AlignRep/One%20Stop%20Shop.xlsx">CIP-007-3 R5.1.2</reference>
          <reference href="https://www.nerc.com/pa/Stand/AlignRep/One%20Stop%20Shop.xlsx">CIP-007-3 R5.2</reference>
          <reference href="https://www.nerc.com/pa/Stand/AlignRep/One%20Stop%20Shop.xlsx">CIP-007-3 R5.3.1</reference>
          <reference href="https://www.nerc.com/pa/Stand/AlignRep/One%20Stop%20Shop.xlsx">CIP-007-3 R5.3.2</reference>
          <reference href="https://www.nerc.com/pa/Stand/AlignRep/One%20Stop%20Shop.xlsx">CIP-007-3 R5.3.3</reference>
          <reference href="http://nvlpubs.nist.gov/nistpubs/SpecialPublications/NIST.SP.800-53r4.pdf">AC-3</reference>
          <reference href="http://nvlpubs.nist.gov/nistpubs/SpecialPublications/NIST.SP.800-53r4.pdf">AC-17(a)</reference>
          <reference href="http://nvlpubs.nist.gov/nistpubs/SpecialPublications/NIST.SP.800-53r4.pdf">CM-7(a)</reference>
          <reference href="http://nvlpubs.nist.gov/nistpubs/SpecialPublications/NIST.SP.800-53r4.pdf">CM-7(b)</reference>
          <reference href="http://nvlpubs.nist.gov/nistpubs/SpecialPublications/NIST.SP.800-53r4.pdf">CM-6(a)</reference>
          <reference href="https://nvlpubs.nist.gov/nistpubs/CSWP/NIST.CSWP.04162018.pdf">PR.AC-4</reference>
          <reference href="https://nvlpubs.nist.gov/nistpubs/CSWP/NIST.CSWP.04162018.pdf">PR.AC-6</reference>
          <reference href="https://nvlpubs.nist.gov/nistpubs/CSWP/NIST.CSWP.04162018.pdf">PR.IP-1</reference>
          <reference href="https://nvlpubs.nist.gov/nistpubs/CSWP/NIST.CSWP.04162018.pdf">PR.PT-3</reference>
          <reference href="https://www.niap-ccevs.org/Profile/PP.cfm">FIA_UAU.1</reference>
          <reference href="https://public.cyber.mil/stigs/downloads/?_dl_facet_stigs=operating-systems%2Cgeneral-purpose-os">SRG-OS-000480-GPOS-00229</reference>
          <reference href="https://www.cisecurity.org/benchmark/ubuntu_linux/">5.1.10</reference>
          <reference href="https://docs-prv.pcisecuritystandards.org/PCI%20DSS/Standard/PCI-DSS-v4_0.pdf">8.3.1</reference>
          <reference href="https://docs-prv.pcisecuritystandards.org/PCI%20DSS/Standard/PCI-DSS-v4_0.pdf">8.3</reference>
          <rationale xmlns:xhtml="http://www.w3.org/1999/xhtml" xml:lang="en-US">SSH trust relationships mean a compromise on one host
can allow an attacker to move trivially to other hosts.</rationale>
          <fix xmlns:xhtml="http://www.w3.org/1999/xhtml" id="disable_host_auth" system="urn:xccdf:fix:script:ansible" complexity="low" disruption="low" strategy="restrict">- name: Gather the package facts
  package_facts:
    manager: auto
  tags:
  - CJIS-5.5.6
  - NIST-800-171-3.1.12
  - NIST-800-53-AC-17(a)
  - NIST-800-53-AC-3
  - NIST-800-53-CM-6(a)
  - NIST-800-53-CM-7(a)
  - NIST-800-53-CM-7(b)
  - PCI-DSSv4-8.3
  - PCI-DSSv4-8.3.1
  - disable_host_auth
  - low_complexity
  - low_disruption
  - medium_severity
  - no_reboot_needed
  - restrict_strategy

- name: Disable Host-Based Authentication
  block:

  - name: Deduplicate values from /etc/ssh/sshd_config
    lineinfile:
      path: /etc/ssh/sshd_config
      create: false
      regexp: (?i)(?i)^\s*{{ "HostbasedAuthentication"| regex_escape }}\s+
      state: absent

  - name: Check if /etc/ssh/sshd_config.d exists
    stat:
      path: /etc/ssh/sshd_config.d
    register: _etc_ssh_sshd_config_d_exists

  - name: Check if the parameter HostbasedAuthentication is present in /etc/ssh/sshd_config.d
    find:
      paths: /etc/ssh/sshd_config.d
      recurse: 'yes'
      follow: 'no'
      contains: (?i)^\s*{{ "HostbasedAuthentication"| regex_escape }}\s+
    register: _etc_ssh_sshd_config_d_has_parameter
    when: _etc_ssh_sshd_config_d_exists.stat.isdir is defined and _etc_ssh_sshd_config_d_exists.stat.isdir

  - name: Remove parameter from files in /etc/ssh/sshd_config.d
    lineinfile:
      path: '{{ item.path }}'
      create: false
      regexp: (?i)(?i)^\s*{{ "HostbasedAuthentication"| regex_escape }}\s+
      state: absent
    with_items: '{{ _etc_ssh_sshd_config_d_has_parameter.files }}'
    when: _etc_ssh_sshd_config_d_has_parameter.matched

  - name: Insert correct line to /etc/ssh/sshd_config.d/01-complianceascode-reinforce-os-defaults.conf
    lineinfile:
      path: /etc/ssh/sshd_config.d/01-complianceascode-reinforce-os-defaults.conf
      create: true
      regexp: (?i)(?i)^\s*{{ "HostbasedAuthentication"| regex_escape }}\s+
      line: HostbasedAuthentication no
      state: present
      insertbefore: BOF
      validate: /usr/sbin/sshd -t -f %s
  when: '"linux-base" in ansible_facts.packages'
  tags:
  - CJIS-5.5.6
  - NIST-800-171-3.1.12
  - NIST-800-53-AC-17(a)
  - NIST-800-53-AC-3
  - NIST-800-53-CM-6(a)
  - NIST-800-53-CM-7(a)
  - NIST-800-53-CM-7(b)
  - PCI-DSSv4-8.3
  - PCI-DSSv4-8.3.1
  - disable_host_auth
  - low_complexity
  - low_disruption
  - medium_severity
  - no_reboot_needed
  - restrict_strategy

- name: Disable Host-Based Authentication - set file mode for /etc/ssh/sshd_config.d/01-complianceascode-reinforce-os-defaults.conf
  ansible.builtin.file:
    path: /etc/ssh/sshd_config.d/01-complianceascode-reinforce-os-defaults.conf
    mode: '0600'
  when: '"linux-base" in ansible_facts.packages'
  tags:
  - CJIS-5.5.6
  - NIST-800-171-3.1.12
  - NIST-800-53-AC-17(a)
  - NIST-800-53-AC-3
  - NIST-800-53-CM-6(a)
  - NIST-800-53-CM-7(a)
  - NIST-800-53-CM-7(b)
  - PCI-DSSv4-8.3
  - PCI-DSSv4-8.3.1
  - disable_host_auth
  - low_complexity
  - low_disruption
  - medium_severity
  - no_reboot_needed
  - restrict_strategy
</fix>
          <fix xmlns:xhtml="http://www.w3.org/1999/xhtml" id="disable_host_auth" system="urn:xccdf:fix:script:sh" complexity="low" disruption="low" strategy="restrict"># Remediation is applicable only in certain platforms
if dpkg-query --show --showformat='${db:Status-Status}
' 'linux-base' 2&gt;/dev/null | grep -q ^installed; then

mkdir -p /etc/ssh/sshd_config.d
touch /etc/ssh/sshd_config.d/01-complianceascode-reinforce-os-defaults.conf
chmod 0600 /etc/ssh/sshd_config.d/01-complianceascode-reinforce-os-defaults.conf

LC_ALL=C sed -i "/^\s*HostbasedAuthentication\s\+/Id" "/etc/ssh/sshd_config"
LC_ALL=C sed -i "/^\s*HostbasedAuthentication\s\+/Id" "/etc/ssh/sshd_config.d"/*.conf
if [ -e "/etc/ssh/sshd_config.d/01-complianceascode-reinforce-os-defaults.conf" ] ; then
    
    LC_ALL=C sed -i "/^\s*HostbasedAuthentication\s\+/Id" "/etc/ssh/sshd_config.d/01-complianceascode-reinforce-os-defaults.conf"
else
    touch "/etc/ssh/sshd_config.d/01-complianceascode-reinforce-os-defaults.conf"
fi
# make sure file has newline at the end
sed -i -e '$a\' "/etc/ssh/sshd_config.d/01-complianceascode-reinforce-os-defaults.conf"

cp "/etc/ssh/sshd_config.d/01-complianceascode-reinforce-os-defaults.conf" "/etc/ssh/sshd_config.d/01-complianceascode-reinforce-os-defaults.conf.bak"
# Insert at the beginning of the file
printf '%s\n' "HostbasedAuthentication no" &gt; "/etc/ssh/sshd_config.d/01-complianceascode-reinforce-os-defaults.conf"
cat "/etc/ssh/sshd_config.d/01-complianceascode-reinforce-os-defaults.conf.bak" &gt;&gt; "/etc/ssh/sshd_config.d/01-complianceascode-reinforce-os-defaults.conf"
# Clean up after ourselves.
rm "/etc/ssh/sshd_config.d/01-complianceascode-reinforce-os-defaults.conf.bak"

else
    &gt;&amp;2 echo 'Remediation is not applicable, nothing was done'
fi
</fix>
          <check system="http://oval.mitre.org/XMLSchema/oval-definitions-5">
            <check-export export-name="oval:ssg-sshd_required:var:1" value-id="xccdf_org.ssgproject.content_value_sshd_required"/>
            <check-content-ref name="oval:ssg-disable_host_auth:def:1" href="ssg-ubuntu2404-oval.xml"/>
          </check>
          <check system="http://scap.nist.gov/schema/ocil/2">
            <check-content-ref name="ocil:ssg-disable_host_auth_ocil:questionnaire:1" href="ssg-ubuntu2404-ocil.xml"/>
          </check>
        </Rule>
        <Rule id="xccdf_org.ssgproject.content_rule_sshd_disable_empty_passwords" selected="false" role="full" severity="high">
          <title xmlns:xhtml="http://www.w3.org/1999/xhtml" xml:lang="en-US">Disable SSH Access via Empty Passwords</title>
          <description xmlns:xhtml="http://www.w3.org/1999/xhtml" xml:lang="en-US">Disallow SSH login with empty passwords.
The default SSH configuration disables logins with empty passwords. The appropriate
configuration is used if no value is set for <html:code xmlns:html="http://www.w3.org/1999/xhtml">PermitEmptyPasswords</html:code>.
<html:br xmlns:html="http://www.w3.org/1999/xhtml"/>
To explicitly disallow SSH login from accounts with empty passwords,
add or correct the following line in


<html:code xmlns:html="http://www.w3.org/1999/xhtml">/etc/ssh/sshd_config.d/00-complianceascode-hardening.conf</html:code>:

<html:br xmlns:html="http://www.w3.org/1999/xhtml"/>
        <html:pre xmlns:html="http://www.w3.org/1999/xhtml">PermitEmptyPasswords no</html:pre>
Any accounts with empty passwords should be disabled immediately, and PAM configuration
should prevent users from being able to assign themselves empty passwords.</description>
          <reference href="https://www.cisecurity.org/controls/">11</reference>
          <reference href="https://www.cisecurity.org/controls/">12</reference>
          <reference href="https://www.cisecurity.org/controls/">13</reference>
          <reference href="https://www.cisecurity.org/controls/">14</reference>
          <reference href="https://www.cisecurity.org/controls/">15</reference>
          <reference href="https://www.cisecurity.org/controls/">16</reference>
          <reference href="https://www.cisecurity.org/controls/">18</reference>
          <reference href="https://www.cisecurity.org/controls/">3</reference>
          <reference href="https://www.cisecurity.org/controls/">5</reference>
          <reference href="https://www.cisecurity.org/controls/">9</reference>
          <reference href="https://www.fbi.gov/file-repository/cjis-security-policy-v5_5_20160601-2-1.pdf">5.5.6</reference>
          <reference href="https://www.isaca.org/resources/cobit">APO01.06</reference>
          <reference href="https://www.isaca.org/resources/cobit">BAI10.01</reference>
          <reference href="https://www.isaca.org/resources/cobit">BAI10.02</reference>
          <reference href="https://www.isaca.org/resources/cobit">BAI10.03</reference>
          <reference href="https://www.isaca.org/resources/cobit">BAI10.05</reference>
          <reference href="https://www.isaca.org/resources/cobit">DSS05.02</reference>
          <reference href="https://www.isaca.org/resources/cobit">DSS05.04</reference>
          <reference href="https://www.isaca.org/resources/cobit">DSS05.05</reference>
          <reference href="https://www.isaca.org/resources/cobit">DSS05.07</reference>
          <reference href="https://www.isaca.org/resources/cobit">DSS06.02</reference>
          <reference href="https://www.isaca.org/resources/cobit">DSS06.03</reference>
          <reference href="https://www.isaca.org/resources/cobit">DSS06.06</reference>
          <reference href="http://nvlpubs.nist.gov/nistpubs/SpecialPublications/NIST.SP.800-171.pdf">3.1.1</reference>
          <reference href="http://nvlpubs.nist.gov/nistpubs/SpecialPublications/NIST.SP.800-171.pdf">3.1.5</reference>
          <reference href="https://public.cyber.mil/stigs/cci/">CCI-000766</reference>
          <reference href="https://public.cyber.mil/stigs/cci/">CCI-000366</reference>
          <reference href="https://www.gpo.gov/fdsys/pkg/CFR-2007-title45-vol1/pdf/CFR-2007-title45-vol1-chapA-subchapC.pdf">164.308(a)(4)(i)</reference>
          <reference href="https://www.gpo.gov/fdsys/pkg/CFR-2007-title45-vol1/pdf/CFR-2007-title45-vol1-chapA-subchapC.pdf">164.308(b)(1)</reference>
          <reference href="https://www.gpo.gov/fdsys/pkg/CFR-2007-title45-vol1/pdf/CFR-2007-title45-vol1-chapA-subchapC.pdf">164.308(b)(3)</reference>
          <reference href="https://www.gpo.gov/fdsys/pkg/CFR-2007-title45-vol1/pdf/CFR-2007-title45-vol1-chapA-subchapC.pdf">164.310(b)</reference>
          <reference href="https://www.gpo.gov/fdsys/pkg/CFR-2007-title45-vol1/pdf/CFR-2007-title45-vol1-chapA-subchapC.pdf">164.312(e)(1)</reference>
          <reference href="https://www.gpo.gov/fdsys/pkg/CFR-2007-title45-vol1/pdf/CFR-2007-title45-vol1-chapA-subchapC.pdf">164.312(e)(2)(ii)</reference>
          <reference href="https://www.isa.org/products/isa-62443-2-1-2009-security-for-industrial-automat">4.3.3.2.2</reference>
          <reference href="https://www.isa.org/products/isa-62443-2-1-2009-security-for-industrial-automat">4.3.3.5.1</reference>
          <reference href="https://www.isa.org/products/isa-62443-2-1-2009-security-for-industrial-automat">4.3.3.5.2</reference>
          <reference href="https://www.isa.org/products/isa-62443-2-1-2009-security-for-industrial-automat">4.3.3.5.3</reference>
          <reference href="https://www.isa.org/products/isa-62443-2-1-2009-security-for-industrial-automat">4.3.3.5.4</reference>
          <reference href="https://www.isa.org/products/isa-62443-2-1-2009-security-for-industrial-automat">4.3.3.5.5</reference>
          <reference href="https://www.isa.org/products/isa-62443-2-1-2009-security-for-industrial-automat">4.3.3.5.6</reference>
          <reference href="https://www.isa.org/products/isa-62443-2-1-2009-security-for-industrial-automat">4.3.3.5.7</reference>
          <reference href="https://www.isa.org/products/isa-62443-2-1-2009-security-for-industrial-automat">4.3.3.5.8</reference>
          <reference href="https://www.isa.org/products/isa-62443-2-1-2009-security-for-industrial-automat">4.3.3.6.1</reference>
          <reference href="https://www.isa.org/products/isa-62443-2-1-2009-security-for-industrial-automat">4.3.3.6.2</reference>
          <reference href="https://www.isa.org/products/isa-62443-2-1-2009-security-for-industrial-automat">4.3.3.6.3</reference>
          <reference href="https://www.isa.org/products/isa-62443-2-1-2009-security-for-industrial-automat">4.3.3.6.4</reference>
          <reference href="https://www.isa.org/products/isa-62443-2-1-2009-security-for-industrial-automat">4.3.3.6.5</reference>
          <reference href="https://www.isa.org/products/isa-62443-2-1-2009-security-for-industrial-automat">4.3.3.6.6</reference>
          <reference href="https://www.isa.org/products/isa-62443-2-1-2009-security-for-industrial-automat">4.3.3.6.7</reference>
          <reference href="https://www.isa.org/products/isa-62443-2-1-2009-security-for-industrial-automat">4.3.3.6.8</reference>
          <reference href="https://www.isa.org/products/isa-62443-2-1-2009-security-for-industrial-automat">4.3.3.6.9</reference>
          <reference href="https://www.isa.org/products/isa-62443-2-1-2009-security-for-industrial-automat">4.3.3.7.1</reference>
          <reference href="https://www.isa.org/products/isa-62443-2-1-2009-security-for-industrial-automat">4.3.3.7.2</reference>
          <reference href="https://www.isa.org/products/isa-62443-2-1-2009-security-for-industrial-automat">4.3.3.7.3</reference>
          <reference href="https://www.isa.org/products/isa-62443-2-1-2009-security-for-industrial-automat">4.3.3.7.4</reference>
          <reference href="https://www.isa.org/products/isa-62443-2-1-2009-security-for-industrial-automat">4.3.4.3.2</reference>
          <reference href="https://www.isa.org/products/isa-62443-2-1-2009-security-for-industrial-automat">4.3.4.3.3</reference>
          <reference href="https://www.isa.org/products/ansi-isa-62443-3-3-99-03-03-2013-security-for-indu">SR 1.1</reference>
          <reference href="https://www.isa.org/products/ansi-isa-62443-3-3-99-03-03-2013-security-for-indu">SR 1.10</reference>
          <reference href="https://www.isa.org/products/ansi-isa-62443-3-3-99-03-03-2013-security-for-indu">SR 1.11</reference>
          <reference href="https://www.isa.org/products/ansi-isa-62443-3-3-99-03-03-2013-security-for-indu">SR 1.12</reference>
          <reference href="https://www.isa.org/products/ansi-isa-62443-3-3-99-03-03-2013-security-for-indu">SR 1.13</reference>
          <reference href="https://www.isa.org/products/ansi-isa-62443-3-3-99-03-03-2013-security-for-indu">SR 1.2</reference>
          <reference href="https://www.isa.org/products/ansi-isa-62443-3-3-99-03-03-2013-security-for-indu">SR 1.3</reference>
          <reference href="https://www.isa.org/products/ansi-isa-62443-3-3-99-03-03-2013-security-for-indu">SR 1.4</reference>
          <reference href="https://www.isa.org/products/ansi-isa-62443-3-3-99-03-03-2013-security-for-indu">SR 1.5</reference>
          <reference href="https://www.isa.org/products/ansi-isa-62443-3-3-99-03-03-2013-security-for-indu">SR 1.6</reference>
          <reference href="https://www.isa.org/products/ansi-isa-62443-3-3-99-03-03-2013-security-for-indu">SR 1.7</reference>
          <reference href="https://www.isa.org/products/ansi-isa-62443-3-3-99-03-03-2013-security-for-indu">SR 1.8</reference>
          <reference href="https://www.isa.org/products/ansi-isa-62443-3-3-99-03-03-2013-security-for-indu">SR 1.9</reference>
          <reference href="https://www.isa.org/products/ansi-isa-62443-3-3-99-03-03-2013-security-for-indu">SR 2.1</reference>
          <reference href="https://www.isa.org/products/ansi-isa-62443-3-3-99-03-03-2013-security-for-indu">SR 2.2</reference>
          <reference href="https://www.isa.org/products/ansi-isa-62443-3-3-99-03-03-2013-security-for-indu">SR 2.3</reference>
          <reference href="https://www.isa.org/products/ansi-isa-62443-3-3-99-03-03-2013-security-for-indu">SR 2.4</reference>
          <reference href="https://www.isa.org/products/ansi-isa-62443-3-3-99-03-03-2013-security-for-indu">SR 2.5</reference>
          <reference href="https://www.isa.org/products/ansi-isa-62443-3-3-99-03-03-2013-security-for-indu">SR 2.6</reference>
          <reference href="https://www.isa.org/products/ansi-isa-62443-3-3-99-03-03-2013-security-for-indu">SR 2.7</reference>
          <reference href="https://www.isa.org/products/ansi-isa-62443-3-3-99-03-03-2013-security-for-indu">SR 5.2</reference>
          <reference href="https://www.isa.org/products/ansi-isa-62443-3-3-99-03-03-2013-security-for-indu">SR 7.6</reference>
          <reference href="https://www.iso.org/contents/data/standard/05/45/54534.html">A.10.1.1</reference>
          <reference href="https://www.iso.org/contents/data/standard/05/45/54534.html">A.11.1.4</reference>
          <reference href="https://www.iso.org/contents/data/standard/05/45/54534.html">A.11.1.5</reference>
          <reference href="https://www.iso.org/contents/data/standard/05/45/54534.html">A.11.2.1</reference>
          <reference href="https://www.iso.org/contents/data/standard/05/45/54534.html">A.12.1.2</reference>
          <reference href="https://www.iso.org/contents/data/standard/05/45/54534.html">A.12.5.1</reference>
          <reference href="https://www.iso.org/contents/data/standard/05/45/54534.html">A.12.6.2</reference>
          <reference href="https://www.iso.org/contents/data/standard/05/45/54534.html">A.13.1.1</reference>
          <reference href="https://www.iso.org/contents/data/standard/05/45/54534.html">A.13.1.3</reference>
          <reference href="https://www.iso.org/contents/data/standard/05/45/54534.html">A.13.2.1</reference>
          <reference href="https://www.iso.org/contents/data/standard/05/45/54534.html">A.13.2.3</reference>
          <reference href="https://www.iso.org/contents/data/standard/05/45/54534.html">A.13.2.4</reference>
          <reference href="https://www.iso.org/contents/data/standard/05/45/54534.html">A.14.1.2</reference>
          <reference href="https://www.iso.org/contents/data/standard/05/45/54534.html">A.14.1.3</reference>
          <reference href="https://www.iso.org/contents/data/standard/05/45/54534.html">A.14.2.2</reference>
          <reference href="https://www.iso.org/contents/data/standard/05/45/54534.html">A.14.2.3</reference>
          <reference href="https://www.iso.org/contents/data/standard/05/45/54534.html">A.14.2.4</reference>
          <reference href="https://www.iso.org/contents/data/standard/05/45/54534.html">A.6.1.2</reference>
          <reference href="https://www.iso.org/contents/data/standard/05/45/54534.html">A.7.1.1</reference>
          <reference href="https://www.iso.org/contents/data/standard/05/45/54534.html">A.7.1.2</reference>
          <reference href="https://www.iso.org/contents/data/standard/05/45/54534.html">A.7.3.1</reference>
          <reference href="https://www.iso.org/contents/data/standard/05/45/54534.html">A.8.2.2</reference>
          <reference href="https://www.iso.org/contents/data/standard/05/45/54534.html">A.8.2.3</reference>
          <reference href="https://www.iso.org/contents/data/standard/05/45/54534.html">A.9.1.1</reference>
          <reference href="https://www.iso.org/contents/data/standard/05/45/54534.html">A.9.1.2</reference>
          <reference href="https://www.iso.org/contents/data/standard/05/45/54534.html">A.9.2.1</reference>
          <reference href="https://www.iso.org/contents/data/standard/05/45/54534.html">A.9.2.3</reference>
          <reference href="https://www.iso.org/contents/data/standard/05/45/54534.html">A.9.4.1</reference>
          <reference href="https://www.iso.org/contents/data/standard/05/45/54534.html">A.9.4.4</reference>
          <reference href="https://www.iso.org/contents/data/standard/05/45/54534.html">A.9.4.5</reference>
          <reference href="http://nvlpubs.nist.gov/nistpubs/SpecialPublications/NIST.SP.800-53r4.pdf">AC-17(a)</reference>
          <reference href="http://nvlpubs.nist.gov/nistpubs/SpecialPublications/NIST.SP.800-53r4.pdf">CM-7(a)</reference>
          <reference href="http://nvlpubs.nist.gov/nistpubs/SpecialPublications/NIST.SP.800-53r4.pdf">CM-7(b)</reference>
          <reference href="http://nvlpubs.nist.gov/nistpubs/SpecialPublications/NIST.SP.800-53r4.pdf">CM-6(a)</reference>
          <reference href="https://nvlpubs.nist.gov/nistpubs/CSWP/NIST.CSWP.04162018.pdf">PR.AC-4</reference>
          <reference href="https://nvlpubs.nist.gov/nistpubs/CSWP/NIST.CSWP.04162018.pdf">PR.AC-6</reference>
          <reference href="https://nvlpubs.nist.gov/nistpubs/CSWP/NIST.CSWP.04162018.pdf">PR.DS-5</reference>
          <reference href="https://nvlpubs.nist.gov/nistpubs/CSWP/NIST.CSWP.04162018.pdf">PR.IP-1</reference>
          <reference href="https://nvlpubs.nist.gov/nistpubs/CSWP/NIST.CSWP.04162018.pdf">PR.PT-3</reference>
          <reference href="https://www.niap-ccevs.org/Profile/PP.cfm">FIA_UAU.1</reference>
          <reference href="https://www.pcisecuritystandards.org/documents/PCI_DSS_v3-2-1.pdf">Req-2.2.4</reference>
          <reference href="https://public.cyber.mil/stigs/downloads/?_dl_facet_stigs=operating-systems%2Cgeneral-purpose-os">SRG-OS-000106-GPOS-00053</reference>
          <reference href="https://public.cyber.mil/stigs/downloads/?_dl_facet_stigs=operating-systems%2Cgeneral-purpose-os">SRG-OS-000480-GPOS-00229</reference>
          <reference href="https://public.cyber.mil/stigs/downloads/?_dl_facet_stigs=operating-systems%2Cgeneral-purpose-os">SRG-OS-000480-GPOS-00227</reference>
          <reference href="https://www.cisecurity.org/benchmark/ubuntu_linux/">5.1.19</reference>
          <reference href="https://docs-prv.pcisecuritystandards.org/PCI%20DSS/Standard/PCI-DSS-v4_0.pdf">2.2.6</reference>
          <reference href="https://docs-prv.pcisecuritystandards.org/PCI%20DSS/Standard/PCI-DSS-v4_0.pdf">2.2</reference>
          <rationale xmlns:xhtml="http://www.w3.org/1999/xhtml" xml:lang="en-US">Configuring this setting for the SSH daemon provides additional assurance
that remote login via SSH will require a password, even in the event of
misconfiguration elsewhere.</rationale>
          <fix xmlns:xhtml="http://www.w3.org/1999/xhtml" id="sshd_disable_empty_passwords" system="urn:xccdf:fix:script:ansible" complexity="low" disruption="low" strategy="restrict">- name: Gather the package facts
  package_facts:
    manager: auto
  tags:
  - CJIS-5.5.6
  - NIST-800-171-3.1.1
  - NIST-800-171-3.1.5
  - NIST-800-53-AC-17(a)
  - NIST-800-53-CM-6(a)
  - NIST-800-53-CM-7(a)
  - NIST-800-53-CM-7(b)
  - PCI-DSS-Req-2.2.4
  - PCI-DSSv4-2.2
  - PCI-DSSv4-2.2.6
  - high_severity
  - low_complexity
  - low_disruption
  - no_reboot_needed
  - restrict_strategy
  - sshd_disable_empty_passwords

- name: Disable SSH Access via Empty Passwords
  block:

  - name: Deduplicate values from /etc/ssh/sshd_config
    lineinfile:
      path: /etc/ssh/sshd_config
      create: false
      regexp: (?i)(?i)^\s*{{ "PermitEmptyPasswords"| regex_escape }}\s+
      state: absent

  - name: Check if /etc/ssh/sshd_config.d exists
    stat:
      path: /etc/ssh/sshd_config.d
    register: _etc_ssh_sshd_config_d_exists

  - name: Check if the parameter PermitEmptyPasswords is present in /etc/ssh/sshd_config.d
    find:
      paths: /etc/ssh/sshd_config.d
      recurse: 'yes'
      follow: 'no'
      contains: (?i)^\s*{{ "PermitEmptyPasswords"| regex_escape }}\s+
    register: _etc_ssh_sshd_config_d_has_parameter
    when: _etc_ssh_sshd_config_d_exists.stat.isdir is defined and _etc_ssh_sshd_config_d_exists.stat.isdir

  - name: Remove parameter from files in /etc/ssh/sshd_config.d
    lineinfile:
      path: '{{ item.path }}'
      create: false
      regexp: (?i)(?i)^\s*{{ "PermitEmptyPasswords"| regex_escape }}\s+
      state: absent
    with_items: '{{ _etc_ssh_sshd_config_d_has_parameter.files }}'
    when: _etc_ssh_sshd_config_d_has_parameter.matched

  - name: Insert correct line to /etc/ssh/sshd_config.d/01-complianceascode-reinforce-os-defaults.conf
    lineinfile:
      path: /etc/ssh/sshd_config.d/01-complianceascode-reinforce-os-defaults.conf
      create: true
      regexp: (?i)(?i)^\s*{{ "PermitEmptyPasswords"| regex_escape }}\s+
      line: PermitEmptyPasswords no
      state: present
      insertbefore: BOF
      validate: /usr/sbin/sshd -t -f %s
  when: '"linux-base" in ansible_facts.packages'
  tags:
  - CJIS-5.5.6
  - NIST-800-171-3.1.1
  - NIST-800-171-3.1.5
  - NIST-800-53-AC-17(a)
  - NIST-800-53-CM-6(a)
  - NIST-800-53-CM-7(a)
  - NIST-800-53-CM-7(b)
  - PCI-DSS-Req-2.2.4
  - PCI-DSSv4-2.2
  - PCI-DSSv4-2.2.6
  - high_severity
  - low_complexity
  - low_disruption
  - no_reboot_needed
  - restrict_strategy
  - sshd_disable_empty_passwords

- name: Disable SSH Access via Empty Passwords - set file mode for /etc/ssh/sshd_config.d/01-complianceascode-reinforce-os-defaults.conf
  ansible.builtin.file:
    path: /etc/ssh/sshd_config.d/01-complianceascode-reinforce-os-defaults.conf
    mode: '0600'
  when: '"linux-base" in ansible_facts.packages'
  tags:
  - CJIS-5.5.6
  - NIST-800-171-3.1.1
  - NIST-800-171-3.1.5
  - NIST-800-53-AC-17(a)
  - NIST-800-53-CM-6(a)
  - NIST-800-53-CM-7(a)
  - NIST-800-53-CM-7(b)
  - PCI-DSS-Req-2.2.4
  - PCI-DSSv4-2.2
  - PCI-DSSv4-2.2.6
  - high_severity
  - low_complexity
  - low_disruption
  - no_reboot_needed
  - restrict_strategy
  - sshd_disable_empty_passwords
</fix>
          <fix xmlns:xhtml="http://www.w3.org/1999/xhtml" id="sshd_disable_empty_passwords" system="urn:xccdf:fix:script:sh" complexity="low" disruption="low" strategy="restrict"># Remediation is applicable only in certain platforms
if dpkg-query --show --showformat='${db:Status-Status}
' 'linux-base' 2&gt;/dev/null | grep -q ^installed; then

mkdir -p /etc/ssh/sshd_config.d
touch /etc/ssh/sshd_config.d/01-complianceascode-reinforce-os-defaults.conf
chmod 0600 /etc/ssh/sshd_config.d/01-complianceascode-reinforce-os-defaults.conf

LC_ALL=C sed -i "/^\s*PermitEmptyPasswords\s\+/Id" "/etc/ssh/sshd_config"
LC_ALL=C sed -i "/^\s*PermitEmptyPasswords\s\+/Id" "/etc/ssh/sshd_config.d"/*.conf
if [ -e "/etc/ssh/sshd_config.d/01-complianceascode-reinforce-os-defaults.conf" ] ; then
    
    LC_ALL=C sed -i "/^\s*PermitEmptyPasswords\s\+/Id" "/etc/ssh/sshd_config.d/01-complianceascode-reinforce-os-defaults.conf"
else
    touch "/etc/ssh/sshd_config.d/01-complianceascode-reinforce-os-defaults.conf"
fi
# make sure file has newline at the end
sed -i -e '$a\' "/etc/ssh/sshd_config.d/01-complianceascode-reinforce-os-defaults.conf"

cp "/etc/ssh/sshd_config.d/01-complianceascode-reinforce-os-defaults.conf" "/etc/ssh/sshd_config.d/01-complianceascode-reinforce-os-defaults.conf.bak"
# Insert at the beginning of the file
printf '%s\n' "PermitEmptyPasswords no" &gt; "/etc/ssh/sshd_config.d/01-complianceascode-reinforce-os-defaults.conf"
cat "/etc/ssh/sshd_config.d/01-complianceascode-reinforce-os-defaults.conf.bak" &gt;&gt; "/etc/ssh/sshd_config.d/01-complianceascode-reinforce-os-defaults.conf"
# Clean up after ourselves.
rm "/etc/ssh/sshd_config.d/01-complianceascode-reinforce-os-defaults.conf.bak"

else
    &gt;&amp;2 echo 'Remediation is not applicable, nothing was done'
fi
</fix>
          <check system="http://oval.mitre.org/XMLSchema/oval-definitions-5">
            <check-export export-name="oval:ssg-sshd_required:var:1" value-id="xccdf_org.ssgproject.content_value_sshd_required"/>
            <check-content-ref name="oval:ssg-sshd_disable_empty_passwords:def:1" href="ssg-ubuntu2404-oval.xml"/>
          </check>
          <check system="http://scap.nist.gov/schema/ocil/2">
            <check-content-ref name="ocil:ssg-sshd_disable_empty_passwords_ocil:questionnaire:1" href="ssg-ubuntu2404-ocil.xml"/>
          </check>
        </Rule>
        <Rule id="xccdf_org.ssgproject.content_rule_sshd_disable_forwarding" selected="false" role="full" severity="medium">
          <title xmlns:xhtml="http://www.w3.org/1999/xhtml" xml:lang="en-US">Disable SSH Forwarding</title>
          <description xmlns:xhtml="http://www.w3.org/1999/xhtml" xml:lang="en-US">The DisableForwarding parameter disables all forwarding features, </description>
          <reference href="https://www.cisecurity.org/benchmark/ubuntu_linux/">5.1.8</reference>
          <rationale xmlns:xhtml="http://www.w3.org/1999/xhtml" xml:lang="en-US">Disable ssh forwarding unless there is an operational requirement to use it. 
Leaving port forwarding enabled can expose the organization to security risks.</rationale>
          <fix xmlns:xhtml="http://www.w3.org/1999/xhtml" id="sshd_disable_forwarding" system="urn:xccdf:fix:script:ansible" complexity="low" disruption="low" strategy="restrict">- name: Gather the package facts
  package_facts:
    manager: auto
  tags:
  - low_complexity
  - low_disruption
  - medium_severity
  - no_reboot_needed
  - restrict_strategy
  - sshd_disable_forwarding

- name: Disable SSH Forwarding
  block:

  - name: Deduplicate values from /etc/ssh/sshd_config
    lineinfile:
      path: /etc/ssh/sshd_config
      create: false
      regexp: (?i)(?i)^\s*{{ "DisableForwarding"| regex_escape }}\s+
      state: absent

  - name: Check if /etc/ssh/sshd_config.d exists
    stat:
      path: /etc/ssh/sshd_config.d
    register: _etc_ssh_sshd_config_d_exists

  - name: Check if the parameter DisableForwarding is present in /etc/ssh/sshd_config.d
    find:
      paths: /etc/ssh/sshd_config.d
      recurse: 'yes'
      follow: 'no'
      contains: (?i)^\s*{{ "DisableForwarding"| regex_escape }}\s+
    register: _etc_ssh_sshd_config_d_has_parameter
    when: _etc_ssh_sshd_config_d_exists.stat.isdir is defined and _etc_ssh_sshd_config_d_exists.stat.isdir

  - name: Remove parameter from files in /etc/ssh/sshd_config.d
    lineinfile:
      path: '{{ item.path }}'
      create: false
      regexp: (?i)(?i)^\s*{{ "DisableForwarding"| regex_escape }}\s+
      state: absent
    with_items: '{{ _etc_ssh_sshd_config_d_has_parameter.files }}'
    when: _etc_ssh_sshd_config_d_has_parameter.matched

  - name: Insert correct line to /etc/ssh/sshd_config.d/00-complianceascode-hardening.conf
    lineinfile:
      path: /etc/ssh/sshd_config.d/00-complianceascode-hardening.conf
      create: true
      regexp: (?i)(?i)^\s*{{ "DisableForwarding"| regex_escape }}\s+
      line: DisableForwarding yes
      state: present
      insertbefore: BOF
      validate: /usr/sbin/sshd -t -f %s
  when: '"linux-base" in ansible_facts.packages'
  tags:
  - low_complexity
  - low_disruption
  - medium_severity
  - no_reboot_needed
  - restrict_strategy
  - sshd_disable_forwarding

- name: Disable SSH Forwarding - set file mode for /etc/ssh/sshd_config.d/00-complianceascode-hardening.conf
  ansible.builtin.file:
    path: /etc/ssh/sshd_config.d/00-complianceascode-hardening.conf
    mode: '0600'
  when: '"linux-base" in ansible_facts.packages'
  tags:
  - low_complexity
  - low_disruption
  - medium_severity
  - no_reboot_needed
  - restrict_strategy
  - sshd_disable_forwarding
</fix>
          <fix xmlns:xhtml="http://www.w3.org/1999/xhtml" id="sshd_disable_forwarding" system="urn:xccdf:fix:script:sh" complexity="low" disruption="low" strategy="restrict"># Remediation is applicable only in certain platforms
if dpkg-query --show --showformat='${db:Status-Status}
' 'linux-base' 2&gt;/dev/null | grep -q ^installed; then

mkdir -p /etc/ssh/sshd_config.d
touch /etc/ssh/sshd_config.d/00-complianceascode-hardening.conf
chmod 0600 /etc/ssh/sshd_config.d/00-complianceascode-hardening.conf

LC_ALL=C sed -i "/^\s*DisableForwarding\s\+/Id" "/etc/ssh/sshd_config"
LC_ALL=C sed -i "/^\s*DisableForwarding\s\+/Id" "/etc/ssh/sshd_config.d"/*.conf
if [ -e "/etc/ssh/sshd_config.d/00-complianceascode-hardening.conf" ] ; then
    
    LC_ALL=C sed -i "/^\s*DisableForwarding\s\+/Id" "/etc/ssh/sshd_config.d/00-complianceascode-hardening.conf"
else
    touch "/etc/ssh/sshd_config.d/00-complianceascode-hardening.conf"
fi
# make sure file has newline at the end
sed -i -e '$a\' "/etc/ssh/sshd_config.d/00-complianceascode-hardening.conf"

cp "/etc/ssh/sshd_config.d/00-complianceascode-hardening.conf" "/etc/ssh/sshd_config.d/00-complianceascode-hardening.conf.bak"
# Insert at the beginning of the file
printf '%s\n' "DisableForwarding yes" &gt; "/etc/ssh/sshd_config.d/00-complianceascode-hardening.conf"
cat "/etc/ssh/sshd_config.d/00-complianceascode-hardening.conf.bak" &gt;&gt; "/etc/ssh/sshd_config.d/00-complianceascode-hardening.conf"
# Clean up after ourselves.
rm "/etc/ssh/sshd_config.d/00-complianceascode-hardening.conf.bak"

else
    &gt;&amp;2 echo 'Remediation is not applicable, nothing was done'
fi
</fix>
          <check system="http://oval.mitre.org/XMLSchema/oval-definitions-5">
            <check-export export-name="oval:ssg-sshd_required:var:1" value-id="xccdf_org.ssgproject.content_value_sshd_required"/>
            <check-content-ref name="oval:ssg-sshd_disable_forwarding:def:1" href="ssg-ubuntu2404-oval.xml"/>
          </check>
          <check system="http://scap.nist.gov/schema/ocil/2">
            <check-content-ref name="ocil:ssg-sshd_disable_forwarding_ocil:questionnaire:1" href="ssg-ubuntu2404-ocil.xml"/>
          </check>
        </Rule>
        <Rule id="xccdf_org.ssgproject.content_rule_sshd_disable_gssapi_auth" selected="false" role="full" severity="medium">
          <title xmlns:xhtml="http://www.w3.org/1999/xhtml" xml:lang="en-US">Disable GSSAPI Authentication</title>
          <description xmlns:xhtml="http://www.w3.org/1999/xhtml" xml:lang="en-US">Unless needed, SSH should not permit extraneous or unnecessary
authentication mechanisms like GSSAPI.
<html:br xmlns:html="http://www.w3.org/1999/xhtml"/>
The default SSH configuration disallows authentications based on GSSAPI. The appropriate
configuration is used if no value is set for <html:code xmlns:html="http://www.w3.org/1999/xhtml">GSSAPIAuthentication</html:code>.
<html:br xmlns:html="http://www.w3.org/1999/xhtml"/>
To explicitly disable GSSAPI authentication, add or correct the following line in


<html:code xmlns:html="http://www.w3.org/1999/xhtml">/etc/ssh/sshd_config.d/00-complianceascode-hardening.conf</html:code>:

<html:pre xmlns:html="http://www.w3.org/1999/xhtml">GSSAPIAuthentication no</html:pre>
       </description>
          <reference href="https://www.cisecurity.org/controls/">11</reference>
          <reference href="https://www.cisecurity.org/controls/">3</reference>
          <reference href="https://www.cisecurity.org/controls/">9</reference>
          <reference href="https://www.isaca.org/resources/cobit">BAI10.01</reference>
          <reference href="https://www.isaca.org/resources/cobit">BAI10.02</reference>
          <reference href="https://www.isaca.org/resources/cobit">BAI10.03</reference>
          <reference href="https://www.isaca.org/resources/cobit">BAI10.05</reference>
          <reference href="http://nvlpubs.nist.gov/nistpubs/SpecialPublications/NIST.SP.800-171.pdf">3.1.12</reference>
          <reference href="https://public.cyber.mil/stigs/cci/">CCI-000366</reference>
          <reference href="https://public.cyber.mil/stigs/cci/">CCI-001813</reference>
          <reference href="https://www.gpo.gov/fdsys/pkg/CFR-2007-title45-vol1/pdf/CFR-2007-title45-vol1-chapA-subchapC.pdf">164.308(a)(4)(i)</reference>
          <reference href="https://www.gpo.gov/fdsys/pkg/CFR-2007-title45-vol1/pdf/CFR-2007-title45-vol1-chapA-subchapC.pdf">164.308(b)(1)</reference>
          <reference href="https://www.gpo.gov/fdsys/pkg/CFR-2007-title45-vol1/pdf/CFR-2007-title45-vol1-chapA-subchapC.pdf">164.308(b)(3)</reference>
          <reference href="https://www.gpo.gov/fdsys/pkg/CFR-2007-title45-vol1/pdf/CFR-2007-title45-vol1-chapA-subchapC.pdf">164.310(b)</reference>
          <reference href="https://www.gpo.gov/fdsys/pkg/CFR-2007-title45-vol1/pdf/CFR-2007-title45-vol1-chapA-subchapC.pdf">164.312(e)(1)</reference>
          <reference href="https://www.gpo.gov/fdsys/pkg/CFR-2007-title45-vol1/pdf/CFR-2007-title45-vol1-chapA-subchapC.pdf">164.312(e)(2)(ii)</reference>
          <reference href="https://www.isa.org/products/isa-62443-2-1-2009-security-for-industrial-automat">4.3.4.3.2</reference>
          <reference href="https://www.isa.org/products/isa-62443-2-1-2009-security-for-industrial-automat">4.3.4.3.3</reference>
          <reference href="https://www.isa.org/products/ansi-isa-62443-3-3-99-03-03-2013-security-for-indu">SR 7.6</reference>
          <reference href="https://www.cyber.gov.au/acsc/view-all-content/ism">0418</reference>
          <reference href="https://www.cyber.gov.au/acsc/view-all-content/ism">1055</reference>
          <reference href="https://www.cyber.gov.au/acsc/view-all-content/ism">1402</reference>
          <reference href="https://www.iso.org/contents/data/standard/05/45/54534.html">A.12.1.2</reference>
          <reference href="https://www.iso.org/contents/data/standard/05/45/54534.html">A.12.5.1</reference>
          <reference href="https://www.iso.org/contents/data/standard/05/45/54534.html">A.12.6.2</reference>
          <reference href="https://www.iso.org/contents/data/standard/05/45/54534.html">A.14.2.2</reference>
          <reference href="https://www.iso.org/contents/data/standard/05/45/54534.html">A.14.2.3</reference>
          <reference href="https://www.iso.org/contents/data/standard/05/45/54534.html">A.14.2.4</reference>
          <reference href="http://nvlpubs.nist.gov/nistpubs/SpecialPublications/NIST.SP.800-53r4.pdf">CM-7(a)</reference>
          <reference href="http://nvlpubs.nist.gov/nistpubs/SpecialPublications/NIST.SP.800-53r4.pdf">CM-7(b)</reference>
          <reference href="http://nvlpubs.nist.gov/nistpubs/SpecialPublications/NIST.SP.800-53r4.pdf">CM-6(a)</reference>
          <reference href="http://nvlpubs.nist.gov/nistpubs/SpecialPublications/NIST.SP.800-53r4.pdf">AC-17(a)</reference>
          <reference href="https://nvlpubs.nist.gov/nistpubs/CSWP/NIST.CSWP.04162018.pdf">PR.IP-1</reference>
          <reference href="https://www.niap-ccevs.org/Profile/PP.cfm">FTP_ITC_EXT.1</reference>
          <reference href="https://www.niap-ccevs.org/Profile/PP.cfm">FCS_SSH_EXT.1.2</reference>
          <reference href="https://public.cyber.mil/stigs/downloads/?_dl_facet_stigs=operating-systems%2Cgeneral-purpose-os">SRG-OS-000364-GPOS-00151</reference>
          <reference href="https://public.cyber.mil/stigs/downloads/?_dl_facet_stigs=operating-systems%2Cgeneral-purpose-os">SRG-OS-000480-GPOS-00227</reference>
          <reference href="https://www.cisecurity.org/benchmark/ubuntu_linux/">5.1.9</reference>
          <rationale xmlns:xhtml="http://www.w3.org/1999/xhtml" xml:lang="en-US">GSSAPI authentication is used to provide additional authentication mechanisms to
applications. Allowing GSSAPI authentication through SSH exposes the system's
GSSAPI to remote hosts, increasing the attack surface of the system.</rationale>
          <fix xmlns:xhtml="http://www.w3.org/1999/xhtml" id="sshd_disable_gssapi_auth" system="urn:xccdf:fix:script:ansible" complexity="low" disruption="low" strategy="restrict">- name: Gather the package facts
  package_facts:
    manager: auto
  tags:
  - NIST-800-171-3.1.12
  - NIST-800-53-AC-17(a)
  - NIST-800-53-CM-6(a)
  - NIST-800-53-CM-7(a)
  - NIST-800-53-CM-7(b)
  - low_complexity
  - low_disruption
  - medium_severity
  - no_reboot_needed
  - restrict_strategy
  - sshd_disable_gssapi_auth

- name: Disable GSSAPI Authentication
  block:

  - name: Deduplicate values from /etc/ssh/sshd_config
    lineinfile:
      path: /etc/ssh/sshd_config
      create: false
      regexp: (?i)(?i)^\s*{{ "GSSAPIAuthentication"| regex_escape }}\s+
      state: absent

  - name: Check if /etc/ssh/sshd_config.d exists
    stat:
      path: /etc/ssh/sshd_config.d
    register: _etc_ssh_sshd_config_d_exists

  - name: Check if the parameter GSSAPIAuthentication is present in /etc/ssh/sshd_config.d
    find:
      paths: /etc/ssh/sshd_config.d
      recurse: 'yes'
      follow: 'no'
      contains: (?i)^\s*{{ "GSSAPIAuthentication"| regex_escape }}\s+
    register: _etc_ssh_sshd_config_d_has_parameter
    when: _etc_ssh_sshd_config_d_exists.stat.isdir is defined and _etc_ssh_sshd_config_d_exists.stat.isdir

  - name: Remove parameter from files in /etc/ssh/sshd_config.d
    lineinfile:
      path: '{{ item.path }}'
      create: false
      regexp: (?i)(?i)^\s*{{ "GSSAPIAuthentication"| regex_escape }}\s+
      state: absent
    with_items: '{{ _etc_ssh_sshd_config_d_has_parameter.files }}'
    when: _etc_ssh_sshd_config_d_has_parameter.matched

  - name: Insert correct line to /etc/ssh/sshd_config.d/01-complianceascode-reinforce-os-defaults.conf
    lineinfile:
      path: /etc/ssh/sshd_config.d/01-complianceascode-reinforce-os-defaults.conf
      create: true
      regexp: (?i)(?i)^\s*{{ "GSSAPIAuthentication"| regex_escape }}\s+
      line: GSSAPIAuthentication no
      state: present
      insertbefore: BOF
      validate: /usr/sbin/sshd -t -f %s
  when: '"linux-base" in ansible_facts.packages'
  tags:
  - NIST-800-171-3.1.12
  - NIST-800-53-AC-17(a)
  - NIST-800-53-CM-6(a)
  - NIST-800-53-CM-7(a)
  - NIST-800-53-CM-7(b)
  - low_complexity
  - low_disruption
  - medium_severity
  - no_reboot_needed
  - restrict_strategy
  - sshd_disable_gssapi_auth

- name: Disable GSSAPI Authentication - set file mode for /etc/ssh/sshd_config.d/01-complianceascode-reinforce-os-defaults.conf
  ansible.builtin.file:
    path: /etc/ssh/sshd_config.d/01-complianceascode-reinforce-os-defaults.conf
    mode: '0600'
  when: '"linux-base" in ansible_facts.packages'
  tags:
  - NIST-800-171-3.1.12
  - NIST-800-53-AC-17(a)
  - NIST-800-53-CM-6(a)
  - NIST-800-53-CM-7(a)
  - NIST-800-53-CM-7(b)
  - low_complexity
  - low_disruption
  - medium_severity
  - no_reboot_needed
  - restrict_strategy
  - sshd_disable_gssapi_auth
</fix>
          <fix xmlns:xhtml="http://www.w3.org/1999/xhtml" id="sshd_disable_gssapi_auth" system="urn:xccdf:fix:script:sh" complexity="low" disruption="low" strategy="restrict"># Remediation is applicable only in certain platforms
if dpkg-query --show --showformat='${db:Status-Status}
' 'linux-base' 2&gt;/dev/null | grep -q ^installed; then

mkdir -p /etc/ssh/sshd_config.d
touch /etc/ssh/sshd_config.d/01-complianceascode-reinforce-os-defaults.conf
chmod 0600 /etc/ssh/sshd_config.d/01-complianceascode-reinforce-os-defaults.conf

LC_ALL=C sed -i "/^\s*GSSAPIAuthentication\s\+/Id" "/etc/ssh/sshd_config"
LC_ALL=C sed -i "/^\s*GSSAPIAuthentication\s\+/Id" "/etc/ssh/sshd_config.d"/*.conf
if [ -e "/etc/ssh/sshd_config.d/01-complianceascode-reinforce-os-defaults.conf" ] ; then
    
    LC_ALL=C sed -i "/^\s*GSSAPIAuthentication\s\+/Id" "/etc/ssh/sshd_config.d/01-complianceascode-reinforce-os-defaults.conf"
else
    touch "/etc/ssh/sshd_config.d/01-complianceascode-reinforce-os-defaults.conf"
fi
# make sure file has newline at the end
sed -i -e '$a\' "/etc/ssh/sshd_config.d/01-complianceascode-reinforce-os-defaults.conf"

cp "/etc/ssh/sshd_config.d/01-complianceascode-reinforce-os-defaults.conf" "/etc/ssh/sshd_config.d/01-complianceascode-reinforce-os-defaults.conf.bak"
# Insert at the beginning of the file
printf '%s\n' "GSSAPIAuthentication no" &gt; "/etc/ssh/sshd_config.d/01-complianceascode-reinforce-os-defaults.conf"
cat "/etc/ssh/sshd_config.d/01-complianceascode-reinforce-os-defaults.conf.bak" &gt;&gt; "/etc/ssh/sshd_config.d/01-complianceascode-reinforce-os-defaults.conf"
# Clean up after ourselves.
rm "/etc/ssh/sshd_config.d/01-complianceascode-reinforce-os-defaults.conf.bak"

else
    &gt;&amp;2 echo 'Remediation is not applicable, nothing was done'
fi
</fix>
          <check system="http://oval.mitre.org/XMLSchema/oval-definitions-5">
            <check-export export-name="oval:ssg-sshd_required:var:1" value-id="xccdf_org.ssgproject.content_value_sshd_required"/>
            <check-content-ref name="oval:ssg-sshd_disable_gssapi_auth:def:1" href="ssg-ubuntu2404-oval.xml"/>
          </check>
          <check system="http://scap.nist.gov/schema/ocil/2">
            <check-content-ref name="ocil:ssg-sshd_disable_gssapi_auth_ocil:questionnaire:1" href="ssg-ubuntu2404-ocil.xml"/>
          </check>
        </Rule>
        <Rule id="xccdf_org.ssgproject.content_rule_sshd_disable_rhosts" selected="false" role="full" severity="medium">
          <title xmlns:xhtml="http://www.w3.org/1999/xhtml" xml:lang="en-US">Disable SSH Support for .rhosts Files</title>
          <description xmlns:xhtml="http://www.w3.org/1999/xhtml" xml:lang="en-US">SSH can emulate the behavior of the obsolete rsh
command in allowing users to enable insecure access to their
accounts via <html:code xmlns:html="http://www.w3.org/1999/xhtml">.rhosts</html:code> files.
<html:br xmlns:html="http://www.w3.org/1999/xhtml"/>
The default SSH configuration disables support for <html:code xmlns:html="http://www.w3.org/1999/xhtml">.rhosts</html:code>. The appropriate
configuration is used if no value is set for <html:code xmlns:html="http://www.w3.org/1999/xhtml">IgnoreRhosts</html:code>.
<html:br xmlns:html="http://www.w3.org/1999/xhtml"/>
To explicitly disable support for .rhosts files, add or correct the following line in


<html:code xmlns:html="http://www.w3.org/1999/xhtml">/etc/ssh/sshd_config.d/00-complianceascode-hardening.conf</html:code>:

<html:pre xmlns:html="http://www.w3.org/1999/xhtml">IgnoreRhosts yes</html:pre>
       </description>
          <reference href="https://www.cisecurity.org/controls/">11</reference>
          <reference href="https://www.cisecurity.org/controls/">12</reference>
          <reference href="https://www.cisecurity.org/controls/">14</reference>
          <reference href="https://www.cisecurity.org/controls/">15</reference>
          <reference href="https://www.cisecurity.org/controls/">16</reference>
          <reference href="https://www.cisecurity.org/controls/">18</reference>
          <reference href="https://www.cisecurity.org/controls/">3</reference>
          <reference href="https://www.cisecurity.org/controls/">5</reference>
          <reference href="https://www.cisecurity.org/controls/">9</reference>
          <reference href="https://www.fbi.gov/file-repository/cjis-security-policy-v5_5_20160601-2-1.pdf">5.5.6</reference>
          <reference href="https://www.isaca.org/resources/cobit">BAI10.01</reference>
          <reference href="https://www.isaca.org/resources/cobit">BAI10.02</reference>
          <reference href="https://www.isaca.org/resources/cobit">BAI10.03</reference>
          <reference href="https://www.isaca.org/resources/cobit">BAI10.05</reference>
          <reference href="https://www.isaca.org/resources/cobit">DSS05.02</reference>
          <reference href="https://www.isaca.org/resources/cobit">DSS05.04</reference>
          <reference href="https://www.isaca.org/resources/cobit">DSS05.05</reference>
          <reference href="https://www.isaca.org/resources/cobit">DSS05.07</reference>
          <reference href="https://www.isaca.org/resources/cobit">DSS06.03</reference>
          <reference href="https://www.isaca.org/resources/cobit">DSS06.06</reference>
          <reference href="http://nvlpubs.nist.gov/nistpubs/SpecialPublications/NIST.SP.800-171.pdf">3.1.12</reference>
          <reference href="https://public.cyber.mil/stigs/cci/">CCI-000366</reference>
          <reference href="https://www.isa.org/products/isa-62443-2-1-2009-security-for-industrial-automat">4.3.3.2.2</reference>
          <reference href="https://www.isa.org/products/isa-62443-2-1-2009-security-for-industrial-automat">4.3.3.5.1</reference>
          <reference href="https://www.isa.org/products/isa-62443-2-1-2009-security-for-industrial-automat">4.3.3.5.2</reference>
          <reference href="https://www.isa.org/products/isa-62443-2-1-2009-security-for-industrial-automat">4.3.3.5.3</reference>
          <reference href="https://www.isa.org/products/isa-62443-2-1-2009-security-for-industrial-automat">4.3.3.5.4</reference>
          <reference href="https://www.isa.org/products/isa-62443-2-1-2009-security-for-industrial-automat">4.3.3.5.5</reference>
          <reference href="https://www.isa.org/products/isa-62443-2-1-2009-security-for-industrial-automat">4.3.3.5.6</reference>
          <reference href="https://www.isa.org/products/isa-62443-2-1-2009-security-for-industrial-automat">4.3.3.5.7</reference>
          <reference href="https://www.isa.org/products/isa-62443-2-1-2009-security-for-industrial-automat">4.3.3.5.8</reference>
          <reference href="https://www.isa.org/products/isa-62443-2-1-2009-security-for-industrial-automat">4.3.3.6.1</reference>
          <reference href="https://www.isa.org/products/isa-62443-2-1-2009-security-for-industrial-automat">4.3.3.6.2</reference>
          <reference href="https://www.isa.org/products/isa-62443-2-1-2009-security-for-industrial-automat">4.3.3.6.3</reference>
          <reference href="https://www.isa.org/products/isa-62443-2-1-2009-security-for-industrial-automat">4.3.3.6.4</reference>
          <reference href="https://www.isa.org/products/isa-62443-2-1-2009-security-for-industrial-automat">4.3.3.6.5</reference>
          <reference href="https://www.isa.org/products/isa-62443-2-1-2009-security-for-industrial-automat">4.3.3.6.6</reference>
          <reference href="https://www.isa.org/products/isa-62443-2-1-2009-security-for-industrial-automat">4.3.3.6.7</reference>
          <reference href="https://www.isa.org/products/isa-62443-2-1-2009-security-for-industrial-automat">4.3.3.6.8</reference>
          <reference href="https://www.isa.org/products/isa-62443-2-1-2009-security-for-industrial-automat">4.3.3.6.9</reference>
          <reference href="https://www.isa.org/products/isa-62443-2-1-2009-security-for-industrial-automat">4.3.3.7.1</reference>
          <reference href="https://www.isa.org/products/isa-62443-2-1-2009-security-for-industrial-automat">4.3.3.7.2</reference>
          <reference href="https://www.isa.org/products/isa-62443-2-1-2009-security-for-industrial-automat">4.3.3.7.3</reference>
          <reference href="https://www.isa.org/products/isa-62443-2-1-2009-security-for-industrial-automat">4.3.3.7.4</reference>
          <reference href="https://www.isa.org/products/isa-62443-2-1-2009-security-for-industrial-automat">4.3.4.3.2</reference>
          <reference href="https://www.isa.org/products/isa-62443-2-1-2009-security-for-industrial-automat">4.3.4.3.3</reference>
          <reference href="https://www.isa.org/products/ansi-isa-62443-3-3-99-03-03-2013-security-for-indu">SR 1.1</reference>
          <reference href="https://www.isa.org/products/ansi-isa-62443-3-3-99-03-03-2013-security-for-indu">SR 1.10</reference>
          <reference href="https://www.isa.org/products/ansi-isa-62443-3-3-99-03-03-2013-security-for-indu">SR 1.11</reference>
          <reference href="https://www.isa.org/products/ansi-isa-62443-3-3-99-03-03-2013-security-for-indu">SR 1.12</reference>
          <reference href="https://www.isa.org/products/ansi-isa-62443-3-3-99-03-03-2013-security-for-indu">SR 1.13</reference>
          <reference href="https://www.isa.org/products/ansi-isa-62443-3-3-99-03-03-2013-security-for-indu">SR 1.2</reference>
          <reference href="https://www.isa.org/products/ansi-isa-62443-3-3-99-03-03-2013-security-for-indu">SR 1.3</reference>
          <reference href="https://www.isa.org/products/ansi-isa-62443-3-3-99-03-03-2013-security-for-indu">SR 1.4</reference>
          <reference href="https://www.isa.org/products/ansi-isa-62443-3-3-99-03-03-2013-security-for-indu">SR 1.5</reference>
          <reference href="https://www.isa.org/products/ansi-isa-62443-3-3-99-03-03-2013-security-for-indu">SR 1.6</reference>
          <reference href="https://www.isa.org/products/ansi-isa-62443-3-3-99-03-03-2013-security-for-indu">SR 1.7</reference>
          <reference href="https://www.isa.org/products/ansi-isa-62443-3-3-99-03-03-2013-security-for-indu">SR 1.8</reference>
          <reference href="https://www.isa.org/products/ansi-isa-62443-3-3-99-03-03-2013-security-for-indu">SR 1.9</reference>
          <reference href="https://www.isa.org/products/ansi-isa-62443-3-3-99-03-03-2013-security-for-indu">SR 2.1</reference>
          <reference href="https://www.isa.org/products/ansi-isa-62443-3-3-99-03-03-2013-security-for-indu">SR 2.2</reference>
          <reference href="https://www.isa.org/products/ansi-isa-62443-3-3-99-03-03-2013-security-for-indu">SR 2.3</reference>
          <reference href="https://www.isa.org/products/ansi-isa-62443-3-3-99-03-03-2013-security-for-indu">SR 2.4</reference>
          <reference href="https://www.isa.org/products/ansi-isa-62443-3-3-99-03-03-2013-security-for-indu">SR 2.5</reference>
          <reference href="https://www.isa.org/products/ansi-isa-62443-3-3-99-03-03-2013-security-for-indu">SR 2.6</reference>
          <reference href="https://www.isa.org/products/ansi-isa-62443-3-3-99-03-03-2013-security-for-indu">SR 2.7</reference>
          <reference href="https://www.isa.org/products/ansi-isa-62443-3-3-99-03-03-2013-security-for-indu">SR 7.6</reference>
          <reference href="https://www.iso.org/contents/data/standard/05/45/54534.html">A.12.1.2</reference>
          <reference href="https://www.iso.org/contents/data/standard/05/45/54534.html">A.12.5.1</reference>
          <reference href="https://www.iso.org/contents/data/standard/05/45/54534.html">A.12.6.2</reference>
          <reference href="https://www.iso.org/contents/data/standard/05/45/54534.html">A.14.2.2</reference>
          <reference href="https://www.iso.org/contents/data/standard/05/45/54534.html">A.14.2.3</reference>
          <reference href="https://www.iso.org/contents/data/standard/05/45/54534.html">A.14.2.4</reference>
          <reference href="https://www.iso.org/contents/data/standard/05/45/54534.html">A.6.1.2</reference>
          <reference href="https://www.iso.org/contents/data/standard/05/45/54534.html">A.7.1.1</reference>
          <reference href="https://www.iso.org/contents/data/standard/05/45/54534.html">A.9.1.2</reference>
          <reference href="https://www.iso.org/contents/data/standard/05/45/54534.html">A.9.2.1</reference>
          <reference href="https://www.iso.org/contents/data/standard/05/45/54534.html">A.9.2.3</reference>
          <reference href="https://www.iso.org/contents/data/standard/05/45/54534.html">A.9.4.1</reference>
          <reference href="https://www.iso.org/contents/data/standard/05/45/54534.html">A.9.4.4</reference>
          <reference href="https://www.iso.org/contents/data/standard/05/45/54534.html">A.9.4.5</reference>
          <reference href="http://nvlpubs.nist.gov/nistpubs/SpecialPublications/NIST.SP.800-53r4.pdf">AC-17(a)</reference>
          <reference href="http://nvlpubs.nist.gov/nistpubs/SpecialPublications/NIST.SP.800-53r4.pdf">CM-7(a)</reference>
          <reference href="http://nvlpubs.nist.gov/nistpubs/SpecialPublications/NIST.SP.800-53r4.pdf">CM-7(b)</reference>
          <reference href="http://nvlpubs.nist.gov/nistpubs/SpecialPublications/NIST.SP.800-53r4.pdf">CM-6(a)</reference>
          <reference href="https://nvlpubs.nist.gov/nistpubs/CSWP/NIST.CSWP.04162018.pdf">PR.AC-4</reference>
          <reference href="https://nvlpubs.nist.gov/nistpubs/CSWP/NIST.CSWP.04162018.pdf">PR.AC-6</reference>
          <reference href="https://nvlpubs.nist.gov/nistpubs/CSWP/NIST.CSWP.04162018.pdf">PR.IP-1</reference>
          <reference href="https://nvlpubs.nist.gov/nistpubs/CSWP/NIST.CSWP.04162018.pdf">PR.PT-3</reference>
          <reference href="https://public.cyber.mil/stigs/downloads/?_dl_facet_stigs=operating-systems%2Cgeneral-purpose-os">SRG-OS-000480-GPOS-00227</reference>
          <reference href="https://www.cisecurity.org/benchmark/ubuntu_linux/">5.1.11</reference>
          <reference href="https://docs-prv.pcisecuritystandards.org/PCI%20DSS/Standard/PCI-DSS-v4_0.pdf">2.2.6</reference>
          <reference href="https://docs-prv.pcisecuritystandards.org/PCI%20DSS/Standard/PCI-DSS-v4_0.pdf">2.2</reference>
          <rationale xmlns:xhtml="http://www.w3.org/1999/xhtml" xml:lang="en-US">SSH trust relationships mean a compromise on one host
can allow an attacker to move trivially to other hosts.</rationale>
          <fix xmlns:xhtml="http://www.w3.org/1999/xhtml" id="sshd_disable_rhosts" system="urn:xccdf:fix:script:ansible" complexity="low" disruption="low" strategy="restrict">- name: Gather the package facts
  package_facts:
    manager: auto
  tags:
  - CJIS-5.5.6
  - NIST-800-171-3.1.12
  - NIST-800-53-AC-17(a)
  - NIST-800-53-CM-6(a)
  - NIST-800-53-CM-7(a)
  - NIST-800-53-CM-7(b)
  - PCI-DSSv4-2.2
  - PCI-DSSv4-2.2.6
  - low_complexity
  - low_disruption
  - medium_severity
  - no_reboot_needed
  - restrict_strategy
  - sshd_disable_rhosts

- name: Disable SSH Support for .rhosts Files
  block:

  - name: Deduplicate values from /etc/ssh/sshd_config
    lineinfile:
      path: /etc/ssh/sshd_config
      create: false
      regexp: (?i)(?i)^\s*{{ "IgnoreRhosts"| regex_escape }}\s+
      state: absent

  - name: Check if /etc/ssh/sshd_config.d exists
    stat:
      path: /etc/ssh/sshd_config.d
    register: _etc_ssh_sshd_config_d_exists

  - name: Check if the parameter IgnoreRhosts is present in /etc/ssh/sshd_config.d
    find:
      paths: /etc/ssh/sshd_config.d
      recurse: 'yes'
      follow: 'no'
      contains: (?i)^\s*{{ "IgnoreRhosts"| regex_escape }}\s+
    register: _etc_ssh_sshd_config_d_has_parameter
    when: _etc_ssh_sshd_config_d_exists.stat.isdir is defined and _etc_ssh_sshd_config_d_exists.stat.isdir

  - name: Remove parameter from files in /etc/ssh/sshd_config.d
    lineinfile:
      path: '{{ item.path }}'
      create: false
      regexp: (?i)(?i)^\s*{{ "IgnoreRhosts"| regex_escape }}\s+
      state: absent
    with_items: '{{ _etc_ssh_sshd_config_d_has_parameter.files }}'
    when: _etc_ssh_sshd_config_d_has_parameter.matched

  - name: Insert correct line to /etc/ssh/sshd_config.d/01-complianceascode-reinforce-os-defaults.conf
    lineinfile:
      path: /etc/ssh/sshd_config.d/01-complianceascode-reinforce-os-defaults.conf
      create: true
      regexp: (?i)(?i)^\s*{{ "IgnoreRhosts"| regex_escape }}\s+
      line: IgnoreRhosts yes
      state: present
      insertbefore: BOF
      validate: /usr/sbin/sshd -t -f %s
  when: '"linux-base" in ansible_facts.packages'
  tags:
  - CJIS-5.5.6
  - NIST-800-171-3.1.12
  - NIST-800-53-AC-17(a)
  - NIST-800-53-CM-6(a)
  - NIST-800-53-CM-7(a)
  - NIST-800-53-CM-7(b)
  - PCI-DSSv4-2.2
  - PCI-DSSv4-2.2.6
  - low_complexity
  - low_disruption
  - medium_severity
  - no_reboot_needed
  - restrict_strategy
  - sshd_disable_rhosts

- name: Disable SSH Support for .rhosts Files - set file mode for /etc/ssh/sshd_config.d/01-complianceascode-reinforce-os-defaults.conf
  ansible.builtin.file:
    path: /etc/ssh/sshd_config.d/01-complianceascode-reinforce-os-defaults.conf
    mode: '0600'
  when: '"linux-base" in ansible_facts.packages'
  tags:
  - CJIS-5.5.6
  - NIST-800-171-3.1.12
  - NIST-800-53-AC-17(a)
  - NIST-800-53-CM-6(a)
  - NIST-800-53-CM-7(a)
  - NIST-800-53-CM-7(b)
  - PCI-DSSv4-2.2
  - PCI-DSSv4-2.2.6
  - low_complexity
  - low_disruption
  - medium_severity
  - no_reboot_needed
  - restrict_strategy
  - sshd_disable_rhosts
</fix>
          <fix xmlns:xhtml="http://www.w3.org/1999/xhtml" id="sshd_disable_rhosts" system="urn:xccdf:fix:script:sh" complexity="low" disruption="low" strategy="restrict"># Remediation is applicable only in certain platforms
if dpkg-query --show --showformat='${db:Status-Status}
' 'linux-base' 2&gt;/dev/null | grep -q ^installed; then

mkdir -p /etc/ssh/sshd_config.d
touch /etc/ssh/sshd_config.d/01-complianceascode-reinforce-os-defaults.conf
chmod 0600 /etc/ssh/sshd_config.d/01-complianceascode-reinforce-os-defaults.conf

LC_ALL=C sed -i "/^\s*IgnoreRhosts\s\+/Id" "/etc/ssh/sshd_config"
LC_ALL=C sed -i "/^\s*IgnoreRhosts\s\+/Id" "/etc/ssh/sshd_config.d"/*.conf
if [ -e "/etc/ssh/sshd_config.d/01-complianceascode-reinforce-os-defaults.conf" ] ; then
    
    LC_ALL=C sed -i "/^\s*IgnoreRhosts\s\+/Id" "/etc/ssh/sshd_config.d/01-complianceascode-reinforce-os-defaults.conf"
else
    touch "/etc/ssh/sshd_config.d/01-complianceascode-reinforce-os-defaults.conf"
fi
# make sure file has newline at the end
sed -i -e '$a\' "/etc/ssh/sshd_config.d/01-complianceascode-reinforce-os-defaults.conf"

cp "/etc/ssh/sshd_config.d/01-complianceascode-reinforce-os-defaults.conf" "/etc/ssh/sshd_config.d/01-complianceascode-reinforce-os-defaults.conf.bak"
# Insert at the beginning of the file
printf '%s\n' "IgnoreRhosts yes" &gt; "/etc/ssh/sshd_config.d/01-complianceascode-reinforce-os-defaults.conf"
cat "/etc/ssh/sshd_config.d/01-complianceascode-reinforce-os-defaults.conf.bak" &gt;&gt; "/etc/ssh/sshd_config.d/01-complianceascode-reinforce-os-defaults.conf"
# Clean up after ourselves.
rm "/etc/ssh/sshd_config.d/01-complianceascode-reinforce-os-defaults.conf.bak"

else
    &gt;&amp;2 echo 'Remediation is not applicable, nothing was done'
fi
</fix>
          <check system="http://oval.mitre.org/XMLSchema/oval-definitions-5">
            <check-export export-name="oval:ssg-sshd_required:var:1" value-id="xccdf_org.ssgproject.content_value_sshd_required"/>
            <check-content-ref name="oval:ssg-sshd_disable_rhosts:def:1" href="ssg-ubuntu2404-oval.xml"/>
          </check>
          <check system="http://scap.nist.gov/schema/ocil/2">
            <check-content-ref name="ocil:ssg-sshd_disable_rhosts_ocil:questionnaire:1" href="ssg-ubuntu2404-ocil.xml"/>
          </check>
        </Rule>
        <Rule id="xccdf_org.ssgproject.content_rule_sshd_disable_root_login" selected="false" role="full" severity="medium">
          <title xmlns:xhtml="http://www.w3.org/1999/xhtml" xml:lang="en-US">Disable SSH Root Login</title>
          <description xmlns:xhtml="http://www.w3.org/1999/xhtml" xml:lang="en-US">The root user should never be allowed to login to a
system directly over a network.
To disable root login via SSH, add or correct the following line in


<html:code xmlns:html="http://www.w3.org/1999/xhtml">/etc/ssh/sshd_config.d/00-complianceascode-hardening.conf</html:code>:

<html:pre xmlns:html="http://www.w3.org/1999/xhtml">PermitRootLogin no</html:pre>
       </description>
          <reference href="https://www.cisecurity.org/controls/">1</reference>
          <reference href="https://www.cisecurity.org/controls/">11</reference>
          <reference href="https://www.cisecurity.org/controls/">12</reference>
          <reference href="https://www.cisecurity.org/controls/">13</reference>
          <reference href="https://www.cisecurity.org/controls/">14</reference>
          <reference href="https://www.cisecurity.org/controls/">15</reference>
          <reference href="https://www.cisecurity.org/controls/">16</reference>
          <reference href="https://www.cisecurity.org/controls/">18</reference>
          <reference href="https://www.cisecurity.org/controls/">3</reference>
          <reference href="https://www.cisecurity.org/controls/">5</reference>
          <reference href="https://www.fbi.gov/file-repository/cjis-security-policy-v5_5_20160601-2-1.pdf">5.5.6</reference>
          <reference href="https://www.isaca.org/resources/cobit">APO01.06</reference>
          <reference href="https://www.isaca.org/resources/cobit">DSS05.02</reference>
          <reference href="https://www.isaca.org/resources/cobit">DSS05.04</reference>
          <reference href="https://www.isaca.org/resources/cobit">DSS05.05</reference>
          <reference href="https://www.isaca.org/resources/cobit">DSS05.07</reference>
          <reference href="https://www.isaca.org/resources/cobit">DSS05.10</reference>
          <reference href="https://www.isaca.org/resources/cobit">DSS06.02</reference>
          <reference href="https://www.isaca.org/resources/cobit">DSS06.03</reference>
          <reference href="https://www.isaca.org/resources/cobit">DSS06.06</reference>
          <reference href="https://www.isaca.org/resources/cobit">DSS06.10</reference>
          <reference href="http://nvlpubs.nist.gov/nistpubs/SpecialPublications/NIST.SP.800-171.pdf">3.1.1</reference>
          <reference href="http://nvlpubs.nist.gov/nistpubs/SpecialPublications/NIST.SP.800-171.pdf">3.1.5</reference>
          <reference href="https://public.cyber.mil/stigs/cci/">CCI-000366</reference>
          <reference href="https://public.cyber.mil/stigs/cci/">CCI-004045</reference>
          <reference href="https://www.gpo.gov/fdsys/pkg/CFR-2007-title45-vol1/pdf/CFR-2007-title45-vol1-chapA-subchapC.pdf">164.308(a)(4)(i)</reference>
          <reference href="https://www.gpo.gov/fdsys/pkg/CFR-2007-title45-vol1/pdf/CFR-2007-title45-vol1-chapA-subchapC.pdf">164.308(b)(1)</reference>
          <reference href="https://www.gpo.gov/fdsys/pkg/CFR-2007-title45-vol1/pdf/CFR-2007-title45-vol1-chapA-subchapC.pdf">164.308(b)(3)</reference>
          <reference href="https://www.gpo.gov/fdsys/pkg/CFR-2007-title45-vol1/pdf/CFR-2007-title45-vol1-chapA-subchapC.pdf">164.310(b)</reference>
          <reference href="https://www.gpo.gov/fdsys/pkg/CFR-2007-title45-vol1/pdf/CFR-2007-title45-vol1-chapA-subchapC.pdf">164.312(e)(1)</reference>
          <reference href="https://www.gpo.gov/fdsys/pkg/CFR-2007-title45-vol1/pdf/CFR-2007-title45-vol1-chapA-subchapC.pdf">164.312(e)(2)(ii)</reference>
          <reference href="https://www.isa.org/products/isa-62443-2-1-2009-security-for-industrial-automat">4.3.3.2.2</reference>
          <reference href="https://www.isa.org/products/isa-62443-2-1-2009-security-for-industrial-automat">4.3.3.5.1</reference>
          <reference href="https://www.isa.org/products/isa-62443-2-1-2009-security-for-industrial-automat">4.3.3.5.2</reference>
          <reference href="https://www.isa.org/products/isa-62443-2-1-2009-security-for-industrial-automat">4.3.3.5.3</reference>
          <reference href="https://www.isa.org/products/isa-62443-2-1-2009-security-for-industrial-automat">4.3.3.5.4</reference>
          <reference href="https://www.isa.org/products/isa-62443-2-1-2009-security-for-industrial-automat">4.3.3.5.5</reference>
          <reference href="https://www.isa.org/products/isa-62443-2-1-2009-security-for-industrial-automat">4.3.3.5.6</reference>
          <reference href="https://www.isa.org/products/isa-62443-2-1-2009-security-for-industrial-automat">4.3.3.5.7</reference>
          <reference href="https://www.isa.org/products/isa-62443-2-1-2009-security-for-industrial-automat">4.3.3.5.8</reference>
          <reference href="https://www.isa.org/products/isa-62443-2-1-2009-security-for-industrial-automat">4.3.3.6.1</reference>
          <reference href="https://www.isa.org/products/isa-62443-2-1-2009-security-for-industrial-automat">4.3.3.6.2</reference>
          <reference href="https://www.isa.org/products/isa-62443-2-1-2009-security-for-industrial-automat">4.3.3.6.3</reference>
          <reference href="https://www.isa.org/products/isa-62443-2-1-2009-security-for-industrial-automat">4.3.3.6.4</reference>
          <reference href="https://www.isa.org/products/isa-62443-2-1-2009-security-for-industrial-automat">4.3.3.6.5</reference>
          <reference href="https://www.isa.org/products/isa-62443-2-1-2009-security-for-industrial-automat">4.3.3.6.6</reference>
          <reference href="https://www.isa.org/products/isa-62443-2-1-2009-security-for-industrial-automat">4.3.3.6.7</reference>
          <reference href="https://www.isa.org/products/isa-62443-2-1-2009-security-for-industrial-automat">4.3.3.6.8</reference>
          <reference href="https://www.isa.org/products/isa-62443-2-1-2009-security-for-industrial-automat">4.3.3.6.9</reference>
          <reference href="https://www.isa.org/products/isa-62443-2-1-2009-security-for-industrial-automat">4.3.3.7.1</reference>
          <reference href="https://www.isa.org/products/isa-62443-2-1-2009-security-for-industrial-automat">4.3.3.7.2</reference>
          <reference href="https://www.isa.org/products/isa-62443-2-1-2009-security-for-industrial-automat">4.3.3.7.3</reference>
          <reference href="https://www.isa.org/products/isa-62443-2-1-2009-security-for-industrial-automat">4.3.3.7.4</reference>
          <reference href="https://www.isa.org/products/ansi-isa-62443-3-3-99-03-03-2013-security-for-indu">SR 1.1</reference>
          <reference href="https://www.isa.org/products/ansi-isa-62443-3-3-99-03-03-2013-security-for-indu">SR 1.10</reference>
          <reference href="https://www.isa.org/products/ansi-isa-62443-3-3-99-03-03-2013-security-for-indu">SR 1.11</reference>
          <reference href="https://www.isa.org/products/ansi-isa-62443-3-3-99-03-03-2013-security-for-indu">SR 1.12</reference>
          <reference href="https://www.isa.org/products/ansi-isa-62443-3-3-99-03-03-2013-security-for-indu">SR 1.13</reference>
          <reference href="https://www.isa.org/products/ansi-isa-62443-3-3-99-03-03-2013-security-for-indu">SR 1.2</reference>
          <reference href="https://www.isa.org/products/ansi-isa-62443-3-3-99-03-03-2013-security-for-indu">SR 1.3</reference>
          <reference href="https://www.isa.org/products/ansi-isa-62443-3-3-99-03-03-2013-security-for-indu">SR 1.4</reference>
          <reference href="https://www.isa.org/products/ansi-isa-62443-3-3-99-03-03-2013-security-for-indu">SR 1.5</reference>
          <reference href="https://www.isa.org/products/ansi-isa-62443-3-3-99-03-03-2013-security-for-indu">SR 1.6</reference>
          <reference href="https://www.isa.org/products/ansi-isa-62443-3-3-99-03-03-2013-security-for-indu">SR 1.7</reference>
          <reference href="https://www.isa.org/products/ansi-isa-62443-3-3-99-03-03-2013-security-for-indu">SR 1.8</reference>
          <reference href="https://www.isa.org/products/ansi-isa-62443-3-3-99-03-03-2013-security-for-indu">SR 1.9</reference>
          <reference href="https://www.isa.org/products/ansi-isa-62443-3-3-99-03-03-2013-security-for-indu">SR 2.1</reference>
          <reference href="https://www.isa.org/products/ansi-isa-62443-3-3-99-03-03-2013-security-for-indu">SR 2.2</reference>
          <reference href="https://www.isa.org/products/ansi-isa-62443-3-3-99-03-03-2013-security-for-indu">SR 2.3</reference>
          <reference href="https://www.isa.org/products/ansi-isa-62443-3-3-99-03-03-2013-security-for-indu">SR 2.4</reference>
          <reference href="https://www.isa.org/products/ansi-isa-62443-3-3-99-03-03-2013-security-for-indu">SR 2.5</reference>
          <reference href="https://www.isa.org/products/ansi-isa-62443-3-3-99-03-03-2013-security-for-indu">SR 2.6</reference>
          <reference href="https://www.isa.org/products/ansi-isa-62443-3-3-99-03-03-2013-security-for-indu">SR 2.7</reference>
          <reference href="https://www.isa.org/products/ansi-isa-62443-3-3-99-03-03-2013-security-for-indu">SR 5.2</reference>
          <reference href="https://www.iso.org/contents/data/standard/05/45/54534.html">A.10.1.1</reference>
          <reference href="https://www.iso.org/contents/data/standard/05/45/54534.html">A.11.1.4</reference>
          <reference href="https://www.iso.org/contents/data/standard/05/45/54534.html">A.11.1.5</reference>
          <reference href="https://www.iso.org/contents/data/standard/05/45/54534.html">A.11.2.1</reference>
          <reference href="https://www.iso.org/contents/data/standard/05/45/54534.html">A.13.1.1</reference>
          <reference href="https://www.iso.org/contents/data/standard/05/45/54534.html">A.13.1.3</reference>
          <reference href="https://www.iso.org/contents/data/standard/05/45/54534.html">A.13.2.1</reference>
          <reference href="https://www.iso.org/contents/data/standard/05/45/54534.html">A.13.2.3</reference>
          <reference href="https://www.iso.org/contents/data/standard/05/45/54534.html">A.13.2.4</reference>
          <reference href="https://www.iso.org/contents/data/standard/05/45/54534.html">A.14.1.2</reference>
          <reference href="https://www.iso.org/contents/data/standard/05/45/54534.html">A.14.1.3</reference>
          <reference href="https://www.iso.org/contents/data/standard/05/45/54534.html">A.18.1.4</reference>
          <reference href="https://www.iso.org/contents/data/standard/05/45/54534.html">A.6.1.2</reference>
          <reference href="https://www.iso.org/contents/data/standard/05/45/54534.html">A.7.1.1</reference>
          <reference href="https://www.iso.org/contents/data/standard/05/45/54534.html">A.7.1.2</reference>
          <reference href="https://www.iso.org/contents/data/standard/05/45/54534.html">A.7.3.1</reference>
          <reference href="https://www.iso.org/contents/data/standard/05/45/54534.html">A.8.2.2</reference>
          <reference href="https://www.iso.org/contents/data/standard/05/45/54534.html">A.8.2.3</reference>
          <reference href="https://www.iso.org/contents/data/standard/05/45/54534.html">A.9.1.1</reference>
          <reference href="https://www.iso.org/contents/data/standard/05/45/54534.html">A.9.1.2</reference>
          <reference href="https://www.iso.org/contents/data/standard/05/45/54534.html">A.9.2.1</reference>
          <reference href="https://www.iso.org/contents/data/standard/05/45/54534.html">A.9.2.2</reference>
          <reference href="https://www.iso.org/contents/data/standard/05/45/54534.html">A.9.2.3</reference>
          <reference href="https://www.iso.org/contents/data/standard/05/45/54534.html">A.9.2.4</reference>
          <reference href="https://www.iso.org/contents/data/standard/05/45/54534.html">A.9.2.6</reference>
          <reference href="https://www.iso.org/contents/data/standard/05/45/54534.html">A.9.3.1</reference>
          <reference href="https://www.iso.org/contents/data/standard/05/45/54534.html">A.9.4.1</reference>
          <reference href="https://www.iso.org/contents/data/standard/05/45/54534.html">A.9.4.2</reference>
          <reference href="https://www.iso.org/contents/data/standard/05/45/54534.html">A.9.4.3</reference>
          <reference href="https://www.iso.org/contents/data/standard/05/45/54534.html">A.9.4.4</reference>
          <reference href="https://www.iso.org/contents/data/standard/05/45/54534.html">A.9.4.5</reference>
          <reference href="https://www.nerc.com/pa/Stand/AlignRep/One%20Stop%20Shop.xlsx">CIP-003-8 R5.1.1</reference>
          <reference href="https://www.nerc.com/pa/Stand/AlignRep/One%20Stop%20Shop.xlsx">CIP-003-8 R5.3</reference>
          <reference href="https://www.nerc.com/pa/Stand/AlignRep/One%20Stop%20Shop.xlsx">CIP-004-6 R2.2.3</reference>
          <reference href="https://www.nerc.com/pa/Stand/AlignRep/One%20Stop%20Shop.xlsx">CIP-004-6 R2.3</reference>
          <reference href="https://www.nerc.com/pa/Stand/AlignRep/One%20Stop%20Shop.xlsx">CIP-007-3 R2.1</reference>
          <reference href="https://www.nerc.com/pa/Stand/AlignRep/One%20Stop%20Shop.xlsx">CIP-007-3 R2.2</reference>
          <reference href="https://www.nerc.com/pa/Stand/AlignRep/One%20Stop%20Shop.xlsx">CIP-007-3 R2.3</reference>
          <reference href="https://www.nerc.com/pa/Stand/AlignRep/One%20Stop%20Shop.xlsx">CIP-007-3 R5.1</reference>
          <reference href="https://www.nerc.com/pa/Stand/AlignRep/One%20Stop%20Shop.xlsx">CIP-007-3 R5.1.1</reference>
          <reference href="https://www.nerc.com/pa/Stand/AlignRep/One%20Stop%20Shop.xlsx">CIP-007-3 R5.1.2</reference>
          <reference href="https://www.nerc.com/pa/Stand/AlignRep/One%20Stop%20Shop.xlsx">CIP-007-3 R5.2</reference>
          <reference href="https://www.nerc.com/pa/Stand/AlignRep/One%20Stop%20Shop.xlsx">CIP-007-3 R5.3.1</reference>
          <reference href="https://www.nerc.com/pa/Stand/AlignRep/One%20Stop%20Shop.xlsx">CIP-007-3 R5.3.2</reference>
          <reference href="https://www.nerc.com/pa/Stand/AlignRep/One%20Stop%20Shop.xlsx">CIP-007-3 R5.3.3</reference>
          <reference href="http://nvlpubs.nist.gov/nistpubs/SpecialPublications/NIST.SP.800-53r4.pdf">AC-6(2)</reference>
          <reference href="http://nvlpubs.nist.gov/nistpubs/SpecialPublications/NIST.SP.800-53r4.pdf">AC-17(a)</reference>
          <reference href="http://nvlpubs.nist.gov/nistpubs/SpecialPublications/NIST.SP.800-53r4.pdf">IA-2</reference>
          <reference href="http://nvlpubs.nist.gov/nistpubs/SpecialPublications/NIST.SP.800-53r4.pdf">IA-2(5)</reference>
          <reference href="http://nvlpubs.nist.gov/nistpubs/SpecialPublications/NIST.SP.800-53r4.pdf">CM-7(a)</reference>
          <reference href="http://nvlpubs.nist.gov/nistpubs/SpecialPublications/NIST.SP.800-53r4.pdf">CM-7(b)</reference>
          <reference href="http://nvlpubs.nist.gov/nistpubs/SpecialPublications/NIST.SP.800-53r4.pdf">CM-6(a)</reference>
          <reference href="https://nvlpubs.nist.gov/nistpubs/CSWP/NIST.CSWP.04162018.pdf">PR.AC-1</reference>
          <reference href="https://nvlpubs.nist.gov/nistpubs/CSWP/NIST.CSWP.04162018.pdf">PR.AC-4</reference>
          <reference href="https://nvlpubs.nist.gov/nistpubs/CSWP/NIST.CSWP.04162018.pdf">PR.AC-6</reference>
          <reference href="https://nvlpubs.nist.gov/nistpubs/CSWP/NIST.CSWP.04162018.pdf">PR.AC-7</reference>
          <reference href="https://nvlpubs.nist.gov/nistpubs/CSWP/NIST.CSWP.04162018.pdf">PR.DS-5</reference>
          <reference href="https://nvlpubs.nist.gov/nistpubs/CSWP/NIST.CSWP.04162018.pdf">PR.PT-3</reference>
          <reference href="https://www.niap-ccevs.org/Profile/PP.cfm">FAU_GEN.1</reference>
          <reference href="https://www.pcisecuritystandards.org/documents/PCI_DSS_v3-2-1.pdf">Req-2.2.4</reference>
          <reference href="https://public.cyber.mil/stigs/downloads/?_dl_facet_stigs=operating-systems%2Cgeneral-purpose-os">SRG-OS-000109-GPOS-00056</reference>
          <reference href="https://public.cyber.mil/stigs/downloads/?_dl_facet_stigs=operating-systems%2Cgeneral-purpose-os">SRG-OS-000480-GPOS-00227</reference>
          <reference href="https://public.cyber.mil/stigs/downloads/?_dl_facet_stigs=container-platform">SRG-APP-000148-CTR-000335</reference>
          <reference href="https://public.cyber.mil/stigs/downloads/?_dl_facet_stigs=container-platform">SRG-APP-000190-CTR-000500</reference>
          <reference href="https://cyber.gouv.fr/sites/default/files/document/linux_configuration-en-v2.pdf">R33</reference>
          <reference href="https://www.cisecurity.org/benchmark/ubuntu_linux/">5.1.20</reference>
          <reference href="https://docs-prv.pcisecuritystandards.org/PCI%20DSS/Standard/PCI-DSS-v4_0.pdf">2.2.6</reference>
          <reference href="https://docs-prv.pcisecuritystandards.org/PCI%20DSS/Standard/PCI-DSS-v4_0.pdf">2.2</reference>
          <rationale xmlns:xhtml="http://www.w3.org/1999/xhtml" xml:lang="en-US">Even though the communications channel may be encrypted, an additional layer of
security is gained by extending the policy of not logging directly on as root.
In addition, logging in with a user-specific account provides individual
accountability of actions performed on the system and also helps to minimize
direct attack attempts on root's password.</rationale>
          <fix xmlns:xhtml="http://www.w3.org/1999/xhtml" id="sshd_disable_root_login" system="urn:xccdf:fix:script:ansible" complexity="low" disruption="low" strategy="restrict">- name: Gather the package facts
  package_facts:
    manager: auto
  tags:
  - CJIS-5.5.6
  - NIST-800-171-3.1.1
  - NIST-800-171-3.1.5
  - NIST-800-53-AC-17(a)
  - NIST-800-53-AC-6(2)
  - NIST-800-53-CM-6(a)
  - NIST-800-53-CM-7(a)
  - NIST-800-53-CM-7(b)
  - NIST-800-53-IA-2
  - NIST-800-53-IA-2(5)
  - PCI-DSS-Req-2.2.4
  - PCI-DSSv4-2.2
  - PCI-DSSv4-2.2.6
  - low_complexity
  - low_disruption
  - medium_severity
  - no_reboot_needed
  - restrict_strategy
  - sshd_disable_root_login

- name: Disable SSH Root Login
  block:

  - name: Deduplicate values from /etc/ssh/sshd_config
    lineinfile:
      path: /etc/ssh/sshd_config
      create: false
      regexp: (?i)(?i)^\s*{{ "PermitRootLogin"| regex_escape }}\s+
      state: absent

  - name: Check if /etc/ssh/sshd_config.d exists
    stat:
      path: /etc/ssh/sshd_config.d
    register: _etc_ssh_sshd_config_d_exists

  - name: Check if the parameter PermitRootLogin is present in /etc/ssh/sshd_config.d
    find:
      paths: /etc/ssh/sshd_config.d
      recurse: 'yes'
      follow: 'no'
      contains: (?i)^\s*{{ "PermitRootLogin"| regex_escape }}\s+
    register: _etc_ssh_sshd_config_d_has_parameter
    when: _etc_ssh_sshd_config_d_exists.stat.isdir is defined and _etc_ssh_sshd_config_d_exists.stat.isdir

  - name: Remove parameter from files in /etc/ssh/sshd_config.d
    lineinfile:
      path: '{{ item.path }}'
      create: false
      regexp: (?i)(?i)^\s*{{ "PermitRootLogin"| regex_escape }}\s+
      state: absent
    with_items: '{{ _etc_ssh_sshd_config_d_has_parameter.files }}'
    when: _etc_ssh_sshd_config_d_has_parameter.matched

  - name: Insert correct line to /etc/ssh/sshd_config.d/00-complianceascode-hardening.conf
    lineinfile:
      path: /etc/ssh/sshd_config.d/00-complianceascode-hardening.conf
      create: true
      regexp: (?i)(?i)^\s*{{ "PermitRootLogin"| regex_escape }}\s+
      line: PermitRootLogin no
      state: present
      insertbefore: BOF
      validate: /usr/sbin/sshd -t -f %s
  when: '"linux-base" in ansible_facts.packages'
  tags:
  - CJIS-5.5.6
  - NIST-800-171-3.1.1
  - NIST-800-171-3.1.5
  - NIST-800-53-AC-17(a)
  - NIST-800-53-AC-6(2)
  - NIST-800-53-CM-6(a)
  - NIST-800-53-CM-7(a)
  - NIST-800-53-CM-7(b)
  - NIST-800-53-IA-2
  - NIST-800-53-IA-2(5)
  - PCI-DSS-Req-2.2.4
  - PCI-DSSv4-2.2
  - PCI-DSSv4-2.2.6
  - low_complexity
  - low_disruption
  - medium_severity
  - no_reboot_needed
  - restrict_strategy
  - sshd_disable_root_login

- name: Disable SSH Root Login - set file mode for /etc/ssh/sshd_config.d/00-complianceascode-hardening.conf
  ansible.builtin.file:
    path: /etc/ssh/sshd_config.d/00-complianceascode-hardening.conf
    mode: '0600'
  when: '"linux-base" in ansible_facts.packages'
  tags:
  - CJIS-5.5.6
  - NIST-800-171-3.1.1
  - NIST-800-171-3.1.5
  - NIST-800-53-AC-17(a)
  - NIST-800-53-AC-6(2)
  - NIST-800-53-CM-6(a)
  - NIST-800-53-CM-7(a)
  - NIST-800-53-CM-7(b)
  - NIST-800-53-IA-2
  - NIST-800-53-IA-2(5)
  - PCI-DSS-Req-2.2.4
  - PCI-DSSv4-2.2
  - PCI-DSSv4-2.2.6
  - low_complexity
  - low_disruption
  - medium_severity
  - no_reboot_needed
  - restrict_strategy
  - sshd_disable_root_login
</fix>
          <fix xmlns:xhtml="http://www.w3.org/1999/xhtml" id="sshd_disable_root_login" system="urn:xccdf:fix:script:sh" complexity="low" disruption="low" strategy="restrict"># Remediation is applicable only in certain platforms
if dpkg-query --show --showformat='${db:Status-Status}
' 'linux-base' 2&gt;/dev/null | grep -q ^installed; then

mkdir -p /etc/ssh/sshd_config.d
touch /etc/ssh/sshd_config.d/00-complianceascode-hardening.conf
chmod 0600 /etc/ssh/sshd_config.d/00-complianceascode-hardening.conf

LC_ALL=C sed -i "/^\s*PermitRootLogin\s\+/Id" "/etc/ssh/sshd_config"
LC_ALL=C sed -i "/^\s*PermitRootLogin\s\+/Id" "/etc/ssh/sshd_config.d"/*.conf
if [ -e "/etc/ssh/sshd_config.d/00-complianceascode-hardening.conf" ] ; then
    
    LC_ALL=C sed -i "/^\s*PermitRootLogin\s\+/Id" "/etc/ssh/sshd_config.d/00-complianceascode-hardening.conf"
else
    touch "/etc/ssh/sshd_config.d/00-complianceascode-hardening.conf"
fi
# make sure file has newline at the end
sed -i -e '$a\' "/etc/ssh/sshd_config.d/00-complianceascode-hardening.conf"

cp "/etc/ssh/sshd_config.d/00-complianceascode-hardening.conf" "/etc/ssh/sshd_config.d/00-complianceascode-hardening.conf.bak"
# Insert at the beginning of the file
printf '%s\n' "PermitRootLogin no" &gt; "/etc/ssh/sshd_config.d/00-complianceascode-hardening.conf"
cat "/etc/ssh/sshd_config.d/00-complianceascode-hardening.conf.bak" &gt;&gt; "/etc/ssh/sshd_config.d/00-complianceascode-hardening.conf"
# Clean up after ourselves.
rm "/etc/ssh/sshd_config.d/00-complianceascode-hardening.conf.bak"

else
    &gt;&amp;2 echo 'Remediation is not applicable, nothing was done'
fi
</fix>
          <check system="http://oval.mitre.org/XMLSchema/oval-definitions-5">
            <check-export export-name="oval:ssg-sshd_required:var:1" value-id="xccdf_org.ssgproject.content_value_sshd_required"/>
            <check-content-ref name="oval:ssg-sshd_disable_root_login:def:1" href="ssg-ubuntu2404-oval.xml"/>
          </check>
          <check system="http://scap.nist.gov/schema/ocil/2">
            <check-content-ref name="ocil:ssg-sshd_disable_root_login_ocil:questionnaire:1" href="ssg-ubuntu2404-ocil.xml"/>
          </check>
        </Rule>
        <Rule id="xccdf_org.ssgproject.content_rule_sshd_do_not_permit_user_env" selected="false" role="full" severity="medium">
          <title xmlns:xhtml="http://www.w3.org/1999/xhtml" xml:lang="en-US">Do Not Allow SSH Environment Options</title>
          <description xmlns:xhtml="http://www.w3.org/1999/xhtml" xml:lang="en-US">Ensure that users are not able to override environment variables of the SSH daemon.
<html:br xmlns:html="http://www.w3.org/1999/xhtml"/>
The default SSH configuration disables environment processing. The appropriate
configuration is used if no value is set for <html:code xmlns:html="http://www.w3.org/1999/xhtml">PermitUserEnvironment</html:code>.
<html:br xmlns:html="http://www.w3.org/1999/xhtml"/>
To explicitly disable Environment options, add or correct the following


<html:code xmlns:html="http://www.w3.org/1999/xhtml">/etc/ssh/sshd_config.d/00-complianceascode-hardening.conf</html:code>:

<html:pre xmlns:html="http://www.w3.org/1999/xhtml">PermitUserEnvironment no</html:pre>
       </description>
          <reference href="https://www.cisecurity.org/controls/">11</reference>
          <reference href="https://www.cisecurity.org/controls/">3</reference>
          <reference href="https://www.cisecurity.org/controls/">9</reference>
          <reference href="https://www.fbi.gov/file-repository/cjis-security-policy-v5_5_20160601-2-1.pdf">5.5.6</reference>
          <reference href="https://www.isaca.org/resources/cobit">BAI10.01</reference>
          <reference href="https://www.isaca.org/resources/cobit">BAI10.02</reference>
          <reference href="https://www.isaca.org/resources/cobit">BAI10.03</reference>
          <reference href="https://www.isaca.org/resources/cobit">BAI10.05</reference>
          <reference href="http://nvlpubs.nist.gov/nistpubs/SpecialPublications/NIST.SP.800-171.pdf">3.1.12</reference>
          <reference href="https://public.cyber.mil/stigs/cci/">CCI-000366</reference>
          <reference href="https://www.gpo.gov/fdsys/pkg/CFR-2007-title45-vol1/pdf/CFR-2007-title45-vol1-chapA-subchapC.pdf">164.308(a)(4)(i)</reference>
          <reference href="https://www.gpo.gov/fdsys/pkg/CFR-2007-title45-vol1/pdf/CFR-2007-title45-vol1-chapA-subchapC.pdf">164.308(b)(1)</reference>
          <reference href="https://www.gpo.gov/fdsys/pkg/CFR-2007-title45-vol1/pdf/CFR-2007-title45-vol1-chapA-subchapC.pdf">164.308(b)(3)</reference>
          <reference href="https://www.gpo.gov/fdsys/pkg/CFR-2007-title45-vol1/pdf/CFR-2007-title45-vol1-chapA-subchapC.pdf">164.310(b)</reference>
          <reference href="https://www.gpo.gov/fdsys/pkg/CFR-2007-title45-vol1/pdf/CFR-2007-title45-vol1-chapA-subchapC.pdf">164.312(e)(1)</reference>
          <reference href="https://www.gpo.gov/fdsys/pkg/CFR-2007-title45-vol1/pdf/CFR-2007-title45-vol1-chapA-subchapC.pdf">164.312(e)(2)(ii)</reference>
          <reference href="https://www.isa.org/products/isa-62443-2-1-2009-security-for-industrial-automat">4.3.4.3.2</reference>
          <reference href="https://www.isa.org/products/isa-62443-2-1-2009-security-for-industrial-automat">4.3.4.3.3</reference>
          <reference href="https://www.isa.org/products/ansi-isa-62443-3-3-99-03-03-2013-security-for-indu">SR 7.6</reference>
          <reference href="https://www.iso.org/contents/data/standard/05/45/54534.html">A.12.1.2</reference>
          <reference href="https://www.iso.org/contents/data/standard/05/45/54534.html">A.12.5.1</reference>
          <reference href="https://www.iso.org/contents/data/standard/05/45/54534.html">A.12.6.2</reference>
          <reference href="https://www.iso.org/contents/data/standard/05/45/54534.html">A.14.2.2</reference>
          <reference href="https://www.iso.org/contents/data/standard/05/45/54534.html">A.14.2.3</reference>
          <reference href="https://www.iso.org/contents/data/standard/05/45/54534.html">A.14.2.4</reference>
          <reference href="http://nvlpubs.nist.gov/nistpubs/SpecialPublications/NIST.SP.800-53r4.pdf">AC-17(a)</reference>
          <reference href="http://nvlpubs.nist.gov/nistpubs/SpecialPublications/NIST.SP.800-53r4.pdf">CM-7(a)</reference>
          <reference href="http://nvlpubs.nist.gov/nistpubs/SpecialPublications/NIST.SP.800-53r4.pdf">CM-7(b)</reference>
          <reference href="http://nvlpubs.nist.gov/nistpubs/SpecialPublications/NIST.SP.800-53r4.pdf">CM-6(a)</reference>
          <reference href="https://nvlpubs.nist.gov/nistpubs/CSWP/NIST.CSWP.04162018.pdf">PR.IP-1</reference>
          <reference href="https://www.pcisecuritystandards.org/documents/PCI_DSS_v3-2-1.pdf">Req-2.2.4</reference>
          <reference href="https://public.cyber.mil/stigs/downloads/?_dl_facet_stigs=operating-systems%2Cgeneral-purpose-os">SRG-OS-000480-GPOS-00229</reference>
          <reference href="https://www.cisecurity.org/benchmark/ubuntu_linux/">5.1.21</reference>
          <reference href="https://docs-prv.pcisecuritystandards.org/PCI%20DSS/Standard/PCI-DSS-v4_0.pdf">2.2.6</reference>
          <reference href="https://docs-prv.pcisecuritystandards.org/PCI%20DSS/Standard/PCI-DSS-v4_0.pdf">2.2</reference>
          <rationale xmlns:xhtml="http://www.w3.org/1999/xhtml" xml:lang="en-US">SSH environment options potentially allow users to bypass
access restriction in some configurations.</rationale>
          <fix xmlns:xhtml="http://www.w3.org/1999/xhtml" id="sshd_do_not_permit_user_env" system="urn:xccdf:fix:script:ansible" complexity="low" disruption="low" strategy="restrict">- name: Gather the package facts
  package_facts:
    manager: auto
  tags:
  - CJIS-5.5.6
  - NIST-800-171-3.1.12
  - NIST-800-53-AC-17(a)
  - NIST-800-53-CM-6(a)
  - NIST-800-53-CM-7(a)
  - NIST-800-53-CM-7(b)
  - PCI-DSS-Req-2.2.4
  - PCI-DSSv4-2.2
  - PCI-DSSv4-2.2.6
  - low_complexity
  - low_disruption
  - medium_severity
  - no_reboot_needed
  - restrict_strategy
  - sshd_do_not_permit_user_env

- name: Do Not Allow SSH Environment Options
  block:

  - name: Deduplicate values from /etc/ssh/sshd_config
    lineinfile:
      path: /etc/ssh/sshd_config
      create: false
      regexp: (?i)(?i)^\s*{{ "PermitUserEnvironment"| regex_escape }}\s+
      state: absent

  - name: Check if /etc/ssh/sshd_config.d exists
    stat:
      path: /etc/ssh/sshd_config.d
    register: _etc_ssh_sshd_config_d_exists

  - name: Check if the parameter PermitUserEnvironment is present in /etc/ssh/sshd_config.d
    find:
      paths: /etc/ssh/sshd_config.d
      recurse: 'yes'
      follow: 'no'
      contains: (?i)^\s*{{ "PermitUserEnvironment"| regex_escape }}\s+
    register: _etc_ssh_sshd_config_d_has_parameter
    when: _etc_ssh_sshd_config_d_exists.stat.isdir is defined and _etc_ssh_sshd_config_d_exists.stat.isdir

  - name: Remove parameter from files in /etc/ssh/sshd_config.d
    lineinfile:
      path: '{{ item.path }}'
      create: false
      regexp: (?i)(?i)^\s*{{ "PermitUserEnvironment"| regex_escape }}\s+
      state: absent
    with_items: '{{ _etc_ssh_sshd_config_d_has_parameter.files }}'
    when: _etc_ssh_sshd_config_d_has_parameter.matched

  - name: Insert correct line to /etc/ssh/sshd_config.d/01-complianceascode-reinforce-os-defaults.conf
    lineinfile:
      path: /etc/ssh/sshd_config.d/01-complianceascode-reinforce-os-defaults.conf
      create: true
      regexp: (?i)(?i)^\s*{{ "PermitUserEnvironment"| regex_escape }}\s+
      line: PermitUserEnvironment no
      state: present
      insertbefore: BOF
      validate: /usr/sbin/sshd -t -f %s
  when: '"linux-base" in ansible_facts.packages'
  tags:
  - CJIS-5.5.6
  - NIST-800-171-3.1.12
  - NIST-800-53-AC-17(a)
  - NIST-800-53-CM-6(a)
  - NIST-800-53-CM-7(a)
  - NIST-800-53-CM-7(b)
  - PCI-DSS-Req-2.2.4
  - PCI-DSSv4-2.2
  - PCI-DSSv4-2.2.6
  - low_complexity
  - low_disruption
  - medium_severity
  - no_reboot_needed
  - restrict_strategy
  - sshd_do_not_permit_user_env

- name: Do Not Allow SSH Environment Options - set file mode for /etc/ssh/sshd_config.d/01-complianceascode-reinforce-os-defaults.conf
  ansible.builtin.file:
    path: /etc/ssh/sshd_config.d/01-complianceascode-reinforce-os-defaults.conf
    mode: '0600'
  when: '"linux-base" in ansible_facts.packages'
  tags:
  - CJIS-5.5.6
  - NIST-800-171-3.1.12
  - NIST-800-53-AC-17(a)
  - NIST-800-53-CM-6(a)
  - NIST-800-53-CM-7(a)
  - NIST-800-53-CM-7(b)
  - PCI-DSS-Req-2.2.4
  - PCI-DSSv4-2.2
  - PCI-DSSv4-2.2.6
  - low_complexity
  - low_disruption
  - medium_severity
  - no_reboot_needed
  - restrict_strategy
  - sshd_do_not_permit_user_env
</fix>
          <fix xmlns:xhtml="http://www.w3.org/1999/xhtml" id="sshd_do_not_permit_user_env" system="urn:xccdf:fix:script:sh" complexity="low" disruption="low" strategy="restrict"># Remediation is applicable only in certain platforms
if dpkg-query --show --showformat='${db:Status-Status}
' 'linux-base' 2&gt;/dev/null | grep -q ^installed; then

mkdir -p /etc/ssh/sshd_config.d
touch /etc/ssh/sshd_config.d/01-complianceascode-reinforce-os-defaults.conf
chmod 0600 /etc/ssh/sshd_config.d/01-complianceascode-reinforce-os-defaults.conf

LC_ALL=C sed -i "/^\s*PermitUserEnvironment\s\+/Id" "/etc/ssh/sshd_config"
LC_ALL=C sed -i "/^\s*PermitUserEnvironment\s\+/Id" "/etc/ssh/sshd_config.d"/*.conf
if [ -e "/etc/ssh/sshd_config.d/01-complianceascode-reinforce-os-defaults.conf" ] ; then
    
    LC_ALL=C sed -i "/^\s*PermitUserEnvironment\s\+/Id" "/etc/ssh/sshd_config.d/01-complianceascode-reinforce-os-defaults.conf"
else
    touch "/etc/ssh/sshd_config.d/01-complianceascode-reinforce-os-defaults.conf"
fi
# make sure file has newline at the end
sed -i -e '$a\' "/etc/ssh/sshd_config.d/01-complianceascode-reinforce-os-defaults.conf"

cp "/etc/ssh/sshd_config.d/01-complianceascode-reinforce-os-defaults.conf" "/etc/ssh/sshd_config.d/01-complianceascode-reinforce-os-defaults.conf.bak"
# Insert at the beginning of the file
printf '%s\n' "PermitUserEnvironment no" &gt; "/etc/ssh/sshd_config.d/01-complianceascode-reinforce-os-defaults.conf"
cat "/etc/ssh/sshd_config.d/01-complianceascode-reinforce-os-defaults.conf.bak" &gt;&gt; "/etc/ssh/sshd_config.d/01-complianceascode-reinforce-os-defaults.conf"
# Clean up after ourselves.
rm "/etc/ssh/sshd_config.d/01-complianceascode-reinforce-os-defaults.conf.bak"

else
    &gt;&amp;2 echo 'Remediation is not applicable, nothing was done'
fi
</fix>
          <check system="http://oval.mitre.org/XMLSchema/oval-definitions-5">
            <check-export export-name="oval:ssg-sshd_required:var:1" value-id="xccdf_org.ssgproject.content_value_sshd_required"/>
            <check-content-ref name="oval:ssg-sshd_do_not_permit_user_env:def:1" href="ssg-ubuntu2404-oval.xml"/>
          </check>
          <check system="http://scap.nist.gov/schema/ocil/2">
            <check-content-ref name="ocil:ssg-sshd_do_not_permit_user_env_ocil:questionnaire:1" href="ssg-ubuntu2404-ocil.xml"/>
          </check>
        </Rule>
        <Rule id="xccdf_org.ssgproject.content_rule_sshd_enable_pam" selected="false" role="full" severity="medium">
          <title xmlns:xhtml="http://www.w3.org/1999/xhtml" xml:lang="en-US">Enable PAM</title>
          <description xmlns:xhtml="http://www.w3.org/1999/xhtml" xml:lang="en-US">UsePAM Enables the Pluggable Authentication Module interface. If set to “yes” this will
enable PAM authentication using ChallengeResponseAuthentication and
PasswordAuthentication in addition to PAM account and session module processing for all
authentication types.

To enable PAM authentication, add or correct the following line in


<html:code xmlns:html="http://www.w3.org/1999/xhtml">/etc/ssh/sshd_config.d/00-complianceascode-hardening.conf</html:code>:

<html:pre xmlns:html="http://www.w3.org/1999/xhtml">UsePAM yes</html:pre>
       </description>
          <reference href="https://public.cyber.mil/stigs/cci/">CCI-000877</reference>
          <reference href="https://public.cyber.mil/stigs/downloads/?_dl_facet_stigs=operating-systems%2Cgeneral-purpose-os">SRG-OS-000125-GPOS-00065</reference>
          <reference href="https://www.cisecurity.org/benchmark/ubuntu_linux/">5.1.22</reference>
          <reference href="https://docs-prv.pcisecuritystandards.org/PCI%20DSS/Standard/PCI-DSS-v4_0.pdf">2.2.6</reference>
          <reference href="https://docs-prv.pcisecuritystandards.org/PCI%20DSS/Standard/PCI-DSS-v4_0.pdf">2.2</reference>
          <rationale xmlns:xhtml="http://www.w3.org/1999/xhtml" xml:lang="en-US">When UsePAM is set to yes, PAM runs through account and session types properly. This is
important if you want to restrict access to services based off of IP, time or other factors of
the account. Additionally, you can make sure users inherit certain environment variables
on login or disallow access to the server.</rationale>
          <fix xmlns:xhtml="http://www.w3.org/1999/xhtml" id="sshd_enable_pam" system="urn:xccdf:fix:script:ansible" complexity="low" disruption="low" strategy="restrict">- name: Gather the package facts
  package_facts:
    manager: auto
  tags:
  - PCI-DSSv4-2.2
  - PCI-DSSv4-2.2.6
  - low_complexity
  - low_disruption
  - medium_severity
  - no_reboot_needed
  - restrict_strategy
  - sshd_enable_pam

- name: Enable PAM
  block:

  - name: Deduplicate values from /etc/ssh/sshd_config
    lineinfile:
      path: /etc/ssh/sshd_config
      create: false
      regexp: (?i)(?i)^\s*{{ "UsePAM"| regex_escape }}\s+
      state: absent

  - name: Check if /etc/ssh/sshd_config.d exists
    stat:
      path: /etc/ssh/sshd_config.d
    register: _etc_ssh_sshd_config_d_exists

  - name: Check if the parameter UsePAM is present in /etc/ssh/sshd_config.d
    find:
      paths: /etc/ssh/sshd_config.d
      recurse: 'yes'
      follow: 'no'
      contains: (?i)^\s*{{ "UsePAM"| regex_escape }}\s+
    register: _etc_ssh_sshd_config_d_has_parameter
    when: _etc_ssh_sshd_config_d_exists.stat.isdir is defined and _etc_ssh_sshd_config_d_exists.stat.isdir

  - name: Remove parameter from files in /etc/ssh/sshd_config.d
    lineinfile:
      path: '{{ item.path }}'
      create: false
      regexp: (?i)(?i)^\s*{{ "UsePAM"| regex_escape }}\s+
      state: absent
    with_items: '{{ _etc_ssh_sshd_config_d_has_parameter.files }}'
    when: _etc_ssh_sshd_config_d_has_parameter.matched

  - name: Insert correct line to /etc/ssh/sshd_config.d/00-complianceascode-hardening.conf
    lineinfile:
      path: /etc/ssh/sshd_config.d/00-complianceascode-hardening.conf
      create: true
      regexp: (?i)(?i)^\s*{{ "UsePAM"| regex_escape }}\s+
      line: UsePAM yes
      state: present
      insertbefore: BOF
      validate: /usr/sbin/sshd -t -f %s
  when: '"linux-base" in ansible_facts.packages'
  tags:
  - PCI-DSSv4-2.2
  - PCI-DSSv4-2.2.6
  - low_complexity
  - low_disruption
  - medium_severity
  - no_reboot_needed
  - restrict_strategy
  - sshd_enable_pam

- name: Enable PAM - set file mode for /etc/ssh/sshd_config.d/00-complianceascode-hardening.conf
  ansible.builtin.file:
    path: /etc/ssh/sshd_config.d/00-complianceascode-hardening.conf
    mode: '0600'
  when: '"linux-base" in ansible_facts.packages'
  tags:
  - PCI-DSSv4-2.2
  - PCI-DSSv4-2.2.6
  - low_complexity
  - low_disruption
  - medium_severity
  - no_reboot_needed
  - restrict_strategy
  - sshd_enable_pam
</fix>
          <fix xmlns:xhtml="http://www.w3.org/1999/xhtml" id="sshd_enable_pam" system="urn:xccdf:fix:script:sh" complexity="low" disruption="low" strategy="restrict"># Remediation is applicable only in certain platforms
if dpkg-query --show --showformat='${db:Status-Status}
' 'linux-base' 2&gt;/dev/null | grep -q ^installed; then

mkdir -p /etc/ssh/sshd_config.d
touch /etc/ssh/sshd_config.d/00-complianceascode-hardening.conf
chmod 0600 /etc/ssh/sshd_config.d/00-complianceascode-hardening.conf

LC_ALL=C sed -i "/^\s*UsePAM\s\+/Id" "/etc/ssh/sshd_config"
LC_ALL=C sed -i "/^\s*UsePAM\s\+/Id" "/etc/ssh/sshd_config.d"/*.conf
if [ -e "/etc/ssh/sshd_config.d/00-complianceascode-hardening.conf" ] ; then
    
    LC_ALL=C sed -i "/^\s*UsePAM\s\+/Id" "/etc/ssh/sshd_config.d/00-complianceascode-hardening.conf"
else
    touch "/etc/ssh/sshd_config.d/00-complianceascode-hardening.conf"
fi
# make sure file has newline at the end
sed -i -e '$a\' "/etc/ssh/sshd_config.d/00-complianceascode-hardening.conf"

cp "/etc/ssh/sshd_config.d/00-complianceascode-hardening.conf" "/etc/ssh/sshd_config.d/00-complianceascode-hardening.conf.bak"
# Insert at the beginning of the file
printf '%s\n' "UsePAM yes" &gt; "/etc/ssh/sshd_config.d/00-complianceascode-hardening.conf"
cat "/etc/ssh/sshd_config.d/00-complianceascode-hardening.conf.bak" &gt;&gt; "/etc/ssh/sshd_config.d/00-complianceascode-hardening.conf"
# Clean up after ourselves.
rm "/etc/ssh/sshd_config.d/00-complianceascode-hardening.conf.bak"

else
    &gt;&amp;2 echo 'Remediation is not applicable, nothing was done'
fi
</fix>
          <check system="http://oval.mitre.org/XMLSchema/oval-definitions-5">
            <check-export export-name="oval:ssg-sshd_required:var:1" value-id="xccdf_org.ssgproject.content_value_sshd_required"/>
            <check-content-ref name="oval:ssg-sshd_enable_pam:def:1" href="ssg-ubuntu2404-oval.xml"/>
          </check>
          <check system="http://scap.nist.gov/schema/ocil/2">
            <check-content-ref name="ocil:ssg-sshd_enable_pam_ocil:questionnaire:1" href="ssg-ubuntu2404-ocil.xml"/>
          </check>
        </Rule>
        <Rule id="xccdf_org.ssgproject.content_rule_sshd_enable_warning_banner_net" selected="false" role="full" severity="medium">
          <title xmlns:xhtml="http://www.w3.org/1999/xhtml" xml:lang="en-US">Enable SSH Warning Banner</title>
          <description xmlns:xhtml="http://www.w3.org/1999/xhtml" xml:lang="en-US">To enable the warning banner and ensure it is consistent
across the system, add or correct the following line in

<html:code xmlns:html="http://www.w3.org/1999/xhtml">/etc/ssh/sshd_config</html:code>:

<html:pre xmlns:html="http://www.w3.org/1999/xhtml">Banner /etc/issue.net</html:pre>
Another section contains information on how to create an
appropriate system-wide warning banner.</description>
          <reference href="https://www.fbi.gov/file-repository/cjis-security-policy-v5_5_20160601-2-1.pdf">5.5.6</reference>
          <reference href="https://www.isaca.org/resources/cobit">DSS05.04</reference>
          <reference href="https://www.isaca.org/resources/cobit">DSS05.10</reference>
          <reference href="https://www.isaca.org/resources/cobit">DSS06.10</reference>
          <reference href="http://nvlpubs.nist.gov/nistpubs/SpecialPublications/NIST.SP.800-171.pdf">3.1.9</reference>
          <reference href="https://public.cyber.mil/stigs/cci/">CCI-000048</reference>
          <reference href="https://public.cyber.mil/stigs/cci/">CCI-000050</reference>
          <reference href="https://public.cyber.mil/stigs/cci/">CCI-001384</reference>
          <reference href="https://public.cyber.mil/stigs/cci/">CCI-001385</reference>
          <reference href="https://public.cyber.mil/stigs/cci/">CCI-001386</reference>
          <reference href="https://public.cyber.mil/stigs/cci/">CCI-001387</reference>
          <reference href="https://public.cyber.mil/stigs/cci/">CCI-001388</reference>
          <reference href="https://www.gpo.gov/fdsys/pkg/CFR-2007-title45-vol1/pdf/CFR-2007-title45-vol1-chapA-subchapC.pdf">164.308(a)(4)(i)</reference>
          <reference href="https://www.gpo.gov/fdsys/pkg/CFR-2007-title45-vol1/pdf/CFR-2007-title45-vol1-chapA-subchapC.pdf">164.308(b)(1)</reference>
          <reference href="https://www.gpo.gov/fdsys/pkg/CFR-2007-title45-vol1/pdf/CFR-2007-title45-vol1-chapA-subchapC.pdf">164.308(b)(3)</reference>
          <reference href="https://www.gpo.gov/fdsys/pkg/CFR-2007-title45-vol1/pdf/CFR-2007-title45-vol1-chapA-subchapC.pdf">164.310(b)</reference>
          <reference href="https://www.gpo.gov/fdsys/pkg/CFR-2007-title45-vol1/pdf/CFR-2007-title45-vol1-chapA-subchapC.pdf">164.312(e)(1)</reference>
          <reference href="https://www.gpo.gov/fdsys/pkg/CFR-2007-title45-vol1/pdf/CFR-2007-title45-vol1-chapA-subchapC.pdf">164.312(e)(2)(ii)</reference>
          <reference href="https://www.isa.org/products/isa-62443-2-1-2009-security-for-industrial-automat">4.3.3.6.1</reference>
          <reference href="https://www.isa.org/products/isa-62443-2-1-2009-security-for-industrial-automat">4.3.3.6.2</reference>
          <reference href="https://www.isa.org/products/isa-62443-2-1-2009-security-for-industrial-automat">4.3.3.6.3</reference>
          <reference href="https://www.isa.org/products/isa-62443-2-1-2009-security-for-industrial-automat">4.3.3.6.4</reference>
          <reference href="https://www.isa.org/products/isa-62443-2-1-2009-security-for-industrial-automat">4.3.3.6.5</reference>
          <reference href="https://www.isa.org/products/isa-62443-2-1-2009-security-for-industrial-automat">4.3.3.6.6</reference>
          <reference href="https://www.isa.org/products/isa-62443-2-1-2009-security-for-industrial-automat">4.3.3.6.7</reference>
          <reference href="https://www.isa.org/products/isa-62443-2-1-2009-security-for-industrial-automat">4.3.3.6.8</reference>
          <reference href="https://www.isa.org/products/isa-62443-2-1-2009-security-for-industrial-automat">4.3.3.6.9</reference>
          <reference href="https://www.isa.org/products/ansi-isa-62443-3-3-99-03-03-2013-security-for-indu">SR 1.1</reference>
          <reference href="https://www.isa.org/products/ansi-isa-62443-3-3-99-03-03-2013-security-for-indu">SR 1.10</reference>
          <reference href="https://www.isa.org/products/ansi-isa-62443-3-3-99-03-03-2013-security-for-indu">SR 1.2</reference>
          <reference href="https://www.isa.org/products/ansi-isa-62443-3-3-99-03-03-2013-security-for-indu">SR 1.5</reference>
          <reference href="https://www.isa.org/products/ansi-isa-62443-3-3-99-03-03-2013-security-for-indu">SR 1.7</reference>
          <reference href="https://www.isa.org/products/ansi-isa-62443-3-3-99-03-03-2013-security-for-indu">SR 1.8</reference>
          <reference href="https://www.isa.org/products/ansi-isa-62443-3-3-99-03-03-2013-security-for-indu">SR 1.9</reference>
          <reference href="https://www.iso.org/contents/data/standard/05/45/54534.html">A.18.1.4</reference>
          <reference href="https://www.iso.org/contents/data/standard/05/45/54534.html">A.9.2.1</reference>
          <reference href="https://www.iso.org/contents/data/standard/05/45/54534.html">A.9.2.4</reference>
          <reference href="https://www.iso.org/contents/data/standard/05/45/54534.html">A.9.3.1</reference>
          <reference href="https://www.iso.org/contents/data/standard/05/45/54534.html">A.9.4.2</reference>
          <reference href="https://www.iso.org/contents/data/standard/05/45/54534.html">A.9.4.3</reference>
          <reference href="http://nvlpubs.nist.gov/nistpubs/SpecialPublications/NIST.SP.800-53r4.pdf">AC-8(a)</reference>
          <reference href="http://nvlpubs.nist.gov/nistpubs/SpecialPublications/NIST.SP.800-53r4.pdf">AC-8(c)</reference>
          <reference href="http://nvlpubs.nist.gov/nistpubs/SpecialPublications/NIST.SP.800-53r4.pdf">AC-17(a)</reference>
          <reference href="http://nvlpubs.nist.gov/nistpubs/SpecialPublications/NIST.SP.800-53r4.pdf">CM-6(a)</reference>
          <reference href="https://nvlpubs.nist.gov/nistpubs/CSWP/NIST.CSWP.04162018.pdf">PR.AC-7</reference>
          <reference href="https://public.cyber.mil/stigs/downloads/?_dl_facet_stigs=operating-systems%2Cgeneral-purpose-os">SRG-OS-000023-GPOS-00006</reference>
          <reference href="https://public.cyber.mil/stigs/downloads/?_dl_facet_stigs=operating-systems%2Cgeneral-purpose-os">SRG-OS-000228-GPOS-00088</reference>
          <reference href="https://www.cisecurity.org/benchmark/ubuntu_linux/">5.1.5</reference>
          <rationale xmlns:xhtml="http://www.w3.org/1999/xhtml" xml:lang="en-US">The warning message reinforces policy awareness during the logon process and
facilitates possible legal action against attackers. Alternatively, systems
whose ownership should not be obvious should ensure usage of a banner that does
not provide easy attribution.</rationale>
          <fix xmlns:xhtml="http://www.w3.org/1999/xhtml" id="sshd_enable_warning_banner_net" system="urn:xccdf:fix:script:ansible" complexity="low" disruption="low" strategy="restrict">- name: Gather the package facts
  package_facts:
    manager: auto
  tags:
  - CJIS-5.5.6
  - NIST-800-171-3.1.9
  - NIST-800-53-AC-17(a)
  - NIST-800-53-AC-8(a)
  - NIST-800-53-AC-8(c)
  - NIST-800-53-CM-6(a)
  - low_complexity
  - low_disruption
  - medium_severity
  - no_reboot_needed
  - restrict_strategy
  - sshd_enable_warning_banner_net

- name: Enable SSH Warning Banner
  block:

  - name: Deduplicate values from /etc/ssh/sshd_config
    lineinfile:
      path: /etc/ssh/sshd_config
      create: false
      regexp: (?i)(?i)^\s*{{ "Banner"| regex_escape }}\s+
      state: absent

  - name: Check if /etc/ssh/sshd_config.d exists
    stat:
      path: /etc/ssh/sshd_config.d
    register: _etc_ssh_sshd_config_d_exists

  - name: Check if the parameter Banner is present in /etc/ssh/sshd_config.d
    find:
      paths: /etc/ssh/sshd_config.d
      recurse: 'yes'
      follow: 'no'
      contains: (?i)^\s*{{ "Banner"| regex_escape }}\s+
    register: _etc_ssh_sshd_config_d_has_parameter
    when: _etc_ssh_sshd_config_d_exists.stat.isdir is defined and _etc_ssh_sshd_config_d_exists.stat.isdir

  - name: Remove parameter from files in /etc/ssh/sshd_config.d
    lineinfile:
      path: '{{ item.path }}'
      create: false
      regexp: (?i)(?i)^\s*{{ "Banner"| regex_escape }}\s+
      state: absent
    with_items: '{{ _etc_ssh_sshd_config_d_has_parameter.files }}'
    when: _etc_ssh_sshd_config_d_has_parameter.matched

  - name: Insert correct line to /etc/ssh/sshd_config.d/00-complianceascode-hardening.conf
    lineinfile:
      path: /etc/ssh/sshd_config.d/00-complianceascode-hardening.conf
      create: true
      regexp: (?i)(?i)^\s*{{ "Banner"| regex_escape }}\s+
      line: Banner /etc/issue.net
      state: present
      insertbefore: BOF
      validate: /usr/sbin/sshd -t -f %s
  when: '"linux-base" in ansible_facts.packages'
  tags:
  - CJIS-5.5.6
  - NIST-800-171-3.1.9
  - NIST-800-53-AC-17(a)
  - NIST-800-53-AC-8(a)
  - NIST-800-53-AC-8(c)
  - NIST-800-53-CM-6(a)
  - low_complexity
  - low_disruption
  - medium_severity
  - no_reboot_needed
  - restrict_strategy
  - sshd_enable_warning_banner_net

- name: Enable SSH Warning Banner - set file mode for /etc/ssh/sshd_config.d/00-complianceascode-hardening.conf
  ansible.builtin.file:
    path: /etc/ssh/sshd_config.d/00-complianceascode-hardening.conf
    mode: '0600'
  when: '"linux-base" in ansible_facts.packages'
  tags:
  - CJIS-5.5.6
  - NIST-800-171-3.1.9
  - NIST-800-53-AC-17(a)
  - NIST-800-53-AC-8(a)
  - NIST-800-53-AC-8(c)
  - NIST-800-53-CM-6(a)
  - low_complexity
  - low_disruption
  - medium_severity
  - no_reboot_needed
  - restrict_strategy
  - sshd_enable_warning_banner_net
</fix>
          <fix xmlns:xhtml="http://www.w3.org/1999/xhtml" id="sshd_enable_warning_banner_net" system="urn:xccdf:fix:script:sh" complexity="low" disruption="low" strategy="restrict"># Remediation is applicable only in certain platforms
if dpkg-query --show --showformat='${db:Status-Status}
' 'linux-base' 2&gt;/dev/null | grep -q ^installed; then

mkdir -p /etc/ssh/sshd_config.d
touch /etc/ssh/sshd_config.d/00-complianceascode-hardening.conf
chmod 0600 /etc/ssh/sshd_config.d/00-complianceascode-hardening.conf

LC_ALL=C sed -i "/^\s*Banner\s\+/Id" "/etc/ssh/sshd_config"
LC_ALL=C sed -i "/^\s*Banner\s\+/Id" "/etc/ssh/sshd_config.d"/*.conf
if [ -e "/etc/ssh/sshd_config.d/00-complianceascode-hardening.conf" ] ; then
    
    LC_ALL=C sed -i "/^\s*Banner\s\+/Id" "/etc/ssh/sshd_config.d/00-complianceascode-hardening.conf"
else
    touch "/etc/ssh/sshd_config.d/00-complianceascode-hardening.conf"
fi
# make sure file has newline at the end
sed -i -e '$a\' "/etc/ssh/sshd_config.d/00-complianceascode-hardening.conf"

cp "/etc/ssh/sshd_config.d/00-complianceascode-hardening.conf" "/etc/ssh/sshd_config.d/00-complianceascode-hardening.conf.bak"
# Insert at the beginning of the file
printf '%s\n' "Banner /etc/issue.net" &gt; "/etc/ssh/sshd_config.d/00-complianceascode-hardening.conf"
cat "/etc/ssh/sshd_config.d/00-complianceascode-hardening.conf.bak" &gt;&gt; "/etc/ssh/sshd_config.d/00-complianceascode-hardening.conf"
# Clean up after ourselves.
rm "/etc/ssh/sshd_config.d/00-complianceascode-hardening.conf.bak"

else
    &gt;&amp;2 echo 'Remediation is not applicable, nothing was done'
fi
</fix>
          <check system="http://oval.mitre.org/XMLSchema/oval-definitions-5">
            <check-export export-name="oval:ssg-sshd_required:var:1" value-id="xccdf_org.ssgproject.content_value_sshd_required"/>
            <check-content-ref name="oval:ssg-sshd_enable_warning_banner_net:def:1" href="ssg-ubuntu2404-oval.xml"/>
          </check>
          <check system="http://scap.nist.gov/schema/ocil/2">
            <check-content-ref name="ocil:ssg-sshd_enable_warning_banner_net_ocil:questionnaire:1" href="ssg-ubuntu2404-ocil.xml"/>
          </check>
        </Rule>
        <Rule id="xccdf_org.ssgproject.content_rule_sshd_limit_user_access" selected="false" role="full" severity="unknown">
          <title xmlns:xhtml="http://www.w3.org/1999/xhtml" xml:lang="en-US">Limit Users' SSH Access</title>
          <description xmlns:xhtml="http://www.w3.org/1999/xhtml" xml:lang="en-US">By default, the SSH configuration allows any user with an account
to access the system. There are several options available to limit
which users and group can access the system via SSH. It is
recommended that at least one of the following options be leveraged:
- AllowUsers variable gives the system administrator the option of
  allowing specific users to ssh into the system. The list consists of
  space separated user names. Numeric user IDs are not recognized with
  this variable. If a system administrator wants to restrict user
  access further by specifically allowing a user's access only from a
  particular host, the entry can be specified in the form of user@host.
- AllowGroups variable gives the system administrator the option of
  allowing specific groups of users to ssh into the system. The list
  consists of space separated group names. Numeric group IDs are not
  recognized with this variable.
- DenyUsers variable gives the system administrator the option of
  denying specific users to ssh into the system. The list consists of
  space separated user names. Numeric user IDs are not recognized with
  this variable. If a system administrator wants to restrict user
  access further by specifically denying a user's access from a
  particular host, the entry can be specified in the form of user@host.
- DenyGroups variable gives the system administrator the option of
  denying specific groups of users to ssh into the system. The list
  consists of space separated group names. Numeric group IDs are not
  recognized with this variable.</description>
          <warning xmlns:xhtml="http://www.w3.org/1999/xhtml" xml:lang="en-US" category="general">Automated remediation is not available for this configuration check
because each system has unique user names and group names.</warning>
          <reference href="https://www.cisecurity.org/controls/">11</reference>
          <reference href="https://www.cisecurity.org/controls/">12</reference>
          <reference href="https://www.cisecurity.org/controls/">14</reference>
          <reference href="https://www.cisecurity.org/controls/">15</reference>
          <reference href="https://www.cisecurity.org/controls/">16</reference>
          <reference href="https://www.cisecurity.org/controls/">18</reference>
          <reference href="https://www.cisecurity.org/controls/">3</reference>
          <reference href="https://www.cisecurity.org/controls/">5</reference>
          <reference href="https://www.isaca.org/resources/cobit">DSS05.02</reference>
          <reference href="https://www.isaca.org/resources/cobit">DSS05.04</reference>
          <reference href="https://www.isaca.org/resources/cobit">DSS05.05</reference>
          <reference href="https://www.isaca.org/resources/cobit">DSS05.07</reference>
          <reference href="https://www.isaca.org/resources/cobit">DSS06.03</reference>
          <reference href="https://www.isaca.org/resources/cobit">DSS06.06</reference>
          <reference href="http://nvlpubs.nist.gov/nistpubs/SpecialPublications/NIST.SP.800-171.pdf">3.1.12</reference>
          <reference href="https://www.isa.org/products/isa-62443-2-1-2009-security-for-industrial-automat">4.3.3.2.2</reference>
          <reference href="https://www.isa.org/products/isa-62443-2-1-2009-security-for-industrial-automat">4.3.3.5.1</reference>
          <reference href="https://www.isa.org/products/isa-62443-2-1-2009-security-for-industrial-automat">4.3.3.5.2</reference>
          <reference href="https://www.isa.org/products/isa-62443-2-1-2009-security-for-industrial-automat">4.3.3.5.3</reference>
          <reference href="https://www.isa.org/products/isa-62443-2-1-2009-security-for-industrial-automat">4.3.3.5.4</reference>
          <reference href="https://www.isa.org/products/isa-62443-2-1-2009-security-for-industrial-automat">4.3.3.5.5</reference>
          <reference href="https://www.isa.org/products/isa-62443-2-1-2009-security-for-industrial-automat">4.3.3.5.6</reference>
          <reference href="https://www.isa.org/products/isa-62443-2-1-2009-security-for-industrial-automat">4.3.3.5.7</reference>
          <reference href="https://www.isa.org/products/isa-62443-2-1-2009-security-for-industrial-automat">4.3.3.5.8</reference>
          <reference href="https://www.isa.org/products/isa-62443-2-1-2009-security-for-industrial-automat">4.3.3.6.1</reference>
          <reference href="https://www.isa.org/products/isa-62443-2-1-2009-security-for-industrial-automat">4.3.3.6.2</reference>
          <reference href="https://www.isa.org/products/isa-62443-2-1-2009-security-for-industrial-automat">4.3.3.6.3</reference>
          <reference href="https://www.isa.org/products/isa-62443-2-1-2009-security-for-industrial-automat">4.3.3.6.4</reference>
          <reference href="https://www.isa.org/products/isa-62443-2-1-2009-security-for-industrial-automat">4.3.3.6.5</reference>
          <reference href="https://www.isa.org/products/isa-62443-2-1-2009-security-for-industrial-automat">4.3.3.6.6</reference>
          <reference href="https://www.isa.org/products/isa-62443-2-1-2009-security-for-industrial-automat">4.3.3.6.7</reference>
          <reference href="https://www.isa.org/products/isa-62443-2-1-2009-security-for-industrial-automat">4.3.3.6.8</reference>
          <reference href="https://www.isa.org/products/isa-62443-2-1-2009-security-for-industrial-automat">4.3.3.6.9</reference>
          <reference href="https://www.isa.org/products/isa-62443-2-1-2009-security-for-industrial-automat">4.3.3.7.1</reference>
          <reference href="https://www.isa.org/products/isa-62443-2-1-2009-security-for-industrial-automat">4.3.3.7.2</reference>
          <reference href="https://www.isa.org/products/isa-62443-2-1-2009-security-for-industrial-automat">4.3.3.7.3</reference>
          <reference href="https://www.isa.org/products/isa-62443-2-1-2009-security-for-industrial-automat">4.3.3.7.4</reference>
          <reference href="https://www.isa.org/products/ansi-isa-62443-3-3-99-03-03-2013-security-for-indu">SR 1.1</reference>
          <reference href="https://www.isa.org/products/ansi-isa-62443-3-3-99-03-03-2013-security-for-indu">SR 1.10</reference>
          <reference href="https://www.isa.org/products/ansi-isa-62443-3-3-99-03-03-2013-security-for-indu">SR 1.11</reference>
          <reference href="https://www.isa.org/products/ansi-isa-62443-3-3-99-03-03-2013-security-for-indu">SR 1.12</reference>
          <reference href="https://www.isa.org/products/ansi-isa-62443-3-3-99-03-03-2013-security-for-indu">SR 1.13</reference>
          <reference href="https://www.isa.org/products/ansi-isa-62443-3-3-99-03-03-2013-security-for-indu">SR 1.2</reference>
          <reference href="https://www.isa.org/products/ansi-isa-62443-3-3-99-03-03-2013-security-for-indu">SR 1.3</reference>
          <reference href="https://www.isa.org/products/ansi-isa-62443-3-3-99-03-03-2013-security-for-indu">SR 1.4</reference>
          <reference href="https://www.isa.org/products/ansi-isa-62443-3-3-99-03-03-2013-security-for-indu">SR 1.5</reference>
          <reference href="https://www.isa.org/products/ansi-isa-62443-3-3-99-03-03-2013-security-for-indu">SR 1.6</reference>
          <reference href="https://www.isa.org/products/ansi-isa-62443-3-3-99-03-03-2013-security-for-indu">SR 1.7</reference>
          <reference href="https://www.isa.org/products/ansi-isa-62443-3-3-99-03-03-2013-security-for-indu">SR 1.8</reference>
          <reference href="https://www.isa.org/products/ansi-isa-62443-3-3-99-03-03-2013-security-for-indu">SR 1.9</reference>
          <reference href="https://www.isa.org/products/ansi-isa-62443-3-3-99-03-03-2013-security-for-indu">SR 2.1</reference>
          <reference href="https://www.isa.org/products/ansi-isa-62443-3-3-99-03-03-2013-security-for-indu">SR 2.2</reference>
          <reference href="https://www.isa.org/products/ansi-isa-62443-3-3-99-03-03-2013-security-for-indu">SR 2.3</reference>
          <reference href="https://www.isa.org/products/ansi-isa-62443-3-3-99-03-03-2013-security-for-indu">SR 2.4</reference>
          <reference href="https://www.isa.org/products/ansi-isa-62443-3-3-99-03-03-2013-security-for-indu">SR 2.5</reference>
          <reference href="https://www.isa.org/products/ansi-isa-62443-3-3-99-03-03-2013-security-for-indu">SR 2.6</reference>
          <reference href="https://www.isa.org/products/ansi-isa-62443-3-3-99-03-03-2013-security-for-indu">SR 2.7</reference>
          <reference href="https://www.iso.org/contents/data/standard/05/45/54534.html">A.6.1.2</reference>
          <reference href="https://www.iso.org/contents/data/standard/05/45/54534.html">A.7.1.1</reference>
          <reference href="https://www.iso.org/contents/data/standard/05/45/54534.html">A.9.1.2</reference>
          <reference href="https://www.iso.org/contents/data/standard/05/45/54534.html">A.9.2.1</reference>
          <reference href="https://www.iso.org/contents/data/standard/05/45/54534.html">A.9.2.3</reference>
          <reference href="https://www.iso.org/contents/data/standard/05/45/54534.html">A.9.4.1</reference>
          <reference href="https://www.iso.org/contents/data/standard/05/45/54534.html">A.9.4.4</reference>
          <reference href="https://www.iso.org/contents/data/standard/05/45/54534.html">A.9.4.5</reference>
          <reference href="https://www.nerc.com/pa/Stand/AlignRep/One%20Stop%20Shop.xlsx">CIP-003-8 R5.1.1</reference>
          <reference href="https://www.nerc.com/pa/Stand/AlignRep/One%20Stop%20Shop.xlsx">CIP-003-8 R5.3</reference>
          <reference href="https://www.nerc.com/pa/Stand/AlignRep/One%20Stop%20Shop.xlsx">CIP-004-6 R2.2.3</reference>
          <reference href="https://www.nerc.com/pa/Stand/AlignRep/One%20Stop%20Shop.xlsx">CIP-004-6 R2.3</reference>
          <reference href="https://www.nerc.com/pa/Stand/AlignRep/One%20Stop%20Shop.xlsx">CIP-007-3 R5.1</reference>
          <reference href="https://www.nerc.com/pa/Stand/AlignRep/One%20Stop%20Shop.xlsx">CIP-007-3 R5.1.2</reference>
          <reference href="https://www.nerc.com/pa/Stand/AlignRep/One%20Stop%20Shop.xlsx">CIP-007-3 R5.2</reference>
          <reference href="https://www.nerc.com/pa/Stand/AlignRep/One%20Stop%20Shop.xlsx">CIP-007-3 R5.3.1</reference>
          <reference href="https://www.nerc.com/pa/Stand/AlignRep/One%20Stop%20Shop.xlsx">CIP-007-3 R5.3.2</reference>
          <reference href="https://www.nerc.com/pa/Stand/AlignRep/One%20Stop%20Shop.xlsx">CIP-007-3 R5.3.3</reference>
          <reference href="http://nvlpubs.nist.gov/nistpubs/SpecialPublications/NIST.SP.800-53r4.pdf">AC-3</reference>
          <reference href="http://nvlpubs.nist.gov/nistpubs/SpecialPublications/NIST.SP.800-53r4.pdf">CM-6(a)</reference>
          <reference href="https://nvlpubs.nist.gov/nistpubs/CSWP/NIST.CSWP.04162018.pdf">PR.AC-4</reference>
          <reference href="https://nvlpubs.nist.gov/nistpubs/CSWP/NIST.CSWP.04162018.pdf">PR.AC-6</reference>
          <reference href="https://nvlpubs.nist.gov/nistpubs/CSWP/NIST.CSWP.04162018.pdf">PR.PT-3</reference>
          <reference href="https://www.pcisecuritystandards.org/documents/PCI_DSS_v3-2-1.pdf">Req-2.2.4</reference>
          <reference href="https://www.cisecurity.org/benchmark/ubuntu_linux/">5.1.4</reference>
          <reference href="https://docs-prv.pcisecuritystandards.org/PCI%20DSS/Standard/PCI-DSS-v4_0.pdf">2.2.6</reference>
          <reference href="https://docs-prv.pcisecuritystandards.org/PCI%20DSS/Standard/PCI-DSS-v4_0.pdf">2.2</reference>
          <rationale xmlns:xhtml="http://www.w3.org/1999/xhtml" xml:lang="en-US">Specifying which accounts are allowed SSH access into the system reduces the
possibility of unauthorized access to the system.</rationale>
          <check system="http://oval.mitre.org/XMLSchema/oval-definitions-5">
            <check-content-ref name="oval:ssg-sshd_limit_user_access:def:1" href="ssg-ubuntu2404-oval.xml"/>
          </check>
          <check system="http://scap.nist.gov/schema/ocil/2">
            <check-content-ref name="ocil:ssg-sshd_limit_user_access_ocil:questionnaire:1" href="ssg-ubuntu2404-ocil.xml"/>
          </check>
        </Rule>
        <Rule id="xccdf_org.ssgproject.content_rule_sshd_set_login_grace_time" selected="false" role="full" severity="medium">
          <title xmlns:xhtml="http://www.w3.org/1999/xhtml" xml:lang="en-US">Ensure SSH LoginGraceTime is configured</title>
          <description xmlns:xhtml="http://www.w3.org/1999/xhtml" xml:lang="en-US">The <html:code xmlns:html="http://www.w3.org/1999/xhtml">LoginGraceTime</html:code> parameter to the SSH server specifies the time allowed for successful authentication to
the SSH server. The longer the Grace period is the more open unauthenticated connections
can exist. Like other session controls in this session the Grace Period should be limited to
appropriate limits to ensure the service is available for needed access.</description>
          <reference href="https://www.cisecurity.org/benchmark/ubuntu_linux/">5.1.13</reference>
          <reference href="https://docs-prv.pcisecuritystandards.org/PCI%20DSS/Standard/PCI-DSS-v4_0.pdf">2.2.6</reference>
          <reference href="https://docs-prv.pcisecuritystandards.org/PCI%20DSS/Standard/PCI-DSS-v4_0.pdf">2.2</reference>
          <rationale xmlns:xhtml="http://www.w3.org/1999/xhtml" xml:lang="en-US">Setting the <html:code xmlns:html="http://www.w3.org/1999/xhtml">LoginGraceTime</html:code> parameter to a low number will minimize the risk of successful
brute force attacks to the SSH server. It will also limit the number of concurrent
unauthenticated connections.</rationale>
          <fix xmlns:xhtml="http://www.w3.org/1999/xhtml" id="sshd_set_login_grace_time" system="urn:xccdf:fix:script:ansible" complexity="low" disruption="low" strategy="restrict">- name: Gather the package facts
  package_facts:
    manager: auto
  tags:
  - PCI-DSSv4-2.2
  - PCI-DSSv4-2.2.6
  - low_complexity
  - low_disruption
  - medium_severity
  - no_reboot_needed
  - restrict_strategy
  - sshd_set_login_grace_time
- name: XCCDF Value var_sshd_set_login_grace_time # promote to variable
  set_fact:
    var_sshd_set_login_grace_time: !!str <xccdf-1.2:sub xmlns:xccdf-1.2="http://checklists.nist.gov/xccdf/1.2" idref="xccdf_org.ssgproject.content_value_var_sshd_set_login_grace_time" use="legacy"/>
  tags:
    - always

- name: Ensure SSH LoginGraceTime is configured
  block:

  - name: Deduplicate values from /etc/ssh/sshd_config
    lineinfile:
      path: /etc/ssh/sshd_config
      create: false
      regexp: (?i)(?i)^\s*{{ "LoginGraceTime"| regex_escape }}\s+
      state: absent

  - name: Check if /etc/ssh/sshd_config.d exists
    stat:
      path: /etc/ssh/sshd_config.d
    register: _etc_ssh_sshd_config_d_exists

  - name: Check if the parameter LoginGraceTime is present in /etc/ssh/sshd_config.d
    find:
      paths: /etc/ssh/sshd_config.d
      recurse: 'yes'
      follow: 'no'
      contains: (?i)^\s*{{ "LoginGraceTime"| regex_escape }}\s+
    register: _etc_ssh_sshd_config_d_has_parameter
    when: _etc_ssh_sshd_config_d_exists.stat.isdir is defined and _etc_ssh_sshd_config_d_exists.stat.isdir

  - name: Remove parameter from files in /etc/ssh/sshd_config.d
    lineinfile:
      path: '{{ item.path }}'
      create: false
      regexp: (?i)(?i)^\s*{{ "LoginGraceTime"| regex_escape }}\s+
      state: absent
    with_items: '{{ _etc_ssh_sshd_config_d_has_parameter.files }}'
    when: _etc_ssh_sshd_config_d_has_parameter.matched

  - name: Insert correct line to /etc/ssh/sshd_config.d/00-complianceascode-hardening.conf
    lineinfile:
      path: /etc/ssh/sshd_config.d/00-complianceascode-hardening.conf
      create: true
      regexp: (?i)(?i)^\s*{{ "LoginGraceTime"| regex_escape }}\s+
      line: LoginGraceTime {{ var_sshd_set_login_grace_time }}
      state: present
      insertbefore: BOF
      validate: /usr/sbin/sshd -t -f %s
  when: '"linux-base" in ansible_facts.packages'
  tags:
  - PCI-DSSv4-2.2
  - PCI-DSSv4-2.2.6
  - low_complexity
  - low_disruption
  - medium_severity
  - no_reboot_needed
  - restrict_strategy
  - sshd_set_login_grace_time

- name: Ensure SSH LoginGraceTime is configured - set file mode for /etc/ssh/sshd_config.d/00-complianceascode-hardening.conf
  ansible.builtin.file:
    path: /etc/ssh/sshd_config.d/00-complianceascode-hardening.conf
    mode: '0600'
  when: '"linux-base" in ansible_facts.packages'
  tags:
  - PCI-DSSv4-2.2
  - PCI-DSSv4-2.2.6
  - low_complexity
  - low_disruption
  - medium_severity
  - no_reboot_needed
  - restrict_strategy
  - sshd_set_login_grace_time
</fix>
          <fix xmlns:xhtml="http://www.w3.org/1999/xhtml" id="sshd_set_login_grace_time" system="urn:xccdf:fix:script:sh" complexity="low" disruption="low" strategy="restrict"># Remediation is applicable only in certain platforms
if dpkg-query --show --showformat='${db:Status-Status}
' 'linux-base' 2&gt;/dev/null | grep -q ^installed; then

var_sshd_set_login_grace_time='<xccdf-1.2:sub xmlns:xccdf-1.2="http://checklists.nist.gov/xccdf/1.2" idref="xccdf_org.ssgproject.content_value_var_sshd_set_login_grace_time" use="legacy"/>'


mkdir -p /etc/ssh/sshd_config.d
touch /etc/ssh/sshd_config.d/00-complianceascode-hardening.conf
chmod 0600 /etc/ssh/sshd_config.d/00-complianceascode-hardening.conf

LC_ALL=C sed -i "/^\s*LoginGraceTime\s\+/Id" "/etc/ssh/sshd_config"
LC_ALL=C sed -i "/^\s*LoginGraceTime\s\+/Id" "/etc/ssh/sshd_config.d"/*.conf
if [ -e "/etc/ssh/sshd_config.d/00-complianceascode-hardening.conf" ] ; then
    
    LC_ALL=C sed -i "/^\s*LoginGraceTime\s\+/Id" "/etc/ssh/sshd_config.d/00-complianceascode-hardening.conf"
else
    touch "/etc/ssh/sshd_config.d/00-complianceascode-hardening.conf"
fi
# make sure file has newline at the end
sed -i -e '$a\' "/etc/ssh/sshd_config.d/00-complianceascode-hardening.conf"

cp "/etc/ssh/sshd_config.d/00-complianceascode-hardening.conf" "/etc/ssh/sshd_config.d/00-complianceascode-hardening.conf.bak"
# Insert at the beginning of the file
printf '%s\n' "LoginGraceTime $var_sshd_set_login_grace_time" &gt; "/etc/ssh/sshd_config.d/00-complianceascode-hardening.conf"
cat "/etc/ssh/sshd_config.d/00-complianceascode-hardening.conf.bak" &gt;&gt; "/etc/ssh/sshd_config.d/00-complianceascode-hardening.conf"
# Clean up after ourselves.
rm "/etc/ssh/sshd_config.d/00-complianceascode-hardening.conf.bak"

else
    &gt;&amp;2 echo 'Remediation is not applicable, nothing was done'
fi
</fix>
          <check system="http://oval.mitre.org/XMLSchema/oval-definitions-5">
            <check-export export-name="oval:ssg-var_sshd_set_login_grace_time:var:1" value-id="xccdf_org.ssgproject.content_value_var_sshd_set_login_grace_time"/>
            <check-export export-name="oval:ssg-sshd_required:var:1" value-id="xccdf_org.ssgproject.content_value_sshd_required"/>
            <check-content-ref name="oval:ssg-sshd_set_login_grace_time:def:1" href="ssg-ubuntu2404-oval.xml"/>
          </check>
          <check system="http://scap.nist.gov/schema/ocil/2">
            <check-content-ref name="ocil:ssg-sshd_set_login_grace_time_ocil:questionnaire:1" href="ssg-ubuntu2404-ocil.xml"/>
          </check>
        </Rule>
        <Rule id="xccdf_org.ssgproject.content_rule_sshd_set_loglevel_info" selected="false" role="full" severity="low">
          <title xmlns:xhtml="http://www.w3.org/1999/xhtml" xml:lang="en-US">Set LogLevel to INFO</title>
          <description xmlns:xhtml="http://www.w3.org/1999/xhtml" xml:lang="en-US">The INFO parameter specifices that record login and logout activity will be logged.
<html:br xmlns:html="http://www.w3.org/1999/xhtml"/>
The default SSH configuration sets the log level to INFO. The appropriate
configuration is used if no value is set for <html:code xmlns:html="http://www.w3.org/1999/xhtml">LogLevel</html:code>.
<html:br xmlns:html="http://www.w3.org/1999/xhtml"/>
To explicitly specify the log level in SSH, add or correct the following line in


<html:code xmlns:html="http://www.w3.org/1999/xhtml">/etc/ssh/sshd_config.d/00-complianceascode-hardening.conf</html:code>:

<html:pre xmlns:html="http://www.w3.org/1999/xhtml">LogLevel INFO</html:pre>
       </description>
          <reference href="http://nvlpubs.nist.gov/nistpubs/SpecialPublications/NIST.SP.800-53r4.pdf">AC-17(a)</reference>
          <reference href="http://nvlpubs.nist.gov/nistpubs/SpecialPublications/NIST.SP.800-53r4.pdf">CM-6(a)</reference>
          <reference href="https://www.cisecurity.org/benchmark/ubuntu_linux/">5.1.14</reference>
          <rationale xmlns:xhtml="http://www.w3.org/1999/xhtml" xml:lang="en-US">SSH provides several logging levels with varying amounts of verbosity. <html:code xmlns:html="http://www.w3.org/1999/xhtml">DEBUG</html:code> is specifically
not recommended other than strictly for debugging SSH communications since it provides
so much data that it is difficult to identify important security information. <html:code xmlns:html="http://www.w3.org/1999/xhtml">INFO</html:code> level is the
basic level that only records login activity of SSH users. In many situations, such as Incident
Response, it is important to determine when a particular user was active on a system. The
logout record can eliminate those users who disconnected, which helps narrow the field.</rationale>
          <fix xmlns:xhtml="http://www.w3.org/1999/xhtml" id="sshd_set_loglevel_info" system="urn:xccdf:fix:script:ansible" complexity="low" disruption="low" strategy="restrict">- name: Gather the package facts
  package_facts:
    manager: auto
  tags:
  - NIST-800-53-AC-17(a)
  - NIST-800-53-CM-6(a)
  - low_complexity
  - low_disruption
  - low_severity
  - no_reboot_needed
  - restrict_strategy
  - sshd_set_loglevel_info

- name: Set LogLevel to INFO
  block:

  - name: Deduplicate values from /etc/ssh/sshd_config
    lineinfile:
      path: /etc/ssh/sshd_config
      create: false
      regexp: (?i)(?i)^\s*{{ "LogLevel"| regex_escape }}\s+
      state: absent

  - name: Check if /etc/ssh/sshd_config.d exists
    stat:
      path: /etc/ssh/sshd_config.d
    register: _etc_ssh_sshd_config_d_exists

  - name: Check if the parameter LogLevel is present in /etc/ssh/sshd_config.d
    find:
      paths: /etc/ssh/sshd_config.d
      recurse: 'yes'
      follow: 'no'
      contains: (?i)^\s*{{ "LogLevel"| regex_escape }}\s+
    register: _etc_ssh_sshd_config_d_has_parameter
    when: _etc_ssh_sshd_config_d_exists.stat.isdir is defined and _etc_ssh_sshd_config_d_exists.stat.isdir

  - name: Remove parameter from files in /etc/ssh/sshd_config.d
    lineinfile:
      path: '{{ item.path }}'
      create: false
      regexp: (?i)(?i)^\s*{{ "LogLevel"| regex_escape }}\s+
      state: absent
    with_items: '{{ _etc_ssh_sshd_config_d_has_parameter.files }}'
    when: _etc_ssh_sshd_config_d_has_parameter.matched

  - name: Insert correct line to /etc/ssh/sshd_config.d/01-complianceascode-reinforce-os-defaults.conf
    lineinfile:
      path: /etc/ssh/sshd_config.d/01-complianceascode-reinforce-os-defaults.conf
      create: true
      regexp: (?i)(?i)^\s*{{ "LogLevel"| regex_escape }}\s+
      line: LogLevel INFO
      state: present
      insertbefore: BOF
      validate: /usr/sbin/sshd -t -f %s
  when: '"linux-base" in ansible_facts.packages'
  tags:
  - NIST-800-53-AC-17(a)
  - NIST-800-53-CM-6(a)
  - low_complexity
  - low_disruption
  - low_severity
  - no_reboot_needed
  - restrict_strategy
  - sshd_set_loglevel_info

- name: Set LogLevel to INFO - set file mode for /etc/ssh/sshd_config.d/01-complianceascode-reinforce-os-defaults.conf
  ansible.builtin.file:
    path: /etc/ssh/sshd_config.d/01-complianceascode-reinforce-os-defaults.conf
    mode: '0600'
  when: '"linux-base" in ansible_facts.packages'
  tags:
  - NIST-800-53-AC-17(a)
  - NIST-800-53-CM-6(a)
  - low_complexity
  - low_disruption
  - low_severity
  - no_reboot_needed
  - restrict_strategy
  - sshd_set_loglevel_info
</fix>
          <fix xmlns:xhtml="http://www.w3.org/1999/xhtml" id="sshd_set_loglevel_info" system="urn:xccdf:fix:script:sh" complexity="low" disruption="low" strategy="restrict"># Remediation is applicable only in certain platforms
if dpkg-query --show --showformat='${db:Status-Status}
' 'linux-base' 2&gt;/dev/null | grep -q ^installed; then

mkdir -p /etc/ssh/sshd_config.d
touch /etc/ssh/sshd_config.d/01-complianceascode-reinforce-os-defaults.conf
chmod 0600 /etc/ssh/sshd_config.d/01-complianceascode-reinforce-os-defaults.conf

LC_ALL=C sed -i "/^\s*LogLevel\s\+/Id" "/etc/ssh/sshd_config"
LC_ALL=C sed -i "/^\s*LogLevel\s\+/Id" "/etc/ssh/sshd_config.d"/*.conf
if [ -e "/etc/ssh/sshd_config.d/01-complianceascode-reinforce-os-defaults.conf" ] ; then
    
    LC_ALL=C sed -i "/^\s*LogLevel\s\+/Id" "/etc/ssh/sshd_config.d/01-complianceascode-reinforce-os-defaults.conf"
else
    touch "/etc/ssh/sshd_config.d/01-complianceascode-reinforce-os-defaults.conf"
fi
# make sure file has newline at the end
sed -i -e '$a\' "/etc/ssh/sshd_config.d/01-complianceascode-reinforce-os-defaults.conf"

cp "/etc/ssh/sshd_config.d/01-complianceascode-reinforce-os-defaults.conf" "/etc/ssh/sshd_config.d/01-complianceascode-reinforce-os-defaults.conf.bak"
# Insert at the beginning of the file
printf '%s\n' "LogLevel INFO" &gt; "/etc/ssh/sshd_config.d/01-complianceascode-reinforce-os-defaults.conf"
cat "/etc/ssh/sshd_config.d/01-complianceascode-reinforce-os-defaults.conf.bak" &gt;&gt; "/etc/ssh/sshd_config.d/01-complianceascode-reinforce-os-defaults.conf"
# Clean up after ourselves.
rm "/etc/ssh/sshd_config.d/01-complianceascode-reinforce-os-defaults.conf.bak"

else
    &gt;&amp;2 echo 'Remediation is not applicable, nothing was done'
fi
</fix>
          <check system="http://oval.mitre.org/XMLSchema/oval-definitions-5">
            <check-export export-name="oval:ssg-sshd_required:var:1" value-id="xccdf_org.ssgproject.content_value_sshd_required"/>
            <check-content-ref name="oval:ssg-sshd_set_loglevel_info:def:1" href="ssg-ubuntu2404-oval.xml"/>
          </check>
          <check system="http://scap.nist.gov/schema/ocil/2">
            <check-content-ref name="ocil:ssg-sshd_set_loglevel_info_ocil:questionnaire:1" href="ssg-ubuntu2404-ocil.xml"/>
          </check>
        </Rule>
        <Rule id="xccdf_org.ssgproject.content_rule_sshd_set_max_auth_tries" selected="false" role="full" severity="medium">
          <title xmlns:xhtml="http://www.w3.org/1999/xhtml" xml:lang="en-US">Set SSH authentication attempt limit</title>
          <description xmlns:xhtml="http://www.w3.org/1999/xhtml" xml:lang="en-US">The <html:code xmlns:html="http://www.w3.org/1999/xhtml">MaxAuthTries</html:code> parameter specifies the maximum number of authentication attempts
permitted per connection. Once the number of failures reaches half this value, additional failures are logged.
to set MaxAUthTries edit <html:code xmlns:html="http://www.w3.org/1999/xhtml">/etc/ssh/sshd_config</html:code> as follows:
<html:pre xmlns:html="http://www.w3.org/1999/xhtml" xmlns:xccdf-1.2="http://checklists.nist.gov/xccdf/1.2">MaxAuthTries <xccdf-1.2:sub idref="xccdf_org.ssgproject.content_value_sshd_max_auth_tries_value" use="legacy"/>
        </html:pre>
       </description>
          <reference href="https://www.cyber.gov.au/acsc/view-all-content/ism">0421</reference>
          <reference href="https://www.cyber.gov.au/acsc/view-all-content/ism">0422</reference>
          <reference href="https://www.cyber.gov.au/acsc/view-all-content/ism">0431</reference>
          <reference href="https://www.cyber.gov.au/acsc/view-all-content/ism">0974</reference>
          <reference href="https://www.cyber.gov.au/acsc/view-all-content/ism">1173</reference>
          <reference href="https://www.cyber.gov.au/acsc/view-all-content/ism">1401</reference>
          <reference href="https://www.cyber.gov.au/acsc/view-all-content/ism">1504</reference>
          <reference href="https://www.cyber.gov.au/acsc/view-all-content/ism">1505</reference>
          <reference href="https://www.cyber.gov.au/acsc/view-all-content/ism">1546</reference>
          <reference href="https://www.cyber.gov.au/acsc/view-all-content/ism">1557</reference>
          <reference href="https://www.cyber.gov.au/acsc/view-all-content/ism">1558</reference>
          <reference href="https://www.cyber.gov.au/acsc/view-all-content/ism">1559</reference>
          <reference href="https://www.cyber.gov.au/acsc/view-all-content/ism">1560</reference>
          <reference href="https://www.cyber.gov.au/acsc/view-all-content/ism">1561</reference>
          <reference href="https://www.cisecurity.org/benchmark/ubuntu_linux/">5.1.16</reference>
          <reference href="https://docs-prv.pcisecuritystandards.org/PCI%20DSS/Standard/PCI-DSS-v4_0.pdf">2.2.6</reference>
          <reference href="https://docs-prv.pcisecuritystandards.org/PCI%20DSS/Standard/PCI-DSS-v4_0.pdf">2.2</reference>
          <rationale xmlns:xhtml="http://www.w3.org/1999/xhtml" xml:lang="en-US">Setting the MaxAuthTries parameter to a low number will minimize the risk of successful
brute force attacks to the SSH server.</rationale>
          <fix xmlns:xhtml="http://www.w3.org/1999/xhtml" id="sshd_set_max_auth_tries" system="urn:xccdf:fix:script:ansible" complexity="low" disruption="low" strategy="restrict">- name: Gather the package facts
  package_facts:
    manager: auto
  tags:
  - PCI-DSSv4-2.2
  - PCI-DSSv4-2.2.6
  - low_complexity
  - low_disruption
  - medium_severity
  - no_reboot_needed
  - restrict_strategy
  - sshd_set_max_auth_tries
- name: XCCDF Value sshd_max_auth_tries_value # promote to variable
  set_fact:
    sshd_max_auth_tries_value: !!str <xccdf-1.2:sub xmlns:xccdf-1.2="http://checklists.nist.gov/xccdf/1.2" idref="xccdf_org.ssgproject.content_value_sshd_max_auth_tries_value" use="legacy"/>
  tags:
    - always

- name: Set SSH authentication attempt limit
  block:

  - name: Deduplicate values from /etc/ssh/sshd_config
    lineinfile:
      path: /etc/ssh/sshd_config
      create: false
      regexp: (?i)(?i)^\s*{{ "MaxAuthTries"| regex_escape }}\s+
      state: absent

  - name: Check if /etc/ssh/sshd_config.d exists
    stat:
      path: /etc/ssh/sshd_config.d
    register: _etc_ssh_sshd_config_d_exists

  - name: Check if the parameter MaxAuthTries is present in /etc/ssh/sshd_config.d
    find:
      paths: /etc/ssh/sshd_config.d
      recurse: 'yes'
      follow: 'no'
      contains: (?i)^\s*{{ "MaxAuthTries"| regex_escape }}\s+
    register: _etc_ssh_sshd_config_d_has_parameter
    when: _etc_ssh_sshd_config_d_exists.stat.isdir is defined and _etc_ssh_sshd_config_d_exists.stat.isdir

  - name: Remove parameter from files in /etc/ssh/sshd_config.d
    lineinfile:
      path: '{{ item.path }}'
      create: false
      regexp: (?i)(?i)^\s*{{ "MaxAuthTries"| regex_escape }}\s+
      state: absent
    with_items: '{{ _etc_ssh_sshd_config_d_has_parameter.files }}'
    when: _etc_ssh_sshd_config_d_has_parameter.matched

  - name: Insert correct line to /etc/ssh/sshd_config.d/00-complianceascode-hardening.conf
    lineinfile:
      path: /etc/ssh/sshd_config.d/00-complianceascode-hardening.conf
      create: true
      regexp: (?i)(?i)^\s*{{ "MaxAuthTries"| regex_escape }}\s+
      line: MaxAuthTries {{ sshd_max_auth_tries_value }}
      state: present
      insertbefore: BOF
      validate: /usr/sbin/sshd -t -f %s
  when: '"linux-base" in ansible_facts.packages'
  tags:
  - PCI-DSSv4-2.2
  - PCI-DSSv4-2.2.6
  - low_complexity
  - low_disruption
  - medium_severity
  - no_reboot_needed
  - restrict_strategy
  - sshd_set_max_auth_tries

- name: Set SSH authentication attempt limit - set file mode for /etc/ssh/sshd_config.d/00-complianceascode-hardening.conf
  ansible.builtin.file:
    path: /etc/ssh/sshd_config.d/00-complianceascode-hardening.conf
    mode: '0600'
  when: '"linux-base" in ansible_facts.packages'
  tags:
  - PCI-DSSv4-2.2
  - PCI-DSSv4-2.2.6
  - low_complexity
  - low_disruption
  - medium_severity
  - no_reboot_needed
  - restrict_strategy
  - sshd_set_max_auth_tries
</fix>
          <fix xmlns:xhtml="http://www.w3.org/1999/xhtml" id="sshd_set_max_auth_tries" system="urn:xccdf:fix:script:sh" complexity="low" disruption="low" strategy="restrict"># Remediation is applicable only in certain platforms
if dpkg-query --show --showformat='${db:Status-Status}
' 'linux-base' 2&gt;/dev/null | grep -q ^installed; then

sshd_max_auth_tries_value='<xccdf-1.2:sub xmlns:xccdf-1.2="http://checklists.nist.gov/xccdf/1.2" idref="xccdf_org.ssgproject.content_value_sshd_max_auth_tries_value" use="legacy"/>'


mkdir -p /etc/ssh/sshd_config.d
touch /etc/ssh/sshd_config.d/00-complianceascode-hardening.conf
chmod 0600 /etc/ssh/sshd_config.d/00-complianceascode-hardening.conf

LC_ALL=C sed -i "/^\s*MaxAuthTries\s\+/Id" "/etc/ssh/sshd_config"
LC_ALL=C sed -i "/^\s*MaxAuthTries\s\+/Id" "/etc/ssh/sshd_config.d"/*.conf
if [ -e "/etc/ssh/sshd_config.d/00-complianceascode-hardening.conf" ] ; then
    
    LC_ALL=C sed -i "/^\s*MaxAuthTries\s\+/Id" "/etc/ssh/sshd_config.d/00-complianceascode-hardening.conf"
else
    touch "/etc/ssh/sshd_config.d/00-complianceascode-hardening.conf"
fi
# make sure file has newline at the end
sed -i -e '$a\' "/etc/ssh/sshd_config.d/00-complianceascode-hardening.conf"

cp "/etc/ssh/sshd_config.d/00-complianceascode-hardening.conf" "/etc/ssh/sshd_config.d/00-complianceascode-hardening.conf.bak"
# Insert at the beginning of the file
printf '%s\n' "MaxAuthTries $sshd_max_auth_tries_value" &gt; "/etc/ssh/sshd_config.d/00-complianceascode-hardening.conf"
cat "/etc/ssh/sshd_config.d/00-complianceascode-hardening.conf.bak" &gt;&gt; "/etc/ssh/sshd_config.d/00-complianceascode-hardening.conf"
# Clean up after ourselves.
rm "/etc/ssh/sshd_config.d/00-complianceascode-hardening.conf.bak"

else
    &gt;&amp;2 echo 'Remediation is not applicable, nothing was done'
fi
</fix>
          <check system="http://oval.mitre.org/XMLSchema/oval-definitions-5">
            <check-export export-name="oval:ssg-sshd_required:var:1" value-id="xccdf_org.ssgproject.content_value_sshd_required"/>
            <check-export export-name="oval:ssg-sshd_max_auth_tries_value:var:1" value-id="xccdf_org.ssgproject.content_value_sshd_max_auth_tries_value"/>
            <check-content-ref name="oval:ssg-sshd_set_max_auth_tries:def:1" href="ssg-ubuntu2404-oval.xml"/>
          </check>
          <check system="http://scap.nist.gov/schema/ocil/2">
            <check-content-ref name="ocil:ssg-sshd_set_max_auth_tries_ocil:questionnaire:1" href="ssg-ubuntu2404-ocil.xml"/>
          </check>
        </Rule>
        <Rule id="xccdf_org.ssgproject.content_rule_sshd_set_max_sessions" selected="false" role="full" severity="medium">
          <title xmlns:xhtml="http://www.w3.org/1999/xhtml" xml:lang="en-US">Set SSH MaxSessions limit</title>
          <description xmlns:xhtml="http://www.w3.org/1999/xhtml" xml:lang="en-US">The <html:code xmlns:html="http://www.w3.org/1999/xhtml">MaxSessions</html:code> parameter specifies the maximum number of open sessions permitted
from a given connection. To set MaxSessions edit
<html:code xmlns:html="http://www.w3.org/1999/xhtml">/etc/ssh/sshd_config</html:code> as follows: <html:pre xmlns:html="http://www.w3.org/1999/xhtml" xmlns:xccdf-1.2="http://checklists.nist.gov/xccdf/1.2">MaxSessions <xccdf-1.2:sub idref="xccdf_org.ssgproject.content_value_var_sshd_max_sessions" use="legacy"/>
        </html:pre>
       </description>
          <reference href="https://www.cisecurity.org/benchmark/ubuntu_linux/">5.1.17</reference>
          <reference href="https://docs-prv.pcisecuritystandards.org/PCI%20DSS/Standard/PCI-DSS-v4_0.pdf">2.2.6</reference>
          <reference href="https://docs-prv.pcisecuritystandards.org/PCI%20DSS/Standard/PCI-DSS-v4_0.pdf">2.2</reference>
          <rationale xmlns:xhtml="http://www.w3.org/1999/xhtml" xml:lang="en-US">To protect a system from denial of service due to a large number of concurrent
sessions, use the rate limiting function of MaxSessions to protect availability
of sshd logins and prevent overwhelming the daemon.</rationale>
          <fix xmlns:xhtml="http://www.w3.org/1999/xhtml" id="sshd_set_max_sessions" system="urn:xccdf:fix:script:ansible" complexity="low" disruption="low" strategy="restrict">- name: Gather the package facts
  package_facts:
    manager: auto
  tags:
  - PCI-DSSv4-2.2
  - PCI-DSSv4-2.2.6
  - low_complexity
  - low_disruption
  - medium_severity
  - no_reboot_needed
  - restrict_strategy
  - sshd_set_max_sessions
- name: XCCDF Value var_sshd_max_sessions # promote to variable
  set_fact:
    var_sshd_max_sessions: !!str <xccdf-1.2:sub xmlns:xccdf-1.2="http://checklists.nist.gov/xccdf/1.2" idref="xccdf_org.ssgproject.content_value_var_sshd_max_sessions" use="legacy"/>
  tags:
    - always

- name: Set SSH MaxSessions limit
  block:

  - name: Deduplicate values from /etc/ssh/sshd_config
    lineinfile:
      path: /etc/ssh/sshd_config
      create: false
      regexp: (?i)(?i)^\s*{{ "MaxSessions"| regex_escape }}\s+
      state: absent

  - name: Check if /etc/ssh/sshd_config.d exists
    stat:
      path: /etc/ssh/sshd_config.d
    register: _etc_ssh_sshd_config_d_exists

  - name: Check if the parameter MaxSessions is present in /etc/ssh/sshd_config.d
    find:
      paths: /etc/ssh/sshd_config.d
      recurse: 'yes'
      follow: 'no'
      contains: (?i)^\s*{{ "MaxSessions"| regex_escape }}\s+
    register: _etc_ssh_sshd_config_d_has_parameter
    when: _etc_ssh_sshd_config_d_exists.stat.isdir is defined and _etc_ssh_sshd_config_d_exists.stat.isdir

  - name: Remove parameter from files in /etc/ssh/sshd_config.d
    lineinfile:
      path: '{{ item.path }}'
      create: false
      regexp: (?i)(?i)^\s*{{ "MaxSessions"| regex_escape }}\s+
      state: absent
    with_items: '{{ _etc_ssh_sshd_config_d_has_parameter.files }}'
    when: _etc_ssh_sshd_config_d_has_parameter.matched

  - name: Insert correct line to /etc/ssh/sshd_config.d/00-complianceascode-hardening.conf
    lineinfile:
      path: /etc/ssh/sshd_config.d/00-complianceascode-hardening.conf
      create: true
      regexp: (?i)(?i)^\s*{{ "MaxSessions"| regex_escape }}\s+
      line: MaxSessions {{ var_sshd_max_sessions }}
      state: present
      insertbefore: BOF
      validate: /usr/sbin/sshd -t -f %s
  when: '"linux-base" in ansible_facts.packages'
  tags:
  - PCI-DSSv4-2.2
  - PCI-DSSv4-2.2.6
  - low_complexity
  - low_disruption
  - medium_severity
  - no_reboot_needed
  - restrict_strategy
  - sshd_set_max_sessions

- name: Set SSH MaxSessions limit - set file mode for /etc/ssh/sshd_config.d/00-complianceascode-hardening.conf
  ansible.builtin.file:
    path: /etc/ssh/sshd_config.d/00-complianceascode-hardening.conf
    mode: '0600'
  when: '"linux-base" in ansible_facts.packages'
  tags:
  - PCI-DSSv4-2.2
  - PCI-DSSv4-2.2.6
  - low_complexity
  - low_disruption
  - medium_severity
  - no_reboot_needed
  - restrict_strategy
  - sshd_set_max_sessions
</fix>
          <fix xmlns:xhtml="http://www.w3.org/1999/xhtml" id="sshd_set_max_sessions" system="urn:xccdf:fix:script:sh" complexity="low" disruption="low" strategy="restrict"># Remediation is applicable only in certain platforms
if dpkg-query --show --showformat='${db:Status-Status}
' 'linux-base' 2&gt;/dev/null | grep -q ^installed; then

var_sshd_max_sessions='<xccdf-1.2:sub xmlns:xccdf-1.2="http://checklists.nist.gov/xccdf/1.2" idref="xccdf_org.ssgproject.content_value_var_sshd_max_sessions" use="legacy"/>'


mkdir -p /etc/ssh/sshd_config.d
touch /etc/ssh/sshd_config.d/00-complianceascode-hardening.conf
chmod 0600 /etc/ssh/sshd_config.d/00-complianceascode-hardening.conf

LC_ALL=C sed -i "/^\s*MaxSessions\s\+/Id" "/etc/ssh/sshd_config"
LC_ALL=C sed -i "/^\s*MaxSessions\s\+/Id" "/etc/ssh/sshd_config.d"/*.conf
if [ -e "/etc/ssh/sshd_config.d/00-complianceascode-hardening.conf" ] ; then
    
    LC_ALL=C sed -i "/^\s*MaxSessions\s\+/Id" "/etc/ssh/sshd_config.d/00-complianceascode-hardening.conf"
else
    touch "/etc/ssh/sshd_config.d/00-complianceascode-hardening.conf"
fi
# make sure file has newline at the end
sed -i -e '$a\' "/etc/ssh/sshd_config.d/00-complianceascode-hardening.conf"

cp "/etc/ssh/sshd_config.d/00-complianceascode-hardening.conf" "/etc/ssh/sshd_config.d/00-complianceascode-hardening.conf.bak"
# Insert at the beginning of the file
printf '%s\n' "MaxSessions $var_sshd_max_sessions" &gt; "/etc/ssh/sshd_config.d/00-complianceascode-hardening.conf"
cat "/etc/ssh/sshd_config.d/00-complianceascode-hardening.conf.bak" &gt;&gt; "/etc/ssh/sshd_config.d/00-complianceascode-hardening.conf"
# Clean up after ourselves.
rm "/etc/ssh/sshd_config.d/00-complianceascode-hardening.conf.bak"

else
    &gt;&amp;2 echo 'Remediation is not applicable, nothing was done'
fi
</fix>
          <check system="http://oval.mitre.org/XMLSchema/oval-definitions-5">
            <check-export export-name="oval:ssg-var_sshd_max_sessions:var:1" value-id="xccdf_org.ssgproject.content_value_var_sshd_max_sessions"/>
            <check-export export-name="oval:ssg-sshd_required:var:1" value-id="xccdf_org.ssgproject.content_value_sshd_required"/>
            <check-content-ref name="oval:ssg-sshd_set_max_sessions:def:1" href="ssg-ubuntu2404-oval.xml"/>
          </check>
          <check system="http://scap.nist.gov/schema/ocil/2">
            <check-content-ref name="ocil:ssg-sshd_set_max_sessions_ocil:questionnaire:1" href="ssg-ubuntu2404-ocil.xml"/>
          </check>
        </Rule>
        <Rule id="xccdf_org.ssgproject.content_rule_sshd_set_maxstartups" selected="false" role="full" severity="medium">
          <title xmlns:xhtml="http://www.w3.org/1999/xhtml" xml:lang="en-US">Ensure SSH MaxStartups is configured</title>
          <description xmlns:xhtml="http://www.w3.org/1999/xhtml" xml:lang="en-US">The MaxStartups parameter specifies the maximum number of concurrent unauthenticated
connections to the SSH daemon. Additional connections will be dropped until authentication
succeeds or the LoginGraceTime expires for a connection. To configure MaxStartups, you should
add or edit the following line in the <html:code xmlns:html="http://www.w3.org/1999/xhtml">/etc/ssh/sshd_config</html:code> file:
<html:pre xmlns:html="http://www.w3.org/1999/xhtml" xmlns:xccdf-1.2="http://checklists.nist.gov/xccdf/1.2">MaxStartups <xccdf-1.2:sub idref="xccdf_org.ssgproject.content_value_var_sshd_set_maxstartups" use="legacy"/>
        </html:pre>
       </description>
          <reference href="https://www.cisecurity.org/benchmark/ubuntu_linux/">5.1.18</reference>
          <reference href="https://docs-prv.pcisecuritystandards.org/PCI%20DSS/Standard/PCI-DSS-v4_0.pdf">2.2.6</reference>
          <reference href="https://docs-prv.pcisecuritystandards.org/PCI%20DSS/Standard/PCI-DSS-v4_0.pdf">2.2</reference>
          <rationale xmlns:xhtml="http://www.w3.org/1999/xhtml" xml:lang="en-US">To protect a system from denial of service due to a large number of pending authentication
connection attempts, use the rate limiting function of MaxStartups to protect availability of
sshd logins and prevent overwhelming the daemon.</rationale>
          <fix xmlns:xhtml="http://www.w3.org/1999/xhtml" id="sshd_set_maxstartups" system="urn:xccdf:fix:script:ansible" complexity="low" disruption="low" strategy="restrict">- name: Gather the package facts
  package_facts:
    manager: auto
  tags:
  - PCI-DSSv4-2.2
  - PCI-DSSv4-2.2.6
  - low_complexity
  - low_disruption
  - medium_severity
  - no_reboot_needed
  - restrict_strategy
  - sshd_set_maxstartups
- name: XCCDF Value var_sshd_set_maxstartups # promote to variable
  set_fact:
    var_sshd_set_maxstartups: !!str <xccdf-1.2:sub xmlns:xccdf-1.2="http://checklists.nist.gov/xccdf/1.2" idref="xccdf_org.ssgproject.content_value_var_sshd_set_maxstartups" use="legacy"/>
  tags:
    - always

- name: Ensure SSH MaxStartups is configured
  block:

  - name: Deduplicate values from /etc/ssh/sshd_config
    lineinfile:
      path: /etc/ssh/sshd_config
      create: false
      regexp: (?i)(?i)^\s*{{ "MaxStartups"| regex_escape }}\s+
      state: absent

  - name: Check if /etc/ssh/sshd_config.d exists
    stat:
      path: /etc/ssh/sshd_config.d
    register: _etc_ssh_sshd_config_d_exists

  - name: Check if the parameter MaxStartups is present in /etc/ssh/sshd_config.d
    find:
      paths: /etc/ssh/sshd_config.d
      recurse: 'yes'
      follow: 'no'
      contains: (?i)^\s*{{ "MaxStartups"| regex_escape }}\s+
    register: _etc_ssh_sshd_config_d_has_parameter
    when: _etc_ssh_sshd_config_d_exists.stat.isdir is defined and _etc_ssh_sshd_config_d_exists.stat.isdir

  - name: Remove parameter from files in /etc/ssh/sshd_config.d
    lineinfile:
      path: '{{ item.path }}'
      create: false
      regexp: (?i)(?i)^\s*{{ "MaxStartups"| regex_escape }}\s+
      state: absent
    with_items: '{{ _etc_ssh_sshd_config_d_has_parameter.files }}'
    when: _etc_ssh_sshd_config_d_has_parameter.matched

  - name: Insert correct line to /etc/ssh/sshd_config.d/00-complianceascode-hardening.conf
    lineinfile:
      path: /etc/ssh/sshd_config.d/00-complianceascode-hardening.conf
      create: true
      regexp: (?i)(?i)^\s*{{ "MaxStartups"| regex_escape }}\s+
      line: MaxStartups {{ var_sshd_set_maxstartups }}
      state: present
      insertbefore: BOF
      validate: /usr/sbin/sshd -t -f %s
  when: '"linux-base" in ansible_facts.packages'
  tags:
  - PCI-DSSv4-2.2
  - PCI-DSSv4-2.2.6
  - low_complexity
  - low_disruption
  - medium_severity
  - no_reboot_needed
  - restrict_strategy
  - sshd_set_maxstartups

- name: Ensure SSH MaxStartups is configured - set file mode for /etc/ssh/sshd_config.d/00-complianceascode-hardening.conf
  ansible.builtin.file:
    path: /etc/ssh/sshd_config.d/00-complianceascode-hardening.conf
    mode: '0600'
  when: '"linux-base" in ansible_facts.packages'
  tags:
  - PCI-DSSv4-2.2
  - PCI-DSSv4-2.2.6
  - low_complexity
  - low_disruption
  - medium_severity
  - no_reboot_needed
  - restrict_strategy
  - sshd_set_maxstartups
</fix>
          <fix xmlns:xhtml="http://www.w3.org/1999/xhtml" id="sshd_set_maxstartups" system="urn:xccdf:fix:script:sh" complexity="low" disruption="low" strategy="restrict"># Remediation is applicable only in certain platforms
if dpkg-query --show --showformat='${db:Status-Status}
' 'linux-base' 2&gt;/dev/null | grep -q ^installed; then

var_sshd_set_maxstartups='<xccdf-1.2:sub xmlns:xccdf-1.2="http://checklists.nist.gov/xccdf/1.2" idref="xccdf_org.ssgproject.content_value_var_sshd_set_maxstartups" use="legacy"/>'


mkdir -p /etc/ssh/sshd_config.d
touch /etc/ssh/sshd_config.d/00-complianceascode-hardening.conf
chmod 0600 /etc/ssh/sshd_config.d/00-complianceascode-hardening.conf

LC_ALL=C sed -i "/^\s*MaxStartups\s\+/Id" "/etc/ssh/sshd_config"
LC_ALL=C sed -i "/^\s*MaxStartups\s\+/Id" "/etc/ssh/sshd_config.d"/*.conf
if [ -e "/etc/ssh/sshd_config.d/00-complianceascode-hardening.conf" ] ; then
    
    LC_ALL=C sed -i "/^\s*MaxStartups\s\+/Id" "/etc/ssh/sshd_config.d/00-complianceascode-hardening.conf"
else
    touch "/etc/ssh/sshd_config.d/00-complianceascode-hardening.conf"
fi
# make sure file has newline at the end
sed -i -e '$a\' "/etc/ssh/sshd_config.d/00-complianceascode-hardening.conf"

cp "/etc/ssh/sshd_config.d/00-complianceascode-hardening.conf" "/etc/ssh/sshd_config.d/00-complianceascode-hardening.conf.bak"
# Insert at the beginning of the file
printf '%s\n' "MaxStartups $var_sshd_set_maxstartups" &gt; "/etc/ssh/sshd_config.d/00-complianceascode-hardening.conf"
cat "/etc/ssh/sshd_config.d/00-complianceascode-hardening.conf.bak" &gt;&gt; "/etc/ssh/sshd_config.d/00-complianceascode-hardening.conf"
# Clean up after ourselves.
rm "/etc/ssh/sshd_config.d/00-complianceascode-hardening.conf.bak"

else
    &gt;&amp;2 echo 'Remediation is not applicable, nothing was done'
fi
</fix>
          <check system="http://oval.mitre.org/XMLSchema/oval-definitions-5">
            <check-export export-name="oval:ssg-var_sshd_set_maxstartups:var:1" value-id="xccdf_org.ssgproject.content_value_var_sshd_set_maxstartups"/>
            <check-export export-name="oval:ssg-sshd_required:var:1" value-id="xccdf_org.ssgproject.content_value_sshd_required"/>
            <check-content-ref name="oval:ssg-sshd_set_maxstartups:def:1" href="ssg-ubuntu2404-oval.xml"/>
          </check>
          <check system="http://scap.nist.gov/schema/ocil/2">
            <check-content-ref name="ocil:ssg-sshd_set_maxstartups_ocil:questionnaire:1" href="ssg-ubuntu2404-ocil.xml"/>
          </check>
        </Rule>
        <Rule id="xccdf_org.ssgproject.content_rule_sshd_use_strong_ciphers" selected="false" role="full" severity="medium">
          <title xmlns:xhtml="http://www.w3.org/1999/xhtml" xml:lang="en-US">Use Only Strong Ciphers</title>
          <description xmlns:xhtml="http://www.w3.org/1999/xhtml" xml:lang="en-US">Limit the ciphers to strong algorithms.
Counter (CTR) mode is also preferred over cipher-block chaining (CBC) mode.
The following line in <html:code xmlns:html="http://www.w3.org/1999/xhtml">/etc/ssh/sshd_config</html:code>
demonstrates use of those ciphers:
<html:pre xmlns:html="http://www.w3.org/1999/xhtml">Ciphers chacha20-poly1305@openssh.com,aes256-gcm@openssh.com,aes128-gcm@openssh.com,aes256-ctr,aes192-ctr,aes128-ctr</html:pre>
The man page <html:code xmlns:html="http://www.w3.org/1999/xhtml">sshd_config(5)</html:code> contains a list of supported ciphers.</description>
          <reference href="https://www.cisecurity.org/benchmark/ubuntu_linux/">5.1.6</reference>
          <rationale xmlns:xhtml="http://www.w3.org/1999/xhtml" xml:lang="en-US">Based on research conducted at various institutions, it was determined that the symmetric
portion of the SSH Transport Protocol (as described in RFC 4253) has security weaknesses
that allowed recovery of up to 32 bits of plaintext from a block of ciphertext that was
encrypted with the Cipher Block Chaining (CBD) method. From that research, new Counter
mode algorithms (as described in RFC4344) were designed that are not vulnerable to these
types of attacks and these algorithms are now recommended for standard use.</rationale>
          <fix xmlns:xhtml="http://www.w3.org/1999/xhtml" id="sshd_use_strong_ciphers" system="urn:xccdf:fix:script:sh"># Remediation is applicable only in certain platforms
if dpkg-query --show --showformat='${db:Status-Status}
' 'linux-base' 2&gt;/dev/null | grep -q ^installed; then

if [ -e "/etc/ssh/sshd_config" ] ; then
    
    LC_ALL=C sed -i "/^\s*Ciphers\s\+/Id" "/etc/ssh/sshd_config"
else
    touch "/etc/ssh/sshd_config"
fi
# make sure file has newline at the end
sed -i -e '$a\' "/etc/ssh/sshd_config"

cp "/etc/ssh/sshd_config" "/etc/ssh/sshd_config.bak"
# Insert at the beginning of the file
printf '%s\n' "Ciphers aes128-ctr,aes192-ctr,aes256-ctr,chacha20-poly1305@openssh.com,aes256-gcm@openssh.com,aes128-gcm@openssh.com" &gt; "/etc/ssh/sshd_config"
cat "/etc/ssh/sshd_config.bak" &gt;&gt; "/etc/ssh/sshd_config"
# Clean up after ourselves.
rm "/etc/ssh/sshd_config.bak"

else
    &gt;&amp;2 echo 'Remediation is not applicable, nothing was done'
fi
</fix>
          <check system="http://oval.mitre.org/XMLSchema/oval-definitions-5">
            <check-export export-name="oval:ssg-sshd_required:var:1" value-id="xccdf_org.ssgproject.content_value_sshd_required"/>
            <check-content-ref name="oval:ssg-sshd_use_strong_ciphers:def:1" href="ssg-ubuntu2404-oval.xml"/>
          </check>
          <check system="http://scap.nist.gov/schema/ocil/2">
            <check-content-ref name="ocil:ssg-sshd_use_strong_ciphers_ocil:questionnaire:1" href="ssg-ubuntu2404-ocil.xml"/>
          </check>
        </Rule>
        <Rule id="xccdf_org.ssgproject.content_rule_sshd_use_strong_kex" selected="false" role="full" severity="medium">
          <title xmlns:xhtml="http://www.w3.org/1999/xhtml" xml:lang="en-US">Use Only Strong Key Exchange algorithms</title>
          <description xmlns:xhtml="http://www.w3.org/1999/xhtml" xml:lang="en-US">Limit the Key Exchange to strong algorithms.
The following line in <html:code xmlns:html="http://www.w3.org/1999/xhtml">/etc/ssh/sshd_config</html:code> demonstrates use
of those:
<html:pre xmlns:html="http://www.w3.org/1999/xhtml" xmlns:xccdf-1.2="http://checklists.nist.gov/xccdf/1.2">KexAlgorithms <xccdf-1.2:sub idref="xccdf_org.ssgproject.content_value_sshd_strong_kex" use="legacy"/>
        </html:pre>
       </description>
          <reference href="https://www.pcisecuritystandards.org/documents/PCI_DSS_v3-2-1.pdf">Req-2.3</reference>
          <reference href="https://www.cisecurity.org/benchmark/ubuntu_linux/">5.1.12</reference>
          <reference href="https://docs-prv.pcisecuritystandards.org/PCI%20DSS/Standard/PCI-DSS-v4_0.pdf">2.2.7</reference>
          <reference href="https://docs-prv.pcisecuritystandards.org/PCI%20DSS/Standard/PCI-DSS-v4_0.pdf">2.2</reference>
          <rationale xmlns:xhtml="http://www.w3.org/1999/xhtml" xml:lang="en-US">Key exchange is any method in cryptography by which cryptographic keys are exchanged
between two parties, allowing use of a cryptographic algorithm. If the sender and receiver
wish to exchange encrypted messages, each must be equipped to encrypt messages to be
sent and decrypt messages received</rationale>
          <fix xmlns:xhtml="http://www.w3.org/1999/xhtml" id="sshd_use_strong_kex" system="urn:xccdf:fix:script:ansible" complexity="low" disruption="low" strategy="restrict">- name: Gather the package facts
  package_facts:
    manager: auto
  tags:
  - PCI-DSS-Req-2.3
  - PCI-DSSv4-2.2
  - PCI-DSSv4-2.2.7
  - low_complexity
  - low_disruption
  - medium_severity
  - no_reboot_needed
  - restrict_strategy
  - sshd_use_strong_kex
- name: XCCDF Value sshd_strong_kex # promote to variable
  set_fact:
    sshd_strong_kex: !!str <xccdf-1.2:sub xmlns:xccdf-1.2="http://checklists.nist.gov/xccdf/1.2" idref="xccdf_org.ssgproject.content_value_sshd_strong_kex" use="legacy"/>
  tags:
    - always

- name: Use Only Strong Key Exchange algorithms
  block:

  - name: Check for duplicate values
    lineinfile:
      path: /etc/ssh/sshd_config
      create: true
      regexp: (?i)(?i)^\s*KexAlgorithms\s+
      state: absent
    check_mode: true
    changed_when: false
    register: dupes

  - name: Deduplicate values from /etc/ssh/sshd_config
    lineinfile:
      path: /etc/ssh/sshd_config
      create: true
      regexp: (?i)(?i)^\s*KexAlgorithms\s+
      state: absent
    when: dupes.found is defined and dupes.found &gt; 1

  - name: Insert correct line to /etc/ssh/sshd_config
    lineinfile:
      path: /etc/ssh/sshd_config
      create: true
      regexp: (?i)(?i)^\s*KexAlgorithms\s+
      line: KexAlgorithms {{ sshd_strong_kex }}
      state: present
      insertbefore: BOF
      validate: /usr/sbin/sshd -t -f %s
  when: '"linux-base" in ansible_facts.packages'
  tags:
  - PCI-DSS-Req-2.3
  - PCI-DSSv4-2.2
  - PCI-DSSv4-2.2.7
  - low_complexity
  - low_disruption
  - medium_severity
  - no_reboot_needed
  - restrict_strategy
  - sshd_use_strong_kex
</fix>
          <fix xmlns:xhtml="http://www.w3.org/1999/xhtml" id="sshd_use_strong_kex" system="urn:xccdf:fix:script:sh" complexity="low" disruption="low" strategy="restrict"># Remediation is applicable only in certain platforms
if dpkg-query --show --showformat='${db:Status-Status}
' 'linux-base' 2&gt;/dev/null | grep -q ^installed; then

sshd_strong_kex='<xccdf-1.2:sub xmlns:xccdf-1.2="http://checklists.nist.gov/xccdf/1.2" idref="xccdf_org.ssgproject.content_value_sshd_strong_kex" use="legacy"/>'


if [ -e "/etc/ssh/sshd_config" ] ; then
    
    LC_ALL=C sed -i "/^\s*KexAlgorithms\s\+/Id" "/etc/ssh/sshd_config"
else
    touch "/etc/ssh/sshd_config"
fi
# make sure file has newline at the end
sed -i -e '$a\' "/etc/ssh/sshd_config"

cp "/etc/ssh/sshd_config" "/etc/ssh/sshd_config.bak"
# Insert at the beginning of the file
printf '%s\n' "KexAlgorithms $sshd_strong_kex" &gt; "/etc/ssh/sshd_config"
cat "/etc/ssh/sshd_config.bak" &gt;&gt; "/etc/ssh/sshd_config"
# Clean up after ourselves.
rm "/etc/ssh/sshd_config.bak"

else
    &gt;&amp;2 echo 'Remediation is not applicable, nothing was done'
fi
</fix>
          <check system="http://oval.mitre.org/XMLSchema/oval-definitions-5">
            <check-export export-name="oval:ssg-sshd_strong_kex:var:1" value-id="xccdf_org.ssgproject.content_value_sshd_strong_kex"/>
            <check-export export-name="oval:ssg-sshd_required:var:1" value-id="xccdf_org.ssgproject.content_value_sshd_required"/>
            <check-content-ref name="oval:ssg-sshd_use_strong_kex:def:1" href="ssg-ubuntu2404-oval.xml"/>
          </check>
          <check system="http://scap.nist.gov/schema/ocil/2">
            <check-content-ref name="ocil:ssg-sshd_use_strong_kex_ocil:questionnaire:1" href="ssg-ubuntu2404-ocil.xml"/>
          </check>
        </Rule>
        <Rule id="xccdf_org.ssgproject.content_rule_sshd_use_strong_macs" selected="false" role="full" severity="medium">
          <title xmlns:xhtml="http://www.w3.org/1999/xhtml" xml:lang="en-US">Use Only Strong MACs</title>
          <description xmlns:xhtml="http://www.w3.org/1999/xhtml" xml:lang="en-US">Limit the MACs to strong hash algorithms.
The following line in <html:code xmlns:html="http://www.w3.org/1999/xhtml">/etc/ssh/sshd_config</html:code> demonstrates use
of those MACs:
<html:pre xmlns:html="http://www.w3.org/1999/xhtml" xmlns:xccdf-1.2="http://checklists.nist.gov/xccdf/1.2">MACs <xccdf-1.2:sub idref="xccdf_org.ssgproject.content_value_sshd_strong_macs" use="legacy"/>
        </html:pre>
       </description>
          <reference href="https://public.cyber.mil/stigs/cci/">CCI-001453</reference>
          <reference href="http://nvlpubs.nist.gov/nistpubs/SpecialPublications/NIST.SP.800-53r4.pdf">AC-17 (2)</reference>
          <reference href="https://public.cyber.mil/stigs/downloads/?_dl_facet_stigs=operating-systems%2Cgeneral-purpose-os">SRG-OS-000250-GPOS-00093</reference>
          <reference href="https://www.cisecurity.org/benchmark/ubuntu_linux/">5.1.15</reference>
          <rationale xmlns:xhtml="http://www.w3.org/1999/xhtml" xml:lang="en-US">MD5 and 96-bit MAC algorithms are considered weak and have been shown to increase
exploitability in SSH downgrade attacks. Weak algorithms continue to have a great deal of
attention as a weak spot that can be exploited with expanded computing power. An
attacker that breaks the algorithm could take advantage of a MiTM position to decrypt the
SSH tunnel and capture credentials and information</rationale>
          <fix xmlns:xhtml="http://www.w3.org/1999/xhtml" id="sshd_use_strong_macs" system="urn:xccdf:fix:script:ansible" complexity="low" disruption="low" strategy="restrict">- name: Gather the package facts
  package_facts:
    manager: auto
  tags:
  - NIST-800-53-AC-17 (2)
  - low_complexity
  - low_disruption
  - medium_severity
  - no_reboot_needed
  - restrict_strategy
  - sshd_use_strong_macs
- name: XCCDF Value sshd_strong_macs # promote to variable
  set_fact:
    sshd_strong_macs: !!str <xccdf-1.2:sub xmlns:xccdf-1.2="http://checklists.nist.gov/xccdf/1.2" idref="xccdf_org.ssgproject.content_value_sshd_strong_macs" use="legacy"/>
  tags:
    - always

- name: Use Only Strong MACs
  block:

  - name: Check for duplicate values
    lineinfile:
      path: /etc/ssh/sshd_config
      create: true
      regexp: (?i)(?i)^\s*MACs\s+
      state: absent
    check_mode: true
    changed_when: false
    register: dupes

  - name: Deduplicate values from /etc/ssh/sshd_config
    lineinfile:
      path: /etc/ssh/sshd_config
      create: true
      regexp: (?i)(?i)^\s*MACs\s+
      state: absent
    when: dupes.found is defined and dupes.found &gt; 1

  - name: Insert correct line to /etc/ssh/sshd_config
    lineinfile:
      path: /etc/ssh/sshd_config
      create: true
      regexp: (?i)(?i)^\s*MACs\s+
      line: MACs {{ sshd_strong_macs }}
      state: present
      insertbefore: BOF
      validate: /usr/sbin/sshd -t -f %s
  when: '"linux-base" in ansible_facts.packages'
  tags:
  - NIST-800-53-AC-17 (2)
  - low_complexity
  - low_disruption
  - medium_severity
  - no_reboot_needed
  - restrict_strategy
  - sshd_use_strong_macs
</fix>
          <fix xmlns:xhtml="http://www.w3.org/1999/xhtml" id="sshd_use_strong_macs" system="urn:xccdf:fix:script:sh"># Remediation is applicable only in certain platforms
if dpkg-query --show --showformat='${db:Status-Status}
' 'linux-base' 2&gt;/dev/null | grep -q ^installed; then

sshd_strong_macs='<xccdf-1.2:sub xmlns:xccdf-1.2="http://checklists.nist.gov/xccdf/1.2" idref="xccdf_org.ssgproject.content_value_sshd_strong_macs" use="legacy"/>'


# Strip any search characters in the key arg so that the key can be replaced without
# adding any search characters to the config file.
stripped_key=$(sed 's/[\^=\$,;+]*//g' &lt;&lt;&lt; "^MACs")

# shellcheck disable=SC2059
printf -v formatted_output "%s %s" "$stripped_key" "$sshd_strong_macs"

# If the key exists, change it. Otherwise, add it to the config_file.
# We search for the key string followed by a word boundary (matched by \&gt;),
# so if we search for 'setting', 'setting2' won't match.
if LC_ALL=C grep -q -m 1 -i -e "^MACs\\&gt;" "/etc/ssh/sshd_config"; then
    escaped_formatted_output=$(sed -e 's|/|\\/|g' &lt;&lt;&lt; "$formatted_output")
    LC_ALL=C sed -i --follow-symlinks "s/^MACs\\&gt;.*/$escaped_formatted_output/gi" "/etc/ssh/sshd_config"
else
    if [[ -s "/etc/ssh/sshd_config" ]] &amp;&amp; [[ -n "$(tail -c 1 -- "/etc/ssh/sshd_config" || true)" ]]; then
        LC_ALL=C sed -i --follow-symlinks '$a'\\ "/etc/ssh/sshd_config"
    fi
    printf '%s\n' "$formatted_output" &gt;&gt; "/etc/ssh/sshd_config"
fi

else
    &gt;&amp;2 echo 'Remediation is not applicable, nothing was done'
fi
</fix>
          <check system="http://oval.mitre.org/XMLSchema/oval-definitions-5">
            <check-export export-name="oval:ssg-sshd_strong_macs:var:1" value-id="xccdf_org.ssgproject.content_value_sshd_strong_macs"/>
            <check-export export-name="oval:ssg-sshd_required:var:1" value-id="xccdf_org.ssgproject.content_value_sshd_required"/>
            <check-content-ref name="oval:ssg-sshd_use_strong_macs:def:1" href="ssg-ubuntu2404-oval.xml"/>
          </check>
          <check system="http://scap.nist.gov/schema/ocil/2">
            <check-content-ref name="ocil:ssg-sshd_use_strong_macs_ocil:questionnaire:1" href="ssg-ubuntu2404-ocil.xml"/>
          </check>
        </Rule>
      </Group>
    </Group>
    <Group id="xccdf_org.ssgproject.content_group_xwindows">
      <title xmlns:xhtml="http://www.w3.org/1999/xhtml" xml:lang="en-US">X Window System</title>
      <description xmlns:xhtml="http://www.w3.org/1999/xhtml" xml:lang="en-US">The X Window System implementation included with the
system is called X.org.</description>
      <Group id="xccdf_org.ssgproject.content_group_disabling_xwindows">
        <title xmlns:xhtml="http://www.w3.org/1999/xhtml" xml:lang="en-US">Disable X Windows</title>
        <description xmlns:xhtml="http://www.w3.org/1999/xhtml" xml:lang="en-US">Unless there is a mission-critical reason for the
system to run a graphical user interface, ensure X is not set to start
automatically at boot and remove the X Windows software packages.
There is usually no reason to run X Windows
on a dedicated server system, as it increases the system's attack surface and consumes
system resources. Administrators of server systems should instead login via
SSH or on the text console.</description>
        <Rule id="xccdf_org.ssgproject.content_rule_package_xorg-x11-server-common_removed" selected="false" role="full" severity="medium">
          <title xmlns:xhtml="http://www.w3.org/1999/xhtml" xml:lang="en-US">Remove the X Windows Package Group</title>
          <description xmlns:xhtml="http://www.w3.org/1999/xhtml" xml:lang="en-US">By removing the xorg-x11-server-common package, the system no longer has X Windows
installed. If X Windows is not installed then the system cannot boot into graphical user mode.
This prevents the system from being accidentally or maliciously booted into a <html:code xmlns:html="http://www.w3.org/1999/xhtml">graphical.target</html:code>
mode. To do so, run the following command:
<html:pre xmlns:html="http://www.w3.org/1999/xhtml">$ sudo apt_get groupremove "X Window System"</html:pre>
        <html:pre xmlns:html="http://www.w3.org/1999/xhtml">$ sudo apt_get remove xorg-x11-server-common</html:pre>
       </description>
          <warning xmlns:xhtml="http://www.w3.org/1999/xhtml" xml:lang="en-US" category="functionality">The installation and use of a Graphical User Interface (GUI) increases your attack vector and decreases your
overall security posture. Removing the package xorg-x11-server-common package will remove the graphical target
which might bring your system to an inconsistent state requiring additional configuration to access the system
again. If a GUI is an operational requirement, a tailored profile that removes this rule should used before
continuing installation.</warning>
          <reference href="https://www.cisecurity.org/controls/">12</reference>
          <reference href="https://www.cisecurity.org/controls/">15</reference>
          <reference href="https://www.cisecurity.org/controls/">8</reference>
          <reference href="https://www.isaca.org/resources/cobit">APO13.01</reference>
          <reference href="https://www.isaca.org/resources/cobit">DSS01.04</reference>
          <reference href="https://www.isaca.org/resources/cobit">DSS05.02</reference>
          <reference href="https://www.isaca.org/resources/cobit">DSS05.03</reference>
          <reference href="https://public.cyber.mil/stigs/cci/">CCI-000366</reference>
          <reference href="https://www.isa.org/products/isa-62443-2-1-2009-security-for-industrial-automat">4.3.3.6.6</reference>
          <reference href="https://www.isa.org/products/ansi-isa-62443-3-3-99-03-03-2013-security-for-indu">SR 1.13</reference>
          <reference href="https://www.isa.org/products/ansi-isa-62443-3-3-99-03-03-2013-security-for-indu">SR 2.6</reference>
          <reference href="https://www.isa.org/products/ansi-isa-62443-3-3-99-03-03-2013-security-for-indu">SR 3.1</reference>
          <reference href="https://www.isa.org/products/ansi-isa-62443-3-3-99-03-03-2013-security-for-indu">SR 3.5</reference>
          <reference href="https://www.isa.org/products/ansi-isa-62443-3-3-99-03-03-2013-security-for-indu">SR 3.8</reference>
          <reference href="https://www.isa.org/products/ansi-isa-62443-3-3-99-03-03-2013-security-for-indu">SR 4.1</reference>
          <reference href="https://www.isa.org/products/ansi-isa-62443-3-3-99-03-03-2013-security-for-indu">SR 4.3</reference>
          <reference href="https://www.isa.org/products/ansi-isa-62443-3-3-99-03-03-2013-security-for-indu">SR 5.1</reference>
          <reference href="https://www.isa.org/products/ansi-isa-62443-3-3-99-03-03-2013-security-for-indu">SR 5.2</reference>
          <reference href="https://www.isa.org/products/ansi-isa-62443-3-3-99-03-03-2013-security-for-indu">SR 5.3</reference>
          <reference href="https://www.isa.org/products/ansi-isa-62443-3-3-99-03-03-2013-security-for-indu">SR 7.1</reference>
          <reference href="https://www.isa.org/products/ansi-isa-62443-3-3-99-03-03-2013-security-for-indu">SR 7.6</reference>
          <reference href="https://www.iso.org/contents/data/standard/05/45/54534.html">A.11.2.6</reference>
          <reference href="https://www.iso.org/contents/data/standard/05/45/54534.html">A.13.1.1</reference>
          <reference href="https://www.iso.org/contents/data/standard/05/45/54534.html">A.13.2.1</reference>
          <reference href="https://www.iso.org/contents/data/standard/05/45/54534.html">A.14.1.3</reference>
          <reference href="https://www.iso.org/contents/data/standard/05/45/54534.html">A.6.2.1</reference>
          <reference href="https://www.iso.org/contents/data/standard/05/45/54534.html">A.6.2.2</reference>
          <reference href="http://nvlpubs.nist.gov/nistpubs/SpecialPublications/NIST.SP.800-53r4.pdf">CM-7(a)</reference>
          <reference href="http://nvlpubs.nist.gov/nistpubs/SpecialPublications/NIST.SP.800-53r4.pdf">CM-7(b)</reference>
          <reference href="http://nvlpubs.nist.gov/nistpubs/SpecialPublications/NIST.SP.800-53r4.pdf">CM-6(a)</reference>
          <reference href="https://nvlpubs.nist.gov/nistpubs/CSWP/NIST.CSWP.04162018.pdf">PR.AC-3</reference>
          <reference href="https://nvlpubs.nist.gov/nistpubs/CSWP/NIST.CSWP.04162018.pdf">PR.PT-4</reference>
          <reference href="https://public.cyber.mil/stigs/downloads/?_dl_facet_stigs=operating-systems%2Cgeneral-purpose-os">SRG-OS-000480-GPOS-00227</reference>
          <reference href="https://www.cisecurity.org/benchmark/ubuntu_linux/">2.1.20</reference>
          <rationale xmlns:xhtml="http://www.w3.org/1999/xhtml" xml:lang="en-US">Unnecessary service packages must not be installed to decrease the attack surface of the system. X windows has a long history of security
vulnerabilities and should not be installed unless approved and documented.</rationale>
          <fix xmlns:xhtml="http://www.w3.org/1999/xhtml" id="package_xorg-x11-server-common_removed" system="urn:xccdf:fix:script:puppet" complexity="low" disruption="low" strategy="disable">include remove_xserver-common

class remove_xserver-common {
  package { 'xserver-common':
    ensure =&gt; 'purged',
  }
}
</fix>
          <fix xmlns:xhtml="http://www.w3.org/1999/xhtml" id="package_xorg-x11-server-common_removed" system="urn:xccdf:fix:script:ansible" complexity="low" disruption="low" strategy="disable">- name: Ensure xserver-common is removed
  package:
    name: xserver-common
    state: absent
  tags:
  - NIST-800-53-CM-6(a)
  - NIST-800-53-CM-7(a)
  - NIST-800-53-CM-7(b)
  - disable_strategy
  - low_complexity
  - low_disruption
  - medium_severity
  - no_reboot_needed
  - package_xorg-x11-server-common_removed
</fix>
          <fix xmlns:xhtml="http://www.w3.org/1999/xhtml" id="package_xorg-x11-server-common_removed" system="urn:xccdf:fix:script:sh" complexity="low" disruption="low" strategy="disable">
# CAUTION: This remediation script will remove xserver-common
#	   from the system, and may remove any packages
#	   that depend on xserver-common. Execute this
#	   remediation AFTER testing on a non-production
#	   system!

DEBIAN_FRONTEND=noninteractive apt-get remove -y "xserver-common"
</fix>
          <check system="http://oval.mitre.org/XMLSchema/oval-definitions-5">
            <check-content-ref name="oval:ssg-package_xorg-x11-server-common_removed:def:1" href="ssg-ubuntu2404-oval.xml"/>
          </check>
          <check system="http://scap.nist.gov/schema/ocil/2">
            <check-content-ref name="ocil:ssg-package_xorg-x11-server-common_removed_ocil:questionnaire:1" href="ssg-ubuntu2404-ocil.xml"/>
          </check>
        </Rule>
      </Group>
    </Group>
  </Group>
  <Group id="xccdf_org.ssgproject.content_group_auditing">
    <title xmlns:xhtml="http://www.w3.org/1999/xhtml" xml:lang="en-US">System Accounting with auditd</title>
    <description xmlns:xhtml="http://www.w3.org/1999/xhtml" xml:lang="en-US">The audit service provides substantial capabilities
for recording system activities. By default, the service audits about
SELinux AVC denials and certain types of security-relevant events
such as system logins, account modifications, and authentication
events performed by programs such as sudo.
Under its default configuration, <html:code xmlns:html="http://www.w3.org/1999/xhtml">auditd</html:code> has modest disk space
requirements, and should not noticeably impact system performance.
<html:br xmlns:html="http://www.w3.org/1999/xhtml"/>
     <html:br xmlns:html="http://www.w3.org/1999/xhtml"/>
NOTE: The Linux Audit daemon <html:code xmlns:html="http://www.w3.org/1999/xhtml">auditd</html:code> can be configured to use
the <html:code xmlns:html="http://www.w3.org/1999/xhtml">augenrules</html:code> program to read audit rules files (<html:code xmlns:html="http://www.w3.org/1999/xhtml">*.rules</html:code>)
located in <html:code xmlns:html="http://www.w3.org/1999/xhtml">/etc/audit/rules.d</html:code> location and compile them to create
the resulting form of the <html:code xmlns:html="http://www.w3.org/1999/xhtml">/etc/audit/audit.rules</html:code> configuration file
during the daemon startup (default configuration). Alternatively, the <html:code xmlns:html="http://www.w3.org/1999/xhtml">auditd</html:code>
daemon can use the <html:code xmlns:html="http://www.w3.org/1999/xhtml">auditctl</html:code> utility to read audit rules from the
<html:code xmlns:html="http://www.w3.org/1999/xhtml">/etc/audit/audit.rules</html:code> configuration file during daemon startup,
and load them into the kernel. The expected behavior is configured via the
appropriate <html:code xmlns:html="http://www.w3.org/1999/xhtml">ExecStartPost</html:code> directive setting in the
<html:code xmlns:html="http://www.w3.org/1999/xhtml">/usr/lib/systemd/system/auditd.service</html:code> configuration file.
To instruct the <html:code xmlns:html="http://www.w3.org/1999/xhtml">auditd</html:code> daemon to use the <html:code xmlns:html="http://www.w3.org/1999/xhtml">augenrules</html:code> program
to read audit rules (default configuration), use the following setting:
<html:br xmlns:html="http://www.w3.org/1999/xhtml"/>
     <html:pre xmlns:html="http://www.w3.org/1999/xhtml">ExecStartPost=-/sbin/augenrules --load</html:pre>
in the <html:code xmlns:html="http://www.w3.org/1999/xhtml">/usr/lib/systemd/system/auditd.service</html:code> configuration file.
In order to instruct the <html:code xmlns:html="http://www.w3.org/1999/xhtml">auditd</html:code> daemon to use the <html:code xmlns:html="http://www.w3.org/1999/xhtml">auditctl</html:code>
utility to read audit rules, use the following setting:
<html:br xmlns:html="http://www.w3.org/1999/xhtml"/>
     <html:pre xmlns:html="http://www.w3.org/1999/xhtml">ExecStartPost=-/sbin/auditctl -R /etc/audit/audit.rules</html:pre>
in the <html:code xmlns:html="http://www.w3.org/1999/xhtml">/usr/lib/systemd/system/auditd.service</html:code> configuration file.
Refer to <html:code xmlns:html="http://www.w3.org/1999/xhtml">[Service]</html:code> section of the <html:code xmlns:html="http://www.w3.org/1999/xhtml">/usr/lib/systemd/system/auditd.service</html:code>
configuration file for further details.
<html:br xmlns:html="http://www.w3.org/1999/xhtml"/>
     <html:br xmlns:html="http://www.w3.org/1999/xhtml"/>
Government networks often have substantial auditing
requirements and <html:code xmlns:html="http://www.w3.org/1999/xhtml">auditd</html:code> can be configured to meet these
requirements.
Examining some example audit records demonstrates how the Linux audit system
satisfies common requirements.
The following example from Red Hat Enterprise Linux 7 Documentation available at
<html:code xmlns:html="http://www.w3.org/1999/xhtml"><html:a href="https://access.redhat.com/documentation/en-us/red_hat_enterprise_linux/7/html-single/selinux_users_and_administrators_guide/index#sect-Security-Enhanced_Linux-Fixing_Problems-Raw_Audit_Messages">https://access.redhat.com/documentation/en-us/red_hat_enterprise_linux/7/html-single/selinux_users_and_administrators_guide/index#sect-Security-Enhanced_Linux-Fixing_Problems-Raw_Audit_Messages</html:a></html:code>
shows the substantial amount of information captured in a
two typical "raw" audit messages, followed by a breakdown of the most important
fields. In this example the message is SELinux-related and reports an AVC
denial (and the associated system call) that occurred when the Apache HTTP
Server attempted to access the <html:code xmlns:html="http://www.w3.org/1999/xhtml">/var/www/html/file1</html:code> file (labeled with
the <html:code xmlns:html="http://www.w3.org/1999/xhtml">samba_share_t</html:code> type):
<html:pre xmlns:html="http://www.w3.org/1999/xhtml">type=AVC msg=audit(1226874073.147:96): avc:  denied  { getattr } for pid=2465 comm="httpd"
path="/var/www/html/file1" dev=dm-0 ino=284133 scontext=unconfined_u:system_r:httpd_t:s0
tcontext=unconfined_u:object_r:samba_share_t:s0 tclass=file

type=SYSCALL msg=audit(1226874073.147:96): arch=40000003 syscall=196 success=no exit=-13
a0=b98df198 a1=bfec85dc a2=54dff4 a3=2008171 items=0 ppid=2463 pid=2465 auid=502 uid=48
gid=48 euid=48 suid=48 fsuid=48 egid=48 sgid=48 fsgid=48 tty=(none) ses=6 comm="httpd"
exe="/usr/sbin/httpd" subj=unconfined_u:system_r:httpd_t:s0 key=(null)
</html:pre>
     <html:ul xmlns:html="http://www.w3.org/1999/xhtml"><html:li><html:code>msg=audit(1226874073.147:96)</html:code><html:ul><html:li>The number in parentheses is the unformatted time stamp (Epoch time)
for the event, which can be converted to standard time by using the
<html:code>date</html:code> command.
</html:li></html:ul></html:li><html:li><html:code>{ getattr }</html:code><html:ul><html:li>The item in braces indicates the permission that was denied. <html:code>getattr</html:code>
indicates the source process was trying to read the target file's status information.
This occurs before reading files. This action is denied due to the file being
accessed having the wrong label. Commonly seen permissions include <html:code>getattr</html:code>,
<html:code>read</html:code>, and <html:code>write</html:code>.</html:li></html:ul></html:li><html:li><html:code>comm="httpd"</html:code><html:ul><html:li>The executable that launched the process. The full path of the executable is
found in the <html:code>exe=</html:code> section of the system call (<html:code>SYSCALL</html:code>) message,
which in this case, is <html:code>exe="/usr/sbin/httpd"</html:code>.
</html:li></html:ul></html:li><html:li><html:code>path="/var/www/html/file1"</html:code><html:ul><html:li>The path to the object (target) the process attempted to access.
</html:li></html:ul></html:li><html:li><html:code>scontext="unconfined_u:system_r:httpd_t:s0"</html:code><html:ul><html:li>The SELinux context of the process that attempted the denied action. In
this case, it is the SELinux context of the Apache HTTP Server, which is running
in the <html:code>httpd_t</html:code> domain.
</html:li></html:ul></html:li><html:li><html:code>tcontext="unconfined_u:object_r:samba_share_t:s0"</html:code><html:ul><html:li>The SELinux context of the object (target) the process attempted to access.
In this case, it is the SELinux context of <html:code>file1</html:code>. Note: the <html:code>samba_share_t</html:code>
type is not accessible to processes running in the <html:code>httpd_t</html:code> domain.</html:li></html:ul></html:li><html:li> From the system call (<html:code>SYSCALL</html:code>) message, two items are of interest:
<html:ul><html:li><html:code>success=no</html:code>: indicates whether the denial (AVC) was enforced or not.
<html:code>success=no</html:code> indicates the system call was not successful (SELinux denied
access). <html:code>success=yes</html:code> indicates the system call was successful - this can
be seen for permissive domains or unconfined domains, such as <html:code>initrc_t</html:code>
and <html:code>kernel_t</html:code>.
</html:li><html:li><html:code>exe="/usr/sbin/httpd"</html:code>: the full path to the executable that launched
the process, which in this case, is <html:code>exe="/usr/sbin/httpd"</html:code>.
</html:li></html:ul>
      </html:li></html:ul>
    </description>
    <platform idref="#system_with_kernel"/>
    <Rule id="xccdf_org.ssgproject.content_rule_package_audit-audispd-plugins_installed" selected="false" role="full" severity="medium">
      <title xmlns:xhtml="http://www.w3.org/1999/xhtml" xml:lang="en-US">Ensure the default plugins for the audit dispatcher are Installed</title>
      <description xmlns:xhtml="http://www.w3.org/1999/xhtml" xml:lang="en-US">The audit-audispd-plugins package should be installed.</description>
      <reference href="https://public.cyber.mil/stigs/cci/">CCI-001851</reference>
      <reference href="https://www.gpo.gov/fdsys/pkg/CFR-2007-title45-vol1/pdf/CFR-2007-title45-vol1-chapA-subchapC.pdf">164.308(a)(1)(ii)(D)</reference>
      <reference href="https://www.gpo.gov/fdsys/pkg/CFR-2007-title45-vol1/pdf/CFR-2007-title45-vol1-chapA-subchapC.pdf">164.308(a)(5)(ii)(C)</reference>
      <reference href="https://www.gpo.gov/fdsys/pkg/CFR-2007-title45-vol1/pdf/CFR-2007-title45-vol1-chapA-subchapC.pdf">164.310(a)(2)(iv)</reference>
      <reference href="https://www.gpo.gov/fdsys/pkg/CFR-2007-title45-vol1/pdf/CFR-2007-title45-vol1-chapA-subchapC.pdf">164.310(d)(2)(iii)</reference>
      <reference href="https://www.gpo.gov/fdsys/pkg/CFR-2007-title45-vol1/pdf/CFR-2007-title45-vol1-chapA-subchapC.pdf">164.312(b)</reference>
      <reference href="https://www.pcisecuritystandards.org/documents/PCI_DSS_v3-2-1.pdf">Req-10.5.3</reference>
      <reference href="https://public.cyber.mil/stigs/downloads/?_dl_facet_stigs=operating-systems%2Cgeneral-purpose-os">SRG-OS-000342-GPOS-00133</reference>
      <reference href="https://www.cisecurity.org/benchmark/ubuntu_linux/">6.2.1.1</reference>
      <reference href="https://docs-prv.pcisecuritystandards.org/PCI%20DSS/Standard/PCI-DSS-v4_0.pdf">10.3.3</reference>
      <reference href="https://docs-prv.pcisecuritystandards.org/PCI%20DSS/Standard/PCI-DSS-v4_0.pdf">10.3</reference>
      <rationale xmlns:xhtml="http://www.w3.org/1999/xhtml" xml:lang="en-US">Information stored in one location is vulnerable to accidental or incidental deletion or alteration. Off-loading is a common process in information systems with limited audit storage capacity.</rationale>
      <fix xmlns:xhtml="http://www.w3.org/1999/xhtml" id="package_audit-audispd-plugins_installed" system="urn:redhat:osbuild:blueprint">
[[packages]]
name = "audispd-plugins"
version = "*"
</fix>
      <fix xmlns:xhtml="http://www.w3.org/1999/xhtml" id="package_audit-audispd-plugins_installed" system="urn:xccdf:fix:script:puppet" complexity="low" disruption="low" strategy="enable">include install_audispd-plugins

class install_audispd-plugins {
  package { 'audispd-plugins':
    ensure =&gt; 'installed',
  }
}
</fix>
      <fix xmlns:xhtml="http://www.w3.org/1999/xhtml" id="package_audit-audispd-plugins_installed" system="urn:xccdf:fix:script:ansible" complexity="low" disruption="low" strategy="enable">- name: Gather the package facts
  package_facts:
    manager: auto
  tags:
  - PCI-DSS-Req-10.5.3
  - PCI-DSSv4-10.3
  - PCI-DSSv4-10.3.3
  - enable_strategy
  - low_complexity
  - low_disruption
  - medium_severity
  - no_reboot_needed
  - package_audit-audispd-plugins_installed

- name: Ensure audispd-plugins is installed
  package:
    name: audispd-plugins
    state: present
  when: '"linux-base" in ansible_facts.packages'
  tags:
  - PCI-DSS-Req-10.5.3
  - PCI-DSSv4-10.3
  - PCI-DSSv4-10.3.3
  - enable_strategy
  - low_complexity
  - low_disruption
  - medium_severity
  - no_reboot_needed
  - package_audit-audispd-plugins_installed
</fix>
      <fix xmlns:xhtml="http://www.w3.org/1999/xhtml" id="package_audit-audispd-plugins_installed" system="urn:xccdf:fix:script:sh" complexity="low" disruption="low" strategy="enable"># Remediation is applicable only in certain platforms
if dpkg-query --show --showformat='${db:Status-Status}
' 'linux-base' 2&gt;/dev/null | grep -q ^installed; then

DEBIAN_FRONTEND=noninteractive apt-get install -y "audispd-plugins"

else
    &gt;&amp;2 echo 'Remediation is not applicable, nothing was done'
fi
</fix>
      <check system="http://oval.mitre.org/XMLSchema/oval-definitions-5">
        <check-content-ref name="oval:ssg-package_audit-audispd-plugins_installed:def:1" href="ssg-ubuntu2404-oval.xml"/>
      </check>
      <check system="http://scap.nist.gov/schema/ocil/2">
        <check-content-ref name="ocil:ssg-package_audit-audispd-plugins_installed_ocil:questionnaire:1" href="ssg-ubuntu2404-ocil.xml"/>
      </check>
    </Rule>
    <Rule id="xccdf_org.ssgproject.content_rule_package_audit_installed" selected="false" role="full" severity="medium">
      <title xmlns:xhtml="http://www.w3.org/1999/xhtml" xml:lang="en-US">Ensure the audit Subsystem is Installed</title>
      <description xmlns:xhtml="http://www.w3.org/1999/xhtml" xml:lang="en-US">The audit package should be installed.</description>
      <reference href="https://public.cyber.mil/stigs/cci/">CCI-000133</reference>
      <reference href="https://public.cyber.mil/stigs/cci/">CCI-001881</reference>
      <reference href="https://public.cyber.mil/stigs/cci/">CCI-001875</reference>
      <reference href="https://public.cyber.mil/stigs/cci/">CCI-000154</reference>
      <reference href="https://public.cyber.mil/stigs/cci/">CCI-001882</reference>
      <reference href="https://public.cyber.mil/stigs/cci/">CCI-000158</reference>
      <reference href="https://public.cyber.mil/stigs/cci/">CCI-001914</reference>
      <reference href="https://public.cyber.mil/stigs/cci/">CCI-000169</reference>
      <reference href="https://public.cyber.mil/stigs/cci/">CCI-001464</reference>
      <reference href="https://public.cyber.mil/stigs/cci/">CCI-001878</reference>
      <reference href="https://public.cyber.mil/stigs/cci/">CCI-001877</reference>
      <reference href="https://public.cyber.mil/stigs/cci/">CCI-001889</reference>
      <reference href="https://public.cyber.mil/stigs/cci/">CCI-000135</reference>
      <reference href="https://public.cyber.mil/stigs/cci/">CCI-002884</reference>
      <reference href="https://public.cyber.mil/stigs/cci/">CCI-001487</reference>
      <reference href="https://public.cyber.mil/stigs/cci/">CCI-003938</reference>
      <reference href="https://public.cyber.mil/stigs/cci/">CCI-000132</reference>
      <reference href="https://public.cyber.mil/stigs/cci/">CCI-000134</reference>
      <reference href="https://public.cyber.mil/stigs/cci/">CCI-000172</reference>
      <reference href="https://public.cyber.mil/stigs/cci/">CCI-000130</reference>
      <reference href="https://public.cyber.mil/stigs/cci/">CCI-000131</reference>
      <reference href="https://public.cyber.mil/stigs/cci/">CCI-001879</reference>
      <reference href="https://public.cyber.mil/stigs/cci/">CCI-001880</reference>
      <reference href="https://public.cyber.mil/stigs/cci/">CCI-001876</reference>
      <reference href="https://public.cyber.mil/stigs/cci/">CCI-000159</reference>
      <reference href="https://www.gpo.gov/fdsys/pkg/CFR-2007-title45-vol1/pdf/CFR-2007-title45-vol1-chapA-subchapC.pdf">164.308(a)(1)(ii)(D)</reference>
      <reference href="https://www.gpo.gov/fdsys/pkg/CFR-2007-title45-vol1/pdf/CFR-2007-title45-vol1-chapA-subchapC.pdf">164.308(a)(5)(ii)(C)</reference>
      <reference href="https://www.gpo.gov/fdsys/pkg/CFR-2007-title45-vol1/pdf/CFR-2007-title45-vol1-chapA-subchapC.pdf">164.310(a)(2)(iv)</reference>
      <reference href="https://www.gpo.gov/fdsys/pkg/CFR-2007-title45-vol1/pdf/CFR-2007-title45-vol1-chapA-subchapC.pdf">164.310(d)(2)(iii)</reference>
      <reference href="https://www.gpo.gov/fdsys/pkg/CFR-2007-title45-vol1/pdf/CFR-2007-title45-vol1-chapA-subchapC.pdf">164.312(b)</reference>
      <reference href="https://www.nerc.com/pa/Stand/AlignRep/One%20Stop%20Shop.xlsx">CIP-004-6 R3.3</reference>
      <reference href="https://www.nerc.com/pa/Stand/AlignRep/One%20Stop%20Shop.xlsx">CIP-007-3 R6.5</reference>
      <reference href="http://nvlpubs.nist.gov/nistpubs/SpecialPublications/NIST.SP.800-53r4.pdf">AC-7(a)</reference>
      <reference href="http://nvlpubs.nist.gov/nistpubs/SpecialPublications/NIST.SP.800-53r4.pdf">AU-7(1)</reference>
      <reference href="http://nvlpubs.nist.gov/nistpubs/SpecialPublications/NIST.SP.800-53r4.pdf">AU-7(2)</reference>
      <reference href="http://nvlpubs.nist.gov/nistpubs/SpecialPublications/NIST.SP.800-53r4.pdf">AU-14</reference>
      <reference href="http://nvlpubs.nist.gov/nistpubs/SpecialPublications/NIST.SP.800-53r4.pdf">AU-12(2)</reference>
      <reference href="http://nvlpubs.nist.gov/nistpubs/SpecialPublications/NIST.SP.800-53r4.pdf">AU-2(a)</reference>
      <reference href="http://nvlpubs.nist.gov/nistpubs/SpecialPublications/NIST.SP.800-53r4.pdf">CM-6(a)</reference>
      <reference href="https://www.niap-ccevs.org/Profile/PP.cfm">FAU_GEN.1</reference>
      <reference href="https://www.pcisecuritystandards.org/documents/PCI_DSS_v3-2-1.pdf">Req-10.1</reference>
      <reference href="https://public.cyber.mil/stigs/downloads/?_dl_facet_stigs=operating-systems%2Cgeneral-purpose-os">SRG-OS-000062-GPOS-00031</reference>
      <reference href="https://public.cyber.mil/stigs/downloads/?_dl_facet_stigs=operating-systems%2Cgeneral-purpose-os">SRG-OS-000037-GPOS-00015</reference>
      <reference href="https://public.cyber.mil/stigs/downloads/?_dl_facet_stigs=operating-systems%2Cgeneral-purpose-os">SRG-OS-000038-GPOS-00016</reference>
      <reference href="https://public.cyber.mil/stigs/downloads/?_dl_facet_stigs=operating-systems%2Cgeneral-purpose-os">SRG-OS-000039-GPOS-00017</reference>
      <reference href="https://public.cyber.mil/stigs/downloads/?_dl_facet_stigs=operating-systems%2Cgeneral-purpose-os">SRG-OS-000040-GPOS-00018</reference>
      <reference href="https://public.cyber.mil/stigs/downloads/?_dl_facet_stigs=operating-systems%2Cgeneral-purpose-os">SRG-OS-000041-GPOS-00019</reference>
      <reference href="https://public.cyber.mil/stigs/downloads/?_dl_facet_stigs=operating-systems%2Cgeneral-purpose-os">SRG-OS-000042-GPOS-00021</reference>
      <reference href="https://public.cyber.mil/stigs/downloads/?_dl_facet_stigs=operating-systems%2Cgeneral-purpose-os">SRG-OS-000051-GPOS-00024</reference>
      <reference href="https://public.cyber.mil/stigs/downloads/?_dl_facet_stigs=operating-systems%2Cgeneral-purpose-os">SRG-OS-000054-GPOS-00025</reference>
      <reference href="https://public.cyber.mil/stigs/downloads/?_dl_facet_stigs=operating-systems%2Cgeneral-purpose-os">SRG-OS-000122-GPOS-00063</reference>
      <reference href="https://public.cyber.mil/stigs/downloads/?_dl_facet_stigs=operating-systems%2Cgeneral-purpose-os">SRG-OS-000254-GPOS-00095</reference>
      <reference href="https://public.cyber.mil/stigs/downloads/?_dl_facet_stigs=operating-systems%2Cgeneral-purpose-os">SRG-OS-000255-GPOS-00096</reference>
      <reference href="https://public.cyber.mil/stigs/downloads/?_dl_facet_stigs=operating-systems%2Cgeneral-purpose-os">SRG-OS-000337-GPOS-00129</reference>
      <reference href="https://public.cyber.mil/stigs/downloads/?_dl_facet_stigs=operating-systems%2Cgeneral-purpose-os">SRG-OS-000348-GPOS-00136</reference>
      <reference href="https://public.cyber.mil/stigs/downloads/?_dl_facet_stigs=operating-systems%2Cgeneral-purpose-os">SRG-OS-000349-GPOS-00137</reference>
      <reference href="https://public.cyber.mil/stigs/downloads/?_dl_facet_stigs=operating-systems%2Cgeneral-purpose-os">SRG-OS-000350-GPOS-00138</reference>
      <reference href="https://public.cyber.mil/stigs/downloads/?_dl_facet_stigs=operating-systems%2Cgeneral-purpose-os">SRG-OS-000351-GPOS-00139</reference>
      <reference href="https://public.cyber.mil/stigs/downloads/?_dl_facet_stigs=operating-systems%2Cgeneral-purpose-os">SRG-OS-000352-GPOS-00140</reference>
      <reference href="https://public.cyber.mil/stigs/downloads/?_dl_facet_stigs=operating-systems%2Cgeneral-purpose-os">SRG-OS-000353-GPOS-00141</reference>
      <reference href="https://public.cyber.mil/stigs/downloads/?_dl_facet_stigs=operating-systems%2Cgeneral-purpose-os">SRG-OS-000354-GPOS-00142</reference>
      <reference href="https://public.cyber.mil/stigs/downloads/?_dl_facet_stigs=operating-systems%2Cgeneral-purpose-os">SRG-OS-000358-GPOS-00145</reference>
      <reference href="https://public.cyber.mil/stigs/downloads/?_dl_facet_stigs=operating-systems%2Cgeneral-purpose-os">SRG-OS-000365-GPOS-00152</reference>
      <reference href="https://public.cyber.mil/stigs/downloads/?_dl_facet_stigs=operating-systems%2Cgeneral-purpose-os">SRG-OS-000392-GPOS-00172</reference>
      <reference href="https://public.cyber.mil/stigs/downloads/?_dl_facet_stigs=operating-systems%2Cgeneral-purpose-os">SRG-OS-000475-GPOS-00220</reference>
      <reference href="https://cyber.gouv.fr/sites/default/files/document/linux_configuration-en-v2.pdf">R33</reference>
      <reference href="https://cyber.gouv.fr/sites/default/files/document/linux_configuration-en-v2.pdf">R73</reference>
      <reference href="https://www.cisecurity.org/benchmark/ubuntu_linux/">6.2.1.1</reference>
      <reference href="https://docs-prv.pcisecuritystandards.org/PCI%20DSS/Standard/PCI-DSS-v4_0.pdf">10.2.1</reference>
      <reference href="https://docs-prv.pcisecuritystandards.org/PCI%20DSS/Standard/PCI-DSS-v4_0.pdf">10.2</reference>
      <rationale xmlns:xhtml="http://www.w3.org/1999/xhtml" xml:lang="en-US">The auditd service is an access monitoring and accounting daemon, watching system calls to audit any access, in comparison with potential local access control policy such as SELinux policy.</rationale>
      <fix xmlns:xhtml="http://www.w3.org/1999/xhtml" id="package_audit_installed" system="urn:redhat:osbuild:blueprint">
[[packages]]
name = "auditd"
version = "*"
</fix>
      <fix xmlns:xhtml="http://www.w3.org/1999/xhtml" id="package_audit_installed" system="urn:xccdf:fix:script:puppet" complexity="low" disruption="low" strategy="enable">include install_auditd

class install_auditd {
  package { 'auditd':
    ensure =&gt; 'installed',
  }
}
</fix>
      <fix xmlns:xhtml="http://www.w3.org/1999/xhtml" id="package_audit_installed" system="urn:xccdf:fix:script:ansible" complexity="low" disruption="low" strategy="enable">- name: Gather the package facts
  package_facts:
    manager: auto
  tags:
  - NIST-800-53-AC-7(a)
  - NIST-800-53-AU-12(2)
  - NIST-800-53-AU-14
  - NIST-800-53-AU-2(a)
  - NIST-800-53-AU-7(1)
  - NIST-800-53-AU-7(2)
  - NIST-800-53-CM-6(a)
  - PCI-DSS-Req-10.1
  - PCI-DSSv4-10.2
  - PCI-DSSv4-10.2.1
  - enable_strategy
  - low_complexity
  - low_disruption
  - medium_severity
  - no_reboot_needed
  - package_audit_installed

- name: Ensure auditd is installed
  package:
    name: auditd
    state: present
  when: '"linux-base" in ansible_facts.packages'
  tags:
  - NIST-800-53-AC-7(a)
  - NIST-800-53-AU-12(2)
  - NIST-800-53-AU-14
  - NIST-800-53-AU-2(a)
  - NIST-800-53-AU-7(1)
  - NIST-800-53-AU-7(2)
  - NIST-800-53-CM-6(a)
  - PCI-DSS-Req-10.1
  - PCI-DSSv4-10.2
  - PCI-DSSv4-10.2.1
  - enable_strategy
  - low_complexity
  - low_disruption
  - medium_severity
  - no_reboot_needed
  - package_audit_installed
</fix>
      <fix xmlns:xhtml="http://www.w3.org/1999/xhtml" id="package_audit_installed" system="urn:xccdf:fix:script:sh" complexity="low" disruption="low" strategy="enable"># Remediation is applicable only in certain platforms
if dpkg-query --show --showformat='${db:Status-Status}
' 'linux-base' 2&gt;/dev/null | grep -q ^installed; then

DEBIAN_FRONTEND=noninteractive apt-get install -y "auditd"

else
    &gt;&amp;2 echo 'Remediation is not applicable, nothing was done'
fi
</fix>
      <check system="http://oval.mitre.org/XMLSchema/oval-definitions-5">
        <check-content-ref name="oval:ssg-package_audit_installed:def:1" href="ssg-ubuntu2404-oval.xml"/>
      </check>
      <check system="http://scap.nist.gov/schema/ocil/2">
        <check-content-ref name="ocil:ssg-package_audit_installed_ocil:questionnaire:1" href="ssg-ubuntu2404-ocil.xml"/>
      </check>
    </Rule>
    <Rule id="xccdf_org.ssgproject.content_rule_service_auditd_enabled" selected="false" role="full" severity="medium">
      <title xmlns:xhtml="http://www.w3.org/1999/xhtml" xml:lang="en-US">Enable auditd Service</title>
      <description xmlns:xhtml="http://www.w3.org/1999/xhtml" xml:lang="en-US">The <html:code xmlns:html="http://www.w3.org/1999/xhtml">auditd</html:code> service is an essential userspace component of
the Linux Auditing System, as it is responsible for writing audit records to
disk.

The <html:code xmlns:html="http://www.w3.org/1999/xhtml">auditd</html:code> service can be enabled with the following command:
<html:pre xmlns:html="http://www.w3.org/1999/xhtml">$ sudo systemctl enable auditd.service</html:pre>
     </description>
      <reference href="https://www.cisecurity.org/controls/">1</reference>
      <reference href="https://www.cisecurity.org/controls/">11</reference>
      <reference href="https://www.cisecurity.org/controls/">12</reference>
      <reference href="https://www.cisecurity.org/controls/">13</reference>
      <reference href="https://www.cisecurity.org/controls/">14</reference>
      <reference href="https://www.cisecurity.org/controls/">15</reference>
      <reference href="https://www.cisecurity.org/controls/">16</reference>
      <reference href="https://www.cisecurity.org/controls/">19</reference>
      <reference href="https://www.cisecurity.org/controls/">2</reference>
      <reference href="https://www.cisecurity.org/controls/">3</reference>
      <reference href="https://www.cisecurity.org/controls/">4</reference>
      <reference href="https://www.cisecurity.org/controls/">5</reference>
      <reference href="https://www.cisecurity.org/controls/">6</reference>
      <reference href="https://www.cisecurity.org/controls/">7</reference>
      <reference href="https://www.cisecurity.org/controls/">8</reference>
      <reference href="https://www.cisecurity.org/controls/">9</reference>
      <reference href="https://www.fbi.gov/file-repository/cjis-security-policy-v5_5_20160601-2-1.pdf">5.4.1.1</reference>
      <reference href="https://www.isaca.org/resources/cobit">APO10.01</reference>
      <reference href="https://www.isaca.org/resources/cobit">APO10.03</reference>
      <reference href="https://www.isaca.org/resources/cobit">APO10.04</reference>
      <reference href="https://www.isaca.org/resources/cobit">APO10.05</reference>
      <reference href="https://www.isaca.org/resources/cobit">APO11.04</reference>
      <reference href="https://www.isaca.org/resources/cobit">APO12.06</reference>
      <reference href="https://www.isaca.org/resources/cobit">APO13.01</reference>
      <reference href="https://www.isaca.org/resources/cobit">BAI03.05</reference>
      <reference href="https://www.isaca.org/resources/cobit">BAI08.02</reference>
      <reference href="https://www.isaca.org/resources/cobit">DSS01.03</reference>
      <reference href="https://www.isaca.org/resources/cobit">DSS01.04</reference>
      <reference href="https://www.isaca.org/resources/cobit">DSS02.02</reference>
      <reference href="https://www.isaca.org/resources/cobit">DSS02.04</reference>
      <reference href="https://www.isaca.org/resources/cobit">DSS02.07</reference>
      <reference href="https://www.isaca.org/resources/cobit">DSS03.01</reference>
      <reference href="https://www.isaca.org/resources/cobit">DSS03.05</reference>
      <reference href="https://www.isaca.org/resources/cobit">DSS05.02</reference>
      <reference href="https://www.isaca.org/resources/cobit">DSS05.03</reference>
      <reference href="https://www.isaca.org/resources/cobit">DSS05.04</reference>
      <reference href="https://www.isaca.org/resources/cobit">DSS05.05</reference>
      <reference href="https://www.isaca.org/resources/cobit">DSS05.07</reference>
      <reference href="https://www.isaca.org/resources/cobit">MEA01.01</reference>
      <reference href="https://www.isaca.org/resources/cobit">MEA01.02</reference>
      <reference href="https://www.isaca.org/resources/cobit">MEA01.03</reference>
      <reference href="https://www.isaca.org/resources/cobit">MEA01.04</reference>
      <reference href="https://www.isaca.org/resources/cobit">MEA01.05</reference>
      <reference href="https://www.isaca.org/resources/cobit">MEA02.01</reference>
      <reference href="http://nvlpubs.nist.gov/nistpubs/SpecialPublications/NIST.SP.800-171.pdf">3.3.1</reference>
      <reference href="http://nvlpubs.nist.gov/nistpubs/SpecialPublications/NIST.SP.800-171.pdf">3.3.2</reference>
      <reference href="http://nvlpubs.nist.gov/nistpubs/SpecialPublications/NIST.SP.800-171.pdf">3.3.6</reference>
      <reference href="https://public.cyber.mil/stigs/cci/">CCI-000133</reference>
      <reference href="https://public.cyber.mil/stigs/cci/">CCI-001881</reference>
      <reference href="https://public.cyber.mil/stigs/cci/">CCI-001875</reference>
      <reference href="https://public.cyber.mil/stigs/cci/">CCI-000154</reference>
      <reference href="https://public.cyber.mil/stigs/cci/">CCI-001882</reference>
      <reference href="https://public.cyber.mil/stigs/cci/">CCI-000158</reference>
      <reference href="https://public.cyber.mil/stigs/cci/">CCI-001914</reference>
      <reference href="https://public.cyber.mil/stigs/cci/">CCI-000169</reference>
      <reference href="https://public.cyber.mil/stigs/cci/">CCI-001464</reference>
      <reference href="https://public.cyber.mil/stigs/cci/">CCI-001878</reference>
      <reference href="https://public.cyber.mil/stigs/cci/">CCI-001877</reference>
      <reference href="https://public.cyber.mil/stigs/cci/">CCI-001889</reference>
      <reference href="https://public.cyber.mil/stigs/cci/">CCI-000135</reference>
      <reference href="https://public.cyber.mil/stigs/cci/">CCI-002884</reference>
      <reference href="https://public.cyber.mil/stigs/cci/">CCI-001487</reference>
      <reference href="https://public.cyber.mil/stigs/cci/">CCI-003938</reference>
      <reference href="https://public.cyber.mil/stigs/cci/">CCI-000132</reference>
      <reference href="https://public.cyber.mil/stigs/cci/">CCI-004188</reference>
      <reference href="https://public.cyber.mil/stigs/cci/">CCI-000134</reference>
      <reference href="https://public.cyber.mil/stigs/cci/">CCI-000172</reference>
      <reference href="https://public.cyber.mil/stigs/cci/">CCI-000130</reference>
      <reference href="https://public.cyber.mil/stigs/cci/">CCI-000131</reference>
      <reference href="https://public.cyber.mil/stigs/cci/">CCI-001879</reference>
      <reference href="https://public.cyber.mil/stigs/cci/">CCI-001880</reference>
      <reference href="https://public.cyber.mil/stigs/cci/">CCI-001876</reference>
      <reference href="https://www.gpo.gov/fdsys/pkg/CFR-2007-title45-vol1/pdf/CFR-2007-title45-vol1-chapA-subchapC.pdf">164.308(a)(1)(ii)(D)</reference>
      <reference href="https://www.gpo.gov/fdsys/pkg/CFR-2007-title45-vol1/pdf/CFR-2007-title45-vol1-chapA-subchapC.pdf">164.308(a)(5)(ii)(C)</reference>
      <reference href="https://www.gpo.gov/fdsys/pkg/CFR-2007-title45-vol1/pdf/CFR-2007-title45-vol1-chapA-subchapC.pdf">164.310(a)(2)(iv)</reference>
      <reference href="https://www.gpo.gov/fdsys/pkg/CFR-2007-title45-vol1/pdf/CFR-2007-title45-vol1-chapA-subchapC.pdf">164.310(d)(2)(iii)</reference>
      <reference href="https://www.gpo.gov/fdsys/pkg/CFR-2007-title45-vol1/pdf/CFR-2007-title45-vol1-chapA-subchapC.pdf">164.312(b)</reference>
      <reference href="https://www.isa.org/products/isa-62443-2-1-2009-security-for-industrial-automat">4.2.3.10</reference>
      <reference href="https://www.isa.org/products/isa-62443-2-1-2009-security-for-industrial-automat">4.3.2.6.7</reference>
      <reference href="https://www.isa.org/products/isa-62443-2-1-2009-security-for-industrial-automat">4.3.3.3.9</reference>
      <reference href="https://www.isa.org/products/isa-62443-2-1-2009-security-for-industrial-automat">4.3.3.5.8</reference>
      <reference href="https://www.isa.org/products/isa-62443-2-1-2009-security-for-industrial-automat">4.3.3.6.6</reference>
      <reference href="https://www.isa.org/products/isa-62443-2-1-2009-security-for-industrial-automat">4.3.4.4.7</reference>
      <reference href="https://www.isa.org/products/isa-62443-2-1-2009-security-for-industrial-automat">4.3.4.5.6</reference>
      <reference href="https://www.isa.org/products/isa-62443-2-1-2009-security-for-industrial-automat">4.3.4.5.7</reference>
      <reference href="https://www.isa.org/products/isa-62443-2-1-2009-security-for-industrial-automat">4.3.4.5.8</reference>
      <reference href="https://www.isa.org/products/isa-62443-2-1-2009-security-for-industrial-automat">4.4.2.1</reference>
      <reference href="https://www.isa.org/products/isa-62443-2-1-2009-security-for-industrial-automat">4.4.2.2</reference>
      <reference href="https://www.isa.org/products/isa-62443-2-1-2009-security-for-industrial-automat">4.4.2.4</reference>
      <reference href="https://www.isa.org/products/ansi-isa-62443-3-3-99-03-03-2013-security-for-indu">SR 1.13</reference>
      <reference href="https://www.isa.org/products/ansi-isa-62443-3-3-99-03-03-2013-security-for-indu">SR 2.10</reference>
      <reference href="https://www.isa.org/products/ansi-isa-62443-3-3-99-03-03-2013-security-for-indu">SR 2.11</reference>
      <reference href="https://www.isa.org/products/ansi-isa-62443-3-3-99-03-03-2013-security-for-indu">SR 2.12</reference>
      <reference href="https://www.isa.org/products/ansi-isa-62443-3-3-99-03-03-2013-security-for-indu">SR 2.6</reference>
      <reference href="https://www.isa.org/products/ansi-isa-62443-3-3-99-03-03-2013-security-for-indu">SR 2.8</reference>
      <reference href="https://www.isa.org/products/ansi-isa-62443-3-3-99-03-03-2013-security-for-indu">SR 2.9</reference>
      <reference href="https://www.isa.org/products/ansi-isa-62443-3-3-99-03-03-2013-security-for-indu">SR 3.1</reference>
      <reference href="https://www.isa.org/products/ansi-isa-62443-3-3-99-03-03-2013-security-for-indu">SR 3.5</reference>
      <reference href="https://www.isa.org/products/ansi-isa-62443-3-3-99-03-03-2013-security-for-indu">SR 3.8</reference>
      <reference href="https://www.isa.org/products/ansi-isa-62443-3-3-99-03-03-2013-security-for-indu">SR 4.1</reference>
      <reference href="https://www.isa.org/products/ansi-isa-62443-3-3-99-03-03-2013-security-for-indu">SR 4.3</reference>
      <reference href="https://www.isa.org/products/ansi-isa-62443-3-3-99-03-03-2013-security-for-indu">SR 5.1</reference>
      <reference href="https://www.isa.org/products/ansi-isa-62443-3-3-99-03-03-2013-security-for-indu">SR 5.2</reference>
      <reference href="https://www.isa.org/products/ansi-isa-62443-3-3-99-03-03-2013-security-for-indu">SR 5.3</reference>
      <reference href="https://www.isa.org/products/ansi-isa-62443-3-3-99-03-03-2013-security-for-indu">SR 6.1</reference>
      <reference href="https://www.isa.org/products/ansi-isa-62443-3-3-99-03-03-2013-security-for-indu">SR 6.2</reference>
      <reference href="https://www.isa.org/products/ansi-isa-62443-3-3-99-03-03-2013-security-for-indu">SR 7.1</reference>
      <reference href="https://www.isa.org/products/ansi-isa-62443-3-3-99-03-03-2013-security-for-indu">SR 7.6</reference>
      <reference href="https://www.iso.org/contents/data/standard/05/45/54534.html">A.11.2.6</reference>
      <reference href="https://www.iso.org/contents/data/standard/05/45/54534.html">A.12.4.1</reference>
      <reference href="https://www.iso.org/contents/data/standard/05/45/54534.html">A.12.4.2</reference>
      <reference href="https://www.iso.org/contents/data/standard/05/45/54534.html">A.12.4.3</reference>
      <reference href="https://www.iso.org/contents/data/standard/05/45/54534.html">A.12.4.4</reference>
      <reference href="https://www.iso.org/contents/data/standard/05/45/54534.html">A.12.7.1</reference>
      <reference href="https://www.iso.org/contents/data/standard/05/45/54534.html">A.13.1.1</reference>
      <reference href="https://www.iso.org/contents/data/standard/05/45/54534.html">A.13.2.1</reference>
      <reference href="https://www.iso.org/contents/data/standard/05/45/54534.html">A.14.1.3</reference>
      <reference href="https://www.iso.org/contents/data/standard/05/45/54534.html">A.14.2.7</reference>
      <reference href="https://www.iso.org/contents/data/standard/05/45/54534.html">A.15.2.1</reference>
      <reference href="https://www.iso.org/contents/data/standard/05/45/54534.html">A.15.2.2</reference>
      <reference href="https://www.iso.org/contents/data/standard/05/45/54534.html">A.16.1.4</reference>
      <reference href="https://www.iso.org/contents/data/standard/05/45/54534.html">A.16.1.5</reference>
      <reference href="https://www.iso.org/contents/data/standard/05/45/54534.html">A.16.1.7</reference>
      <reference href="https://www.iso.org/contents/data/standard/05/45/54534.html">A.6.2.1</reference>
      <reference href="https://www.iso.org/contents/data/standard/05/45/54534.html">A.6.2.2</reference>
      <reference href="https://www.nerc.com/pa/Stand/AlignRep/One%20Stop%20Shop.xlsx">CIP-004-6 R3.3</reference>
      <reference href="https://www.nerc.com/pa/Stand/AlignRep/One%20Stop%20Shop.xlsx">CIP-007-3 R6.5</reference>
      <reference href="http://nvlpubs.nist.gov/nistpubs/SpecialPublications/NIST.SP.800-53r4.pdf">AC-2(g)</reference>
      <reference href="http://nvlpubs.nist.gov/nistpubs/SpecialPublications/NIST.SP.800-53r4.pdf">AU-3</reference>
      <reference href="http://nvlpubs.nist.gov/nistpubs/SpecialPublications/NIST.SP.800-53r4.pdf">AU-10</reference>
      <reference href="http://nvlpubs.nist.gov/nistpubs/SpecialPublications/NIST.SP.800-53r4.pdf">AU-2(d)</reference>
      <reference href="http://nvlpubs.nist.gov/nistpubs/SpecialPublications/NIST.SP.800-53r4.pdf">AU-12(c)</reference>
      <reference href="http://nvlpubs.nist.gov/nistpubs/SpecialPublications/NIST.SP.800-53r4.pdf">AU-14(1)</reference>
      <reference href="http://nvlpubs.nist.gov/nistpubs/SpecialPublications/NIST.SP.800-53r4.pdf">AC-6(9)</reference>
      <reference href="http://nvlpubs.nist.gov/nistpubs/SpecialPublications/NIST.SP.800-53r4.pdf">CM-6(a)</reference>
      <reference href="http://nvlpubs.nist.gov/nistpubs/SpecialPublications/NIST.SP.800-53r4.pdf">SI-4(23)</reference>
      <reference href="https://nvlpubs.nist.gov/nistpubs/CSWP/NIST.CSWP.04162018.pdf">DE.AE-3</reference>
      <reference href="https://nvlpubs.nist.gov/nistpubs/CSWP/NIST.CSWP.04162018.pdf">DE.AE-5</reference>
      <reference href="https://nvlpubs.nist.gov/nistpubs/CSWP/NIST.CSWP.04162018.pdf">DE.CM-1</reference>
      <reference href="https://nvlpubs.nist.gov/nistpubs/CSWP/NIST.CSWP.04162018.pdf">DE.CM-3</reference>
      <reference href="https://nvlpubs.nist.gov/nistpubs/CSWP/NIST.CSWP.04162018.pdf">DE.CM-7</reference>
      <reference href="https://nvlpubs.nist.gov/nistpubs/CSWP/NIST.CSWP.04162018.pdf">ID.SC-4</reference>
      <reference href="https://nvlpubs.nist.gov/nistpubs/CSWP/NIST.CSWP.04162018.pdf">PR.AC-3</reference>
      <reference href="https://nvlpubs.nist.gov/nistpubs/CSWP/NIST.CSWP.04162018.pdf">PR.PT-1</reference>
      <reference href="https://nvlpubs.nist.gov/nistpubs/CSWP/NIST.CSWP.04162018.pdf">PR.PT-4</reference>
      <reference href="https://nvlpubs.nist.gov/nistpubs/CSWP/NIST.CSWP.04162018.pdf">RS.AN-1</reference>
      <reference href="https://nvlpubs.nist.gov/nistpubs/CSWP/NIST.CSWP.04162018.pdf">RS.AN-4</reference>
      <reference href="https://www.niap-ccevs.org/Profile/PP.cfm">FAU_GEN.1</reference>
      <reference href="https://www.pcisecuritystandards.org/documents/PCI_DSS_v3-2-1.pdf">Req-10.1</reference>
      <reference href="https://public.cyber.mil/stigs/downloads/?_dl_facet_stigs=operating-systems%2Cgeneral-purpose-os">SRG-OS-000062-GPOS-00031</reference>
      <reference href="https://public.cyber.mil/stigs/downloads/?_dl_facet_stigs=operating-systems%2Cgeneral-purpose-os">SRG-OS-000037-GPOS-00015</reference>
      <reference href="https://public.cyber.mil/stigs/downloads/?_dl_facet_stigs=operating-systems%2Cgeneral-purpose-os">SRG-OS-000038-GPOS-00016</reference>
      <reference href="https://public.cyber.mil/stigs/downloads/?_dl_facet_stigs=operating-systems%2Cgeneral-purpose-os">SRG-OS-000039-GPOS-00017</reference>
      <reference href="https://public.cyber.mil/stigs/downloads/?_dl_facet_stigs=operating-systems%2Cgeneral-purpose-os">SRG-OS-000040-GPOS-00018</reference>
      <reference href="https://public.cyber.mil/stigs/downloads/?_dl_facet_stigs=operating-systems%2Cgeneral-purpose-os">SRG-OS-000041-GPOS-00019</reference>
      <reference href="https://public.cyber.mil/stigs/downloads/?_dl_facet_stigs=operating-systems%2Cgeneral-purpose-os">SRG-OS-000042-GPOS-00021</reference>
      <reference href="https://public.cyber.mil/stigs/downloads/?_dl_facet_stigs=operating-systems%2Cgeneral-purpose-os">SRG-OS-000051-GPOS-00024</reference>
      <reference href="https://public.cyber.mil/stigs/downloads/?_dl_facet_stigs=operating-systems%2Cgeneral-purpose-os">SRG-OS-000054-GPOS-00025</reference>
      <reference href="https://public.cyber.mil/stigs/downloads/?_dl_facet_stigs=operating-systems%2Cgeneral-purpose-os">SRG-OS-000122-GPOS-00063</reference>
      <reference href="https://public.cyber.mil/stigs/downloads/?_dl_facet_stigs=operating-systems%2Cgeneral-purpose-os">SRG-OS-000254-GPOS-00095</reference>
      <reference href="https://public.cyber.mil/stigs/downloads/?_dl_facet_stigs=operating-systems%2Cgeneral-purpose-os">SRG-OS-000255-GPOS-00096</reference>
      <reference href="https://public.cyber.mil/stigs/downloads/?_dl_facet_stigs=operating-systems%2Cgeneral-purpose-os">SRG-OS-000337-GPOS-00129</reference>
      <reference href="https://public.cyber.mil/stigs/downloads/?_dl_facet_stigs=operating-systems%2Cgeneral-purpose-os">SRG-OS-000348-GPOS-00136</reference>
      <reference href="https://public.cyber.mil/stigs/downloads/?_dl_facet_stigs=operating-systems%2Cgeneral-purpose-os">SRG-OS-000349-GPOS-00137</reference>
      <reference href="https://public.cyber.mil/stigs/downloads/?_dl_facet_stigs=operating-systems%2Cgeneral-purpose-os">SRG-OS-000350-GPOS-00138</reference>
      <reference href="https://public.cyber.mil/stigs/downloads/?_dl_facet_stigs=operating-systems%2Cgeneral-purpose-os">SRG-OS-000351-GPOS-00139</reference>
      <reference href="https://public.cyber.mil/stigs/downloads/?_dl_facet_stigs=operating-systems%2Cgeneral-purpose-os">SRG-OS-000352-GPOS-00140</reference>
      <reference href="https://public.cyber.mil/stigs/downloads/?_dl_facet_stigs=operating-systems%2Cgeneral-purpose-os">SRG-OS-000353-GPOS-00141</reference>
      <reference href="https://public.cyber.mil/stigs/downloads/?_dl_facet_stigs=operating-systems%2Cgeneral-purpose-os">SRG-OS-000354-GPOS-00142</reference>
      <reference href="https://public.cyber.mil/stigs/downloads/?_dl_facet_stigs=operating-systems%2Cgeneral-purpose-os">SRG-OS-000358-GPOS-00145</reference>
      <reference href="https://public.cyber.mil/stigs/downloads/?_dl_facet_stigs=operating-systems%2Cgeneral-purpose-os">SRG-OS-000365-GPOS-00152</reference>
      <reference href="https://public.cyber.mil/stigs/downloads/?_dl_facet_stigs=operating-systems%2Cgeneral-purpose-os">SRG-OS-000392-GPOS-00172</reference>
      <reference href="https://public.cyber.mil/stigs/downloads/?_dl_facet_stigs=operating-systems%2Cgeneral-purpose-os">SRG-OS-000475-GPOS-00220</reference>
      <reference href="https://public.cyber.mil/stigs/downloads/?_dl_facet_stigs=container-platform">SRG-APP-000095-CTR-000170</reference>
      <reference href="https://public.cyber.mil/stigs/downloads/?_dl_facet_stigs=container-platform">SRG-APP-000409-CTR-000990</reference>
      <reference href="https://public.cyber.mil/stigs/downloads/?_dl_facet_stigs=container-platform">SRG-APP-000508-CTR-001300</reference>
      <reference href="https://public.cyber.mil/stigs/downloads/?_dl_facet_stigs=container-platform">SRG-APP-000510-CTR-001310</reference>
      <reference href="https://cyber.gouv.fr/sites/default/files/document/linux_configuration-en-v2.pdf">R33</reference>
      <reference href="https://cyber.gouv.fr/sites/default/files/document/linux_configuration-en-v2.pdf">R73</reference>
      <reference href="https://www.cisecurity.org/benchmark/ubuntu_linux/">6.2.1.2</reference>
      <reference href="https://docs-prv.pcisecuritystandards.org/PCI%20DSS/Standard/PCI-DSS-v4_0.pdf">10.2.1</reference>
      <reference href="https://docs-prv.pcisecuritystandards.org/PCI%20DSS/Standard/PCI-DSS-v4_0.pdf">10.2</reference>
      <rationale xmlns:xhtml="http://www.w3.org/1999/xhtml" xml:lang="en-US">Without establishing what type of events occurred, it would be difficult
to establish, correlate, and investigate the events leading up to an outage or attack.
Ensuring the <html:code xmlns:html="http://www.w3.org/1999/xhtml">auditd</html:code> service is active ensures audit records
generated by the kernel are appropriately recorded.
<html:br xmlns:html="http://www.w3.org/1999/xhtml"/>
      <html:br xmlns:html="http://www.w3.org/1999/xhtml"/>
Additionally, a properly configured audit subsystem ensures that actions of
individual system users can be uniquely traced to those users so they
can be held accountable for their actions.</rationale>
      <platform idref="#package_audit"/>
      <requires idref="xccdf_org.ssgproject.content_rule_package_audit_installed"/>
      <fix xmlns:xhtml="http://www.w3.org/1999/xhtml" id="service_auditd_enabled" system="urn:redhat:osbuild:blueprint">
[customizations.services]
enabled = ["auditd"]
</fix>
      <fix xmlns:xhtml="http://www.w3.org/1999/xhtml" id="service_auditd_enabled" system="urn:xccdf:fix:script:puppet" complexity="low" disruption="low" strategy="enable">include enable_auditd

class enable_auditd {
  service {'auditd':
    enable =&gt; true,
    ensure =&gt; 'running',
  }
}
</fix>
      <fix xmlns:xhtml="http://www.w3.org/1999/xhtml" id="service_auditd_enabled" system="urn:xccdf:fix:script:ansible" complexity="low" disruption="low" strategy="enable">- name: Gather the package facts
  package_facts:
    manager: auto
  tags:
  - CJIS-5.4.1.1
  - NIST-800-171-3.3.1
  - NIST-800-171-3.3.2
  - NIST-800-171-3.3.6
  - NIST-800-53-AC-2(g)
  - NIST-800-53-AC-6(9)
  - NIST-800-53-AU-10
  - NIST-800-53-AU-12(c)
  - NIST-800-53-AU-14(1)
  - NIST-800-53-AU-2(d)
  - NIST-800-53-AU-3
  - NIST-800-53-CM-6(a)
  - NIST-800-53-SI-4(23)
  - PCI-DSS-Req-10.1
  - PCI-DSSv4-10.2
  - PCI-DSSv4-10.2.1
  - enable_strategy
  - low_complexity
  - low_disruption
  - medium_severity
  - no_reboot_needed
  - service_auditd_enabled

- name: Enable auditd Service - Enable service auditd
  block:

  - name: Gather the package facts
    package_facts:
      manager: auto

  - name: Enable auditd Service - Enable Service auditd
    ansible.builtin.systemd:
      name: auditd
      enabled: true
      state: started
      masked: false
    when:
    - '"auditd" in ansible_facts.packages'
  when:
  - '"linux-base" in ansible_facts.packages'
  - '"auditd" in ansible_facts.packages'
  tags:
  - CJIS-5.4.1.1
  - NIST-800-171-3.3.1
  - NIST-800-171-3.3.2
  - NIST-800-171-3.3.6
  - NIST-800-53-AC-2(g)
  - NIST-800-53-AC-6(9)
  - NIST-800-53-AU-10
  - NIST-800-53-AU-12(c)
  - NIST-800-53-AU-14(1)
  - NIST-800-53-AU-2(d)
  - NIST-800-53-AU-3
  - NIST-800-53-CM-6(a)
  - NIST-800-53-SI-4(23)
  - PCI-DSS-Req-10.1
  - PCI-DSSv4-10.2
  - PCI-DSSv4-10.2.1
  - enable_strategy
  - low_complexity
  - low_disruption
  - medium_severity
  - no_reboot_needed
  - service_auditd_enabled
</fix>
      <fix xmlns:xhtml="http://www.w3.org/1999/xhtml" id="service_auditd_enabled" system="urn:xccdf:fix:script:sh" complexity="low" disruption="low" strategy="enable"># Remediation is applicable only in certain platforms
if dpkg-query --show --showformat='${db:Status-Status}
' 'linux-base' 2&gt;/dev/null | grep -q ^installed &amp;&amp; { dpkg-query --show --showformat='${db:Status-Status}\n' 'auditd' 2&gt;/dev/null | grep -q '^installed'; }; then

SYSTEMCTL_EXEC='/usr/bin/systemctl'
"$SYSTEMCTL_EXEC" unmask 'auditd.service'
if [[ $("$SYSTEMCTL_EXEC" is-system-running) != "offline" ]]; then
  "$SYSTEMCTL_EXEC" start 'auditd.service'
fi
"$SYSTEMCTL_EXEC" enable 'auditd.service'

else
    &gt;&amp;2 echo 'Remediation is not applicable, nothing was done'
fi
</fix>
      <check system="http://oval.mitre.org/XMLSchema/oval-definitions-5">
        <check-content-ref name="oval:ssg-service_auditd_enabled:def:1" href="ssg-ubuntu2404-oval.xml"/>
      </check>
      <check system="http://scap.nist.gov/schema/ocil/2">
        <check-content-ref name="ocil:ssg-service_auditd_enabled_ocil:questionnaire:1" href="ssg-ubuntu2404-ocil.xml"/>
      </check>
    </Rule>
    <Rule id="xccdf_org.ssgproject.content_rule_grub2_audit_argument" selected="false" role="full" severity="low">
      <title xmlns:xhtml="http://www.w3.org/1999/xhtml" xml:lang="en-US">Enable Auditing for Processes Which Start Prior to the Audit Daemon</title>
      <description xmlns:xhtml="http://www.w3.org/1999/xhtml" xml:lang="en-US">To ensure all processes can be audited, even those which start
prior to the audit daemon, add the argument <html:code xmlns:html="http://www.w3.org/1999/xhtml">audit=1</html:code> to the default
GRUB 2 command line for the Linux operating system.
To ensure that <html:code xmlns:html="http://www.w3.org/1999/xhtml">audit=1</html:code> is added as a kernel command line
argument to newly installed kernels, add <html:code xmlns:html="http://www.w3.org/1999/xhtml">audit=1</html:code> to the
default Grub2 command line for Linux operating systems. Modify the line within
<html:code xmlns:html="http://www.w3.org/1999/xhtml">/etc/default/grub</html:code> as shown below:
<html:pre xmlns:html="http://www.w3.org/1999/xhtml">GRUB_CMDLINE_LINUX="... audit=1 ..."</html:pre>
Run the following command to update command line for already installed kernels:<html:pre xmlns:html="http://www.w3.org/1999/xhtml"># update-grub</html:pre>
     </description>
      <reference href="https://www.cisecurity.org/controls/">1</reference>
      <reference href="https://www.cisecurity.org/controls/">11</reference>
      <reference href="https://www.cisecurity.org/controls/">12</reference>
      <reference href="https://www.cisecurity.org/controls/">13</reference>
      <reference href="https://www.cisecurity.org/controls/">14</reference>
      <reference href="https://www.cisecurity.org/controls/">15</reference>
      <reference href="https://www.cisecurity.org/controls/">16</reference>
      <reference href="https://www.cisecurity.org/controls/">19</reference>
      <reference href="https://www.cisecurity.org/controls/">3</reference>
      <reference href="https://www.cisecurity.org/controls/">4</reference>
      <reference href="https://www.cisecurity.org/controls/">5</reference>
      <reference href="https://www.cisecurity.org/controls/">6</reference>
      <reference href="https://www.cisecurity.org/controls/">7</reference>
      <reference href="https://www.cisecurity.org/controls/">8</reference>
      <reference href="https://www.fbi.gov/file-repository/cjis-security-policy-v5_5_20160601-2-1.pdf">5.4.1.1</reference>
      <reference href="https://www.isaca.org/resources/cobit">APO10.01</reference>
      <reference href="https://www.isaca.org/resources/cobit">APO10.03</reference>
      <reference href="https://www.isaca.org/resources/cobit">APO10.04</reference>
      <reference href="https://www.isaca.org/resources/cobit">APO10.05</reference>
      <reference href="https://www.isaca.org/resources/cobit">APO11.04</reference>
      <reference href="https://www.isaca.org/resources/cobit">APO12.06</reference>
      <reference href="https://www.isaca.org/resources/cobit">APO13.01</reference>
      <reference href="https://www.isaca.org/resources/cobit">BAI03.05</reference>
      <reference href="https://www.isaca.org/resources/cobit">BAI08.02</reference>
      <reference href="https://www.isaca.org/resources/cobit">DSS01.04</reference>
      <reference href="https://www.isaca.org/resources/cobit">DSS02.02</reference>
      <reference href="https://www.isaca.org/resources/cobit">DSS02.04</reference>
      <reference href="https://www.isaca.org/resources/cobit">DSS02.07</reference>
      <reference href="https://www.isaca.org/resources/cobit">DSS03.01</reference>
      <reference href="https://www.isaca.org/resources/cobit">DSS05.02</reference>
      <reference href="https://www.isaca.org/resources/cobit">DSS05.03</reference>
      <reference href="https://www.isaca.org/resources/cobit">DSS05.04</reference>
      <reference href="https://www.isaca.org/resources/cobit">DSS05.07</reference>
      <reference href="https://www.isaca.org/resources/cobit">MEA01.01</reference>
      <reference href="https://www.isaca.org/resources/cobit">MEA01.02</reference>
      <reference href="https://www.isaca.org/resources/cobit">MEA01.03</reference>
      <reference href="https://www.isaca.org/resources/cobit">MEA01.04</reference>
      <reference href="https://www.isaca.org/resources/cobit">MEA01.05</reference>
      <reference href="https://www.isaca.org/resources/cobit">MEA02.01</reference>
      <reference href="http://nvlpubs.nist.gov/nistpubs/SpecialPublications/NIST.SP.800-171.pdf">3.3.1</reference>
      <reference href="https://public.cyber.mil/stigs/cci/">CCI-000172</reference>
      <reference href="https://public.cyber.mil/stigs/cci/">CCI-000130</reference>
      <reference href="https://public.cyber.mil/stigs/cci/">CCI-000135</reference>
      <reference href="https://public.cyber.mil/stigs/cci/">CCI-000169</reference>
      <reference href="https://public.cyber.mil/stigs/cci/">CCI-002884</reference>
      <reference href="https://public.cyber.mil/stigs/cci/">CCI-001464</reference>
      <reference href="https://www.gpo.gov/fdsys/pkg/CFR-2007-title45-vol1/pdf/CFR-2007-title45-vol1-chapA-subchapC.pdf">164.308(a)(1)(ii)(D)</reference>
      <reference href="https://www.gpo.gov/fdsys/pkg/CFR-2007-title45-vol1/pdf/CFR-2007-title45-vol1-chapA-subchapC.pdf">164.308(a)(5)(ii)(C)</reference>
      <reference href="https://www.gpo.gov/fdsys/pkg/CFR-2007-title45-vol1/pdf/CFR-2007-title45-vol1-chapA-subchapC.pdf">164.310(a)(2)(iv)</reference>
      <reference href="https://www.gpo.gov/fdsys/pkg/CFR-2007-title45-vol1/pdf/CFR-2007-title45-vol1-chapA-subchapC.pdf">164.310(d)(2)(iii)</reference>
      <reference href="https://www.gpo.gov/fdsys/pkg/CFR-2007-title45-vol1/pdf/CFR-2007-title45-vol1-chapA-subchapC.pdf">164.312(b)</reference>
      <reference href="https://www.isa.org/products/isa-62443-2-1-2009-security-for-industrial-automat">4.2.3.10</reference>
      <reference href="https://www.isa.org/products/isa-62443-2-1-2009-security-for-industrial-automat">4.3.2.6.7</reference>
      <reference href="https://www.isa.org/products/isa-62443-2-1-2009-security-for-industrial-automat">4.3.3.3.9</reference>
      <reference href="https://www.isa.org/products/isa-62443-2-1-2009-security-for-industrial-automat">4.3.3.5.8</reference>
      <reference href="https://www.isa.org/products/isa-62443-2-1-2009-security-for-industrial-automat">4.3.3.6.6</reference>
      <reference href="https://www.isa.org/products/isa-62443-2-1-2009-security-for-industrial-automat">4.3.4.4.7</reference>
      <reference href="https://www.isa.org/products/isa-62443-2-1-2009-security-for-industrial-automat">4.3.4.5.6</reference>
      <reference href="https://www.isa.org/products/isa-62443-2-1-2009-security-for-industrial-automat">4.3.4.5.7</reference>
      <reference href="https://www.isa.org/products/isa-62443-2-1-2009-security-for-industrial-automat">4.3.4.5.8</reference>
      <reference href="https://www.isa.org/products/isa-62443-2-1-2009-security-for-industrial-automat">4.4.2.1</reference>
      <reference href="https://www.isa.org/products/isa-62443-2-1-2009-security-for-industrial-automat">4.4.2.2</reference>
      <reference href="https://www.isa.org/products/isa-62443-2-1-2009-security-for-industrial-automat">4.4.2.4</reference>
      <reference href="https://www.isa.org/products/ansi-isa-62443-3-3-99-03-03-2013-security-for-indu">SR 1.13</reference>
      <reference href="https://www.isa.org/products/ansi-isa-62443-3-3-99-03-03-2013-security-for-indu">SR 2.10</reference>
      <reference href="https://www.isa.org/products/ansi-isa-62443-3-3-99-03-03-2013-security-for-indu">SR 2.11</reference>
      <reference href="https://www.isa.org/products/ansi-isa-62443-3-3-99-03-03-2013-security-for-indu">SR 2.12</reference>
      <reference href="https://www.isa.org/products/ansi-isa-62443-3-3-99-03-03-2013-security-for-indu">SR 2.6</reference>
      <reference href="https://www.isa.org/products/ansi-isa-62443-3-3-99-03-03-2013-security-for-indu">SR 2.8</reference>
      <reference href="https://www.isa.org/products/ansi-isa-62443-3-3-99-03-03-2013-security-for-indu">SR 2.9</reference>
      <reference href="https://www.isa.org/products/ansi-isa-62443-3-3-99-03-03-2013-security-for-indu">SR 3.1</reference>
      <reference href="https://www.isa.org/products/ansi-isa-62443-3-3-99-03-03-2013-security-for-indu">SR 3.5</reference>
      <reference href="https://www.isa.org/products/ansi-isa-62443-3-3-99-03-03-2013-security-for-indu">SR 3.8</reference>
      <reference href="https://www.isa.org/products/ansi-isa-62443-3-3-99-03-03-2013-security-for-indu">SR 4.1</reference>
      <reference href="https://www.isa.org/products/ansi-isa-62443-3-3-99-03-03-2013-security-for-indu">SR 4.3</reference>
      <reference href="https://www.isa.org/products/ansi-isa-62443-3-3-99-03-03-2013-security-for-indu">SR 5.1</reference>
      <reference href="https://www.isa.org/products/ansi-isa-62443-3-3-99-03-03-2013-security-for-indu">SR 5.2</reference>
      <reference href="https://www.isa.org/products/ansi-isa-62443-3-3-99-03-03-2013-security-for-indu">SR 5.3</reference>
      <reference href="https://www.isa.org/products/ansi-isa-62443-3-3-99-03-03-2013-security-for-indu">SR 6.1</reference>
      <reference href="https://www.isa.org/products/ansi-isa-62443-3-3-99-03-03-2013-security-for-indu">SR 7.1</reference>
      <reference href="https://www.isa.org/products/ansi-isa-62443-3-3-99-03-03-2013-security-for-indu">SR 7.6</reference>
      <reference href="https://www.iso.org/contents/data/standard/05/45/54534.html">A.11.2.6</reference>
      <reference href="https://www.iso.org/contents/data/standard/05/45/54534.html">A.12.4.1</reference>
      <reference href="https://www.iso.org/contents/data/standard/05/45/54534.html">A.12.4.2</reference>
      <reference href="https://www.iso.org/contents/data/standard/05/45/54534.html">A.12.4.3</reference>
      <reference href="https://www.iso.org/contents/data/standard/05/45/54534.html">A.12.4.4</reference>
      <reference href="https://www.iso.org/contents/data/standard/05/45/54534.html">A.12.7.1</reference>
      <reference href="https://www.iso.org/contents/data/standard/05/45/54534.html">A.13.1.1</reference>
      <reference href="https://www.iso.org/contents/data/standard/05/45/54534.html">A.13.2.1</reference>
      <reference href="https://www.iso.org/contents/data/standard/05/45/54534.html">A.14.1.3</reference>
      <reference href="https://www.iso.org/contents/data/standard/05/45/54534.html">A.15.2.1</reference>
      <reference href="https://www.iso.org/contents/data/standard/05/45/54534.html">A.15.2.2</reference>
      <reference href="https://www.iso.org/contents/data/standard/05/45/54534.html">A.16.1.4</reference>
      <reference href="https://www.iso.org/contents/data/standard/05/45/54534.html">A.16.1.5</reference>
      <reference href="https://www.iso.org/contents/data/standard/05/45/54534.html">A.16.1.7</reference>
      <reference href="https://www.iso.org/contents/data/standard/05/45/54534.html">A.6.2.1</reference>
      <reference href="https://www.iso.org/contents/data/standard/05/45/54534.html">A.6.2.2</reference>
      <reference href="http://nvlpubs.nist.gov/nistpubs/SpecialPublications/NIST.SP.800-53r4.pdf">AC-17(1)</reference>
      <reference href="http://nvlpubs.nist.gov/nistpubs/SpecialPublications/NIST.SP.800-53r4.pdf">AU-14(1)</reference>
      <reference href="http://nvlpubs.nist.gov/nistpubs/SpecialPublications/NIST.SP.800-53r4.pdf">AU-10</reference>
      <reference href="http://nvlpubs.nist.gov/nistpubs/SpecialPublications/NIST.SP.800-53r4.pdf">CM-6(a)</reference>
      <reference href="http://nvlpubs.nist.gov/nistpubs/SpecialPublications/NIST.SP.800-53r4.pdf">IR-5(1)</reference>
      <reference href="https://nvlpubs.nist.gov/nistpubs/CSWP/NIST.CSWP.04162018.pdf">DE.AE-3</reference>
      <reference href="https://nvlpubs.nist.gov/nistpubs/CSWP/NIST.CSWP.04162018.pdf">DE.AE-5</reference>
      <reference href="https://nvlpubs.nist.gov/nistpubs/CSWP/NIST.CSWP.04162018.pdf">ID.SC-4</reference>
      <reference href="https://nvlpubs.nist.gov/nistpubs/CSWP/NIST.CSWP.04162018.pdf">PR.AC-3</reference>
      <reference href="https://nvlpubs.nist.gov/nistpubs/CSWP/NIST.CSWP.04162018.pdf">PR.PT-1</reference>
      <reference href="https://nvlpubs.nist.gov/nistpubs/CSWP/NIST.CSWP.04162018.pdf">PR.PT-4</reference>
      <reference href="https://nvlpubs.nist.gov/nistpubs/CSWP/NIST.CSWP.04162018.pdf">RS.AN-1</reference>
      <reference href="https://nvlpubs.nist.gov/nistpubs/CSWP/NIST.CSWP.04162018.pdf">RS.AN-4</reference>
      <reference href="https://www.niap-ccevs.org/Profile/PP.cfm">FAU_GEN.1</reference>
      <reference href="https://www.pcisecuritystandards.org/documents/PCI_DSS_v3-2-1.pdf">Req-10.3</reference>
      <reference href="https://public.cyber.mil/stigs/downloads/?_dl_facet_stigs=operating-systems%2Cgeneral-purpose-os">SRG-OS-000037-GPOS-00015</reference>
      <reference href="https://public.cyber.mil/stigs/downloads/?_dl_facet_stigs=operating-systems%2Cgeneral-purpose-os">SRG-OS-000042-GPOS-00020</reference>
      <reference href="https://public.cyber.mil/stigs/downloads/?_dl_facet_stigs=operating-systems%2Cgeneral-purpose-os">SRG-OS-000062-GPOS-00031</reference>
      <reference href="https://public.cyber.mil/stigs/downloads/?_dl_facet_stigs=operating-systems%2Cgeneral-purpose-os">SRG-OS-000392-GPOS-00172</reference>
      <reference href="https://public.cyber.mil/stigs/downloads/?_dl_facet_stigs=operating-systems%2Cgeneral-purpose-os">SRG-OS-000462-GPOS-00206</reference>
      <reference href="https://public.cyber.mil/stigs/downloads/?_dl_facet_stigs=operating-systems%2Cgeneral-purpose-os">SRG-OS-000471-GPOS-00215</reference>
      <reference href="https://public.cyber.mil/stigs/downloads/?_dl_facet_stigs=operating-systems%2Cgeneral-purpose-os">SRG-OS-000473-GPOS-00218</reference>
      <reference href="https://public.cyber.mil/stigs/downloads/?_dl_facet_stigs=operating-systems%2Cgeneral-purpose-os">SRG-OS-000254-GPOS-00095</reference>
      <reference href="https://www.cisecurity.org/benchmark/ubuntu_linux/">6.2.1.3</reference>
      <reference href="https://docs-prv.pcisecuritystandards.org/PCI%20DSS/Standard/PCI-DSS-v4_0.pdf">10.7.2</reference>
      <reference href="https://docs-prv.pcisecuritystandards.org/PCI%20DSS/Standard/PCI-DSS-v4_0.pdf">10.7</reference>
      <rationale xmlns:xhtml="http://www.w3.org/1999/xhtml" xml:lang="en-US">Each process on the system carries an "auditable" flag which indicates whether
its activities can be audited. Although <html:code xmlns:html="http://www.w3.org/1999/xhtml">auditd</html:code> takes care of enabling
this for all processes which launch after it does, adding the kernel argument
ensures it is set for every process during boot.</rationale>
      <platform idref="#grub2"/>
      <fix xmlns:xhtml="http://www.w3.org/1999/xhtml" id="grub2_audit_argument" system="urn:redhat:osbuild:blueprint">[customizations.kernel]
append = "audit=1"
</fix>
      <fix xmlns:xhtml="http://www.w3.org/1999/xhtml" id="grub2_audit_argument" system="urn:xccdf:fix:script:sh"># Remediation is applicable only in certain platforms
if dpkg-query --show --showformat='${db:Status-Status}
' 'linux-base' 2&gt;/dev/null | grep -q ^installed &amp;&amp; { dpkg-query --show --showformat='${db:Status-Status}\n' 'grub2-common' 2&gt;/dev/null | grep -q '^installed'; }; then

expected_value="1"


if [[ "$OSCAP_BOOTC_BUILD" == "YES" ]] ; then
    KARGS_DIR="/usr/lib/bootc/kargs.d/"
    if grep -q -E "audit" "$KARGS_DIR/*.toml" ; then
        sed -i -E "s/^(\s*kargs\s*=\s*\[.*)\"audit=[^\"]*\"(.*]\s*)/\1\"audit=$expected_value\"\2/" "$KARGS_DIR/*.toml"
    else
        echo "kargs = [\"audit=$expected_value\"]" &gt;&gt; "$KARGS_DIR/10-audit.toml"
    fi
else


    # Correct the form of default kernel command line in GRUB
    if grep -q '^\s*GRUB_CMDLINE_LINUX=.*audit=.*"'  '/etc/default/grub' ; then
           # modify the GRUB command-line if an audit= arg already exists
           sed -i "s/\(^\s*GRUB_CMDLINE_LINUX=\".*\)audit=[^[:space:]]\+\(.*\"\)/\1audit=1\2/"  '/etc/default/grub'
    # Add to already existing GRUB_CMDLINE_LINUX parameters
    elif grep -q '^\s*GRUB_CMDLINE_LINUX='  '/etc/default/grub' ; then
           # no audit=arg is present, append it
           sed -i "s/\(^\s*GRUB_CMDLINE_LINUX=\".*\)\"/\1 audit=1\"/"  '/etc/default/grub'
    # Add GRUB_CMDLINE_LINUX parameters line
    else
           echo "GRUB_CMDLINE_LINUX=\"audit=1\"" &gt;&gt; '/etc/default/grub'
    fi
    update-grub 

fi

else
    &gt;&amp;2 echo 'Remediation is not applicable, nothing was done'
fi
</fix>
      <check system="http://oval.mitre.org/XMLSchema/oval-definitions-5">
        <check-content-ref name="oval:ssg-grub2_audit_argument:def:1" href="ssg-ubuntu2404-oval.xml"/>
      </check>
      <check system="http://scap.nist.gov/schema/ocil/2">
        <check-content-ref name="ocil:ssg-grub2_audit_argument_ocil:questionnaire:1" href="ssg-ubuntu2404-ocil.xml"/>
      </check>
    </Rule>
    <Rule id="xccdf_org.ssgproject.content_rule_grub2_audit_backlog_limit_argument" selected="false" role="full" severity="low">
      <title xmlns:xhtml="http://www.w3.org/1999/xhtml" xml:lang="en-US">Extend Audit Backlog Limit for the Audit Daemon</title>
      <description xmlns:xhtml="http://www.w3.org/1999/xhtml" xml:lang="en-US">To improve the kernel capacity to queue all log events, even those which occurred
prior to the audit daemon, add the argument <html:code xmlns:html="http://www.w3.org/1999/xhtml">audit_backlog_limit=8192</html:code> to the default
GRUB 2 command line for the Linux operating system.
To ensure that <html:code xmlns:html="http://www.w3.org/1999/xhtml">audit_backlog_limit=8192</html:code> is added as a kernel command line
argument to newly installed kernels, add <html:code xmlns:html="http://www.w3.org/1999/xhtml">audit_backlog_limit=8192</html:code> to the
default Grub2 command line for Linux operating systems. Modify the line within
<html:code xmlns:html="http://www.w3.org/1999/xhtml">/etc/default/grub</html:code> as shown below:
<html:pre xmlns:html="http://www.w3.org/1999/xhtml">GRUB_CMDLINE_LINUX="... audit_backlog_limit=8192 ..."</html:pre>
Run the following command to update command line for already installed kernels:<html:pre xmlns:html="http://www.w3.org/1999/xhtml"># update-grub</html:pre>
     </description>
      <reference href="https://public.cyber.mil/stigs/cci/">CCI-001849</reference>
      <reference href="https://public.cyber.mil/stigs/cci/">CCI-001464</reference>
      <reference href="http://nvlpubs.nist.gov/nistpubs/SpecialPublications/NIST.SP.800-53r4.pdf">CM-6(a)</reference>
      <reference href="https://www.niap-ccevs.org/Profile/PP.cfm">FAU_STG.1</reference>
      <reference href="https://www.niap-ccevs.org/Profile/PP.cfm">FAU_STG.3</reference>
      <reference href="https://public.cyber.mil/stigs/downloads/?_dl_facet_stigs=operating-systems%2Cgeneral-purpose-os">SRG-OS-000037-GPOS-00015</reference>
      <reference href="https://public.cyber.mil/stigs/downloads/?_dl_facet_stigs=operating-systems%2Cgeneral-purpose-os">SRG-OS-000042-GPOS-00020</reference>
      <reference href="https://public.cyber.mil/stigs/downloads/?_dl_facet_stigs=operating-systems%2Cgeneral-purpose-os">SRG-OS-000062-GPOS-00031</reference>
      <reference href="https://public.cyber.mil/stigs/downloads/?_dl_facet_stigs=operating-systems%2Cgeneral-purpose-os">SRG-OS-000254-GPOS-00095</reference>
      <reference href="https://public.cyber.mil/stigs/downloads/?_dl_facet_stigs=operating-systems%2Cgeneral-purpose-os">SRG-OS-000341-GPOS-00132</reference>
      <reference href="https://public.cyber.mil/stigs/downloads/?_dl_facet_stigs=operating-systems%2Cgeneral-purpose-os">SRG-OS-000392-GPOS-00172</reference>
      <reference href="https://public.cyber.mil/stigs/downloads/?_dl_facet_stigs=operating-systems%2Cgeneral-purpose-os">SRG-OS-000462-GPOS-00206</reference>
      <reference href="https://public.cyber.mil/stigs/downloads/?_dl_facet_stigs=operating-systems%2Cgeneral-purpose-os">SRG-OS-000471-GPOS-00215</reference>
      <reference href="https://www.cisecurity.org/benchmark/ubuntu_linux/">6.2.1.4</reference>
      <reference href="https://docs-prv.pcisecuritystandards.org/PCI%20DSS/Standard/PCI-DSS-v4_0.pdf">10.7.2</reference>
      <reference href="https://docs-prv.pcisecuritystandards.org/PCI%20DSS/Standard/PCI-DSS-v4_0.pdf">10.7</reference>
      <rationale xmlns:xhtml="http://www.w3.org/1999/xhtml" xml:lang="en-US">audit_backlog_limit sets the queue length for audit events awaiting transfer
to the audit daemon. Until the audit daemon is up and running, all log messages
are stored in this queue.  If the queue is overrun during boot process, the action
defined by audit failure flag is taken.</rationale>
      <platform idref="#grub2"/>
      <fix xmlns:xhtml="http://www.w3.org/1999/xhtml" id="grub2_audit_backlog_limit_argument" system="urn:redhat:osbuild:blueprint">[customizations.kernel]
append = "audit_backlog_limit=8192"
</fix>
      <fix xmlns:xhtml="http://www.w3.org/1999/xhtml" id="grub2_audit_backlog_limit_argument" system="urn:xccdf:fix:script:sh"># Remediation is applicable only in certain platforms
if dpkg-query --show --showformat='${db:Status-Status}
' 'linux-base' 2&gt;/dev/null | grep -q ^installed &amp;&amp; { dpkg-query --show --showformat='${db:Status-Status}\n' 'grub2-common' 2&gt;/dev/null | grep -q '^installed'; }; then

expected_value="8192"


if [[ "$OSCAP_BOOTC_BUILD" == "YES" ]] ; then
    KARGS_DIR="/usr/lib/bootc/kargs.d/"
    if grep -q -E "audit_backlog_limit" "$KARGS_DIR/*.toml" ; then
        sed -i -E "s/^(\s*kargs\s*=\s*\[.*)\"audit_backlog_limit=[^\"]*\"(.*]\s*)/\1\"audit_backlog_limit=$expected_value\"\2/" "$KARGS_DIR/*.toml"
    else
        echo "kargs = [\"audit_backlog_limit=$expected_value\"]" &gt;&gt; "$KARGS_DIR/10-audit_backlog_limit.toml"
    fi
else


    # Correct the form of default kernel command line in GRUB
    if grep -q '^\s*GRUB_CMDLINE_LINUX=.*audit_backlog_limit=.*"'  '/etc/default/grub' ; then
           # modify the GRUB command-line if an audit_backlog_limit= arg already exists
           sed -i "s/\(^\s*GRUB_CMDLINE_LINUX=\".*\)audit_backlog_limit=[^[:space:]]\+\(.*\"\)/\1audit_backlog_limit=8192\2/"  '/etc/default/grub'
    # Add to already existing GRUB_CMDLINE_LINUX parameters
    elif grep -q '^\s*GRUB_CMDLINE_LINUX='  '/etc/default/grub' ; then
           # no audit_backlog_limit=arg is present, append it
           sed -i "s/\(^\s*GRUB_CMDLINE_LINUX=\".*\)\"/\1 audit_backlog_limit=8192\"/"  '/etc/default/grub'
    # Add GRUB_CMDLINE_LINUX parameters line
    else
           echo "GRUB_CMDLINE_LINUX=\"audit_backlog_limit=8192\"" &gt;&gt; '/etc/default/grub'
    fi
    update-grub 

fi

else
    &gt;&amp;2 echo 'Remediation is not applicable, nothing was done'
fi
</fix>
      <check system="http://oval.mitre.org/XMLSchema/oval-definitions-5">
        <check-content-ref name="oval:ssg-grub2_audit_backlog_limit_argument:def:1" href="ssg-ubuntu2404-oval.xml"/>
      </check>
      <check system="http://scap.nist.gov/schema/ocil/2">
        <check-content-ref name="ocil:ssg-grub2_audit_backlog_limit_argument_ocil:questionnaire:1" href="ssg-ubuntu2404-ocil.xml"/>
      </check>
    </Rule>
    <Group id="xccdf_org.ssgproject.content_group_auditd_configure_rules">
      <title xmlns:xhtml="http://www.w3.org/1999/xhtml" xml:lang="en-US">Configure auditd Rules for Comprehensive Auditing</title>
      <description xmlns:xhtml="http://www.w3.org/1999/xhtml" xml:lang="en-US">The <html:code xmlns:html="http://www.w3.org/1999/xhtml">auditd</html:code> program can perform comprehensive
monitoring of system activity. This section describes recommended
configuration settings for comprehensive auditing, but a full
description of the auditing system's capabilities is beyond the
scope of this guide. The mailing list <html:i xmlns:html="http://www.w3.org/1999/xhtml">linux-audit@redhat.com</html:i> exists
to facilitate community discussion of the auditing system.
<html:br xmlns:html="http://www.w3.org/1999/xhtml"/>
      <html:br xmlns:html="http://www.w3.org/1999/xhtml"/>
The audit subsystem supports extensive collection of events, including:
<html:br xmlns:html="http://www.w3.org/1999/xhtml"/>
      <html:ul xmlns:html="http://www.w3.org/1999/xhtml"><html:li>Tracing of arbitrary system calls (identified by name or number)
on entry or exit.</html:li><html:li>Filtering by PID, UID, call success, system call argument (with
some limitations), etc.</html:li><html:li>Monitoring of specific files for modifications to the file's
contents or metadata.</html:li></html:ul>
      <html:br xmlns:html="http://www.w3.org/1999/xhtml"/>
Auditing rules at startup are controlled by the file <html:code xmlns:html="http://www.w3.org/1999/xhtml">/etc/audit/audit.rules</html:code>.
Add rules to it to meet the auditing requirements for your organization.
Each line in <html:code xmlns:html="http://www.w3.org/1999/xhtml">/etc/audit/audit.rules</html:code> represents a series of arguments
that can be passed to <html:code xmlns:html="http://www.w3.org/1999/xhtml">auditctl</html:code> and can be individually tested
during runtime. See documentation in <html:code xmlns:html="http://www.w3.org/1999/xhtml">/usr/share/doc/audit-<html:i>VERSION</html:i>
      </html:code> and
in the related man pages for more details.
<html:br xmlns:html="http://www.w3.org/1999/xhtml"/>
      <html:br xmlns:html="http://www.w3.org/1999/xhtml"/>
If copying any example audit rulesets from <html:code xmlns:html="http://www.w3.org/1999/xhtml">/usr/share/doc/audit-VERSION</html:code>,
be sure to comment out the
lines containing <html:code xmlns:html="http://www.w3.org/1999/xhtml">arch=</html:code> which are not appropriate for your system's
architecture. Then review and understand the following rules,
ensuring rules are activated as needed for the appropriate
architecture.
<html:br xmlns:html="http://www.w3.org/1999/xhtml"/>
      <html:br xmlns:html="http://www.w3.org/1999/xhtml"/>
After reviewing all the rules, reading the following sections, and
editing as needed, the new rules can be activated as follows:
<html:pre xmlns:html="http://www.w3.org/1999/xhtml">$ sudo service auditd restart</html:pre>
     </description>
      <platform idref="#package_audit"/>
      <Rule id="xccdf_org.ssgproject.content_rule_audit_rules_immutable" selected="false" role="full" severity="medium">
        <title xmlns:xhtml="http://www.w3.org/1999/xhtml" xml:lang="en-US">Make the auditd Configuration Immutable</title>
        <description xmlns:xhtml="http://www.w3.org/1999/xhtml" xml:lang="en-US">If the <html:code xmlns:html="http://www.w3.org/1999/xhtml">auditd</html:code> daemon is configured to use the
<html:code xmlns:html="http://www.w3.org/1999/xhtml">augenrules</html:code> program to read audit rules during daemon startup (the
default), add the following line to a file with suffix <html:code xmlns:html="http://www.w3.org/1999/xhtml">.rules</html:code> in the
directory <html:code xmlns:html="http://www.w3.org/1999/xhtml">/etc/audit/rules.d</html:code> in order to make the auditd configuration
immutable:
<html:pre xmlns:html="http://www.w3.org/1999/xhtml">-e 2</html:pre>
If the <html:code xmlns:html="http://www.w3.org/1999/xhtml">auditd</html:code> daemon is configured to use the <html:code xmlns:html="http://www.w3.org/1999/xhtml">auditctl</html:code>
utility to read audit rules during daemon startup, add the following line to
<html:code xmlns:html="http://www.w3.org/1999/xhtml">/etc/audit/audit.rules</html:code> file in order to make the auditd configuration
immutable:
<html:pre xmlns:html="http://www.w3.org/1999/xhtml">-e 2</html:pre>
With this setting, a reboot will be required to change any audit rules.</description>
        <reference href="https://www.cisecurity.org/controls/">1</reference>
        <reference href="https://www.cisecurity.org/controls/">11</reference>
        <reference href="https://www.cisecurity.org/controls/">12</reference>
        <reference href="https://www.cisecurity.org/controls/">13</reference>
        <reference href="https://www.cisecurity.org/controls/">14</reference>
        <reference href="https://www.cisecurity.org/controls/">15</reference>
        <reference href="https://www.cisecurity.org/controls/">16</reference>
        <reference href="https://www.cisecurity.org/controls/">18</reference>
        <reference href="https://www.cisecurity.org/controls/">19</reference>
        <reference href="https://www.cisecurity.org/controls/">3</reference>
        <reference href="https://www.cisecurity.org/controls/">4</reference>
        <reference href="https://www.cisecurity.org/controls/">5</reference>
        <reference href="https://www.cisecurity.org/controls/">6</reference>
        <reference href="https://www.cisecurity.org/controls/">7</reference>
        <reference href="https://www.cisecurity.org/controls/">8</reference>
        <reference href="https://www.fbi.gov/file-repository/cjis-security-policy-v5_5_20160601-2-1.pdf">5.4.1.1</reference>
        <reference href="https://www.isaca.org/resources/cobit">APO01.06</reference>
        <reference href="https://www.isaca.org/resources/cobit">APO10.01</reference>
        <reference href="https://www.isaca.org/resources/cobit">APO10.03</reference>
        <reference href="https://www.isaca.org/resources/cobit">APO10.04</reference>
        <reference href="https://www.isaca.org/resources/cobit">APO10.05</reference>
        <reference href="https://www.isaca.org/resources/cobit">APO11.04</reference>
        <reference href="https://www.isaca.org/resources/cobit">APO12.06</reference>
        <reference href="https://www.isaca.org/resources/cobit">BAI03.05</reference>
        <reference href="https://www.isaca.org/resources/cobit">BAI08.02</reference>
        <reference href="https://www.isaca.org/resources/cobit">DSS02.02</reference>
        <reference href="https://www.isaca.org/resources/cobit">DSS02.04</reference>
        <reference href="https://www.isaca.org/resources/cobit">DSS02.07</reference>
        <reference href="https://www.isaca.org/resources/cobit">DSS03.01</reference>
        <reference href="https://www.isaca.org/resources/cobit">DSS05.04</reference>
        <reference href="https://www.isaca.org/resources/cobit">DSS05.07</reference>
        <reference href="https://www.isaca.org/resources/cobit">DSS06.02</reference>
        <reference href="https://www.isaca.org/resources/cobit">MEA01.01</reference>
        <reference href="https://www.isaca.org/resources/cobit">MEA01.02</reference>
        <reference href="https://www.isaca.org/resources/cobit">MEA01.03</reference>
        <reference href="https://www.isaca.org/resources/cobit">MEA01.04</reference>
        <reference href="https://www.isaca.org/resources/cobit">MEA01.05</reference>
        <reference href="https://www.isaca.org/resources/cobit">MEA02.01</reference>
        <reference href="http://nvlpubs.nist.gov/nistpubs/SpecialPublications/NIST.SP.800-171.pdf">3.3.1</reference>
        <reference href="http://nvlpubs.nist.gov/nistpubs/SpecialPublications/NIST.SP.800-171.pdf">3.4.3</reference>
        <reference href="https://public.cyber.mil/stigs/cci/">CCI-000163</reference>
        <reference href="https://public.cyber.mil/stigs/cci/">CCI-000164</reference>
        <reference href="https://public.cyber.mil/stigs/cci/">CCI-000162</reference>
        <reference href="https://www.gpo.gov/fdsys/pkg/CFR-2007-title45-vol1/pdf/CFR-2007-title45-vol1-chapA-subchapC.pdf">164.308(a)(1)(ii)(D)</reference>
        <reference href="https://www.gpo.gov/fdsys/pkg/CFR-2007-title45-vol1/pdf/CFR-2007-title45-vol1-chapA-subchapC.pdf">164.308(a)(3)(ii)(A)</reference>
        <reference href="https://www.gpo.gov/fdsys/pkg/CFR-2007-title45-vol1/pdf/CFR-2007-title45-vol1-chapA-subchapC.pdf">164.308(a)(5)(ii)(C)</reference>
        <reference href="https://www.gpo.gov/fdsys/pkg/CFR-2007-title45-vol1/pdf/CFR-2007-title45-vol1-chapA-subchapC.pdf">164.312(a)(2)(i)</reference>
        <reference href="https://www.gpo.gov/fdsys/pkg/CFR-2007-title45-vol1/pdf/CFR-2007-title45-vol1-chapA-subchapC.pdf">164.310(a)(2)(iv)</reference>
        <reference href="https://www.gpo.gov/fdsys/pkg/CFR-2007-title45-vol1/pdf/CFR-2007-title45-vol1-chapA-subchapC.pdf">164.312(d)</reference>
        <reference href="https://www.gpo.gov/fdsys/pkg/CFR-2007-title45-vol1/pdf/CFR-2007-title45-vol1-chapA-subchapC.pdf">164.310(d)(2)(iii)</reference>
        <reference href="https://www.gpo.gov/fdsys/pkg/CFR-2007-title45-vol1/pdf/CFR-2007-title45-vol1-chapA-subchapC.pdf">164.312(b)</reference>
        <reference href="https://www.gpo.gov/fdsys/pkg/CFR-2007-title45-vol1/pdf/CFR-2007-title45-vol1-chapA-subchapC.pdf">164.312(e)</reference>
        <reference href="https://www.isa.org/products/isa-62443-2-1-2009-security-for-industrial-automat">4.2.3.10</reference>
        <reference href="https://www.isa.org/products/isa-62443-2-1-2009-security-for-industrial-automat">4.3.2.6.7</reference>
        <reference href="https://www.isa.org/products/isa-62443-2-1-2009-security-for-industrial-automat">4.3.3.3.9</reference>
        <reference href="https://www.isa.org/products/isa-62443-2-1-2009-security-for-industrial-automat">4.3.3.5.8</reference>
        <reference href="https://www.isa.org/products/isa-62443-2-1-2009-security-for-industrial-automat">4.3.3.7.3</reference>
        <reference href="https://www.isa.org/products/isa-62443-2-1-2009-security-for-industrial-automat">4.3.4.4.7</reference>
        <reference href="https://www.isa.org/products/isa-62443-2-1-2009-security-for-industrial-automat">4.3.4.5.6</reference>
        <reference href="https://www.isa.org/products/isa-62443-2-1-2009-security-for-industrial-automat">4.3.4.5.7</reference>
        <reference href="https://www.isa.org/products/isa-62443-2-1-2009-security-for-industrial-automat">4.3.4.5.8</reference>
        <reference href="https://www.isa.org/products/isa-62443-2-1-2009-security-for-industrial-automat">4.4.2.1</reference>
        <reference href="https://www.isa.org/products/isa-62443-2-1-2009-security-for-industrial-automat">4.4.2.2</reference>
        <reference href="https://www.isa.org/products/isa-62443-2-1-2009-security-for-industrial-automat">4.4.2.4</reference>
        <reference href="https://www.isa.org/products/ansi-isa-62443-3-3-99-03-03-2013-security-for-indu">SR 2.1</reference>
        <reference href="https://www.isa.org/products/ansi-isa-62443-3-3-99-03-03-2013-security-for-indu">SR 2.10</reference>
        <reference href="https://www.isa.org/products/ansi-isa-62443-3-3-99-03-03-2013-security-for-indu">SR 2.11</reference>
        <reference href="https://www.isa.org/products/ansi-isa-62443-3-3-99-03-03-2013-security-for-indu">SR 2.12</reference>
        <reference href="https://www.isa.org/products/ansi-isa-62443-3-3-99-03-03-2013-security-for-indu">SR 2.8</reference>
        <reference href="https://www.isa.org/products/ansi-isa-62443-3-3-99-03-03-2013-security-for-indu">SR 2.9</reference>
        <reference href="https://www.isa.org/products/ansi-isa-62443-3-3-99-03-03-2013-security-for-indu">SR 5.2</reference>
        <reference href="https://www.isa.org/products/ansi-isa-62443-3-3-99-03-03-2013-security-for-indu">SR 6.1</reference>
        <reference href="https://www.iso.org/contents/data/standard/05/45/54534.html">A.10.1.1</reference>
        <reference href="https://www.iso.org/contents/data/standard/05/45/54534.html">A.11.1.4</reference>
        <reference href="https://www.iso.org/contents/data/standard/05/45/54534.html">A.11.1.5</reference>
        <reference href="https://www.iso.org/contents/data/standard/05/45/54534.html">A.11.2.1</reference>
        <reference href="https://www.iso.org/contents/data/standard/05/45/54534.html">A.12.4.1</reference>
        <reference href="https://www.iso.org/contents/data/standard/05/45/54534.html">A.12.4.2</reference>
        <reference href="https://www.iso.org/contents/data/standard/05/45/54534.html">A.12.4.3</reference>
        <reference href="https://www.iso.org/contents/data/standard/05/45/54534.html">A.12.4.4</reference>
        <reference href="https://www.iso.org/contents/data/standard/05/45/54534.html">A.12.7.1</reference>
        <reference href="https://www.iso.org/contents/data/standard/05/45/54534.html">A.13.1.1</reference>
        <reference href="https://www.iso.org/contents/data/standard/05/45/54534.html">A.13.1.3</reference>
        <reference href="https://www.iso.org/contents/data/standard/05/45/54534.html">A.13.2.1</reference>
        <reference href="https://www.iso.org/contents/data/standard/05/45/54534.html">A.13.2.3</reference>
        <reference href="https://www.iso.org/contents/data/standard/05/45/54534.html">A.13.2.4</reference>
        <reference href="https://www.iso.org/contents/data/standard/05/45/54534.html">A.14.1.2</reference>
        <reference href="https://www.iso.org/contents/data/standard/05/45/54534.html">A.14.1.3</reference>
        <reference href="https://www.iso.org/contents/data/standard/05/45/54534.html">A.15.2.1</reference>
        <reference href="https://www.iso.org/contents/data/standard/05/45/54534.html">A.15.2.2</reference>
        <reference href="https://www.iso.org/contents/data/standard/05/45/54534.html">A.16.1.4</reference>
        <reference href="https://www.iso.org/contents/data/standard/05/45/54534.html">A.16.1.5</reference>
        <reference href="https://www.iso.org/contents/data/standard/05/45/54534.html">A.16.1.7</reference>
        <reference href="https://www.iso.org/contents/data/standard/05/45/54534.html">A.6.1.2</reference>
        <reference href="https://www.iso.org/contents/data/standard/05/45/54534.html">A.7.1.1</reference>
        <reference href="https://www.iso.org/contents/data/standard/05/45/54534.html">A.7.1.2</reference>
        <reference href="https://www.iso.org/contents/data/standard/05/45/54534.html">A.7.3.1</reference>
        <reference href="https://www.iso.org/contents/data/standard/05/45/54534.html">A.8.2.2</reference>
        <reference href="https://www.iso.org/contents/data/standard/05/45/54534.html">A.8.2.3</reference>
        <reference href="https://www.iso.org/contents/data/standard/05/45/54534.html">A.9.1.1</reference>
        <reference href="https://www.iso.org/contents/data/standard/05/45/54534.html">A.9.1.2</reference>
        <reference href="https://www.iso.org/contents/data/standard/05/45/54534.html">A.9.2.3</reference>
        <reference href="https://www.iso.org/contents/data/standard/05/45/54534.html">A.9.4.1</reference>
        <reference href="https://www.iso.org/contents/data/standard/05/45/54534.html">A.9.4.4</reference>
        <reference href="https://www.iso.org/contents/data/standard/05/45/54534.html">A.9.4.5</reference>
        <reference href="http://nvlpubs.nist.gov/nistpubs/SpecialPublications/NIST.SP.800-53r4.pdf">AC-6(9)</reference>
        <reference href="http://nvlpubs.nist.gov/nistpubs/SpecialPublications/NIST.SP.800-53r4.pdf">CM-6(a)</reference>
        <reference href="https://nvlpubs.nist.gov/nistpubs/CSWP/NIST.CSWP.04162018.pdf">DE.AE-3</reference>
        <reference href="https://nvlpubs.nist.gov/nistpubs/CSWP/NIST.CSWP.04162018.pdf">DE.AE-5</reference>
        <reference href="https://nvlpubs.nist.gov/nistpubs/CSWP/NIST.CSWP.04162018.pdf">ID.SC-4</reference>
        <reference href="https://nvlpubs.nist.gov/nistpubs/CSWP/NIST.CSWP.04162018.pdf">PR.AC-4</reference>
        <reference href="https://nvlpubs.nist.gov/nistpubs/CSWP/NIST.CSWP.04162018.pdf">PR.DS-5</reference>
        <reference href="https://nvlpubs.nist.gov/nistpubs/CSWP/NIST.CSWP.04162018.pdf">PR.PT-1</reference>
        <reference href="https://nvlpubs.nist.gov/nistpubs/CSWP/NIST.CSWP.04162018.pdf">RS.AN-1</reference>
        <reference href="https://nvlpubs.nist.gov/nistpubs/CSWP/NIST.CSWP.04162018.pdf">RS.AN-4</reference>
        <reference href="https://www.pcisecuritystandards.org/documents/PCI_DSS_v3-2-1.pdf">Req-10.5.2</reference>
        <reference href="https://public.cyber.mil/stigs/downloads/?_dl_facet_stigs=operating-systems%2Cgeneral-purpose-os">SRG-OS-000057-GPOS-00027</reference>
        <reference href="https://public.cyber.mil/stigs/downloads/?_dl_facet_stigs=operating-systems%2Cgeneral-purpose-os">SRG-OS-000058-GPOS-00028</reference>
        <reference href="https://public.cyber.mil/stigs/downloads/?_dl_facet_stigs=operating-systems%2Cgeneral-purpose-os">SRG-OS-000059-GPOS-00029</reference>
        <reference href="https://public.cyber.mil/stigs/downloads/?_dl_facet_stigs=container-platform">SRG-APP-000119-CTR-000245</reference>
        <reference href="https://public.cyber.mil/stigs/downloads/?_dl_facet_stigs=container-platform">SRG-APP-000120-CTR-000250</reference>
        <reference href="https://cyber.gouv.fr/sites/default/files/document/linux_configuration-en-v2.pdf">R73</reference>
        <reference href="https://www.cisecurity.org/benchmark/ubuntu_linux/">6.2.3.20</reference>
        <reference href="https://docs-prv.pcisecuritystandards.org/PCI%20DSS/Standard/PCI-DSS-v4_0.pdf">10.3.2</reference>
        <reference href="https://docs-prv.pcisecuritystandards.org/PCI%20DSS/Standard/PCI-DSS-v4_0.pdf">10.3</reference>
        <rationale xmlns:xhtml="http://www.w3.org/1999/xhtml" xml:lang="en-US">Making the audit configuration immutable prevents accidental as
well as malicious modification of the audit rules, although it may be
problematic if legitimate changes are needed during system
operation.</rationale>
        <fix xmlns:xhtml="http://www.w3.org/1999/xhtml" id="audit_rules_immutable" system="urn:xccdf:fix:script:ansible" reboot="true" complexity="low" disruption="low" strategy="restrict">- name: Gather the package facts
  package_facts:
    manager: auto
  tags:
  - CJIS-5.4.1.1
  - NIST-800-171-3.3.1
  - NIST-800-171-3.4.3
  - NIST-800-53-AC-6(9)
  - NIST-800-53-CM-6(a)
  - PCI-DSS-Req-10.5.2
  - PCI-DSSv4-10.3
  - PCI-DSSv4-10.3.2
  - audit_rules_immutable
  - low_complexity
  - low_disruption
  - medium_severity
  - reboot_required
  - restrict_strategy

- name: Collect all files from /etc/audit/rules.d with .rules extension
  find:
    paths: /etc/audit/rules.d/
    patterns: '*.rules'
  register: find_rules_d
  when:
  - '"auditd" in ansible_facts.packages'
  - '"linux-base" in ansible_facts.packages'
  tags:
  - CJIS-5.4.1.1
  - NIST-800-171-3.3.1
  - NIST-800-171-3.4.3
  - NIST-800-53-AC-6(9)
  - NIST-800-53-CM-6(a)
  - PCI-DSS-Req-10.5.2
  - PCI-DSSv4-10.3
  - PCI-DSSv4-10.3.2
  - audit_rules_immutable
  - low_complexity
  - low_disruption
  - medium_severity
  - reboot_required
  - restrict_strategy

- name: Remove the -e option from all Audit config files
  lineinfile:
    path: '{{ item }}'
    regexp: ^\s*(?:-e)\s+.*$
    state: absent
  loop: '{{ find_rules_d.files | map(attribute=''path'') | list + [''/etc/audit/audit.rules'']
    }}'
  when:
  - '"auditd" in ansible_facts.packages'
  - '"linux-base" in ansible_facts.packages'
  tags:
  - CJIS-5.4.1.1
  - NIST-800-171-3.3.1
  - NIST-800-171-3.4.3
  - NIST-800-53-AC-6(9)
  - NIST-800-53-CM-6(a)
  - PCI-DSS-Req-10.5.2
  - PCI-DSSv4-10.3
  - PCI-DSSv4-10.3.2
  - audit_rules_immutable
  - low_complexity
  - low_disruption
  - medium_severity
  - reboot_required
  - restrict_strategy

- name: Add Audit -e option into /etc/audit/rules.d/immutable.rules and /etc/audit/audit.rules
  lineinfile:
    path: '{{ item }}'
    create: true
    line: -e 2
    mode: g-rwx,o-rwx
  loop:
  - /etc/audit/audit.rules
  - /etc/audit/rules.d/immutable.rules
  when:
  - '"auditd" in ansible_facts.packages'
  - '"linux-base" in ansible_facts.packages'
  tags:
  - CJIS-5.4.1.1
  - NIST-800-171-3.3.1
  - NIST-800-171-3.4.3
  - NIST-800-53-AC-6(9)
  - NIST-800-53-CM-6(a)
  - PCI-DSS-Req-10.5.2
  - PCI-DSSv4-10.3
  - PCI-DSSv4-10.3.2
  - audit_rules_immutable
  - low_complexity
  - low_disruption
  - medium_severity
  - reboot_required
  - restrict_strategy
</fix>
        <fix xmlns:xhtml="http://www.w3.org/1999/xhtml" id="audit_rules_immutable" system="urn:xccdf:fix:script:sh"># Remediation is applicable only in certain platforms
if dpkg-query --show --showformat='${db:Status-Status}
' 'linux-base' 2&gt;/dev/null | grep -q ^installed &amp;&amp; dpkg-query --show --showformat='${db:Status-Status}\n' 'auditd' 2&gt;/dev/null | grep -q '^installed'; then

# Traverse all of:
#
# /etc/audit/audit.rules,			(for auditctl case)
# /etc/audit/rules.d/*.rules			(for augenrules case)
#
# files to check if '-e .*' setting is present in that '*.rules' file already.
# If found, delete such occurrence since auditctl(8) manual page instructs the
# '-e 2' rule should be placed as the last rule in the configuration
find /etc/audit /etc/audit/rules.d -maxdepth 1 -type f -name '*.rules' -exec sed -i '/-e[[:space:]]\+.*/d' {} ';'

# Append '-e 2' requirement at the end of both:
# * /etc/audit/audit.rules file 		(for auditctl case)
# * /etc/audit/rules.d/immutable.rules		(for augenrules case)

for AUDIT_FILE in "/etc/audit/audit.rules" "/etc/audit/rules.d/immutable.rules"
do
	echo '' &gt;&gt; $AUDIT_FILE
	echo '# Set the audit.rules configuration immutable per security requirements' &gt;&gt; $AUDIT_FILE
	echo '# Reboot is required to change audit rules once this setting is applied' &gt;&gt; $AUDIT_FILE
	echo '-e 2' &gt;&gt; $AUDIT_FILE
	chmod o-rwx $AUDIT_FILE
	chmod g-rwx $AUDIT_FILE
done

else
    &gt;&amp;2 echo 'Remediation is not applicable, nothing was done'
fi
</fix>
        <check system="http://oval.mitre.org/XMLSchema/oval-definitions-5">
          <check-content-ref name="oval:ssg-audit_rules_immutable:def:1" href="ssg-ubuntu2404-oval.xml"/>
        </check>
        <check system="http://scap.nist.gov/schema/ocil/2">
          <check-content-ref name="ocil:ssg-audit_rules_immutable_ocil:questionnaire:1" href="ssg-ubuntu2404-ocil.xml"/>
        </check>
      </Rule>
      <Rule id="xccdf_org.ssgproject.content_rule_audit_rules_mac_modification_etc_apparmor" selected="false" role="full" severity="medium">
        <title xmlns:xhtml="http://www.w3.org/1999/xhtml" xml:lang="en-US">Record Events that Modify the System's Mandatory Access Controls (/etc/apparmor)</title>
        <description xmlns:xhtml="http://www.w3.org/1999/xhtml" xml:lang="en-US">If the <html:code xmlns:html="http://www.w3.org/1999/xhtml">auditd</html:code> daemon is configured to use the
<html:code xmlns:html="http://www.w3.org/1999/xhtml">augenrules</html:code> program to read audit rules during daemon startup (the
default), add the following line to a file with suffix <html:code xmlns:html="http://www.w3.org/1999/xhtml">.rules</html:code> in the
directory <html:code xmlns:html="http://www.w3.org/1999/xhtml">/etc/audit/rules.d</html:code>:
<html:pre xmlns:html="http://www.w3.org/1999/xhtml">-w /etc/apparmor/ -p wa -k MAC-policy</html:pre>
If the <html:code xmlns:html="http://www.w3.org/1999/xhtml">auditd</html:code> daemon is configured to use the <html:code xmlns:html="http://www.w3.org/1999/xhtml">auditctl</html:code>
utility to read audit rules during daemon startup, add the following line to
<html:code xmlns:html="http://www.w3.org/1999/xhtml">/etc/audit/audit.rules</html:code> file:
<html:pre xmlns:html="http://www.w3.org/1999/xhtml">-w /etc/apparmor/ -p wa -k MAC-policy</html:pre>
      </description>
        <reference href="https://www.cisecurity.org/benchmark/ubuntu_linux/">6.2.3.14</reference>
        <rationale xmlns:xhtml="http://www.w3.org/1999/xhtml" xml:lang="en-US">The system's mandatory access policy (Apparmor) should not be
arbitrarily changed by anything other than administrator action. All changes to
MAC policy should be audited.</rationale>
        <fix xmlns:xhtml="http://www.w3.org/1999/xhtml" id="audit_rules_mac_modification_etc_apparmor" system="urn:xccdf:fix:script:ansible" complexity="low" disruption="low" strategy="restrict">- name: Gather the package facts
  package_facts:
    manager: auto
  tags:
  - audit_rules_mac_modification_etc_apparmor
  - low_complexity
  - low_disruption
  - medium_severity
  - no_reboot_needed
  - restrict_strategy

- name: Check if watch rule for /etc/apparmor already exists in /etc/audit/rules.d/
  find:
    paths: /etc/audit/rules.d
    contains: ^\s*-w\s+/etc/apparmor\s+-p\s+wa(\s|$)+
    patterns: '*.rules'
  register: find_existing_watch_rules_d
  when:
  - '"auditd" in ansible_facts.packages'
  - '"linux-base" in ansible_facts.packages'
  tags:
  - audit_rules_mac_modification_etc_apparmor
  - low_complexity
  - low_disruption
  - medium_severity
  - no_reboot_needed
  - restrict_strategy

- name: Search /etc/audit/rules.d for other rules with specified key audit_rules_mac_modification_etc_apparmor
  find:
    paths: /etc/audit/rules.d
    contains: ^.*(?:-F key=|-k\s+)audit_rules_mac_modification_etc_apparmor$
    patterns: '*.rules'
  register: find_watch_key
  when:
  - '"auditd" in ansible_facts.packages'
  - '"linux-base" in ansible_facts.packages'
  - find_existing_watch_rules_d.matched is defined and find_existing_watch_rules_d.matched
    == 0
  tags:
  - audit_rules_mac_modification_etc_apparmor
  - low_complexity
  - low_disruption
  - medium_severity
  - no_reboot_needed
  - restrict_strategy

- name: Use /etc/audit/rules.d/audit_rules_mac_modification_etc_apparmor.rules as
    the recipient for the rule
  set_fact:
    all_files:
    - /etc/audit/rules.d/audit_rules_mac_modification_etc_apparmor.rules
  when:
  - '"auditd" in ansible_facts.packages'
  - '"linux-base" in ansible_facts.packages'
  - find_watch_key.matched is defined and find_watch_key.matched == 0 and find_existing_watch_rules_d.matched
    is defined and find_existing_watch_rules_d.matched == 0
  tags:
  - audit_rules_mac_modification_etc_apparmor
  - low_complexity
  - low_disruption
  - medium_severity
  - no_reboot_needed
  - restrict_strategy

- name: Use matched file as the recipient for the rule
  set_fact:
    all_files:
    - '{{ find_watch_key.files | map(attribute=''path'') | list | first }}'
  when:
  - '"auditd" in ansible_facts.packages'
  - '"linux-base" in ansible_facts.packages'
  - find_watch_key.matched is defined and find_watch_key.matched &gt; 0 and find_existing_watch_rules_d.matched
    is defined and find_existing_watch_rules_d.matched == 0
  tags:
  - audit_rules_mac_modification_etc_apparmor
  - low_complexity
  - low_disruption
  - medium_severity
  - no_reboot_needed
  - restrict_strategy

- name: Add watch rule for /etc/apparmor in /etc/audit/rules.d/
  lineinfile:
    path: '{{ all_files[0] }}'
    line: -w /etc/apparmor -p wa -k audit_rules_mac_modification_etc_apparmor
    create: true
    mode: '0600'
  when:
  - '"auditd" in ansible_facts.packages'
  - '"linux-base" in ansible_facts.packages'
  - find_existing_watch_rules_d.matched is defined and find_existing_watch_rules_d.matched
    == 0
  tags:
  - audit_rules_mac_modification_etc_apparmor
  - low_complexity
  - low_disruption
  - medium_severity
  - no_reboot_needed
  - restrict_strategy

- name: Check if watch rule for /etc/apparmor already exists in /etc/audit/audit.rules
  find:
    paths: /etc/audit/
    contains: ^\s*-w\s+/etc/apparmor\s+-p\s+wa(\s|$)+
    patterns: audit.rules
  register: find_existing_watch_audit_rules
  when:
  - '"auditd" in ansible_facts.packages'
  - '"linux-base" in ansible_facts.packages'
  tags:
  - audit_rules_mac_modification_etc_apparmor
  - low_complexity
  - low_disruption
  - medium_severity
  - no_reboot_needed
  - restrict_strategy

- name: Add watch rule for /etc/apparmor in /etc/audit/audit.rules
  lineinfile:
    line: -w /etc/apparmor -p wa -k audit_rules_mac_modification_etc_apparmor
    state: present
    dest: /etc/audit/audit.rules
    create: true
    mode: '0600'
  when:
  - '"auditd" in ansible_facts.packages'
  - '"linux-base" in ansible_facts.packages'
  - find_existing_watch_audit_rules.matched is defined and find_existing_watch_audit_rules.matched
    == 0
  tags:
  - audit_rules_mac_modification_etc_apparmor
  - low_complexity
  - low_disruption
  - medium_severity
  - no_reboot_needed
  - restrict_strategy
</fix>
        <fix xmlns:xhtml="http://www.w3.org/1999/xhtml" id="audit_rules_mac_modification_etc_apparmor" system="urn:xccdf:fix:script:sh"># Remediation is applicable only in certain platforms
if dpkg-query --show --showformat='${db:Status-Status}
' 'linux-base' 2&gt;/dev/null | grep -q ^installed &amp;&amp; dpkg-query --show --showformat='${db:Status-Status}\n' 'auditd' 2&gt;/dev/null | grep -q '^installed'; then

# Create a list of audit *.rules files that should be inspected for presence and correctness
# of a particular audit rule. The scheme is as follows:
#
# -----------------------------------------------------------------------------------------
# Tool used to load audit rules	| Rule already defined	|  Audit rules file to inspect	  |
# -----------------------------------------------------------------------------------------
#	auditctl		|     Doesn't matter	|  /etc/audit/audit.rules	  |
# -----------------------------------------------------------------------------------------
# 	augenrules		|          Yes		|  /etc/audit/rules.d/*.rules	  |
# 	augenrules		|          No		|  /etc/audit/rules.d/$key.rules  |
# -----------------------------------------------------------------------------------------
files_to_inspect=()


# If the audit tool is 'auditctl', then add '/etc/audit/audit.rules'
# into the list of files to be inspected
files_to_inspect+=('/etc/audit/audit.rules')

# Finally perform the inspection and possible subsequent audit rule
# correction for each of the files previously identified for inspection
for audit_rules_file in "${files_to_inspect[@]}"
do
    # Check if audit watch file system object rule for given path already present
    if grep -q -P -- "^[\s]*-w[\s]+/etc/apparmor" "$audit_rules_file"
    then
        # Rule is found =&gt; verify yet if existing rule definition contains
        # all of the required access type bits

        # Define BRE whitespace class shortcut
        sp="[[:space:]]"
        # Extract current permission access types (e.g. -p [r|w|x|a] values) from audit rule
        current_access_bits=$(sed -ne "s#$sp*-w$sp\+/etc/apparmor $sp\+-p$sp\+\([rxwa]\{1,4\}\).*#\1#p" "$audit_rules_file")
        # Split required access bits string into characters array
        # (to check bit's presence for one bit at a time)
        for access_bit in $(echo "wa" | grep -o .)
        do
            # For each from the required access bits (e.g. 'w', 'a') check
            # if they are already present in current access bits for rule.
            # If not, append that bit at the end
            if ! grep -q "$access_bit" &lt;&lt;&lt; "$current_access_bits"
            then
                # Concatenate the existing mask with the missing bit
                current_access_bits="$current_access_bits$access_bit"
            fi
        done
        # Propagate the updated rule's access bits (original + the required
        # ones) back into the /etc/audit/audit.rules file for that rule
        sed -i "s#\($sp*-w$sp\+/etc/apparmor$sp\+-p$sp\+\)\([rxwa]\{1,4\}\)\(.*\)#\1$current_access_bits\3#" "$audit_rules_file"
    else
        # Rule isn't present yet. Append it at the end of $audit_rules_file file
        # with proper key

        echo "-w /etc/apparmor -p wa -k audit_rules_mac_modification_etc_apparmor" &gt;&gt; "$audit_rules_file"
    fi
done
# Create a list of audit *.rules files that should be inspected for presence and correctness
# of a particular audit rule. The scheme is as follows:
#
# -----------------------------------------------------------------------------------------
# Tool used to load audit rules	| Rule already defined	|  Audit rules file to inspect	  |
# -----------------------------------------------------------------------------------------
#	auditctl		|     Doesn't matter	|  /etc/audit/audit.rules	  |
# -----------------------------------------------------------------------------------------
# 	augenrules		|          Yes		|  /etc/audit/rules.d/*.rules	  |
# 	augenrules		|          No		|  /etc/audit/rules.d/$key.rules  |
# -----------------------------------------------------------------------------------------
files_to_inspect=()

# If the audit is 'augenrules', then check if rule is already defined
# If rule is defined, add '/etc/audit/rules.d/*.rules' to list of files for inspection.
# If rule isn't defined, add '/etc/audit/rules.d/audit_rules_mac_modification_etc_apparmor.rules' to list of files for inspection.
readarray -t matches &lt; &lt;(grep -HP "[\s]*-w[\s]+/etc/apparmor" /etc/audit/rules.d/*.rules)

# For each of the matched entries
for match in "${matches[@]}"
do
    # Extract filepath from the match
    rulesd_audit_file=$(echo $match | cut -f1 -d ':')
    # Append that path into list of files for inspection
    files_to_inspect+=("$rulesd_audit_file")
done
# Case when particular audit rule isn't defined yet
if [ "${#files_to_inspect[@]}" -eq "0" ]
then
    # Append '/etc/audit/rules.d/audit_rules_mac_modification_etc_apparmor.rules' into list of files for inspection
    key_rule_file="/etc/audit/rules.d/audit_rules_mac_modification_etc_apparmor.rules"
    # If the audit_rules_mac_modification_etc_apparmor.rules file doesn't exist yet, create it with correct permissions
    if [ ! -e "$key_rule_file" ]
    then
        touch "$key_rule_file"
        chmod 0600 "$key_rule_file"
    fi
    files_to_inspect+=("$key_rule_file")
fi

# Finally perform the inspection and possible subsequent audit rule
# correction for each of the files previously identified for inspection
for audit_rules_file in "${files_to_inspect[@]}"
do
    # Check if audit watch file system object rule for given path already present
    if grep -q -P -- "^[\s]*-w[\s]+/etc/apparmor" "$audit_rules_file"
    then
        # Rule is found =&gt; verify yet if existing rule definition contains
        # all of the required access type bits

        # Define BRE whitespace class shortcut
        sp="[[:space:]]"
        # Extract current permission access types (e.g. -p [r|w|x|a] values) from audit rule
        current_access_bits=$(sed -ne "s#$sp*-w$sp\+/etc/apparmor $sp\+-p$sp\+\([rxwa]\{1,4\}\).*#\1#p" "$audit_rules_file")
        # Split required access bits string into characters array
        # (to check bit's presence for one bit at a time)
        for access_bit in $(echo "wa" | grep -o .)
        do
            # For each from the required access bits (e.g. 'w', 'a') check
            # if they are already present in current access bits for rule.
            # If not, append that bit at the end
            if ! grep -q "$access_bit" &lt;&lt;&lt; "$current_access_bits"
            then
                # Concatenate the existing mask with the missing bit
                current_access_bits="$current_access_bits$access_bit"
            fi
        done
        # Propagate the updated rule's access bits (original + the required
        # ones) back into the /etc/audit/audit.rules file for that rule
        sed -i "s#\($sp*-w$sp\+/etc/apparmor$sp\+-p$sp\+\)\([rxwa]\{1,4\}\)\(.*\)#\1$current_access_bits\3#" "$audit_rules_file"
    else
        # Rule isn't present yet. Append it at the end of $audit_rules_file file
        # with proper key

        echo "-w /etc/apparmor -p wa -k audit_rules_mac_modification_etc_apparmor" &gt;&gt; "$audit_rules_file"
    fi
done

else
    &gt;&amp;2 echo 'Remediation is not applicable, nothing was done'
fi
</fix>
        <check system="http://oval.mitre.org/XMLSchema/oval-definitions-5">
          <check-content-ref name="oval:ssg-audit_rules_mac_modification_etc_apparmor:def:1" href="ssg-ubuntu2404-oval.xml"/>
        </check>
        <check system="http://scap.nist.gov/schema/ocil/2">
          <check-content-ref name="ocil:ssg-audit_rules_mac_modification_etc_apparmor_ocil:questionnaire:1" href="ssg-ubuntu2404-ocil.xml"/>
        </check>
      </Rule>
      <Rule id="xccdf_org.ssgproject.content_rule_audit_rules_mac_modification_etc_apparmor_d" selected="false" role="full" severity="medium">
        <title xmlns:xhtml="http://www.w3.org/1999/xhtml" xml:lang="en-US">Record Events that Modify the System's Mandatory Access Controls (/etc/apparmor.d)</title>
        <description xmlns:xhtml="http://www.w3.org/1999/xhtml" xml:lang="en-US">If the <html:code xmlns:html="http://www.w3.org/1999/xhtml">auditd</html:code> daemon is configured to use the
<html:code xmlns:html="http://www.w3.org/1999/xhtml">augenrules</html:code> program to read audit rules during daemon startup (the
default), add the following line to a file with suffix <html:code xmlns:html="http://www.w3.org/1999/xhtml">.rules</html:code> in the
directory <html:code xmlns:html="http://www.w3.org/1999/xhtml">/etc/audit/rules.d</html:code>:
<html:pre xmlns:html="http://www.w3.org/1999/xhtml">-w /etc/apparmor.d/ -p wa -k MAC-policy</html:pre>
If the <html:code xmlns:html="http://www.w3.org/1999/xhtml">auditd</html:code> daemon is configured to use the <html:code xmlns:html="http://www.w3.org/1999/xhtml">auditctl</html:code>
utility to read audit rules during daemon startup, add the following line to
<html:code xmlns:html="http://www.w3.org/1999/xhtml">/etc/audit/audit.rules</html:code> file:
<html:pre xmlns:html="http://www.w3.org/1999/xhtml">-w /etc/apparmor.d/ -p wa -k MAC-policy</html:pre>
      </description>
        <reference href="https://www.cisecurity.org/benchmark/ubuntu_linux/">6.2.3.14</reference>
        <rationale xmlns:xhtml="http://www.w3.org/1999/xhtml" xml:lang="en-US">The system's mandatory access policy (Apparmor) should not be
arbitrarily changed by anything other than administrator action. All changes to
MAC policy should be audited.</rationale>
        <fix xmlns:xhtml="http://www.w3.org/1999/xhtml" id="audit_rules_mac_modification_etc_apparmor_d" system="urn:xccdf:fix:script:ansible" complexity="low" disruption="low" strategy="restrict">- name: Gather the package facts
  package_facts:
    manager: auto
  tags:
  - audit_rules_mac_modification_etc_apparmor_d
  - low_complexity
  - low_disruption
  - medium_severity
  - no_reboot_needed
  - restrict_strategy

- name: Check if watch rule for /etc/apparmor.d already exists in /etc/audit/rules.d/
  find:
    paths: /etc/audit/rules.d
    contains: ^\s*-w\s+/etc/apparmor.d\s+-p\s+wa(\s|$)+
    patterns: '*.rules'
  register: find_existing_watch_rules_d
  when:
  - '"auditd" in ansible_facts.packages'
  - '"linux-base" in ansible_facts.packages'
  tags:
  - audit_rules_mac_modification_etc_apparmor_d
  - low_complexity
  - low_disruption
  - medium_severity
  - no_reboot_needed
  - restrict_strategy

- name: Search /etc/audit/rules.d for other rules with specified key audit_rules_mac_modification_etc_apparmor_d
  find:
    paths: /etc/audit/rules.d
    contains: ^.*(?:-F key=|-k\s+)audit_rules_mac_modification_etc_apparmor_d$
    patterns: '*.rules'
  register: find_watch_key
  when:
  - '"auditd" in ansible_facts.packages'
  - '"linux-base" in ansible_facts.packages'
  - find_existing_watch_rules_d.matched is defined and find_existing_watch_rules_d.matched
    == 0
  tags:
  - audit_rules_mac_modification_etc_apparmor_d
  - low_complexity
  - low_disruption
  - medium_severity
  - no_reboot_needed
  - restrict_strategy

- name: Use /etc/audit/rules.d/audit_rules_mac_modification_etc_apparmor_d.rules as
    the recipient for the rule
  set_fact:
    all_files:
    - /etc/audit/rules.d/audit_rules_mac_modification_etc_apparmor_d.rules
  when:
  - '"auditd" in ansible_facts.packages'
  - '"linux-base" in ansible_facts.packages'
  - find_watch_key.matched is defined and find_watch_key.matched == 0 and find_existing_watch_rules_d.matched
    is defined and find_existing_watch_rules_d.matched == 0
  tags:
  - audit_rules_mac_modification_etc_apparmor_d
  - low_complexity
  - low_disruption
  - medium_severity
  - no_reboot_needed
  - restrict_strategy

- name: Use matched file as the recipient for the rule
  set_fact:
    all_files:
    - '{{ find_watch_key.files | map(attribute=''path'') | list | first }}'
  when:
  - '"auditd" in ansible_facts.packages'
  - '"linux-base" in ansible_facts.packages'
  - find_watch_key.matched is defined and find_watch_key.matched &gt; 0 and find_existing_watch_rules_d.matched
    is defined and find_existing_watch_rules_d.matched == 0
  tags:
  - audit_rules_mac_modification_etc_apparmor_d
  - low_complexity
  - low_disruption
  - medium_severity
  - no_reboot_needed
  - restrict_strategy

- name: Add watch rule for /etc/apparmor.d in /etc/audit/rules.d/
  lineinfile:
    path: '{{ all_files[0] }}'
    line: -w /etc/apparmor.d -p wa -k audit_rules_mac_modification_etc_apparmor_d
    create: true
    mode: '0600'
  when:
  - '"auditd" in ansible_facts.packages'
  - '"linux-base" in ansible_facts.packages'
  - find_existing_watch_rules_d.matched is defined and find_existing_watch_rules_d.matched
    == 0
  tags:
  - audit_rules_mac_modification_etc_apparmor_d
  - low_complexity
  - low_disruption
  - medium_severity
  - no_reboot_needed
  - restrict_strategy

- name: Check if watch rule for /etc/apparmor.d already exists in /etc/audit/audit.rules
  find:
    paths: /etc/audit/
    contains: ^\s*-w\s+/etc/apparmor.d\s+-p\s+wa(\s|$)+
    patterns: audit.rules
  register: find_existing_watch_audit_rules
  when:
  - '"auditd" in ansible_facts.packages'
  - '"linux-base" in ansible_facts.packages'
  tags:
  - audit_rules_mac_modification_etc_apparmor_d
  - low_complexity
  - low_disruption
  - medium_severity
  - no_reboot_needed
  - restrict_strategy

- name: Add watch rule for /etc/apparmor.d in /etc/audit/audit.rules
  lineinfile:
    line: -w /etc/apparmor.d -p wa -k audit_rules_mac_modification_etc_apparmor_d
    state: present
    dest: /etc/audit/audit.rules
    create: true
    mode: '0600'
  when:
  - '"auditd" in ansible_facts.packages'
  - '"linux-base" in ansible_facts.packages'
  - find_existing_watch_audit_rules.matched is defined and find_existing_watch_audit_rules.matched
    == 0
  tags:
  - audit_rules_mac_modification_etc_apparmor_d
  - low_complexity
  - low_disruption
  - medium_severity
  - no_reboot_needed
  - restrict_strategy
</fix>
        <fix xmlns:xhtml="http://www.w3.org/1999/xhtml" id="audit_rules_mac_modification_etc_apparmor_d" system="urn:xccdf:fix:script:sh"># Remediation is applicable only in certain platforms
if dpkg-query --show --showformat='${db:Status-Status}
' 'linux-base' 2&gt;/dev/null | grep -q ^installed &amp;&amp; dpkg-query --show --showformat='${db:Status-Status}\n' 'auditd' 2&gt;/dev/null | grep -q '^installed'; then

# Create a list of audit *.rules files that should be inspected for presence and correctness
# of a particular audit rule. The scheme is as follows:
#
# -----------------------------------------------------------------------------------------
# Tool used to load audit rules	| Rule already defined	|  Audit rules file to inspect	  |
# -----------------------------------------------------------------------------------------
#	auditctl		|     Doesn't matter	|  /etc/audit/audit.rules	  |
# -----------------------------------------------------------------------------------------
# 	augenrules		|          Yes		|  /etc/audit/rules.d/*.rules	  |
# 	augenrules		|          No		|  /etc/audit/rules.d/$key.rules  |
# -----------------------------------------------------------------------------------------
files_to_inspect=()


# If the audit tool is 'auditctl', then add '/etc/audit/audit.rules'
# into the list of files to be inspected
files_to_inspect+=('/etc/audit/audit.rules')

# Finally perform the inspection and possible subsequent audit rule
# correction for each of the files previously identified for inspection
for audit_rules_file in "${files_to_inspect[@]}"
do
    # Check if audit watch file system object rule for given path already present
    if grep -q -P -- "^[\s]*-w[\s]+/etc/apparmor.d" "$audit_rules_file"
    then
        # Rule is found =&gt; verify yet if existing rule definition contains
        # all of the required access type bits

        # Define BRE whitespace class shortcut
        sp="[[:space:]]"
        # Extract current permission access types (e.g. -p [r|w|x|a] values) from audit rule
        current_access_bits=$(sed -ne "s#$sp*-w$sp\+/etc/apparmor.d $sp\+-p$sp\+\([rxwa]\{1,4\}\).*#\1#p" "$audit_rules_file")
        # Split required access bits string into characters array
        # (to check bit's presence for one bit at a time)
        for access_bit in $(echo "wa" | grep -o .)
        do
            # For each from the required access bits (e.g. 'w', 'a') check
            # if they are already present in current access bits for rule.
            # If not, append that bit at the end
            if ! grep -q "$access_bit" &lt;&lt;&lt; "$current_access_bits"
            then
                # Concatenate the existing mask with the missing bit
                current_access_bits="$current_access_bits$access_bit"
            fi
        done
        # Propagate the updated rule's access bits (original + the required
        # ones) back into the /etc/audit/audit.rules file for that rule
        sed -i "s#\($sp*-w$sp\+/etc/apparmor.d$sp\+-p$sp\+\)\([rxwa]\{1,4\}\)\(.*\)#\1$current_access_bits\3#" "$audit_rules_file"
    else
        # Rule isn't present yet. Append it at the end of $audit_rules_file file
        # with proper key

        echo "-w /etc/apparmor.d -p wa -k audit_rules_mac_modification_etc_apparmor_d" &gt;&gt; "$audit_rules_file"
    fi
done
# Create a list of audit *.rules files that should be inspected for presence and correctness
# of a particular audit rule. The scheme is as follows:
#
# -----------------------------------------------------------------------------------------
# Tool used to load audit rules	| Rule already defined	|  Audit rules file to inspect	  |
# -----------------------------------------------------------------------------------------
#	auditctl		|     Doesn't matter	|  /etc/audit/audit.rules	  |
# -----------------------------------------------------------------------------------------
# 	augenrules		|          Yes		|  /etc/audit/rules.d/*.rules	  |
# 	augenrules		|          No		|  /etc/audit/rules.d/$key.rules  |
# -----------------------------------------------------------------------------------------
files_to_inspect=()

# If the audit is 'augenrules', then check if rule is already defined
# If rule is defined, add '/etc/audit/rules.d/*.rules' to list of files for inspection.
# If rule isn't defined, add '/etc/audit/rules.d/audit_rules_mac_modification_etc_apparmor_d.rules' to list of files for inspection.
readarray -t matches &lt; &lt;(grep -HP "[\s]*-w[\s]+/etc/apparmor.d" /etc/audit/rules.d/*.rules)

# For each of the matched entries
for match in "${matches[@]}"
do
    # Extract filepath from the match
    rulesd_audit_file=$(echo $match | cut -f1 -d ':')
    # Append that path into list of files for inspection
    files_to_inspect+=("$rulesd_audit_file")
done
# Case when particular audit rule isn't defined yet
if [ "${#files_to_inspect[@]}" -eq "0" ]
then
    # Append '/etc/audit/rules.d/audit_rules_mac_modification_etc_apparmor_d.rules' into list of files for inspection
    key_rule_file="/etc/audit/rules.d/audit_rules_mac_modification_etc_apparmor_d.rules"
    # If the audit_rules_mac_modification_etc_apparmor_d.rules file doesn't exist yet, create it with correct permissions
    if [ ! -e "$key_rule_file" ]
    then
        touch "$key_rule_file"
        chmod 0600 "$key_rule_file"
    fi
    files_to_inspect+=("$key_rule_file")
fi

# Finally perform the inspection and possible subsequent audit rule
# correction for each of the files previously identified for inspection
for audit_rules_file in "${files_to_inspect[@]}"
do
    # Check if audit watch file system object rule for given path already present
    if grep -q -P -- "^[\s]*-w[\s]+/etc/apparmor.d" "$audit_rules_file"
    then
        # Rule is found =&gt; verify yet if existing rule definition contains
        # all of the required access type bits

        # Define BRE whitespace class shortcut
        sp="[[:space:]]"
        # Extract current permission access types (e.g. -p [r|w|x|a] values) from audit rule
        current_access_bits=$(sed -ne "s#$sp*-w$sp\+/etc/apparmor.d $sp\+-p$sp\+\([rxwa]\{1,4\}\).*#\1#p" "$audit_rules_file")
        # Split required access bits string into characters array
        # (to check bit's presence for one bit at a time)
        for access_bit in $(echo "wa" | grep -o .)
        do
            # For each from the required access bits (e.g. 'w', 'a') check
            # if they are already present in current access bits for rule.
            # If not, append that bit at the end
            if ! grep -q "$access_bit" &lt;&lt;&lt; "$current_access_bits"
            then
                # Concatenate the existing mask with the missing bit
                current_access_bits="$current_access_bits$access_bit"
            fi
        done
        # Propagate the updated rule's access bits (original + the required
        # ones) back into the /etc/audit/audit.rules file for that rule
        sed -i "s#\($sp*-w$sp\+/etc/apparmor.d$sp\+-p$sp\+\)\([rxwa]\{1,4\}\)\(.*\)#\1$current_access_bits\3#" "$audit_rules_file"
    else
        # Rule isn't present yet. Append it at the end of $audit_rules_file file
        # with proper key

        echo "-w /etc/apparmor.d -p wa -k audit_rules_mac_modification_etc_apparmor_d" &gt;&gt; "$audit_rules_file"
    fi
done

else
    &gt;&amp;2 echo 'Remediation is not applicable, nothing was done'
fi
</fix>
        <check system="http://oval.mitre.org/XMLSchema/oval-definitions-5">
          <check-content-ref name="oval:ssg-audit_rules_mac_modification_etc_apparmor_d:def:1" href="ssg-ubuntu2404-oval.xml"/>
        </check>
        <check system="http://scap.nist.gov/schema/ocil/2">
          <check-content-ref name="ocil:ssg-audit_rules_mac_modification_etc_apparmor_d_ocil:questionnaire:1" href="ssg-ubuntu2404-ocil.xml"/>
        </check>
      </Rule>
      <Rule id="xccdf_org.ssgproject.content_rule_audit_rules_media_export" selected="false" role="full" severity="medium">
        <title xmlns:xhtml="http://www.w3.org/1999/xhtml" xml:lang="en-US">Ensure auditd Collects Information on Exporting to Media (successful)</title>
        <description xmlns:xhtml="http://www.w3.org/1999/xhtml" xml:lang="en-US">At a minimum, the audit system should collect media exportation
events for all users and root. If the <html:code xmlns:html="http://www.w3.org/1999/xhtml">auditd</html:code> daemon is configured to
use the <html:code xmlns:html="http://www.w3.org/1999/xhtml">augenrules</html:code> program to read audit rules during daemon startup
(the default), add the following line to a file with suffix <html:code xmlns:html="http://www.w3.org/1999/xhtml">.rules</html:code> in
the directory <html:code xmlns:html="http://www.w3.org/1999/xhtml">/etc/audit/rules.d</html:code>, setting ARCH to either b32 or b64 as
appropriate for your system:
<html:pre xmlns:html="http://www.w3.org/1999/xhtml">-a always,exit -F arch=ARCH -S mount -F auid&gt;=1000 -F auid!=unset -F key=export</html:pre>
If the <html:code xmlns:html="http://www.w3.org/1999/xhtml">auditd</html:code> daemon is configured to use the <html:code xmlns:html="http://www.w3.org/1999/xhtml">auditctl</html:code>
utility to read audit rules during daemon startup, add the following line to
<html:code xmlns:html="http://www.w3.org/1999/xhtml">/etc/audit/audit.rules</html:code> file, setting ARCH to either b32 or b64 as
appropriate for your system:
<html:pre xmlns:html="http://www.w3.org/1999/xhtml">-a always,exit -F arch=ARCH -S mount -F auid&gt;=1000 -F auid!=unset -F key=export</html:pre>
      </description>
        <reference href="https://www.cisecurity.org/controls/">1</reference>
        <reference href="https://www.cisecurity.org/controls/">11</reference>
        <reference href="https://www.cisecurity.org/controls/">12</reference>
        <reference href="https://www.cisecurity.org/controls/">13</reference>
        <reference href="https://www.cisecurity.org/controls/">14</reference>
        <reference href="https://www.cisecurity.org/controls/">15</reference>
        <reference href="https://www.cisecurity.org/controls/">16</reference>
        <reference href="https://www.cisecurity.org/controls/">19</reference>
        <reference href="https://www.cisecurity.org/controls/">2</reference>
        <reference href="https://www.cisecurity.org/controls/">3</reference>
        <reference href="https://www.cisecurity.org/controls/">4</reference>
        <reference href="https://www.cisecurity.org/controls/">5</reference>
        <reference href="https://www.cisecurity.org/controls/">6</reference>
        <reference href="https://www.cisecurity.org/controls/">7</reference>
        <reference href="https://www.cisecurity.org/controls/">8</reference>
        <reference href="https://www.cisecurity.org/controls/">9</reference>
        <reference href="https://www.fbi.gov/file-repository/cjis-security-policy-v5_5_20160601-2-1.pdf">5.4.1.1</reference>
        <reference href="https://www.isaca.org/resources/cobit">APO10.01</reference>
        <reference href="https://www.isaca.org/resources/cobit">APO10.03</reference>
        <reference href="https://www.isaca.org/resources/cobit">APO10.04</reference>
        <reference href="https://www.isaca.org/resources/cobit">APO10.05</reference>
        <reference href="https://www.isaca.org/resources/cobit">APO11.04</reference>
        <reference href="https://www.isaca.org/resources/cobit">APO12.06</reference>
        <reference href="https://www.isaca.org/resources/cobit">APO13.01</reference>
        <reference href="https://www.isaca.org/resources/cobit">BAI03.05</reference>
        <reference href="https://www.isaca.org/resources/cobit">BAI08.02</reference>
        <reference href="https://www.isaca.org/resources/cobit">DSS01.03</reference>
        <reference href="https://www.isaca.org/resources/cobit">DSS01.04</reference>
        <reference href="https://www.isaca.org/resources/cobit">DSS02.02</reference>
        <reference href="https://www.isaca.org/resources/cobit">DSS02.04</reference>
        <reference href="https://www.isaca.org/resources/cobit">DSS02.07</reference>
        <reference href="https://www.isaca.org/resources/cobit">DSS03.01</reference>
        <reference href="https://www.isaca.org/resources/cobit">DSS03.05</reference>
        <reference href="https://www.isaca.org/resources/cobit">DSS05.02</reference>
        <reference href="https://www.isaca.org/resources/cobit">DSS05.03</reference>
        <reference href="https://www.isaca.org/resources/cobit">DSS05.04</reference>
        <reference href="https://www.isaca.org/resources/cobit">DSS05.05</reference>
        <reference href="https://www.isaca.org/resources/cobit">DSS05.07</reference>
        <reference href="https://www.isaca.org/resources/cobit">MEA01.01</reference>
        <reference href="https://www.isaca.org/resources/cobit">MEA01.02</reference>
        <reference href="https://www.isaca.org/resources/cobit">MEA01.03</reference>
        <reference href="https://www.isaca.org/resources/cobit">MEA01.04</reference>
        <reference href="https://www.isaca.org/resources/cobit">MEA01.05</reference>
        <reference href="https://www.isaca.org/resources/cobit">MEA02.01</reference>
        <reference href="http://nvlpubs.nist.gov/nistpubs/SpecialPublications/NIST.SP.800-171.pdf">3.1.7</reference>
        <reference href="https://public.cyber.mil/stigs/cci/">CCI-000130</reference>
        <reference href="https://public.cyber.mil/stigs/cci/">CCI-000135</reference>
        <reference href="https://public.cyber.mil/stigs/cci/">CCI-000169</reference>
        <reference href="https://public.cyber.mil/stigs/cci/">CCI-000172</reference>
        <reference href="https://public.cyber.mil/stigs/cci/">CCI-002884</reference>
        <reference href="https://www.gpo.gov/fdsys/pkg/CFR-2007-title45-vol1/pdf/CFR-2007-title45-vol1-chapA-subchapC.pdf">164.308(a)(1)(ii)(D)</reference>
        <reference href="https://www.gpo.gov/fdsys/pkg/CFR-2007-title45-vol1/pdf/CFR-2007-title45-vol1-chapA-subchapC.pdf">164.308(a)(3)(ii)(A)</reference>
        <reference href="https://www.gpo.gov/fdsys/pkg/CFR-2007-title45-vol1/pdf/CFR-2007-title45-vol1-chapA-subchapC.pdf">164.308(a)(5)(ii)(C)</reference>
        <reference href="https://www.gpo.gov/fdsys/pkg/CFR-2007-title45-vol1/pdf/CFR-2007-title45-vol1-chapA-subchapC.pdf">164.312(a)(2)(i)</reference>
        <reference href="https://www.gpo.gov/fdsys/pkg/CFR-2007-title45-vol1/pdf/CFR-2007-title45-vol1-chapA-subchapC.pdf">164.312(b)</reference>
        <reference href="https://www.gpo.gov/fdsys/pkg/CFR-2007-title45-vol1/pdf/CFR-2007-title45-vol1-chapA-subchapC.pdf">164.312(d)</reference>
        <reference href="https://www.gpo.gov/fdsys/pkg/CFR-2007-title45-vol1/pdf/CFR-2007-title45-vol1-chapA-subchapC.pdf">164.312(e)</reference>
        <reference href="https://www.isa.org/products/isa-62443-2-1-2009-security-for-industrial-automat">4.2.3.10</reference>
        <reference href="https://www.isa.org/products/isa-62443-2-1-2009-security-for-industrial-automat">4.3.2.6.7</reference>
        <reference href="https://www.isa.org/products/isa-62443-2-1-2009-security-for-industrial-automat">4.3.3.3.9</reference>
        <reference href="https://www.isa.org/products/isa-62443-2-1-2009-security-for-industrial-automat">4.3.3.5.8</reference>
        <reference href="https://www.isa.org/products/isa-62443-2-1-2009-security-for-industrial-automat">4.3.3.6.6</reference>
        <reference href="https://www.isa.org/products/isa-62443-2-1-2009-security-for-industrial-automat">4.3.4.4.7</reference>
        <reference href="https://www.isa.org/products/isa-62443-2-1-2009-security-for-industrial-automat">4.3.4.5.6</reference>
        <reference href="https://www.isa.org/products/isa-62443-2-1-2009-security-for-industrial-automat">4.3.4.5.7</reference>
        <reference href="https://www.isa.org/products/isa-62443-2-1-2009-security-for-industrial-automat">4.3.4.5.8</reference>
        <reference href="https://www.isa.org/products/isa-62443-2-1-2009-security-for-industrial-automat">4.4.2.1</reference>
        <reference href="https://www.isa.org/products/isa-62443-2-1-2009-security-for-industrial-automat">4.4.2.2</reference>
        <reference href="https://www.isa.org/products/isa-62443-2-1-2009-security-for-industrial-automat">4.4.2.4</reference>
        <reference href="https://www.isa.org/products/ansi-isa-62443-3-3-99-03-03-2013-security-for-indu">SR 1.13</reference>
        <reference href="https://www.isa.org/products/ansi-isa-62443-3-3-99-03-03-2013-security-for-indu">SR 2.10</reference>
        <reference href="https://www.isa.org/products/ansi-isa-62443-3-3-99-03-03-2013-security-for-indu">SR 2.11</reference>
        <reference href="https://www.isa.org/products/ansi-isa-62443-3-3-99-03-03-2013-security-for-indu">SR 2.12</reference>
        <reference href="https://www.isa.org/products/ansi-isa-62443-3-3-99-03-03-2013-security-for-indu">SR 2.6</reference>
        <reference href="https://www.isa.org/products/ansi-isa-62443-3-3-99-03-03-2013-security-for-indu">SR 2.8</reference>
        <reference href="https://www.isa.org/products/ansi-isa-62443-3-3-99-03-03-2013-security-for-indu">SR 2.9</reference>
        <reference href="https://www.isa.org/products/ansi-isa-62443-3-3-99-03-03-2013-security-for-indu">SR 3.1</reference>
        <reference href="https://www.isa.org/products/ansi-isa-62443-3-3-99-03-03-2013-security-for-indu">SR 3.5</reference>
        <reference href="https://www.isa.org/products/ansi-isa-62443-3-3-99-03-03-2013-security-for-indu">SR 3.8</reference>
        <reference href="https://www.isa.org/products/ansi-isa-62443-3-3-99-03-03-2013-security-for-indu">SR 4.1</reference>
        <reference href="https://www.isa.org/products/ansi-isa-62443-3-3-99-03-03-2013-security-for-indu">SR 4.3</reference>
        <reference href="https://www.isa.org/products/ansi-isa-62443-3-3-99-03-03-2013-security-for-indu">SR 5.1</reference>
        <reference href="https://www.isa.org/products/ansi-isa-62443-3-3-99-03-03-2013-security-for-indu">SR 5.2</reference>
        <reference href="https://www.isa.org/products/ansi-isa-62443-3-3-99-03-03-2013-security-for-indu">SR 5.3</reference>
        <reference href="https://www.isa.org/products/ansi-isa-62443-3-3-99-03-03-2013-security-for-indu">SR 6.1</reference>
        <reference href="https://www.isa.org/products/ansi-isa-62443-3-3-99-03-03-2013-security-for-indu">SR 6.2</reference>
        <reference href="https://www.isa.org/products/ansi-isa-62443-3-3-99-03-03-2013-security-for-indu">SR 7.1</reference>
        <reference href="https://www.isa.org/products/ansi-isa-62443-3-3-99-03-03-2013-security-for-indu">SR 7.6</reference>
        <reference href="https://www.iso.org/contents/data/standard/05/45/54534.html">A.11.2.6</reference>
        <reference href="https://www.iso.org/contents/data/standard/05/45/54534.html">A.12.4.1</reference>
        <reference href="https://www.iso.org/contents/data/standard/05/45/54534.html">A.12.4.2</reference>
        <reference href="https://www.iso.org/contents/data/standard/05/45/54534.html">A.12.4.3</reference>
        <reference href="https://www.iso.org/contents/data/standard/05/45/54534.html">A.12.4.4</reference>
        <reference href="https://www.iso.org/contents/data/standard/05/45/54534.html">A.12.7.1</reference>
        <reference href="https://www.iso.org/contents/data/standard/05/45/54534.html">A.13.1.1</reference>
        <reference href="https://www.iso.org/contents/data/standard/05/45/54534.html">A.13.2.1</reference>
        <reference href="https://www.iso.org/contents/data/standard/05/45/54534.html">A.14.1.3</reference>
        <reference href="https://www.iso.org/contents/data/standard/05/45/54534.html">A.14.2.7</reference>
        <reference href="https://www.iso.org/contents/data/standard/05/45/54534.html">A.15.2.1</reference>
        <reference href="https://www.iso.org/contents/data/standard/05/45/54534.html">A.15.2.2</reference>
        <reference href="https://www.iso.org/contents/data/standard/05/45/54534.html">A.16.1.4</reference>
        <reference href="https://www.iso.org/contents/data/standard/05/45/54534.html">A.16.1.5</reference>
        <reference href="https://www.iso.org/contents/data/standard/05/45/54534.html">A.16.1.7</reference>
        <reference href="https://www.iso.org/contents/data/standard/05/45/54534.html">A.6.2.1</reference>
        <reference href="https://www.iso.org/contents/data/standard/05/45/54534.html">A.6.2.2</reference>
        <reference href="http://nvlpubs.nist.gov/nistpubs/SpecialPublications/NIST.SP.800-53r4.pdf">AU-2(d)</reference>
        <reference href="http://nvlpubs.nist.gov/nistpubs/SpecialPublications/NIST.SP.800-53r4.pdf">AU-12(c)</reference>
        <reference href="http://nvlpubs.nist.gov/nistpubs/SpecialPublications/NIST.SP.800-53r4.pdf">AC-6(9)</reference>
        <reference href="http://nvlpubs.nist.gov/nistpubs/SpecialPublications/NIST.SP.800-53r4.pdf">CM-6(a)</reference>
        <reference href="https://nvlpubs.nist.gov/nistpubs/CSWP/NIST.CSWP.04162018.pdf">DE.AE-3</reference>
        <reference href="https://nvlpubs.nist.gov/nistpubs/CSWP/NIST.CSWP.04162018.pdf">DE.AE-5</reference>
        <reference href="https://nvlpubs.nist.gov/nistpubs/CSWP/NIST.CSWP.04162018.pdf">DE.CM-1</reference>
        <reference href="https://nvlpubs.nist.gov/nistpubs/CSWP/NIST.CSWP.04162018.pdf">DE.CM-3</reference>
        <reference href="https://nvlpubs.nist.gov/nistpubs/CSWP/NIST.CSWP.04162018.pdf">DE.CM-7</reference>
        <reference href="https://nvlpubs.nist.gov/nistpubs/CSWP/NIST.CSWP.04162018.pdf">ID.SC-4</reference>
        <reference href="https://nvlpubs.nist.gov/nistpubs/CSWP/NIST.CSWP.04162018.pdf">PR.AC-3</reference>
        <reference href="https://nvlpubs.nist.gov/nistpubs/CSWP/NIST.CSWP.04162018.pdf">PR.PT-1</reference>
        <reference href="https://nvlpubs.nist.gov/nistpubs/CSWP/NIST.CSWP.04162018.pdf">PR.PT-4</reference>
        <reference href="https://nvlpubs.nist.gov/nistpubs/CSWP/NIST.CSWP.04162018.pdf">RS.AN-1</reference>
        <reference href="https://nvlpubs.nist.gov/nistpubs/CSWP/NIST.CSWP.04162018.pdf">RS.AN-4</reference>
        <reference href="https://www.pcisecuritystandards.org/documents/PCI_DSS_v3-2-1.pdf">Req-10.2.7</reference>
        <reference href="https://public.cyber.mil/stigs/downloads/?_dl_facet_stigs=operating-systems%2Cgeneral-purpose-os">SRG-OS-000037-GPOS-00015</reference>
        <reference href="https://public.cyber.mil/stigs/downloads/?_dl_facet_stigs=operating-systems%2Cgeneral-purpose-os">SRG-OS-000042-GPOS-00020</reference>
        <reference href="https://public.cyber.mil/stigs/downloads/?_dl_facet_stigs=operating-systems%2Cgeneral-purpose-os">SRG-OS-000062-GPOS-00031</reference>
        <reference href="https://public.cyber.mil/stigs/downloads/?_dl_facet_stigs=operating-systems%2Cgeneral-purpose-os">SRG-OS-000392-GPOS-00172</reference>
        <reference href="https://public.cyber.mil/stigs/downloads/?_dl_facet_stigs=operating-systems%2Cgeneral-purpose-os">SRG-OS-000462-GPOS-00206</reference>
        <reference href="https://public.cyber.mil/stigs/downloads/?_dl_facet_stigs=operating-systems%2Cgeneral-purpose-os">SRG-OS-000471-GPOS-00215</reference>
        <reference href="https://public.cyber.mil/stigs/downloads/?_dl_facet_stigs=container-platform">SRG-APP-000495-CTR-001235</reference>
        <reference href="https://cyber.gouv.fr/sites/default/files/document/linux_configuration-en-v2.pdf">R73</reference>
        <reference href="https://www.cisecurity.org/benchmark/ubuntu_linux/">6.2.3.10</reference>
        <reference href="https://docs-prv.pcisecuritystandards.org/PCI%20DSS/Standard/PCI-DSS-v4_0.pdf">10.2.1.7</reference>
        <reference href="https://docs-prv.pcisecuritystandards.org/PCI%20DSS/Standard/PCI-DSS-v4_0.pdf">10.2.1</reference>
        <reference href="https://docs-prv.pcisecuritystandards.org/PCI%20DSS/Standard/PCI-DSS-v4_0.pdf">10.2</reference>
        <rationale xmlns:xhtml="http://www.w3.org/1999/xhtml" xml:lang="en-US">The unauthorized exportation of data to external media could result in an information leak
where classified information, Privacy Act information, and intellectual property could be lost. An audit
trail should be created each time a filesystem is mounted to help identify and guard against information
loss.</rationale>
        <fix xmlns:xhtml="http://www.w3.org/1999/xhtml" id="audit_rules_media_export" system="urn:xccdf:fix:script:ansible" reboot="true" complexity="low" disruption="low" strategy="restrict">- name: Gather the package facts
  package_facts:
    manager: auto
  tags:
  - CJIS-5.4.1.1
  - NIST-800-171-3.1.7
  - NIST-800-53-AC-6(9)
  - NIST-800-53-AU-12(c)
  - NIST-800-53-AU-2(d)
  - NIST-800-53-CM-6(a)
  - PCI-DSS-Req-10.2.7
  - PCI-DSSv4-10.2
  - PCI-DSSv4-10.2.1
  - PCI-DSSv4-10.2.1.7
  - audit_rules_media_export
  - low_complexity
  - low_disruption
  - medium_severity
  - reboot_required
  - restrict_strategy

- name: Set architecture for audit mount tasks
  set_fact:
    audit_arch: b64
  when:
  - '"auditd" in ansible_facts.packages'
  - '"linux-base" in ansible_facts.packages'
  - ansible_architecture == "aarch64" or ansible_architecture == "ppc64" or ansible_architecture
    == "ppc64le" or ansible_architecture == "s390x" or ansible_architecture == "x86_64"
  tags:
  - CJIS-5.4.1.1
  - NIST-800-171-3.1.7
  - NIST-800-53-AC-6(9)
  - NIST-800-53-AU-12(c)
  - NIST-800-53-AU-2(d)
  - NIST-800-53-CM-6(a)
  - PCI-DSS-Req-10.2.7
  - PCI-DSSv4-10.2
  - PCI-DSSv4-10.2.1
  - PCI-DSSv4-10.2.1.7
  - audit_rules_media_export
  - low_complexity
  - low_disruption
  - medium_severity
  - reboot_required
  - restrict_strategy

- name: Perform remediation of Audit rules for mount for 32bit platform
  block:

  - name: Declare list of syscalls
    set_fact:
      syscalls:
      - mount
      syscall_grouping: []

  - name: Check existence of mount in /etc/audit/rules.d/
    find:
      paths: /etc/audit/rules.d
      contains: -a always,exit -F arch=b32(( -S |,)\w+)*(( -S |,){{ item }})+(( -S
        |,)\w+)* -F auid&gt;=1000 -F auid!=unset (-k\s+|-F\s+key=)\S+\s*$
      patterns: '*.rules'
    register: find_command
    loop: '{{ (syscall_grouping + syscalls) | unique }}'

  - name: Reset syscalls found per file
    set_fact:
      syscalls_per_file: {}
      found_paths_dict: {}

  - name: Declare syscalls found per file
    set_fact: syscalls_per_file="{{ syscalls_per_file | combine( {item.files[0].path
      :[item.item] + syscalls_per_file.get(item.files[0].path, []) } ) }}"
    loop: '{{ find_command.results | selectattr(''matched'') | list }}'

  - name: Declare files where syscalls were found
    set_fact: found_paths="{{ find_command.results | map(attribute='files') | flatten
      | map(attribute='path') | list }}"

  - name: Count occurrences of syscalls in paths
    set_fact: found_paths_dict="{{ found_paths_dict | combine({ item:1+found_paths_dict.get(item,
      0) }) }}"
    loop: '{{ find_command.results | map(attribute=''files'') | flatten | map(attribute=''path'')
      | list }}'

  - name: Get path with most syscalls
    set_fact: audit_file="{{ (found_paths_dict | dict2items() | sort(attribute='value')
      | last).key }}"
    when: found_paths | length &gt;= 1

  - name: No file with syscall found, set path to /etc/audit/rules.d/perm_mod.rules
    set_fact: audit_file="/etc/audit/rules.d/perm_mod.rules"
    when: found_paths | length == 0

  - name: Declare found syscalls
    set_fact: syscalls_found="{{ find_command.results | selectattr('matched') | map(attribute='item')
      | list }}"

  - name: Declare missing syscalls
    set_fact: missing_syscalls="{{ syscalls | difference(syscalls_found) }}"

  - name: Replace the audit rule in {{ audit_file }}
    lineinfile:
      path: '{{ audit_file }}'
      regexp: (-a always,exit -F arch=b32)(?=.*(?:(?:-S |,)(?:{{ syscalls_per_file[audit_file]
        | join("|") }}))\b)((?:( -S |,)\w+)+)( -F auid&gt;=1000 -F auid!=unset (?:-k
        |-F key=)\w+)
      line: \1\2\3{{ missing_syscalls | join("\3") }}\4
      backrefs: true
      state: present
      mode: g-rwx,o-rwx
    when: syscalls_found | length &gt; 0 and missing_syscalls | length &gt; 0

  - name: Add the audit rule to {{ audit_file }}
    lineinfile:
      path: '{{ audit_file }}'
      line: -a always,exit -F arch=b32 -S {{ syscalls | join(',') }} -F auid&gt;=1000
        -F auid!=unset -F key=perm_mod
      create: true
      mode: g-rwx,o-rwx
      state: present
    when: syscalls_found | length == 0

  - name: Declare list of syscalls
    set_fact:
      syscalls:
      - mount
      syscall_grouping: []

  - name: Check existence of mount in /etc/audit/audit.rules
    find:
      paths: /etc/audit
      contains: -a always,exit -F arch=b32(( -S |,)\w+)*(( -S |,){{ item }})+(( -S
        |,)\w+)* -F auid&gt;=1000 -F auid!=unset (-k\s+|-F\s+key=)\S+\s*$
      patterns: audit.rules
    register: find_command
    loop: '{{ (syscall_grouping + syscalls) | unique }}'

  - name: Set path to /etc/audit/audit.rules
    set_fact: audit_file="/etc/audit/audit.rules"

  - name: Declare found syscalls
    set_fact: syscalls_found="{{ find_command.results | selectattr('matched') | map(attribute='item')
      | list }}"

  - name: Declare missing syscalls
    set_fact: missing_syscalls="{{ syscalls | difference(syscalls_found) }}"

  - name: Replace the audit rule in {{ audit_file }}
    lineinfile:
      path: '{{ audit_file }}'
      regexp: (-a always,exit -F arch=b32)(?=.*(?:(?:-S |,)(?:{{ syscalls_found |
        join("|") }}))\b)((?:( -S |,)\w+)+)( -F auid&gt;=1000 -F auid!=unset (?:-k |-F
        key=)\w+)
      line: \1\2\3{{ missing_syscalls | join("\3") }}\4
      backrefs: true
      state: present
      mode: g-rwx,o-rwx
    when: syscalls_found | length &gt; 0 and missing_syscalls | length &gt; 0

  - name: Add the audit rule to {{ audit_file }}
    lineinfile:
      path: '{{ audit_file }}'
      line: -a always,exit -F arch=b32 -S {{ syscalls | join(',') }} -F auid&gt;=1000
        -F auid!=unset -F key=perm_mod
      create: true
      mode: g-rwx,o-rwx
      state: present
    when: syscalls_found | length == 0
  when:
  - '"auditd" in ansible_facts.packages'
  - '"linux-base" in ansible_facts.packages'
  tags:
  - CJIS-5.4.1.1
  - NIST-800-171-3.1.7
  - NIST-800-53-AC-6(9)
  - NIST-800-53-AU-12(c)
  - NIST-800-53-AU-2(d)
  - NIST-800-53-CM-6(a)
  - PCI-DSS-Req-10.2.7
  - PCI-DSSv4-10.2
  - PCI-DSSv4-10.2.1
  - PCI-DSSv4-10.2.1.7
  - audit_rules_media_export
  - low_complexity
  - low_disruption
  - medium_severity
  - reboot_required
  - restrict_strategy

- name: Perform remediation of Audit rules for mount for 64bit platform
  block:

  - name: Declare list of syscalls
    set_fact:
      syscalls:
      - mount
      syscall_grouping: []

  - name: Check existence of mount in /etc/audit/rules.d/
    find:
      paths: /etc/audit/rules.d
      contains: -a always,exit -F arch=b64(( -S |,)\w+)*(( -S |,){{ item }})+(( -S
        |,)\w+)* -F auid&gt;=1000 -F auid!=unset (-k\s+|-F\s+key=)\S+\s*$
      patterns: '*.rules'
    register: find_command
    loop: '{{ (syscall_grouping + syscalls) | unique }}'

  - name: Reset syscalls found per file
    set_fact:
      syscalls_per_file: {}
      found_paths_dict: {}

  - name: Declare syscalls found per file
    set_fact: syscalls_per_file="{{ syscalls_per_file | combine( {item.files[0].path
      :[item.item] + syscalls_per_file.get(item.files[0].path, []) } ) }}"
    loop: '{{ find_command.results | selectattr(''matched'') | list }}'

  - name: Declare files where syscalls were found
    set_fact: found_paths="{{ find_command.results | map(attribute='files') | flatten
      | map(attribute='path') | list }}"

  - name: Count occurrences of syscalls in paths
    set_fact: found_paths_dict="{{ found_paths_dict | combine({ item:1+found_paths_dict.get(item,
      0) }) }}"
    loop: '{{ find_command.results | map(attribute=''files'') | flatten | map(attribute=''path'')
      | list }}'

  - name: Get path with most syscalls
    set_fact: audit_file="{{ (found_paths_dict | dict2items() | sort(attribute='value')
      | last).key }}"
    when: found_paths | length &gt;= 1

  - name: No file with syscall found, set path to /etc/audit/rules.d/perm_mod.rules
    set_fact: audit_file="/etc/audit/rules.d/perm_mod.rules"
    when: found_paths | length == 0

  - name: Declare found syscalls
    set_fact: syscalls_found="{{ find_command.results | selectattr('matched') | map(attribute='item')
      | list }}"

  - name: Declare missing syscalls
    set_fact: missing_syscalls="{{ syscalls | difference(syscalls_found) }}"

  - name: Replace the audit rule in {{ audit_file }}
    lineinfile:
      path: '{{ audit_file }}'
      regexp: (-a always,exit -F arch=b64)(?=.*(?:(?:-S |,)(?:{{ syscalls_per_file[audit_file]
        | join("|") }}))\b)((?:( -S |,)\w+)+)( -F auid&gt;=1000 -F auid!=unset (?:-k
        |-F key=)\w+)
      line: \1\2\3{{ missing_syscalls | join("\3") }}\4
      backrefs: true
      state: present
      mode: g-rwx,o-rwx
    when: syscalls_found | length &gt; 0 and missing_syscalls | length &gt; 0

  - name: Add the audit rule to {{ audit_file }}
    lineinfile:
      path: '{{ audit_file }}'
      line: -a always,exit -F arch=b64 -S {{ syscalls | join(',') }} -F auid&gt;=1000
        -F auid!=unset -F key=perm_mod
      create: true
      mode: g-rwx,o-rwx
      state: present
    when: syscalls_found | length == 0

  - name: Declare list of syscalls
    set_fact:
      syscalls:
      - mount
      syscall_grouping: []

  - name: Check existence of mount in /etc/audit/audit.rules
    find:
      paths: /etc/audit
      contains: -a always,exit -F arch=b64(( -S |,)\w+)*(( -S |,){{ item }})+(( -S
        |,)\w+)* -F auid&gt;=1000 -F auid!=unset (-k\s+|-F\s+key=)\S+\s*$
      patterns: audit.rules
    register: find_command
    loop: '{{ (syscall_grouping + syscalls) | unique }}'

  - name: Set path to /etc/audit/audit.rules
    set_fact: audit_file="/etc/audit/audit.rules"

  - name: Declare found syscalls
    set_fact: syscalls_found="{{ find_command.results | selectattr('matched') | map(attribute='item')
      | list }}"

  - name: Declare missing syscalls
    set_fact: missing_syscalls="{{ syscalls | difference(syscalls_found) }}"

  - name: Replace the audit rule in {{ audit_file }}
    lineinfile:
      path: '{{ audit_file }}'
      regexp: (-a always,exit -F arch=b64)(?=.*(?:(?:-S |,)(?:{{ syscalls_found |
        join("|") }}))\b)((?:( -S |,)\w+)+)( -F auid&gt;=1000 -F auid!=unset (?:-k |-F
        key=)\w+)
      line: \1\2\3{{ missing_syscalls | join("\3") }}\4
      backrefs: true
      state: present
      mode: g-rwx,o-rwx
    when: syscalls_found | length &gt; 0 and missing_syscalls | length &gt; 0

  - name: Add the audit rule to {{ audit_file }}
    lineinfile:
      path: '{{ audit_file }}'
      line: -a always,exit -F arch=b64 -S {{ syscalls | join(',') }} -F auid&gt;=1000
        -F auid!=unset -F key=perm_mod
      create: true
      mode: g-rwx,o-rwx
      state: present
    when: syscalls_found | length == 0
  when:
  - '"auditd" in ansible_facts.packages'
  - '"linux-base" in ansible_facts.packages'
  - audit_arch == "b64"
  tags:
  - CJIS-5.4.1.1
  - NIST-800-171-3.1.7
  - NIST-800-53-AC-6(9)
  - NIST-800-53-AU-12(c)
  - NIST-800-53-AU-2(d)
  - NIST-800-53-CM-6(a)
  - PCI-DSS-Req-10.2.7
  - PCI-DSSv4-10.2
  - PCI-DSSv4-10.2.1
  - PCI-DSSv4-10.2.1.7
  - audit_rules_media_export
  - low_complexity
  - low_disruption
  - medium_severity
  - reboot_required
  - restrict_strategy
</fix>
        <fix xmlns:xhtml="http://www.w3.org/1999/xhtml" id="audit_rules_media_export" system="urn:xccdf:fix:script:sh"># Remediation is applicable only in certain platforms
if dpkg-query --show --showformat='${db:Status-Status}
' 'linux-base' 2&gt;/dev/null | grep -q ^installed &amp;&amp; dpkg-query --show --showformat='${db:Status-Status}\n' 'auditd' 2&gt;/dev/null | grep -q '^installed'; then

# First perform the remediation of the syscall rule
# Retrieve hardware architecture of the underlying system
[ "$(getconf LONG_BIT)" = "32" ] &amp;&amp; RULE_ARCHS=("b32") || RULE_ARCHS=("b32" "b64")

for ARCH in "${RULE_ARCHS[@]}"
do
	ACTION_ARCH_FILTERS="-a always,exit -F arch=$ARCH"
	OTHER_FILTERS=""
	AUID_FILTERS="-F auid&gt;=1000 -F auid!=unset"
	SYSCALL="mount"
	KEY="perm_mod"
	SYSCALL_GROUPING=""

	# Perform the remediation for both possible tools: 'auditctl' and 'augenrules'
	unset syscall_a
unset syscall_grouping
unset syscall_string
unset syscall
unset file_to_edit
unset rule_to_edit
unset rule_syscalls_to_edit
unset other_string
unset auid_string
unset full_rule

# Load macro arguments into arrays
read -a syscall_a &lt;&lt;&lt; $SYSCALL
read -a syscall_grouping &lt;&lt;&lt; $SYSCALL_GROUPING

# Create a list of audit *.rules files that should be inspected for presence and correctness
# of a particular audit rule. The scheme is as follows:
#
# -----------------------------------------------------------------------------------------
#  Tool used to load audit rules | Rule already defined  |  Audit rules file to inspect    |
# -----------------------------------------------------------------------------------------
#        auditctl                |     Doesn't matter    |  /etc/audit/audit.rules         |
# -----------------------------------------------------------------------------------------
#        augenrules              |          Yes          |  /etc/audit/rules.d/*.rules     |
#        augenrules              |          No           |  /etc/audit/rules.d/$key.rules  |
# -----------------------------------------------------------------------------------------
#
files_to_inspect=()

# If audit tool is 'augenrules', then check if the audit rule is defined
# If rule is defined, add '/etc/audit/rules.d/*.rules' to the list for inspection
# If rule isn't defined yet, add '/etc/audit/rules.d/$key.rules' to the list for inspection
default_file="/etc/audit/rules.d/$KEY.rules"
# As other_filters may include paths, lets use a different delimiter for it
# The "F" script expression tells sed to print the filenames where the expressions matched
readarray -t files_to_inspect &lt; &lt;(sed -s -n -e "/^$ACTION_ARCH_FILTERS/!d" -e "\#$OTHER_FILTERS#!d" -e "/$AUID_FILTERS/!d" -e "F" /etc/audit/rules.d/*.rules)
# Case when particular rule isn't defined in /etc/audit/rules.d/*.rules yet
if [ ${#files_to_inspect[@]} -eq "0" ]
then
    file_to_inspect="/etc/audit/rules.d/$KEY.rules"
    files_to_inspect=("$file_to_inspect")
    if [ ! -e "$file_to_inspect" ]
    then
        touch "$file_to_inspect"
        chmod 0600 "$file_to_inspect"
    fi
fi

# After converting to jinja, we cannot return; therefore we skip the rest of the macro if needed instead
skip=1

for audit_file in "${files_to_inspect[@]}"
do
    # Filter existing $audit_file rules' definitions to select those that satisfy the rule pattern,
    # i.e, collect rules that match:
    # * the action, list and arch, (2-nd argument)
    # * the other filters, (3-rd argument)
    # * the auid filters, (4-rd argument)
    readarray -t similar_rules &lt; &lt;(sed -e "/^$ACTION_ARCH_FILTERS/!d"  -e "\#$OTHER_FILTERS#!d" -e "/$AUID_FILTERS/!d" "$audit_file")

    candidate_rules=()
    # Filter out rules that have more fields then required. This will remove rules more specific than the required scope
    for s_rule in "${similar_rules[@]}"
    do
        # Strip all the options and fields we know of,
        # than check if there was any field left over
        extra_fields=$(sed -E -e "s/^$ACTION_ARCH_FILTERS//"  -e "s#$OTHER_FILTERS##" -e "s/$AUID_FILTERS//" -e "s/((:?-S [[:alnum:],]+)+)//g" -e "s/-F key=\w+|-k \w+//"&lt;&lt;&lt; "$s_rule")
        grep -q -- "-F" &lt;&lt;&lt; "$extra_fields" || candidate_rules+=("$s_rule")
    done

    if [[ ${#syscall_a[@]} -ge 1 ]]
    then
        # Check if the syscall we want is present in any of the similar existing rules
        for rule in "${candidate_rules[@]}"
        do
            rule_syscalls=$(echo "$rule" | grep -o -P '(-S [\w,]+)+' | xargs)
            all_syscalls_found=0
            for syscall in "${syscall_a[@]}"
            do
                grep -q -- "\b${syscall}\b" &lt;&lt;&lt; "$rule_syscalls" || {
                   # A syscall was not found in the candidate rule
                   all_syscalls_found=1
                   }
            done
            if [[ $all_syscalls_found -eq 0 ]]
            then
                # We found a rule with all the syscall(s) we want; skip rest of macro
                skip=0
                break
            fi

            # Check if this rule can be grouped with our target syscall and keep track of it
            for syscall_g in "${syscall_grouping[@]}"
            do
                if grep -q -- "\b${syscall_g}\b" &lt;&lt;&lt; "$rule_syscalls"
                then
                    file_to_edit=${audit_file}
                    rule_to_edit=${rule}
                    rule_syscalls_to_edit=${rule_syscalls}
                fi
            done
        done
    else
        # If there is any candidate rule, it is compliant; skip rest of macro
        if [ "${#candidate_rules[@]}" -gt 0 ]
        then
            skip=0
        fi
    fi

    if [ "$skip" -eq 0 ]; then
        break
    fi
done

if [ "$skip" -ne 0 ]; then
    # We checked all rules that matched the expected resemblance pattern (action, arch &amp; auid)
    # At this point we know if we need to either append the $full_rule or group
    # the syscall together with an exsiting rule

    # Append the full_rule if it cannot be grouped to any other rule
    if [ -z ${rule_to_edit+x} ]
    then
        # Build full_rule while avoid adding double spaces when other_filters is empty
        if [ "${#syscall_a[@]}" -gt 0 ]
        then
            syscall_string=""
            for syscall in "${syscall_a[@]}"
            do
                syscall_string+=" -S $syscall"
            done
        fi
        other_string=$([[ $OTHER_FILTERS ]] &amp;&amp; echo " $OTHER_FILTERS") || /bin/true
        auid_string=$([[ $AUID_FILTERS ]] &amp;&amp; echo " $AUID_FILTERS") || /bin/true
        full_rule="$ACTION_ARCH_FILTERS${syscall_string}${other_string}${auid_string} -F key=$KEY" || /bin/true
        echo "$full_rule" &gt;&gt; "$default_file"
        chmod 0600 ${default_file}
    else
        # Check if the syscalls are declared as a comma separated list or
        # as multiple -S parameters
        if grep -q -- "," &lt;&lt;&lt; "${rule_syscalls_to_edit}"
        then
            delimiter=","
        else
            delimiter=" -S "
        fi
        new_grouped_syscalls="${rule_syscalls_to_edit}"
        for syscall in "${syscall_a[@]}"
        do
            grep -q -- "\b${syscall}\b" &lt;&lt;&lt; "${rule_syscalls_to_edit}" || {
               # A syscall was not found in the candidate rule
               new_grouped_syscalls+="${delimiter}${syscall}"
               }
        done

        # Group the syscall in the rule
        sed -i -e "\#${rule_to_edit}#s#${rule_syscalls_to_edit}#${new_grouped_syscalls}#" "$file_to_edit"
    fi
fi
	unset syscall_a
unset syscall_grouping
unset syscall_string
unset syscall
unset file_to_edit
unset rule_to_edit
unset rule_syscalls_to_edit
unset other_string
unset auid_string
unset full_rule

# Load macro arguments into arrays
read -a syscall_a &lt;&lt;&lt; $SYSCALL
read -a syscall_grouping &lt;&lt;&lt; $SYSCALL_GROUPING

# Create a list of audit *.rules files that should be inspected for presence and correctness
# of a particular audit rule. The scheme is as follows:
#
# -----------------------------------------------------------------------------------------
#  Tool used to load audit rules | Rule already defined  |  Audit rules file to inspect    |
# -----------------------------------------------------------------------------------------
#        auditctl                |     Doesn't matter    |  /etc/audit/audit.rules         |
# -----------------------------------------------------------------------------------------
#        augenrules              |          Yes          |  /etc/audit/rules.d/*.rules     |
#        augenrules              |          No           |  /etc/audit/rules.d/$key.rules  |
# -----------------------------------------------------------------------------------------
#
files_to_inspect=()


# If audit tool is 'auditctl', then add '/etc/audit/audit.rules'
# file to the list of files to be inspected
default_file="/etc/audit/audit.rules"
files_to_inspect+=('/etc/audit/audit.rules' )

# After converting to jinja, we cannot return; therefore we skip the rest of the macro if needed instead
skip=1

for audit_file in "${files_to_inspect[@]}"
do
    # Filter existing $audit_file rules' definitions to select those that satisfy the rule pattern,
    # i.e, collect rules that match:
    # * the action, list and arch, (2-nd argument)
    # * the other filters, (3-rd argument)
    # * the auid filters, (4-rd argument)
    readarray -t similar_rules &lt; &lt;(sed -e "/^$ACTION_ARCH_FILTERS/!d"  -e "\#$OTHER_FILTERS#!d" -e "/$AUID_FILTERS/!d" "$audit_file")

    candidate_rules=()
    # Filter out rules that have more fields then required. This will remove rules more specific than the required scope
    for s_rule in "${similar_rules[@]}"
    do
        # Strip all the options and fields we know of,
        # than check if there was any field left over
        extra_fields=$(sed -E -e "s/^$ACTION_ARCH_FILTERS//"  -e "s#$OTHER_FILTERS##" -e "s/$AUID_FILTERS//" -e "s/((:?-S [[:alnum:],]+)+)//g" -e "s/-F key=\w+|-k \w+//"&lt;&lt;&lt; "$s_rule")
        grep -q -- "-F" &lt;&lt;&lt; "$extra_fields" || candidate_rules+=("$s_rule")
    done

    if [[ ${#syscall_a[@]} -ge 1 ]]
    then
        # Check if the syscall we want is present in any of the similar existing rules
        for rule in "${candidate_rules[@]}"
        do
            rule_syscalls=$(echo "$rule" | grep -o -P '(-S [\w,]+)+' | xargs)
            all_syscalls_found=0
            for syscall in "${syscall_a[@]}"
            do
                grep -q -- "\b${syscall}\b" &lt;&lt;&lt; "$rule_syscalls" || {
                   # A syscall was not found in the candidate rule
                   all_syscalls_found=1
                   }
            done
            if [[ $all_syscalls_found -eq 0 ]]
            then
                # We found a rule with all the syscall(s) we want; skip rest of macro
                skip=0
                break
            fi

            # Check if this rule can be grouped with our target syscall and keep track of it
            for syscall_g in "${syscall_grouping[@]}"
            do
                if grep -q -- "\b${syscall_g}\b" &lt;&lt;&lt; "$rule_syscalls"
                then
                    file_to_edit=${audit_file}
                    rule_to_edit=${rule}
                    rule_syscalls_to_edit=${rule_syscalls}
                fi
            done
        done
    else
        # If there is any candidate rule, it is compliant; skip rest of macro
        if [ "${#candidate_rules[@]}" -gt 0 ]
        then
            skip=0
        fi
    fi

    if [ "$skip" -eq 0 ]; then
        break
    fi
done

if [ "$skip" -ne 0 ]; then
    # We checked all rules that matched the expected resemblance pattern (action, arch &amp; auid)
    # At this point we know if we need to either append the $full_rule or group
    # the syscall together with an exsiting rule

    # Append the full_rule if it cannot be grouped to any other rule
    if [ -z ${rule_to_edit+x} ]
    then
        # Build full_rule while avoid adding double spaces when other_filters is empty
        if [ "${#syscall_a[@]}" -gt 0 ]
        then
            syscall_string=""
            for syscall in "${syscall_a[@]}"
            do
                syscall_string+=" -S $syscall"
            done
        fi
        other_string=$([[ $OTHER_FILTERS ]] &amp;&amp; echo " $OTHER_FILTERS") || /bin/true
        auid_string=$([[ $AUID_FILTERS ]] &amp;&amp; echo " $AUID_FILTERS") || /bin/true
        full_rule="$ACTION_ARCH_FILTERS${syscall_string}${other_string}${auid_string} -F key=$KEY" || /bin/true
        echo "$full_rule" &gt;&gt; "$default_file"
        chmod 0600 ${default_file}
    else
        # Check if the syscalls are declared as a comma separated list or
        # as multiple -S parameters
        if grep -q -- "," &lt;&lt;&lt; "${rule_syscalls_to_edit}"
        then
            delimiter=","
        else
            delimiter=" -S "
        fi
        new_grouped_syscalls="${rule_syscalls_to_edit}"
        for syscall in "${syscall_a[@]}"
        do
            grep -q -- "\b${syscall}\b" &lt;&lt;&lt; "${rule_syscalls_to_edit}" || {
               # A syscall was not found in the candidate rule
               new_grouped_syscalls+="${delimiter}${syscall}"
               }
        done

        # Group the syscall in the rule
        sed -i -e "\#${rule_to_edit}#s#${rule_syscalls_to_edit}#${new_grouped_syscalls}#" "$file_to_edit"
    fi
fi
done

else
    &gt;&amp;2 echo 'Remediation is not applicable, nothing was done'
fi
</fix>
        <check system="http://oval.mitre.org/XMLSchema/oval-definitions-5">
          <check-content-ref name="oval:ssg-audit_rules_media_export:def:1" href="ssg-ubuntu2404-oval.xml"/>
        </check>
        <check system="http://scap.nist.gov/schema/ocil/2">
          <check-content-ref name="ocil:ssg-audit_rules_media_export_ocil:questionnaire:1" href="ssg-ubuntu2404-ocil.xml"/>
        </check>
      </Rule>
      <Rule id="xccdf_org.ssgproject.content_rule_audit_rules_networkconfig_modification" selected="false" role="full" severity="medium">
        <title xmlns:xhtml="http://www.w3.org/1999/xhtml" xml:lang="en-US">Record Events that Modify the System's Network Environment</title>
        <description xmlns:xhtml="http://www.w3.org/1999/xhtml" xml:lang="en-US">If the <html:code xmlns:html="http://www.w3.org/1999/xhtml">auditd</html:code> daemon is configured to use the
<html:code xmlns:html="http://www.w3.org/1999/xhtml">augenrules</html:code> program to read audit rules during daemon startup (the
default), add the following lines to a file with suffix <html:code xmlns:html="http://www.w3.org/1999/xhtml">.rules</html:code> in the
directory <html:code xmlns:html="http://www.w3.org/1999/xhtml">/etc/audit/rules.d</html:code>, setting ARCH to either b32 or b64 as
appropriate for your system:
<html:pre xmlns:html="http://www.w3.org/1999/xhtml">-a always,exit -F arch=ARCH -S sethostname,setdomainname -F key=audit_rules_networkconfig_modification
-w /etc/issue -p wa -k audit_rules_networkconfig_modification
-w /etc/issue.net -p wa -k audit_rules_networkconfig_modification
-w /etc/hosts -p wa -k audit_rules_networkconfig_modification

-w /etc/netplan/ -p wa -k audit_rules_networkconfig_modification

-w /etc/networks -p wa -k audit_rules_networkconfig_modification
-w /etc/network/ -p wa -k audit_rules_networkconfig_modification</html:pre>

If the <html:code xmlns:html="http://www.w3.org/1999/xhtml">auditd</html:code> daemon is configured to use the <html:code xmlns:html="http://www.w3.org/1999/xhtml">auditctl</html:code>
utility to read audit rules during daemon startup, add the following lines to
<html:code xmlns:html="http://www.w3.org/1999/xhtml">/etc/audit/audit.rules</html:code> file, setting ARCH to either b32 or b64 as
appropriate for your system:
<html:pre xmlns:html="http://www.w3.org/1999/xhtml">-a always,exit -F arch=ARCH -S sethostname,setdomainname -F key=audit_rules_networkconfig_modification
-w /etc/issue -p wa -k audit_rules_networkconfig_modification
-w /etc/issue.net -p wa -k audit_rules_networkconfig_modification
-w /etc/hosts -p wa -k audit_rules_networkconfig_modification
-w /etc/networks -p wa -k audit_rules_networkconfig_modification
-w /etc/network/ -p wa -k audit_rules_networkconfig_modification</html:pre>
      </description>
        <reference href="https://www.cisecurity.org/controls/">1</reference>
        <reference href="https://www.cisecurity.org/controls/">11</reference>
        <reference href="https://www.cisecurity.org/controls/">12</reference>
        <reference href="https://www.cisecurity.org/controls/">13</reference>
        <reference href="https://www.cisecurity.org/controls/">14</reference>
        <reference href="https://www.cisecurity.org/controls/">15</reference>
        <reference href="https://www.cisecurity.org/controls/">16</reference>
        <reference href="https://www.cisecurity.org/controls/">19</reference>
        <reference href="https://www.cisecurity.org/controls/">2</reference>
        <reference href="https://www.cisecurity.org/controls/">3</reference>
        <reference href="https://www.cisecurity.org/controls/">4</reference>
        <reference href="https://www.cisecurity.org/controls/">5</reference>
        <reference href="https://www.cisecurity.org/controls/">6</reference>
        <reference href="https://www.cisecurity.org/controls/">7</reference>
        <reference href="https://www.cisecurity.org/controls/">8</reference>
        <reference href="https://www.cisecurity.org/controls/">9</reference>
        <reference href="https://www.fbi.gov/file-repository/cjis-security-policy-v5_5_20160601-2-1.pdf">5.4.1.1</reference>
        <reference href="https://www.isaca.org/resources/cobit">APO10.01</reference>
        <reference href="https://www.isaca.org/resources/cobit">APO10.03</reference>
        <reference href="https://www.isaca.org/resources/cobit">APO10.04</reference>
        <reference href="https://www.isaca.org/resources/cobit">APO10.05</reference>
        <reference href="https://www.isaca.org/resources/cobit">APO11.04</reference>
        <reference href="https://www.isaca.org/resources/cobit">APO12.06</reference>
        <reference href="https://www.isaca.org/resources/cobit">APO13.01</reference>
        <reference href="https://www.isaca.org/resources/cobit">BAI03.05</reference>
        <reference href="https://www.isaca.org/resources/cobit">BAI08.02</reference>
        <reference href="https://www.isaca.org/resources/cobit">DSS01.03</reference>
        <reference href="https://www.isaca.org/resources/cobit">DSS01.04</reference>
        <reference href="https://www.isaca.org/resources/cobit">DSS02.02</reference>
        <reference href="https://www.isaca.org/resources/cobit">DSS02.04</reference>
        <reference href="https://www.isaca.org/resources/cobit">DSS02.07</reference>
        <reference href="https://www.isaca.org/resources/cobit">DSS03.01</reference>
        <reference href="https://www.isaca.org/resources/cobit">DSS03.05</reference>
        <reference href="https://www.isaca.org/resources/cobit">DSS05.02</reference>
        <reference href="https://www.isaca.org/resources/cobit">DSS05.03</reference>
        <reference href="https://www.isaca.org/resources/cobit">DSS05.04</reference>
        <reference href="https://www.isaca.org/resources/cobit">DSS05.05</reference>
        <reference href="https://www.isaca.org/resources/cobit">DSS05.07</reference>
        <reference href="https://www.isaca.org/resources/cobit">MEA01.01</reference>
        <reference href="https://www.isaca.org/resources/cobit">MEA01.02</reference>
        <reference href="https://www.isaca.org/resources/cobit">MEA01.03</reference>
        <reference href="https://www.isaca.org/resources/cobit">MEA01.04</reference>
        <reference href="https://www.isaca.org/resources/cobit">MEA01.05</reference>
        <reference href="https://www.isaca.org/resources/cobit">MEA02.01</reference>
        <reference href="http://nvlpubs.nist.gov/nistpubs/SpecialPublications/NIST.SP.800-171.pdf">3.1.7</reference>
        <reference href="https://www.gpo.gov/fdsys/pkg/CFR-2007-title45-vol1/pdf/CFR-2007-title45-vol1-chapA-subchapC.pdf">164.308(a)(1)(ii)(D)</reference>
        <reference href="https://www.gpo.gov/fdsys/pkg/CFR-2007-title45-vol1/pdf/CFR-2007-title45-vol1-chapA-subchapC.pdf">164.308(a)(3)(ii)(A)</reference>
        <reference href="https://www.gpo.gov/fdsys/pkg/CFR-2007-title45-vol1/pdf/CFR-2007-title45-vol1-chapA-subchapC.pdf">164.308(a)(5)(ii)(C)</reference>
        <reference href="https://www.gpo.gov/fdsys/pkg/CFR-2007-title45-vol1/pdf/CFR-2007-title45-vol1-chapA-subchapC.pdf">164.312(a)(2)(i)</reference>
        <reference href="https://www.gpo.gov/fdsys/pkg/CFR-2007-title45-vol1/pdf/CFR-2007-title45-vol1-chapA-subchapC.pdf">164.312(b)</reference>
        <reference href="https://www.gpo.gov/fdsys/pkg/CFR-2007-title45-vol1/pdf/CFR-2007-title45-vol1-chapA-subchapC.pdf">164.312(d)</reference>
        <reference href="https://www.gpo.gov/fdsys/pkg/CFR-2007-title45-vol1/pdf/CFR-2007-title45-vol1-chapA-subchapC.pdf">164.312(e)</reference>
        <reference href="https://www.isa.org/products/isa-62443-2-1-2009-security-for-industrial-automat">4.2.3.10</reference>
        <reference href="https://www.isa.org/products/isa-62443-2-1-2009-security-for-industrial-automat">4.3.2.6.7</reference>
        <reference href="https://www.isa.org/products/isa-62443-2-1-2009-security-for-industrial-automat">4.3.3.3.9</reference>
        <reference href="https://www.isa.org/products/isa-62443-2-1-2009-security-for-industrial-automat">4.3.3.5.8</reference>
        <reference href="https://www.isa.org/products/isa-62443-2-1-2009-security-for-industrial-automat">4.3.3.6.6</reference>
        <reference href="https://www.isa.org/products/isa-62443-2-1-2009-security-for-industrial-automat">4.3.4.4.7</reference>
        <reference href="https://www.isa.org/products/isa-62443-2-1-2009-security-for-industrial-automat">4.3.4.5.6</reference>
        <reference href="https://www.isa.org/products/isa-62443-2-1-2009-security-for-industrial-automat">4.3.4.5.7</reference>
        <reference href="https://www.isa.org/products/isa-62443-2-1-2009-security-for-industrial-automat">4.3.4.5.8</reference>
        <reference href="https://www.isa.org/products/isa-62443-2-1-2009-security-for-industrial-automat">4.4.2.1</reference>
        <reference href="https://www.isa.org/products/isa-62443-2-1-2009-security-for-industrial-automat">4.4.2.2</reference>
        <reference href="https://www.isa.org/products/isa-62443-2-1-2009-security-for-industrial-automat">4.4.2.4</reference>
        <reference href="https://www.isa.org/products/ansi-isa-62443-3-3-99-03-03-2013-security-for-indu">SR 1.13</reference>
        <reference href="https://www.isa.org/products/ansi-isa-62443-3-3-99-03-03-2013-security-for-indu">SR 2.10</reference>
        <reference href="https://www.isa.org/products/ansi-isa-62443-3-3-99-03-03-2013-security-for-indu">SR 2.11</reference>
        <reference href="https://www.isa.org/products/ansi-isa-62443-3-3-99-03-03-2013-security-for-indu">SR 2.12</reference>
        <reference href="https://www.isa.org/products/ansi-isa-62443-3-3-99-03-03-2013-security-for-indu">SR 2.6</reference>
        <reference href="https://www.isa.org/products/ansi-isa-62443-3-3-99-03-03-2013-security-for-indu">SR 2.8</reference>
        <reference href="https://www.isa.org/products/ansi-isa-62443-3-3-99-03-03-2013-security-for-indu">SR 2.9</reference>
        <reference href="https://www.isa.org/products/ansi-isa-62443-3-3-99-03-03-2013-security-for-indu">SR 3.1</reference>
        <reference href="https://www.isa.org/products/ansi-isa-62443-3-3-99-03-03-2013-security-for-indu">SR 3.5</reference>
        <reference href="https://www.isa.org/products/ansi-isa-62443-3-3-99-03-03-2013-security-for-indu">SR 3.8</reference>
        <reference href="https://www.isa.org/products/ansi-isa-62443-3-3-99-03-03-2013-security-for-indu">SR 4.1</reference>
        <reference href="https://www.isa.org/products/ansi-isa-62443-3-3-99-03-03-2013-security-for-indu">SR 4.3</reference>
        <reference href="https://www.isa.org/products/ansi-isa-62443-3-3-99-03-03-2013-security-for-indu">SR 5.1</reference>
        <reference href="https://www.isa.org/products/ansi-isa-62443-3-3-99-03-03-2013-security-for-indu">SR 5.2</reference>
        <reference href="https://www.isa.org/products/ansi-isa-62443-3-3-99-03-03-2013-security-for-indu">SR 5.3</reference>
        <reference href="https://www.isa.org/products/ansi-isa-62443-3-3-99-03-03-2013-security-for-indu">SR 6.1</reference>
        <reference href="https://www.isa.org/products/ansi-isa-62443-3-3-99-03-03-2013-security-for-indu">SR 6.2</reference>
        <reference href="https://www.isa.org/products/ansi-isa-62443-3-3-99-03-03-2013-security-for-indu">SR 7.1</reference>
        <reference href="https://www.isa.org/products/ansi-isa-62443-3-3-99-03-03-2013-security-for-indu">SR 7.6</reference>
        <reference href="https://www.iso.org/contents/data/standard/05/45/54534.html">A.11.2.6</reference>
        <reference href="https://www.iso.org/contents/data/standard/05/45/54534.html">A.12.4.1</reference>
        <reference href="https://www.iso.org/contents/data/standard/05/45/54534.html">A.12.4.2</reference>
        <reference href="https://www.iso.org/contents/data/standard/05/45/54534.html">A.12.4.3</reference>
        <reference href="https://www.iso.org/contents/data/standard/05/45/54534.html">A.12.4.4</reference>
        <reference href="https://www.iso.org/contents/data/standard/05/45/54534.html">A.12.7.1</reference>
        <reference href="https://www.iso.org/contents/data/standard/05/45/54534.html">A.13.1.1</reference>
        <reference href="https://www.iso.org/contents/data/standard/05/45/54534.html">A.13.2.1</reference>
        <reference href="https://www.iso.org/contents/data/standard/05/45/54534.html">A.14.1.3</reference>
        <reference href="https://www.iso.org/contents/data/standard/05/45/54534.html">A.14.2.7</reference>
        <reference href="https://www.iso.org/contents/data/standard/05/45/54534.html">A.15.2.1</reference>
        <reference href="https://www.iso.org/contents/data/standard/05/45/54534.html">A.15.2.2</reference>
        <reference href="https://www.iso.org/contents/data/standard/05/45/54534.html">A.16.1.4</reference>
        <reference href="https://www.iso.org/contents/data/standard/05/45/54534.html">A.16.1.5</reference>
        <reference href="https://www.iso.org/contents/data/standard/05/45/54534.html">A.16.1.7</reference>
        <reference href="https://www.iso.org/contents/data/standard/05/45/54534.html">A.6.2.1</reference>
        <reference href="https://www.iso.org/contents/data/standard/05/45/54534.html">A.6.2.2</reference>
        <reference href="http://nvlpubs.nist.gov/nistpubs/SpecialPublications/NIST.SP.800-53r4.pdf">AU-2(d)</reference>
        <reference href="http://nvlpubs.nist.gov/nistpubs/SpecialPublications/NIST.SP.800-53r4.pdf">AU-12(c)</reference>
        <reference href="http://nvlpubs.nist.gov/nistpubs/SpecialPublications/NIST.SP.800-53r4.pdf">AC-6(9)</reference>
        <reference href="http://nvlpubs.nist.gov/nistpubs/SpecialPublications/NIST.SP.800-53r4.pdf">CM-6(a)</reference>
        <reference href="https://nvlpubs.nist.gov/nistpubs/CSWP/NIST.CSWP.04162018.pdf">DE.AE-3</reference>
        <reference href="https://nvlpubs.nist.gov/nistpubs/CSWP/NIST.CSWP.04162018.pdf">DE.AE-5</reference>
        <reference href="https://nvlpubs.nist.gov/nistpubs/CSWP/NIST.CSWP.04162018.pdf">DE.CM-1</reference>
        <reference href="https://nvlpubs.nist.gov/nistpubs/CSWP/NIST.CSWP.04162018.pdf">DE.CM-3</reference>
        <reference href="https://nvlpubs.nist.gov/nistpubs/CSWP/NIST.CSWP.04162018.pdf">DE.CM-7</reference>
        <reference href="https://nvlpubs.nist.gov/nistpubs/CSWP/NIST.CSWP.04162018.pdf">ID.SC-4</reference>
        <reference href="https://nvlpubs.nist.gov/nistpubs/CSWP/NIST.CSWP.04162018.pdf">PR.AC-3</reference>
        <reference href="https://nvlpubs.nist.gov/nistpubs/CSWP/NIST.CSWP.04162018.pdf">PR.PT-1</reference>
        <reference href="https://nvlpubs.nist.gov/nistpubs/CSWP/NIST.CSWP.04162018.pdf">PR.PT-4</reference>
        <reference href="https://nvlpubs.nist.gov/nistpubs/CSWP/NIST.CSWP.04162018.pdf">RS.AN-1</reference>
        <reference href="https://nvlpubs.nist.gov/nistpubs/CSWP/NIST.CSWP.04162018.pdf">RS.AN-4</reference>
        <reference href="https://www.pcisecuritystandards.org/documents/PCI_DSS_v3-2-1.pdf">Req-10.5.5</reference>
        <reference href="https://cyber.gouv.fr/sites/default/files/document/linux_configuration-en-v2.pdf">R73</reference>
        <reference href="https://www.cisecurity.org/benchmark/ubuntu_linux/">6.2.3.5</reference>
        <reference href="https://docs-prv.pcisecuritystandards.org/PCI%20DSS/Standard/PCI-DSS-v4_0.pdf">10.3.4</reference>
        <reference href="https://docs-prv.pcisecuritystandards.org/PCI%20DSS/Standard/PCI-DSS-v4_0.pdf">10.3</reference>
        <rationale xmlns:xhtml="http://www.w3.org/1999/xhtml" xml:lang="en-US">The network environment should not be modified by anything other
than administrator action. Any change to network parameters should be
audited.</rationale>
        <fix xmlns:xhtml="http://www.w3.org/1999/xhtml" id="audit_rules_networkconfig_modification" system="urn:xccdf:fix:script:sh"># Remediation is applicable only in certain platforms
if dpkg-query --show --showformat='${db:Status-Status}
' 'linux-base' 2&gt;/dev/null | grep -q ^installed &amp;&amp; dpkg-query --show --showformat='${db:Status-Status}\n' 'auditd' 2&gt;/dev/null | grep -q '^installed'; then

# First perform the remediation of the syscall rule
# Retrieve hardware architecture of the underlying system
[ "$(getconf LONG_BIT)" = "32" ] &amp;&amp; RULE_ARCHS=("b32") || RULE_ARCHS=("b32" "b64")

for ARCH in "${RULE_ARCHS[@]}"
do
	ACTION_ARCH_FILTERS="-a always,exit -F arch=$ARCH"
	OTHER_FILTERS=""
	AUID_FILTERS=""
	SYSCALL="sethostname setdomainname"
	KEY="audit_rules_networkconfig_modification"
	SYSCALL_GROUPING="sethostname setdomainname"
	# Perform the remediation for both possible tools: 'auditctl' and 'augenrules'
	unset syscall_a
unset syscall_grouping
unset syscall_string
unset syscall
unset file_to_edit
unset rule_to_edit
unset rule_syscalls_to_edit
unset other_string
unset auid_string
unset full_rule

# Load macro arguments into arrays
read -a syscall_a &lt;&lt;&lt; $SYSCALL
read -a syscall_grouping &lt;&lt;&lt; $SYSCALL_GROUPING

# Create a list of audit *.rules files that should be inspected for presence and correctness
# of a particular audit rule. The scheme is as follows:
#
# -----------------------------------------------------------------------------------------
#  Tool used to load audit rules | Rule already defined  |  Audit rules file to inspect    |
# -----------------------------------------------------------------------------------------
#        auditctl                |     Doesn't matter    |  /etc/audit/audit.rules         |
# -----------------------------------------------------------------------------------------
#        augenrules              |          Yes          |  /etc/audit/rules.d/*.rules     |
#        augenrules              |          No           |  /etc/audit/rules.d/$key.rules  |
# -----------------------------------------------------------------------------------------
#
files_to_inspect=()

# If audit tool is 'augenrules', then check if the audit rule is defined
# If rule is defined, add '/etc/audit/rules.d/*.rules' to the list for inspection
# If rule isn't defined yet, add '/etc/audit/rules.d/$key.rules' to the list for inspection
default_file="/etc/audit/rules.d/$KEY.rules"
# As other_filters may include paths, lets use a different delimiter for it
# The "F" script expression tells sed to print the filenames where the expressions matched
readarray -t files_to_inspect &lt; &lt;(sed -s -n -e "/^$ACTION_ARCH_FILTERS/!d" -e "\#$OTHER_FILTERS#!d" -e "/$AUID_FILTERS/!d" -e "F" /etc/audit/rules.d/*.rules)
# Case when particular rule isn't defined in /etc/audit/rules.d/*.rules yet
if [ ${#files_to_inspect[@]} -eq "0" ]
then
    file_to_inspect="/etc/audit/rules.d/$KEY.rules"
    files_to_inspect=("$file_to_inspect")
    if [ ! -e "$file_to_inspect" ]
    then
        touch "$file_to_inspect"
        chmod 0600 "$file_to_inspect"
    fi
fi

# After converting to jinja, we cannot return; therefore we skip the rest of the macro if needed instead
skip=1

for audit_file in "${files_to_inspect[@]}"
do
    # Filter existing $audit_file rules' definitions to select those that satisfy the rule pattern,
    # i.e, collect rules that match:
    # * the action, list and arch, (2-nd argument)
    # * the other filters, (3-rd argument)
    # * the auid filters, (4-rd argument)
    readarray -t similar_rules &lt; &lt;(sed -e "/^$ACTION_ARCH_FILTERS/!d"  -e "\#$OTHER_FILTERS#!d" -e "/$AUID_FILTERS/!d" "$audit_file")

    candidate_rules=()
    # Filter out rules that have more fields then required. This will remove rules more specific than the required scope
    for s_rule in "${similar_rules[@]}"
    do
        # Strip all the options and fields we know of,
        # than check if there was any field left over
        extra_fields=$(sed -E -e "s/^$ACTION_ARCH_FILTERS//"  -e "s#$OTHER_FILTERS##" -e "s/$AUID_FILTERS//" -e "s/((:?-S [[:alnum:],]+)+)//g" -e "s/-F key=\w+|-k \w+//"&lt;&lt;&lt; "$s_rule")
        grep -q -- "-F" &lt;&lt;&lt; "$extra_fields" || candidate_rules+=("$s_rule")
    done

    if [[ ${#syscall_a[@]} -ge 1 ]]
    then
        # Check if the syscall we want is present in any of the similar existing rules
        for rule in "${candidate_rules[@]}"
        do
            rule_syscalls=$(echo "$rule" | grep -o -P '(-S [\w,]+)+' | xargs)
            all_syscalls_found=0
            for syscall in "${syscall_a[@]}"
            do
                grep -q -- "\b${syscall}\b" &lt;&lt;&lt; "$rule_syscalls" || {
                   # A syscall was not found in the candidate rule
                   all_syscalls_found=1
                   }
            done
            if [[ $all_syscalls_found -eq 0 ]]
            then
                # We found a rule with all the syscall(s) we want; skip rest of macro
                skip=0
                break
            fi

            # Check if this rule can be grouped with our target syscall and keep track of it
            for syscall_g in "${syscall_grouping[@]}"
            do
                if grep -q -- "\b${syscall_g}\b" &lt;&lt;&lt; "$rule_syscalls"
                then
                    file_to_edit=${audit_file}
                    rule_to_edit=${rule}
                    rule_syscalls_to_edit=${rule_syscalls}
                fi
            done
        done
    else
        # If there is any candidate rule, it is compliant; skip rest of macro
        if [ "${#candidate_rules[@]}" -gt 0 ]
        then
            skip=0
        fi
    fi

    if [ "$skip" -eq 0 ]; then
        break
    fi
done

if [ "$skip" -ne 0 ]; then
    # We checked all rules that matched the expected resemblance pattern (action, arch &amp; auid)
    # At this point we know if we need to either append the $full_rule or group
    # the syscall together with an exsiting rule

    # Append the full_rule if it cannot be grouped to any other rule
    if [ -z ${rule_to_edit+x} ]
    then
        # Build full_rule while avoid adding double spaces when other_filters is empty
        if [ "${#syscall_a[@]}" -gt 0 ]
        then
            syscall_string=""
            for syscall in "${syscall_a[@]}"
            do
                syscall_string+=" -S $syscall"
            done
        fi
        other_string=$([[ $OTHER_FILTERS ]] &amp;&amp; echo " $OTHER_FILTERS") || /bin/true
        auid_string=$([[ $AUID_FILTERS ]] &amp;&amp; echo " $AUID_FILTERS") || /bin/true
        full_rule="$ACTION_ARCH_FILTERS${syscall_string}${other_string}${auid_string} -F key=$KEY" || /bin/true
        echo "$full_rule" &gt;&gt; "$default_file"
        chmod 0600 ${default_file}
    else
        # Check if the syscalls are declared as a comma separated list or
        # as multiple -S parameters
        if grep -q -- "," &lt;&lt;&lt; "${rule_syscalls_to_edit}"
        then
            delimiter=","
        else
            delimiter=" -S "
        fi
        new_grouped_syscalls="${rule_syscalls_to_edit}"
        for syscall in "${syscall_a[@]}"
        do
            grep -q -- "\b${syscall}\b" &lt;&lt;&lt; "${rule_syscalls_to_edit}" || {
               # A syscall was not found in the candidate rule
               new_grouped_syscalls+="${delimiter}${syscall}"
               }
        done

        # Group the syscall in the rule
        sed -i -e "\#${rule_to_edit}#s#${rule_syscalls_to_edit}#${new_grouped_syscalls}#" "$file_to_edit"
    fi
fi
	unset syscall_a
unset syscall_grouping
unset syscall_string
unset syscall
unset file_to_edit
unset rule_to_edit
unset rule_syscalls_to_edit
unset other_string
unset auid_string
unset full_rule

# Load macro arguments into arrays
read -a syscall_a &lt;&lt;&lt; $SYSCALL
read -a syscall_grouping &lt;&lt;&lt; $SYSCALL_GROUPING

# Create a list of audit *.rules files that should be inspected for presence and correctness
# of a particular audit rule. The scheme is as follows:
#
# -----------------------------------------------------------------------------------------
#  Tool used to load audit rules | Rule already defined  |  Audit rules file to inspect    |
# -----------------------------------------------------------------------------------------
#        auditctl                |     Doesn't matter    |  /etc/audit/audit.rules         |
# -----------------------------------------------------------------------------------------
#        augenrules              |          Yes          |  /etc/audit/rules.d/*.rules     |
#        augenrules              |          No           |  /etc/audit/rules.d/$key.rules  |
# -----------------------------------------------------------------------------------------
#
files_to_inspect=()


# If audit tool is 'auditctl', then add '/etc/audit/audit.rules'
# file to the list of files to be inspected
default_file="/etc/audit/audit.rules"
files_to_inspect+=('/etc/audit/audit.rules' )

# After converting to jinja, we cannot return; therefore we skip the rest of the macro if needed instead
skip=1

for audit_file in "${files_to_inspect[@]}"
do
    # Filter existing $audit_file rules' definitions to select those that satisfy the rule pattern,
    # i.e, collect rules that match:
    # * the action, list and arch, (2-nd argument)
    # * the other filters, (3-rd argument)
    # * the auid filters, (4-rd argument)
    readarray -t similar_rules &lt; &lt;(sed -e "/^$ACTION_ARCH_FILTERS/!d"  -e "\#$OTHER_FILTERS#!d" -e "/$AUID_FILTERS/!d" "$audit_file")

    candidate_rules=()
    # Filter out rules that have more fields then required. This will remove rules more specific than the required scope
    for s_rule in "${similar_rules[@]}"
    do
        # Strip all the options and fields we know of,
        # than check if there was any field left over
        extra_fields=$(sed -E -e "s/^$ACTION_ARCH_FILTERS//"  -e "s#$OTHER_FILTERS##" -e "s/$AUID_FILTERS//" -e "s/((:?-S [[:alnum:],]+)+)//g" -e "s/-F key=\w+|-k \w+//"&lt;&lt;&lt; "$s_rule")
        grep -q -- "-F" &lt;&lt;&lt; "$extra_fields" || candidate_rules+=("$s_rule")
    done

    if [[ ${#syscall_a[@]} -ge 1 ]]
    then
        # Check if the syscall we want is present in any of the similar existing rules
        for rule in "${candidate_rules[@]}"
        do
            rule_syscalls=$(echo "$rule" | grep -o -P '(-S [\w,]+)+' | xargs)
            all_syscalls_found=0
            for syscall in "${syscall_a[@]}"
            do
                grep -q -- "\b${syscall}\b" &lt;&lt;&lt; "$rule_syscalls" || {
                   # A syscall was not found in the candidate rule
                   all_syscalls_found=1
                   }
            done
            if [[ $all_syscalls_found -eq 0 ]]
            then
                # We found a rule with all the syscall(s) we want; skip rest of macro
                skip=0
                break
            fi

            # Check if this rule can be grouped with our target syscall and keep track of it
            for syscall_g in "${syscall_grouping[@]}"
            do
                if grep -q -- "\b${syscall_g}\b" &lt;&lt;&lt; "$rule_syscalls"
                then
                    file_to_edit=${audit_file}
                    rule_to_edit=${rule}
                    rule_syscalls_to_edit=${rule_syscalls}
                fi
            done
        done
    else
        # If there is any candidate rule, it is compliant; skip rest of macro
        if [ "${#candidate_rules[@]}" -gt 0 ]
        then
            skip=0
        fi
    fi

    if [ "$skip" -eq 0 ]; then
        break
    fi
done

if [ "$skip" -ne 0 ]; then
    # We checked all rules that matched the expected resemblance pattern (action, arch &amp; auid)
    # At this point we know if we need to either append the $full_rule or group
    # the syscall together with an exsiting rule

    # Append the full_rule if it cannot be grouped to any other rule
    if [ -z ${rule_to_edit+x} ]
    then
        # Build full_rule while avoid adding double spaces when other_filters is empty
        if [ "${#syscall_a[@]}" -gt 0 ]
        then
            syscall_string=""
            for syscall in "${syscall_a[@]}"
            do
                syscall_string+=" -S $syscall"
            done
        fi
        other_string=$([[ $OTHER_FILTERS ]] &amp;&amp; echo " $OTHER_FILTERS") || /bin/true
        auid_string=$([[ $AUID_FILTERS ]] &amp;&amp; echo " $AUID_FILTERS") || /bin/true
        full_rule="$ACTION_ARCH_FILTERS${syscall_string}${other_string}${auid_string} -F key=$KEY" || /bin/true
        echo "$full_rule" &gt;&gt; "$default_file"
        chmod 0600 ${default_file}
    else
        # Check if the syscalls are declared as a comma separated list or
        # as multiple -S parameters
        if grep -q -- "," &lt;&lt;&lt; "${rule_syscalls_to_edit}"
        then
            delimiter=","
        else
            delimiter=" -S "
        fi
        new_grouped_syscalls="${rule_syscalls_to_edit}"
        for syscall in "${syscall_a[@]}"
        do
            grep -q -- "\b${syscall}\b" &lt;&lt;&lt; "${rule_syscalls_to_edit}" || {
               # A syscall was not found in the candidate rule
               new_grouped_syscalls+="${delimiter}${syscall}"
               }
        done

        # Group the syscall in the rule
        sed -i -e "\#${rule_to_edit}#s#${rule_syscalls_to_edit}#${new_grouped_syscalls}#" "$file_to_edit"
    fi
fi
done

# Then perform the remediations for the watch rules
# Perform the remediation for both possible tools: 'auditctl' and 'augenrules'
# Create a list of audit *.rules files that should be inspected for presence and correctness
# of a particular audit rule. The scheme is as follows:
#
# -----------------------------------------------------------------------------------------
# Tool used to load audit rules	| Rule already defined	|  Audit rules file to inspect	  |
# -----------------------------------------------------------------------------------------
#	auditctl		|     Doesn't matter	|  /etc/audit/audit.rules	  |
# -----------------------------------------------------------------------------------------
# 	augenrules		|          Yes		|  /etc/audit/rules.d/*.rules	  |
# 	augenrules		|          No		|  /etc/audit/rules.d/$key.rules  |
# -----------------------------------------------------------------------------------------
files_to_inspect=()


# If the audit tool is 'auditctl', then add '/etc/audit/audit.rules'
# into the list of files to be inspected
files_to_inspect+=('/etc/audit/audit.rules')

# Finally perform the inspection and possible subsequent audit rule
# correction for each of the files previously identified for inspection
for audit_rules_file in "${files_to_inspect[@]}"
do
    # Check if audit watch file system object rule for given path already present
    if grep -q -P -- "^[\s]*-w[\s]+/etc/issue" "$audit_rules_file"
    then
        # Rule is found =&gt; verify yet if existing rule definition contains
        # all of the required access type bits

        # Define BRE whitespace class shortcut
        sp="[[:space:]]"
        # Extract current permission access types (e.g. -p [r|w|x|a] values) from audit rule
        current_access_bits=$(sed -ne "s#$sp*-w$sp\+/etc/issue $sp\+-p$sp\+\([rxwa]\{1,4\}\).*#\1#p" "$audit_rules_file")
        # Split required access bits string into characters array
        # (to check bit's presence for one bit at a time)
        for access_bit in $(echo "wa" | grep -o .)
        do
            # For each from the required access bits (e.g. 'w', 'a') check
            # if they are already present in current access bits for rule.
            # If not, append that bit at the end
            if ! grep -q "$access_bit" &lt;&lt;&lt; "$current_access_bits"
            then
                # Concatenate the existing mask with the missing bit
                current_access_bits="$current_access_bits$access_bit"
            fi
        done
        # Propagate the updated rule's access bits (original + the required
        # ones) back into the /etc/audit/audit.rules file for that rule
        sed -i "s#\($sp*-w$sp\+/etc/issue$sp\+-p$sp\+\)\([rxwa]\{1,4\}\)\(.*\)#\1$current_access_bits\3#" "$audit_rules_file"
    else
        # Rule isn't present yet. Append it at the end of $audit_rules_file file
        # with proper key

        echo "-w /etc/issue -p wa -k audit_rules_networkconfig_modification" &gt;&gt; "$audit_rules_file"
    fi
done
# Create a list of audit *.rules files that should be inspected for presence and correctness
# of a particular audit rule. The scheme is as follows:
#
# -----------------------------------------------------------------------------------------
# Tool used to load audit rules	| Rule already defined	|  Audit rules file to inspect	  |
# -----------------------------------------------------------------------------------------
#	auditctl		|     Doesn't matter	|  /etc/audit/audit.rules	  |
# -----------------------------------------------------------------------------------------
# 	augenrules		|          Yes		|  /etc/audit/rules.d/*.rules	  |
# 	augenrules		|          No		|  /etc/audit/rules.d/$key.rules  |
# -----------------------------------------------------------------------------------------
files_to_inspect=()

# If the audit is 'augenrules', then check if rule is already defined
# If rule is defined, add '/etc/audit/rules.d/*.rules' to list of files for inspection.
# If rule isn't defined, add '/etc/audit/rules.d/audit_rules_networkconfig_modification.rules' to list of files for inspection.
readarray -t matches &lt; &lt;(grep -HP "[\s]*-w[\s]+/etc/issue" /etc/audit/rules.d/*.rules)

# For each of the matched entries
for match in "${matches[@]}"
do
    # Extract filepath from the match
    rulesd_audit_file=$(echo $match | cut -f1 -d ':')
    # Append that path into list of files for inspection
    files_to_inspect+=("$rulesd_audit_file")
done
# Case when particular audit rule isn't defined yet
if [ "${#files_to_inspect[@]}" -eq "0" ]
then
    # Append '/etc/audit/rules.d/audit_rules_networkconfig_modification.rules' into list of files for inspection
    key_rule_file="/etc/audit/rules.d/audit_rules_networkconfig_modification.rules"
    # If the audit_rules_networkconfig_modification.rules file doesn't exist yet, create it with correct permissions
    if [ ! -e "$key_rule_file" ]
    then
        touch "$key_rule_file"
        chmod 0600 "$key_rule_file"
    fi
    files_to_inspect+=("$key_rule_file")
fi

# Finally perform the inspection and possible subsequent audit rule
# correction for each of the files previously identified for inspection
for audit_rules_file in "${files_to_inspect[@]}"
do
    # Check if audit watch file system object rule for given path already present
    if grep -q -P -- "^[\s]*-w[\s]+/etc/issue" "$audit_rules_file"
    then
        # Rule is found =&gt; verify yet if existing rule definition contains
        # all of the required access type bits

        # Define BRE whitespace class shortcut
        sp="[[:space:]]"
        # Extract current permission access types (e.g. -p [r|w|x|a] values) from audit rule
        current_access_bits=$(sed -ne "s#$sp*-w$sp\+/etc/issue $sp\+-p$sp\+\([rxwa]\{1,4\}\).*#\1#p" "$audit_rules_file")
        # Split required access bits string into characters array
        # (to check bit's presence for one bit at a time)
        for access_bit in $(echo "wa" | grep -o .)
        do
            # For each from the required access bits (e.g. 'w', 'a') check
            # if they are already present in current access bits for rule.
            # If not, append that bit at the end
            if ! grep -q "$access_bit" &lt;&lt;&lt; "$current_access_bits"
            then
                # Concatenate the existing mask with the missing bit
                current_access_bits="$current_access_bits$access_bit"
            fi
        done
        # Propagate the updated rule's access bits (original + the required
        # ones) back into the /etc/audit/audit.rules file for that rule
        sed -i "s#\($sp*-w$sp\+/etc/issue$sp\+-p$sp\+\)\([rxwa]\{1,4\}\)\(.*\)#\1$current_access_bits\3#" "$audit_rules_file"
    else
        # Rule isn't present yet. Append it at the end of $audit_rules_file file
        # with proper key

        echo "-w /etc/issue -p wa -k audit_rules_networkconfig_modification" &gt;&gt; "$audit_rules_file"
    fi
done
# Create a list of audit *.rules files that should be inspected for presence and correctness
# of a particular audit rule. The scheme is as follows:
#
# -----------------------------------------------------------------------------------------
# Tool used to load audit rules	| Rule already defined	|  Audit rules file to inspect	  |
# -----------------------------------------------------------------------------------------
#	auditctl		|     Doesn't matter	|  /etc/audit/audit.rules	  |
# -----------------------------------------------------------------------------------------
# 	augenrules		|          Yes		|  /etc/audit/rules.d/*.rules	  |
# 	augenrules		|          No		|  /etc/audit/rules.d/$key.rules  |
# -----------------------------------------------------------------------------------------
files_to_inspect=()


# If the audit tool is 'auditctl', then add '/etc/audit/audit.rules'
# into the list of files to be inspected
files_to_inspect+=('/etc/audit/audit.rules')

# Finally perform the inspection and possible subsequent audit rule
# correction for each of the files previously identified for inspection
for audit_rules_file in "${files_to_inspect[@]}"
do
    # Check if audit watch file system object rule for given path already present
    if grep -q -P -- "^[\s]*-w[\s]+/etc/issue.net" "$audit_rules_file"
    then
        # Rule is found =&gt; verify yet if existing rule definition contains
        # all of the required access type bits

        # Define BRE whitespace class shortcut
        sp="[[:space:]]"
        # Extract current permission access types (e.g. -p [r|w|x|a] values) from audit rule
        current_access_bits=$(sed -ne "s#$sp*-w$sp\+/etc/issue.net $sp\+-p$sp\+\([rxwa]\{1,4\}\).*#\1#p" "$audit_rules_file")
        # Split required access bits string into characters array
        # (to check bit's presence for one bit at a time)
        for access_bit in $(echo "wa" | grep -o .)
        do
            # For each from the required access bits (e.g. 'w', 'a') check
            # if they are already present in current access bits for rule.
            # If not, append that bit at the end
            if ! grep -q "$access_bit" &lt;&lt;&lt; "$current_access_bits"
            then
                # Concatenate the existing mask with the missing bit
                current_access_bits="$current_access_bits$access_bit"
            fi
        done
        # Propagate the updated rule's access bits (original + the required
        # ones) back into the /etc/audit/audit.rules file for that rule
        sed -i "s#\($sp*-w$sp\+/etc/issue.net$sp\+-p$sp\+\)\([rxwa]\{1,4\}\)\(.*\)#\1$current_access_bits\3#" "$audit_rules_file"
    else
        # Rule isn't present yet. Append it at the end of $audit_rules_file file
        # with proper key

        echo "-w /etc/issue.net -p wa -k audit_rules_networkconfig_modification" &gt;&gt; "$audit_rules_file"
    fi
done
# Create a list of audit *.rules files that should be inspected for presence and correctness
# of a particular audit rule. The scheme is as follows:
#
# -----------------------------------------------------------------------------------------
# Tool used to load audit rules	| Rule already defined	|  Audit rules file to inspect	  |
# -----------------------------------------------------------------------------------------
#	auditctl		|     Doesn't matter	|  /etc/audit/audit.rules	  |
# -----------------------------------------------------------------------------------------
# 	augenrules		|          Yes		|  /etc/audit/rules.d/*.rules	  |
# 	augenrules		|          No		|  /etc/audit/rules.d/$key.rules  |
# -----------------------------------------------------------------------------------------
files_to_inspect=()

# If the audit is 'augenrules', then check if rule is already defined
# If rule is defined, add '/etc/audit/rules.d/*.rules' to list of files for inspection.
# If rule isn't defined, add '/etc/audit/rules.d/audit_rules_networkconfig_modification.rules' to list of files for inspection.
readarray -t matches &lt; &lt;(grep -HP "[\s]*-w[\s]+/etc/issue.net" /etc/audit/rules.d/*.rules)

# For each of the matched entries
for match in "${matches[@]}"
do
    # Extract filepath from the match
    rulesd_audit_file=$(echo $match | cut -f1 -d ':')
    # Append that path into list of files for inspection
    files_to_inspect+=("$rulesd_audit_file")
done
# Case when particular audit rule isn't defined yet
if [ "${#files_to_inspect[@]}" -eq "0" ]
then
    # Append '/etc/audit/rules.d/audit_rules_networkconfig_modification.rules' into list of files for inspection
    key_rule_file="/etc/audit/rules.d/audit_rules_networkconfig_modification.rules"
    # If the audit_rules_networkconfig_modification.rules file doesn't exist yet, create it with correct permissions
    if [ ! -e "$key_rule_file" ]
    then
        touch "$key_rule_file"
        chmod 0600 "$key_rule_file"
    fi
    files_to_inspect+=("$key_rule_file")
fi

# Finally perform the inspection and possible subsequent audit rule
# correction for each of the files previously identified for inspection
for audit_rules_file in "${files_to_inspect[@]}"
do
    # Check if audit watch file system object rule for given path already present
    if grep -q -P -- "^[\s]*-w[\s]+/etc/issue.net" "$audit_rules_file"
    then
        # Rule is found =&gt; verify yet if existing rule definition contains
        # all of the required access type bits

        # Define BRE whitespace class shortcut
        sp="[[:space:]]"
        # Extract current permission access types (e.g. -p [r|w|x|a] values) from audit rule
        current_access_bits=$(sed -ne "s#$sp*-w$sp\+/etc/issue.net $sp\+-p$sp\+\([rxwa]\{1,4\}\).*#\1#p" "$audit_rules_file")
        # Split required access bits string into characters array
        # (to check bit's presence for one bit at a time)
        for access_bit in $(echo "wa" | grep -o .)
        do
            # For each from the required access bits (e.g. 'w', 'a') check
            # if they are already present in current access bits for rule.
            # If not, append that bit at the end
            if ! grep -q "$access_bit" &lt;&lt;&lt; "$current_access_bits"
            then
                # Concatenate the existing mask with the missing bit
                current_access_bits="$current_access_bits$access_bit"
            fi
        done
        # Propagate the updated rule's access bits (original + the required
        # ones) back into the /etc/audit/audit.rules file for that rule
        sed -i "s#\($sp*-w$sp\+/etc/issue.net$sp\+-p$sp\+\)\([rxwa]\{1,4\}\)\(.*\)#\1$current_access_bits\3#" "$audit_rules_file"
    else
        # Rule isn't present yet. Append it at the end of $audit_rules_file file
        # with proper key

        echo "-w /etc/issue.net -p wa -k audit_rules_networkconfig_modification" &gt;&gt; "$audit_rules_file"
    fi
done
# Create a list of audit *.rules files that should be inspected for presence and correctness
# of a particular audit rule. The scheme is as follows:
#
# -----------------------------------------------------------------------------------------
# Tool used to load audit rules	| Rule already defined	|  Audit rules file to inspect	  |
# -----------------------------------------------------------------------------------------
#	auditctl		|     Doesn't matter	|  /etc/audit/audit.rules	  |
# -----------------------------------------------------------------------------------------
# 	augenrules		|          Yes		|  /etc/audit/rules.d/*.rules	  |
# 	augenrules		|          No		|  /etc/audit/rules.d/$key.rules  |
# -----------------------------------------------------------------------------------------
files_to_inspect=()


# If the audit tool is 'auditctl', then add '/etc/audit/audit.rules'
# into the list of files to be inspected
files_to_inspect+=('/etc/audit/audit.rules')

# Finally perform the inspection and possible subsequent audit rule
# correction for each of the files previously identified for inspection
for audit_rules_file in "${files_to_inspect[@]}"
do
    # Check if audit watch file system object rule for given path already present
    if grep -q -P -- "^[\s]*-w[\s]+/etc/hosts" "$audit_rules_file"
    then
        # Rule is found =&gt; verify yet if existing rule definition contains
        # all of the required access type bits

        # Define BRE whitespace class shortcut
        sp="[[:space:]]"
        # Extract current permission access types (e.g. -p [r|w|x|a] values) from audit rule
        current_access_bits=$(sed -ne "s#$sp*-w$sp\+/etc/hosts $sp\+-p$sp\+\([rxwa]\{1,4\}\).*#\1#p" "$audit_rules_file")
        # Split required access bits string into characters array
        # (to check bit's presence for one bit at a time)
        for access_bit in $(echo "wa" | grep -o .)
        do
            # For each from the required access bits (e.g. 'w', 'a') check
            # if they are already present in current access bits for rule.
            # If not, append that bit at the end
            if ! grep -q "$access_bit" &lt;&lt;&lt; "$current_access_bits"
            then
                # Concatenate the existing mask with the missing bit
                current_access_bits="$current_access_bits$access_bit"
            fi
        done
        # Propagate the updated rule's access bits (original + the required
        # ones) back into the /etc/audit/audit.rules file for that rule
        sed -i "s#\($sp*-w$sp\+/etc/hosts$sp\+-p$sp\+\)\([rxwa]\{1,4\}\)\(.*\)#\1$current_access_bits\3#" "$audit_rules_file"
    else
        # Rule isn't present yet. Append it at the end of $audit_rules_file file
        # with proper key

        echo "-w /etc/hosts -p wa -k audit_rules_networkconfig_modification" &gt;&gt; "$audit_rules_file"
    fi
done
# Create a list of audit *.rules files that should be inspected for presence and correctness
# of a particular audit rule. The scheme is as follows:
#
# -----------------------------------------------------------------------------------------
# Tool used to load audit rules	| Rule already defined	|  Audit rules file to inspect	  |
# -----------------------------------------------------------------------------------------
#	auditctl		|     Doesn't matter	|  /etc/audit/audit.rules	  |
# -----------------------------------------------------------------------------------------
# 	augenrules		|          Yes		|  /etc/audit/rules.d/*.rules	  |
# 	augenrules		|          No		|  /etc/audit/rules.d/$key.rules  |
# -----------------------------------------------------------------------------------------
files_to_inspect=()

# If the audit is 'augenrules', then check if rule is already defined
# If rule is defined, add '/etc/audit/rules.d/*.rules' to list of files for inspection.
# If rule isn't defined, add '/etc/audit/rules.d/audit_rules_networkconfig_modification.rules' to list of files for inspection.
readarray -t matches &lt; &lt;(grep -HP "[\s]*-w[\s]+/etc/hosts" /etc/audit/rules.d/*.rules)

# For each of the matched entries
for match in "${matches[@]}"
do
    # Extract filepath from the match
    rulesd_audit_file=$(echo $match | cut -f1 -d ':')
    # Append that path into list of files for inspection
    files_to_inspect+=("$rulesd_audit_file")
done
# Case when particular audit rule isn't defined yet
if [ "${#files_to_inspect[@]}" -eq "0" ]
then
    # Append '/etc/audit/rules.d/audit_rules_networkconfig_modification.rules' into list of files for inspection
    key_rule_file="/etc/audit/rules.d/audit_rules_networkconfig_modification.rules"
    # If the audit_rules_networkconfig_modification.rules file doesn't exist yet, create it with correct permissions
    if [ ! -e "$key_rule_file" ]
    then
        touch "$key_rule_file"
        chmod 0600 "$key_rule_file"
    fi
    files_to_inspect+=("$key_rule_file")
fi

# Finally perform the inspection and possible subsequent audit rule
# correction for each of the files previously identified for inspection
for audit_rules_file in "${files_to_inspect[@]}"
do
    # Check if audit watch file system object rule for given path already present
    if grep -q -P -- "^[\s]*-w[\s]+/etc/hosts" "$audit_rules_file"
    then
        # Rule is found =&gt; verify yet if existing rule definition contains
        # all of the required access type bits

        # Define BRE whitespace class shortcut
        sp="[[:space:]]"
        # Extract current permission access types (e.g. -p [r|w|x|a] values) from audit rule
        current_access_bits=$(sed -ne "s#$sp*-w$sp\+/etc/hosts $sp\+-p$sp\+\([rxwa]\{1,4\}\).*#\1#p" "$audit_rules_file")
        # Split required access bits string into characters array
        # (to check bit's presence for one bit at a time)
        for access_bit in $(echo "wa" | grep -o .)
        do
            # For each from the required access bits (e.g. 'w', 'a') check
            # if they are already present in current access bits for rule.
            # If not, append that bit at the end
            if ! grep -q "$access_bit" &lt;&lt;&lt; "$current_access_bits"
            then
                # Concatenate the existing mask with the missing bit
                current_access_bits="$current_access_bits$access_bit"
            fi
        done
        # Propagate the updated rule's access bits (original + the required
        # ones) back into the /etc/audit/audit.rules file for that rule
        sed -i "s#\($sp*-w$sp\+/etc/hosts$sp\+-p$sp\+\)\([rxwa]\{1,4\}\)\(.*\)#\1$current_access_bits\3#" "$audit_rules_file"
    else
        # Rule isn't present yet. Append it at the end of $audit_rules_file file
        # with proper key

        echo "-w /etc/hosts -p wa -k audit_rules_networkconfig_modification" &gt;&gt; "$audit_rules_file"
    fi
done

# Create a list of audit *.rules files that should be inspected for presence and correctness
# of a particular audit rule. The scheme is as follows:
#
# -----------------------------------------------------------------------------------------
# Tool used to load audit rules	| Rule already defined	|  Audit rules file to inspect	  |
# -----------------------------------------------------------------------------------------
#	auditctl		|     Doesn't matter	|  /etc/audit/audit.rules	  |
# -----------------------------------------------------------------------------------------
# 	augenrules		|          Yes		|  /etc/audit/rules.d/*.rules	  |
# 	augenrules		|          No		|  /etc/audit/rules.d/$key.rules  |
# -----------------------------------------------------------------------------------------
files_to_inspect=()


# If the audit tool is 'auditctl', then add '/etc/audit/audit.rules'
# into the list of files to be inspected
files_to_inspect+=('/etc/audit/audit.rules')

# Finally perform the inspection and possible subsequent audit rule
# correction for each of the files previously identified for inspection
for audit_rules_file in "${files_to_inspect[@]}"
do
    # Check if audit watch file system object rule for given path already present
    if grep -q -P -- "^[\s]*-w[\s]+/etc/networks" "$audit_rules_file"
    then
        # Rule is found =&gt; verify yet if existing rule definition contains
        # all of the required access type bits

        # Define BRE whitespace class shortcut
        sp="[[:space:]]"
        # Extract current permission access types (e.g. -p [r|w|x|a] values) from audit rule
        current_access_bits=$(sed -ne "s#$sp*-w$sp\+/etc/networks $sp\+-p$sp\+\([rxwa]\{1,4\}\).*#\1#p" "$audit_rules_file")
        # Split required access bits string into characters array
        # (to check bit's presence for one bit at a time)
        for access_bit in $(echo "wa" | grep -o .)
        do
            # For each from the required access bits (e.g. 'w', 'a') check
            # if they are already present in current access bits for rule.
            # If not, append that bit at the end
            if ! grep -q "$access_bit" &lt;&lt;&lt; "$current_access_bits"
            then
                # Concatenate the existing mask with the missing bit
                current_access_bits="$current_access_bits$access_bit"
            fi
        done
        # Propagate the updated rule's access bits (original + the required
        # ones) back into the /etc/audit/audit.rules file for that rule
        sed -i "s#\($sp*-w$sp\+/etc/networks$sp\+-p$sp\+\)\([rxwa]\{1,4\}\)\(.*\)#\1$current_access_bits\3#" "$audit_rules_file"
    else
        # Rule isn't present yet. Append it at the end of $audit_rules_file file
        # with proper key

        echo "-w /etc/networks -p wa -k audit_rules_networkconfig_modification" &gt;&gt; "$audit_rules_file"
    fi
done
# Create a list of audit *.rules files that should be inspected for presence and correctness
# of a particular audit rule. The scheme is as follows:
#
# -----------------------------------------------------------------------------------------
# Tool used to load audit rules	| Rule already defined	|  Audit rules file to inspect	  |
# -----------------------------------------------------------------------------------------
#	auditctl		|     Doesn't matter	|  /etc/audit/audit.rules	  |
# -----------------------------------------------------------------------------------------
# 	augenrules		|          Yes		|  /etc/audit/rules.d/*.rules	  |
# 	augenrules		|          No		|  /etc/audit/rules.d/$key.rules  |
# -----------------------------------------------------------------------------------------
files_to_inspect=()

# If the audit is 'augenrules', then check if rule is already defined
# If rule is defined, add '/etc/audit/rules.d/*.rules' to list of files for inspection.
# If rule isn't defined, add '/etc/audit/rules.d/audit_rules_networkconfig_modification.rules' to list of files for inspection.
readarray -t matches &lt; &lt;(grep -HP "[\s]*-w[\s]+/etc/networks" /etc/audit/rules.d/*.rules)

# For each of the matched entries
for match in "${matches[@]}"
do
    # Extract filepath from the match
    rulesd_audit_file=$(echo $match | cut -f1 -d ':')
    # Append that path into list of files for inspection
    files_to_inspect+=("$rulesd_audit_file")
done
# Case when particular audit rule isn't defined yet
if [ "${#files_to_inspect[@]}" -eq "0" ]
then
    # Append '/etc/audit/rules.d/audit_rules_networkconfig_modification.rules' into list of files for inspection
    key_rule_file="/etc/audit/rules.d/audit_rules_networkconfig_modification.rules"
    # If the audit_rules_networkconfig_modification.rules file doesn't exist yet, create it with correct permissions
    if [ ! -e "$key_rule_file" ]
    then
        touch "$key_rule_file"
        chmod 0600 "$key_rule_file"
    fi
    files_to_inspect+=("$key_rule_file")
fi

# Finally perform the inspection and possible subsequent audit rule
# correction for each of the files previously identified for inspection
for audit_rules_file in "${files_to_inspect[@]}"
do
    # Check if audit watch file system object rule for given path already present
    if grep -q -P -- "^[\s]*-w[\s]+/etc/networks" "$audit_rules_file"
    then
        # Rule is found =&gt; verify yet if existing rule definition contains
        # all of the required access type bits

        # Define BRE whitespace class shortcut
        sp="[[:space:]]"
        # Extract current permission access types (e.g. -p [r|w|x|a] values) from audit rule
        current_access_bits=$(sed -ne "s#$sp*-w$sp\+/etc/networks $sp\+-p$sp\+\([rxwa]\{1,4\}\).*#\1#p" "$audit_rules_file")
        # Split required access bits string into characters array
        # (to check bit's presence for one bit at a time)
        for access_bit in $(echo "wa" | grep -o .)
        do
            # For each from the required access bits (e.g. 'w', 'a') check
            # if they are already present in current access bits for rule.
            # If not, append that bit at the end
            if ! grep -q "$access_bit" &lt;&lt;&lt; "$current_access_bits"
            then
                # Concatenate the existing mask with the missing bit
                current_access_bits="$current_access_bits$access_bit"
            fi
        done
        # Propagate the updated rule's access bits (original + the required
        # ones) back into the /etc/audit/audit.rules file for that rule
        sed -i "s#\($sp*-w$sp\+/etc/networks$sp\+-p$sp\+\)\([rxwa]\{1,4\}\)\(.*\)#\1$current_access_bits\3#" "$audit_rules_file"
    else
        # Rule isn't present yet. Append it at the end of $audit_rules_file file
        # with proper key

        echo "-w /etc/networks -p wa -k audit_rules_networkconfig_modification" &gt;&gt; "$audit_rules_file"
    fi
done
# Create a list of audit *.rules files that should be inspected for presence and correctness
# of a particular audit rule. The scheme is as follows:
#
# -----------------------------------------------------------------------------------------
# Tool used to load audit rules	| Rule already defined	|  Audit rules file to inspect	  |
# -----------------------------------------------------------------------------------------
#	auditctl		|     Doesn't matter	|  /etc/audit/audit.rules	  |
# -----------------------------------------------------------------------------------------
# 	augenrules		|          Yes		|  /etc/audit/rules.d/*.rules	  |
# 	augenrules		|          No		|  /etc/audit/rules.d/$key.rules  |
# -----------------------------------------------------------------------------------------
files_to_inspect=()


# If the audit tool is 'auditctl', then add '/etc/audit/audit.rules'
# into the list of files to be inspected
files_to_inspect+=('/etc/audit/audit.rules')

# Finally perform the inspection and possible subsequent audit rule
# correction for each of the files previously identified for inspection
for audit_rules_file in "${files_to_inspect[@]}"
do
    # Check if audit watch file system object rule for given path already present
    if grep -q -P -- "^[\s]*-w[\s]+/etc/network/" "$audit_rules_file"
    then
        # Rule is found =&gt; verify yet if existing rule definition contains
        # all of the required access type bits

        # Define BRE whitespace class shortcut
        sp="[[:space:]]"
        # Extract current permission access types (e.g. -p [r|w|x|a] values) from audit rule
        current_access_bits=$(sed -ne "s#$sp*-w$sp\+/etc/network/ $sp\+-p$sp\+\([rxwa]\{1,4\}\).*#\1#p" "$audit_rules_file")
        # Split required access bits string into characters array
        # (to check bit's presence for one bit at a time)
        for access_bit in $(echo "wa" | grep -o .)
        do
            # For each from the required access bits (e.g. 'w', 'a') check
            # if they are already present in current access bits for rule.
            # If not, append that bit at the end
            if ! grep -q "$access_bit" &lt;&lt;&lt; "$current_access_bits"
            then
                # Concatenate the existing mask with the missing bit
                current_access_bits="$current_access_bits$access_bit"
            fi
        done
        # Propagate the updated rule's access bits (original + the required
        # ones) back into the /etc/audit/audit.rules file for that rule
        sed -i "s#\($sp*-w$sp\+/etc/network/$sp\+-p$sp\+\)\([rxwa]\{1,4\}\)\(.*\)#\1$current_access_bits\3#" "$audit_rules_file"
    else
        # Rule isn't present yet. Append it at the end of $audit_rules_file file
        # with proper key

        echo "-w /etc/network/ -p wa -k audit_rules_networkconfig_modification" &gt;&gt; "$audit_rules_file"
    fi
done
# Create a list of audit *.rules files that should be inspected for presence and correctness
# of a particular audit rule. The scheme is as follows:
#
# -----------------------------------------------------------------------------------------
# Tool used to load audit rules	| Rule already defined	|  Audit rules file to inspect	  |
# -----------------------------------------------------------------------------------------
#	auditctl		|     Doesn't matter	|  /etc/audit/audit.rules	  |
# -----------------------------------------------------------------------------------------
# 	augenrules		|          Yes		|  /etc/audit/rules.d/*.rules	  |
# 	augenrules		|          No		|  /etc/audit/rules.d/$key.rules  |
# -----------------------------------------------------------------------------------------
files_to_inspect=()

# If the audit is 'augenrules', then check if rule is already defined
# If rule is defined, add '/etc/audit/rules.d/*.rules' to list of files for inspection.
# If rule isn't defined, add '/etc/audit/rules.d/audit_rules_networkconfig_modification.rules' to list of files for inspection.
readarray -t matches &lt; &lt;(grep -HP "[\s]*-w[\s]+/etc/network/" /etc/audit/rules.d/*.rules)

# For each of the matched entries
for match in "${matches[@]}"
do
    # Extract filepath from the match
    rulesd_audit_file=$(echo $match | cut -f1 -d ':')
    # Append that path into list of files for inspection
    files_to_inspect+=("$rulesd_audit_file")
done
# Case when particular audit rule isn't defined yet
if [ "${#files_to_inspect[@]}" -eq "0" ]
then
    # Append '/etc/audit/rules.d/audit_rules_networkconfig_modification.rules' into list of files for inspection
    key_rule_file="/etc/audit/rules.d/audit_rules_networkconfig_modification.rules"
    # If the audit_rules_networkconfig_modification.rules file doesn't exist yet, create it with correct permissions
    if [ ! -e "$key_rule_file" ]
    then
        touch "$key_rule_file"
        chmod 0600 "$key_rule_file"
    fi
    files_to_inspect+=("$key_rule_file")
fi

# Finally perform the inspection and possible subsequent audit rule
# correction for each of the files previously identified for inspection
for audit_rules_file in "${files_to_inspect[@]}"
do
    # Check if audit watch file system object rule for given path already present
    if grep -q -P -- "^[\s]*-w[\s]+/etc/network/" "$audit_rules_file"
    then
        # Rule is found =&gt; verify yet if existing rule definition contains
        # all of the required access type bits

        # Define BRE whitespace class shortcut
        sp="[[:space:]]"
        # Extract current permission access types (e.g. -p [r|w|x|a] values) from audit rule
        current_access_bits=$(sed -ne "s#$sp*-w$sp\+/etc/network/ $sp\+-p$sp\+\([rxwa]\{1,4\}\).*#\1#p" "$audit_rules_file")
        # Split required access bits string into characters array
        # (to check bit's presence for one bit at a time)
        for access_bit in $(echo "wa" | grep -o .)
        do
            # For each from the required access bits (e.g. 'w', 'a') check
            # if they are already present in current access bits for rule.
            # If not, append that bit at the end
            if ! grep -q "$access_bit" &lt;&lt;&lt; "$current_access_bits"
            then
                # Concatenate the existing mask with the missing bit
                current_access_bits="$current_access_bits$access_bit"
            fi
        done
        # Propagate the updated rule's access bits (original + the required
        # ones) back into the /etc/audit/audit.rules file for that rule
        sed -i "s#\($sp*-w$sp\+/etc/network/$sp\+-p$sp\+\)\([rxwa]\{1,4\}\)\(.*\)#\1$current_access_bits\3#" "$audit_rules_file"
    else
        # Rule isn't present yet. Append it at the end of $audit_rules_file file
        # with proper key

        echo "-w /etc/network/ -p wa -k audit_rules_networkconfig_modification" &gt;&gt; "$audit_rules_file"
    fi
done
# Create a list of audit *.rules files that should be inspected for presence and correctness
# of a particular audit rule. The scheme is as follows:
#
# -----------------------------------------------------------------------------------------
# Tool used to load audit rules	| Rule already defined	|  Audit rules file to inspect	  |
# -----------------------------------------------------------------------------------------
#	auditctl		|     Doesn't matter	|  /etc/audit/audit.rules	  |
# -----------------------------------------------------------------------------------------
# 	augenrules		|          Yes		|  /etc/audit/rules.d/*.rules	  |
# 	augenrules		|          No		|  /etc/audit/rules.d/$key.rules  |
# -----------------------------------------------------------------------------------------
files_to_inspect=()


# If the audit tool is 'auditctl', then add '/etc/audit/audit.rules'
# into the list of files to be inspected
files_to_inspect+=('/etc/audit/audit.rules')

# Finally perform the inspection and possible subsequent audit rule
# correction for each of the files previously identified for inspection
for audit_rules_file in "${files_to_inspect[@]}"
do
    # Check if audit watch file system object rule for given path already present
    if grep -q -P -- "^[\s]*-w[\s]+/etc/netplan/" "$audit_rules_file"
    then
        # Rule is found =&gt; verify yet if existing rule definition contains
        # all of the required access type bits

        # Define BRE whitespace class shortcut
        sp="[[:space:]]"
        # Extract current permission access types (e.g. -p [r|w|x|a] values) from audit rule
        current_access_bits=$(sed -ne "s#$sp*-w$sp\+/etc/netplan/ $sp\+-p$sp\+\([rxwa]\{1,4\}\).*#\1#p" "$audit_rules_file")
        # Split required access bits string into characters array
        # (to check bit's presence for one bit at a time)
        for access_bit in $(echo "wa" | grep -o .)
        do
            # For each from the required access bits (e.g. 'w', 'a') check
            # if they are already present in current access bits for rule.
            # If not, append that bit at the end
            if ! grep -q "$access_bit" &lt;&lt;&lt; "$current_access_bits"
            then
                # Concatenate the existing mask with the missing bit
                current_access_bits="$current_access_bits$access_bit"
            fi
        done
        # Propagate the updated rule's access bits (original + the required
        # ones) back into the /etc/audit/audit.rules file for that rule
        sed -i "s#\($sp*-w$sp\+/etc/netplan/$sp\+-p$sp\+\)\([rxwa]\{1,4\}\)\(.*\)#\1$current_access_bits\3#" "$audit_rules_file"
    else
        # Rule isn't present yet. Append it at the end of $audit_rules_file file
        # with proper key

        echo "-w /etc/netplan/ -p wa -k audit_rules_networkconfig_modification" &gt;&gt; "$audit_rules_file"
    fi
done
# Create a list of audit *.rules files that should be inspected for presence and correctness
# of a particular audit rule. The scheme is as follows:
#
# -----------------------------------------------------------------------------------------
# Tool used to load audit rules	| Rule already defined	|  Audit rules file to inspect	  |
# -----------------------------------------------------------------------------------------
#	auditctl		|     Doesn't matter	|  /etc/audit/audit.rules	  |
# -----------------------------------------------------------------------------------------
# 	augenrules		|          Yes		|  /etc/audit/rules.d/*.rules	  |
# 	augenrules		|          No		|  /etc/audit/rules.d/$key.rules  |
# -----------------------------------------------------------------------------------------
files_to_inspect=()

# If the audit is 'augenrules', then check if rule is already defined
# If rule is defined, add '/etc/audit/rules.d/*.rules' to list of files for inspection.
# If rule isn't defined, add '/etc/audit/rules.d/audit_rules_networkconfig_modification.rules' to list of files for inspection.
readarray -t matches &lt; &lt;(grep -HP "[\s]*-w[\s]+/etc/netplan/" /etc/audit/rules.d/*.rules)

# For each of the matched entries
for match in "${matches[@]}"
do
    # Extract filepath from the match
    rulesd_audit_file=$(echo $match | cut -f1 -d ':')
    # Append that path into list of files for inspection
    files_to_inspect+=("$rulesd_audit_file")
done
# Case when particular audit rule isn't defined yet
if [ "${#files_to_inspect[@]}" -eq "0" ]
then
    # Append '/etc/audit/rules.d/audit_rules_networkconfig_modification.rules' into list of files for inspection
    key_rule_file="/etc/audit/rules.d/audit_rules_networkconfig_modification.rules"
    # If the audit_rules_networkconfig_modification.rules file doesn't exist yet, create it with correct permissions
    if [ ! -e "$key_rule_file" ]
    then
        touch "$key_rule_file"
        chmod 0600 "$key_rule_file"
    fi
    files_to_inspect+=("$key_rule_file")
fi

# Finally perform the inspection and possible subsequent audit rule
# correction for each of the files previously identified for inspection
for audit_rules_file in "${files_to_inspect[@]}"
do
    # Check if audit watch file system object rule for given path already present
    if grep -q -P -- "^[\s]*-w[\s]+/etc/netplan/" "$audit_rules_file"
    then
        # Rule is found =&gt; verify yet if existing rule definition contains
        # all of the required access type bits

        # Define BRE whitespace class shortcut
        sp="[[:space:]]"
        # Extract current permission access types (e.g. -p [r|w|x|a] values) from audit rule
        current_access_bits=$(sed -ne "s#$sp*-w$sp\+/etc/netplan/ $sp\+-p$sp\+\([rxwa]\{1,4\}\).*#\1#p" "$audit_rules_file")
        # Split required access bits string into characters array
        # (to check bit's presence for one bit at a time)
        for access_bit in $(echo "wa" | grep -o .)
        do
            # For each from the required access bits (e.g. 'w', 'a') check
            # if they are already present in current access bits for rule.
            # If not, append that bit at the end
            if ! grep -q "$access_bit" &lt;&lt;&lt; "$current_access_bits"
            then
                # Concatenate the existing mask with the missing bit
                current_access_bits="$current_access_bits$access_bit"
            fi
        done
        # Propagate the updated rule's access bits (original + the required
        # ones) back into the /etc/audit/audit.rules file for that rule
        sed -i "s#\($sp*-w$sp\+/etc/netplan/$sp\+-p$sp\+\)\([rxwa]\{1,4\}\)\(.*\)#\1$current_access_bits\3#" "$audit_rules_file"
    else
        # Rule isn't present yet. Append it at the end of $audit_rules_file file
        # with proper key

        echo "-w /etc/netplan/ -p wa -k audit_rules_networkconfig_modification" &gt;&gt; "$audit_rules_file"
    fi
done

else
    &gt;&amp;2 echo 'Remediation is not applicable, nothing was done'
fi
</fix>
        <check system="http://oval.mitre.org/XMLSchema/oval-definitions-5">
          <check-content-ref name="oval:ssg-audit_rules_networkconfig_modification:def:1" href="ssg-ubuntu2404-oval.xml"/>
        </check>
        <check system="http://scap.nist.gov/schema/ocil/2">
          <check-content-ref name="ocil:ssg-audit_rules_networkconfig_modification_ocil:questionnaire:1" href="ssg-ubuntu2404-ocil.xml"/>
        </check>
      </Rule>
      <Rule id="xccdf_org.ssgproject.content_rule_audit_rules_session_events" selected="false" role="full" severity="medium">
        <title xmlns:xhtml="http://www.w3.org/1999/xhtml" xml:lang="en-US">Record Attempts to Alter Process and Session Initiation Information</title>
        <description xmlns:xhtml="http://www.w3.org/1999/xhtml" xml:lang="en-US">The audit system already collects process information for all
users and root. If the <html:code xmlns:html="http://www.w3.org/1999/xhtml">auditd</html:code> daemon is configured to use the
<html:code xmlns:html="http://www.w3.org/1999/xhtml">augenrules</html:code> program to read audit rules during daemon startup (the
default), add the following lines to a file with suffix <html:code xmlns:html="http://www.w3.org/1999/xhtml">.rules</html:code> in the
directory <html:code xmlns:html="http://www.w3.org/1999/xhtml">/etc/audit/rules.d</html:code> in order to watch for attempted manual
edits of files involved in storing such process information:
<html:pre xmlns:html="http://www.w3.org/1999/xhtml">-w /var/run/utmp -p wa -k session
-w /var/log/btmp -p wa -k session
-w /var/log/wtmp -p wa -k session</html:pre>
If the <html:code xmlns:html="http://www.w3.org/1999/xhtml">auditd</html:code> daemon is configured to use the <html:code xmlns:html="http://www.w3.org/1999/xhtml">auditctl</html:code>
utility to read audit rules during daemon startup, add the following lines to
<html:code xmlns:html="http://www.w3.org/1999/xhtml">/etc/audit/audit.rules</html:code> file in order to watch for attempted manual
edits of files involved in storing such process information:
<html:pre xmlns:html="http://www.w3.org/1999/xhtml">-w /var/run/utmp -p wa -k session
-w /var/log/btmp -p wa -k session
-w /var/log/wtmp -p wa -k session</html:pre>
      </description>
        <reference href="https://www.cisecurity.org/controls/">1</reference>
        <reference href="https://www.cisecurity.org/controls/">11</reference>
        <reference href="https://www.cisecurity.org/controls/">12</reference>
        <reference href="https://www.cisecurity.org/controls/">13</reference>
        <reference href="https://www.cisecurity.org/controls/">14</reference>
        <reference href="https://www.cisecurity.org/controls/">15</reference>
        <reference href="https://www.cisecurity.org/controls/">16</reference>
        <reference href="https://www.cisecurity.org/controls/">19</reference>
        <reference href="https://www.cisecurity.org/controls/">2</reference>
        <reference href="https://www.cisecurity.org/controls/">3</reference>
        <reference href="https://www.cisecurity.org/controls/">4</reference>
        <reference href="https://www.cisecurity.org/controls/">5</reference>
        <reference href="https://www.cisecurity.org/controls/">6</reference>
        <reference href="https://www.cisecurity.org/controls/">7</reference>
        <reference href="https://www.cisecurity.org/controls/">8</reference>
        <reference href="https://www.cisecurity.org/controls/">9</reference>
        <reference href="https://www.fbi.gov/file-repository/cjis-security-policy-v5_5_20160601-2-1.pdf">5.4.1.1</reference>
        <reference href="https://www.isaca.org/resources/cobit">APO10.01</reference>
        <reference href="https://www.isaca.org/resources/cobit">APO10.03</reference>
        <reference href="https://www.isaca.org/resources/cobit">APO10.04</reference>
        <reference href="https://www.isaca.org/resources/cobit">APO10.05</reference>
        <reference href="https://www.isaca.org/resources/cobit">APO11.04</reference>
        <reference href="https://www.isaca.org/resources/cobit">APO12.06</reference>
        <reference href="https://www.isaca.org/resources/cobit">APO13.01</reference>
        <reference href="https://www.isaca.org/resources/cobit">BAI03.05</reference>
        <reference href="https://www.isaca.org/resources/cobit">BAI08.02</reference>
        <reference href="https://www.isaca.org/resources/cobit">DSS01.03</reference>
        <reference href="https://www.isaca.org/resources/cobit">DSS01.04</reference>
        <reference href="https://www.isaca.org/resources/cobit">DSS02.02</reference>
        <reference href="https://www.isaca.org/resources/cobit">DSS02.04</reference>
        <reference href="https://www.isaca.org/resources/cobit">DSS02.07</reference>
        <reference href="https://www.isaca.org/resources/cobit">DSS03.01</reference>
        <reference href="https://www.isaca.org/resources/cobit">DSS03.05</reference>
        <reference href="https://www.isaca.org/resources/cobit">DSS05.02</reference>
        <reference href="https://www.isaca.org/resources/cobit">DSS05.03</reference>
        <reference href="https://www.isaca.org/resources/cobit">DSS05.04</reference>
        <reference href="https://www.isaca.org/resources/cobit">DSS05.05</reference>
        <reference href="https://www.isaca.org/resources/cobit">DSS05.07</reference>
        <reference href="https://www.isaca.org/resources/cobit">MEA01.01</reference>
        <reference href="https://www.isaca.org/resources/cobit">MEA01.02</reference>
        <reference href="https://www.isaca.org/resources/cobit">MEA01.03</reference>
        <reference href="https://www.isaca.org/resources/cobit">MEA01.04</reference>
        <reference href="https://www.isaca.org/resources/cobit">MEA01.05</reference>
        <reference href="https://www.isaca.org/resources/cobit">MEA02.01</reference>
        <reference href="http://nvlpubs.nist.gov/nistpubs/SpecialPublications/NIST.SP.800-171.pdf">3.1.7</reference>
        <reference href="https://www.gpo.gov/fdsys/pkg/CFR-2007-title45-vol1/pdf/CFR-2007-title45-vol1-chapA-subchapC.pdf">164.308(a)(1)(ii)(D)</reference>
        <reference href="https://www.gpo.gov/fdsys/pkg/CFR-2007-title45-vol1/pdf/CFR-2007-title45-vol1-chapA-subchapC.pdf">164.308(a)(3)(ii)(A)</reference>
        <reference href="https://www.gpo.gov/fdsys/pkg/CFR-2007-title45-vol1/pdf/CFR-2007-title45-vol1-chapA-subchapC.pdf">164.308(a)(5)(ii)(C)</reference>
        <reference href="https://www.gpo.gov/fdsys/pkg/CFR-2007-title45-vol1/pdf/CFR-2007-title45-vol1-chapA-subchapC.pdf">164.312(a)(2)(i)</reference>
        <reference href="https://www.gpo.gov/fdsys/pkg/CFR-2007-title45-vol1/pdf/CFR-2007-title45-vol1-chapA-subchapC.pdf">164.312(b)</reference>
        <reference href="https://www.gpo.gov/fdsys/pkg/CFR-2007-title45-vol1/pdf/CFR-2007-title45-vol1-chapA-subchapC.pdf">164.312(d)</reference>
        <reference href="https://www.gpo.gov/fdsys/pkg/CFR-2007-title45-vol1/pdf/CFR-2007-title45-vol1-chapA-subchapC.pdf">164.312(e)</reference>
        <reference href="https://www.isa.org/products/isa-62443-2-1-2009-security-for-industrial-automat">4.2.3.10</reference>
        <reference href="https://www.isa.org/products/isa-62443-2-1-2009-security-for-industrial-automat">4.3.2.6.7</reference>
        <reference href="https://www.isa.org/products/isa-62443-2-1-2009-security-for-industrial-automat">4.3.3.3.9</reference>
        <reference href="https://www.isa.org/products/isa-62443-2-1-2009-security-for-industrial-automat">4.3.3.5.8</reference>
        <reference href="https://www.isa.org/products/isa-62443-2-1-2009-security-for-industrial-automat">4.3.3.6.6</reference>
        <reference href="https://www.isa.org/products/isa-62443-2-1-2009-security-for-industrial-automat">4.3.4.4.7</reference>
        <reference href="https://www.isa.org/products/isa-62443-2-1-2009-security-for-industrial-automat">4.3.4.5.6</reference>
        <reference href="https://www.isa.org/products/isa-62443-2-1-2009-security-for-industrial-automat">4.3.4.5.7</reference>
        <reference href="https://www.isa.org/products/isa-62443-2-1-2009-security-for-industrial-automat">4.3.4.5.8</reference>
        <reference href="https://www.isa.org/products/isa-62443-2-1-2009-security-for-industrial-automat">4.4.2.1</reference>
        <reference href="https://www.isa.org/products/isa-62443-2-1-2009-security-for-industrial-automat">4.4.2.2</reference>
        <reference href="https://www.isa.org/products/isa-62443-2-1-2009-security-for-industrial-automat">4.4.2.4</reference>
        <reference href="https://www.isa.org/products/ansi-isa-62443-3-3-99-03-03-2013-security-for-indu">SR 1.13</reference>
        <reference href="https://www.isa.org/products/ansi-isa-62443-3-3-99-03-03-2013-security-for-indu">SR 2.10</reference>
        <reference href="https://www.isa.org/products/ansi-isa-62443-3-3-99-03-03-2013-security-for-indu">SR 2.11</reference>
        <reference href="https://www.isa.org/products/ansi-isa-62443-3-3-99-03-03-2013-security-for-indu">SR 2.12</reference>
        <reference href="https://www.isa.org/products/ansi-isa-62443-3-3-99-03-03-2013-security-for-indu">SR 2.6</reference>
        <reference href="https://www.isa.org/products/ansi-isa-62443-3-3-99-03-03-2013-security-for-indu">SR 2.8</reference>
        <reference href="https://www.isa.org/products/ansi-isa-62443-3-3-99-03-03-2013-security-for-indu">SR 2.9</reference>
        <reference href="https://www.isa.org/products/ansi-isa-62443-3-3-99-03-03-2013-security-for-indu">SR 3.1</reference>
        <reference href="https://www.isa.org/products/ansi-isa-62443-3-3-99-03-03-2013-security-for-indu">SR 3.5</reference>
        <reference href="https://www.isa.org/products/ansi-isa-62443-3-3-99-03-03-2013-security-for-indu">SR 3.8</reference>
        <reference href="https://www.isa.org/products/ansi-isa-62443-3-3-99-03-03-2013-security-for-indu">SR 4.1</reference>
        <reference href="https://www.isa.org/products/ansi-isa-62443-3-3-99-03-03-2013-security-for-indu">SR 4.3</reference>
        <reference href="https://www.isa.org/products/ansi-isa-62443-3-3-99-03-03-2013-security-for-indu">SR 5.1</reference>
        <reference href="https://www.isa.org/products/ansi-isa-62443-3-3-99-03-03-2013-security-for-indu">SR 5.2</reference>
        <reference href="https://www.isa.org/products/ansi-isa-62443-3-3-99-03-03-2013-security-for-indu">SR 5.3</reference>
        <reference href="https://www.isa.org/products/ansi-isa-62443-3-3-99-03-03-2013-security-for-indu">SR 6.1</reference>
        <reference href="https://www.isa.org/products/ansi-isa-62443-3-3-99-03-03-2013-security-for-indu">SR 6.2</reference>
        <reference href="https://www.isa.org/products/ansi-isa-62443-3-3-99-03-03-2013-security-for-indu">SR 7.1</reference>
        <reference href="https://www.isa.org/products/ansi-isa-62443-3-3-99-03-03-2013-security-for-indu">SR 7.6</reference>
        <reference href="https://www.cyber.gov.au/acsc/view-all-content/ism">0582</reference>
        <reference href="https://www.cyber.gov.au/acsc/view-all-content/ism">0584</reference>
        <reference href="https://www.cyber.gov.au/acsc/view-all-content/ism">05885</reference>
        <reference href="https://www.cyber.gov.au/acsc/view-all-content/ism">0586</reference>
        <reference href="https://www.cyber.gov.au/acsc/view-all-content/ism">0846</reference>
        <reference href="https://www.cyber.gov.au/acsc/view-all-content/ism">0957</reference>
        <reference href="https://www.iso.org/contents/data/standard/05/45/54534.html">A.11.2.6</reference>
        <reference href="https://www.iso.org/contents/data/standard/05/45/54534.html">A.12.4.1</reference>
        <reference href="https://www.iso.org/contents/data/standard/05/45/54534.html">A.12.4.2</reference>
        <reference href="https://www.iso.org/contents/data/standard/05/45/54534.html">A.12.4.3</reference>
        <reference href="https://www.iso.org/contents/data/standard/05/45/54534.html">A.12.4.4</reference>
        <reference href="https://www.iso.org/contents/data/standard/05/45/54534.html">A.12.7.1</reference>
        <reference href="https://www.iso.org/contents/data/standard/05/45/54534.html">A.13.1.1</reference>
        <reference href="https://www.iso.org/contents/data/standard/05/45/54534.html">A.13.2.1</reference>
        <reference href="https://www.iso.org/contents/data/standard/05/45/54534.html">A.14.1.3</reference>
        <reference href="https://www.iso.org/contents/data/standard/05/45/54534.html">A.14.2.7</reference>
        <reference href="https://www.iso.org/contents/data/standard/05/45/54534.html">A.15.2.1</reference>
        <reference href="https://www.iso.org/contents/data/standard/05/45/54534.html">A.15.2.2</reference>
        <reference href="https://www.iso.org/contents/data/standard/05/45/54534.html">A.16.1.4</reference>
        <reference href="https://www.iso.org/contents/data/standard/05/45/54534.html">A.16.1.5</reference>
        <reference href="https://www.iso.org/contents/data/standard/05/45/54534.html">A.16.1.7</reference>
        <reference href="https://www.iso.org/contents/data/standard/05/45/54534.html">A.6.2.1</reference>
        <reference href="https://www.iso.org/contents/data/standard/05/45/54534.html">A.6.2.2</reference>
        <reference href="http://nvlpubs.nist.gov/nistpubs/SpecialPublications/NIST.SP.800-53r4.pdf">AU-2(d)</reference>
        <reference href="http://nvlpubs.nist.gov/nistpubs/SpecialPublications/NIST.SP.800-53r4.pdf">AU-12(c)</reference>
        <reference href="http://nvlpubs.nist.gov/nistpubs/SpecialPublications/NIST.SP.800-53r4.pdf">CM-6(a)</reference>
        <reference href="https://nvlpubs.nist.gov/nistpubs/CSWP/NIST.CSWP.04162018.pdf">DE.AE-3</reference>
        <reference href="https://nvlpubs.nist.gov/nistpubs/CSWP/NIST.CSWP.04162018.pdf">DE.AE-5</reference>
        <reference href="https://nvlpubs.nist.gov/nistpubs/CSWP/NIST.CSWP.04162018.pdf">DE.CM-1</reference>
        <reference href="https://nvlpubs.nist.gov/nistpubs/CSWP/NIST.CSWP.04162018.pdf">DE.CM-3</reference>
        <reference href="https://nvlpubs.nist.gov/nistpubs/CSWP/NIST.CSWP.04162018.pdf">DE.CM-7</reference>
        <reference href="https://nvlpubs.nist.gov/nistpubs/CSWP/NIST.CSWP.04162018.pdf">ID.SC-4</reference>
        <reference href="https://nvlpubs.nist.gov/nistpubs/CSWP/NIST.CSWP.04162018.pdf">PR.AC-3</reference>
        <reference href="https://nvlpubs.nist.gov/nistpubs/CSWP/NIST.CSWP.04162018.pdf">PR.PT-1</reference>
        <reference href="https://nvlpubs.nist.gov/nistpubs/CSWP/NIST.CSWP.04162018.pdf">PR.PT-4</reference>
        <reference href="https://nvlpubs.nist.gov/nistpubs/CSWP/NIST.CSWP.04162018.pdf">RS.AN-1</reference>
        <reference href="https://nvlpubs.nist.gov/nistpubs/CSWP/NIST.CSWP.04162018.pdf">RS.AN-4</reference>
        <reference href="https://www.pcisecuritystandards.org/documents/PCI_DSS_v3-2-1.pdf">Req-10.2.3</reference>
        <reference href="https://public.cyber.mil/stigs/downloads/?_dl_facet_stigs=container-platform">SRG-APP-000505-CTR-001285</reference>
        <reference href="https://cyber.gouv.fr/sites/default/files/document/linux_configuration-en-v2.pdf">R73</reference>
        <reference href="https://www.cisecurity.org/benchmark/ubuntu_linux/">6.2.3.11</reference>
        <reference href="https://docs-prv.pcisecuritystandards.org/PCI%20DSS/Standard/PCI-DSS-v4_0.pdf">10.2.1.3</reference>
        <reference href="https://docs-prv.pcisecuritystandards.org/PCI%20DSS/Standard/PCI-DSS-v4_0.pdf">10.2.1</reference>
        <reference href="https://docs-prv.pcisecuritystandards.org/PCI%20DSS/Standard/PCI-DSS-v4_0.pdf">10.2</reference>
        <rationale xmlns:xhtml="http://www.w3.org/1999/xhtml" xml:lang="en-US">Manual editing of these files may indicate nefarious activity, such
as an attacker attempting to remove evidence of an intrusion.</rationale>
        <fix xmlns:xhtml="http://www.w3.org/1999/xhtml" id="audit_rules_session_events" system="urn:xccdf:fix:script:sh"># Remediation is applicable only in certain platforms
if dpkg-query --show --showformat='${db:Status-Status}
' 'linux-base' 2&gt;/dev/null | grep -q ^installed &amp;&amp; dpkg-query --show --showformat='${db:Status-Status}\n' 'auditd' 2&gt;/dev/null | grep -q '^installed'; then

# Perform the remediation for both possible tools: 'auditctl' and 'augenrules'
# Create a list of audit *.rules files that should be inspected for presence and correctness
# of a particular audit rule. The scheme is as follows:
#
# -----------------------------------------------------------------------------------------
# Tool used to load audit rules	| Rule already defined	|  Audit rules file to inspect	  |
# -----------------------------------------------------------------------------------------
#	auditctl		|     Doesn't matter	|  /etc/audit/audit.rules	  |
# -----------------------------------------------------------------------------------------
# 	augenrules		|          Yes		|  /etc/audit/rules.d/*.rules	  |
# 	augenrules		|          No		|  /etc/audit/rules.d/$key.rules  |
# -----------------------------------------------------------------------------------------
files_to_inspect=()


# If the audit tool is 'auditctl', then add '/etc/audit/audit.rules'
# into the list of files to be inspected
files_to_inspect+=('/etc/audit/audit.rules')

# Finally perform the inspection and possible subsequent audit rule
# correction for each of the files previously identified for inspection
for audit_rules_file in "${files_to_inspect[@]}"
do
    # Check if audit watch file system object rule for given path already present
    if grep -q -P -- "^[\s]*-w[\s]+/var/run/utmp" "$audit_rules_file"
    then
        # Rule is found =&gt; verify yet if existing rule definition contains
        # all of the required access type bits

        # Define BRE whitespace class shortcut
        sp="[[:space:]]"
        # Extract current permission access types (e.g. -p [r|w|x|a] values) from audit rule
        current_access_bits=$(sed -ne "s#$sp*-w$sp\+/var/run/utmp $sp\+-p$sp\+\([rxwa]\{1,4\}\).*#\1#p" "$audit_rules_file")
        # Split required access bits string into characters array
        # (to check bit's presence for one bit at a time)
        for access_bit in $(echo "wa" | grep -o .)
        do
            # For each from the required access bits (e.g. 'w', 'a') check
            # if they are already present in current access bits for rule.
            # If not, append that bit at the end
            if ! grep -q "$access_bit" &lt;&lt;&lt; "$current_access_bits"
            then
                # Concatenate the existing mask with the missing bit
                current_access_bits="$current_access_bits$access_bit"
            fi
        done
        # Propagate the updated rule's access bits (original + the required
        # ones) back into the /etc/audit/audit.rules file for that rule
        sed -i "s#\($sp*-w$sp\+/var/run/utmp$sp\+-p$sp\+\)\([rxwa]\{1,4\}\)\(.*\)#\1$current_access_bits\3#" "$audit_rules_file"
    else
        # Rule isn't present yet. Append it at the end of $audit_rules_file file
        # with proper key

        echo "-w /var/run/utmp -p wa -k session" &gt;&gt; "$audit_rules_file"
    fi
done
# Create a list of audit *.rules files that should be inspected for presence and correctness
# of a particular audit rule. The scheme is as follows:
#
# -----------------------------------------------------------------------------------------
# Tool used to load audit rules	| Rule already defined	|  Audit rules file to inspect	  |
# -----------------------------------------------------------------------------------------
#	auditctl		|     Doesn't matter	|  /etc/audit/audit.rules	  |
# -----------------------------------------------------------------------------------------
# 	augenrules		|          Yes		|  /etc/audit/rules.d/*.rules	  |
# 	augenrules		|          No		|  /etc/audit/rules.d/$key.rules  |
# -----------------------------------------------------------------------------------------
files_to_inspect=()

# If the audit is 'augenrules', then check if rule is already defined
# If rule is defined, add '/etc/audit/rules.d/*.rules' to list of files for inspection.
# If rule isn't defined, add '/etc/audit/rules.d/session.rules' to list of files for inspection.
readarray -t matches &lt; &lt;(grep -HP "[\s]*-w[\s]+/var/run/utmp" /etc/audit/rules.d/*.rules)

# For each of the matched entries
for match in "${matches[@]}"
do
    # Extract filepath from the match
    rulesd_audit_file=$(echo $match | cut -f1 -d ':')
    # Append that path into list of files for inspection
    files_to_inspect+=("$rulesd_audit_file")
done
# Case when particular audit rule isn't defined yet
if [ "${#files_to_inspect[@]}" -eq "0" ]
then
    # Append '/etc/audit/rules.d/session.rules' into list of files for inspection
    key_rule_file="/etc/audit/rules.d/session.rules"
    # If the session.rules file doesn't exist yet, create it with correct permissions
    if [ ! -e "$key_rule_file" ]
    then
        touch "$key_rule_file"
        chmod 0600 "$key_rule_file"
    fi
    files_to_inspect+=("$key_rule_file")
fi

# Finally perform the inspection and possible subsequent audit rule
# correction for each of the files previously identified for inspection
for audit_rules_file in "${files_to_inspect[@]}"
do
    # Check if audit watch file system object rule for given path already present
    if grep -q -P -- "^[\s]*-w[\s]+/var/run/utmp" "$audit_rules_file"
    then
        # Rule is found =&gt; verify yet if existing rule definition contains
        # all of the required access type bits

        # Define BRE whitespace class shortcut
        sp="[[:space:]]"
        # Extract current permission access types (e.g. -p [r|w|x|a] values) from audit rule
        current_access_bits=$(sed -ne "s#$sp*-w$sp\+/var/run/utmp $sp\+-p$sp\+\([rxwa]\{1,4\}\).*#\1#p" "$audit_rules_file")
        # Split required access bits string into characters array
        # (to check bit's presence for one bit at a time)
        for access_bit in $(echo "wa" | grep -o .)
        do
            # For each from the required access bits (e.g. 'w', 'a') check
            # if they are already present in current access bits for rule.
            # If not, append that bit at the end
            if ! grep -q "$access_bit" &lt;&lt;&lt; "$current_access_bits"
            then
                # Concatenate the existing mask with the missing bit
                current_access_bits="$current_access_bits$access_bit"
            fi
        done
        # Propagate the updated rule's access bits (original + the required
        # ones) back into the /etc/audit/audit.rules file for that rule
        sed -i "s#\($sp*-w$sp\+/var/run/utmp$sp\+-p$sp\+\)\([rxwa]\{1,4\}\)\(.*\)#\1$current_access_bits\3#" "$audit_rules_file"
    else
        # Rule isn't present yet. Append it at the end of $audit_rules_file file
        # with proper key

        echo "-w /var/run/utmp -p wa -k session" &gt;&gt; "$audit_rules_file"
    fi
done
# Create a list of audit *.rules files that should be inspected for presence and correctness
# of a particular audit rule. The scheme is as follows:
#
# -----------------------------------------------------------------------------------------
# Tool used to load audit rules	| Rule already defined	|  Audit rules file to inspect	  |
# -----------------------------------------------------------------------------------------
#	auditctl		|     Doesn't matter	|  /etc/audit/audit.rules	  |
# -----------------------------------------------------------------------------------------
# 	augenrules		|          Yes		|  /etc/audit/rules.d/*.rules	  |
# 	augenrules		|          No		|  /etc/audit/rules.d/$key.rules  |
# -----------------------------------------------------------------------------------------
files_to_inspect=()


# If the audit tool is 'auditctl', then add '/etc/audit/audit.rules'
# into the list of files to be inspected
files_to_inspect+=('/etc/audit/audit.rules')

# Finally perform the inspection and possible subsequent audit rule
# correction for each of the files previously identified for inspection
for audit_rules_file in "${files_to_inspect[@]}"
do
    # Check if audit watch file system object rule for given path already present
    if grep -q -P -- "^[\s]*-w[\s]+/var/log/btmp" "$audit_rules_file"
    then
        # Rule is found =&gt; verify yet if existing rule definition contains
        # all of the required access type bits

        # Define BRE whitespace class shortcut
        sp="[[:space:]]"
        # Extract current permission access types (e.g. -p [r|w|x|a] values) from audit rule
        current_access_bits=$(sed -ne "s#$sp*-w$sp\+/var/log/btmp $sp\+-p$sp\+\([rxwa]\{1,4\}\).*#\1#p" "$audit_rules_file")
        # Split required access bits string into characters array
        # (to check bit's presence for one bit at a time)
        for access_bit in $(echo "wa" | grep -o .)
        do
            # For each from the required access bits (e.g. 'w', 'a') check
            # if they are already present in current access bits for rule.
            # If not, append that bit at the end
            if ! grep -q "$access_bit" &lt;&lt;&lt; "$current_access_bits"
            then
                # Concatenate the existing mask with the missing bit
                current_access_bits="$current_access_bits$access_bit"
            fi
        done
        # Propagate the updated rule's access bits (original + the required
        # ones) back into the /etc/audit/audit.rules file for that rule
        sed -i "s#\($sp*-w$sp\+/var/log/btmp$sp\+-p$sp\+\)\([rxwa]\{1,4\}\)\(.*\)#\1$current_access_bits\3#" "$audit_rules_file"
    else
        # Rule isn't present yet. Append it at the end of $audit_rules_file file
        # with proper key

        echo "-w /var/log/btmp -p wa -k session" &gt;&gt; "$audit_rules_file"
    fi
done
# Create a list of audit *.rules files that should be inspected for presence and correctness
# of a particular audit rule. The scheme is as follows:
#
# -----------------------------------------------------------------------------------------
# Tool used to load audit rules	| Rule already defined	|  Audit rules file to inspect	  |
# -----------------------------------------------------------------------------------------
#	auditctl		|     Doesn't matter	|  /etc/audit/audit.rules	  |
# -----------------------------------------------------------------------------------------
# 	augenrules		|          Yes		|  /etc/audit/rules.d/*.rules	  |
# 	augenrules		|          No		|  /etc/audit/rules.d/$key.rules  |
# -----------------------------------------------------------------------------------------
files_to_inspect=()

# If the audit is 'augenrules', then check if rule is already defined
# If rule is defined, add '/etc/audit/rules.d/*.rules' to list of files for inspection.
# If rule isn't defined, add '/etc/audit/rules.d/session.rules' to list of files for inspection.
readarray -t matches &lt; &lt;(grep -HP "[\s]*-w[\s]+/var/log/btmp" /etc/audit/rules.d/*.rules)

# For each of the matched entries
for match in "${matches[@]}"
do
    # Extract filepath from the match
    rulesd_audit_file=$(echo $match | cut -f1 -d ':')
    # Append that path into list of files for inspection
    files_to_inspect+=("$rulesd_audit_file")
done
# Case when particular audit rule isn't defined yet
if [ "${#files_to_inspect[@]}" -eq "0" ]
then
    # Append '/etc/audit/rules.d/session.rules' into list of files for inspection
    key_rule_file="/etc/audit/rules.d/session.rules"
    # If the session.rules file doesn't exist yet, create it with correct permissions
    if [ ! -e "$key_rule_file" ]
    then
        touch "$key_rule_file"
        chmod 0600 "$key_rule_file"
    fi
    files_to_inspect+=("$key_rule_file")
fi

# Finally perform the inspection and possible subsequent audit rule
# correction for each of the files previously identified for inspection
for audit_rules_file in "${files_to_inspect[@]}"
do
    # Check if audit watch file system object rule for given path already present
    if grep -q -P -- "^[\s]*-w[\s]+/var/log/btmp" "$audit_rules_file"
    then
        # Rule is found =&gt; verify yet if existing rule definition contains
        # all of the required access type bits

        # Define BRE whitespace class shortcut
        sp="[[:space:]]"
        # Extract current permission access types (e.g. -p [r|w|x|a] values) from audit rule
        current_access_bits=$(sed -ne "s#$sp*-w$sp\+/var/log/btmp $sp\+-p$sp\+\([rxwa]\{1,4\}\).*#\1#p" "$audit_rules_file")
        # Split required access bits string into characters array
        # (to check bit's presence for one bit at a time)
        for access_bit in $(echo "wa" | grep -o .)
        do
            # For each from the required access bits (e.g. 'w', 'a') check
            # if they are already present in current access bits for rule.
            # If not, append that bit at the end
            if ! grep -q "$access_bit" &lt;&lt;&lt; "$current_access_bits"
            then
                # Concatenate the existing mask with the missing bit
                current_access_bits="$current_access_bits$access_bit"
            fi
        done
        # Propagate the updated rule's access bits (original + the required
        # ones) back into the /etc/audit/audit.rules file for that rule
        sed -i "s#\($sp*-w$sp\+/var/log/btmp$sp\+-p$sp\+\)\([rxwa]\{1,4\}\)\(.*\)#\1$current_access_bits\3#" "$audit_rules_file"
    else
        # Rule isn't present yet. Append it at the end of $audit_rules_file file
        # with proper key

        echo "-w /var/log/btmp -p wa -k session" &gt;&gt; "$audit_rules_file"
    fi
done
# Create a list of audit *.rules files that should be inspected for presence and correctness
# of a particular audit rule. The scheme is as follows:
#
# -----------------------------------------------------------------------------------------
# Tool used to load audit rules	| Rule already defined	|  Audit rules file to inspect	  |
# -----------------------------------------------------------------------------------------
#	auditctl		|     Doesn't matter	|  /etc/audit/audit.rules	  |
# -----------------------------------------------------------------------------------------
# 	augenrules		|          Yes		|  /etc/audit/rules.d/*.rules	  |
# 	augenrules		|          No		|  /etc/audit/rules.d/$key.rules  |
# -----------------------------------------------------------------------------------------
files_to_inspect=()


# If the audit tool is 'auditctl', then add '/etc/audit/audit.rules'
# into the list of files to be inspected
files_to_inspect+=('/etc/audit/audit.rules')

# Finally perform the inspection and possible subsequent audit rule
# correction for each of the files previously identified for inspection
for audit_rules_file in "${files_to_inspect[@]}"
do
    # Check if audit watch file system object rule for given path already present
    if grep -q -P -- "^[\s]*-w[\s]+/var/log/wtmp" "$audit_rules_file"
    then
        # Rule is found =&gt; verify yet if existing rule definition contains
        # all of the required access type bits

        # Define BRE whitespace class shortcut
        sp="[[:space:]]"
        # Extract current permission access types (e.g. -p [r|w|x|a] values) from audit rule
        current_access_bits=$(sed -ne "s#$sp*-w$sp\+/var/log/wtmp $sp\+-p$sp\+\([rxwa]\{1,4\}\).*#\1#p" "$audit_rules_file")
        # Split required access bits string into characters array
        # (to check bit's presence for one bit at a time)
        for access_bit in $(echo "wa" | grep -o .)
        do
            # For each from the required access bits (e.g. 'w', 'a') check
            # if they are already present in current access bits for rule.
            # If not, append that bit at the end
            if ! grep -q "$access_bit" &lt;&lt;&lt; "$current_access_bits"
            then
                # Concatenate the existing mask with the missing bit
                current_access_bits="$current_access_bits$access_bit"
            fi
        done
        # Propagate the updated rule's access bits (original + the required
        # ones) back into the /etc/audit/audit.rules file for that rule
        sed -i "s#\($sp*-w$sp\+/var/log/wtmp$sp\+-p$sp\+\)\([rxwa]\{1,4\}\)\(.*\)#\1$current_access_bits\3#" "$audit_rules_file"
    else
        # Rule isn't present yet. Append it at the end of $audit_rules_file file
        # with proper key

        echo "-w /var/log/wtmp -p wa -k session" &gt;&gt; "$audit_rules_file"
    fi
done
# Create a list of audit *.rules files that should be inspected for presence and correctness
# of a particular audit rule. The scheme is as follows:
#
# -----------------------------------------------------------------------------------------
# Tool used to load audit rules	| Rule already defined	|  Audit rules file to inspect	  |
# -----------------------------------------------------------------------------------------
#	auditctl		|     Doesn't matter	|  /etc/audit/audit.rules	  |
# -----------------------------------------------------------------------------------------
# 	augenrules		|          Yes		|  /etc/audit/rules.d/*.rules	  |
# 	augenrules		|          No		|  /etc/audit/rules.d/$key.rules  |
# -----------------------------------------------------------------------------------------
files_to_inspect=()

# If the audit is 'augenrules', then check if rule is already defined
# If rule is defined, add '/etc/audit/rules.d/*.rules' to list of files for inspection.
# If rule isn't defined, add '/etc/audit/rules.d/session.rules' to list of files for inspection.
readarray -t matches &lt; &lt;(grep -HP "[\s]*-w[\s]+/var/log/wtmp" /etc/audit/rules.d/*.rules)

# For each of the matched entries
for match in "${matches[@]}"
do
    # Extract filepath from the match
    rulesd_audit_file=$(echo $match | cut -f1 -d ':')
    # Append that path into list of files for inspection
    files_to_inspect+=("$rulesd_audit_file")
done
# Case when particular audit rule isn't defined yet
if [ "${#files_to_inspect[@]}" -eq "0" ]
then
    # Append '/etc/audit/rules.d/session.rules' into list of files for inspection
    key_rule_file="/etc/audit/rules.d/session.rules"
    # If the session.rules file doesn't exist yet, create it with correct permissions
    if [ ! -e "$key_rule_file" ]
    then
        touch "$key_rule_file"
        chmod 0600 "$key_rule_file"
    fi
    files_to_inspect+=("$key_rule_file")
fi

# Finally perform the inspection and possible subsequent audit rule
# correction for each of the files previously identified for inspection
for audit_rules_file in "${files_to_inspect[@]}"
do
    # Check if audit watch file system object rule for given path already present
    if grep -q -P -- "^[\s]*-w[\s]+/var/log/wtmp" "$audit_rules_file"
    then
        # Rule is found =&gt; verify yet if existing rule definition contains
        # all of the required access type bits

        # Define BRE whitespace class shortcut
        sp="[[:space:]]"
        # Extract current permission access types (e.g. -p [r|w|x|a] values) from audit rule
        current_access_bits=$(sed -ne "s#$sp*-w$sp\+/var/log/wtmp $sp\+-p$sp\+\([rxwa]\{1,4\}\).*#\1#p" "$audit_rules_file")
        # Split required access bits string into characters array
        # (to check bit's presence for one bit at a time)
        for access_bit in $(echo "wa" | grep -o .)
        do
            # For each from the required access bits (e.g. 'w', 'a') check
            # if they are already present in current access bits for rule.
            # If not, append that bit at the end
            if ! grep -q "$access_bit" &lt;&lt;&lt; "$current_access_bits"
            then
                # Concatenate the existing mask with the missing bit
                current_access_bits="$current_access_bits$access_bit"
            fi
        done
        # Propagate the updated rule's access bits (original + the required
        # ones) back into the /etc/audit/audit.rules file for that rule
        sed -i "s#\($sp*-w$sp\+/var/log/wtmp$sp\+-p$sp\+\)\([rxwa]\{1,4\}\)\(.*\)#\1$current_access_bits\3#" "$audit_rules_file"
    else
        # Rule isn't present yet. Append it at the end of $audit_rules_file file
        # with proper key

        echo "-w /var/log/wtmp -p wa -k session" &gt;&gt; "$audit_rules_file"
    fi
done

else
    &gt;&amp;2 echo 'Remediation is not applicable, nothing was done'
fi
</fix>
        <check system="http://oval.mitre.org/XMLSchema/oval-definitions-5">
          <check-content-ref name="oval:ssg-audit_rules_session_events:def:1" href="ssg-ubuntu2404-oval.xml"/>
        </check>
      </Rule>
      <Rule id="xccdf_org.ssgproject.content_rule_audit_rules_suid_privilege_function" selected="false" role="full" severity="medium">
        <title xmlns:xhtml="http://www.w3.org/1999/xhtml" xml:lang="en-US">Record Events When Privileged Executables Are Run</title>
        <description xmlns:xhtml="http://www.w3.org/1999/xhtml" xml:lang="en-US">Verify the system generates an audit record when privileged functions are executed.

If audit is using the "auditctl" tool to load the rules, run the following command:

<html:pre xmlns:html="http://www.w3.org/1999/xhtml">$ sudo grep execve /etc/audit/audit.rules</html:pre>

If audit is using the "augenrules" tool to load the rules, run the following command:

<html:pre xmlns:html="http://www.w3.org/1999/xhtml">$ sudo grep -r execve /etc/audit/rules.d</html:pre>
       <html:pre xmlns:html="http://www.w3.org/1999/xhtml">-a always,exit -F arch=b32 -S execve -C uid!=euid -k setuid</html:pre>
       <html:pre xmlns:html="http://www.w3.org/1999/xhtml">-a always,exit -F arch=b64 -S execve -C uid!=euid -k setuid</html:pre>
       <html:pre xmlns:html="http://www.w3.org/1999/xhtml">-a always,exit -F arch=b32 -S execve -C gid!=egid -k setgid</html:pre>
       <html:pre xmlns:html="http://www.w3.org/1999/xhtml">-a always,exit -F arch=b64 -S execve -C gid!=egid -k setgid</html:pre>


If both the "b32" and "b64" audit rules for "SUID" files are not defined, this is a finding.
If both the "b32" and "b64" audit rules for "SGID" files are not defined, this is a finding.</description>
        <warning xmlns:xhtml="http://www.w3.org/1999/xhtml" xml:lang="en-US" category="general">Note that these rules can be configured in a
number of ways while still achieving the desired effect.</warning>
        <reference href="https://public.cyber.mil/stigs/cci/">CCI-002233</reference>
        <reference href="https://public.cyber.mil/stigs/cci/">CCI-002234</reference>
        <reference href="http://nvlpubs.nist.gov/nistpubs/SpecialPublications/NIST.SP.800-53r4.pdf">CM-5(1)</reference>
        <reference href="http://nvlpubs.nist.gov/nistpubs/SpecialPublications/NIST.SP.800-53r4.pdf">AU-7(a)</reference>
        <reference href="http://nvlpubs.nist.gov/nistpubs/SpecialPublications/NIST.SP.800-53r4.pdf">AU-7(b)</reference>
        <reference href="http://nvlpubs.nist.gov/nistpubs/SpecialPublications/NIST.SP.800-53r4.pdf">AU-8(b)</reference>
        <reference href="http://nvlpubs.nist.gov/nistpubs/SpecialPublications/NIST.SP.800-53r4.pdf">AU-12(3)</reference>
        <reference href="http://nvlpubs.nist.gov/nistpubs/SpecialPublications/NIST.SP.800-53r4.pdf">AC-6(9)</reference>
        <reference href="https://public.cyber.mil/stigs/downloads/?_dl_facet_stigs=operating-systems%2Cgeneral-purpose-os">SRG-OS-000326-GPOS-00126</reference>
        <reference href="https://public.cyber.mil/stigs/downloads/?_dl_facet_stigs=operating-systems%2Cgeneral-purpose-os">SRG-OS-000327-GPOS-00127</reference>
        <reference href="https://public.cyber.mil/stigs/downloads/?_dl_facet_stigs=container-platform">SRG-APP-000343-CTR-000780</reference>
        <reference href="https://public.cyber.mil/stigs/downloads/?_dl_facet_stigs=container-platform">SRG-APP-000381-CTR-000905</reference>
        <reference href="https://public.cyber.mil/stigs/downloads/?_dl_facet_stigs=operating-systems%2Cgeneral-purpose-os">SRG-OS-000755-GPOS-00220</reference>
        <reference href="https://www.cisecurity.org/benchmark/ubuntu_linux/">6.2.3.2</reference>
        <reference href="https://docs-prv.pcisecuritystandards.org/PCI%20DSS/Standard/PCI-DSS-v4_0.pdf">10.2.1.2</reference>
        <reference href="https://docs-prv.pcisecuritystandards.org/PCI%20DSS/Standard/PCI-DSS-v4_0.pdf">10.2.1</reference>
        <reference href="https://docs-prv.pcisecuritystandards.org/PCI%20DSS/Standard/PCI-DSS-v4_0.pdf">10.2</reference>
        <rationale xmlns:xhtml="http://www.w3.org/1999/xhtml" xml:lang="en-US">Misuse of privileged functions, either intentionally or unintentionally by
authorized users, or by unauthorized external entities that have
compromised information system accounts, is a serious and ongoing concern
and can have significant adverse impacts on organizations. Auditing the use
of privileged functions is one way to detect such misuse and identify the
risk from insider threats and the advanced persistent threat.</rationale>
        <fix xmlns:xhtml="http://www.w3.org/1999/xhtml" id="audit_rules_suid_privilege_function" system="urn:xccdf:fix:script:sh"># Remediation is applicable only in certain platforms
if dpkg-query --show --showformat='${db:Status-Status}
' 'linux-base' 2&gt;/dev/null | grep -q ^installed &amp;&amp; dpkg-query --show --showformat='${db:Status-Status}\n' 'auditd' 2&gt;/dev/null | grep -q '^installed'; then

# First perform the remediation of the syscall rule
# Retrieve hardware architecture of the underlying system
[ "$(getconf LONG_BIT)" = "32" ] &amp;&amp; RULE_ARCHS=("b32") || RULE_ARCHS=("b32" "b64")

for ARCH in "${RULE_ARCHS[@]}"
do
	ACTION_ARCH_FILTERS="-a always,exit -F arch=$ARCH"
    
	OTHER_FILTERS="-C uid!=euid"
	
	AUID_FILTERS=""
	SYSCALL="execve"
	KEY="setuid"
	SYSCALL_GROUPING=""
	# Perform the remediation for both possible tools: 'auditctl' and 'augenrules'
	unset syscall_a
unset syscall_grouping
unset syscall_string
unset syscall
unset file_to_edit
unset rule_to_edit
unset rule_syscalls_to_edit
unset other_string
unset auid_string
unset full_rule

# Load macro arguments into arrays
read -a syscall_a &lt;&lt;&lt; $SYSCALL
read -a syscall_grouping &lt;&lt;&lt; $SYSCALL_GROUPING

# Create a list of audit *.rules files that should be inspected for presence and correctness
# of a particular audit rule. The scheme is as follows:
#
# -----------------------------------------------------------------------------------------
#  Tool used to load audit rules | Rule already defined  |  Audit rules file to inspect    |
# -----------------------------------------------------------------------------------------
#        auditctl                |     Doesn't matter    |  /etc/audit/audit.rules         |
# -----------------------------------------------------------------------------------------
#        augenrules              |          Yes          |  /etc/audit/rules.d/*.rules     |
#        augenrules              |          No           |  /etc/audit/rules.d/$key.rules  |
# -----------------------------------------------------------------------------------------
#
files_to_inspect=()

# If audit tool is 'augenrules', then check if the audit rule is defined
# If rule is defined, add '/etc/audit/rules.d/*.rules' to the list for inspection
# If rule isn't defined yet, add '/etc/audit/rules.d/$key.rules' to the list for inspection
default_file="/etc/audit/rules.d/$KEY.rules"
# As other_filters may include paths, lets use a different delimiter for it
# The "F" script expression tells sed to print the filenames where the expressions matched
readarray -t files_to_inspect &lt; &lt;(sed -s -n -e "/^$ACTION_ARCH_FILTERS/!d" -e "\#$OTHER_FILTERS#!d" -e "/$AUID_FILTERS/!d" -e "F" /etc/audit/rules.d/*.rules)
# Case when particular rule isn't defined in /etc/audit/rules.d/*.rules yet
if [ ${#files_to_inspect[@]} -eq "0" ]
then
    file_to_inspect="/etc/audit/rules.d/$KEY.rules"
    files_to_inspect=("$file_to_inspect")
    if [ ! -e "$file_to_inspect" ]
    then
        touch "$file_to_inspect"
        chmod 0600 "$file_to_inspect"
    fi
fi

# After converting to jinja, we cannot return; therefore we skip the rest of the macro if needed instead
skip=1

for audit_file in "${files_to_inspect[@]}"
do
    # Filter existing $audit_file rules' definitions to select those that satisfy the rule pattern,
    # i.e, collect rules that match:
    # * the action, list and arch, (2-nd argument)
    # * the other filters, (3-rd argument)
    # * the auid filters, (4-rd argument)
    readarray -t similar_rules &lt; &lt;(sed -e "/^$ACTION_ARCH_FILTERS/!d"  -e "\#$OTHER_FILTERS#!d" -e "/$AUID_FILTERS/!d" "$audit_file")

    candidate_rules=()
    # Filter out rules that have more fields then required. This will remove rules more specific than the required scope
    for s_rule in "${similar_rules[@]}"
    do
        # Strip all the options and fields we know of,
        # than check if there was any field left over
        extra_fields=$(sed -E -e "s/^$ACTION_ARCH_FILTERS//"  -e "s#$OTHER_FILTERS##" -e "s/$AUID_FILTERS//" -e "s/((:?-S [[:alnum:],]+)+)//g" -e "s/-F key=\w+|-k \w+//"&lt;&lt;&lt; "$s_rule")
        grep -q -- "-F" &lt;&lt;&lt; "$extra_fields" || candidate_rules+=("$s_rule")
    done

    if [[ ${#syscall_a[@]} -ge 1 ]]
    then
        # Check if the syscall we want is present in any of the similar existing rules
        for rule in "${candidate_rules[@]}"
        do
            rule_syscalls=$(echo "$rule" | grep -o -P '(-S [\w,]+)+' | xargs)
            all_syscalls_found=0
            for syscall in "${syscall_a[@]}"
            do
                grep -q -- "\b${syscall}\b" &lt;&lt;&lt; "$rule_syscalls" || {
                   # A syscall was not found in the candidate rule
                   all_syscalls_found=1
                   }
            done
            if [[ $all_syscalls_found -eq 0 ]]
            then
                # We found a rule with all the syscall(s) we want; skip rest of macro
                skip=0
                break
            fi

            # Check if this rule can be grouped with our target syscall and keep track of it
            for syscall_g in "${syscall_grouping[@]}"
            do
                if grep -q -- "\b${syscall_g}\b" &lt;&lt;&lt; "$rule_syscalls"
                then
                    file_to_edit=${audit_file}
                    rule_to_edit=${rule}
                    rule_syscalls_to_edit=${rule_syscalls}
                fi
            done
        done
    else
        # If there is any candidate rule, it is compliant; skip rest of macro
        if [ "${#candidate_rules[@]}" -gt 0 ]
        then
            skip=0
        fi
    fi

    if [ "$skip" -eq 0 ]; then
        break
    fi
done

if [ "$skip" -ne 0 ]; then
    # We checked all rules that matched the expected resemblance pattern (action, arch &amp; auid)
    # At this point we know if we need to either append the $full_rule or group
    # the syscall together with an exsiting rule

    # Append the full_rule if it cannot be grouped to any other rule
    if [ -z ${rule_to_edit+x} ]
    then
        # Build full_rule while avoid adding double spaces when other_filters is empty
        if [ "${#syscall_a[@]}" -gt 0 ]
        then
            syscall_string=""
            for syscall in "${syscall_a[@]}"
            do
                syscall_string+=" -S $syscall"
            done
        fi
        other_string=$([[ $OTHER_FILTERS ]] &amp;&amp; echo " $OTHER_FILTERS") || /bin/true
        auid_string=$([[ $AUID_FILTERS ]] &amp;&amp; echo " $AUID_FILTERS") || /bin/true
        full_rule="$ACTION_ARCH_FILTERS${syscall_string}${other_string}${auid_string} -F key=$KEY" || /bin/true
        echo "$full_rule" &gt;&gt; "$default_file"
        chmod 0600 ${default_file}
    else
        # Check if the syscalls are declared as a comma separated list or
        # as multiple -S parameters
        if grep -q -- "," &lt;&lt;&lt; "${rule_syscalls_to_edit}"
        then
            delimiter=","
        else
            delimiter=" -S "
        fi
        new_grouped_syscalls="${rule_syscalls_to_edit}"
        for syscall in "${syscall_a[@]}"
        do
            grep -q -- "\b${syscall}\b" &lt;&lt;&lt; "${rule_syscalls_to_edit}" || {
               # A syscall was not found in the candidate rule
               new_grouped_syscalls+="${delimiter}${syscall}"
               }
        done

        # Group the syscall in the rule
        sed -i -e "\#${rule_to_edit}#s#${rule_syscalls_to_edit}#${new_grouped_syscalls}#" "$file_to_edit"
    fi
fi
	unset syscall_a
unset syscall_grouping
unset syscall_string
unset syscall
unset file_to_edit
unset rule_to_edit
unset rule_syscalls_to_edit
unset other_string
unset auid_string
unset full_rule

# Load macro arguments into arrays
read -a syscall_a &lt;&lt;&lt; $SYSCALL
read -a syscall_grouping &lt;&lt;&lt; $SYSCALL_GROUPING

# Create a list of audit *.rules files that should be inspected for presence and correctness
# of a particular audit rule. The scheme is as follows:
#
# -----------------------------------------------------------------------------------------
#  Tool used to load audit rules | Rule already defined  |  Audit rules file to inspect    |
# -----------------------------------------------------------------------------------------
#        auditctl                |     Doesn't matter    |  /etc/audit/audit.rules         |
# -----------------------------------------------------------------------------------------
#        augenrules              |          Yes          |  /etc/audit/rules.d/*.rules     |
#        augenrules              |          No           |  /etc/audit/rules.d/$key.rules  |
# -----------------------------------------------------------------------------------------
#
files_to_inspect=()


# If audit tool is 'auditctl', then add '/etc/audit/audit.rules'
# file to the list of files to be inspected
default_file="/etc/audit/audit.rules"
files_to_inspect+=('/etc/audit/audit.rules' )

# After converting to jinja, we cannot return; therefore we skip the rest of the macro if needed instead
skip=1

for audit_file in "${files_to_inspect[@]}"
do
    # Filter existing $audit_file rules' definitions to select those that satisfy the rule pattern,
    # i.e, collect rules that match:
    # * the action, list and arch, (2-nd argument)
    # * the other filters, (3-rd argument)
    # * the auid filters, (4-rd argument)
    readarray -t similar_rules &lt; &lt;(sed -e "/^$ACTION_ARCH_FILTERS/!d"  -e "\#$OTHER_FILTERS#!d" -e "/$AUID_FILTERS/!d" "$audit_file")

    candidate_rules=()
    # Filter out rules that have more fields then required. This will remove rules more specific than the required scope
    for s_rule in "${similar_rules[@]}"
    do
        # Strip all the options and fields we know of,
        # than check if there was any field left over
        extra_fields=$(sed -E -e "s/^$ACTION_ARCH_FILTERS//"  -e "s#$OTHER_FILTERS##" -e "s/$AUID_FILTERS//" -e "s/((:?-S [[:alnum:],]+)+)//g" -e "s/-F key=\w+|-k \w+//"&lt;&lt;&lt; "$s_rule")
        grep -q -- "-F" &lt;&lt;&lt; "$extra_fields" || candidate_rules+=("$s_rule")
    done

    if [[ ${#syscall_a[@]} -ge 1 ]]
    then
        # Check if the syscall we want is present in any of the similar existing rules
        for rule in "${candidate_rules[@]}"
        do
            rule_syscalls=$(echo "$rule" | grep -o -P '(-S [\w,]+)+' | xargs)
            all_syscalls_found=0
            for syscall in "${syscall_a[@]}"
            do
                grep -q -- "\b${syscall}\b" &lt;&lt;&lt; "$rule_syscalls" || {
                   # A syscall was not found in the candidate rule
                   all_syscalls_found=1
                   }
            done
            if [[ $all_syscalls_found -eq 0 ]]
            then
                # We found a rule with all the syscall(s) we want; skip rest of macro
                skip=0
                break
            fi

            # Check if this rule can be grouped with our target syscall and keep track of it
            for syscall_g in "${syscall_grouping[@]}"
            do
                if grep -q -- "\b${syscall_g}\b" &lt;&lt;&lt; "$rule_syscalls"
                then
                    file_to_edit=${audit_file}
                    rule_to_edit=${rule}
                    rule_syscalls_to_edit=${rule_syscalls}
                fi
            done
        done
    else
        # If there is any candidate rule, it is compliant; skip rest of macro
        if [ "${#candidate_rules[@]}" -gt 0 ]
        then
            skip=0
        fi
    fi

    if [ "$skip" -eq 0 ]; then
        break
    fi
done

if [ "$skip" -ne 0 ]; then
    # We checked all rules that matched the expected resemblance pattern (action, arch &amp; auid)
    # At this point we know if we need to either append the $full_rule or group
    # the syscall together with an exsiting rule

    # Append the full_rule if it cannot be grouped to any other rule
    if [ -z ${rule_to_edit+x} ]
    then
        # Build full_rule while avoid adding double spaces when other_filters is empty
        if [ "${#syscall_a[@]}" -gt 0 ]
        then
            syscall_string=""
            for syscall in "${syscall_a[@]}"
            do
                syscall_string+=" -S $syscall"
            done
        fi
        other_string=$([[ $OTHER_FILTERS ]] &amp;&amp; echo " $OTHER_FILTERS") || /bin/true
        auid_string=$([[ $AUID_FILTERS ]] &amp;&amp; echo " $AUID_FILTERS") || /bin/true
        full_rule="$ACTION_ARCH_FILTERS${syscall_string}${other_string}${auid_string} -F key=$KEY" || /bin/true
        echo "$full_rule" &gt;&gt; "$default_file"
        chmod 0600 ${default_file}
    else
        # Check if the syscalls are declared as a comma separated list or
        # as multiple -S parameters
        if grep -q -- "," &lt;&lt;&lt; "${rule_syscalls_to_edit}"
        then
            delimiter=","
        else
            delimiter=" -S "
        fi
        new_grouped_syscalls="${rule_syscalls_to_edit}"
        for syscall in "${syscall_a[@]}"
        do
            grep -q -- "\b${syscall}\b" &lt;&lt;&lt; "${rule_syscalls_to_edit}" || {
               # A syscall was not found in the candidate rule
               new_grouped_syscalls+="${delimiter}${syscall}"
               }
        done

        # Group the syscall in the rule
        sed -i -e "\#${rule_to_edit}#s#${rule_syscalls_to_edit}#${new_grouped_syscalls}#" "$file_to_edit"
    fi
fi
done

for ARCH in "${RULE_ARCHS[@]}"
do
	ACTION_ARCH_FILTERS="-a always,exit -F arch=$ARCH"
    
	OTHER_FILTERS="-C gid!=egid"
	
	AUID_FILTERS=""
	SYSCALL="execve"
	KEY="setgid"
	SYSCALL_GROUPING=""
	# Perform the remediation for both possible tools: 'auditctl' and 'augenrules'
	unset syscall_a
unset syscall_grouping
unset syscall_string
unset syscall
unset file_to_edit
unset rule_to_edit
unset rule_syscalls_to_edit
unset other_string
unset auid_string
unset full_rule

# Load macro arguments into arrays
read -a syscall_a &lt;&lt;&lt; $SYSCALL
read -a syscall_grouping &lt;&lt;&lt; $SYSCALL_GROUPING

# Create a list of audit *.rules files that should be inspected for presence and correctness
# of a particular audit rule. The scheme is as follows:
#
# -----------------------------------------------------------------------------------------
#  Tool used to load audit rules | Rule already defined  |  Audit rules file to inspect    |
# -----------------------------------------------------------------------------------------
#        auditctl                |     Doesn't matter    |  /etc/audit/audit.rules         |
# -----------------------------------------------------------------------------------------
#        augenrules              |          Yes          |  /etc/audit/rules.d/*.rules     |
#        augenrules              |          No           |  /etc/audit/rules.d/$key.rules  |
# -----------------------------------------------------------------------------------------
#
files_to_inspect=()

# If audit tool is 'augenrules', then check if the audit rule is defined
# If rule is defined, add '/etc/audit/rules.d/*.rules' to the list for inspection
# If rule isn't defined yet, add '/etc/audit/rules.d/$key.rules' to the list for inspection
default_file="/etc/audit/rules.d/$KEY.rules"
# As other_filters may include paths, lets use a different delimiter for it
# The "F" script expression tells sed to print the filenames where the expressions matched
readarray -t files_to_inspect &lt; &lt;(sed -s -n -e "/^$ACTION_ARCH_FILTERS/!d" -e "\#$OTHER_FILTERS#!d" -e "/$AUID_FILTERS/!d" -e "F" /etc/audit/rules.d/*.rules)
# Case when particular rule isn't defined in /etc/audit/rules.d/*.rules yet
if [ ${#files_to_inspect[@]} -eq "0" ]
then
    file_to_inspect="/etc/audit/rules.d/$KEY.rules"
    files_to_inspect=("$file_to_inspect")
    if [ ! -e "$file_to_inspect" ]
    then
        touch "$file_to_inspect"
        chmod 0600 "$file_to_inspect"
    fi
fi

# After converting to jinja, we cannot return; therefore we skip the rest of the macro if needed instead
skip=1

for audit_file in "${files_to_inspect[@]}"
do
    # Filter existing $audit_file rules' definitions to select those that satisfy the rule pattern,
    # i.e, collect rules that match:
    # * the action, list and arch, (2-nd argument)
    # * the other filters, (3-rd argument)
    # * the auid filters, (4-rd argument)
    readarray -t similar_rules &lt; &lt;(sed -e "/^$ACTION_ARCH_FILTERS/!d"  -e "\#$OTHER_FILTERS#!d" -e "/$AUID_FILTERS/!d" "$audit_file")

    candidate_rules=()
    # Filter out rules that have more fields then required. This will remove rules more specific than the required scope
    for s_rule in "${similar_rules[@]}"
    do
        # Strip all the options and fields we know of,
        # than check if there was any field left over
        extra_fields=$(sed -E -e "s/^$ACTION_ARCH_FILTERS//"  -e "s#$OTHER_FILTERS##" -e "s/$AUID_FILTERS//" -e "s/((:?-S [[:alnum:],]+)+)//g" -e "s/-F key=\w+|-k \w+//"&lt;&lt;&lt; "$s_rule")
        grep -q -- "-F" &lt;&lt;&lt; "$extra_fields" || candidate_rules+=("$s_rule")
    done

    if [[ ${#syscall_a[@]} -ge 1 ]]
    then
        # Check if the syscall we want is present in any of the similar existing rules
        for rule in "${candidate_rules[@]}"
        do
            rule_syscalls=$(echo "$rule" | grep -o -P '(-S [\w,]+)+' | xargs)
            all_syscalls_found=0
            for syscall in "${syscall_a[@]}"
            do
                grep -q -- "\b${syscall}\b" &lt;&lt;&lt; "$rule_syscalls" || {
                   # A syscall was not found in the candidate rule
                   all_syscalls_found=1
                   }
            done
            if [[ $all_syscalls_found -eq 0 ]]
            then
                # We found a rule with all the syscall(s) we want; skip rest of macro
                skip=0
                break
            fi

            # Check if this rule can be grouped with our target syscall and keep track of it
            for syscall_g in "${syscall_grouping[@]}"
            do
                if grep -q -- "\b${syscall_g}\b" &lt;&lt;&lt; "$rule_syscalls"
                then
                    file_to_edit=${audit_file}
                    rule_to_edit=${rule}
                    rule_syscalls_to_edit=${rule_syscalls}
                fi
            done
        done
    else
        # If there is any candidate rule, it is compliant; skip rest of macro
        if [ "${#candidate_rules[@]}" -gt 0 ]
        then
            skip=0
        fi
    fi

    if [ "$skip" -eq 0 ]; then
        break
    fi
done

if [ "$skip" -ne 0 ]; then
    # We checked all rules that matched the expected resemblance pattern (action, arch &amp; auid)
    # At this point we know if we need to either append the $full_rule or group
    # the syscall together with an exsiting rule

    # Append the full_rule if it cannot be grouped to any other rule
    if [ -z ${rule_to_edit+x} ]
    then
        # Build full_rule while avoid adding double spaces when other_filters is empty
        if [ "${#syscall_a[@]}" -gt 0 ]
        then
            syscall_string=""
            for syscall in "${syscall_a[@]}"
            do
                syscall_string+=" -S $syscall"
            done
        fi
        other_string=$([[ $OTHER_FILTERS ]] &amp;&amp; echo " $OTHER_FILTERS") || /bin/true
        auid_string=$([[ $AUID_FILTERS ]] &amp;&amp; echo " $AUID_FILTERS") || /bin/true
        full_rule="$ACTION_ARCH_FILTERS${syscall_string}${other_string}${auid_string} -F key=$KEY" || /bin/true
        echo "$full_rule" &gt;&gt; "$default_file"
        chmod 0600 ${default_file}
    else
        # Check if the syscalls are declared as a comma separated list or
        # as multiple -S parameters
        if grep -q -- "," &lt;&lt;&lt; "${rule_syscalls_to_edit}"
        then
            delimiter=","
        else
            delimiter=" -S "
        fi
        new_grouped_syscalls="${rule_syscalls_to_edit}"
        for syscall in "${syscall_a[@]}"
        do
            grep -q -- "\b${syscall}\b" &lt;&lt;&lt; "${rule_syscalls_to_edit}" || {
               # A syscall was not found in the candidate rule
               new_grouped_syscalls+="${delimiter}${syscall}"
               }
        done

        # Group the syscall in the rule
        sed -i -e "\#${rule_to_edit}#s#${rule_syscalls_to_edit}#${new_grouped_syscalls}#" "$file_to_edit"
    fi
fi
	unset syscall_a
unset syscall_grouping
unset syscall_string
unset syscall
unset file_to_edit
unset rule_to_edit
unset rule_syscalls_to_edit
unset other_string
unset auid_string
unset full_rule

# Load macro arguments into arrays
read -a syscall_a &lt;&lt;&lt; $SYSCALL
read -a syscall_grouping &lt;&lt;&lt; $SYSCALL_GROUPING

# Create a list of audit *.rules files that should be inspected for presence and correctness
# of a particular audit rule. The scheme is as follows:
#
# -----------------------------------------------------------------------------------------
#  Tool used to load audit rules | Rule already defined  |  Audit rules file to inspect    |
# -----------------------------------------------------------------------------------------
#        auditctl                |     Doesn't matter    |  /etc/audit/audit.rules         |
# -----------------------------------------------------------------------------------------
#        augenrules              |          Yes          |  /etc/audit/rules.d/*.rules     |
#        augenrules              |          No           |  /etc/audit/rules.d/$key.rules  |
# -----------------------------------------------------------------------------------------
#
files_to_inspect=()


# If audit tool is 'auditctl', then add '/etc/audit/audit.rules'
# file to the list of files to be inspected
default_file="/etc/audit/audit.rules"
files_to_inspect+=('/etc/audit/audit.rules' )

# After converting to jinja, we cannot return; therefore we skip the rest of the macro if needed instead
skip=1

for audit_file in "${files_to_inspect[@]}"
do
    # Filter existing $audit_file rules' definitions to select those that satisfy the rule pattern,
    # i.e, collect rules that match:
    # * the action, list and arch, (2-nd argument)
    # * the other filters, (3-rd argument)
    # * the auid filters, (4-rd argument)
    readarray -t similar_rules &lt; &lt;(sed -e "/^$ACTION_ARCH_FILTERS/!d"  -e "\#$OTHER_FILTERS#!d" -e "/$AUID_FILTERS/!d" "$audit_file")

    candidate_rules=()
    # Filter out rules that have more fields then required. This will remove rules more specific than the required scope
    for s_rule in "${similar_rules[@]}"
    do
        # Strip all the options and fields we know of,
        # than check if there was any field left over
        extra_fields=$(sed -E -e "s/^$ACTION_ARCH_FILTERS//"  -e "s#$OTHER_FILTERS##" -e "s/$AUID_FILTERS//" -e "s/((:?-S [[:alnum:],]+)+)//g" -e "s/-F key=\w+|-k \w+//"&lt;&lt;&lt; "$s_rule")
        grep -q -- "-F" &lt;&lt;&lt; "$extra_fields" || candidate_rules+=("$s_rule")
    done

    if [[ ${#syscall_a[@]} -ge 1 ]]
    then
        # Check if the syscall we want is present in any of the similar existing rules
        for rule in "${candidate_rules[@]}"
        do
            rule_syscalls=$(echo "$rule" | grep -o -P '(-S [\w,]+)+' | xargs)
            all_syscalls_found=0
            for syscall in "${syscall_a[@]}"
            do
                grep -q -- "\b${syscall}\b" &lt;&lt;&lt; "$rule_syscalls" || {
                   # A syscall was not found in the candidate rule
                   all_syscalls_found=1
                   }
            done
            if [[ $all_syscalls_found -eq 0 ]]
            then
                # We found a rule with all the syscall(s) we want; skip rest of macro
                skip=0
                break
            fi

            # Check if this rule can be grouped with our target syscall and keep track of it
            for syscall_g in "${syscall_grouping[@]}"
            do
                if grep -q -- "\b${syscall_g}\b" &lt;&lt;&lt; "$rule_syscalls"
                then
                    file_to_edit=${audit_file}
                    rule_to_edit=${rule}
                    rule_syscalls_to_edit=${rule_syscalls}
                fi
            done
        done
    else
        # If there is any candidate rule, it is compliant; skip rest of macro
        if [ "${#candidate_rules[@]}" -gt 0 ]
        then
            skip=0
        fi
    fi

    if [ "$skip" -eq 0 ]; then
        break
    fi
done

if [ "$skip" -ne 0 ]; then
    # We checked all rules that matched the expected resemblance pattern (action, arch &amp; auid)
    # At this point we know if we need to either append the $full_rule or group
    # the syscall together with an exsiting rule

    # Append the full_rule if it cannot be grouped to any other rule
    if [ -z ${rule_to_edit+x} ]
    then
        # Build full_rule while avoid adding double spaces when other_filters is empty
        if [ "${#syscall_a[@]}" -gt 0 ]
        then
            syscall_string=""
            for syscall in "${syscall_a[@]}"
            do
                syscall_string+=" -S $syscall"
            done
        fi
        other_string=$([[ $OTHER_FILTERS ]] &amp;&amp; echo " $OTHER_FILTERS") || /bin/true
        auid_string=$([[ $AUID_FILTERS ]] &amp;&amp; echo " $AUID_FILTERS") || /bin/true
        full_rule="$ACTION_ARCH_FILTERS${syscall_string}${other_string}${auid_string} -F key=$KEY" || /bin/true
        echo "$full_rule" &gt;&gt; "$default_file"
        chmod 0600 ${default_file}
    else
        # Check if the syscalls are declared as a comma separated list or
        # as multiple -S parameters
        if grep -q -- "," &lt;&lt;&lt; "${rule_syscalls_to_edit}"
        then
            delimiter=","
        else
            delimiter=" -S "
        fi
        new_grouped_syscalls="${rule_syscalls_to_edit}"
        for syscall in "${syscall_a[@]}"
        do
            grep -q -- "\b${syscall}\b" &lt;&lt;&lt; "${rule_syscalls_to_edit}" || {
               # A syscall was not found in the candidate rule
               new_grouped_syscalls+="${delimiter}${syscall}"
               }
        done

        # Group the syscall in the rule
        sed -i -e "\#${rule_to_edit}#s#${rule_syscalls_to_edit}#${new_grouped_syscalls}#" "$file_to_edit"
    fi
fi
done

else
    &gt;&amp;2 echo 'Remediation is not applicable, nothing was done'
fi
</fix>
        <check system="http://oval.mitre.org/XMLSchema/oval-definitions-5">
          <check-content-ref name="oval:ssg-audit_rules_suid_privilege_function:def:1" href="ssg-ubuntu2404-oval.xml"/>
        </check>
        <check system="http://scap.nist.gov/schema/ocil/2">
          <check-content-ref name="ocil:ssg-audit_rules_suid_privilege_function_ocil:questionnaire:1" href="ssg-ubuntu2404-ocil.xml"/>
        </check>
      </Rule>
      <Rule id="xccdf_org.ssgproject.content_rule_audit_rules_sysadmin_actions" selected="false" role="full" severity="medium">
        <title xmlns:xhtml="http://www.w3.org/1999/xhtml" xml:lang="en-US">Ensure auditd Collects System Administrator Actions</title>
        <description xmlns:xhtml="http://www.w3.org/1999/xhtml" xml:lang="en-US">At a minimum, the audit system should collect administrator actions
for all users and root. If the <html:code xmlns:html="http://www.w3.org/1999/xhtml">auditd</html:code> daemon is configured to use the
<html:code xmlns:html="http://www.w3.org/1999/xhtml">augenrules</html:code> program to read audit rules during daemon startup (the default),
add the following line to a file with suffix <html:code xmlns:html="http://www.w3.org/1999/xhtml">.rules</html:code> in the directory
<html:code xmlns:html="http://www.w3.org/1999/xhtml">/etc/audit/rules.d</html:code>:
<html:pre xmlns:html="http://www.w3.org/1999/xhtml">-w /etc/sudoers -p wa -k actions
-w /etc/sudoers.d/ -p wa -k actions</html:pre>
If the <html:code xmlns:html="http://www.w3.org/1999/xhtml">auditd</html:code> daemon is configured to use the <html:code xmlns:html="http://www.w3.org/1999/xhtml">auditctl</html:code>
utility to read audit rules during daemon startup, add the following line to
<html:code xmlns:html="http://www.w3.org/1999/xhtml">/etc/audit/audit.rules</html:code> file:
<html:pre xmlns:html="http://www.w3.org/1999/xhtml">-w /etc/sudoers -p wa -k actions
-w /etc/sudoers.d/ -p wa -k actions</html:pre>
      </description>
        <reference href="https://www.cisecurity.org/controls/">1</reference>
        <reference href="https://www.cisecurity.org/controls/">11</reference>
        <reference href="https://www.cisecurity.org/controls/">12</reference>
        <reference href="https://www.cisecurity.org/controls/">13</reference>
        <reference href="https://www.cisecurity.org/controls/">14</reference>
        <reference href="https://www.cisecurity.org/controls/">15</reference>
        <reference href="https://www.cisecurity.org/controls/">16</reference>
        <reference href="https://www.cisecurity.org/controls/">18</reference>
        <reference href="https://www.cisecurity.org/controls/">19</reference>
        <reference href="https://www.cisecurity.org/controls/">2</reference>
        <reference href="https://www.cisecurity.org/controls/">3</reference>
        <reference href="https://www.cisecurity.org/controls/">4</reference>
        <reference href="https://www.cisecurity.org/controls/">5</reference>
        <reference href="https://www.cisecurity.org/controls/">6</reference>
        <reference href="https://www.cisecurity.org/controls/">7</reference>
        <reference href="https://www.cisecurity.org/controls/">8</reference>
        <reference href="https://www.cisecurity.org/controls/">9</reference>
        <reference href="https://www.fbi.gov/file-repository/cjis-security-policy-v5_5_20160601-2-1.pdf">5.4.1.1</reference>
        <reference href="https://www.isaca.org/resources/cobit">APO10.01</reference>
        <reference href="https://www.isaca.org/resources/cobit">APO10.03</reference>
        <reference href="https://www.isaca.org/resources/cobit">APO10.04</reference>
        <reference href="https://www.isaca.org/resources/cobit">APO10.05</reference>
        <reference href="https://www.isaca.org/resources/cobit">APO11.04</reference>
        <reference href="https://www.isaca.org/resources/cobit">APO12.06</reference>
        <reference href="https://www.isaca.org/resources/cobit">APO13.01</reference>
        <reference href="https://www.isaca.org/resources/cobit">BAI03.05</reference>
        <reference href="https://www.isaca.org/resources/cobit">BAI08.02</reference>
        <reference href="https://www.isaca.org/resources/cobit">DSS01.03</reference>
        <reference href="https://www.isaca.org/resources/cobit">DSS01.04</reference>
        <reference href="https://www.isaca.org/resources/cobit">DSS02.02</reference>
        <reference href="https://www.isaca.org/resources/cobit">DSS02.04</reference>
        <reference href="https://www.isaca.org/resources/cobit">DSS02.07</reference>
        <reference href="https://www.isaca.org/resources/cobit">DSS03.01</reference>
        <reference href="https://www.isaca.org/resources/cobit">DSS03.05</reference>
        <reference href="https://www.isaca.org/resources/cobit">DSS05.02</reference>
        <reference href="https://www.isaca.org/resources/cobit">DSS05.03</reference>
        <reference href="https://www.isaca.org/resources/cobit">DSS05.04</reference>
        <reference href="https://www.isaca.org/resources/cobit">DSS05.05</reference>
        <reference href="https://www.isaca.org/resources/cobit">DSS05.07</reference>
        <reference href="https://www.isaca.org/resources/cobit">DSS06.03</reference>
        <reference href="https://www.isaca.org/resources/cobit">MEA01.01</reference>
        <reference href="https://www.isaca.org/resources/cobit">MEA01.02</reference>
        <reference href="https://www.isaca.org/resources/cobit">MEA01.03</reference>
        <reference href="https://www.isaca.org/resources/cobit">MEA01.04</reference>
        <reference href="https://www.isaca.org/resources/cobit">MEA01.05</reference>
        <reference href="https://www.isaca.org/resources/cobit">MEA02.01</reference>
        <reference href="http://nvlpubs.nist.gov/nistpubs/SpecialPublications/NIST.SP.800-171.pdf">3.1.7</reference>
        <reference href="https://public.cyber.mil/stigs/cci/">CCI-000126</reference>
        <reference href="https://public.cyber.mil/stigs/cci/">CCI-000130</reference>
        <reference href="https://public.cyber.mil/stigs/cci/">CCI-000135</reference>
        <reference href="https://public.cyber.mil/stigs/cci/">CCI-000169</reference>
        <reference href="https://public.cyber.mil/stigs/cci/">CCI-000172</reference>
        <reference href="https://public.cyber.mil/stigs/cci/">CCI-002884</reference>
        <reference href="https://www.gpo.gov/fdsys/pkg/CFR-2007-title45-vol1/pdf/CFR-2007-title45-vol1-chapA-subchapC.pdf">164.308(a)(1)(ii)(D)</reference>
        <reference href="https://www.gpo.gov/fdsys/pkg/CFR-2007-title45-vol1/pdf/CFR-2007-title45-vol1-chapA-subchapC.pdf">164.308(a)(3)(ii)(A)</reference>
        <reference href="https://www.gpo.gov/fdsys/pkg/CFR-2007-title45-vol1/pdf/CFR-2007-title45-vol1-chapA-subchapC.pdf">164.308(a)(5)(ii)(C)</reference>
        <reference href="https://www.gpo.gov/fdsys/pkg/CFR-2007-title45-vol1/pdf/CFR-2007-title45-vol1-chapA-subchapC.pdf">164.312(a)(2)(i)</reference>
        <reference href="https://www.gpo.gov/fdsys/pkg/CFR-2007-title45-vol1/pdf/CFR-2007-title45-vol1-chapA-subchapC.pdf">164.312(b)</reference>
        <reference href="https://www.gpo.gov/fdsys/pkg/CFR-2007-title45-vol1/pdf/CFR-2007-title45-vol1-chapA-subchapC.pdf">164.312(d)</reference>
        <reference href="https://www.gpo.gov/fdsys/pkg/CFR-2007-title45-vol1/pdf/CFR-2007-title45-vol1-chapA-subchapC.pdf">164.312(e)</reference>
        <reference href="https://www.isa.org/products/isa-62443-2-1-2009-security-for-industrial-automat">4.2.3.10</reference>
        <reference href="https://www.isa.org/products/isa-62443-2-1-2009-security-for-industrial-automat">4.3.2.6.7</reference>
        <reference href="https://www.isa.org/products/isa-62443-2-1-2009-security-for-industrial-automat">4.3.3.2.2</reference>
        <reference href="https://www.isa.org/products/isa-62443-2-1-2009-security-for-industrial-automat">4.3.3.3.9</reference>
        <reference href="https://www.isa.org/products/isa-62443-2-1-2009-security-for-industrial-automat">4.3.3.5.1</reference>
        <reference href="https://www.isa.org/products/isa-62443-2-1-2009-security-for-industrial-automat">4.3.3.5.2</reference>
        <reference href="https://www.isa.org/products/isa-62443-2-1-2009-security-for-industrial-automat">4.3.3.5.8</reference>
        <reference href="https://www.isa.org/products/isa-62443-2-1-2009-security-for-industrial-automat">4.3.3.6.6</reference>
        <reference href="https://www.isa.org/products/isa-62443-2-1-2009-security-for-industrial-automat">4.3.3.7.2</reference>
        <reference href="https://www.isa.org/products/isa-62443-2-1-2009-security-for-industrial-automat">4.3.3.7.3</reference>
        <reference href="https://www.isa.org/products/isa-62443-2-1-2009-security-for-industrial-automat">4.3.3.7.4</reference>
        <reference href="https://www.isa.org/products/isa-62443-2-1-2009-security-for-industrial-automat">4.3.4.4.7</reference>
        <reference href="https://www.isa.org/products/isa-62443-2-1-2009-security-for-industrial-automat">4.3.4.5.6</reference>
        <reference href="https://www.isa.org/products/isa-62443-2-1-2009-security-for-industrial-automat">4.3.4.5.7</reference>
        <reference href="https://www.isa.org/products/isa-62443-2-1-2009-security-for-industrial-automat">4.3.4.5.8</reference>
        <reference href="https://www.isa.org/products/isa-62443-2-1-2009-security-for-industrial-automat">4.4.2.1</reference>
        <reference href="https://www.isa.org/products/isa-62443-2-1-2009-security-for-industrial-automat">4.4.2.2</reference>
        <reference href="https://www.isa.org/products/isa-62443-2-1-2009-security-for-industrial-automat">4.4.2.4</reference>
        <reference href="https://www.isa.org/products/ansi-isa-62443-3-3-99-03-03-2013-security-for-indu">SR 1.1</reference>
        <reference href="https://www.isa.org/products/ansi-isa-62443-3-3-99-03-03-2013-security-for-indu">SR 1.13</reference>
        <reference href="https://www.isa.org/products/ansi-isa-62443-3-3-99-03-03-2013-security-for-indu">SR 1.2</reference>
        <reference href="https://www.isa.org/products/ansi-isa-62443-3-3-99-03-03-2013-security-for-indu">SR 1.3</reference>
        <reference href="https://www.isa.org/products/ansi-isa-62443-3-3-99-03-03-2013-security-for-indu">SR 1.4</reference>
        <reference href="https://www.isa.org/products/ansi-isa-62443-3-3-99-03-03-2013-security-for-indu">SR 1.5</reference>
        <reference href="https://www.isa.org/products/ansi-isa-62443-3-3-99-03-03-2013-security-for-indu">SR 1.7</reference>
        <reference href="https://www.isa.org/products/ansi-isa-62443-3-3-99-03-03-2013-security-for-indu">SR 1.8</reference>
        <reference href="https://www.isa.org/products/ansi-isa-62443-3-3-99-03-03-2013-security-for-indu">SR 1.9</reference>
        <reference href="https://www.isa.org/products/ansi-isa-62443-3-3-99-03-03-2013-security-for-indu">SR 2.1</reference>
        <reference href="https://www.isa.org/products/ansi-isa-62443-3-3-99-03-03-2013-security-for-indu">SR 2.10</reference>
        <reference href="https://www.isa.org/products/ansi-isa-62443-3-3-99-03-03-2013-security-for-indu">SR 2.11</reference>
        <reference href="https://www.isa.org/products/ansi-isa-62443-3-3-99-03-03-2013-security-for-indu">SR 2.12</reference>
        <reference href="https://www.isa.org/products/ansi-isa-62443-3-3-99-03-03-2013-security-for-indu">SR 2.6</reference>
        <reference href="https://www.isa.org/products/ansi-isa-62443-3-3-99-03-03-2013-security-for-indu">SR 2.8</reference>
        <reference href="https://www.isa.org/products/ansi-isa-62443-3-3-99-03-03-2013-security-for-indu">SR 2.9</reference>
        <reference href="https://www.isa.org/products/ansi-isa-62443-3-3-99-03-03-2013-security-for-indu">SR 3.1</reference>
        <reference href="https://www.isa.org/products/ansi-isa-62443-3-3-99-03-03-2013-security-for-indu">SR 3.5</reference>
        <reference href="https://www.isa.org/products/ansi-isa-62443-3-3-99-03-03-2013-security-for-indu">SR 3.8</reference>
        <reference href="https://www.isa.org/products/ansi-isa-62443-3-3-99-03-03-2013-security-for-indu">SR 4.1</reference>
        <reference href="https://www.isa.org/products/ansi-isa-62443-3-3-99-03-03-2013-security-for-indu">SR 4.3</reference>
        <reference href="https://www.isa.org/products/ansi-isa-62443-3-3-99-03-03-2013-security-for-indu">SR 5.1</reference>
        <reference href="https://www.isa.org/products/ansi-isa-62443-3-3-99-03-03-2013-security-for-indu">SR 5.2</reference>
        <reference href="https://www.isa.org/products/ansi-isa-62443-3-3-99-03-03-2013-security-for-indu">SR 5.3</reference>
        <reference href="https://www.isa.org/products/ansi-isa-62443-3-3-99-03-03-2013-security-for-indu">SR 6.1</reference>
        <reference href="https://www.isa.org/products/ansi-isa-62443-3-3-99-03-03-2013-security-for-indu">SR 6.2</reference>
        <reference href="https://www.isa.org/products/ansi-isa-62443-3-3-99-03-03-2013-security-for-indu">SR 7.1</reference>
        <reference href="https://www.isa.org/products/ansi-isa-62443-3-3-99-03-03-2013-security-for-indu">SR 7.6</reference>
        <reference href="https://www.iso.org/contents/data/standard/05/45/54534.html">A.11.2.6</reference>
        <reference href="https://www.iso.org/contents/data/standard/05/45/54534.html">A.12.4.1</reference>
        <reference href="https://www.iso.org/contents/data/standard/05/45/54534.html">A.12.4.2</reference>
        <reference href="https://www.iso.org/contents/data/standard/05/45/54534.html">A.12.4.3</reference>
        <reference href="https://www.iso.org/contents/data/standard/05/45/54534.html">A.12.4.4</reference>
        <reference href="https://www.iso.org/contents/data/standard/05/45/54534.html">A.12.7.1</reference>
        <reference href="https://www.iso.org/contents/data/standard/05/45/54534.html">A.13.1.1</reference>
        <reference href="https://www.iso.org/contents/data/standard/05/45/54534.html">A.13.2.1</reference>
        <reference href="https://www.iso.org/contents/data/standard/05/45/54534.html">A.14.1.3</reference>
        <reference href="https://www.iso.org/contents/data/standard/05/45/54534.html">A.14.2.7</reference>
        <reference href="https://www.iso.org/contents/data/standard/05/45/54534.html">A.15.2.1</reference>
        <reference href="https://www.iso.org/contents/data/standard/05/45/54534.html">A.15.2.2</reference>
        <reference href="https://www.iso.org/contents/data/standard/05/45/54534.html">A.16.1.4</reference>
        <reference href="https://www.iso.org/contents/data/standard/05/45/54534.html">A.16.1.5</reference>
        <reference href="https://www.iso.org/contents/data/standard/05/45/54534.html">A.16.1.7</reference>
        <reference href="https://www.iso.org/contents/data/standard/05/45/54534.html">A.6.1.2</reference>
        <reference href="https://www.iso.org/contents/data/standard/05/45/54534.html">A.6.2.1</reference>
        <reference href="https://www.iso.org/contents/data/standard/05/45/54534.html">A.6.2.2</reference>
        <reference href="https://www.iso.org/contents/data/standard/05/45/54534.html">A.7.1.1</reference>
        <reference href="https://www.iso.org/contents/data/standard/05/45/54534.html">A.9.1.2</reference>
        <reference href="https://www.iso.org/contents/data/standard/05/45/54534.html">A.9.2.1</reference>
        <reference href="https://www.iso.org/contents/data/standard/05/45/54534.html">A.9.2.2</reference>
        <reference href="https://www.iso.org/contents/data/standard/05/45/54534.html">A.9.2.3</reference>
        <reference href="https://www.iso.org/contents/data/standard/05/45/54534.html">A.9.2.4</reference>
        <reference href="https://www.iso.org/contents/data/standard/05/45/54534.html">A.9.2.6</reference>
        <reference href="https://www.iso.org/contents/data/standard/05/45/54534.html">A.9.3.1</reference>
        <reference href="https://www.iso.org/contents/data/standard/05/45/54534.html">A.9.4.1</reference>
        <reference href="https://www.iso.org/contents/data/standard/05/45/54534.html">A.9.4.2</reference>
        <reference href="https://www.iso.org/contents/data/standard/05/45/54534.html">A.9.4.3</reference>
        <reference href="https://www.iso.org/contents/data/standard/05/45/54534.html">A.9.4.4</reference>
        <reference href="https://www.iso.org/contents/data/standard/05/45/54534.html">A.9.4.5</reference>
        <reference href="http://nvlpubs.nist.gov/nistpubs/SpecialPublications/NIST.SP.800-53r4.pdf">AC-2(7)(b)</reference>
        <reference href="http://nvlpubs.nist.gov/nistpubs/SpecialPublications/NIST.SP.800-53r4.pdf">AU-2(d)</reference>
        <reference href="http://nvlpubs.nist.gov/nistpubs/SpecialPublications/NIST.SP.800-53r4.pdf">AU-12(c)</reference>
        <reference href="http://nvlpubs.nist.gov/nistpubs/SpecialPublications/NIST.SP.800-53r4.pdf">AC-6(9)</reference>
        <reference href="http://nvlpubs.nist.gov/nistpubs/SpecialPublications/NIST.SP.800-53r4.pdf">CM-6(a)</reference>
        <reference href="https://nvlpubs.nist.gov/nistpubs/CSWP/NIST.CSWP.04162018.pdf">DE.AE-3</reference>
        <reference href="https://nvlpubs.nist.gov/nistpubs/CSWP/NIST.CSWP.04162018.pdf">DE.AE-5</reference>
        <reference href="https://nvlpubs.nist.gov/nistpubs/CSWP/NIST.CSWP.04162018.pdf">DE.CM-1</reference>
        <reference href="https://nvlpubs.nist.gov/nistpubs/CSWP/NIST.CSWP.04162018.pdf">DE.CM-3</reference>
        <reference href="https://nvlpubs.nist.gov/nistpubs/CSWP/NIST.CSWP.04162018.pdf">DE.CM-7</reference>
        <reference href="https://nvlpubs.nist.gov/nistpubs/CSWP/NIST.CSWP.04162018.pdf">ID.SC-4</reference>
        <reference href="https://nvlpubs.nist.gov/nistpubs/CSWP/NIST.CSWP.04162018.pdf">PR.AC-1</reference>
        <reference href="https://nvlpubs.nist.gov/nistpubs/CSWP/NIST.CSWP.04162018.pdf">PR.AC-3</reference>
        <reference href="https://nvlpubs.nist.gov/nistpubs/CSWP/NIST.CSWP.04162018.pdf">PR.AC-4</reference>
        <reference href="https://nvlpubs.nist.gov/nistpubs/CSWP/NIST.CSWP.04162018.pdf">PR.AC-6</reference>
        <reference href="https://nvlpubs.nist.gov/nistpubs/CSWP/NIST.CSWP.04162018.pdf">PR.PT-1</reference>
        <reference href="https://nvlpubs.nist.gov/nistpubs/CSWP/NIST.CSWP.04162018.pdf">PR.PT-4</reference>
        <reference href="https://nvlpubs.nist.gov/nistpubs/CSWP/NIST.CSWP.04162018.pdf">RS.AN-1</reference>
        <reference href="https://nvlpubs.nist.gov/nistpubs/CSWP/NIST.CSWP.04162018.pdf">RS.AN-4</reference>
        <reference href="https://www.pcisecuritystandards.org/documents/PCI_DSS_v3-2-1.pdf">Req-10.2.2</reference>
        <reference href="https://www.pcisecuritystandards.org/documents/PCI_DSS_v3-2-1.pdf">Req-10.2.5.b</reference>
        <reference href="https://public.cyber.mil/stigs/downloads/?_dl_facet_stigs=operating-systems%2Cgeneral-purpose-os">SRG-OS-000004-GPOS-00004</reference>
        <reference href="https://public.cyber.mil/stigs/downloads/?_dl_facet_stigs=operating-systems%2Cgeneral-purpose-os">SRG-OS-000037-GPOS-00015</reference>
        <reference href="https://public.cyber.mil/stigs/downloads/?_dl_facet_stigs=operating-systems%2Cgeneral-purpose-os">SRG-OS-000042-GPOS-00020</reference>
        <reference href="https://public.cyber.mil/stigs/downloads/?_dl_facet_stigs=operating-systems%2Cgeneral-purpose-os">SRG-OS-000062-GPOS-00031</reference>
        <reference href="https://public.cyber.mil/stigs/downloads/?_dl_facet_stigs=operating-systems%2Cgeneral-purpose-os">SRG-OS-000304-GPOS-00121</reference>
        <reference href="https://public.cyber.mil/stigs/downloads/?_dl_facet_stigs=operating-systems%2Cgeneral-purpose-os">SRG-OS-000392-GPOS-00172</reference>
        <reference href="https://public.cyber.mil/stigs/downloads/?_dl_facet_stigs=operating-systems%2Cgeneral-purpose-os">SRG-OS-000462-GPOS-00206</reference>
        <reference href="https://public.cyber.mil/stigs/downloads/?_dl_facet_stigs=operating-systems%2Cgeneral-purpose-os">SRG-OS-000470-GPOS-00214</reference>
        <reference href="https://public.cyber.mil/stigs/downloads/?_dl_facet_stigs=operating-systems%2Cgeneral-purpose-os">SRG-OS-000471-GPOS-00215</reference>
        <reference href="https://public.cyber.mil/stigs/downloads/?_dl_facet_stigs=operating-systems%2Cgeneral-purpose-os">SRG-OS-000239-GPOS-00089</reference>
        <reference href="https://public.cyber.mil/stigs/downloads/?_dl_facet_stigs=operating-systems%2Cgeneral-purpose-os">SRG-OS-000240-GPOS-00090</reference>
        <reference href="https://public.cyber.mil/stigs/downloads/?_dl_facet_stigs=operating-systems%2Cgeneral-purpose-os">SRG-OS-000241-GPOS-00091</reference>
        <reference href="https://public.cyber.mil/stigs/downloads/?_dl_facet_stigs=operating-systems%2Cgeneral-purpose-os">SRG-OS-000303-GPOS-00120</reference>
        <reference href="https://public.cyber.mil/stigs/downloads/?_dl_facet_stigs=operating-systems%2Cgeneral-purpose-os">SRG-OS-000304-GPOS-00121</reference>
        <reference href="https://public.cyber.mil/stigs/downloads/?_dl_facet_stigs=operating-systems%2Cgeneral-purpose-os">SRG-OS-000466-GPOS-00210</reference>
        <reference href="https://public.cyber.mil/stigs/downloads/?_dl_facet_stigs=operating-systems%2Cgeneral-purpose-os">SRG-OS-000476-GPOS-00221</reference>
        <reference href="https://public.cyber.mil/stigs/downloads/?_dl_facet_stigs=container-platform">SRG-APP-000026-CTR-000070</reference>
        <reference href="https://public.cyber.mil/stigs/downloads/?_dl_facet_stigs=container-platform">SRG-APP-000027-CTR-000075</reference>
        <reference href="https://public.cyber.mil/stigs/downloads/?_dl_facet_stigs=container-platform">SRG-APP-000028-CTR-000080</reference>
        <reference href="https://public.cyber.mil/stigs/downloads/?_dl_facet_stigs=container-platform">SRG-APP-000291-CTR-000675</reference>
        <reference href="https://public.cyber.mil/stigs/downloads/?_dl_facet_stigs=container-platform">SRG-APP-000292-CTR-000680</reference>
        <reference href="https://public.cyber.mil/stigs/downloads/?_dl_facet_stigs=container-platform">SRG-APP-000293-CTR-000685</reference>
        <reference href="https://public.cyber.mil/stigs/downloads/?_dl_facet_stigs=container-platform">SRG-APP-000294-CTR-000690</reference>
        <reference href="https://public.cyber.mil/stigs/downloads/?_dl_facet_stigs=container-platform">SRG-APP-000319-CTR-000745</reference>
        <reference href="https://public.cyber.mil/stigs/downloads/?_dl_facet_stigs=container-platform">SRG-APP-000320-CTR-000750</reference>
        <reference href="https://public.cyber.mil/stigs/downloads/?_dl_facet_stigs=container-platform">SRG-APP-000509-CTR-001305</reference>
        <reference href="https://cyber.gouv.fr/sites/default/files/document/linux_configuration-en-v2.pdf">R73</reference>
        <reference href="https://www.cisecurity.org/benchmark/ubuntu_linux/">6.2.3.1</reference>
        <reference href="https://docs-prv.pcisecuritystandards.org/PCI%20DSS/Standard/PCI-DSS-v4_0.pdf">10.2.1.5</reference>
        <reference href="https://docs-prv.pcisecuritystandards.org/PCI%20DSS/Standard/PCI-DSS-v4_0.pdf">10.2.1</reference>
        <reference href="https://docs-prv.pcisecuritystandards.org/PCI%20DSS/Standard/PCI-DSS-v4_0.pdf">10.2</reference>
        <rationale xmlns:xhtml="http://www.w3.org/1999/xhtml" xml:lang="en-US">The actions taken by system administrators should be audited to keep a record
of what was executed on the system, as well as, for accountability purposes.</rationale>
        <fix xmlns:xhtml="http://www.w3.org/1999/xhtml" id="audit_rules_sysadmin_actions" system="urn:xccdf:fix:script:ansible" complexity="low" disruption="low" strategy="restrict">- name: Gather the package facts
  package_facts:
    manager: auto
  tags:
  - CJIS-5.4.1.1
  - NIST-800-171-3.1.7
  - NIST-800-53-AC-2(7)(b)
  - NIST-800-53-AC-6(9)
  - NIST-800-53-AU-12(c)
  - NIST-800-53-AU-2(d)
  - NIST-800-53-CM-6(a)
  - PCI-DSS-Req-10.2.2
  - PCI-DSS-Req-10.2.5.b
  - PCI-DSSv4-10.2
  - PCI-DSSv4-10.2.1
  - PCI-DSSv4-10.2.1.5
  - audit_rules_sysadmin_actions
  - low_complexity
  - low_disruption
  - medium_severity
  - no_reboot_needed
  - restrict_strategy

- name: Check if watch rule for /etc/sudoers already exists in /etc/audit/audit.rules
  find:
    paths: /etc/audit/
    contains: ^\s*-w\s+/etc/sudoers\s+-p\s+wa(\s|$)+
    patterns: audit.rules
  register: find_existing_watch_audit_rules
  when:
  - '"auditd" in ansible_facts.packages'
  - '"linux-base" in ansible_facts.packages'
  tags:
  - CJIS-5.4.1.1
  - NIST-800-171-3.1.7
  - NIST-800-53-AC-2(7)(b)
  - NIST-800-53-AC-6(9)
  - NIST-800-53-AU-12(c)
  - NIST-800-53-AU-2(d)
  - NIST-800-53-CM-6(a)
  - PCI-DSS-Req-10.2.2
  - PCI-DSS-Req-10.2.5.b
  - PCI-DSSv4-10.2
  - PCI-DSSv4-10.2.1
  - PCI-DSSv4-10.2.1.5
  - audit_rules_sysadmin_actions
  - low_complexity
  - low_disruption
  - medium_severity
  - no_reboot_needed
  - restrict_strategy

- name: Add watch rule for /etc/sudoers in /etc/audit/audit.rules
  lineinfile:
    line: -w /etc/sudoers -p wa -k actions
    state: present
    dest: /etc/audit/audit.rules
    create: true
    mode: '0600'
  when:
  - '"auditd" in ansible_facts.packages'
  - '"linux-base" in ansible_facts.packages'
  - find_existing_watch_audit_rules.matched is defined and find_existing_watch_audit_rules.matched
    == 0
  tags:
  - CJIS-5.4.1.1
  - NIST-800-171-3.1.7
  - NIST-800-53-AC-2(7)(b)
  - NIST-800-53-AC-6(9)
  - NIST-800-53-AU-12(c)
  - NIST-800-53-AU-2(d)
  - NIST-800-53-CM-6(a)
  - PCI-DSS-Req-10.2.2
  - PCI-DSS-Req-10.2.5.b
  - PCI-DSSv4-10.2
  - PCI-DSSv4-10.2.1
  - PCI-DSSv4-10.2.1.5
  - audit_rules_sysadmin_actions
  - low_complexity
  - low_disruption
  - medium_severity
  - no_reboot_needed
  - restrict_strategy

- name: Check if watch rule for /etc/sudoers already exists in /etc/audit/rules.d/
  find:
    paths: /etc/audit/rules.d
    contains: ^\s*-w\s+/etc/sudoers\s+-p\s+wa(\s|$)+
    patterns: '*.rules'
  register: find_existing_watch_rules_d
  when:
  - '"auditd" in ansible_facts.packages'
  - '"linux-base" in ansible_facts.packages'
  tags:
  - CJIS-5.4.1.1
  - NIST-800-171-3.1.7
  - NIST-800-53-AC-2(7)(b)
  - NIST-800-53-AC-6(9)
  - NIST-800-53-AU-12(c)
  - NIST-800-53-AU-2(d)
  - NIST-800-53-CM-6(a)
  - PCI-DSS-Req-10.2.2
  - PCI-DSS-Req-10.2.5.b
  - PCI-DSSv4-10.2
  - PCI-DSSv4-10.2.1
  - PCI-DSSv4-10.2.1.5
  - audit_rules_sysadmin_actions
  - low_complexity
  - low_disruption
  - medium_severity
  - no_reboot_needed
  - restrict_strategy

- name: Search /etc/audit/rules.d for other rules with specified key actions
  find:
    paths: /etc/audit/rules.d
    contains: ^.*(?:-F key=|-k\s+)actions$
    patterns: '*.rules'
  register: find_watch_key
  when:
  - '"auditd" in ansible_facts.packages'
  - '"linux-base" in ansible_facts.packages'
  - find_existing_watch_rules_d.matched is defined and find_existing_watch_rules_d.matched
    == 0
  tags:
  - CJIS-5.4.1.1
  - NIST-800-171-3.1.7
  - NIST-800-53-AC-2(7)(b)
  - NIST-800-53-AC-6(9)
  - NIST-800-53-AU-12(c)
  - NIST-800-53-AU-2(d)
  - NIST-800-53-CM-6(a)
  - PCI-DSS-Req-10.2.2
  - PCI-DSS-Req-10.2.5.b
  - PCI-DSSv4-10.2
  - PCI-DSSv4-10.2.1
  - PCI-DSSv4-10.2.1.5
  - audit_rules_sysadmin_actions
  - low_complexity
  - low_disruption
  - medium_severity
  - no_reboot_needed
  - restrict_strategy

- name: Use /etc/audit/rules.d/actions.rules as the recipient for the rule
  set_fact:
    all_files:
    - /etc/audit/rules.d/actions.rules
  when:
  - '"auditd" in ansible_facts.packages'
  - '"linux-base" in ansible_facts.packages'
  - find_watch_key.matched is defined and find_watch_key.matched == 0 and find_existing_watch_rules_d.matched
    is defined and find_existing_watch_rules_d.matched == 0
  tags:
  - CJIS-5.4.1.1
  - NIST-800-171-3.1.7
  - NIST-800-53-AC-2(7)(b)
  - NIST-800-53-AC-6(9)
  - NIST-800-53-AU-12(c)
  - NIST-800-53-AU-2(d)
  - NIST-800-53-CM-6(a)
  - PCI-DSS-Req-10.2.2
  - PCI-DSS-Req-10.2.5.b
  - PCI-DSSv4-10.2
  - PCI-DSSv4-10.2.1
  - PCI-DSSv4-10.2.1.5
  - audit_rules_sysadmin_actions
  - low_complexity
  - low_disruption
  - medium_severity
  - no_reboot_needed
  - restrict_strategy

- name: Use matched file as the recipient for the rule
  set_fact:
    all_files:
    - '{{ find_watch_key.files | map(attribute=''path'') | list | first }}'
  when:
  - '"auditd" in ansible_facts.packages'
  - '"linux-base" in ansible_facts.packages'
  - find_watch_key.matched is defined and find_watch_key.matched &gt; 0 and find_existing_watch_rules_d.matched
    is defined and find_existing_watch_rules_d.matched == 0
  tags:
  - CJIS-5.4.1.1
  - NIST-800-171-3.1.7
  - NIST-800-53-AC-2(7)(b)
  - NIST-800-53-AC-6(9)
  - NIST-800-53-AU-12(c)
  - NIST-800-53-AU-2(d)
  - NIST-800-53-CM-6(a)
  - PCI-DSS-Req-10.2.2
  - PCI-DSS-Req-10.2.5.b
  - PCI-DSSv4-10.2
  - PCI-DSSv4-10.2.1
  - PCI-DSSv4-10.2.1.5
  - audit_rules_sysadmin_actions
  - low_complexity
  - low_disruption
  - medium_severity
  - no_reboot_needed
  - restrict_strategy

- name: Add watch rule for /etc/sudoers in /etc/audit/rules.d/
  lineinfile:
    path: '{{ all_files[0] }}'
    line: -w /etc/sudoers -p wa -k actions
    create: true
    mode: '0600'
  when:
  - '"auditd" in ansible_facts.packages'
  - '"linux-base" in ansible_facts.packages'
  - find_existing_watch_rules_d.matched is defined and find_existing_watch_rules_d.matched
    == 0
  tags:
  - CJIS-5.4.1.1
  - NIST-800-171-3.1.7
  - NIST-800-53-AC-2(7)(b)
  - NIST-800-53-AC-6(9)
  - NIST-800-53-AU-12(c)
  - NIST-800-53-AU-2(d)
  - NIST-800-53-CM-6(a)
  - PCI-DSS-Req-10.2.2
  - PCI-DSS-Req-10.2.5.b
  - PCI-DSSv4-10.2
  - PCI-DSSv4-10.2.1
  - PCI-DSSv4-10.2.1.5
  - audit_rules_sysadmin_actions
  - low_complexity
  - low_disruption
  - medium_severity
  - no_reboot_needed
  - restrict_strategy

- name: Check if watch rule for /etc/sudoers.d/ already exists in /etc/audit/audit.rules
  find:
    paths: /etc/audit/
    contains: ^\s*-w\s+/etc/sudoers.d/\s+-p\s+wa(\s|$)+
    patterns: audit.rules
  register: find_existing_watch_audit_rules
  when:
  - '"auditd" in ansible_facts.packages'
  - '"linux-base" in ansible_facts.packages'
  tags:
  - CJIS-5.4.1.1
  - NIST-800-171-3.1.7
  - NIST-800-53-AC-2(7)(b)
  - NIST-800-53-AC-6(9)
  - NIST-800-53-AU-12(c)
  - NIST-800-53-AU-2(d)
  - NIST-800-53-CM-6(a)
  - PCI-DSS-Req-10.2.2
  - PCI-DSS-Req-10.2.5.b
  - PCI-DSSv4-10.2
  - PCI-DSSv4-10.2.1
  - PCI-DSSv4-10.2.1.5
  - audit_rules_sysadmin_actions
  - low_complexity
  - low_disruption
  - medium_severity
  - no_reboot_needed
  - restrict_strategy

- name: Add watch rule for /etc/sudoers.d/ in /etc/audit/audit.rules
  lineinfile:
    line: -w /etc/sudoers.d/ -p wa -k actions
    state: present
    dest: /etc/audit/audit.rules
    create: true
    mode: '0600'
  when:
  - '"auditd" in ansible_facts.packages'
  - '"linux-base" in ansible_facts.packages'
  - find_existing_watch_audit_rules.matched is defined and find_existing_watch_audit_rules.matched
    == 0
  tags:
  - CJIS-5.4.1.1
  - NIST-800-171-3.1.7
  - NIST-800-53-AC-2(7)(b)
  - NIST-800-53-AC-6(9)
  - NIST-800-53-AU-12(c)
  - NIST-800-53-AU-2(d)
  - NIST-800-53-CM-6(a)
  - PCI-DSS-Req-10.2.2
  - PCI-DSS-Req-10.2.5.b
  - PCI-DSSv4-10.2
  - PCI-DSSv4-10.2.1
  - PCI-DSSv4-10.2.1.5
  - audit_rules_sysadmin_actions
  - low_complexity
  - low_disruption
  - medium_severity
  - no_reboot_needed
  - restrict_strategy

- name: Check if watch rule for /etc/sudoers.d/ already exists in /etc/audit/rules.d/
  find:
    paths: /etc/audit/rules.d
    contains: ^\s*-w\s+/etc/sudoers.d/\s+-p\s+wa(\s|$)+
    patterns: '*.rules'
  register: find_existing_watch_rules_d
  when:
  - '"auditd" in ansible_facts.packages'
  - '"linux-base" in ansible_facts.packages'
  tags:
  - CJIS-5.4.1.1
  - NIST-800-171-3.1.7
  - NIST-800-53-AC-2(7)(b)
  - NIST-800-53-AC-6(9)
  - NIST-800-53-AU-12(c)
  - NIST-800-53-AU-2(d)
  - NIST-800-53-CM-6(a)
  - PCI-DSS-Req-10.2.2
  - PCI-DSS-Req-10.2.5.b
  - PCI-DSSv4-10.2
  - PCI-DSSv4-10.2.1
  - PCI-DSSv4-10.2.1.5
  - audit_rules_sysadmin_actions
  - low_complexity
  - low_disruption
  - medium_severity
  - no_reboot_needed
  - restrict_strategy

- name: Search /etc/audit/rules.d for other rules with specified key actions
  find:
    paths: /etc/audit/rules.d
    contains: ^.*(?:-F key=|-k\s+)actions$
    patterns: '*.rules'
  register: find_watch_key
  when:
  - '"auditd" in ansible_facts.packages'
  - '"linux-base" in ansible_facts.packages'
  - find_existing_watch_rules_d.matched is defined and find_existing_watch_rules_d.matched
    == 0
  tags:
  - CJIS-5.4.1.1
  - NIST-800-171-3.1.7
  - NIST-800-53-AC-2(7)(b)
  - NIST-800-53-AC-6(9)
  - NIST-800-53-AU-12(c)
  - NIST-800-53-AU-2(d)
  - NIST-800-53-CM-6(a)
  - PCI-DSS-Req-10.2.2
  - PCI-DSS-Req-10.2.5.b
  - PCI-DSSv4-10.2
  - PCI-DSSv4-10.2.1
  - PCI-DSSv4-10.2.1.5
  - audit_rules_sysadmin_actions
  - low_complexity
  - low_disruption
  - medium_severity
  - no_reboot_needed
  - restrict_strategy

- name: Use /etc/audit/rules.d/actions.rules as the recipient for the rule
  set_fact:
    all_files:
    - /etc/audit/rules.d/actions.rules
  when:
  - '"auditd" in ansible_facts.packages'
  - '"linux-base" in ansible_facts.packages'
  - find_watch_key.matched is defined and find_watch_key.matched == 0 and find_existing_watch_rules_d.matched
    is defined and find_existing_watch_rules_d.matched == 0
  tags:
  - CJIS-5.4.1.1
  - NIST-800-171-3.1.7
  - NIST-800-53-AC-2(7)(b)
  - NIST-800-53-AC-6(9)
  - NIST-800-53-AU-12(c)
  - NIST-800-53-AU-2(d)
  - NIST-800-53-CM-6(a)
  - PCI-DSS-Req-10.2.2
  - PCI-DSS-Req-10.2.5.b
  - PCI-DSSv4-10.2
  - PCI-DSSv4-10.2.1
  - PCI-DSSv4-10.2.1.5
  - audit_rules_sysadmin_actions
  - low_complexity
  - low_disruption
  - medium_severity
  - no_reboot_needed
  - restrict_strategy

- name: Use matched file as the recipient for the rule
  set_fact:
    all_files:
    - '{{ find_watch_key.files | map(attribute=''path'') | list | first }}'
  when:
  - '"auditd" in ansible_facts.packages'
  - '"linux-base" in ansible_facts.packages'
  - find_watch_key.matched is defined and find_watch_key.matched &gt; 0 and find_existing_watch_rules_d.matched
    is defined and find_existing_watch_rules_d.matched == 0
  tags:
  - CJIS-5.4.1.1
  - NIST-800-171-3.1.7
  - NIST-800-53-AC-2(7)(b)
  - NIST-800-53-AC-6(9)
  - NIST-800-53-AU-12(c)
  - NIST-800-53-AU-2(d)
  - NIST-800-53-CM-6(a)
  - PCI-DSS-Req-10.2.2
  - PCI-DSS-Req-10.2.5.b
  - PCI-DSSv4-10.2
  - PCI-DSSv4-10.2.1
  - PCI-DSSv4-10.2.1.5
  - audit_rules_sysadmin_actions
  - low_complexity
  - low_disruption
  - medium_severity
  - no_reboot_needed
  - restrict_strategy

- name: Add watch rule for /etc/sudoers.d/ in /etc/audit/rules.d/
  lineinfile:
    path: '{{ all_files[0] }}'
    line: -w /etc/sudoers.d/ -p wa -k actions
    create: true
    mode: '0600'
  when:
  - '"auditd" in ansible_facts.packages'
  - '"linux-base" in ansible_facts.packages'
  - find_existing_watch_rules_d.matched is defined and find_existing_watch_rules_d.matched
    == 0
  tags:
  - CJIS-5.4.1.1
  - NIST-800-171-3.1.7
  - NIST-800-53-AC-2(7)(b)
  - NIST-800-53-AC-6(9)
  - NIST-800-53-AU-12(c)
  - NIST-800-53-AU-2(d)
  - NIST-800-53-CM-6(a)
  - PCI-DSS-Req-10.2.2
  - PCI-DSS-Req-10.2.5.b
  - PCI-DSSv4-10.2
  - PCI-DSSv4-10.2.1
  - PCI-DSSv4-10.2.1.5
  - audit_rules_sysadmin_actions
  - low_complexity
  - low_disruption
  - medium_severity
  - no_reboot_needed
  - restrict_strategy
</fix>
        <fix xmlns:xhtml="http://www.w3.org/1999/xhtml" id="audit_rules_sysadmin_actions" system="urn:xccdf:fix:script:sh"># Remediation is applicable only in certain platforms
if dpkg-query --show --showformat='${db:Status-Status}
' 'linux-base' 2&gt;/dev/null | grep -q ^installed &amp;&amp; dpkg-query --show --showformat='${db:Status-Status}\n' 'auditd' 2&gt;/dev/null | grep -q '^installed'; then

# Perform the remediation for both possible tools: 'auditctl' and 'augenrules'

# Create a list of audit *.rules files that should be inspected for presence and correctness
# of a particular audit rule. The scheme is as follows:
#
# -----------------------------------------------------------------------------------------
# Tool used to load audit rules	| Rule already defined	|  Audit rules file to inspect	  |
# -----------------------------------------------------------------------------------------
#	auditctl		|     Doesn't matter	|  /etc/audit/audit.rules	  |
# -----------------------------------------------------------------------------------------
# 	augenrules		|          Yes		|  /etc/audit/rules.d/*.rules	  |
# 	augenrules		|          No		|  /etc/audit/rules.d/$key.rules  |
# -----------------------------------------------------------------------------------------
files_to_inspect=()


# If the audit tool is 'auditctl', then add '/etc/audit/audit.rules'
# into the list of files to be inspected
files_to_inspect+=('/etc/audit/audit.rules')

# Finally perform the inspection and possible subsequent audit rule
# correction for each of the files previously identified for inspection
for audit_rules_file in "${files_to_inspect[@]}"
do
    # Check if audit watch file system object rule for given path already present
    if grep -q -P -- "^[\s]*-w[\s]+/etc/sudoers" "$audit_rules_file"
    then
        # Rule is found =&gt; verify yet if existing rule definition contains
        # all of the required access type bits

        # Define BRE whitespace class shortcut
        sp="[[:space:]]"
        # Extract current permission access types (e.g. -p [r|w|x|a] values) from audit rule
        current_access_bits=$(sed -ne "s#$sp*-w$sp\+/etc/sudoers $sp\+-p$sp\+\([rxwa]\{1,4\}\).*#\1#p" "$audit_rules_file")
        # Split required access bits string into characters array
        # (to check bit's presence for one bit at a time)
        for access_bit in $(echo "wa" | grep -o .)
        do
            # For each from the required access bits (e.g. 'w', 'a') check
            # if they are already present in current access bits for rule.
            # If not, append that bit at the end
            if ! grep -q "$access_bit" &lt;&lt;&lt; "$current_access_bits"
            then
                # Concatenate the existing mask with the missing bit
                current_access_bits="$current_access_bits$access_bit"
            fi
        done
        # Propagate the updated rule's access bits (original + the required
        # ones) back into the /etc/audit/audit.rules file for that rule
        sed -i "s#\($sp*-w$sp\+/etc/sudoers$sp\+-p$sp\+\)\([rxwa]\{1,4\}\)\(.*\)#\1$current_access_bits\3#" "$audit_rules_file"
    else
        # Rule isn't present yet. Append it at the end of $audit_rules_file file
        # with proper key

        echo "-w /etc/sudoers -p wa -k actions" &gt;&gt; "$audit_rules_file"
    fi
done
# Create a list of audit *.rules files that should be inspected for presence and correctness
# of a particular audit rule. The scheme is as follows:
#
# -----------------------------------------------------------------------------------------
# Tool used to load audit rules	| Rule already defined	|  Audit rules file to inspect	  |
# -----------------------------------------------------------------------------------------
#	auditctl		|     Doesn't matter	|  /etc/audit/audit.rules	  |
# -----------------------------------------------------------------------------------------
# 	augenrules		|          Yes		|  /etc/audit/rules.d/*.rules	  |
# 	augenrules		|          No		|  /etc/audit/rules.d/$key.rules  |
# -----------------------------------------------------------------------------------------
files_to_inspect=()

# If the audit is 'augenrules', then check if rule is already defined
# If rule is defined, add '/etc/audit/rules.d/*.rules' to list of files for inspection.
# If rule isn't defined, add '/etc/audit/rules.d/actions.rules' to list of files for inspection.
readarray -t matches &lt; &lt;(grep -HP "[\s]*-w[\s]+/etc/sudoers" /etc/audit/rules.d/*.rules)

# For each of the matched entries
for match in "${matches[@]}"
do
    # Extract filepath from the match
    rulesd_audit_file=$(echo $match | cut -f1 -d ':')
    # Append that path into list of files for inspection
    files_to_inspect+=("$rulesd_audit_file")
done
# Case when particular audit rule isn't defined yet
if [ "${#files_to_inspect[@]}" -eq "0" ]
then
    # Append '/etc/audit/rules.d/actions.rules' into list of files for inspection
    key_rule_file="/etc/audit/rules.d/actions.rules"
    # If the actions.rules file doesn't exist yet, create it with correct permissions
    if [ ! -e "$key_rule_file" ]
    then
        touch "$key_rule_file"
        chmod 0600 "$key_rule_file"
    fi
    files_to_inspect+=("$key_rule_file")
fi

# Finally perform the inspection and possible subsequent audit rule
# correction for each of the files previously identified for inspection
for audit_rules_file in "${files_to_inspect[@]}"
do
    # Check if audit watch file system object rule for given path already present
    if grep -q -P -- "^[\s]*-w[\s]+/etc/sudoers" "$audit_rules_file"
    then
        # Rule is found =&gt; verify yet if existing rule definition contains
        # all of the required access type bits

        # Define BRE whitespace class shortcut
        sp="[[:space:]]"
        # Extract current permission access types (e.g. -p [r|w|x|a] values) from audit rule
        current_access_bits=$(sed -ne "s#$sp*-w$sp\+/etc/sudoers $sp\+-p$sp\+\([rxwa]\{1,4\}\).*#\1#p" "$audit_rules_file")
        # Split required access bits string into characters array
        # (to check bit's presence for one bit at a time)
        for access_bit in $(echo "wa" | grep -o .)
        do
            # For each from the required access bits (e.g. 'w', 'a') check
            # if they are already present in current access bits for rule.
            # If not, append that bit at the end
            if ! grep -q "$access_bit" &lt;&lt;&lt; "$current_access_bits"
            then
                # Concatenate the existing mask with the missing bit
                current_access_bits="$current_access_bits$access_bit"
            fi
        done
        # Propagate the updated rule's access bits (original + the required
        # ones) back into the /etc/audit/audit.rules file for that rule
        sed -i "s#\($sp*-w$sp\+/etc/sudoers$sp\+-p$sp\+\)\([rxwa]\{1,4\}\)\(.*\)#\1$current_access_bits\3#" "$audit_rules_file"
    else
        # Rule isn't present yet. Append it at the end of $audit_rules_file file
        # with proper key

        echo "-w /etc/sudoers -p wa -k actions" &gt;&gt; "$audit_rules_file"
    fi
done
# Create a list of audit *.rules files that should be inspected for presence and correctness
# of a particular audit rule. The scheme is as follows:
#
# -----------------------------------------------------------------------------------------
# Tool used to load audit rules	| Rule already defined	|  Audit rules file to inspect	  |
# -----------------------------------------------------------------------------------------
#	auditctl		|     Doesn't matter	|  /etc/audit/audit.rules	  |
# -----------------------------------------------------------------------------------------
# 	augenrules		|          Yes		|  /etc/audit/rules.d/*.rules	  |
# 	augenrules		|          No		|  /etc/audit/rules.d/$key.rules  |
# -----------------------------------------------------------------------------------------
files_to_inspect=()


# If the audit tool is 'auditctl', then add '/etc/audit/audit.rules'
# into the list of files to be inspected
files_to_inspect+=('/etc/audit/audit.rules')

# Finally perform the inspection and possible subsequent audit rule
# correction for each of the files previously identified for inspection
for audit_rules_file in "${files_to_inspect[@]}"
do
    # Check if audit watch file system object rule for given path already present
    if grep -q -P -- "^[\s]*-w[\s]+/etc/sudoers.d/" "$audit_rules_file"
    then
        # Rule is found =&gt; verify yet if existing rule definition contains
        # all of the required access type bits

        # Define BRE whitespace class shortcut
        sp="[[:space:]]"
        # Extract current permission access types (e.g. -p [r|w|x|a] values) from audit rule
        current_access_bits=$(sed -ne "s#$sp*-w$sp\+/etc/sudoers.d/ $sp\+-p$sp\+\([rxwa]\{1,4\}\).*#\1#p" "$audit_rules_file")
        # Split required access bits string into characters array
        # (to check bit's presence for one bit at a time)
        for access_bit in $(echo "wa" | grep -o .)
        do
            # For each from the required access bits (e.g. 'w', 'a') check
            # if they are already present in current access bits for rule.
            # If not, append that bit at the end
            if ! grep -q "$access_bit" &lt;&lt;&lt; "$current_access_bits"
            then
                # Concatenate the existing mask with the missing bit
                current_access_bits="$current_access_bits$access_bit"
            fi
        done
        # Propagate the updated rule's access bits (original + the required
        # ones) back into the /etc/audit/audit.rules file for that rule
        sed -i "s#\($sp*-w$sp\+/etc/sudoers.d/$sp\+-p$sp\+\)\([rxwa]\{1,4\}\)\(.*\)#\1$current_access_bits\3#" "$audit_rules_file"
    else
        # Rule isn't present yet. Append it at the end of $audit_rules_file file
        # with proper key

        echo "-w /etc/sudoers.d/ -p wa -k actions" &gt;&gt; "$audit_rules_file"
    fi
done
# Create a list of audit *.rules files that should be inspected for presence and correctness
# of a particular audit rule. The scheme is as follows:
#
# -----------------------------------------------------------------------------------------
# Tool used to load audit rules	| Rule already defined	|  Audit rules file to inspect	  |
# -----------------------------------------------------------------------------------------
#	auditctl		|     Doesn't matter	|  /etc/audit/audit.rules	  |
# -----------------------------------------------------------------------------------------
# 	augenrules		|          Yes		|  /etc/audit/rules.d/*.rules	  |
# 	augenrules		|          No		|  /etc/audit/rules.d/$key.rules  |
# -----------------------------------------------------------------------------------------
files_to_inspect=()

# If the audit is 'augenrules', then check if rule is already defined
# If rule is defined, add '/etc/audit/rules.d/*.rules' to list of files for inspection.
# If rule isn't defined, add '/etc/audit/rules.d/actions.rules' to list of files for inspection.
readarray -t matches &lt; &lt;(grep -HP "[\s]*-w[\s]+/etc/sudoers.d/" /etc/audit/rules.d/*.rules)

# For each of the matched entries
for match in "${matches[@]}"
do
    # Extract filepath from the match
    rulesd_audit_file=$(echo $match | cut -f1 -d ':')
    # Append that path into list of files for inspection
    files_to_inspect+=("$rulesd_audit_file")
done
# Case when particular audit rule isn't defined yet
if [ "${#files_to_inspect[@]}" -eq "0" ]
then
    # Append '/etc/audit/rules.d/actions.rules' into list of files for inspection
    key_rule_file="/etc/audit/rules.d/actions.rules"
    # If the actions.rules file doesn't exist yet, create it with correct permissions
    if [ ! -e "$key_rule_file" ]
    then
        touch "$key_rule_file"
        chmod 0600 "$key_rule_file"
    fi
    files_to_inspect+=("$key_rule_file")
fi

# Finally perform the inspection and possible subsequent audit rule
# correction for each of the files previously identified for inspection
for audit_rules_file in "${files_to_inspect[@]}"
do
    # Check if audit watch file system object rule for given path already present
    if grep -q -P -- "^[\s]*-w[\s]+/etc/sudoers.d/" "$audit_rules_file"
    then
        # Rule is found =&gt; verify yet if existing rule definition contains
        # all of the required access type bits

        # Define BRE whitespace class shortcut
        sp="[[:space:]]"
        # Extract current permission access types (e.g. -p [r|w|x|a] values) from audit rule
        current_access_bits=$(sed -ne "s#$sp*-w$sp\+/etc/sudoers.d/ $sp\+-p$sp\+\([rxwa]\{1,4\}\).*#\1#p" "$audit_rules_file")
        # Split required access bits string into characters array
        # (to check bit's presence for one bit at a time)
        for access_bit in $(echo "wa" | grep -o .)
        do
            # For each from the required access bits (e.g. 'w', 'a') check
            # if they are already present in current access bits for rule.
            # If not, append that bit at the end
            if ! grep -q "$access_bit" &lt;&lt;&lt; "$current_access_bits"
            then
                # Concatenate the existing mask with the missing bit
                current_access_bits="$current_access_bits$access_bit"
            fi
        done
        # Propagate the updated rule's access bits (original + the required
        # ones) back into the /etc/audit/audit.rules file for that rule
        sed -i "s#\($sp*-w$sp\+/etc/sudoers.d/$sp\+-p$sp\+\)\([rxwa]\{1,4\}\)\(.*\)#\1$current_access_bits\3#" "$audit_rules_file"
    else
        # Rule isn't present yet. Append it at the end of $audit_rules_file file
        # with proper key

        echo "-w /etc/sudoers.d/ -p wa -k actions" &gt;&gt; "$audit_rules_file"
    fi
done

else
    &gt;&amp;2 echo 'Remediation is not applicable, nothing was done'
fi
</fix>
        <check system="http://oval.mitre.org/XMLSchema/oval-definitions-5">
          <check-content-ref name="oval:ssg-audit_rules_sysadmin_actions:def:1" href="ssg-ubuntu2404-oval.xml"/>
        </check>
        <check system="http://scap.nist.gov/schema/ocil/2">
          <check-content-ref name="ocil:ssg-audit_rules_sysadmin_actions_ocil:questionnaire:1" href="ssg-ubuntu2404-ocil.xml"/>
        </check>
      </Rule>
      <Rule id="xccdf_org.ssgproject.content_rule_audit_rules_usergroup_modification_group" selected="false" role="full" severity="medium">
        <title xmlns:xhtml="http://www.w3.org/1999/xhtml" xml:lang="en-US">Record Events that Modify User/Group Information - /etc/group</title>
        <description xmlns:xhtml="http://www.w3.org/1999/xhtml" xml:lang="en-US">If the <html:code xmlns:html="http://www.w3.org/1999/xhtml">auditd</html:code> daemon is configured to use the
<html:code xmlns:html="http://www.w3.org/1999/xhtml">augenrules</html:code> program to read audit rules during daemon startup (the
default), add the following lines to a file with suffix <html:code xmlns:html="http://www.w3.org/1999/xhtml">.rules</html:code> in the
directory <html:code xmlns:html="http://www.w3.org/1999/xhtml">/etc/audit/rules.d</html:code>, in order to capture events that modify
account changes:
<html:br xmlns:html="http://www.w3.org/1999/xhtml"/>
       <html:br xmlns:html="http://www.w3.org/1999/xhtml"/>
       <html:pre xmlns:html="http://www.w3.org/1999/xhtml">-w /etc/group -p wa -k audit_rules_usergroup_modification</html:pre>
       <html:br xmlns:html="http://www.w3.org/1999/xhtml"/>
       <html:br xmlns:html="http://www.w3.org/1999/xhtml"/>
If the <html:code xmlns:html="http://www.w3.org/1999/xhtml">auditd</html:code> daemon is configured to use the <html:code xmlns:html="http://www.w3.org/1999/xhtml">auditctl</html:code>
utility to read audit rules during daemon startup, add the following lines to
<html:code xmlns:html="http://www.w3.org/1999/xhtml">/etc/audit/audit.rules</html:code> file, in order to capture events that modify
account changes:
<html:br xmlns:html="http://www.w3.org/1999/xhtml"/>
       <html:br xmlns:html="http://www.w3.org/1999/xhtml"/>
       <html:pre xmlns:html="http://www.w3.org/1999/xhtml">-w /etc/group -p wa -k audit_rules_usergroup_modification</html:pre>
      </description>
        <reference href="https://www.cisecurity.org/controls/">1</reference>
        <reference href="https://www.cisecurity.org/controls/">11</reference>
        <reference href="https://www.cisecurity.org/controls/">12</reference>
        <reference href="https://www.cisecurity.org/controls/">13</reference>
        <reference href="https://www.cisecurity.org/controls/">14</reference>
        <reference href="https://www.cisecurity.org/controls/">15</reference>
        <reference href="https://www.cisecurity.org/controls/">16</reference>
        <reference href="https://www.cisecurity.org/controls/">18</reference>
        <reference href="https://www.cisecurity.org/controls/">19</reference>
        <reference href="https://www.cisecurity.org/controls/">2</reference>
        <reference href="https://www.cisecurity.org/controls/">3</reference>
        <reference href="https://www.cisecurity.org/controls/">4</reference>
        <reference href="https://www.cisecurity.org/controls/">5</reference>
        <reference href="https://www.cisecurity.org/controls/">6</reference>
        <reference href="https://www.cisecurity.org/controls/">7</reference>
        <reference href="https://www.cisecurity.org/controls/">8</reference>
        <reference href="https://www.cisecurity.org/controls/">9</reference>
        <reference href="https://www.fbi.gov/file-repository/cjis-security-policy-v5_5_20160601-2-1.pdf">5.4.1.1</reference>
        <reference href="https://www.isaca.org/resources/cobit">APO10.01</reference>
        <reference href="https://www.isaca.org/resources/cobit">APO10.03</reference>
        <reference href="https://www.isaca.org/resources/cobit">APO10.04</reference>
        <reference href="https://www.isaca.org/resources/cobit">APO10.05</reference>
        <reference href="https://www.isaca.org/resources/cobit">APO11.04</reference>
        <reference href="https://www.isaca.org/resources/cobit">APO12.06</reference>
        <reference href="https://www.isaca.org/resources/cobit">APO13.01</reference>
        <reference href="https://www.isaca.org/resources/cobit">BAI03.05</reference>
        <reference href="https://www.isaca.org/resources/cobit">BAI08.02</reference>
        <reference href="https://www.isaca.org/resources/cobit">DSS01.03</reference>
        <reference href="https://www.isaca.org/resources/cobit">DSS01.04</reference>
        <reference href="https://www.isaca.org/resources/cobit">DSS02.02</reference>
        <reference href="https://www.isaca.org/resources/cobit">DSS02.04</reference>
        <reference href="https://www.isaca.org/resources/cobit">DSS02.07</reference>
        <reference href="https://www.isaca.org/resources/cobit">DSS03.01</reference>
        <reference href="https://www.isaca.org/resources/cobit">DSS03.05</reference>
        <reference href="https://www.isaca.org/resources/cobit">DSS05.02</reference>
        <reference href="https://www.isaca.org/resources/cobit">DSS05.03</reference>
        <reference href="https://www.isaca.org/resources/cobit">DSS05.04</reference>
        <reference href="https://www.isaca.org/resources/cobit">DSS05.05</reference>
        <reference href="https://www.isaca.org/resources/cobit">DSS05.07</reference>
        <reference href="https://www.isaca.org/resources/cobit">DSS06.03</reference>
        <reference href="https://www.isaca.org/resources/cobit">MEA01.01</reference>
        <reference href="https://www.isaca.org/resources/cobit">MEA01.02</reference>
        <reference href="https://www.isaca.org/resources/cobit">MEA01.03</reference>
        <reference href="https://www.isaca.org/resources/cobit">MEA01.04</reference>
        <reference href="https://www.isaca.org/resources/cobit">MEA01.05</reference>
        <reference href="https://www.isaca.org/resources/cobit">MEA02.01</reference>
        <reference href="http://nvlpubs.nist.gov/nistpubs/SpecialPublications/NIST.SP.800-171.pdf">3.1.7</reference>
        <reference href="https://public.cyber.mil/stigs/cci/">CCI-001403</reference>
        <reference href="https://public.cyber.mil/stigs/cci/">CCI-001404</reference>
        <reference href="https://public.cyber.mil/stigs/cci/">CCI-001405</reference>
        <reference href="https://public.cyber.mil/stigs/cci/">CCI-000172</reference>
        <reference href="https://public.cyber.mil/stigs/cci/">CCI-000130</reference>
        <reference href="https://public.cyber.mil/stigs/cci/">CCI-002130</reference>
        <reference href="https://public.cyber.mil/stigs/cci/">CCI-000135</reference>
        <reference href="https://public.cyber.mil/stigs/cci/">CCI-000169</reference>
        <reference href="https://public.cyber.mil/stigs/cci/">CCI-002884</reference>
        <reference href="https://public.cyber.mil/stigs/cci/">CCI-000018</reference>
        <reference href="https://public.cyber.mil/stigs/cci/">CCI-000015</reference>
        <reference href="https://www.gpo.gov/fdsys/pkg/CFR-2007-title45-vol1/pdf/CFR-2007-title45-vol1-chapA-subchapC.pdf">164.308(a)(1)(ii)(D)</reference>
        <reference href="https://www.gpo.gov/fdsys/pkg/CFR-2007-title45-vol1/pdf/CFR-2007-title45-vol1-chapA-subchapC.pdf">164.308(a)(3)(ii)(A)</reference>
        <reference href="https://www.gpo.gov/fdsys/pkg/CFR-2007-title45-vol1/pdf/CFR-2007-title45-vol1-chapA-subchapC.pdf">164.308(a)(5)(ii)(C)</reference>
        <reference href="https://www.gpo.gov/fdsys/pkg/CFR-2007-title45-vol1/pdf/CFR-2007-title45-vol1-chapA-subchapC.pdf">164.312(a)(2)(i)</reference>
        <reference href="https://www.gpo.gov/fdsys/pkg/CFR-2007-title45-vol1/pdf/CFR-2007-title45-vol1-chapA-subchapC.pdf">164.312(b)</reference>
        <reference href="https://www.gpo.gov/fdsys/pkg/CFR-2007-title45-vol1/pdf/CFR-2007-title45-vol1-chapA-subchapC.pdf">164.312(d)</reference>
        <reference href="https://www.gpo.gov/fdsys/pkg/CFR-2007-title45-vol1/pdf/CFR-2007-title45-vol1-chapA-subchapC.pdf">164.312(e)</reference>
        <reference href="https://www.isa.org/products/isa-62443-2-1-2009-security-for-industrial-automat">4.2.3.10</reference>
        <reference href="https://www.isa.org/products/isa-62443-2-1-2009-security-for-industrial-automat">4.3.2.6.7</reference>
        <reference href="https://www.isa.org/products/isa-62443-2-1-2009-security-for-industrial-automat">4.3.3.2.2</reference>
        <reference href="https://www.isa.org/products/isa-62443-2-1-2009-security-for-industrial-automat">4.3.3.3.9</reference>
        <reference href="https://www.isa.org/products/isa-62443-2-1-2009-security-for-industrial-automat">4.3.3.5.1</reference>
        <reference href="https://www.isa.org/products/isa-62443-2-1-2009-security-for-industrial-automat">4.3.3.5.2</reference>
        <reference href="https://www.isa.org/products/isa-62443-2-1-2009-security-for-industrial-automat">4.3.3.5.8</reference>
        <reference href="https://www.isa.org/products/isa-62443-2-1-2009-security-for-industrial-automat">4.3.3.6.6</reference>
        <reference href="https://www.isa.org/products/isa-62443-2-1-2009-security-for-industrial-automat">4.3.3.7.2</reference>
        <reference href="https://www.isa.org/products/isa-62443-2-1-2009-security-for-industrial-automat">4.3.3.7.3</reference>
        <reference href="https://www.isa.org/products/isa-62443-2-1-2009-security-for-industrial-automat">4.3.3.7.4</reference>
        <reference href="https://www.isa.org/products/isa-62443-2-1-2009-security-for-industrial-automat">4.3.4.4.7</reference>
        <reference href="https://www.isa.org/products/isa-62443-2-1-2009-security-for-industrial-automat">4.3.4.5.6</reference>
        <reference href="https://www.isa.org/products/isa-62443-2-1-2009-security-for-industrial-automat">4.3.4.5.7</reference>
        <reference href="https://www.isa.org/products/isa-62443-2-1-2009-security-for-industrial-automat">4.3.4.5.8</reference>
        <reference href="https://www.isa.org/products/isa-62443-2-1-2009-security-for-industrial-automat">4.4.2.1</reference>
        <reference href="https://www.isa.org/products/isa-62443-2-1-2009-security-for-industrial-automat">4.4.2.2</reference>
        <reference href="https://www.isa.org/products/isa-62443-2-1-2009-security-for-industrial-automat">4.4.2.4</reference>
        <reference href="https://www.isa.org/products/ansi-isa-62443-3-3-99-03-03-2013-security-for-indu">SR 1.1</reference>
        <reference href="https://www.isa.org/products/ansi-isa-62443-3-3-99-03-03-2013-security-for-indu">SR 1.13</reference>
        <reference href="https://www.isa.org/products/ansi-isa-62443-3-3-99-03-03-2013-security-for-indu">SR 1.2</reference>
        <reference href="https://www.isa.org/products/ansi-isa-62443-3-3-99-03-03-2013-security-for-indu">SR 1.3</reference>
        <reference href="https://www.isa.org/products/ansi-isa-62443-3-3-99-03-03-2013-security-for-indu">SR 1.4</reference>
        <reference href="https://www.isa.org/products/ansi-isa-62443-3-3-99-03-03-2013-security-for-indu">SR 1.5</reference>
        <reference href="https://www.isa.org/products/ansi-isa-62443-3-3-99-03-03-2013-security-for-indu">SR 1.7</reference>
        <reference href="https://www.isa.org/products/ansi-isa-62443-3-3-99-03-03-2013-security-for-indu">SR 1.8</reference>
        <reference href="https://www.isa.org/products/ansi-isa-62443-3-3-99-03-03-2013-security-for-indu">SR 1.9</reference>
        <reference href="https://www.isa.org/products/ansi-isa-62443-3-3-99-03-03-2013-security-for-indu">SR 2.1</reference>
        <reference href="https://www.isa.org/products/ansi-isa-62443-3-3-99-03-03-2013-security-for-indu">SR 2.10</reference>
        <reference href="https://www.isa.org/products/ansi-isa-62443-3-3-99-03-03-2013-security-for-indu">SR 2.11</reference>
        <reference href="https://www.isa.org/products/ansi-isa-62443-3-3-99-03-03-2013-security-for-indu">SR 2.12</reference>
        <reference href="https://www.isa.org/products/ansi-isa-62443-3-3-99-03-03-2013-security-for-indu">SR 2.6</reference>
        <reference href="https://www.isa.org/products/ansi-isa-62443-3-3-99-03-03-2013-security-for-indu">SR 2.8</reference>
        <reference href="https://www.isa.org/products/ansi-isa-62443-3-3-99-03-03-2013-security-for-indu">SR 2.9</reference>
        <reference href="https://www.isa.org/products/ansi-isa-62443-3-3-99-03-03-2013-security-for-indu">SR 3.1</reference>
        <reference href="https://www.isa.org/products/ansi-isa-62443-3-3-99-03-03-2013-security-for-indu">SR 3.5</reference>
        <reference href="https://www.isa.org/products/ansi-isa-62443-3-3-99-03-03-2013-security-for-indu">SR 3.8</reference>
        <reference href="https://www.isa.org/products/ansi-isa-62443-3-3-99-03-03-2013-security-for-indu">SR 4.1</reference>
        <reference href="https://www.isa.org/products/ansi-isa-62443-3-3-99-03-03-2013-security-for-indu">SR 4.3</reference>
        <reference href="https://www.isa.org/products/ansi-isa-62443-3-3-99-03-03-2013-security-for-indu">SR 5.1</reference>
        <reference href="https://www.isa.org/products/ansi-isa-62443-3-3-99-03-03-2013-security-for-indu">SR 5.2</reference>
        <reference href="https://www.isa.org/products/ansi-isa-62443-3-3-99-03-03-2013-security-for-indu">SR 5.3</reference>
        <reference href="https://www.isa.org/products/ansi-isa-62443-3-3-99-03-03-2013-security-for-indu">SR 6.1</reference>
        <reference href="https://www.isa.org/products/ansi-isa-62443-3-3-99-03-03-2013-security-for-indu">SR 6.2</reference>
        <reference href="https://www.isa.org/products/ansi-isa-62443-3-3-99-03-03-2013-security-for-indu">SR 7.1</reference>
        <reference href="https://www.isa.org/products/ansi-isa-62443-3-3-99-03-03-2013-security-for-indu">SR 7.6</reference>
        <reference href="https://www.iso.org/contents/data/standard/05/45/54534.html">A.11.2.6</reference>
        <reference href="https://www.iso.org/contents/data/standard/05/45/54534.html">A.12.4.1</reference>
        <reference href="https://www.iso.org/contents/data/standard/05/45/54534.html">A.12.4.2</reference>
        <reference href="https://www.iso.org/contents/data/standard/05/45/54534.html">A.12.4.3</reference>
        <reference href="https://www.iso.org/contents/data/standard/05/45/54534.html">A.12.4.4</reference>
        <reference href="https://www.iso.org/contents/data/standard/05/45/54534.html">A.12.7.1</reference>
        <reference href="https://www.iso.org/contents/data/standard/05/45/54534.html">A.13.1.1</reference>
        <reference href="https://www.iso.org/contents/data/standard/05/45/54534.html">A.13.2.1</reference>
        <reference href="https://www.iso.org/contents/data/standard/05/45/54534.html">A.14.1.3</reference>
        <reference href="https://www.iso.org/contents/data/standard/05/45/54534.html">A.14.2.7</reference>
        <reference href="https://www.iso.org/contents/data/standard/05/45/54534.html">A.15.2.1</reference>
        <reference href="https://www.iso.org/contents/data/standard/05/45/54534.html">A.15.2.2</reference>
        <reference href="https://www.iso.org/contents/data/standard/05/45/54534.html">A.16.1.4</reference>
        <reference href="https://www.iso.org/contents/data/standard/05/45/54534.html">A.16.1.5</reference>
        <reference href="https://www.iso.org/contents/data/standard/05/45/54534.html">A.16.1.7</reference>
        <reference href="https://www.iso.org/contents/data/standard/05/45/54534.html">A.6.1.2</reference>
        <reference href="https://www.iso.org/contents/data/standard/05/45/54534.html">A.6.2.1</reference>
        <reference href="https://www.iso.org/contents/data/standard/05/45/54534.html">A.6.2.2</reference>
        <reference href="https://www.iso.org/contents/data/standard/05/45/54534.html">A.7.1.1</reference>
        <reference href="https://www.iso.org/contents/data/standard/05/45/54534.html">A.9.1.2</reference>
        <reference href="https://www.iso.org/contents/data/standard/05/45/54534.html">A.9.2.1</reference>
        <reference href="https://www.iso.org/contents/data/standard/05/45/54534.html">A.9.2.2</reference>
        <reference href="https://www.iso.org/contents/data/standard/05/45/54534.html">A.9.2.3</reference>
        <reference href="https://www.iso.org/contents/data/standard/05/45/54534.html">A.9.2.4</reference>
        <reference href="https://www.iso.org/contents/data/standard/05/45/54534.html">A.9.2.6</reference>
        <reference href="https://www.iso.org/contents/data/standard/05/45/54534.html">A.9.3.1</reference>
        <reference href="https://www.iso.org/contents/data/standard/05/45/54534.html">A.9.4.1</reference>
        <reference href="https://www.iso.org/contents/data/standard/05/45/54534.html">A.9.4.2</reference>
        <reference href="https://www.iso.org/contents/data/standard/05/45/54534.html">A.9.4.3</reference>
        <reference href="https://www.iso.org/contents/data/standard/05/45/54534.html">A.9.4.4</reference>
        <reference href="https://www.iso.org/contents/data/standard/05/45/54534.html">A.9.4.5</reference>
        <reference href="https://www.nerc.com/pa/Stand/AlignRep/One%20Stop%20Shop.xlsx">CIP-004-6 R2.2.2</reference>
        <reference href="https://www.nerc.com/pa/Stand/AlignRep/One%20Stop%20Shop.xlsx">CIP-004-6 R2.2.3</reference>
        <reference href="https://www.nerc.com/pa/Stand/AlignRep/One%20Stop%20Shop.xlsx">CIP-007-3 R.1.3</reference>
        <reference href="https://www.nerc.com/pa/Stand/AlignRep/One%20Stop%20Shop.xlsx">CIP-007-3 R5</reference>
        <reference href="https://www.nerc.com/pa/Stand/AlignRep/One%20Stop%20Shop.xlsx">CIP-007-3 R5.1.1</reference>
        <reference href="https://www.nerc.com/pa/Stand/AlignRep/One%20Stop%20Shop.xlsx">CIP-007-3 R5.1.3</reference>
        <reference href="https://www.nerc.com/pa/Stand/AlignRep/One%20Stop%20Shop.xlsx">CIP-007-3 R5.2.1</reference>
        <reference href="https://www.nerc.com/pa/Stand/AlignRep/One%20Stop%20Shop.xlsx">CIP-007-3 R5.2.3</reference>
        <reference href="http://nvlpubs.nist.gov/nistpubs/SpecialPublications/NIST.SP.800-53r4.pdf">AC-2(4)</reference>
        <reference href="http://nvlpubs.nist.gov/nistpubs/SpecialPublications/NIST.SP.800-53r4.pdf">AU-2(d)</reference>
        <reference href="http://nvlpubs.nist.gov/nistpubs/SpecialPublications/NIST.SP.800-53r4.pdf">AU-12(c)</reference>
        <reference href="http://nvlpubs.nist.gov/nistpubs/SpecialPublications/NIST.SP.800-53r4.pdf">AC-6(9)</reference>
        <reference href="http://nvlpubs.nist.gov/nistpubs/SpecialPublications/NIST.SP.800-53r4.pdf">CM-6(a)</reference>
        <reference href="https://nvlpubs.nist.gov/nistpubs/CSWP/NIST.CSWP.04162018.pdf">DE.AE-3</reference>
        <reference href="https://nvlpubs.nist.gov/nistpubs/CSWP/NIST.CSWP.04162018.pdf">DE.AE-5</reference>
        <reference href="https://nvlpubs.nist.gov/nistpubs/CSWP/NIST.CSWP.04162018.pdf">DE.CM-1</reference>
        <reference href="https://nvlpubs.nist.gov/nistpubs/CSWP/NIST.CSWP.04162018.pdf">DE.CM-3</reference>
        <reference href="https://nvlpubs.nist.gov/nistpubs/CSWP/NIST.CSWP.04162018.pdf">DE.CM-7</reference>
        <reference href="https://nvlpubs.nist.gov/nistpubs/CSWP/NIST.CSWP.04162018.pdf">ID.SC-4</reference>
        <reference href="https://nvlpubs.nist.gov/nistpubs/CSWP/NIST.CSWP.04162018.pdf">PR.AC-1</reference>
        <reference href="https://nvlpubs.nist.gov/nistpubs/CSWP/NIST.CSWP.04162018.pdf">PR.AC-3</reference>
        <reference href="https://nvlpubs.nist.gov/nistpubs/CSWP/NIST.CSWP.04162018.pdf">PR.AC-4</reference>
        <reference href="https://nvlpubs.nist.gov/nistpubs/CSWP/NIST.CSWP.04162018.pdf">PR.AC-6</reference>
        <reference href="https://nvlpubs.nist.gov/nistpubs/CSWP/NIST.CSWP.04162018.pdf">PR.PT-1</reference>
        <reference href="https://nvlpubs.nist.gov/nistpubs/CSWP/NIST.CSWP.04162018.pdf">PR.PT-4</reference>
        <reference href="https://nvlpubs.nist.gov/nistpubs/CSWP/NIST.CSWP.04162018.pdf">RS.AN-1</reference>
        <reference href="https://nvlpubs.nist.gov/nistpubs/CSWP/NIST.CSWP.04162018.pdf">RS.AN-4</reference>
        <reference href="https://www.pcisecuritystandards.org/documents/PCI_DSS_v3-2-1.pdf">Req-10.2.5</reference>
        <reference href="https://public.cyber.mil/stigs/downloads/?_dl_facet_stigs=operating-systems%2Cgeneral-purpose-os">SRG-OS-000004-GPOS-00004</reference>
        <reference href="https://public.cyber.mil/stigs/downloads/?_dl_facet_stigs=operating-systems%2Cgeneral-purpose-os">SRG-OS-000037-GPOS-00015</reference>
        <reference href="https://public.cyber.mil/stigs/downloads/?_dl_facet_stigs=operating-systems%2Cgeneral-purpose-os">SRG-OS-000042-GPOS-00020</reference>
        <reference href="https://public.cyber.mil/stigs/downloads/?_dl_facet_stigs=operating-systems%2Cgeneral-purpose-os">SRG-OS-000062-GPOS-00031</reference>
        <reference href="https://public.cyber.mil/stigs/downloads/?_dl_facet_stigs=operating-systems%2Cgeneral-purpose-os">SRG-OS-000304-GPOS-00121</reference>
        <reference href="https://public.cyber.mil/stigs/downloads/?_dl_facet_stigs=operating-systems%2Cgeneral-purpose-os">SRG-OS-000392-GPOS-00172</reference>
        <reference href="https://public.cyber.mil/stigs/downloads/?_dl_facet_stigs=operating-systems%2Cgeneral-purpose-os">SRG-OS-000462-GPOS-00206</reference>
        <reference href="https://public.cyber.mil/stigs/downloads/?_dl_facet_stigs=operating-systems%2Cgeneral-purpose-os">SRG-OS-000470-GPOS-00214</reference>
        <reference href="https://public.cyber.mil/stigs/downloads/?_dl_facet_stigs=operating-systems%2Cgeneral-purpose-os">SRG-OS-000471-GPOS-00215</reference>
        <reference href="https://public.cyber.mil/stigs/downloads/?_dl_facet_stigs=operating-systems%2Cgeneral-purpose-os">SRG-OS-000239-GPOS-00089</reference>
        <reference href="https://public.cyber.mil/stigs/downloads/?_dl_facet_stigs=operating-systems%2Cgeneral-purpose-os">SRG-OS-000240-GPOS-00090</reference>
        <reference href="https://public.cyber.mil/stigs/downloads/?_dl_facet_stigs=operating-systems%2Cgeneral-purpose-os">SRG-OS-000241-GPOS-00091</reference>
        <reference href="https://public.cyber.mil/stigs/downloads/?_dl_facet_stigs=operating-systems%2Cgeneral-purpose-os">SRG-OS-000303-GPOS-00120</reference>
        <reference href="https://public.cyber.mil/stigs/downloads/?_dl_facet_stigs=operating-systems%2Cgeneral-purpose-os">SRG-OS-000466-GPOS-00210</reference>
        <reference href="https://public.cyber.mil/stigs/downloads/?_dl_facet_stigs=operating-systems%2Cgeneral-purpose-os">SRG-OS-000476-GPOS-00221</reference>
        <reference href="https://public.cyber.mil/stigs/downloads/?_dl_facet_stigs=container-platform">SRG-APP-000495-CTR-001235</reference>
        <reference href="https://public.cyber.mil/stigs/downloads/?_dl_facet_stigs=container-platform">SRG-APP-000499-CTR-001255</reference>
        <reference href="https://public.cyber.mil/stigs/downloads/?_dl_facet_stigs=container-platform">SRG-APP-000503-CTR-001275</reference>
        <reference href="https://cyber.gouv.fr/sites/default/files/document/linux_configuration-en-v2.pdf">R73</reference>
        <reference href="https://www.cisecurity.org/benchmark/ubuntu_linux/">6.2.3.8</reference>
        <reference href="https://docs-prv.pcisecuritystandards.org/PCI%20DSS/Standard/PCI-DSS-v4_0.pdf">10.2.1.5</reference>
        <reference href="https://docs-prv.pcisecuritystandards.org/PCI%20DSS/Standard/PCI-DSS-v4_0.pdf">10.2.1</reference>
        <reference href="https://docs-prv.pcisecuritystandards.org/PCI%20DSS/Standard/PCI-DSS-v4_0.pdf">10.2</reference>
        <rationale xmlns:xhtml="http://www.w3.org/1999/xhtml" xml:lang="en-US">In addition to auditing new user and group accounts, these watches
will alert the system administrator(s) to any modifications. Any unexpected
users, groups, or modifications should be investigated for legitimacy.</rationale>
        <fix xmlns:xhtml="http://www.w3.org/1999/xhtml" id="audit_rules_usergroup_modification_group" system="urn:xccdf:fix:script:ansible" reboot="true" complexity="low" disruption="low" strategy="restrict">- name: Gather the package facts
  package_facts:
    manager: auto
  tags:
  - CJIS-5.4.1.1
  - NIST-800-171-3.1.7
  - NIST-800-53-AC-2(4)
  - NIST-800-53-AC-6(9)
  - NIST-800-53-AU-12(c)
  - NIST-800-53-AU-2(d)
  - NIST-800-53-CM-6(a)
  - PCI-DSS-Req-10.2.5
  - PCI-DSSv4-10.2
  - PCI-DSSv4-10.2.1
  - PCI-DSSv4-10.2.1.5
  - audit_rules_usergroup_modification_group
  - low_complexity
  - low_disruption
  - medium_severity
  - reboot_required
  - restrict_strategy

- name: Check if watch rule for /etc/group already exists in /etc/audit/rules.d/
  find:
    paths: /etc/audit/rules.d
    contains: ^\s*-w\s+/etc/group\s+-p\s+wa(\s|$)+
    patterns: '*.rules'
  register: find_existing_watch_rules_d
  when:
  - '"auditd" in ansible_facts.packages'
  - '"linux-base" in ansible_facts.packages'
  tags:
  - CJIS-5.4.1.1
  - NIST-800-171-3.1.7
  - NIST-800-53-AC-2(4)
  - NIST-800-53-AC-6(9)
  - NIST-800-53-AU-12(c)
  - NIST-800-53-AU-2(d)
  - NIST-800-53-CM-6(a)
  - PCI-DSS-Req-10.2.5
  - PCI-DSSv4-10.2
  - PCI-DSSv4-10.2.1
  - PCI-DSSv4-10.2.1.5
  - audit_rules_usergroup_modification_group
  - low_complexity
  - low_disruption
  - medium_severity
  - reboot_required
  - restrict_strategy

- name: Search /etc/audit/rules.d for other rules with specified key audit_rules_usergroup_modification
  find:
    paths: /etc/audit/rules.d
    contains: ^.*(?:-F key=|-k\s+)audit_rules_usergroup_modification$
    patterns: '*.rules'
  register: find_watch_key
  when:
  - '"auditd" in ansible_facts.packages'
  - '"linux-base" in ansible_facts.packages'
  - find_existing_watch_rules_d.matched is defined and find_existing_watch_rules_d.matched
    == 0
  tags:
  - CJIS-5.4.1.1
  - NIST-800-171-3.1.7
  - NIST-800-53-AC-2(4)
  - NIST-800-53-AC-6(9)
  - NIST-800-53-AU-12(c)
  - NIST-800-53-AU-2(d)
  - NIST-800-53-CM-6(a)
  - PCI-DSS-Req-10.2.5
  - PCI-DSSv4-10.2
  - PCI-DSSv4-10.2.1
  - PCI-DSSv4-10.2.1.5
  - audit_rules_usergroup_modification_group
  - low_complexity
  - low_disruption
  - medium_severity
  - reboot_required
  - restrict_strategy

- name: Use /etc/audit/rules.d/audit_rules_usergroup_modification.rules as the recipient
    for the rule
  set_fact:
    all_files:
    - /etc/audit/rules.d/audit_rules_usergroup_modification.rules
  when:
  - '"auditd" in ansible_facts.packages'
  - '"linux-base" in ansible_facts.packages'
  - find_watch_key.matched is defined and find_watch_key.matched == 0 and find_existing_watch_rules_d.matched
    is defined and find_existing_watch_rules_d.matched == 0
  tags:
  - CJIS-5.4.1.1
  - NIST-800-171-3.1.7
  - NIST-800-53-AC-2(4)
  - NIST-800-53-AC-6(9)
  - NIST-800-53-AU-12(c)
  - NIST-800-53-AU-2(d)
  - NIST-800-53-CM-6(a)
  - PCI-DSS-Req-10.2.5
  - PCI-DSSv4-10.2
  - PCI-DSSv4-10.2.1
  - PCI-DSSv4-10.2.1.5
  - audit_rules_usergroup_modification_group
  - low_complexity
  - low_disruption
  - medium_severity
  - reboot_required
  - restrict_strategy

- name: Use matched file as the recipient for the rule
  set_fact:
    all_files:
    - '{{ find_watch_key.files | map(attribute=''path'') | list | first }}'
  when:
  - '"auditd" in ansible_facts.packages'
  - '"linux-base" in ansible_facts.packages'
  - find_watch_key.matched is defined and find_watch_key.matched &gt; 0 and find_existing_watch_rules_d.matched
    is defined and find_existing_watch_rules_d.matched == 0
  tags:
  - CJIS-5.4.1.1
  - NIST-800-171-3.1.7
  - NIST-800-53-AC-2(4)
  - NIST-800-53-AC-6(9)
  - NIST-800-53-AU-12(c)
  - NIST-800-53-AU-2(d)
  - NIST-800-53-CM-6(a)
  - PCI-DSS-Req-10.2.5
  - PCI-DSSv4-10.2
  - PCI-DSSv4-10.2.1
  - PCI-DSSv4-10.2.1.5
  - audit_rules_usergroup_modification_group
  - low_complexity
  - low_disruption
  - medium_severity
  - reboot_required
  - restrict_strategy

- name: Add watch rule for /etc/group in /etc/audit/rules.d/
  lineinfile:
    path: '{{ all_files[0] }}'
    line: -w /etc/group -p wa -k audit_rules_usergroup_modification
    create: true
    mode: '0600'
  when:
  - '"auditd" in ansible_facts.packages'
  - '"linux-base" in ansible_facts.packages'
  - find_existing_watch_rules_d.matched is defined and find_existing_watch_rules_d.matched
    == 0
  tags:
  - CJIS-5.4.1.1
  - NIST-800-171-3.1.7
  - NIST-800-53-AC-2(4)
  - NIST-800-53-AC-6(9)
  - NIST-800-53-AU-12(c)
  - NIST-800-53-AU-2(d)
  - NIST-800-53-CM-6(a)
  - PCI-DSS-Req-10.2.5
  - PCI-DSSv4-10.2
  - PCI-DSSv4-10.2.1
  - PCI-DSSv4-10.2.1.5
  - audit_rules_usergroup_modification_group
  - low_complexity
  - low_disruption
  - medium_severity
  - reboot_required
  - restrict_strategy

- name: Check if watch rule for /etc/group already exists in /etc/audit/audit.rules
  find:
    paths: /etc/audit/
    contains: ^\s*-w\s+/etc/group\s+-p\s+wa(\s|$)+
    patterns: audit.rules
  register: find_existing_watch_audit_rules
  when:
  - '"auditd" in ansible_facts.packages'
  - '"linux-base" in ansible_facts.packages'
  tags:
  - CJIS-5.4.1.1
  - NIST-800-171-3.1.7
  - NIST-800-53-AC-2(4)
  - NIST-800-53-AC-6(9)
  - NIST-800-53-AU-12(c)
  - NIST-800-53-AU-2(d)
  - NIST-800-53-CM-6(a)
  - PCI-DSS-Req-10.2.5
  - PCI-DSSv4-10.2
  - PCI-DSSv4-10.2.1
  - PCI-DSSv4-10.2.1.5
  - audit_rules_usergroup_modification_group
  - low_complexity
  - low_disruption
  - medium_severity
  - reboot_required
  - restrict_strategy

- name: Add watch rule for /etc/group in /etc/audit/audit.rules
  lineinfile:
    line: -w /etc/group -p wa -k audit_rules_usergroup_modification
    state: present
    dest: /etc/audit/audit.rules
    create: true
    mode: '0600'
  when:
  - '"auditd" in ansible_facts.packages'
  - '"linux-base" in ansible_facts.packages'
  - find_existing_watch_audit_rules.matched is defined and find_existing_watch_audit_rules.matched
    == 0
  tags:
  - CJIS-5.4.1.1
  - NIST-800-171-3.1.7
  - NIST-800-53-AC-2(4)
  - NIST-800-53-AC-6(9)
  - NIST-800-53-AU-12(c)
  - NIST-800-53-AU-2(d)
  - NIST-800-53-CM-6(a)
  - PCI-DSS-Req-10.2.5
  - PCI-DSSv4-10.2
  - PCI-DSSv4-10.2.1
  - PCI-DSSv4-10.2.1.5
  - audit_rules_usergroup_modification_group
  - low_complexity
  - low_disruption
  - medium_severity
  - reboot_required
  - restrict_strategy
</fix>
        <fix xmlns:xhtml="http://www.w3.org/1999/xhtml" id="audit_rules_usergroup_modification_group" system="urn:xccdf:fix:script:sh"># Remediation is applicable only in certain platforms
if dpkg-query --show --showformat='${db:Status-Status}
' 'linux-base' 2&gt;/dev/null | grep -q ^installed &amp;&amp; dpkg-query --show --showformat='${db:Status-Status}\n' 'auditd' 2&gt;/dev/null | grep -q '^installed'; then

# Perform the remediation for both possible tools: 'auditctl' and 'augenrules'

# Create a list of audit *.rules files that should be inspected for presence and correctness
# of a particular audit rule. The scheme is as follows:
#
# -----------------------------------------------------------------------------------------
# Tool used to load audit rules	| Rule already defined	|  Audit rules file to inspect	  |
# -----------------------------------------------------------------------------------------
#	auditctl		|     Doesn't matter	|  /etc/audit/audit.rules	  |
# -----------------------------------------------------------------------------------------
# 	augenrules		|          Yes		|  /etc/audit/rules.d/*.rules	  |
# 	augenrules		|          No		|  /etc/audit/rules.d/$key.rules  |
# -----------------------------------------------------------------------------------------
files_to_inspect=()


# If the audit tool is 'auditctl', then add '/etc/audit/audit.rules'
# into the list of files to be inspected
files_to_inspect+=('/etc/audit/audit.rules')

# Finally perform the inspection and possible subsequent audit rule
# correction for each of the files previously identified for inspection
for audit_rules_file in "${files_to_inspect[@]}"
do
    # Check if audit watch file system object rule for given path already present
    if grep -q -P -- "^[\s]*-w[\s]+/etc/group" "$audit_rules_file"
    then
        # Rule is found =&gt; verify yet if existing rule definition contains
        # all of the required access type bits

        # Define BRE whitespace class shortcut
        sp="[[:space:]]"
        # Extract current permission access types (e.g. -p [r|w|x|a] values) from audit rule
        current_access_bits=$(sed -ne "s#$sp*-w$sp\+/etc/group $sp\+-p$sp\+\([rxwa]\{1,4\}\).*#\1#p" "$audit_rules_file")
        # Split required access bits string into characters array
        # (to check bit's presence for one bit at a time)
        for access_bit in $(echo "wa" | grep -o .)
        do
            # For each from the required access bits (e.g. 'w', 'a') check
            # if they are already present in current access bits for rule.
            # If not, append that bit at the end
            if ! grep -q "$access_bit" &lt;&lt;&lt; "$current_access_bits"
            then
                # Concatenate the existing mask with the missing bit
                current_access_bits="$current_access_bits$access_bit"
            fi
        done
        # Propagate the updated rule's access bits (original + the required
        # ones) back into the /etc/audit/audit.rules file for that rule
        sed -i "s#\($sp*-w$sp\+/etc/group$sp\+-p$sp\+\)\([rxwa]\{1,4\}\)\(.*\)#\1$current_access_bits\3#" "$audit_rules_file"
    else
        # Rule isn't present yet. Append it at the end of $audit_rules_file file
        # with proper key

        echo "-w /etc/group -p wa -k audit_rules_usergroup_modification" &gt;&gt; "$audit_rules_file"
    fi
done
# Create a list of audit *.rules files that should be inspected for presence and correctness
# of a particular audit rule. The scheme is as follows:
#
# -----------------------------------------------------------------------------------------
# Tool used to load audit rules	| Rule already defined	|  Audit rules file to inspect	  |
# -----------------------------------------------------------------------------------------
#	auditctl		|     Doesn't matter	|  /etc/audit/audit.rules	  |
# -----------------------------------------------------------------------------------------
# 	augenrules		|          Yes		|  /etc/audit/rules.d/*.rules	  |
# 	augenrules		|          No		|  /etc/audit/rules.d/$key.rules  |
# -----------------------------------------------------------------------------------------
files_to_inspect=()

# If the audit is 'augenrules', then check if rule is already defined
# If rule is defined, add '/etc/audit/rules.d/*.rules' to list of files for inspection.
# If rule isn't defined, add '/etc/audit/rules.d/audit_rules_usergroup_modification.rules' to list of files for inspection.
readarray -t matches &lt; &lt;(grep -HP "[\s]*-w[\s]+/etc/group" /etc/audit/rules.d/*.rules)

# For each of the matched entries
for match in "${matches[@]}"
do
    # Extract filepath from the match
    rulesd_audit_file=$(echo $match | cut -f1 -d ':')
    # Append that path into list of files for inspection
    files_to_inspect+=("$rulesd_audit_file")
done
# Case when particular audit rule isn't defined yet
if [ "${#files_to_inspect[@]}" -eq "0" ]
then
    # Append '/etc/audit/rules.d/audit_rules_usergroup_modification.rules' into list of files for inspection
    key_rule_file="/etc/audit/rules.d/audit_rules_usergroup_modification.rules"
    # If the audit_rules_usergroup_modification.rules file doesn't exist yet, create it with correct permissions
    if [ ! -e "$key_rule_file" ]
    then
        touch "$key_rule_file"
        chmod 0600 "$key_rule_file"
    fi
    files_to_inspect+=("$key_rule_file")
fi

# Finally perform the inspection and possible subsequent audit rule
# correction for each of the files previously identified for inspection
for audit_rules_file in "${files_to_inspect[@]}"
do
    # Check if audit watch file system object rule for given path already present
    if grep -q -P -- "^[\s]*-w[\s]+/etc/group" "$audit_rules_file"
    then
        # Rule is found =&gt; verify yet if existing rule definition contains
        # all of the required access type bits

        # Define BRE whitespace class shortcut
        sp="[[:space:]]"
        # Extract current permission access types (e.g. -p [r|w|x|a] values) from audit rule
        current_access_bits=$(sed -ne "s#$sp*-w$sp\+/etc/group $sp\+-p$sp\+\([rxwa]\{1,4\}\).*#\1#p" "$audit_rules_file")
        # Split required access bits string into characters array
        # (to check bit's presence for one bit at a time)
        for access_bit in $(echo "wa" | grep -o .)
        do
            # For each from the required access bits (e.g. 'w', 'a') check
            # if they are already present in current access bits for rule.
            # If not, append that bit at the end
            if ! grep -q "$access_bit" &lt;&lt;&lt; "$current_access_bits"
            then
                # Concatenate the existing mask with the missing bit
                current_access_bits="$current_access_bits$access_bit"
            fi
        done
        # Propagate the updated rule's access bits (original + the required
        # ones) back into the /etc/audit/audit.rules file for that rule
        sed -i "s#\($sp*-w$sp\+/etc/group$sp\+-p$sp\+\)\([rxwa]\{1,4\}\)\(.*\)#\1$current_access_bits\3#" "$audit_rules_file"
    else
        # Rule isn't present yet. Append it at the end of $audit_rules_file file
        # with proper key

        echo "-w /etc/group -p wa -k audit_rules_usergroup_modification" &gt;&gt; "$audit_rules_file"
    fi
done

else
    &gt;&amp;2 echo 'Remediation is not applicable, nothing was done'
fi
</fix>
        <check system="http://oval.mitre.org/XMLSchema/oval-definitions-5">
          <check-content-ref name="oval:ssg-audit_rules_usergroup_modification_group:def:1" href="ssg-ubuntu2404-oval.xml"/>
        </check>
        <check system="http://scap.nist.gov/schema/ocil/2">
          <check-content-ref name="ocil:ssg-audit_rules_usergroup_modification_group_ocil:questionnaire:1" href="ssg-ubuntu2404-ocil.xml"/>
        </check>
      </Rule>
      <Rule id="xccdf_org.ssgproject.content_rule_audit_rules_usergroup_modification_gshadow" selected="false" role="full" severity="medium">
        <title xmlns:xhtml="http://www.w3.org/1999/xhtml" xml:lang="en-US">Record Events that Modify User/Group Information - /etc/gshadow</title>
        <description xmlns:xhtml="http://www.w3.org/1999/xhtml" xml:lang="en-US">If the <html:code xmlns:html="http://www.w3.org/1999/xhtml">auditd</html:code> daemon is configured to use the
<html:code xmlns:html="http://www.w3.org/1999/xhtml">augenrules</html:code> program to read audit rules during daemon startup (the
default), add the following lines to a file with suffix <html:code xmlns:html="http://www.w3.org/1999/xhtml">.rules</html:code> in the
directory <html:code xmlns:html="http://www.w3.org/1999/xhtml">/etc/audit/rules.d</html:code>, in order to capture events that modify
account changes:
<html:br xmlns:html="http://www.w3.org/1999/xhtml"/>
       <html:br xmlns:html="http://www.w3.org/1999/xhtml"/>
       <html:pre xmlns:html="http://www.w3.org/1999/xhtml">-w /etc/gshadow -p wa -k audit_rules_usergroup_modification</html:pre>
       <html:br xmlns:html="http://www.w3.org/1999/xhtml"/>
       <html:br xmlns:html="http://www.w3.org/1999/xhtml"/>
If the <html:code xmlns:html="http://www.w3.org/1999/xhtml">auditd</html:code> daemon is configured to use the <html:code xmlns:html="http://www.w3.org/1999/xhtml">auditctl</html:code>
utility to read audit rules during daemon startup, add the following lines to
<html:code xmlns:html="http://www.w3.org/1999/xhtml">/etc/audit/audit.rules</html:code> file, in order to capture events that modify
account changes:
<html:br xmlns:html="http://www.w3.org/1999/xhtml"/>
       <html:br xmlns:html="http://www.w3.org/1999/xhtml"/>
       <html:pre xmlns:html="http://www.w3.org/1999/xhtml">-w /etc/gshadow -p wa -k audit_rules_usergroup_modification</html:pre>
      </description>
        <reference href="https://www.cisecurity.org/controls/">1</reference>
        <reference href="https://www.cisecurity.org/controls/">11</reference>
        <reference href="https://www.cisecurity.org/controls/">12</reference>
        <reference href="https://www.cisecurity.org/controls/">13</reference>
        <reference href="https://www.cisecurity.org/controls/">14</reference>
        <reference href="https://www.cisecurity.org/controls/">15</reference>
        <reference href="https://www.cisecurity.org/controls/">16</reference>
        <reference href="https://www.cisecurity.org/controls/">18</reference>
        <reference href="https://www.cisecurity.org/controls/">19</reference>
        <reference href="https://www.cisecurity.org/controls/">2</reference>
        <reference href="https://www.cisecurity.org/controls/">3</reference>
        <reference href="https://www.cisecurity.org/controls/">4</reference>
        <reference href="https://www.cisecurity.org/controls/">5</reference>
        <reference href="https://www.cisecurity.org/controls/">6</reference>
        <reference href="https://www.cisecurity.org/controls/">7</reference>
        <reference href="https://www.cisecurity.org/controls/">8</reference>
        <reference href="https://www.cisecurity.org/controls/">9</reference>
        <reference href="https://www.fbi.gov/file-repository/cjis-security-policy-v5_5_20160601-2-1.pdf">5.4.1.1</reference>
        <reference href="https://www.isaca.org/resources/cobit">APO10.01</reference>
        <reference href="https://www.isaca.org/resources/cobit">APO10.03</reference>
        <reference href="https://www.isaca.org/resources/cobit">APO10.04</reference>
        <reference href="https://www.isaca.org/resources/cobit">APO10.05</reference>
        <reference href="https://www.isaca.org/resources/cobit">APO11.04</reference>
        <reference href="https://www.isaca.org/resources/cobit">APO12.06</reference>
        <reference href="https://www.isaca.org/resources/cobit">APO13.01</reference>
        <reference href="https://www.isaca.org/resources/cobit">BAI03.05</reference>
        <reference href="https://www.isaca.org/resources/cobit">BAI08.02</reference>
        <reference href="https://www.isaca.org/resources/cobit">DSS01.03</reference>
        <reference href="https://www.isaca.org/resources/cobit">DSS01.04</reference>
        <reference href="https://www.isaca.org/resources/cobit">DSS02.02</reference>
        <reference href="https://www.isaca.org/resources/cobit">DSS02.04</reference>
        <reference href="https://www.isaca.org/resources/cobit">DSS02.07</reference>
        <reference href="https://www.isaca.org/resources/cobit">DSS03.01</reference>
        <reference href="https://www.isaca.org/resources/cobit">DSS03.05</reference>
        <reference href="https://www.isaca.org/resources/cobit">DSS05.02</reference>
        <reference href="https://www.isaca.org/resources/cobit">DSS05.03</reference>
        <reference href="https://www.isaca.org/resources/cobit">DSS05.04</reference>
        <reference href="https://www.isaca.org/resources/cobit">DSS05.05</reference>
        <reference href="https://www.isaca.org/resources/cobit">DSS05.07</reference>
        <reference href="https://www.isaca.org/resources/cobit">DSS06.03</reference>
        <reference href="https://www.isaca.org/resources/cobit">MEA01.01</reference>
        <reference href="https://www.isaca.org/resources/cobit">MEA01.02</reference>
        <reference href="https://www.isaca.org/resources/cobit">MEA01.03</reference>
        <reference href="https://www.isaca.org/resources/cobit">MEA01.04</reference>
        <reference href="https://www.isaca.org/resources/cobit">MEA01.05</reference>
        <reference href="https://www.isaca.org/resources/cobit">MEA02.01</reference>
        <reference href="http://nvlpubs.nist.gov/nistpubs/SpecialPublications/NIST.SP.800-171.pdf">3.1.7</reference>
        <reference href="https://public.cyber.mil/stigs/cci/">CCI-001403</reference>
        <reference href="https://public.cyber.mil/stigs/cci/">CCI-001404</reference>
        <reference href="https://public.cyber.mil/stigs/cci/">CCI-001405</reference>
        <reference href="https://public.cyber.mil/stigs/cci/">CCI-000172</reference>
        <reference href="https://public.cyber.mil/stigs/cci/">CCI-000130</reference>
        <reference href="https://public.cyber.mil/stigs/cci/">CCI-002130</reference>
        <reference href="https://public.cyber.mil/stigs/cci/">CCI-000135</reference>
        <reference href="https://public.cyber.mil/stigs/cci/">CCI-000169</reference>
        <reference href="https://public.cyber.mil/stigs/cci/">CCI-002884</reference>
        <reference href="https://public.cyber.mil/stigs/cci/">CCI-000018</reference>
        <reference href="https://public.cyber.mil/stigs/cci/">CCI-000015</reference>
        <reference href="https://www.gpo.gov/fdsys/pkg/CFR-2007-title45-vol1/pdf/CFR-2007-title45-vol1-chapA-subchapC.pdf">164.308(a)(1)(ii)(D)</reference>
        <reference href="https://www.gpo.gov/fdsys/pkg/CFR-2007-title45-vol1/pdf/CFR-2007-title45-vol1-chapA-subchapC.pdf">164.308(a)(3)(ii)(A)</reference>
        <reference href="https://www.gpo.gov/fdsys/pkg/CFR-2007-title45-vol1/pdf/CFR-2007-title45-vol1-chapA-subchapC.pdf">164.308(a)(5)(ii)(C)</reference>
        <reference href="https://www.gpo.gov/fdsys/pkg/CFR-2007-title45-vol1/pdf/CFR-2007-title45-vol1-chapA-subchapC.pdf">164.312(a)(2)(i)</reference>
        <reference href="https://www.gpo.gov/fdsys/pkg/CFR-2007-title45-vol1/pdf/CFR-2007-title45-vol1-chapA-subchapC.pdf">164.312(b)</reference>
        <reference href="https://www.gpo.gov/fdsys/pkg/CFR-2007-title45-vol1/pdf/CFR-2007-title45-vol1-chapA-subchapC.pdf">164.312(d)</reference>
        <reference href="https://www.gpo.gov/fdsys/pkg/CFR-2007-title45-vol1/pdf/CFR-2007-title45-vol1-chapA-subchapC.pdf">164.312(e)</reference>
        <reference href="https://www.isa.org/products/isa-62443-2-1-2009-security-for-industrial-automat">4.2.3.10</reference>
        <reference href="https://www.isa.org/products/isa-62443-2-1-2009-security-for-industrial-automat">4.3.2.6.7</reference>
        <reference href="https://www.isa.org/products/isa-62443-2-1-2009-security-for-industrial-automat">4.3.3.2.2</reference>
        <reference href="https://www.isa.org/products/isa-62443-2-1-2009-security-for-industrial-automat">4.3.3.3.9</reference>
        <reference href="https://www.isa.org/products/isa-62443-2-1-2009-security-for-industrial-automat">4.3.3.5.1</reference>
        <reference href="https://www.isa.org/products/isa-62443-2-1-2009-security-for-industrial-automat">4.3.3.5.2</reference>
        <reference href="https://www.isa.org/products/isa-62443-2-1-2009-security-for-industrial-automat">4.3.3.5.8</reference>
        <reference href="https://www.isa.org/products/isa-62443-2-1-2009-security-for-industrial-automat">4.3.3.6.6</reference>
        <reference href="https://www.isa.org/products/isa-62443-2-1-2009-security-for-industrial-automat">4.3.3.7.2</reference>
        <reference href="https://www.isa.org/products/isa-62443-2-1-2009-security-for-industrial-automat">4.3.3.7.3</reference>
        <reference href="https://www.isa.org/products/isa-62443-2-1-2009-security-for-industrial-automat">4.3.3.7.4</reference>
        <reference href="https://www.isa.org/products/isa-62443-2-1-2009-security-for-industrial-automat">4.3.4.4.7</reference>
        <reference href="https://www.isa.org/products/isa-62443-2-1-2009-security-for-industrial-automat">4.3.4.5.6</reference>
        <reference href="https://www.isa.org/products/isa-62443-2-1-2009-security-for-industrial-automat">4.3.4.5.7</reference>
        <reference href="https://www.isa.org/products/isa-62443-2-1-2009-security-for-industrial-automat">4.3.4.5.8</reference>
        <reference href="https://www.isa.org/products/isa-62443-2-1-2009-security-for-industrial-automat">4.4.2.1</reference>
        <reference href="https://www.isa.org/products/isa-62443-2-1-2009-security-for-industrial-automat">4.4.2.2</reference>
        <reference href="https://www.isa.org/products/isa-62443-2-1-2009-security-for-industrial-automat">4.4.2.4</reference>
        <reference href="https://www.isa.org/products/ansi-isa-62443-3-3-99-03-03-2013-security-for-indu">SR 1.1</reference>
        <reference href="https://www.isa.org/products/ansi-isa-62443-3-3-99-03-03-2013-security-for-indu">SR 1.13</reference>
        <reference href="https://www.isa.org/products/ansi-isa-62443-3-3-99-03-03-2013-security-for-indu">SR 1.2</reference>
        <reference href="https://www.isa.org/products/ansi-isa-62443-3-3-99-03-03-2013-security-for-indu">SR 1.3</reference>
        <reference href="https://www.isa.org/products/ansi-isa-62443-3-3-99-03-03-2013-security-for-indu">SR 1.4</reference>
        <reference href="https://www.isa.org/products/ansi-isa-62443-3-3-99-03-03-2013-security-for-indu">SR 1.5</reference>
        <reference href="https://www.isa.org/products/ansi-isa-62443-3-3-99-03-03-2013-security-for-indu">SR 1.7</reference>
        <reference href="https://www.isa.org/products/ansi-isa-62443-3-3-99-03-03-2013-security-for-indu">SR 1.8</reference>
        <reference href="https://www.isa.org/products/ansi-isa-62443-3-3-99-03-03-2013-security-for-indu">SR 1.9</reference>
        <reference href="https://www.isa.org/products/ansi-isa-62443-3-3-99-03-03-2013-security-for-indu">SR 2.1</reference>
        <reference href="https://www.isa.org/products/ansi-isa-62443-3-3-99-03-03-2013-security-for-indu">SR 2.10</reference>
        <reference href="https://www.isa.org/products/ansi-isa-62443-3-3-99-03-03-2013-security-for-indu">SR 2.11</reference>
        <reference href="https://www.isa.org/products/ansi-isa-62443-3-3-99-03-03-2013-security-for-indu">SR 2.12</reference>
        <reference href="https://www.isa.org/products/ansi-isa-62443-3-3-99-03-03-2013-security-for-indu">SR 2.6</reference>
        <reference href="https://www.isa.org/products/ansi-isa-62443-3-3-99-03-03-2013-security-for-indu">SR 2.8</reference>
        <reference href="https://www.isa.org/products/ansi-isa-62443-3-3-99-03-03-2013-security-for-indu">SR 2.9</reference>
        <reference href="https://www.isa.org/products/ansi-isa-62443-3-3-99-03-03-2013-security-for-indu">SR 3.1</reference>
        <reference href="https://www.isa.org/products/ansi-isa-62443-3-3-99-03-03-2013-security-for-indu">SR 3.5</reference>
        <reference href="https://www.isa.org/products/ansi-isa-62443-3-3-99-03-03-2013-security-for-indu">SR 3.8</reference>
        <reference href="https://www.isa.org/products/ansi-isa-62443-3-3-99-03-03-2013-security-for-indu">SR 4.1</reference>
        <reference href="https://www.isa.org/products/ansi-isa-62443-3-3-99-03-03-2013-security-for-indu">SR 4.3</reference>
        <reference href="https://www.isa.org/products/ansi-isa-62443-3-3-99-03-03-2013-security-for-indu">SR 5.1</reference>
        <reference href="https://www.isa.org/products/ansi-isa-62443-3-3-99-03-03-2013-security-for-indu">SR 5.2</reference>
        <reference href="https://www.isa.org/products/ansi-isa-62443-3-3-99-03-03-2013-security-for-indu">SR 5.3</reference>
        <reference href="https://www.isa.org/products/ansi-isa-62443-3-3-99-03-03-2013-security-for-indu">SR 6.1</reference>
        <reference href="https://www.isa.org/products/ansi-isa-62443-3-3-99-03-03-2013-security-for-indu">SR 6.2</reference>
        <reference href="https://www.isa.org/products/ansi-isa-62443-3-3-99-03-03-2013-security-for-indu">SR 7.1</reference>
        <reference href="https://www.isa.org/products/ansi-isa-62443-3-3-99-03-03-2013-security-for-indu">SR 7.6</reference>
        <reference href="https://www.iso.org/contents/data/standard/05/45/54534.html">A.11.2.6</reference>
        <reference href="https://www.iso.org/contents/data/standard/05/45/54534.html">A.12.4.1</reference>
        <reference href="https://www.iso.org/contents/data/standard/05/45/54534.html">A.12.4.2</reference>
        <reference href="https://www.iso.org/contents/data/standard/05/45/54534.html">A.12.4.3</reference>
        <reference href="https://www.iso.org/contents/data/standard/05/45/54534.html">A.12.4.4</reference>
        <reference href="https://www.iso.org/contents/data/standard/05/45/54534.html">A.12.7.1</reference>
        <reference href="https://www.iso.org/contents/data/standard/05/45/54534.html">A.13.1.1</reference>
        <reference href="https://www.iso.org/contents/data/standard/05/45/54534.html">A.13.2.1</reference>
        <reference href="https://www.iso.org/contents/data/standard/05/45/54534.html">A.14.1.3</reference>
        <reference href="https://www.iso.org/contents/data/standard/05/45/54534.html">A.14.2.7</reference>
        <reference href="https://www.iso.org/contents/data/standard/05/45/54534.html">A.15.2.1</reference>
        <reference href="https://www.iso.org/contents/data/standard/05/45/54534.html">A.15.2.2</reference>
        <reference href="https://www.iso.org/contents/data/standard/05/45/54534.html">A.16.1.4</reference>
        <reference href="https://www.iso.org/contents/data/standard/05/45/54534.html">A.16.1.5</reference>
        <reference href="https://www.iso.org/contents/data/standard/05/45/54534.html">A.16.1.7</reference>
        <reference href="https://www.iso.org/contents/data/standard/05/45/54534.html">A.6.1.2</reference>
        <reference href="https://www.iso.org/contents/data/standard/05/45/54534.html">A.6.2.1</reference>
        <reference href="https://www.iso.org/contents/data/standard/05/45/54534.html">A.6.2.2</reference>
        <reference href="https://www.iso.org/contents/data/standard/05/45/54534.html">A.7.1.1</reference>
        <reference href="https://www.iso.org/contents/data/standard/05/45/54534.html">A.9.1.2</reference>
        <reference href="https://www.iso.org/contents/data/standard/05/45/54534.html">A.9.2.1</reference>
        <reference href="https://www.iso.org/contents/data/standard/05/45/54534.html">A.9.2.2</reference>
        <reference href="https://www.iso.org/contents/data/standard/05/45/54534.html">A.9.2.3</reference>
        <reference href="https://www.iso.org/contents/data/standard/05/45/54534.html">A.9.2.4</reference>
        <reference href="https://www.iso.org/contents/data/standard/05/45/54534.html">A.9.2.6</reference>
        <reference href="https://www.iso.org/contents/data/standard/05/45/54534.html">A.9.3.1</reference>
        <reference href="https://www.iso.org/contents/data/standard/05/45/54534.html">A.9.4.1</reference>
        <reference href="https://www.iso.org/contents/data/standard/05/45/54534.html">A.9.4.2</reference>
        <reference href="https://www.iso.org/contents/data/standard/05/45/54534.html">A.9.4.3</reference>
        <reference href="https://www.iso.org/contents/data/standard/05/45/54534.html">A.9.4.4</reference>
        <reference href="https://www.iso.org/contents/data/standard/05/45/54534.html">A.9.4.5</reference>
        <reference href="https://www.nerc.com/pa/Stand/AlignRep/One%20Stop%20Shop.xlsx">CIP-004-6 R2.2.2</reference>
        <reference href="https://www.nerc.com/pa/Stand/AlignRep/One%20Stop%20Shop.xlsx">CIP-004-6 R2.2.3</reference>
        <reference href="https://www.nerc.com/pa/Stand/AlignRep/One%20Stop%20Shop.xlsx">CIP-007-3 R.1.3</reference>
        <reference href="https://www.nerc.com/pa/Stand/AlignRep/One%20Stop%20Shop.xlsx">CIP-007-3 R5</reference>
        <reference href="https://www.nerc.com/pa/Stand/AlignRep/One%20Stop%20Shop.xlsx">CIP-007-3 R5.1.1</reference>
        <reference href="https://www.nerc.com/pa/Stand/AlignRep/One%20Stop%20Shop.xlsx">CIP-007-3 R5.1.3</reference>
        <reference href="https://www.nerc.com/pa/Stand/AlignRep/One%20Stop%20Shop.xlsx">CIP-007-3 R5.2.1</reference>
        <reference href="https://www.nerc.com/pa/Stand/AlignRep/One%20Stop%20Shop.xlsx">CIP-007-3 R5.2.3</reference>
        <reference href="http://nvlpubs.nist.gov/nistpubs/SpecialPublications/NIST.SP.800-53r4.pdf">AC-2(4)</reference>
        <reference href="http://nvlpubs.nist.gov/nistpubs/SpecialPublications/NIST.SP.800-53r4.pdf">AU-2(d)</reference>
        <reference href="http://nvlpubs.nist.gov/nistpubs/SpecialPublications/NIST.SP.800-53r4.pdf">AU-12(c)</reference>
        <reference href="http://nvlpubs.nist.gov/nistpubs/SpecialPublications/NIST.SP.800-53r4.pdf">AC-6(9)</reference>
        <reference href="http://nvlpubs.nist.gov/nistpubs/SpecialPublications/NIST.SP.800-53r4.pdf">CM-6(a)</reference>
        <reference href="https://nvlpubs.nist.gov/nistpubs/CSWP/NIST.CSWP.04162018.pdf">DE.AE-3</reference>
        <reference href="https://nvlpubs.nist.gov/nistpubs/CSWP/NIST.CSWP.04162018.pdf">DE.AE-5</reference>
        <reference href="https://nvlpubs.nist.gov/nistpubs/CSWP/NIST.CSWP.04162018.pdf">DE.CM-1</reference>
        <reference href="https://nvlpubs.nist.gov/nistpubs/CSWP/NIST.CSWP.04162018.pdf">DE.CM-3</reference>
        <reference href="https://nvlpubs.nist.gov/nistpubs/CSWP/NIST.CSWP.04162018.pdf">DE.CM-7</reference>
        <reference href="https://nvlpubs.nist.gov/nistpubs/CSWP/NIST.CSWP.04162018.pdf">ID.SC-4</reference>
        <reference href="https://nvlpubs.nist.gov/nistpubs/CSWP/NIST.CSWP.04162018.pdf">PR.AC-1</reference>
        <reference href="https://nvlpubs.nist.gov/nistpubs/CSWP/NIST.CSWP.04162018.pdf">PR.AC-3</reference>
        <reference href="https://nvlpubs.nist.gov/nistpubs/CSWP/NIST.CSWP.04162018.pdf">PR.AC-4</reference>
        <reference href="https://nvlpubs.nist.gov/nistpubs/CSWP/NIST.CSWP.04162018.pdf">PR.AC-6</reference>
        <reference href="https://nvlpubs.nist.gov/nistpubs/CSWP/NIST.CSWP.04162018.pdf">PR.PT-1</reference>
        <reference href="https://nvlpubs.nist.gov/nistpubs/CSWP/NIST.CSWP.04162018.pdf">PR.PT-4</reference>
        <reference href="https://nvlpubs.nist.gov/nistpubs/CSWP/NIST.CSWP.04162018.pdf">RS.AN-1</reference>
        <reference href="https://nvlpubs.nist.gov/nistpubs/CSWP/NIST.CSWP.04162018.pdf">RS.AN-4</reference>
        <reference href="https://www.pcisecuritystandards.org/documents/PCI_DSS_v3-2-1.pdf">Req-10.2.5</reference>
        <reference href="https://public.cyber.mil/stigs/downloads/?_dl_facet_stigs=operating-systems%2Cgeneral-purpose-os">SRG-OS-000004-GPOS-00004</reference>
        <reference href="https://public.cyber.mil/stigs/downloads/?_dl_facet_stigs=operating-systems%2Cgeneral-purpose-os">SRG-OS-000037-GPOS-00015</reference>
        <reference href="https://public.cyber.mil/stigs/downloads/?_dl_facet_stigs=operating-systems%2Cgeneral-purpose-os">SRG-OS-000042-GPOS-00020</reference>
        <reference href="https://public.cyber.mil/stigs/downloads/?_dl_facet_stigs=operating-systems%2Cgeneral-purpose-os">SRG-OS-000062-GPOS-00031</reference>
        <reference href="https://public.cyber.mil/stigs/downloads/?_dl_facet_stigs=operating-systems%2Cgeneral-purpose-os">SRG-OS-000304-GPOS-00121</reference>
        <reference href="https://public.cyber.mil/stigs/downloads/?_dl_facet_stigs=operating-systems%2Cgeneral-purpose-os">SRG-OS-000392-GPOS-00172</reference>
        <reference href="https://public.cyber.mil/stigs/downloads/?_dl_facet_stigs=operating-systems%2Cgeneral-purpose-os">SRG-OS-000462-GPOS-00206</reference>
        <reference href="https://public.cyber.mil/stigs/downloads/?_dl_facet_stigs=operating-systems%2Cgeneral-purpose-os">SRG-OS-000470-GPOS-00214</reference>
        <reference href="https://public.cyber.mil/stigs/downloads/?_dl_facet_stigs=operating-systems%2Cgeneral-purpose-os">SRG-OS-000471-GPOS-00215</reference>
        <reference href="https://public.cyber.mil/stigs/downloads/?_dl_facet_stigs=operating-systems%2Cgeneral-purpose-os">SRG-OS-000239-GPOS-00089</reference>
        <reference href="https://public.cyber.mil/stigs/downloads/?_dl_facet_stigs=operating-systems%2Cgeneral-purpose-os">SRG-OS-000240-GPOS-00090</reference>
        <reference href="https://public.cyber.mil/stigs/downloads/?_dl_facet_stigs=operating-systems%2Cgeneral-purpose-os">SRG-OS-000241-GPOS-00091</reference>
        <reference href="https://public.cyber.mil/stigs/downloads/?_dl_facet_stigs=operating-systems%2Cgeneral-purpose-os">SRG-OS-000303-GPOS-00120</reference>
        <reference href="https://public.cyber.mil/stigs/downloads/?_dl_facet_stigs=operating-systems%2Cgeneral-purpose-os">SRG-OS-000466-GPOS-00210</reference>
        <reference href="https://public.cyber.mil/stigs/downloads/?_dl_facet_stigs=operating-systems%2Cgeneral-purpose-os">SRG-OS-000476-GPOS-00221</reference>
        <reference href="https://public.cyber.mil/stigs/downloads/?_dl_facet_stigs=container-platform">SRG-APP-000495-CTR-001235</reference>
        <reference href="https://public.cyber.mil/stigs/downloads/?_dl_facet_stigs=container-platform">SRG-APP-000499-CTR-001255</reference>
        <reference href="https://public.cyber.mil/stigs/downloads/?_dl_facet_stigs=container-platform">SRG-APP-000503-CTR-001275</reference>
        <reference href="https://cyber.gouv.fr/sites/default/files/document/linux_configuration-en-v2.pdf">R73</reference>
        <reference href="https://www.cisecurity.org/benchmark/ubuntu_linux/">6.2.3.8</reference>
        <reference href="https://docs-prv.pcisecuritystandards.org/PCI%20DSS/Standard/PCI-DSS-v4_0.pdf">10.2.1.5</reference>
        <reference href="https://docs-prv.pcisecuritystandards.org/PCI%20DSS/Standard/PCI-DSS-v4_0.pdf">10.2.1</reference>
        <reference href="https://docs-prv.pcisecuritystandards.org/PCI%20DSS/Standard/PCI-DSS-v4_0.pdf">10.2</reference>
        <rationale xmlns:xhtml="http://www.w3.org/1999/xhtml" xml:lang="en-US">In addition to auditing new user and group accounts, these watches
will alert the system administrator(s) to any modifications. Any unexpected
users, groups, or modifications should be investigated for legitimacy.</rationale>
        <fix xmlns:xhtml="http://www.w3.org/1999/xhtml" id="audit_rules_usergroup_modification_gshadow" system="urn:xccdf:fix:script:ansible" reboot="true" complexity="low" disruption="low" strategy="restrict">- name: Gather the package facts
  package_facts:
    manager: auto
  tags:
  - CJIS-5.4.1.1
  - NIST-800-171-3.1.7
  - NIST-800-53-AC-2(4)
  - NIST-800-53-AC-6(9)
  - NIST-800-53-AU-12(c)
  - NIST-800-53-AU-2(d)
  - NIST-800-53-CM-6(a)
  - PCI-DSS-Req-10.2.5
  - PCI-DSSv4-10.2
  - PCI-DSSv4-10.2.1
  - PCI-DSSv4-10.2.1.5
  - audit_rules_usergroup_modification_gshadow
  - low_complexity
  - low_disruption
  - medium_severity
  - reboot_required
  - restrict_strategy

- name: Check if watch rule for /etc/gshadow already exists in /etc/audit/rules.d/
  find:
    paths: /etc/audit/rules.d
    contains: ^\s*-w\s+/etc/gshadow\s+-p\s+wa(\s|$)+
    patterns: '*.rules'
  register: find_existing_watch_rules_d
  when:
  - '"auditd" in ansible_facts.packages'
  - '"linux-base" in ansible_facts.packages'
  tags:
  - CJIS-5.4.1.1
  - NIST-800-171-3.1.7
  - NIST-800-53-AC-2(4)
  - NIST-800-53-AC-6(9)
  - NIST-800-53-AU-12(c)
  - NIST-800-53-AU-2(d)
  - NIST-800-53-CM-6(a)
  - PCI-DSS-Req-10.2.5
  - PCI-DSSv4-10.2
  - PCI-DSSv4-10.2.1
  - PCI-DSSv4-10.2.1.5
  - audit_rules_usergroup_modification_gshadow
  - low_complexity
  - low_disruption
  - medium_severity
  - reboot_required
  - restrict_strategy

- name: Search /etc/audit/rules.d for other rules with specified key audit_rules_usergroup_modification
  find:
    paths: /etc/audit/rules.d
    contains: ^.*(?:-F key=|-k\s+)audit_rules_usergroup_modification$
    patterns: '*.rules'
  register: find_watch_key
  when:
  - '"auditd" in ansible_facts.packages'
  - '"linux-base" in ansible_facts.packages'
  - find_existing_watch_rules_d.matched is defined and find_existing_watch_rules_d.matched
    == 0
  tags:
  - CJIS-5.4.1.1
  - NIST-800-171-3.1.7
  - NIST-800-53-AC-2(4)
  - NIST-800-53-AC-6(9)
  - NIST-800-53-AU-12(c)
  - NIST-800-53-AU-2(d)
  - NIST-800-53-CM-6(a)
  - PCI-DSS-Req-10.2.5
  - PCI-DSSv4-10.2
  - PCI-DSSv4-10.2.1
  - PCI-DSSv4-10.2.1.5
  - audit_rules_usergroup_modification_gshadow
  - low_complexity
  - low_disruption
  - medium_severity
  - reboot_required
  - restrict_strategy

- name: Use /etc/audit/rules.d/audit_rules_usergroup_modification.rules as the recipient
    for the rule
  set_fact:
    all_files:
    - /etc/audit/rules.d/audit_rules_usergroup_modification.rules
  when:
  - '"auditd" in ansible_facts.packages'
  - '"linux-base" in ansible_facts.packages'
  - find_watch_key.matched is defined and find_watch_key.matched == 0 and find_existing_watch_rules_d.matched
    is defined and find_existing_watch_rules_d.matched == 0
  tags:
  - CJIS-5.4.1.1
  - NIST-800-171-3.1.7
  - NIST-800-53-AC-2(4)
  - NIST-800-53-AC-6(9)
  - NIST-800-53-AU-12(c)
  - NIST-800-53-AU-2(d)
  - NIST-800-53-CM-6(a)
  - PCI-DSS-Req-10.2.5
  - PCI-DSSv4-10.2
  - PCI-DSSv4-10.2.1
  - PCI-DSSv4-10.2.1.5
  - audit_rules_usergroup_modification_gshadow
  - low_complexity
  - low_disruption
  - medium_severity
  - reboot_required
  - restrict_strategy

- name: Use matched file as the recipient for the rule
  set_fact:
    all_files:
    - '{{ find_watch_key.files | map(attribute=''path'') | list | first }}'
  when:
  - '"auditd" in ansible_facts.packages'
  - '"linux-base" in ansible_facts.packages'
  - find_watch_key.matched is defined and find_watch_key.matched &gt; 0 and find_existing_watch_rules_d.matched
    is defined and find_existing_watch_rules_d.matched == 0
  tags:
  - CJIS-5.4.1.1
  - NIST-800-171-3.1.7
  - NIST-800-53-AC-2(4)
  - NIST-800-53-AC-6(9)
  - NIST-800-53-AU-12(c)
  - NIST-800-53-AU-2(d)
  - NIST-800-53-CM-6(a)
  - PCI-DSS-Req-10.2.5
  - PCI-DSSv4-10.2
  - PCI-DSSv4-10.2.1
  - PCI-DSSv4-10.2.1.5
  - audit_rules_usergroup_modification_gshadow
  - low_complexity
  - low_disruption
  - medium_severity
  - reboot_required
  - restrict_strategy

- name: Add watch rule for /etc/gshadow in /etc/audit/rules.d/
  lineinfile:
    path: '{{ all_files[0] }}'
    line: -w /etc/gshadow -p wa -k audit_rules_usergroup_modification
    create: true
    mode: '0600'
  when:
  - '"auditd" in ansible_facts.packages'
  - '"linux-base" in ansible_facts.packages'
  - find_existing_watch_rules_d.matched is defined and find_existing_watch_rules_d.matched
    == 0
  tags:
  - CJIS-5.4.1.1
  - NIST-800-171-3.1.7
  - NIST-800-53-AC-2(4)
  - NIST-800-53-AC-6(9)
  - NIST-800-53-AU-12(c)
  - NIST-800-53-AU-2(d)
  - NIST-800-53-CM-6(a)
  - PCI-DSS-Req-10.2.5
  - PCI-DSSv4-10.2
  - PCI-DSSv4-10.2.1
  - PCI-DSSv4-10.2.1.5
  - audit_rules_usergroup_modification_gshadow
  - low_complexity
  - low_disruption
  - medium_severity
  - reboot_required
  - restrict_strategy

- name: Check if watch rule for /etc/gshadow already exists in /etc/audit/audit.rules
  find:
    paths: /etc/audit/
    contains: ^\s*-w\s+/etc/gshadow\s+-p\s+wa(\s|$)+
    patterns: audit.rules
  register: find_existing_watch_audit_rules
  when:
  - '"auditd" in ansible_facts.packages'
  - '"linux-base" in ansible_facts.packages'
  tags:
  - CJIS-5.4.1.1
  - NIST-800-171-3.1.7
  - NIST-800-53-AC-2(4)
  - NIST-800-53-AC-6(9)
  - NIST-800-53-AU-12(c)
  - NIST-800-53-AU-2(d)
  - NIST-800-53-CM-6(a)
  - PCI-DSS-Req-10.2.5
  - PCI-DSSv4-10.2
  - PCI-DSSv4-10.2.1
  - PCI-DSSv4-10.2.1.5
  - audit_rules_usergroup_modification_gshadow
  - low_complexity
  - low_disruption
  - medium_severity
  - reboot_required
  - restrict_strategy

- name: Add watch rule for /etc/gshadow in /etc/audit/audit.rules
  lineinfile:
    line: -w /etc/gshadow -p wa -k audit_rules_usergroup_modification
    state: present
    dest: /etc/audit/audit.rules
    create: true
    mode: '0600'
  when:
  - '"auditd" in ansible_facts.packages'
  - '"linux-base" in ansible_facts.packages'
  - find_existing_watch_audit_rules.matched is defined and find_existing_watch_audit_rules.matched
    == 0
  tags:
  - CJIS-5.4.1.1
  - NIST-800-171-3.1.7
  - NIST-800-53-AC-2(4)
  - NIST-800-53-AC-6(9)
  - NIST-800-53-AU-12(c)
  - NIST-800-53-AU-2(d)
  - NIST-800-53-CM-6(a)
  - PCI-DSS-Req-10.2.5
  - PCI-DSSv4-10.2
  - PCI-DSSv4-10.2.1
  - PCI-DSSv4-10.2.1.5
  - audit_rules_usergroup_modification_gshadow
  - low_complexity
  - low_disruption
  - medium_severity
  - reboot_required
  - restrict_strategy
</fix>
        <fix xmlns:xhtml="http://www.w3.org/1999/xhtml" id="audit_rules_usergroup_modification_gshadow" system="urn:xccdf:fix:script:sh"># Remediation is applicable only in certain platforms
if dpkg-query --show --showformat='${db:Status-Status}
' 'linux-base' 2&gt;/dev/null | grep -q ^installed &amp;&amp; dpkg-query --show --showformat='${db:Status-Status}\n' 'auditd' 2&gt;/dev/null | grep -q '^installed'; then

# Perform the remediation for both possible tools: 'auditctl' and 'augenrules'

# Create a list of audit *.rules files that should be inspected for presence and correctness
# of a particular audit rule. The scheme is as follows:
#
# -----------------------------------------------------------------------------------------
# Tool used to load audit rules	| Rule already defined	|  Audit rules file to inspect	  |
# -----------------------------------------------------------------------------------------
#	auditctl		|     Doesn't matter	|  /etc/audit/audit.rules	  |
# -----------------------------------------------------------------------------------------
# 	augenrules		|          Yes		|  /etc/audit/rules.d/*.rules	  |
# 	augenrules		|          No		|  /etc/audit/rules.d/$key.rules  |
# -----------------------------------------------------------------------------------------
files_to_inspect=()


# If the audit tool is 'auditctl', then add '/etc/audit/audit.rules'
# into the list of files to be inspected
files_to_inspect+=('/etc/audit/audit.rules')

# Finally perform the inspection and possible subsequent audit rule
# correction for each of the files previously identified for inspection
for audit_rules_file in "${files_to_inspect[@]}"
do
    # Check if audit watch file system object rule for given path already present
    if grep -q -P -- "^[\s]*-w[\s]+/etc/gshadow" "$audit_rules_file"
    then
        # Rule is found =&gt; verify yet if existing rule definition contains
        # all of the required access type bits

        # Define BRE whitespace class shortcut
        sp="[[:space:]]"
        # Extract current permission access types (e.g. -p [r|w|x|a] values) from audit rule
        current_access_bits=$(sed -ne "s#$sp*-w$sp\+/etc/gshadow $sp\+-p$sp\+\([rxwa]\{1,4\}\).*#\1#p" "$audit_rules_file")
        # Split required access bits string into characters array
        # (to check bit's presence for one bit at a time)
        for access_bit in $(echo "wa" | grep -o .)
        do
            # For each from the required access bits (e.g. 'w', 'a') check
            # if they are already present in current access bits for rule.
            # If not, append that bit at the end
            if ! grep -q "$access_bit" &lt;&lt;&lt; "$current_access_bits"
            then
                # Concatenate the existing mask with the missing bit
                current_access_bits="$current_access_bits$access_bit"
            fi
        done
        # Propagate the updated rule's access bits (original + the required
        # ones) back into the /etc/audit/audit.rules file for that rule
        sed -i "s#\($sp*-w$sp\+/etc/gshadow$sp\+-p$sp\+\)\([rxwa]\{1,4\}\)\(.*\)#\1$current_access_bits\3#" "$audit_rules_file"
    else
        # Rule isn't present yet. Append it at the end of $audit_rules_file file
        # with proper key

        echo "-w /etc/gshadow -p wa -k audit_rules_usergroup_modification" &gt;&gt; "$audit_rules_file"
    fi
done
# Create a list of audit *.rules files that should be inspected for presence and correctness
# of a particular audit rule. The scheme is as follows:
#
# -----------------------------------------------------------------------------------------
# Tool used to load audit rules	| Rule already defined	|  Audit rules file to inspect	  |
# -----------------------------------------------------------------------------------------
#	auditctl		|     Doesn't matter	|  /etc/audit/audit.rules	  |
# -----------------------------------------------------------------------------------------
# 	augenrules		|          Yes		|  /etc/audit/rules.d/*.rules	  |
# 	augenrules		|          No		|  /etc/audit/rules.d/$key.rules  |
# -----------------------------------------------------------------------------------------
files_to_inspect=()

# If the audit is 'augenrules', then check if rule is already defined
# If rule is defined, add '/etc/audit/rules.d/*.rules' to list of files for inspection.
# If rule isn't defined, add '/etc/audit/rules.d/audit_rules_usergroup_modification.rules' to list of files for inspection.
readarray -t matches &lt; &lt;(grep -HP "[\s]*-w[\s]+/etc/gshadow" /etc/audit/rules.d/*.rules)

# For each of the matched entries
for match in "${matches[@]}"
do
    # Extract filepath from the match
    rulesd_audit_file=$(echo $match | cut -f1 -d ':')
    # Append that path into list of files for inspection
    files_to_inspect+=("$rulesd_audit_file")
done
# Case when particular audit rule isn't defined yet
if [ "${#files_to_inspect[@]}" -eq "0" ]
then
    # Append '/etc/audit/rules.d/audit_rules_usergroup_modification.rules' into list of files for inspection
    key_rule_file="/etc/audit/rules.d/audit_rules_usergroup_modification.rules"
    # If the audit_rules_usergroup_modification.rules file doesn't exist yet, create it with correct permissions
    if [ ! -e "$key_rule_file" ]
    then
        touch "$key_rule_file"
        chmod 0600 "$key_rule_file"
    fi
    files_to_inspect+=("$key_rule_file")
fi

# Finally perform the inspection and possible subsequent audit rule
# correction for each of the files previously identified for inspection
for audit_rules_file in "${files_to_inspect[@]}"
do
    # Check if audit watch file system object rule for given path already present
    if grep -q -P -- "^[\s]*-w[\s]+/etc/gshadow" "$audit_rules_file"
    then
        # Rule is found =&gt; verify yet if existing rule definition contains
        # all of the required access type bits

        # Define BRE whitespace class shortcut
        sp="[[:space:]]"
        # Extract current permission access types (e.g. -p [r|w|x|a] values) from audit rule
        current_access_bits=$(sed -ne "s#$sp*-w$sp\+/etc/gshadow $sp\+-p$sp\+\([rxwa]\{1,4\}\).*#\1#p" "$audit_rules_file")
        # Split required access bits string into characters array
        # (to check bit's presence for one bit at a time)
        for access_bit in $(echo "wa" | grep -o .)
        do
            # For each from the required access bits (e.g. 'w', 'a') check
            # if they are already present in current access bits for rule.
            # If not, append that bit at the end
            if ! grep -q "$access_bit" &lt;&lt;&lt; "$current_access_bits"
            then
                # Concatenate the existing mask with the missing bit
                current_access_bits="$current_access_bits$access_bit"
            fi
        done
        # Propagate the updated rule's access bits (original + the required
        # ones) back into the /etc/audit/audit.rules file for that rule
        sed -i "s#\($sp*-w$sp\+/etc/gshadow$sp\+-p$sp\+\)\([rxwa]\{1,4\}\)\(.*\)#\1$current_access_bits\3#" "$audit_rules_file"
    else
        # Rule isn't present yet. Append it at the end of $audit_rules_file file
        # with proper key

        echo "-w /etc/gshadow -p wa -k audit_rules_usergroup_modification" &gt;&gt; "$audit_rules_file"
    fi
done

else
    &gt;&amp;2 echo 'Remediation is not applicable, nothing was done'
fi
</fix>
        <check system="http://oval.mitre.org/XMLSchema/oval-definitions-5">
          <check-content-ref name="oval:ssg-audit_rules_usergroup_modification_gshadow:def:1" href="ssg-ubuntu2404-oval.xml"/>
        </check>
        <check system="http://scap.nist.gov/schema/ocil/2">
          <check-content-ref name="ocil:ssg-audit_rules_usergroup_modification_gshadow_ocil:questionnaire:1" href="ssg-ubuntu2404-ocil.xml"/>
        </check>
      </Rule>
      <Rule id="xccdf_org.ssgproject.content_rule_audit_rules_usergroup_modification_nsswitch_conf" selected="false" role="full" severity="medium">
        <title xmlns:xhtml="http://www.w3.org/1999/xhtml" xml:lang="en-US">Record Events that Modify User/Group Information - /etc/nsswitch.conf</title>
        <description xmlns:xhtml="http://www.w3.org/1999/xhtml" xml:lang="en-US">If the <html:code xmlns:html="http://www.w3.org/1999/xhtml">auditd</html:code> daemon is configured to use the
<html:code xmlns:html="http://www.w3.org/1999/xhtml">augenrules</html:code> program to read audit rules during daemon startup (the
default), add the following lines to a file with suffix <html:code xmlns:html="http://www.w3.org/1999/xhtml">.rules</html:code> in the
directory <html:code xmlns:html="http://www.w3.org/1999/xhtml">/etc/audit/rules.d</html:code>, in order to capture events that modify
account changes:
<html:br xmlns:html="http://www.w3.org/1999/xhtml"/>
       <html:br xmlns:html="http://www.w3.org/1999/xhtml"/>
       <html:pre xmlns:html="http://www.w3.org/1999/xhtml">-w /etc/nsswitch.conf -p wa -k audit_rules_usergroup_modification</html:pre>
       <html:br xmlns:html="http://www.w3.org/1999/xhtml"/>
       <html:br xmlns:html="http://www.w3.org/1999/xhtml"/>
If the <html:code xmlns:html="http://www.w3.org/1999/xhtml">auditd</html:code> daemon is configured to use the <html:code xmlns:html="http://www.w3.org/1999/xhtml">auditctl</html:code>
utility to read audit rules during daemon startup, add the following lines to
<html:code xmlns:html="http://www.w3.org/1999/xhtml">/etc/audit/audit.rules</html:code> file, in order to capture events that modify
account changes:
<html:br xmlns:html="http://www.w3.org/1999/xhtml"/>
       <html:br xmlns:html="http://www.w3.org/1999/xhtml"/>
       <html:pre xmlns:html="http://www.w3.org/1999/xhtml">-w /etc/nsswitch.conf -p wa -k audit_rules_usergroup_modification</html:pre>
      </description>
        <reference href="https://www.cisecurity.org/benchmark/ubuntu_linux/">6.2.3.8</reference>
        <rationale xmlns:xhtml="http://www.w3.org/1999/xhtml" xml:lang="en-US">The nsswitch file defines how the system uses various databases and name
resolution mechanisms. Any unexpected changes to nsswitch configuration
should be investigated.</rationale>
        <fix xmlns:xhtml="http://www.w3.org/1999/xhtml" id="audit_rules_usergroup_modification_nsswitch_conf" system="urn:xccdf:fix:script:ansible" reboot="true" complexity="low" disruption="low" strategy="restrict">- name: Gather the package facts
  package_facts:
    manager: auto
  tags:
  - audit_rules_usergroup_modification_nsswitch_conf
  - low_complexity
  - low_disruption
  - medium_severity
  - reboot_required
  - restrict_strategy

- name: Check if watch rule for /etc/nsswitch.conf already exists in /etc/audit/rules.d/
  find:
    paths: /etc/audit/rules.d
    contains: ^\s*-w\s+/etc/nsswitch.conf\s+-p\s+wa(\s|$)+
    patterns: '*.rules'
  register: find_existing_watch_rules_d
  when:
  - '"auditd" in ansible_facts.packages'
  - '"linux-base" in ansible_facts.packages'
  tags:
  - audit_rules_usergroup_modification_nsswitch_conf
  - low_complexity
  - low_disruption
  - medium_severity
  - reboot_required
  - restrict_strategy

- name: Search /etc/audit/rules.d for other rules with specified key audit_rules_usergroup_modification
  find:
    paths: /etc/audit/rules.d
    contains: ^.*(?:-F key=|-k\s+)audit_rules_usergroup_modification$
    patterns: '*.rules'
  register: find_watch_key
  when:
  - '"auditd" in ansible_facts.packages'
  - '"linux-base" in ansible_facts.packages'
  - find_existing_watch_rules_d.matched is defined and find_existing_watch_rules_d.matched
    == 0
  tags:
  - audit_rules_usergroup_modification_nsswitch_conf
  - low_complexity
  - low_disruption
  - medium_severity
  - reboot_required
  - restrict_strategy

- name: Use /etc/audit/rules.d/audit_rules_usergroup_modification.rules as the recipient
    for the rule
  set_fact:
    all_files:
    - /etc/audit/rules.d/audit_rules_usergroup_modification.rules
  when:
  - '"auditd" in ansible_facts.packages'
  - '"linux-base" in ansible_facts.packages'
  - find_watch_key.matched is defined and find_watch_key.matched == 0 and find_existing_watch_rules_d.matched
    is defined and find_existing_watch_rules_d.matched == 0
  tags:
  - audit_rules_usergroup_modification_nsswitch_conf
  - low_complexity
  - low_disruption
  - medium_severity
  - reboot_required
  - restrict_strategy

- name: Use matched file as the recipient for the rule
  set_fact:
    all_files:
    - '{{ find_watch_key.files | map(attribute=''path'') | list | first }}'
  when:
  - '"auditd" in ansible_facts.packages'
  - '"linux-base" in ansible_facts.packages'
  - find_watch_key.matched is defined and find_watch_key.matched &gt; 0 and find_existing_watch_rules_d.matched
    is defined and find_existing_watch_rules_d.matched == 0
  tags:
  - audit_rules_usergroup_modification_nsswitch_conf
  - low_complexity
  - low_disruption
  - medium_severity
  - reboot_required
  - restrict_strategy

- name: Add watch rule for /etc/nsswitch.conf in /etc/audit/rules.d/
  lineinfile:
    path: '{{ all_files[0] }}'
    line: -w /etc/nsswitch.conf -p wa -k audit_rules_usergroup_modification
    create: true
    mode: '0600'
  when:
  - '"auditd" in ansible_facts.packages'
  - '"linux-base" in ansible_facts.packages'
  - find_existing_watch_rules_d.matched is defined and find_existing_watch_rules_d.matched
    == 0
  tags:
  - audit_rules_usergroup_modification_nsswitch_conf
  - low_complexity
  - low_disruption
  - medium_severity
  - reboot_required
  - restrict_strategy

- name: Check if watch rule for /etc/nsswitch.conf already exists in /etc/audit/audit.rules
  find:
    paths: /etc/audit/
    contains: ^\s*-w\s+/etc/nsswitch.conf\s+-p\s+wa(\s|$)+
    patterns: audit.rules
  register: find_existing_watch_audit_rules
  when:
  - '"auditd" in ansible_facts.packages'
  - '"linux-base" in ansible_facts.packages'
  tags:
  - audit_rules_usergroup_modification_nsswitch_conf
  - low_complexity
  - low_disruption
  - medium_severity
  - reboot_required
  - restrict_strategy

- name: Add watch rule for /etc/nsswitch.conf in /etc/audit/audit.rules
  lineinfile:
    line: -w /etc/nsswitch.conf -p wa -k audit_rules_usergroup_modification
    state: present
    dest: /etc/audit/audit.rules
    create: true
    mode: '0600'
  when:
  - '"auditd" in ansible_facts.packages'
  - '"linux-base" in ansible_facts.packages'
  - find_existing_watch_audit_rules.matched is defined and find_existing_watch_audit_rules.matched
    == 0
  tags:
  - audit_rules_usergroup_modification_nsswitch_conf
  - low_complexity
  - low_disruption
  - medium_severity
  - reboot_required
  - restrict_strategy
</fix>
        <fix xmlns:xhtml="http://www.w3.org/1999/xhtml" id="audit_rules_usergroup_modification_nsswitch_conf" system="urn:xccdf:fix:script:sh"># Remediation is applicable only in certain platforms
if dpkg-query --show --showformat='${db:Status-Status}
' 'linux-base' 2&gt;/dev/null | grep -q ^installed &amp;&amp; dpkg-query --show --showformat='${db:Status-Status}\n' 'auditd' 2&gt;/dev/null | grep -q '^installed'; then

# Perform the remediation for both possible tools: 'auditctl' and 'augenrules'

# Create a list of audit *.rules files that should be inspected for presence and correctness
# of a particular audit rule. The scheme is as follows:
#
# -----------------------------------------------------------------------------------------
# Tool used to load audit rules	| Rule already defined	|  Audit rules file to inspect	  |
# -----------------------------------------------------------------------------------------
#	auditctl		|     Doesn't matter	|  /etc/audit/audit.rules	  |
# -----------------------------------------------------------------------------------------
# 	augenrules		|          Yes		|  /etc/audit/rules.d/*.rules	  |
# 	augenrules		|          No		|  /etc/audit/rules.d/$key.rules  |
# -----------------------------------------------------------------------------------------
files_to_inspect=()


# If the audit tool is 'auditctl', then add '/etc/audit/audit.rules'
# into the list of files to be inspected
files_to_inspect+=('/etc/audit/audit.rules')

# Finally perform the inspection and possible subsequent audit rule
# correction for each of the files previously identified for inspection
for audit_rules_file in "${files_to_inspect[@]}"
do
    # Check if audit watch file system object rule for given path already present
    if grep -q -P -- "^[\s]*-w[\s]+/etc/nsswitch.conf" "$audit_rules_file"
    then
        # Rule is found =&gt; verify yet if existing rule definition contains
        # all of the required access type bits

        # Define BRE whitespace class shortcut
        sp="[[:space:]]"
        # Extract current permission access types (e.g. -p [r|w|x|a] values) from audit rule
        current_access_bits=$(sed -ne "s#$sp*-w$sp\+/etc/nsswitch.conf $sp\+-p$sp\+\([rxwa]\{1,4\}\).*#\1#p" "$audit_rules_file")
        # Split required access bits string into characters array
        # (to check bit's presence for one bit at a time)
        for access_bit in $(echo "wa" | grep -o .)
        do
            # For each from the required access bits (e.g. 'w', 'a') check
            # if they are already present in current access bits for rule.
            # If not, append that bit at the end
            if ! grep -q "$access_bit" &lt;&lt;&lt; "$current_access_bits"
            then
                # Concatenate the existing mask with the missing bit
                current_access_bits="$current_access_bits$access_bit"
            fi
        done
        # Propagate the updated rule's access bits (original + the required
        # ones) back into the /etc/audit/audit.rules file for that rule
        sed -i "s#\($sp*-w$sp\+/etc/nsswitch.conf$sp\+-p$sp\+\)\([rxwa]\{1,4\}\)\(.*\)#\1$current_access_bits\3#" "$audit_rules_file"
    else
        # Rule isn't present yet. Append it at the end of $audit_rules_file file
        # with proper key

        echo "-w /etc/nsswitch.conf -p wa -k audit_rules_usergroup_modification" &gt;&gt; "$audit_rules_file"
    fi
done
# Create a list of audit *.rules files that should be inspected for presence and correctness
# of a particular audit rule. The scheme is as follows:
#
# -----------------------------------------------------------------------------------------
# Tool used to load audit rules	| Rule already defined	|  Audit rules file to inspect	  |
# -----------------------------------------------------------------------------------------
#	auditctl		|     Doesn't matter	|  /etc/audit/audit.rules	  |
# -----------------------------------------------------------------------------------------
# 	augenrules		|          Yes		|  /etc/audit/rules.d/*.rules	  |
# 	augenrules		|          No		|  /etc/audit/rules.d/$key.rules  |
# -----------------------------------------------------------------------------------------
files_to_inspect=()

# If the audit is 'augenrules', then check if rule is already defined
# If rule is defined, add '/etc/audit/rules.d/*.rules' to list of files for inspection.
# If rule isn't defined, add '/etc/audit/rules.d/audit_rules_usergroup_modification.rules' to list of files for inspection.
readarray -t matches &lt; &lt;(grep -HP "[\s]*-w[\s]+/etc/nsswitch.conf" /etc/audit/rules.d/*.rules)

# For each of the matched entries
for match in "${matches[@]}"
do
    # Extract filepath from the match
    rulesd_audit_file=$(echo $match | cut -f1 -d ':')
    # Append that path into list of files for inspection
    files_to_inspect+=("$rulesd_audit_file")
done
# Case when particular audit rule isn't defined yet
if [ "${#files_to_inspect[@]}" -eq "0" ]
then
    # Append '/etc/audit/rules.d/audit_rules_usergroup_modification.rules' into list of files for inspection
    key_rule_file="/etc/audit/rules.d/audit_rules_usergroup_modification.rules"
    # If the audit_rules_usergroup_modification.rules file doesn't exist yet, create it with correct permissions
    if [ ! -e "$key_rule_file" ]
    then
        touch "$key_rule_file"
        chmod 0600 "$key_rule_file"
    fi
    files_to_inspect+=("$key_rule_file")
fi

# Finally perform the inspection and possible subsequent audit rule
# correction for each of the files previously identified for inspection
for audit_rules_file in "${files_to_inspect[@]}"
do
    # Check if audit watch file system object rule for given path already present
    if grep -q -P -- "^[\s]*-w[\s]+/etc/nsswitch.conf" "$audit_rules_file"
    then
        # Rule is found =&gt; verify yet if existing rule definition contains
        # all of the required access type bits

        # Define BRE whitespace class shortcut
        sp="[[:space:]]"
        # Extract current permission access types (e.g. -p [r|w|x|a] values) from audit rule
        current_access_bits=$(sed -ne "s#$sp*-w$sp\+/etc/nsswitch.conf $sp\+-p$sp\+\([rxwa]\{1,4\}\).*#\1#p" "$audit_rules_file")
        # Split required access bits string into characters array
        # (to check bit's presence for one bit at a time)
        for access_bit in $(echo "wa" | grep -o .)
        do
            # For each from the required access bits (e.g. 'w', 'a') check
            # if they are already present in current access bits for rule.
            # If not, append that bit at the end
            if ! grep -q "$access_bit" &lt;&lt;&lt; "$current_access_bits"
            then
                # Concatenate the existing mask with the missing bit
                current_access_bits="$current_access_bits$access_bit"
            fi
        done
        # Propagate the updated rule's access bits (original + the required
        # ones) back into the /etc/audit/audit.rules file for that rule
        sed -i "s#\($sp*-w$sp\+/etc/nsswitch.conf$sp\+-p$sp\+\)\([rxwa]\{1,4\}\)\(.*\)#\1$current_access_bits\3#" "$audit_rules_file"
    else
        # Rule isn't present yet. Append it at the end of $audit_rules_file file
        # with proper key

        echo "-w /etc/nsswitch.conf -p wa -k audit_rules_usergroup_modification" &gt;&gt; "$audit_rules_file"
    fi
done

else
    &gt;&amp;2 echo 'Remediation is not applicable, nothing was done'
fi
</fix>
        <check system="http://oval.mitre.org/XMLSchema/oval-definitions-5">
          <check-content-ref name="oval:ssg-audit_rules_usergroup_modification_nsswitch_conf:def:1" href="ssg-ubuntu2404-oval.xml"/>
        </check>
      </Rule>
      <Rule id="xccdf_org.ssgproject.content_rule_audit_rules_usergroup_modification_opasswd" selected="false" role="full" severity="medium">
        <title xmlns:xhtml="http://www.w3.org/1999/xhtml" xml:lang="en-US">Record Events that Modify User/Group Information - /etc/security/opasswd</title>
        <description xmlns:xhtml="http://www.w3.org/1999/xhtml" xml:lang="en-US">If the <html:code xmlns:html="http://www.w3.org/1999/xhtml">auditd</html:code> daemon is configured to use the
<html:code xmlns:html="http://www.w3.org/1999/xhtml">augenrules</html:code> program to read audit rules during daemon startup (the
default), add the following lines to a file with suffix <html:code xmlns:html="http://www.w3.org/1999/xhtml">.rules</html:code> in the
directory <html:code xmlns:html="http://www.w3.org/1999/xhtml">/etc/audit/rules.d</html:code>, in order to capture events that modify
account changes:
<html:br xmlns:html="http://www.w3.org/1999/xhtml"/>
       <html:br xmlns:html="http://www.w3.org/1999/xhtml"/>
       <html:pre xmlns:html="http://www.w3.org/1999/xhtml">-w /etc/security/opasswd -p wa -k audit_rules_usergroup_modification</html:pre>
       <html:br xmlns:html="http://www.w3.org/1999/xhtml"/>
       <html:br xmlns:html="http://www.w3.org/1999/xhtml"/>
If the <html:code xmlns:html="http://www.w3.org/1999/xhtml">auditd</html:code> daemon is configured to use the <html:code xmlns:html="http://www.w3.org/1999/xhtml">auditctl</html:code>
utility to read audit rules during daemon startup, add the following lines to
<html:code xmlns:html="http://www.w3.org/1999/xhtml">/etc/audit/audit.rules</html:code> file, in order to capture events that modify
account changes:
<html:br xmlns:html="http://www.w3.org/1999/xhtml"/>
       <html:br xmlns:html="http://www.w3.org/1999/xhtml"/>
       <html:pre xmlns:html="http://www.w3.org/1999/xhtml">-w /etc/security/opasswd -p wa -k audit_rules_usergroup_modification</html:pre>
      </description>
        <reference href="https://www.cisecurity.org/controls/">1</reference>
        <reference href="https://www.cisecurity.org/controls/">11</reference>
        <reference href="https://www.cisecurity.org/controls/">12</reference>
        <reference href="https://www.cisecurity.org/controls/">13</reference>
        <reference href="https://www.cisecurity.org/controls/">14</reference>
        <reference href="https://www.cisecurity.org/controls/">15</reference>
        <reference href="https://www.cisecurity.org/controls/">16</reference>
        <reference href="https://www.cisecurity.org/controls/">18</reference>
        <reference href="https://www.cisecurity.org/controls/">19</reference>
        <reference href="https://www.cisecurity.org/controls/">2</reference>
        <reference href="https://www.cisecurity.org/controls/">3</reference>
        <reference href="https://www.cisecurity.org/controls/">4</reference>
        <reference href="https://www.cisecurity.org/controls/">5</reference>
        <reference href="https://www.cisecurity.org/controls/">6</reference>
        <reference href="https://www.cisecurity.org/controls/">7</reference>
        <reference href="https://www.cisecurity.org/controls/">8</reference>
        <reference href="https://www.cisecurity.org/controls/">9</reference>
        <reference href="https://www.fbi.gov/file-repository/cjis-security-policy-v5_5_20160601-2-1.pdf">5.4.1.1</reference>
        <reference href="https://www.isaca.org/resources/cobit">APO10.01</reference>
        <reference href="https://www.isaca.org/resources/cobit">APO10.03</reference>
        <reference href="https://www.isaca.org/resources/cobit">APO10.04</reference>
        <reference href="https://www.isaca.org/resources/cobit">APO10.05</reference>
        <reference href="https://www.isaca.org/resources/cobit">APO11.04</reference>
        <reference href="https://www.isaca.org/resources/cobit">APO12.06</reference>
        <reference href="https://www.isaca.org/resources/cobit">APO13.01</reference>
        <reference href="https://www.isaca.org/resources/cobit">BAI03.05</reference>
        <reference href="https://www.isaca.org/resources/cobit">BAI08.02</reference>
        <reference href="https://www.isaca.org/resources/cobit">DSS01.03</reference>
        <reference href="https://www.isaca.org/resources/cobit">DSS01.04</reference>
        <reference href="https://www.isaca.org/resources/cobit">DSS02.02</reference>
        <reference href="https://www.isaca.org/resources/cobit">DSS02.04</reference>
        <reference href="https://www.isaca.org/resources/cobit">DSS02.07</reference>
        <reference href="https://www.isaca.org/resources/cobit">DSS03.01</reference>
        <reference href="https://www.isaca.org/resources/cobit">DSS03.05</reference>
        <reference href="https://www.isaca.org/resources/cobit">DSS05.02</reference>
        <reference href="https://www.isaca.org/resources/cobit">DSS05.03</reference>
        <reference href="https://www.isaca.org/resources/cobit">DSS05.04</reference>
        <reference href="https://www.isaca.org/resources/cobit">DSS05.05</reference>
        <reference href="https://www.isaca.org/resources/cobit">DSS05.07</reference>
        <reference href="https://www.isaca.org/resources/cobit">DSS06.03</reference>
        <reference href="https://www.isaca.org/resources/cobit">MEA01.01</reference>
        <reference href="https://www.isaca.org/resources/cobit">MEA01.02</reference>
        <reference href="https://www.isaca.org/resources/cobit">MEA01.03</reference>
        <reference href="https://www.isaca.org/resources/cobit">MEA01.04</reference>
        <reference href="https://www.isaca.org/resources/cobit">MEA01.05</reference>
        <reference href="https://www.isaca.org/resources/cobit">MEA02.01</reference>
        <reference href="http://nvlpubs.nist.gov/nistpubs/SpecialPublications/NIST.SP.800-171.pdf">3.1.7</reference>
        <reference href="https://public.cyber.mil/stigs/cci/">CCI-001403</reference>
        <reference href="https://public.cyber.mil/stigs/cci/">CCI-001404</reference>
        <reference href="https://public.cyber.mil/stigs/cci/">CCI-001405</reference>
        <reference href="https://public.cyber.mil/stigs/cci/">CCI-000172</reference>
        <reference href="https://public.cyber.mil/stigs/cci/">CCI-000130</reference>
        <reference href="https://public.cyber.mil/stigs/cci/">CCI-002130</reference>
        <reference href="https://public.cyber.mil/stigs/cci/">CCI-000135</reference>
        <reference href="https://public.cyber.mil/stigs/cci/">CCI-000169</reference>
        <reference href="https://public.cyber.mil/stigs/cci/">CCI-002884</reference>
        <reference href="https://public.cyber.mil/stigs/cci/">CCI-000018</reference>
        <reference href="https://public.cyber.mil/stigs/cci/">CCI-000015</reference>
        <reference href="https://www.gpo.gov/fdsys/pkg/CFR-2007-title45-vol1/pdf/CFR-2007-title45-vol1-chapA-subchapC.pdf">164.308(a)(1)(ii)(D)</reference>
        <reference href="https://www.gpo.gov/fdsys/pkg/CFR-2007-title45-vol1/pdf/CFR-2007-title45-vol1-chapA-subchapC.pdf">164.308(a)(3)(ii)(A)</reference>
        <reference href="https://www.gpo.gov/fdsys/pkg/CFR-2007-title45-vol1/pdf/CFR-2007-title45-vol1-chapA-subchapC.pdf">164.308(a)(5)(ii)(C)</reference>
        <reference href="https://www.gpo.gov/fdsys/pkg/CFR-2007-title45-vol1/pdf/CFR-2007-title45-vol1-chapA-subchapC.pdf">164.312(a)(2)(i)</reference>
        <reference href="https://www.gpo.gov/fdsys/pkg/CFR-2007-title45-vol1/pdf/CFR-2007-title45-vol1-chapA-subchapC.pdf">164.312(b)</reference>
        <reference href="https://www.gpo.gov/fdsys/pkg/CFR-2007-title45-vol1/pdf/CFR-2007-title45-vol1-chapA-subchapC.pdf">164.312(d)</reference>
        <reference href="https://www.gpo.gov/fdsys/pkg/CFR-2007-title45-vol1/pdf/CFR-2007-title45-vol1-chapA-subchapC.pdf">164.312(e)</reference>
        <reference href="https://www.isa.org/products/isa-62443-2-1-2009-security-for-industrial-automat">4.2.3.10</reference>
        <reference href="https://www.isa.org/products/isa-62443-2-1-2009-security-for-industrial-automat">4.3.2.6.7</reference>
        <reference href="https://www.isa.org/products/isa-62443-2-1-2009-security-for-industrial-automat">4.3.3.2.2</reference>
        <reference href="https://www.isa.org/products/isa-62443-2-1-2009-security-for-industrial-automat">4.3.3.3.9</reference>
        <reference href="https://www.isa.org/products/isa-62443-2-1-2009-security-for-industrial-automat">4.3.3.5.1</reference>
        <reference href="https://www.isa.org/products/isa-62443-2-1-2009-security-for-industrial-automat">4.3.3.5.2</reference>
        <reference href="https://www.isa.org/products/isa-62443-2-1-2009-security-for-industrial-automat">4.3.3.5.8</reference>
        <reference href="https://www.isa.org/products/isa-62443-2-1-2009-security-for-industrial-automat">4.3.3.6.6</reference>
        <reference href="https://www.isa.org/products/isa-62443-2-1-2009-security-for-industrial-automat">4.3.3.7.2</reference>
        <reference href="https://www.isa.org/products/isa-62443-2-1-2009-security-for-industrial-automat">4.3.3.7.3</reference>
        <reference href="https://www.isa.org/products/isa-62443-2-1-2009-security-for-industrial-automat">4.3.3.7.4</reference>
        <reference href="https://www.isa.org/products/isa-62443-2-1-2009-security-for-industrial-automat">4.3.4.4.7</reference>
        <reference href="https://www.isa.org/products/isa-62443-2-1-2009-security-for-industrial-automat">4.3.4.5.6</reference>
        <reference href="https://www.isa.org/products/isa-62443-2-1-2009-security-for-industrial-automat">4.3.4.5.7</reference>
        <reference href="https://www.isa.org/products/isa-62443-2-1-2009-security-for-industrial-automat">4.3.4.5.8</reference>
        <reference href="https://www.isa.org/products/isa-62443-2-1-2009-security-for-industrial-automat">4.4.2.1</reference>
        <reference href="https://www.isa.org/products/isa-62443-2-1-2009-security-for-industrial-automat">4.4.2.2</reference>
        <reference href="https://www.isa.org/products/isa-62443-2-1-2009-security-for-industrial-automat">4.4.2.4</reference>
        <reference href="https://www.isa.org/products/ansi-isa-62443-3-3-99-03-03-2013-security-for-indu">SR 1.1</reference>
        <reference href="https://www.isa.org/products/ansi-isa-62443-3-3-99-03-03-2013-security-for-indu">SR 1.13</reference>
        <reference href="https://www.isa.org/products/ansi-isa-62443-3-3-99-03-03-2013-security-for-indu">SR 1.2</reference>
        <reference href="https://www.isa.org/products/ansi-isa-62443-3-3-99-03-03-2013-security-for-indu">SR 1.3</reference>
        <reference href="https://www.isa.org/products/ansi-isa-62443-3-3-99-03-03-2013-security-for-indu">SR 1.4</reference>
        <reference href="https://www.isa.org/products/ansi-isa-62443-3-3-99-03-03-2013-security-for-indu">SR 1.5</reference>
        <reference href="https://www.isa.org/products/ansi-isa-62443-3-3-99-03-03-2013-security-for-indu">SR 1.7</reference>
        <reference href="https://www.isa.org/products/ansi-isa-62443-3-3-99-03-03-2013-security-for-indu">SR 1.8</reference>
        <reference href="https://www.isa.org/products/ansi-isa-62443-3-3-99-03-03-2013-security-for-indu">SR 1.9</reference>
        <reference href="https://www.isa.org/products/ansi-isa-62443-3-3-99-03-03-2013-security-for-indu">SR 2.1</reference>
        <reference href="https://www.isa.org/products/ansi-isa-62443-3-3-99-03-03-2013-security-for-indu">SR 2.10</reference>
        <reference href="https://www.isa.org/products/ansi-isa-62443-3-3-99-03-03-2013-security-for-indu">SR 2.11</reference>
        <reference href="https://www.isa.org/products/ansi-isa-62443-3-3-99-03-03-2013-security-for-indu">SR 2.12</reference>
        <reference href="https://www.isa.org/products/ansi-isa-62443-3-3-99-03-03-2013-security-for-indu">SR 2.6</reference>
        <reference href="https://www.isa.org/products/ansi-isa-62443-3-3-99-03-03-2013-security-for-indu">SR 2.8</reference>
        <reference href="https://www.isa.org/products/ansi-isa-62443-3-3-99-03-03-2013-security-for-indu">SR 2.9</reference>
        <reference href="https://www.isa.org/products/ansi-isa-62443-3-3-99-03-03-2013-security-for-indu">SR 3.1</reference>
        <reference href="https://www.isa.org/products/ansi-isa-62443-3-3-99-03-03-2013-security-for-indu">SR 3.5</reference>
        <reference href="https://www.isa.org/products/ansi-isa-62443-3-3-99-03-03-2013-security-for-indu">SR 3.8</reference>
        <reference href="https://www.isa.org/products/ansi-isa-62443-3-3-99-03-03-2013-security-for-indu">SR 4.1</reference>
        <reference href="https://www.isa.org/products/ansi-isa-62443-3-3-99-03-03-2013-security-for-indu">SR 4.3</reference>
        <reference href="https://www.isa.org/products/ansi-isa-62443-3-3-99-03-03-2013-security-for-indu">SR 5.1</reference>
        <reference href="https://www.isa.org/products/ansi-isa-62443-3-3-99-03-03-2013-security-for-indu">SR 5.2</reference>
        <reference href="https://www.isa.org/products/ansi-isa-62443-3-3-99-03-03-2013-security-for-indu">SR 5.3</reference>
        <reference href="https://www.isa.org/products/ansi-isa-62443-3-3-99-03-03-2013-security-for-indu">SR 6.1</reference>
        <reference href="https://www.isa.org/products/ansi-isa-62443-3-3-99-03-03-2013-security-for-indu">SR 6.2</reference>
        <reference href="https://www.isa.org/products/ansi-isa-62443-3-3-99-03-03-2013-security-for-indu">SR 7.1</reference>
        <reference href="https://www.isa.org/products/ansi-isa-62443-3-3-99-03-03-2013-security-for-indu">SR 7.6</reference>
        <reference href="https://www.iso.org/contents/data/standard/05/45/54534.html">A.11.2.6</reference>
        <reference href="https://www.iso.org/contents/data/standard/05/45/54534.html">A.12.4.1</reference>
        <reference href="https://www.iso.org/contents/data/standard/05/45/54534.html">A.12.4.2</reference>
        <reference href="https://www.iso.org/contents/data/standard/05/45/54534.html">A.12.4.3</reference>
        <reference href="https://www.iso.org/contents/data/standard/05/45/54534.html">A.12.4.4</reference>
        <reference href="https://www.iso.org/contents/data/standard/05/45/54534.html">A.12.7.1</reference>
        <reference href="https://www.iso.org/contents/data/standard/05/45/54534.html">A.13.1.1</reference>
        <reference href="https://www.iso.org/contents/data/standard/05/45/54534.html">A.13.2.1</reference>
        <reference href="https://www.iso.org/contents/data/standard/05/45/54534.html">A.14.1.3</reference>
        <reference href="https://www.iso.org/contents/data/standard/05/45/54534.html">A.14.2.7</reference>
        <reference href="https://www.iso.org/contents/data/standard/05/45/54534.html">A.15.2.1</reference>
        <reference href="https://www.iso.org/contents/data/standard/05/45/54534.html">A.15.2.2</reference>
        <reference href="https://www.iso.org/contents/data/standard/05/45/54534.html">A.16.1.4</reference>
        <reference href="https://www.iso.org/contents/data/standard/05/45/54534.html">A.16.1.5</reference>
        <reference href="https://www.iso.org/contents/data/standard/05/45/54534.html">A.16.1.7</reference>
        <reference href="https://www.iso.org/contents/data/standard/05/45/54534.html">A.6.1.2</reference>
        <reference href="https://www.iso.org/contents/data/standard/05/45/54534.html">A.6.2.1</reference>
        <reference href="https://www.iso.org/contents/data/standard/05/45/54534.html">A.6.2.2</reference>
        <reference href="https://www.iso.org/contents/data/standard/05/45/54534.html">A.7.1.1</reference>
        <reference href="https://www.iso.org/contents/data/standard/05/45/54534.html">A.9.1.2</reference>
        <reference href="https://www.iso.org/contents/data/standard/05/45/54534.html">A.9.2.1</reference>
        <reference href="https://www.iso.org/contents/data/standard/05/45/54534.html">A.9.2.2</reference>
        <reference href="https://www.iso.org/contents/data/standard/05/45/54534.html">A.9.2.3</reference>
        <reference href="https://www.iso.org/contents/data/standard/05/45/54534.html">A.9.2.4</reference>
        <reference href="https://www.iso.org/contents/data/standard/05/45/54534.html">A.9.2.6</reference>
        <reference href="https://www.iso.org/contents/data/standard/05/45/54534.html">A.9.3.1</reference>
        <reference href="https://www.iso.org/contents/data/standard/05/45/54534.html">A.9.4.1</reference>
        <reference href="https://www.iso.org/contents/data/standard/05/45/54534.html">A.9.4.2</reference>
        <reference href="https://www.iso.org/contents/data/standard/05/45/54534.html">A.9.4.3</reference>
        <reference href="https://www.iso.org/contents/data/standard/05/45/54534.html">A.9.4.4</reference>
        <reference href="https://www.iso.org/contents/data/standard/05/45/54534.html">A.9.4.5</reference>
        <reference href="https://www.nerc.com/pa/Stand/AlignRep/One%20Stop%20Shop.xlsx">CIP-004-6 R2.2.2</reference>
        <reference href="https://www.nerc.com/pa/Stand/AlignRep/One%20Stop%20Shop.xlsx">CIP-004-6 R2.2.3</reference>
        <reference href="https://www.nerc.com/pa/Stand/AlignRep/One%20Stop%20Shop.xlsx">CIP-007-3 R.1.3</reference>
        <reference href="https://www.nerc.com/pa/Stand/AlignRep/One%20Stop%20Shop.xlsx">CIP-007-3 R5</reference>
        <reference href="https://www.nerc.com/pa/Stand/AlignRep/One%20Stop%20Shop.xlsx">CIP-007-3 R5.1.1</reference>
        <reference href="https://www.nerc.com/pa/Stand/AlignRep/One%20Stop%20Shop.xlsx">CIP-007-3 R5.1.3</reference>
        <reference href="https://www.nerc.com/pa/Stand/AlignRep/One%20Stop%20Shop.xlsx">CIP-007-3 R5.2.1</reference>
        <reference href="https://www.nerc.com/pa/Stand/AlignRep/One%20Stop%20Shop.xlsx">CIP-007-3 R5.2.3</reference>
        <reference href="http://nvlpubs.nist.gov/nistpubs/SpecialPublications/NIST.SP.800-53r4.pdf">AC-2(4)</reference>
        <reference href="http://nvlpubs.nist.gov/nistpubs/SpecialPublications/NIST.SP.800-53r4.pdf">AU-2(d)</reference>
        <reference href="http://nvlpubs.nist.gov/nistpubs/SpecialPublications/NIST.SP.800-53r4.pdf">AU-12(c)</reference>
        <reference href="http://nvlpubs.nist.gov/nistpubs/SpecialPublications/NIST.SP.800-53r4.pdf">AC-6(9)</reference>
        <reference href="http://nvlpubs.nist.gov/nistpubs/SpecialPublications/NIST.SP.800-53r4.pdf">CM-6(a)</reference>
        <reference href="https://nvlpubs.nist.gov/nistpubs/CSWP/NIST.CSWP.04162018.pdf">DE.AE-3</reference>
        <reference href="https://nvlpubs.nist.gov/nistpubs/CSWP/NIST.CSWP.04162018.pdf">DE.AE-5</reference>
        <reference href="https://nvlpubs.nist.gov/nistpubs/CSWP/NIST.CSWP.04162018.pdf">DE.CM-1</reference>
        <reference href="https://nvlpubs.nist.gov/nistpubs/CSWP/NIST.CSWP.04162018.pdf">DE.CM-3</reference>
        <reference href="https://nvlpubs.nist.gov/nistpubs/CSWP/NIST.CSWP.04162018.pdf">DE.CM-7</reference>
        <reference href="https://nvlpubs.nist.gov/nistpubs/CSWP/NIST.CSWP.04162018.pdf">ID.SC-4</reference>
        <reference href="https://nvlpubs.nist.gov/nistpubs/CSWP/NIST.CSWP.04162018.pdf">PR.AC-1</reference>
        <reference href="https://nvlpubs.nist.gov/nistpubs/CSWP/NIST.CSWP.04162018.pdf">PR.AC-3</reference>
        <reference href="https://nvlpubs.nist.gov/nistpubs/CSWP/NIST.CSWP.04162018.pdf">PR.AC-4</reference>
        <reference href="https://nvlpubs.nist.gov/nistpubs/CSWP/NIST.CSWP.04162018.pdf">PR.AC-6</reference>
        <reference href="https://nvlpubs.nist.gov/nistpubs/CSWP/NIST.CSWP.04162018.pdf">PR.PT-1</reference>
        <reference href="https://nvlpubs.nist.gov/nistpubs/CSWP/NIST.CSWP.04162018.pdf">PR.PT-4</reference>
        <reference href="https://nvlpubs.nist.gov/nistpubs/CSWP/NIST.CSWP.04162018.pdf">RS.AN-1</reference>
        <reference href="https://nvlpubs.nist.gov/nistpubs/CSWP/NIST.CSWP.04162018.pdf">RS.AN-4</reference>
        <reference href="https://www.pcisecuritystandards.org/documents/PCI_DSS_v3-2-1.pdf">Req-10.2.5</reference>
        <reference href="https://public.cyber.mil/stigs/downloads/?_dl_facet_stigs=operating-systems%2Cgeneral-purpose-os">SRG-OS-000004-GPOS-00004</reference>
        <reference href="https://public.cyber.mil/stigs/downloads/?_dl_facet_stigs=operating-systems%2Cgeneral-purpose-os">SRG-OS-000037-GPOS-00015</reference>
        <reference href="https://public.cyber.mil/stigs/downloads/?_dl_facet_stigs=operating-systems%2Cgeneral-purpose-os">SRG-OS-000042-GPOS-00020</reference>
        <reference href="https://public.cyber.mil/stigs/downloads/?_dl_facet_stigs=operating-systems%2Cgeneral-purpose-os">SRG-OS-000062-GPOS-00031</reference>
        <reference href="https://public.cyber.mil/stigs/downloads/?_dl_facet_stigs=operating-systems%2Cgeneral-purpose-os">SRG-OS-000304-GPOS-00121</reference>
        <reference href="https://public.cyber.mil/stigs/downloads/?_dl_facet_stigs=operating-systems%2Cgeneral-purpose-os">SRG-OS-000392-GPOS-00172</reference>
        <reference href="https://public.cyber.mil/stigs/downloads/?_dl_facet_stigs=operating-systems%2Cgeneral-purpose-os">SRG-OS-000462-GPOS-00206</reference>
        <reference href="https://public.cyber.mil/stigs/downloads/?_dl_facet_stigs=operating-systems%2Cgeneral-purpose-os">SRG-OS-000470-GPOS-00214</reference>
        <reference href="https://public.cyber.mil/stigs/downloads/?_dl_facet_stigs=operating-systems%2Cgeneral-purpose-os">SRG-OS-000471-GPOS-00215</reference>
        <reference href="https://public.cyber.mil/stigs/downloads/?_dl_facet_stigs=operating-systems%2Cgeneral-purpose-os">SRG-OS-000239-GPOS-00089</reference>
        <reference href="https://public.cyber.mil/stigs/downloads/?_dl_facet_stigs=operating-systems%2Cgeneral-purpose-os">SRG-OS-000240-GPOS-00090</reference>
        <reference href="https://public.cyber.mil/stigs/downloads/?_dl_facet_stigs=operating-systems%2Cgeneral-purpose-os">SRG-OS-000241-GPOS-00091</reference>
        <reference href="https://public.cyber.mil/stigs/downloads/?_dl_facet_stigs=operating-systems%2Cgeneral-purpose-os">SRG-OS-000303-GPOS-00120</reference>
        <reference href="https://public.cyber.mil/stigs/downloads/?_dl_facet_stigs=operating-systems%2Cgeneral-purpose-os">SRG-OS-000466-GPOS-00210</reference>
        <reference href="https://public.cyber.mil/stigs/downloads/?_dl_facet_stigs=operating-systems%2Cgeneral-purpose-os">SRG-OS-000476-GPOS-00221</reference>
        <reference href="https://public.cyber.mil/stigs/downloads/?_dl_facet_stigs=container-platform">SRG-APP-000495-CTR-001235</reference>
        <reference href="https://public.cyber.mil/stigs/downloads/?_dl_facet_stigs=container-platform">SRG-APP-000496-CTR-001240</reference>
        <reference href="https://public.cyber.mil/stigs/downloads/?_dl_facet_stigs=container-platform">SRG-APP-000497-CTR-001245</reference>
        <reference href="https://public.cyber.mil/stigs/downloads/?_dl_facet_stigs=container-platform">SRG-APP-000498-CTR-001250</reference>
        <reference href="https://public.cyber.mil/stigs/downloads/?_dl_facet_stigs=container-platform">SRG-APP-000503-CTR-001275</reference>
        <reference href="https://cyber.gouv.fr/sites/default/files/document/linux_configuration-en-v2.pdf">R73</reference>
        <reference href="https://www.cisecurity.org/benchmark/ubuntu_linux/">6.2.3.8</reference>
        <reference href="https://docs-prv.pcisecuritystandards.org/PCI%20DSS/Standard/PCI-DSS-v4_0.pdf">10.2.1.5</reference>
        <reference href="https://docs-prv.pcisecuritystandards.org/PCI%20DSS/Standard/PCI-DSS-v4_0.pdf">10.2.1</reference>
        <reference href="https://docs-prv.pcisecuritystandards.org/PCI%20DSS/Standard/PCI-DSS-v4_0.pdf">10.2</reference>
        <rationale xmlns:xhtml="http://www.w3.org/1999/xhtml" xml:lang="en-US">In addition to auditing new user and group accounts, these watches
will alert the system administrator(s) to any modifications. Any unexpected
users, groups, or modifications should be investigated for legitimacy.</rationale>
        <fix xmlns:xhtml="http://www.w3.org/1999/xhtml" id="audit_rules_usergroup_modification_opasswd" system="urn:xccdf:fix:script:ansible" reboot="true" complexity="low" disruption="low" strategy="restrict">- name: Gather the package facts
  package_facts:
    manager: auto
  tags:
  - CJIS-5.4.1.1
  - NIST-800-171-3.1.7
  - NIST-800-53-AC-2(4)
  - NIST-800-53-AC-6(9)
  - NIST-800-53-AU-12(c)
  - NIST-800-53-AU-2(d)
  - NIST-800-53-CM-6(a)
  - PCI-DSS-Req-10.2.5
  - PCI-DSSv4-10.2
  - PCI-DSSv4-10.2.1
  - PCI-DSSv4-10.2.1.5
  - audit_rules_usergroup_modification_opasswd
  - low_complexity
  - low_disruption
  - medium_severity
  - reboot_required
  - restrict_strategy

- name: Check if watch rule for /etc/security/opasswd already exists in /etc/audit/rules.d/
  find:
    paths: /etc/audit/rules.d
    contains: ^\s*-w\s+/etc/security/opasswd\s+-p\s+wa(\s|$)+
    patterns: '*.rules'
  register: find_existing_watch_rules_d
  when:
  - '"auditd" in ansible_facts.packages'
  - '"linux-base" in ansible_facts.packages'
  tags:
  - CJIS-5.4.1.1
  - NIST-800-171-3.1.7
  - NIST-800-53-AC-2(4)
  - NIST-800-53-AC-6(9)
  - NIST-800-53-AU-12(c)
  - NIST-800-53-AU-2(d)
  - NIST-800-53-CM-6(a)
  - PCI-DSS-Req-10.2.5
  - PCI-DSSv4-10.2
  - PCI-DSSv4-10.2.1
  - PCI-DSSv4-10.2.1.5
  - audit_rules_usergroup_modification_opasswd
  - low_complexity
  - low_disruption
  - medium_severity
  - reboot_required
  - restrict_strategy

- name: Search /etc/audit/rules.d for other rules with specified key audit_rules_usergroup_modification
  find:
    paths: /etc/audit/rules.d
    contains: ^.*(?:-F key=|-k\s+)audit_rules_usergroup_modification$
    patterns: '*.rules'
  register: find_watch_key
  when:
  - '"auditd" in ansible_facts.packages'
  - '"linux-base" in ansible_facts.packages'
  - find_existing_watch_rules_d.matched is defined and find_existing_watch_rules_d.matched
    == 0
  tags:
  - CJIS-5.4.1.1
  - NIST-800-171-3.1.7
  - NIST-800-53-AC-2(4)
  - NIST-800-53-AC-6(9)
  - NIST-800-53-AU-12(c)
  - NIST-800-53-AU-2(d)
  - NIST-800-53-CM-6(a)
  - PCI-DSS-Req-10.2.5
  - PCI-DSSv4-10.2
  - PCI-DSSv4-10.2.1
  - PCI-DSSv4-10.2.1.5
  - audit_rules_usergroup_modification_opasswd
  - low_complexity
  - low_disruption
  - medium_severity
  - reboot_required
  - restrict_strategy

- name: Use /etc/audit/rules.d/audit_rules_usergroup_modification.rules as the recipient
    for the rule
  set_fact:
    all_files:
    - /etc/audit/rules.d/audit_rules_usergroup_modification.rules
  when:
  - '"auditd" in ansible_facts.packages'
  - '"linux-base" in ansible_facts.packages'
  - find_watch_key.matched is defined and find_watch_key.matched == 0 and find_existing_watch_rules_d.matched
    is defined and find_existing_watch_rules_d.matched == 0
  tags:
  - CJIS-5.4.1.1
  - NIST-800-171-3.1.7
  - NIST-800-53-AC-2(4)
  - NIST-800-53-AC-6(9)
  - NIST-800-53-AU-12(c)
  - NIST-800-53-AU-2(d)
  - NIST-800-53-CM-6(a)
  - PCI-DSS-Req-10.2.5
  - PCI-DSSv4-10.2
  - PCI-DSSv4-10.2.1
  - PCI-DSSv4-10.2.1.5
  - audit_rules_usergroup_modification_opasswd
  - low_complexity
  - low_disruption
  - medium_severity
  - reboot_required
  - restrict_strategy

- name: Use matched file as the recipient for the rule
  set_fact:
    all_files:
    - '{{ find_watch_key.files | map(attribute=''path'') | list | first }}'
  when:
  - '"auditd" in ansible_facts.packages'
  - '"linux-base" in ansible_facts.packages'
  - find_watch_key.matched is defined and find_watch_key.matched &gt; 0 and find_existing_watch_rules_d.matched
    is defined and find_existing_watch_rules_d.matched == 0
  tags:
  - CJIS-5.4.1.1
  - NIST-800-171-3.1.7
  - NIST-800-53-AC-2(4)
  - NIST-800-53-AC-6(9)
  - NIST-800-53-AU-12(c)
  - NIST-800-53-AU-2(d)
  - NIST-800-53-CM-6(a)
  - PCI-DSS-Req-10.2.5
  - PCI-DSSv4-10.2
  - PCI-DSSv4-10.2.1
  - PCI-DSSv4-10.2.1.5
  - audit_rules_usergroup_modification_opasswd
  - low_complexity
  - low_disruption
  - medium_severity
  - reboot_required
  - restrict_strategy

- name: Add watch rule for /etc/security/opasswd in /etc/audit/rules.d/
  lineinfile:
    path: '{{ all_files[0] }}'
    line: -w /etc/security/opasswd -p wa -k audit_rules_usergroup_modification
    create: true
    mode: '0600'
  when:
  - '"auditd" in ansible_facts.packages'
  - '"linux-base" in ansible_facts.packages'
  - find_existing_watch_rules_d.matched is defined and find_existing_watch_rules_d.matched
    == 0
  tags:
  - CJIS-5.4.1.1
  - NIST-800-171-3.1.7
  - NIST-800-53-AC-2(4)
  - NIST-800-53-AC-6(9)
  - NIST-800-53-AU-12(c)
  - NIST-800-53-AU-2(d)
  - NIST-800-53-CM-6(a)
  - PCI-DSS-Req-10.2.5
  - PCI-DSSv4-10.2
  - PCI-DSSv4-10.2.1
  - PCI-DSSv4-10.2.1.5
  - audit_rules_usergroup_modification_opasswd
  - low_complexity
  - low_disruption
  - medium_severity
  - reboot_required
  - restrict_strategy

- name: Check if watch rule for /etc/security/opasswd already exists in /etc/audit/audit.rules
  find:
    paths: /etc/audit/
    contains: ^\s*-w\s+/etc/security/opasswd\s+-p\s+wa(\s|$)+
    patterns: audit.rules
  register: find_existing_watch_audit_rules
  when:
  - '"auditd" in ansible_facts.packages'
  - '"linux-base" in ansible_facts.packages'
  tags:
  - CJIS-5.4.1.1
  - NIST-800-171-3.1.7
  - NIST-800-53-AC-2(4)
  - NIST-800-53-AC-6(9)
  - NIST-800-53-AU-12(c)
  - NIST-800-53-AU-2(d)
  - NIST-800-53-CM-6(a)
  - PCI-DSS-Req-10.2.5
  - PCI-DSSv4-10.2
  - PCI-DSSv4-10.2.1
  - PCI-DSSv4-10.2.1.5
  - audit_rules_usergroup_modification_opasswd
  - low_complexity
  - low_disruption
  - medium_severity
  - reboot_required
  - restrict_strategy

- name: Add watch rule for /etc/security/opasswd in /etc/audit/audit.rules
  lineinfile:
    line: -w /etc/security/opasswd -p wa -k audit_rules_usergroup_modification
    state: present
    dest: /etc/audit/audit.rules
    create: true
    mode: '0600'
  when:
  - '"auditd" in ansible_facts.packages'
  - '"linux-base" in ansible_facts.packages'
  - find_existing_watch_audit_rules.matched is defined and find_existing_watch_audit_rules.matched
    == 0
  tags:
  - CJIS-5.4.1.1
  - NIST-800-171-3.1.7
  - NIST-800-53-AC-2(4)
  - NIST-800-53-AC-6(9)
  - NIST-800-53-AU-12(c)
  - NIST-800-53-AU-2(d)
  - NIST-800-53-CM-6(a)
  - PCI-DSS-Req-10.2.5
  - PCI-DSSv4-10.2
  - PCI-DSSv4-10.2.1
  - PCI-DSSv4-10.2.1.5
  - audit_rules_usergroup_modification_opasswd
  - low_complexity
  - low_disruption
  - medium_severity
  - reboot_required
  - restrict_strategy
</fix>
        <fix xmlns:xhtml="http://www.w3.org/1999/xhtml" id="audit_rules_usergroup_modification_opasswd" system="urn:xccdf:fix:script:sh"># Remediation is applicable only in certain platforms
if dpkg-query --show --showformat='${db:Status-Status}
' 'linux-base' 2&gt;/dev/null | grep -q ^installed &amp;&amp; dpkg-query --show --showformat='${db:Status-Status}\n' 'auditd' 2&gt;/dev/null | grep -q '^installed'; then

# Perform the remediation for both possible tools: 'auditctl' and 'augenrules'

# Create a list of audit *.rules files that should be inspected for presence and correctness
# of a particular audit rule. The scheme is as follows:
#
# -----------------------------------------------------------------------------------------
# Tool used to load audit rules	| Rule already defined	|  Audit rules file to inspect	  |
# -----------------------------------------------------------------------------------------
#	auditctl		|     Doesn't matter	|  /etc/audit/audit.rules	  |
# -----------------------------------------------------------------------------------------
# 	augenrules		|          Yes		|  /etc/audit/rules.d/*.rules	  |
# 	augenrules		|          No		|  /etc/audit/rules.d/$key.rules  |
# -----------------------------------------------------------------------------------------
files_to_inspect=()


# If the audit tool is 'auditctl', then add '/etc/audit/audit.rules'
# into the list of files to be inspected
files_to_inspect+=('/etc/audit/audit.rules')

# Finally perform the inspection and possible subsequent audit rule
# correction for each of the files previously identified for inspection
for audit_rules_file in "${files_to_inspect[@]}"
do
    # Check if audit watch file system object rule for given path already present
    if grep -q -P -- "^[\s]*-w[\s]+/etc/security/opasswd" "$audit_rules_file"
    then
        # Rule is found =&gt; verify yet if existing rule definition contains
        # all of the required access type bits

        # Define BRE whitespace class shortcut
        sp="[[:space:]]"
        # Extract current permission access types (e.g. -p [r|w|x|a] values) from audit rule
        current_access_bits=$(sed -ne "s#$sp*-w$sp\+/etc/security/opasswd $sp\+-p$sp\+\([rxwa]\{1,4\}\).*#\1#p" "$audit_rules_file")
        # Split required access bits string into characters array
        # (to check bit's presence for one bit at a time)
        for access_bit in $(echo "wa" | grep -o .)
        do
            # For each from the required access bits (e.g. 'w', 'a') check
            # if they are already present in current access bits for rule.
            # If not, append that bit at the end
            if ! grep -q "$access_bit" &lt;&lt;&lt; "$current_access_bits"
            then
                # Concatenate the existing mask with the missing bit
                current_access_bits="$current_access_bits$access_bit"
            fi
        done
        # Propagate the updated rule's access bits (original + the required
        # ones) back into the /etc/audit/audit.rules file for that rule
        sed -i "s#\($sp*-w$sp\+/etc/security/opasswd$sp\+-p$sp\+\)\([rxwa]\{1,4\}\)\(.*\)#\1$current_access_bits\3#" "$audit_rules_file"
    else
        # Rule isn't present yet. Append it at the end of $audit_rules_file file
        # with proper key

        echo "-w /etc/security/opasswd -p wa -k audit_rules_usergroup_modification" &gt;&gt; "$audit_rules_file"
    fi
done
# Create a list of audit *.rules files that should be inspected for presence and correctness
# of a particular audit rule. The scheme is as follows:
#
# -----------------------------------------------------------------------------------------
# Tool used to load audit rules	| Rule already defined	|  Audit rules file to inspect	  |
# -----------------------------------------------------------------------------------------
#	auditctl		|     Doesn't matter	|  /etc/audit/audit.rules	  |
# -----------------------------------------------------------------------------------------
# 	augenrules		|          Yes		|  /etc/audit/rules.d/*.rules	  |
# 	augenrules		|          No		|  /etc/audit/rules.d/$key.rules  |
# -----------------------------------------------------------------------------------------
files_to_inspect=()

# If the audit is 'augenrules', then check if rule is already defined
# If rule is defined, add '/etc/audit/rules.d/*.rules' to list of files for inspection.
# If rule isn't defined, add '/etc/audit/rules.d/audit_rules_usergroup_modification.rules' to list of files for inspection.
readarray -t matches &lt; &lt;(grep -HP "[\s]*-w[\s]+/etc/security/opasswd" /etc/audit/rules.d/*.rules)

# For each of the matched entries
for match in "${matches[@]}"
do
    # Extract filepath from the match
    rulesd_audit_file=$(echo $match | cut -f1 -d ':')
    # Append that path into list of files for inspection
    files_to_inspect+=("$rulesd_audit_file")
done
# Case when particular audit rule isn't defined yet
if [ "${#files_to_inspect[@]}" -eq "0" ]
then
    # Append '/etc/audit/rules.d/audit_rules_usergroup_modification.rules' into list of files for inspection
    key_rule_file="/etc/audit/rules.d/audit_rules_usergroup_modification.rules"
    # If the audit_rules_usergroup_modification.rules file doesn't exist yet, create it with correct permissions
    if [ ! -e "$key_rule_file" ]
    then
        touch "$key_rule_file"
        chmod 0600 "$key_rule_file"
    fi
    files_to_inspect+=("$key_rule_file")
fi

# Finally perform the inspection and possible subsequent audit rule
# correction for each of the files previously identified for inspection
for audit_rules_file in "${files_to_inspect[@]}"
do
    # Check if audit watch file system object rule for given path already present
    if grep -q -P -- "^[\s]*-w[\s]+/etc/security/opasswd" "$audit_rules_file"
    then
        # Rule is found =&gt; verify yet if existing rule definition contains
        # all of the required access type bits

        # Define BRE whitespace class shortcut
        sp="[[:space:]]"
        # Extract current permission access types (e.g. -p [r|w|x|a] values) from audit rule
        current_access_bits=$(sed -ne "s#$sp*-w$sp\+/etc/security/opasswd $sp\+-p$sp\+\([rxwa]\{1,4\}\).*#\1#p" "$audit_rules_file")
        # Split required access bits string into characters array
        # (to check bit's presence for one bit at a time)
        for access_bit in $(echo "wa" | grep -o .)
        do
            # For each from the required access bits (e.g. 'w', 'a') check
            # if they are already present in current access bits for rule.
            # If not, append that bit at the end
            if ! grep -q "$access_bit" &lt;&lt;&lt; "$current_access_bits"
            then
                # Concatenate the existing mask with the missing bit
                current_access_bits="$current_access_bits$access_bit"
            fi
        done
        # Propagate the updated rule's access bits (original + the required
        # ones) back into the /etc/audit/audit.rules file for that rule
        sed -i "s#\($sp*-w$sp\+/etc/security/opasswd$sp\+-p$sp\+\)\([rxwa]\{1,4\}\)\(.*\)#\1$current_access_bits\3#" "$audit_rules_file"
    else
        # Rule isn't present yet. Append it at the end of $audit_rules_file file
        # with proper key

        echo "-w /etc/security/opasswd -p wa -k audit_rules_usergroup_modification" &gt;&gt; "$audit_rules_file"
    fi
done

else
    &gt;&amp;2 echo 'Remediation is not applicable, nothing was done'
fi
</fix>
        <check system="http://oval.mitre.org/XMLSchema/oval-definitions-5">
          <check-content-ref name="oval:ssg-audit_rules_usergroup_modification_opasswd:def:1" href="ssg-ubuntu2404-oval.xml"/>
        </check>
        <check system="http://scap.nist.gov/schema/ocil/2">
          <check-content-ref name="ocil:ssg-audit_rules_usergroup_modification_opasswd_ocil:questionnaire:1" href="ssg-ubuntu2404-ocil.xml"/>
        </check>
      </Rule>
      <Rule id="xccdf_org.ssgproject.content_rule_audit_rules_usergroup_modification_pam_conf" selected="false" role="full" severity="medium">
        <title xmlns:xhtml="http://www.w3.org/1999/xhtml" xml:lang="en-US">Record Events that Modify User/Group Information - /etc/pam.conf</title>
        <description xmlns:xhtml="http://www.w3.org/1999/xhtml" xml:lang="en-US">If the <html:code xmlns:html="http://www.w3.org/1999/xhtml">auditd</html:code> daemon is configured to use the
<html:code xmlns:html="http://www.w3.org/1999/xhtml">augenrules</html:code> program to read audit rules during daemon startup (the
default), add the following lines to a file with suffix <html:code xmlns:html="http://www.w3.org/1999/xhtml">.rules</html:code> in the
directory <html:code xmlns:html="http://www.w3.org/1999/xhtml">/etc/audit/rules.d</html:code>, in order to capture events that modify
account changes:
<html:br xmlns:html="http://www.w3.org/1999/xhtml"/>
       <html:br xmlns:html="http://www.w3.org/1999/xhtml"/>
       <html:pre xmlns:html="http://www.w3.org/1999/xhtml">-w /etc/pam.conf -p wa -k audit_rules_usergroup_modification</html:pre>
       <html:br xmlns:html="http://www.w3.org/1999/xhtml"/>
       <html:br xmlns:html="http://www.w3.org/1999/xhtml"/>
If the <html:code xmlns:html="http://www.w3.org/1999/xhtml">auditd</html:code> daemon is configured to use the <html:code xmlns:html="http://www.w3.org/1999/xhtml">auditctl</html:code>
utility to read audit rules during daemon startup, add the following lines to
<html:code xmlns:html="http://www.w3.org/1999/xhtml">/etc/audit/audit.rules</html:code> file, in order to capture events that modify
account changes:
<html:br xmlns:html="http://www.w3.org/1999/xhtml"/>
       <html:br xmlns:html="http://www.w3.org/1999/xhtml"/>
       <html:pre xmlns:html="http://www.w3.org/1999/xhtml">-w /etc/pam.conf -p wa -k audit_rules_usergroup_modification</html:pre>
      </description>
        <reference href="https://www.cisecurity.org/benchmark/ubuntu_linux/">6.2.3.8</reference>
        <rationale xmlns:xhtml="http://www.w3.org/1999/xhtml" xml:lang="en-US">The PAM configuration file defines the authentication mechanism
used by PAM-aware applications. Any unexpected changes to PAM configuration
should be investigated.</rationale>
        <fix xmlns:xhtml="http://www.w3.org/1999/xhtml" id="audit_rules_usergroup_modification_pam_conf" system="urn:xccdf:fix:script:ansible" reboot="true" complexity="low" disruption="low" strategy="restrict">- name: Gather the package facts
  package_facts:
    manager: auto
  tags:
  - audit_rules_usergroup_modification_pam_conf
  - low_complexity
  - low_disruption
  - medium_severity
  - reboot_required
  - restrict_strategy

- name: Check if watch rule for /etc/pam.conf already exists in /etc/audit/rules.d/
  find:
    paths: /etc/audit/rules.d
    contains: ^\s*-w\s+/etc/pam.conf\s+-p\s+wa(\s|$)+
    patterns: '*.rules'
  register: find_existing_watch_rules_d
  when:
  - '"auditd" in ansible_facts.packages'
  - '"linux-base" in ansible_facts.packages'
  tags:
  - audit_rules_usergroup_modification_pam_conf
  - low_complexity
  - low_disruption
  - medium_severity
  - reboot_required
  - restrict_strategy

- name: Search /etc/audit/rules.d for other rules with specified key audit_rules_usergroup_modification
  find:
    paths: /etc/audit/rules.d
    contains: ^.*(?:-F key=|-k\s+)audit_rules_usergroup_modification$
    patterns: '*.rules'
  register: find_watch_key
  when:
  - '"auditd" in ansible_facts.packages'
  - '"linux-base" in ansible_facts.packages'
  - find_existing_watch_rules_d.matched is defined and find_existing_watch_rules_d.matched
    == 0
  tags:
  - audit_rules_usergroup_modification_pam_conf
  - low_complexity
  - low_disruption
  - medium_severity
  - reboot_required
  - restrict_strategy

- name: Use /etc/audit/rules.d/audit_rules_usergroup_modification.rules as the recipient
    for the rule
  set_fact:
    all_files:
    - /etc/audit/rules.d/audit_rules_usergroup_modification.rules
  when:
  - '"auditd" in ansible_facts.packages'
  - '"linux-base" in ansible_facts.packages'
  - find_watch_key.matched is defined and find_watch_key.matched == 0 and find_existing_watch_rules_d.matched
    is defined and find_existing_watch_rules_d.matched == 0
  tags:
  - audit_rules_usergroup_modification_pam_conf
  - low_complexity
  - low_disruption
  - medium_severity
  - reboot_required
  - restrict_strategy

- name: Use matched file as the recipient for the rule
  set_fact:
    all_files:
    - '{{ find_watch_key.files | map(attribute=''path'') | list | first }}'
  when:
  - '"auditd" in ansible_facts.packages'
  - '"linux-base" in ansible_facts.packages'
  - find_watch_key.matched is defined and find_watch_key.matched &gt; 0 and find_existing_watch_rules_d.matched
    is defined and find_existing_watch_rules_d.matched == 0
  tags:
  - audit_rules_usergroup_modification_pam_conf
  - low_complexity
  - low_disruption
  - medium_severity
  - reboot_required
  - restrict_strategy

- name: Add watch rule for /etc/pam.conf in /etc/audit/rules.d/
  lineinfile:
    path: '{{ all_files[0] }}'
    line: -w /etc/pam.conf -p wa -k audit_rules_usergroup_modification
    create: true
    mode: '0600'
  when:
  - '"auditd" in ansible_facts.packages'
  - '"linux-base" in ansible_facts.packages'
  - find_existing_watch_rules_d.matched is defined and find_existing_watch_rules_d.matched
    == 0
  tags:
  - audit_rules_usergroup_modification_pam_conf
  - low_complexity
  - low_disruption
  - medium_severity
  - reboot_required
  - restrict_strategy

- name: Check if watch rule for /etc/pam.conf already exists in /etc/audit/audit.rules
  find:
    paths: /etc/audit/
    contains: ^\s*-w\s+/etc/pam.conf\s+-p\s+wa(\s|$)+
    patterns: audit.rules
  register: find_existing_watch_audit_rules
  when:
  - '"auditd" in ansible_facts.packages'
  - '"linux-base" in ansible_facts.packages'
  tags:
  - audit_rules_usergroup_modification_pam_conf
  - low_complexity
  - low_disruption
  - medium_severity
  - reboot_required
  - restrict_strategy

- name: Add watch rule for /etc/pam.conf in /etc/audit/audit.rules
  lineinfile:
    line: -w /etc/pam.conf -p wa -k audit_rules_usergroup_modification
    state: present
    dest: /etc/audit/audit.rules
    create: true
    mode: '0600'
  when:
  - '"auditd" in ansible_facts.packages'
  - '"linux-base" in ansible_facts.packages'
  - find_existing_watch_audit_rules.matched is defined and find_existing_watch_audit_rules.matched
    == 0
  tags:
  - audit_rules_usergroup_modification_pam_conf
  - low_complexity
  - low_disruption
  - medium_severity
  - reboot_required
  - restrict_strategy
</fix>
        <fix xmlns:xhtml="http://www.w3.org/1999/xhtml" id="audit_rules_usergroup_modification_pam_conf" system="urn:xccdf:fix:script:sh"># Remediation is applicable only in certain platforms
if dpkg-query --show --showformat='${db:Status-Status}
' 'linux-base' 2&gt;/dev/null | grep -q ^installed &amp;&amp; dpkg-query --show --showformat='${db:Status-Status}\n' 'auditd' 2&gt;/dev/null | grep -q '^installed'; then

# Perform the remediation for both possible tools: 'auditctl' and 'augenrules'

# Create a list of audit *.rules files that should be inspected for presence and correctness
# of a particular audit rule. The scheme is as follows:
#
# -----------------------------------------------------------------------------------------
# Tool used to load audit rules	| Rule already defined	|  Audit rules file to inspect	  |
# -----------------------------------------------------------------------------------------
#	auditctl		|     Doesn't matter	|  /etc/audit/audit.rules	  |
# -----------------------------------------------------------------------------------------
# 	augenrules		|          Yes		|  /etc/audit/rules.d/*.rules	  |
# 	augenrules		|          No		|  /etc/audit/rules.d/$key.rules  |
# -----------------------------------------------------------------------------------------
files_to_inspect=()


# If the audit tool is 'auditctl', then add '/etc/audit/audit.rules'
# into the list of files to be inspected
files_to_inspect+=('/etc/audit/audit.rules')

# Finally perform the inspection and possible subsequent audit rule
# correction for each of the files previously identified for inspection
for audit_rules_file in "${files_to_inspect[@]}"
do
    # Check if audit watch file system object rule for given path already present
    if grep -q -P -- "^[\s]*-w[\s]+/etc/pam.conf" "$audit_rules_file"
    then
        # Rule is found =&gt; verify yet if existing rule definition contains
        # all of the required access type bits

        # Define BRE whitespace class shortcut
        sp="[[:space:]]"
        # Extract current permission access types (e.g. -p [r|w|x|a] values) from audit rule
        current_access_bits=$(sed -ne "s#$sp*-w$sp\+/etc/pam.conf $sp\+-p$sp\+\([rxwa]\{1,4\}\).*#\1#p" "$audit_rules_file")
        # Split required access bits string into characters array
        # (to check bit's presence for one bit at a time)
        for access_bit in $(echo "wa" | grep -o .)
        do
            # For each from the required access bits (e.g. 'w', 'a') check
            # if they are already present in current access bits for rule.
            # If not, append that bit at the end
            if ! grep -q "$access_bit" &lt;&lt;&lt; "$current_access_bits"
            then
                # Concatenate the existing mask with the missing bit
                current_access_bits="$current_access_bits$access_bit"
            fi
        done
        # Propagate the updated rule's access bits (original + the required
        # ones) back into the /etc/audit/audit.rules file for that rule
        sed -i "s#\($sp*-w$sp\+/etc/pam.conf$sp\+-p$sp\+\)\([rxwa]\{1,4\}\)\(.*\)#\1$current_access_bits\3#" "$audit_rules_file"
    else
        # Rule isn't present yet. Append it at the end of $audit_rules_file file
        # with proper key

        echo "-w /etc/pam.conf -p wa -k audit_rules_usergroup_modification" &gt;&gt; "$audit_rules_file"
    fi
done
# Create a list of audit *.rules files that should be inspected for presence and correctness
# of a particular audit rule. The scheme is as follows:
#
# -----------------------------------------------------------------------------------------
# Tool used to load audit rules	| Rule already defined	|  Audit rules file to inspect	  |
# -----------------------------------------------------------------------------------------
#	auditctl		|     Doesn't matter	|  /etc/audit/audit.rules	  |
# -----------------------------------------------------------------------------------------
# 	augenrules		|          Yes		|  /etc/audit/rules.d/*.rules	  |
# 	augenrules		|          No		|  /etc/audit/rules.d/$key.rules  |
# -----------------------------------------------------------------------------------------
files_to_inspect=()

# If the audit is 'augenrules', then check if rule is already defined
# If rule is defined, add '/etc/audit/rules.d/*.rules' to list of files for inspection.
# If rule isn't defined, add '/etc/audit/rules.d/audit_rules_usergroup_modification.rules' to list of files for inspection.
readarray -t matches &lt; &lt;(grep -HP "[\s]*-w[\s]+/etc/pam.conf" /etc/audit/rules.d/*.rules)

# For each of the matched entries
for match in "${matches[@]}"
do
    # Extract filepath from the match
    rulesd_audit_file=$(echo $match | cut -f1 -d ':')
    # Append that path into list of files for inspection
    files_to_inspect+=("$rulesd_audit_file")
done
# Case when particular audit rule isn't defined yet
if [ "${#files_to_inspect[@]}" -eq "0" ]
then
    # Append '/etc/audit/rules.d/audit_rules_usergroup_modification.rules' into list of files for inspection
    key_rule_file="/etc/audit/rules.d/audit_rules_usergroup_modification.rules"
    # If the audit_rules_usergroup_modification.rules file doesn't exist yet, create it with correct permissions
    if [ ! -e "$key_rule_file" ]
    then
        touch "$key_rule_file"
        chmod 0600 "$key_rule_file"
    fi
    files_to_inspect+=("$key_rule_file")
fi

# Finally perform the inspection and possible subsequent audit rule
# correction for each of the files previously identified for inspection
for audit_rules_file in "${files_to_inspect[@]}"
do
    # Check if audit watch file system object rule for given path already present
    if grep -q -P -- "^[\s]*-w[\s]+/etc/pam.conf" "$audit_rules_file"
    then
        # Rule is found =&gt; verify yet if existing rule definition contains
        # all of the required access type bits

        # Define BRE whitespace class shortcut
        sp="[[:space:]]"
        # Extract current permission access types (e.g. -p [r|w|x|a] values) from audit rule
        current_access_bits=$(sed -ne "s#$sp*-w$sp\+/etc/pam.conf $sp\+-p$sp\+\([rxwa]\{1,4\}\).*#\1#p" "$audit_rules_file")
        # Split required access bits string into characters array
        # (to check bit's presence for one bit at a time)
        for access_bit in $(echo "wa" | grep -o .)
        do
            # For each from the required access bits (e.g. 'w', 'a') check
            # if they are already present in current access bits for rule.
            # If not, append that bit at the end
            if ! grep -q "$access_bit" &lt;&lt;&lt; "$current_access_bits"
            then
                # Concatenate the existing mask with the missing bit
                current_access_bits="$current_access_bits$access_bit"
            fi
        done
        # Propagate the updated rule's access bits (original + the required
        # ones) back into the /etc/audit/audit.rules file for that rule
        sed -i "s#\($sp*-w$sp\+/etc/pam.conf$sp\+-p$sp\+\)\([rxwa]\{1,4\}\)\(.*\)#\1$current_access_bits\3#" "$audit_rules_file"
    else
        # Rule isn't present yet. Append it at the end of $audit_rules_file file
        # with proper key

        echo "-w /etc/pam.conf -p wa -k audit_rules_usergroup_modification" &gt;&gt; "$audit_rules_file"
    fi
done

else
    &gt;&amp;2 echo 'Remediation is not applicable, nothing was done'
fi
</fix>
        <check system="http://oval.mitre.org/XMLSchema/oval-definitions-5">
          <check-content-ref name="oval:ssg-audit_rules_usergroup_modification_pam_conf:def:1" href="ssg-ubuntu2404-oval.xml"/>
        </check>
      </Rule>
      <Rule id="xccdf_org.ssgproject.content_rule_audit_rules_usergroup_modification_pamd" selected="false" role="full" severity="medium">
        <title xmlns:xhtml="http://www.w3.org/1999/xhtml" xml:lang="en-US">Record Events that Modify User/Group Information - /etc/pam.d/</title>
        <description xmlns:xhtml="http://www.w3.org/1999/xhtml" xml:lang="en-US">If the <html:code xmlns:html="http://www.w3.org/1999/xhtml">auditd</html:code> daemon is configured to use the
<html:code xmlns:html="http://www.w3.org/1999/xhtml">augenrules</html:code> program to read audit rules during daemon startup (the
default), add the following lines to a file with suffix <html:code xmlns:html="http://www.w3.org/1999/xhtml">.rules</html:code> in the
directory <html:code xmlns:html="http://www.w3.org/1999/xhtml">/etc/audit/rules.d</html:code>, in order to capture events that modify
account changes:
<html:br xmlns:html="http://www.w3.org/1999/xhtml"/>
       <html:br xmlns:html="http://www.w3.org/1999/xhtml"/>
       <html:pre xmlns:html="http://www.w3.org/1999/xhtml">-w /etc/pam.d/ -p wa -k audit_rules_usergroup_modification</html:pre>
       <html:br xmlns:html="http://www.w3.org/1999/xhtml"/>
       <html:br xmlns:html="http://www.w3.org/1999/xhtml"/>
If the <html:code xmlns:html="http://www.w3.org/1999/xhtml">auditd</html:code> daemon is configured to use the <html:code xmlns:html="http://www.w3.org/1999/xhtml">auditctl</html:code>
utility to read audit rules during daemon startup, add the following lines to
<html:code xmlns:html="http://www.w3.org/1999/xhtml">/etc/audit/audit.rules</html:code> file, in order to capture events that modify
account changes:
<html:br xmlns:html="http://www.w3.org/1999/xhtml"/>
       <html:br xmlns:html="http://www.w3.org/1999/xhtml"/>
       <html:pre xmlns:html="http://www.w3.org/1999/xhtml">-w /etc/pam.d/ -p wa -k audit_rules_usergroup_modification</html:pre>
      </description>
        <reference href="https://www.cisecurity.org/benchmark/ubuntu_linux/">6.2.3.8</reference>
        <rationale xmlns:xhtml="http://www.w3.org/1999/xhtml" xml:lang="en-US">The PAM configuration files in /etc/pam.d define the authentication mechanism
used by PAM-aware applications. Any unexpected changes to PAM configuration
should be investigated.</rationale>
        <fix xmlns:xhtml="http://www.w3.org/1999/xhtml" id="audit_rules_usergroup_modification_pamd" system="urn:xccdf:fix:script:ansible" reboot="true" complexity="low" disruption="low" strategy="restrict">- name: Gather the package facts
  package_facts:
    manager: auto
  tags:
  - audit_rules_usergroup_modification_pamd
  - low_complexity
  - low_disruption
  - medium_severity
  - reboot_required
  - restrict_strategy

- name: Check if watch rule for /etc/pam.d/ already exists in /etc/audit/rules.d/
  find:
    paths: /etc/audit/rules.d
    contains: ^\s*-w\s+/etc/pam.d/\s+-p\s+wa(\s|$)+
    patterns: '*.rules'
  register: find_existing_watch_rules_d
  when:
  - '"auditd" in ansible_facts.packages'
  - '"linux-base" in ansible_facts.packages'
  tags:
  - audit_rules_usergroup_modification_pamd
  - low_complexity
  - low_disruption
  - medium_severity
  - reboot_required
  - restrict_strategy

- name: Search /etc/audit/rules.d for other rules with specified key audit_rules_usergroup_modification
  find:
    paths: /etc/audit/rules.d
    contains: ^.*(?:-F key=|-k\s+)audit_rules_usergroup_modification$
    patterns: '*.rules'
  register: find_watch_key
  when:
  - '"auditd" in ansible_facts.packages'
  - '"linux-base" in ansible_facts.packages'
  - find_existing_watch_rules_d.matched is defined and find_existing_watch_rules_d.matched
    == 0
  tags:
  - audit_rules_usergroup_modification_pamd
  - low_complexity
  - low_disruption
  - medium_severity
  - reboot_required
  - restrict_strategy

- name: Use /etc/audit/rules.d/audit_rules_usergroup_modification.rules as the recipient
    for the rule
  set_fact:
    all_files:
    - /etc/audit/rules.d/audit_rules_usergroup_modification.rules
  when:
  - '"auditd" in ansible_facts.packages'
  - '"linux-base" in ansible_facts.packages'
  - find_watch_key.matched is defined and find_watch_key.matched == 0 and find_existing_watch_rules_d.matched
    is defined and find_existing_watch_rules_d.matched == 0
  tags:
  - audit_rules_usergroup_modification_pamd
  - low_complexity
  - low_disruption
  - medium_severity
  - reboot_required
  - restrict_strategy

- name: Use matched file as the recipient for the rule
  set_fact:
    all_files:
    - '{{ find_watch_key.files | map(attribute=''path'') | list | first }}'
  when:
  - '"auditd" in ansible_facts.packages'
  - '"linux-base" in ansible_facts.packages'
  - find_watch_key.matched is defined and find_watch_key.matched &gt; 0 and find_existing_watch_rules_d.matched
    is defined and find_existing_watch_rules_d.matched == 0
  tags:
  - audit_rules_usergroup_modification_pamd
  - low_complexity
  - low_disruption
  - medium_severity
  - reboot_required
  - restrict_strategy

- name: Add watch rule for /etc/pam.d/ in /etc/audit/rules.d/
  lineinfile:
    path: '{{ all_files[0] }}'
    line: -w /etc/pam.d/ -p wa -k audit_rules_usergroup_modification
    create: true
    mode: '0600'
  when:
  - '"auditd" in ansible_facts.packages'
  - '"linux-base" in ansible_facts.packages'
  - find_existing_watch_rules_d.matched is defined and find_existing_watch_rules_d.matched
    == 0
  tags:
  - audit_rules_usergroup_modification_pamd
  - low_complexity
  - low_disruption
  - medium_severity
  - reboot_required
  - restrict_strategy

- name: Check if watch rule for /etc/pam.d/ already exists in /etc/audit/audit.rules
  find:
    paths: /etc/audit/
    contains: ^\s*-w\s+/etc/pam.d/\s+-p\s+wa(\s|$)+
    patterns: audit.rules
  register: find_existing_watch_audit_rules
  when:
  - '"auditd" in ansible_facts.packages'
  - '"linux-base" in ansible_facts.packages'
  tags:
  - audit_rules_usergroup_modification_pamd
  - low_complexity
  - low_disruption
  - medium_severity
  - reboot_required
  - restrict_strategy

- name: Add watch rule for /etc/pam.d/ in /etc/audit/audit.rules
  lineinfile:
    line: -w /etc/pam.d/ -p wa -k audit_rules_usergroup_modification
    state: present
    dest: /etc/audit/audit.rules
    create: true
    mode: '0600'
  when:
  - '"auditd" in ansible_facts.packages'
  - '"linux-base" in ansible_facts.packages'
  - find_existing_watch_audit_rules.matched is defined and find_existing_watch_audit_rules.matched
    == 0
  tags:
  - audit_rules_usergroup_modification_pamd
  - low_complexity
  - low_disruption
  - medium_severity
  - reboot_required
  - restrict_strategy
</fix>
        <fix xmlns:xhtml="http://www.w3.org/1999/xhtml" id="audit_rules_usergroup_modification_pamd" system="urn:xccdf:fix:script:sh"># Remediation is applicable only in certain platforms
if dpkg-query --show --showformat='${db:Status-Status}
' 'linux-base' 2&gt;/dev/null | grep -q ^installed &amp;&amp; dpkg-query --show --showformat='${db:Status-Status}\n' 'auditd' 2&gt;/dev/null | grep -q '^installed'; then

# Perform the remediation for both possible tools: 'auditctl' and 'augenrules'

# Create a list of audit *.rules files that should be inspected for presence and correctness
# of a particular audit rule. The scheme is as follows:
#
# -----------------------------------------------------------------------------------------
# Tool used to load audit rules	| Rule already defined	|  Audit rules file to inspect	  |
# -----------------------------------------------------------------------------------------
#	auditctl		|     Doesn't matter	|  /etc/audit/audit.rules	  |
# -----------------------------------------------------------------------------------------
# 	augenrules		|          Yes		|  /etc/audit/rules.d/*.rules	  |
# 	augenrules		|          No		|  /etc/audit/rules.d/$key.rules  |
# -----------------------------------------------------------------------------------------
files_to_inspect=()


# If the audit tool is 'auditctl', then add '/etc/audit/audit.rules'
# into the list of files to be inspected
files_to_inspect+=('/etc/audit/audit.rules')

# Finally perform the inspection and possible subsequent audit rule
# correction for each of the files previously identified for inspection
for audit_rules_file in "${files_to_inspect[@]}"
do
    # Check if audit watch file system object rule for given path already present
    if grep -q -P -- "^[\s]*-w[\s]+/etc/pam.d/" "$audit_rules_file"
    then
        # Rule is found =&gt; verify yet if existing rule definition contains
        # all of the required access type bits

        # Define BRE whitespace class shortcut
        sp="[[:space:]]"
        # Extract current permission access types (e.g. -p [r|w|x|a] values) from audit rule
        current_access_bits=$(sed -ne "s#$sp*-w$sp\+/etc/pam.d/ $sp\+-p$sp\+\([rxwa]\{1,4\}\).*#\1#p" "$audit_rules_file")
        # Split required access bits string into characters array
        # (to check bit's presence for one bit at a time)
        for access_bit in $(echo "wa" | grep -o .)
        do
            # For each from the required access bits (e.g. 'w', 'a') check
            # if they are already present in current access bits for rule.
            # If not, append that bit at the end
            if ! grep -q "$access_bit" &lt;&lt;&lt; "$current_access_bits"
            then
                # Concatenate the existing mask with the missing bit
                current_access_bits="$current_access_bits$access_bit"
            fi
        done
        # Propagate the updated rule's access bits (original + the required
        # ones) back into the /etc/audit/audit.rules file for that rule
        sed -i "s#\($sp*-w$sp\+/etc/pam.d/$sp\+-p$sp\+\)\([rxwa]\{1,4\}\)\(.*\)#\1$current_access_bits\3#" "$audit_rules_file"
    else
        # Rule isn't present yet. Append it at the end of $audit_rules_file file
        # with proper key

        echo "-w /etc/pam.d/ -p wa -k audit_rules_usergroup_modification" &gt;&gt; "$audit_rules_file"
    fi
done
# Create a list of audit *.rules files that should be inspected for presence and correctness
# of a particular audit rule. The scheme is as follows:
#
# -----------------------------------------------------------------------------------------
# Tool used to load audit rules	| Rule already defined	|  Audit rules file to inspect	  |
# -----------------------------------------------------------------------------------------
#	auditctl		|     Doesn't matter	|  /etc/audit/audit.rules	  |
# -----------------------------------------------------------------------------------------
# 	augenrules		|          Yes		|  /etc/audit/rules.d/*.rules	  |
# 	augenrules		|          No		|  /etc/audit/rules.d/$key.rules  |
# -----------------------------------------------------------------------------------------
files_to_inspect=()

# If the audit is 'augenrules', then check if rule is already defined
# If rule is defined, add '/etc/audit/rules.d/*.rules' to list of files for inspection.
# If rule isn't defined, add '/etc/audit/rules.d/audit_rules_usergroup_modification.rules' to list of files for inspection.
readarray -t matches &lt; &lt;(grep -HP "[\s]*-w[\s]+/etc/pam.d/" /etc/audit/rules.d/*.rules)

# For each of the matched entries
for match in "${matches[@]}"
do
    # Extract filepath from the match
    rulesd_audit_file=$(echo $match | cut -f1 -d ':')
    # Append that path into list of files for inspection
    files_to_inspect+=("$rulesd_audit_file")
done
# Case when particular audit rule isn't defined yet
if [ "${#files_to_inspect[@]}" -eq "0" ]
then
    # Append '/etc/audit/rules.d/audit_rules_usergroup_modification.rules' into list of files for inspection
    key_rule_file="/etc/audit/rules.d/audit_rules_usergroup_modification.rules"
    # If the audit_rules_usergroup_modification.rules file doesn't exist yet, create it with correct permissions
    if [ ! -e "$key_rule_file" ]
    then
        touch "$key_rule_file"
        chmod 0600 "$key_rule_file"
    fi
    files_to_inspect+=("$key_rule_file")
fi

# Finally perform the inspection and possible subsequent audit rule
# correction for each of the files previously identified for inspection
for audit_rules_file in "${files_to_inspect[@]}"
do
    # Check if audit watch file system object rule for given path already present
    if grep -q -P -- "^[\s]*-w[\s]+/etc/pam.d/" "$audit_rules_file"
    then
        # Rule is found =&gt; verify yet if existing rule definition contains
        # all of the required access type bits

        # Define BRE whitespace class shortcut
        sp="[[:space:]]"
        # Extract current permission access types (e.g. -p [r|w|x|a] values) from audit rule
        current_access_bits=$(sed -ne "s#$sp*-w$sp\+/etc/pam.d/ $sp\+-p$sp\+\([rxwa]\{1,4\}\).*#\1#p" "$audit_rules_file")
        # Split required access bits string into characters array
        # (to check bit's presence for one bit at a time)
        for access_bit in $(echo "wa" | grep -o .)
        do
            # For each from the required access bits (e.g. 'w', 'a') check
            # if they are already present in current access bits for rule.
            # If not, append that bit at the end
            if ! grep -q "$access_bit" &lt;&lt;&lt; "$current_access_bits"
            then
                # Concatenate the existing mask with the missing bit
                current_access_bits="$current_access_bits$access_bit"
            fi
        done
        # Propagate the updated rule's access bits (original + the required
        # ones) back into the /etc/audit/audit.rules file for that rule
        sed -i "s#\($sp*-w$sp\+/etc/pam.d/$sp\+-p$sp\+\)\([rxwa]\{1,4\}\)\(.*\)#\1$current_access_bits\3#" "$audit_rules_file"
    else
        # Rule isn't present yet. Append it at the end of $audit_rules_file file
        # with proper key

        echo "-w /etc/pam.d/ -p wa -k audit_rules_usergroup_modification" &gt;&gt; "$audit_rules_file"
    fi
done

else
    &gt;&amp;2 echo 'Remediation is not applicable, nothing was done'
fi
</fix>
        <check system="http://oval.mitre.org/XMLSchema/oval-definitions-5">
          <check-content-ref name="oval:ssg-audit_rules_usergroup_modification_pamd:def:1" href="ssg-ubuntu2404-oval.xml"/>
        </check>
      </Rule>
      <Rule id="xccdf_org.ssgproject.content_rule_audit_rules_usergroup_modification_passwd" selected="false" role="full" severity="medium">
        <title xmlns:xhtml="http://www.w3.org/1999/xhtml" xml:lang="en-US">Record Events that Modify User/Group Information - /etc/passwd</title>
        <description xmlns:xhtml="http://www.w3.org/1999/xhtml" xml:lang="en-US">If the <html:code xmlns:html="http://www.w3.org/1999/xhtml">auditd</html:code> daemon is configured to use the
<html:code xmlns:html="http://www.w3.org/1999/xhtml">augenrules</html:code> program to read audit rules during daemon startup (the
default), add the following lines to a file with suffix <html:code xmlns:html="http://www.w3.org/1999/xhtml">.rules</html:code> in the
directory <html:code xmlns:html="http://www.w3.org/1999/xhtml">/etc/audit/rules.d</html:code>, in order to capture events that modify
account changes:
<html:br xmlns:html="http://www.w3.org/1999/xhtml"/>
       <html:br xmlns:html="http://www.w3.org/1999/xhtml"/>
       <html:pre xmlns:html="http://www.w3.org/1999/xhtml">-w /etc/passwd -p wa -k audit_rules_usergroup_modification</html:pre>
       <html:br xmlns:html="http://www.w3.org/1999/xhtml"/>
       <html:br xmlns:html="http://www.w3.org/1999/xhtml"/>
If the <html:code xmlns:html="http://www.w3.org/1999/xhtml">auditd</html:code> daemon is configured to use the <html:code xmlns:html="http://www.w3.org/1999/xhtml">auditctl</html:code>
utility to read audit rules during daemon startup, add the following lines to
<html:code xmlns:html="http://www.w3.org/1999/xhtml">/etc/audit/audit.rules</html:code> file, in order to capture events that modify
account changes:
<html:br xmlns:html="http://www.w3.org/1999/xhtml"/>
       <html:br xmlns:html="http://www.w3.org/1999/xhtml"/>
       <html:pre xmlns:html="http://www.w3.org/1999/xhtml">-w /etc/passwd -p wa -k audit_rules_usergroup_modification</html:pre>
      </description>
        <reference href="https://www.cisecurity.org/controls/">1</reference>
        <reference href="https://www.cisecurity.org/controls/">11</reference>
        <reference href="https://www.cisecurity.org/controls/">12</reference>
        <reference href="https://www.cisecurity.org/controls/">13</reference>
        <reference href="https://www.cisecurity.org/controls/">14</reference>
        <reference href="https://www.cisecurity.org/controls/">15</reference>
        <reference href="https://www.cisecurity.org/controls/">16</reference>
        <reference href="https://www.cisecurity.org/controls/">18</reference>
        <reference href="https://www.cisecurity.org/controls/">19</reference>
        <reference href="https://www.cisecurity.org/controls/">2</reference>
        <reference href="https://www.cisecurity.org/controls/">3</reference>
        <reference href="https://www.cisecurity.org/controls/">4</reference>
        <reference href="https://www.cisecurity.org/controls/">5</reference>
        <reference href="https://www.cisecurity.org/controls/">6</reference>
        <reference href="https://www.cisecurity.org/controls/">7</reference>
        <reference href="https://www.cisecurity.org/controls/">8</reference>
        <reference href="https://www.cisecurity.org/controls/">9</reference>
        <reference href="https://www.fbi.gov/file-repository/cjis-security-policy-v5_5_20160601-2-1.pdf">5.4.1.1</reference>
        <reference href="https://www.isaca.org/resources/cobit">APO10.01</reference>
        <reference href="https://www.isaca.org/resources/cobit">APO10.03</reference>
        <reference href="https://www.isaca.org/resources/cobit">APO10.04</reference>
        <reference href="https://www.isaca.org/resources/cobit">APO10.05</reference>
        <reference href="https://www.isaca.org/resources/cobit">APO11.04</reference>
        <reference href="https://www.isaca.org/resources/cobit">APO12.06</reference>
        <reference href="https://www.isaca.org/resources/cobit">APO13.01</reference>
        <reference href="https://www.isaca.org/resources/cobit">BAI03.05</reference>
        <reference href="https://www.isaca.org/resources/cobit">BAI08.02</reference>
        <reference href="https://www.isaca.org/resources/cobit">DSS01.03</reference>
        <reference href="https://www.isaca.org/resources/cobit">DSS01.04</reference>
        <reference href="https://www.isaca.org/resources/cobit">DSS02.02</reference>
        <reference href="https://www.isaca.org/resources/cobit">DSS02.04</reference>
        <reference href="https://www.isaca.org/resources/cobit">DSS02.07</reference>
        <reference href="https://www.isaca.org/resources/cobit">DSS03.01</reference>
        <reference href="https://www.isaca.org/resources/cobit">DSS03.05</reference>
        <reference href="https://www.isaca.org/resources/cobit">DSS05.02</reference>
        <reference href="https://www.isaca.org/resources/cobit">DSS05.03</reference>
        <reference href="https://www.isaca.org/resources/cobit">DSS05.04</reference>
        <reference href="https://www.isaca.org/resources/cobit">DSS05.05</reference>
        <reference href="https://www.isaca.org/resources/cobit">DSS05.07</reference>
        <reference href="https://www.isaca.org/resources/cobit">DSS06.03</reference>
        <reference href="https://www.isaca.org/resources/cobit">MEA01.01</reference>
        <reference href="https://www.isaca.org/resources/cobit">MEA01.02</reference>
        <reference href="https://www.isaca.org/resources/cobit">MEA01.03</reference>
        <reference href="https://www.isaca.org/resources/cobit">MEA01.04</reference>
        <reference href="https://www.isaca.org/resources/cobit">MEA01.05</reference>
        <reference href="https://www.isaca.org/resources/cobit">MEA02.01</reference>
        <reference href="http://nvlpubs.nist.gov/nistpubs/SpecialPublications/NIST.SP.800-171.pdf">3.1.7</reference>
        <reference href="https://public.cyber.mil/stigs/cci/">CCI-001403</reference>
        <reference href="https://public.cyber.mil/stigs/cci/">CCI-001404</reference>
        <reference href="https://public.cyber.mil/stigs/cci/">CCI-001405</reference>
        <reference href="https://public.cyber.mil/stigs/cci/">CCI-000172</reference>
        <reference href="https://public.cyber.mil/stigs/cci/">CCI-000130</reference>
        <reference href="https://public.cyber.mil/stigs/cci/">CCI-002130</reference>
        <reference href="https://public.cyber.mil/stigs/cci/">CCI-000135</reference>
        <reference href="https://public.cyber.mil/stigs/cci/">CCI-000169</reference>
        <reference href="https://public.cyber.mil/stigs/cci/">CCI-002884</reference>
        <reference href="https://public.cyber.mil/stigs/cci/">CCI-000018</reference>
        <reference href="https://public.cyber.mil/stigs/cci/">CCI-000015</reference>
        <reference href="https://www.gpo.gov/fdsys/pkg/CFR-2007-title45-vol1/pdf/CFR-2007-title45-vol1-chapA-subchapC.pdf">164.308(a)(1)(ii)(D)</reference>
        <reference href="https://www.gpo.gov/fdsys/pkg/CFR-2007-title45-vol1/pdf/CFR-2007-title45-vol1-chapA-subchapC.pdf">164.308(a)(3)(ii)(A)</reference>
        <reference href="https://www.gpo.gov/fdsys/pkg/CFR-2007-title45-vol1/pdf/CFR-2007-title45-vol1-chapA-subchapC.pdf">164.308(a)(5)(ii)(C)</reference>
        <reference href="https://www.gpo.gov/fdsys/pkg/CFR-2007-title45-vol1/pdf/CFR-2007-title45-vol1-chapA-subchapC.pdf">164.312(a)(2)(i)</reference>
        <reference href="https://www.gpo.gov/fdsys/pkg/CFR-2007-title45-vol1/pdf/CFR-2007-title45-vol1-chapA-subchapC.pdf">164.312(b)</reference>
        <reference href="https://www.gpo.gov/fdsys/pkg/CFR-2007-title45-vol1/pdf/CFR-2007-title45-vol1-chapA-subchapC.pdf">164.312(d)</reference>
        <reference href="https://www.gpo.gov/fdsys/pkg/CFR-2007-title45-vol1/pdf/CFR-2007-title45-vol1-chapA-subchapC.pdf">164.312(e)</reference>
        <reference href="https://www.isa.org/products/isa-62443-2-1-2009-security-for-industrial-automat">4.2.3.10</reference>
        <reference href="https://www.isa.org/products/isa-62443-2-1-2009-security-for-industrial-automat">4.3.2.6.7</reference>
        <reference href="https://www.isa.org/products/isa-62443-2-1-2009-security-for-industrial-automat">4.3.3.2.2</reference>
        <reference href="https://www.isa.org/products/isa-62443-2-1-2009-security-for-industrial-automat">4.3.3.3.9</reference>
        <reference href="https://www.isa.org/products/isa-62443-2-1-2009-security-for-industrial-automat">4.3.3.5.1</reference>
        <reference href="https://www.isa.org/products/isa-62443-2-1-2009-security-for-industrial-automat">4.3.3.5.2</reference>
        <reference href="https://www.isa.org/products/isa-62443-2-1-2009-security-for-industrial-automat">4.3.3.5.8</reference>
        <reference href="https://www.isa.org/products/isa-62443-2-1-2009-security-for-industrial-automat">4.3.3.6.6</reference>
        <reference href="https://www.isa.org/products/isa-62443-2-1-2009-security-for-industrial-automat">4.3.3.7.2</reference>
        <reference href="https://www.isa.org/products/isa-62443-2-1-2009-security-for-industrial-automat">4.3.3.7.3</reference>
        <reference href="https://www.isa.org/products/isa-62443-2-1-2009-security-for-industrial-automat">4.3.3.7.4</reference>
        <reference href="https://www.isa.org/products/isa-62443-2-1-2009-security-for-industrial-automat">4.3.4.4.7</reference>
        <reference href="https://www.isa.org/products/isa-62443-2-1-2009-security-for-industrial-automat">4.3.4.5.6</reference>
        <reference href="https://www.isa.org/products/isa-62443-2-1-2009-security-for-industrial-automat">4.3.4.5.7</reference>
        <reference href="https://www.isa.org/products/isa-62443-2-1-2009-security-for-industrial-automat">4.3.4.5.8</reference>
        <reference href="https://www.isa.org/products/isa-62443-2-1-2009-security-for-industrial-automat">4.4.2.1</reference>
        <reference href="https://www.isa.org/products/isa-62443-2-1-2009-security-for-industrial-automat">4.4.2.2</reference>
        <reference href="https://www.isa.org/products/isa-62443-2-1-2009-security-for-industrial-automat">4.4.2.4</reference>
        <reference href="https://www.isa.org/products/ansi-isa-62443-3-3-99-03-03-2013-security-for-indu">SR 1.1</reference>
        <reference href="https://www.isa.org/products/ansi-isa-62443-3-3-99-03-03-2013-security-for-indu">SR 1.13</reference>
        <reference href="https://www.isa.org/products/ansi-isa-62443-3-3-99-03-03-2013-security-for-indu">SR 1.2</reference>
        <reference href="https://www.isa.org/products/ansi-isa-62443-3-3-99-03-03-2013-security-for-indu">SR 1.3</reference>
        <reference href="https://www.isa.org/products/ansi-isa-62443-3-3-99-03-03-2013-security-for-indu">SR 1.4</reference>
        <reference href="https://www.isa.org/products/ansi-isa-62443-3-3-99-03-03-2013-security-for-indu">SR 1.5</reference>
        <reference href="https://www.isa.org/products/ansi-isa-62443-3-3-99-03-03-2013-security-for-indu">SR 1.7</reference>
        <reference href="https://www.isa.org/products/ansi-isa-62443-3-3-99-03-03-2013-security-for-indu">SR 1.8</reference>
        <reference href="https://www.isa.org/products/ansi-isa-62443-3-3-99-03-03-2013-security-for-indu">SR 1.9</reference>
        <reference href="https://www.isa.org/products/ansi-isa-62443-3-3-99-03-03-2013-security-for-indu">SR 2.1</reference>
        <reference href="https://www.isa.org/products/ansi-isa-62443-3-3-99-03-03-2013-security-for-indu">SR 2.10</reference>
        <reference href="https://www.isa.org/products/ansi-isa-62443-3-3-99-03-03-2013-security-for-indu">SR 2.11</reference>
        <reference href="https://www.isa.org/products/ansi-isa-62443-3-3-99-03-03-2013-security-for-indu">SR 2.12</reference>
        <reference href="https://www.isa.org/products/ansi-isa-62443-3-3-99-03-03-2013-security-for-indu">SR 2.6</reference>
        <reference href="https://www.isa.org/products/ansi-isa-62443-3-3-99-03-03-2013-security-for-indu">SR 2.8</reference>
        <reference href="https://www.isa.org/products/ansi-isa-62443-3-3-99-03-03-2013-security-for-indu">SR 2.9</reference>
        <reference href="https://www.isa.org/products/ansi-isa-62443-3-3-99-03-03-2013-security-for-indu">SR 3.1</reference>
        <reference href="https://www.isa.org/products/ansi-isa-62443-3-3-99-03-03-2013-security-for-indu">SR 3.5</reference>
        <reference href="https://www.isa.org/products/ansi-isa-62443-3-3-99-03-03-2013-security-for-indu">SR 3.8</reference>
        <reference href="https://www.isa.org/products/ansi-isa-62443-3-3-99-03-03-2013-security-for-indu">SR 4.1</reference>
        <reference href="https://www.isa.org/products/ansi-isa-62443-3-3-99-03-03-2013-security-for-indu">SR 4.3</reference>
        <reference href="https://www.isa.org/products/ansi-isa-62443-3-3-99-03-03-2013-security-for-indu">SR 5.1</reference>
        <reference href="https://www.isa.org/products/ansi-isa-62443-3-3-99-03-03-2013-security-for-indu">SR 5.2</reference>
        <reference href="https://www.isa.org/products/ansi-isa-62443-3-3-99-03-03-2013-security-for-indu">SR 5.3</reference>
        <reference href="https://www.isa.org/products/ansi-isa-62443-3-3-99-03-03-2013-security-for-indu">SR 6.1</reference>
        <reference href="https://www.isa.org/products/ansi-isa-62443-3-3-99-03-03-2013-security-for-indu">SR 6.2</reference>
        <reference href="https://www.isa.org/products/ansi-isa-62443-3-3-99-03-03-2013-security-for-indu">SR 7.1</reference>
        <reference href="https://www.isa.org/products/ansi-isa-62443-3-3-99-03-03-2013-security-for-indu">SR 7.6</reference>
        <reference href="https://www.iso.org/contents/data/standard/05/45/54534.html">A.11.2.6</reference>
        <reference href="https://www.iso.org/contents/data/standard/05/45/54534.html">A.12.4.1</reference>
        <reference href="https://www.iso.org/contents/data/standard/05/45/54534.html">A.12.4.2</reference>
        <reference href="https://www.iso.org/contents/data/standard/05/45/54534.html">A.12.4.3</reference>
        <reference href="https://www.iso.org/contents/data/standard/05/45/54534.html">A.12.4.4</reference>
        <reference href="https://www.iso.org/contents/data/standard/05/45/54534.html">A.12.7.1</reference>
        <reference href="https://www.iso.org/contents/data/standard/05/45/54534.html">A.13.1.1</reference>
        <reference href="https://www.iso.org/contents/data/standard/05/45/54534.html">A.13.2.1</reference>
        <reference href="https://www.iso.org/contents/data/standard/05/45/54534.html">A.14.1.3</reference>
        <reference href="https://www.iso.org/contents/data/standard/05/45/54534.html">A.14.2.7</reference>
        <reference href="https://www.iso.org/contents/data/standard/05/45/54534.html">A.15.2.1</reference>
        <reference href="https://www.iso.org/contents/data/standard/05/45/54534.html">A.15.2.2</reference>
        <reference href="https://www.iso.org/contents/data/standard/05/45/54534.html">A.16.1.4</reference>
        <reference href="https://www.iso.org/contents/data/standard/05/45/54534.html">A.16.1.5</reference>
        <reference href="https://www.iso.org/contents/data/standard/05/45/54534.html">A.16.1.7</reference>
        <reference href="https://www.iso.org/contents/data/standard/05/45/54534.html">A.6.1.2</reference>
        <reference href="https://www.iso.org/contents/data/standard/05/45/54534.html">A.6.2.1</reference>
        <reference href="https://www.iso.org/contents/data/standard/05/45/54534.html">A.6.2.2</reference>
        <reference href="https://www.iso.org/contents/data/standard/05/45/54534.html">A.7.1.1</reference>
        <reference href="https://www.iso.org/contents/data/standard/05/45/54534.html">A.9.1.2</reference>
        <reference href="https://www.iso.org/contents/data/standard/05/45/54534.html">A.9.2.1</reference>
        <reference href="https://www.iso.org/contents/data/standard/05/45/54534.html">A.9.2.2</reference>
        <reference href="https://www.iso.org/contents/data/standard/05/45/54534.html">A.9.2.3</reference>
        <reference href="https://www.iso.org/contents/data/standard/05/45/54534.html">A.9.2.4</reference>
        <reference href="https://www.iso.org/contents/data/standard/05/45/54534.html">A.9.2.6</reference>
        <reference href="https://www.iso.org/contents/data/standard/05/45/54534.html">A.9.3.1</reference>
        <reference href="https://www.iso.org/contents/data/standard/05/45/54534.html">A.9.4.1</reference>
        <reference href="https://www.iso.org/contents/data/standard/05/45/54534.html">A.9.4.2</reference>
        <reference href="https://www.iso.org/contents/data/standard/05/45/54534.html">A.9.4.3</reference>
        <reference href="https://www.iso.org/contents/data/standard/05/45/54534.html">A.9.4.4</reference>
        <reference href="https://www.iso.org/contents/data/standard/05/45/54534.html">A.9.4.5</reference>
        <reference href="https://www.nerc.com/pa/Stand/AlignRep/One%20Stop%20Shop.xlsx">CIP-004-6 R2.2.2</reference>
        <reference href="https://www.nerc.com/pa/Stand/AlignRep/One%20Stop%20Shop.xlsx">CIP-004-6 R2.2.3</reference>
        <reference href="https://www.nerc.com/pa/Stand/AlignRep/One%20Stop%20Shop.xlsx">CIP-007-3 R.1.3</reference>
        <reference href="https://www.nerc.com/pa/Stand/AlignRep/One%20Stop%20Shop.xlsx">CIP-007-3 R5</reference>
        <reference href="https://www.nerc.com/pa/Stand/AlignRep/One%20Stop%20Shop.xlsx">CIP-007-3 R5.1.1</reference>
        <reference href="https://www.nerc.com/pa/Stand/AlignRep/One%20Stop%20Shop.xlsx">CIP-007-3 R5.1.3</reference>
        <reference href="https://www.nerc.com/pa/Stand/AlignRep/One%20Stop%20Shop.xlsx">CIP-007-3 R5.2.1</reference>
        <reference href="https://www.nerc.com/pa/Stand/AlignRep/One%20Stop%20Shop.xlsx">CIP-007-3 R5.2.3</reference>
        <reference href="http://nvlpubs.nist.gov/nistpubs/SpecialPublications/NIST.SP.800-53r4.pdf">AC-2(4)</reference>
        <reference href="http://nvlpubs.nist.gov/nistpubs/SpecialPublications/NIST.SP.800-53r4.pdf">AU-2(d)</reference>
        <reference href="http://nvlpubs.nist.gov/nistpubs/SpecialPublications/NIST.SP.800-53r4.pdf">AU-12(c)</reference>
        <reference href="http://nvlpubs.nist.gov/nistpubs/SpecialPublications/NIST.SP.800-53r4.pdf">AC-6(9)</reference>
        <reference href="http://nvlpubs.nist.gov/nistpubs/SpecialPublications/NIST.SP.800-53r4.pdf">CM-6(a)</reference>
        <reference href="https://nvlpubs.nist.gov/nistpubs/CSWP/NIST.CSWP.04162018.pdf">DE.AE-3</reference>
        <reference href="https://nvlpubs.nist.gov/nistpubs/CSWP/NIST.CSWP.04162018.pdf">DE.AE-5</reference>
        <reference href="https://nvlpubs.nist.gov/nistpubs/CSWP/NIST.CSWP.04162018.pdf">DE.CM-1</reference>
        <reference href="https://nvlpubs.nist.gov/nistpubs/CSWP/NIST.CSWP.04162018.pdf">DE.CM-3</reference>
        <reference href="https://nvlpubs.nist.gov/nistpubs/CSWP/NIST.CSWP.04162018.pdf">DE.CM-7</reference>
        <reference href="https://nvlpubs.nist.gov/nistpubs/CSWP/NIST.CSWP.04162018.pdf">ID.SC-4</reference>
        <reference href="https://nvlpubs.nist.gov/nistpubs/CSWP/NIST.CSWP.04162018.pdf">PR.AC-1</reference>
        <reference href="https://nvlpubs.nist.gov/nistpubs/CSWP/NIST.CSWP.04162018.pdf">PR.AC-3</reference>
        <reference href="https://nvlpubs.nist.gov/nistpubs/CSWP/NIST.CSWP.04162018.pdf">PR.AC-4</reference>
        <reference href="https://nvlpubs.nist.gov/nistpubs/CSWP/NIST.CSWP.04162018.pdf">PR.AC-6</reference>
        <reference href="https://nvlpubs.nist.gov/nistpubs/CSWP/NIST.CSWP.04162018.pdf">PR.PT-1</reference>
        <reference href="https://nvlpubs.nist.gov/nistpubs/CSWP/NIST.CSWP.04162018.pdf">PR.PT-4</reference>
        <reference href="https://nvlpubs.nist.gov/nistpubs/CSWP/NIST.CSWP.04162018.pdf">RS.AN-1</reference>
        <reference href="https://nvlpubs.nist.gov/nistpubs/CSWP/NIST.CSWP.04162018.pdf">RS.AN-4</reference>
        <reference href="https://www.pcisecuritystandards.org/documents/PCI_DSS_v3-2-1.pdf">Req-10.2.5</reference>
        <reference href="https://public.cyber.mil/stigs/downloads/?_dl_facet_stigs=operating-systems%2Cgeneral-purpose-os">SRG-OS-000004-GPOS-00004</reference>
        <reference href="https://public.cyber.mil/stigs/downloads/?_dl_facet_stigs=operating-systems%2Cgeneral-purpose-os">SRG-OS-000037-GPOS-00015</reference>
        <reference href="https://public.cyber.mil/stigs/downloads/?_dl_facet_stigs=operating-systems%2Cgeneral-purpose-os">SRG-OS-000042-GPOS-00020</reference>
        <reference href="https://public.cyber.mil/stigs/downloads/?_dl_facet_stigs=operating-systems%2Cgeneral-purpose-os">SRG-OS-000062-GPOS-00031</reference>
        <reference href="https://public.cyber.mil/stigs/downloads/?_dl_facet_stigs=operating-systems%2Cgeneral-purpose-os">SRG-OS-000304-GPOS-00121</reference>
        <reference href="https://public.cyber.mil/stigs/downloads/?_dl_facet_stigs=operating-systems%2Cgeneral-purpose-os">SRG-OS-000392-GPOS-00172</reference>
        <reference href="https://public.cyber.mil/stigs/downloads/?_dl_facet_stigs=operating-systems%2Cgeneral-purpose-os">SRG-OS-000462-GPOS-00206</reference>
        <reference href="https://public.cyber.mil/stigs/downloads/?_dl_facet_stigs=operating-systems%2Cgeneral-purpose-os">SRG-OS-000470-GPOS-00214</reference>
        <reference href="https://public.cyber.mil/stigs/downloads/?_dl_facet_stigs=operating-systems%2Cgeneral-purpose-os">SRG-OS-000471-GPOS-00215</reference>
        <reference href="https://public.cyber.mil/stigs/downloads/?_dl_facet_stigs=operating-systems%2Cgeneral-purpose-os">SRG-OS-000239-GPOS-00089</reference>
        <reference href="https://public.cyber.mil/stigs/downloads/?_dl_facet_stigs=operating-systems%2Cgeneral-purpose-os">SRG-OS-000240-GPOS-00090</reference>
        <reference href="https://public.cyber.mil/stigs/downloads/?_dl_facet_stigs=operating-systems%2Cgeneral-purpose-os">SRG-OS-000241-GPOS-00091</reference>
        <reference href="https://public.cyber.mil/stigs/downloads/?_dl_facet_stigs=operating-systems%2Cgeneral-purpose-os">SRG-OS-000303-GPOS-00120</reference>
        <reference href="https://public.cyber.mil/stigs/downloads/?_dl_facet_stigs=operating-systems%2Cgeneral-purpose-os">SRG-OS-000304-GPOS-00121</reference>
        <reference href="https://public.cyber.mil/stigs/downloads/?_dl_facet_stigs=operating-systems%2Cgeneral-purpose-os">SRG-OS-000466-GPOS-00210</reference>
        <reference href="https://public.cyber.mil/stigs/downloads/?_dl_facet_stigs=operating-systems%2Cgeneral-purpose-os">SRG-OS-000476-GPOS-00221</reference>
        <reference href="https://public.cyber.mil/stigs/downloads/?_dl_facet_stigs=operating-systems%2Cgeneral-purpose-os">SRG-OS-000274-GPOS-00104</reference>
        <reference href="https://public.cyber.mil/stigs/downloads/?_dl_facet_stigs=operating-systems%2Cgeneral-purpose-os">SRG-OS-000275-GPOS-00105</reference>
        <reference href="https://public.cyber.mil/stigs/downloads/?_dl_facet_stigs=operating-systems%2Cgeneral-purpose-os">SRG-OS-000276-GPOS-00106</reference>
        <reference href="https://public.cyber.mil/stigs/downloads/?_dl_facet_stigs=operating-systems%2Cgeneral-purpose-os">SRG-OS-000277-GPOS-00107</reference>
        <reference href="https://public.cyber.mil/stigs/downloads/?_dl_facet_stigs=container-platform">SRG-APP-000495-CTR-001235</reference>
        <reference href="https://public.cyber.mil/stigs/downloads/?_dl_facet_stigs=container-platform">SRG-APP-000499-CTR-001255</reference>
        <reference href="https://public.cyber.mil/stigs/downloads/?_dl_facet_stigs=container-platform">SRG-APP-000503-CTR-001275</reference>
        <reference href="https://cyber.gouv.fr/sites/default/files/document/linux_configuration-en-v2.pdf">R73</reference>
        <reference href="https://www.cisecurity.org/benchmark/ubuntu_linux/">6.2.3.8</reference>
        <reference href="https://docs-prv.pcisecuritystandards.org/PCI%20DSS/Standard/PCI-DSS-v4_0.pdf">10.2.1.5</reference>
        <reference href="https://docs-prv.pcisecuritystandards.org/PCI%20DSS/Standard/PCI-DSS-v4_0.pdf">10.2.1</reference>
        <reference href="https://docs-prv.pcisecuritystandards.org/PCI%20DSS/Standard/PCI-DSS-v4_0.pdf">10.2</reference>
        <rationale xmlns:xhtml="http://www.w3.org/1999/xhtml" xml:lang="en-US">In addition to auditing new user and group accounts, these watches
will alert the system administrator(s) to any modifications. Any unexpected
users, groups, or modifications should be investigated for legitimacy.</rationale>
        <fix xmlns:xhtml="http://www.w3.org/1999/xhtml" id="audit_rules_usergroup_modification_passwd" system="urn:xccdf:fix:script:ansible" reboot="true" complexity="low" disruption="low" strategy="restrict">- name: Gather the package facts
  package_facts:
    manager: auto
  tags:
  - CJIS-5.4.1.1
  - NIST-800-171-3.1.7
  - NIST-800-53-AC-2(4)
  - NIST-800-53-AC-6(9)
  - NIST-800-53-AU-12(c)
  - NIST-800-53-AU-2(d)
  - NIST-800-53-CM-6(a)
  - PCI-DSS-Req-10.2.5
  - PCI-DSSv4-10.2
  - PCI-DSSv4-10.2.1
  - PCI-DSSv4-10.2.1.5
  - audit_rules_usergroup_modification_passwd
  - low_complexity
  - low_disruption
  - medium_severity
  - reboot_required
  - restrict_strategy

- name: Check if watch rule for /etc/passwd already exists in /etc/audit/rules.d/
  find:
    paths: /etc/audit/rules.d
    contains: ^\s*-w\s+/etc/passwd\s+-p\s+wa(\s|$)+
    patterns: '*.rules'
  register: find_existing_watch_rules_d
  when:
  - '"auditd" in ansible_facts.packages'
  - '"linux-base" in ansible_facts.packages'
  tags:
  - CJIS-5.4.1.1
  - NIST-800-171-3.1.7
  - NIST-800-53-AC-2(4)
  - NIST-800-53-AC-6(9)
  - NIST-800-53-AU-12(c)
  - NIST-800-53-AU-2(d)
  - NIST-800-53-CM-6(a)
  - PCI-DSS-Req-10.2.5
  - PCI-DSSv4-10.2
  - PCI-DSSv4-10.2.1
  - PCI-DSSv4-10.2.1.5
  - audit_rules_usergroup_modification_passwd
  - low_complexity
  - low_disruption
  - medium_severity
  - reboot_required
  - restrict_strategy

- name: Search /etc/audit/rules.d for other rules with specified key audit_rules_usergroup_modification
  find:
    paths: /etc/audit/rules.d
    contains: ^.*(?:-F key=|-k\s+)audit_rules_usergroup_modification$
    patterns: '*.rules'
  register: find_watch_key
  when:
  - '"auditd" in ansible_facts.packages'
  - '"linux-base" in ansible_facts.packages'
  - find_existing_watch_rules_d.matched is defined and find_existing_watch_rules_d.matched
    == 0
  tags:
  - CJIS-5.4.1.1
  - NIST-800-171-3.1.7
  - NIST-800-53-AC-2(4)
  - NIST-800-53-AC-6(9)
  - NIST-800-53-AU-12(c)
  - NIST-800-53-AU-2(d)
  - NIST-800-53-CM-6(a)
  - PCI-DSS-Req-10.2.5
  - PCI-DSSv4-10.2
  - PCI-DSSv4-10.2.1
  - PCI-DSSv4-10.2.1.5
  - audit_rules_usergroup_modification_passwd
  - low_complexity
  - low_disruption
  - medium_severity
  - reboot_required
  - restrict_strategy

- name: Use /etc/audit/rules.d/audit_rules_usergroup_modification.rules as the recipient
    for the rule
  set_fact:
    all_files:
    - /etc/audit/rules.d/audit_rules_usergroup_modification.rules
  when:
  - '"auditd" in ansible_facts.packages'
  - '"linux-base" in ansible_facts.packages'
  - find_watch_key.matched is defined and find_watch_key.matched == 0 and find_existing_watch_rules_d.matched
    is defined and find_existing_watch_rules_d.matched == 0
  tags:
  - CJIS-5.4.1.1
  - NIST-800-171-3.1.7
  - NIST-800-53-AC-2(4)
  - NIST-800-53-AC-6(9)
  - NIST-800-53-AU-12(c)
  - NIST-800-53-AU-2(d)
  - NIST-800-53-CM-6(a)
  - PCI-DSS-Req-10.2.5
  - PCI-DSSv4-10.2
  - PCI-DSSv4-10.2.1
  - PCI-DSSv4-10.2.1.5
  - audit_rules_usergroup_modification_passwd
  - low_complexity
  - low_disruption
  - medium_severity
  - reboot_required
  - restrict_strategy

- name: Use matched file as the recipient for the rule
  set_fact:
    all_files:
    - '{{ find_watch_key.files | map(attribute=''path'') | list | first }}'
  when:
  - '"auditd" in ansible_facts.packages'
  - '"linux-base" in ansible_facts.packages'
  - find_watch_key.matched is defined and find_watch_key.matched &gt; 0 and find_existing_watch_rules_d.matched
    is defined and find_existing_watch_rules_d.matched == 0
  tags:
  - CJIS-5.4.1.1
  - NIST-800-171-3.1.7
  - NIST-800-53-AC-2(4)
  - NIST-800-53-AC-6(9)
  - NIST-800-53-AU-12(c)
  - NIST-800-53-AU-2(d)
  - NIST-800-53-CM-6(a)
  - PCI-DSS-Req-10.2.5
  - PCI-DSSv4-10.2
  - PCI-DSSv4-10.2.1
  - PCI-DSSv4-10.2.1.5
  - audit_rules_usergroup_modification_passwd
  - low_complexity
  - low_disruption
  - medium_severity
  - reboot_required
  - restrict_strategy

- name: Add watch rule for /etc/passwd in /etc/audit/rules.d/
  lineinfile:
    path: '{{ all_files[0] }}'
    line: -w /etc/passwd -p wa -k audit_rules_usergroup_modification
    create: true
    mode: '0600'
  when:
  - '"auditd" in ansible_facts.packages'
  - '"linux-base" in ansible_facts.packages'
  - find_existing_watch_rules_d.matched is defined and find_existing_watch_rules_d.matched
    == 0
  tags:
  - CJIS-5.4.1.1
  - NIST-800-171-3.1.7
  - NIST-800-53-AC-2(4)
  - NIST-800-53-AC-6(9)
  - NIST-800-53-AU-12(c)
  - NIST-800-53-AU-2(d)
  - NIST-800-53-CM-6(a)
  - PCI-DSS-Req-10.2.5
  - PCI-DSSv4-10.2
  - PCI-DSSv4-10.2.1
  - PCI-DSSv4-10.2.1.5
  - audit_rules_usergroup_modification_passwd
  - low_complexity
  - low_disruption
  - medium_severity
  - reboot_required
  - restrict_strategy

- name: Check if watch rule for /etc/passwd already exists in /etc/audit/audit.rules
  find:
    paths: /etc/audit/
    contains: ^\s*-w\s+/etc/passwd\s+-p\s+wa(\s|$)+
    patterns: audit.rules
  register: find_existing_watch_audit_rules
  when:
  - '"auditd" in ansible_facts.packages'
  - '"linux-base" in ansible_facts.packages'
  tags:
  - CJIS-5.4.1.1
  - NIST-800-171-3.1.7
  - NIST-800-53-AC-2(4)
  - NIST-800-53-AC-6(9)
  - NIST-800-53-AU-12(c)
  - NIST-800-53-AU-2(d)
  - NIST-800-53-CM-6(a)
  - PCI-DSS-Req-10.2.5
  - PCI-DSSv4-10.2
  - PCI-DSSv4-10.2.1
  - PCI-DSSv4-10.2.1.5
  - audit_rules_usergroup_modification_passwd
  - low_complexity
  - low_disruption
  - medium_severity
  - reboot_required
  - restrict_strategy

- name: Add watch rule for /etc/passwd in /etc/audit/audit.rules
  lineinfile:
    line: -w /etc/passwd -p wa -k audit_rules_usergroup_modification
    state: present
    dest: /etc/audit/audit.rules
    create: true
    mode: '0600'
  when:
  - '"auditd" in ansible_facts.packages'
  - '"linux-base" in ansible_facts.packages'
  - find_existing_watch_audit_rules.matched is defined and find_existing_watch_audit_rules.matched
    == 0
  tags:
  - CJIS-5.4.1.1
  - NIST-800-171-3.1.7
  - NIST-800-53-AC-2(4)
  - NIST-800-53-AC-6(9)
  - NIST-800-53-AU-12(c)
  - NIST-800-53-AU-2(d)
  - NIST-800-53-CM-6(a)
  - PCI-DSS-Req-10.2.5
  - PCI-DSSv4-10.2
  - PCI-DSSv4-10.2.1
  - PCI-DSSv4-10.2.1.5
  - audit_rules_usergroup_modification_passwd
  - low_complexity
  - low_disruption
  - medium_severity
  - reboot_required
  - restrict_strategy
</fix>
        <fix xmlns:xhtml="http://www.w3.org/1999/xhtml" id="audit_rules_usergroup_modification_passwd" system="urn:xccdf:fix:script:sh"># Remediation is applicable only in certain platforms
if dpkg-query --show --showformat='${db:Status-Status}
' 'linux-base' 2&gt;/dev/null | grep -q ^installed &amp;&amp; dpkg-query --show --showformat='${db:Status-Status}\n' 'auditd' 2&gt;/dev/null | grep -q '^installed'; then

# Perform the remediation for both possible tools: 'auditctl' and 'augenrules'

# Create a list of audit *.rules files that should be inspected for presence and correctness
# of a particular audit rule. The scheme is as follows:
#
# -----------------------------------------------------------------------------------------
# Tool used to load audit rules	| Rule already defined	|  Audit rules file to inspect	  |
# -----------------------------------------------------------------------------------------
#	auditctl		|     Doesn't matter	|  /etc/audit/audit.rules	  |
# -----------------------------------------------------------------------------------------
# 	augenrules		|          Yes		|  /etc/audit/rules.d/*.rules	  |
# 	augenrules		|          No		|  /etc/audit/rules.d/$key.rules  |
# -----------------------------------------------------------------------------------------
files_to_inspect=()


# If the audit tool is 'auditctl', then add '/etc/audit/audit.rules'
# into the list of files to be inspected
files_to_inspect+=('/etc/audit/audit.rules')

# Finally perform the inspection and possible subsequent audit rule
# correction for each of the files previously identified for inspection
for audit_rules_file in "${files_to_inspect[@]}"
do
    # Check if audit watch file system object rule for given path already present
    if grep -q -P -- "^[\s]*-w[\s]+/etc/passwd" "$audit_rules_file"
    then
        # Rule is found =&gt; verify yet if existing rule definition contains
        # all of the required access type bits

        # Define BRE whitespace class shortcut
        sp="[[:space:]]"
        # Extract current permission access types (e.g. -p [r|w|x|a] values) from audit rule
        current_access_bits=$(sed -ne "s#$sp*-w$sp\+/etc/passwd $sp\+-p$sp\+\([rxwa]\{1,4\}\).*#\1#p" "$audit_rules_file")
        # Split required access bits string into characters array
        # (to check bit's presence for one bit at a time)
        for access_bit in $(echo "wa" | grep -o .)
        do
            # For each from the required access bits (e.g. 'w', 'a') check
            # if they are already present in current access bits for rule.
            # If not, append that bit at the end
            if ! grep -q "$access_bit" &lt;&lt;&lt; "$current_access_bits"
            then
                # Concatenate the existing mask with the missing bit
                current_access_bits="$current_access_bits$access_bit"
            fi
        done
        # Propagate the updated rule's access bits (original + the required
        # ones) back into the /etc/audit/audit.rules file for that rule
        sed -i "s#\($sp*-w$sp\+/etc/passwd$sp\+-p$sp\+\)\([rxwa]\{1,4\}\)\(.*\)#\1$current_access_bits\3#" "$audit_rules_file"
    else
        # Rule isn't present yet. Append it at the end of $audit_rules_file file
        # with proper key

        echo "-w /etc/passwd -p wa -k audit_rules_usergroup_modification" &gt;&gt; "$audit_rules_file"
    fi
done
# Create a list of audit *.rules files that should be inspected for presence and correctness
# of a particular audit rule. The scheme is as follows:
#
# -----------------------------------------------------------------------------------------
# Tool used to load audit rules	| Rule already defined	|  Audit rules file to inspect	  |
# -----------------------------------------------------------------------------------------
#	auditctl		|     Doesn't matter	|  /etc/audit/audit.rules	  |
# -----------------------------------------------------------------------------------------
# 	augenrules		|          Yes		|  /etc/audit/rules.d/*.rules	  |
# 	augenrules		|          No		|  /etc/audit/rules.d/$key.rules  |
# -----------------------------------------------------------------------------------------
files_to_inspect=()

# If the audit is 'augenrules', then check if rule is already defined
# If rule is defined, add '/etc/audit/rules.d/*.rules' to list of files for inspection.
# If rule isn't defined, add '/etc/audit/rules.d/audit_rules_usergroup_modification.rules' to list of files for inspection.
readarray -t matches &lt; &lt;(grep -HP "[\s]*-w[\s]+/etc/passwd" /etc/audit/rules.d/*.rules)

# For each of the matched entries
for match in "${matches[@]}"
do
    # Extract filepath from the match
    rulesd_audit_file=$(echo $match | cut -f1 -d ':')
    # Append that path into list of files for inspection
    files_to_inspect+=("$rulesd_audit_file")
done
# Case when particular audit rule isn't defined yet
if [ "${#files_to_inspect[@]}" -eq "0" ]
then
    # Append '/etc/audit/rules.d/audit_rules_usergroup_modification.rules' into list of files for inspection
    key_rule_file="/etc/audit/rules.d/audit_rules_usergroup_modification.rules"
    # If the audit_rules_usergroup_modification.rules file doesn't exist yet, create it with correct permissions
    if [ ! -e "$key_rule_file" ]
    then
        touch "$key_rule_file"
        chmod 0600 "$key_rule_file"
    fi
    files_to_inspect+=("$key_rule_file")
fi

# Finally perform the inspection and possible subsequent audit rule
# correction for each of the files previously identified for inspection
for audit_rules_file in "${files_to_inspect[@]}"
do
    # Check if audit watch file system object rule for given path already present
    if grep -q -P -- "^[\s]*-w[\s]+/etc/passwd" "$audit_rules_file"
    then
        # Rule is found =&gt; verify yet if existing rule definition contains
        # all of the required access type bits

        # Define BRE whitespace class shortcut
        sp="[[:space:]]"
        # Extract current permission access types (e.g. -p [r|w|x|a] values) from audit rule
        current_access_bits=$(sed -ne "s#$sp*-w$sp\+/etc/passwd $sp\+-p$sp\+\([rxwa]\{1,4\}\).*#\1#p" "$audit_rules_file")
        # Split required access bits string into characters array
        # (to check bit's presence for one bit at a time)
        for access_bit in $(echo "wa" | grep -o .)
        do
            # For each from the required access bits (e.g. 'w', 'a') check
            # if they are already present in current access bits for rule.
            # If not, append that bit at the end
            if ! grep -q "$access_bit" &lt;&lt;&lt; "$current_access_bits"
            then
                # Concatenate the existing mask with the missing bit
                current_access_bits="$current_access_bits$access_bit"
            fi
        done
        # Propagate the updated rule's access bits (original + the required
        # ones) back into the /etc/audit/audit.rules file for that rule
        sed -i "s#\($sp*-w$sp\+/etc/passwd$sp\+-p$sp\+\)\([rxwa]\{1,4\}\)\(.*\)#\1$current_access_bits\3#" "$audit_rules_file"
    else
        # Rule isn't present yet. Append it at the end of $audit_rules_file file
        # with proper key

        echo "-w /etc/passwd -p wa -k audit_rules_usergroup_modification" &gt;&gt; "$audit_rules_file"
    fi
done

else
    &gt;&amp;2 echo 'Remediation is not applicable, nothing was done'
fi
</fix>
        <check system="http://oval.mitre.org/XMLSchema/oval-definitions-5">
          <check-content-ref name="oval:ssg-audit_rules_usergroup_modification_passwd:def:1" href="ssg-ubuntu2404-oval.xml"/>
        </check>
        <check system="http://scap.nist.gov/schema/ocil/2">
          <check-content-ref name="ocil:ssg-audit_rules_usergroup_modification_passwd_ocil:questionnaire:1" href="ssg-ubuntu2404-ocil.xml"/>
        </check>
      </Rule>
      <Rule id="xccdf_org.ssgproject.content_rule_audit_rules_usergroup_modification_shadow" selected="false" role="full" severity="medium">
        <title xmlns:xhtml="http://www.w3.org/1999/xhtml" xml:lang="en-US">Record Events that Modify User/Group Information - /etc/shadow</title>
        <description xmlns:xhtml="http://www.w3.org/1999/xhtml" xml:lang="en-US">If the <html:code xmlns:html="http://www.w3.org/1999/xhtml">auditd</html:code> daemon is configured to use the
<html:code xmlns:html="http://www.w3.org/1999/xhtml">augenrules</html:code> program to read audit rules during daemon startup (the
default), add the following lines to a file with suffix <html:code xmlns:html="http://www.w3.org/1999/xhtml">.rules</html:code> in the
directory <html:code xmlns:html="http://www.w3.org/1999/xhtml">/etc/audit/rules.d</html:code>, in order to capture events that modify
account changes:
<html:br xmlns:html="http://www.w3.org/1999/xhtml"/>
       <html:br xmlns:html="http://www.w3.org/1999/xhtml"/>
       <html:pre xmlns:html="http://www.w3.org/1999/xhtml">-w /etc/shadow -p wa -k audit_rules_usergroup_modification</html:pre>
       <html:br xmlns:html="http://www.w3.org/1999/xhtml"/>
       <html:br xmlns:html="http://www.w3.org/1999/xhtml"/>
If the <html:code xmlns:html="http://www.w3.org/1999/xhtml">auditd</html:code> daemon is configured to use the <html:code xmlns:html="http://www.w3.org/1999/xhtml">auditctl</html:code>
utility to read audit rules during daemon startup, add the following lines to
<html:code xmlns:html="http://www.w3.org/1999/xhtml">/etc/audit/audit.rules</html:code> file, in order to capture events that modify
account changes:
<html:br xmlns:html="http://www.w3.org/1999/xhtml"/>
       <html:br xmlns:html="http://www.w3.org/1999/xhtml"/>
       <html:pre xmlns:html="http://www.w3.org/1999/xhtml">-w /etc/shadow -p wa -k audit_rules_usergroup_modification</html:pre>
      </description>
        <reference href="https://www.cisecurity.org/controls/">1</reference>
        <reference href="https://www.cisecurity.org/controls/">11</reference>
        <reference href="https://www.cisecurity.org/controls/">12</reference>
        <reference href="https://www.cisecurity.org/controls/">13</reference>
        <reference href="https://www.cisecurity.org/controls/">14</reference>
        <reference href="https://www.cisecurity.org/controls/">15</reference>
        <reference href="https://www.cisecurity.org/controls/">16</reference>
        <reference href="https://www.cisecurity.org/controls/">18</reference>
        <reference href="https://www.cisecurity.org/controls/">19</reference>
        <reference href="https://www.cisecurity.org/controls/">2</reference>
        <reference href="https://www.cisecurity.org/controls/">3</reference>
        <reference href="https://www.cisecurity.org/controls/">4</reference>
        <reference href="https://www.cisecurity.org/controls/">5</reference>
        <reference href="https://www.cisecurity.org/controls/">6</reference>
        <reference href="https://www.cisecurity.org/controls/">7</reference>
        <reference href="https://www.cisecurity.org/controls/">8</reference>
        <reference href="https://www.cisecurity.org/controls/">9</reference>
        <reference href="https://www.fbi.gov/file-repository/cjis-security-policy-v5_5_20160601-2-1.pdf">5.4.1.1</reference>
        <reference href="https://www.isaca.org/resources/cobit">APO10.01</reference>
        <reference href="https://www.isaca.org/resources/cobit">APO10.03</reference>
        <reference href="https://www.isaca.org/resources/cobit">APO10.04</reference>
        <reference href="https://www.isaca.org/resources/cobit">APO10.05</reference>
        <reference href="https://www.isaca.org/resources/cobit">APO11.04</reference>
        <reference href="https://www.isaca.org/resources/cobit">APO12.06</reference>
        <reference href="https://www.isaca.org/resources/cobit">APO13.01</reference>
        <reference href="https://www.isaca.org/resources/cobit">BAI03.05</reference>
        <reference href="https://www.isaca.org/resources/cobit">BAI08.02</reference>
        <reference href="https://www.isaca.org/resources/cobit">DSS01.03</reference>
        <reference href="https://www.isaca.org/resources/cobit">DSS01.04</reference>
        <reference href="https://www.isaca.org/resources/cobit">DSS02.02</reference>
        <reference href="https://www.isaca.org/resources/cobit">DSS02.04</reference>
        <reference href="https://www.isaca.org/resources/cobit">DSS02.07</reference>
        <reference href="https://www.isaca.org/resources/cobit">DSS03.01</reference>
        <reference href="https://www.isaca.org/resources/cobit">DSS03.05</reference>
        <reference href="https://www.isaca.org/resources/cobit">DSS05.02</reference>
        <reference href="https://www.isaca.org/resources/cobit">DSS05.03</reference>
        <reference href="https://www.isaca.org/resources/cobit">DSS05.04</reference>
        <reference href="https://www.isaca.org/resources/cobit">DSS05.05</reference>
        <reference href="https://www.isaca.org/resources/cobit">DSS05.07</reference>
        <reference href="https://www.isaca.org/resources/cobit">DSS06.03</reference>
        <reference href="https://www.isaca.org/resources/cobit">MEA01.01</reference>
        <reference href="https://www.isaca.org/resources/cobit">MEA01.02</reference>
        <reference href="https://www.isaca.org/resources/cobit">MEA01.03</reference>
        <reference href="https://www.isaca.org/resources/cobit">MEA01.04</reference>
        <reference href="https://www.isaca.org/resources/cobit">MEA01.05</reference>
        <reference href="https://www.isaca.org/resources/cobit">MEA02.01</reference>
        <reference href="http://nvlpubs.nist.gov/nistpubs/SpecialPublications/NIST.SP.800-171.pdf">3.1.7</reference>
        <reference href="https://public.cyber.mil/stigs/cci/">CCI-001403</reference>
        <reference href="https://public.cyber.mil/stigs/cci/">CCI-001404</reference>
        <reference href="https://public.cyber.mil/stigs/cci/">CCI-001405</reference>
        <reference href="https://public.cyber.mil/stigs/cci/">CCI-000172</reference>
        <reference href="https://public.cyber.mil/stigs/cci/">CCI-000130</reference>
        <reference href="https://public.cyber.mil/stigs/cci/">CCI-002130</reference>
        <reference href="https://public.cyber.mil/stigs/cci/">CCI-000135</reference>
        <reference href="https://public.cyber.mil/stigs/cci/">CCI-000169</reference>
        <reference href="https://public.cyber.mil/stigs/cci/">CCI-002884</reference>
        <reference href="https://public.cyber.mil/stigs/cci/">CCI-000018</reference>
        <reference href="https://public.cyber.mil/stigs/cci/">CCI-000015</reference>
        <reference href="https://www.gpo.gov/fdsys/pkg/CFR-2007-title45-vol1/pdf/CFR-2007-title45-vol1-chapA-subchapC.pdf">164.308(a)(1)(ii)(D)</reference>
        <reference href="https://www.gpo.gov/fdsys/pkg/CFR-2007-title45-vol1/pdf/CFR-2007-title45-vol1-chapA-subchapC.pdf">164.308(a)(3)(ii)(A)</reference>
        <reference href="https://www.gpo.gov/fdsys/pkg/CFR-2007-title45-vol1/pdf/CFR-2007-title45-vol1-chapA-subchapC.pdf">164.308(a)(5)(ii)(C)</reference>
        <reference href="https://www.gpo.gov/fdsys/pkg/CFR-2007-title45-vol1/pdf/CFR-2007-title45-vol1-chapA-subchapC.pdf">164.312(a)(2)(i)</reference>
        <reference href="https://www.gpo.gov/fdsys/pkg/CFR-2007-title45-vol1/pdf/CFR-2007-title45-vol1-chapA-subchapC.pdf">164.312(b)</reference>
        <reference href="https://www.gpo.gov/fdsys/pkg/CFR-2007-title45-vol1/pdf/CFR-2007-title45-vol1-chapA-subchapC.pdf">164.312(d)</reference>
        <reference href="https://www.gpo.gov/fdsys/pkg/CFR-2007-title45-vol1/pdf/CFR-2007-title45-vol1-chapA-subchapC.pdf">164.312(e)</reference>
        <reference href="https://www.isa.org/products/isa-62443-2-1-2009-security-for-industrial-automat">4.2.3.10</reference>
        <reference href="https://www.isa.org/products/isa-62443-2-1-2009-security-for-industrial-automat">4.3.2.6.7</reference>
        <reference href="https://www.isa.org/products/isa-62443-2-1-2009-security-for-industrial-automat">4.3.3.2.2</reference>
        <reference href="https://www.isa.org/products/isa-62443-2-1-2009-security-for-industrial-automat">4.3.3.3.9</reference>
        <reference href="https://www.isa.org/products/isa-62443-2-1-2009-security-for-industrial-automat">4.3.3.5.1</reference>
        <reference href="https://www.isa.org/products/isa-62443-2-1-2009-security-for-industrial-automat">4.3.3.5.2</reference>
        <reference href="https://www.isa.org/products/isa-62443-2-1-2009-security-for-industrial-automat">4.3.3.5.8</reference>
        <reference href="https://www.isa.org/products/isa-62443-2-1-2009-security-for-industrial-automat">4.3.3.6.6</reference>
        <reference href="https://www.isa.org/products/isa-62443-2-1-2009-security-for-industrial-automat">4.3.3.7.2</reference>
        <reference href="https://www.isa.org/products/isa-62443-2-1-2009-security-for-industrial-automat">4.3.3.7.3</reference>
        <reference href="https://www.isa.org/products/isa-62443-2-1-2009-security-for-industrial-automat">4.3.3.7.4</reference>
        <reference href="https://www.isa.org/products/isa-62443-2-1-2009-security-for-industrial-automat">4.3.4.4.7</reference>
        <reference href="https://www.isa.org/products/isa-62443-2-1-2009-security-for-industrial-automat">4.3.4.5.6</reference>
        <reference href="https://www.isa.org/products/isa-62443-2-1-2009-security-for-industrial-automat">4.3.4.5.7</reference>
        <reference href="https://www.isa.org/products/isa-62443-2-1-2009-security-for-industrial-automat">4.3.4.5.8</reference>
        <reference href="https://www.isa.org/products/isa-62443-2-1-2009-security-for-industrial-automat">4.4.2.1</reference>
        <reference href="https://www.isa.org/products/isa-62443-2-1-2009-security-for-industrial-automat">4.4.2.2</reference>
        <reference href="https://www.isa.org/products/isa-62443-2-1-2009-security-for-industrial-automat">4.4.2.4</reference>
        <reference href="https://www.isa.org/products/ansi-isa-62443-3-3-99-03-03-2013-security-for-indu">SR 1.1</reference>
        <reference href="https://www.isa.org/products/ansi-isa-62443-3-3-99-03-03-2013-security-for-indu">SR 1.13</reference>
        <reference href="https://www.isa.org/products/ansi-isa-62443-3-3-99-03-03-2013-security-for-indu">SR 1.2</reference>
        <reference href="https://www.isa.org/products/ansi-isa-62443-3-3-99-03-03-2013-security-for-indu">SR 1.3</reference>
        <reference href="https://www.isa.org/products/ansi-isa-62443-3-3-99-03-03-2013-security-for-indu">SR 1.4</reference>
        <reference href="https://www.isa.org/products/ansi-isa-62443-3-3-99-03-03-2013-security-for-indu">SR 1.5</reference>
        <reference href="https://www.isa.org/products/ansi-isa-62443-3-3-99-03-03-2013-security-for-indu">SR 1.7</reference>
        <reference href="https://www.isa.org/products/ansi-isa-62443-3-3-99-03-03-2013-security-for-indu">SR 1.8</reference>
        <reference href="https://www.isa.org/products/ansi-isa-62443-3-3-99-03-03-2013-security-for-indu">SR 1.9</reference>
        <reference href="https://www.isa.org/products/ansi-isa-62443-3-3-99-03-03-2013-security-for-indu">SR 2.1</reference>
        <reference href="https://www.isa.org/products/ansi-isa-62443-3-3-99-03-03-2013-security-for-indu">SR 2.10</reference>
        <reference href="https://www.isa.org/products/ansi-isa-62443-3-3-99-03-03-2013-security-for-indu">SR 2.11</reference>
        <reference href="https://www.isa.org/products/ansi-isa-62443-3-3-99-03-03-2013-security-for-indu">SR 2.12</reference>
        <reference href="https://www.isa.org/products/ansi-isa-62443-3-3-99-03-03-2013-security-for-indu">SR 2.6</reference>
        <reference href="https://www.isa.org/products/ansi-isa-62443-3-3-99-03-03-2013-security-for-indu">SR 2.8</reference>
        <reference href="https://www.isa.org/products/ansi-isa-62443-3-3-99-03-03-2013-security-for-indu">SR 2.9</reference>
        <reference href="https://www.isa.org/products/ansi-isa-62443-3-3-99-03-03-2013-security-for-indu">SR 3.1</reference>
        <reference href="https://www.isa.org/products/ansi-isa-62443-3-3-99-03-03-2013-security-for-indu">SR 3.5</reference>
        <reference href="https://www.isa.org/products/ansi-isa-62443-3-3-99-03-03-2013-security-for-indu">SR 3.8</reference>
        <reference href="https://www.isa.org/products/ansi-isa-62443-3-3-99-03-03-2013-security-for-indu">SR 4.1</reference>
        <reference href="https://www.isa.org/products/ansi-isa-62443-3-3-99-03-03-2013-security-for-indu">SR 4.3</reference>
        <reference href="https://www.isa.org/products/ansi-isa-62443-3-3-99-03-03-2013-security-for-indu">SR 5.1</reference>
        <reference href="https://www.isa.org/products/ansi-isa-62443-3-3-99-03-03-2013-security-for-indu">SR 5.2</reference>
        <reference href="https://www.isa.org/products/ansi-isa-62443-3-3-99-03-03-2013-security-for-indu">SR 5.3</reference>
        <reference href="https://www.isa.org/products/ansi-isa-62443-3-3-99-03-03-2013-security-for-indu">SR 6.1</reference>
        <reference href="https://www.isa.org/products/ansi-isa-62443-3-3-99-03-03-2013-security-for-indu">SR 6.2</reference>
        <reference href="https://www.isa.org/products/ansi-isa-62443-3-3-99-03-03-2013-security-for-indu">SR 7.1</reference>
        <reference href="https://www.isa.org/products/ansi-isa-62443-3-3-99-03-03-2013-security-for-indu">SR 7.6</reference>
        <reference href="https://www.iso.org/contents/data/standard/05/45/54534.html">A.11.2.6</reference>
        <reference href="https://www.iso.org/contents/data/standard/05/45/54534.html">A.12.4.1</reference>
        <reference href="https://www.iso.org/contents/data/standard/05/45/54534.html">A.12.4.2</reference>
        <reference href="https://www.iso.org/contents/data/standard/05/45/54534.html">A.12.4.3</reference>
        <reference href="https://www.iso.org/contents/data/standard/05/45/54534.html">A.12.4.4</reference>
        <reference href="https://www.iso.org/contents/data/standard/05/45/54534.html">A.12.7.1</reference>
        <reference href="https://www.iso.org/contents/data/standard/05/45/54534.html">A.13.1.1</reference>
        <reference href="https://www.iso.org/contents/data/standard/05/45/54534.html">A.13.2.1</reference>
        <reference href="https://www.iso.org/contents/data/standard/05/45/54534.html">A.14.1.3</reference>
        <reference href="https://www.iso.org/contents/data/standard/05/45/54534.html">A.14.2.7</reference>
        <reference href="https://www.iso.org/contents/data/standard/05/45/54534.html">A.15.2.1</reference>
        <reference href="https://www.iso.org/contents/data/standard/05/45/54534.html">A.15.2.2</reference>
        <reference href="https://www.iso.org/contents/data/standard/05/45/54534.html">A.16.1.4</reference>
        <reference href="https://www.iso.org/contents/data/standard/05/45/54534.html">A.16.1.5</reference>
        <reference href="https://www.iso.org/contents/data/standard/05/45/54534.html">A.16.1.7</reference>
        <reference href="https://www.iso.org/contents/data/standard/05/45/54534.html">A.6.1.2</reference>
        <reference href="https://www.iso.org/contents/data/standard/05/45/54534.html">A.6.2.1</reference>
        <reference href="https://www.iso.org/contents/data/standard/05/45/54534.html">A.6.2.2</reference>
        <reference href="https://www.iso.org/contents/data/standard/05/45/54534.html">A.7.1.1</reference>
        <reference href="https://www.iso.org/contents/data/standard/05/45/54534.html">A.9.1.2</reference>
        <reference href="https://www.iso.org/contents/data/standard/05/45/54534.html">A.9.2.1</reference>
        <reference href="https://www.iso.org/contents/data/standard/05/45/54534.html">A.9.2.2</reference>
        <reference href="https://www.iso.org/contents/data/standard/05/45/54534.html">A.9.2.3</reference>
        <reference href="https://www.iso.org/contents/data/standard/05/45/54534.html">A.9.2.4</reference>
        <reference href="https://www.iso.org/contents/data/standard/05/45/54534.html">A.9.2.6</reference>
        <reference href="https://www.iso.org/contents/data/standard/05/45/54534.html">A.9.3.1</reference>
        <reference href="https://www.iso.org/contents/data/standard/05/45/54534.html">A.9.4.1</reference>
        <reference href="https://www.iso.org/contents/data/standard/05/45/54534.html">A.9.4.2</reference>
        <reference href="https://www.iso.org/contents/data/standard/05/45/54534.html">A.9.4.3</reference>
        <reference href="https://www.iso.org/contents/data/standard/05/45/54534.html">A.9.4.4</reference>
        <reference href="https://www.iso.org/contents/data/standard/05/45/54534.html">A.9.4.5</reference>
        <reference href="https://www.nerc.com/pa/Stand/AlignRep/One%20Stop%20Shop.xlsx">CIP-004-6 R2.2.2</reference>
        <reference href="https://www.nerc.com/pa/Stand/AlignRep/One%20Stop%20Shop.xlsx">CIP-004-6 R2.2.3</reference>
        <reference href="https://www.nerc.com/pa/Stand/AlignRep/One%20Stop%20Shop.xlsx">CIP-007-3 R.1.3</reference>
        <reference href="https://www.nerc.com/pa/Stand/AlignRep/One%20Stop%20Shop.xlsx">CIP-007-3 R5</reference>
        <reference href="https://www.nerc.com/pa/Stand/AlignRep/One%20Stop%20Shop.xlsx">CIP-007-3 R5.1.1</reference>
        <reference href="https://www.nerc.com/pa/Stand/AlignRep/One%20Stop%20Shop.xlsx">CIP-007-3 R5.1.3</reference>
        <reference href="https://www.nerc.com/pa/Stand/AlignRep/One%20Stop%20Shop.xlsx">CIP-007-3 R5.2.1</reference>
        <reference href="https://www.nerc.com/pa/Stand/AlignRep/One%20Stop%20Shop.xlsx">CIP-007-3 R5.2.3</reference>
        <reference href="http://nvlpubs.nist.gov/nistpubs/SpecialPublications/NIST.SP.800-53r4.pdf">AC-2(4)</reference>
        <reference href="http://nvlpubs.nist.gov/nistpubs/SpecialPublications/NIST.SP.800-53r4.pdf">AU-2(d)</reference>
        <reference href="http://nvlpubs.nist.gov/nistpubs/SpecialPublications/NIST.SP.800-53r4.pdf">AU-12(c)</reference>
        <reference href="http://nvlpubs.nist.gov/nistpubs/SpecialPublications/NIST.SP.800-53r4.pdf">AC-6(9)</reference>
        <reference href="http://nvlpubs.nist.gov/nistpubs/SpecialPublications/NIST.SP.800-53r4.pdf">CM-6(a)</reference>
        <reference href="https://nvlpubs.nist.gov/nistpubs/CSWP/NIST.CSWP.04162018.pdf">DE.AE-3</reference>
        <reference href="https://nvlpubs.nist.gov/nistpubs/CSWP/NIST.CSWP.04162018.pdf">DE.AE-5</reference>
        <reference href="https://nvlpubs.nist.gov/nistpubs/CSWP/NIST.CSWP.04162018.pdf">DE.CM-1</reference>
        <reference href="https://nvlpubs.nist.gov/nistpubs/CSWP/NIST.CSWP.04162018.pdf">DE.CM-3</reference>
        <reference href="https://nvlpubs.nist.gov/nistpubs/CSWP/NIST.CSWP.04162018.pdf">DE.CM-7</reference>
        <reference href="https://nvlpubs.nist.gov/nistpubs/CSWP/NIST.CSWP.04162018.pdf">ID.SC-4</reference>
        <reference href="https://nvlpubs.nist.gov/nistpubs/CSWP/NIST.CSWP.04162018.pdf">PR.AC-1</reference>
        <reference href="https://nvlpubs.nist.gov/nistpubs/CSWP/NIST.CSWP.04162018.pdf">PR.AC-3</reference>
        <reference href="https://nvlpubs.nist.gov/nistpubs/CSWP/NIST.CSWP.04162018.pdf">PR.AC-4</reference>
        <reference href="https://nvlpubs.nist.gov/nistpubs/CSWP/NIST.CSWP.04162018.pdf">PR.AC-6</reference>
        <reference href="https://nvlpubs.nist.gov/nistpubs/CSWP/NIST.CSWP.04162018.pdf">PR.PT-1</reference>
        <reference href="https://nvlpubs.nist.gov/nistpubs/CSWP/NIST.CSWP.04162018.pdf">PR.PT-4</reference>
        <reference href="https://nvlpubs.nist.gov/nistpubs/CSWP/NIST.CSWP.04162018.pdf">RS.AN-1</reference>
        <reference href="https://nvlpubs.nist.gov/nistpubs/CSWP/NIST.CSWP.04162018.pdf">RS.AN-4</reference>
        <reference href="https://www.pcisecuritystandards.org/documents/PCI_DSS_v3-2-1.pdf">Req-10.2.5</reference>
        <reference href="https://public.cyber.mil/stigs/downloads/?_dl_facet_stigs=operating-systems%2Cgeneral-purpose-os">SRG-OS-000004-GPOS-00004</reference>
        <reference href="https://public.cyber.mil/stigs/downloads/?_dl_facet_stigs=operating-systems%2Cgeneral-purpose-os">SRG-OS-000037-GPOS-00015</reference>
        <reference href="https://public.cyber.mil/stigs/downloads/?_dl_facet_stigs=operating-systems%2Cgeneral-purpose-os">SRG-OS-000042-GPOS-00020</reference>
        <reference href="https://public.cyber.mil/stigs/downloads/?_dl_facet_stigs=operating-systems%2Cgeneral-purpose-os">SRG-OS-000062-GPOS-00031</reference>
        <reference href="https://public.cyber.mil/stigs/downloads/?_dl_facet_stigs=operating-systems%2Cgeneral-purpose-os">SRG-OS-000304-GPOS-00121</reference>
        <reference href="https://public.cyber.mil/stigs/downloads/?_dl_facet_stigs=operating-systems%2Cgeneral-purpose-os">SRG-OS-000392-GPOS-00172</reference>
        <reference href="https://public.cyber.mil/stigs/downloads/?_dl_facet_stigs=operating-systems%2Cgeneral-purpose-os">SRG-OS-000462-GPOS-00206</reference>
        <reference href="https://public.cyber.mil/stigs/downloads/?_dl_facet_stigs=operating-systems%2Cgeneral-purpose-os">SRG-OS-000470-GPOS-00214</reference>
        <reference href="https://public.cyber.mil/stigs/downloads/?_dl_facet_stigs=operating-systems%2Cgeneral-purpose-os">SRG-OS-000471-GPOS-00215</reference>
        <reference href="https://public.cyber.mil/stigs/downloads/?_dl_facet_stigs=operating-systems%2Cgeneral-purpose-os">SRG-OS-000239-GPOS-00089</reference>
        <reference href="https://public.cyber.mil/stigs/downloads/?_dl_facet_stigs=operating-systems%2Cgeneral-purpose-os">SRG-OS-000240-GPOS-00090</reference>
        <reference href="https://public.cyber.mil/stigs/downloads/?_dl_facet_stigs=operating-systems%2Cgeneral-purpose-os">SRG-OS-000241-GPOS-00091</reference>
        <reference href="https://public.cyber.mil/stigs/downloads/?_dl_facet_stigs=operating-systems%2Cgeneral-purpose-os">SRG-OS-000303-GPOS-00120</reference>
        <reference href="https://public.cyber.mil/stigs/downloads/?_dl_facet_stigs=operating-systems%2Cgeneral-purpose-os">SRG-OS-000466-GPOS-00210</reference>
        <reference href="https://public.cyber.mil/stigs/downloads/?_dl_facet_stigs=operating-systems%2Cgeneral-purpose-os">SRG-OS-000476-GPOS-00221</reference>
        <reference href="https://public.cyber.mil/stigs/downloads/?_dl_facet_stigs=container-platform">SRG-APP-000495-CTR-001235</reference>
        <reference href="https://public.cyber.mil/stigs/downloads/?_dl_facet_stigs=container-platform">SRG-APP-000499-CTR-001255</reference>
        <reference href="https://public.cyber.mil/stigs/downloads/?_dl_facet_stigs=container-platform">SRG-APP-000503-CTR-001275</reference>
        <reference href="https://cyber.gouv.fr/sites/default/files/document/linux_configuration-en-v2.pdf">R73</reference>
        <reference href="https://www.cisecurity.org/benchmark/ubuntu_linux/">6.2.3.8</reference>
        <reference href="https://docs-prv.pcisecuritystandards.org/PCI%20DSS/Standard/PCI-DSS-v4_0.pdf">10.2.1.5</reference>
        <reference href="https://docs-prv.pcisecuritystandards.org/PCI%20DSS/Standard/PCI-DSS-v4_0.pdf">10.2.1</reference>
        <reference href="https://docs-prv.pcisecuritystandards.org/PCI%20DSS/Standard/PCI-DSS-v4_0.pdf">10.2</reference>
        <rationale xmlns:xhtml="http://www.w3.org/1999/xhtml" xml:lang="en-US">In addition to auditing new user and group accounts, these watches
will alert the system administrator(s) to any modifications. Any unexpected
users, groups, or modifications should be investigated for legitimacy.</rationale>
        <fix xmlns:xhtml="http://www.w3.org/1999/xhtml" id="audit_rules_usergroup_modification_shadow" system="urn:xccdf:fix:script:ansible" reboot="true" complexity="low" disruption="low" strategy="restrict">- name: Gather the package facts
  package_facts:
    manager: auto
  tags:
  - CJIS-5.4.1.1
  - NIST-800-171-3.1.7
  - NIST-800-53-AC-2(4)
  - NIST-800-53-AC-6(9)
  - NIST-800-53-AU-12(c)
  - NIST-800-53-AU-2(d)
  - NIST-800-53-CM-6(a)
  - PCI-DSS-Req-10.2.5
  - PCI-DSSv4-10.2
  - PCI-DSSv4-10.2.1
  - PCI-DSSv4-10.2.1.5
  - audit_rules_usergroup_modification_shadow
  - low_complexity
  - low_disruption
  - medium_severity
  - reboot_required
  - restrict_strategy

- name: Check if watch rule for /etc/shadow already exists in /etc/audit/rules.d/
  find:
    paths: /etc/audit/rules.d
    contains: ^\s*-w\s+/etc/shadow\s+-p\s+wa(\s|$)+
    patterns: '*.rules'
  register: find_existing_watch_rules_d
  when:
  - '"auditd" in ansible_facts.packages'
  - '"linux-base" in ansible_facts.packages'
  tags:
  - CJIS-5.4.1.1
  - NIST-800-171-3.1.7
  - NIST-800-53-AC-2(4)
  - NIST-800-53-AC-6(9)
  - NIST-800-53-AU-12(c)
  - NIST-800-53-AU-2(d)
  - NIST-800-53-CM-6(a)
  - PCI-DSS-Req-10.2.5
  - PCI-DSSv4-10.2
  - PCI-DSSv4-10.2.1
  - PCI-DSSv4-10.2.1.5
  - audit_rules_usergroup_modification_shadow
  - low_complexity
  - low_disruption
  - medium_severity
  - reboot_required
  - restrict_strategy

- name: Search /etc/audit/rules.d for other rules with specified key audit_rules_usergroup_modification
  find:
    paths: /etc/audit/rules.d
    contains: ^.*(?:-F key=|-k\s+)audit_rules_usergroup_modification$
    patterns: '*.rules'
  register: find_watch_key
  when:
  - '"auditd" in ansible_facts.packages'
  - '"linux-base" in ansible_facts.packages'
  - find_existing_watch_rules_d.matched is defined and find_existing_watch_rules_d.matched
    == 0
  tags:
  - CJIS-5.4.1.1
  - NIST-800-171-3.1.7
  - NIST-800-53-AC-2(4)
  - NIST-800-53-AC-6(9)
  - NIST-800-53-AU-12(c)
  - NIST-800-53-AU-2(d)
  - NIST-800-53-CM-6(a)
  - PCI-DSS-Req-10.2.5
  - PCI-DSSv4-10.2
  - PCI-DSSv4-10.2.1
  - PCI-DSSv4-10.2.1.5
  - audit_rules_usergroup_modification_shadow
  - low_complexity
  - low_disruption
  - medium_severity
  - reboot_required
  - restrict_strategy

- name: Use /etc/audit/rules.d/audit_rules_usergroup_modification.rules as the recipient
    for the rule
  set_fact:
    all_files:
    - /etc/audit/rules.d/audit_rules_usergroup_modification.rules
  when:
  - '"auditd" in ansible_facts.packages'
  - '"linux-base" in ansible_facts.packages'
  - find_watch_key.matched is defined and find_watch_key.matched == 0 and find_existing_watch_rules_d.matched
    is defined and find_existing_watch_rules_d.matched == 0
  tags:
  - CJIS-5.4.1.1
  - NIST-800-171-3.1.7
  - NIST-800-53-AC-2(4)
  - NIST-800-53-AC-6(9)
  - NIST-800-53-AU-12(c)
  - NIST-800-53-AU-2(d)
  - NIST-800-53-CM-6(a)
  - PCI-DSS-Req-10.2.5
  - PCI-DSSv4-10.2
  - PCI-DSSv4-10.2.1
  - PCI-DSSv4-10.2.1.5
  - audit_rules_usergroup_modification_shadow
  - low_complexity
  - low_disruption
  - medium_severity
  - reboot_required
  - restrict_strategy

- name: Use matched file as the recipient for the rule
  set_fact:
    all_files:
    - '{{ find_watch_key.files | map(attribute=''path'') | list | first }}'
  when:
  - '"auditd" in ansible_facts.packages'
  - '"linux-base" in ansible_facts.packages'
  - find_watch_key.matched is defined and find_watch_key.matched &gt; 0 and find_existing_watch_rules_d.matched
    is defined and find_existing_watch_rules_d.matched == 0
  tags:
  - CJIS-5.4.1.1
  - NIST-800-171-3.1.7
  - NIST-800-53-AC-2(4)
  - NIST-800-53-AC-6(9)
  - NIST-800-53-AU-12(c)
  - NIST-800-53-AU-2(d)
  - NIST-800-53-CM-6(a)
  - PCI-DSS-Req-10.2.5
  - PCI-DSSv4-10.2
  - PCI-DSSv4-10.2.1
  - PCI-DSSv4-10.2.1.5
  - audit_rules_usergroup_modification_shadow
  - low_complexity
  - low_disruption
  - medium_severity
  - reboot_required
  - restrict_strategy

- name: Add watch rule for /etc/shadow in /etc/audit/rules.d/
  lineinfile:
    path: '{{ all_files[0] }}'
    line: -w /etc/shadow -p wa -k audit_rules_usergroup_modification
    create: true
    mode: '0600'
  when:
  - '"auditd" in ansible_facts.packages'
  - '"linux-base" in ansible_facts.packages'
  - find_existing_watch_rules_d.matched is defined and find_existing_watch_rules_d.matched
    == 0
  tags:
  - CJIS-5.4.1.1
  - NIST-800-171-3.1.7
  - NIST-800-53-AC-2(4)
  - NIST-800-53-AC-6(9)
  - NIST-800-53-AU-12(c)
  - NIST-800-53-AU-2(d)
  - NIST-800-53-CM-6(a)
  - PCI-DSS-Req-10.2.5
  - PCI-DSSv4-10.2
  - PCI-DSSv4-10.2.1
  - PCI-DSSv4-10.2.1.5
  - audit_rules_usergroup_modification_shadow
  - low_complexity
  - low_disruption
  - medium_severity
  - reboot_required
  - restrict_strategy

- name: Check if watch rule for /etc/shadow already exists in /etc/audit/audit.rules
  find:
    paths: /etc/audit/
    contains: ^\s*-w\s+/etc/shadow\s+-p\s+wa(\s|$)+
    patterns: audit.rules
  register: find_existing_watch_audit_rules
  when:
  - '"auditd" in ansible_facts.packages'
  - '"linux-base" in ansible_facts.packages'
  tags:
  - CJIS-5.4.1.1
  - NIST-800-171-3.1.7
  - NIST-800-53-AC-2(4)
  - NIST-800-53-AC-6(9)
  - NIST-800-53-AU-12(c)
  - NIST-800-53-AU-2(d)
  - NIST-800-53-CM-6(a)
  - PCI-DSS-Req-10.2.5
  - PCI-DSSv4-10.2
  - PCI-DSSv4-10.2.1
  - PCI-DSSv4-10.2.1.5
  - audit_rules_usergroup_modification_shadow
  - low_complexity
  - low_disruption
  - medium_severity
  - reboot_required
  - restrict_strategy

- name: Add watch rule for /etc/shadow in /etc/audit/audit.rules
  lineinfile:
    line: -w /etc/shadow -p wa -k audit_rules_usergroup_modification
    state: present
    dest: /etc/audit/audit.rules
    create: true
    mode: '0600'
  when:
  - '"auditd" in ansible_facts.packages'
  - '"linux-base" in ansible_facts.packages'
  - find_existing_watch_audit_rules.matched is defined and find_existing_watch_audit_rules.matched
    == 0
  tags:
  - CJIS-5.4.1.1
  - NIST-800-171-3.1.7
  - NIST-800-53-AC-2(4)
  - NIST-800-53-AC-6(9)
  - NIST-800-53-AU-12(c)
  - NIST-800-53-AU-2(d)
  - NIST-800-53-CM-6(a)
  - PCI-DSS-Req-10.2.5
  - PCI-DSSv4-10.2
  - PCI-DSSv4-10.2.1
  - PCI-DSSv4-10.2.1.5
  - audit_rules_usergroup_modification_shadow
  - low_complexity
  - low_disruption
  - medium_severity
  - reboot_required
  - restrict_strategy
</fix>
        <fix xmlns:xhtml="http://www.w3.org/1999/xhtml" id="audit_rules_usergroup_modification_shadow" system="urn:xccdf:fix:script:sh"># Remediation is applicable only in certain platforms
if dpkg-query --show --showformat='${db:Status-Status}
' 'linux-base' 2&gt;/dev/null | grep -q ^installed &amp;&amp; dpkg-query --show --showformat='${db:Status-Status}\n' 'auditd' 2&gt;/dev/null | grep -q '^installed'; then

# Perform the remediation for both possible tools: 'auditctl' and 'augenrules'

# Create a list of audit *.rules files that should be inspected for presence and correctness
# of a particular audit rule. The scheme is as follows:
#
# -----------------------------------------------------------------------------------------
# Tool used to load audit rules	| Rule already defined	|  Audit rules file to inspect	  |
# -----------------------------------------------------------------------------------------
#	auditctl		|     Doesn't matter	|  /etc/audit/audit.rules	  |
# -----------------------------------------------------------------------------------------
# 	augenrules		|          Yes		|  /etc/audit/rules.d/*.rules	  |
# 	augenrules		|          No		|  /etc/audit/rules.d/$key.rules  |
# -----------------------------------------------------------------------------------------
files_to_inspect=()


# If the audit tool is 'auditctl', then add '/etc/audit/audit.rules'
# into the list of files to be inspected
files_to_inspect+=('/etc/audit/audit.rules')

# Finally perform the inspection and possible subsequent audit rule
# correction for each of the files previously identified for inspection
for audit_rules_file in "${files_to_inspect[@]}"
do
    # Check if audit watch file system object rule for given path already present
    if grep -q -P -- "^[\s]*-w[\s]+/etc/shadow" "$audit_rules_file"
    then
        # Rule is found =&gt; verify yet if existing rule definition contains
        # all of the required access type bits

        # Define BRE whitespace class shortcut
        sp="[[:space:]]"
        # Extract current permission access types (e.g. -p [r|w|x|a] values) from audit rule
        current_access_bits=$(sed -ne "s#$sp*-w$sp\+/etc/shadow $sp\+-p$sp\+\([rxwa]\{1,4\}\).*#\1#p" "$audit_rules_file")
        # Split required access bits string into characters array
        # (to check bit's presence for one bit at a time)
        for access_bit in $(echo "wa" | grep -o .)
        do
            # For each from the required access bits (e.g. 'w', 'a') check
            # if they are already present in current access bits for rule.
            # If not, append that bit at the end
            if ! grep -q "$access_bit" &lt;&lt;&lt; "$current_access_bits"
            then
                # Concatenate the existing mask with the missing bit
                current_access_bits="$current_access_bits$access_bit"
            fi
        done
        # Propagate the updated rule's access bits (original + the required
        # ones) back into the /etc/audit/audit.rules file for that rule
        sed -i "s#\($sp*-w$sp\+/etc/shadow$sp\+-p$sp\+\)\([rxwa]\{1,4\}\)\(.*\)#\1$current_access_bits\3#" "$audit_rules_file"
    else
        # Rule isn't present yet. Append it at the end of $audit_rules_file file
        # with proper key

        echo "-w /etc/shadow -p wa -k audit_rules_usergroup_modification" &gt;&gt; "$audit_rules_file"
    fi
done
# Create a list of audit *.rules files that should be inspected for presence and correctness
# of a particular audit rule. The scheme is as follows:
#
# -----------------------------------------------------------------------------------------
# Tool used to load audit rules	| Rule already defined	|  Audit rules file to inspect	  |
# -----------------------------------------------------------------------------------------
#	auditctl		|     Doesn't matter	|  /etc/audit/audit.rules	  |
# -----------------------------------------------------------------------------------------
# 	augenrules		|          Yes		|  /etc/audit/rules.d/*.rules	  |
# 	augenrules		|          No		|  /etc/audit/rules.d/$key.rules  |
# -----------------------------------------------------------------------------------------
files_to_inspect=()

# If the audit is 'augenrules', then check if rule is already defined
# If rule is defined, add '/etc/audit/rules.d/*.rules' to list of files for inspection.
# If rule isn't defined, add '/etc/audit/rules.d/audit_rules_usergroup_modification.rules' to list of files for inspection.
readarray -t matches &lt; &lt;(grep -HP "[\s]*-w[\s]+/etc/shadow" /etc/audit/rules.d/*.rules)

# For each of the matched entries
for match in "${matches[@]}"
do
    # Extract filepath from the match
    rulesd_audit_file=$(echo $match | cut -f1 -d ':')
    # Append that path into list of files for inspection
    files_to_inspect+=("$rulesd_audit_file")
done
# Case when particular audit rule isn't defined yet
if [ "${#files_to_inspect[@]}" -eq "0" ]
then
    # Append '/etc/audit/rules.d/audit_rules_usergroup_modification.rules' into list of files for inspection
    key_rule_file="/etc/audit/rules.d/audit_rules_usergroup_modification.rules"
    # If the audit_rules_usergroup_modification.rules file doesn't exist yet, create it with correct permissions
    if [ ! -e "$key_rule_file" ]
    then
        touch "$key_rule_file"
        chmod 0600 "$key_rule_file"
    fi
    files_to_inspect+=("$key_rule_file")
fi

# Finally perform the inspection and possible subsequent audit rule
# correction for each of the files previously identified for inspection
for audit_rules_file in "${files_to_inspect[@]}"
do
    # Check if audit watch file system object rule for given path already present
    if grep -q -P -- "^[\s]*-w[\s]+/etc/shadow" "$audit_rules_file"
    then
        # Rule is found =&gt; verify yet if existing rule definition contains
        # all of the required access type bits

        # Define BRE whitespace class shortcut
        sp="[[:space:]]"
        # Extract current permission access types (e.g. -p [r|w|x|a] values) from audit rule
        current_access_bits=$(sed -ne "s#$sp*-w$sp\+/etc/shadow $sp\+-p$sp\+\([rxwa]\{1,4\}\).*#\1#p" "$audit_rules_file")
        # Split required access bits string into characters array
        # (to check bit's presence for one bit at a time)
        for access_bit in $(echo "wa" | grep -o .)
        do
            # For each from the required access bits (e.g. 'w', 'a') check
            # if they are already present in current access bits for rule.
            # If not, append that bit at the end
            if ! grep -q "$access_bit" &lt;&lt;&lt; "$current_access_bits"
            then
                # Concatenate the existing mask with the missing bit
                current_access_bits="$current_access_bits$access_bit"
            fi
        done
        # Propagate the updated rule's access bits (original + the required
        # ones) back into the /etc/audit/audit.rules file for that rule
        sed -i "s#\($sp*-w$sp\+/etc/shadow$sp\+-p$sp\+\)\([rxwa]\{1,4\}\)\(.*\)#\1$current_access_bits\3#" "$audit_rules_file"
    else
        # Rule isn't present yet. Append it at the end of $audit_rules_file file
        # with proper key

        echo "-w /etc/shadow -p wa -k audit_rules_usergroup_modification" &gt;&gt; "$audit_rules_file"
    fi
done

else
    &gt;&amp;2 echo 'Remediation is not applicable, nothing was done'
fi
</fix>
        <check system="http://oval.mitre.org/XMLSchema/oval-definitions-5">
          <check-content-ref name="oval:ssg-audit_rules_usergroup_modification_shadow:def:1" href="ssg-ubuntu2404-oval.xml"/>
        </check>
        <check system="http://scap.nist.gov/schema/ocil/2">
          <check-content-ref name="ocil:ssg-audit_rules_usergroup_modification_shadow_ocil:questionnaire:1" href="ssg-ubuntu2404-ocil.xml"/>
        </check>
      </Rule>
      <Rule id="xccdf_org.ssgproject.content_rule_audit_sudo_log_events" selected="false" role="full" severity="medium">
        <title xmlns:xhtml="http://www.w3.org/1999/xhtml" xml:lang="en-US">Record Attempts to perform maintenance activities</title>
        <description xmlns:xhtml="http://www.w3.org/1999/xhtml" xml:lang="en-US">The Ubuntu 24.04 operating system must generate audit records for
privileged activities, nonlocal maintenance, diagnostic sessions and
other system-level access.

Verify the operating system audits activities performed during nonlocal
maintenance and diagnostic sessions. Run the following command:
<html:pre xmlns:html="http://www.w3.org/1999/xhtml">$ sudo auditctl -l | grep sudo.log
-w /var/log/sudo.log -p wa -k maintenance</html:pre>
      </description>
        <reference href="https://public.cyber.mil/stigs/cci/">CCI-000172</reference>
        <reference href="https://public.cyber.mil/stigs/cci/">CCI-002884</reference>
        <reference href="https://www.pcisecuritystandards.org/documents/PCI_DSS_v3-2-1.pdf">Req-10.2.2</reference>
        <reference href="https://www.pcisecuritystandards.org/documents/PCI_DSS_v3-2-1.pdf">Req-10.2.5.b</reference>
        <reference href="https://public.cyber.mil/stigs/downloads/?_dl_facet_stigs=operating-systems%2Cgeneral-purpose-os">SRG-OS-000392-GPOS-00172</reference>
        <reference href="https://public.cyber.mil/stigs/downloads/?_dl_facet_stigs=operating-systems%2Cgeneral-purpose-os">SRG-OS-000471-GPOS-00215</reference>
        <reference href="https://cyber.gouv.fr/sites/default/files/document/linux_configuration-en-v2.pdf">R73</reference>
        <reference href="https://www.cisecurity.org/benchmark/ubuntu_linux/">6.2.3.3</reference>
        <reference href="https://docs-prv.pcisecuritystandards.org/PCI%20DSS/Standard/PCI-DSS-v4_0.pdf">10.2.1.3</reference>
        <reference href="https://docs-prv.pcisecuritystandards.org/PCI%20DSS/Standard/PCI-DSS-v4_0.pdf">10.2.1</reference>
        <reference href="https://docs-prv.pcisecuritystandards.org/PCI%20DSS/Standard/PCI-DSS-v4_0.pdf">10.2</reference>
        <rationale xmlns:xhtml="http://www.w3.org/1999/xhtml" xml:lang="en-US">If events associated with nonlocal administrative access or diagnostic
sessions are not logged, a major tool for assessing and investigating
attacks would not be available.
This requirement addresses auditing-related issues associated with
maintenance tools used specifically for diagnostic and repair actions
on organizational information systems.
Nonlocal maintenance and diagnostic activities are those activities
conducted by individuals communicating through a network, either an
external network (e.g., the internet) or an internal network. Local
maintenance and diagnostic activities are those activities carried
out by individuals physically present at the information system or
information system component and not communicating across a network
connection.
This requirement applies to hardware/software diagnostic test
equipment or tools. This requirement does not cover hardware/software
components that may support information system maintenance, yet are a
part of the system, for example, the software implementing "ping,"
"ls," "ipconfig," or the hardware and software implementing the
monitoring port of an Ethernet switch.</rationale>
        <fix xmlns:xhtml="http://www.w3.org/1999/xhtml" id="audit_sudo_log_events" system="urn:xccdf:fix:script:ansible" reboot="true" complexity="low" disruption="low" strategy="restrict">- name: Gather the package facts
  package_facts:
    manager: auto
  tags:
  - PCI-DSS-Req-10.2.2
  - PCI-DSS-Req-10.2.5.b
  - PCI-DSSv4-10.2
  - PCI-DSSv4-10.2.1
  - PCI-DSSv4-10.2.1.3
  - audit_sudo_log_events
  - low_complexity
  - low_disruption
  - medium_severity
  - reboot_required
  - restrict_strategy

- name: Check if watch rule for /var/log/sudo.log already exists in /etc/audit/rules.d/
  find:
    paths: /etc/audit/rules.d
    contains: ^\s*-w\s+/var/log/sudo.log\s+-p\s+wa(\s|$)+
    patterns: '*.rules'
  register: find_existing_watch_rules_d
  when:
  - '"auditd" in ansible_facts.packages'
  - '"linux-base" in ansible_facts.packages'
  tags:
  - PCI-DSS-Req-10.2.2
  - PCI-DSS-Req-10.2.5.b
  - PCI-DSSv4-10.2
  - PCI-DSSv4-10.2.1
  - PCI-DSSv4-10.2.1.3
  - audit_sudo_log_events
  - low_complexity
  - low_disruption
  - medium_severity
  - reboot_required
  - restrict_strategy

- name: Search /etc/audit/rules.d for other rules with specified key logins
  find:
    paths: /etc/audit/rules.d
    contains: ^.*(?:-F key=|-k\s+)logins$
    patterns: '*.rules'
  register: find_watch_key
  when:
  - '"auditd" in ansible_facts.packages'
  - '"linux-base" in ansible_facts.packages'
  - find_existing_watch_rules_d.matched is defined and find_existing_watch_rules_d.matched
    == 0
  tags:
  - PCI-DSS-Req-10.2.2
  - PCI-DSS-Req-10.2.5.b
  - PCI-DSSv4-10.2
  - PCI-DSSv4-10.2.1
  - PCI-DSSv4-10.2.1.3
  - audit_sudo_log_events
  - low_complexity
  - low_disruption
  - medium_severity
  - reboot_required
  - restrict_strategy

- name: Use /etc/audit/rules.d/logins.rules as the recipient for the rule
  set_fact:
    all_files:
    - /etc/audit/rules.d/logins.rules
  when:
  - '"auditd" in ansible_facts.packages'
  - '"linux-base" in ansible_facts.packages'
  - find_watch_key.matched is defined and find_watch_key.matched == 0 and find_existing_watch_rules_d.matched
    is defined and find_existing_watch_rules_d.matched == 0
  tags:
  - PCI-DSS-Req-10.2.2
  - PCI-DSS-Req-10.2.5.b
  - PCI-DSSv4-10.2
  - PCI-DSSv4-10.2.1
  - PCI-DSSv4-10.2.1.3
  - audit_sudo_log_events
  - low_complexity
  - low_disruption
  - medium_severity
  - reboot_required
  - restrict_strategy

- name: Use matched file as the recipient for the rule
  set_fact:
    all_files:
    - '{{ find_watch_key.files | map(attribute=''path'') | list | first }}'
  when:
  - '"auditd" in ansible_facts.packages'
  - '"linux-base" in ansible_facts.packages'
  - find_watch_key.matched is defined and find_watch_key.matched &gt; 0 and find_existing_watch_rules_d.matched
    is defined and find_existing_watch_rules_d.matched == 0
  tags:
  - PCI-DSS-Req-10.2.2
  - PCI-DSS-Req-10.2.5.b
  - PCI-DSSv4-10.2
  - PCI-DSSv4-10.2.1
  - PCI-DSSv4-10.2.1.3
  - audit_sudo_log_events
  - low_complexity
  - low_disruption
  - medium_severity
  - reboot_required
  - restrict_strategy

- name: Add watch rule for /var/log/sudo.log in /etc/audit/rules.d/
  lineinfile:
    path: '{{ all_files[0] }}'
    line: -w /var/log/sudo.log -p wa -k logins
    create: true
    mode: '0600'
  when:
  - '"auditd" in ansible_facts.packages'
  - '"linux-base" in ansible_facts.packages'
  - find_existing_watch_rules_d.matched is defined and find_existing_watch_rules_d.matched
    == 0
  tags:
  - PCI-DSS-Req-10.2.2
  - PCI-DSS-Req-10.2.5.b
  - PCI-DSSv4-10.2
  - PCI-DSSv4-10.2.1
  - PCI-DSSv4-10.2.1.3
  - audit_sudo_log_events
  - low_complexity
  - low_disruption
  - medium_severity
  - reboot_required
  - restrict_strategy

- name: Check if watch rule for /var/log/sudo.log already exists in /etc/audit/audit.rules
  find:
    paths: /etc/audit/
    contains: ^\s*-w\s+/var/log/sudo.log\s+-p\s+wa(\s|$)+
    patterns: audit.rules
  register: find_existing_watch_audit_rules
  when:
  - '"auditd" in ansible_facts.packages'
  - '"linux-base" in ansible_facts.packages'
  tags:
  - PCI-DSS-Req-10.2.2
  - PCI-DSS-Req-10.2.5.b
  - PCI-DSSv4-10.2
  - PCI-DSSv4-10.2.1
  - PCI-DSSv4-10.2.1.3
  - audit_sudo_log_events
  - low_complexity
  - low_disruption
  - medium_severity
  - reboot_required
  - restrict_strategy

- name: Add watch rule for /var/log/sudo.log in /etc/audit/audit.rules
  lineinfile:
    line: -w /var/log/sudo.log -p wa -k logins
    state: present
    dest: /etc/audit/audit.rules
    create: true
    mode: '0600'
  when:
  - '"auditd" in ansible_facts.packages'
  - '"linux-base" in ansible_facts.packages'
  - find_existing_watch_audit_rules.matched is defined and find_existing_watch_audit_rules.matched
    == 0
  tags:
  - PCI-DSS-Req-10.2.2
  - PCI-DSS-Req-10.2.5.b
  - PCI-DSSv4-10.2
  - PCI-DSSv4-10.2.1
  - PCI-DSSv4-10.2.1.3
  - audit_sudo_log_events
  - low_complexity
  - low_disruption
  - medium_severity
  - reboot_required
  - restrict_strategy
</fix>
        <fix xmlns:xhtml="http://www.w3.org/1999/xhtml" id="audit_sudo_log_events" system="urn:xccdf:fix:script:sh"># Remediation is applicable only in certain platforms
if dpkg-query --show --showformat='${db:Status-Status}
' 'linux-base' 2&gt;/dev/null | grep -q ^installed &amp;&amp; dpkg-query --show --showformat='${db:Status-Status}\n' 'auditd' 2&gt;/dev/null | grep -q '^installed'; then

# Perform the remediation for both possible tools: 'auditctl' and 'augenrules'


# Create a list of audit *.rules files that should be inspected for presence and correctness
# of a particular audit rule. The scheme is as follows:
#
# -----------------------------------------------------------------------------------------
# Tool used to load audit rules	| Rule already defined	|  Audit rules file to inspect	  |
# -----------------------------------------------------------------------------------------
#	auditctl		|     Doesn't matter	|  /etc/audit/audit.rules	  |
# -----------------------------------------------------------------------------------------
# 	augenrules		|          Yes		|  /etc/audit/rules.d/*.rules	  |
# 	augenrules		|          No		|  /etc/audit/rules.d/$key.rules  |
# -----------------------------------------------------------------------------------------
files_to_inspect=()


# If the audit tool is 'auditctl', then add '/etc/audit/audit.rules'
# into the list of files to be inspected
files_to_inspect+=('/etc/audit/audit.rules')

# Finally perform the inspection and possible subsequent audit rule
# correction for each of the files previously identified for inspection
for audit_rules_file in "${files_to_inspect[@]}"
do
    # Check if audit watch file system object rule for given path already present
    if grep -q -P -- "^[\s]*-w[\s]+/var/log/sudo.log" "$audit_rules_file"
    then
        # Rule is found =&gt; verify yet if existing rule definition contains
        # all of the required access type bits

        # Define BRE whitespace class shortcut
        sp="[[:space:]]"
        # Extract current permission access types (e.g. -p [r|w|x|a] values) from audit rule
        current_access_bits=$(sed -ne "s#$sp*-w$sp\+/var/log/sudo.log $sp\+-p$sp\+\([rxwa]\{1,4\}\).*#\1#p" "$audit_rules_file")
        # Split required access bits string into characters array
        # (to check bit's presence for one bit at a time)
        for access_bit in $(echo "wa" | grep -o .)
        do
            # For each from the required access bits (e.g. 'w', 'a') check
            # if they are already present in current access bits for rule.
            # If not, append that bit at the end
            if ! grep -q "$access_bit" &lt;&lt;&lt; "$current_access_bits"
            then
                # Concatenate the existing mask with the missing bit
                current_access_bits="$current_access_bits$access_bit"
            fi
        done
        # Propagate the updated rule's access bits (original + the required
        # ones) back into the /etc/audit/audit.rules file for that rule
        sed -i "s#\($sp*-w$sp\+/var/log/sudo.log$sp\+-p$sp\+\)\([rxwa]\{1,4\}\)\(.*\)#\1$current_access_bits\3#" "$audit_rules_file"
    else
        # Rule isn't present yet. Append it at the end of $audit_rules_file file
        # with proper key

        echo "-w /var/log/sudo.log -p wa -k logins" &gt;&gt; "$audit_rules_file"
    fi
done
# Create a list of audit *.rules files that should be inspected for presence and correctness
# of a particular audit rule. The scheme is as follows:
#
# -----------------------------------------------------------------------------------------
# Tool used to load audit rules	| Rule already defined	|  Audit rules file to inspect	  |
# -----------------------------------------------------------------------------------------
#	auditctl		|     Doesn't matter	|  /etc/audit/audit.rules	  |
# -----------------------------------------------------------------------------------------
# 	augenrules		|          Yes		|  /etc/audit/rules.d/*.rules	  |
# 	augenrules		|          No		|  /etc/audit/rules.d/$key.rules  |
# -----------------------------------------------------------------------------------------
files_to_inspect=()

# If the audit is 'augenrules', then check if rule is already defined
# If rule is defined, add '/etc/audit/rules.d/*.rules' to list of files for inspection.
# If rule isn't defined, add '/etc/audit/rules.d/logins.rules' to list of files for inspection.
readarray -t matches &lt; &lt;(grep -HP "[\s]*-w[\s]+/var/log/sudo.log" /etc/audit/rules.d/*.rules)

# For each of the matched entries
for match in "${matches[@]}"
do
    # Extract filepath from the match
    rulesd_audit_file=$(echo $match | cut -f1 -d ':')
    # Append that path into list of files for inspection
    files_to_inspect+=("$rulesd_audit_file")
done
# Case when particular audit rule isn't defined yet
if [ "${#files_to_inspect[@]}" -eq "0" ]
then
    # Append '/etc/audit/rules.d/logins.rules' into list of files for inspection
    key_rule_file="/etc/audit/rules.d/logins.rules"
    # If the logins.rules file doesn't exist yet, create it with correct permissions
    if [ ! -e "$key_rule_file" ]
    then
        touch "$key_rule_file"
        chmod 0600 "$key_rule_file"
    fi
    files_to_inspect+=("$key_rule_file")
fi

# Finally perform the inspection and possible subsequent audit rule
# correction for each of the files previously identified for inspection
for audit_rules_file in "${files_to_inspect[@]}"
do
    # Check if audit watch file system object rule for given path already present
    if grep -q -P -- "^[\s]*-w[\s]+/var/log/sudo.log" "$audit_rules_file"
    then
        # Rule is found =&gt; verify yet if existing rule definition contains
        # all of the required access type bits

        # Define BRE whitespace class shortcut
        sp="[[:space:]]"
        # Extract current permission access types (e.g. -p [r|w|x|a] values) from audit rule
        current_access_bits=$(sed -ne "s#$sp*-w$sp\+/var/log/sudo.log $sp\+-p$sp\+\([rxwa]\{1,4\}\).*#\1#p" "$audit_rules_file")
        # Split required access bits string into characters array
        # (to check bit's presence for one bit at a time)
        for access_bit in $(echo "wa" | grep -o .)
        do
            # For each from the required access bits (e.g. 'w', 'a') check
            # if they are already present in current access bits for rule.
            # If not, append that bit at the end
            if ! grep -q "$access_bit" &lt;&lt;&lt; "$current_access_bits"
            then
                # Concatenate the existing mask with the missing bit
                current_access_bits="$current_access_bits$access_bit"
            fi
        done
        # Propagate the updated rule's access bits (original + the required
        # ones) back into the /etc/audit/audit.rules file for that rule
        sed -i "s#\($sp*-w$sp\+/var/log/sudo.log$sp\+-p$sp\+\)\([rxwa]\{1,4\}\)\(.*\)#\1$current_access_bits\3#" "$audit_rules_file"
    else
        # Rule isn't present yet. Append it at the end of $audit_rules_file file
        # with proper key

        echo "-w /var/log/sudo.log -p wa -k logins" &gt;&gt; "$audit_rules_file"
    fi
done

else
    &gt;&amp;2 echo 'Remediation is not applicable, nothing was done'
fi
</fix>
        <check system="http://oval.mitre.org/XMLSchema/oval-definitions-5">
          <check-content-ref name="oval:ssg-audit_sudo_log_events:def:1" href="ssg-ubuntu2404-oval.xml"/>
        </check>
        <check system="http://scap.nist.gov/schema/ocil/2">
          <check-content-ref name="ocil:ssg-audit_sudo_log_events_ocil:questionnaire:1" href="ssg-ubuntu2404-ocil.xml"/>
        </check>
      </Rule>
      <Rule id="xccdf_org.ssgproject.content_rule_directory_permissions_var_log_audit" selected="false" role="full" severity="medium">
        <title xmlns:xhtml="http://www.w3.org/1999/xhtml" xml:lang="en-US">System Audit Logs Must Have Mode 0750 or Less Permissive</title>
        <description xmlns:xhtml="http://www.w3.org/1999/xhtml" xml:lang="en-US">
If <html:code xmlns:html="http://www.w3.org/1999/xhtml">log_group</html:code> in <html:code xmlns:html="http://www.w3.org/1999/xhtml">/etc/audit/auditd.conf</html:code> is set to a group other than the <html:code xmlns:html="http://www.w3.org/1999/xhtml">root</html:code>
group account, change the mode of the audit log files with the following command:
<html:pre xmlns:html="http://www.w3.org/1999/xhtml">$ sudo chmod 0750 /var/log/audit</html:pre>
       <html:br xmlns:html="http://www.w3.org/1999/xhtml"/>
Otherwise, change the mode of the audit log files with the following command:
<html:pre xmlns:html="http://www.w3.org/1999/xhtml">$ sudo chmod 0700 /var/log/audit</html:pre>
      </description>
        <reference href="https://www.cisecurity.org/controls/">1</reference>
        <reference href="https://www.cisecurity.org/controls/">11</reference>
        <reference href="https://www.cisecurity.org/controls/">12</reference>
        <reference href="https://www.cisecurity.org/controls/">13</reference>
        <reference href="https://www.cisecurity.org/controls/">14</reference>
        <reference href="https://www.cisecurity.org/controls/">15</reference>
        <reference href="https://www.cisecurity.org/controls/">16</reference>
        <reference href="https://www.cisecurity.org/controls/">18</reference>
        <reference href="https://www.cisecurity.org/controls/">19</reference>
        <reference href="https://www.cisecurity.org/controls/">3</reference>
        <reference href="https://www.cisecurity.org/controls/">4</reference>
        <reference href="https://www.cisecurity.org/controls/">5</reference>
        <reference href="https://www.cisecurity.org/controls/">6</reference>
        <reference href="https://www.cisecurity.org/controls/">7</reference>
        <reference href="https://www.cisecurity.org/controls/">8</reference>
        <reference href="https://www.isaca.org/resources/cobit">APO01.06</reference>
        <reference href="https://www.isaca.org/resources/cobit">APO11.04</reference>
        <reference href="https://www.isaca.org/resources/cobit">APO12.06</reference>
        <reference href="https://www.isaca.org/resources/cobit">BAI03.05</reference>
        <reference href="https://www.isaca.org/resources/cobit">BAI08.02</reference>
        <reference href="https://www.isaca.org/resources/cobit">DSS02.02</reference>
        <reference href="https://www.isaca.org/resources/cobit">DSS02.04</reference>
        <reference href="https://www.isaca.org/resources/cobit">DSS02.07</reference>
        <reference href="https://www.isaca.org/resources/cobit">DSS03.01</reference>
        <reference href="https://www.isaca.org/resources/cobit">DSS05.04</reference>
        <reference href="https://www.isaca.org/resources/cobit">DSS05.07</reference>
        <reference href="https://www.isaca.org/resources/cobit">DSS06.02</reference>
        <reference href="https://www.isaca.org/resources/cobit">MEA02.01</reference>
        <reference href="https://public.cyber.mil/stigs/cci/">CCI-000162</reference>
        <reference href="https://public.cyber.mil/stigs/cci/">CCI-000163</reference>
        <reference href="https://public.cyber.mil/stigs/cci/">CCI-000164</reference>
        <reference href="https://www.isa.org/products/isa-62443-2-1-2009-security-for-industrial-automat">4.2.3.10</reference>
        <reference href="https://www.isa.org/products/isa-62443-2-1-2009-security-for-industrial-automat">4.3.3.3.9</reference>
        <reference href="https://www.isa.org/products/isa-62443-2-1-2009-security-for-industrial-automat">4.3.3.5.8</reference>
        <reference href="https://www.isa.org/products/isa-62443-2-1-2009-security-for-industrial-automat">4.3.3.7.3</reference>
        <reference href="https://www.isa.org/products/isa-62443-2-1-2009-security-for-industrial-automat">4.3.4.4.7</reference>
        <reference href="https://www.isa.org/products/isa-62443-2-1-2009-security-for-industrial-automat">4.3.4.5.6</reference>
        <reference href="https://www.isa.org/products/isa-62443-2-1-2009-security-for-industrial-automat">4.3.4.5.7</reference>
        <reference href="https://www.isa.org/products/isa-62443-2-1-2009-security-for-industrial-automat">4.3.4.5.8</reference>
        <reference href="https://www.isa.org/products/isa-62443-2-1-2009-security-for-industrial-automat">4.4.2.1</reference>
        <reference href="https://www.isa.org/products/isa-62443-2-1-2009-security-for-industrial-automat">4.4.2.2</reference>
        <reference href="https://www.isa.org/products/isa-62443-2-1-2009-security-for-industrial-automat">4.4.2.4</reference>
        <reference href="https://www.isa.org/products/ansi-isa-62443-3-3-99-03-03-2013-security-for-indu">SR 2.1</reference>
        <reference href="https://www.isa.org/products/ansi-isa-62443-3-3-99-03-03-2013-security-for-indu">SR 2.10</reference>
        <reference href="https://www.isa.org/products/ansi-isa-62443-3-3-99-03-03-2013-security-for-indu">SR 2.11</reference>
        <reference href="https://www.isa.org/products/ansi-isa-62443-3-3-99-03-03-2013-security-for-indu">SR 2.12</reference>
        <reference href="https://www.isa.org/products/ansi-isa-62443-3-3-99-03-03-2013-security-for-indu">SR 2.8</reference>
        <reference href="https://www.isa.org/products/ansi-isa-62443-3-3-99-03-03-2013-security-for-indu">SR 2.9</reference>
        <reference href="https://www.isa.org/products/ansi-isa-62443-3-3-99-03-03-2013-security-for-indu">SR 5.2</reference>
        <reference href="https://www.isa.org/products/ansi-isa-62443-3-3-99-03-03-2013-security-for-indu">SR 6.1</reference>
        <reference href="https://www.iso.org/contents/data/standard/05/45/54534.html">A.10.1.1</reference>
        <reference href="https://www.iso.org/contents/data/standard/05/45/54534.html">A.11.1.4</reference>
        <reference href="https://www.iso.org/contents/data/standard/05/45/54534.html">A.11.1.5</reference>
        <reference href="https://www.iso.org/contents/data/standard/05/45/54534.html">A.11.2.1</reference>
        <reference href="https://www.iso.org/contents/data/standard/05/45/54534.html">A.12.4.1</reference>
        <reference href="https://www.iso.org/contents/data/standard/05/45/54534.html">A.12.4.2</reference>
        <reference href="https://www.iso.org/contents/data/standard/05/45/54534.html">A.12.4.3</reference>
        <reference href="https://www.iso.org/contents/data/standard/05/45/54534.html">A.12.4.4</reference>
        <reference href="https://www.iso.org/contents/data/standard/05/45/54534.html">A.12.7.1</reference>
        <reference href="https://www.iso.org/contents/data/standard/05/45/54534.html">A.13.1.1</reference>
        <reference href="https://www.iso.org/contents/data/standard/05/45/54534.html">A.13.1.3</reference>
        <reference href="https://www.iso.org/contents/data/standard/05/45/54534.html">A.13.2.1</reference>
        <reference href="https://www.iso.org/contents/data/standard/05/45/54534.html">A.13.2.3</reference>
        <reference href="https://www.iso.org/contents/data/standard/05/45/54534.html">A.13.2.4</reference>
        <reference href="https://www.iso.org/contents/data/standard/05/45/54534.html">A.14.1.2</reference>
        <reference href="https://www.iso.org/contents/data/standard/05/45/54534.html">A.14.1.3</reference>
        <reference href="https://www.iso.org/contents/data/standard/05/45/54534.html">A.16.1.4</reference>
        <reference href="https://www.iso.org/contents/data/standard/05/45/54534.html">A.16.1.5</reference>
        <reference href="https://www.iso.org/contents/data/standard/05/45/54534.html">A.16.1.7</reference>
        <reference href="https://www.iso.org/contents/data/standard/05/45/54534.html">A.6.1.2</reference>
        <reference href="https://www.iso.org/contents/data/standard/05/45/54534.html">A.7.1.1</reference>
        <reference href="https://www.iso.org/contents/data/standard/05/45/54534.html">A.7.1.2</reference>
        <reference href="https://www.iso.org/contents/data/standard/05/45/54534.html">A.7.3.1</reference>
        <reference href="https://www.iso.org/contents/data/standard/05/45/54534.html">A.8.2.2</reference>
        <reference href="https://www.iso.org/contents/data/standard/05/45/54534.html">A.8.2.3</reference>
        <reference href="https://www.iso.org/contents/data/standard/05/45/54534.html">A.9.1.1</reference>
        <reference href="https://www.iso.org/contents/data/standard/05/45/54534.html">A.9.1.2</reference>
        <reference href="https://www.iso.org/contents/data/standard/05/45/54534.html">A.9.2.3</reference>
        <reference href="https://www.iso.org/contents/data/standard/05/45/54534.html">A.9.4.1</reference>
        <reference href="https://www.iso.org/contents/data/standard/05/45/54534.html">A.9.4.4</reference>
        <reference href="https://www.iso.org/contents/data/standard/05/45/54534.html">A.9.4.5</reference>
        <reference href="https://www.nerc.com/pa/Stand/AlignRep/One%20Stop%20Shop.xlsx">CIP-003-8 R5.1.1</reference>
        <reference href="https://www.nerc.com/pa/Stand/AlignRep/One%20Stop%20Shop.xlsx">CIP-003-8 R5.2</reference>
        <reference href="https://www.nerc.com/pa/Stand/AlignRep/One%20Stop%20Shop.xlsx">CIP-003-8 R5.3</reference>
        <reference href="https://www.nerc.com/pa/Stand/AlignRep/One%20Stop%20Shop.xlsx">CIP-004-6 R2.3</reference>
        <reference href="https://www.nerc.com/pa/Stand/AlignRep/One%20Stop%20Shop.xlsx">CIP-004-6 R3.3</reference>
        <reference href="https://www.nerc.com/pa/Stand/AlignRep/One%20Stop%20Shop.xlsx">CIP-007-3 R2.1</reference>
        <reference href="https://www.nerc.com/pa/Stand/AlignRep/One%20Stop%20Shop.xlsx">CIP-007-3 R2.2</reference>
        <reference href="https://www.nerc.com/pa/Stand/AlignRep/One%20Stop%20Shop.xlsx">CIP-007-3 R2.3</reference>
        <reference href="https://www.nerc.com/pa/Stand/AlignRep/One%20Stop%20Shop.xlsx">CIP-007-3 R5.1</reference>
        <reference href="https://www.nerc.com/pa/Stand/AlignRep/One%20Stop%20Shop.xlsx">CIP-007-3 R5.1.1</reference>
        <reference href="https://www.nerc.com/pa/Stand/AlignRep/One%20Stop%20Shop.xlsx">CIP-007-3 R5.1.2</reference>
        <reference href="https://www.nerc.com/pa/Stand/AlignRep/One%20Stop%20Shop.xlsx">CIP-007-3 R6.5</reference>
        <reference href="http://nvlpubs.nist.gov/nistpubs/SpecialPublications/NIST.SP.800-53r4.pdf">CM-6(a)</reference>
        <reference href="http://nvlpubs.nist.gov/nistpubs/SpecialPublications/NIST.SP.800-53r4.pdf">AC-6(1)</reference>
        <reference href="http://nvlpubs.nist.gov/nistpubs/SpecialPublications/NIST.SP.800-53r4.pdf">AU-9</reference>
        <reference href="https://nvlpubs.nist.gov/nistpubs/CSWP/NIST.CSWP.04162018.pdf">DE.AE-3</reference>
        <reference href="https://nvlpubs.nist.gov/nistpubs/CSWP/NIST.CSWP.04162018.pdf">DE.AE-5</reference>
        <reference href="https://nvlpubs.nist.gov/nistpubs/CSWP/NIST.CSWP.04162018.pdf">PR.AC-4</reference>
        <reference href="https://nvlpubs.nist.gov/nistpubs/CSWP/NIST.CSWP.04162018.pdf">PR.DS-5</reference>
        <reference href="https://nvlpubs.nist.gov/nistpubs/CSWP/NIST.CSWP.04162018.pdf">PR.PT-1</reference>
        <reference href="https://nvlpubs.nist.gov/nistpubs/CSWP/NIST.CSWP.04162018.pdf">RS.AN-1</reference>
        <reference href="https://nvlpubs.nist.gov/nistpubs/CSWP/NIST.CSWP.04162018.pdf">RS.AN-4</reference>
        <reference href="https://public.cyber.mil/stigs/downloads/?_dl_facet_stigs=operating-systems%2Cgeneral-purpose-os">SRG-OS-000057-GPOS-00027</reference>
        <reference href="https://public.cyber.mil/stigs/downloads/?_dl_facet_stigs=operating-systems%2Cgeneral-purpose-os">SRG-OS-000058-GPOS-00028</reference>
        <reference href="https://public.cyber.mil/stigs/downloads/?_dl_facet_stigs=operating-systems%2Cgeneral-purpose-os">SRG-OS-000059-GPOS-00029</reference>
        <reference href="https://www.cisecurity.org/benchmark/ubuntu_linux/">6.2.4.4</reference>
        <rationale xmlns:xhtml="http://www.w3.org/1999/xhtml" xml:lang="en-US">If users can write to audit logs, audit trails can be modified or destroyed.</rationale>
        <fix xmlns:xhtml="http://www.w3.org/1999/xhtml" id="directory_permissions_var_log_audit" system="urn:xccdf:fix:script:sh"># Remediation is applicable only in certain platforms
if dpkg-query --show --showformat='${db:Status-Status}
' 'linux-base' 2&gt;/dev/null | grep -q ^installed &amp;&amp; dpkg-query --show --showformat='${db:Status-Status}\n' 'auditd' 2&gt;/dev/null | grep -q '^installed'; then

if LC_ALL=C grep -iw ^log_file /etc/audit/auditd.conf; then
  DIR=$(awk -F "=" '/^log_file/ {print $2}' /etc/audit/auditd.conf | tr -d ' ' | rev | cut -d"/" -f2- | rev)
else
  DIR="/var/log/audit"
fi


if LC_ALL=C grep -m 1 -q ^log_group /etc/audit/auditd.conf; then
  GROUP=$(awk -F "=" '/log_group/ {print $2}' /etc/audit/auditd.conf | tr -d ' ')
  if ! [ "${GROUP}" == 'root' ] ; then
    chmod 0750 $DIR
  else
    chmod 0700 $DIR
  fi
else
  chmod 0700 $DIR
fi

else
    &gt;&amp;2 echo 'Remediation is not applicable, nothing was done'
fi
</fix>
        <check system="http://oval.mitre.org/XMLSchema/oval-definitions-5">
          <check-content-ref name="oval:ssg-directory_permissions_var_log_audit:def:1" href="ssg-ubuntu2404-oval.xml"/>
        </check>
        <check system="http://scap.nist.gov/schema/ocil/2">
          <check-content-ref name="ocil:ssg-directory_permissions_var_log_audit_ocil:questionnaire:1" href="ssg-ubuntu2404-ocil.xml"/>
        </check>
      </Rule>
      <Rule id="xccdf_org.ssgproject.content_rule_file_group_ownership_var_log_audit" selected="false" role="full" severity="medium">
        <title xmlns:xhtml="http://www.w3.org/1999/xhtml" xml:lang="en-US">System Audit Logs Must Be Group Owned By Root</title>
        <description xmlns:xhtml="http://www.w3.org/1999/xhtml" xml:lang="en-US">All audit logs must be group owned by root user. The path for audit log can
be configured via <html:code xmlns:html="http://www.w3.org/1999/xhtml">log_file</html:code> parameter in <html:pre xmlns:html="http://www.w3.org/1999/xhtml">/etc/audit/auditd.conf</html:pre>
or, by default, the path for audit log is <html:pre xmlns:html="http://www.w3.org/1999/xhtml">/var/log/audit/</html:pre>.

To properly set the group owner of <html:code xmlns:html="http://www.w3.org/1999/xhtml">/var/log/audit/*</html:code>, run the command:
<html:pre xmlns:html="http://www.w3.org/1999/xhtml">$ sudo chgrp root /var/log/audit/*</html:pre>

If <html:code xmlns:html="http://www.w3.org/1999/xhtml">log_group</html:code> in <html:code xmlns:html="http://www.w3.org/1999/xhtml">/etc/audit/auditd.conf</html:code> is set to a group other
than the <html:code xmlns:html="http://www.w3.org/1999/xhtml">root</html:code> group account, change the group ownership of the audit logs
to this specific group.</description>
        <reference href="https://www.cisecurity.org/controls/">1</reference>
        <reference href="https://www.cisecurity.org/controls/">11</reference>
        <reference href="https://www.cisecurity.org/controls/">12</reference>
        <reference href="https://www.cisecurity.org/controls/">13</reference>
        <reference href="https://www.cisecurity.org/controls/">14</reference>
        <reference href="https://www.cisecurity.org/controls/">15</reference>
        <reference href="https://www.cisecurity.org/controls/">16</reference>
        <reference href="https://www.cisecurity.org/controls/">18</reference>
        <reference href="https://www.cisecurity.org/controls/">19</reference>
        <reference href="https://www.cisecurity.org/controls/">3</reference>
        <reference href="https://www.cisecurity.org/controls/">4</reference>
        <reference href="https://www.cisecurity.org/controls/">5</reference>
        <reference href="https://www.cisecurity.org/controls/">6</reference>
        <reference href="https://www.cisecurity.org/controls/">7</reference>
        <reference href="https://www.cisecurity.org/controls/">8</reference>
        <reference href="https://www.fbi.gov/file-repository/cjis-security-policy-v5_5_20160601-2-1.pdf">5.4.1.1</reference>
        <reference href="https://www.isaca.org/resources/cobit">APO01.06</reference>
        <reference href="https://www.isaca.org/resources/cobit">APO11.04</reference>
        <reference href="https://www.isaca.org/resources/cobit">APO12.06</reference>
        <reference href="https://www.isaca.org/resources/cobit">BAI03.05</reference>
        <reference href="https://www.isaca.org/resources/cobit">BAI08.02</reference>
        <reference href="https://www.isaca.org/resources/cobit">DSS02.02</reference>
        <reference href="https://www.isaca.org/resources/cobit">DSS02.04</reference>
        <reference href="https://www.isaca.org/resources/cobit">DSS02.07</reference>
        <reference href="https://www.isaca.org/resources/cobit">DSS03.01</reference>
        <reference href="https://www.isaca.org/resources/cobit">DSS05.04</reference>
        <reference href="https://www.isaca.org/resources/cobit">DSS05.07</reference>
        <reference href="https://www.isaca.org/resources/cobit">DSS06.02</reference>
        <reference href="https://www.isaca.org/resources/cobit">MEA02.01</reference>
        <reference href="http://nvlpubs.nist.gov/nistpubs/SpecialPublications/NIST.SP.800-171.pdf">3.3.1</reference>
        <reference href="https://public.cyber.mil/stigs/cci/">CCI-000162</reference>
        <reference href="https://public.cyber.mil/stigs/cci/">CCI-000163</reference>
        <reference href="https://public.cyber.mil/stigs/cci/">CCI-000164</reference>
        <reference href="https://public.cyber.mil/stigs/cci/">CCI-001314</reference>
        <reference href="https://www.isa.org/products/isa-62443-2-1-2009-security-for-industrial-automat">4.2.3.10</reference>
        <reference href="https://www.isa.org/products/isa-62443-2-1-2009-security-for-industrial-automat">4.3.3.3.9</reference>
        <reference href="https://www.isa.org/products/isa-62443-2-1-2009-security-for-industrial-automat">4.3.3.5.8</reference>
        <reference href="https://www.isa.org/products/isa-62443-2-1-2009-security-for-industrial-automat">4.3.3.7.3</reference>
        <reference href="https://www.isa.org/products/isa-62443-2-1-2009-security-for-industrial-automat">4.3.4.4.7</reference>
        <reference href="https://www.isa.org/products/isa-62443-2-1-2009-security-for-industrial-automat">4.3.4.5.6</reference>
        <reference href="https://www.isa.org/products/isa-62443-2-1-2009-security-for-industrial-automat">4.3.4.5.7</reference>
        <reference href="https://www.isa.org/products/isa-62443-2-1-2009-security-for-industrial-automat">4.3.4.5.8</reference>
        <reference href="https://www.isa.org/products/isa-62443-2-1-2009-security-for-industrial-automat">4.4.2.1</reference>
        <reference href="https://www.isa.org/products/isa-62443-2-1-2009-security-for-industrial-automat">4.4.2.2</reference>
        <reference href="https://www.isa.org/products/isa-62443-2-1-2009-security-for-industrial-automat">4.4.2.4</reference>
        <reference href="https://www.isa.org/products/ansi-isa-62443-3-3-99-03-03-2013-security-for-indu">SR 2.1</reference>
        <reference href="https://www.isa.org/products/ansi-isa-62443-3-3-99-03-03-2013-security-for-indu">SR 2.10</reference>
        <reference href="https://www.isa.org/products/ansi-isa-62443-3-3-99-03-03-2013-security-for-indu">SR 2.11</reference>
        <reference href="https://www.isa.org/products/ansi-isa-62443-3-3-99-03-03-2013-security-for-indu">SR 2.12</reference>
        <reference href="https://www.isa.org/products/ansi-isa-62443-3-3-99-03-03-2013-security-for-indu">SR 2.8</reference>
        <reference href="https://www.isa.org/products/ansi-isa-62443-3-3-99-03-03-2013-security-for-indu">SR 2.9</reference>
        <reference href="https://www.isa.org/products/ansi-isa-62443-3-3-99-03-03-2013-security-for-indu">SR 5.2</reference>
        <reference href="https://www.isa.org/products/ansi-isa-62443-3-3-99-03-03-2013-security-for-indu">SR 6.1</reference>
        <reference href="https://www.iso.org/contents/data/standard/05/45/54534.html">A.10.1.1</reference>
        <reference href="https://www.iso.org/contents/data/standard/05/45/54534.html">A.11.1.4</reference>
        <reference href="https://www.iso.org/contents/data/standard/05/45/54534.html">A.11.1.5</reference>
        <reference href="https://www.iso.org/contents/data/standard/05/45/54534.html">A.11.2.1</reference>
        <reference href="https://www.iso.org/contents/data/standard/05/45/54534.html">A.12.4.1</reference>
        <reference href="https://www.iso.org/contents/data/standard/05/45/54534.html">A.12.4.2</reference>
        <reference href="https://www.iso.org/contents/data/standard/05/45/54534.html">A.12.4.3</reference>
        <reference href="https://www.iso.org/contents/data/standard/05/45/54534.html">A.12.4.4</reference>
        <reference href="https://www.iso.org/contents/data/standard/05/45/54534.html">A.12.7.1</reference>
        <reference href="https://www.iso.org/contents/data/standard/05/45/54534.html">A.13.1.1</reference>
        <reference href="https://www.iso.org/contents/data/standard/05/45/54534.html">A.13.1.3</reference>
        <reference href="https://www.iso.org/contents/data/standard/05/45/54534.html">A.13.2.1</reference>
        <reference href="https://www.iso.org/contents/data/standard/05/45/54534.html">A.13.2.3</reference>
        <reference href="https://www.iso.org/contents/data/standard/05/45/54534.html">A.13.2.4</reference>
        <reference href="https://www.iso.org/contents/data/standard/05/45/54534.html">A.14.1.2</reference>
        <reference href="https://www.iso.org/contents/data/standard/05/45/54534.html">A.14.1.3</reference>
        <reference href="https://www.iso.org/contents/data/standard/05/45/54534.html">A.16.1.4</reference>
        <reference href="https://www.iso.org/contents/data/standard/05/45/54534.html">A.16.1.5</reference>
        <reference href="https://www.iso.org/contents/data/standard/05/45/54534.html">A.16.1.7</reference>
        <reference href="https://www.iso.org/contents/data/standard/05/45/54534.html">A.6.1.2</reference>
        <reference href="https://www.iso.org/contents/data/standard/05/45/54534.html">A.7.1.1</reference>
        <reference href="https://www.iso.org/contents/data/standard/05/45/54534.html">A.7.1.2</reference>
        <reference href="https://www.iso.org/contents/data/standard/05/45/54534.html">A.7.3.1</reference>
        <reference href="https://www.iso.org/contents/data/standard/05/45/54534.html">A.8.2.2</reference>
        <reference href="https://www.iso.org/contents/data/standard/05/45/54534.html">A.8.2.3</reference>
        <reference href="https://www.iso.org/contents/data/standard/05/45/54534.html">A.9.1.1</reference>
        <reference href="https://www.iso.org/contents/data/standard/05/45/54534.html">A.9.1.2</reference>
        <reference href="https://www.iso.org/contents/data/standard/05/45/54534.html">A.9.2.3</reference>
        <reference href="https://www.iso.org/contents/data/standard/05/45/54534.html">A.9.4.1</reference>
        <reference href="https://www.iso.org/contents/data/standard/05/45/54534.html">A.9.4.4</reference>
        <reference href="https://www.iso.org/contents/data/standard/05/45/54534.html">A.9.4.5</reference>
        <reference href="http://nvlpubs.nist.gov/nistpubs/SpecialPublications/NIST.SP.800-53r4.pdf">CM-6(a)</reference>
        <reference href="http://nvlpubs.nist.gov/nistpubs/SpecialPublications/NIST.SP.800-53r4.pdf">AC-6(1)</reference>
        <reference href="http://nvlpubs.nist.gov/nistpubs/SpecialPublications/NIST.SP.800-53r4.pdf">AU-9(4)</reference>
        <reference href="https://nvlpubs.nist.gov/nistpubs/CSWP/NIST.CSWP.04162018.pdf">DE.AE-3</reference>
        <reference href="https://nvlpubs.nist.gov/nistpubs/CSWP/NIST.CSWP.04162018.pdf">DE.AE-5</reference>
        <reference href="https://nvlpubs.nist.gov/nistpubs/CSWP/NIST.CSWP.04162018.pdf">PR.AC-4</reference>
        <reference href="https://nvlpubs.nist.gov/nistpubs/CSWP/NIST.CSWP.04162018.pdf">PR.DS-5</reference>
        <reference href="https://nvlpubs.nist.gov/nistpubs/CSWP/NIST.CSWP.04162018.pdf">PR.PT-1</reference>
        <reference href="https://nvlpubs.nist.gov/nistpubs/CSWP/NIST.CSWP.04162018.pdf">RS.AN-1</reference>
        <reference href="https://nvlpubs.nist.gov/nistpubs/CSWP/NIST.CSWP.04162018.pdf">RS.AN-4</reference>
        <reference href="https://www.pcisecuritystandards.org/documents/PCI_DSS_v3-2-1.pdf">Req-10.5.1</reference>
        <reference href="https://public.cyber.mil/stigs/downloads/?_dl_facet_stigs=operating-systems%2Cgeneral-purpose-os">SRG-OS-000057-GPOS-00027</reference>
        <reference href="https://public.cyber.mil/stigs/downloads/?_dl_facet_stigs=operating-systems%2Cgeneral-purpose-os">SRG-OS-000058-GPOS-00028</reference>
        <reference href="https://public.cyber.mil/stigs/downloads/?_dl_facet_stigs=operating-systems%2Cgeneral-purpose-os">SRG-OS-000059-GPOS-00029</reference>
        <reference href="https://public.cyber.mil/stigs/downloads/?_dl_facet_stigs=operating-systems%2Cgeneral-purpose-os">SRG-OS-000206-GPOS-00084</reference>
        <reference href="https://www.cisecurity.org/benchmark/ubuntu_linux/">6.2.4.3</reference>
        <reference href="https://docs-prv.pcisecuritystandards.org/PCI%20DSS/Standard/PCI-DSS-v4_0.pdf">10.3.2</reference>
        <reference href="https://docs-prv.pcisecuritystandards.org/PCI%20DSS/Standard/PCI-DSS-v4_0.pdf">10.3</reference>
        <rationale xmlns:xhtml="http://www.w3.org/1999/xhtml" xml:lang="en-US">Unauthorized disclosure of audit records can reveal system and configuration data to
attackers, thus compromising its confidentiality.</rationale>
        <fix xmlns:xhtml="http://www.w3.org/1999/xhtml" id="file_group_ownership_var_log_audit" system="urn:xccdf:fix:script:ansible" complexity="low" disruption="low" strategy="restrict">- name: Gather the package facts
  package_facts:
    manager: auto
  tags:
  - CJIS-5.4.1.1
  - NIST-800-171-3.3.1
  - NIST-800-53-AC-6(1)
  - NIST-800-53-AU-9(4)
  - NIST-800-53-CM-6(a)
  - PCI-DSS-Req-10.5.1
  - PCI-DSSv4-10.3
  - PCI-DSSv4-10.3.2
  - file_group_ownership_var_log_audit
  - low_complexity
  - low_disruption
  - medium_severity
  - no_reboot_needed
  - restrict_strategy

- name: System Audit Logs Must Be Group Owned By Root - Get Audit Log Files
  ansible.builtin.command: grep -iw ^log_file /etc/audit/auditd.conf
  failed_when: false
  register: log_file_exists
  when:
  - '"auditd" in ansible_facts.packages'
  - '"linux-base" in ansible_facts.packages'
  tags:
  - CJIS-5.4.1.1
  - NIST-800-171-3.3.1
  - NIST-800-53-AC-6(1)
  - NIST-800-53-AU-9(4)
  - NIST-800-53-CM-6(a)
  - PCI-DSS-Req-10.5.1
  - PCI-DSSv4-10.3
  - PCI-DSSv4-10.3.2
  - file_group_ownership_var_log_audit
  - low_complexity
  - low_disruption
  - medium_severity
  - no_reboot_needed
  - restrict_strategy

- name: System Audit Logs Must Be Group Owned By Root - Set Log File Facts
  ansible.builtin.set_fact:
    log_file_line: '{{ log_file_exists.stdout | split('' '') | last }}'
  when:
  - '"auditd" in ansible_facts.packages'
  - '"linux-base" in ansible_facts.packages'
  tags:
  - CJIS-5.4.1.1
  - NIST-800-171-3.3.1
  - NIST-800-53-AC-6(1)
  - NIST-800-53-AU-9(4)
  - NIST-800-53-CM-6(a)
  - PCI-DSS-Req-10.5.1
  - PCI-DSSv4-10.3
  - PCI-DSSv4-10.3.2
  - file_group_ownership_var_log_audit
  - low_complexity
  - low_disruption
  - medium_severity
  - no_reboot_needed
  - restrict_strategy

- name: System Audit Logs Must Be Group Owned By Root - Set Default log_file if Not
    Set
  ansible.builtin.set_fact:
    log_file: /var/log/audit/audit.log
  when:
  - '"auditd" in ansible_facts.packages'
  - '"linux-base" in ansible_facts.packages'
  - (log_file_exists is undefined) or (log_file_exists.stdout | length == 0)
  tags:
  - CJIS-5.4.1.1
  - NIST-800-171-3.3.1
  - NIST-800-53-AC-6(1)
  - NIST-800-53-AU-9(4)
  - NIST-800-53-CM-6(a)
  - PCI-DSS-Req-10.5.1
  - PCI-DSSv4-10.3
  - PCI-DSSv4-10.3.2
  - file_group_ownership_var_log_audit
  - low_complexity
  - low_disruption
  - medium_severity
  - no_reboot_needed
  - restrict_strategy

- name: System Audit Logs Must Be Group Owned By Root - Set log_file From log_file_line
    if Not Set Already
  ansible.builtin.set_fact:
    log_file: '{{ log_file_line }}'
  when:
  - '"auditd" in ansible_facts.packages'
  - '"linux-base" in ansible_facts.packages'
  - (log_file_line is defined) and (log_file_line | length &gt; 0)
  tags:
  - CJIS-5.4.1.1
  - NIST-800-171-3.3.1
  - NIST-800-53-AC-6(1)
  - NIST-800-53-AU-9(4)
  - NIST-800-53-CM-6(a)
  - PCI-DSS-Req-10.5.1
  - PCI-DSSv4-10.3
  - PCI-DSSv4-10.3.2
  - file_group_ownership_var_log_audit
  - low_complexity
  - low_disruption
  - medium_severity
  - no_reboot_needed
  - restrict_strategy

- name: System Audit Logs Must Be Group Owned By Root - List All Log File Backups
  ansible.builtin.find:
    path: '{{ log_file | dirname }}'
    patterns: '{{ log_file | basename }}.*'
  register: backup_files
  when:
  - '"auditd" in ansible_facts.packages'
  - '"linux-base" in ansible_facts.packages'
  tags:
  - CJIS-5.4.1.1
  - NIST-800-171-3.3.1
  - NIST-800-53-AC-6(1)
  - NIST-800-53-AU-9(4)
  - NIST-800-53-CM-6(a)
  - PCI-DSS-Req-10.5.1
  - PCI-DSSv4-10.3
  - PCI-DSSv4-10.3.2
  - file_group_ownership_var_log_audit
  - low_complexity
  - low_disruption
  - medium_severity
  - no_reboot_needed
  - restrict_strategy

- name: System Audit Logs Must Be Group Owned By Root - Apply Mode to All Backup Log
    Files
  ansible.builtin.file:
    path: '{{ item }}'
    group: root
  failed_when: false
  loop: '{{ backup_files.files| map(attribute=''path'') | list }}'
  when:
  - '"auditd" in ansible_facts.packages'
  - '"linux-base" in ansible_facts.packages'
  tags:
  - CJIS-5.4.1.1
  - NIST-800-171-3.3.1
  - NIST-800-53-AC-6(1)
  - NIST-800-53-AU-9(4)
  - NIST-800-53-CM-6(a)
  - PCI-DSS-Req-10.5.1
  - PCI-DSSv4-10.3
  - PCI-DSSv4-10.3.2
  - file_group_ownership_var_log_audit
  - low_complexity
  - low_disruption
  - medium_severity
  - no_reboot_needed
  - restrict_strategy

- name: System Audit Logs Must Be Group Owned By Root - Apply Mode to Log File
  ansible.builtin.file:
    path: '{{ log_file }}'
    group: root
  failed_when: false
  when:
  - '"auditd" in ansible_facts.packages'
  - '"linux-base" in ansible_facts.packages'
  tags:
  - CJIS-5.4.1.1
  - NIST-800-171-3.3.1
  - NIST-800-53-AC-6(1)
  - NIST-800-53-AU-9(4)
  - NIST-800-53-CM-6(a)
  - PCI-DSS-Req-10.5.1
  - PCI-DSSv4-10.3
  - PCI-DSSv4-10.3.2
  - file_group_ownership_var_log_audit
  - low_complexity
  - low_disruption
  - medium_severity
  - no_reboot_needed
  - restrict_strategy
</fix>
        <fix xmlns:xhtml="http://www.w3.org/1999/xhtml" id="file_group_ownership_var_log_audit" system="urn:xccdf:fix:script:sh"># Remediation is applicable only in certain platforms
if dpkg-query --show --showformat='${db:Status-Status}
' 'linux-base' 2&gt;/dev/null | grep -q ^installed &amp;&amp; dpkg-query --show --showformat='${db:Status-Status}\n' 'auditd' 2&gt;/dev/null | grep -q '^installed'; then

if LC_ALL=C grep -iw log_file /etc/audit/auditd.conf; then
  FILE=$(awk -F "=" '/^log_file/ {print $2}' /etc/audit/auditd.conf | tr -d ' ')
else
  FILE="/var/log/audit/audit.log"
fi


if LC_ALL=C grep -m 1 -q ^log_group /etc/audit/auditd.conf; then
  GROUP=$(awk -F "=" '/log_group/ {print $2}' /etc/audit/auditd.conf | tr -d ' ')
    if ! [ "${GROUP}" == 'root' ]; then
      chgrp ${GROUP} $FILE*
    else
      chgrp root $FILE*
    fi
else
  chgrp root $FILE*
fi

else
    &gt;&amp;2 echo 'Remediation is not applicable, nothing was done'
fi
</fix>
        <check system="http://oval.mitre.org/XMLSchema/oval-definitions-5">
          <check-content-ref name="oval:ssg-file_group_ownership_var_log_audit:def:1" href="ssg-ubuntu2404-oval.xml"/>
        </check>
        <check system="http://scap.nist.gov/schema/ocil/2">
          <check-content-ref name="ocil:ssg-file_group_ownership_var_log_audit_ocil:questionnaire:1" href="ssg-ubuntu2404-ocil.xml"/>
        </check>
      </Rule>
      <Rule id="xccdf_org.ssgproject.content_rule_file_groupownership_audit_configuration" selected="false" role="full" severity="medium">
        <title xmlns:xhtml="http://www.w3.org/1999/xhtml" xml:lang="en-US">Audit Configuration Files Must Be Owned By Group root</title>
        <description xmlns:xhtml="http://www.w3.org/1999/xhtml" xml:lang="en-US">All audit configuration files must be owned by group root.
<html:pre xmlns:html="http://www.w3.org/1999/xhtml">chown :root /etc/audit/audit*.{rules,conf} /etc/audit/rules.d/*</html:pre>
      </description>
        <reference href="https://public.cyber.mil/stigs/cci/">CCI-000171</reference>
        <reference href="https://public.cyber.mil/stigs/downloads/?_dl_facet_stigs=operating-systems%2Cgeneral-purpose-os">SRG-OS-000063-GPOS-00032</reference>
        <reference href="https://www.cisecurity.org/benchmark/ubuntu_linux/">6.2.4.7</reference>
        <rationale xmlns:xhtml="http://www.w3.org/1999/xhtml" xml:lang="en-US">Without the capability to restrict which roles and individuals can
select which events are audited, unauthorized personnel may be able
to prevent the auditing of critical events.
Misconfigured audits may degrade the system's performance by
overwhelming the audit log. Misconfigured audits may also make it more
difficult to establish, correlate, and investigate the events relating
to an incident or identify those responsible for one.</rationale>
        <fix xmlns:xhtml="http://www.w3.org/1999/xhtml" id="file_groupownership_audit_configuration" system="urn:xccdf:fix:script:ansible" complexity="low" disruption="low" strategy="configure">- name: Gather the package facts
  package_facts:
    manager: auto
  tags:
  - configure_strategy
  - file_groupownership_audit_configuration
  - low_complexity
  - low_disruption
  - medium_severity
  - no_reboot_needed

- name: Find /etc/audit/ file(s) matching ^.*audit(\.rules|d\.conf)$
  command: find -H /etc/audit/ -maxdepth 1 -type f ! -group 0 -regextype posix-extended
    -regex "^.*audit(\.rules|d\.conf)$"
  register: files_found
  changed_when: false
  failed_when: false
  check_mode: false
  when:
  - '"auditd" in ansible_facts.packages'
  - '"linux-base" in ansible_facts.packages'
  tags:
  - configure_strategy
  - file_groupownership_audit_configuration
  - low_complexity
  - low_disruption
  - medium_severity
  - no_reboot_needed

- name: Ensure group owner on /etc/audit/ file(s) matching ^.*audit(\.rules|d\.conf)$
  file:
    path: '{{ item }}'
    group: '0'
    state: file
  with_items:
  - '{{ files_found.stdout_lines }}'
  when:
  - '"auditd" in ansible_facts.packages'
  - '"linux-base" in ansible_facts.packages'
  tags:
  - configure_strategy
  - file_groupownership_audit_configuration
  - low_complexity
  - low_disruption
  - medium_severity
  - no_reboot_needed

- name: Find /etc/audit/rules.d/ file(s) matching ^.*\.rules$
  command: find -H /etc/audit/rules.d/ -maxdepth 1 -type f ! -group 0 -regextype posix-extended
    -regex "^.*\.rules$"
  register: files_found
  changed_when: false
  failed_when: false
  check_mode: false
  when:
  - '"auditd" in ansible_facts.packages'
  - '"linux-base" in ansible_facts.packages'
  tags:
  - configure_strategy
  - file_groupownership_audit_configuration
  - low_complexity
  - low_disruption
  - medium_severity
  - no_reboot_needed

- name: Ensure group owner on /etc/audit/rules.d/ file(s) matching ^.*\.rules$
  file:
    path: '{{ item }}'
    group: '0'
    state: file
  with_items:
  - '{{ files_found.stdout_lines }}'
  when:
  - '"auditd" in ansible_facts.packages'
  - '"linux-base" in ansible_facts.packages'
  tags:
  - configure_strategy
  - file_groupownership_audit_configuration
  - low_complexity
  - low_disruption
  - medium_severity
  - no_reboot_needed
</fix>
        <fix xmlns:xhtml="http://www.w3.org/1999/xhtml" id="file_groupownership_audit_configuration" system="urn:xccdf:fix:script:sh" complexity="low" disruption="low" strategy="configure"># Remediation is applicable only in certain platforms
if dpkg-query --show --showformat='${db:Status-Status}
' 'linux-base' 2&gt;/dev/null | grep -q ^installed &amp;&amp; dpkg-query --show --showformat='${db:Status-Status}\n' 'auditd' 2&gt;/dev/null | grep -q '^installed'; then

find -L /etc/audit/ -maxdepth 1 -type f ! -group 0 -regextype posix-extended -regex '^.*audit(\.rules|d\.conf)$' -exec chgrp -L 0 {} \;

find -L /etc/audit/rules.d/ -maxdepth 1 -type f ! -group 0 -regextype posix-extended -regex '^.*\.rules$' -exec chgrp -L 0 {} \;

else
    &gt;&amp;2 echo 'Remediation is not applicable, nothing was done'
fi
</fix>
        <check system="http://oval.mitre.org/XMLSchema/oval-definitions-5">
          <check-content-ref name="oval:ssg-file_groupownership_audit_configuration:def:1" href="ssg-ubuntu2404-oval.xml"/>
        </check>
        <check system="http://scap.nist.gov/schema/ocil/2">
          <check-content-ref name="ocil:ssg-file_groupownership_audit_configuration_ocil:questionnaire:1" href="ssg-ubuntu2404-ocil.xml"/>
        </check>
      </Rule>
      <Rule id="xccdf_org.ssgproject.content_rule_file_ownership_audit_configuration" selected="false" role="full" severity="medium">
        <title xmlns:xhtml="http://www.w3.org/1999/xhtml" xml:lang="en-US">Audit Configuration Files Must Be Owned By Root</title>
        <description xmlns:xhtml="http://www.w3.org/1999/xhtml" xml:lang="en-US">All audit configuration files must be owned by root user.

To properly set the owner of <html:code xmlns:html="http://www.w3.org/1999/xhtml">/etc/audit/</html:code>, run the command:
<html:pre xmlns:html="http://www.w3.org/1999/xhtml">$ sudo chown root /etc/audit/ </html:pre>

To properly set the owner of <html:code xmlns:html="http://www.w3.org/1999/xhtml">/etc/audit/rules.d/</html:code>, run the command:
<html:pre xmlns:html="http://www.w3.org/1999/xhtml">$ sudo chown root /etc/audit/rules.d/ </html:pre>
      </description>
        <reference href="https://public.cyber.mil/stigs/cci/">CCI-000171</reference>
        <reference href="https://public.cyber.mil/stigs/downloads/?_dl_facet_stigs=operating-systems%2Cgeneral-purpose-os">SRG-OS-000063-GPOS-00032</reference>
        <reference href="https://www.cisecurity.org/benchmark/ubuntu_linux/">6.2.4.6</reference>
        <rationale xmlns:xhtml="http://www.w3.org/1999/xhtml" xml:lang="en-US">Without the capability to restrict which roles and individuals can
select which events are audited, unauthorized personnel may be able
to prevent the auditing of critical events.
Misconfigured audits may degrade the system's performance by
overwhelming the audit log. Misconfigured audits may also make it more
difficult to establish, correlate, and investigate the events relating
to an incident or identify those responsible for one.</rationale>
        <fix xmlns:xhtml="http://www.w3.org/1999/xhtml" id="file_ownership_audit_configuration" system="urn:xccdf:fix:script:ansible" complexity="low" disruption="low" strategy="configure">- name: Gather the package facts
  package_facts:
    manager: auto
  tags:
  - configure_strategy
  - file_ownership_audit_configuration
  - low_complexity
  - low_disruption
  - medium_severity
  - no_reboot_needed

- name: Find /etc/audit/ file(s) matching ^.*audit(\.rules|d\.conf)$
  command: find -H /etc/audit/ -maxdepth 1 -type f ! -uid 0 -regextype posix-extended
    -regex "^.*audit(\.rules|d\.conf)$"
  register: files_found
  changed_when: false
  failed_when: false
  check_mode: false
  when:
  - '"auditd" in ansible_facts.packages'
  - '"linux-base" in ansible_facts.packages'
  tags:
  - configure_strategy
  - file_ownership_audit_configuration
  - low_complexity
  - low_disruption
  - medium_severity
  - no_reboot_needed

- name: Ensure owner on /etc/audit/ file(s) matching ^.*audit(\.rules|d\.conf)$
  file:
    path: '{{ item }}'
    owner: '0'
    state: file
  with_items:
  - '{{ files_found.stdout_lines }}'
  when:
  - '"auditd" in ansible_facts.packages'
  - '"linux-base" in ansible_facts.packages'
  tags:
  - configure_strategy
  - file_ownership_audit_configuration
  - low_complexity
  - low_disruption
  - medium_severity
  - no_reboot_needed

- name: Find /etc/audit/rules.d/ file(s) matching ^.*\.rules$
  command: find -H /etc/audit/rules.d/ -maxdepth 1 -type f ! -uid 0 -regextype posix-extended
    -regex "^.*\.rules$"
  register: files_found
  changed_when: false
  failed_when: false
  check_mode: false
  when:
  - '"auditd" in ansible_facts.packages'
  - '"linux-base" in ansible_facts.packages'
  tags:
  - configure_strategy
  - file_ownership_audit_configuration
  - low_complexity
  - low_disruption
  - medium_severity
  - no_reboot_needed

- name: Ensure owner on /etc/audit/rules.d/ file(s) matching ^.*\.rules$
  file:
    path: '{{ item }}'
    owner: '0'
    state: file
  with_items:
  - '{{ files_found.stdout_lines }}'
  when:
  - '"auditd" in ansible_facts.packages'
  - '"linux-base" in ansible_facts.packages'
  tags:
  - configure_strategy
  - file_ownership_audit_configuration
  - low_complexity
  - low_disruption
  - medium_severity
  - no_reboot_needed
</fix>
        <fix xmlns:xhtml="http://www.w3.org/1999/xhtml" id="file_ownership_audit_configuration" system="urn:xccdf:fix:script:sh" complexity="low" disruption="low" strategy="configure"># Remediation is applicable only in certain platforms
if dpkg-query --show --showformat='${db:Status-Status}
' 'linux-base' 2&gt;/dev/null | grep -q ^installed &amp;&amp; dpkg-query --show --showformat='${db:Status-Status}\n' 'auditd' 2&gt;/dev/null | grep -q '^installed'; then

find -L /etc/audit/ -maxdepth 1 -type f ! -uid 0 -regextype posix-extended -regex '^.*audit(\.rules|d\.conf)$' -exec chown -L 0 {} \;

find -L /etc/audit/rules.d/ -maxdepth 1 -type f ! -uid 0 -regextype posix-extended -regex '^.*\.rules$' -exec chown -L 0 {} \;

else
    &gt;&amp;2 echo 'Remediation is not applicable, nothing was done'
fi
</fix>
        <check system="http://oval.mitre.org/XMLSchema/oval-definitions-5">
          <check-content-ref name="oval:ssg-file_ownership_audit_configuration:def:1" href="ssg-ubuntu2404-oval.xml"/>
        </check>
        <check system="http://scap.nist.gov/schema/ocil/2">
          <check-content-ref name="ocil:ssg-file_ownership_audit_configuration_ocil:questionnaire:1" href="ssg-ubuntu2404-ocil.xml"/>
        </check>
      </Rule>
      <Rule id="xccdf_org.ssgproject.content_rule_file_ownership_var_log_audit_stig" selected="false" role="full" severity="medium">
        <title xmlns:xhtml="http://www.w3.org/1999/xhtml" xml:lang="en-US">System Audit Logs Must Be Owned By Root</title>
        <description xmlns:xhtml="http://www.w3.org/1999/xhtml" xml:lang="en-US">All audit logs must be owned by root user. The path for audit log can be
configured via <html:code xmlns:html="http://www.w3.org/1999/xhtml">log_file</html:code> parameter in <html:pre xmlns:html="http://www.w3.org/1999/xhtml">/etc/audit/auditd.conf</html:pre>
or by default, the path for audit log is <html:pre xmlns:html="http://www.w3.org/1999/xhtml">/var/log/audit/</html:pre>.

To properly set the owner of <html:code xmlns:html="http://www.w3.org/1999/xhtml">/var/log/audit/*</html:code>, run the command:
<html:pre xmlns:html="http://www.w3.org/1999/xhtml">$ sudo chown root /var/log/audit/* </html:pre>
      </description>
        <reference href="https://www.cisecurity.org/controls/">1</reference>
        <reference href="https://www.cisecurity.org/controls/">11</reference>
        <reference href="https://www.cisecurity.org/controls/">12</reference>
        <reference href="https://www.cisecurity.org/controls/">13</reference>
        <reference href="https://www.cisecurity.org/controls/">14</reference>
        <reference href="https://www.cisecurity.org/controls/">15</reference>
        <reference href="https://www.cisecurity.org/controls/">16</reference>
        <reference href="https://www.cisecurity.org/controls/">18</reference>
        <reference href="https://www.cisecurity.org/controls/">19</reference>
        <reference href="https://www.cisecurity.org/controls/">3</reference>
        <reference href="https://www.cisecurity.org/controls/">4</reference>
        <reference href="https://www.cisecurity.org/controls/">5</reference>
        <reference href="https://www.cisecurity.org/controls/">6</reference>
        <reference href="https://www.cisecurity.org/controls/">7</reference>
        <reference href="https://www.cisecurity.org/controls/">8</reference>
        <reference href="https://www.fbi.gov/file-repository/cjis-security-policy-v5_5_20160601-2-1.pdf">5.4.1.1</reference>
        <reference href="https://www.isaca.org/resources/cobit">APO01.06</reference>
        <reference href="https://www.isaca.org/resources/cobit">APO11.04</reference>
        <reference href="https://www.isaca.org/resources/cobit">APO12.06</reference>
        <reference href="https://www.isaca.org/resources/cobit">BAI03.05</reference>
        <reference href="https://www.isaca.org/resources/cobit">BAI08.02</reference>
        <reference href="https://www.isaca.org/resources/cobit">DSS02.02</reference>
        <reference href="https://www.isaca.org/resources/cobit">DSS02.04</reference>
        <reference href="https://www.isaca.org/resources/cobit">DSS02.07</reference>
        <reference href="https://www.isaca.org/resources/cobit">DSS03.01</reference>
        <reference href="https://www.isaca.org/resources/cobit">DSS05.04</reference>
        <reference href="https://www.isaca.org/resources/cobit">DSS05.07</reference>
        <reference href="https://www.isaca.org/resources/cobit">DSS06.02</reference>
        <reference href="https://www.isaca.org/resources/cobit">MEA02.01</reference>
        <reference href="http://nvlpubs.nist.gov/nistpubs/SpecialPublications/NIST.SP.800-171.pdf">3.3.1</reference>
        <reference href="https://public.cyber.mil/stigs/cci/">CCI-000162</reference>
        <reference href="https://public.cyber.mil/stigs/cci/">CCI-000163</reference>
        <reference href="https://public.cyber.mil/stigs/cci/">CCI-000164</reference>
        <reference href="https://public.cyber.mil/stigs/cci/">CCI-001314</reference>
        <reference href="https://www.isa.org/products/isa-62443-2-1-2009-security-for-industrial-automat">4.2.3.10</reference>
        <reference href="https://www.isa.org/products/isa-62443-2-1-2009-security-for-industrial-automat">4.3.3.3.9</reference>
        <reference href="https://www.isa.org/products/isa-62443-2-1-2009-security-for-industrial-automat">4.3.3.5.8</reference>
        <reference href="https://www.isa.org/products/isa-62443-2-1-2009-security-for-industrial-automat">4.3.3.7.3</reference>
        <reference href="https://www.isa.org/products/isa-62443-2-1-2009-security-for-industrial-automat">4.3.4.4.7</reference>
        <reference href="https://www.isa.org/products/isa-62443-2-1-2009-security-for-industrial-automat">4.3.4.5.6</reference>
        <reference href="https://www.isa.org/products/isa-62443-2-1-2009-security-for-industrial-automat">4.3.4.5.7</reference>
        <reference href="https://www.isa.org/products/isa-62443-2-1-2009-security-for-industrial-automat">4.3.4.5.8</reference>
        <reference href="https://www.isa.org/products/isa-62443-2-1-2009-security-for-industrial-automat">4.4.2.1</reference>
        <reference href="https://www.isa.org/products/isa-62443-2-1-2009-security-for-industrial-automat">4.4.2.2</reference>
        <reference href="https://www.isa.org/products/isa-62443-2-1-2009-security-for-industrial-automat">4.4.2.4</reference>
        <reference href="https://www.isa.org/products/ansi-isa-62443-3-3-99-03-03-2013-security-for-indu">SR 2.1</reference>
        <reference href="https://www.isa.org/products/ansi-isa-62443-3-3-99-03-03-2013-security-for-indu">SR 2.10</reference>
        <reference href="https://www.isa.org/products/ansi-isa-62443-3-3-99-03-03-2013-security-for-indu">SR 2.11</reference>
        <reference href="https://www.isa.org/products/ansi-isa-62443-3-3-99-03-03-2013-security-for-indu">SR 2.12</reference>
        <reference href="https://www.isa.org/products/ansi-isa-62443-3-3-99-03-03-2013-security-for-indu">SR 2.8</reference>
        <reference href="https://www.isa.org/products/ansi-isa-62443-3-3-99-03-03-2013-security-for-indu">SR 2.9</reference>
        <reference href="https://www.isa.org/products/ansi-isa-62443-3-3-99-03-03-2013-security-for-indu">SR 5.2</reference>
        <reference href="https://www.isa.org/products/ansi-isa-62443-3-3-99-03-03-2013-security-for-indu">SR 6.1</reference>
        <reference href="https://www.iso.org/contents/data/standard/05/45/54534.html">A.10.1.1</reference>
        <reference href="https://www.iso.org/contents/data/standard/05/45/54534.html">A.11.1.4</reference>
        <reference href="https://www.iso.org/contents/data/standard/05/45/54534.html">A.11.1.5</reference>
        <reference href="https://www.iso.org/contents/data/standard/05/45/54534.html">A.11.2.1</reference>
        <reference href="https://www.iso.org/contents/data/standard/05/45/54534.html">A.12.4.1</reference>
        <reference href="https://www.iso.org/contents/data/standard/05/45/54534.html">A.12.4.2</reference>
        <reference href="https://www.iso.org/contents/data/standard/05/45/54534.html">A.12.4.3</reference>
        <reference href="https://www.iso.org/contents/data/standard/05/45/54534.html">A.12.4.4</reference>
        <reference href="https://www.iso.org/contents/data/standard/05/45/54534.html">A.12.7.1</reference>
        <reference href="https://www.iso.org/contents/data/standard/05/45/54534.html">A.13.1.1</reference>
        <reference href="https://www.iso.org/contents/data/standard/05/45/54534.html">A.13.1.3</reference>
        <reference href="https://www.iso.org/contents/data/standard/05/45/54534.html">A.13.2.1</reference>
        <reference href="https://www.iso.org/contents/data/standard/05/45/54534.html">A.13.2.3</reference>
        <reference href="https://www.iso.org/contents/data/standard/05/45/54534.html">A.13.2.4</reference>
        <reference href="https://www.iso.org/contents/data/standard/05/45/54534.html">A.14.1.2</reference>
        <reference href="https://www.iso.org/contents/data/standard/05/45/54534.html">A.14.1.3</reference>
        <reference href="https://www.iso.org/contents/data/standard/05/45/54534.html">A.16.1.4</reference>
        <reference href="https://www.iso.org/contents/data/standard/05/45/54534.html">A.16.1.5</reference>
        <reference href="https://www.iso.org/contents/data/standard/05/45/54534.html">A.16.1.7</reference>
        <reference href="https://www.iso.org/contents/data/standard/05/45/54534.html">A.6.1.2</reference>
        <reference href="https://www.iso.org/contents/data/standard/05/45/54534.html">A.7.1.1</reference>
        <reference href="https://www.iso.org/contents/data/standard/05/45/54534.html">A.7.1.2</reference>
        <reference href="https://www.iso.org/contents/data/standard/05/45/54534.html">A.7.3.1</reference>
        <reference href="https://www.iso.org/contents/data/standard/05/45/54534.html">A.8.2.2</reference>
        <reference href="https://www.iso.org/contents/data/standard/05/45/54534.html">A.8.2.3</reference>
        <reference href="https://www.iso.org/contents/data/standard/05/45/54534.html">A.9.1.1</reference>
        <reference href="https://www.iso.org/contents/data/standard/05/45/54534.html">A.9.1.2</reference>
        <reference href="https://www.iso.org/contents/data/standard/05/45/54534.html">A.9.2.3</reference>
        <reference href="https://www.iso.org/contents/data/standard/05/45/54534.html">A.9.4.1</reference>
        <reference href="https://www.iso.org/contents/data/standard/05/45/54534.html">A.9.4.4</reference>
        <reference href="https://www.iso.org/contents/data/standard/05/45/54534.html">A.9.4.5</reference>
        <reference href="http://nvlpubs.nist.gov/nistpubs/SpecialPublications/NIST.SP.800-53r4.pdf">CM-6(a)</reference>
        <reference href="http://nvlpubs.nist.gov/nistpubs/SpecialPublications/NIST.SP.800-53r4.pdf">AC-6(1)</reference>
        <reference href="http://nvlpubs.nist.gov/nistpubs/SpecialPublications/NIST.SP.800-53r4.pdf">AU-9(4)</reference>
        <reference href="https://nvlpubs.nist.gov/nistpubs/CSWP/NIST.CSWP.04162018.pdf">DE.AE-3</reference>
        <reference href="https://nvlpubs.nist.gov/nistpubs/CSWP/NIST.CSWP.04162018.pdf">DE.AE-5</reference>
        <reference href="https://nvlpubs.nist.gov/nistpubs/CSWP/NIST.CSWP.04162018.pdf">PR.AC-4</reference>
        <reference href="https://nvlpubs.nist.gov/nistpubs/CSWP/NIST.CSWP.04162018.pdf">PR.DS-5</reference>
        <reference href="https://nvlpubs.nist.gov/nistpubs/CSWP/NIST.CSWP.04162018.pdf">PR.PT-1</reference>
        <reference href="https://nvlpubs.nist.gov/nistpubs/CSWP/NIST.CSWP.04162018.pdf">RS.AN-1</reference>
        <reference href="https://nvlpubs.nist.gov/nistpubs/CSWP/NIST.CSWP.04162018.pdf">RS.AN-4</reference>
        <reference href="https://www.pcisecuritystandards.org/documents/PCI_DSS_v3-2-1.pdf">Req-10.5.1</reference>
        <reference href="https://public.cyber.mil/stigs/downloads/?_dl_facet_stigs=operating-systems%2Cgeneral-purpose-os">SRG-OS-000057-GPOS-00027</reference>
        <reference href="https://public.cyber.mil/stigs/downloads/?_dl_facet_stigs=operating-systems%2Cgeneral-purpose-os">SRG-OS-000058-GPOS-00028</reference>
        <reference href="https://public.cyber.mil/stigs/downloads/?_dl_facet_stigs=operating-systems%2Cgeneral-purpose-os">SRG-OS-000059-GPOS-00029</reference>
        <reference href="https://public.cyber.mil/stigs/downloads/?_dl_facet_stigs=operating-systems%2Cgeneral-purpose-os">SRG-OS-000206-GPOS-00084</reference>
        <reference href="https://www.cisecurity.org/benchmark/ubuntu_linux/">6.2.4.2</reference>
        <rationale xmlns:xhtml="http://www.w3.org/1999/xhtml" xml:lang="en-US">Unauthorized disclosure of audit records can reveal system and configuration data to
attackers, thus compromising its confidentiality.</rationale>
        <fix xmlns:xhtml="http://www.w3.org/1999/xhtml" id="file_ownership_var_log_audit_stig" system="urn:xccdf:fix:script:sh"># Remediation is applicable only in certain platforms
if dpkg-query --show --showformat='${db:Status-Status}
' 'linux-base' 2&gt;/dev/null | grep -q ^installed &amp;&amp; dpkg-query --show --showformat='${db:Status-Status}\n' 'auditd' 2&gt;/dev/null | grep -q '^installed'; then

if LC_ALL=C grep -iw log_file /etc/audit/auditd.conf; then
    FILE=$(awk -F "=" '/^log_file/ {print $2}' /etc/audit/auditd.conf | tr -d ' ')
    chown root $FILE*
else
    chown root /var/log/audit/audit.log*
fi

else
    &gt;&amp;2 echo 'Remediation is not applicable, nothing was done'
fi
</fix>
        <check system="http://oval.mitre.org/XMLSchema/oval-definitions-5">
          <check-content-ref name="oval:ssg-file_ownership_var_log_audit_stig:def:1" href="ssg-ubuntu2404-oval.xml"/>
        </check>
        <check system="http://scap.nist.gov/schema/ocil/2">
          <check-content-ref name="ocil:ssg-file_ownership_var_log_audit_stig_ocil:questionnaire:1" href="ssg-ubuntu2404-ocil.xml"/>
        </check>
      </Rule>
      <Rule id="xccdf_org.ssgproject.content_rule_file_permissions_var_log_audit" selected="false" role="full" severity="medium">
        <title xmlns:xhtml="http://www.w3.org/1999/xhtml" xml:lang="en-US">System Audit Logs Must Have Mode 0640 or Less Permissive</title>
        <description xmlns:xhtml="http://www.w3.org/1999/xhtml" xml:lang="en-US">
If <html:code xmlns:html="http://www.w3.org/1999/xhtml">log_group</html:code> in <html:code xmlns:html="http://www.w3.org/1999/xhtml">/etc/audit/auditd.conf</html:code> is set to a group other than the
<html:code xmlns:html="http://www.w3.org/1999/xhtml">root</html:code>
group account, change the mode of the audit log files with the following command:
<html:pre xmlns:html="http://www.w3.org/1999/xhtml">$ sudo chmod 0640 <html:i>audit_file</html:i>
       </html:pre>
       <html:br xmlns:html="http://www.w3.org/1999/xhtml"/>
Otherwise, change the mode of the audit log files with the following command:
<html:pre xmlns:html="http://www.w3.org/1999/xhtml">$ sudo chmod 0600 <html:i>audit_file</html:i>
       </html:pre>
      </description>
        <reference href="https://www.cisecurity.org/controls/">1</reference>
        <reference href="https://www.cisecurity.org/controls/">11</reference>
        <reference href="https://www.cisecurity.org/controls/">12</reference>
        <reference href="https://www.cisecurity.org/controls/">13</reference>
        <reference href="https://www.cisecurity.org/controls/">14</reference>
        <reference href="https://www.cisecurity.org/controls/">15</reference>
        <reference href="https://www.cisecurity.org/controls/">16</reference>
        <reference href="https://www.cisecurity.org/controls/">18</reference>
        <reference href="https://www.cisecurity.org/controls/">19</reference>
        <reference href="https://www.cisecurity.org/controls/">3</reference>
        <reference href="https://www.cisecurity.org/controls/">4</reference>
        <reference href="https://www.cisecurity.org/controls/">5</reference>
        <reference href="https://www.cisecurity.org/controls/">6</reference>
        <reference href="https://www.cisecurity.org/controls/">7</reference>
        <reference href="https://www.cisecurity.org/controls/">8</reference>
        <reference href="https://www.fbi.gov/file-repository/cjis-security-policy-v5_5_20160601-2-1.pdf">5.4.1.1</reference>
        <reference href="https://www.isaca.org/resources/cobit">APO01.06</reference>
        <reference href="https://www.isaca.org/resources/cobit">APO11.04</reference>
        <reference href="https://www.isaca.org/resources/cobit">APO12.06</reference>
        <reference href="https://www.isaca.org/resources/cobit">BAI03.05</reference>
        <reference href="https://www.isaca.org/resources/cobit">BAI08.02</reference>
        <reference href="https://www.isaca.org/resources/cobit">DSS02.02</reference>
        <reference href="https://www.isaca.org/resources/cobit">DSS02.04</reference>
        <reference href="https://www.isaca.org/resources/cobit">DSS02.07</reference>
        <reference href="https://www.isaca.org/resources/cobit">DSS03.01</reference>
        <reference href="https://www.isaca.org/resources/cobit">DSS05.04</reference>
        <reference href="https://www.isaca.org/resources/cobit">DSS05.07</reference>
        <reference href="https://www.isaca.org/resources/cobit">DSS06.02</reference>
        <reference href="https://www.isaca.org/resources/cobit">MEA02.01</reference>
        <reference href="http://nvlpubs.nist.gov/nistpubs/SpecialPublications/NIST.SP.800-171.pdf">3.3.1</reference>
        <reference href="https://public.cyber.mil/stigs/cci/">CCI-000163</reference>
        <reference href="https://public.cyber.mil/stigs/cci/">CCI-000164</reference>
        <reference href="https://public.cyber.mil/stigs/cci/">CCI-001314</reference>
        <reference href="https://public.cyber.mil/stigs/cci/">CCI-000162</reference>
        <reference href="https://www.isa.org/products/isa-62443-2-1-2009-security-for-industrial-automat">4.2.3.10</reference>
        <reference href="https://www.isa.org/products/isa-62443-2-1-2009-security-for-industrial-automat">4.3.3.3.9</reference>
        <reference href="https://www.isa.org/products/isa-62443-2-1-2009-security-for-industrial-automat">4.3.3.5.8</reference>
        <reference href="https://www.isa.org/products/isa-62443-2-1-2009-security-for-industrial-automat">4.3.3.7.3</reference>
        <reference href="https://www.isa.org/products/isa-62443-2-1-2009-security-for-industrial-automat">4.3.4.4.7</reference>
        <reference href="https://www.isa.org/products/isa-62443-2-1-2009-security-for-industrial-automat">4.3.4.5.6</reference>
        <reference href="https://www.isa.org/products/isa-62443-2-1-2009-security-for-industrial-automat">4.3.4.5.7</reference>
        <reference href="https://www.isa.org/products/isa-62443-2-1-2009-security-for-industrial-automat">4.3.4.5.8</reference>
        <reference href="https://www.isa.org/products/isa-62443-2-1-2009-security-for-industrial-automat">4.4.2.1</reference>
        <reference href="https://www.isa.org/products/isa-62443-2-1-2009-security-for-industrial-automat">4.4.2.2</reference>
        <reference href="https://www.isa.org/products/isa-62443-2-1-2009-security-for-industrial-automat">4.4.2.4</reference>
        <reference href="https://www.isa.org/products/ansi-isa-62443-3-3-99-03-03-2013-security-for-indu">SR 2.1</reference>
        <reference href="https://www.isa.org/products/ansi-isa-62443-3-3-99-03-03-2013-security-for-indu">SR 2.10</reference>
        <reference href="https://www.isa.org/products/ansi-isa-62443-3-3-99-03-03-2013-security-for-indu">SR 2.11</reference>
        <reference href="https://www.isa.org/products/ansi-isa-62443-3-3-99-03-03-2013-security-for-indu">SR 2.12</reference>
        <reference href="https://www.isa.org/products/ansi-isa-62443-3-3-99-03-03-2013-security-for-indu">SR 2.8</reference>
        <reference href="https://www.isa.org/products/ansi-isa-62443-3-3-99-03-03-2013-security-for-indu">SR 2.9</reference>
        <reference href="https://www.isa.org/products/ansi-isa-62443-3-3-99-03-03-2013-security-for-indu">SR 5.2</reference>
        <reference href="https://www.isa.org/products/ansi-isa-62443-3-3-99-03-03-2013-security-for-indu">SR 6.1</reference>
        <reference href="https://www.iso.org/contents/data/standard/05/45/54534.html">A.10.1.1</reference>
        <reference href="https://www.iso.org/contents/data/standard/05/45/54534.html">A.11.1.4</reference>
        <reference href="https://www.iso.org/contents/data/standard/05/45/54534.html">A.11.1.5</reference>
        <reference href="https://www.iso.org/contents/data/standard/05/45/54534.html">A.11.2.1</reference>
        <reference href="https://www.iso.org/contents/data/standard/05/45/54534.html">A.12.4.1</reference>
        <reference href="https://www.iso.org/contents/data/standard/05/45/54534.html">A.12.4.2</reference>
        <reference href="https://www.iso.org/contents/data/standard/05/45/54534.html">A.12.4.3</reference>
        <reference href="https://www.iso.org/contents/data/standard/05/45/54534.html">A.12.4.4</reference>
        <reference href="https://www.iso.org/contents/data/standard/05/45/54534.html">A.12.7.1</reference>
        <reference href="https://www.iso.org/contents/data/standard/05/45/54534.html">A.13.1.1</reference>
        <reference href="https://www.iso.org/contents/data/standard/05/45/54534.html">A.13.1.3</reference>
        <reference href="https://www.iso.org/contents/data/standard/05/45/54534.html">A.13.2.1</reference>
        <reference href="https://www.iso.org/contents/data/standard/05/45/54534.html">A.13.2.3</reference>
        <reference href="https://www.iso.org/contents/data/standard/05/45/54534.html">A.13.2.4</reference>
        <reference href="https://www.iso.org/contents/data/standard/05/45/54534.html">A.14.1.2</reference>
        <reference href="https://www.iso.org/contents/data/standard/05/45/54534.html">A.14.1.3</reference>
        <reference href="https://www.iso.org/contents/data/standard/05/45/54534.html">A.16.1.4</reference>
        <reference href="https://www.iso.org/contents/data/standard/05/45/54534.html">A.16.1.5</reference>
        <reference href="https://www.iso.org/contents/data/standard/05/45/54534.html">A.16.1.7</reference>
        <reference href="https://www.iso.org/contents/data/standard/05/45/54534.html">A.6.1.2</reference>
        <reference href="https://www.iso.org/contents/data/standard/05/45/54534.html">A.7.1.1</reference>
        <reference href="https://www.iso.org/contents/data/standard/05/45/54534.html">A.7.1.2</reference>
        <reference href="https://www.iso.org/contents/data/standard/05/45/54534.html">A.7.3.1</reference>
        <reference href="https://www.iso.org/contents/data/standard/05/45/54534.html">A.8.2.2</reference>
        <reference href="https://www.iso.org/contents/data/standard/05/45/54534.html">A.8.2.3</reference>
        <reference href="https://www.iso.org/contents/data/standard/05/45/54534.html">A.9.1.1</reference>
        <reference href="https://www.iso.org/contents/data/standard/05/45/54534.html">A.9.1.2</reference>
        <reference href="https://www.iso.org/contents/data/standard/05/45/54534.html">A.9.2.3</reference>
        <reference href="https://www.iso.org/contents/data/standard/05/45/54534.html">A.9.4.1</reference>
        <reference href="https://www.iso.org/contents/data/standard/05/45/54534.html">A.9.4.4</reference>
        <reference href="https://www.iso.org/contents/data/standard/05/45/54534.html">A.9.4.5</reference>
        <reference href="https://www.nerc.com/pa/Stand/AlignRep/One%20Stop%20Shop.xlsx">CIP-003-8 R5.1.1</reference>
        <reference href="https://www.nerc.com/pa/Stand/AlignRep/One%20Stop%20Shop.xlsx">CIP-003-8 R5.3</reference>
        <reference href="https://www.nerc.com/pa/Stand/AlignRep/One%20Stop%20Shop.xlsx">CIP-004-6 R2.3</reference>
        <reference href="https://www.nerc.com/pa/Stand/AlignRep/One%20Stop%20Shop.xlsx">CIP-007-3 R2.1</reference>
        <reference href="https://www.nerc.com/pa/Stand/AlignRep/One%20Stop%20Shop.xlsx">CIP-007-3 R2.2</reference>
        <reference href="https://www.nerc.com/pa/Stand/AlignRep/One%20Stop%20Shop.xlsx">CIP-007-3 R2.3</reference>
        <reference href="https://www.nerc.com/pa/Stand/AlignRep/One%20Stop%20Shop.xlsx">CIP-007-3 R5.1</reference>
        <reference href="https://www.nerc.com/pa/Stand/AlignRep/One%20Stop%20Shop.xlsx">CIP-007-3 R5.1.1</reference>
        <reference href="https://www.nerc.com/pa/Stand/AlignRep/One%20Stop%20Shop.xlsx">CIP-007-3 R5.1.2</reference>
        <reference href="http://nvlpubs.nist.gov/nistpubs/SpecialPublications/NIST.SP.800-53r4.pdf">CM-6(a)</reference>
        <reference href="http://nvlpubs.nist.gov/nistpubs/SpecialPublications/NIST.SP.800-53r4.pdf">AC-6(1)</reference>
        <reference href="http://nvlpubs.nist.gov/nistpubs/SpecialPublications/NIST.SP.800-53r4.pdf">AU-9(4)</reference>
        <reference href="https://nvlpubs.nist.gov/nistpubs/CSWP/NIST.CSWP.04162018.pdf">DE.AE-3</reference>
        <reference href="https://nvlpubs.nist.gov/nistpubs/CSWP/NIST.CSWP.04162018.pdf">DE.AE-5</reference>
        <reference href="https://nvlpubs.nist.gov/nistpubs/CSWP/NIST.CSWP.04162018.pdf">PR.AC-4</reference>
        <reference href="https://nvlpubs.nist.gov/nistpubs/CSWP/NIST.CSWP.04162018.pdf">PR.DS-5</reference>
        <reference href="https://nvlpubs.nist.gov/nistpubs/CSWP/NIST.CSWP.04162018.pdf">PR.PT-1</reference>
        <reference href="https://nvlpubs.nist.gov/nistpubs/CSWP/NIST.CSWP.04162018.pdf">RS.AN-1</reference>
        <reference href="https://nvlpubs.nist.gov/nistpubs/CSWP/NIST.CSWP.04162018.pdf">RS.AN-4</reference>
        <reference href="https://www.pcisecuritystandards.org/documents/PCI_DSS_v3-2-1.pdf">Req-10.5</reference>
        <reference href="https://public.cyber.mil/stigs/downloads/?_dl_facet_stigs=operating-systems%2Cgeneral-purpose-os">SRG-OS-000057-GPOS-00027</reference>
        <reference href="https://public.cyber.mil/stigs/downloads/?_dl_facet_stigs=operating-systems%2Cgeneral-purpose-os">SRG-OS-000058-GPOS-00028</reference>
        <reference href="https://public.cyber.mil/stigs/downloads/?_dl_facet_stigs=operating-systems%2Cgeneral-purpose-os">SRG-OS-000059-GPOS-00029</reference>
        <reference href="https://public.cyber.mil/stigs/downloads/?_dl_facet_stigs=operating-systems%2Cgeneral-purpose-os">SRG-OS-000206-GPOS-00084</reference>
        <reference href="https://public.cyber.mil/stigs/downloads/?_dl_facet_stigs=container-platform">SRG-APP-000118-CTR-000240</reference>
        <reference href="https://www.cisecurity.org/benchmark/ubuntu_linux/">6.2.4.1</reference>
        <reference href="https://docs-prv.pcisecuritystandards.org/PCI%20DSS/Standard/PCI-DSS-v4_0.pdf">10.3.1</reference>
        <reference href="https://docs-prv.pcisecuritystandards.org/PCI%20DSS/Standard/PCI-DSS-v4_0.pdf">10.3</reference>
        <rationale xmlns:xhtml="http://www.w3.org/1999/xhtml" xml:lang="en-US">If users can write to audit logs, audit trails can be modified or destroyed.</rationale>
        <fix xmlns:xhtml="http://www.w3.org/1999/xhtml" id="file_permissions_var_log_audit" system="urn:xccdf:fix:script:sh"># Remediation is applicable only in certain platforms
if dpkg-query --show --showformat='${db:Status-Status}
' 'linux-base' 2&gt;/dev/null | grep -q ^installed &amp;&amp; dpkg-query --show --showformat='${db:Status-Status}\n' 'auditd' 2&gt;/dev/null | grep -q '^installed'; then

if LC_ALL=C grep -iw ^log_file /etc/audit/auditd.conf; then
    FILE=$(awk -F "=" '/^log_file/ {print $2}' /etc/audit/auditd.conf | tr -d ' ')
else
    FILE="/var/log/audit/audit.log"
fi


if LC_ALL=C grep -m 1 -q ^log_group /etc/audit/auditd.conf; then
  GROUP=$(awk -F "=" '/log_group/ {print $2}' /etc/audit/auditd.conf | tr -d ' ')
  if ! [ "${GROUP}" == 'root' ] ; then
    chmod 0640 $FILE
    chmod 0440 $FILE.*
  else
    chmod 0600 $FILE
    chmod 0400 $FILE.*
  fi
else
  chmod 0600 $FILE
  chmod 0400 $FILE.*
fi

else
    &gt;&amp;2 echo 'Remediation is not applicable, nothing was done'
fi
</fix>
        <check system="http://oval.mitre.org/XMLSchema/oval-definitions-5">
          <check-content-ref name="oval:ssg-file_permissions_var_log_audit:def:1" href="ssg-ubuntu2404-oval.xml"/>
        </check>
        <check system="http://scap.nist.gov/schema/ocil/2">
          <check-content-ref name="ocil:ssg-file_permissions_var_log_audit_ocil:questionnaire:1" href="ssg-ubuntu2404-ocil.xml"/>
        </check>
      </Rule>
      <Group id="xccdf_org.ssgproject.content_group_audit_dac_actions">
        <title xmlns:xhtml="http://www.w3.org/1999/xhtml" xml:lang="en-US">Record Events that Modify the System's Discretionary Access Controls</title>
        <description xmlns:xhtml="http://www.w3.org/1999/xhtml" xml:lang="en-US">At a minimum, the audit system should collect file permission
changes for all users and root. Note that the "-F arch=b32" lines should be
present even on a 64 bit system. These commands identify system calls for
auditing. Even if the system is 64 bit it can still execute 32 bit system
calls. Additionally, these rules can be configured in a number of ways while
still achieving the desired effect. An example of this is that the "-S" calls
could be split up and placed on separate lines, however, this is less efficient.
Add the following to <html:code xmlns:html="http://www.w3.org/1999/xhtml">/etc/audit/audit.rules</html:code>:
<html:pre xmlns:html="http://www.w3.org/1999/xhtml">-a always,exit -F arch=b32 -S chmod,fchmod,fchmodat -F auid&gt;=1000 -F auid!=unset -F key=perm_mod
    -a always,exit -F arch=b32 -S chown,fchown,fchownat,lchown -F auid&gt;=1000 -F auid!=unset -F key=perm_mod
    -a always,exit -F arch=b32 -S setxattr,lsetxattr,fsetxattr,removexattr,lremovexattr,fremovexattr -F auid&gt;=1000 -F auid!=unset -F key=perm_mod</html:pre>
If your system is 64 bit then these lines should be duplicated and the
arch=b32 replaced with arch=b64 as follows:
<html:pre xmlns:html="http://www.w3.org/1999/xhtml">-a always,exit -F arch=b64 -S chmod,fchmod,fchmodat -F auid&gt;=1000 -F auid!=unset -F key=perm_mod
    -a always,exit -F arch=b64 -S chown,fchown,fchownat,lchown -F auid&gt;=1000 -F auid!=unset -F key=perm_mod
    -a always,exit -F arch=b64 -S setxattr,lsetxattr,fsetxattr,removexattr,lremovexattr,fremovexattr -F auid&gt;=1000 -F auid!=unset -F key=perm_mod</html:pre>
      </description>
        <Rule id="xccdf_org.ssgproject.content_rule_audit_rules_dac_modification_chmod" selected="false" role="full" severity="medium">
          <title xmlns:xhtml="http://www.w3.org/1999/xhtml" xml:lang="en-US">Record Events that Modify the System's Discretionary Access Controls - chmod</title>
          <description xmlns:xhtml="http://www.w3.org/1999/xhtml" xml:lang="en-US">At a minimum, the audit system should collect file permission
changes for all users and root. If the <html:code xmlns:html="http://www.w3.org/1999/xhtml">auditd</html:code> daemon is configured to
use the <html:code xmlns:html="http://www.w3.org/1999/xhtml">augenrules</html:code> program to read audit rules during daemon startup
(the default), add the following line to a file with suffix <html:code xmlns:html="http://www.w3.org/1999/xhtml">.rules</html:code> in
the directory <html:code xmlns:html="http://www.w3.org/1999/xhtml">/etc/audit/rules.d</html:code>:
<html:pre xmlns:html="http://www.w3.org/1999/xhtml">-a always,exit -F arch=b32 -S chmod -F auid&gt;=1000 -F auid!=unset -F key=perm_mod</html:pre>
If the system is 64 bit then also add the following line:
<html:pre xmlns:html="http://www.w3.org/1999/xhtml">-a always,exit -F arch=b64 -S chmod -F auid&gt;=1000 -F auid!=unset -F key=perm_mod</html:pre>
If the <html:code xmlns:html="http://www.w3.org/1999/xhtml">auditd</html:code> daemon is configured to use the <html:code xmlns:html="http://www.w3.org/1999/xhtml">auditctl</html:code>
utility to read audit rules during daemon startup, add the following line to
<html:code xmlns:html="http://www.w3.org/1999/xhtml">/etc/audit/audit.rules</html:code> file:
<html:pre xmlns:html="http://www.w3.org/1999/xhtml">-a always,exit -F arch=b32 -S chmod -F auid&gt;=1000 -F auid!=unset -F key=perm_mod</html:pre>
If the system is 64 bit then also add the following line:
<html:pre xmlns:html="http://www.w3.org/1999/xhtml">-a always,exit -F arch=b64 -S chmod -F auid&gt;=1000 -F auid!=unset -F key=perm_mod</html:pre>
       </description>
          <warning xmlns:xhtml="http://www.w3.org/1999/xhtml" xml:lang="en-US" category="general">Note that these rules can be configured in a
number of ways while still achieving the desired effect.  Here the system calls
have been placed independent of other system calls.  Grouping these system
calls with others as identifying earlier in this guide is more efficient.</warning>
          <reference href="https://www.cisecurity.org/controls/">1</reference>
          <reference href="https://www.cisecurity.org/controls/">11</reference>
          <reference href="https://www.cisecurity.org/controls/">12</reference>
          <reference href="https://www.cisecurity.org/controls/">13</reference>
          <reference href="https://www.cisecurity.org/controls/">14</reference>
          <reference href="https://www.cisecurity.org/controls/">15</reference>
          <reference href="https://www.cisecurity.org/controls/">16</reference>
          <reference href="https://www.cisecurity.org/controls/">19</reference>
          <reference href="https://www.cisecurity.org/controls/">2</reference>
          <reference href="https://www.cisecurity.org/controls/">3</reference>
          <reference href="https://www.cisecurity.org/controls/">4</reference>
          <reference href="https://www.cisecurity.org/controls/">5</reference>
          <reference href="https://www.cisecurity.org/controls/">6</reference>
          <reference href="https://www.cisecurity.org/controls/">7</reference>
          <reference href="https://www.cisecurity.org/controls/">8</reference>
          <reference href="https://www.cisecurity.org/controls/">9</reference>
          <reference href="https://www.fbi.gov/file-repository/cjis-security-policy-v5_5_20160601-2-1.pdf">5.4.1.1</reference>
          <reference href="https://www.isaca.org/resources/cobit">APO10.01</reference>
          <reference href="https://www.isaca.org/resources/cobit">APO10.03</reference>
          <reference href="https://www.isaca.org/resources/cobit">APO10.04</reference>
          <reference href="https://www.isaca.org/resources/cobit">APO10.05</reference>
          <reference href="https://www.isaca.org/resources/cobit">APO11.04</reference>
          <reference href="https://www.isaca.org/resources/cobit">APO12.06</reference>
          <reference href="https://www.isaca.org/resources/cobit">APO13.01</reference>
          <reference href="https://www.isaca.org/resources/cobit">BAI03.05</reference>
          <reference href="https://www.isaca.org/resources/cobit">BAI08.02</reference>
          <reference href="https://www.isaca.org/resources/cobit">DSS01.03</reference>
          <reference href="https://www.isaca.org/resources/cobit">DSS01.04</reference>
          <reference href="https://www.isaca.org/resources/cobit">DSS02.02</reference>
          <reference href="https://www.isaca.org/resources/cobit">DSS02.04</reference>
          <reference href="https://www.isaca.org/resources/cobit">DSS02.07</reference>
          <reference href="https://www.isaca.org/resources/cobit">DSS03.01</reference>
          <reference href="https://www.isaca.org/resources/cobit">DSS03.05</reference>
          <reference href="https://www.isaca.org/resources/cobit">DSS05.02</reference>
          <reference href="https://www.isaca.org/resources/cobit">DSS05.03</reference>
          <reference href="https://www.isaca.org/resources/cobit">DSS05.04</reference>
          <reference href="https://www.isaca.org/resources/cobit">DSS05.05</reference>
          <reference href="https://www.isaca.org/resources/cobit">DSS05.07</reference>
          <reference href="https://www.isaca.org/resources/cobit">MEA01.01</reference>
          <reference href="https://www.isaca.org/resources/cobit">MEA01.02</reference>
          <reference href="https://www.isaca.org/resources/cobit">MEA01.03</reference>
          <reference href="https://www.isaca.org/resources/cobit">MEA01.04</reference>
          <reference href="https://www.isaca.org/resources/cobit">MEA01.05</reference>
          <reference href="https://www.isaca.org/resources/cobit">MEA02.01</reference>
          <reference href="http://nvlpubs.nist.gov/nistpubs/SpecialPublications/NIST.SP.800-171.pdf">3.1.7</reference>
          <reference href="https://public.cyber.mil/stigs/cci/">CCI-000172</reference>
          <reference href="https://public.cyber.mil/stigs/cci/">CCI-000130</reference>
          <reference href="https://public.cyber.mil/stigs/cci/">CCI-000135</reference>
          <reference href="https://public.cyber.mil/stigs/cci/">CCI-000169</reference>
          <reference href="https://public.cyber.mil/stigs/cci/">CCI-002884</reference>
          <reference href="https://www.gpo.gov/fdsys/pkg/CFR-2007-title45-vol1/pdf/CFR-2007-title45-vol1-chapA-subchapC.pdf">164.308(a)(1)(ii)(D)</reference>
          <reference href="https://www.gpo.gov/fdsys/pkg/CFR-2007-title45-vol1/pdf/CFR-2007-title45-vol1-chapA-subchapC.pdf">164.308(a)(3)(ii)(A)</reference>
          <reference href="https://www.gpo.gov/fdsys/pkg/CFR-2007-title45-vol1/pdf/CFR-2007-title45-vol1-chapA-subchapC.pdf">164.308(a)(5)(ii)(C)</reference>
          <reference href="https://www.gpo.gov/fdsys/pkg/CFR-2007-title45-vol1/pdf/CFR-2007-title45-vol1-chapA-subchapC.pdf">164.312(a)(2)(i)</reference>
          <reference href="https://www.gpo.gov/fdsys/pkg/CFR-2007-title45-vol1/pdf/CFR-2007-title45-vol1-chapA-subchapC.pdf">164.312(b)</reference>
          <reference href="https://www.gpo.gov/fdsys/pkg/CFR-2007-title45-vol1/pdf/CFR-2007-title45-vol1-chapA-subchapC.pdf">164.312(d)</reference>
          <reference href="https://www.gpo.gov/fdsys/pkg/CFR-2007-title45-vol1/pdf/CFR-2007-title45-vol1-chapA-subchapC.pdf">164.312(e)</reference>
          <reference href="https://www.isa.org/products/isa-62443-2-1-2009-security-for-industrial-automat">4.2.3.10</reference>
          <reference href="https://www.isa.org/products/isa-62443-2-1-2009-security-for-industrial-automat">4.3.2.6.7</reference>
          <reference href="https://www.isa.org/products/isa-62443-2-1-2009-security-for-industrial-automat">4.3.3.3.9</reference>
          <reference href="https://www.isa.org/products/isa-62443-2-1-2009-security-for-industrial-automat">4.3.3.5.8</reference>
          <reference href="https://www.isa.org/products/isa-62443-2-1-2009-security-for-industrial-automat">4.3.3.6.6</reference>
          <reference href="https://www.isa.org/products/isa-62443-2-1-2009-security-for-industrial-automat">4.3.4.4.7</reference>
          <reference href="https://www.isa.org/products/isa-62443-2-1-2009-security-for-industrial-automat">4.3.4.5.6</reference>
          <reference href="https://www.isa.org/products/isa-62443-2-1-2009-security-for-industrial-automat">4.3.4.5.7</reference>
          <reference href="https://www.isa.org/products/isa-62443-2-1-2009-security-for-industrial-automat">4.3.4.5.8</reference>
          <reference href="https://www.isa.org/products/isa-62443-2-1-2009-security-for-industrial-automat">4.4.2.1</reference>
          <reference href="https://www.isa.org/products/isa-62443-2-1-2009-security-for-industrial-automat">4.4.2.2</reference>
          <reference href="https://www.isa.org/products/isa-62443-2-1-2009-security-for-industrial-automat">4.4.2.4</reference>
          <reference href="https://www.isa.org/products/ansi-isa-62443-3-3-99-03-03-2013-security-for-indu">SR 1.13</reference>
          <reference href="https://www.isa.org/products/ansi-isa-62443-3-3-99-03-03-2013-security-for-indu">SR 2.10</reference>
          <reference href="https://www.isa.org/products/ansi-isa-62443-3-3-99-03-03-2013-security-for-indu">SR 2.11</reference>
          <reference href="https://www.isa.org/products/ansi-isa-62443-3-3-99-03-03-2013-security-for-indu">SR 2.12</reference>
          <reference href="https://www.isa.org/products/ansi-isa-62443-3-3-99-03-03-2013-security-for-indu">SR 2.6</reference>
          <reference href="https://www.isa.org/products/ansi-isa-62443-3-3-99-03-03-2013-security-for-indu">SR 2.8</reference>
          <reference href="https://www.isa.org/products/ansi-isa-62443-3-3-99-03-03-2013-security-for-indu">SR 2.9</reference>
          <reference href="https://www.isa.org/products/ansi-isa-62443-3-3-99-03-03-2013-security-for-indu">SR 3.1</reference>
          <reference href="https://www.isa.org/products/ansi-isa-62443-3-3-99-03-03-2013-security-for-indu">SR 3.5</reference>
          <reference href="https://www.isa.org/products/ansi-isa-62443-3-3-99-03-03-2013-security-for-indu">SR 3.8</reference>
          <reference href="https://www.isa.org/products/ansi-isa-62443-3-3-99-03-03-2013-security-for-indu">SR 4.1</reference>
          <reference href="https://www.isa.org/products/ansi-isa-62443-3-3-99-03-03-2013-security-for-indu">SR 4.3</reference>
          <reference href="https://www.isa.org/products/ansi-isa-62443-3-3-99-03-03-2013-security-for-indu">SR 5.1</reference>
          <reference href="https://www.isa.org/products/ansi-isa-62443-3-3-99-03-03-2013-security-for-indu">SR 5.2</reference>
          <reference href="https://www.isa.org/products/ansi-isa-62443-3-3-99-03-03-2013-security-for-indu">SR 5.3</reference>
          <reference href="https://www.isa.org/products/ansi-isa-62443-3-3-99-03-03-2013-security-for-indu">SR 6.1</reference>
          <reference href="https://www.isa.org/products/ansi-isa-62443-3-3-99-03-03-2013-security-for-indu">SR 6.2</reference>
          <reference href="https://www.isa.org/products/ansi-isa-62443-3-3-99-03-03-2013-security-for-indu">SR 7.1</reference>
          <reference href="https://www.isa.org/products/ansi-isa-62443-3-3-99-03-03-2013-security-for-indu">SR 7.6</reference>
          <reference href="https://www.iso.org/contents/data/standard/05/45/54534.html">A.11.2.6</reference>
          <reference href="https://www.iso.org/contents/data/standard/05/45/54534.html">A.12.4.1</reference>
          <reference href="https://www.iso.org/contents/data/standard/05/45/54534.html">A.12.4.2</reference>
          <reference href="https://www.iso.org/contents/data/standard/05/45/54534.html">A.12.4.3</reference>
          <reference href="https://www.iso.org/contents/data/standard/05/45/54534.html">A.12.4.4</reference>
          <reference href="https://www.iso.org/contents/data/standard/05/45/54534.html">A.12.7.1</reference>
          <reference href="https://www.iso.org/contents/data/standard/05/45/54534.html">A.13.1.1</reference>
          <reference href="https://www.iso.org/contents/data/standard/05/45/54534.html">A.13.2.1</reference>
          <reference href="https://www.iso.org/contents/data/standard/05/45/54534.html">A.14.1.3</reference>
          <reference href="https://www.iso.org/contents/data/standard/05/45/54534.html">A.14.2.7</reference>
          <reference href="https://www.iso.org/contents/data/standard/05/45/54534.html">A.15.2.1</reference>
          <reference href="https://www.iso.org/contents/data/standard/05/45/54534.html">A.15.2.2</reference>
          <reference href="https://www.iso.org/contents/data/standard/05/45/54534.html">A.16.1.4</reference>
          <reference href="https://www.iso.org/contents/data/standard/05/45/54534.html">A.16.1.5</reference>
          <reference href="https://www.iso.org/contents/data/standard/05/45/54534.html">A.16.1.7</reference>
          <reference href="https://www.iso.org/contents/data/standard/05/45/54534.html">A.6.2.1</reference>
          <reference href="https://www.iso.org/contents/data/standard/05/45/54534.html">A.6.2.2</reference>
          <reference href="http://nvlpubs.nist.gov/nistpubs/SpecialPublications/NIST.SP.800-53r4.pdf">AU-2(d)</reference>
          <reference href="http://nvlpubs.nist.gov/nistpubs/SpecialPublications/NIST.SP.800-53r4.pdf">AU-12(c)</reference>
          <reference href="http://nvlpubs.nist.gov/nistpubs/SpecialPublications/NIST.SP.800-53r4.pdf">CM-6(a)</reference>
          <reference href="https://nvlpubs.nist.gov/nistpubs/CSWP/NIST.CSWP.04162018.pdf">DE.AE-3</reference>
          <reference href="https://nvlpubs.nist.gov/nistpubs/CSWP/NIST.CSWP.04162018.pdf">DE.AE-5</reference>
          <reference href="https://nvlpubs.nist.gov/nistpubs/CSWP/NIST.CSWP.04162018.pdf">DE.CM-1</reference>
          <reference href="https://nvlpubs.nist.gov/nistpubs/CSWP/NIST.CSWP.04162018.pdf">DE.CM-3</reference>
          <reference href="https://nvlpubs.nist.gov/nistpubs/CSWP/NIST.CSWP.04162018.pdf">DE.CM-7</reference>
          <reference href="https://nvlpubs.nist.gov/nistpubs/CSWP/NIST.CSWP.04162018.pdf">ID.SC-4</reference>
          <reference href="https://nvlpubs.nist.gov/nistpubs/CSWP/NIST.CSWP.04162018.pdf">PR.AC-3</reference>
          <reference href="https://nvlpubs.nist.gov/nistpubs/CSWP/NIST.CSWP.04162018.pdf">PR.PT-1</reference>
          <reference href="https://nvlpubs.nist.gov/nistpubs/CSWP/NIST.CSWP.04162018.pdf">PR.PT-4</reference>
          <reference href="https://nvlpubs.nist.gov/nistpubs/CSWP/NIST.CSWP.04162018.pdf">RS.AN-1</reference>
          <reference href="https://nvlpubs.nist.gov/nistpubs/CSWP/NIST.CSWP.04162018.pdf">RS.AN-4</reference>
          <reference href="https://www.pcisecuritystandards.org/documents/PCI_DSS_v3-2-1.pdf">Req-10.5.5</reference>
          <reference href="https://public.cyber.mil/stigs/downloads/?_dl_facet_stigs=operating-systems%2Cgeneral-purpose-os">SRG-OS-000037-GPOS-00015</reference>
          <reference href="https://public.cyber.mil/stigs/downloads/?_dl_facet_stigs=operating-systems%2Cgeneral-purpose-os">SRG-OS-000042-GPOS-00020</reference>
          <reference href="https://public.cyber.mil/stigs/downloads/?_dl_facet_stigs=operating-systems%2Cgeneral-purpose-os">SRG-OS-000062-GPOS-00031</reference>
          <reference href="https://public.cyber.mil/stigs/downloads/?_dl_facet_stigs=operating-systems%2Cgeneral-purpose-os">SRG-OS-000392-GPOS-00172</reference>
          <reference href="https://public.cyber.mil/stigs/downloads/?_dl_facet_stigs=operating-systems%2Cgeneral-purpose-os">SRG-OS-000462-GPOS-00206</reference>
          <reference href="https://public.cyber.mil/stigs/downloads/?_dl_facet_stigs=operating-systems%2Cgeneral-purpose-os">SRG-OS-000471-GPOS-00215</reference>
          <reference href="https://public.cyber.mil/stigs/downloads/?_dl_facet_stigs=operating-systems%2Cgeneral-purpose-os">SRG-OS-000064-GPOS-00033</reference>
          <reference href="https://public.cyber.mil/stigs/downloads/?_dl_facet_stigs=operating-systems%2Cgeneral-purpose-os">SRG-OS-000466-GPOS-00210</reference>
          <reference href="https://public.cyber.mil/stigs/downloads/?_dl_facet_stigs=operating-systems%2Cgeneral-purpose-os">SRG-OS-000458-GPOS-00203</reference>
          <reference href="https://public.cyber.mil/stigs/downloads/?_dl_facet_stigs=container-platform">SRG-APP-000091-CTR-000160</reference>
          <reference href="https://public.cyber.mil/stigs/downloads/?_dl_facet_stigs=container-platform">SRG-APP-000492-CTR-001220</reference>
          <reference href="https://public.cyber.mil/stigs/downloads/?_dl_facet_stigs=container-platform">SRG-APP-000493-CTR-001225</reference>
          <reference href="https://public.cyber.mil/stigs/downloads/?_dl_facet_stigs=container-platform">SRG-APP-000494-CTR-001230</reference>
          <reference href="https://public.cyber.mil/stigs/downloads/?_dl_facet_stigs=container-platform">SRG-APP-000500-CTR-001260</reference>
          <reference href="https://public.cyber.mil/stigs/downloads/?_dl_facet_stigs=container-platform">SRG-APP-000507-CTR-001295</reference>
          <reference href="https://public.cyber.mil/stigs/downloads/?_dl_facet_stigs=container-platform">SRG-APP-000495-CTR-001235</reference>
          <reference href="https://public.cyber.mil/stigs/downloads/?_dl_facet_stigs=container-platform">SRG-APP-000499-CTR-001255</reference>
          <reference href="https://cyber.gouv.fr/sites/default/files/document/linux_configuration-en-v2.pdf">R73</reference>
          <reference href="https://www.cisecurity.org/benchmark/ubuntu_linux/">6.2.3.9</reference>
          <reference href="https://docs-prv.pcisecuritystandards.org/PCI%20DSS/Standard/PCI-DSS-v4_0.pdf">10.3.4</reference>
          <reference href="https://docs-prv.pcisecuritystandards.org/PCI%20DSS/Standard/PCI-DSS-v4_0.pdf">10.3</reference>
          <rationale xmlns:xhtml="http://www.w3.org/1999/xhtml" xml:lang="en-US">The changing of file permissions could indicate that a user is attempting to
gain access to information that would otherwise be disallowed. Auditing DAC modifications
can facilitate the identification of patterns of abuse among both authorized and
unauthorized users.</rationale>
          <platform idref="#not_aarch64_arch"/>
          <fix xmlns:xhtml="http://www.w3.org/1999/xhtml" id="audit_rules_dac_modification_chmod" system="urn:xccdf:fix:script:ansible" reboot="true" complexity="low" disruption="low" strategy="restrict">- name: Gather the package facts
  package_facts:
    manager: auto
  tags:
  - CJIS-5.4.1.1
  - NIST-800-171-3.1.7
  - NIST-800-53-AU-12(c)
  - NIST-800-53-AU-2(d)
  - NIST-800-53-CM-6(a)
  - PCI-DSS-Req-10.5.5
  - PCI-DSSv4-10.3
  - PCI-DSSv4-10.3.4
  - audit_rules_dac_modification_chmod
  - low_complexity
  - low_disruption
  - medium_severity
  - reboot_required
  - restrict_strategy

- name: Set architecture for audit chmod tasks
  set_fact:
    audit_arch: b64
  when:
  - '"auditd" in ansible_facts.packages'
  - '"linux-base" in ansible_facts.packages'
  - not ( ansible_architecture == "aarch64" )
  - ansible_architecture == "aarch64" or ansible_architecture == "ppc64" or ansible_architecture
    == "ppc64le" or ansible_architecture == "s390x" or ansible_architecture == "x86_64"
  tags:
  - CJIS-5.4.1.1
  - NIST-800-171-3.1.7
  - NIST-800-53-AU-12(c)
  - NIST-800-53-AU-2(d)
  - NIST-800-53-CM-6(a)
  - PCI-DSS-Req-10.5.5
  - PCI-DSSv4-10.3
  - PCI-DSSv4-10.3.4
  - audit_rules_dac_modification_chmod
  - low_complexity
  - low_disruption
  - medium_severity
  - reboot_required
  - restrict_strategy

- name: Perform remediation of Audit rules for chmod for 32bit platform
  block:

  - name: Declare list of syscalls
    set_fact:
      syscalls:
      - chmod
      syscall_grouping:
      - chmod
      - fchmod
      - fchmodat

  - name: Check existence of chmod in /etc/audit/rules.d/
    find:
      paths: /etc/audit/rules.d
      contains: -a always,exit -F arch=b32(( -S |,)\w+)*(( -S |,){{ item }})+(( -S
        |,)\w+)* -F auid&gt;=1000 -F auid!=unset (-k\s+|-F\s+key=)\S+\s*$
      patterns: '*.rules'
    register: find_command
    loop: '{{ (syscall_grouping + syscalls) | unique }}'

  - name: Reset syscalls found per file
    set_fact:
      syscalls_per_file: {}
      found_paths_dict: {}

  - name: Declare syscalls found per file
    set_fact: syscalls_per_file="{{ syscalls_per_file | combine( {item.files[0].path
      :[item.item] + syscalls_per_file.get(item.files[0].path, []) } ) }}"
    loop: '{{ find_command.results | selectattr(''matched'') | list }}'

  - name: Declare files where syscalls were found
    set_fact: found_paths="{{ find_command.results | map(attribute='files') | flatten
      | map(attribute='path') | list }}"

  - name: Count occurrences of syscalls in paths
    set_fact: found_paths_dict="{{ found_paths_dict | combine({ item:1+found_paths_dict.get(item,
      0) }) }}"
    loop: '{{ find_command.results | map(attribute=''files'') | flatten | map(attribute=''path'')
      | list }}'

  - name: Get path with most syscalls
    set_fact: audit_file="{{ (found_paths_dict | dict2items() | sort(attribute='value')
      | last).key }}"
    when: found_paths | length &gt;= 1

  - name: No file with syscall found, set path to /etc/audit/rules.d/perm_mod.rules
    set_fact: audit_file="/etc/audit/rules.d/perm_mod.rules"
    when: found_paths | length == 0

  - name: Declare found syscalls
    set_fact: syscalls_found="{{ find_command.results | selectattr('matched') | map(attribute='item')
      | list }}"

  - name: Declare missing syscalls
    set_fact: missing_syscalls="{{ syscalls | difference(syscalls_found) }}"

  - name: Replace the audit rule in {{ audit_file }}
    lineinfile:
      path: '{{ audit_file }}'
      regexp: (-a always,exit -F arch=b32)(?=.*(?:(?:-S |,)(?:{{ syscalls_per_file[audit_file]
        | join("|") }}))\b)((?:( -S |,)\w+)+)( -F auid&gt;=1000 -F auid!=unset (?:-k
        |-F key=)\w+)
      line: \1\2\3{{ missing_syscalls | join("\3") }}\4
      backrefs: true
      state: present
      mode: g-rwx,o-rwx
    when: syscalls_found | length &gt; 0 and missing_syscalls | length &gt; 0

  - name: Add the audit rule to {{ audit_file }}
    lineinfile:
      path: '{{ audit_file }}'
      line: -a always,exit -F arch=b32 -S {{ syscalls | join(',') }} -F auid&gt;=1000
        -F auid!=unset -F key=perm_mod
      create: true
      mode: g-rwx,o-rwx
      state: present
    when: syscalls_found | length == 0

  - name: Declare list of syscalls
    set_fact:
      syscalls:
      - chmod
      syscall_grouping:
      - chmod
      - fchmod
      - fchmodat

  - name: Check existence of chmod in /etc/audit/audit.rules
    find:
      paths: /etc/audit
      contains: -a always,exit -F arch=b32(( -S |,)\w+)*(( -S |,){{ item }})+(( -S
        |,)\w+)* -F auid&gt;=1000 -F auid!=unset (-k\s+|-F\s+key=)\S+\s*$
      patterns: audit.rules
    register: find_command
    loop: '{{ (syscall_grouping + syscalls) | unique }}'

  - name: Set path to /etc/audit/audit.rules
    set_fact: audit_file="/etc/audit/audit.rules"

  - name: Declare found syscalls
    set_fact: syscalls_found="{{ find_command.results | selectattr('matched') | map(attribute='item')
      | list }}"

  - name: Declare missing syscalls
    set_fact: missing_syscalls="{{ syscalls | difference(syscalls_found) }}"

  - name: Replace the audit rule in {{ audit_file }}
    lineinfile:
      path: '{{ audit_file }}'
      regexp: (-a always,exit -F arch=b32)(?=.*(?:(?:-S |,)(?:{{ syscalls_found |
        join("|") }}))\b)((?:( -S |,)\w+)+)( -F auid&gt;=1000 -F auid!=unset (?:-k |-F
        key=)\w+)
      line: \1\2\3{{ missing_syscalls | join("\3") }}\4
      backrefs: true
      state: present
      mode: g-rwx,o-rwx
    when: syscalls_found | length &gt; 0 and missing_syscalls | length &gt; 0

  - name: Add the audit rule to {{ audit_file }}
    lineinfile:
      path: '{{ audit_file }}'
      line: -a always,exit -F arch=b32 -S {{ syscalls | join(',') }} -F auid&gt;=1000
        -F auid!=unset -F key=perm_mod
      create: true
      mode: g-rwx,o-rwx
      state: present
    when: syscalls_found | length == 0
  when:
  - '"auditd" in ansible_facts.packages'
  - '"linux-base" in ansible_facts.packages'
  - not ( ansible_architecture == "aarch64" )
  tags:
  - CJIS-5.4.1.1
  - NIST-800-171-3.1.7
  - NIST-800-53-AU-12(c)
  - NIST-800-53-AU-2(d)
  - NIST-800-53-CM-6(a)
  - PCI-DSS-Req-10.5.5
  - PCI-DSSv4-10.3
  - PCI-DSSv4-10.3.4
  - audit_rules_dac_modification_chmod
  - low_complexity
  - low_disruption
  - medium_severity
  - reboot_required
  - restrict_strategy

- name: Perform remediation of Audit rules for chmod for 64bit platform
  block:

  - name: Declare list of syscalls
    set_fact:
      syscalls:
      - chmod
      syscall_grouping:
      - chmod
      - fchmod
      - fchmodat

  - name: Check existence of chmod in /etc/audit/rules.d/
    find:
      paths: /etc/audit/rules.d
      contains: -a always,exit -F arch=b64(( -S |,)\w+)*(( -S |,){{ item }})+(( -S
        |,)\w+)* -F auid&gt;=1000 -F auid!=unset (-k\s+|-F\s+key=)\S+\s*$
      patterns: '*.rules'
    register: find_command
    loop: '{{ (syscall_grouping + syscalls) | unique }}'

  - name: Reset syscalls found per file
    set_fact:
      syscalls_per_file: {}
      found_paths_dict: {}

  - name: Declare syscalls found per file
    set_fact: syscalls_per_file="{{ syscalls_per_file | combine( {item.files[0].path
      :[item.item] + syscalls_per_file.get(item.files[0].path, []) } ) }}"
    loop: '{{ find_command.results | selectattr(''matched'') | list }}'

  - name: Declare files where syscalls were found
    set_fact: found_paths="{{ find_command.results | map(attribute='files') | flatten
      | map(attribute='path') | list }}"

  - name: Count occurrences of syscalls in paths
    set_fact: found_paths_dict="{{ found_paths_dict | combine({ item:1+found_paths_dict.get(item,
      0) }) }}"
    loop: '{{ find_command.results | map(attribute=''files'') | flatten | map(attribute=''path'')
      | list }}'

  - name: Get path with most syscalls
    set_fact: audit_file="{{ (found_paths_dict | dict2items() | sort(attribute='value')
      | last).key }}"
    when: found_paths | length &gt;= 1

  - name: No file with syscall found, set path to /etc/audit/rules.d/perm_mod.rules
    set_fact: audit_file="/etc/audit/rules.d/perm_mod.rules"
    when: found_paths | length == 0

  - name: Declare found syscalls
    set_fact: syscalls_found="{{ find_command.results | selectattr('matched') | map(attribute='item')
      | list }}"

  - name: Declare missing syscalls
    set_fact: missing_syscalls="{{ syscalls | difference(syscalls_found) }}"

  - name: Replace the audit rule in {{ audit_file }}
    lineinfile:
      path: '{{ audit_file }}'
      regexp: (-a always,exit -F arch=b64)(?=.*(?:(?:-S |,)(?:{{ syscalls_per_file[audit_file]
        | join("|") }}))\b)((?:( -S |,)\w+)+)( -F auid&gt;=1000 -F auid!=unset (?:-k
        |-F key=)\w+)
      line: \1\2\3{{ missing_syscalls | join("\3") }}\4
      backrefs: true
      state: present
      mode: g-rwx,o-rwx
    when: syscalls_found | length &gt; 0 and missing_syscalls | length &gt; 0

  - name: Add the audit rule to {{ audit_file }}
    lineinfile:
      path: '{{ audit_file }}'
      line: -a always,exit -F arch=b64 -S {{ syscalls | join(',') }} -F auid&gt;=1000
        -F auid!=unset -F key=perm_mod
      create: true
      mode: g-rwx,o-rwx
      state: present
    when: syscalls_found | length == 0

  - name: Declare list of syscalls
    set_fact:
      syscalls:
      - chmod
      syscall_grouping:
      - chmod
      - fchmod
      - fchmodat

  - name: Check existence of chmod in /etc/audit/audit.rules
    find:
      paths: /etc/audit
      contains: -a always,exit -F arch=b64(( -S |,)\w+)*(( -S |,){{ item }})+(( -S
        |,)\w+)* -F auid&gt;=1000 -F auid!=unset (-k\s+|-F\s+key=)\S+\s*$
      patterns: audit.rules
    register: find_command
    loop: '{{ (syscall_grouping + syscalls) | unique }}'

  - name: Set path to /etc/audit/audit.rules
    set_fact: audit_file="/etc/audit/audit.rules"

  - name: Declare found syscalls
    set_fact: syscalls_found="{{ find_command.results | selectattr('matched') | map(attribute='item')
      | list }}"

  - name: Declare missing syscalls
    set_fact: missing_syscalls="{{ syscalls | difference(syscalls_found) }}"

  - name: Replace the audit rule in {{ audit_file }}
    lineinfile:
      path: '{{ audit_file }}'
      regexp: (-a always,exit -F arch=b64)(?=.*(?:(?:-S |,)(?:{{ syscalls_found |
        join("|") }}))\b)((?:( -S |,)\w+)+)( -F auid&gt;=1000 -F auid!=unset (?:-k |-F
        key=)\w+)
      line: \1\2\3{{ missing_syscalls | join("\3") }}\4
      backrefs: true
      state: present
      mode: g-rwx,o-rwx
    when: syscalls_found | length &gt; 0 and missing_syscalls | length &gt; 0

  - name: Add the audit rule to {{ audit_file }}
    lineinfile:
      path: '{{ audit_file }}'
      line: -a always,exit -F arch=b64 -S {{ syscalls | join(',') }} -F auid&gt;=1000
        -F auid!=unset -F key=perm_mod
      create: true
      mode: g-rwx,o-rwx
      state: present
    when: syscalls_found | length == 0
  when:
  - '"auditd" in ansible_facts.packages'
  - '"linux-base" in ansible_facts.packages'
  - not ( ansible_architecture == "aarch64" )
  - audit_arch == "b64"
  tags:
  - CJIS-5.4.1.1
  - NIST-800-171-3.1.7
  - NIST-800-53-AU-12(c)
  - NIST-800-53-AU-2(d)
  - NIST-800-53-CM-6(a)
  - PCI-DSS-Req-10.5.5
  - PCI-DSSv4-10.3
  - PCI-DSSv4-10.3.4
  - audit_rules_dac_modification_chmod
  - low_complexity
  - low_disruption
  - medium_severity
  - reboot_required
  - restrict_strategy
</fix>
          <fix xmlns:xhtml="http://www.w3.org/1999/xhtml" id="audit_rules_dac_modification_chmod" system="urn:xccdf:fix:script:sh"># Remediation is applicable only in certain platforms
if dpkg-query --show --showformat='${db:Status-Status}
' 'linux-base' 2&gt;/dev/null | grep -q ^installed &amp;&amp; dpkg-query --show --showformat='${db:Status-Status}\n' 'auditd' 2&gt;/dev/null | grep -q '^installed' &amp;&amp; { ! ( ( grep -sqE "^.*\.aarch64$" /proc/sys/kernel/osrelease || grep -sqE "^aarch64$" /proc/sys/kernel/arch; ) ); }; then

# First perform the remediation of the syscall rule
# Retrieve hardware architecture of the underlying system
[ "$(getconf LONG_BIT)" = "32" ] &amp;&amp; RULE_ARCHS=("b32") || RULE_ARCHS=("b32" "b64")

for ARCH in "${RULE_ARCHS[@]}"
do
	ACTION_ARCH_FILTERS="-a always,exit -F arch=$ARCH"
	OTHER_FILTERS=""
	AUID_FILTERS="-F auid&gt;=1000 -F auid!=unset"
	SYSCALL="chmod"
	KEY="perm_mod"
	SYSCALL_GROUPING="chmod fchmod fchmodat"

	# Perform the remediation for both possible tools: 'auditctl' and 'augenrules'
	unset syscall_a
unset syscall_grouping
unset syscall_string
unset syscall
unset file_to_edit
unset rule_to_edit
unset rule_syscalls_to_edit
unset other_string
unset auid_string
unset full_rule

# Load macro arguments into arrays
read -a syscall_a &lt;&lt;&lt; $SYSCALL
read -a syscall_grouping &lt;&lt;&lt; $SYSCALL_GROUPING

# Create a list of audit *.rules files that should be inspected for presence and correctness
# of a particular audit rule. The scheme is as follows:
#
# -----------------------------------------------------------------------------------------
#  Tool used to load audit rules | Rule already defined  |  Audit rules file to inspect    |
# -----------------------------------------------------------------------------------------
#        auditctl                |     Doesn't matter    |  /etc/audit/audit.rules         |
# -----------------------------------------------------------------------------------------
#        augenrules              |          Yes          |  /etc/audit/rules.d/*.rules     |
#        augenrules              |          No           |  /etc/audit/rules.d/$key.rules  |
# -----------------------------------------------------------------------------------------
#
files_to_inspect=()

# If audit tool is 'augenrules', then check if the audit rule is defined
# If rule is defined, add '/etc/audit/rules.d/*.rules' to the list for inspection
# If rule isn't defined yet, add '/etc/audit/rules.d/$key.rules' to the list for inspection
default_file="/etc/audit/rules.d/$KEY.rules"
# As other_filters may include paths, lets use a different delimiter for it
# The "F" script expression tells sed to print the filenames where the expressions matched
readarray -t files_to_inspect &lt; &lt;(sed -s -n -e "/^$ACTION_ARCH_FILTERS/!d" -e "\#$OTHER_FILTERS#!d" -e "/$AUID_FILTERS/!d" -e "F" /etc/audit/rules.d/*.rules)
# Case when particular rule isn't defined in /etc/audit/rules.d/*.rules yet
if [ ${#files_to_inspect[@]} -eq "0" ]
then
    file_to_inspect="/etc/audit/rules.d/$KEY.rules"
    files_to_inspect=("$file_to_inspect")
    if [ ! -e "$file_to_inspect" ]
    then
        touch "$file_to_inspect"
        chmod 0600 "$file_to_inspect"
    fi
fi

# After converting to jinja, we cannot return; therefore we skip the rest of the macro if needed instead
skip=1

for audit_file in "${files_to_inspect[@]}"
do
    # Filter existing $audit_file rules' definitions to select those that satisfy the rule pattern,
    # i.e, collect rules that match:
    # * the action, list and arch, (2-nd argument)
    # * the other filters, (3-rd argument)
    # * the auid filters, (4-rd argument)
    readarray -t similar_rules &lt; &lt;(sed -e "/^$ACTION_ARCH_FILTERS/!d"  -e "\#$OTHER_FILTERS#!d" -e "/$AUID_FILTERS/!d" "$audit_file")

    candidate_rules=()
    # Filter out rules that have more fields then required. This will remove rules more specific than the required scope
    for s_rule in "${similar_rules[@]}"
    do
        # Strip all the options and fields we know of,
        # than check if there was any field left over
        extra_fields=$(sed -E -e "s/^$ACTION_ARCH_FILTERS//"  -e "s#$OTHER_FILTERS##" -e "s/$AUID_FILTERS//" -e "s/((:?-S [[:alnum:],]+)+)//g" -e "s/-F key=\w+|-k \w+//"&lt;&lt;&lt; "$s_rule")
        grep -q -- "-F" &lt;&lt;&lt; "$extra_fields" || candidate_rules+=("$s_rule")
    done

    if [[ ${#syscall_a[@]} -ge 1 ]]
    then
        # Check if the syscall we want is present in any of the similar existing rules
        for rule in "${candidate_rules[@]}"
        do
            rule_syscalls=$(echo "$rule" | grep -o -P '(-S [\w,]+)+' | xargs)
            all_syscalls_found=0
            for syscall in "${syscall_a[@]}"
            do
                grep -q -- "\b${syscall}\b" &lt;&lt;&lt; "$rule_syscalls" || {
                   # A syscall was not found in the candidate rule
                   all_syscalls_found=1
                   }
            done
            if [[ $all_syscalls_found -eq 0 ]]
            then
                # We found a rule with all the syscall(s) we want; skip rest of macro
                skip=0
                break
            fi

            # Check if this rule can be grouped with our target syscall and keep track of it
            for syscall_g in "${syscall_grouping[@]}"
            do
                if grep -q -- "\b${syscall_g}\b" &lt;&lt;&lt; "$rule_syscalls"
                then
                    file_to_edit=${audit_file}
                    rule_to_edit=${rule}
                    rule_syscalls_to_edit=${rule_syscalls}
                fi
            done
        done
    else
        # If there is any candidate rule, it is compliant; skip rest of macro
        if [ "${#candidate_rules[@]}" -gt 0 ]
        then
            skip=0
        fi
    fi

    if [ "$skip" -eq 0 ]; then
        break
    fi
done

if [ "$skip" -ne 0 ]; then
    # We checked all rules that matched the expected resemblance pattern (action, arch &amp; auid)
    # At this point we know if we need to either append the $full_rule or group
    # the syscall together with an exsiting rule

    # Append the full_rule if it cannot be grouped to any other rule
    if [ -z ${rule_to_edit+x} ]
    then
        # Build full_rule while avoid adding double spaces when other_filters is empty
        if [ "${#syscall_a[@]}" -gt 0 ]
        then
            syscall_string=""
            for syscall in "${syscall_a[@]}"
            do
                syscall_string+=" -S $syscall"
            done
        fi
        other_string=$([[ $OTHER_FILTERS ]] &amp;&amp; echo " $OTHER_FILTERS") || /bin/true
        auid_string=$([[ $AUID_FILTERS ]] &amp;&amp; echo " $AUID_FILTERS") || /bin/true
        full_rule="$ACTION_ARCH_FILTERS${syscall_string}${other_string}${auid_string} -F key=$KEY" || /bin/true
        echo "$full_rule" &gt;&gt; "$default_file"
        chmod 0600 ${default_file}
    else
        # Check if the syscalls are declared as a comma separated list or
        # as multiple -S parameters
        if grep -q -- "," &lt;&lt;&lt; "${rule_syscalls_to_edit}"
        then
            delimiter=","
        else
            delimiter=" -S "
        fi
        new_grouped_syscalls="${rule_syscalls_to_edit}"
        for syscall in "${syscall_a[@]}"
        do
            grep -q -- "\b${syscall}\b" &lt;&lt;&lt; "${rule_syscalls_to_edit}" || {
               # A syscall was not found in the candidate rule
               new_grouped_syscalls+="${delimiter}${syscall}"
               }
        done

        # Group the syscall in the rule
        sed -i -e "\#${rule_to_edit}#s#${rule_syscalls_to_edit}#${new_grouped_syscalls}#" "$file_to_edit"
    fi
fi
	unset syscall_a
unset syscall_grouping
unset syscall_string
unset syscall
unset file_to_edit
unset rule_to_edit
unset rule_syscalls_to_edit
unset other_string
unset auid_string
unset full_rule

# Load macro arguments into arrays
read -a syscall_a &lt;&lt;&lt; $SYSCALL
read -a syscall_grouping &lt;&lt;&lt; $SYSCALL_GROUPING

# Create a list of audit *.rules files that should be inspected for presence and correctness
# of a particular audit rule. The scheme is as follows:
#
# -----------------------------------------------------------------------------------------
#  Tool used to load audit rules | Rule already defined  |  Audit rules file to inspect    |
# -----------------------------------------------------------------------------------------
#        auditctl                |     Doesn't matter    |  /etc/audit/audit.rules         |
# -----------------------------------------------------------------------------------------
#        augenrules              |          Yes          |  /etc/audit/rules.d/*.rules     |
#        augenrules              |          No           |  /etc/audit/rules.d/$key.rules  |
# -----------------------------------------------------------------------------------------
#
files_to_inspect=()


# If audit tool is 'auditctl', then add '/etc/audit/audit.rules'
# file to the list of files to be inspected
default_file="/etc/audit/audit.rules"
files_to_inspect+=('/etc/audit/audit.rules' )

# After converting to jinja, we cannot return; therefore we skip the rest of the macro if needed instead
skip=1

for audit_file in "${files_to_inspect[@]}"
do
    # Filter existing $audit_file rules' definitions to select those that satisfy the rule pattern,
    # i.e, collect rules that match:
    # * the action, list and arch, (2-nd argument)
    # * the other filters, (3-rd argument)
    # * the auid filters, (4-rd argument)
    readarray -t similar_rules &lt; &lt;(sed -e "/^$ACTION_ARCH_FILTERS/!d"  -e "\#$OTHER_FILTERS#!d" -e "/$AUID_FILTERS/!d" "$audit_file")

    candidate_rules=()
    # Filter out rules that have more fields then required. This will remove rules more specific than the required scope
    for s_rule in "${similar_rules[@]}"
    do
        # Strip all the options and fields we know of,
        # than check if there was any field left over
        extra_fields=$(sed -E -e "s/^$ACTION_ARCH_FILTERS//"  -e "s#$OTHER_FILTERS##" -e "s/$AUID_FILTERS//" -e "s/((:?-S [[:alnum:],]+)+)//g" -e "s/-F key=\w+|-k \w+//"&lt;&lt;&lt; "$s_rule")
        grep -q -- "-F" &lt;&lt;&lt; "$extra_fields" || candidate_rules+=("$s_rule")
    done

    if [[ ${#syscall_a[@]} -ge 1 ]]
    then
        # Check if the syscall we want is present in any of the similar existing rules
        for rule in "${candidate_rules[@]}"
        do
            rule_syscalls=$(echo "$rule" | grep -o -P '(-S [\w,]+)+' | xargs)
            all_syscalls_found=0
            for syscall in "${syscall_a[@]}"
            do
                grep -q -- "\b${syscall}\b" &lt;&lt;&lt; "$rule_syscalls" || {
                   # A syscall was not found in the candidate rule
                   all_syscalls_found=1
                   }
            done
            if [[ $all_syscalls_found -eq 0 ]]
            then
                # We found a rule with all the syscall(s) we want; skip rest of macro
                skip=0
                break
            fi

            # Check if this rule can be grouped with our target syscall and keep track of it
            for syscall_g in "${syscall_grouping[@]}"
            do
                if grep -q -- "\b${syscall_g}\b" &lt;&lt;&lt; "$rule_syscalls"
                then
                    file_to_edit=${audit_file}
                    rule_to_edit=${rule}
                    rule_syscalls_to_edit=${rule_syscalls}
                fi
            done
        done
    else
        # If there is any candidate rule, it is compliant; skip rest of macro
        if [ "${#candidate_rules[@]}" -gt 0 ]
        then
            skip=0
        fi
    fi

    if [ "$skip" -eq 0 ]; then
        break
    fi
done

if [ "$skip" -ne 0 ]; then
    # We checked all rules that matched the expected resemblance pattern (action, arch &amp; auid)
    # At this point we know if we need to either append the $full_rule or group
    # the syscall together with an exsiting rule

    # Append the full_rule if it cannot be grouped to any other rule
    if [ -z ${rule_to_edit+x} ]
    then
        # Build full_rule while avoid adding double spaces when other_filters is empty
        if [ "${#syscall_a[@]}" -gt 0 ]
        then
            syscall_string=""
            for syscall in "${syscall_a[@]}"
            do
                syscall_string+=" -S $syscall"
            done
        fi
        other_string=$([[ $OTHER_FILTERS ]] &amp;&amp; echo " $OTHER_FILTERS") || /bin/true
        auid_string=$([[ $AUID_FILTERS ]] &amp;&amp; echo " $AUID_FILTERS") || /bin/true
        full_rule="$ACTION_ARCH_FILTERS${syscall_string}${other_string}${auid_string} -F key=$KEY" || /bin/true
        echo "$full_rule" &gt;&gt; "$default_file"
        chmod 0600 ${default_file}
    else
        # Check if the syscalls are declared as a comma separated list or
        # as multiple -S parameters
        if grep -q -- "," &lt;&lt;&lt; "${rule_syscalls_to_edit}"
        then
            delimiter=","
        else
            delimiter=" -S "
        fi
        new_grouped_syscalls="${rule_syscalls_to_edit}"
        for syscall in "${syscall_a[@]}"
        do
            grep -q -- "\b${syscall}\b" &lt;&lt;&lt; "${rule_syscalls_to_edit}" || {
               # A syscall was not found in the candidate rule
               new_grouped_syscalls+="${delimiter}${syscall}"
               }
        done

        # Group the syscall in the rule
        sed -i -e "\#${rule_to_edit}#s#${rule_syscalls_to_edit}#${new_grouped_syscalls}#" "$file_to_edit"
    fi
fi
done

else
    &gt;&amp;2 echo 'Remediation is not applicable, nothing was done'
fi
</fix>
          <check system="http://oval.mitre.org/XMLSchema/oval-definitions-5">
            <check-content-ref name="oval:ssg-audit_rules_dac_modification_chmod:def:1" href="ssg-ubuntu2404-oval.xml"/>
          </check>
          <check system="http://scap.nist.gov/schema/ocil/2">
            <check-content-ref name="ocil:ssg-audit_rules_dac_modification_chmod_ocil:questionnaire:1" href="ssg-ubuntu2404-ocil.xml"/>
          </check>
        </Rule>
        <Rule id="xccdf_org.ssgproject.content_rule_audit_rules_dac_modification_chown" selected="false" role="full" severity="medium">
          <title xmlns:xhtml="http://www.w3.org/1999/xhtml" xml:lang="en-US">Record Events that Modify the System's Discretionary Access Controls - chown</title>
          <description xmlns:xhtml="http://www.w3.org/1999/xhtml" xml:lang="en-US">At a minimum, the audit system should collect file permission
changes for all users and root. If the <html:code xmlns:html="http://www.w3.org/1999/xhtml">auditd</html:code> daemon is configured to
use the <html:code xmlns:html="http://www.w3.org/1999/xhtml">augenrules</html:code> program to read audit rules during daemon startup
(the default), add the following line to a file with suffix <html:code xmlns:html="http://www.w3.org/1999/xhtml">.rules</html:code> in
the directory <html:code xmlns:html="http://www.w3.org/1999/xhtml">/etc/audit/rules.d</html:code>:
<html:pre xmlns:html="http://www.w3.org/1999/xhtml">-a always,exit -F arch=b32 -S chown -F auid&gt;=1000 -F auid!=unset -F key=perm_mod</html:pre>
If the system is 64 bit then also add the following line:
<html:pre xmlns:html="http://www.w3.org/1999/xhtml">-a always,exit -F arch=b64 -S chown -F auid&gt;=1000 -F auid!=unset -F key=perm_mod</html:pre>
If the <html:code xmlns:html="http://www.w3.org/1999/xhtml">auditd</html:code> daemon is configured to use the <html:code xmlns:html="http://www.w3.org/1999/xhtml">auditctl</html:code>
utility to read audit rules during daemon startup, add the following line to
<html:code xmlns:html="http://www.w3.org/1999/xhtml">/etc/audit/audit.rules</html:code> file:
<html:pre xmlns:html="http://www.w3.org/1999/xhtml">-a always,exit -F arch=b32 -S chown -F auid&gt;=1000 -F auid!=unset -F key=perm_mod</html:pre>
If the system is 64 bit then also add the following line:
<html:pre xmlns:html="http://www.w3.org/1999/xhtml">-a always,exit -F arch=b64 -S chown -F auid&gt;=1000 -F auid!=unset -F key=perm_mod</html:pre>
       </description>
          <warning xmlns:xhtml="http://www.w3.org/1999/xhtml" xml:lang="en-US" category="general">Note that these rules can be configured in a
number of ways while still achieving the desired effect.  Here the system calls
have been placed independent of other system calls.  Grouping these system
calls with others as identifying earlier in this guide is more efficient.</warning>
          <reference href="https://www.cisecurity.org/controls/">1</reference>
          <reference href="https://www.cisecurity.org/controls/">11</reference>
          <reference href="https://www.cisecurity.org/controls/">12</reference>
          <reference href="https://www.cisecurity.org/controls/">13</reference>
          <reference href="https://www.cisecurity.org/controls/">14</reference>
          <reference href="https://www.cisecurity.org/controls/">15</reference>
          <reference href="https://www.cisecurity.org/controls/">16</reference>
          <reference href="https://www.cisecurity.org/controls/">19</reference>
          <reference href="https://www.cisecurity.org/controls/">2</reference>
          <reference href="https://www.cisecurity.org/controls/">3</reference>
          <reference href="https://www.cisecurity.org/controls/">4</reference>
          <reference href="https://www.cisecurity.org/controls/">5</reference>
          <reference href="https://www.cisecurity.org/controls/">6</reference>
          <reference href="https://www.cisecurity.org/controls/">7</reference>
          <reference href="https://www.cisecurity.org/controls/">8</reference>
          <reference href="https://www.cisecurity.org/controls/">9</reference>
          <reference href="https://www.fbi.gov/file-repository/cjis-security-policy-v5_5_20160601-2-1.pdf">5.4.1.1</reference>
          <reference href="https://www.isaca.org/resources/cobit">APO10.01</reference>
          <reference href="https://www.isaca.org/resources/cobit">APO10.03</reference>
          <reference href="https://www.isaca.org/resources/cobit">APO10.04</reference>
          <reference href="https://www.isaca.org/resources/cobit">APO10.05</reference>
          <reference href="https://www.isaca.org/resources/cobit">APO11.04</reference>
          <reference href="https://www.isaca.org/resources/cobit">APO12.06</reference>
          <reference href="https://www.isaca.org/resources/cobit">APO13.01</reference>
          <reference href="https://www.isaca.org/resources/cobit">BAI03.05</reference>
          <reference href="https://www.isaca.org/resources/cobit">BAI08.02</reference>
          <reference href="https://www.isaca.org/resources/cobit">DSS01.03</reference>
          <reference href="https://www.isaca.org/resources/cobit">DSS01.04</reference>
          <reference href="https://www.isaca.org/resources/cobit">DSS02.02</reference>
          <reference href="https://www.isaca.org/resources/cobit">DSS02.04</reference>
          <reference href="https://www.isaca.org/resources/cobit">DSS02.07</reference>
          <reference href="https://www.isaca.org/resources/cobit">DSS03.01</reference>
          <reference href="https://www.isaca.org/resources/cobit">DSS03.05</reference>
          <reference href="https://www.isaca.org/resources/cobit">DSS05.02</reference>
          <reference href="https://www.isaca.org/resources/cobit">DSS05.03</reference>
          <reference href="https://www.isaca.org/resources/cobit">DSS05.04</reference>
          <reference href="https://www.isaca.org/resources/cobit">DSS05.05</reference>
          <reference href="https://www.isaca.org/resources/cobit">DSS05.07</reference>
          <reference href="https://www.isaca.org/resources/cobit">MEA01.01</reference>
          <reference href="https://www.isaca.org/resources/cobit">MEA01.02</reference>
          <reference href="https://www.isaca.org/resources/cobit">MEA01.03</reference>
          <reference href="https://www.isaca.org/resources/cobit">MEA01.04</reference>
          <reference href="https://www.isaca.org/resources/cobit">MEA01.05</reference>
          <reference href="https://www.isaca.org/resources/cobit">MEA02.01</reference>
          <reference href="http://nvlpubs.nist.gov/nistpubs/SpecialPublications/NIST.SP.800-171.pdf">3.1.7</reference>
          <reference href="https://public.cyber.mil/stigs/cci/">CCI-000172</reference>
          <reference href="https://public.cyber.mil/stigs/cci/">CCI-000130</reference>
          <reference href="https://public.cyber.mil/stigs/cci/">CCI-000135</reference>
          <reference href="https://public.cyber.mil/stigs/cci/">CCI-000169</reference>
          <reference href="https://public.cyber.mil/stigs/cci/">CCI-002884</reference>
          <reference href="https://www.gpo.gov/fdsys/pkg/CFR-2007-title45-vol1/pdf/CFR-2007-title45-vol1-chapA-subchapC.pdf">164.308(a)(1)(ii)(D)</reference>
          <reference href="https://www.gpo.gov/fdsys/pkg/CFR-2007-title45-vol1/pdf/CFR-2007-title45-vol1-chapA-subchapC.pdf">164.308(a)(3)(ii)(A)</reference>
          <reference href="https://www.gpo.gov/fdsys/pkg/CFR-2007-title45-vol1/pdf/CFR-2007-title45-vol1-chapA-subchapC.pdf">164.308(a)(5)(ii)(C)</reference>
          <reference href="https://www.gpo.gov/fdsys/pkg/CFR-2007-title45-vol1/pdf/CFR-2007-title45-vol1-chapA-subchapC.pdf">164.312(a)(2)(i)</reference>
          <reference href="https://www.gpo.gov/fdsys/pkg/CFR-2007-title45-vol1/pdf/CFR-2007-title45-vol1-chapA-subchapC.pdf">164.312(b)</reference>
          <reference href="https://www.gpo.gov/fdsys/pkg/CFR-2007-title45-vol1/pdf/CFR-2007-title45-vol1-chapA-subchapC.pdf">164.312(d)</reference>
          <reference href="https://www.gpo.gov/fdsys/pkg/CFR-2007-title45-vol1/pdf/CFR-2007-title45-vol1-chapA-subchapC.pdf">164.312(e)</reference>
          <reference href="https://www.isa.org/products/isa-62443-2-1-2009-security-for-industrial-automat">4.2.3.10</reference>
          <reference href="https://www.isa.org/products/isa-62443-2-1-2009-security-for-industrial-automat">4.3.2.6.7</reference>
          <reference href="https://www.isa.org/products/isa-62443-2-1-2009-security-for-industrial-automat">4.3.3.3.9</reference>
          <reference href="https://www.isa.org/products/isa-62443-2-1-2009-security-for-industrial-automat">4.3.3.5.8</reference>
          <reference href="https://www.isa.org/products/isa-62443-2-1-2009-security-for-industrial-automat">4.3.3.6.6</reference>
          <reference href="https://www.isa.org/products/isa-62443-2-1-2009-security-for-industrial-automat">4.3.4.4.7</reference>
          <reference href="https://www.isa.org/products/isa-62443-2-1-2009-security-for-industrial-automat">4.3.4.5.6</reference>
          <reference href="https://www.isa.org/products/isa-62443-2-1-2009-security-for-industrial-automat">4.3.4.5.7</reference>
          <reference href="https://www.isa.org/products/isa-62443-2-1-2009-security-for-industrial-automat">4.3.4.5.8</reference>
          <reference href="https://www.isa.org/products/isa-62443-2-1-2009-security-for-industrial-automat">4.4.2.1</reference>
          <reference href="https://www.isa.org/products/isa-62443-2-1-2009-security-for-industrial-automat">4.4.2.2</reference>
          <reference href="https://www.isa.org/products/isa-62443-2-1-2009-security-for-industrial-automat">4.4.2.4</reference>
          <reference href="https://www.isa.org/products/ansi-isa-62443-3-3-99-03-03-2013-security-for-indu">SR 1.13</reference>
          <reference href="https://www.isa.org/products/ansi-isa-62443-3-3-99-03-03-2013-security-for-indu">SR 2.10</reference>
          <reference href="https://www.isa.org/products/ansi-isa-62443-3-3-99-03-03-2013-security-for-indu">SR 2.11</reference>
          <reference href="https://www.isa.org/products/ansi-isa-62443-3-3-99-03-03-2013-security-for-indu">SR 2.12</reference>
          <reference href="https://www.isa.org/products/ansi-isa-62443-3-3-99-03-03-2013-security-for-indu">SR 2.6</reference>
          <reference href="https://www.isa.org/products/ansi-isa-62443-3-3-99-03-03-2013-security-for-indu">SR 2.8</reference>
          <reference href="https://www.isa.org/products/ansi-isa-62443-3-3-99-03-03-2013-security-for-indu">SR 2.9</reference>
          <reference href="https://www.isa.org/products/ansi-isa-62443-3-3-99-03-03-2013-security-for-indu">SR 3.1</reference>
          <reference href="https://www.isa.org/products/ansi-isa-62443-3-3-99-03-03-2013-security-for-indu">SR 3.5</reference>
          <reference href="https://www.isa.org/products/ansi-isa-62443-3-3-99-03-03-2013-security-for-indu">SR 3.8</reference>
          <reference href="https://www.isa.org/products/ansi-isa-62443-3-3-99-03-03-2013-security-for-indu">SR 4.1</reference>
          <reference href="https://www.isa.org/products/ansi-isa-62443-3-3-99-03-03-2013-security-for-indu">SR 4.3</reference>
          <reference href="https://www.isa.org/products/ansi-isa-62443-3-3-99-03-03-2013-security-for-indu">SR 5.1</reference>
          <reference href="https://www.isa.org/products/ansi-isa-62443-3-3-99-03-03-2013-security-for-indu">SR 5.2</reference>
          <reference href="https://www.isa.org/products/ansi-isa-62443-3-3-99-03-03-2013-security-for-indu">SR 5.3</reference>
          <reference href="https://www.isa.org/products/ansi-isa-62443-3-3-99-03-03-2013-security-for-indu">SR 6.1</reference>
          <reference href="https://www.isa.org/products/ansi-isa-62443-3-3-99-03-03-2013-security-for-indu">SR 6.2</reference>
          <reference href="https://www.isa.org/products/ansi-isa-62443-3-3-99-03-03-2013-security-for-indu">SR 7.1</reference>
          <reference href="https://www.isa.org/products/ansi-isa-62443-3-3-99-03-03-2013-security-for-indu">SR 7.6</reference>
          <reference href="https://www.iso.org/contents/data/standard/05/45/54534.html">A.11.2.6</reference>
          <reference href="https://www.iso.org/contents/data/standard/05/45/54534.html">A.12.4.1</reference>
          <reference href="https://www.iso.org/contents/data/standard/05/45/54534.html">A.12.4.2</reference>
          <reference href="https://www.iso.org/contents/data/standard/05/45/54534.html">A.12.4.3</reference>
          <reference href="https://www.iso.org/contents/data/standard/05/45/54534.html">A.12.4.4</reference>
          <reference href="https://www.iso.org/contents/data/standard/05/45/54534.html">A.12.7.1</reference>
          <reference href="https://www.iso.org/contents/data/standard/05/45/54534.html">A.13.1.1</reference>
          <reference href="https://www.iso.org/contents/data/standard/05/45/54534.html">A.13.2.1</reference>
          <reference href="https://www.iso.org/contents/data/standard/05/45/54534.html">A.14.1.3</reference>
          <reference href="https://www.iso.org/contents/data/standard/05/45/54534.html">A.14.2.7</reference>
          <reference href="https://www.iso.org/contents/data/standard/05/45/54534.html">A.15.2.1</reference>
          <reference href="https://www.iso.org/contents/data/standard/05/45/54534.html">A.15.2.2</reference>
          <reference href="https://www.iso.org/contents/data/standard/05/45/54534.html">A.16.1.4</reference>
          <reference href="https://www.iso.org/contents/data/standard/05/45/54534.html">A.16.1.5</reference>
          <reference href="https://www.iso.org/contents/data/standard/05/45/54534.html">A.16.1.7</reference>
          <reference href="https://www.iso.org/contents/data/standard/05/45/54534.html">A.6.2.1</reference>
          <reference href="https://www.iso.org/contents/data/standard/05/45/54534.html">A.6.2.2</reference>
          <reference href="http://nvlpubs.nist.gov/nistpubs/SpecialPublications/NIST.SP.800-53r4.pdf">AU-2(d)</reference>
          <reference href="http://nvlpubs.nist.gov/nistpubs/SpecialPublications/NIST.SP.800-53r4.pdf">AU-12(c)</reference>
          <reference href="http://nvlpubs.nist.gov/nistpubs/SpecialPublications/NIST.SP.800-53r4.pdf">CM-6(a)</reference>
          <reference href="https://nvlpubs.nist.gov/nistpubs/CSWP/NIST.CSWP.04162018.pdf">DE.AE-3</reference>
          <reference href="https://nvlpubs.nist.gov/nistpubs/CSWP/NIST.CSWP.04162018.pdf">DE.AE-5</reference>
          <reference href="https://nvlpubs.nist.gov/nistpubs/CSWP/NIST.CSWP.04162018.pdf">DE.CM-1</reference>
          <reference href="https://nvlpubs.nist.gov/nistpubs/CSWP/NIST.CSWP.04162018.pdf">DE.CM-3</reference>
          <reference href="https://nvlpubs.nist.gov/nistpubs/CSWP/NIST.CSWP.04162018.pdf">DE.CM-7</reference>
          <reference href="https://nvlpubs.nist.gov/nistpubs/CSWP/NIST.CSWP.04162018.pdf">ID.SC-4</reference>
          <reference href="https://nvlpubs.nist.gov/nistpubs/CSWP/NIST.CSWP.04162018.pdf">PR.AC-3</reference>
          <reference href="https://nvlpubs.nist.gov/nistpubs/CSWP/NIST.CSWP.04162018.pdf">PR.PT-1</reference>
          <reference href="https://nvlpubs.nist.gov/nistpubs/CSWP/NIST.CSWP.04162018.pdf">PR.PT-4</reference>
          <reference href="https://nvlpubs.nist.gov/nistpubs/CSWP/NIST.CSWP.04162018.pdf">RS.AN-1</reference>
          <reference href="https://nvlpubs.nist.gov/nistpubs/CSWP/NIST.CSWP.04162018.pdf">RS.AN-4</reference>
          <reference href="https://www.pcisecuritystandards.org/documents/PCI_DSS_v3-2-1.pdf">Req-10.5.5</reference>
          <reference href="https://public.cyber.mil/stigs/downloads/?_dl_facet_stigs=operating-systems%2Cgeneral-purpose-os">SRG-OS-000037-GPOS-00015</reference>
          <reference href="https://public.cyber.mil/stigs/downloads/?_dl_facet_stigs=operating-systems%2Cgeneral-purpose-os">SRG-OS-000042-GPOS-00020</reference>
          <reference href="https://public.cyber.mil/stigs/downloads/?_dl_facet_stigs=operating-systems%2Cgeneral-purpose-os">SRG-OS-000062-GPOS-00031</reference>
          <reference href="https://public.cyber.mil/stigs/downloads/?_dl_facet_stigs=operating-systems%2Cgeneral-purpose-os">SRG-OS-000392-GPOS-00172</reference>
          <reference href="https://public.cyber.mil/stigs/downloads/?_dl_facet_stigs=operating-systems%2Cgeneral-purpose-os">SRG-OS-000462-GPOS-00206</reference>
          <reference href="https://public.cyber.mil/stigs/downloads/?_dl_facet_stigs=operating-systems%2Cgeneral-purpose-os">SRG-OS-000471-GPOS-00215</reference>
          <reference href="https://public.cyber.mil/stigs/downloads/?_dl_facet_stigs=operating-systems%2Cgeneral-purpose-os">SRG-OS-000064-GPOS-00033</reference>
          <reference href="https://public.cyber.mil/stigs/downloads/?_dl_facet_stigs=operating-systems%2Cgeneral-purpose-os">SRG-OS-000466-GPOS-00210</reference>
          <reference href="https://public.cyber.mil/stigs/downloads/?_dl_facet_stigs=operating-systems%2Cgeneral-purpose-os">SRG-OS-000458-GPOS-00203</reference>
          <reference href="https://public.cyber.mil/stigs/downloads/?_dl_facet_stigs=operating-systems%2Cgeneral-purpose-os">SRG-OS-000474-GPOS-00219</reference>
          <reference href="https://public.cyber.mil/stigs/downloads/?_dl_facet_stigs=container-platform">SRG-APP-000091-CTR-000160</reference>
          <reference href="https://public.cyber.mil/stigs/downloads/?_dl_facet_stigs=container-platform">SRG-APP-000492-CTR-001220</reference>
          <reference href="https://public.cyber.mil/stigs/downloads/?_dl_facet_stigs=container-platform">SRG-APP-000493-CTR-001225</reference>
          <reference href="https://public.cyber.mil/stigs/downloads/?_dl_facet_stigs=container-platform">SRG-APP-000494-CTR-001230</reference>
          <reference href="https://public.cyber.mil/stigs/downloads/?_dl_facet_stigs=container-platform">SRG-APP-000500-CTR-001260</reference>
          <reference href="https://public.cyber.mil/stigs/downloads/?_dl_facet_stigs=container-platform">SRG-APP-000507-CTR-001295</reference>
          <reference href="https://public.cyber.mil/stigs/downloads/?_dl_facet_stigs=container-platform">SRG-APP-000495-CTR-001235</reference>
          <reference href="https://public.cyber.mil/stigs/downloads/?_dl_facet_stigs=container-platform">SRG-APP-000499-CTR-001255</reference>
          <reference href="https://cyber.gouv.fr/sites/default/files/document/linux_configuration-en-v2.pdf">R73</reference>
          <reference href="https://www.cisecurity.org/benchmark/ubuntu_linux/">6.2.3.9</reference>
          <reference href="https://docs-prv.pcisecuritystandards.org/PCI%20DSS/Standard/PCI-DSS-v4_0.pdf">10.3.4</reference>
          <reference href="https://docs-prv.pcisecuritystandards.org/PCI%20DSS/Standard/PCI-DSS-v4_0.pdf">10.3</reference>
          <rationale xmlns:xhtml="http://www.w3.org/1999/xhtml" xml:lang="en-US">The changing of file permissions could indicate that a user is attempting to
gain access to information that would otherwise be disallowed. Auditing DAC modifications
can facilitate the identification of patterns of abuse among both authorized and
unauthorized users.</rationale>
          <platform idref="#not_aarch64_arch"/>
          <fix xmlns:xhtml="http://www.w3.org/1999/xhtml" id="audit_rules_dac_modification_chown" system="urn:xccdf:fix:script:ansible" reboot="true" complexity="low" disruption="low" strategy="restrict">- name: Gather the package facts
  package_facts:
    manager: auto
  tags:
  - CJIS-5.4.1.1
  - NIST-800-171-3.1.7
  - NIST-800-53-AU-12(c)
  - NIST-800-53-AU-2(d)
  - NIST-800-53-CM-6(a)
  - PCI-DSS-Req-10.5.5
  - PCI-DSSv4-10.3
  - PCI-DSSv4-10.3.4
  - audit_rules_dac_modification_chown
  - low_complexity
  - low_disruption
  - medium_severity
  - reboot_required
  - restrict_strategy

- name: Set architecture for audit chown tasks
  set_fact:
    audit_arch: b64
  when:
  - '"auditd" in ansible_facts.packages'
  - '"linux-base" in ansible_facts.packages'
  - not ( ansible_architecture == "aarch64" )
  - ansible_architecture == "aarch64" or ansible_architecture == "ppc64" or ansible_architecture
    == "ppc64le" or ansible_architecture == "s390x" or ansible_architecture == "x86_64"
  tags:
  - CJIS-5.4.1.1
  - NIST-800-171-3.1.7
  - NIST-800-53-AU-12(c)
  - NIST-800-53-AU-2(d)
  - NIST-800-53-CM-6(a)
  - PCI-DSS-Req-10.5.5
  - PCI-DSSv4-10.3
  - PCI-DSSv4-10.3.4
  - audit_rules_dac_modification_chown
  - low_complexity
  - low_disruption
  - medium_severity
  - reboot_required
  - restrict_strategy

- name: Perform remediation of Audit rules for chown for 32bit platform
  block:

  - name: Declare list of syscalls
    set_fact:
      syscalls:
      - chown
      syscall_grouping:
      - chown
      - fchown
      - fchownat
      - lchown

  - name: Check existence of chown in /etc/audit/rules.d/
    find:
      paths: /etc/audit/rules.d
      contains: -a always,exit -F arch=b32(( -S |,)\w+)*(( -S |,){{ item }})+(( -S
        |,)\w+)* -F auid&gt;=1000 -F auid!=unset (-k\s+|-F\s+key=)\S+\s*$
      patterns: '*.rules'
    register: find_command
    loop: '{{ (syscall_grouping + syscalls) | unique }}'

  - name: Reset syscalls found per file
    set_fact:
      syscalls_per_file: {}
      found_paths_dict: {}

  - name: Declare syscalls found per file
    set_fact: syscalls_per_file="{{ syscalls_per_file | combine( {item.files[0].path
      :[item.item] + syscalls_per_file.get(item.files[0].path, []) } ) }}"
    loop: '{{ find_command.results | selectattr(''matched'') | list }}'

  - name: Declare files where syscalls were found
    set_fact: found_paths="{{ find_command.results | map(attribute='files') | flatten
      | map(attribute='path') | list }}"

  - name: Count occurrences of syscalls in paths
    set_fact: found_paths_dict="{{ found_paths_dict | combine({ item:1+found_paths_dict.get(item,
      0) }) }}"
    loop: '{{ find_command.results | map(attribute=''files'') | flatten | map(attribute=''path'')
      | list }}'

  - name: Get path with most syscalls
    set_fact: audit_file="{{ (found_paths_dict | dict2items() | sort(attribute='value')
      | last).key }}"
    when: found_paths | length &gt;= 1

  - name: No file with syscall found, set path to /etc/audit/rules.d/perm_mod.rules
    set_fact: audit_file="/etc/audit/rules.d/perm_mod.rules"
    when: found_paths | length == 0

  - name: Declare found syscalls
    set_fact: syscalls_found="{{ find_command.results | selectattr('matched') | map(attribute='item')
      | list }}"

  - name: Declare missing syscalls
    set_fact: missing_syscalls="{{ syscalls | difference(syscalls_found) }}"

  - name: Replace the audit rule in {{ audit_file }}
    lineinfile:
      path: '{{ audit_file }}'
      regexp: (-a always,exit -F arch=b32)(?=.*(?:(?:-S |,)(?:{{ syscalls_per_file[audit_file]
        | join("|") }}))\b)((?:( -S |,)\w+)+)( -F auid&gt;=1000 -F auid!=unset (?:-k
        |-F key=)\w+)
      line: \1\2\3{{ missing_syscalls | join("\3") }}\4
      backrefs: true
      state: present
      mode: g-rwx,o-rwx
    when: syscalls_found | length &gt; 0 and missing_syscalls | length &gt; 0

  - name: Add the audit rule to {{ audit_file }}
    lineinfile:
      path: '{{ audit_file }}'
      line: -a always,exit -F arch=b32 -S {{ syscalls | join(',') }} -F auid&gt;=1000
        -F auid!=unset -F key=perm_mod
      create: true
      mode: g-rwx,o-rwx
      state: present
    when: syscalls_found | length == 0

  - name: Declare list of syscalls
    set_fact:
      syscalls:
      - chown
      syscall_grouping:
      - chown
      - fchown
      - fchownat
      - lchown

  - name: Check existence of chown in /etc/audit/audit.rules
    find:
      paths: /etc/audit
      contains: -a always,exit -F arch=b32(( -S |,)\w+)*(( -S |,){{ item }})+(( -S
        |,)\w+)* -F auid&gt;=1000 -F auid!=unset (-k\s+|-F\s+key=)\S+\s*$
      patterns: audit.rules
    register: find_command
    loop: '{{ (syscall_grouping + syscalls) | unique }}'

  - name: Set path to /etc/audit/audit.rules
    set_fact: audit_file="/etc/audit/audit.rules"

  - name: Declare found syscalls
    set_fact: syscalls_found="{{ find_command.results | selectattr('matched') | map(attribute='item')
      | list }}"

  - name: Declare missing syscalls
    set_fact: missing_syscalls="{{ syscalls | difference(syscalls_found) }}"

  - name: Replace the audit rule in {{ audit_file }}
    lineinfile:
      path: '{{ audit_file }}'
      regexp: (-a always,exit -F arch=b32)(?=.*(?:(?:-S |,)(?:{{ syscalls_found |
        join("|") }}))\b)((?:( -S |,)\w+)+)( -F auid&gt;=1000 -F auid!=unset (?:-k |-F
        key=)\w+)
      line: \1\2\3{{ missing_syscalls | join("\3") }}\4
      backrefs: true
      state: present
      mode: g-rwx,o-rwx
    when: syscalls_found | length &gt; 0 and missing_syscalls | length &gt; 0

  - name: Add the audit rule to {{ audit_file }}
    lineinfile:
      path: '{{ audit_file }}'
      line: -a always,exit -F arch=b32 -S {{ syscalls | join(',') }} -F auid&gt;=1000
        -F auid!=unset -F key=perm_mod
      create: true
      mode: g-rwx,o-rwx
      state: present
    when: syscalls_found | length == 0
  when:
  - '"auditd" in ansible_facts.packages'
  - '"linux-base" in ansible_facts.packages'
  - not ( ansible_architecture == "aarch64" )
  tags:
  - CJIS-5.4.1.1
  - NIST-800-171-3.1.7
  - NIST-800-53-AU-12(c)
  - NIST-800-53-AU-2(d)
  - NIST-800-53-CM-6(a)
  - PCI-DSS-Req-10.5.5
  - PCI-DSSv4-10.3
  - PCI-DSSv4-10.3.4
  - audit_rules_dac_modification_chown
  - low_complexity
  - low_disruption
  - medium_severity
  - reboot_required
  - restrict_strategy

- name: Perform remediation of Audit rules for chown for 64bit platform
  block:

  - name: Declare list of syscalls
    set_fact:
      syscalls:
      - chown
      syscall_grouping:
      - chown
      - fchown
      - fchownat
      - lchown

  - name: Check existence of chown in /etc/audit/rules.d/
    find:
      paths: /etc/audit/rules.d
      contains: -a always,exit -F arch=b64(( -S |,)\w+)*(( -S |,){{ item }})+(( -S
        |,)\w+)* -F auid&gt;=1000 -F auid!=unset (-k\s+|-F\s+key=)\S+\s*$
      patterns: '*.rules'
    register: find_command
    loop: '{{ (syscall_grouping + syscalls) | unique }}'

  - name: Reset syscalls found per file
    set_fact:
      syscalls_per_file: {}
      found_paths_dict: {}

  - name: Declare syscalls found per file
    set_fact: syscalls_per_file="{{ syscalls_per_file | combine( {item.files[0].path
      :[item.item] + syscalls_per_file.get(item.files[0].path, []) } ) }}"
    loop: '{{ find_command.results | selectattr(''matched'') | list }}'

  - name: Declare files where syscalls were found
    set_fact: found_paths="{{ find_command.results | map(attribute='files') | flatten
      | map(attribute='path') | list }}"

  - name: Count occurrences of syscalls in paths
    set_fact: found_paths_dict="{{ found_paths_dict | combine({ item:1+found_paths_dict.get(item,
      0) }) }}"
    loop: '{{ find_command.results | map(attribute=''files'') | flatten | map(attribute=''path'')
      | list }}'

  - name: Get path with most syscalls
    set_fact: audit_file="{{ (found_paths_dict | dict2items() | sort(attribute='value')
      | last).key }}"
    when: found_paths | length &gt;= 1

  - name: No file with syscall found, set path to /etc/audit/rules.d/perm_mod.rules
    set_fact: audit_file="/etc/audit/rules.d/perm_mod.rules"
    when: found_paths | length == 0

  - name: Declare found syscalls
    set_fact: syscalls_found="{{ find_command.results | selectattr('matched') | map(attribute='item')
      | list }}"

  - name: Declare missing syscalls
    set_fact: missing_syscalls="{{ syscalls | difference(syscalls_found) }}"

  - name: Replace the audit rule in {{ audit_file }}
    lineinfile:
      path: '{{ audit_file }}'
      regexp: (-a always,exit -F arch=b64)(?=.*(?:(?:-S |,)(?:{{ syscalls_per_file[audit_file]
        | join("|") }}))\b)((?:( -S |,)\w+)+)( -F auid&gt;=1000 -F auid!=unset (?:-k
        |-F key=)\w+)
      line: \1\2\3{{ missing_syscalls | join("\3") }}\4
      backrefs: true
      state: present
      mode: g-rwx,o-rwx
    when: syscalls_found | length &gt; 0 and missing_syscalls | length &gt; 0

  - name: Add the audit rule to {{ audit_file }}
    lineinfile:
      path: '{{ audit_file }}'
      line: -a always,exit -F arch=b64 -S {{ syscalls | join(',') }} -F auid&gt;=1000
        -F auid!=unset -F key=perm_mod
      create: true
      mode: g-rwx,o-rwx
      state: present
    when: syscalls_found | length == 0

  - name: Declare list of syscalls
    set_fact:
      syscalls:
      - chown
      syscall_grouping:
      - chown
      - fchown
      - fchownat
      - lchown

  - name: Check existence of chown in /etc/audit/audit.rules
    find:
      paths: /etc/audit
      contains: -a always,exit -F arch=b64(( -S |,)\w+)*(( -S |,){{ item }})+(( -S
        |,)\w+)* -F auid&gt;=1000 -F auid!=unset (-k\s+|-F\s+key=)\S+\s*$
      patterns: audit.rules
    register: find_command
    loop: '{{ (syscall_grouping + syscalls) | unique }}'

  - name: Set path to /etc/audit/audit.rules
    set_fact: audit_file="/etc/audit/audit.rules"

  - name: Declare found syscalls
    set_fact: syscalls_found="{{ find_command.results | selectattr('matched') | map(attribute='item')
      | list }}"

  - name: Declare missing syscalls
    set_fact: missing_syscalls="{{ syscalls | difference(syscalls_found) }}"

  - name: Replace the audit rule in {{ audit_file }}
    lineinfile:
      path: '{{ audit_file }}'
      regexp: (-a always,exit -F arch=b64)(?=.*(?:(?:-S |,)(?:{{ syscalls_found |
        join("|") }}))\b)((?:( -S |,)\w+)+)( -F auid&gt;=1000 -F auid!=unset (?:-k |-F
        key=)\w+)
      line: \1\2\3{{ missing_syscalls | join("\3") }}\4
      backrefs: true
      state: present
      mode: g-rwx,o-rwx
    when: syscalls_found | length &gt; 0 and missing_syscalls | length &gt; 0

  - name: Add the audit rule to {{ audit_file }}
    lineinfile:
      path: '{{ audit_file }}'
      line: -a always,exit -F arch=b64 -S {{ syscalls | join(',') }} -F auid&gt;=1000
        -F auid!=unset -F key=perm_mod
      create: true
      mode: g-rwx,o-rwx
      state: present
    when: syscalls_found | length == 0
  when:
  - '"auditd" in ansible_facts.packages'
  - '"linux-base" in ansible_facts.packages'
  - not ( ansible_architecture == "aarch64" )
  - audit_arch == "b64"
  tags:
  - CJIS-5.4.1.1
  - NIST-800-171-3.1.7
  - NIST-800-53-AU-12(c)
  - NIST-800-53-AU-2(d)
  - NIST-800-53-CM-6(a)
  - PCI-DSS-Req-10.5.5
  - PCI-DSSv4-10.3
  - PCI-DSSv4-10.3.4
  - audit_rules_dac_modification_chown
  - low_complexity
  - low_disruption
  - medium_severity
  - reboot_required
  - restrict_strategy
</fix>
          <fix xmlns:xhtml="http://www.w3.org/1999/xhtml" id="audit_rules_dac_modification_chown" system="urn:xccdf:fix:script:sh"># Remediation is applicable only in certain platforms
if dpkg-query --show --showformat='${db:Status-Status}
' 'linux-base' 2&gt;/dev/null | grep -q ^installed &amp;&amp; dpkg-query --show --showformat='${db:Status-Status}\n' 'auditd' 2&gt;/dev/null | grep -q '^installed' &amp;&amp; { ! ( ( grep -sqE "^.*\.aarch64$" /proc/sys/kernel/osrelease || grep -sqE "^aarch64$" /proc/sys/kernel/arch; ) ); }; then

# First perform the remediation of the syscall rule
# Retrieve hardware architecture of the underlying system
[ "$(getconf LONG_BIT)" = "32" ] &amp;&amp; RULE_ARCHS=("b32") || RULE_ARCHS=("b32" "b64")

for ARCH in "${RULE_ARCHS[@]}"
do
	ACTION_ARCH_FILTERS="-a always,exit -F arch=$ARCH"
	OTHER_FILTERS=""
	AUID_FILTERS="-F auid&gt;=1000 -F auid!=unset"
	SYSCALL="chown"
	KEY="perm_mod"
	SYSCALL_GROUPING="chown fchown fchownat lchown"

	# Perform the remediation for both possible tools: 'auditctl' and 'augenrules'
	unset syscall_a
unset syscall_grouping
unset syscall_string
unset syscall
unset file_to_edit
unset rule_to_edit
unset rule_syscalls_to_edit
unset other_string
unset auid_string
unset full_rule

# Load macro arguments into arrays
read -a syscall_a &lt;&lt;&lt; $SYSCALL
read -a syscall_grouping &lt;&lt;&lt; $SYSCALL_GROUPING

# Create a list of audit *.rules files that should be inspected for presence and correctness
# of a particular audit rule. The scheme is as follows:
#
# -----------------------------------------------------------------------------------------
#  Tool used to load audit rules | Rule already defined  |  Audit rules file to inspect    |
# -----------------------------------------------------------------------------------------
#        auditctl                |     Doesn't matter    |  /etc/audit/audit.rules         |
# -----------------------------------------------------------------------------------------
#        augenrules              |          Yes          |  /etc/audit/rules.d/*.rules     |
#        augenrules              |          No           |  /etc/audit/rules.d/$key.rules  |
# -----------------------------------------------------------------------------------------
#
files_to_inspect=()

# If audit tool is 'augenrules', then check if the audit rule is defined
# If rule is defined, add '/etc/audit/rules.d/*.rules' to the list for inspection
# If rule isn't defined yet, add '/etc/audit/rules.d/$key.rules' to the list for inspection
default_file="/etc/audit/rules.d/$KEY.rules"
# As other_filters may include paths, lets use a different delimiter for it
# The "F" script expression tells sed to print the filenames where the expressions matched
readarray -t files_to_inspect &lt; &lt;(sed -s -n -e "/^$ACTION_ARCH_FILTERS/!d" -e "\#$OTHER_FILTERS#!d" -e "/$AUID_FILTERS/!d" -e "F" /etc/audit/rules.d/*.rules)
# Case when particular rule isn't defined in /etc/audit/rules.d/*.rules yet
if [ ${#files_to_inspect[@]} -eq "0" ]
then
    file_to_inspect="/etc/audit/rules.d/$KEY.rules"
    files_to_inspect=("$file_to_inspect")
    if [ ! -e "$file_to_inspect" ]
    then
        touch "$file_to_inspect"
        chmod 0600 "$file_to_inspect"
    fi
fi

# After converting to jinja, we cannot return; therefore we skip the rest of the macro if needed instead
skip=1

for audit_file in "${files_to_inspect[@]}"
do
    # Filter existing $audit_file rules' definitions to select those that satisfy the rule pattern,
    # i.e, collect rules that match:
    # * the action, list and arch, (2-nd argument)
    # * the other filters, (3-rd argument)
    # * the auid filters, (4-rd argument)
    readarray -t similar_rules &lt; &lt;(sed -e "/^$ACTION_ARCH_FILTERS/!d"  -e "\#$OTHER_FILTERS#!d" -e "/$AUID_FILTERS/!d" "$audit_file")

    candidate_rules=()
    # Filter out rules that have more fields then required. This will remove rules more specific than the required scope
    for s_rule in "${similar_rules[@]}"
    do
        # Strip all the options and fields we know of,
        # than check if there was any field left over
        extra_fields=$(sed -E -e "s/^$ACTION_ARCH_FILTERS//"  -e "s#$OTHER_FILTERS##" -e "s/$AUID_FILTERS//" -e "s/((:?-S [[:alnum:],]+)+)//g" -e "s/-F key=\w+|-k \w+//"&lt;&lt;&lt; "$s_rule")
        grep -q -- "-F" &lt;&lt;&lt; "$extra_fields" || candidate_rules+=("$s_rule")
    done

    if [[ ${#syscall_a[@]} -ge 1 ]]
    then
        # Check if the syscall we want is present in any of the similar existing rules
        for rule in "${candidate_rules[@]}"
        do
            rule_syscalls=$(echo "$rule" | grep -o -P '(-S [\w,]+)+' | xargs)
            all_syscalls_found=0
            for syscall in "${syscall_a[@]}"
            do
                grep -q -- "\b${syscall}\b" &lt;&lt;&lt; "$rule_syscalls" || {
                   # A syscall was not found in the candidate rule
                   all_syscalls_found=1
                   }
            done
            if [[ $all_syscalls_found -eq 0 ]]
            then
                # We found a rule with all the syscall(s) we want; skip rest of macro
                skip=0
                break
            fi

            # Check if this rule can be grouped with our target syscall and keep track of it
            for syscall_g in "${syscall_grouping[@]}"
            do
                if grep -q -- "\b${syscall_g}\b" &lt;&lt;&lt; "$rule_syscalls"
                then
                    file_to_edit=${audit_file}
                    rule_to_edit=${rule}
                    rule_syscalls_to_edit=${rule_syscalls}
                fi
            done
        done
    else
        # If there is any candidate rule, it is compliant; skip rest of macro
        if [ "${#candidate_rules[@]}" -gt 0 ]
        then
            skip=0
        fi
    fi

    if [ "$skip" -eq 0 ]; then
        break
    fi
done

if [ "$skip" -ne 0 ]; then
    # We checked all rules that matched the expected resemblance pattern (action, arch &amp; auid)
    # At this point we know if we need to either append the $full_rule or group
    # the syscall together with an exsiting rule

    # Append the full_rule if it cannot be grouped to any other rule
    if [ -z ${rule_to_edit+x} ]
    then
        # Build full_rule while avoid adding double spaces when other_filters is empty
        if [ "${#syscall_a[@]}" -gt 0 ]
        then
            syscall_string=""
            for syscall in "${syscall_a[@]}"
            do
                syscall_string+=" -S $syscall"
            done
        fi
        other_string=$([[ $OTHER_FILTERS ]] &amp;&amp; echo " $OTHER_FILTERS") || /bin/true
        auid_string=$([[ $AUID_FILTERS ]] &amp;&amp; echo " $AUID_FILTERS") || /bin/true
        full_rule="$ACTION_ARCH_FILTERS${syscall_string}${other_string}${auid_string} -F key=$KEY" || /bin/true
        echo "$full_rule" &gt;&gt; "$default_file"
        chmod 0600 ${default_file}
    else
        # Check if the syscalls are declared as a comma separated list or
        # as multiple -S parameters
        if grep -q -- "," &lt;&lt;&lt; "${rule_syscalls_to_edit}"
        then
            delimiter=","
        else
            delimiter=" -S "
        fi
        new_grouped_syscalls="${rule_syscalls_to_edit}"
        for syscall in "${syscall_a[@]}"
        do
            grep -q -- "\b${syscall}\b" &lt;&lt;&lt; "${rule_syscalls_to_edit}" || {
               # A syscall was not found in the candidate rule
               new_grouped_syscalls+="${delimiter}${syscall}"
               }
        done

        # Group the syscall in the rule
        sed -i -e "\#${rule_to_edit}#s#${rule_syscalls_to_edit}#${new_grouped_syscalls}#" "$file_to_edit"
    fi
fi
	unset syscall_a
unset syscall_grouping
unset syscall_string
unset syscall
unset file_to_edit
unset rule_to_edit
unset rule_syscalls_to_edit
unset other_string
unset auid_string
unset full_rule

# Load macro arguments into arrays
read -a syscall_a &lt;&lt;&lt; $SYSCALL
read -a syscall_grouping &lt;&lt;&lt; $SYSCALL_GROUPING

# Create a list of audit *.rules files that should be inspected for presence and correctness
# of a particular audit rule. The scheme is as follows:
#
# -----------------------------------------------------------------------------------------
#  Tool used to load audit rules | Rule already defined  |  Audit rules file to inspect    |
# -----------------------------------------------------------------------------------------
#        auditctl                |     Doesn't matter    |  /etc/audit/audit.rules         |
# -----------------------------------------------------------------------------------------
#        augenrules              |          Yes          |  /etc/audit/rules.d/*.rules     |
#        augenrules              |          No           |  /etc/audit/rules.d/$key.rules  |
# -----------------------------------------------------------------------------------------
#
files_to_inspect=()


# If audit tool is 'auditctl', then add '/etc/audit/audit.rules'
# file to the list of files to be inspected
default_file="/etc/audit/audit.rules"
files_to_inspect+=('/etc/audit/audit.rules' )

# After converting to jinja, we cannot return; therefore we skip the rest of the macro if needed instead
skip=1

for audit_file in "${files_to_inspect[@]}"
do
    # Filter existing $audit_file rules' definitions to select those that satisfy the rule pattern,
    # i.e, collect rules that match:
    # * the action, list and arch, (2-nd argument)
    # * the other filters, (3-rd argument)
    # * the auid filters, (4-rd argument)
    readarray -t similar_rules &lt; &lt;(sed -e "/^$ACTION_ARCH_FILTERS/!d"  -e "\#$OTHER_FILTERS#!d" -e "/$AUID_FILTERS/!d" "$audit_file")

    candidate_rules=()
    # Filter out rules that have more fields then required. This will remove rules more specific than the required scope
    for s_rule in "${similar_rules[@]}"
    do
        # Strip all the options and fields we know of,
        # than check if there was any field left over
        extra_fields=$(sed -E -e "s/^$ACTION_ARCH_FILTERS//"  -e "s#$OTHER_FILTERS##" -e "s/$AUID_FILTERS//" -e "s/((:?-S [[:alnum:],]+)+)//g" -e "s/-F key=\w+|-k \w+//"&lt;&lt;&lt; "$s_rule")
        grep -q -- "-F" &lt;&lt;&lt; "$extra_fields" || candidate_rules+=("$s_rule")
    done

    if [[ ${#syscall_a[@]} -ge 1 ]]
    then
        # Check if the syscall we want is present in any of the similar existing rules
        for rule in "${candidate_rules[@]}"
        do
            rule_syscalls=$(echo "$rule" | grep -o -P '(-S [\w,]+)+' | xargs)
            all_syscalls_found=0
            for syscall in "${syscall_a[@]}"
            do
                grep -q -- "\b${syscall}\b" &lt;&lt;&lt; "$rule_syscalls" || {
                   # A syscall was not found in the candidate rule
                   all_syscalls_found=1
                   }
            done
            if [[ $all_syscalls_found -eq 0 ]]
            then
                # We found a rule with all the syscall(s) we want; skip rest of macro
                skip=0
                break
            fi

            # Check if this rule can be grouped with our target syscall and keep track of it
            for syscall_g in "${syscall_grouping[@]}"
            do
                if grep -q -- "\b${syscall_g}\b" &lt;&lt;&lt; "$rule_syscalls"
                then
                    file_to_edit=${audit_file}
                    rule_to_edit=${rule}
                    rule_syscalls_to_edit=${rule_syscalls}
                fi
            done
        done
    else
        # If there is any candidate rule, it is compliant; skip rest of macro
        if [ "${#candidate_rules[@]}" -gt 0 ]
        then
            skip=0
        fi
    fi

    if [ "$skip" -eq 0 ]; then
        break
    fi
done

if [ "$skip" -ne 0 ]; then
    # We checked all rules that matched the expected resemblance pattern (action, arch &amp; auid)
    # At this point we know if we need to either append the $full_rule or group
    # the syscall together with an exsiting rule

    # Append the full_rule if it cannot be grouped to any other rule
    if [ -z ${rule_to_edit+x} ]
    then
        # Build full_rule while avoid adding double spaces when other_filters is empty
        if [ "${#syscall_a[@]}" -gt 0 ]
        then
            syscall_string=""
            for syscall in "${syscall_a[@]}"
            do
                syscall_string+=" -S $syscall"
            done
        fi
        other_string=$([[ $OTHER_FILTERS ]] &amp;&amp; echo " $OTHER_FILTERS") || /bin/true
        auid_string=$([[ $AUID_FILTERS ]] &amp;&amp; echo " $AUID_FILTERS") || /bin/true
        full_rule="$ACTION_ARCH_FILTERS${syscall_string}${other_string}${auid_string} -F key=$KEY" || /bin/true
        echo "$full_rule" &gt;&gt; "$default_file"
        chmod 0600 ${default_file}
    else
        # Check if the syscalls are declared as a comma separated list or
        # as multiple -S parameters
        if grep -q -- "," &lt;&lt;&lt; "${rule_syscalls_to_edit}"
        then
            delimiter=","
        else
            delimiter=" -S "
        fi
        new_grouped_syscalls="${rule_syscalls_to_edit}"
        for syscall in "${syscall_a[@]}"
        do
            grep -q -- "\b${syscall}\b" &lt;&lt;&lt; "${rule_syscalls_to_edit}" || {
               # A syscall was not found in the candidate rule
               new_grouped_syscalls+="${delimiter}${syscall}"
               }
        done

        # Group the syscall in the rule
        sed -i -e "\#${rule_to_edit}#s#${rule_syscalls_to_edit}#${new_grouped_syscalls}#" "$file_to_edit"
    fi
fi
done

else
    &gt;&amp;2 echo 'Remediation is not applicable, nothing was done'
fi
</fix>
          <check system="http://oval.mitre.org/XMLSchema/oval-definitions-5">
            <check-content-ref name="oval:ssg-audit_rules_dac_modification_chown:def:1" href="ssg-ubuntu2404-oval.xml"/>
          </check>
          <check system="http://scap.nist.gov/schema/ocil/2">
            <check-content-ref name="ocil:ssg-audit_rules_dac_modification_chown_ocil:questionnaire:1" href="ssg-ubuntu2404-ocil.xml"/>
          </check>
        </Rule>
        <Rule id="xccdf_org.ssgproject.content_rule_audit_rules_dac_modification_fchmod" selected="false" role="full" severity="medium">
          <title xmlns:xhtml="http://www.w3.org/1999/xhtml" xml:lang="en-US">Record Events that Modify the System's Discretionary Access Controls - fchmod</title>
          <description xmlns:xhtml="http://www.w3.org/1999/xhtml" xml:lang="en-US">At a minimum, the audit system should collect file permission
changes for all users and root. If the <html:code xmlns:html="http://www.w3.org/1999/xhtml">auditd</html:code> daemon is configured to
use the <html:code xmlns:html="http://www.w3.org/1999/xhtml">augenrules</html:code> program to read audit rules during daemon startup
(the default), add the following line to a file with suffix <html:code xmlns:html="http://www.w3.org/1999/xhtml">.rules</html:code> in
the directory <html:code xmlns:html="http://www.w3.org/1999/xhtml">/etc/audit/rules.d</html:code>:
<html:pre xmlns:html="http://www.w3.org/1999/xhtml">-a always,exit -F arch=b32 -S fchmod -F auid&gt;=1000 -F auid!=unset -F key=perm_mod</html:pre>
If the system is 64 bit then also add the following line:
<html:pre xmlns:html="http://www.w3.org/1999/xhtml">-a always,exit -F arch=b64 -S fchmod -F auid&gt;=1000 -F auid!=unset -F key=perm_mod</html:pre>
If the <html:code xmlns:html="http://www.w3.org/1999/xhtml">auditd</html:code> daemon is configured to use the <html:code xmlns:html="http://www.w3.org/1999/xhtml">auditctl</html:code>
utility to read audit rules during daemon startup, add the following line to
<html:code xmlns:html="http://www.w3.org/1999/xhtml">/etc/audit/audit.rules</html:code> file:
<html:pre xmlns:html="http://www.w3.org/1999/xhtml">-a always,exit -F arch=b32 -S fchmod -F auid&gt;=1000 -F auid!=unset -F key=perm_mod</html:pre>
If the system is 64 bit then also add the following line:
<html:pre xmlns:html="http://www.w3.org/1999/xhtml">-a always,exit -F arch=b64 -S fchmod -F auid&gt;=1000 -F auid!=unset -F key=perm_mod</html:pre>
       </description>
          <warning xmlns:xhtml="http://www.w3.org/1999/xhtml" xml:lang="en-US" category="general">Note that these rules can be configured in a
number of ways while still achieving the desired effect. Here the system calls
have been placed independent of other system calls. Grouping these system
calls with others as identifying earlier in this guide is more efficient.</warning>
          <reference href="https://www.cisecurity.org/controls/">1</reference>
          <reference href="https://www.cisecurity.org/controls/">11</reference>
          <reference href="https://www.cisecurity.org/controls/">12</reference>
          <reference href="https://www.cisecurity.org/controls/">13</reference>
          <reference href="https://www.cisecurity.org/controls/">14</reference>
          <reference href="https://www.cisecurity.org/controls/">15</reference>
          <reference href="https://www.cisecurity.org/controls/">16</reference>
          <reference href="https://www.cisecurity.org/controls/">19</reference>
          <reference href="https://www.cisecurity.org/controls/">2</reference>
          <reference href="https://www.cisecurity.org/controls/">3</reference>
          <reference href="https://www.cisecurity.org/controls/">4</reference>
          <reference href="https://www.cisecurity.org/controls/">5</reference>
          <reference href="https://www.cisecurity.org/controls/">6</reference>
          <reference href="https://www.cisecurity.org/controls/">7</reference>
          <reference href="https://www.cisecurity.org/controls/">8</reference>
          <reference href="https://www.cisecurity.org/controls/">9</reference>
          <reference href="https://www.fbi.gov/file-repository/cjis-security-policy-v5_5_20160601-2-1.pdf">5.4.1.1</reference>
          <reference href="https://www.isaca.org/resources/cobit">APO10.01</reference>
          <reference href="https://www.isaca.org/resources/cobit">APO10.03</reference>
          <reference href="https://www.isaca.org/resources/cobit">APO10.04</reference>
          <reference href="https://www.isaca.org/resources/cobit">APO10.05</reference>
          <reference href="https://www.isaca.org/resources/cobit">APO11.04</reference>
          <reference href="https://www.isaca.org/resources/cobit">APO12.06</reference>
          <reference href="https://www.isaca.org/resources/cobit">APO13.01</reference>
          <reference href="https://www.isaca.org/resources/cobit">BAI03.05</reference>
          <reference href="https://www.isaca.org/resources/cobit">BAI08.02</reference>
          <reference href="https://www.isaca.org/resources/cobit">DSS01.03</reference>
          <reference href="https://www.isaca.org/resources/cobit">DSS01.04</reference>
          <reference href="https://www.isaca.org/resources/cobit">DSS02.02</reference>
          <reference href="https://www.isaca.org/resources/cobit">DSS02.04</reference>
          <reference href="https://www.isaca.org/resources/cobit">DSS02.07</reference>
          <reference href="https://www.isaca.org/resources/cobit">DSS03.01</reference>
          <reference href="https://www.isaca.org/resources/cobit">DSS03.05</reference>
          <reference href="https://www.isaca.org/resources/cobit">DSS05.02</reference>
          <reference href="https://www.isaca.org/resources/cobit">DSS05.03</reference>
          <reference href="https://www.isaca.org/resources/cobit">DSS05.04</reference>
          <reference href="https://www.isaca.org/resources/cobit">DSS05.05</reference>
          <reference href="https://www.isaca.org/resources/cobit">DSS05.07</reference>
          <reference href="https://www.isaca.org/resources/cobit">MEA01.01</reference>
          <reference href="https://www.isaca.org/resources/cobit">MEA01.02</reference>
          <reference href="https://www.isaca.org/resources/cobit">MEA01.03</reference>
          <reference href="https://www.isaca.org/resources/cobit">MEA01.04</reference>
          <reference href="https://www.isaca.org/resources/cobit">MEA01.05</reference>
          <reference href="https://www.isaca.org/resources/cobit">MEA02.01</reference>
          <reference href="http://nvlpubs.nist.gov/nistpubs/SpecialPublications/NIST.SP.800-171.pdf">3.1.7</reference>
          <reference href="https://public.cyber.mil/stigs/cci/">CCI-000172</reference>
          <reference href="https://public.cyber.mil/stigs/cci/">CCI-000130</reference>
          <reference href="https://public.cyber.mil/stigs/cci/">CCI-000135</reference>
          <reference href="https://public.cyber.mil/stigs/cci/">CCI-000169</reference>
          <reference href="https://public.cyber.mil/stigs/cci/">CCI-002884</reference>
          <reference href="https://www.gpo.gov/fdsys/pkg/CFR-2007-title45-vol1/pdf/CFR-2007-title45-vol1-chapA-subchapC.pdf">164.308(a)(1)(ii)(D)</reference>
          <reference href="https://www.gpo.gov/fdsys/pkg/CFR-2007-title45-vol1/pdf/CFR-2007-title45-vol1-chapA-subchapC.pdf">164.308(a)(3)(ii)(A)</reference>
          <reference href="https://www.gpo.gov/fdsys/pkg/CFR-2007-title45-vol1/pdf/CFR-2007-title45-vol1-chapA-subchapC.pdf">164.308(a)(5)(ii)(C)</reference>
          <reference href="https://www.gpo.gov/fdsys/pkg/CFR-2007-title45-vol1/pdf/CFR-2007-title45-vol1-chapA-subchapC.pdf">164.312(a)(2)(i)</reference>
          <reference href="https://www.gpo.gov/fdsys/pkg/CFR-2007-title45-vol1/pdf/CFR-2007-title45-vol1-chapA-subchapC.pdf">164.312(b)</reference>
          <reference href="https://www.gpo.gov/fdsys/pkg/CFR-2007-title45-vol1/pdf/CFR-2007-title45-vol1-chapA-subchapC.pdf">164.312(d)</reference>
          <reference href="https://www.gpo.gov/fdsys/pkg/CFR-2007-title45-vol1/pdf/CFR-2007-title45-vol1-chapA-subchapC.pdf">164.312(e)</reference>
          <reference href="https://www.isa.org/products/isa-62443-2-1-2009-security-for-industrial-automat">4.2.3.10</reference>
          <reference href="https://www.isa.org/products/isa-62443-2-1-2009-security-for-industrial-automat">4.3.2.6.7</reference>
          <reference href="https://www.isa.org/products/isa-62443-2-1-2009-security-for-industrial-automat">4.3.3.3.9</reference>
          <reference href="https://www.isa.org/products/isa-62443-2-1-2009-security-for-industrial-automat">4.3.3.5.8</reference>
          <reference href="https://www.isa.org/products/isa-62443-2-1-2009-security-for-industrial-automat">4.3.3.6.6</reference>
          <reference href="https://www.isa.org/products/isa-62443-2-1-2009-security-for-industrial-automat">4.3.4.4.7</reference>
          <reference href="https://www.isa.org/products/isa-62443-2-1-2009-security-for-industrial-automat">4.3.4.5.6</reference>
          <reference href="https://www.isa.org/products/isa-62443-2-1-2009-security-for-industrial-automat">4.3.4.5.7</reference>
          <reference href="https://www.isa.org/products/isa-62443-2-1-2009-security-for-industrial-automat">4.3.4.5.8</reference>
          <reference href="https://www.isa.org/products/isa-62443-2-1-2009-security-for-industrial-automat">4.4.2.1</reference>
          <reference href="https://www.isa.org/products/isa-62443-2-1-2009-security-for-industrial-automat">4.4.2.2</reference>
          <reference href="https://www.isa.org/products/isa-62443-2-1-2009-security-for-industrial-automat">4.4.2.4</reference>
          <reference href="https://www.isa.org/products/ansi-isa-62443-3-3-99-03-03-2013-security-for-indu">SR 1.13</reference>
          <reference href="https://www.isa.org/products/ansi-isa-62443-3-3-99-03-03-2013-security-for-indu">SR 2.10</reference>
          <reference href="https://www.isa.org/products/ansi-isa-62443-3-3-99-03-03-2013-security-for-indu">SR 2.11</reference>
          <reference href="https://www.isa.org/products/ansi-isa-62443-3-3-99-03-03-2013-security-for-indu">SR 2.12</reference>
          <reference href="https://www.isa.org/products/ansi-isa-62443-3-3-99-03-03-2013-security-for-indu">SR 2.6</reference>
          <reference href="https://www.isa.org/products/ansi-isa-62443-3-3-99-03-03-2013-security-for-indu">SR 2.8</reference>
          <reference href="https://www.isa.org/products/ansi-isa-62443-3-3-99-03-03-2013-security-for-indu">SR 2.9</reference>
          <reference href="https://www.isa.org/products/ansi-isa-62443-3-3-99-03-03-2013-security-for-indu">SR 3.1</reference>
          <reference href="https://www.isa.org/products/ansi-isa-62443-3-3-99-03-03-2013-security-for-indu">SR 3.5</reference>
          <reference href="https://www.isa.org/products/ansi-isa-62443-3-3-99-03-03-2013-security-for-indu">SR 3.8</reference>
          <reference href="https://www.isa.org/products/ansi-isa-62443-3-3-99-03-03-2013-security-for-indu">SR 4.1</reference>
          <reference href="https://www.isa.org/products/ansi-isa-62443-3-3-99-03-03-2013-security-for-indu">SR 4.3</reference>
          <reference href="https://www.isa.org/products/ansi-isa-62443-3-3-99-03-03-2013-security-for-indu">SR 5.1</reference>
          <reference href="https://www.isa.org/products/ansi-isa-62443-3-3-99-03-03-2013-security-for-indu">SR 5.2</reference>
          <reference href="https://www.isa.org/products/ansi-isa-62443-3-3-99-03-03-2013-security-for-indu">SR 5.3</reference>
          <reference href="https://www.isa.org/products/ansi-isa-62443-3-3-99-03-03-2013-security-for-indu">SR 6.1</reference>
          <reference href="https://www.isa.org/products/ansi-isa-62443-3-3-99-03-03-2013-security-for-indu">SR 6.2</reference>
          <reference href="https://www.isa.org/products/ansi-isa-62443-3-3-99-03-03-2013-security-for-indu">SR 7.1</reference>
          <reference href="https://www.isa.org/products/ansi-isa-62443-3-3-99-03-03-2013-security-for-indu">SR 7.6</reference>
          <reference href="https://www.iso.org/contents/data/standard/05/45/54534.html">A.11.2.6</reference>
          <reference href="https://www.iso.org/contents/data/standard/05/45/54534.html">A.12.4.1</reference>
          <reference href="https://www.iso.org/contents/data/standard/05/45/54534.html">A.12.4.2</reference>
          <reference href="https://www.iso.org/contents/data/standard/05/45/54534.html">A.12.4.3</reference>
          <reference href="https://www.iso.org/contents/data/standard/05/45/54534.html">A.12.4.4</reference>
          <reference href="https://www.iso.org/contents/data/standard/05/45/54534.html">A.12.7.1</reference>
          <reference href="https://www.iso.org/contents/data/standard/05/45/54534.html">A.13.1.1</reference>
          <reference href="https://www.iso.org/contents/data/standard/05/45/54534.html">A.13.2.1</reference>
          <reference href="https://www.iso.org/contents/data/standard/05/45/54534.html">A.14.1.3</reference>
          <reference href="https://www.iso.org/contents/data/standard/05/45/54534.html">A.14.2.7</reference>
          <reference href="https://www.iso.org/contents/data/standard/05/45/54534.html">A.15.2.1</reference>
          <reference href="https://www.iso.org/contents/data/standard/05/45/54534.html">A.15.2.2</reference>
          <reference href="https://www.iso.org/contents/data/standard/05/45/54534.html">A.16.1.4</reference>
          <reference href="https://www.iso.org/contents/data/standard/05/45/54534.html">A.16.1.5</reference>
          <reference href="https://www.iso.org/contents/data/standard/05/45/54534.html">A.16.1.7</reference>
          <reference href="https://www.iso.org/contents/data/standard/05/45/54534.html">A.6.2.1</reference>
          <reference href="https://www.iso.org/contents/data/standard/05/45/54534.html">A.6.2.2</reference>
          <reference href="http://nvlpubs.nist.gov/nistpubs/SpecialPublications/NIST.SP.800-53r4.pdf">AU-2(d)</reference>
          <reference href="http://nvlpubs.nist.gov/nistpubs/SpecialPublications/NIST.SP.800-53r4.pdf">AU-12(c)</reference>
          <reference href="http://nvlpubs.nist.gov/nistpubs/SpecialPublications/NIST.SP.800-53r4.pdf">CM-6(a)</reference>
          <reference href="https://nvlpubs.nist.gov/nistpubs/CSWP/NIST.CSWP.04162018.pdf">DE.AE-3</reference>
          <reference href="https://nvlpubs.nist.gov/nistpubs/CSWP/NIST.CSWP.04162018.pdf">DE.AE-5</reference>
          <reference href="https://nvlpubs.nist.gov/nistpubs/CSWP/NIST.CSWP.04162018.pdf">DE.CM-1</reference>
          <reference href="https://nvlpubs.nist.gov/nistpubs/CSWP/NIST.CSWP.04162018.pdf">DE.CM-3</reference>
          <reference href="https://nvlpubs.nist.gov/nistpubs/CSWP/NIST.CSWP.04162018.pdf">DE.CM-7</reference>
          <reference href="https://nvlpubs.nist.gov/nistpubs/CSWP/NIST.CSWP.04162018.pdf">ID.SC-4</reference>
          <reference href="https://nvlpubs.nist.gov/nistpubs/CSWP/NIST.CSWP.04162018.pdf">PR.AC-3</reference>
          <reference href="https://nvlpubs.nist.gov/nistpubs/CSWP/NIST.CSWP.04162018.pdf">PR.PT-1</reference>
          <reference href="https://nvlpubs.nist.gov/nistpubs/CSWP/NIST.CSWP.04162018.pdf">PR.PT-4</reference>
          <reference href="https://nvlpubs.nist.gov/nistpubs/CSWP/NIST.CSWP.04162018.pdf">RS.AN-1</reference>
          <reference href="https://nvlpubs.nist.gov/nistpubs/CSWP/NIST.CSWP.04162018.pdf">RS.AN-4</reference>
          <reference href="https://www.pcisecuritystandards.org/documents/PCI_DSS_v3-2-1.pdf">Req-10.5.5</reference>
          <reference href="https://public.cyber.mil/stigs/downloads/?_dl_facet_stigs=operating-systems%2Cgeneral-purpose-os">SRG-OS-000037-GPOS-00015</reference>
          <reference href="https://public.cyber.mil/stigs/downloads/?_dl_facet_stigs=operating-systems%2Cgeneral-purpose-os">SRG-OS-000042-GPOS-00020</reference>
          <reference href="https://public.cyber.mil/stigs/downloads/?_dl_facet_stigs=operating-systems%2Cgeneral-purpose-os">SRG-OS-000062-GPOS-00031</reference>
          <reference href="https://public.cyber.mil/stigs/downloads/?_dl_facet_stigs=operating-systems%2Cgeneral-purpose-os">SRG-OS-000392-GPOS-00172</reference>
          <reference href="https://public.cyber.mil/stigs/downloads/?_dl_facet_stigs=operating-systems%2Cgeneral-purpose-os">SRG-OS-000462-GPOS-00206</reference>
          <reference href="https://public.cyber.mil/stigs/downloads/?_dl_facet_stigs=operating-systems%2Cgeneral-purpose-os">SRG-OS-000471-GPOS-00215</reference>
          <reference href="https://public.cyber.mil/stigs/downloads/?_dl_facet_stigs=operating-systems%2Cgeneral-purpose-os">SRG-OS-000064-GPOS-00033</reference>
          <reference href="https://public.cyber.mil/stigs/downloads/?_dl_facet_stigs=operating-systems%2Cgeneral-purpose-os">SRG-OS-000466-GPOS-00210</reference>
          <reference href="https://public.cyber.mil/stigs/downloads/?_dl_facet_stigs=operating-systems%2Cgeneral-purpose-os">SRG-OS-000458-GPOS-00203</reference>
          <reference href="https://public.cyber.mil/stigs/downloads/?_dl_facet_stigs=container-platform">SRG-APP-000091-CTR-000160</reference>
          <reference href="https://public.cyber.mil/stigs/downloads/?_dl_facet_stigs=container-platform">SRG-APP-000492-CTR-001220</reference>
          <reference href="https://public.cyber.mil/stigs/downloads/?_dl_facet_stigs=container-platform">SRG-APP-000493-CTR-001225</reference>
          <reference href="https://public.cyber.mil/stigs/downloads/?_dl_facet_stigs=container-platform">SRG-APP-000494-CTR-001230</reference>
          <reference href="https://public.cyber.mil/stigs/downloads/?_dl_facet_stigs=container-platform">SRG-APP-000500-CTR-001260</reference>
          <reference href="https://public.cyber.mil/stigs/downloads/?_dl_facet_stigs=container-platform">SRG-APP-000507-CTR-001295</reference>
          <reference href="https://public.cyber.mil/stigs/downloads/?_dl_facet_stigs=container-platform">SRG-APP-000495-CTR-001235</reference>
          <reference href="https://public.cyber.mil/stigs/downloads/?_dl_facet_stigs=container-platform">SRG-APP-000499-CTR-001255</reference>
          <reference href="https://cyber.gouv.fr/sites/default/files/document/linux_configuration-en-v2.pdf">R73</reference>
          <reference href="https://www.cisecurity.org/benchmark/ubuntu_linux/">6.2.3.9</reference>
          <reference href="https://docs-prv.pcisecuritystandards.org/PCI%20DSS/Standard/PCI-DSS-v4_0.pdf">10.3.4</reference>
          <reference href="https://docs-prv.pcisecuritystandards.org/PCI%20DSS/Standard/PCI-DSS-v4_0.pdf">10.3</reference>
          <rationale xmlns:xhtml="http://www.w3.org/1999/xhtml" xml:lang="en-US">The changing of file permissions could indicate that a user is attempting to
gain access to information that would otherwise be disallowed. Auditing DAC modifications
can facilitate the identification of patterns of abuse among both authorized and
unauthorized users.</rationale>
          <fix xmlns:xhtml="http://www.w3.org/1999/xhtml" id="audit_rules_dac_modification_fchmod" system="urn:xccdf:fix:script:ansible" reboot="true" complexity="low" disruption="low" strategy="restrict">- name: Gather the package facts
  package_facts:
    manager: auto
  tags:
  - CJIS-5.4.1.1
  - NIST-800-171-3.1.7
  - NIST-800-53-AU-12(c)
  - NIST-800-53-AU-2(d)
  - NIST-800-53-CM-6(a)
  - PCI-DSS-Req-10.5.5
  - PCI-DSSv4-10.3
  - PCI-DSSv4-10.3.4
  - audit_rules_dac_modification_fchmod
  - low_complexity
  - low_disruption
  - medium_severity
  - reboot_required
  - restrict_strategy

- name: Set architecture for audit fchmod tasks
  set_fact:
    audit_arch: b64
  when:
  - '"auditd" in ansible_facts.packages'
  - '"linux-base" in ansible_facts.packages'
  - ansible_architecture == "aarch64" or ansible_architecture == "ppc64" or ansible_architecture
    == "ppc64le" or ansible_architecture == "s390x" or ansible_architecture == "x86_64"
  tags:
  - CJIS-5.4.1.1
  - NIST-800-171-3.1.7
  - NIST-800-53-AU-12(c)
  - NIST-800-53-AU-2(d)
  - NIST-800-53-CM-6(a)
  - PCI-DSS-Req-10.5.5
  - PCI-DSSv4-10.3
  - PCI-DSSv4-10.3.4
  - audit_rules_dac_modification_fchmod
  - low_complexity
  - low_disruption
  - medium_severity
  - reboot_required
  - restrict_strategy

- name: Perform remediation of Audit rules for fchmod for 32bit platform
  block:

  - name: Declare list of syscalls
    set_fact:
      syscalls:
      - fchmod
      syscall_grouping:
      - chmod
      - fchmod
      - fchmodat

  - name: Check existence of fchmod in /etc/audit/rules.d/
    find:
      paths: /etc/audit/rules.d
      contains: -a always,exit -F arch=b32(( -S |,)\w+)*(( -S |,){{ item }})+(( -S
        |,)\w+)* -F auid&gt;=1000 -F auid!=unset (-k\s+|-F\s+key=)\S+\s*$
      patterns: '*.rules'
    register: find_command
    loop: '{{ (syscall_grouping + syscalls) | unique }}'

  - name: Reset syscalls found per file
    set_fact:
      syscalls_per_file: {}
      found_paths_dict: {}

  - name: Declare syscalls found per file
    set_fact: syscalls_per_file="{{ syscalls_per_file | combine( {item.files[0].path
      :[item.item] + syscalls_per_file.get(item.files[0].path, []) } ) }}"
    loop: '{{ find_command.results | selectattr(''matched'') | list }}'

  - name: Declare files where syscalls were found
    set_fact: found_paths="{{ find_command.results | map(attribute='files') | flatten
      | map(attribute='path') | list }}"

  - name: Count occurrences of syscalls in paths
    set_fact: found_paths_dict="{{ found_paths_dict | combine({ item:1+found_paths_dict.get(item,
      0) }) }}"
    loop: '{{ find_command.results | map(attribute=''files'') | flatten | map(attribute=''path'')
      | list }}'

  - name: Get path with most syscalls
    set_fact: audit_file="{{ (found_paths_dict | dict2items() | sort(attribute='value')
      | last).key }}"
    when: found_paths | length &gt;= 1

  - name: No file with syscall found, set path to /etc/audit/rules.d/perm_mod.rules
    set_fact: audit_file="/etc/audit/rules.d/perm_mod.rules"
    when: found_paths | length == 0

  - name: Declare found syscalls
    set_fact: syscalls_found="{{ find_command.results | selectattr('matched') | map(attribute='item')
      | list }}"

  - name: Declare missing syscalls
    set_fact: missing_syscalls="{{ syscalls | difference(syscalls_found) }}"

  - name: Replace the audit rule in {{ audit_file }}
    lineinfile:
      path: '{{ audit_file }}'
      regexp: (-a always,exit -F arch=b32)(?=.*(?:(?:-S |,)(?:{{ syscalls_per_file[audit_file]
        | join("|") }}))\b)((?:( -S |,)\w+)+)( -F auid&gt;=1000 -F auid!=unset (?:-k
        |-F key=)\w+)
      line: \1\2\3{{ missing_syscalls | join("\3") }}\4
      backrefs: true
      state: present
      mode: g-rwx,o-rwx
    when: syscalls_found | length &gt; 0 and missing_syscalls | length &gt; 0

  - name: Add the audit rule to {{ audit_file }}
    lineinfile:
      path: '{{ audit_file }}'
      line: -a always,exit -F arch=b32 -S {{ syscalls | join(',') }} -F auid&gt;=1000
        -F auid!=unset -F key=perm_mod
      create: true
      mode: g-rwx,o-rwx
      state: present
    when: syscalls_found | length == 0

  - name: Declare list of syscalls
    set_fact:
      syscalls:
      - fchmod
      syscall_grouping:
      - chmod
      - fchmod
      - fchmodat

  - name: Check existence of fchmod in /etc/audit/audit.rules
    find:
      paths: /etc/audit
      contains: -a always,exit -F arch=b32(( -S |,)\w+)*(( -S |,){{ item }})+(( -S
        |,)\w+)* -F auid&gt;=1000 -F auid!=unset (-k\s+|-F\s+key=)\S+\s*$
      patterns: audit.rules
    register: find_command
    loop: '{{ (syscall_grouping + syscalls) | unique }}'

  - name: Set path to /etc/audit/audit.rules
    set_fact: audit_file="/etc/audit/audit.rules"

  - name: Declare found syscalls
    set_fact: syscalls_found="{{ find_command.results | selectattr('matched') | map(attribute='item')
      | list }}"

  - name: Declare missing syscalls
    set_fact: missing_syscalls="{{ syscalls | difference(syscalls_found) }}"

  - name: Replace the audit rule in {{ audit_file }}
    lineinfile:
      path: '{{ audit_file }}'
      regexp: (-a always,exit -F arch=b32)(?=.*(?:(?:-S |,)(?:{{ syscalls_found |
        join("|") }}))\b)((?:( -S |,)\w+)+)( -F auid&gt;=1000 -F auid!=unset (?:-k |-F
        key=)\w+)
      line: \1\2\3{{ missing_syscalls | join("\3") }}\4
      backrefs: true
      state: present
      mode: g-rwx,o-rwx
    when: syscalls_found | length &gt; 0 and missing_syscalls | length &gt; 0

  - name: Add the audit rule to {{ audit_file }}
    lineinfile:
      path: '{{ audit_file }}'
      line: -a always,exit -F arch=b32 -S {{ syscalls | join(',') }} -F auid&gt;=1000
        -F auid!=unset -F key=perm_mod
      create: true
      mode: g-rwx,o-rwx
      state: present
    when: syscalls_found | length == 0
  when:
  - '"auditd" in ansible_facts.packages'
  - '"linux-base" in ansible_facts.packages'
  tags:
  - CJIS-5.4.1.1
  - NIST-800-171-3.1.7
  - NIST-800-53-AU-12(c)
  - NIST-800-53-AU-2(d)
  - NIST-800-53-CM-6(a)
  - PCI-DSS-Req-10.5.5
  - PCI-DSSv4-10.3
  - PCI-DSSv4-10.3.4
  - audit_rules_dac_modification_fchmod
  - low_complexity
  - low_disruption
  - medium_severity
  - reboot_required
  - restrict_strategy

- name: Perform remediation of Audit rules for fchmod for 64bit platform
  block:

  - name: Declare list of syscalls
    set_fact:
      syscalls:
      - fchmod
      syscall_grouping:
      - chmod
      - fchmod
      - fchmodat

  - name: Check existence of fchmod in /etc/audit/rules.d/
    find:
      paths: /etc/audit/rules.d
      contains: -a always,exit -F arch=b64(( -S |,)\w+)*(( -S |,){{ item }})+(( -S
        |,)\w+)* -F auid&gt;=1000 -F auid!=unset (-k\s+|-F\s+key=)\S+\s*$
      patterns: '*.rules'
    register: find_command
    loop: '{{ (syscall_grouping + syscalls) | unique }}'

  - name: Reset syscalls found per file
    set_fact:
      syscalls_per_file: {}
      found_paths_dict: {}

  - name: Declare syscalls found per file
    set_fact: syscalls_per_file="{{ syscalls_per_file | combine( {item.files[0].path
      :[item.item] + syscalls_per_file.get(item.files[0].path, []) } ) }}"
    loop: '{{ find_command.results | selectattr(''matched'') | list }}'

  - name: Declare files where syscalls were found
    set_fact: found_paths="{{ find_command.results | map(attribute='files') | flatten
      | map(attribute='path') | list }}"

  - name: Count occurrences of syscalls in paths
    set_fact: found_paths_dict="{{ found_paths_dict | combine({ item:1+found_paths_dict.get(item,
      0) }) }}"
    loop: '{{ find_command.results | map(attribute=''files'') | flatten | map(attribute=''path'')
      | list }}'

  - name: Get path with most syscalls
    set_fact: audit_file="{{ (found_paths_dict | dict2items() | sort(attribute='value')
      | last).key }}"
    when: found_paths | length &gt;= 1

  - name: No file with syscall found, set path to /etc/audit/rules.d/perm_mod.rules
    set_fact: audit_file="/etc/audit/rules.d/perm_mod.rules"
    when: found_paths | length == 0

  - name: Declare found syscalls
    set_fact: syscalls_found="{{ find_command.results | selectattr('matched') | map(attribute='item')
      | list }}"

  - name: Declare missing syscalls
    set_fact: missing_syscalls="{{ syscalls | difference(syscalls_found) }}"

  - name: Replace the audit rule in {{ audit_file }}
    lineinfile:
      path: '{{ audit_file }}'
      regexp: (-a always,exit -F arch=b64)(?=.*(?:(?:-S |,)(?:{{ syscalls_per_file[audit_file]
        | join("|") }}))\b)((?:( -S |,)\w+)+)( -F auid&gt;=1000 -F auid!=unset (?:-k
        |-F key=)\w+)
      line: \1\2\3{{ missing_syscalls | join("\3") }}\4
      backrefs: true
      state: present
      mode: g-rwx,o-rwx
    when: syscalls_found | length &gt; 0 and missing_syscalls | length &gt; 0

  - name: Add the audit rule to {{ audit_file }}
    lineinfile:
      path: '{{ audit_file }}'
      line: -a always,exit -F arch=b64 -S {{ syscalls | join(',') }} -F auid&gt;=1000
        -F auid!=unset -F key=perm_mod
      create: true
      mode: g-rwx,o-rwx
      state: present
    when: syscalls_found | length == 0

  - name: Declare list of syscalls
    set_fact:
      syscalls:
      - fchmod
      syscall_grouping:
      - chmod
      - fchmod
      - fchmodat

  - name: Check existence of fchmod in /etc/audit/audit.rules
    find:
      paths: /etc/audit
      contains: -a always,exit -F arch=b64(( -S |,)\w+)*(( -S |,){{ item }})+(( -S
        |,)\w+)* -F auid&gt;=1000 -F auid!=unset (-k\s+|-F\s+key=)\S+\s*$
      patterns: audit.rules
    register: find_command
    loop: '{{ (syscall_grouping + syscalls) | unique }}'

  - name: Set path to /etc/audit/audit.rules
    set_fact: audit_file="/etc/audit/audit.rules"

  - name: Declare found syscalls
    set_fact: syscalls_found="{{ find_command.results | selectattr('matched') | map(attribute='item')
      | list }}"

  - name: Declare missing syscalls
    set_fact: missing_syscalls="{{ syscalls | difference(syscalls_found) }}"

  - name: Replace the audit rule in {{ audit_file }}
    lineinfile:
      path: '{{ audit_file }}'
      regexp: (-a always,exit -F arch=b64)(?=.*(?:(?:-S |,)(?:{{ syscalls_found |
        join("|") }}))\b)((?:( -S |,)\w+)+)( -F auid&gt;=1000 -F auid!=unset (?:-k |-F
        key=)\w+)
      line: \1\2\3{{ missing_syscalls | join("\3") }}\4
      backrefs: true
      state: present
      mode: g-rwx,o-rwx
    when: syscalls_found | length &gt; 0 and missing_syscalls | length &gt; 0

  - name: Add the audit rule to {{ audit_file }}
    lineinfile:
      path: '{{ audit_file }}'
      line: -a always,exit -F arch=b64 -S {{ syscalls | join(',') }} -F auid&gt;=1000
        -F auid!=unset -F key=perm_mod
      create: true
      mode: g-rwx,o-rwx
      state: present
    when: syscalls_found | length == 0
  when:
  - '"auditd" in ansible_facts.packages'
  - '"linux-base" in ansible_facts.packages'
  - audit_arch == "b64"
  tags:
  - CJIS-5.4.1.1
  - NIST-800-171-3.1.7
  - NIST-800-53-AU-12(c)
  - NIST-800-53-AU-2(d)
  - NIST-800-53-CM-6(a)
  - PCI-DSS-Req-10.5.5
  - PCI-DSSv4-10.3
  - PCI-DSSv4-10.3.4
  - audit_rules_dac_modification_fchmod
  - low_complexity
  - low_disruption
  - medium_severity
  - reboot_required
  - restrict_strategy
</fix>
          <fix xmlns:xhtml="http://www.w3.org/1999/xhtml" id="audit_rules_dac_modification_fchmod" system="urn:xccdf:fix:script:sh"># Remediation is applicable only in certain platforms
if dpkg-query --show --showformat='${db:Status-Status}
' 'linux-base' 2&gt;/dev/null | grep -q ^installed &amp;&amp; dpkg-query --show --showformat='${db:Status-Status}\n' 'auditd' 2&gt;/dev/null | grep -q '^installed'; then

# First perform the remediation of the syscall rule
# Retrieve hardware architecture of the underlying system
[ "$(getconf LONG_BIT)" = "32" ] &amp;&amp; RULE_ARCHS=("b32") || RULE_ARCHS=("b32" "b64")

for ARCH in "${RULE_ARCHS[@]}"
do
	ACTION_ARCH_FILTERS="-a always,exit -F arch=$ARCH"
	OTHER_FILTERS=""
	AUID_FILTERS="-F auid&gt;=1000 -F auid!=unset"
	SYSCALL="fchmod"
	KEY="perm_mod"
	SYSCALL_GROUPING="chmod fchmod fchmodat"

	# Perform the remediation for both possible tools: 'auditctl' and 'augenrules'
	unset syscall_a
unset syscall_grouping
unset syscall_string
unset syscall
unset file_to_edit
unset rule_to_edit
unset rule_syscalls_to_edit
unset other_string
unset auid_string
unset full_rule

# Load macro arguments into arrays
read -a syscall_a &lt;&lt;&lt; $SYSCALL
read -a syscall_grouping &lt;&lt;&lt; $SYSCALL_GROUPING

# Create a list of audit *.rules files that should be inspected for presence and correctness
# of a particular audit rule. The scheme is as follows:
#
# -----------------------------------------------------------------------------------------
#  Tool used to load audit rules | Rule already defined  |  Audit rules file to inspect    |
# -----------------------------------------------------------------------------------------
#        auditctl                |     Doesn't matter    |  /etc/audit/audit.rules         |
# -----------------------------------------------------------------------------------------
#        augenrules              |          Yes          |  /etc/audit/rules.d/*.rules     |
#        augenrules              |          No           |  /etc/audit/rules.d/$key.rules  |
# -----------------------------------------------------------------------------------------
#
files_to_inspect=()

# If audit tool is 'augenrules', then check if the audit rule is defined
# If rule is defined, add '/etc/audit/rules.d/*.rules' to the list for inspection
# If rule isn't defined yet, add '/etc/audit/rules.d/$key.rules' to the list for inspection
default_file="/etc/audit/rules.d/$KEY.rules"
# As other_filters may include paths, lets use a different delimiter for it
# The "F" script expression tells sed to print the filenames where the expressions matched
readarray -t files_to_inspect &lt; &lt;(sed -s -n -e "/^$ACTION_ARCH_FILTERS/!d" -e "\#$OTHER_FILTERS#!d" -e "/$AUID_FILTERS/!d" -e "F" /etc/audit/rules.d/*.rules)
# Case when particular rule isn't defined in /etc/audit/rules.d/*.rules yet
if [ ${#files_to_inspect[@]} -eq "0" ]
then
    file_to_inspect="/etc/audit/rules.d/$KEY.rules"
    files_to_inspect=("$file_to_inspect")
    if [ ! -e "$file_to_inspect" ]
    then
        touch "$file_to_inspect"
        chmod 0600 "$file_to_inspect"
    fi
fi

# After converting to jinja, we cannot return; therefore we skip the rest of the macro if needed instead
skip=1

for audit_file in "${files_to_inspect[@]}"
do
    # Filter existing $audit_file rules' definitions to select those that satisfy the rule pattern,
    # i.e, collect rules that match:
    # * the action, list and arch, (2-nd argument)
    # * the other filters, (3-rd argument)
    # * the auid filters, (4-rd argument)
    readarray -t similar_rules &lt; &lt;(sed -e "/^$ACTION_ARCH_FILTERS/!d"  -e "\#$OTHER_FILTERS#!d" -e "/$AUID_FILTERS/!d" "$audit_file")

    candidate_rules=()
    # Filter out rules that have more fields then required. This will remove rules more specific than the required scope
    for s_rule in "${similar_rules[@]}"
    do
        # Strip all the options and fields we know of,
        # than check if there was any field left over
        extra_fields=$(sed -E -e "s/^$ACTION_ARCH_FILTERS//"  -e "s#$OTHER_FILTERS##" -e "s/$AUID_FILTERS//" -e "s/((:?-S [[:alnum:],]+)+)//g" -e "s/-F key=\w+|-k \w+//"&lt;&lt;&lt; "$s_rule")
        grep -q -- "-F" &lt;&lt;&lt; "$extra_fields" || candidate_rules+=("$s_rule")
    done

    if [[ ${#syscall_a[@]} -ge 1 ]]
    then
        # Check if the syscall we want is present in any of the similar existing rules
        for rule in "${candidate_rules[@]}"
        do
            rule_syscalls=$(echo "$rule" | grep -o -P '(-S [\w,]+)+' | xargs)
            all_syscalls_found=0
            for syscall in "${syscall_a[@]}"
            do
                grep -q -- "\b${syscall}\b" &lt;&lt;&lt; "$rule_syscalls" || {
                   # A syscall was not found in the candidate rule
                   all_syscalls_found=1
                   }
            done
            if [[ $all_syscalls_found -eq 0 ]]
            then
                # We found a rule with all the syscall(s) we want; skip rest of macro
                skip=0
                break
            fi

            # Check if this rule can be grouped with our target syscall and keep track of it
            for syscall_g in "${syscall_grouping[@]}"
            do
                if grep -q -- "\b${syscall_g}\b" &lt;&lt;&lt; "$rule_syscalls"
                then
                    file_to_edit=${audit_file}
                    rule_to_edit=${rule}
                    rule_syscalls_to_edit=${rule_syscalls}
                fi
            done
        done
    else
        # If there is any candidate rule, it is compliant; skip rest of macro
        if [ "${#candidate_rules[@]}" -gt 0 ]
        then
            skip=0
        fi
    fi

    if [ "$skip" -eq 0 ]; then
        break
    fi
done

if [ "$skip" -ne 0 ]; then
    # We checked all rules that matched the expected resemblance pattern (action, arch &amp; auid)
    # At this point we know if we need to either append the $full_rule or group
    # the syscall together with an exsiting rule

    # Append the full_rule if it cannot be grouped to any other rule
    if [ -z ${rule_to_edit+x} ]
    then
        # Build full_rule while avoid adding double spaces when other_filters is empty
        if [ "${#syscall_a[@]}" -gt 0 ]
        then
            syscall_string=""
            for syscall in "${syscall_a[@]}"
            do
                syscall_string+=" -S $syscall"
            done
        fi
        other_string=$([[ $OTHER_FILTERS ]] &amp;&amp; echo " $OTHER_FILTERS") || /bin/true
        auid_string=$([[ $AUID_FILTERS ]] &amp;&amp; echo " $AUID_FILTERS") || /bin/true
        full_rule="$ACTION_ARCH_FILTERS${syscall_string}${other_string}${auid_string} -F key=$KEY" || /bin/true
        echo "$full_rule" &gt;&gt; "$default_file"
        chmod 0600 ${default_file}
    else
        # Check if the syscalls are declared as a comma separated list or
        # as multiple -S parameters
        if grep -q -- "," &lt;&lt;&lt; "${rule_syscalls_to_edit}"
        then
            delimiter=","
        else
            delimiter=" -S "
        fi
        new_grouped_syscalls="${rule_syscalls_to_edit}"
        for syscall in "${syscall_a[@]}"
        do
            grep -q -- "\b${syscall}\b" &lt;&lt;&lt; "${rule_syscalls_to_edit}" || {
               # A syscall was not found in the candidate rule
               new_grouped_syscalls+="${delimiter}${syscall}"
               }
        done

        # Group the syscall in the rule
        sed -i -e "\#${rule_to_edit}#s#${rule_syscalls_to_edit}#${new_grouped_syscalls}#" "$file_to_edit"
    fi
fi
	unset syscall_a
unset syscall_grouping
unset syscall_string
unset syscall
unset file_to_edit
unset rule_to_edit
unset rule_syscalls_to_edit
unset other_string
unset auid_string
unset full_rule

# Load macro arguments into arrays
read -a syscall_a &lt;&lt;&lt; $SYSCALL
read -a syscall_grouping &lt;&lt;&lt; $SYSCALL_GROUPING

# Create a list of audit *.rules files that should be inspected for presence and correctness
# of a particular audit rule. The scheme is as follows:
#
# -----------------------------------------------------------------------------------------
#  Tool used to load audit rules | Rule already defined  |  Audit rules file to inspect    |
# -----------------------------------------------------------------------------------------
#        auditctl                |     Doesn't matter    |  /etc/audit/audit.rules         |
# -----------------------------------------------------------------------------------------
#        augenrules              |          Yes          |  /etc/audit/rules.d/*.rules     |
#        augenrules              |          No           |  /etc/audit/rules.d/$key.rules  |
# -----------------------------------------------------------------------------------------
#
files_to_inspect=()


# If audit tool is 'auditctl', then add '/etc/audit/audit.rules'
# file to the list of files to be inspected
default_file="/etc/audit/audit.rules"
files_to_inspect+=('/etc/audit/audit.rules' )

# After converting to jinja, we cannot return; therefore we skip the rest of the macro if needed instead
skip=1

for audit_file in "${files_to_inspect[@]}"
do
    # Filter existing $audit_file rules' definitions to select those that satisfy the rule pattern,
    # i.e, collect rules that match:
    # * the action, list and arch, (2-nd argument)
    # * the other filters, (3-rd argument)
    # * the auid filters, (4-rd argument)
    readarray -t similar_rules &lt; &lt;(sed -e "/^$ACTION_ARCH_FILTERS/!d"  -e "\#$OTHER_FILTERS#!d" -e "/$AUID_FILTERS/!d" "$audit_file")

    candidate_rules=()
    # Filter out rules that have more fields then required. This will remove rules more specific than the required scope
    for s_rule in "${similar_rules[@]}"
    do
        # Strip all the options and fields we know of,
        # than check if there was any field left over
        extra_fields=$(sed -E -e "s/^$ACTION_ARCH_FILTERS//"  -e "s#$OTHER_FILTERS##" -e "s/$AUID_FILTERS//" -e "s/((:?-S [[:alnum:],]+)+)//g" -e "s/-F key=\w+|-k \w+//"&lt;&lt;&lt; "$s_rule")
        grep -q -- "-F" &lt;&lt;&lt; "$extra_fields" || candidate_rules+=("$s_rule")
    done

    if [[ ${#syscall_a[@]} -ge 1 ]]
    then
        # Check if the syscall we want is present in any of the similar existing rules
        for rule in "${candidate_rules[@]}"
        do
            rule_syscalls=$(echo "$rule" | grep -o -P '(-S [\w,]+)+' | xargs)
            all_syscalls_found=0
            for syscall in "${syscall_a[@]}"
            do
                grep -q -- "\b${syscall}\b" &lt;&lt;&lt; "$rule_syscalls" || {
                   # A syscall was not found in the candidate rule
                   all_syscalls_found=1
                   }
            done
            if [[ $all_syscalls_found -eq 0 ]]
            then
                # We found a rule with all the syscall(s) we want; skip rest of macro
                skip=0
                break
            fi

            # Check if this rule can be grouped with our target syscall and keep track of it
            for syscall_g in "${syscall_grouping[@]}"
            do
                if grep -q -- "\b${syscall_g}\b" &lt;&lt;&lt; "$rule_syscalls"
                then
                    file_to_edit=${audit_file}
                    rule_to_edit=${rule}
                    rule_syscalls_to_edit=${rule_syscalls}
                fi
            done
        done
    else
        # If there is any candidate rule, it is compliant; skip rest of macro
        if [ "${#candidate_rules[@]}" -gt 0 ]
        then
            skip=0
        fi
    fi

    if [ "$skip" -eq 0 ]; then
        break
    fi
done

if [ "$skip" -ne 0 ]; then
    # We checked all rules that matched the expected resemblance pattern (action, arch &amp; auid)
    # At this point we know if we need to either append the $full_rule or group
    # the syscall together with an exsiting rule

    # Append the full_rule if it cannot be grouped to any other rule
    if [ -z ${rule_to_edit+x} ]
    then
        # Build full_rule while avoid adding double spaces when other_filters is empty
        if [ "${#syscall_a[@]}" -gt 0 ]
        then
            syscall_string=""
            for syscall in "${syscall_a[@]}"
            do
                syscall_string+=" -S $syscall"
            done
        fi
        other_string=$([[ $OTHER_FILTERS ]] &amp;&amp; echo " $OTHER_FILTERS") || /bin/true
        auid_string=$([[ $AUID_FILTERS ]] &amp;&amp; echo " $AUID_FILTERS") || /bin/true
        full_rule="$ACTION_ARCH_FILTERS${syscall_string}${other_string}${auid_string} -F key=$KEY" || /bin/true
        echo "$full_rule" &gt;&gt; "$default_file"
        chmod 0600 ${default_file}
    else
        # Check if the syscalls are declared as a comma separated list or
        # as multiple -S parameters
        if grep -q -- "," &lt;&lt;&lt; "${rule_syscalls_to_edit}"
        then
            delimiter=","
        else
            delimiter=" -S "
        fi
        new_grouped_syscalls="${rule_syscalls_to_edit}"
        for syscall in "${syscall_a[@]}"
        do
            grep -q -- "\b${syscall}\b" &lt;&lt;&lt; "${rule_syscalls_to_edit}" || {
               # A syscall was not found in the candidate rule
               new_grouped_syscalls+="${delimiter}${syscall}"
               }
        done

        # Group the syscall in the rule
        sed -i -e "\#${rule_to_edit}#s#${rule_syscalls_to_edit}#${new_grouped_syscalls}#" "$file_to_edit"
    fi
fi
done

else
    &gt;&amp;2 echo 'Remediation is not applicable, nothing was done'
fi
</fix>
          <check system="http://oval.mitre.org/XMLSchema/oval-definitions-5">
            <check-content-ref name="oval:ssg-audit_rules_dac_modification_fchmod:def:1" href="ssg-ubuntu2404-oval.xml"/>
          </check>
          <check system="http://scap.nist.gov/schema/ocil/2">
            <check-content-ref name="ocil:ssg-audit_rules_dac_modification_fchmod_ocil:questionnaire:1" href="ssg-ubuntu2404-ocil.xml"/>
          </check>
        </Rule>
        <Rule id="xccdf_org.ssgproject.content_rule_audit_rules_dac_modification_fchmodat" selected="false" role="full" severity="medium">
          <title xmlns:xhtml="http://www.w3.org/1999/xhtml" xml:lang="en-US">Record Events that Modify the System's Discretionary Access Controls - fchmodat</title>
          <description xmlns:xhtml="http://www.w3.org/1999/xhtml" xml:lang="en-US">At a minimum, the audit system should collect file permission
changes for all users and root. If the <html:code xmlns:html="http://www.w3.org/1999/xhtml">auditd</html:code> daemon is configured to
use the <html:code xmlns:html="http://www.w3.org/1999/xhtml">augenrules</html:code> program to read audit rules during daemon startup
(the default), add the following line to a file with suffix <html:code xmlns:html="http://www.w3.org/1999/xhtml">.rules</html:code> in
the directory <html:code xmlns:html="http://www.w3.org/1999/xhtml">/etc/audit/rules.d</html:code>:
<html:pre xmlns:html="http://www.w3.org/1999/xhtml">-a always,exit -F arch=b32 -S fchmodat -F auid&gt;=1000 -F auid!=unset -F key=perm_mod</html:pre>
If the system is 64 bit then also add the following line:
<html:pre xmlns:html="http://www.w3.org/1999/xhtml">-a always,exit -F arch=b64 -S fchmodat -F auid&gt;=1000 -F auid!=unset -F key=perm_mod</html:pre>
If the <html:code xmlns:html="http://www.w3.org/1999/xhtml">auditd</html:code> daemon is configured to use the <html:code xmlns:html="http://www.w3.org/1999/xhtml">auditctl</html:code>
utility to read audit rules during daemon startup, add the following line to
<html:code xmlns:html="http://www.w3.org/1999/xhtml">/etc/audit/audit.rules</html:code> file:
<html:pre xmlns:html="http://www.w3.org/1999/xhtml">-a always,exit -F arch=b32 -S fchmodat -F auid&gt;=1000 -F auid!=unset -F key=perm_mod</html:pre>
If the system is 64 bit then also add the following line:
<html:pre xmlns:html="http://www.w3.org/1999/xhtml">-a always,exit -F arch=b64 -S fchmodat -F auid&gt;=1000 -F auid!=unset -F key=perm_mod</html:pre>
       </description>
          <warning xmlns:xhtml="http://www.w3.org/1999/xhtml" xml:lang="en-US" category="general">Note that these rules can be configured in a
number of ways while still achieving the desired effect. Here the system calls
have been placed independent of other system calls. Grouping these system
calls with others as identifying earlier in this guide is more efficient.</warning>
          <reference href="https://www.cisecurity.org/controls/">1</reference>
          <reference href="https://www.cisecurity.org/controls/">11</reference>
          <reference href="https://www.cisecurity.org/controls/">12</reference>
          <reference href="https://www.cisecurity.org/controls/">13</reference>
          <reference href="https://www.cisecurity.org/controls/">14</reference>
          <reference href="https://www.cisecurity.org/controls/">15</reference>
          <reference href="https://www.cisecurity.org/controls/">16</reference>
          <reference href="https://www.cisecurity.org/controls/">19</reference>
          <reference href="https://www.cisecurity.org/controls/">2</reference>
          <reference href="https://www.cisecurity.org/controls/">3</reference>
          <reference href="https://www.cisecurity.org/controls/">4</reference>
          <reference href="https://www.cisecurity.org/controls/">5</reference>
          <reference href="https://www.cisecurity.org/controls/">6</reference>
          <reference href="https://www.cisecurity.org/controls/">7</reference>
          <reference href="https://www.cisecurity.org/controls/">8</reference>
          <reference href="https://www.cisecurity.org/controls/">9</reference>
          <reference href="https://www.fbi.gov/file-repository/cjis-security-policy-v5_5_20160601-2-1.pdf">5.4.1.1</reference>
          <reference href="https://www.isaca.org/resources/cobit">APO10.01</reference>
          <reference href="https://www.isaca.org/resources/cobit">APO10.03</reference>
          <reference href="https://www.isaca.org/resources/cobit">APO10.04</reference>
          <reference href="https://www.isaca.org/resources/cobit">APO10.05</reference>
          <reference href="https://www.isaca.org/resources/cobit">APO11.04</reference>
          <reference href="https://www.isaca.org/resources/cobit">APO12.06</reference>
          <reference href="https://www.isaca.org/resources/cobit">APO13.01</reference>
          <reference href="https://www.isaca.org/resources/cobit">BAI03.05</reference>
          <reference href="https://www.isaca.org/resources/cobit">BAI08.02</reference>
          <reference href="https://www.isaca.org/resources/cobit">DSS01.03</reference>
          <reference href="https://www.isaca.org/resources/cobit">DSS01.04</reference>
          <reference href="https://www.isaca.org/resources/cobit">DSS02.02</reference>
          <reference href="https://www.isaca.org/resources/cobit">DSS02.04</reference>
          <reference href="https://www.isaca.org/resources/cobit">DSS02.07</reference>
          <reference href="https://www.isaca.org/resources/cobit">DSS03.01</reference>
          <reference href="https://www.isaca.org/resources/cobit">DSS03.05</reference>
          <reference href="https://www.isaca.org/resources/cobit">DSS05.02</reference>
          <reference href="https://www.isaca.org/resources/cobit">DSS05.03</reference>
          <reference href="https://www.isaca.org/resources/cobit">DSS05.04</reference>
          <reference href="https://www.isaca.org/resources/cobit">DSS05.05</reference>
          <reference href="https://www.isaca.org/resources/cobit">DSS05.07</reference>
          <reference href="https://www.isaca.org/resources/cobit">MEA01.01</reference>
          <reference href="https://www.isaca.org/resources/cobit">MEA01.02</reference>
          <reference href="https://www.isaca.org/resources/cobit">MEA01.03</reference>
          <reference href="https://www.isaca.org/resources/cobit">MEA01.04</reference>
          <reference href="https://www.isaca.org/resources/cobit">MEA01.05</reference>
          <reference href="https://www.isaca.org/resources/cobit">MEA02.01</reference>
          <reference href="http://nvlpubs.nist.gov/nistpubs/SpecialPublications/NIST.SP.800-171.pdf">3.1.7</reference>
          <reference href="https://public.cyber.mil/stigs/cci/">CCI-000172</reference>
          <reference href="https://public.cyber.mil/stigs/cci/">CCI-000130</reference>
          <reference href="https://public.cyber.mil/stigs/cci/">CCI-000135</reference>
          <reference href="https://public.cyber.mil/stigs/cci/">CCI-000169</reference>
          <reference href="https://public.cyber.mil/stigs/cci/">CCI-002884</reference>
          <reference href="https://www.gpo.gov/fdsys/pkg/CFR-2007-title45-vol1/pdf/CFR-2007-title45-vol1-chapA-subchapC.pdf">164.308(a)(1)(ii)(D)</reference>
          <reference href="https://www.gpo.gov/fdsys/pkg/CFR-2007-title45-vol1/pdf/CFR-2007-title45-vol1-chapA-subchapC.pdf">164.308(a)(3)(ii)(A)</reference>
          <reference href="https://www.gpo.gov/fdsys/pkg/CFR-2007-title45-vol1/pdf/CFR-2007-title45-vol1-chapA-subchapC.pdf">164.308(a)(5)(ii)(C)</reference>
          <reference href="https://www.gpo.gov/fdsys/pkg/CFR-2007-title45-vol1/pdf/CFR-2007-title45-vol1-chapA-subchapC.pdf">164.312(a)(2)(i)</reference>
          <reference href="https://www.gpo.gov/fdsys/pkg/CFR-2007-title45-vol1/pdf/CFR-2007-title45-vol1-chapA-subchapC.pdf">164.312(b)</reference>
          <reference href="https://www.gpo.gov/fdsys/pkg/CFR-2007-title45-vol1/pdf/CFR-2007-title45-vol1-chapA-subchapC.pdf">164.312(d)</reference>
          <reference href="https://www.gpo.gov/fdsys/pkg/CFR-2007-title45-vol1/pdf/CFR-2007-title45-vol1-chapA-subchapC.pdf">164.312(e)</reference>
          <reference href="https://www.isa.org/products/isa-62443-2-1-2009-security-for-industrial-automat">4.2.3.10</reference>
          <reference href="https://www.isa.org/products/isa-62443-2-1-2009-security-for-industrial-automat">4.3.2.6.7</reference>
          <reference href="https://www.isa.org/products/isa-62443-2-1-2009-security-for-industrial-automat">4.3.3.3.9</reference>
          <reference href="https://www.isa.org/products/isa-62443-2-1-2009-security-for-industrial-automat">4.3.3.5.8</reference>
          <reference href="https://www.isa.org/products/isa-62443-2-1-2009-security-for-industrial-automat">4.3.3.6.6</reference>
          <reference href="https://www.isa.org/products/isa-62443-2-1-2009-security-for-industrial-automat">4.3.4.4.7</reference>
          <reference href="https://www.isa.org/products/isa-62443-2-1-2009-security-for-industrial-automat">4.3.4.5.6</reference>
          <reference href="https://www.isa.org/products/isa-62443-2-1-2009-security-for-industrial-automat">4.3.4.5.7</reference>
          <reference href="https://www.isa.org/products/isa-62443-2-1-2009-security-for-industrial-automat">4.3.4.5.8</reference>
          <reference href="https://www.isa.org/products/isa-62443-2-1-2009-security-for-industrial-automat">4.4.2.1</reference>
          <reference href="https://www.isa.org/products/isa-62443-2-1-2009-security-for-industrial-automat">4.4.2.2</reference>
          <reference href="https://www.isa.org/products/isa-62443-2-1-2009-security-for-industrial-automat">4.4.2.4</reference>
          <reference href="https://www.isa.org/products/ansi-isa-62443-3-3-99-03-03-2013-security-for-indu">SR 1.13</reference>
          <reference href="https://www.isa.org/products/ansi-isa-62443-3-3-99-03-03-2013-security-for-indu">SR 2.10</reference>
          <reference href="https://www.isa.org/products/ansi-isa-62443-3-3-99-03-03-2013-security-for-indu">SR 2.11</reference>
          <reference href="https://www.isa.org/products/ansi-isa-62443-3-3-99-03-03-2013-security-for-indu">SR 2.12</reference>
          <reference href="https://www.isa.org/products/ansi-isa-62443-3-3-99-03-03-2013-security-for-indu">SR 2.6</reference>
          <reference href="https://www.isa.org/products/ansi-isa-62443-3-3-99-03-03-2013-security-for-indu">SR 2.8</reference>
          <reference href="https://www.isa.org/products/ansi-isa-62443-3-3-99-03-03-2013-security-for-indu">SR 2.9</reference>
          <reference href="https://www.isa.org/products/ansi-isa-62443-3-3-99-03-03-2013-security-for-indu">SR 3.1</reference>
          <reference href="https://www.isa.org/products/ansi-isa-62443-3-3-99-03-03-2013-security-for-indu">SR 3.5</reference>
          <reference href="https://www.isa.org/products/ansi-isa-62443-3-3-99-03-03-2013-security-for-indu">SR 3.8</reference>
          <reference href="https://www.isa.org/products/ansi-isa-62443-3-3-99-03-03-2013-security-for-indu">SR 4.1</reference>
          <reference href="https://www.isa.org/products/ansi-isa-62443-3-3-99-03-03-2013-security-for-indu">SR 4.3</reference>
          <reference href="https://www.isa.org/products/ansi-isa-62443-3-3-99-03-03-2013-security-for-indu">SR 5.1</reference>
          <reference href="https://www.isa.org/products/ansi-isa-62443-3-3-99-03-03-2013-security-for-indu">SR 5.2</reference>
          <reference href="https://www.isa.org/products/ansi-isa-62443-3-3-99-03-03-2013-security-for-indu">SR 5.3</reference>
          <reference href="https://www.isa.org/products/ansi-isa-62443-3-3-99-03-03-2013-security-for-indu">SR 6.1</reference>
          <reference href="https://www.isa.org/products/ansi-isa-62443-3-3-99-03-03-2013-security-for-indu">SR 6.2</reference>
          <reference href="https://www.isa.org/products/ansi-isa-62443-3-3-99-03-03-2013-security-for-indu">SR 7.1</reference>
          <reference href="https://www.isa.org/products/ansi-isa-62443-3-3-99-03-03-2013-security-for-indu">SR 7.6</reference>
          <reference href="https://www.iso.org/contents/data/standard/05/45/54534.html">A.11.2.6</reference>
          <reference href="https://www.iso.org/contents/data/standard/05/45/54534.html">A.12.4.1</reference>
          <reference href="https://www.iso.org/contents/data/standard/05/45/54534.html">A.12.4.2</reference>
          <reference href="https://www.iso.org/contents/data/standard/05/45/54534.html">A.12.4.3</reference>
          <reference href="https://www.iso.org/contents/data/standard/05/45/54534.html">A.12.4.4</reference>
          <reference href="https://www.iso.org/contents/data/standard/05/45/54534.html">A.12.7.1</reference>
          <reference href="https://www.iso.org/contents/data/standard/05/45/54534.html">A.13.1.1</reference>
          <reference href="https://www.iso.org/contents/data/standard/05/45/54534.html">A.13.2.1</reference>
          <reference href="https://www.iso.org/contents/data/standard/05/45/54534.html">A.14.1.3</reference>
          <reference href="https://www.iso.org/contents/data/standard/05/45/54534.html">A.14.2.7</reference>
          <reference href="https://www.iso.org/contents/data/standard/05/45/54534.html">A.15.2.1</reference>
          <reference href="https://www.iso.org/contents/data/standard/05/45/54534.html">A.15.2.2</reference>
          <reference href="https://www.iso.org/contents/data/standard/05/45/54534.html">A.16.1.4</reference>
          <reference href="https://www.iso.org/contents/data/standard/05/45/54534.html">A.16.1.5</reference>
          <reference href="https://www.iso.org/contents/data/standard/05/45/54534.html">A.16.1.7</reference>
          <reference href="https://www.iso.org/contents/data/standard/05/45/54534.html">A.6.2.1</reference>
          <reference href="https://www.iso.org/contents/data/standard/05/45/54534.html">A.6.2.2</reference>
          <reference href="http://nvlpubs.nist.gov/nistpubs/SpecialPublications/NIST.SP.800-53r4.pdf">AU-2(d)</reference>
          <reference href="http://nvlpubs.nist.gov/nistpubs/SpecialPublications/NIST.SP.800-53r4.pdf">AU-12(c)</reference>
          <reference href="http://nvlpubs.nist.gov/nistpubs/SpecialPublications/NIST.SP.800-53r4.pdf">CM-6(a)</reference>
          <reference href="https://nvlpubs.nist.gov/nistpubs/CSWP/NIST.CSWP.04162018.pdf">DE.AE-3</reference>
          <reference href="https://nvlpubs.nist.gov/nistpubs/CSWP/NIST.CSWP.04162018.pdf">DE.AE-5</reference>
          <reference href="https://nvlpubs.nist.gov/nistpubs/CSWP/NIST.CSWP.04162018.pdf">DE.CM-1</reference>
          <reference href="https://nvlpubs.nist.gov/nistpubs/CSWP/NIST.CSWP.04162018.pdf">DE.CM-3</reference>
          <reference href="https://nvlpubs.nist.gov/nistpubs/CSWP/NIST.CSWP.04162018.pdf">DE.CM-7</reference>
          <reference href="https://nvlpubs.nist.gov/nistpubs/CSWP/NIST.CSWP.04162018.pdf">ID.SC-4</reference>
          <reference href="https://nvlpubs.nist.gov/nistpubs/CSWP/NIST.CSWP.04162018.pdf">PR.AC-3</reference>
          <reference href="https://nvlpubs.nist.gov/nistpubs/CSWP/NIST.CSWP.04162018.pdf">PR.PT-1</reference>
          <reference href="https://nvlpubs.nist.gov/nistpubs/CSWP/NIST.CSWP.04162018.pdf">PR.PT-4</reference>
          <reference href="https://nvlpubs.nist.gov/nistpubs/CSWP/NIST.CSWP.04162018.pdf">RS.AN-1</reference>
          <reference href="https://nvlpubs.nist.gov/nistpubs/CSWP/NIST.CSWP.04162018.pdf">RS.AN-4</reference>
          <reference href="https://www.pcisecuritystandards.org/documents/PCI_DSS_v3-2-1.pdf">Req-10.5.5</reference>
          <reference href="https://public.cyber.mil/stigs/downloads/?_dl_facet_stigs=operating-systems%2Cgeneral-purpose-os">SRG-OS-000037-GPOS-00015</reference>
          <reference href="https://public.cyber.mil/stigs/downloads/?_dl_facet_stigs=operating-systems%2Cgeneral-purpose-os">SRG-OS-000042-GPOS-00020</reference>
          <reference href="https://public.cyber.mil/stigs/downloads/?_dl_facet_stigs=operating-systems%2Cgeneral-purpose-os">SRG-OS-000062-GPOS-00031</reference>
          <reference href="https://public.cyber.mil/stigs/downloads/?_dl_facet_stigs=operating-systems%2Cgeneral-purpose-os">SRG-OS-000392-GPOS-00172</reference>
          <reference href="https://public.cyber.mil/stigs/downloads/?_dl_facet_stigs=operating-systems%2Cgeneral-purpose-os">SRG-OS-000462-GPOS-00206</reference>
          <reference href="https://public.cyber.mil/stigs/downloads/?_dl_facet_stigs=operating-systems%2Cgeneral-purpose-os">SRG-OS-000471-GPOS-00215</reference>
          <reference href="https://public.cyber.mil/stigs/downloads/?_dl_facet_stigs=operating-systems%2Cgeneral-purpose-os">SRG-OS-000064-GPOS-00033</reference>
          <reference href="https://public.cyber.mil/stigs/downloads/?_dl_facet_stigs=operating-systems%2Cgeneral-purpose-os">SRG-OS-000466-GPOS-00210</reference>
          <reference href="https://public.cyber.mil/stigs/downloads/?_dl_facet_stigs=operating-systems%2Cgeneral-purpose-os">SRG-OS-000458-GPOS-00203</reference>
          <reference href="https://public.cyber.mil/stigs/downloads/?_dl_facet_stigs=container-platform">SRG-APP-000091-CTR-000160</reference>
          <reference href="https://public.cyber.mil/stigs/downloads/?_dl_facet_stigs=container-platform">SRG-APP-000492-CTR-001220</reference>
          <reference href="https://public.cyber.mil/stigs/downloads/?_dl_facet_stigs=container-platform">SRG-APP-000493-CTR-001225</reference>
          <reference href="https://public.cyber.mil/stigs/downloads/?_dl_facet_stigs=container-platform">SRG-APP-000494-CTR-001230</reference>
          <reference href="https://public.cyber.mil/stigs/downloads/?_dl_facet_stigs=container-platform">SRG-APP-000500-CTR-001260</reference>
          <reference href="https://public.cyber.mil/stigs/downloads/?_dl_facet_stigs=container-platform">SRG-APP-000507-CTR-001295</reference>
          <reference href="https://public.cyber.mil/stigs/downloads/?_dl_facet_stigs=container-platform">SRG-APP-000495-CTR-001235</reference>
          <reference href="https://public.cyber.mil/stigs/downloads/?_dl_facet_stigs=container-platform">SRG-APP-000499-CTR-001255</reference>
          <reference href="https://cyber.gouv.fr/sites/default/files/document/linux_configuration-en-v2.pdf">R73</reference>
          <reference href="https://www.cisecurity.org/benchmark/ubuntu_linux/">6.2.3.9</reference>
          <reference href="https://docs-prv.pcisecuritystandards.org/PCI%20DSS/Standard/PCI-DSS-v4_0.pdf">10.3.4</reference>
          <reference href="https://docs-prv.pcisecuritystandards.org/PCI%20DSS/Standard/PCI-DSS-v4_0.pdf">10.3</reference>
          <rationale xmlns:xhtml="http://www.w3.org/1999/xhtml" xml:lang="en-US">The changing of file permissions could indicate that a user is attempting to
gain access to information that would otherwise be disallowed. Auditing DAC modifications
can facilitate the identification of patterns of abuse among both authorized and
unauthorized users.</rationale>
          <fix xmlns:xhtml="http://www.w3.org/1999/xhtml" id="audit_rules_dac_modification_fchmodat" system="urn:xccdf:fix:script:ansible" reboot="true" complexity="low" disruption="low" strategy="restrict">- name: Gather the package facts
  package_facts:
    manager: auto
  tags:
  - CJIS-5.4.1.1
  - NIST-800-171-3.1.7
  - NIST-800-53-AU-12(c)
  - NIST-800-53-AU-2(d)
  - NIST-800-53-CM-6(a)
  - PCI-DSS-Req-10.5.5
  - PCI-DSSv4-10.3
  - PCI-DSSv4-10.3.4
  - audit_rules_dac_modification_fchmodat
  - low_complexity
  - low_disruption
  - medium_severity
  - reboot_required
  - restrict_strategy

- name: Set architecture for audit fchmodat tasks
  set_fact:
    audit_arch: b64
  when:
  - '"auditd" in ansible_facts.packages'
  - '"linux-base" in ansible_facts.packages'
  - ansible_architecture == "aarch64" or ansible_architecture == "ppc64" or ansible_architecture
    == "ppc64le" or ansible_architecture == "s390x" or ansible_architecture == "x86_64"
  tags:
  - CJIS-5.4.1.1
  - NIST-800-171-3.1.7
  - NIST-800-53-AU-12(c)
  - NIST-800-53-AU-2(d)
  - NIST-800-53-CM-6(a)
  - PCI-DSS-Req-10.5.5
  - PCI-DSSv4-10.3
  - PCI-DSSv4-10.3.4
  - audit_rules_dac_modification_fchmodat
  - low_complexity
  - low_disruption
  - medium_severity
  - reboot_required
  - restrict_strategy

- name: Perform remediation of Audit rules for fchmodat for 32bit platform
  block:

  - name: Declare list of syscalls
    set_fact:
      syscalls:
      - fchmodat
      syscall_grouping:
      - chmod
      - fchmod
      - fchmodat

  - name: Check existence of fchmodat in /etc/audit/rules.d/
    find:
      paths: /etc/audit/rules.d
      contains: -a always,exit -F arch=b32(( -S |,)\w+)*(( -S |,){{ item }})+(( -S
        |,)\w+)* -F auid&gt;=1000 -F auid!=unset (-k\s+|-F\s+key=)\S+\s*$
      patterns: '*.rules'
    register: find_command
    loop: '{{ (syscall_grouping + syscalls) | unique }}'

  - name: Reset syscalls found per file
    set_fact:
      syscalls_per_file: {}
      found_paths_dict: {}

  - name: Declare syscalls found per file
    set_fact: syscalls_per_file="{{ syscalls_per_file | combine( {item.files[0].path
      :[item.item] + syscalls_per_file.get(item.files[0].path, []) } ) }}"
    loop: '{{ find_command.results | selectattr(''matched'') | list }}'

  - name: Declare files where syscalls were found
    set_fact: found_paths="{{ find_command.results | map(attribute='files') | flatten
      | map(attribute='path') | list }}"

  - name: Count occurrences of syscalls in paths
    set_fact: found_paths_dict="{{ found_paths_dict | combine({ item:1+found_paths_dict.get(item,
      0) }) }}"
    loop: '{{ find_command.results | map(attribute=''files'') | flatten | map(attribute=''path'')
      | list }}'

  - name: Get path with most syscalls
    set_fact: audit_file="{{ (found_paths_dict | dict2items() | sort(attribute='value')
      | last).key }}"
    when: found_paths | length &gt;= 1

  - name: No file with syscall found, set path to /etc/audit/rules.d/perm_mod.rules
    set_fact: audit_file="/etc/audit/rules.d/perm_mod.rules"
    when: found_paths | length == 0

  - name: Declare found syscalls
    set_fact: syscalls_found="{{ find_command.results | selectattr('matched') | map(attribute='item')
      | list }}"

  - name: Declare missing syscalls
    set_fact: missing_syscalls="{{ syscalls | difference(syscalls_found) }}"

  - name: Replace the audit rule in {{ audit_file }}
    lineinfile:
      path: '{{ audit_file }}'
      regexp: (-a always,exit -F arch=b32)(?=.*(?:(?:-S |,)(?:{{ syscalls_per_file[audit_file]
        | join("|") }}))\b)((?:( -S |,)\w+)+)( -F auid&gt;=1000 -F auid!=unset (?:-k
        |-F key=)\w+)
      line: \1\2\3{{ missing_syscalls | join("\3") }}\4
      backrefs: true
      state: present
      mode: g-rwx,o-rwx
    when: syscalls_found | length &gt; 0 and missing_syscalls | length &gt; 0

  - name: Add the audit rule to {{ audit_file }}
    lineinfile:
      path: '{{ audit_file }}'
      line: -a always,exit -F arch=b32 -S {{ syscalls | join(',') }} -F auid&gt;=1000
        -F auid!=unset -F key=perm_mod
      create: true
      mode: g-rwx,o-rwx
      state: present
    when: syscalls_found | length == 0

  - name: Declare list of syscalls
    set_fact:
      syscalls:
      - fchmodat
      syscall_grouping:
      - chmod
      - fchmod
      - fchmodat

  - name: Check existence of fchmodat in /etc/audit/audit.rules
    find:
      paths: /etc/audit
      contains: -a always,exit -F arch=b32(( -S |,)\w+)*(( -S |,){{ item }})+(( -S
        |,)\w+)* -F auid&gt;=1000 -F auid!=unset (-k\s+|-F\s+key=)\S+\s*$
      patterns: audit.rules
    register: find_command
    loop: '{{ (syscall_grouping + syscalls) | unique }}'

  - name: Set path to /etc/audit/audit.rules
    set_fact: audit_file="/etc/audit/audit.rules"

  - name: Declare found syscalls
    set_fact: syscalls_found="{{ find_command.results | selectattr('matched') | map(attribute='item')
      | list }}"

  - name: Declare missing syscalls
    set_fact: missing_syscalls="{{ syscalls | difference(syscalls_found) }}"

  - name: Replace the audit rule in {{ audit_file }}
    lineinfile:
      path: '{{ audit_file }}'
      regexp: (-a always,exit -F arch=b32)(?=.*(?:(?:-S |,)(?:{{ syscalls_found |
        join("|") }}))\b)((?:( -S |,)\w+)+)( -F auid&gt;=1000 -F auid!=unset (?:-k |-F
        key=)\w+)
      line: \1\2\3{{ missing_syscalls | join("\3") }}\4
      backrefs: true
      state: present
      mode: g-rwx,o-rwx
    when: syscalls_found | length &gt; 0 and missing_syscalls | length &gt; 0

  - name: Add the audit rule to {{ audit_file }}
    lineinfile:
      path: '{{ audit_file }}'
      line: -a always,exit -F arch=b32 -S {{ syscalls | join(',') }} -F auid&gt;=1000
        -F auid!=unset -F key=perm_mod
      create: true
      mode: g-rwx,o-rwx
      state: present
    when: syscalls_found | length == 0
  when:
  - '"auditd" in ansible_facts.packages'
  - '"linux-base" in ansible_facts.packages'
  tags:
  - CJIS-5.4.1.1
  - NIST-800-171-3.1.7
  - NIST-800-53-AU-12(c)
  - NIST-800-53-AU-2(d)
  - NIST-800-53-CM-6(a)
  - PCI-DSS-Req-10.5.5
  - PCI-DSSv4-10.3
  - PCI-DSSv4-10.3.4
  - audit_rules_dac_modification_fchmodat
  - low_complexity
  - low_disruption
  - medium_severity
  - reboot_required
  - restrict_strategy

- name: Perform remediation of Audit rules for fchmodat for 64bit platform
  block:

  - name: Declare list of syscalls
    set_fact:
      syscalls:
      - fchmodat
      syscall_grouping:
      - chmod
      - fchmod
      - fchmodat

  - name: Check existence of fchmodat in /etc/audit/rules.d/
    find:
      paths: /etc/audit/rules.d
      contains: -a always,exit -F arch=b64(( -S |,)\w+)*(( -S |,){{ item }})+(( -S
        |,)\w+)* -F auid&gt;=1000 -F auid!=unset (-k\s+|-F\s+key=)\S+\s*$
      patterns: '*.rules'
    register: find_command
    loop: '{{ (syscall_grouping + syscalls) | unique }}'

  - name: Reset syscalls found per file
    set_fact:
      syscalls_per_file: {}
      found_paths_dict: {}

  - name: Declare syscalls found per file
    set_fact: syscalls_per_file="{{ syscalls_per_file | combine( {item.files[0].path
      :[item.item] + syscalls_per_file.get(item.files[0].path, []) } ) }}"
    loop: '{{ find_command.results | selectattr(''matched'') | list }}'

  - name: Declare files where syscalls were found
    set_fact: found_paths="{{ find_command.results | map(attribute='files') | flatten
      | map(attribute='path') | list }}"

  - name: Count occurrences of syscalls in paths
    set_fact: found_paths_dict="{{ found_paths_dict | combine({ item:1+found_paths_dict.get(item,
      0) }) }}"
    loop: '{{ find_command.results | map(attribute=''files'') | flatten | map(attribute=''path'')
      | list }}'

  - name: Get path with most syscalls
    set_fact: audit_file="{{ (found_paths_dict | dict2items() | sort(attribute='value')
      | last).key }}"
    when: found_paths | length &gt;= 1

  - name: No file with syscall found, set path to /etc/audit/rules.d/perm_mod.rules
    set_fact: audit_file="/etc/audit/rules.d/perm_mod.rules"
    when: found_paths | length == 0

  - name: Declare found syscalls
    set_fact: syscalls_found="{{ find_command.results | selectattr('matched') | map(attribute='item')
      | list }}"

  - name: Declare missing syscalls
    set_fact: missing_syscalls="{{ syscalls | difference(syscalls_found) }}"

  - name: Replace the audit rule in {{ audit_file }}
    lineinfile:
      path: '{{ audit_file }}'
      regexp: (-a always,exit -F arch=b64)(?=.*(?:(?:-S |,)(?:{{ syscalls_per_file[audit_file]
        | join("|") }}))\b)((?:( -S |,)\w+)+)( -F auid&gt;=1000 -F auid!=unset (?:-k
        |-F key=)\w+)
      line: \1\2\3{{ missing_syscalls | join("\3") }}\4
      backrefs: true
      state: present
      mode: g-rwx,o-rwx
    when: syscalls_found | length &gt; 0 and missing_syscalls | length &gt; 0

  - name: Add the audit rule to {{ audit_file }}
    lineinfile:
      path: '{{ audit_file }}'
      line: -a always,exit -F arch=b64 -S {{ syscalls | join(',') }} -F auid&gt;=1000
        -F auid!=unset -F key=perm_mod
      create: true
      mode: g-rwx,o-rwx
      state: present
    when: syscalls_found | length == 0

  - name: Declare list of syscalls
    set_fact:
      syscalls:
      - fchmodat
      syscall_grouping:
      - chmod
      - fchmod
      - fchmodat

  - name: Check existence of fchmodat in /etc/audit/audit.rules
    find:
      paths: /etc/audit
      contains: -a always,exit -F arch=b64(( -S |,)\w+)*(( -S |,){{ item }})+(( -S
        |,)\w+)* -F auid&gt;=1000 -F auid!=unset (-k\s+|-F\s+key=)\S+\s*$
      patterns: audit.rules
    register: find_command
    loop: '{{ (syscall_grouping + syscalls) | unique }}'

  - name: Set path to /etc/audit/audit.rules
    set_fact: audit_file="/etc/audit/audit.rules"

  - name: Declare found syscalls
    set_fact: syscalls_found="{{ find_command.results | selectattr('matched') | map(attribute='item')
      | list }}"

  - name: Declare missing syscalls
    set_fact: missing_syscalls="{{ syscalls | difference(syscalls_found) }}"

  - name: Replace the audit rule in {{ audit_file }}
    lineinfile:
      path: '{{ audit_file }}'
      regexp: (-a always,exit -F arch=b64)(?=.*(?:(?:-S |,)(?:{{ syscalls_found |
        join("|") }}))\b)((?:( -S |,)\w+)+)( -F auid&gt;=1000 -F auid!=unset (?:-k |-F
        key=)\w+)
      line: \1\2\3{{ missing_syscalls | join("\3") }}\4
      backrefs: true
      state: present
      mode: g-rwx,o-rwx
    when: syscalls_found | length &gt; 0 and missing_syscalls | length &gt; 0

  - name: Add the audit rule to {{ audit_file }}
    lineinfile:
      path: '{{ audit_file }}'
      line: -a always,exit -F arch=b64 -S {{ syscalls | join(',') }} -F auid&gt;=1000
        -F auid!=unset -F key=perm_mod
      create: true
      mode: g-rwx,o-rwx
      state: present
    when: syscalls_found | length == 0
  when:
  - '"auditd" in ansible_facts.packages'
  - '"linux-base" in ansible_facts.packages'
  - audit_arch == "b64"
  tags:
  - CJIS-5.4.1.1
  - NIST-800-171-3.1.7
  - NIST-800-53-AU-12(c)
  - NIST-800-53-AU-2(d)
  - NIST-800-53-CM-6(a)
  - PCI-DSS-Req-10.5.5
  - PCI-DSSv4-10.3
  - PCI-DSSv4-10.3.4
  - audit_rules_dac_modification_fchmodat
  - low_complexity
  - low_disruption
  - medium_severity
  - reboot_required
  - restrict_strategy
</fix>
          <fix xmlns:xhtml="http://www.w3.org/1999/xhtml" id="audit_rules_dac_modification_fchmodat" system="urn:xccdf:fix:script:sh"># Remediation is applicable only in certain platforms
if dpkg-query --show --showformat='${db:Status-Status}
' 'linux-base' 2&gt;/dev/null | grep -q ^installed &amp;&amp; dpkg-query --show --showformat='${db:Status-Status}\n' 'auditd' 2&gt;/dev/null | grep -q '^installed'; then

# First perform the remediation of the syscall rule
# Retrieve hardware architecture of the underlying system
[ "$(getconf LONG_BIT)" = "32" ] &amp;&amp; RULE_ARCHS=("b32") || RULE_ARCHS=("b32" "b64")

for ARCH in "${RULE_ARCHS[@]}"
do
	ACTION_ARCH_FILTERS="-a always,exit -F arch=$ARCH"
	OTHER_FILTERS=""
	AUID_FILTERS="-F auid&gt;=1000 -F auid!=unset"
	SYSCALL="fchmodat"
	KEY="perm_mod"
	SYSCALL_GROUPING="chmod fchmod fchmodat"

	# Perform the remediation for both possible tools: 'auditctl' and 'augenrules'
	unset syscall_a
unset syscall_grouping
unset syscall_string
unset syscall
unset file_to_edit
unset rule_to_edit
unset rule_syscalls_to_edit
unset other_string
unset auid_string
unset full_rule

# Load macro arguments into arrays
read -a syscall_a &lt;&lt;&lt; $SYSCALL
read -a syscall_grouping &lt;&lt;&lt; $SYSCALL_GROUPING

# Create a list of audit *.rules files that should be inspected for presence and correctness
# of a particular audit rule. The scheme is as follows:
#
# -----------------------------------------------------------------------------------------
#  Tool used to load audit rules | Rule already defined  |  Audit rules file to inspect    |
# -----------------------------------------------------------------------------------------
#        auditctl                |     Doesn't matter    |  /etc/audit/audit.rules         |
# -----------------------------------------------------------------------------------------
#        augenrules              |          Yes          |  /etc/audit/rules.d/*.rules     |
#        augenrules              |          No           |  /etc/audit/rules.d/$key.rules  |
# -----------------------------------------------------------------------------------------
#
files_to_inspect=()

# If audit tool is 'augenrules', then check if the audit rule is defined
# If rule is defined, add '/etc/audit/rules.d/*.rules' to the list for inspection
# If rule isn't defined yet, add '/etc/audit/rules.d/$key.rules' to the list for inspection
default_file="/etc/audit/rules.d/$KEY.rules"
# As other_filters may include paths, lets use a different delimiter for it
# The "F" script expression tells sed to print the filenames where the expressions matched
readarray -t files_to_inspect &lt; &lt;(sed -s -n -e "/^$ACTION_ARCH_FILTERS/!d" -e "\#$OTHER_FILTERS#!d" -e "/$AUID_FILTERS/!d" -e "F" /etc/audit/rules.d/*.rules)
# Case when particular rule isn't defined in /etc/audit/rules.d/*.rules yet
if [ ${#files_to_inspect[@]} -eq "0" ]
then
    file_to_inspect="/etc/audit/rules.d/$KEY.rules"
    files_to_inspect=("$file_to_inspect")
    if [ ! -e "$file_to_inspect" ]
    then
        touch "$file_to_inspect"
        chmod 0600 "$file_to_inspect"
    fi
fi

# After converting to jinja, we cannot return; therefore we skip the rest of the macro if needed instead
skip=1

for audit_file in "${files_to_inspect[@]}"
do
    # Filter existing $audit_file rules' definitions to select those that satisfy the rule pattern,
    # i.e, collect rules that match:
    # * the action, list and arch, (2-nd argument)
    # * the other filters, (3-rd argument)
    # * the auid filters, (4-rd argument)
    readarray -t similar_rules &lt; &lt;(sed -e "/^$ACTION_ARCH_FILTERS/!d"  -e "\#$OTHER_FILTERS#!d" -e "/$AUID_FILTERS/!d" "$audit_file")

    candidate_rules=()
    # Filter out rules that have more fields then required. This will remove rules more specific than the required scope
    for s_rule in "${similar_rules[@]}"
    do
        # Strip all the options and fields we know of,
        # than check if there was any field left over
        extra_fields=$(sed -E -e "s/^$ACTION_ARCH_FILTERS//"  -e "s#$OTHER_FILTERS##" -e "s/$AUID_FILTERS//" -e "s/((:?-S [[:alnum:],]+)+)//g" -e "s/-F key=\w+|-k \w+//"&lt;&lt;&lt; "$s_rule")
        grep -q -- "-F" &lt;&lt;&lt; "$extra_fields" || candidate_rules+=("$s_rule")
    done

    if [[ ${#syscall_a[@]} -ge 1 ]]
    then
        # Check if the syscall we want is present in any of the similar existing rules
        for rule in "${candidate_rules[@]}"
        do
            rule_syscalls=$(echo "$rule" | grep -o -P '(-S [\w,]+)+' | xargs)
            all_syscalls_found=0
            for syscall in "${syscall_a[@]}"
            do
                grep -q -- "\b${syscall}\b" &lt;&lt;&lt; "$rule_syscalls" || {
                   # A syscall was not found in the candidate rule
                   all_syscalls_found=1
                   }
            done
            if [[ $all_syscalls_found -eq 0 ]]
            then
                # We found a rule with all the syscall(s) we want; skip rest of macro
                skip=0
                break
            fi

            # Check if this rule can be grouped with our target syscall and keep track of it
            for syscall_g in "${syscall_grouping[@]}"
            do
                if grep -q -- "\b${syscall_g}\b" &lt;&lt;&lt; "$rule_syscalls"
                then
                    file_to_edit=${audit_file}
                    rule_to_edit=${rule}
                    rule_syscalls_to_edit=${rule_syscalls}
                fi
            done
        done
    else
        # If there is any candidate rule, it is compliant; skip rest of macro
        if [ "${#candidate_rules[@]}" -gt 0 ]
        then
            skip=0
        fi
    fi

    if [ "$skip" -eq 0 ]; then
        break
    fi
done

if [ "$skip" -ne 0 ]; then
    # We checked all rules that matched the expected resemblance pattern (action, arch &amp; auid)
    # At this point we know if we need to either append the $full_rule or group
    # the syscall together with an exsiting rule

    # Append the full_rule if it cannot be grouped to any other rule
    if [ -z ${rule_to_edit+x} ]
    then
        # Build full_rule while avoid adding double spaces when other_filters is empty
        if [ "${#syscall_a[@]}" -gt 0 ]
        then
            syscall_string=""
            for syscall in "${syscall_a[@]}"
            do
                syscall_string+=" -S $syscall"
            done
        fi
        other_string=$([[ $OTHER_FILTERS ]] &amp;&amp; echo " $OTHER_FILTERS") || /bin/true
        auid_string=$([[ $AUID_FILTERS ]] &amp;&amp; echo " $AUID_FILTERS") || /bin/true
        full_rule="$ACTION_ARCH_FILTERS${syscall_string}${other_string}${auid_string} -F key=$KEY" || /bin/true
        echo "$full_rule" &gt;&gt; "$default_file"
        chmod 0600 ${default_file}
    else
        # Check if the syscalls are declared as a comma separated list or
        # as multiple -S parameters
        if grep -q -- "," &lt;&lt;&lt; "${rule_syscalls_to_edit}"
        then
            delimiter=","
        else
            delimiter=" -S "
        fi
        new_grouped_syscalls="${rule_syscalls_to_edit}"
        for syscall in "${syscall_a[@]}"
        do
            grep -q -- "\b${syscall}\b" &lt;&lt;&lt; "${rule_syscalls_to_edit}" || {
               # A syscall was not found in the candidate rule
               new_grouped_syscalls+="${delimiter}${syscall}"
               }
        done

        # Group the syscall in the rule
        sed -i -e "\#${rule_to_edit}#s#${rule_syscalls_to_edit}#${new_grouped_syscalls}#" "$file_to_edit"
    fi
fi
	unset syscall_a
unset syscall_grouping
unset syscall_string
unset syscall
unset file_to_edit
unset rule_to_edit
unset rule_syscalls_to_edit
unset other_string
unset auid_string
unset full_rule

# Load macro arguments into arrays
read -a syscall_a &lt;&lt;&lt; $SYSCALL
read -a syscall_grouping &lt;&lt;&lt; $SYSCALL_GROUPING

# Create a list of audit *.rules files that should be inspected for presence and correctness
# of a particular audit rule. The scheme is as follows:
#
# -----------------------------------------------------------------------------------------
#  Tool used to load audit rules | Rule already defined  |  Audit rules file to inspect    |
# -----------------------------------------------------------------------------------------
#        auditctl                |     Doesn't matter    |  /etc/audit/audit.rules         |
# -----------------------------------------------------------------------------------------
#        augenrules              |          Yes          |  /etc/audit/rules.d/*.rules     |
#        augenrules              |          No           |  /etc/audit/rules.d/$key.rules  |
# -----------------------------------------------------------------------------------------
#
files_to_inspect=()


# If audit tool is 'auditctl', then add '/etc/audit/audit.rules'
# file to the list of files to be inspected
default_file="/etc/audit/audit.rules"
files_to_inspect+=('/etc/audit/audit.rules' )

# After converting to jinja, we cannot return; therefore we skip the rest of the macro if needed instead
skip=1

for audit_file in "${files_to_inspect[@]}"
do
    # Filter existing $audit_file rules' definitions to select those that satisfy the rule pattern,
    # i.e, collect rules that match:
    # * the action, list and arch, (2-nd argument)
    # * the other filters, (3-rd argument)
    # * the auid filters, (4-rd argument)
    readarray -t similar_rules &lt; &lt;(sed -e "/^$ACTION_ARCH_FILTERS/!d"  -e "\#$OTHER_FILTERS#!d" -e "/$AUID_FILTERS/!d" "$audit_file")

    candidate_rules=()
    # Filter out rules that have more fields then required. This will remove rules more specific than the required scope
    for s_rule in "${similar_rules[@]}"
    do
        # Strip all the options and fields we know of,
        # than check if there was any field left over
        extra_fields=$(sed -E -e "s/^$ACTION_ARCH_FILTERS//"  -e "s#$OTHER_FILTERS##" -e "s/$AUID_FILTERS//" -e "s/((:?-S [[:alnum:],]+)+)//g" -e "s/-F key=\w+|-k \w+//"&lt;&lt;&lt; "$s_rule")
        grep -q -- "-F" &lt;&lt;&lt; "$extra_fields" || candidate_rules+=("$s_rule")
    done

    if [[ ${#syscall_a[@]} -ge 1 ]]
    then
        # Check if the syscall we want is present in any of the similar existing rules
        for rule in "${candidate_rules[@]}"
        do
            rule_syscalls=$(echo "$rule" | grep -o -P '(-S [\w,]+)+' | xargs)
            all_syscalls_found=0
            for syscall in "${syscall_a[@]}"
            do
                grep -q -- "\b${syscall}\b" &lt;&lt;&lt; "$rule_syscalls" || {
                   # A syscall was not found in the candidate rule
                   all_syscalls_found=1
                   }
            done
            if [[ $all_syscalls_found -eq 0 ]]
            then
                # We found a rule with all the syscall(s) we want; skip rest of macro
                skip=0
                break
            fi

            # Check if this rule can be grouped with our target syscall and keep track of it
            for syscall_g in "${syscall_grouping[@]}"
            do
                if grep -q -- "\b${syscall_g}\b" &lt;&lt;&lt; "$rule_syscalls"
                then
                    file_to_edit=${audit_file}
                    rule_to_edit=${rule}
                    rule_syscalls_to_edit=${rule_syscalls}
                fi
            done
        done
    else
        # If there is any candidate rule, it is compliant; skip rest of macro
        if [ "${#candidate_rules[@]}" -gt 0 ]
        then
            skip=0
        fi
    fi

    if [ "$skip" -eq 0 ]; then
        break
    fi
done

if [ "$skip" -ne 0 ]; then
    # We checked all rules that matched the expected resemblance pattern (action, arch &amp; auid)
    # At this point we know if we need to either append the $full_rule or group
    # the syscall together with an exsiting rule

    # Append the full_rule if it cannot be grouped to any other rule
    if [ -z ${rule_to_edit+x} ]
    then
        # Build full_rule while avoid adding double spaces when other_filters is empty
        if [ "${#syscall_a[@]}" -gt 0 ]
        then
            syscall_string=""
            for syscall in "${syscall_a[@]}"
            do
                syscall_string+=" -S $syscall"
            done
        fi
        other_string=$([[ $OTHER_FILTERS ]] &amp;&amp; echo " $OTHER_FILTERS") || /bin/true
        auid_string=$([[ $AUID_FILTERS ]] &amp;&amp; echo " $AUID_FILTERS") || /bin/true
        full_rule="$ACTION_ARCH_FILTERS${syscall_string}${other_string}${auid_string} -F key=$KEY" || /bin/true
        echo "$full_rule" &gt;&gt; "$default_file"
        chmod 0600 ${default_file}
    else
        # Check if the syscalls are declared as a comma separated list or
        # as multiple -S parameters
        if grep -q -- "," &lt;&lt;&lt; "${rule_syscalls_to_edit}"
        then
            delimiter=","
        else
            delimiter=" -S "
        fi
        new_grouped_syscalls="${rule_syscalls_to_edit}"
        for syscall in "${syscall_a[@]}"
        do
            grep -q -- "\b${syscall}\b" &lt;&lt;&lt; "${rule_syscalls_to_edit}" || {
               # A syscall was not found in the candidate rule
               new_grouped_syscalls+="${delimiter}${syscall}"
               }
        done

        # Group the syscall in the rule
        sed -i -e "\#${rule_to_edit}#s#${rule_syscalls_to_edit}#${new_grouped_syscalls}#" "$file_to_edit"
    fi
fi
done

else
    &gt;&amp;2 echo 'Remediation is not applicable, nothing was done'
fi
</fix>
          <check system="http://oval.mitre.org/XMLSchema/oval-definitions-5">
            <check-content-ref name="oval:ssg-audit_rules_dac_modification_fchmodat:def:1" href="ssg-ubuntu2404-oval.xml"/>
          </check>
          <check system="http://scap.nist.gov/schema/ocil/2">
            <check-content-ref name="ocil:ssg-audit_rules_dac_modification_fchmodat_ocil:questionnaire:1" href="ssg-ubuntu2404-ocil.xml"/>
          </check>
        </Rule>
        <Rule id="xccdf_org.ssgproject.content_rule_audit_rules_dac_modification_fchown" selected="false" role="full" severity="medium">
          <title xmlns:xhtml="http://www.w3.org/1999/xhtml" xml:lang="en-US">Record Events that Modify the System's Discretionary Access Controls - fchown</title>
          <description xmlns:xhtml="http://www.w3.org/1999/xhtml" xml:lang="en-US">At a minimum, the audit system should collect file permission
changes for all users and root. If the <html:code xmlns:html="http://www.w3.org/1999/xhtml">auditd</html:code> daemon is configured
to use the <html:code xmlns:html="http://www.w3.org/1999/xhtml">augenrules</html:code> program to read audit rules during daemon
startup (the default), add the following line to a file with suffix
<html:code xmlns:html="http://www.w3.org/1999/xhtml">.rules</html:code> in the directory <html:code xmlns:html="http://www.w3.org/1999/xhtml">/etc/audit/rules.d</html:code>:
<html:pre xmlns:html="http://www.w3.org/1999/xhtml">-a always,exit -F arch=b32 -S fchown -F auid&gt;=1000 -F auid!=unset -F key=perm_mod</html:pre>

If the system is 64 bit then also add the following line:
<html:pre xmlns:html="http://www.w3.org/1999/xhtml">-a always,exit -F arch=b64 -S fchown -F auid&gt;=1000 -F auid!=unset -F key=perm_mod</html:pre>

If the <html:code xmlns:html="http://www.w3.org/1999/xhtml">auditd</html:code> daemon is configured to use the <html:code xmlns:html="http://www.w3.org/1999/xhtml">auditctl</html:code>
utility to read audit rules during daemon startup, add the following line to
<html:code xmlns:html="http://www.w3.org/1999/xhtml">/etc/audit/audit.rules</html:code> file:
<html:pre xmlns:html="http://www.w3.org/1999/xhtml">-a always,exit -F arch=b32 -S fchown -F auid&gt;=1000 -F auid!=unset -F key=perm_mod</html:pre>

If the system is 64 bit then also add the following line:
<html:pre xmlns:html="http://www.w3.org/1999/xhtml">-a always,exit -F arch=b64 -S fchown -F auid&gt;=1000 -F auid!=unset -F key=perm_mod</html:pre>
       </description>
          <warning xmlns:xhtml="http://www.w3.org/1999/xhtml" xml:lang="en-US" category="general">Note that these rules can be configured in a
number of ways while still achieving the desired effect. Here the system calls
have been placed independent of other system calls. Grouping these system
calls with others as identifying earlier in this guide is more efficient.</warning>
          <reference href="https://www.cisecurity.org/controls/">1</reference>
          <reference href="https://www.cisecurity.org/controls/">11</reference>
          <reference href="https://www.cisecurity.org/controls/">12</reference>
          <reference href="https://www.cisecurity.org/controls/">13</reference>
          <reference href="https://www.cisecurity.org/controls/">14</reference>
          <reference href="https://www.cisecurity.org/controls/">15</reference>
          <reference href="https://www.cisecurity.org/controls/">16</reference>
          <reference href="https://www.cisecurity.org/controls/">19</reference>
          <reference href="https://www.cisecurity.org/controls/">2</reference>
          <reference href="https://www.cisecurity.org/controls/">3</reference>
          <reference href="https://www.cisecurity.org/controls/">4</reference>
          <reference href="https://www.cisecurity.org/controls/">5</reference>
          <reference href="https://www.cisecurity.org/controls/">6</reference>
          <reference href="https://www.cisecurity.org/controls/">7</reference>
          <reference href="https://www.cisecurity.org/controls/">8</reference>
          <reference href="https://www.cisecurity.org/controls/">9</reference>
          <reference href="https://www.fbi.gov/file-repository/cjis-security-policy-v5_5_20160601-2-1.pdf">5.4.1.1</reference>
          <reference href="https://www.isaca.org/resources/cobit">APO10.01</reference>
          <reference href="https://www.isaca.org/resources/cobit">APO10.03</reference>
          <reference href="https://www.isaca.org/resources/cobit">APO10.04</reference>
          <reference href="https://www.isaca.org/resources/cobit">APO10.05</reference>
          <reference href="https://www.isaca.org/resources/cobit">APO11.04</reference>
          <reference href="https://www.isaca.org/resources/cobit">APO12.06</reference>
          <reference href="https://www.isaca.org/resources/cobit">APO13.01</reference>
          <reference href="https://www.isaca.org/resources/cobit">BAI03.05</reference>
          <reference href="https://www.isaca.org/resources/cobit">BAI08.02</reference>
          <reference href="https://www.isaca.org/resources/cobit">DSS01.03</reference>
          <reference href="https://www.isaca.org/resources/cobit">DSS01.04</reference>
          <reference href="https://www.isaca.org/resources/cobit">DSS02.02</reference>
          <reference href="https://www.isaca.org/resources/cobit">DSS02.04</reference>
          <reference href="https://www.isaca.org/resources/cobit">DSS02.07</reference>
          <reference href="https://www.isaca.org/resources/cobit">DSS03.01</reference>
          <reference href="https://www.isaca.org/resources/cobit">DSS03.05</reference>
          <reference href="https://www.isaca.org/resources/cobit">DSS05.02</reference>
          <reference href="https://www.isaca.org/resources/cobit">DSS05.03</reference>
          <reference href="https://www.isaca.org/resources/cobit">DSS05.04</reference>
          <reference href="https://www.isaca.org/resources/cobit">DSS05.05</reference>
          <reference href="https://www.isaca.org/resources/cobit">DSS05.07</reference>
          <reference href="https://www.isaca.org/resources/cobit">MEA01.01</reference>
          <reference href="https://www.isaca.org/resources/cobit">MEA01.02</reference>
          <reference href="https://www.isaca.org/resources/cobit">MEA01.03</reference>
          <reference href="https://www.isaca.org/resources/cobit">MEA01.04</reference>
          <reference href="https://www.isaca.org/resources/cobit">MEA01.05</reference>
          <reference href="https://www.isaca.org/resources/cobit">MEA02.01</reference>
          <reference href="http://nvlpubs.nist.gov/nistpubs/SpecialPublications/NIST.SP.800-171.pdf">3.1.7</reference>
          <reference href="https://public.cyber.mil/stigs/cci/">CCI-000172</reference>
          <reference href="https://public.cyber.mil/stigs/cci/">CCI-000130</reference>
          <reference href="https://public.cyber.mil/stigs/cci/">CCI-000135</reference>
          <reference href="https://public.cyber.mil/stigs/cci/">CCI-000169</reference>
          <reference href="https://public.cyber.mil/stigs/cci/">CCI-002884</reference>
          <reference href="https://www.gpo.gov/fdsys/pkg/CFR-2007-title45-vol1/pdf/CFR-2007-title45-vol1-chapA-subchapC.pdf">164.308(a)(1)(ii)(D)</reference>
          <reference href="https://www.gpo.gov/fdsys/pkg/CFR-2007-title45-vol1/pdf/CFR-2007-title45-vol1-chapA-subchapC.pdf">164.308(a)(3)(ii)(A)</reference>
          <reference href="https://www.gpo.gov/fdsys/pkg/CFR-2007-title45-vol1/pdf/CFR-2007-title45-vol1-chapA-subchapC.pdf">164.308(a)(5)(ii)(C)</reference>
          <reference href="https://www.gpo.gov/fdsys/pkg/CFR-2007-title45-vol1/pdf/CFR-2007-title45-vol1-chapA-subchapC.pdf">164.312(a)(2)(i)</reference>
          <reference href="https://www.gpo.gov/fdsys/pkg/CFR-2007-title45-vol1/pdf/CFR-2007-title45-vol1-chapA-subchapC.pdf">164.312(b)</reference>
          <reference href="https://www.gpo.gov/fdsys/pkg/CFR-2007-title45-vol1/pdf/CFR-2007-title45-vol1-chapA-subchapC.pdf">164.312(d)</reference>
          <reference href="https://www.gpo.gov/fdsys/pkg/CFR-2007-title45-vol1/pdf/CFR-2007-title45-vol1-chapA-subchapC.pdf">164.312(e)</reference>
          <reference href="https://www.isa.org/products/isa-62443-2-1-2009-security-for-industrial-automat">4.2.3.10</reference>
          <reference href="https://www.isa.org/products/isa-62443-2-1-2009-security-for-industrial-automat">4.3.2.6.7</reference>
          <reference href="https://www.isa.org/products/isa-62443-2-1-2009-security-for-industrial-automat">4.3.3.3.9</reference>
          <reference href="https://www.isa.org/products/isa-62443-2-1-2009-security-for-industrial-automat">4.3.3.5.8</reference>
          <reference href="https://www.isa.org/products/isa-62443-2-1-2009-security-for-industrial-automat">4.3.3.6.6</reference>
          <reference href="https://www.isa.org/products/isa-62443-2-1-2009-security-for-industrial-automat">4.3.4.4.7</reference>
          <reference href="https://www.isa.org/products/isa-62443-2-1-2009-security-for-industrial-automat">4.3.4.5.6</reference>
          <reference href="https://www.isa.org/products/isa-62443-2-1-2009-security-for-industrial-automat">4.3.4.5.7</reference>
          <reference href="https://www.isa.org/products/isa-62443-2-1-2009-security-for-industrial-automat">4.3.4.5.8</reference>
          <reference href="https://www.isa.org/products/isa-62443-2-1-2009-security-for-industrial-automat">4.4.2.1</reference>
          <reference href="https://www.isa.org/products/isa-62443-2-1-2009-security-for-industrial-automat">4.4.2.2</reference>
          <reference href="https://www.isa.org/products/isa-62443-2-1-2009-security-for-industrial-automat">4.4.2.4</reference>
          <reference href="https://www.isa.org/products/ansi-isa-62443-3-3-99-03-03-2013-security-for-indu">SR 1.13</reference>
          <reference href="https://www.isa.org/products/ansi-isa-62443-3-3-99-03-03-2013-security-for-indu">SR 2.10</reference>
          <reference href="https://www.isa.org/products/ansi-isa-62443-3-3-99-03-03-2013-security-for-indu">SR 2.11</reference>
          <reference href="https://www.isa.org/products/ansi-isa-62443-3-3-99-03-03-2013-security-for-indu">SR 2.12</reference>
          <reference href="https://www.isa.org/products/ansi-isa-62443-3-3-99-03-03-2013-security-for-indu">SR 2.6</reference>
          <reference href="https://www.isa.org/products/ansi-isa-62443-3-3-99-03-03-2013-security-for-indu">SR 2.8</reference>
          <reference href="https://www.isa.org/products/ansi-isa-62443-3-3-99-03-03-2013-security-for-indu">SR 2.9</reference>
          <reference href="https://www.isa.org/products/ansi-isa-62443-3-3-99-03-03-2013-security-for-indu">SR 3.1</reference>
          <reference href="https://www.isa.org/products/ansi-isa-62443-3-3-99-03-03-2013-security-for-indu">SR 3.5</reference>
          <reference href="https://www.isa.org/products/ansi-isa-62443-3-3-99-03-03-2013-security-for-indu">SR 3.8</reference>
          <reference href="https://www.isa.org/products/ansi-isa-62443-3-3-99-03-03-2013-security-for-indu">SR 4.1</reference>
          <reference href="https://www.isa.org/products/ansi-isa-62443-3-3-99-03-03-2013-security-for-indu">SR 4.3</reference>
          <reference href="https://www.isa.org/products/ansi-isa-62443-3-3-99-03-03-2013-security-for-indu">SR 5.1</reference>
          <reference href="https://www.isa.org/products/ansi-isa-62443-3-3-99-03-03-2013-security-for-indu">SR 5.2</reference>
          <reference href="https://www.isa.org/products/ansi-isa-62443-3-3-99-03-03-2013-security-for-indu">SR 5.3</reference>
          <reference href="https://www.isa.org/products/ansi-isa-62443-3-3-99-03-03-2013-security-for-indu">SR 6.1</reference>
          <reference href="https://www.isa.org/products/ansi-isa-62443-3-3-99-03-03-2013-security-for-indu">SR 6.2</reference>
          <reference href="https://www.isa.org/products/ansi-isa-62443-3-3-99-03-03-2013-security-for-indu">SR 7.1</reference>
          <reference href="https://www.isa.org/products/ansi-isa-62443-3-3-99-03-03-2013-security-for-indu">SR 7.6</reference>
          <reference href="https://www.iso.org/contents/data/standard/05/45/54534.html">A.11.2.6</reference>
          <reference href="https://www.iso.org/contents/data/standard/05/45/54534.html">A.12.4.1</reference>
          <reference href="https://www.iso.org/contents/data/standard/05/45/54534.html">A.12.4.2</reference>
          <reference href="https://www.iso.org/contents/data/standard/05/45/54534.html">A.12.4.3</reference>
          <reference href="https://www.iso.org/contents/data/standard/05/45/54534.html">A.12.4.4</reference>
          <reference href="https://www.iso.org/contents/data/standard/05/45/54534.html">A.12.7.1</reference>
          <reference href="https://www.iso.org/contents/data/standard/05/45/54534.html">A.13.1.1</reference>
          <reference href="https://www.iso.org/contents/data/standard/05/45/54534.html">A.13.2.1</reference>
          <reference href="https://www.iso.org/contents/data/standard/05/45/54534.html">A.14.1.3</reference>
          <reference href="https://www.iso.org/contents/data/standard/05/45/54534.html">A.14.2.7</reference>
          <reference href="https://www.iso.org/contents/data/standard/05/45/54534.html">A.15.2.1</reference>
          <reference href="https://www.iso.org/contents/data/standard/05/45/54534.html">A.15.2.2</reference>
          <reference href="https://www.iso.org/contents/data/standard/05/45/54534.html">A.16.1.4</reference>
          <reference href="https://www.iso.org/contents/data/standard/05/45/54534.html">A.16.1.5</reference>
          <reference href="https://www.iso.org/contents/data/standard/05/45/54534.html">A.16.1.7</reference>
          <reference href="https://www.iso.org/contents/data/standard/05/45/54534.html">A.6.2.1</reference>
          <reference href="https://www.iso.org/contents/data/standard/05/45/54534.html">A.6.2.2</reference>
          <reference href="http://nvlpubs.nist.gov/nistpubs/SpecialPublications/NIST.SP.800-53r4.pdf">AU-2(d)</reference>
          <reference href="http://nvlpubs.nist.gov/nistpubs/SpecialPublications/NIST.SP.800-53r4.pdf">AU-12(c)</reference>
          <reference href="http://nvlpubs.nist.gov/nistpubs/SpecialPublications/NIST.SP.800-53r4.pdf">CM-6(a)</reference>
          <reference href="https://nvlpubs.nist.gov/nistpubs/CSWP/NIST.CSWP.04162018.pdf">DE.AE-3</reference>
          <reference href="https://nvlpubs.nist.gov/nistpubs/CSWP/NIST.CSWP.04162018.pdf">DE.AE-5</reference>
          <reference href="https://nvlpubs.nist.gov/nistpubs/CSWP/NIST.CSWP.04162018.pdf">DE.CM-1</reference>
          <reference href="https://nvlpubs.nist.gov/nistpubs/CSWP/NIST.CSWP.04162018.pdf">DE.CM-3</reference>
          <reference href="https://nvlpubs.nist.gov/nistpubs/CSWP/NIST.CSWP.04162018.pdf">DE.CM-7</reference>
          <reference href="https://nvlpubs.nist.gov/nistpubs/CSWP/NIST.CSWP.04162018.pdf">ID.SC-4</reference>
          <reference href="https://nvlpubs.nist.gov/nistpubs/CSWP/NIST.CSWP.04162018.pdf">PR.AC-3</reference>
          <reference href="https://nvlpubs.nist.gov/nistpubs/CSWP/NIST.CSWP.04162018.pdf">PR.PT-1</reference>
          <reference href="https://nvlpubs.nist.gov/nistpubs/CSWP/NIST.CSWP.04162018.pdf">PR.PT-4</reference>
          <reference href="https://nvlpubs.nist.gov/nistpubs/CSWP/NIST.CSWP.04162018.pdf">RS.AN-1</reference>
          <reference href="https://nvlpubs.nist.gov/nistpubs/CSWP/NIST.CSWP.04162018.pdf">RS.AN-4</reference>
          <reference href="https://www.pcisecuritystandards.org/documents/PCI_DSS_v3-2-1.pdf">Req-10.5.5</reference>
          <reference href="https://public.cyber.mil/stigs/downloads/?_dl_facet_stigs=operating-systems%2Cgeneral-purpose-os">SRG-OS-000037-GPOS-00015</reference>
          <reference href="https://public.cyber.mil/stigs/downloads/?_dl_facet_stigs=operating-systems%2Cgeneral-purpose-os">SRG-OS-000042-GPOS-00020</reference>
          <reference href="https://public.cyber.mil/stigs/downloads/?_dl_facet_stigs=operating-systems%2Cgeneral-purpose-os">SRG-OS-000062-GPOS-00031</reference>
          <reference href="https://public.cyber.mil/stigs/downloads/?_dl_facet_stigs=operating-systems%2Cgeneral-purpose-os">SRG-OS-000392-GPOS-00172</reference>
          <reference href="https://public.cyber.mil/stigs/downloads/?_dl_facet_stigs=operating-systems%2Cgeneral-purpose-os">SRG-OS-000462-GPOS-00206</reference>
          <reference href="https://public.cyber.mil/stigs/downloads/?_dl_facet_stigs=operating-systems%2Cgeneral-purpose-os">SRG-OS-000471-GPOS-00215</reference>
          <reference href="https://public.cyber.mil/stigs/downloads/?_dl_facet_stigs=operating-systems%2Cgeneral-purpose-os">SRG-OS-000064-GPOS-00033</reference>
          <reference href="https://public.cyber.mil/stigs/downloads/?_dl_facet_stigs=operating-systems%2Cgeneral-purpose-os">SRG-OS-000466-GPOS-00210</reference>
          <reference href="https://public.cyber.mil/stigs/downloads/?_dl_facet_stigs=operating-systems%2Cgeneral-purpose-os">SRG-OS-000458-GPOS-00203</reference>
          <reference href="https://public.cyber.mil/stigs/downloads/?_dl_facet_stigs=operating-systems%2Cgeneral-purpose-os">SRG-OS-000474-GPOS-00219</reference>
          <reference href="https://public.cyber.mil/stigs/downloads/?_dl_facet_stigs=container-platform">SRG-APP-000091-CTR-000160</reference>
          <reference href="https://public.cyber.mil/stigs/downloads/?_dl_facet_stigs=container-platform">SRG-APP-000492-CTR-001220</reference>
          <reference href="https://public.cyber.mil/stigs/downloads/?_dl_facet_stigs=container-platform">SRG-APP-000493-CTR-001225</reference>
          <reference href="https://public.cyber.mil/stigs/downloads/?_dl_facet_stigs=container-platform">SRG-APP-000494-CTR-001230</reference>
          <reference href="https://public.cyber.mil/stigs/downloads/?_dl_facet_stigs=container-platform">SRG-APP-000500-CTR-001260</reference>
          <reference href="https://public.cyber.mil/stigs/downloads/?_dl_facet_stigs=container-platform">SRG-APP-000507-CTR-001295</reference>
          <reference href="https://public.cyber.mil/stigs/downloads/?_dl_facet_stigs=container-platform">SRG-APP-000495-CTR-001235</reference>
          <reference href="https://public.cyber.mil/stigs/downloads/?_dl_facet_stigs=container-platform">SRG-APP-000499-CTR-001255</reference>
          <reference href="https://cyber.gouv.fr/sites/default/files/document/linux_configuration-en-v2.pdf">R73</reference>
          <reference href="https://www.cisecurity.org/benchmark/ubuntu_linux/">6.2.3.9</reference>
          <reference href="https://docs-prv.pcisecuritystandards.org/PCI%20DSS/Standard/PCI-DSS-v4_0.pdf">10.3.4</reference>
          <reference href="https://docs-prv.pcisecuritystandards.org/PCI%20DSS/Standard/PCI-DSS-v4_0.pdf">10.3</reference>
          <rationale xmlns:xhtml="http://www.w3.org/1999/xhtml" xml:lang="en-US">The changing of file permissions could indicate that a user is attempting to
gain access to information that would otherwise be disallowed. Auditing DAC modifications
can facilitate the identification of patterns of abuse among both authorized and
unauthorized users.</rationale>
          <fix xmlns:xhtml="http://www.w3.org/1999/xhtml" id="audit_rules_dac_modification_fchown" system="urn:xccdf:fix:script:ansible" reboot="true" complexity="low" disruption="low" strategy="restrict">- name: Gather the package facts
  package_facts:
    manager: auto
  tags:
  - CJIS-5.4.1.1
  - NIST-800-171-3.1.7
  - NIST-800-53-AU-12(c)
  - NIST-800-53-AU-2(d)
  - NIST-800-53-CM-6(a)
  - PCI-DSS-Req-10.5.5
  - PCI-DSSv4-10.3
  - PCI-DSSv4-10.3.4
  - audit_rules_dac_modification_fchown
  - low_complexity
  - low_disruption
  - medium_severity
  - reboot_required
  - restrict_strategy

- name: Set architecture for audit fchown tasks
  set_fact:
    audit_arch: b64
  when:
  - '"auditd" in ansible_facts.packages'
  - '"linux-base" in ansible_facts.packages'
  - ansible_architecture == "aarch64" or ansible_architecture == "ppc64" or ansible_architecture
    == "ppc64le" or ansible_architecture == "s390x" or ansible_architecture == "x86_64"
  tags:
  - CJIS-5.4.1.1
  - NIST-800-171-3.1.7
  - NIST-800-53-AU-12(c)
  - NIST-800-53-AU-2(d)
  - NIST-800-53-CM-6(a)
  - PCI-DSS-Req-10.5.5
  - PCI-DSSv4-10.3
  - PCI-DSSv4-10.3.4
  - audit_rules_dac_modification_fchown
  - low_complexity
  - low_disruption
  - medium_severity
  - reboot_required
  - restrict_strategy

- name: Perform remediation of Audit rules for fchown for 32bit platform
  block:

  - name: Declare list of syscalls
    set_fact:
      syscalls:
      - fchown
      syscall_grouping:
      - chown
      - fchown
      - fchownat
      - lchown

  - name: Check existence of fchown in /etc/audit/rules.d/
    find:
      paths: /etc/audit/rules.d
      contains: -a always,exit -F arch=b32(( -S |,)\w+)*(( -S |,){{ item }})+(( -S
        |,)\w+)* -F auid&gt;=1000 -F auid!=unset (-k\s+|-F\s+key=)\S+\s*$
      patterns: '*.rules'
    register: find_command
    loop: '{{ (syscall_grouping + syscalls) | unique }}'

  - name: Reset syscalls found per file
    set_fact:
      syscalls_per_file: {}
      found_paths_dict: {}

  - name: Declare syscalls found per file
    set_fact: syscalls_per_file="{{ syscalls_per_file | combine( {item.files[0].path
      :[item.item] + syscalls_per_file.get(item.files[0].path, []) } ) }}"
    loop: '{{ find_command.results | selectattr(''matched'') | list }}'

  - name: Declare files where syscalls were found
    set_fact: found_paths="{{ find_command.results | map(attribute='files') | flatten
      | map(attribute='path') | list }}"

  - name: Count occurrences of syscalls in paths
    set_fact: found_paths_dict="{{ found_paths_dict | combine({ item:1+found_paths_dict.get(item,
      0) }) }}"
    loop: '{{ find_command.results | map(attribute=''files'') | flatten | map(attribute=''path'')
      | list }}'

  - name: Get path with most syscalls
    set_fact: audit_file="{{ (found_paths_dict | dict2items() | sort(attribute='value')
      | last).key }}"
    when: found_paths | length &gt;= 1

  - name: No file with syscall found, set path to /etc/audit/rules.d/perm_mod.rules
    set_fact: audit_file="/etc/audit/rules.d/perm_mod.rules"
    when: found_paths | length == 0

  - name: Declare found syscalls
    set_fact: syscalls_found="{{ find_command.results | selectattr('matched') | map(attribute='item')
      | list }}"

  - name: Declare missing syscalls
    set_fact: missing_syscalls="{{ syscalls | difference(syscalls_found) }}"

  - name: Replace the audit rule in {{ audit_file }}
    lineinfile:
      path: '{{ audit_file }}'
      regexp: (-a always,exit -F arch=b32)(?=.*(?:(?:-S |,)(?:{{ syscalls_per_file[audit_file]
        | join("|") }}))\b)((?:( -S |,)\w+)+)( -F auid&gt;=1000 -F auid!=unset (?:-k
        |-F key=)\w+)
      line: \1\2\3{{ missing_syscalls | join("\3") }}\4
      backrefs: true
      state: present
      mode: g-rwx,o-rwx
    when: syscalls_found | length &gt; 0 and missing_syscalls | length &gt; 0

  - name: Add the audit rule to {{ audit_file }}
    lineinfile:
      path: '{{ audit_file }}'
      line: -a always,exit -F arch=b32 -S {{ syscalls | join(',') }} -F auid&gt;=1000
        -F auid!=unset -F key=perm_mod
      create: true
      mode: g-rwx,o-rwx
      state: present
    when: syscalls_found | length == 0

  - name: Declare list of syscalls
    set_fact:
      syscalls:
      - fchown
      syscall_grouping:
      - chown
      - fchown
      - fchownat
      - lchown

  - name: Check existence of fchown in /etc/audit/audit.rules
    find:
      paths: /etc/audit
      contains: -a always,exit -F arch=b32(( -S |,)\w+)*(( -S |,){{ item }})+(( -S
        |,)\w+)* -F auid&gt;=1000 -F auid!=unset (-k\s+|-F\s+key=)\S+\s*$
      patterns: audit.rules
    register: find_command
    loop: '{{ (syscall_grouping + syscalls) | unique }}'

  - name: Set path to /etc/audit/audit.rules
    set_fact: audit_file="/etc/audit/audit.rules"

  - name: Declare found syscalls
    set_fact: syscalls_found="{{ find_command.results | selectattr('matched') | map(attribute='item')
      | list }}"

  - name: Declare missing syscalls
    set_fact: missing_syscalls="{{ syscalls | difference(syscalls_found) }}"

  - name: Replace the audit rule in {{ audit_file }}
    lineinfile:
      path: '{{ audit_file }}'
      regexp: (-a always,exit -F arch=b32)(?=.*(?:(?:-S |,)(?:{{ syscalls_found |
        join("|") }}))\b)((?:( -S |,)\w+)+)( -F auid&gt;=1000 -F auid!=unset (?:-k |-F
        key=)\w+)
      line: \1\2\3{{ missing_syscalls | join("\3") }}\4
      backrefs: true
      state: present
      mode: g-rwx,o-rwx
    when: syscalls_found | length &gt; 0 and missing_syscalls | length &gt; 0

  - name: Add the audit rule to {{ audit_file }}
    lineinfile:
      path: '{{ audit_file }}'
      line: -a always,exit -F arch=b32 -S {{ syscalls | join(',') }} -F auid&gt;=1000
        -F auid!=unset -F key=perm_mod
      create: true
      mode: g-rwx,o-rwx
      state: present
    when: syscalls_found | length == 0
  when:
  - '"auditd" in ansible_facts.packages'
  - '"linux-base" in ansible_facts.packages'
  tags:
  - CJIS-5.4.1.1
  - NIST-800-171-3.1.7
  - NIST-800-53-AU-12(c)
  - NIST-800-53-AU-2(d)
  - NIST-800-53-CM-6(a)
  - PCI-DSS-Req-10.5.5
  - PCI-DSSv4-10.3
  - PCI-DSSv4-10.3.4
  - audit_rules_dac_modification_fchown
  - low_complexity
  - low_disruption
  - medium_severity
  - reboot_required
  - restrict_strategy

- name: Perform remediation of Audit rules for fchown for 64bit platform
  block:

  - name: Declare list of syscalls
    set_fact:
      syscalls:
      - fchown
      syscall_grouping:
      - chown
      - fchown
      - fchownat
      - lchown

  - name: Check existence of fchown in /etc/audit/rules.d/
    find:
      paths: /etc/audit/rules.d
      contains: -a always,exit -F arch=b64(( -S |,)\w+)*(( -S |,){{ item }})+(( -S
        |,)\w+)* -F auid&gt;=1000 -F auid!=unset (-k\s+|-F\s+key=)\S+\s*$
      patterns: '*.rules'
    register: find_command
    loop: '{{ (syscall_grouping + syscalls) | unique }}'

  - name: Reset syscalls found per file
    set_fact:
      syscalls_per_file: {}
      found_paths_dict: {}

  - name: Declare syscalls found per file
    set_fact: syscalls_per_file="{{ syscalls_per_file | combine( {item.files[0].path
      :[item.item] + syscalls_per_file.get(item.files[0].path, []) } ) }}"
    loop: '{{ find_command.results | selectattr(''matched'') | list }}'

  - name: Declare files where syscalls were found
    set_fact: found_paths="{{ find_command.results | map(attribute='files') | flatten
      | map(attribute='path') | list }}"

  - name: Count occurrences of syscalls in paths
    set_fact: found_paths_dict="{{ found_paths_dict | combine({ item:1+found_paths_dict.get(item,
      0) }) }}"
    loop: '{{ find_command.results | map(attribute=''files'') | flatten | map(attribute=''path'')
      | list }}'

  - name: Get path with most syscalls
    set_fact: audit_file="{{ (found_paths_dict | dict2items() | sort(attribute='value')
      | last).key }}"
    when: found_paths | length &gt;= 1

  - name: No file with syscall found, set path to /etc/audit/rules.d/perm_mod.rules
    set_fact: audit_file="/etc/audit/rules.d/perm_mod.rules"
    when: found_paths | length == 0

  - name: Declare found syscalls
    set_fact: syscalls_found="{{ find_command.results | selectattr('matched') | map(attribute='item')
      | list }}"

  - name: Declare missing syscalls
    set_fact: missing_syscalls="{{ syscalls | difference(syscalls_found) }}"

  - name: Replace the audit rule in {{ audit_file }}
    lineinfile:
      path: '{{ audit_file }}'
      regexp: (-a always,exit -F arch=b64)(?=.*(?:(?:-S |,)(?:{{ syscalls_per_file[audit_file]
        | join("|") }}))\b)((?:( -S |,)\w+)+)( -F auid&gt;=1000 -F auid!=unset (?:-k
        |-F key=)\w+)
      line: \1\2\3{{ missing_syscalls | join("\3") }}\4
      backrefs: true
      state: present
      mode: g-rwx,o-rwx
    when: syscalls_found | length &gt; 0 and missing_syscalls | length &gt; 0

  - name: Add the audit rule to {{ audit_file }}
    lineinfile:
      path: '{{ audit_file }}'
      line: -a always,exit -F arch=b64 -S {{ syscalls | join(',') }} -F auid&gt;=1000
        -F auid!=unset -F key=perm_mod
      create: true
      mode: g-rwx,o-rwx
      state: present
    when: syscalls_found | length == 0

  - name: Declare list of syscalls
    set_fact:
      syscalls:
      - fchown
      syscall_grouping:
      - chown
      - fchown
      - fchownat
      - lchown

  - name: Check existence of fchown in /etc/audit/audit.rules
    find:
      paths: /etc/audit
      contains: -a always,exit -F arch=b64(( -S |,)\w+)*(( -S |,){{ item }})+(( -S
        |,)\w+)* -F auid&gt;=1000 -F auid!=unset (-k\s+|-F\s+key=)\S+\s*$
      patterns: audit.rules
    register: find_command
    loop: '{{ (syscall_grouping + syscalls) | unique }}'

  - name: Set path to /etc/audit/audit.rules
    set_fact: audit_file="/etc/audit/audit.rules"

  - name: Declare found syscalls
    set_fact: syscalls_found="{{ find_command.results | selectattr('matched') | map(attribute='item')
      | list }}"

  - name: Declare missing syscalls
    set_fact: missing_syscalls="{{ syscalls | difference(syscalls_found) }}"

  - name: Replace the audit rule in {{ audit_file }}
    lineinfile:
      path: '{{ audit_file }}'
      regexp: (-a always,exit -F arch=b64)(?=.*(?:(?:-S |,)(?:{{ syscalls_found |
        join("|") }}))\b)((?:( -S |,)\w+)+)( -F auid&gt;=1000 -F auid!=unset (?:-k |-F
        key=)\w+)
      line: \1\2\3{{ missing_syscalls | join("\3") }}\4
      backrefs: true
      state: present
      mode: g-rwx,o-rwx
    when: syscalls_found | length &gt; 0 and missing_syscalls | length &gt; 0

  - name: Add the audit rule to {{ audit_file }}
    lineinfile:
      path: '{{ audit_file }}'
      line: -a always,exit -F arch=b64 -S {{ syscalls | join(',') }} -F auid&gt;=1000
        -F auid!=unset -F key=perm_mod
      create: true
      mode: g-rwx,o-rwx
      state: present
    when: syscalls_found | length == 0
  when:
  - '"auditd" in ansible_facts.packages'
  - '"linux-base" in ansible_facts.packages'
  - audit_arch == "b64"
  tags:
  - CJIS-5.4.1.1
  - NIST-800-171-3.1.7
  - NIST-800-53-AU-12(c)
  - NIST-800-53-AU-2(d)
  - NIST-800-53-CM-6(a)
  - PCI-DSS-Req-10.5.5
  - PCI-DSSv4-10.3
  - PCI-DSSv4-10.3.4
  - audit_rules_dac_modification_fchown
  - low_complexity
  - low_disruption
  - medium_severity
  - reboot_required
  - restrict_strategy
</fix>
          <fix xmlns:xhtml="http://www.w3.org/1999/xhtml" id="audit_rules_dac_modification_fchown" system="urn:xccdf:fix:script:sh"># Remediation is applicable only in certain platforms
if dpkg-query --show --showformat='${db:Status-Status}
' 'linux-base' 2&gt;/dev/null | grep -q ^installed &amp;&amp; dpkg-query --show --showformat='${db:Status-Status}\n' 'auditd' 2&gt;/dev/null | grep -q '^installed'; then

# First perform the remediation of the syscall rule
# Retrieve hardware architecture of the underlying system
[ "$(getconf LONG_BIT)" = "32" ] &amp;&amp; RULE_ARCHS=("b32") || RULE_ARCHS=("b32" "b64")

for ARCH in "${RULE_ARCHS[@]}"
do
	ACTION_ARCH_FILTERS="-a always,exit -F arch=$ARCH"
	OTHER_FILTERS=""
	AUID_FILTERS="-F auid&gt;=1000 -F auid!=unset"
	SYSCALL="fchown"
	KEY="perm_mod"
	SYSCALL_GROUPING="chown fchown fchownat lchown"

	# Perform the remediation for both possible tools: 'auditctl' and 'augenrules'
	unset syscall_a
unset syscall_grouping
unset syscall_string
unset syscall
unset file_to_edit
unset rule_to_edit
unset rule_syscalls_to_edit
unset other_string
unset auid_string
unset full_rule

# Load macro arguments into arrays
read -a syscall_a &lt;&lt;&lt; $SYSCALL
read -a syscall_grouping &lt;&lt;&lt; $SYSCALL_GROUPING

# Create a list of audit *.rules files that should be inspected for presence and correctness
# of a particular audit rule. The scheme is as follows:
#
# -----------------------------------------------------------------------------------------
#  Tool used to load audit rules | Rule already defined  |  Audit rules file to inspect    |
# -----------------------------------------------------------------------------------------
#        auditctl                |     Doesn't matter    |  /etc/audit/audit.rules         |
# -----------------------------------------------------------------------------------------
#        augenrules              |          Yes          |  /etc/audit/rules.d/*.rules     |
#        augenrules              |          No           |  /etc/audit/rules.d/$key.rules  |
# -----------------------------------------------------------------------------------------
#
files_to_inspect=()

# If audit tool is 'augenrules', then check if the audit rule is defined
# If rule is defined, add '/etc/audit/rules.d/*.rules' to the list for inspection
# If rule isn't defined yet, add '/etc/audit/rules.d/$key.rules' to the list for inspection
default_file="/etc/audit/rules.d/$KEY.rules"
# As other_filters may include paths, lets use a different delimiter for it
# The "F" script expression tells sed to print the filenames where the expressions matched
readarray -t files_to_inspect &lt; &lt;(sed -s -n -e "/^$ACTION_ARCH_FILTERS/!d" -e "\#$OTHER_FILTERS#!d" -e "/$AUID_FILTERS/!d" -e "F" /etc/audit/rules.d/*.rules)
# Case when particular rule isn't defined in /etc/audit/rules.d/*.rules yet
if [ ${#files_to_inspect[@]} -eq "0" ]
then
    file_to_inspect="/etc/audit/rules.d/$KEY.rules"
    files_to_inspect=("$file_to_inspect")
    if [ ! -e "$file_to_inspect" ]
    then
        touch "$file_to_inspect"
        chmod 0600 "$file_to_inspect"
    fi
fi

# After converting to jinja, we cannot return; therefore we skip the rest of the macro if needed instead
skip=1

for audit_file in "${files_to_inspect[@]}"
do
    # Filter existing $audit_file rules' definitions to select those that satisfy the rule pattern,
    # i.e, collect rules that match:
    # * the action, list and arch, (2-nd argument)
    # * the other filters, (3-rd argument)
    # * the auid filters, (4-rd argument)
    readarray -t similar_rules &lt; &lt;(sed -e "/^$ACTION_ARCH_FILTERS/!d"  -e "\#$OTHER_FILTERS#!d" -e "/$AUID_FILTERS/!d" "$audit_file")

    candidate_rules=()
    # Filter out rules that have more fields then required. This will remove rules more specific than the required scope
    for s_rule in "${similar_rules[@]}"
    do
        # Strip all the options and fields we know of,
        # than check if there was any field left over
        extra_fields=$(sed -E -e "s/^$ACTION_ARCH_FILTERS//"  -e "s#$OTHER_FILTERS##" -e "s/$AUID_FILTERS//" -e "s/((:?-S [[:alnum:],]+)+)//g" -e "s/-F key=\w+|-k \w+//"&lt;&lt;&lt; "$s_rule")
        grep -q -- "-F" &lt;&lt;&lt; "$extra_fields" || candidate_rules+=("$s_rule")
    done

    if [[ ${#syscall_a[@]} -ge 1 ]]
    then
        # Check if the syscall we want is present in any of the similar existing rules
        for rule in "${candidate_rules[@]}"
        do
            rule_syscalls=$(echo "$rule" | grep -o -P '(-S [\w,]+)+' | xargs)
            all_syscalls_found=0
            for syscall in "${syscall_a[@]}"
            do
                grep -q -- "\b${syscall}\b" &lt;&lt;&lt; "$rule_syscalls" || {
                   # A syscall was not found in the candidate rule
                   all_syscalls_found=1
                   }
            done
            if [[ $all_syscalls_found -eq 0 ]]
            then
                # We found a rule with all the syscall(s) we want; skip rest of macro
                skip=0
                break
            fi

            # Check if this rule can be grouped with our target syscall and keep track of it
            for syscall_g in "${syscall_grouping[@]}"
            do
                if grep -q -- "\b${syscall_g}\b" &lt;&lt;&lt; "$rule_syscalls"
                then
                    file_to_edit=${audit_file}
                    rule_to_edit=${rule}
                    rule_syscalls_to_edit=${rule_syscalls}
                fi
            done
        done
    else
        # If there is any candidate rule, it is compliant; skip rest of macro
        if [ "${#candidate_rules[@]}" -gt 0 ]
        then
            skip=0
        fi
    fi

    if [ "$skip" -eq 0 ]; then
        break
    fi
done

if [ "$skip" -ne 0 ]; then
    # We checked all rules that matched the expected resemblance pattern (action, arch &amp; auid)
    # At this point we know if we need to either append the $full_rule or group
    # the syscall together with an exsiting rule

    # Append the full_rule if it cannot be grouped to any other rule
    if [ -z ${rule_to_edit+x} ]
    then
        # Build full_rule while avoid adding double spaces when other_filters is empty
        if [ "${#syscall_a[@]}" -gt 0 ]
        then
            syscall_string=""
            for syscall in "${syscall_a[@]}"
            do
                syscall_string+=" -S $syscall"
            done
        fi
        other_string=$([[ $OTHER_FILTERS ]] &amp;&amp; echo " $OTHER_FILTERS") || /bin/true
        auid_string=$([[ $AUID_FILTERS ]] &amp;&amp; echo " $AUID_FILTERS") || /bin/true
        full_rule="$ACTION_ARCH_FILTERS${syscall_string}${other_string}${auid_string} -F key=$KEY" || /bin/true
        echo "$full_rule" &gt;&gt; "$default_file"
        chmod 0600 ${default_file}
    else
        # Check if the syscalls are declared as a comma separated list or
        # as multiple -S parameters
        if grep -q -- "," &lt;&lt;&lt; "${rule_syscalls_to_edit}"
        then
            delimiter=","
        else
            delimiter=" -S "
        fi
        new_grouped_syscalls="${rule_syscalls_to_edit}"
        for syscall in "${syscall_a[@]}"
        do
            grep -q -- "\b${syscall}\b" &lt;&lt;&lt; "${rule_syscalls_to_edit}" || {
               # A syscall was not found in the candidate rule
               new_grouped_syscalls+="${delimiter}${syscall}"
               }
        done

        # Group the syscall in the rule
        sed -i -e "\#${rule_to_edit}#s#${rule_syscalls_to_edit}#${new_grouped_syscalls}#" "$file_to_edit"
    fi
fi
	unset syscall_a
unset syscall_grouping
unset syscall_string
unset syscall
unset file_to_edit
unset rule_to_edit
unset rule_syscalls_to_edit
unset other_string
unset auid_string
unset full_rule

# Load macro arguments into arrays
read -a syscall_a &lt;&lt;&lt; $SYSCALL
read -a syscall_grouping &lt;&lt;&lt; $SYSCALL_GROUPING

# Create a list of audit *.rules files that should be inspected for presence and correctness
# of a particular audit rule. The scheme is as follows:
#
# -----------------------------------------------------------------------------------------
#  Tool used to load audit rules | Rule already defined  |  Audit rules file to inspect    |
# -----------------------------------------------------------------------------------------
#        auditctl                |     Doesn't matter    |  /etc/audit/audit.rules         |
# -----------------------------------------------------------------------------------------
#        augenrules              |          Yes          |  /etc/audit/rules.d/*.rules     |
#        augenrules              |          No           |  /etc/audit/rules.d/$key.rules  |
# -----------------------------------------------------------------------------------------
#
files_to_inspect=()


# If audit tool is 'auditctl', then add '/etc/audit/audit.rules'
# file to the list of files to be inspected
default_file="/etc/audit/audit.rules"
files_to_inspect+=('/etc/audit/audit.rules' )

# After converting to jinja, we cannot return; therefore we skip the rest of the macro if needed instead
skip=1

for audit_file in "${files_to_inspect[@]}"
do
    # Filter existing $audit_file rules' definitions to select those that satisfy the rule pattern,
    # i.e, collect rules that match:
    # * the action, list and arch, (2-nd argument)
    # * the other filters, (3-rd argument)
    # * the auid filters, (4-rd argument)
    readarray -t similar_rules &lt; &lt;(sed -e "/^$ACTION_ARCH_FILTERS/!d"  -e "\#$OTHER_FILTERS#!d" -e "/$AUID_FILTERS/!d" "$audit_file")

    candidate_rules=()
    # Filter out rules that have more fields then required. This will remove rules more specific than the required scope
    for s_rule in "${similar_rules[@]}"
    do
        # Strip all the options and fields we know of,
        # than check if there was any field left over
        extra_fields=$(sed -E -e "s/^$ACTION_ARCH_FILTERS//"  -e "s#$OTHER_FILTERS##" -e "s/$AUID_FILTERS//" -e "s/((:?-S [[:alnum:],]+)+)//g" -e "s/-F key=\w+|-k \w+//"&lt;&lt;&lt; "$s_rule")
        grep -q -- "-F" &lt;&lt;&lt; "$extra_fields" || candidate_rules+=("$s_rule")
    done

    if [[ ${#syscall_a[@]} -ge 1 ]]
    then
        # Check if the syscall we want is present in any of the similar existing rules
        for rule in "${candidate_rules[@]}"
        do
            rule_syscalls=$(echo "$rule" | grep -o -P '(-S [\w,]+)+' | xargs)
            all_syscalls_found=0
            for syscall in "${syscall_a[@]}"
            do
                grep -q -- "\b${syscall}\b" &lt;&lt;&lt; "$rule_syscalls" || {
                   # A syscall was not found in the candidate rule
                   all_syscalls_found=1
                   }
            done
            if [[ $all_syscalls_found -eq 0 ]]
            then
                # We found a rule with all the syscall(s) we want; skip rest of macro
                skip=0
                break
            fi

            # Check if this rule can be grouped with our target syscall and keep track of it
            for syscall_g in "${syscall_grouping[@]}"
            do
                if grep -q -- "\b${syscall_g}\b" &lt;&lt;&lt; "$rule_syscalls"
                then
                    file_to_edit=${audit_file}
                    rule_to_edit=${rule}
                    rule_syscalls_to_edit=${rule_syscalls}
                fi
            done
        done
    else
        # If there is any candidate rule, it is compliant; skip rest of macro
        if [ "${#candidate_rules[@]}" -gt 0 ]
        then
            skip=0
        fi
    fi

    if [ "$skip" -eq 0 ]; then
        break
    fi
done

if [ "$skip" -ne 0 ]; then
    # We checked all rules that matched the expected resemblance pattern (action, arch &amp; auid)
    # At this point we know if we need to either append the $full_rule or group
    # the syscall together with an exsiting rule

    # Append the full_rule if it cannot be grouped to any other rule
    if [ -z ${rule_to_edit+x} ]
    then
        # Build full_rule while avoid adding double spaces when other_filters is empty
        if [ "${#syscall_a[@]}" -gt 0 ]
        then
            syscall_string=""
            for syscall in "${syscall_a[@]}"
            do
                syscall_string+=" -S $syscall"
            done
        fi
        other_string=$([[ $OTHER_FILTERS ]] &amp;&amp; echo " $OTHER_FILTERS") || /bin/true
        auid_string=$([[ $AUID_FILTERS ]] &amp;&amp; echo " $AUID_FILTERS") || /bin/true
        full_rule="$ACTION_ARCH_FILTERS${syscall_string}${other_string}${auid_string} -F key=$KEY" || /bin/true
        echo "$full_rule" &gt;&gt; "$default_file"
        chmod 0600 ${default_file}
    else
        # Check if the syscalls are declared as a comma separated list or
        # as multiple -S parameters
        if grep -q -- "," &lt;&lt;&lt; "${rule_syscalls_to_edit}"
        then
            delimiter=","
        else
            delimiter=" -S "
        fi
        new_grouped_syscalls="${rule_syscalls_to_edit}"
        for syscall in "${syscall_a[@]}"
        do
            grep -q -- "\b${syscall}\b" &lt;&lt;&lt; "${rule_syscalls_to_edit}" || {
               # A syscall was not found in the candidate rule
               new_grouped_syscalls+="${delimiter}${syscall}"
               }
        done

        # Group the syscall in the rule
        sed -i -e "\#${rule_to_edit}#s#${rule_syscalls_to_edit}#${new_grouped_syscalls}#" "$file_to_edit"
    fi
fi
done

else
    &gt;&amp;2 echo 'Remediation is not applicable, nothing was done'
fi
</fix>
          <check system="http://oval.mitre.org/XMLSchema/oval-definitions-5">
            <check-content-ref name="oval:ssg-audit_rules_dac_modification_fchown:def:1" href="ssg-ubuntu2404-oval.xml"/>
          </check>
          <check system="http://scap.nist.gov/schema/ocil/2">
            <check-content-ref name="ocil:ssg-audit_rules_dac_modification_fchown_ocil:questionnaire:1" href="ssg-ubuntu2404-ocil.xml"/>
          </check>
        </Rule>
        <Rule id="xccdf_org.ssgproject.content_rule_audit_rules_dac_modification_fchownat" selected="false" role="full" severity="medium">
          <title xmlns:xhtml="http://www.w3.org/1999/xhtml" xml:lang="en-US">Record Events that Modify the System's Discretionary Access Controls - fchownat</title>
          <description xmlns:xhtml="http://www.w3.org/1999/xhtml" xml:lang="en-US">At a minimum, the audit system should collect file permission
changes for all users and root. If the <html:code xmlns:html="http://www.w3.org/1999/xhtml">auditd</html:code> daemon is configured
to use the <html:code xmlns:html="http://www.w3.org/1999/xhtml">augenrules</html:code> program to read audit rules during daemon
startup (the default), add the following line to a file with suffix
<html:code xmlns:html="http://www.w3.org/1999/xhtml">.rules</html:code> in the directory <html:code xmlns:html="http://www.w3.org/1999/xhtml">/etc/audit/rules.d</html:code>:
<html:pre xmlns:html="http://www.w3.org/1999/xhtml">-a always,exit -F arch=b32 -S fchownat -F auid&gt;=1000 -F auid!=unset -F key=perm_mod</html:pre>
If the system is 64 bit then also add the following line:
<html:pre xmlns:html="http://www.w3.org/1999/xhtml">-a always,exit -F arch=b64 -S fchownat -F auid&gt;=1000 -F auid!=unset -F key=perm_mod</html:pre>
If the <html:code xmlns:html="http://www.w3.org/1999/xhtml">auditd</html:code> daemon is configured to use the <html:code xmlns:html="http://www.w3.org/1999/xhtml">auditctl</html:code>
utility to read audit rules during daemon startup, add the following line to
<html:code xmlns:html="http://www.w3.org/1999/xhtml">/etc/audit/audit.rules</html:code> file:
<html:pre xmlns:html="http://www.w3.org/1999/xhtml">-a always,exit -F arch=b32 -S fchownat -F auid&gt;=1000 -F auid!=unset -F key=perm_mod</html:pre>
If the system is 64 bit then also add the following line:
<html:pre xmlns:html="http://www.w3.org/1999/xhtml">-a always,exit -F arch=b64 -S fchownat -F auid&gt;=1000 -F auid!=unset -F key=perm_mod</html:pre>
       </description>
          <warning xmlns:xhtml="http://www.w3.org/1999/xhtml" xml:lang="en-US" category="general">Note that these rules can be configured in a
number of ways while still achieving the desired effect. Here the system calls
have been placed independent of other system calls. Grouping these system
calls with others as identifying earlier in this guide is more efficient.</warning>
          <reference href="https://www.cisecurity.org/controls/">1</reference>
          <reference href="https://www.cisecurity.org/controls/">11</reference>
          <reference href="https://www.cisecurity.org/controls/">12</reference>
          <reference href="https://www.cisecurity.org/controls/">13</reference>
          <reference href="https://www.cisecurity.org/controls/">14</reference>
          <reference href="https://www.cisecurity.org/controls/">15</reference>
          <reference href="https://www.cisecurity.org/controls/">16</reference>
          <reference href="https://www.cisecurity.org/controls/">19</reference>
          <reference href="https://www.cisecurity.org/controls/">2</reference>
          <reference href="https://www.cisecurity.org/controls/">3</reference>
          <reference href="https://www.cisecurity.org/controls/">4</reference>
          <reference href="https://www.cisecurity.org/controls/">5</reference>
          <reference href="https://www.cisecurity.org/controls/">6</reference>
          <reference href="https://www.cisecurity.org/controls/">7</reference>
          <reference href="https://www.cisecurity.org/controls/">8</reference>
          <reference href="https://www.cisecurity.org/controls/">9</reference>
          <reference href="https://www.fbi.gov/file-repository/cjis-security-policy-v5_5_20160601-2-1.pdf">5.4.1.1</reference>
          <reference href="https://www.isaca.org/resources/cobit">APO10.01</reference>
          <reference href="https://www.isaca.org/resources/cobit">APO10.03</reference>
          <reference href="https://www.isaca.org/resources/cobit">APO10.04</reference>
          <reference href="https://www.isaca.org/resources/cobit">APO10.05</reference>
          <reference href="https://www.isaca.org/resources/cobit">APO11.04</reference>
          <reference href="https://www.isaca.org/resources/cobit">APO12.06</reference>
          <reference href="https://www.isaca.org/resources/cobit">APO13.01</reference>
          <reference href="https://www.isaca.org/resources/cobit">BAI03.05</reference>
          <reference href="https://www.isaca.org/resources/cobit">BAI08.02</reference>
          <reference href="https://www.isaca.org/resources/cobit">DSS01.03</reference>
          <reference href="https://www.isaca.org/resources/cobit">DSS01.04</reference>
          <reference href="https://www.isaca.org/resources/cobit">DSS02.02</reference>
          <reference href="https://www.isaca.org/resources/cobit">DSS02.04</reference>
          <reference href="https://www.isaca.org/resources/cobit">DSS02.07</reference>
          <reference href="https://www.isaca.org/resources/cobit">DSS03.01</reference>
          <reference href="https://www.isaca.org/resources/cobit">DSS03.05</reference>
          <reference href="https://www.isaca.org/resources/cobit">DSS05.02</reference>
          <reference href="https://www.isaca.org/resources/cobit">DSS05.03</reference>
          <reference href="https://www.isaca.org/resources/cobit">DSS05.04</reference>
          <reference href="https://www.isaca.org/resources/cobit">DSS05.05</reference>
          <reference href="https://www.isaca.org/resources/cobit">DSS05.07</reference>
          <reference href="https://www.isaca.org/resources/cobit">MEA01.01</reference>
          <reference href="https://www.isaca.org/resources/cobit">MEA01.02</reference>
          <reference href="https://www.isaca.org/resources/cobit">MEA01.03</reference>
          <reference href="https://www.isaca.org/resources/cobit">MEA01.04</reference>
          <reference href="https://www.isaca.org/resources/cobit">MEA01.05</reference>
          <reference href="https://www.isaca.org/resources/cobit">MEA02.01</reference>
          <reference href="http://nvlpubs.nist.gov/nistpubs/SpecialPublications/NIST.SP.800-171.pdf">3.1.7</reference>
          <reference href="https://public.cyber.mil/stigs/cci/">CCI-000172</reference>
          <reference href="https://public.cyber.mil/stigs/cci/">CCI-000130</reference>
          <reference href="https://public.cyber.mil/stigs/cci/">CCI-000135</reference>
          <reference href="https://public.cyber.mil/stigs/cci/">CCI-000169</reference>
          <reference href="https://public.cyber.mil/stigs/cci/">CCI-002884</reference>
          <reference href="https://www.gpo.gov/fdsys/pkg/CFR-2007-title45-vol1/pdf/CFR-2007-title45-vol1-chapA-subchapC.pdf">164.308(a)(1)(ii)(D)</reference>
          <reference href="https://www.gpo.gov/fdsys/pkg/CFR-2007-title45-vol1/pdf/CFR-2007-title45-vol1-chapA-subchapC.pdf">164.308(a)(3)(ii)(A)</reference>
          <reference href="https://www.gpo.gov/fdsys/pkg/CFR-2007-title45-vol1/pdf/CFR-2007-title45-vol1-chapA-subchapC.pdf">164.308(a)(5)(ii)(C)</reference>
          <reference href="https://www.gpo.gov/fdsys/pkg/CFR-2007-title45-vol1/pdf/CFR-2007-title45-vol1-chapA-subchapC.pdf">164.312(a)(2)(i)</reference>
          <reference href="https://www.gpo.gov/fdsys/pkg/CFR-2007-title45-vol1/pdf/CFR-2007-title45-vol1-chapA-subchapC.pdf">164.312(b)</reference>
          <reference href="https://www.gpo.gov/fdsys/pkg/CFR-2007-title45-vol1/pdf/CFR-2007-title45-vol1-chapA-subchapC.pdf">164.312(d)</reference>
          <reference href="https://www.gpo.gov/fdsys/pkg/CFR-2007-title45-vol1/pdf/CFR-2007-title45-vol1-chapA-subchapC.pdf">164.312(e)</reference>
          <reference href="https://www.isa.org/products/isa-62443-2-1-2009-security-for-industrial-automat">4.2.3.10</reference>
          <reference href="https://www.isa.org/products/isa-62443-2-1-2009-security-for-industrial-automat">4.3.2.6.7</reference>
          <reference href="https://www.isa.org/products/isa-62443-2-1-2009-security-for-industrial-automat">4.3.3.3.9</reference>
          <reference href="https://www.isa.org/products/isa-62443-2-1-2009-security-for-industrial-automat">4.3.3.5.8</reference>
          <reference href="https://www.isa.org/products/isa-62443-2-1-2009-security-for-industrial-automat">4.3.3.6.6</reference>
          <reference href="https://www.isa.org/products/isa-62443-2-1-2009-security-for-industrial-automat">4.3.4.4.7</reference>
          <reference href="https://www.isa.org/products/isa-62443-2-1-2009-security-for-industrial-automat">4.3.4.5.6</reference>
          <reference href="https://www.isa.org/products/isa-62443-2-1-2009-security-for-industrial-automat">4.3.4.5.7</reference>
          <reference href="https://www.isa.org/products/isa-62443-2-1-2009-security-for-industrial-automat">4.3.4.5.8</reference>
          <reference href="https://www.isa.org/products/isa-62443-2-1-2009-security-for-industrial-automat">4.4.2.1</reference>
          <reference href="https://www.isa.org/products/isa-62443-2-1-2009-security-for-industrial-automat">4.4.2.2</reference>
          <reference href="https://www.isa.org/products/isa-62443-2-1-2009-security-for-industrial-automat">4.4.2.4</reference>
          <reference href="https://www.isa.org/products/ansi-isa-62443-3-3-99-03-03-2013-security-for-indu">SR 1.13</reference>
          <reference href="https://www.isa.org/products/ansi-isa-62443-3-3-99-03-03-2013-security-for-indu">SR 2.10</reference>
          <reference href="https://www.isa.org/products/ansi-isa-62443-3-3-99-03-03-2013-security-for-indu">SR 2.11</reference>
          <reference href="https://www.isa.org/products/ansi-isa-62443-3-3-99-03-03-2013-security-for-indu">SR 2.12</reference>
          <reference href="https://www.isa.org/products/ansi-isa-62443-3-3-99-03-03-2013-security-for-indu">SR 2.6</reference>
          <reference href="https://www.isa.org/products/ansi-isa-62443-3-3-99-03-03-2013-security-for-indu">SR 2.8</reference>
          <reference href="https://www.isa.org/products/ansi-isa-62443-3-3-99-03-03-2013-security-for-indu">SR 2.9</reference>
          <reference href="https://www.isa.org/products/ansi-isa-62443-3-3-99-03-03-2013-security-for-indu">SR 3.1</reference>
          <reference href="https://www.isa.org/products/ansi-isa-62443-3-3-99-03-03-2013-security-for-indu">SR 3.5</reference>
          <reference href="https://www.isa.org/products/ansi-isa-62443-3-3-99-03-03-2013-security-for-indu">SR 3.8</reference>
          <reference href="https://www.isa.org/products/ansi-isa-62443-3-3-99-03-03-2013-security-for-indu">SR 4.1</reference>
          <reference href="https://www.isa.org/products/ansi-isa-62443-3-3-99-03-03-2013-security-for-indu">SR 4.3</reference>
          <reference href="https://www.isa.org/products/ansi-isa-62443-3-3-99-03-03-2013-security-for-indu">SR 5.1</reference>
          <reference href="https://www.isa.org/products/ansi-isa-62443-3-3-99-03-03-2013-security-for-indu">SR 5.2</reference>
          <reference href="https://www.isa.org/products/ansi-isa-62443-3-3-99-03-03-2013-security-for-indu">SR 5.3</reference>
          <reference href="https://www.isa.org/products/ansi-isa-62443-3-3-99-03-03-2013-security-for-indu">SR 6.1</reference>
          <reference href="https://www.isa.org/products/ansi-isa-62443-3-3-99-03-03-2013-security-for-indu">SR 6.2</reference>
          <reference href="https://www.isa.org/products/ansi-isa-62443-3-3-99-03-03-2013-security-for-indu">SR 7.1</reference>
          <reference href="https://www.isa.org/products/ansi-isa-62443-3-3-99-03-03-2013-security-for-indu">SR 7.6</reference>
          <reference href="https://www.iso.org/contents/data/standard/05/45/54534.html">A.11.2.6</reference>
          <reference href="https://www.iso.org/contents/data/standard/05/45/54534.html">A.12.4.1</reference>
          <reference href="https://www.iso.org/contents/data/standard/05/45/54534.html">A.12.4.2</reference>
          <reference href="https://www.iso.org/contents/data/standard/05/45/54534.html">A.12.4.3</reference>
          <reference href="https://www.iso.org/contents/data/standard/05/45/54534.html">A.12.4.4</reference>
          <reference href="https://www.iso.org/contents/data/standard/05/45/54534.html">A.12.7.1</reference>
          <reference href="https://www.iso.org/contents/data/standard/05/45/54534.html">A.13.1.1</reference>
          <reference href="https://www.iso.org/contents/data/standard/05/45/54534.html">A.13.2.1</reference>
          <reference href="https://www.iso.org/contents/data/standard/05/45/54534.html">A.14.1.3</reference>
          <reference href="https://www.iso.org/contents/data/standard/05/45/54534.html">A.14.2.7</reference>
          <reference href="https://www.iso.org/contents/data/standard/05/45/54534.html">A.15.2.1</reference>
          <reference href="https://www.iso.org/contents/data/standard/05/45/54534.html">A.15.2.2</reference>
          <reference href="https://www.iso.org/contents/data/standard/05/45/54534.html">A.16.1.4</reference>
          <reference href="https://www.iso.org/contents/data/standard/05/45/54534.html">A.16.1.5</reference>
          <reference href="https://www.iso.org/contents/data/standard/05/45/54534.html">A.16.1.7</reference>
          <reference href="https://www.iso.org/contents/data/standard/05/45/54534.html">A.6.2.1</reference>
          <reference href="https://www.iso.org/contents/data/standard/05/45/54534.html">A.6.2.2</reference>
          <reference href="http://nvlpubs.nist.gov/nistpubs/SpecialPublications/NIST.SP.800-53r4.pdf">AU-2(d)</reference>
          <reference href="http://nvlpubs.nist.gov/nistpubs/SpecialPublications/NIST.SP.800-53r4.pdf">AU-12(c)</reference>
          <reference href="http://nvlpubs.nist.gov/nistpubs/SpecialPublications/NIST.SP.800-53r4.pdf">CM-6(a)</reference>
          <reference href="https://nvlpubs.nist.gov/nistpubs/CSWP/NIST.CSWP.04162018.pdf">DE.AE-3</reference>
          <reference href="https://nvlpubs.nist.gov/nistpubs/CSWP/NIST.CSWP.04162018.pdf">DE.AE-5</reference>
          <reference href="https://nvlpubs.nist.gov/nistpubs/CSWP/NIST.CSWP.04162018.pdf">DE.CM-1</reference>
          <reference href="https://nvlpubs.nist.gov/nistpubs/CSWP/NIST.CSWP.04162018.pdf">DE.CM-3</reference>
          <reference href="https://nvlpubs.nist.gov/nistpubs/CSWP/NIST.CSWP.04162018.pdf">DE.CM-7</reference>
          <reference href="https://nvlpubs.nist.gov/nistpubs/CSWP/NIST.CSWP.04162018.pdf">ID.SC-4</reference>
          <reference href="https://nvlpubs.nist.gov/nistpubs/CSWP/NIST.CSWP.04162018.pdf">PR.AC-3</reference>
          <reference href="https://nvlpubs.nist.gov/nistpubs/CSWP/NIST.CSWP.04162018.pdf">PR.PT-1</reference>
          <reference href="https://nvlpubs.nist.gov/nistpubs/CSWP/NIST.CSWP.04162018.pdf">PR.PT-4</reference>
          <reference href="https://nvlpubs.nist.gov/nistpubs/CSWP/NIST.CSWP.04162018.pdf">RS.AN-1</reference>
          <reference href="https://nvlpubs.nist.gov/nistpubs/CSWP/NIST.CSWP.04162018.pdf">RS.AN-4</reference>
          <reference href="https://www.pcisecuritystandards.org/documents/PCI_DSS_v3-2-1.pdf">Req-10.5.5</reference>
          <reference href="https://public.cyber.mil/stigs/downloads/?_dl_facet_stigs=operating-systems%2Cgeneral-purpose-os">SRG-OS-000037-GPOS-00015</reference>
          <reference href="https://public.cyber.mil/stigs/downloads/?_dl_facet_stigs=operating-systems%2Cgeneral-purpose-os">SRG-OS-000042-GPOS-00020</reference>
          <reference href="https://public.cyber.mil/stigs/downloads/?_dl_facet_stigs=operating-systems%2Cgeneral-purpose-os">SRG-OS-000062-GPOS-00031</reference>
          <reference href="https://public.cyber.mil/stigs/downloads/?_dl_facet_stigs=operating-systems%2Cgeneral-purpose-os">SRG-OS-000392-GPOS-00172</reference>
          <reference href="https://public.cyber.mil/stigs/downloads/?_dl_facet_stigs=operating-systems%2Cgeneral-purpose-os">SRG-OS-000462-GPOS-00206</reference>
          <reference href="https://public.cyber.mil/stigs/downloads/?_dl_facet_stigs=operating-systems%2Cgeneral-purpose-os">SRG-OS-000471-GPOS-00215</reference>
          <reference href="https://public.cyber.mil/stigs/downloads/?_dl_facet_stigs=operating-systems%2Cgeneral-purpose-os">SRG-OS-000064-GPOS-00033</reference>
          <reference href="https://public.cyber.mil/stigs/downloads/?_dl_facet_stigs=operating-systems%2Cgeneral-purpose-os">SRG-OS-000466-GPOS-00210</reference>
          <reference href="https://public.cyber.mil/stigs/downloads/?_dl_facet_stigs=operating-systems%2Cgeneral-purpose-os">SRG-OS-000458-GPOS-00203</reference>
          <reference href="https://public.cyber.mil/stigs/downloads/?_dl_facet_stigs=operating-systems%2Cgeneral-purpose-os">SRG-OS-000474-GPOS-00219</reference>
          <reference href="https://public.cyber.mil/stigs/downloads/?_dl_facet_stigs=container-platform">SRG-APP-000091-CTR-000160</reference>
          <reference href="https://public.cyber.mil/stigs/downloads/?_dl_facet_stigs=container-platform">SRG-APP-000492-CTR-001220</reference>
          <reference href="https://public.cyber.mil/stigs/downloads/?_dl_facet_stigs=container-platform">SRG-APP-000493-CTR-001225</reference>
          <reference href="https://public.cyber.mil/stigs/downloads/?_dl_facet_stigs=container-platform">SRG-APP-000494-CTR-001230</reference>
          <reference href="https://public.cyber.mil/stigs/downloads/?_dl_facet_stigs=container-platform">SRG-APP-000500-CTR-001260</reference>
          <reference href="https://public.cyber.mil/stigs/downloads/?_dl_facet_stigs=container-platform">SRG-APP-000507-CTR-001295</reference>
          <reference href="https://public.cyber.mil/stigs/downloads/?_dl_facet_stigs=container-platform">SRG-APP-000495-CTR-001235</reference>
          <reference href="https://public.cyber.mil/stigs/downloads/?_dl_facet_stigs=container-platform">SRG-APP-000499-CTR-001255</reference>
          <reference href="https://cyber.gouv.fr/sites/default/files/document/linux_configuration-en-v2.pdf">R73</reference>
          <reference href="https://www.cisecurity.org/benchmark/ubuntu_linux/">6.2.3.9</reference>
          <reference href="https://docs-prv.pcisecuritystandards.org/PCI%20DSS/Standard/PCI-DSS-v4_0.pdf">10.3.4</reference>
          <reference href="https://docs-prv.pcisecuritystandards.org/PCI%20DSS/Standard/PCI-DSS-v4_0.pdf">10.3</reference>
          <rationale xmlns:xhtml="http://www.w3.org/1999/xhtml" xml:lang="en-US">The changing of file permissions could indicate that a user is attempting to
gain access to information that would otherwise be disallowed. Auditing DAC modifications
can facilitate the identification of patterns of abuse among both authorized and
unauthorized users.</rationale>
          <fix xmlns:xhtml="http://www.w3.org/1999/xhtml" id="audit_rules_dac_modification_fchownat" system="urn:xccdf:fix:script:ansible" reboot="true" complexity="low" disruption="low" strategy="restrict">- name: Gather the package facts
  package_facts:
    manager: auto
  tags:
  - CJIS-5.4.1.1
  - NIST-800-171-3.1.7
  - NIST-800-53-AU-12(c)
  - NIST-800-53-AU-2(d)
  - NIST-800-53-CM-6(a)
  - PCI-DSS-Req-10.5.5
  - PCI-DSSv4-10.3
  - PCI-DSSv4-10.3.4
  - audit_rules_dac_modification_fchownat
  - low_complexity
  - low_disruption
  - medium_severity
  - reboot_required
  - restrict_strategy

- name: Set architecture for audit fchownat tasks
  set_fact:
    audit_arch: b64
  when:
  - '"auditd" in ansible_facts.packages'
  - '"linux-base" in ansible_facts.packages'
  - ansible_architecture == "aarch64" or ansible_architecture == "ppc64" or ansible_architecture
    == "ppc64le" or ansible_architecture == "s390x" or ansible_architecture == "x86_64"
  tags:
  - CJIS-5.4.1.1
  - NIST-800-171-3.1.7
  - NIST-800-53-AU-12(c)
  - NIST-800-53-AU-2(d)
  - NIST-800-53-CM-6(a)
  - PCI-DSS-Req-10.5.5
  - PCI-DSSv4-10.3
  - PCI-DSSv4-10.3.4
  - audit_rules_dac_modification_fchownat
  - low_complexity
  - low_disruption
  - medium_severity
  - reboot_required
  - restrict_strategy

- name: Perform remediation of Audit rules for fchownat for 32bit platform
  block:

  - name: Declare list of syscalls
    set_fact:
      syscalls:
      - fchownat
      syscall_grouping:
      - chown
      - fchown
      - fchownat
      - lchown

  - name: Check existence of fchownat in /etc/audit/rules.d/
    find:
      paths: /etc/audit/rules.d
      contains: -a always,exit -F arch=b32(( -S |,)\w+)*(( -S |,){{ item }})+(( -S
        |,)\w+)* -F auid&gt;=1000 -F auid!=unset (-k\s+|-F\s+key=)\S+\s*$
      patterns: '*.rules'
    register: find_command
    loop: '{{ (syscall_grouping + syscalls) | unique }}'

  - name: Reset syscalls found per file
    set_fact:
      syscalls_per_file: {}
      found_paths_dict: {}

  - name: Declare syscalls found per file
    set_fact: syscalls_per_file="{{ syscalls_per_file | combine( {item.files[0].path
      :[item.item] + syscalls_per_file.get(item.files[0].path, []) } ) }}"
    loop: '{{ find_command.results | selectattr(''matched'') | list }}'

  - name: Declare files where syscalls were found
    set_fact: found_paths="{{ find_command.results | map(attribute='files') | flatten
      | map(attribute='path') | list }}"

  - name: Count occurrences of syscalls in paths
    set_fact: found_paths_dict="{{ found_paths_dict | combine({ item:1+found_paths_dict.get(item,
      0) }) }}"
    loop: '{{ find_command.results | map(attribute=''files'') | flatten | map(attribute=''path'')
      | list }}'

  - name: Get path with most syscalls
    set_fact: audit_file="{{ (found_paths_dict | dict2items() | sort(attribute='value')
      | last).key }}"
    when: found_paths | length &gt;= 1

  - name: No file with syscall found, set path to /etc/audit/rules.d/perm_mod.rules
    set_fact: audit_file="/etc/audit/rules.d/perm_mod.rules"
    when: found_paths | length == 0

  - name: Declare found syscalls
    set_fact: syscalls_found="{{ find_command.results | selectattr('matched') | map(attribute='item')
      | list }}"

  - name: Declare missing syscalls
    set_fact: missing_syscalls="{{ syscalls | difference(syscalls_found) }}"

  - name: Replace the audit rule in {{ audit_file }}
    lineinfile:
      path: '{{ audit_file }}'
      regexp: (-a always,exit -F arch=b32)(?=.*(?:(?:-S |,)(?:{{ syscalls_per_file[audit_file]
        | join("|") }}))\b)((?:( -S |,)\w+)+)( -F auid&gt;=1000 -F auid!=unset (?:-k
        |-F key=)\w+)
      line: \1\2\3{{ missing_syscalls | join("\3") }}\4
      backrefs: true
      state: present
      mode: g-rwx,o-rwx
    when: syscalls_found | length &gt; 0 and missing_syscalls | length &gt; 0

  - name: Add the audit rule to {{ audit_file }}
    lineinfile:
      path: '{{ audit_file }}'
      line: -a always,exit -F arch=b32 -S {{ syscalls | join(',') }} -F auid&gt;=1000
        -F auid!=unset -F key=perm_mod
      create: true
      mode: g-rwx,o-rwx
      state: present
    when: syscalls_found | length == 0

  - name: Declare list of syscalls
    set_fact:
      syscalls:
      - fchownat
      syscall_grouping:
      - chown
      - fchown
      - fchownat
      - lchown

  - name: Check existence of fchownat in /etc/audit/audit.rules
    find:
      paths: /etc/audit
      contains: -a always,exit -F arch=b32(( -S |,)\w+)*(( -S |,){{ item }})+(( -S
        |,)\w+)* -F auid&gt;=1000 -F auid!=unset (-k\s+|-F\s+key=)\S+\s*$
      patterns: audit.rules
    register: find_command
    loop: '{{ (syscall_grouping + syscalls) | unique }}'

  - name: Set path to /etc/audit/audit.rules
    set_fact: audit_file="/etc/audit/audit.rules"

  - name: Declare found syscalls
    set_fact: syscalls_found="{{ find_command.results | selectattr('matched') | map(attribute='item')
      | list }}"

  - name: Declare missing syscalls
    set_fact: missing_syscalls="{{ syscalls | difference(syscalls_found) }}"

  - name: Replace the audit rule in {{ audit_file }}
    lineinfile:
      path: '{{ audit_file }}'
      regexp: (-a always,exit -F arch=b32)(?=.*(?:(?:-S |,)(?:{{ syscalls_found |
        join("|") }}))\b)((?:( -S |,)\w+)+)( -F auid&gt;=1000 -F auid!=unset (?:-k |-F
        key=)\w+)
      line: \1\2\3{{ missing_syscalls | join("\3") }}\4
      backrefs: true
      state: present
      mode: g-rwx,o-rwx
    when: syscalls_found | length &gt; 0 and missing_syscalls | length &gt; 0

  - name: Add the audit rule to {{ audit_file }}
    lineinfile:
      path: '{{ audit_file }}'
      line: -a always,exit -F arch=b32 -S {{ syscalls | join(',') }} -F auid&gt;=1000
        -F auid!=unset -F key=perm_mod
      create: true
      mode: g-rwx,o-rwx
      state: present
    when: syscalls_found | length == 0
  when:
  - '"auditd" in ansible_facts.packages'
  - '"linux-base" in ansible_facts.packages'
  tags:
  - CJIS-5.4.1.1
  - NIST-800-171-3.1.7
  - NIST-800-53-AU-12(c)
  - NIST-800-53-AU-2(d)
  - NIST-800-53-CM-6(a)
  - PCI-DSS-Req-10.5.5
  - PCI-DSSv4-10.3
  - PCI-DSSv4-10.3.4
  - audit_rules_dac_modification_fchownat
  - low_complexity
  - low_disruption
  - medium_severity
  - reboot_required
  - restrict_strategy

- name: Perform remediation of Audit rules for fchownat for 64bit platform
  block:

  - name: Declare list of syscalls
    set_fact:
      syscalls:
      - fchownat
      syscall_grouping:
      - chown
      - fchown
      - fchownat
      - lchown

  - name: Check existence of fchownat in /etc/audit/rules.d/
    find:
      paths: /etc/audit/rules.d
      contains: -a always,exit -F arch=b64(( -S |,)\w+)*(( -S |,){{ item }})+(( -S
        |,)\w+)* -F auid&gt;=1000 -F auid!=unset (-k\s+|-F\s+key=)\S+\s*$
      patterns: '*.rules'
    register: find_command
    loop: '{{ (syscall_grouping + syscalls) | unique }}'

  - name: Reset syscalls found per file
    set_fact:
      syscalls_per_file: {}
      found_paths_dict: {}

  - name: Declare syscalls found per file
    set_fact: syscalls_per_file="{{ syscalls_per_file | combine( {item.files[0].path
      :[item.item] + syscalls_per_file.get(item.files[0].path, []) } ) }}"
    loop: '{{ find_command.results | selectattr(''matched'') | list }}'

  - name: Declare files where syscalls were found
    set_fact: found_paths="{{ find_command.results | map(attribute='files') | flatten
      | map(attribute='path') | list }}"

  - name: Count occurrences of syscalls in paths
    set_fact: found_paths_dict="{{ found_paths_dict | combine({ item:1+found_paths_dict.get(item,
      0) }) }}"
    loop: '{{ find_command.results | map(attribute=''files'') | flatten | map(attribute=''path'')
      | list }}'

  - name: Get path with most syscalls
    set_fact: audit_file="{{ (found_paths_dict | dict2items() | sort(attribute='value')
      | last).key }}"
    when: found_paths | length &gt;= 1

  - name: No file with syscall found, set path to /etc/audit/rules.d/perm_mod.rules
    set_fact: audit_file="/etc/audit/rules.d/perm_mod.rules"
    when: found_paths | length == 0

  - name: Declare found syscalls
    set_fact: syscalls_found="{{ find_command.results | selectattr('matched') | map(attribute='item')
      | list }}"

  - name: Declare missing syscalls
    set_fact: missing_syscalls="{{ syscalls | difference(syscalls_found) }}"

  - name: Replace the audit rule in {{ audit_file }}
    lineinfile:
      path: '{{ audit_file }}'
      regexp: (-a always,exit -F arch=b64)(?=.*(?:(?:-S |,)(?:{{ syscalls_per_file[audit_file]
        | join("|") }}))\b)((?:( -S |,)\w+)+)( -F auid&gt;=1000 -F auid!=unset (?:-k
        |-F key=)\w+)
      line: \1\2\3{{ missing_syscalls | join("\3") }}\4
      backrefs: true
      state: present
      mode: g-rwx,o-rwx
    when: syscalls_found | length &gt; 0 and missing_syscalls | length &gt; 0

  - name: Add the audit rule to {{ audit_file }}
    lineinfile:
      path: '{{ audit_file }}'
      line: -a always,exit -F arch=b64 -S {{ syscalls | join(',') }} -F auid&gt;=1000
        -F auid!=unset -F key=perm_mod
      create: true
      mode: g-rwx,o-rwx
      state: present
    when: syscalls_found | length == 0

  - name: Declare list of syscalls
    set_fact:
      syscalls:
      - fchownat
      syscall_grouping:
      - chown
      - fchown
      - fchownat
      - lchown

  - name: Check existence of fchownat in /etc/audit/audit.rules
    find:
      paths: /etc/audit
      contains: -a always,exit -F arch=b64(( -S |,)\w+)*(( -S |,){{ item }})+(( -S
        |,)\w+)* -F auid&gt;=1000 -F auid!=unset (-k\s+|-F\s+key=)\S+\s*$
      patterns: audit.rules
    register: find_command
    loop: '{{ (syscall_grouping + syscalls) | unique }}'

  - name: Set path to /etc/audit/audit.rules
    set_fact: audit_file="/etc/audit/audit.rules"

  - name: Declare found syscalls
    set_fact: syscalls_found="{{ find_command.results | selectattr('matched') | map(attribute='item')
      | list }}"

  - name: Declare missing syscalls
    set_fact: missing_syscalls="{{ syscalls | difference(syscalls_found) }}"

  - name: Replace the audit rule in {{ audit_file }}
    lineinfile:
      path: '{{ audit_file }}'
      regexp: (-a always,exit -F arch=b64)(?=.*(?:(?:-S |,)(?:{{ syscalls_found |
        join("|") }}))\b)((?:( -S |,)\w+)+)( -F auid&gt;=1000 -F auid!=unset (?:-k |-F
        key=)\w+)
      line: \1\2\3{{ missing_syscalls | join("\3") }}\4
      backrefs: true
      state: present
      mode: g-rwx,o-rwx
    when: syscalls_found | length &gt; 0 and missing_syscalls | length &gt; 0

  - name: Add the audit rule to {{ audit_file }}
    lineinfile:
      path: '{{ audit_file }}'
      line: -a always,exit -F arch=b64 -S {{ syscalls | join(',') }} -F auid&gt;=1000
        -F auid!=unset -F key=perm_mod
      create: true
      mode: g-rwx,o-rwx
      state: present
    when: syscalls_found | length == 0
  when:
  - '"auditd" in ansible_facts.packages'
  - '"linux-base" in ansible_facts.packages'
  - audit_arch == "b64"
  tags:
  - CJIS-5.4.1.1
  - NIST-800-171-3.1.7
  - NIST-800-53-AU-12(c)
  - NIST-800-53-AU-2(d)
  - NIST-800-53-CM-6(a)
  - PCI-DSS-Req-10.5.5
  - PCI-DSSv4-10.3
  - PCI-DSSv4-10.3.4
  - audit_rules_dac_modification_fchownat
  - low_complexity
  - low_disruption
  - medium_severity
  - reboot_required
  - restrict_strategy
</fix>
          <fix xmlns:xhtml="http://www.w3.org/1999/xhtml" id="audit_rules_dac_modification_fchownat" system="urn:xccdf:fix:script:sh"># Remediation is applicable only in certain platforms
if dpkg-query --show --showformat='${db:Status-Status}
' 'linux-base' 2&gt;/dev/null | grep -q ^installed &amp;&amp; dpkg-query --show --showformat='${db:Status-Status}\n' 'auditd' 2&gt;/dev/null | grep -q '^installed'; then

# First perform the remediation of the syscall rule
# Retrieve hardware architecture of the underlying system
[ "$(getconf LONG_BIT)" = "32" ] &amp;&amp; RULE_ARCHS=("b32") || RULE_ARCHS=("b32" "b64")

for ARCH in "${RULE_ARCHS[@]}"
do
	ACTION_ARCH_FILTERS="-a always,exit -F arch=$ARCH"
	OTHER_FILTERS=""
	AUID_FILTERS="-F auid&gt;=1000 -F auid!=unset"
	SYSCALL="fchownat"
	KEY="perm_mod"
	SYSCALL_GROUPING="chown fchown fchownat lchown"

	# Perform the remediation for both possible tools: 'auditctl' and 'augenrules'
	unset syscall_a
unset syscall_grouping
unset syscall_string
unset syscall
unset file_to_edit
unset rule_to_edit
unset rule_syscalls_to_edit
unset other_string
unset auid_string
unset full_rule

# Load macro arguments into arrays
read -a syscall_a &lt;&lt;&lt; $SYSCALL
read -a syscall_grouping &lt;&lt;&lt; $SYSCALL_GROUPING

# Create a list of audit *.rules files that should be inspected for presence and correctness
# of a particular audit rule. The scheme is as follows:
#
# -----------------------------------------------------------------------------------------
#  Tool used to load audit rules | Rule already defined  |  Audit rules file to inspect    |
# -----------------------------------------------------------------------------------------
#        auditctl                |     Doesn't matter    |  /etc/audit/audit.rules         |
# -----------------------------------------------------------------------------------------
#        augenrules              |          Yes          |  /etc/audit/rules.d/*.rules     |
#        augenrules              |          No           |  /etc/audit/rules.d/$key.rules  |
# -----------------------------------------------------------------------------------------
#
files_to_inspect=()

# If audit tool is 'augenrules', then check if the audit rule is defined
# If rule is defined, add '/etc/audit/rules.d/*.rules' to the list for inspection
# If rule isn't defined yet, add '/etc/audit/rules.d/$key.rules' to the list for inspection
default_file="/etc/audit/rules.d/$KEY.rules"
# As other_filters may include paths, lets use a different delimiter for it
# The "F" script expression tells sed to print the filenames where the expressions matched
readarray -t files_to_inspect &lt; &lt;(sed -s -n -e "/^$ACTION_ARCH_FILTERS/!d" -e "\#$OTHER_FILTERS#!d" -e "/$AUID_FILTERS/!d" -e "F" /etc/audit/rules.d/*.rules)
# Case when particular rule isn't defined in /etc/audit/rules.d/*.rules yet
if [ ${#files_to_inspect[@]} -eq "0" ]
then
    file_to_inspect="/etc/audit/rules.d/$KEY.rules"
    files_to_inspect=("$file_to_inspect")
    if [ ! -e "$file_to_inspect" ]
    then
        touch "$file_to_inspect"
        chmod 0600 "$file_to_inspect"
    fi
fi

# After converting to jinja, we cannot return; therefore we skip the rest of the macro if needed instead
skip=1

for audit_file in "${files_to_inspect[@]}"
do
    # Filter existing $audit_file rules' definitions to select those that satisfy the rule pattern,
    # i.e, collect rules that match:
    # * the action, list and arch, (2-nd argument)
    # * the other filters, (3-rd argument)
    # * the auid filters, (4-rd argument)
    readarray -t similar_rules &lt; &lt;(sed -e "/^$ACTION_ARCH_FILTERS/!d"  -e "\#$OTHER_FILTERS#!d" -e "/$AUID_FILTERS/!d" "$audit_file")

    candidate_rules=()
    # Filter out rules that have more fields then required. This will remove rules more specific than the required scope
    for s_rule in "${similar_rules[@]}"
    do
        # Strip all the options and fields we know of,
        # than check if there was any field left over
        extra_fields=$(sed -E -e "s/^$ACTION_ARCH_FILTERS//"  -e "s#$OTHER_FILTERS##" -e "s/$AUID_FILTERS//" -e "s/((:?-S [[:alnum:],]+)+)//g" -e "s/-F key=\w+|-k \w+//"&lt;&lt;&lt; "$s_rule")
        grep -q -- "-F" &lt;&lt;&lt; "$extra_fields" || candidate_rules+=("$s_rule")
    done

    if [[ ${#syscall_a[@]} -ge 1 ]]
    then
        # Check if the syscall we want is present in any of the similar existing rules
        for rule in "${candidate_rules[@]}"
        do
            rule_syscalls=$(echo "$rule" | grep -o -P '(-S [\w,]+)+' | xargs)
            all_syscalls_found=0
            for syscall in "${syscall_a[@]}"
            do
                grep -q -- "\b${syscall}\b" &lt;&lt;&lt; "$rule_syscalls" || {
                   # A syscall was not found in the candidate rule
                   all_syscalls_found=1
                   }
            done
            if [[ $all_syscalls_found -eq 0 ]]
            then
                # We found a rule with all the syscall(s) we want; skip rest of macro
                skip=0
                break
            fi

            # Check if this rule can be grouped with our target syscall and keep track of it
            for syscall_g in "${syscall_grouping[@]}"
            do
                if grep -q -- "\b${syscall_g}\b" &lt;&lt;&lt; "$rule_syscalls"
                then
                    file_to_edit=${audit_file}
                    rule_to_edit=${rule}
                    rule_syscalls_to_edit=${rule_syscalls}
                fi
            done
        done
    else
        # If there is any candidate rule, it is compliant; skip rest of macro
        if [ "${#candidate_rules[@]}" -gt 0 ]
        then
            skip=0
        fi
    fi

    if [ "$skip" -eq 0 ]; then
        break
    fi
done

if [ "$skip" -ne 0 ]; then
    # We checked all rules that matched the expected resemblance pattern (action, arch &amp; auid)
    # At this point we know if we need to either append the $full_rule or group
    # the syscall together with an exsiting rule

    # Append the full_rule if it cannot be grouped to any other rule
    if [ -z ${rule_to_edit+x} ]
    then
        # Build full_rule while avoid adding double spaces when other_filters is empty
        if [ "${#syscall_a[@]}" -gt 0 ]
        then
            syscall_string=""
            for syscall in "${syscall_a[@]}"
            do
                syscall_string+=" -S $syscall"
            done
        fi
        other_string=$([[ $OTHER_FILTERS ]] &amp;&amp; echo " $OTHER_FILTERS") || /bin/true
        auid_string=$([[ $AUID_FILTERS ]] &amp;&amp; echo " $AUID_FILTERS") || /bin/true
        full_rule="$ACTION_ARCH_FILTERS${syscall_string}${other_string}${auid_string} -F key=$KEY" || /bin/true
        echo "$full_rule" &gt;&gt; "$default_file"
        chmod 0600 ${default_file}
    else
        # Check if the syscalls are declared as a comma separated list or
        # as multiple -S parameters
        if grep -q -- "," &lt;&lt;&lt; "${rule_syscalls_to_edit}"
        then
            delimiter=","
        else
            delimiter=" -S "
        fi
        new_grouped_syscalls="${rule_syscalls_to_edit}"
        for syscall in "${syscall_a[@]}"
        do
            grep -q -- "\b${syscall}\b" &lt;&lt;&lt; "${rule_syscalls_to_edit}" || {
               # A syscall was not found in the candidate rule
               new_grouped_syscalls+="${delimiter}${syscall}"
               }
        done

        # Group the syscall in the rule
        sed -i -e "\#${rule_to_edit}#s#${rule_syscalls_to_edit}#${new_grouped_syscalls}#" "$file_to_edit"
    fi
fi
	unset syscall_a
unset syscall_grouping
unset syscall_string
unset syscall
unset file_to_edit
unset rule_to_edit
unset rule_syscalls_to_edit
unset other_string
unset auid_string
unset full_rule

# Load macro arguments into arrays
read -a syscall_a &lt;&lt;&lt; $SYSCALL
read -a syscall_grouping &lt;&lt;&lt; $SYSCALL_GROUPING

# Create a list of audit *.rules files that should be inspected for presence and correctness
# of a particular audit rule. The scheme is as follows:
#
# -----------------------------------------------------------------------------------------
#  Tool used to load audit rules | Rule already defined  |  Audit rules file to inspect    |
# -----------------------------------------------------------------------------------------
#        auditctl                |     Doesn't matter    |  /etc/audit/audit.rules         |
# -----------------------------------------------------------------------------------------
#        augenrules              |          Yes          |  /etc/audit/rules.d/*.rules     |
#        augenrules              |          No           |  /etc/audit/rules.d/$key.rules  |
# -----------------------------------------------------------------------------------------
#
files_to_inspect=()


# If audit tool is 'auditctl', then add '/etc/audit/audit.rules'
# file to the list of files to be inspected
default_file="/etc/audit/audit.rules"
files_to_inspect+=('/etc/audit/audit.rules' )

# After converting to jinja, we cannot return; therefore we skip the rest of the macro if needed instead
skip=1

for audit_file in "${files_to_inspect[@]}"
do
    # Filter existing $audit_file rules' definitions to select those that satisfy the rule pattern,
    # i.e, collect rules that match:
    # * the action, list and arch, (2-nd argument)
    # * the other filters, (3-rd argument)
    # * the auid filters, (4-rd argument)
    readarray -t similar_rules &lt; &lt;(sed -e "/^$ACTION_ARCH_FILTERS/!d"  -e "\#$OTHER_FILTERS#!d" -e "/$AUID_FILTERS/!d" "$audit_file")

    candidate_rules=()
    # Filter out rules that have more fields then required. This will remove rules more specific than the required scope
    for s_rule in "${similar_rules[@]}"
    do
        # Strip all the options and fields we know of,
        # than check if there was any field left over
        extra_fields=$(sed -E -e "s/^$ACTION_ARCH_FILTERS//"  -e "s#$OTHER_FILTERS##" -e "s/$AUID_FILTERS//" -e "s/((:?-S [[:alnum:],]+)+)//g" -e "s/-F key=\w+|-k \w+//"&lt;&lt;&lt; "$s_rule")
        grep -q -- "-F" &lt;&lt;&lt; "$extra_fields" || candidate_rules+=("$s_rule")
    done

    if [[ ${#syscall_a[@]} -ge 1 ]]
    then
        # Check if the syscall we want is present in any of the similar existing rules
        for rule in "${candidate_rules[@]}"
        do
            rule_syscalls=$(echo "$rule" | grep -o -P '(-S [\w,]+)+' | xargs)
            all_syscalls_found=0
            for syscall in "${syscall_a[@]}"
            do
                grep -q -- "\b${syscall}\b" &lt;&lt;&lt; "$rule_syscalls" || {
                   # A syscall was not found in the candidate rule
                   all_syscalls_found=1
                   }
            done
            if [[ $all_syscalls_found -eq 0 ]]
            then
                # We found a rule with all the syscall(s) we want; skip rest of macro
                skip=0
                break
            fi

            # Check if this rule can be grouped with our target syscall and keep track of it
            for syscall_g in "${syscall_grouping[@]}"
            do
                if grep -q -- "\b${syscall_g}\b" &lt;&lt;&lt; "$rule_syscalls"
                then
                    file_to_edit=${audit_file}
                    rule_to_edit=${rule}
                    rule_syscalls_to_edit=${rule_syscalls}
                fi
            done
        done
    else
        # If there is any candidate rule, it is compliant; skip rest of macro
        if [ "${#candidate_rules[@]}" -gt 0 ]
        then
            skip=0
        fi
    fi

    if [ "$skip" -eq 0 ]; then
        break
    fi
done

if [ "$skip" -ne 0 ]; then
    # We checked all rules that matched the expected resemblance pattern (action, arch &amp; auid)
    # At this point we know if we need to either append the $full_rule or group
    # the syscall together with an exsiting rule

    # Append the full_rule if it cannot be grouped to any other rule
    if [ -z ${rule_to_edit+x} ]
    then
        # Build full_rule while avoid adding double spaces when other_filters is empty
        if [ "${#syscall_a[@]}" -gt 0 ]
        then
            syscall_string=""
            for syscall in "${syscall_a[@]}"
            do
                syscall_string+=" -S $syscall"
            done
        fi
        other_string=$([[ $OTHER_FILTERS ]] &amp;&amp; echo " $OTHER_FILTERS") || /bin/true
        auid_string=$([[ $AUID_FILTERS ]] &amp;&amp; echo " $AUID_FILTERS") || /bin/true
        full_rule="$ACTION_ARCH_FILTERS${syscall_string}${other_string}${auid_string} -F key=$KEY" || /bin/true
        echo "$full_rule" &gt;&gt; "$default_file"
        chmod 0600 ${default_file}
    else
        # Check if the syscalls are declared as a comma separated list or
        # as multiple -S parameters
        if grep -q -- "," &lt;&lt;&lt; "${rule_syscalls_to_edit}"
        then
            delimiter=","
        else
            delimiter=" -S "
        fi
        new_grouped_syscalls="${rule_syscalls_to_edit}"
        for syscall in "${syscall_a[@]}"
        do
            grep -q -- "\b${syscall}\b" &lt;&lt;&lt; "${rule_syscalls_to_edit}" || {
               # A syscall was not found in the candidate rule
               new_grouped_syscalls+="${delimiter}${syscall}"
               }
        done

        # Group the syscall in the rule
        sed -i -e "\#${rule_to_edit}#s#${rule_syscalls_to_edit}#${new_grouped_syscalls}#" "$file_to_edit"
    fi
fi
done

else
    &gt;&amp;2 echo 'Remediation is not applicable, nothing was done'
fi
</fix>
          <check system="http://oval.mitre.org/XMLSchema/oval-definitions-5">
            <check-content-ref name="oval:ssg-audit_rules_dac_modification_fchownat:def:1" href="ssg-ubuntu2404-oval.xml"/>
          </check>
          <check system="http://scap.nist.gov/schema/ocil/2">
            <check-content-ref name="ocil:ssg-audit_rules_dac_modification_fchownat_ocil:questionnaire:1" href="ssg-ubuntu2404-ocil.xml"/>
          </check>
        </Rule>
        <Rule id="xccdf_org.ssgproject.content_rule_audit_rules_dac_modification_fremovexattr" selected="false" role="full" severity="medium">
          <title xmlns:xhtml="http://www.w3.org/1999/xhtml" xml:lang="en-US">Record Events that Modify the System's Discretionary Access Controls - fremovexattr</title>
          <description xmlns:xhtml="http://www.w3.org/1999/xhtml" xml:lang="en-US">At a minimum, the audit system should collect file permission
changes for all users and root.
<html:br xmlns:html="http://www.w3.org/1999/xhtml"/>
        <html:br xmlns:html="http://www.w3.org/1999/xhtml"/>
If the <html:code xmlns:html="http://www.w3.org/1999/xhtml">auditd</html:code> daemon is configured
to use the <html:code xmlns:html="http://www.w3.org/1999/xhtml">augenrules</html:code> program to read audit rules during daemon
startup (the default), add the following line to a file with suffix
<html:code xmlns:html="http://www.w3.org/1999/xhtml">.rules</html:code> in the directory <html:code xmlns:html="http://www.w3.org/1999/xhtml">/etc/audit/rules.d</html:code>:
<html:pre xmlns:html="http://www.w3.org/1999/xhtml">-a always,exit -F arch=b32 -S fremovexattr -F auid&gt;=1000 -F auid!=unset -F key=perm_mod</html:pre>
        <html:pre xmlns:html="http://www.w3.org/1999/xhtml">-a always,exit -F arch=b32 -S fremovexattr -F auid=0 -F key=perm_mod</html:pre>
        <html:br xmlns:html="http://www.w3.org/1999/xhtml"/>
        <html:br xmlns:html="http://www.w3.org/1999/xhtml"/>
If the system is 64 bit then also add the following line:
<html:pre xmlns:html="http://www.w3.org/1999/xhtml">-a always,exit -F arch=b64 -S fremovexattr -F auid&gt;=1000 -F auid!=unset -F key=perm_mod</html:pre>
        <html:pre xmlns:html="http://www.w3.org/1999/xhtml">-a always,exit -F arch=b64 -S fremovexattr -F auid=0 -F key=perm_mod</html:pre>
        <html:br xmlns:html="http://www.w3.org/1999/xhtml"/>
        <html:br xmlns:html="http://www.w3.org/1999/xhtml"/>
If the <html:code xmlns:html="http://www.w3.org/1999/xhtml">auditd</html:code> daemon is configured to use the <html:code xmlns:html="http://www.w3.org/1999/xhtml">auditctl</html:code>
utility to read audit rules during daemon startup, add the following line to
<html:code xmlns:html="http://www.w3.org/1999/xhtml">/etc/audit/audit.rules</html:code> file:
<html:pre xmlns:html="http://www.w3.org/1999/xhtml">-a always,exit -F arch=b32 -S fremovexattr -F auid&gt;=1000 -F auid!=unset -F key=perm_mod</html:pre>
        <html:pre xmlns:html="http://www.w3.org/1999/xhtml">-a always,exit -F arch=b32 -S fremovexattr -F auid=0 -F key=perm_mod</html:pre>
        <html:br xmlns:html="http://www.w3.org/1999/xhtml"/>
        <html:br xmlns:html="http://www.w3.org/1999/xhtml"/>
If the system is 64 bit then also add the following line:
<html:pre xmlns:html="http://www.w3.org/1999/xhtml">-a always,exit -F arch=b64 -S fremovexattr -F auid&gt;=1000 -F auid!=unset -F key=perm_mod</html:pre>
        <html:pre xmlns:html="http://www.w3.org/1999/xhtml">-a always,exit -F arch=b64 -S fremovexattr -F auid=0 -F key=perm_mod</html:pre>
       </description>
          <warning xmlns:xhtml="http://www.w3.org/1999/xhtml" xml:lang="en-US" category="general">Note that these rules can be configured in a
number of ways while still achieving the desired effect. Here the system calls
have been placed independent of other system calls. Grouping these system
calls with others as identifying earlier in this guide is more efficient.</warning>
          <reference href="https://www.cisecurity.org/controls/">1</reference>
          <reference href="https://www.cisecurity.org/controls/">11</reference>
          <reference href="https://www.cisecurity.org/controls/">12</reference>
          <reference href="https://www.cisecurity.org/controls/">13</reference>
          <reference href="https://www.cisecurity.org/controls/">14</reference>
          <reference href="https://www.cisecurity.org/controls/">15</reference>
          <reference href="https://www.cisecurity.org/controls/">16</reference>
          <reference href="https://www.cisecurity.org/controls/">19</reference>
          <reference href="https://www.cisecurity.org/controls/">2</reference>
          <reference href="https://www.cisecurity.org/controls/">3</reference>
          <reference href="https://www.cisecurity.org/controls/">4</reference>
          <reference href="https://www.cisecurity.org/controls/">5</reference>
          <reference href="https://www.cisecurity.org/controls/">6</reference>
          <reference href="https://www.cisecurity.org/controls/">7</reference>
          <reference href="https://www.cisecurity.org/controls/">8</reference>
          <reference href="https://www.cisecurity.org/controls/">9</reference>
          <reference href="https://www.fbi.gov/file-repository/cjis-security-policy-v5_5_20160601-2-1.pdf">5.4.1.1</reference>
          <reference href="https://www.isaca.org/resources/cobit">APO10.01</reference>
          <reference href="https://www.isaca.org/resources/cobit">APO10.03</reference>
          <reference href="https://www.isaca.org/resources/cobit">APO10.04</reference>
          <reference href="https://www.isaca.org/resources/cobit">APO10.05</reference>
          <reference href="https://www.isaca.org/resources/cobit">APO11.04</reference>
          <reference href="https://www.isaca.org/resources/cobit">APO12.06</reference>
          <reference href="https://www.isaca.org/resources/cobit">APO13.01</reference>
          <reference href="https://www.isaca.org/resources/cobit">BAI03.05</reference>
          <reference href="https://www.isaca.org/resources/cobit">BAI08.02</reference>
          <reference href="https://www.isaca.org/resources/cobit">DSS01.03</reference>
          <reference href="https://www.isaca.org/resources/cobit">DSS01.04</reference>
          <reference href="https://www.isaca.org/resources/cobit">DSS02.02</reference>
          <reference href="https://www.isaca.org/resources/cobit">DSS02.04</reference>
          <reference href="https://www.isaca.org/resources/cobit">DSS02.07</reference>
          <reference href="https://www.isaca.org/resources/cobit">DSS03.01</reference>
          <reference href="https://www.isaca.org/resources/cobit">DSS03.05</reference>
          <reference href="https://www.isaca.org/resources/cobit">DSS05.02</reference>
          <reference href="https://www.isaca.org/resources/cobit">DSS05.03</reference>
          <reference href="https://www.isaca.org/resources/cobit">DSS05.04</reference>
          <reference href="https://www.isaca.org/resources/cobit">DSS05.05</reference>
          <reference href="https://www.isaca.org/resources/cobit">DSS05.07</reference>
          <reference href="https://www.isaca.org/resources/cobit">MEA01.01</reference>
          <reference href="https://www.isaca.org/resources/cobit">MEA01.02</reference>
          <reference href="https://www.isaca.org/resources/cobit">MEA01.03</reference>
          <reference href="https://www.isaca.org/resources/cobit">MEA01.04</reference>
          <reference href="https://www.isaca.org/resources/cobit">MEA01.05</reference>
          <reference href="https://www.isaca.org/resources/cobit">MEA02.01</reference>
          <reference href="http://nvlpubs.nist.gov/nistpubs/SpecialPublications/NIST.SP.800-171.pdf">3.1.7</reference>
          <reference href="https://public.cyber.mil/stigs/cci/">CCI-000172</reference>
          <reference href="https://public.cyber.mil/stigs/cci/">CCI-000130</reference>
          <reference href="https://public.cyber.mil/stigs/cci/">CCI-000135</reference>
          <reference href="https://public.cyber.mil/stigs/cci/">CCI-000169</reference>
          <reference href="https://public.cyber.mil/stigs/cci/">CCI-002884</reference>
          <reference href="https://www.gpo.gov/fdsys/pkg/CFR-2007-title45-vol1/pdf/CFR-2007-title45-vol1-chapA-subchapC.pdf">164.308(a)(1)(ii)(D)</reference>
          <reference href="https://www.gpo.gov/fdsys/pkg/CFR-2007-title45-vol1/pdf/CFR-2007-title45-vol1-chapA-subchapC.pdf">164.308(a)(3)(ii)(A)</reference>
          <reference href="https://www.gpo.gov/fdsys/pkg/CFR-2007-title45-vol1/pdf/CFR-2007-title45-vol1-chapA-subchapC.pdf">164.308(a)(5)(ii)(C)</reference>
          <reference href="https://www.gpo.gov/fdsys/pkg/CFR-2007-title45-vol1/pdf/CFR-2007-title45-vol1-chapA-subchapC.pdf">164.312(a)(2)(i)</reference>
          <reference href="https://www.gpo.gov/fdsys/pkg/CFR-2007-title45-vol1/pdf/CFR-2007-title45-vol1-chapA-subchapC.pdf">164.312(b)</reference>
          <reference href="https://www.gpo.gov/fdsys/pkg/CFR-2007-title45-vol1/pdf/CFR-2007-title45-vol1-chapA-subchapC.pdf">164.312(d)</reference>
          <reference href="https://www.gpo.gov/fdsys/pkg/CFR-2007-title45-vol1/pdf/CFR-2007-title45-vol1-chapA-subchapC.pdf">164.312(e)</reference>
          <reference href="https://www.isa.org/products/isa-62443-2-1-2009-security-for-industrial-automat">4.2.3.10</reference>
          <reference href="https://www.isa.org/products/isa-62443-2-1-2009-security-for-industrial-automat">4.3.2.6.7</reference>
          <reference href="https://www.isa.org/products/isa-62443-2-1-2009-security-for-industrial-automat">4.3.3.3.9</reference>
          <reference href="https://www.isa.org/products/isa-62443-2-1-2009-security-for-industrial-automat">4.3.3.5.8</reference>
          <reference href="https://www.isa.org/products/isa-62443-2-1-2009-security-for-industrial-automat">4.3.3.6.6</reference>
          <reference href="https://www.isa.org/products/isa-62443-2-1-2009-security-for-industrial-automat">4.3.4.4.7</reference>
          <reference href="https://www.isa.org/products/isa-62443-2-1-2009-security-for-industrial-automat">4.3.4.5.6</reference>
          <reference href="https://www.isa.org/products/isa-62443-2-1-2009-security-for-industrial-automat">4.3.4.5.7</reference>
          <reference href="https://www.isa.org/products/isa-62443-2-1-2009-security-for-industrial-automat">4.3.4.5.8</reference>
          <reference href="https://www.isa.org/products/isa-62443-2-1-2009-security-for-industrial-automat">4.4.2.1</reference>
          <reference href="https://www.isa.org/products/isa-62443-2-1-2009-security-for-industrial-automat">4.4.2.2</reference>
          <reference href="https://www.isa.org/products/isa-62443-2-1-2009-security-for-industrial-automat">4.4.2.4</reference>
          <reference href="https://www.isa.org/products/ansi-isa-62443-3-3-99-03-03-2013-security-for-indu">SR 1.13</reference>
          <reference href="https://www.isa.org/products/ansi-isa-62443-3-3-99-03-03-2013-security-for-indu">SR 2.10</reference>
          <reference href="https://www.isa.org/products/ansi-isa-62443-3-3-99-03-03-2013-security-for-indu">SR 2.11</reference>
          <reference href="https://www.isa.org/products/ansi-isa-62443-3-3-99-03-03-2013-security-for-indu">SR 2.12</reference>
          <reference href="https://www.isa.org/products/ansi-isa-62443-3-3-99-03-03-2013-security-for-indu">SR 2.6</reference>
          <reference href="https://www.isa.org/products/ansi-isa-62443-3-3-99-03-03-2013-security-for-indu">SR 2.8</reference>
          <reference href="https://www.isa.org/products/ansi-isa-62443-3-3-99-03-03-2013-security-for-indu">SR 2.9</reference>
          <reference href="https://www.isa.org/products/ansi-isa-62443-3-3-99-03-03-2013-security-for-indu">SR 3.1</reference>
          <reference href="https://www.isa.org/products/ansi-isa-62443-3-3-99-03-03-2013-security-for-indu">SR 3.5</reference>
          <reference href="https://www.isa.org/products/ansi-isa-62443-3-3-99-03-03-2013-security-for-indu">SR 3.8</reference>
          <reference href="https://www.isa.org/products/ansi-isa-62443-3-3-99-03-03-2013-security-for-indu">SR 4.1</reference>
          <reference href="https://www.isa.org/products/ansi-isa-62443-3-3-99-03-03-2013-security-for-indu">SR 4.3</reference>
          <reference href="https://www.isa.org/products/ansi-isa-62443-3-3-99-03-03-2013-security-for-indu">SR 5.1</reference>
          <reference href="https://www.isa.org/products/ansi-isa-62443-3-3-99-03-03-2013-security-for-indu">SR 5.2</reference>
          <reference href="https://www.isa.org/products/ansi-isa-62443-3-3-99-03-03-2013-security-for-indu">SR 5.3</reference>
          <reference href="https://www.isa.org/products/ansi-isa-62443-3-3-99-03-03-2013-security-for-indu">SR 6.1</reference>
          <reference href="https://www.isa.org/products/ansi-isa-62443-3-3-99-03-03-2013-security-for-indu">SR 6.2</reference>
          <reference href="https://www.isa.org/products/ansi-isa-62443-3-3-99-03-03-2013-security-for-indu">SR 7.1</reference>
          <reference href="https://www.isa.org/products/ansi-isa-62443-3-3-99-03-03-2013-security-for-indu">SR 7.6</reference>
          <reference href="https://www.iso.org/contents/data/standard/05/45/54534.html">A.11.2.6</reference>
          <reference href="https://www.iso.org/contents/data/standard/05/45/54534.html">A.12.4.1</reference>
          <reference href="https://www.iso.org/contents/data/standard/05/45/54534.html">A.12.4.2</reference>
          <reference href="https://www.iso.org/contents/data/standard/05/45/54534.html">A.12.4.3</reference>
          <reference href="https://www.iso.org/contents/data/standard/05/45/54534.html">A.12.4.4</reference>
          <reference href="https://www.iso.org/contents/data/standard/05/45/54534.html">A.12.7.1</reference>
          <reference href="https://www.iso.org/contents/data/standard/05/45/54534.html">A.13.1.1</reference>
          <reference href="https://www.iso.org/contents/data/standard/05/45/54534.html">A.13.2.1</reference>
          <reference href="https://www.iso.org/contents/data/standard/05/45/54534.html">A.14.1.3</reference>
          <reference href="https://www.iso.org/contents/data/standard/05/45/54534.html">A.14.2.7</reference>
          <reference href="https://www.iso.org/contents/data/standard/05/45/54534.html">A.15.2.1</reference>
          <reference href="https://www.iso.org/contents/data/standard/05/45/54534.html">A.15.2.2</reference>
          <reference href="https://www.iso.org/contents/data/standard/05/45/54534.html">A.16.1.4</reference>
          <reference href="https://www.iso.org/contents/data/standard/05/45/54534.html">A.16.1.5</reference>
          <reference href="https://www.iso.org/contents/data/standard/05/45/54534.html">A.16.1.7</reference>
          <reference href="https://www.iso.org/contents/data/standard/05/45/54534.html">A.6.2.1</reference>
          <reference href="https://www.iso.org/contents/data/standard/05/45/54534.html">A.6.2.2</reference>
          <reference href="http://nvlpubs.nist.gov/nistpubs/SpecialPublications/NIST.SP.800-53r4.pdf">AU-2(d)</reference>
          <reference href="http://nvlpubs.nist.gov/nistpubs/SpecialPublications/NIST.SP.800-53r4.pdf">AU-12(c)</reference>
          <reference href="http://nvlpubs.nist.gov/nistpubs/SpecialPublications/NIST.SP.800-53r4.pdf">CM-6(a)</reference>
          <reference href="https://nvlpubs.nist.gov/nistpubs/CSWP/NIST.CSWP.04162018.pdf">DE.AE-3</reference>
          <reference href="https://nvlpubs.nist.gov/nistpubs/CSWP/NIST.CSWP.04162018.pdf">DE.AE-5</reference>
          <reference href="https://nvlpubs.nist.gov/nistpubs/CSWP/NIST.CSWP.04162018.pdf">DE.CM-1</reference>
          <reference href="https://nvlpubs.nist.gov/nistpubs/CSWP/NIST.CSWP.04162018.pdf">DE.CM-3</reference>
          <reference href="https://nvlpubs.nist.gov/nistpubs/CSWP/NIST.CSWP.04162018.pdf">DE.CM-7</reference>
          <reference href="https://nvlpubs.nist.gov/nistpubs/CSWP/NIST.CSWP.04162018.pdf">ID.SC-4</reference>
          <reference href="https://nvlpubs.nist.gov/nistpubs/CSWP/NIST.CSWP.04162018.pdf">PR.AC-3</reference>
          <reference href="https://nvlpubs.nist.gov/nistpubs/CSWP/NIST.CSWP.04162018.pdf">PR.PT-1</reference>
          <reference href="https://nvlpubs.nist.gov/nistpubs/CSWP/NIST.CSWP.04162018.pdf">PR.PT-4</reference>
          <reference href="https://nvlpubs.nist.gov/nistpubs/CSWP/NIST.CSWP.04162018.pdf">RS.AN-1</reference>
          <reference href="https://nvlpubs.nist.gov/nistpubs/CSWP/NIST.CSWP.04162018.pdf">RS.AN-4</reference>
          <reference href="https://www.pcisecuritystandards.org/documents/PCI_DSS_v3-2-1.pdf">Req-10.5.5</reference>
          <reference href="https://public.cyber.mil/stigs/downloads/?_dl_facet_stigs=operating-systems%2Cgeneral-purpose-os">SRG-OS-000037-GPOS-00015</reference>
          <reference href="https://public.cyber.mil/stigs/downloads/?_dl_facet_stigs=operating-systems%2Cgeneral-purpose-os">SRG-OS-000042-GPOS-00020</reference>
          <reference href="https://public.cyber.mil/stigs/downloads/?_dl_facet_stigs=operating-systems%2Cgeneral-purpose-os">SRG-OS-000062-GPOS-00031</reference>
          <reference href="https://public.cyber.mil/stigs/downloads/?_dl_facet_stigs=operating-systems%2Cgeneral-purpose-os">SRG-OS-000392-GPOS-00172</reference>
          <reference href="https://public.cyber.mil/stigs/downloads/?_dl_facet_stigs=operating-systems%2Cgeneral-purpose-os">SRG-OS-000458-GPOS-00203</reference>
          <reference href="https://public.cyber.mil/stigs/downloads/?_dl_facet_stigs=operating-systems%2Cgeneral-purpose-os">SRG-OS-000462-GPOS-00206</reference>
          <reference href="https://public.cyber.mil/stigs/downloads/?_dl_facet_stigs=operating-systems%2Cgeneral-purpose-os">SRG-OS-000463-GPOS-00207</reference>
          <reference href="https://public.cyber.mil/stigs/downloads/?_dl_facet_stigs=operating-systems%2Cgeneral-purpose-os">SRG-OS-000471-GPOS-00215</reference>
          <reference href="https://public.cyber.mil/stigs/downloads/?_dl_facet_stigs=operating-systems%2Cgeneral-purpose-os">SRG-OS-000474-GPOS-00219</reference>
          <reference href="https://public.cyber.mil/stigs/downloads/?_dl_facet_stigs=operating-systems%2Cgeneral-purpose-os">SRG-OS-000466-GPOS-00210</reference>
          <reference href="https://public.cyber.mil/stigs/downloads/?_dl_facet_stigs=operating-systems%2Cgeneral-purpose-os">SRG-OS-000468-GPOS-00212</reference>
          <reference href="https://public.cyber.mil/stigs/downloads/?_dl_facet_stigs=operating-systems%2Cgeneral-purpose-os">SRG-OS-000064-GPOS-00033</reference>
          <reference href="https://public.cyber.mil/stigs/downloads/?_dl_facet_stigs=container-platform">SRG-APP-000091-CTR-000160</reference>
          <reference href="https://public.cyber.mil/stigs/downloads/?_dl_facet_stigs=container-platform">SRG-APP-000492-CTR-001220</reference>
          <reference href="https://public.cyber.mil/stigs/downloads/?_dl_facet_stigs=container-platform">SRG-APP-000493-CTR-001225</reference>
          <reference href="https://public.cyber.mil/stigs/downloads/?_dl_facet_stigs=container-platform">SRG-APP-000494-CTR-001230</reference>
          <reference href="https://public.cyber.mil/stigs/downloads/?_dl_facet_stigs=container-platform">SRG-APP-000500-CTR-001260</reference>
          <reference href="https://public.cyber.mil/stigs/downloads/?_dl_facet_stigs=container-platform">SRG-APP-000507-CTR-001295</reference>
          <reference href="https://public.cyber.mil/stigs/downloads/?_dl_facet_stigs=container-platform">SRG-APP-000495-CTR-001235</reference>
          <reference href="https://public.cyber.mil/stigs/downloads/?_dl_facet_stigs=container-platform">SRG-APP-000496-CTR-001240</reference>
          <reference href="https://public.cyber.mil/stigs/downloads/?_dl_facet_stigs=container-platform">SRG-APP-000497-CTR-001245</reference>
          <reference href="https://public.cyber.mil/stigs/downloads/?_dl_facet_stigs=container-platform">SRG-APP-000498-CTR-001250</reference>
          <reference href="https://public.cyber.mil/stigs/downloads/?_dl_facet_stigs=container-platform">SRG-APP-000499-CTR-001255</reference>
          <reference href="https://cyber.gouv.fr/sites/default/files/document/linux_configuration-en-v2.pdf">R73</reference>
          <reference href="https://www.cisecurity.org/benchmark/ubuntu_linux/">6.2.3.9</reference>
          <reference href="https://docs-prv.pcisecuritystandards.org/PCI%20DSS/Standard/PCI-DSS-v4_0.pdf">10.3.4</reference>
          <reference href="https://docs-prv.pcisecuritystandards.org/PCI%20DSS/Standard/PCI-DSS-v4_0.pdf">10.3</reference>
          <rationale xmlns:xhtml="http://www.w3.org/1999/xhtml" xml:lang="en-US">The changing of file permissions could indicate that a user is attempting to
gain access to information that would otherwise be disallowed. Auditing DAC modifications
can facilitate the identification of patterns of abuse among both authorized and
unauthorized users.</rationale>
          <fix xmlns:xhtml="http://www.w3.org/1999/xhtml" id="audit_rules_dac_modification_fremovexattr" system="urn:xccdf:fix:script:ansible" reboot="true" complexity="low" disruption="low" strategy="restrict">- name: Gather the package facts
  package_facts:
    manager: auto
  tags:
  - CJIS-5.4.1.1
  - NIST-800-171-3.1.7
  - NIST-800-53-AU-12(c)
  - NIST-800-53-AU-2(d)
  - NIST-800-53-CM-6(a)
  - PCI-DSS-Req-10.5.5
  - PCI-DSSv4-10.3
  - PCI-DSSv4-10.3.4
  - audit_rules_dac_modification_fremovexattr
  - low_complexity
  - low_disruption
  - medium_severity
  - reboot_required
  - restrict_strategy

- name: Set architecture for audit fremovexattr tasks
  set_fact:
    audit_arch: b64
  when:
  - '"auditd" in ansible_facts.packages'
  - '"linux-base" in ansible_facts.packages'
  - ansible_architecture == "aarch64" or ansible_architecture == "ppc64" or ansible_architecture
    == "ppc64le" or ansible_architecture == "s390x" or ansible_architecture == "x86_64"
  tags:
  - CJIS-5.4.1.1
  - NIST-800-171-3.1.7
  - NIST-800-53-AU-12(c)
  - NIST-800-53-AU-2(d)
  - NIST-800-53-CM-6(a)
  - PCI-DSS-Req-10.5.5
  - PCI-DSSv4-10.3
  - PCI-DSSv4-10.3.4
  - audit_rules_dac_modification_fremovexattr
  - low_complexity
  - low_disruption
  - medium_severity
  - reboot_required
  - restrict_strategy

- name: Perform remediation of Audit rules for fremovexattr for 32bit platform
  block:

  - name: Declare list of syscalls
    set_fact:
      syscalls:
      - fremovexattr
      syscall_grouping:
      - fremovexattr
      - lremovexattr
      - removexattr
      - fsetxattr
      - lsetxattr
      - setxattr

  - name: Check existence of fremovexattr in /etc/audit/rules.d/
    find:
      paths: /etc/audit/rules.d
      contains: -a always,exit -F arch=b32(( -S |,)\w+)*(( -S |,){{ item }})+(( -S
        |,)\w+)* -F auid&gt;=1000 -F auid!=unset (-k\s+|-F\s+key=)\S+\s*$
      patterns: '*.rules'
    register: find_command
    loop: '{{ (syscall_grouping + syscalls) | unique }}'

  - name: Reset syscalls found per file
    set_fact:
      syscalls_per_file: {}
      found_paths_dict: {}

  - name: Declare syscalls found per file
    set_fact: syscalls_per_file="{{ syscalls_per_file | combine( {item.files[0].path
      :[item.item] + syscalls_per_file.get(item.files[0].path, []) } ) }}"
    loop: '{{ find_command.results | selectattr(''matched'') | list }}'

  - name: Declare files where syscalls were found
    set_fact: found_paths="{{ find_command.results | map(attribute='files') | flatten
      | map(attribute='path') | list }}"

  - name: Count occurrences of syscalls in paths
    set_fact: found_paths_dict="{{ found_paths_dict | combine({ item:1+found_paths_dict.get(item,
      0) }) }}"
    loop: '{{ find_command.results | map(attribute=''files'') | flatten | map(attribute=''path'')
      | list }}'

  - name: Get path with most syscalls
    set_fact: audit_file="{{ (found_paths_dict | dict2items() | sort(attribute='value')
      | last).key }}"
    when: found_paths | length &gt;= 1

  - name: No file with syscall found, set path to /etc/audit/rules.d/perm_mod.rules
    set_fact: audit_file="/etc/audit/rules.d/perm_mod.rules"
    when: found_paths | length == 0

  - name: Declare found syscalls
    set_fact: syscalls_found="{{ find_command.results | selectattr('matched') | map(attribute='item')
      | list }}"

  - name: Declare missing syscalls
    set_fact: missing_syscalls="{{ syscalls | difference(syscalls_found) }}"

  - name: Replace the audit rule in {{ audit_file }}
    lineinfile:
      path: '{{ audit_file }}'
      regexp: (-a always,exit -F arch=b32)(?=.*(?:(?:-S |,)(?:{{ syscalls_per_file[audit_file]
        | join("|") }}))\b)((?:( -S |,)\w+)+)( -F auid&gt;=1000 -F auid!=unset (?:-k
        |-F key=)\w+)
      line: \1\2\3{{ missing_syscalls | join("\3") }}\4
      backrefs: true
      state: present
      mode: g-rwx,o-rwx
    when: syscalls_found | length &gt; 0 and missing_syscalls | length &gt; 0

  - name: Add the audit rule to {{ audit_file }}
    lineinfile:
      path: '{{ audit_file }}'
      line: -a always,exit -F arch=b32 -S {{ syscalls | join(',') }} -F auid&gt;=1000
        -F auid!=unset -F key=perm_mod
      create: true
      mode: g-rwx,o-rwx
      state: present
    when: syscalls_found | length == 0

  - name: Declare list of syscalls
    set_fact:
      syscalls:
      - fremovexattr
      syscall_grouping:
      - fremovexattr
      - lremovexattr
      - removexattr
      - fsetxattr
      - lsetxattr
      - setxattr

  - name: Check existence of fremovexattr in /etc/audit/audit.rules
    find:
      paths: /etc/audit
      contains: -a always,exit -F arch=b32(( -S |,)\w+)*(( -S |,){{ item }})+(( -S
        |,)\w+)* -F auid&gt;=1000 -F auid!=unset (-k\s+|-F\s+key=)\S+\s*$
      patterns: audit.rules
    register: find_command
    loop: '{{ (syscall_grouping + syscalls) | unique }}'

  - name: Set path to /etc/audit/audit.rules
    set_fact: audit_file="/etc/audit/audit.rules"

  - name: Declare found syscalls
    set_fact: syscalls_found="{{ find_command.results | selectattr('matched') | map(attribute='item')
      | list }}"

  - name: Declare missing syscalls
    set_fact: missing_syscalls="{{ syscalls | difference(syscalls_found) }}"

  - name: Replace the audit rule in {{ audit_file }}
    lineinfile:
      path: '{{ audit_file }}'
      regexp: (-a always,exit -F arch=b32)(?=.*(?:(?:-S |,)(?:{{ syscalls_found |
        join("|") }}))\b)((?:( -S |,)\w+)+)( -F auid&gt;=1000 -F auid!=unset (?:-k |-F
        key=)\w+)
      line: \1\2\3{{ missing_syscalls | join("\3") }}\4
      backrefs: true
      state: present
      mode: g-rwx,o-rwx
    when: syscalls_found | length &gt; 0 and missing_syscalls | length &gt; 0

  - name: Add the audit rule to {{ audit_file }}
    lineinfile:
      path: '{{ audit_file }}'
      line: -a always,exit -F arch=b32 -S {{ syscalls | join(',') }} -F auid&gt;=1000
        -F auid!=unset -F key=perm_mod
      create: true
      mode: g-rwx,o-rwx
      state: present
    when: syscalls_found | length == 0
  when:
  - '"auditd" in ansible_facts.packages'
  - '"linux-base" in ansible_facts.packages'
  tags:
  - CJIS-5.4.1.1
  - NIST-800-171-3.1.7
  - NIST-800-53-AU-12(c)
  - NIST-800-53-AU-2(d)
  - NIST-800-53-CM-6(a)
  - PCI-DSS-Req-10.5.5
  - PCI-DSSv4-10.3
  - PCI-DSSv4-10.3.4
  - audit_rules_dac_modification_fremovexattr
  - low_complexity
  - low_disruption
  - medium_severity
  - reboot_required
  - restrict_strategy

- name: Perform remediation of Audit rules for fremovexattr for 64bit platform
  block:

  - name: Declare list of syscalls
    set_fact:
      syscalls:
      - fremovexattr
      syscall_grouping:
      - fremovexattr
      - lremovexattr
      - removexattr
      - fsetxattr
      - lsetxattr
      - setxattr

  - name: Check existence of fremovexattr in /etc/audit/rules.d/
    find:
      paths: /etc/audit/rules.d
      contains: -a always,exit -F arch=b64(( -S |,)\w+)*(( -S |,){{ item }})+(( -S
        |,)\w+)* -F auid&gt;=1000 -F auid!=unset (-k\s+|-F\s+key=)\S+\s*$
      patterns: '*.rules'
    register: find_command
    loop: '{{ (syscall_grouping + syscalls) | unique }}'

  - name: Reset syscalls found per file
    set_fact:
      syscalls_per_file: {}
      found_paths_dict: {}

  - name: Declare syscalls found per file
    set_fact: syscalls_per_file="{{ syscalls_per_file | combine( {item.files[0].path
      :[item.item] + syscalls_per_file.get(item.files[0].path, []) } ) }}"
    loop: '{{ find_command.results | selectattr(''matched'') | list }}'

  - name: Declare files where syscalls were found
    set_fact: found_paths="{{ find_command.results | map(attribute='files') | flatten
      | map(attribute='path') | list }}"

  - name: Count occurrences of syscalls in paths
    set_fact: found_paths_dict="{{ found_paths_dict | combine({ item:1+found_paths_dict.get(item,
      0) }) }}"
    loop: '{{ find_command.results | map(attribute=''files'') | flatten | map(attribute=''path'')
      | list }}'

  - name: Get path with most syscalls
    set_fact: audit_file="{{ (found_paths_dict | dict2items() | sort(attribute='value')
      | last).key }}"
    when: found_paths | length &gt;= 1

  - name: No file with syscall found, set path to /etc/audit/rules.d/perm_mod.rules
    set_fact: audit_file="/etc/audit/rules.d/perm_mod.rules"
    when: found_paths | length == 0

  - name: Declare found syscalls
    set_fact: syscalls_found="{{ find_command.results | selectattr('matched') | map(attribute='item')
      | list }}"

  - name: Declare missing syscalls
    set_fact: missing_syscalls="{{ syscalls | difference(syscalls_found) }}"

  - name: Replace the audit rule in {{ audit_file }}
    lineinfile:
      path: '{{ audit_file }}'
      regexp: (-a always,exit -F arch=b64)(?=.*(?:(?:-S |,)(?:{{ syscalls_per_file[audit_file]
        | join("|") }}))\b)((?:( -S |,)\w+)+)( -F auid&gt;=1000 -F auid!=unset (?:-k
        |-F key=)\w+)
      line: \1\2\3{{ missing_syscalls | join("\3") }}\4
      backrefs: true
      state: present
      mode: g-rwx,o-rwx
    when: syscalls_found | length &gt; 0 and missing_syscalls | length &gt; 0

  - name: Add the audit rule to {{ audit_file }}
    lineinfile:
      path: '{{ audit_file }}'
      line: -a always,exit -F arch=b64 -S {{ syscalls | join(',') }} -F auid&gt;=1000
        -F auid!=unset -F key=perm_mod
      create: true
      mode: g-rwx,o-rwx
      state: present
    when: syscalls_found | length == 0

  - name: Declare list of syscalls
    set_fact:
      syscalls:
      - fremovexattr
      syscall_grouping:
      - fremovexattr
      - lremovexattr
      - removexattr
      - fsetxattr
      - lsetxattr
      - setxattr

  - name: Check existence of fremovexattr in /etc/audit/audit.rules
    find:
      paths: /etc/audit
      contains: -a always,exit -F arch=b64(( -S |,)\w+)*(( -S |,){{ item }})+(( -S
        |,)\w+)* -F auid&gt;=1000 -F auid!=unset (-k\s+|-F\s+key=)\S+\s*$
      patterns: audit.rules
    register: find_command
    loop: '{{ (syscall_grouping + syscalls) | unique }}'

  - name: Set path to /etc/audit/audit.rules
    set_fact: audit_file="/etc/audit/audit.rules"

  - name: Declare found syscalls
    set_fact: syscalls_found="{{ find_command.results | selectattr('matched') | map(attribute='item')
      | list }}"

  - name: Declare missing syscalls
    set_fact: missing_syscalls="{{ syscalls | difference(syscalls_found) }}"

  - name: Replace the audit rule in {{ audit_file }}
    lineinfile:
      path: '{{ audit_file }}'
      regexp: (-a always,exit -F arch=b64)(?=.*(?:(?:-S |,)(?:{{ syscalls_found |
        join("|") }}))\b)((?:( -S |,)\w+)+)( -F auid&gt;=1000 -F auid!=unset (?:-k |-F
        key=)\w+)
      line: \1\2\3{{ missing_syscalls | join("\3") }}\4
      backrefs: true
      state: present
      mode: g-rwx,o-rwx
    when: syscalls_found | length &gt; 0 and missing_syscalls | length &gt; 0

  - name: Add the audit rule to {{ audit_file }}
    lineinfile:
      path: '{{ audit_file }}'
      line: -a always,exit -F arch=b64 -S {{ syscalls | join(',') }} -F auid&gt;=1000
        -F auid!=unset -F key=perm_mod
      create: true
      mode: g-rwx,o-rwx
      state: present
    when: syscalls_found | length == 0
  when:
  - '"auditd" in ansible_facts.packages'
  - '"linux-base" in ansible_facts.packages'
  - audit_arch == "b64"
  tags:
  - CJIS-5.4.1.1
  - NIST-800-171-3.1.7
  - NIST-800-53-AU-12(c)
  - NIST-800-53-AU-2(d)
  - NIST-800-53-CM-6(a)
  - PCI-DSS-Req-10.5.5
  - PCI-DSSv4-10.3
  - PCI-DSSv4-10.3.4
  - audit_rules_dac_modification_fremovexattr
  - low_complexity
  - low_disruption
  - medium_severity
  - reboot_required
  - restrict_strategy
</fix>
          <fix xmlns:xhtml="http://www.w3.org/1999/xhtml" id="audit_rules_dac_modification_fremovexattr" system="urn:xccdf:fix:script:sh"># Remediation is applicable only in certain platforms
if dpkg-query --show --showformat='${db:Status-Status}
' 'linux-base' 2&gt;/dev/null | grep -q ^installed &amp;&amp; dpkg-query --show --showformat='${db:Status-Status}\n' 'auditd' 2&gt;/dev/null | grep -q '^installed'; then

# First perform the remediation of the syscall rule
# Retrieve hardware architecture of the underlying system
[ "$(getconf LONG_BIT)" = "32" ] &amp;&amp; RULE_ARCHS=("b32") || RULE_ARCHS=("b32" "b64")

for ARCH in "${RULE_ARCHS[@]}"
do
	ACTION_ARCH_FILTERS="-a always,exit -F arch=$ARCH"
	OTHER_FILTERS=""
	AUID_FILTERS="-F auid&gt;=1000 -F auid!=unset"
	SYSCALL="fremovexattr"
	KEY="perm_mod"
	SYSCALL_GROUPING="fremovexattr lremovexattr removexattr fsetxattr lsetxattr setxattr"

	# Perform the remediation for both possible tools: 'auditctl' and 'augenrules'
	unset syscall_a
unset syscall_grouping
unset syscall_string
unset syscall
unset file_to_edit
unset rule_to_edit
unset rule_syscalls_to_edit
unset other_string
unset auid_string
unset full_rule

# Load macro arguments into arrays
read -a syscall_a &lt;&lt;&lt; $SYSCALL
read -a syscall_grouping &lt;&lt;&lt; $SYSCALL_GROUPING

# Create a list of audit *.rules files that should be inspected for presence and correctness
# of a particular audit rule. The scheme is as follows:
#
# -----------------------------------------------------------------------------------------
#  Tool used to load audit rules | Rule already defined  |  Audit rules file to inspect    |
# -----------------------------------------------------------------------------------------
#        auditctl                |     Doesn't matter    |  /etc/audit/audit.rules         |
# -----------------------------------------------------------------------------------------
#        augenrules              |          Yes          |  /etc/audit/rules.d/*.rules     |
#        augenrules              |          No           |  /etc/audit/rules.d/$key.rules  |
# -----------------------------------------------------------------------------------------
#
files_to_inspect=()

# If audit tool is 'augenrules', then check if the audit rule is defined
# If rule is defined, add '/etc/audit/rules.d/*.rules' to the list for inspection
# If rule isn't defined yet, add '/etc/audit/rules.d/$key.rules' to the list for inspection
default_file="/etc/audit/rules.d/$KEY.rules"
# As other_filters may include paths, lets use a different delimiter for it
# The "F" script expression tells sed to print the filenames where the expressions matched
readarray -t files_to_inspect &lt; &lt;(sed -s -n -e "/^$ACTION_ARCH_FILTERS/!d" -e "\#$OTHER_FILTERS#!d" -e "/$AUID_FILTERS/!d" -e "F" /etc/audit/rules.d/*.rules)
# Case when particular rule isn't defined in /etc/audit/rules.d/*.rules yet
if [ ${#files_to_inspect[@]} -eq "0" ]
then
    file_to_inspect="/etc/audit/rules.d/$KEY.rules"
    files_to_inspect=("$file_to_inspect")
    if [ ! -e "$file_to_inspect" ]
    then
        touch "$file_to_inspect"
        chmod 0600 "$file_to_inspect"
    fi
fi

# After converting to jinja, we cannot return; therefore we skip the rest of the macro if needed instead
skip=1

for audit_file in "${files_to_inspect[@]}"
do
    # Filter existing $audit_file rules' definitions to select those that satisfy the rule pattern,
    # i.e, collect rules that match:
    # * the action, list and arch, (2-nd argument)
    # * the other filters, (3-rd argument)
    # * the auid filters, (4-rd argument)
    readarray -t similar_rules &lt; &lt;(sed -e "/^$ACTION_ARCH_FILTERS/!d"  -e "\#$OTHER_FILTERS#!d" -e "/$AUID_FILTERS/!d" "$audit_file")

    candidate_rules=()
    # Filter out rules that have more fields then required. This will remove rules more specific than the required scope
    for s_rule in "${similar_rules[@]}"
    do
        # Strip all the options and fields we know of,
        # than check if there was any field left over
        extra_fields=$(sed -E -e "s/^$ACTION_ARCH_FILTERS//"  -e "s#$OTHER_FILTERS##" -e "s/$AUID_FILTERS//" -e "s/((:?-S [[:alnum:],]+)+)//g" -e "s/-F key=\w+|-k \w+//"&lt;&lt;&lt; "$s_rule")
        grep -q -- "-F" &lt;&lt;&lt; "$extra_fields" || candidate_rules+=("$s_rule")
    done

    if [[ ${#syscall_a[@]} -ge 1 ]]
    then
        # Check if the syscall we want is present in any of the similar existing rules
        for rule in "${candidate_rules[@]}"
        do
            rule_syscalls=$(echo "$rule" | grep -o -P '(-S [\w,]+)+' | xargs)
            all_syscalls_found=0
            for syscall in "${syscall_a[@]}"
            do
                grep -q -- "\b${syscall}\b" &lt;&lt;&lt; "$rule_syscalls" || {
                   # A syscall was not found in the candidate rule
                   all_syscalls_found=1
                   }
            done
            if [[ $all_syscalls_found -eq 0 ]]
            then
                # We found a rule with all the syscall(s) we want; skip rest of macro
                skip=0
                break
            fi

            # Check if this rule can be grouped with our target syscall and keep track of it
            for syscall_g in "${syscall_grouping[@]}"
            do
                if grep -q -- "\b${syscall_g}\b" &lt;&lt;&lt; "$rule_syscalls"
                then
                    file_to_edit=${audit_file}
                    rule_to_edit=${rule}
                    rule_syscalls_to_edit=${rule_syscalls}
                fi
            done
        done
    else
        # If there is any candidate rule, it is compliant; skip rest of macro
        if [ "${#candidate_rules[@]}" -gt 0 ]
        then
            skip=0
        fi
    fi

    if [ "$skip" -eq 0 ]; then
        break
    fi
done

if [ "$skip" -ne 0 ]; then
    # We checked all rules that matched the expected resemblance pattern (action, arch &amp; auid)
    # At this point we know if we need to either append the $full_rule or group
    # the syscall together with an exsiting rule

    # Append the full_rule if it cannot be grouped to any other rule
    if [ -z ${rule_to_edit+x} ]
    then
        # Build full_rule while avoid adding double spaces when other_filters is empty
        if [ "${#syscall_a[@]}" -gt 0 ]
        then
            syscall_string=""
            for syscall in "${syscall_a[@]}"
            do
                syscall_string+=" -S $syscall"
            done
        fi
        other_string=$([[ $OTHER_FILTERS ]] &amp;&amp; echo " $OTHER_FILTERS") || /bin/true
        auid_string=$([[ $AUID_FILTERS ]] &amp;&amp; echo " $AUID_FILTERS") || /bin/true
        full_rule="$ACTION_ARCH_FILTERS${syscall_string}${other_string}${auid_string} -F key=$KEY" || /bin/true
        echo "$full_rule" &gt;&gt; "$default_file"
        chmod 0600 ${default_file}
    else
        # Check if the syscalls are declared as a comma separated list or
        # as multiple -S parameters
        if grep -q -- "," &lt;&lt;&lt; "${rule_syscalls_to_edit}"
        then
            delimiter=","
        else
            delimiter=" -S "
        fi
        new_grouped_syscalls="${rule_syscalls_to_edit}"
        for syscall in "${syscall_a[@]}"
        do
            grep -q -- "\b${syscall}\b" &lt;&lt;&lt; "${rule_syscalls_to_edit}" || {
               # A syscall was not found in the candidate rule
               new_grouped_syscalls+="${delimiter}${syscall}"
               }
        done

        # Group the syscall in the rule
        sed -i -e "\#${rule_to_edit}#s#${rule_syscalls_to_edit}#${new_grouped_syscalls}#" "$file_to_edit"
    fi
fi
	unset syscall_a
unset syscall_grouping
unset syscall_string
unset syscall
unset file_to_edit
unset rule_to_edit
unset rule_syscalls_to_edit
unset other_string
unset auid_string
unset full_rule

# Load macro arguments into arrays
read -a syscall_a &lt;&lt;&lt; $SYSCALL
read -a syscall_grouping &lt;&lt;&lt; $SYSCALL_GROUPING

# Create a list of audit *.rules files that should be inspected for presence and correctness
# of a particular audit rule. The scheme is as follows:
#
# -----------------------------------------------------------------------------------------
#  Tool used to load audit rules | Rule already defined  |  Audit rules file to inspect    |
# -----------------------------------------------------------------------------------------
#        auditctl                |     Doesn't matter    |  /etc/audit/audit.rules         |
# -----------------------------------------------------------------------------------------
#        augenrules              |          Yes          |  /etc/audit/rules.d/*.rules     |
#        augenrules              |          No           |  /etc/audit/rules.d/$key.rules  |
# -----------------------------------------------------------------------------------------
#
files_to_inspect=()


# If audit tool is 'auditctl', then add '/etc/audit/audit.rules'
# file to the list of files to be inspected
default_file="/etc/audit/audit.rules"
files_to_inspect+=('/etc/audit/audit.rules' )

# After converting to jinja, we cannot return; therefore we skip the rest of the macro if needed instead
skip=1

for audit_file in "${files_to_inspect[@]}"
do
    # Filter existing $audit_file rules' definitions to select those that satisfy the rule pattern,
    # i.e, collect rules that match:
    # * the action, list and arch, (2-nd argument)
    # * the other filters, (3-rd argument)
    # * the auid filters, (4-rd argument)
    readarray -t similar_rules &lt; &lt;(sed -e "/^$ACTION_ARCH_FILTERS/!d"  -e "\#$OTHER_FILTERS#!d" -e "/$AUID_FILTERS/!d" "$audit_file")

    candidate_rules=()
    # Filter out rules that have more fields then required. This will remove rules more specific than the required scope
    for s_rule in "${similar_rules[@]}"
    do
        # Strip all the options and fields we know of,
        # than check if there was any field left over
        extra_fields=$(sed -E -e "s/^$ACTION_ARCH_FILTERS//"  -e "s#$OTHER_FILTERS##" -e "s/$AUID_FILTERS//" -e "s/((:?-S [[:alnum:],]+)+)//g" -e "s/-F key=\w+|-k \w+//"&lt;&lt;&lt; "$s_rule")
        grep -q -- "-F" &lt;&lt;&lt; "$extra_fields" || candidate_rules+=("$s_rule")
    done

    if [[ ${#syscall_a[@]} -ge 1 ]]
    then
        # Check if the syscall we want is present in any of the similar existing rules
        for rule in "${candidate_rules[@]}"
        do
            rule_syscalls=$(echo "$rule" | grep -o -P '(-S [\w,]+)+' | xargs)
            all_syscalls_found=0
            for syscall in "${syscall_a[@]}"
            do
                grep -q -- "\b${syscall}\b" &lt;&lt;&lt; "$rule_syscalls" || {
                   # A syscall was not found in the candidate rule
                   all_syscalls_found=1
                   }
            done
            if [[ $all_syscalls_found -eq 0 ]]
            then
                # We found a rule with all the syscall(s) we want; skip rest of macro
                skip=0
                break
            fi

            # Check if this rule can be grouped with our target syscall and keep track of it
            for syscall_g in "${syscall_grouping[@]}"
            do
                if grep -q -- "\b${syscall_g}\b" &lt;&lt;&lt; "$rule_syscalls"
                then
                    file_to_edit=${audit_file}
                    rule_to_edit=${rule}
                    rule_syscalls_to_edit=${rule_syscalls}
                fi
            done
        done
    else
        # If there is any candidate rule, it is compliant; skip rest of macro
        if [ "${#candidate_rules[@]}" -gt 0 ]
        then
            skip=0
        fi
    fi

    if [ "$skip" -eq 0 ]; then
        break
    fi
done

if [ "$skip" -ne 0 ]; then
    # We checked all rules that matched the expected resemblance pattern (action, arch &amp; auid)
    # At this point we know if we need to either append the $full_rule or group
    # the syscall together with an exsiting rule

    # Append the full_rule if it cannot be grouped to any other rule
    if [ -z ${rule_to_edit+x} ]
    then
        # Build full_rule while avoid adding double spaces when other_filters is empty
        if [ "${#syscall_a[@]}" -gt 0 ]
        then
            syscall_string=""
            for syscall in "${syscall_a[@]}"
            do
                syscall_string+=" -S $syscall"
            done
        fi
        other_string=$([[ $OTHER_FILTERS ]] &amp;&amp; echo " $OTHER_FILTERS") || /bin/true
        auid_string=$([[ $AUID_FILTERS ]] &amp;&amp; echo " $AUID_FILTERS") || /bin/true
        full_rule="$ACTION_ARCH_FILTERS${syscall_string}${other_string}${auid_string} -F key=$KEY" || /bin/true
        echo "$full_rule" &gt;&gt; "$default_file"
        chmod 0600 ${default_file}
    else
        # Check if the syscalls are declared as a comma separated list or
        # as multiple -S parameters
        if grep -q -- "," &lt;&lt;&lt; "${rule_syscalls_to_edit}"
        then
            delimiter=","
        else
            delimiter=" -S "
        fi
        new_grouped_syscalls="${rule_syscalls_to_edit}"
        for syscall in "${syscall_a[@]}"
        do
            grep -q -- "\b${syscall}\b" &lt;&lt;&lt; "${rule_syscalls_to_edit}" || {
               # A syscall was not found in the candidate rule
               new_grouped_syscalls+="${delimiter}${syscall}"
               }
        done

        # Group the syscall in the rule
        sed -i -e "\#${rule_to_edit}#s#${rule_syscalls_to_edit}#${new_grouped_syscalls}#" "$file_to_edit"
    fi
fi
done

else
    &gt;&amp;2 echo 'Remediation is not applicable, nothing was done'
fi
</fix>
          <check system="http://oval.mitre.org/XMLSchema/oval-definitions-5">
            <check-content-ref name="oval:ssg-audit_rules_dac_modification_fremovexattr:def:1" href="ssg-ubuntu2404-oval.xml"/>
          </check>
          <check system="http://scap.nist.gov/schema/ocil/2">
            <check-content-ref name="ocil:ssg-audit_rules_dac_modification_fremovexattr_ocil:questionnaire:1" href="ssg-ubuntu2404-ocil.xml"/>
          </check>
        </Rule>
        <Rule id="xccdf_org.ssgproject.content_rule_audit_rules_dac_modification_fsetxattr" selected="false" role="full" severity="medium">
          <title xmlns:xhtml="http://www.w3.org/1999/xhtml" xml:lang="en-US">Record Events that Modify the System's Discretionary Access Controls - fsetxattr</title>
          <description xmlns:xhtml="http://www.w3.org/1999/xhtml" xml:lang="en-US">At a minimum, the audit system should collect file permission
changes for all users and root. If the <html:code xmlns:html="http://www.w3.org/1999/xhtml">auditd</html:code> daemon is configured
to use the <html:code xmlns:html="http://www.w3.org/1999/xhtml">augenrules</html:code> program to read audit rules during daemon
startup (the default), add the following line to a file with suffix
<html:code xmlns:html="http://www.w3.org/1999/xhtml">.rules</html:code> in the directory <html:code xmlns:html="http://www.w3.org/1999/xhtml">/etc/audit/rules.d</html:code>:
<html:pre xmlns:html="http://www.w3.org/1999/xhtml">-a always,exit -F arch=b32 -S fsetxattr -F auid&gt;=1000 -F auid!=unset -F key=perm_mod</html:pre>
        <html:pre xmlns:html="http://www.w3.org/1999/xhtml">-a always,exit -F arch=b32 -S fsetxattr -F auid=0 -F key=perm_mod</html:pre>
If the system is 64 bit then also add the following line:
<html:pre xmlns:html="http://www.w3.org/1999/xhtml">-a always,exit -F arch=b64 -S fsetxattr -F auid&gt;=1000 -F auid!=unset -F key=perm_mod</html:pre>
        <html:pre xmlns:html="http://www.w3.org/1999/xhtml">-a always,exit -F arch=b64 -S fsetxattr -F auid=0 -F key=perm_mod</html:pre>
If the <html:code xmlns:html="http://www.w3.org/1999/xhtml">auditd</html:code> daemon is configured to use the <html:code xmlns:html="http://www.w3.org/1999/xhtml">auditctl</html:code>
utility to read audit rules during daemon startup, add the following line to
<html:code xmlns:html="http://www.w3.org/1999/xhtml">/etc/audit/audit.rules</html:code> file:
<html:pre xmlns:html="http://www.w3.org/1999/xhtml">-a always,exit -F arch=b32 -S fsetxattr -F auid&gt;=1000 -F auid!=unset -F key=perm_mod</html:pre>
        <html:pre xmlns:html="http://www.w3.org/1999/xhtml">-a always,exit -F arch=b32 -S fsetxattr -F auid=0 -F key=perm_mod</html:pre>
If the system is 64 bit then also add the following line:
<html:pre xmlns:html="http://www.w3.org/1999/xhtml">-a always,exit -F arch=b64 -S fsetxattr -F auid&gt;=1000 -F auid!=unset -F key=perm_mod</html:pre>
        <html:pre xmlns:html="http://www.w3.org/1999/xhtml">-a always,exit -F arch=b64 -S fsetxattr -F auid=0 -F key=perm_mod</html:pre>
       </description>
          <warning xmlns:xhtml="http://www.w3.org/1999/xhtml" xml:lang="en-US" category="general">Note that these rules can be configured in a
number of ways while still achieving the desired effect. Here the system calls
have been placed independent of other system calls. Grouping these system
calls with others as identifying earlier in this guide is more efficient.</warning>
          <reference href="https://www.cisecurity.org/controls/">1</reference>
          <reference href="https://www.cisecurity.org/controls/">11</reference>
          <reference href="https://www.cisecurity.org/controls/">12</reference>
          <reference href="https://www.cisecurity.org/controls/">13</reference>
          <reference href="https://www.cisecurity.org/controls/">14</reference>
          <reference href="https://www.cisecurity.org/controls/">15</reference>
          <reference href="https://www.cisecurity.org/controls/">16</reference>
          <reference href="https://www.cisecurity.org/controls/">19</reference>
          <reference href="https://www.cisecurity.org/controls/">2</reference>
          <reference href="https://www.cisecurity.org/controls/">3</reference>
          <reference href="https://www.cisecurity.org/controls/">4</reference>
          <reference href="https://www.cisecurity.org/controls/">5</reference>
          <reference href="https://www.cisecurity.org/controls/">6</reference>
          <reference href="https://www.cisecurity.org/controls/">7</reference>
          <reference href="https://www.cisecurity.org/controls/">8</reference>
          <reference href="https://www.cisecurity.org/controls/">9</reference>
          <reference href="https://www.fbi.gov/file-repository/cjis-security-policy-v5_5_20160601-2-1.pdf">5.4.1.1</reference>
          <reference href="https://www.isaca.org/resources/cobit">APO10.01</reference>
          <reference href="https://www.isaca.org/resources/cobit">APO10.03</reference>
          <reference href="https://www.isaca.org/resources/cobit">APO10.04</reference>
          <reference href="https://www.isaca.org/resources/cobit">APO10.05</reference>
          <reference href="https://www.isaca.org/resources/cobit">APO11.04</reference>
          <reference href="https://www.isaca.org/resources/cobit">APO12.06</reference>
          <reference href="https://www.isaca.org/resources/cobit">APO13.01</reference>
          <reference href="https://www.isaca.org/resources/cobit">BAI03.05</reference>
          <reference href="https://www.isaca.org/resources/cobit">BAI08.02</reference>
          <reference href="https://www.isaca.org/resources/cobit">DSS01.03</reference>
          <reference href="https://www.isaca.org/resources/cobit">DSS01.04</reference>
          <reference href="https://www.isaca.org/resources/cobit">DSS02.02</reference>
          <reference href="https://www.isaca.org/resources/cobit">DSS02.04</reference>
          <reference href="https://www.isaca.org/resources/cobit">DSS02.07</reference>
          <reference href="https://www.isaca.org/resources/cobit">DSS03.01</reference>
          <reference href="https://www.isaca.org/resources/cobit">DSS03.05</reference>
          <reference href="https://www.isaca.org/resources/cobit">DSS05.02</reference>
          <reference href="https://www.isaca.org/resources/cobit">DSS05.03</reference>
          <reference href="https://www.isaca.org/resources/cobit">DSS05.04</reference>
          <reference href="https://www.isaca.org/resources/cobit">DSS05.05</reference>
          <reference href="https://www.isaca.org/resources/cobit">DSS05.07</reference>
          <reference href="https://www.isaca.org/resources/cobit">MEA01.01</reference>
          <reference href="https://www.isaca.org/resources/cobit">MEA01.02</reference>
          <reference href="https://www.isaca.org/resources/cobit">MEA01.03</reference>
          <reference href="https://www.isaca.org/resources/cobit">MEA01.04</reference>
          <reference href="https://www.isaca.org/resources/cobit">MEA01.05</reference>
          <reference href="https://www.isaca.org/resources/cobit">MEA02.01</reference>
          <reference href="http://nvlpubs.nist.gov/nistpubs/SpecialPublications/NIST.SP.800-171.pdf">3.1.7</reference>
          <reference href="https://public.cyber.mil/stigs/cci/">CCI-000172</reference>
          <reference href="https://public.cyber.mil/stigs/cci/">CCI-000130</reference>
          <reference href="https://public.cyber.mil/stigs/cci/">CCI-000135</reference>
          <reference href="https://public.cyber.mil/stigs/cci/">CCI-000169</reference>
          <reference href="https://public.cyber.mil/stigs/cci/">CCI-002884</reference>
          <reference href="https://www.gpo.gov/fdsys/pkg/CFR-2007-title45-vol1/pdf/CFR-2007-title45-vol1-chapA-subchapC.pdf">164.308(a)(1)(ii)(D)</reference>
          <reference href="https://www.gpo.gov/fdsys/pkg/CFR-2007-title45-vol1/pdf/CFR-2007-title45-vol1-chapA-subchapC.pdf">164.308(a)(3)(ii)(A)</reference>
          <reference href="https://www.gpo.gov/fdsys/pkg/CFR-2007-title45-vol1/pdf/CFR-2007-title45-vol1-chapA-subchapC.pdf">164.308(a)(5)(ii)(C)</reference>
          <reference href="https://www.gpo.gov/fdsys/pkg/CFR-2007-title45-vol1/pdf/CFR-2007-title45-vol1-chapA-subchapC.pdf">164.312(a)(2)(i)</reference>
          <reference href="https://www.gpo.gov/fdsys/pkg/CFR-2007-title45-vol1/pdf/CFR-2007-title45-vol1-chapA-subchapC.pdf">164.312(b)</reference>
          <reference href="https://www.gpo.gov/fdsys/pkg/CFR-2007-title45-vol1/pdf/CFR-2007-title45-vol1-chapA-subchapC.pdf">164.312(d)</reference>
          <reference href="https://www.gpo.gov/fdsys/pkg/CFR-2007-title45-vol1/pdf/CFR-2007-title45-vol1-chapA-subchapC.pdf">164.312(e)</reference>
          <reference href="https://www.isa.org/products/isa-62443-2-1-2009-security-for-industrial-automat">4.2.3.10</reference>
          <reference href="https://www.isa.org/products/isa-62443-2-1-2009-security-for-industrial-automat">4.3.2.6.7</reference>
          <reference href="https://www.isa.org/products/isa-62443-2-1-2009-security-for-industrial-automat">4.3.3.3.9</reference>
          <reference href="https://www.isa.org/products/isa-62443-2-1-2009-security-for-industrial-automat">4.3.3.5.8</reference>
          <reference href="https://www.isa.org/products/isa-62443-2-1-2009-security-for-industrial-automat">4.3.3.6.6</reference>
          <reference href="https://www.isa.org/products/isa-62443-2-1-2009-security-for-industrial-automat">4.3.4.4.7</reference>
          <reference href="https://www.isa.org/products/isa-62443-2-1-2009-security-for-industrial-automat">4.3.4.5.6</reference>
          <reference href="https://www.isa.org/products/isa-62443-2-1-2009-security-for-industrial-automat">4.3.4.5.7</reference>
          <reference href="https://www.isa.org/products/isa-62443-2-1-2009-security-for-industrial-automat">4.3.4.5.8</reference>
          <reference href="https://www.isa.org/products/isa-62443-2-1-2009-security-for-industrial-automat">4.4.2.1</reference>
          <reference href="https://www.isa.org/products/isa-62443-2-1-2009-security-for-industrial-automat">4.4.2.2</reference>
          <reference href="https://www.isa.org/products/isa-62443-2-1-2009-security-for-industrial-automat">4.4.2.4</reference>
          <reference href="https://www.isa.org/products/ansi-isa-62443-3-3-99-03-03-2013-security-for-indu">SR 1.13</reference>
          <reference href="https://www.isa.org/products/ansi-isa-62443-3-3-99-03-03-2013-security-for-indu">SR 2.10</reference>
          <reference href="https://www.isa.org/products/ansi-isa-62443-3-3-99-03-03-2013-security-for-indu">SR 2.11</reference>
          <reference href="https://www.isa.org/products/ansi-isa-62443-3-3-99-03-03-2013-security-for-indu">SR 2.12</reference>
          <reference href="https://www.isa.org/products/ansi-isa-62443-3-3-99-03-03-2013-security-for-indu">SR 2.6</reference>
          <reference href="https://www.isa.org/products/ansi-isa-62443-3-3-99-03-03-2013-security-for-indu">SR 2.8</reference>
          <reference href="https://www.isa.org/products/ansi-isa-62443-3-3-99-03-03-2013-security-for-indu">SR 2.9</reference>
          <reference href="https://www.isa.org/products/ansi-isa-62443-3-3-99-03-03-2013-security-for-indu">SR 3.1</reference>
          <reference href="https://www.isa.org/products/ansi-isa-62443-3-3-99-03-03-2013-security-for-indu">SR 3.5</reference>
          <reference href="https://www.isa.org/products/ansi-isa-62443-3-3-99-03-03-2013-security-for-indu">SR 3.8</reference>
          <reference href="https://www.isa.org/products/ansi-isa-62443-3-3-99-03-03-2013-security-for-indu">SR 4.1</reference>
          <reference href="https://www.isa.org/products/ansi-isa-62443-3-3-99-03-03-2013-security-for-indu">SR 4.3</reference>
          <reference href="https://www.isa.org/products/ansi-isa-62443-3-3-99-03-03-2013-security-for-indu">SR 5.1</reference>
          <reference href="https://www.isa.org/products/ansi-isa-62443-3-3-99-03-03-2013-security-for-indu">SR 5.2</reference>
          <reference href="https://www.isa.org/products/ansi-isa-62443-3-3-99-03-03-2013-security-for-indu">SR 5.3</reference>
          <reference href="https://www.isa.org/products/ansi-isa-62443-3-3-99-03-03-2013-security-for-indu">SR 6.1</reference>
          <reference href="https://www.isa.org/products/ansi-isa-62443-3-3-99-03-03-2013-security-for-indu">SR 6.2</reference>
          <reference href="https://www.isa.org/products/ansi-isa-62443-3-3-99-03-03-2013-security-for-indu">SR 7.1</reference>
          <reference href="https://www.isa.org/products/ansi-isa-62443-3-3-99-03-03-2013-security-for-indu">SR 7.6</reference>
          <reference href="https://www.iso.org/contents/data/standard/05/45/54534.html">A.11.2.6</reference>
          <reference href="https://www.iso.org/contents/data/standard/05/45/54534.html">A.12.4.1</reference>
          <reference href="https://www.iso.org/contents/data/standard/05/45/54534.html">A.12.4.2</reference>
          <reference href="https://www.iso.org/contents/data/standard/05/45/54534.html">A.12.4.3</reference>
          <reference href="https://www.iso.org/contents/data/standard/05/45/54534.html">A.12.4.4</reference>
          <reference href="https://www.iso.org/contents/data/standard/05/45/54534.html">A.12.7.1</reference>
          <reference href="https://www.iso.org/contents/data/standard/05/45/54534.html">A.13.1.1</reference>
          <reference href="https://www.iso.org/contents/data/standard/05/45/54534.html">A.13.2.1</reference>
          <reference href="https://www.iso.org/contents/data/standard/05/45/54534.html">A.14.1.3</reference>
          <reference href="https://www.iso.org/contents/data/standard/05/45/54534.html">A.14.2.7</reference>
          <reference href="https://www.iso.org/contents/data/standard/05/45/54534.html">A.15.2.1</reference>
          <reference href="https://www.iso.org/contents/data/standard/05/45/54534.html">A.15.2.2</reference>
          <reference href="https://www.iso.org/contents/data/standard/05/45/54534.html">A.16.1.4</reference>
          <reference href="https://www.iso.org/contents/data/standard/05/45/54534.html">A.16.1.5</reference>
          <reference href="https://www.iso.org/contents/data/standard/05/45/54534.html">A.16.1.7</reference>
          <reference href="https://www.iso.org/contents/data/standard/05/45/54534.html">A.6.2.1</reference>
          <reference href="https://www.iso.org/contents/data/standard/05/45/54534.html">A.6.2.2</reference>
          <reference href="http://nvlpubs.nist.gov/nistpubs/SpecialPublications/NIST.SP.800-53r4.pdf">AU-2(d)</reference>
          <reference href="http://nvlpubs.nist.gov/nistpubs/SpecialPublications/NIST.SP.800-53r4.pdf">AU-12(c)</reference>
          <reference href="http://nvlpubs.nist.gov/nistpubs/SpecialPublications/NIST.SP.800-53r4.pdf">CM-6(a)</reference>
          <reference href="https://nvlpubs.nist.gov/nistpubs/CSWP/NIST.CSWP.04162018.pdf">DE.AE-3</reference>
          <reference href="https://nvlpubs.nist.gov/nistpubs/CSWP/NIST.CSWP.04162018.pdf">DE.AE-5</reference>
          <reference href="https://nvlpubs.nist.gov/nistpubs/CSWP/NIST.CSWP.04162018.pdf">DE.CM-1</reference>
          <reference href="https://nvlpubs.nist.gov/nistpubs/CSWP/NIST.CSWP.04162018.pdf">DE.CM-3</reference>
          <reference href="https://nvlpubs.nist.gov/nistpubs/CSWP/NIST.CSWP.04162018.pdf">DE.CM-7</reference>
          <reference href="https://nvlpubs.nist.gov/nistpubs/CSWP/NIST.CSWP.04162018.pdf">ID.SC-4</reference>
          <reference href="https://nvlpubs.nist.gov/nistpubs/CSWP/NIST.CSWP.04162018.pdf">PR.AC-3</reference>
          <reference href="https://nvlpubs.nist.gov/nistpubs/CSWP/NIST.CSWP.04162018.pdf">PR.PT-1</reference>
          <reference href="https://nvlpubs.nist.gov/nistpubs/CSWP/NIST.CSWP.04162018.pdf">PR.PT-4</reference>
          <reference href="https://nvlpubs.nist.gov/nistpubs/CSWP/NIST.CSWP.04162018.pdf">RS.AN-1</reference>
          <reference href="https://nvlpubs.nist.gov/nistpubs/CSWP/NIST.CSWP.04162018.pdf">RS.AN-4</reference>
          <reference href="https://www.pcisecuritystandards.org/documents/PCI_DSS_v3-2-1.pdf">Req-10.5.5</reference>
          <reference href="https://public.cyber.mil/stigs/downloads/?_dl_facet_stigs=operating-systems%2Cgeneral-purpose-os">SRG-OS-000037-GPOS-00015</reference>
          <reference href="https://public.cyber.mil/stigs/downloads/?_dl_facet_stigs=operating-systems%2Cgeneral-purpose-os">SRG-OS-000042-GPOS-00020</reference>
          <reference href="https://public.cyber.mil/stigs/downloads/?_dl_facet_stigs=operating-systems%2Cgeneral-purpose-os">SRG-OS-000062-GPOS-00031</reference>
          <reference href="https://public.cyber.mil/stigs/downloads/?_dl_facet_stigs=operating-systems%2Cgeneral-purpose-os">SRG-OS-000392-GPOS-00172</reference>
          <reference href="https://public.cyber.mil/stigs/downloads/?_dl_facet_stigs=operating-systems%2Cgeneral-purpose-os">SRG-OS-000458-GPOS-00203</reference>
          <reference href="https://public.cyber.mil/stigs/downloads/?_dl_facet_stigs=operating-systems%2Cgeneral-purpose-os">SRG-OS-000462-GPOS-00206</reference>
          <reference href="https://public.cyber.mil/stigs/downloads/?_dl_facet_stigs=operating-systems%2Cgeneral-purpose-os">SRG-OS-000463-GPOS-00207</reference>
          <reference href="https://public.cyber.mil/stigs/downloads/?_dl_facet_stigs=operating-systems%2Cgeneral-purpose-os">SRG-OS-000466-GPOS-00210</reference>
          <reference href="https://public.cyber.mil/stigs/downloads/?_dl_facet_stigs=operating-systems%2Cgeneral-purpose-os">SRG-OS-000468-GPOS-00212</reference>
          <reference href="https://public.cyber.mil/stigs/downloads/?_dl_facet_stigs=operating-systems%2Cgeneral-purpose-os">SRG-OS-000471-GPOS-00215</reference>
          <reference href="https://public.cyber.mil/stigs/downloads/?_dl_facet_stigs=operating-systems%2Cgeneral-purpose-os">SRG-OS-000474-GPOS-00219</reference>
          <reference href="https://public.cyber.mil/stigs/downloads/?_dl_facet_stigs=operating-systems%2Cgeneral-purpose-os">SRG-OS-000064-GPOS-00033</reference>
          <reference href="https://public.cyber.mil/stigs/downloads/?_dl_facet_stigs=container-platform">SRG-APP-000091-CTR-000160</reference>
          <reference href="https://public.cyber.mil/stigs/downloads/?_dl_facet_stigs=container-platform">SRG-APP-000492-CTR-001220</reference>
          <reference href="https://public.cyber.mil/stigs/downloads/?_dl_facet_stigs=container-platform">SRG-APP-000493-CTR-001225</reference>
          <reference href="https://public.cyber.mil/stigs/downloads/?_dl_facet_stigs=container-platform">SRG-APP-000494-CTR-001230</reference>
          <reference href="https://public.cyber.mil/stigs/downloads/?_dl_facet_stigs=container-platform">SRG-APP-000500-CTR-001260</reference>
          <reference href="https://public.cyber.mil/stigs/downloads/?_dl_facet_stigs=container-platform">SRG-APP-000507-CTR-001295</reference>
          <reference href="https://public.cyber.mil/stigs/downloads/?_dl_facet_stigs=container-platform">SRG-APP-000495-CTR-001235</reference>
          <reference href="https://public.cyber.mil/stigs/downloads/?_dl_facet_stigs=container-platform">SRG-APP-000496-CTR-001240</reference>
          <reference href="https://public.cyber.mil/stigs/downloads/?_dl_facet_stigs=container-platform">SRG-APP-000497-CTR-001245</reference>
          <reference href="https://public.cyber.mil/stigs/downloads/?_dl_facet_stigs=container-platform">SRG-APP-000498-CTR-001250</reference>
          <reference href="https://public.cyber.mil/stigs/downloads/?_dl_facet_stigs=container-platform">SRG-APP-000501-CTR-001265</reference>
          <reference href="https://public.cyber.mil/stigs/downloads/?_dl_facet_stigs=container-platform">SRG-APP-000502-CTR-001270</reference>
          <reference href="https://cyber.gouv.fr/sites/default/files/document/linux_configuration-en-v2.pdf">R73</reference>
          <reference href="https://www.cisecurity.org/benchmark/ubuntu_linux/">6.2.3.9</reference>
          <reference href="https://docs-prv.pcisecuritystandards.org/PCI%20DSS/Standard/PCI-DSS-v4_0.pdf">10.3.4</reference>
          <reference href="https://docs-prv.pcisecuritystandards.org/PCI%20DSS/Standard/PCI-DSS-v4_0.pdf">10.3</reference>
          <rationale xmlns:xhtml="http://www.w3.org/1999/xhtml" xml:lang="en-US">The changing of file permissions could indicate that a user is attempting to
gain access to information that would otherwise be disallowed. Auditing DAC modifications
can facilitate the identification of patterns of abuse among both authorized and
unauthorized users.</rationale>
          <fix xmlns:xhtml="http://www.w3.org/1999/xhtml" id="audit_rules_dac_modification_fsetxattr" system="urn:xccdf:fix:script:ansible" reboot="true" complexity="low" disruption="low" strategy="restrict">- name: Gather the package facts
  package_facts:
    manager: auto
  tags:
  - CJIS-5.4.1.1
  - NIST-800-171-3.1.7
  - NIST-800-53-AU-12(c)
  - NIST-800-53-AU-2(d)
  - NIST-800-53-CM-6(a)
  - PCI-DSS-Req-10.5.5
  - PCI-DSSv4-10.3
  - PCI-DSSv4-10.3.4
  - audit_rules_dac_modification_fsetxattr
  - low_complexity
  - low_disruption
  - medium_severity
  - reboot_required
  - restrict_strategy

- name: Set architecture for audit fsetxattr tasks
  set_fact:
    audit_arch: b64
  when:
  - '"auditd" in ansible_facts.packages'
  - '"linux-base" in ansible_facts.packages'
  - ansible_architecture == "aarch64" or ansible_architecture == "ppc64" or ansible_architecture
    == "ppc64le" or ansible_architecture == "s390x" or ansible_architecture == "x86_64"
  tags:
  - CJIS-5.4.1.1
  - NIST-800-171-3.1.7
  - NIST-800-53-AU-12(c)
  - NIST-800-53-AU-2(d)
  - NIST-800-53-CM-6(a)
  - PCI-DSS-Req-10.5.5
  - PCI-DSSv4-10.3
  - PCI-DSSv4-10.3.4
  - audit_rules_dac_modification_fsetxattr
  - low_complexity
  - low_disruption
  - medium_severity
  - reboot_required
  - restrict_strategy

- name: Perform remediation of Audit rules for fsetxattr for 32bit platform
  block:

  - name: Declare list of syscalls
    set_fact:
      syscalls:
      - fsetxattr
      syscall_grouping:
      - fremovexattr
      - lremovexattr
      - removexattr
      - fsetxattr
      - lsetxattr
      - setxattr

  - name: Check existence of fsetxattr in /etc/audit/rules.d/
    find:
      paths: /etc/audit/rules.d
      contains: -a always,exit -F arch=b32(( -S |,)\w+)*(( -S |,){{ item }})+(( -S
        |,)\w+)* -F auid&gt;=1000 -F auid!=unset (-k\s+|-F\s+key=)\S+\s*$
      patterns: '*.rules'
    register: find_command
    loop: '{{ (syscall_grouping + syscalls) | unique }}'

  - name: Reset syscalls found per file
    set_fact:
      syscalls_per_file: {}
      found_paths_dict: {}

  - name: Declare syscalls found per file
    set_fact: syscalls_per_file="{{ syscalls_per_file | combine( {item.files[0].path
      :[item.item] + syscalls_per_file.get(item.files[0].path, []) } ) }}"
    loop: '{{ find_command.results | selectattr(''matched'') | list }}'

  - name: Declare files where syscalls were found
    set_fact: found_paths="{{ find_command.results | map(attribute='files') | flatten
      | map(attribute='path') | list }}"

  - name: Count occurrences of syscalls in paths
    set_fact: found_paths_dict="{{ found_paths_dict | combine({ item:1+found_paths_dict.get(item,
      0) }) }}"
    loop: '{{ find_command.results | map(attribute=''files'') | flatten | map(attribute=''path'')
      | list }}'

  - name: Get path with most syscalls
    set_fact: audit_file="{{ (found_paths_dict | dict2items() | sort(attribute='value')
      | last).key }}"
    when: found_paths | length &gt;= 1

  - name: No file with syscall found, set path to /etc/audit/rules.d/perm_mod.rules
    set_fact: audit_file="/etc/audit/rules.d/perm_mod.rules"
    when: found_paths | length == 0

  - name: Declare found syscalls
    set_fact: syscalls_found="{{ find_command.results | selectattr('matched') | map(attribute='item')
      | list }}"

  - name: Declare missing syscalls
    set_fact: missing_syscalls="{{ syscalls | difference(syscalls_found) }}"

  - name: Replace the audit rule in {{ audit_file }}
    lineinfile:
      path: '{{ audit_file }}'
      regexp: (-a always,exit -F arch=b32)(?=.*(?:(?:-S |,)(?:{{ syscalls_per_file[audit_file]
        | join("|") }}))\b)((?:( -S |,)\w+)+)( -F auid&gt;=1000 -F auid!=unset (?:-k
        |-F key=)\w+)
      line: \1\2\3{{ missing_syscalls | join("\3") }}\4
      backrefs: true
      state: present
      mode: g-rwx,o-rwx
    when: syscalls_found | length &gt; 0 and missing_syscalls | length &gt; 0

  - name: Add the audit rule to {{ audit_file }}
    lineinfile:
      path: '{{ audit_file }}'
      line: -a always,exit -F arch=b32 -S {{ syscalls | join(',') }} -F auid&gt;=1000
        -F auid!=unset -F key=perm_mod
      create: true
      mode: g-rwx,o-rwx
      state: present
    when: syscalls_found | length == 0

  - name: Declare list of syscalls
    set_fact:
      syscalls:
      - fsetxattr
      syscall_grouping:
      - fremovexattr
      - lremovexattr
      - removexattr
      - fsetxattr
      - lsetxattr
      - setxattr

  - name: Check existence of fsetxattr in /etc/audit/audit.rules
    find:
      paths: /etc/audit
      contains: -a always,exit -F arch=b32(( -S |,)\w+)*(( -S |,){{ item }})+(( -S
        |,)\w+)* -F auid&gt;=1000 -F auid!=unset (-k\s+|-F\s+key=)\S+\s*$
      patterns: audit.rules
    register: find_command
    loop: '{{ (syscall_grouping + syscalls) | unique }}'

  - name: Set path to /etc/audit/audit.rules
    set_fact: audit_file="/etc/audit/audit.rules"

  - name: Declare found syscalls
    set_fact: syscalls_found="{{ find_command.results | selectattr('matched') | map(attribute='item')
      | list }}"

  - name: Declare missing syscalls
    set_fact: missing_syscalls="{{ syscalls | difference(syscalls_found) }}"

  - name: Replace the audit rule in {{ audit_file }}
    lineinfile:
      path: '{{ audit_file }}'
      regexp: (-a always,exit -F arch=b32)(?=.*(?:(?:-S |,)(?:{{ syscalls_found |
        join("|") }}))\b)((?:( -S |,)\w+)+)( -F auid&gt;=1000 -F auid!=unset (?:-k |-F
        key=)\w+)
      line: \1\2\3{{ missing_syscalls | join("\3") }}\4
      backrefs: true
      state: present
      mode: g-rwx,o-rwx
    when: syscalls_found | length &gt; 0 and missing_syscalls | length &gt; 0

  - name: Add the audit rule to {{ audit_file }}
    lineinfile:
      path: '{{ audit_file }}'
      line: -a always,exit -F arch=b32 -S {{ syscalls | join(',') }} -F auid&gt;=1000
        -F auid!=unset -F key=perm_mod
      create: true
      mode: g-rwx,o-rwx
      state: present
    when: syscalls_found | length == 0
  when:
  - '"auditd" in ansible_facts.packages'
  - '"linux-base" in ansible_facts.packages'
  tags:
  - CJIS-5.4.1.1
  - NIST-800-171-3.1.7
  - NIST-800-53-AU-12(c)
  - NIST-800-53-AU-2(d)
  - NIST-800-53-CM-6(a)
  - PCI-DSS-Req-10.5.5
  - PCI-DSSv4-10.3
  - PCI-DSSv4-10.3.4
  - audit_rules_dac_modification_fsetxattr
  - low_complexity
  - low_disruption
  - medium_severity
  - reboot_required
  - restrict_strategy

- name: Perform remediation of Audit rules for fsetxattr for 64bit platform
  block:

  - name: Declare list of syscalls
    set_fact:
      syscalls:
      - fsetxattr
      syscall_grouping:
      - fremovexattr
      - lremovexattr
      - removexattr
      - fsetxattr
      - lsetxattr
      - setxattr

  - name: Check existence of fsetxattr in /etc/audit/rules.d/
    find:
      paths: /etc/audit/rules.d
      contains: -a always,exit -F arch=b64(( -S |,)\w+)*(( -S |,){{ item }})+(( -S
        |,)\w+)* -F auid&gt;=1000 -F auid!=unset (-k\s+|-F\s+key=)\S+\s*$
      patterns: '*.rules'
    register: find_command
    loop: '{{ (syscall_grouping + syscalls) | unique }}'

  - name: Reset syscalls found per file
    set_fact:
      syscalls_per_file: {}
      found_paths_dict: {}

  - name: Declare syscalls found per file
    set_fact: syscalls_per_file="{{ syscalls_per_file | combine( {item.files[0].path
      :[item.item] + syscalls_per_file.get(item.files[0].path, []) } ) }}"
    loop: '{{ find_command.results | selectattr(''matched'') | list }}'

  - name: Declare files where syscalls were found
    set_fact: found_paths="{{ find_command.results | map(attribute='files') | flatten
      | map(attribute='path') | list }}"

  - name: Count occurrences of syscalls in paths
    set_fact: found_paths_dict="{{ found_paths_dict | combine({ item:1+found_paths_dict.get(item,
      0) }) }}"
    loop: '{{ find_command.results | map(attribute=''files'') | flatten | map(attribute=''path'')
      | list }}'

  - name: Get path with most syscalls
    set_fact: audit_file="{{ (found_paths_dict | dict2items() | sort(attribute='value')
      | last).key }}"
    when: found_paths | length &gt;= 1

  - name: No file with syscall found, set path to /etc/audit/rules.d/perm_mod.rules
    set_fact: audit_file="/etc/audit/rules.d/perm_mod.rules"
    when: found_paths | length == 0

  - name: Declare found syscalls
    set_fact: syscalls_found="{{ find_command.results | selectattr('matched') | map(attribute='item')
      | list }}"

  - name: Declare missing syscalls
    set_fact: missing_syscalls="{{ syscalls | difference(syscalls_found) }}"

  - name: Replace the audit rule in {{ audit_file }}
    lineinfile:
      path: '{{ audit_file }}'
      regexp: (-a always,exit -F arch=b64)(?=.*(?:(?:-S |,)(?:{{ syscalls_per_file[audit_file]
        | join("|") }}))\b)((?:( -S |,)\w+)+)( -F auid&gt;=1000 -F auid!=unset (?:-k
        |-F key=)\w+)
      line: \1\2\3{{ missing_syscalls | join("\3") }}\4
      backrefs: true
      state: present
      mode: g-rwx,o-rwx
    when: syscalls_found | length &gt; 0 and missing_syscalls | length &gt; 0

  - name: Add the audit rule to {{ audit_file }}
    lineinfile:
      path: '{{ audit_file }}'
      line: -a always,exit -F arch=b64 -S {{ syscalls | join(',') }} -F auid&gt;=1000
        -F auid!=unset -F key=perm_mod
      create: true
      mode: g-rwx,o-rwx
      state: present
    when: syscalls_found | length == 0

  - name: Declare list of syscalls
    set_fact:
      syscalls:
      - fsetxattr
      syscall_grouping:
      - fremovexattr
      - lremovexattr
      - removexattr
      - fsetxattr
      - lsetxattr
      - setxattr

  - name: Check existence of fsetxattr in /etc/audit/audit.rules
    find:
      paths: /etc/audit
      contains: -a always,exit -F arch=b64(( -S |,)\w+)*(( -S |,){{ item }})+(( -S
        |,)\w+)* -F auid&gt;=1000 -F auid!=unset (-k\s+|-F\s+key=)\S+\s*$
      patterns: audit.rules
    register: find_command
    loop: '{{ (syscall_grouping + syscalls) | unique }}'

  - name: Set path to /etc/audit/audit.rules
    set_fact: audit_file="/etc/audit/audit.rules"

  - name: Declare found syscalls
    set_fact: syscalls_found="{{ find_command.results | selectattr('matched') | map(attribute='item')
      | list }}"

  - name: Declare missing syscalls
    set_fact: missing_syscalls="{{ syscalls | difference(syscalls_found) }}"

  - name: Replace the audit rule in {{ audit_file }}
    lineinfile:
      path: '{{ audit_file }}'
      regexp: (-a always,exit -F arch=b64)(?=.*(?:(?:-S |,)(?:{{ syscalls_found |
        join("|") }}))\b)((?:( -S |,)\w+)+)( -F auid&gt;=1000 -F auid!=unset (?:-k |-F
        key=)\w+)
      line: \1\2\3{{ missing_syscalls | join("\3") }}\4
      backrefs: true
      state: present
      mode: g-rwx,o-rwx
    when: syscalls_found | length &gt; 0 and missing_syscalls | length &gt; 0

  - name: Add the audit rule to {{ audit_file }}
    lineinfile:
      path: '{{ audit_file }}'
      line: -a always,exit -F arch=b64 -S {{ syscalls | join(',') }} -F auid&gt;=1000
        -F auid!=unset -F key=perm_mod
      create: true
      mode: g-rwx,o-rwx
      state: present
    when: syscalls_found | length == 0
  when:
  - '"auditd" in ansible_facts.packages'
  - '"linux-base" in ansible_facts.packages'
  - audit_arch == "b64"
  tags:
  - CJIS-5.4.1.1
  - NIST-800-171-3.1.7
  - NIST-800-53-AU-12(c)
  - NIST-800-53-AU-2(d)
  - NIST-800-53-CM-6(a)
  - PCI-DSS-Req-10.5.5
  - PCI-DSSv4-10.3
  - PCI-DSSv4-10.3.4
  - audit_rules_dac_modification_fsetxattr
  - low_complexity
  - low_disruption
  - medium_severity
  - reboot_required
  - restrict_strategy
</fix>
          <fix xmlns:xhtml="http://www.w3.org/1999/xhtml" id="audit_rules_dac_modification_fsetxattr" system="urn:xccdf:fix:script:sh"># Remediation is applicable only in certain platforms
if dpkg-query --show --showformat='${db:Status-Status}
' 'linux-base' 2&gt;/dev/null | grep -q ^installed &amp;&amp; dpkg-query --show --showformat='${db:Status-Status}\n' 'auditd' 2&gt;/dev/null | grep -q '^installed'; then

# First perform the remediation of the syscall rule
# Retrieve hardware architecture of the underlying system
[ "$(getconf LONG_BIT)" = "32" ] &amp;&amp; RULE_ARCHS=("b32") || RULE_ARCHS=("b32" "b64")

for ARCH in "${RULE_ARCHS[@]}"
do
	ACTION_ARCH_FILTERS="-a always,exit -F arch=$ARCH"
	OTHER_FILTERS=""
	AUID_FILTERS="-F auid&gt;=1000 -F auid!=unset"
	SYSCALL="fsetxattr"
	KEY="perm_mod"
	SYSCALL_GROUPING="fremovexattr lremovexattr removexattr fsetxattr lsetxattr setxattr"

	# Perform the remediation for both possible tools: 'auditctl' and 'augenrules'
	unset syscall_a
unset syscall_grouping
unset syscall_string
unset syscall
unset file_to_edit
unset rule_to_edit
unset rule_syscalls_to_edit
unset other_string
unset auid_string
unset full_rule

# Load macro arguments into arrays
read -a syscall_a &lt;&lt;&lt; $SYSCALL
read -a syscall_grouping &lt;&lt;&lt; $SYSCALL_GROUPING

# Create a list of audit *.rules files that should be inspected for presence and correctness
# of a particular audit rule. The scheme is as follows:
#
# -----------------------------------------------------------------------------------------
#  Tool used to load audit rules | Rule already defined  |  Audit rules file to inspect    |
# -----------------------------------------------------------------------------------------
#        auditctl                |     Doesn't matter    |  /etc/audit/audit.rules         |
# -----------------------------------------------------------------------------------------
#        augenrules              |          Yes          |  /etc/audit/rules.d/*.rules     |
#        augenrules              |          No           |  /etc/audit/rules.d/$key.rules  |
# -----------------------------------------------------------------------------------------
#
files_to_inspect=()

# If audit tool is 'augenrules', then check if the audit rule is defined
# If rule is defined, add '/etc/audit/rules.d/*.rules' to the list for inspection
# If rule isn't defined yet, add '/etc/audit/rules.d/$key.rules' to the list for inspection
default_file="/etc/audit/rules.d/$KEY.rules"
# As other_filters may include paths, lets use a different delimiter for it
# The "F" script expression tells sed to print the filenames where the expressions matched
readarray -t files_to_inspect &lt; &lt;(sed -s -n -e "/^$ACTION_ARCH_FILTERS/!d" -e "\#$OTHER_FILTERS#!d" -e "/$AUID_FILTERS/!d" -e "F" /etc/audit/rules.d/*.rules)
# Case when particular rule isn't defined in /etc/audit/rules.d/*.rules yet
if [ ${#files_to_inspect[@]} -eq "0" ]
then
    file_to_inspect="/etc/audit/rules.d/$KEY.rules"
    files_to_inspect=("$file_to_inspect")
    if [ ! -e "$file_to_inspect" ]
    then
        touch "$file_to_inspect"
        chmod 0600 "$file_to_inspect"
    fi
fi

# After converting to jinja, we cannot return; therefore we skip the rest of the macro if needed instead
skip=1

for audit_file in "${files_to_inspect[@]}"
do
    # Filter existing $audit_file rules' definitions to select those that satisfy the rule pattern,
    # i.e, collect rules that match:
    # * the action, list and arch, (2-nd argument)
    # * the other filters, (3-rd argument)
    # * the auid filters, (4-rd argument)
    readarray -t similar_rules &lt; &lt;(sed -e "/^$ACTION_ARCH_FILTERS/!d"  -e "\#$OTHER_FILTERS#!d" -e "/$AUID_FILTERS/!d" "$audit_file")

    candidate_rules=()
    # Filter out rules that have more fields then required. This will remove rules more specific than the required scope
    for s_rule in "${similar_rules[@]}"
    do
        # Strip all the options and fields we know of,
        # than check if there was any field left over
        extra_fields=$(sed -E -e "s/^$ACTION_ARCH_FILTERS//"  -e "s#$OTHER_FILTERS##" -e "s/$AUID_FILTERS//" -e "s/((:?-S [[:alnum:],]+)+)//g" -e "s/-F key=\w+|-k \w+//"&lt;&lt;&lt; "$s_rule")
        grep -q -- "-F" &lt;&lt;&lt; "$extra_fields" || candidate_rules+=("$s_rule")
    done

    if [[ ${#syscall_a[@]} -ge 1 ]]
    then
        # Check if the syscall we want is present in any of the similar existing rules
        for rule in "${candidate_rules[@]}"
        do
            rule_syscalls=$(echo "$rule" | grep -o -P '(-S [\w,]+)+' | xargs)
            all_syscalls_found=0
            for syscall in "${syscall_a[@]}"
            do
                grep -q -- "\b${syscall}\b" &lt;&lt;&lt; "$rule_syscalls" || {
                   # A syscall was not found in the candidate rule
                   all_syscalls_found=1
                   }
            done
            if [[ $all_syscalls_found -eq 0 ]]
            then
                # We found a rule with all the syscall(s) we want; skip rest of macro
                skip=0
                break
            fi

            # Check if this rule can be grouped with our target syscall and keep track of it
            for syscall_g in "${syscall_grouping[@]}"
            do
                if grep -q -- "\b${syscall_g}\b" &lt;&lt;&lt; "$rule_syscalls"
                then
                    file_to_edit=${audit_file}
                    rule_to_edit=${rule}
                    rule_syscalls_to_edit=${rule_syscalls}
                fi
            done
        done
    else
        # If there is any candidate rule, it is compliant; skip rest of macro
        if [ "${#candidate_rules[@]}" -gt 0 ]
        then
            skip=0
        fi
    fi

    if [ "$skip" -eq 0 ]; then
        break
    fi
done

if [ "$skip" -ne 0 ]; then
    # We checked all rules that matched the expected resemblance pattern (action, arch &amp; auid)
    # At this point we know if we need to either append the $full_rule or group
    # the syscall together with an exsiting rule

    # Append the full_rule if it cannot be grouped to any other rule
    if [ -z ${rule_to_edit+x} ]
    then
        # Build full_rule while avoid adding double spaces when other_filters is empty
        if [ "${#syscall_a[@]}" -gt 0 ]
        then
            syscall_string=""
            for syscall in "${syscall_a[@]}"
            do
                syscall_string+=" -S $syscall"
            done
        fi
        other_string=$([[ $OTHER_FILTERS ]] &amp;&amp; echo " $OTHER_FILTERS") || /bin/true
        auid_string=$([[ $AUID_FILTERS ]] &amp;&amp; echo " $AUID_FILTERS") || /bin/true
        full_rule="$ACTION_ARCH_FILTERS${syscall_string}${other_string}${auid_string} -F key=$KEY" || /bin/true
        echo "$full_rule" &gt;&gt; "$default_file"
        chmod 0600 ${default_file}
    else
        # Check if the syscalls are declared as a comma separated list or
        # as multiple -S parameters
        if grep -q -- "," &lt;&lt;&lt; "${rule_syscalls_to_edit}"
        then
            delimiter=","
        else
            delimiter=" -S "
        fi
        new_grouped_syscalls="${rule_syscalls_to_edit}"
        for syscall in "${syscall_a[@]}"
        do
            grep -q -- "\b${syscall}\b" &lt;&lt;&lt; "${rule_syscalls_to_edit}" || {
               # A syscall was not found in the candidate rule
               new_grouped_syscalls+="${delimiter}${syscall}"
               }
        done

        # Group the syscall in the rule
        sed -i -e "\#${rule_to_edit}#s#${rule_syscalls_to_edit}#${new_grouped_syscalls}#" "$file_to_edit"
    fi
fi
	unset syscall_a
unset syscall_grouping
unset syscall_string
unset syscall
unset file_to_edit
unset rule_to_edit
unset rule_syscalls_to_edit
unset other_string
unset auid_string
unset full_rule

# Load macro arguments into arrays
read -a syscall_a &lt;&lt;&lt; $SYSCALL
read -a syscall_grouping &lt;&lt;&lt; $SYSCALL_GROUPING

# Create a list of audit *.rules files that should be inspected for presence and correctness
# of a particular audit rule. The scheme is as follows:
#
# -----------------------------------------------------------------------------------------
#  Tool used to load audit rules | Rule already defined  |  Audit rules file to inspect    |
# -----------------------------------------------------------------------------------------
#        auditctl                |     Doesn't matter    |  /etc/audit/audit.rules         |
# -----------------------------------------------------------------------------------------
#        augenrules              |          Yes          |  /etc/audit/rules.d/*.rules     |
#        augenrules              |          No           |  /etc/audit/rules.d/$key.rules  |
# -----------------------------------------------------------------------------------------
#
files_to_inspect=()


# If audit tool is 'auditctl', then add '/etc/audit/audit.rules'
# file to the list of files to be inspected
default_file="/etc/audit/audit.rules"
files_to_inspect+=('/etc/audit/audit.rules' )

# After converting to jinja, we cannot return; therefore we skip the rest of the macro if needed instead
skip=1

for audit_file in "${files_to_inspect[@]}"
do
    # Filter existing $audit_file rules' definitions to select those that satisfy the rule pattern,
    # i.e, collect rules that match:
    # * the action, list and arch, (2-nd argument)
    # * the other filters, (3-rd argument)
    # * the auid filters, (4-rd argument)
    readarray -t similar_rules &lt; &lt;(sed -e "/^$ACTION_ARCH_FILTERS/!d"  -e "\#$OTHER_FILTERS#!d" -e "/$AUID_FILTERS/!d" "$audit_file")

    candidate_rules=()
    # Filter out rules that have more fields then required. This will remove rules more specific than the required scope
    for s_rule in "${similar_rules[@]}"
    do
        # Strip all the options and fields we know of,
        # than check if there was any field left over
        extra_fields=$(sed -E -e "s/^$ACTION_ARCH_FILTERS//"  -e "s#$OTHER_FILTERS##" -e "s/$AUID_FILTERS//" -e "s/((:?-S [[:alnum:],]+)+)//g" -e "s/-F key=\w+|-k \w+//"&lt;&lt;&lt; "$s_rule")
        grep -q -- "-F" &lt;&lt;&lt; "$extra_fields" || candidate_rules+=("$s_rule")
    done

    if [[ ${#syscall_a[@]} -ge 1 ]]
    then
        # Check if the syscall we want is present in any of the similar existing rules
        for rule in "${candidate_rules[@]}"
        do
            rule_syscalls=$(echo "$rule" | grep -o -P '(-S [\w,]+)+' | xargs)
            all_syscalls_found=0
            for syscall in "${syscall_a[@]}"
            do
                grep -q -- "\b${syscall}\b" &lt;&lt;&lt; "$rule_syscalls" || {
                   # A syscall was not found in the candidate rule
                   all_syscalls_found=1
                   }
            done
            if [[ $all_syscalls_found -eq 0 ]]
            then
                # We found a rule with all the syscall(s) we want; skip rest of macro
                skip=0
                break
            fi

            # Check if this rule can be grouped with our target syscall and keep track of it
            for syscall_g in "${syscall_grouping[@]}"
            do
                if grep -q -- "\b${syscall_g}\b" &lt;&lt;&lt; "$rule_syscalls"
                then
                    file_to_edit=${audit_file}
                    rule_to_edit=${rule}
                    rule_syscalls_to_edit=${rule_syscalls}
                fi
            done
        done
    else
        # If there is any candidate rule, it is compliant; skip rest of macro
        if [ "${#candidate_rules[@]}" -gt 0 ]
        then
            skip=0
        fi
    fi

    if [ "$skip" -eq 0 ]; then
        break
    fi
done

if [ "$skip" -ne 0 ]; then
    # We checked all rules that matched the expected resemblance pattern (action, arch &amp; auid)
    # At this point we know if we need to either append the $full_rule or group
    # the syscall together with an exsiting rule

    # Append the full_rule if it cannot be grouped to any other rule
    if [ -z ${rule_to_edit+x} ]
    then
        # Build full_rule while avoid adding double spaces when other_filters is empty
        if [ "${#syscall_a[@]}" -gt 0 ]
        then
            syscall_string=""
            for syscall in "${syscall_a[@]}"
            do
                syscall_string+=" -S $syscall"
            done
        fi
        other_string=$([[ $OTHER_FILTERS ]] &amp;&amp; echo " $OTHER_FILTERS") || /bin/true
        auid_string=$([[ $AUID_FILTERS ]] &amp;&amp; echo " $AUID_FILTERS") || /bin/true
        full_rule="$ACTION_ARCH_FILTERS${syscall_string}${other_string}${auid_string} -F key=$KEY" || /bin/true
        echo "$full_rule" &gt;&gt; "$default_file"
        chmod 0600 ${default_file}
    else
        # Check if the syscalls are declared as a comma separated list or
        # as multiple -S parameters
        if grep -q -- "," &lt;&lt;&lt; "${rule_syscalls_to_edit}"
        then
            delimiter=","
        else
            delimiter=" -S "
        fi
        new_grouped_syscalls="${rule_syscalls_to_edit}"
        for syscall in "${syscall_a[@]}"
        do
            grep -q -- "\b${syscall}\b" &lt;&lt;&lt; "${rule_syscalls_to_edit}" || {
               # A syscall was not found in the candidate rule
               new_grouped_syscalls+="${delimiter}${syscall}"
               }
        done

        # Group the syscall in the rule
        sed -i -e "\#${rule_to_edit}#s#${rule_syscalls_to_edit}#${new_grouped_syscalls}#" "$file_to_edit"
    fi
fi
done

else
    &gt;&amp;2 echo 'Remediation is not applicable, nothing was done'
fi
</fix>
          <check system="http://oval.mitre.org/XMLSchema/oval-definitions-5">
            <check-content-ref name="oval:ssg-audit_rules_dac_modification_fsetxattr:def:1" href="ssg-ubuntu2404-oval.xml"/>
          </check>
          <check system="http://scap.nist.gov/schema/ocil/2">
            <check-content-ref name="ocil:ssg-audit_rules_dac_modification_fsetxattr_ocil:questionnaire:1" href="ssg-ubuntu2404-ocil.xml"/>
          </check>
        </Rule>
        <Rule id="xccdf_org.ssgproject.content_rule_audit_rules_dac_modification_lchown" selected="false" role="full" severity="medium">
          <title xmlns:xhtml="http://www.w3.org/1999/xhtml" xml:lang="en-US">Record Events that Modify the System's Discretionary Access Controls - lchown</title>
          <description xmlns:xhtml="http://www.w3.org/1999/xhtml" xml:lang="en-US">At a minimum, the audit system should collect file permission
changes for all users and root. If the <html:code xmlns:html="http://www.w3.org/1999/xhtml">auditd</html:code> daemon is configured
to use the <html:code xmlns:html="http://www.w3.org/1999/xhtml">augenrules</html:code> program to read audit rules during daemon
startup (the default), add the following line to a file with suffix
<html:code xmlns:html="http://www.w3.org/1999/xhtml">.rules</html:code> in the directory <html:code xmlns:html="http://www.w3.org/1999/xhtml">/etc/audit/rules.d</html:code>:
<html:pre xmlns:html="http://www.w3.org/1999/xhtml">-a always,exit -F arch=b32 -S lchown -F auid&gt;=1000 -F auid!=unset -F key=perm_mod</html:pre>
If the system is 64 bit then also add the following line:
<html:pre xmlns:html="http://www.w3.org/1999/xhtml">-a always,exit -F arch=b64 -S lchown -F auid&gt;=1000 -F auid!=unset -F key=perm_mod</html:pre>
If the <html:code xmlns:html="http://www.w3.org/1999/xhtml">auditd</html:code> daemon is configured to use the <html:code xmlns:html="http://www.w3.org/1999/xhtml">auditctl</html:code>
utility to read audit rules during daemon startup, add the following line to
<html:code xmlns:html="http://www.w3.org/1999/xhtml">/etc/audit/audit.rules</html:code> file:
<html:pre xmlns:html="http://www.w3.org/1999/xhtml">-a always,exit -F arch=b32 -S lchown -F auid&gt;=1000 -F auid!=unset -F key=perm_mod</html:pre>
If the system is 64 bit then also add the following line:
<html:pre xmlns:html="http://www.w3.org/1999/xhtml">-a always,exit -F arch=b64 -S lchown -F auid&gt;=1000 -F auid!=unset -F key=perm_mod</html:pre>
       </description>
          <warning xmlns:xhtml="http://www.w3.org/1999/xhtml" xml:lang="en-US" category="general">Note that these rules can be configured in a
number of ways while still achieving the desired effect. Here the system calls
have been placed independent of other system calls. Grouping these system
calls with others as identifying earlier in this guide is more efficient.</warning>
          <reference href="https://www.cisecurity.org/controls/">1</reference>
          <reference href="https://www.cisecurity.org/controls/">11</reference>
          <reference href="https://www.cisecurity.org/controls/">12</reference>
          <reference href="https://www.cisecurity.org/controls/">13</reference>
          <reference href="https://www.cisecurity.org/controls/">14</reference>
          <reference href="https://www.cisecurity.org/controls/">15</reference>
          <reference href="https://www.cisecurity.org/controls/">16</reference>
          <reference href="https://www.cisecurity.org/controls/">19</reference>
          <reference href="https://www.cisecurity.org/controls/">2</reference>
          <reference href="https://www.cisecurity.org/controls/">3</reference>
          <reference href="https://www.cisecurity.org/controls/">4</reference>
          <reference href="https://www.cisecurity.org/controls/">5</reference>
          <reference href="https://www.cisecurity.org/controls/">6</reference>
          <reference href="https://www.cisecurity.org/controls/">7</reference>
          <reference href="https://www.cisecurity.org/controls/">8</reference>
          <reference href="https://www.cisecurity.org/controls/">9</reference>
          <reference href="https://www.fbi.gov/file-repository/cjis-security-policy-v5_5_20160601-2-1.pdf">5.4.1.1</reference>
          <reference href="https://www.isaca.org/resources/cobit">APO10.01</reference>
          <reference href="https://www.isaca.org/resources/cobit">APO10.03</reference>
          <reference href="https://www.isaca.org/resources/cobit">APO10.04</reference>
          <reference href="https://www.isaca.org/resources/cobit">APO10.05</reference>
          <reference href="https://www.isaca.org/resources/cobit">APO11.04</reference>
          <reference href="https://www.isaca.org/resources/cobit">APO12.06</reference>
          <reference href="https://www.isaca.org/resources/cobit">APO13.01</reference>
          <reference href="https://www.isaca.org/resources/cobit">BAI03.05</reference>
          <reference href="https://www.isaca.org/resources/cobit">BAI08.02</reference>
          <reference href="https://www.isaca.org/resources/cobit">DSS01.03</reference>
          <reference href="https://www.isaca.org/resources/cobit">DSS01.04</reference>
          <reference href="https://www.isaca.org/resources/cobit">DSS02.02</reference>
          <reference href="https://www.isaca.org/resources/cobit">DSS02.04</reference>
          <reference href="https://www.isaca.org/resources/cobit">DSS02.07</reference>
          <reference href="https://www.isaca.org/resources/cobit">DSS03.01</reference>
          <reference href="https://www.isaca.org/resources/cobit">DSS03.05</reference>
          <reference href="https://www.isaca.org/resources/cobit">DSS05.02</reference>
          <reference href="https://www.isaca.org/resources/cobit">DSS05.03</reference>
          <reference href="https://www.isaca.org/resources/cobit">DSS05.04</reference>
          <reference href="https://www.isaca.org/resources/cobit">DSS05.05</reference>
          <reference href="https://www.isaca.org/resources/cobit">DSS05.07</reference>
          <reference href="https://www.isaca.org/resources/cobit">MEA01.01</reference>
          <reference href="https://www.isaca.org/resources/cobit">MEA01.02</reference>
          <reference href="https://www.isaca.org/resources/cobit">MEA01.03</reference>
          <reference href="https://www.isaca.org/resources/cobit">MEA01.04</reference>
          <reference href="https://www.isaca.org/resources/cobit">MEA01.05</reference>
          <reference href="https://www.isaca.org/resources/cobit">MEA02.01</reference>
          <reference href="http://nvlpubs.nist.gov/nistpubs/SpecialPublications/NIST.SP.800-171.pdf">3.1.7</reference>
          <reference href="https://public.cyber.mil/stigs/cci/">CCI-000172</reference>
          <reference href="https://public.cyber.mil/stigs/cci/">CCI-000130</reference>
          <reference href="https://public.cyber.mil/stigs/cci/">CCI-000135</reference>
          <reference href="https://public.cyber.mil/stigs/cci/">CCI-000169</reference>
          <reference href="https://public.cyber.mil/stigs/cci/">CCI-002884</reference>
          <reference href="https://www.gpo.gov/fdsys/pkg/CFR-2007-title45-vol1/pdf/CFR-2007-title45-vol1-chapA-subchapC.pdf">164.308(a)(1)(ii)(D)</reference>
          <reference href="https://www.gpo.gov/fdsys/pkg/CFR-2007-title45-vol1/pdf/CFR-2007-title45-vol1-chapA-subchapC.pdf">164.308(a)(3)(ii)(A)</reference>
          <reference href="https://www.gpo.gov/fdsys/pkg/CFR-2007-title45-vol1/pdf/CFR-2007-title45-vol1-chapA-subchapC.pdf">164.308(a)(5)(ii)(C)</reference>
          <reference href="https://www.gpo.gov/fdsys/pkg/CFR-2007-title45-vol1/pdf/CFR-2007-title45-vol1-chapA-subchapC.pdf">164.312(a)(2)(i)</reference>
          <reference href="https://www.gpo.gov/fdsys/pkg/CFR-2007-title45-vol1/pdf/CFR-2007-title45-vol1-chapA-subchapC.pdf">164.312(b)</reference>
          <reference href="https://www.gpo.gov/fdsys/pkg/CFR-2007-title45-vol1/pdf/CFR-2007-title45-vol1-chapA-subchapC.pdf">164.312(d)</reference>
          <reference href="https://www.gpo.gov/fdsys/pkg/CFR-2007-title45-vol1/pdf/CFR-2007-title45-vol1-chapA-subchapC.pdf">164.312(e)</reference>
          <reference href="https://www.isa.org/products/isa-62443-2-1-2009-security-for-industrial-automat">4.2.3.10</reference>
          <reference href="https://www.isa.org/products/isa-62443-2-1-2009-security-for-industrial-automat">4.3.2.6.7</reference>
          <reference href="https://www.isa.org/products/isa-62443-2-1-2009-security-for-industrial-automat">4.3.3.3.9</reference>
          <reference href="https://www.isa.org/products/isa-62443-2-1-2009-security-for-industrial-automat">4.3.3.5.8</reference>
          <reference href="https://www.isa.org/products/isa-62443-2-1-2009-security-for-industrial-automat">4.3.3.6.6</reference>
          <reference href="https://www.isa.org/products/isa-62443-2-1-2009-security-for-industrial-automat">4.3.4.4.7</reference>
          <reference href="https://www.isa.org/products/isa-62443-2-1-2009-security-for-industrial-automat">4.3.4.5.6</reference>
          <reference href="https://www.isa.org/products/isa-62443-2-1-2009-security-for-industrial-automat">4.3.4.5.7</reference>
          <reference href="https://www.isa.org/products/isa-62443-2-1-2009-security-for-industrial-automat">4.3.4.5.8</reference>
          <reference href="https://www.isa.org/products/isa-62443-2-1-2009-security-for-industrial-automat">4.4.2.1</reference>
          <reference href="https://www.isa.org/products/isa-62443-2-1-2009-security-for-industrial-automat">4.4.2.2</reference>
          <reference href="https://www.isa.org/products/isa-62443-2-1-2009-security-for-industrial-automat">4.4.2.4</reference>
          <reference href="https://www.isa.org/products/ansi-isa-62443-3-3-99-03-03-2013-security-for-indu">SR 1.13</reference>
          <reference href="https://www.isa.org/products/ansi-isa-62443-3-3-99-03-03-2013-security-for-indu">SR 2.10</reference>
          <reference href="https://www.isa.org/products/ansi-isa-62443-3-3-99-03-03-2013-security-for-indu">SR 2.11</reference>
          <reference href="https://www.isa.org/products/ansi-isa-62443-3-3-99-03-03-2013-security-for-indu">SR 2.12</reference>
          <reference href="https://www.isa.org/products/ansi-isa-62443-3-3-99-03-03-2013-security-for-indu">SR 2.6</reference>
          <reference href="https://www.isa.org/products/ansi-isa-62443-3-3-99-03-03-2013-security-for-indu">SR 2.8</reference>
          <reference href="https://www.isa.org/products/ansi-isa-62443-3-3-99-03-03-2013-security-for-indu">SR 2.9</reference>
          <reference href="https://www.isa.org/products/ansi-isa-62443-3-3-99-03-03-2013-security-for-indu">SR 3.1</reference>
          <reference href="https://www.isa.org/products/ansi-isa-62443-3-3-99-03-03-2013-security-for-indu">SR 3.5</reference>
          <reference href="https://www.isa.org/products/ansi-isa-62443-3-3-99-03-03-2013-security-for-indu">SR 3.8</reference>
          <reference href="https://www.isa.org/products/ansi-isa-62443-3-3-99-03-03-2013-security-for-indu">SR 4.1</reference>
          <reference href="https://www.isa.org/products/ansi-isa-62443-3-3-99-03-03-2013-security-for-indu">SR 4.3</reference>
          <reference href="https://www.isa.org/products/ansi-isa-62443-3-3-99-03-03-2013-security-for-indu">SR 5.1</reference>
          <reference href="https://www.isa.org/products/ansi-isa-62443-3-3-99-03-03-2013-security-for-indu">SR 5.2</reference>
          <reference href="https://www.isa.org/products/ansi-isa-62443-3-3-99-03-03-2013-security-for-indu">SR 5.3</reference>
          <reference href="https://www.isa.org/products/ansi-isa-62443-3-3-99-03-03-2013-security-for-indu">SR 6.1</reference>
          <reference href="https://www.isa.org/products/ansi-isa-62443-3-3-99-03-03-2013-security-for-indu">SR 6.2</reference>
          <reference href="https://www.isa.org/products/ansi-isa-62443-3-3-99-03-03-2013-security-for-indu">SR 7.1</reference>
          <reference href="https://www.isa.org/products/ansi-isa-62443-3-3-99-03-03-2013-security-for-indu">SR 7.6</reference>
          <reference href="https://www.iso.org/contents/data/standard/05/45/54534.html">A.11.2.6</reference>
          <reference href="https://www.iso.org/contents/data/standard/05/45/54534.html">A.12.4.1</reference>
          <reference href="https://www.iso.org/contents/data/standard/05/45/54534.html">A.12.4.2</reference>
          <reference href="https://www.iso.org/contents/data/standard/05/45/54534.html">A.12.4.3</reference>
          <reference href="https://www.iso.org/contents/data/standard/05/45/54534.html">A.12.4.4</reference>
          <reference href="https://www.iso.org/contents/data/standard/05/45/54534.html">A.12.7.1</reference>
          <reference href="https://www.iso.org/contents/data/standard/05/45/54534.html">A.13.1.1</reference>
          <reference href="https://www.iso.org/contents/data/standard/05/45/54534.html">A.13.2.1</reference>
          <reference href="https://www.iso.org/contents/data/standard/05/45/54534.html">A.14.1.3</reference>
          <reference href="https://www.iso.org/contents/data/standard/05/45/54534.html">A.14.2.7</reference>
          <reference href="https://www.iso.org/contents/data/standard/05/45/54534.html">A.15.2.1</reference>
          <reference href="https://www.iso.org/contents/data/standard/05/45/54534.html">A.15.2.2</reference>
          <reference href="https://www.iso.org/contents/data/standard/05/45/54534.html">A.16.1.4</reference>
          <reference href="https://www.iso.org/contents/data/standard/05/45/54534.html">A.16.1.5</reference>
          <reference href="https://www.iso.org/contents/data/standard/05/45/54534.html">A.16.1.7</reference>
          <reference href="https://www.iso.org/contents/data/standard/05/45/54534.html">A.6.2.1</reference>
          <reference href="https://www.iso.org/contents/data/standard/05/45/54534.html">A.6.2.2</reference>
          <reference href="http://nvlpubs.nist.gov/nistpubs/SpecialPublications/NIST.SP.800-53r4.pdf">AU-2(d)</reference>
          <reference href="http://nvlpubs.nist.gov/nistpubs/SpecialPublications/NIST.SP.800-53r4.pdf">AU-12(c)</reference>
          <reference href="http://nvlpubs.nist.gov/nistpubs/SpecialPublications/NIST.SP.800-53r4.pdf">CM-6(a)</reference>
          <reference href="https://nvlpubs.nist.gov/nistpubs/CSWP/NIST.CSWP.04162018.pdf">DE.AE-3</reference>
          <reference href="https://nvlpubs.nist.gov/nistpubs/CSWP/NIST.CSWP.04162018.pdf">DE.AE-5</reference>
          <reference href="https://nvlpubs.nist.gov/nistpubs/CSWP/NIST.CSWP.04162018.pdf">DE.CM-1</reference>
          <reference href="https://nvlpubs.nist.gov/nistpubs/CSWP/NIST.CSWP.04162018.pdf">DE.CM-3</reference>
          <reference href="https://nvlpubs.nist.gov/nistpubs/CSWP/NIST.CSWP.04162018.pdf">DE.CM-7</reference>
          <reference href="https://nvlpubs.nist.gov/nistpubs/CSWP/NIST.CSWP.04162018.pdf">ID.SC-4</reference>
          <reference href="https://nvlpubs.nist.gov/nistpubs/CSWP/NIST.CSWP.04162018.pdf">PR.AC-3</reference>
          <reference href="https://nvlpubs.nist.gov/nistpubs/CSWP/NIST.CSWP.04162018.pdf">PR.PT-1</reference>
          <reference href="https://nvlpubs.nist.gov/nistpubs/CSWP/NIST.CSWP.04162018.pdf">PR.PT-4</reference>
          <reference href="https://nvlpubs.nist.gov/nistpubs/CSWP/NIST.CSWP.04162018.pdf">RS.AN-1</reference>
          <reference href="https://nvlpubs.nist.gov/nistpubs/CSWP/NIST.CSWP.04162018.pdf">RS.AN-4</reference>
          <reference href="https://www.pcisecuritystandards.org/documents/PCI_DSS_v3-2-1.pdf">Req-10.5.5</reference>
          <reference href="https://public.cyber.mil/stigs/downloads/?_dl_facet_stigs=operating-systems%2Cgeneral-purpose-os">SRG-OS-000037-GPOS-00015</reference>
          <reference href="https://public.cyber.mil/stigs/downloads/?_dl_facet_stigs=operating-systems%2Cgeneral-purpose-os">SRG-OS-000042-GPOS-00020</reference>
          <reference href="https://public.cyber.mil/stigs/downloads/?_dl_facet_stigs=operating-systems%2Cgeneral-purpose-os">SRG-OS-000062-GPOS-00031</reference>
          <reference href="https://public.cyber.mil/stigs/downloads/?_dl_facet_stigs=operating-systems%2Cgeneral-purpose-os">SRG-OS-000392-GPOS-00172</reference>
          <reference href="https://public.cyber.mil/stigs/downloads/?_dl_facet_stigs=operating-systems%2Cgeneral-purpose-os">SRG-OS-000462-GPOS-00206</reference>
          <reference href="https://public.cyber.mil/stigs/downloads/?_dl_facet_stigs=operating-systems%2Cgeneral-purpose-os">SRG-OS-000471-GPOS-00215</reference>
          <reference href="https://public.cyber.mil/stigs/downloads/?_dl_facet_stigs=operating-systems%2Cgeneral-purpose-os">SRG-OS-000064-GPOS-00033</reference>
          <reference href="https://public.cyber.mil/stigs/downloads/?_dl_facet_stigs=operating-systems%2Cgeneral-purpose-os">SRG-OS-000466-GPOS-00210</reference>
          <reference href="https://public.cyber.mil/stigs/downloads/?_dl_facet_stigs=operating-systems%2Cgeneral-purpose-os">SRG-OS-000458-GPOS-00203</reference>
          <reference href="https://public.cyber.mil/stigs/downloads/?_dl_facet_stigs=operating-systems%2Cgeneral-purpose-os">SRG-OS-000474-GPOS-00219</reference>
          <reference href="https://public.cyber.mil/stigs/downloads/?_dl_facet_stigs=container-platform">SRG-APP-000091-CTR-000160</reference>
          <reference href="https://public.cyber.mil/stigs/downloads/?_dl_facet_stigs=container-platform">SRG-APP-000492-CTR-001220</reference>
          <reference href="https://public.cyber.mil/stigs/downloads/?_dl_facet_stigs=container-platform">SRG-APP-000493-CTR-001225</reference>
          <reference href="https://public.cyber.mil/stigs/downloads/?_dl_facet_stigs=container-platform">SRG-APP-000494-CTR-001230</reference>
          <reference href="https://public.cyber.mil/stigs/downloads/?_dl_facet_stigs=container-platform">SRG-APP-000500-CTR-001260</reference>
          <reference href="https://public.cyber.mil/stigs/downloads/?_dl_facet_stigs=container-platform">SRG-APP-000507-CTR-001295</reference>
          <reference href="https://public.cyber.mil/stigs/downloads/?_dl_facet_stigs=container-platform">SRG-APP-000495-CTR-001235</reference>
          <reference href="https://public.cyber.mil/stigs/downloads/?_dl_facet_stigs=container-platform">SRG-APP-000499-CTR-001255</reference>
          <reference href="https://cyber.gouv.fr/sites/default/files/document/linux_configuration-en-v2.pdf">R73</reference>
          <reference href="https://www.cisecurity.org/benchmark/ubuntu_linux/">6.2.3.9</reference>
          <reference href="https://docs-prv.pcisecuritystandards.org/PCI%20DSS/Standard/PCI-DSS-v4_0.pdf">10.3.4</reference>
          <reference href="https://docs-prv.pcisecuritystandards.org/PCI%20DSS/Standard/PCI-DSS-v4_0.pdf">10.3</reference>
          <rationale xmlns:xhtml="http://www.w3.org/1999/xhtml" xml:lang="en-US">The changing of file permissions could indicate that a user is attempting to
gain access to information that would otherwise be disallowed. Auditing DAC modifications
can facilitate the identification of patterns of abuse among both authorized and
unauthorized users.</rationale>
          <platform idref="#not_aarch64_arch"/>
          <fix xmlns:xhtml="http://www.w3.org/1999/xhtml" id="audit_rules_dac_modification_lchown" system="urn:xccdf:fix:script:ansible" reboot="true" complexity="low" disruption="low" strategy="restrict">- name: Gather the package facts
  package_facts:
    manager: auto
  tags:
  - CJIS-5.4.1.1
  - NIST-800-171-3.1.7
  - NIST-800-53-AU-12(c)
  - NIST-800-53-AU-2(d)
  - NIST-800-53-CM-6(a)
  - PCI-DSS-Req-10.5.5
  - PCI-DSSv4-10.3
  - PCI-DSSv4-10.3.4
  - audit_rules_dac_modification_lchown
  - low_complexity
  - low_disruption
  - medium_severity
  - reboot_required
  - restrict_strategy

- name: Set architecture for audit lchown tasks
  set_fact:
    audit_arch: b64
  when:
  - '"auditd" in ansible_facts.packages'
  - '"linux-base" in ansible_facts.packages'
  - not ( ansible_architecture == "aarch64" )
  - ansible_architecture == "aarch64" or ansible_architecture == "ppc64" or ansible_architecture
    == "ppc64le" or ansible_architecture == "s390x" or ansible_architecture == "x86_64"
  tags:
  - CJIS-5.4.1.1
  - NIST-800-171-3.1.7
  - NIST-800-53-AU-12(c)
  - NIST-800-53-AU-2(d)
  - NIST-800-53-CM-6(a)
  - PCI-DSS-Req-10.5.5
  - PCI-DSSv4-10.3
  - PCI-DSSv4-10.3.4
  - audit_rules_dac_modification_lchown
  - low_complexity
  - low_disruption
  - medium_severity
  - reboot_required
  - restrict_strategy

- name: Perform remediation of Audit rules for lchown for 32bit platform
  block:

  - name: Declare list of syscalls
    set_fact:
      syscalls:
      - lchown
      syscall_grouping:
      - chown
      - fchown
      - fchownat
      - lchown

  - name: Check existence of lchown in /etc/audit/rules.d/
    find:
      paths: /etc/audit/rules.d
      contains: -a always,exit -F arch=b32(( -S |,)\w+)*(( -S |,){{ item }})+(( -S
        |,)\w+)* -F auid&gt;=1000 -F auid!=unset (-k\s+|-F\s+key=)\S+\s*$
      patterns: '*.rules'
    register: find_command
    loop: '{{ (syscall_grouping + syscalls) | unique }}'

  - name: Reset syscalls found per file
    set_fact:
      syscalls_per_file: {}
      found_paths_dict: {}

  - name: Declare syscalls found per file
    set_fact: syscalls_per_file="{{ syscalls_per_file | combine( {item.files[0].path
      :[item.item] + syscalls_per_file.get(item.files[0].path, []) } ) }}"
    loop: '{{ find_command.results | selectattr(''matched'') | list }}'

  - name: Declare files where syscalls were found
    set_fact: found_paths="{{ find_command.results | map(attribute='files') | flatten
      | map(attribute='path') | list }}"

  - name: Count occurrences of syscalls in paths
    set_fact: found_paths_dict="{{ found_paths_dict | combine({ item:1+found_paths_dict.get(item,
      0) }) }}"
    loop: '{{ find_command.results | map(attribute=''files'') | flatten | map(attribute=''path'')
      | list }}'

  - name: Get path with most syscalls
    set_fact: audit_file="{{ (found_paths_dict | dict2items() | sort(attribute='value')
      | last).key }}"
    when: found_paths | length &gt;= 1

  - name: No file with syscall found, set path to /etc/audit/rules.d/perm_mod.rules
    set_fact: audit_file="/etc/audit/rules.d/perm_mod.rules"
    when: found_paths | length == 0

  - name: Declare found syscalls
    set_fact: syscalls_found="{{ find_command.results | selectattr('matched') | map(attribute='item')
      | list }}"

  - name: Declare missing syscalls
    set_fact: missing_syscalls="{{ syscalls | difference(syscalls_found) }}"

  - name: Replace the audit rule in {{ audit_file }}
    lineinfile:
      path: '{{ audit_file }}'
      regexp: (-a always,exit -F arch=b32)(?=.*(?:(?:-S |,)(?:{{ syscalls_per_file[audit_file]
        | join("|") }}))\b)((?:( -S |,)\w+)+)( -F auid&gt;=1000 -F auid!=unset (?:-k
        |-F key=)\w+)
      line: \1\2\3{{ missing_syscalls | join("\3") }}\4
      backrefs: true
      state: present
      mode: g-rwx,o-rwx
    when: syscalls_found | length &gt; 0 and missing_syscalls | length &gt; 0

  - name: Add the audit rule to {{ audit_file }}
    lineinfile:
      path: '{{ audit_file }}'
      line: -a always,exit -F arch=b32 -S {{ syscalls | join(',') }} -F auid&gt;=1000
        -F auid!=unset -F key=perm_mod
      create: true
      mode: g-rwx,o-rwx
      state: present
    when: syscalls_found | length == 0

  - name: Declare list of syscalls
    set_fact:
      syscalls:
      - lchown
      syscall_grouping:
      - chown
      - fchown
      - fchownat
      - lchown

  - name: Check existence of lchown in /etc/audit/audit.rules
    find:
      paths: /etc/audit
      contains: -a always,exit -F arch=b32(( -S |,)\w+)*(( -S |,){{ item }})+(( -S
        |,)\w+)* -F auid&gt;=1000 -F auid!=unset (-k\s+|-F\s+key=)\S+\s*$
      patterns: audit.rules
    register: find_command
    loop: '{{ (syscall_grouping + syscalls) | unique }}'

  - name: Set path to /etc/audit/audit.rules
    set_fact: audit_file="/etc/audit/audit.rules"

  - name: Declare found syscalls
    set_fact: syscalls_found="{{ find_command.results | selectattr('matched') | map(attribute='item')
      | list }}"

  - name: Declare missing syscalls
    set_fact: missing_syscalls="{{ syscalls | difference(syscalls_found) }}"

  - name: Replace the audit rule in {{ audit_file }}
    lineinfile:
      path: '{{ audit_file }}'
      regexp: (-a always,exit -F arch=b32)(?=.*(?:(?:-S |,)(?:{{ syscalls_found |
        join("|") }}))\b)((?:( -S |,)\w+)+)( -F auid&gt;=1000 -F auid!=unset (?:-k |-F
        key=)\w+)
      line: \1\2\3{{ missing_syscalls | join("\3") }}\4
      backrefs: true
      state: present
      mode: g-rwx,o-rwx
    when: syscalls_found | length &gt; 0 and missing_syscalls | length &gt; 0

  - name: Add the audit rule to {{ audit_file }}
    lineinfile:
      path: '{{ audit_file }}'
      line: -a always,exit -F arch=b32 -S {{ syscalls | join(',') }} -F auid&gt;=1000
        -F auid!=unset -F key=perm_mod
      create: true
      mode: g-rwx,o-rwx
      state: present
    when: syscalls_found | length == 0
  when:
  - '"auditd" in ansible_facts.packages'
  - '"linux-base" in ansible_facts.packages'
  - not ( ansible_architecture == "aarch64" )
  tags:
  - CJIS-5.4.1.1
  - NIST-800-171-3.1.7
  - NIST-800-53-AU-12(c)
  - NIST-800-53-AU-2(d)
  - NIST-800-53-CM-6(a)
  - PCI-DSS-Req-10.5.5
  - PCI-DSSv4-10.3
  - PCI-DSSv4-10.3.4
  - audit_rules_dac_modification_lchown
  - low_complexity
  - low_disruption
  - medium_severity
  - reboot_required
  - restrict_strategy

- name: Perform remediation of Audit rules for lchown for 64bit platform
  block:

  - name: Declare list of syscalls
    set_fact:
      syscalls:
      - lchown
      syscall_grouping:
      - chown
      - fchown
      - fchownat
      - lchown

  - name: Check existence of lchown in /etc/audit/rules.d/
    find:
      paths: /etc/audit/rules.d
      contains: -a always,exit -F arch=b64(( -S |,)\w+)*(( -S |,){{ item }})+(( -S
        |,)\w+)* -F auid&gt;=1000 -F auid!=unset (-k\s+|-F\s+key=)\S+\s*$
      patterns: '*.rules'
    register: find_command
    loop: '{{ (syscall_grouping + syscalls) | unique }}'

  - name: Reset syscalls found per file
    set_fact:
      syscalls_per_file: {}
      found_paths_dict: {}

  - name: Declare syscalls found per file
    set_fact: syscalls_per_file="{{ syscalls_per_file | combine( {item.files[0].path
      :[item.item] + syscalls_per_file.get(item.files[0].path, []) } ) }}"
    loop: '{{ find_command.results | selectattr(''matched'') | list }}'

  - name: Declare files where syscalls were found
    set_fact: found_paths="{{ find_command.results | map(attribute='files') | flatten
      | map(attribute='path') | list }}"

  - name: Count occurrences of syscalls in paths
    set_fact: found_paths_dict="{{ found_paths_dict | combine({ item:1+found_paths_dict.get(item,
      0) }) }}"
    loop: '{{ find_command.results | map(attribute=''files'') | flatten | map(attribute=''path'')
      | list }}'

  - name: Get path with most syscalls
    set_fact: audit_file="{{ (found_paths_dict | dict2items() | sort(attribute='value')
      | last).key }}"
    when: found_paths | length &gt;= 1

  - name: No file with syscall found, set path to /etc/audit/rules.d/perm_mod.rules
    set_fact: audit_file="/etc/audit/rules.d/perm_mod.rules"
    when: found_paths | length == 0

  - name: Declare found syscalls
    set_fact: syscalls_found="{{ find_command.results | selectattr('matched') | map(attribute='item')
      | list }}"

  - name: Declare missing syscalls
    set_fact: missing_syscalls="{{ syscalls | difference(syscalls_found) }}"

  - name: Replace the audit rule in {{ audit_file }}
    lineinfile:
      path: '{{ audit_file }}'
      regexp: (-a always,exit -F arch=b64)(?=.*(?:(?:-S |,)(?:{{ syscalls_per_file[audit_file]
        | join("|") }}))\b)((?:( -S |,)\w+)+)( -F auid&gt;=1000 -F auid!=unset (?:-k
        |-F key=)\w+)
      line: \1\2\3{{ missing_syscalls | join("\3") }}\4
      backrefs: true
      state: present
      mode: g-rwx,o-rwx
    when: syscalls_found | length &gt; 0 and missing_syscalls | length &gt; 0

  - name: Add the audit rule to {{ audit_file }}
    lineinfile:
      path: '{{ audit_file }}'
      line: -a always,exit -F arch=b64 -S {{ syscalls | join(',') }} -F auid&gt;=1000
        -F auid!=unset -F key=perm_mod
      create: true
      mode: g-rwx,o-rwx
      state: present
    when: syscalls_found | length == 0

  - name: Declare list of syscalls
    set_fact:
      syscalls:
      - lchown
      syscall_grouping:
      - chown
      - fchown
      - fchownat
      - lchown

  - name: Check existence of lchown in /etc/audit/audit.rules
    find:
      paths: /etc/audit
      contains: -a always,exit -F arch=b64(( -S |,)\w+)*(( -S |,){{ item }})+(( -S
        |,)\w+)* -F auid&gt;=1000 -F auid!=unset (-k\s+|-F\s+key=)\S+\s*$
      patterns: audit.rules
    register: find_command
    loop: '{{ (syscall_grouping + syscalls) | unique }}'

  - name: Set path to /etc/audit/audit.rules
    set_fact: audit_file="/etc/audit/audit.rules"

  - name: Declare found syscalls
    set_fact: syscalls_found="{{ find_command.results | selectattr('matched') | map(attribute='item')
      | list }}"

  - name: Declare missing syscalls
    set_fact: missing_syscalls="{{ syscalls | difference(syscalls_found) }}"

  - name: Replace the audit rule in {{ audit_file }}
    lineinfile:
      path: '{{ audit_file }}'
      regexp: (-a always,exit -F arch=b64)(?=.*(?:(?:-S |,)(?:{{ syscalls_found |
        join("|") }}))\b)((?:( -S |,)\w+)+)( -F auid&gt;=1000 -F auid!=unset (?:-k |-F
        key=)\w+)
      line: \1\2\3{{ missing_syscalls | join("\3") }}\4
      backrefs: true
      state: present
      mode: g-rwx,o-rwx
    when: syscalls_found | length &gt; 0 and missing_syscalls | length &gt; 0

  - name: Add the audit rule to {{ audit_file }}
    lineinfile:
      path: '{{ audit_file }}'
      line: -a always,exit -F arch=b64 -S {{ syscalls | join(',') }} -F auid&gt;=1000
        -F auid!=unset -F key=perm_mod
      create: true
      mode: g-rwx,o-rwx
      state: present
    when: syscalls_found | length == 0
  when:
  - '"auditd" in ansible_facts.packages'
  - '"linux-base" in ansible_facts.packages'
  - not ( ansible_architecture == "aarch64" )
  - audit_arch == "b64"
  tags:
  - CJIS-5.4.1.1
  - NIST-800-171-3.1.7
  - NIST-800-53-AU-12(c)
  - NIST-800-53-AU-2(d)
  - NIST-800-53-CM-6(a)
  - PCI-DSS-Req-10.5.5
  - PCI-DSSv4-10.3
  - PCI-DSSv4-10.3.4
  - audit_rules_dac_modification_lchown
  - low_complexity
  - low_disruption
  - medium_severity
  - reboot_required
  - restrict_strategy
</fix>
          <fix xmlns:xhtml="http://www.w3.org/1999/xhtml" id="audit_rules_dac_modification_lchown" system="urn:xccdf:fix:script:sh"># Remediation is applicable only in certain platforms
if dpkg-query --show --showformat='${db:Status-Status}
' 'linux-base' 2&gt;/dev/null | grep -q ^installed &amp;&amp; dpkg-query --show --showformat='${db:Status-Status}\n' 'auditd' 2&gt;/dev/null | grep -q '^installed' &amp;&amp; { ! ( ( grep -sqE "^.*\.aarch64$" /proc/sys/kernel/osrelease || grep -sqE "^aarch64$" /proc/sys/kernel/arch; ) ); }; then

# First perform the remediation of the syscall rule
# Retrieve hardware architecture of the underlying system
[ "$(getconf LONG_BIT)" = "32" ] &amp;&amp; RULE_ARCHS=("b32") || RULE_ARCHS=("b32" "b64")

for ARCH in "${RULE_ARCHS[@]}"
do
	ACTION_ARCH_FILTERS="-a always,exit -F arch=$ARCH"
	OTHER_FILTERS=""
	AUID_FILTERS="-F auid&gt;=1000 -F auid!=unset"
	SYSCALL="lchown"
	KEY="perm_mod"
	SYSCALL_GROUPING="chown fchown fchownat lchown"

	# Perform the remediation for both possible tools: 'auditctl' and 'augenrules'
	unset syscall_a
unset syscall_grouping
unset syscall_string
unset syscall
unset file_to_edit
unset rule_to_edit
unset rule_syscalls_to_edit
unset other_string
unset auid_string
unset full_rule

# Load macro arguments into arrays
read -a syscall_a &lt;&lt;&lt; $SYSCALL
read -a syscall_grouping &lt;&lt;&lt; $SYSCALL_GROUPING

# Create a list of audit *.rules files that should be inspected for presence and correctness
# of a particular audit rule. The scheme is as follows:
#
# -----------------------------------------------------------------------------------------
#  Tool used to load audit rules | Rule already defined  |  Audit rules file to inspect    |
# -----------------------------------------------------------------------------------------
#        auditctl                |     Doesn't matter    |  /etc/audit/audit.rules         |
# -----------------------------------------------------------------------------------------
#        augenrules              |          Yes          |  /etc/audit/rules.d/*.rules     |
#        augenrules              |          No           |  /etc/audit/rules.d/$key.rules  |
# -----------------------------------------------------------------------------------------
#
files_to_inspect=()

# If audit tool is 'augenrules', then check if the audit rule is defined
# If rule is defined, add '/etc/audit/rules.d/*.rules' to the list for inspection
# If rule isn't defined yet, add '/etc/audit/rules.d/$key.rules' to the list for inspection
default_file="/etc/audit/rules.d/$KEY.rules"
# As other_filters may include paths, lets use a different delimiter for it
# The "F" script expression tells sed to print the filenames where the expressions matched
readarray -t files_to_inspect &lt; &lt;(sed -s -n -e "/^$ACTION_ARCH_FILTERS/!d" -e "\#$OTHER_FILTERS#!d" -e "/$AUID_FILTERS/!d" -e "F" /etc/audit/rules.d/*.rules)
# Case when particular rule isn't defined in /etc/audit/rules.d/*.rules yet
if [ ${#files_to_inspect[@]} -eq "0" ]
then
    file_to_inspect="/etc/audit/rules.d/$KEY.rules"
    files_to_inspect=("$file_to_inspect")
    if [ ! -e "$file_to_inspect" ]
    then
        touch "$file_to_inspect"
        chmod 0600 "$file_to_inspect"
    fi
fi

# After converting to jinja, we cannot return; therefore we skip the rest of the macro if needed instead
skip=1

for audit_file in "${files_to_inspect[@]}"
do
    # Filter existing $audit_file rules' definitions to select those that satisfy the rule pattern,
    # i.e, collect rules that match:
    # * the action, list and arch, (2-nd argument)
    # * the other filters, (3-rd argument)
    # * the auid filters, (4-rd argument)
    readarray -t similar_rules &lt; &lt;(sed -e "/^$ACTION_ARCH_FILTERS/!d"  -e "\#$OTHER_FILTERS#!d" -e "/$AUID_FILTERS/!d" "$audit_file")

    candidate_rules=()
    # Filter out rules that have more fields then required. This will remove rules more specific than the required scope
    for s_rule in "${similar_rules[@]}"
    do
        # Strip all the options and fields we know of,
        # than check if there was any field left over
        extra_fields=$(sed -E -e "s/^$ACTION_ARCH_FILTERS//"  -e "s#$OTHER_FILTERS##" -e "s/$AUID_FILTERS//" -e "s/((:?-S [[:alnum:],]+)+)//g" -e "s/-F key=\w+|-k \w+//"&lt;&lt;&lt; "$s_rule")
        grep -q -- "-F" &lt;&lt;&lt; "$extra_fields" || candidate_rules+=("$s_rule")
    done

    if [[ ${#syscall_a[@]} -ge 1 ]]
    then
        # Check if the syscall we want is present in any of the similar existing rules
        for rule in "${candidate_rules[@]}"
        do
            rule_syscalls=$(echo "$rule" | grep -o -P '(-S [\w,]+)+' | xargs)
            all_syscalls_found=0
            for syscall in "${syscall_a[@]}"
            do
                grep -q -- "\b${syscall}\b" &lt;&lt;&lt; "$rule_syscalls" || {
                   # A syscall was not found in the candidate rule
                   all_syscalls_found=1
                   }
            done
            if [[ $all_syscalls_found -eq 0 ]]
            then
                # We found a rule with all the syscall(s) we want; skip rest of macro
                skip=0
                break
            fi

            # Check if this rule can be grouped with our target syscall and keep track of it
            for syscall_g in "${syscall_grouping[@]}"
            do
                if grep -q -- "\b${syscall_g}\b" &lt;&lt;&lt; "$rule_syscalls"
                then
                    file_to_edit=${audit_file}
                    rule_to_edit=${rule}
                    rule_syscalls_to_edit=${rule_syscalls}
                fi
            done
        done
    else
        # If there is any candidate rule, it is compliant; skip rest of macro
        if [ "${#candidate_rules[@]}" -gt 0 ]
        then
            skip=0
        fi
    fi

    if [ "$skip" -eq 0 ]; then
        break
    fi
done

if [ "$skip" -ne 0 ]; then
    # We checked all rules that matched the expected resemblance pattern (action, arch &amp; auid)
    # At this point we know if we need to either append the $full_rule or group
    # the syscall together with an exsiting rule

    # Append the full_rule if it cannot be grouped to any other rule
    if [ -z ${rule_to_edit+x} ]
    then
        # Build full_rule while avoid adding double spaces when other_filters is empty
        if [ "${#syscall_a[@]}" -gt 0 ]
        then
            syscall_string=""
            for syscall in "${syscall_a[@]}"
            do
                syscall_string+=" -S $syscall"
            done
        fi
        other_string=$([[ $OTHER_FILTERS ]] &amp;&amp; echo " $OTHER_FILTERS") || /bin/true
        auid_string=$([[ $AUID_FILTERS ]] &amp;&amp; echo " $AUID_FILTERS") || /bin/true
        full_rule="$ACTION_ARCH_FILTERS${syscall_string}${other_string}${auid_string} -F key=$KEY" || /bin/true
        echo "$full_rule" &gt;&gt; "$default_file"
        chmod 0600 ${default_file}
    else
        # Check if the syscalls are declared as a comma separated list or
        # as multiple -S parameters
        if grep -q -- "," &lt;&lt;&lt; "${rule_syscalls_to_edit}"
        then
            delimiter=","
        else
            delimiter=" -S "
        fi
        new_grouped_syscalls="${rule_syscalls_to_edit}"
        for syscall in "${syscall_a[@]}"
        do
            grep -q -- "\b${syscall}\b" &lt;&lt;&lt; "${rule_syscalls_to_edit}" || {
               # A syscall was not found in the candidate rule
               new_grouped_syscalls+="${delimiter}${syscall}"
               }
        done

        # Group the syscall in the rule
        sed -i -e "\#${rule_to_edit}#s#${rule_syscalls_to_edit}#${new_grouped_syscalls}#" "$file_to_edit"
    fi
fi
	unset syscall_a
unset syscall_grouping
unset syscall_string
unset syscall
unset file_to_edit
unset rule_to_edit
unset rule_syscalls_to_edit
unset other_string
unset auid_string
unset full_rule

# Load macro arguments into arrays
read -a syscall_a &lt;&lt;&lt; $SYSCALL
read -a syscall_grouping &lt;&lt;&lt; $SYSCALL_GROUPING

# Create a list of audit *.rules files that should be inspected for presence and correctness
# of a particular audit rule. The scheme is as follows:
#
# -----------------------------------------------------------------------------------------
#  Tool used to load audit rules | Rule already defined  |  Audit rules file to inspect    |
# -----------------------------------------------------------------------------------------
#        auditctl                |     Doesn't matter    |  /etc/audit/audit.rules         |
# -----------------------------------------------------------------------------------------
#        augenrules              |          Yes          |  /etc/audit/rules.d/*.rules     |
#        augenrules              |          No           |  /etc/audit/rules.d/$key.rules  |
# -----------------------------------------------------------------------------------------
#
files_to_inspect=()


# If audit tool is 'auditctl', then add '/etc/audit/audit.rules'
# file to the list of files to be inspected
default_file="/etc/audit/audit.rules"
files_to_inspect+=('/etc/audit/audit.rules' )

# After converting to jinja, we cannot return; therefore we skip the rest of the macro if needed instead
skip=1

for audit_file in "${files_to_inspect[@]}"
do
    # Filter existing $audit_file rules' definitions to select those that satisfy the rule pattern,
    # i.e, collect rules that match:
    # * the action, list and arch, (2-nd argument)
    # * the other filters, (3-rd argument)
    # * the auid filters, (4-rd argument)
    readarray -t similar_rules &lt; &lt;(sed -e "/^$ACTION_ARCH_FILTERS/!d"  -e "\#$OTHER_FILTERS#!d" -e "/$AUID_FILTERS/!d" "$audit_file")

    candidate_rules=()
    # Filter out rules that have more fields then required. This will remove rules more specific than the required scope
    for s_rule in "${similar_rules[@]}"
    do
        # Strip all the options and fields we know of,
        # than check if there was any field left over
        extra_fields=$(sed -E -e "s/^$ACTION_ARCH_FILTERS//"  -e "s#$OTHER_FILTERS##" -e "s/$AUID_FILTERS//" -e "s/((:?-S [[:alnum:],]+)+)//g" -e "s/-F key=\w+|-k \w+//"&lt;&lt;&lt; "$s_rule")
        grep -q -- "-F" &lt;&lt;&lt; "$extra_fields" || candidate_rules+=("$s_rule")
    done

    if [[ ${#syscall_a[@]} -ge 1 ]]
    then
        # Check if the syscall we want is present in any of the similar existing rules
        for rule in "${candidate_rules[@]}"
        do
            rule_syscalls=$(echo "$rule" | grep -o -P '(-S [\w,]+)+' | xargs)
            all_syscalls_found=0
            for syscall in "${syscall_a[@]}"
            do
                grep -q -- "\b${syscall}\b" &lt;&lt;&lt; "$rule_syscalls" || {
                   # A syscall was not found in the candidate rule
                   all_syscalls_found=1
                   }
            done
            if [[ $all_syscalls_found -eq 0 ]]
            then
                # We found a rule with all the syscall(s) we want; skip rest of macro
                skip=0
                break
            fi

            # Check if this rule can be grouped with our target syscall and keep track of it
            for syscall_g in "${syscall_grouping[@]}"
            do
                if grep -q -- "\b${syscall_g}\b" &lt;&lt;&lt; "$rule_syscalls"
                then
                    file_to_edit=${audit_file}
                    rule_to_edit=${rule}
                    rule_syscalls_to_edit=${rule_syscalls}
                fi
            done
        done
    else
        # If there is any candidate rule, it is compliant; skip rest of macro
        if [ "${#candidate_rules[@]}" -gt 0 ]
        then
            skip=0
        fi
    fi

    if [ "$skip" -eq 0 ]; then
        break
    fi
done

if [ "$skip" -ne 0 ]; then
    # We checked all rules that matched the expected resemblance pattern (action, arch &amp; auid)
    # At this point we know if we need to either append the $full_rule or group
    # the syscall together with an exsiting rule

    # Append the full_rule if it cannot be grouped to any other rule
    if [ -z ${rule_to_edit+x} ]
    then
        # Build full_rule while avoid adding double spaces when other_filters is empty
        if [ "${#syscall_a[@]}" -gt 0 ]
        then
            syscall_string=""
            for syscall in "${syscall_a[@]}"
            do
                syscall_string+=" -S $syscall"
            done
        fi
        other_string=$([[ $OTHER_FILTERS ]] &amp;&amp; echo " $OTHER_FILTERS") || /bin/true
        auid_string=$([[ $AUID_FILTERS ]] &amp;&amp; echo " $AUID_FILTERS") || /bin/true
        full_rule="$ACTION_ARCH_FILTERS${syscall_string}${other_string}${auid_string} -F key=$KEY" || /bin/true
        echo "$full_rule" &gt;&gt; "$default_file"
        chmod 0600 ${default_file}
    else
        # Check if the syscalls are declared as a comma separated list or
        # as multiple -S parameters
        if grep -q -- "," &lt;&lt;&lt; "${rule_syscalls_to_edit}"
        then
            delimiter=","
        else
            delimiter=" -S "
        fi
        new_grouped_syscalls="${rule_syscalls_to_edit}"
        for syscall in "${syscall_a[@]}"
        do
            grep -q -- "\b${syscall}\b" &lt;&lt;&lt; "${rule_syscalls_to_edit}" || {
               # A syscall was not found in the candidate rule
               new_grouped_syscalls+="${delimiter}${syscall}"
               }
        done

        # Group the syscall in the rule
        sed -i -e "\#${rule_to_edit}#s#${rule_syscalls_to_edit}#${new_grouped_syscalls}#" "$file_to_edit"
    fi
fi
done

else
    &gt;&amp;2 echo 'Remediation is not applicable, nothing was done'
fi
</fix>
          <check system="http://oval.mitre.org/XMLSchema/oval-definitions-5">
            <check-content-ref name="oval:ssg-audit_rules_dac_modification_lchown:def:1" href="ssg-ubuntu2404-oval.xml"/>
          </check>
          <check system="http://scap.nist.gov/schema/ocil/2">
            <check-content-ref name="ocil:ssg-audit_rules_dac_modification_lchown_ocil:questionnaire:1" href="ssg-ubuntu2404-ocil.xml"/>
          </check>
        </Rule>
        <Rule id="xccdf_org.ssgproject.content_rule_audit_rules_dac_modification_lremovexattr" selected="false" role="full" severity="medium">
          <title xmlns:xhtml="http://www.w3.org/1999/xhtml" xml:lang="en-US">Record Events that Modify the System's Discretionary Access Controls - lremovexattr</title>
          <description xmlns:xhtml="http://www.w3.org/1999/xhtml" xml:lang="en-US">At a minimum, the audit system should collect file permission
changes for all users and root.
<html:br xmlns:html="http://www.w3.org/1999/xhtml"/>
        <html:br xmlns:html="http://www.w3.org/1999/xhtml"/>
If the <html:code xmlns:html="http://www.w3.org/1999/xhtml">auditd</html:code> daemon is configured
to use the <html:code xmlns:html="http://www.w3.org/1999/xhtml">augenrules</html:code> program to read audit rules during daemon
startup (the default), add the following line to a file with suffix
<html:code xmlns:html="http://www.w3.org/1999/xhtml">.rules</html:code> in the directory <html:code xmlns:html="http://www.w3.org/1999/xhtml">/etc/audit/rules.d</html:code>:
<html:pre xmlns:html="http://www.w3.org/1999/xhtml">-a always,exit -F arch=b32 -S lremovexattr -F auid&gt;=1000 -F auid!=unset -F key=perm_mod</html:pre>
        <html:pre xmlns:html="http://www.w3.org/1999/xhtml">-a always,exit -F arch=b32 -S lremovexattr -F auid=0 -F key=perm_mod</html:pre>
        <html:br xmlns:html="http://www.w3.org/1999/xhtml"/>
        <html:br xmlns:html="http://www.w3.org/1999/xhtml"/>
If the system is 64 bit then also add the following line:
<html:pre xmlns:html="http://www.w3.org/1999/xhtml">-a always,exit -F arch=b64 -S lremovexattr -F auid&gt;=1000 -F auid!=unset -F key=perm_mod</html:pre>
        <html:pre xmlns:html="http://www.w3.org/1999/xhtml">-a always,exit -F arch=b64 -S lremovexattr -F auid=0 -F key=perm_mod</html:pre>
        <html:br xmlns:html="http://www.w3.org/1999/xhtml"/>
        <html:br xmlns:html="http://www.w3.org/1999/xhtml"/>
If the <html:code xmlns:html="http://www.w3.org/1999/xhtml">auditd</html:code> daemon is configured to use the <html:code xmlns:html="http://www.w3.org/1999/xhtml">auditctl</html:code>
utility to read audit rules during daemon startup, add the following line to
<html:code xmlns:html="http://www.w3.org/1999/xhtml">/etc/audit/audit.rules</html:code> file:
<html:pre xmlns:html="http://www.w3.org/1999/xhtml">-a always,exit -F arch=b32 -S lremovexattr -F auid&gt;=1000 -F auid!=unset -F key=perm_mod</html:pre>
        <html:pre xmlns:html="http://www.w3.org/1999/xhtml">-a always,exit -F arch=b32 -S lremovexattr -F auid=0 -F key=perm_mod</html:pre>
        <html:br xmlns:html="http://www.w3.org/1999/xhtml"/>
        <html:br xmlns:html="http://www.w3.org/1999/xhtml"/>
If the system is 64 bit then also add the following line:
<html:pre xmlns:html="http://www.w3.org/1999/xhtml">-a always,exit -F arch=b64 -S lremovexattr -F auid&gt;=1000 -F auid!=unset -F key=perm_mod</html:pre>
        <html:pre xmlns:html="http://www.w3.org/1999/xhtml">-a always,exit -F arch=b64 -S lremovexattr -F auid=0 -F key=perm_mod</html:pre>
       </description>
          <warning xmlns:xhtml="http://www.w3.org/1999/xhtml" xml:lang="en-US" category="general">Note that these rules can be configured in a
number of ways while still achieving the desired effect. Here the system calls
have been placed independent of other system calls. Grouping these system
calls with others as identifying earlier in this guide is more efficient.</warning>
          <reference href="https://www.cisecurity.org/controls/">1</reference>
          <reference href="https://www.cisecurity.org/controls/">11</reference>
          <reference href="https://www.cisecurity.org/controls/">12</reference>
          <reference href="https://www.cisecurity.org/controls/">13</reference>
          <reference href="https://www.cisecurity.org/controls/">14</reference>
          <reference href="https://www.cisecurity.org/controls/">15</reference>
          <reference href="https://www.cisecurity.org/controls/">16</reference>
          <reference href="https://www.cisecurity.org/controls/">19</reference>
          <reference href="https://www.cisecurity.org/controls/">2</reference>
          <reference href="https://www.cisecurity.org/controls/">3</reference>
          <reference href="https://www.cisecurity.org/controls/">4</reference>
          <reference href="https://www.cisecurity.org/controls/">5</reference>
          <reference href="https://www.cisecurity.org/controls/">6</reference>
          <reference href="https://www.cisecurity.org/controls/">7</reference>
          <reference href="https://www.cisecurity.org/controls/">8</reference>
          <reference href="https://www.cisecurity.org/controls/">9</reference>
          <reference href="https://www.fbi.gov/file-repository/cjis-security-policy-v5_5_20160601-2-1.pdf">5.4.1.1</reference>
          <reference href="https://www.isaca.org/resources/cobit">APO10.01</reference>
          <reference href="https://www.isaca.org/resources/cobit">APO10.03</reference>
          <reference href="https://www.isaca.org/resources/cobit">APO10.04</reference>
          <reference href="https://www.isaca.org/resources/cobit">APO10.05</reference>
          <reference href="https://www.isaca.org/resources/cobit">APO11.04</reference>
          <reference href="https://www.isaca.org/resources/cobit">APO12.06</reference>
          <reference href="https://www.isaca.org/resources/cobit">APO13.01</reference>
          <reference href="https://www.isaca.org/resources/cobit">BAI03.05</reference>
          <reference href="https://www.isaca.org/resources/cobit">BAI08.02</reference>
          <reference href="https://www.isaca.org/resources/cobit">DSS01.03</reference>
          <reference href="https://www.isaca.org/resources/cobit">DSS01.04</reference>
          <reference href="https://www.isaca.org/resources/cobit">DSS02.02</reference>
          <reference href="https://www.isaca.org/resources/cobit">DSS02.04</reference>
          <reference href="https://www.isaca.org/resources/cobit">DSS02.07</reference>
          <reference href="https://www.isaca.org/resources/cobit">DSS03.01</reference>
          <reference href="https://www.isaca.org/resources/cobit">DSS03.05</reference>
          <reference href="https://www.isaca.org/resources/cobit">DSS05.02</reference>
          <reference href="https://www.isaca.org/resources/cobit">DSS05.03</reference>
          <reference href="https://www.isaca.org/resources/cobit">DSS05.04</reference>
          <reference href="https://www.isaca.org/resources/cobit">DSS05.05</reference>
          <reference href="https://www.isaca.org/resources/cobit">DSS05.07</reference>
          <reference href="https://www.isaca.org/resources/cobit">MEA01.01</reference>
          <reference href="https://www.isaca.org/resources/cobit">MEA01.02</reference>
          <reference href="https://www.isaca.org/resources/cobit">MEA01.03</reference>
          <reference href="https://www.isaca.org/resources/cobit">MEA01.04</reference>
          <reference href="https://www.isaca.org/resources/cobit">MEA01.05</reference>
          <reference href="https://www.isaca.org/resources/cobit">MEA02.01</reference>
          <reference href="http://nvlpubs.nist.gov/nistpubs/SpecialPublications/NIST.SP.800-171.pdf">3.1.7</reference>
          <reference href="https://public.cyber.mil/stigs/cci/">CCI-000172</reference>
          <reference href="https://public.cyber.mil/stigs/cci/">CCI-000130</reference>
          <reference href="https://public.cyber.mil/stigs/cci/">CCI-000135</reference>
          <reference href="https://public.cyber.mil/stigs/cci/">CCI-000169</reference>
          <reference href="https://public.cyber.mil/stigs/cci/">CCI-002884</reference>
          <reference href="https://www.gpo.gov/fdsys/pkg/CFR-2007-title45-vol1/pdf/CFR-2007-title45-vol1-chapA-subchapC.pdf">164.308(a)(1)(ii)(D)</reference>
          <reference href="https://www.gpo.gov/fdsys/pkg/CFR-2007-title45-vol1/pdf/CFR-2007-title45-vol1-chapA-subchapC.pdf">164.308(a)(3)(ii)(A)</reference>
          <reference href="https://www.gpo.gov/fdsys/pkg/CFR-2007-title45-vol1/pdf/CFR-2007-title45-vol1-chapA-subchapC.pdf">164.308(a)(5)(ii)(C)</reference>
          <reference href="https://www.gpo.gov/fdsys/pkg/CFR-2007-title45-vol1/pdf/CFR-2007-title45-vol1-chapA-subchapC.pdf">164.312(a)(2)(i)</reference>
          <reference href="https://www.gpo.gov/fdsys/pkg/CFR-2007-title45-vol1/pdf/CFR-2007-title45-vol1-chapA-subchapC.pdf">164.312(b)</reference>
          <reference href="https://www.gpo.gov/fdsys/pkg/CFR-2007-title45-vol1/pdf/CFR-2007-title45-vol1-chapA-subchapC.pdf">164.312(d)</reference>
          <reference href="https://www.gpo.gov/fdsys/pkg/CFR-2007-title45-vol1/pdf/CFR-2007-title45-vol1-chapA-subchapC.pdf">164.312(e)</reference>
          <reference href="https://www.isa.org/products/isa-62443-2-1-2009-security-for-industrial-automat">4.2.3.10</reference>
          <reference href="https://www.isa.org/products/isa-62443-2-1-2009-security-for-industrial-automat">4.3.2.6.7</reference>
          <reference href="https://www.isa.org/products/isa-62443-2-1-2009-security-for-industrial-automat">4.3.3.3.9</reference>
          <reference href="https://www.isa.org/products/isa-62443-2-1-2009-security-for-industrial-automat">4.3.3.5.8</reference>
          <reference href="https://www.isa.org/products/isa-62443-2-1-2009-security-for-industrial-automat">4.3.3.6.6</reference>
          <reference href="https://www.isa.org/products/isa-62443-2-1-2009-security-for-industrial-automat">4.3.4.4.7</reference>
          <reference href="https://www.isa.org/products/isa-62443-2-1-2009-security-for-industrial-automat">4.3.4.5.6</reference>
          <reference href="https://www.isa.org/products/isa-62443-2-1-2009-security-for-industrial-automat">4.3.4.5.7</reference>
          <reference href="https://www.isa.org/products/isa-62443-2-1-2009-security-for-industrial-automat">4.3.4.5.8</reference>
          <reference href="https://www.isa.org/products/isa-62443-2-1-2009-security-for-industrial-automat">4.4.2.1</reference>
          <reference href="https://www.isa.org/products/isa-62443-2-1-2009-security-for-industrial-automat">4.4.2.2</reference>
          <reference href="https://www.isa.org/products/isa-62443-2-1-2009-security-for-industrial-automat">4.4.2.4</reference>
          <reference href="https://www.isa.org/products/ansi-isa-62443-3-3-99-03-03-2013-security-for-indu">SR 1.13</reference>
          <reference href="https://www.isa.org/products/ansi-isa-62443-3-3-99-03-03-2013-security-for-indu">SR 2.10</reference>
          <reference href="https://www.isa.org/products/ansi-isa-62443-3-3-99-03-03-2013-security-for-indu">SR 2.11</reference>
          <reference href="https://www.isa.org/products/ansi-isa-62443-3-3-99-03-03-2013-security-for-indu">SR 2.12</reference>
          <reference href="https://www.isa.org/products/ansi-isa-62443-3-3-99-03-03-2013-security-for-indu">SR 2.6</reference>
          <reference href="https://www.isa.org/products/ansi-isa-62443-3-3-99-03-03-2013-security-for-indu">SR 2.8</reference>
          <reference href="https://www.isa.org/products/ansi-isa-62443-3-3-99-03-03-2013-security-for-indu">SR 2.9</reference>
          <reference href="https://www.isa.org/products/ansi-isa-62443-3-3-99-03-03-2013-security-for-indu">SR 3.1</reference>
          <reference href="https://www.isa.org/products/ansi-isa-62443-3-3-99-03-03-2013-security-for-indu">SR 3.5</reference>
          <reference href="https://www.isa.org/products/ansi-isa-62443-3-3-99-03-03-2013-security-for-indu">SR 3.8</reference>
          <reference href="https://www.isa.org/products/ansi-isa-62443-3-3-99-03-03-2013-security-for-indu">SR 4.1</reference>
          <reference href="https://www.isa.org/products/ansi-isa-62443-3-3-99-03-03-2013-security-for-indu">SR 4.3</reference>
          <reference href="https://www.isa.org/products/ansi-isa-62443-3-3-99-03-03-2013-security-for-indu">SR 5.1</reference>
          <reference href="https://www.isa.org/products/ansi-isa-62443-3-3-99-03-03-2013-security-for-indu">SR 5.2</reference>
          <reference href="https://www.isa.org/products/ansi-isa-62443-3-3-99-03-03-2013-security-for-indu">SR 5.3</reference>
          <reference href="https://www.isa.org/products/ansi-isa-62443-3-3-99-03-03-2013-security-for-indu">SR 6.1</reference>
          <reference href="https://www.isa.org/products/ansi-isa-62443-3-3-99-03-03-2013-security-for-indu">SR 6.2</reference>
          <reference href="https://www.isa.org/products/ansi-isa-62443-3-3-99-03-03-2013-security-for-indu">SR 7.1</reference>
          <reference href="https://www.isa.org/products/ansi-isa-62443-3-3-99-03-03-2013-security-for-indu">SR 7.6</reference>
          <reference href="https://www.iso.org/contents/data/standard/05/45/54534.html">A.11.2.6</reference>
          <reference href="https://www.iso.org/contents/data/standard/05/45/54534.html">A.12.4.1</reference>
          <reference href="https://www.iso.org/contents/data/standard/05/45/54534.html">A.12.4.2</reference>
          <reference href="https://www.iso.org/contents/data/standard/05/45/54534.html">A.12.4.3</reference>
          <reference href="https://www.iso.org/contents/data/standard/05/45/54534.html">A.12.4.4</reference>
          <reference href="https://www.iso.org/contents/data/standard/05/45/54534.html">A.12.7.1</reference>
          <reference href="https://www.iso.org/contents/data/standard/05/45/54534.html">A.13.1.1</reference>
          <reference href="https://www.iso.org/contents/data/standard/05/45/54534.html">A.13.2.1</reference>
          <reference href="https://www.iso.org/contents/data/standard/05/45/54534.html">A.14.1.3</reference>
          <reference href="https://www.iso.org/contents/data/standard/05/45/54534.html">A.14.2.7</reference>
          <reference href="https://www.iso.org/contents/data/standard/05/45/54534.html">A.15.2.1</reference>
          <reference href="https://www.iso.org/contents/data/standard/05/45/54534.html">A.15.2.2</reference>
          <reference href="https://www.iso.org/contents/data/standard/05/45/54534.html">A.16.1.4</reference>
          <reference href="https://www.iso.org/contents/data/standard/05/45/54534.html">A.16.1.5</reference>
          <reference href="https://www.iso.org/contents/data/standard/05/45/54534.html">A.16.1.7</reference>
          <reference href="https://www.iso.org/contents/data/standard/05/45/54534.html">A.6.2.1</reference>
          <reference href="https://www.iso.org/contents/data/standard/05/45/54534.html">A.6.2.2</reference>
          <reference href="http://nvlpubs.nist.gov/nistpubs/SpecialPublications/NIST.SP.800-53r4.pdf">AU-2(d)</reference>
          <reference href="http://nvlpubs.nist.gov/nistpubs/SpecialPublications/NIST.SP.800-53r4.pdf">AU-12(c)</reference>
          <reference href="http://nvlpubs.nist.gov/nistpubs/SpecialPublications/NIST.SP.800-53r4.pdf">CM-6(a)</reference>
          <reference href="https://nvlpubs.nist.gov/nistpubs/CSWP/NIST.CSWP.04162018.pdf">DE.AE-3</reference>
          <reference href="https://nvlpubs.nist.gov/nistpubs/CSWP/NIST.CSWP.04162018.pdf">DE.AE-5</reference>
          <reference href="https://nvlpubs.nist.gov/nistpubs/CSWP/NIST.CSWP.04162018.pdf">DE.CM-1</reference>
          <reference href="https://nvlpubs.nist.gov/nistpubs/CSWP/NIST.CSWP.04162018.pdf">DE.CM-3</reference>
          <reference href="https://nvlpubs.nist.gov/nistpubs/CSWP/NIST.CSWP.04162018.pdf">DE.CM-7</reference>
          <reference href="https://nvlpubs.nist.gov/nistpubs/CSWP/NIST.CSWP.04162018.pdf">ID.SC-4</reference>
          <reference href="https://nvlpubs.nist.gov/nistpubs/CSWP/NIST.CSWP.04162018.pdf">PR.AC-3</reference>
          <reference href="https://nvlpubs.nist.gov/nistpubs/CSWP/NIST.CSWP.04162018.pdf">PR.PT-1</reference>
          <reference href="https://nvlpubs.nist.gov/nistpubs/CSWP/NIST.CSWP.04162018.pdf">PR.PT-4</reference>
          <reference href="https://nvlpubs.nist.gov/nistpubs/CSWP/NIST.CSWP.04162018.pdf">RS.AN-1</reference>
          <reference href="https://nvlpubs.nist.gov/nistpubs/CSWP/NIST.CSWP.04162018.pdf">RS.AN-4</reference>
          <reference href="https://www.pcisecuritystandards.org/documents/PCI_DSS_v3-2-1.pdf">Req-10.5.5</reference>
          <reference href="https://public.cyber.mil/stigs/downloads/?_dl_facet_stigs=operating-systems%2Cgeneral-purpose-os">SRG-OS-000037-GPOS-00015</reference>
          <reference href="https://public.cyber.mil/stigs/downloads/?_dl_facet_stigs=operating-systems%2Cgeneral-purpose-os">SRG-OS-000042-GPOS-00020</reference>
          <reference href="https://public.cyber.mil/stigs/downloads/?_dl_facet_stigs=operating-systems%2Cgeneral-purpose-os">SRG-OS-000062-GPOS-00031</reference>
          <reference href="https://public.cyber.mil/stigs/downloads/?_dl_facet_stigs=operating-systems%2Cgeneral-purpose-os">SRG-OS-000392-GPOS-00172</reference>
          <reference href="https://public.cyber.mil/stigs/downloads/?_dl_facet_stigs=operating-systems%2Cgeneral-purpose-os">SRG-OS-000458-GPOS-00203</reference>
          <reference href="https://public.cyber.mil/stigs/downloads/?_dl_facet_stigs=operating-systems%2Cgeneral-purpose-os">SRG-OS-000462-GPOS-00206</reference>
          <reference href="https://public.cyber.mil/stigs/downloads/?_dl_facet_stigs=operating-systems%2Cgeneral-purpose-os">SRG-OS-000463-GPOS-00207</reference>
          <reference href="https://public.cyber.mil/stigs/downloads/?_dl_facet_stigs=operating-systems%2Cgeneral-purpose-os">SRG-OS-000468-GPOS-00212</reference>
          <reference href="https://public.cyber.mil/stigs/downloads/?_dl_facet_stigs=operating-systems%2Cgeneral-purpose-os">SRG-OS-000471-GPOS-00215</reference>
          <reference href="https://public.cyber.mil/stigs/downloads/?_dl_facet_stigs=operating-systems%2Cgeneral-purpose-os">SRG-OS-000474-GPOS-00219</reference>
          <reference href="https://public.cyber.mil/stigs/downloads/?_dl_facet_stigs=operating-systems%2Cgeneral-purpose-os">SRG-OS-000466-GPOS-00210</reference>
          <reference href="https://public.cyber.mil/stigs/downloads/?_dl_facet_stigs=operating-systems%2Cgeneral-purpose-os">SRG-OS-000064-GPOS-00033</reference>
          <reference href="https://public.cyber.mil/stigs/downloads/?_dl_facet_stigs=container-platform">SRG-APP-000091-CTR-000160</reference>
          <reference href="https://public.cyber.mil/stigs/downloads/?_dl_facet_stigs=container-platform">SRG-APP-000492-CTR-001220</reference>
          <reference href="https://public.cyber.mil/stigs/downloads/?_dl_facet_stigs=container-platform">SRG-APP-000493-CTR-001225</reference>
          <reference href="https://public.cyber.mil/stigs/downloads/?_dl_facet_stigs=container-platform">SRG-APP-000494-CTR-001230</reference>
          <reference href="https://public.cyber.mil/stigs/downloads/?_dl_facet_stigs=container-platform">SRG-APP-000500-CTR-001260</reference>
          <reference href="https://public.cyber.mil/stigs/downloads/?_dl_facet_stigs=container-platform">SRG-APP-000507-CTR-001295</reference>
          <reference href="https://public.cyber.mil/stigs/downloads/?_dl_facet_stigs=container-platform">SRG-APP-000495-CTR-001235</reference>
          <reference href="https://public.cyber.mil/stigs/downloads/?_dl_facet_stigs=container-platform">SRG-APP-000496-CTR-001240</reference>
          <reference href="https://public.cyber.mil/stigs/downloads/?_dl_facet_stigs=container-platform">SRG-APP-000497-CTR-001245</reference>
          <reference href="https://public.cyber.mil/stigs/downloads/?_dl_facet_stigs=container-platform">SRG-APP-000498-CTR-001250</reference>
          <reference href="https://public.cyber.mil/stigs/downloads/?_dl_facet_stigs=container-platform">SRG-APP-000499-CTR-001255</reference>
          <reference href="https://public.cyber.mil/stigs/downloads/?_dl_facet_stigs=container-platform">SRG-APP-000501-CTR-001265</reference>
          <reference href="https://public.cyber.mil/stigs/downloads/?_dl_facet_stigs=container-platform">SRG-APP-000502-CTR-001270</reference>
          <reference href="https://cyber.gouv.fr/sites/default/files/document/linux_configuration-en-v2.pdf">R73</reference>
          <reference href="https://www.cisecurity.org/benchmark/ubuntu_linux/">6.2.3.9</reference>
          <reference href="https://docs-prv.pcisecuritystandards.org/PCI%20DSS/Standard/PCI-DSS-v4_0.pdf">10.3.4</reference>
          <reference href="https://docs-prv.pcisecuritystandards.org/PCI%20DSS/Standard/PCI-DSS-v4_0.pdf">10.3</reference>
          <rationale xmlns:xhtml="http://www.w3.org/1999/xhtml" xml:lang="en-US">The changing of file permissions could indicate that a user is attempting to
gain access to information that would otherwise be disallowed. Auditing DAC modifications
can facilitate the identification of patterns of abuse among both authorized and
unauthorized users.</rationale>
          <fix xmlns:xhtml="http://www.w3.org/1999/xhtml" id="audit_rules_dac_modification_lremovexattr" system="urn:xccdf:fix:script:ansible" reboot="true" complexity="low" disruption="low" strategy="restrict">- name: Gather the package facts
  package_facts:
    manager: auto
  tags:
  - CJIS-5.4.1.1
  - NIST-800-171-3.1.7
  - NIST-800-53-AU-12(c)
  - NIST-800-53-AU-2(d)
  - NIST-800-53-CM-6(a)
  - PCI-DSS-Req-10.5.5
  - PCI-DSSv4-10.3
  - PCI-DSSv4-10.3.4
  - audit_rules_dac_modification_lremovexattr
  - low_complexity
  - low_disruption
  - medium_severity
  - reboot_required
  - restrict_strategy

- name: Set architecture for audit lremovexattr tasks
  set_fact:
    audit_arch: b64
  when:
  - '"auditd" in ansible_facts.packages'
  - '"linux-base" in ansible_facts.packages'
  - ansible_architecture == "aarch64" or ansible_architecture == "ppc64" or ansible_architecture
    == "ppc64le" or ansible_architecture == "s390x" or ansible_architecture == "x86_64"
  tags:
  - CJIS-5.4.1.1
  - NIST-800-171-3.1.7
  - NIST-800-53-AU-12(c)
  - NIST-800-53-AU-2(d)
  - NIST-800-53-CM-6(a)
  - PCI-DSS-Req-10.5.5
  - PCI-DSSv4-10.3
  - PCI-DSSv4-10.3.4
  - audit_rules_dac_modification_lremovexattr
  - low_complexity
  - low_disruption
  - medium_severity
  - reboot_required
  - restrict_strategy

- name: Perform remediation of Audit rules for lremovexattr for 32bit platform
  block:

  - name: Declare list of syscalls
    set_fact:
      syscalls:
      - lremovexattr
      syscall_grouping:
      - fremovexattr
      - lremovexattr
      - removexattr
      - fsetxattr
      - lsetxattr
      - setxattr

  - name: Check existence of lremovexattr in /etc/audit/rules.d/
    find:
      paths: /etc/audit/rules.d
      contains: -a always,exit -F arch=b32(( -S |,)\w+)*(( -S |,){{ item }})+(( -S
        |,)\w+)* -F auid&gt;=1000 -F auid!=unset (-k\s+|-F\s+key=)\S+\s*$
      patterns: '*.rules'
    register: find_command
    loop: '{{ (syscall_grouping + syscalls) | unique }}'

  - name: Reset syscalls found per file
    set_fact:
      syscalls_per_file: {}
      found_paths_dict: {}

  - name: Declare syscalls found per file
    set_fact: syscalls_per_file="{{ syscalls_per_file | combine( {item.files[0].path
      :[item.item] + syscalls_per_file.get(item.files[0].path, []) } ) }}"
    loop: '{{ find_command.results | selectattr(''matched'') | list }}'

  - name: Declare files where syscalls were found
    set_fact: found_paths="{{ find_command.results | map(attribute='files') | flatten
      | map(attribute='path') | list }}"

  - name: Count occurrences of syscalls in paths
    set_fact: found_paths_dict="{{ found_paths_dict | combine({ item:1+found_paths_dict.get(item,
      0) }) }}"
    loop: '{{ find_command.results | map(attribute=''files'') | flatten | map(attribute=''path'')
      | list }}'

  - name: Get path with most syscalls
    set_fact: audit_file="{{ (found_paths_dict | dict2items() | sort(attribute='value')
      | last).key }}"
    when: found_paths | length &gt;= 1

  - name: No file with syscall found, set path to /etc/audit/rules.d/perm_mod.rules
    set_fact: audit_file="/etc/audit/rules.d/perm_mod.rules"
    when: found_paths | length == 0

  - name: Declare found syscalls
    set_fact: syscalls_found="{{ find_command.results | selectattr('matched') | map(attribute='item')
      | list }}"

  - name: Declare missing syscalls
    set_fact: missing_syscalls="{{ syscalls | difference(syscalls_found) }}"

  - name: Replace the audit rule in {{ audit_file }}
    lineinfile:
      path: '{{ audit_file }}'
      regexp: (-a always,exit -F arch=b32)(?=.*(?:(?:-S |,)(?:{{ syscalls_per_file[audit_file]
        | join("|") }}))\b)((?:( -S |,)\w+)+)( -F auid&gt;=1000 -F auid!=unset (?:-k
        |-F key=)\w+)
      line: \1\2\3{{ missing_syscalls | join("\3") }}\4
      backrefs: true
      state: present
      mode: g-rwx,o-rwx
    when: syscalls_found | length &gt; 0 and missing_syscalls | length &gt; 0

  - name: Add the audit rule to {{ audit_file }}
    lineinfile:
      path: '{{ audit_file }}'
      line: -a always,exit -F arch=b32 -S {{ syscalls | join(',') }} -F auid&gt;=1000
        -F auid!=unset -F key=perm_mod
      create: true
      mode: g-rwx,o-rwx
      state: present
    when: syscalls_found | length == 0

  - name: Declare list of syscalls
    set_fact:
      syscalls:
      - lremovexattr
      syscall_grouping:
      - fremovexattr
      - lremovexattr
      - removexattr
      - fsetxattr
      - lsetxattr
      - setxattr

  - name: Check existence of lremovexattr in /etc/audit/audit.rules
    find:
      paths: /etc/audit
      contains: -a always,exit -F arch=b32(( -S |,)\w+)*(( -S |,){{ item }})+(( -S
        |,)\w+)* -F auid&gt;=1000 -F auid!=unset (-k\s+|-F\s+key=)\S+\s*$
      patterns: audit.rules
    register: find_command
    loop: '{{ (syscall_grouping + syscalls) | unique }}'

  - name: Set path to /etc/audit/audit.rules
    set_fact: audit_file="/etc/audit/audit.rules"

  - name: Declare found syscalls
    set_fact: syscalls_found="{{ find_command.results | selectattr('matched') | map(attribute='item')
      | list }}"

  - name: Declare missing syscalls
    set_fact: missing_syscalls="{{ syscalls | difference(syscalls_found) }}"

  - name: Replace the audit rule in {{ audit_file }}
    lineinfile:
      path: '{{ audit_file }}'
      regexp: (-a always,exit -F arch=b32)(?=.*(?:(?:-S |,)(?:{{ syscalls_found |
        join("|") }}))\b)((?:( -S |,)\w+)+)( -F auid&gt;=1000 -F auid!=unset (?:-k |-F
        key=)\w+)
      line: \1\2\3{{ missing_syscalls | join("\3") }}\4
      backrefs: true
      state: present
      mode: g-rwx,o-rwx
    when: syscalls_found | length &gt; 0 and missing_syscalls | length &gt; 0

  - name: Add the audit rule to {{ audit_file }}
    lineinfile:
      path: '{{ audit_file }}'
      line: -a always,exit -F arch=b32 -S {{ syscalls | join(',') }} -F auid&gt;=1000
        -F auid!=unset -F key=perm_mod
      create: true
      mode: g-rwx,o-rwx
      state: present
    when: syscalls_found | length == 0
  when:
  - '"auditd" in ansible_facts.packages'
  - '"linux-base" in ansible_facts.packages'
  tags:
  - CJIS-5.4.1.1
  - NIST-800-171-3.1.7
  - NIST-800-53-AU-12(c)
  - NIST-800-53-AU-2(d)
  - NIST-800-53-CM-6(a)
  - PCI-DSS-Req-10.5.5
  - PCI-DSSv4-10.3
  - PCI-DSSv4-10.3.4
  - audit_rules_dac_modification_lremovexattr
  - low_complexity
  - low_disruption
  - medium_severity
  - reboot_required
  - restrict_strategy

- name: Perform remediation of Audit rules for lremovexattr for 64bit platform
  block:

  - name: Declare list of syscalls
    set_fact:
      syscalls:
      - lremovexattr
      syscall_grouping:
      - fremovexattr
      - lremovexattr
      - removexattr
      - fsetxattr
      - lsetxattr
      - setxattr

  - name: Check existence of lremovexattr in /etc/audit/rules.d/
    find:
      paths: /etc/audit/rules.d
      contains: -a always,exit -F arch=b64(( -S |,)\w+)*(( -S |,){{ item }})+(( -S
        |,)\w+)* -F auid&gt;=1000 -F auid!=unset (-k\s+|-F\s+key=)\S+\s*$
      patterns: '*.rules'
    register: find_command
    loop: '{{ (syscall_grouping + syscalls) | unique }}'

  - name: Reset syscalls found per file
    set_fact:
      syscalls_per_file: {}
      found_paths_dict: {}

  - name: Declare syscalls found per file
    set_fact: syscalls_per_file="{{ syscalls_per_file | combine( {item.files[0].path
      :[item.item] + syscalls_per_file.get(item.files[0].path, []) } ) }}"
    loop: '{{ find_command.results | selectattr(''matched'') | list }}'

  - name: Declare files where syscalls were found
    set_fact: found_paths="{{ find_command.results | map(attribute='files') | flatten
      | map(attribute='path') | list }}"

  - name: Count occurrences of syscalls in paths
    set_fact: found_paths_dict="{{ found_paths_dict | combine({ item:1+found_paths_dict.get(item,
      0) }) }}"
    loop: '{{ find_command.results | map(attribute=''files'') | flatten | map(attribute=''path'')
      | list }}'

  - name: Get path with most syscalls
    set_fact: audit_file="{{ (found_paths_dict | dict2items() | sort(attribute='value')
      | last).key }}"
    when: found_paths | length &gt;= 1

  - name: No file with syscall found, set path to /etc/audit/rules.d/perm_mod.rules
    set_fact: audit_file="/etc/audit/rules.d/perm_mod.rules"
    when: found_paths | length == 0

  - name: Declare found syscalls
    set_fact: syscalls_found="{{ find_command.results | selectattr('matched') | map(attribute='item')
      | list }}"

  - name: Declare missing syscalls
    set_fact: missing_syscalls="{{ syscalls | difference(syscalls_found) }}"

  - name: Replace the audit rule in {{ audit_file }}
    lineinfile:
      path: '{{ audit_file }}'
      regexp: (-a always,exit -F arch=b64)(?=.*(?:(?:-S |,)(?:{{ syscalls_per_file[audit_file]
        | join("|") }}))\b)((?:( -S |,)\w+)+)( -F auid&gt;=1000 -F auid!=unset (?:-k
        |-F key=)\w+)
      line: \1\2\3{{ missing_syscalls | join("\3") }}\4
      backrefs: true
      state: present
      mode: g-rwx,o-rwx
    when: syscalls_found | length &gt; 0 and missing_syscalls | length &gt; 0

  - name: Add the audit rule to {{ audit_file }}
    lineinfile:
      path: '{{ audit_file }}'
      line: -a always,exit -F arch=b64 -S {{ syscalls | join(',') }} -F auid&gt;=1000
        -F auid!=unset -F key=perm_mod
      create: true
      mode: g-rwx,o-rwx
      state: present
    when: syscalls_found | length == 0

  - name: Declare list of syscalls
    set_fact:
      syscalls:
      - lremovexattr
      syscall_grouping:
      - fremovexattr
      - lremovexattr
      - removexattr
      - fsetxattr
      - lsetxattr
      - setxattr

  - name: Check existence of lremovexattr in /etc/audit/audit.rules
    find:
      paths: /etc/audit
      contains: -a always,exit -F arch=b64(( -S |,)\w+)*(( -S |,){{ item }})+(( -S
        |,)\w+)* -F auid&gt;=1000 -F auid!=unset (-k\s+|-F\s+key=)\S+\s*$
      patterns: audit.rules
    register: find_command
    loop: '{{ (syscall_grouping + syscalls) | unique }}'

  - name: Set path to /etc/audit/audit.rules
    set_fact: audit_file="/etc/audit/audit.rules"

  - name: Declare found syscalls
    set_fact: syscalls_found="{{ find_command.results | selectattr('matched') | map(attribute='item')
      | list }}"

  - name: Declare missing syscalls
    set_fact: missing_syscalls="{{ syscalls | difference(syscalls_found) }}"

  - name: Replace the audit rule in {{ audit_file }}
    lineinfile:
      path: '{{ audit_file }}'
      regexp: (-a always,exit -F arch=b64)(?=.*(?:(?:-S |,)(?:{{ syscalls_found |
        join("|") }}))\b)((?:( -S |,)\w+)+)( -F auid&gt;=1000 -F auid!=unset (?:-k |-F
        key=)\w+)
      line: \1\2\3{{ missing_syscalls | join("\3") }}\4
      backrefs: true
      state: present
      mode: g-rwx,o-rwx
    when: syscalls_found | length &gt; 0 and missing_syscalls | length &gt; 0

  - name: Add the audit rule to {{ audit_file }}
    lineinfile:
      path: '{{ audit_file }}'
      line: -a always,exit -F arch=b64 -S {{ syscalls | join(',') }} -F auid&gt;=1000
        -F auid!=unset -F key=perm_mod
      create: true
      mode: g-rwx,o-rwx
      state: present
    when: syscalls_found | length == 0
  when:
  - '"auditd" in ansible_facts.packages'
  - '"linux-base" in ansible_facts.packages'
  - audit_arch == "b64"
  tags:
  - CJIS-5.4.1.1
  - NIST-800-171-3.1.7
  - NIST-800-53-AU-12(c)
  - NIST-800-53-AU-2(d)
  - NIST-800-53-CM-6(a)
  - PCI-DSS-Req-10.5.5
  - PCI-DSSv4-10.3
  - PCI-DSSv4-10.3.4
  - audit_rules_dac_modification_lremovexattr
  - low_complexity
  - low_disruption
  - medium_severity
  - reboot_required
  - restrict_strategy
</fix>
          <fix xmlns:xhtml="http://www.w3.org/1999/xhtml" id="audit_rules_dac_modification_lremovexattr" system="urn:xccdf:fix:script:sh"># Remediation is applicable only in certain platforms
if dpkg-query --show --showformat='${db:Status-Status}
' 'linux-base' 2&gt;/dev/null | grep -q ^installed &amp;&amp; dpkg-query --show --showformat='${db:Status-Status}\n' 'auditd' 2&gt;/dev/null | grep -q '^installed'; then

# First perform the remediation of the syscall rule
# Retrieve hardware architecture of the underlying system
[ "$(getconf LONG_BIT)" = "32" ] &amp;&amp; RULE_ARCHS=("b32") || RULE_ARCHS=("b32" "b64")

for ARCH in "${RULE_ARCHS[@]}"
do
	ACTION_ARCH_FILTERS="-a always,exit -F arch=$ARCH"
	OTHER_FILTERS=""
	AUID_FILTERS="-F auid&gt;=1000 -F auid!=unset"
	SYSCALL="lremovexattr"
	KEY="perm_mod"
	SYSCALL_GROUPING="fremovexattr lremovexattr removexattr fsetxattr lsetxattr setxattr"

	# Perform the remediation for both possible tools: 'auditctl' and 'augenrules'
	unset syscall_a
unset syscall_grouping
unset syscall_string
unset syscall
unset file_to_edit
unset rule_to_edit
unset rule_syscalls_to_edit
unset other_string
unset auid_string
unset full_rule

# Load macro arguments into arrays
read -a syscall_a &lt;&lt;&lt; $SYSCALL
read -a syscall_grouping &lt;&lt;&lt; $SYSCALL_GROUPING

# Create a list of audit *.rules files that should be inspected for presence and correctness
# of a particular audit rule. The scheme is as follows:
#
# -----------------------------------------------------------------------------------------
#  Tool used to load audit rules | Rule already defined  |  Audit rules file to inspect    |
# -----------------------------------------------------------------------------------------
#        auditctl                |     Doesn't matter    |  /etc/audit/audit.rules         |
# -----------------------------------------------------------------------------------------
#        augenrules              |          Yes          |  /etc/audit/rules.d/*.rules     |
#        augenrules              |          No           |  /etc/audit/rules.d/$key.rules  |
# -----------------------------------------------------------------------------------------
#
files_to_inspect=()

# If audit tool is 'augenrules', then check if the audit rule is defined
# If rule is defined, add '/etc/audit/rules.d/*.rules' to the list for inspection
# If rule isn't defined yet, add '/etc/audit/rules.d/$key.rules' to the list for inspection
default_file="/etc/audit/rules.d/$KEY.rules"
# As other_filters may include paths, lets use a different delimiter for it
# The "F" script expression tells sed to print the filenames where the expressions matched
readarray -t files_to_inspect &lt; &lt;(sed -s -n -e "/^$ACTION_ARCH_FILTERS/!d" -e "\#$OTHER_FILTERS#!d" -e "/$AUID_FILTERS/!d" -e "F" /etc/audit/rules.d/*.rules)
# Case when particular rule isn't defined in /etc/audit/rules.d/*.rules yet
if [ ${#files_to_inspect[@]} -eq "0" ]
then
    file_to_inspect="/etc/audit/rules.d/$KEY.rules"
    files_to_inspect=("$file_to_inspect")
    if [ ! -e "$file_to_inspect" ]
    then
        touch "$file_to_inspect"
        chmod 0600 "$file_to_inspect"
    fi
fi

# After converting to jinja, we cannot return; therefore we skip the rest of the macro if needed instead
skip=1

for audit_file in "${files_to_inspect[@]}"
do
    # Filter existing $audit_file rules' definitions to select those that satisfy the rule pattern,
    # i.e, collect rules that match:
    # * the action, list and arch, (2-nd argument)
    # * the other filters, (3-rd argument)
    # * the auid filters, (4-rd argument)
    readarray -t similar_rules &lt; &lt;(sed -e "/^$ACTION_ARCH_FILTERS/!d"  -e "\#$OTHER_FILTERS#!d" -e "/$AUID_FILTERS/!d" "$audit_file")

    candidate_rules=()
    # Filter out rules that have more fields then required. This will remove rules more specific than the required scope
    for s_rule in "${similar_rules[@]}"
    do
        # Strip all the options and fields we know of,
        # than check if there was any field left over
        extra_fields=$(sed -E -e "s/^$ACTION_ARCH_FILTERS//"  -e "s#$OTHER_FILTERS##" -e "s/$AUID_FILTERS//" -e "s/((:?-S [[:alnum:],]+)+)//g" -e "s/-F key=\w+|-k \w+//"&lt;&lt;&lt; "$s_rule")
        grep -q -- "-F" &lt;&lt;&lt; "$extra_fields" || candidate_rules+=("$s_rule")
    done

    if [[ ${#syscall_a[@]} -ge 1 ]]
    then
        # Check if the syscall we want is present in any of the similar existing rules
        for rule in "${candidate_rules[@]}"
        do
            rule_syscalls=$(echo "$rule" | grep -o -P '(-S [\w,]+)+' | xargs)
            all_syscalls_found=0
            for syscall in "${syscall_a[@]}"
            do
                grep -q -- "\b${syscall}\b" &lt;&lt;&lt; "$rule_syscalls" || {
                   # A syscall was not found in the candidate rule
                   all_syscalls_found=1
                   }
            done
            if [[ $all_syscalls_found -eq 0 ]]
            then
                # We found a rule with all the syscall(s) we want; skip rest of macro
                skip=0
                break
            fi

            # Check if this rule can be grouped with our target syscall and keep track of it
            for syscall_g in "${syscall_grouping[@]}"
            do
                if grep -q -- "\b${syscall_g}\b" &lt;&lt;&lt; "$rule_syscalls"
                then
                    file_to_edit=${audit_file}
                    rule_to_edit=${rule}
                    rule_syscalls_to_edit=${rule_syscalls}
                fi
            done
        done
    else
        # If there is any candidate rule, it is compliant; skip rest of macro
        if [ "${#candidate_rules[@]}" -gt 0 ]
        then
            skip=0
        fi
    fi

    if [ "$skip" -eq 0 ]; then
        break
    fi
done

if [ "$skip" -ne 0 ]; then
    # We checked all rules that matched the expected resemblance pattern (action, arch &amp; auid)
    # At this point we know if we need to either append the $full_rule or group
    # the syscall together with an exsiting rule

    # Append the full_rule if it cannot be grouped to any other rule
    if [ -z ${rule_to_edit+x} ]
    then
        # Build full_rule while avoid adding double spaces when other_filters is empty
        if [ "${#syscall_a[@]}" -gt 0 ]
        then
            syscall_string=""
            for syscall in "${syscall_a[@]}"
            do
                syscall_string+=" -S $syscall"
            done
        fi
        other_string=$([[ $OTHER_FILTERS ]] &amp;&amp; echo " $OTHER_FILTERS") || /bin/true
        auid_string=$([[ $AUID_FILTERS ]] &amp;&amp; echo " $AUID_FILTERS") || /bin/true
        full_rule="$ACTION_ARCH_FILTERS${syscall_string}${other_string}${auid_string} -F key=$KEY" || /bin/true
        echo "$full_rule" &gt;&gt; "$default_file"
        chmod 0600 ${default_file}
    else
        # Check if the syscalls are declared as a comma separated list or
        # as multiple -S parameters
        if grep -q -- "," &lt;&lt;&lt; "${rule_syscalls_to_edit}"
        then
            delimiter=","
        else
            delimiter=" -S "
        fi
        new_grouped_syscalls="${rule_syscalls_to_edit}"
        for syscall in "${syscall_a[@]}"
        do
            grep -q -- "\b${syscall}\b" &lt;&lt;&lt; "${rule_syscalls_to_edit}" || {
               # A syscall was not found in the candidate rule
               new_grouped_syscalls+="${delimiter}${syscall}"
               }
        done

        # Group the syscall in the rule
        sed -i -e "\#${rule_to_edit}#s#${rule_syscalls_to_edit}#${new_grouped_syscalls}#" "$file_to_edit"
    fi
fi
	unset syscall_a
unset syscall_grouping
unset syscall_string
unset syscall
unset file_to_edit
unset rule_to_edit
unset rule_syscalls_to_edit
unset other_string
unset auid_string
unset full_rule

# Load macro arguments into arrays
read -a syscall_a &lt;&lt;&lt; $SYSCALL
read -a syscall_grouping &lt;&lt;&lt; $SYSCALL_GROUPING

# Create a list of audit *.rules files that should be inspected for presence and correctness
# of a particular audit rule. The scheme is as follows:
#
# -----------------------------------------------------------------------------------------
#  Tool used to load audit rules | Rule already defined  |  Audit rules file to inspect    |
# -----------------------------------------------------------------------------------------
#        auditctl                |     Doesn't matter    |  /etc/audit/audit.rules         |
# -----------------------------------------------------------------------------------------
#        augenrules              |          Yes          |  /etc/audit/rules.d/*.rules     |
#        augenrules              |          No           |  /etc/audit/rules.d/$key.rules  |
# -----------------------------------------------------------------------------------------
#
files_to_inspect=()


# If audit tool is 'auditctl', then add '/etc/audit/audit.rules'
# file to the list of files to be inspected
default_file="/etc/audit/audit.rules"
files_to_inspect+=('/etc/audit/audit.rules' )

# After converting to jinja, we cannot return; therefore we skip the rest of the macro if needed instead
skip=1

for audit_file in "${files_to_inspect[@]}"
do
    # Filter existing $audit_file rules' definitions to select those that satisfy the rule pattern,
    # i.e, collect rules that match:
    # * the action, list and arch, (2-nd argument)
    # * the other filters, (3-rd argument)
    # * the auid filters, (4-rd argument)
    readarray -t similar_rules &lt; &lt;(sed -e "/^$ACTION_ARCH_FILTERS/!d"  -e "\#$OTHER_FILTERS#!d" -e "/$AUID_FILTERS/!d" "$audit_file")

    candidate_rules=()
    # Filter out rules that have more fields then required. This will remove rules more specific than the required scope
    for s_rule in "${similar_rules[@]}"
    do
        # Strip all the options and fields we know of,
        # than check if there was any field left over
        extra_fields=$(sed -E -e "s/^$ACTION_ARCH_FILTERS//"  -e "s#$OTHER_FILTERS##" -e "s/$AUID_FILTERS//" -e "s/((:?-S [[:alnum:],]+)+)//g" -e "s/-F key=\w+|-k \w+//"&lt;&lt;&lt; "$s_rule")
        grep -q -- "-F" &lt;&lt;&lt; "$extra_fields" || candidate_rules+=("$s_rule")
    done

    if [[ ${#syscall_a[@]} -ge 1 ]]
    then
        # Check if the syscall we want is present in any of the similar existing rules
        for rule in "${candidate_rules[@]}"
        do
            rule_syscalls=$(echo "$rule" | grep -o -P '(-S [\w,]+)+' | xargs)
            all_syscalls_found=0
            for syscall in "${syscall_a[@]}"
            do
                grep -q -- "\b${syscall}\b" &lt;&lt;&lt; "$rule_syscalls" || {
                   # A syscall was not found in the candidate rule
                   all_syscalls_found=1
                   }
            done
            if [[ $all_syscalls_found -eq 0 ]]
            then
                # We found a rule with all the syscall(s) we want; skip rest of macro
                skip=0
                break
            fi

            # Check if this rule can be grouped with our target syscall and keep track of it
            for syscall_g in "${syscall_grouping[@]}"
            do
                if grep -q -- "\b${syscall_g}\b" &lt;&lt;&lt; "$rule_syscalls"
                then
                    file_to_edit=${audit_file}
                    rule_to_edit=${rule}
                    rule_syscalls_to_edit=${rule_syscalls}
                fi
            done
        done
    else
        # If there is any candidate rule, it is compliant; skip rest of macro
        if [ "${#candidate_rules[@]}" -gt 0 ]
        then
            skip=0
        fi
    fi

    if [ "$skip" -eq 0 ]; then
        break
    fi
done

if [ "$skip" -ne 0 ]; then
    # We checked all rules that matched the expected resemblance pattern (action, arch &amp; auid)
    # At this point we know if we need to either append the $full_rule or group
    # the syscall together with an exsiting rule

    # Append the full_rule if it cannot be grouped to any other rule
    if [ -z ${rule_to_edit+x} ]
    then
        # Build full_rule while avoid adding double spaces when other_filters is empty
        if [ "${#syscall_a[@]}" -gt 0 ]
        then
            syscall_string=""
            for syscall in "${syscall_a[@]}"
            do
                syscall_string+=" -S $syscall"
            done
        fi
        other_string=$([[ $OTHER_FILTERS ]] &amp;&amp; echo " $OTHER_FILTERS") || /bin/true
        auid_string=$([[ $AUID_FILTERS ]] &amp;&amp; echo " $AUID_FILTERS") || /bin/true
        full_rule="$ACTION_ARCH_FILTERS${syscall_string}${other_string}${auid_string} -F key=$KEY" || /bin/true
        echo "$full_rule" &gt;&gt; "$default_file"
        chmod 0600 ${default_file}
    else
        # Check if the syscalls are declared as a comma separated list or
        # as multiple -S parameters
        if grep -q -- "," &lt;&lt;&lt; "${rule_syscalls_to_edit}"
        then
            delimiter=","
        else
            delimiter=" -S "
        fi
        new_grouped_syscalls="${rule_syscalls_to_edit}"
        for syscall in "${syscall_a[@]}"
        do
            grep -q -- "\b${syscall}\b" &lt;&lt;&lt; "${rule_syscalls_to_edit}" || {
               # A syscall was not found in the candidate rule
               new_grouped_syscalls+="${delimiter}${syscall}"
               }
        done

        # Group the syscall in the rule
        sed -i -e "\#${rule_to_edit}#s#${rule_syscalls_to_edit}#${new_grouped_syscalls}#" "$file_to_edit"
    fi
fi
done

else
    &gt;&amp;2 echo 'Remediation is not applicable, nothing was done'
fi
</fix>
          <check system="http://oval.mitre.org/XMLSchema/oval-definitions-5">
            <check-content-ref name="oval:ssg-audit_rules_dac_modification_lremovexattr:def:1" href="ssg-ubuntu2404-oval.xml"/>
          </check>
          <check system="http://scap.nist.gov/schema/ocil/2">
            <check-content-ref name="ocil:ssg-audit_rules_dac_modification_lremovexattr_ocil:questionnaire:1" href="ssg-ubuntu2404-ocil.xml"/>
          </check>
        </Rule>
        <Rule id="xccdf_org.ssgproject.content_rule_audit_rules_dac_modification_lsetxattr" selected="false" role="full" severity="medium">
          <title xmlns:xhtml="http://www.w3.org/1999/xhtml" xml:lang="en-US">Record Events that Modify the System's Discretionary Access Controls - lsetxattr</title>
          <description xmlns:xhtml="http://www.w3.org/1999/xhtml" xml:lang="en-US">At a minimum, the audit system should collect file permission
changes for all users and root. If the <html:code xmlns:html="http://www.w3.org/1999/xhtml">auditd</html:code> daemon is configured
to use the <html:code xmlns:html="http://www.w3.org/1999/xhtml">augenrules</html:code> program to read audit rules during daemon
startup (the default), add the following line to a file with suffix
<html:code xmlns:html="http://www.w3.org/1999/xhtml">.rules</html:code> in the directory <html:code xmlns:html="http://www.w3.org/1999/xhtml">/etc/audit/rules.d</html:code>:
<html:pre xmlns:html="http://www.w3.org/1999/xhtml">-a always,exit -F arch=b32 -S lsetxattr -F auid&gt;=1000 -F auid!=unset -F key=perm_mod</html:pre>
        <html:pre xmlns:html="http://www.w3.org/1999/xhtml">-a always,exit -F arch=b32 -S lsetxattr -F auid=0 -F key=perm_mod</html:pre>
If the system is 64 bit then also add the following line:
<html:pre xmlns:html="http://www.w3.org/1999/xhtml">-a always,exit -F arch=b64 -S lsetxattr -F auid&gt;=1000 -F auid!=unset -F key=perm_mod</html:pre>
        <html:pre xmlns:html="http://www.w3.org/1999/xhtml">-a always,exit -F arch=b64 -S lsetxattr -F auid=0 -F key=perm_mod</html:pre>
If the <html:code xmlns:html="http://www.w3.org/1999/xhtml">auditd</html:code> daemon is configured to use the <html:code xmlns:html="http://www.w3.org/1999/xhtml">auditctl</html:code>
utility to read audit rules during daemon startup, add the following line to
<html:code xmlns:html="http://www.w3.org/1999/xhtml">/etc/audit/audit.rules</html:code> file:
<html:pre xmlns:html="http://www.w3.org/1999/xhtml">-a always,exit -F arch=b32 -S lsetxattr -F auid&gt;=1000 -F auid!=unset -F key=perm_mod</html:pre>
        <html:pre xmlns:html="http://www.w3.org/1999/xhtml">-a always,exit -F arch=b32 -S lsetxattr -F auid=0 -F key=perm_mod</html:pre>
If the system is 64 bit then also add the following line:
<html:pre xmlns:html="http://www.w3.org/1999/xhtml">-a always,exit -F arch=b64 -S lsetxattr -F auid&gt;=1000 -F auid!=unset -F key=perm_mod</html:pre>
        <html:pre xmlns:html="http://www.w3.org/1999/xhtml">-a always,exit -F arch=b64 -S lsetxattr -F auid=0 -F key=perm_mod</html:pre>
       </description>
          <warning xmlns:xhtml="http://www.w3.org/1999/xhtml" xml:lang="en-US" category="general">Note that these rules can be configured in a
number of ways while still achieving the desired effect. Here the system calls
have been placed independent of other system calls. Grouping these system
calls with others as identifying earlier in this guide is more efficient.</warning>
          <reference href="https://www.cisecurity.org/controls/">1</reference>
          <reference href="https://www.cisecurity.org/controls/">11</reference>
          <reference href="https://www.cisecurity.org/controls/">12</reference>
          <reference href="https://www.cisecurity.org/controls/">13</reference>
          <reference href="https://www.cisecurity.org/controls/">14</reference>
          <reference href="https://www.cisecurity.org/controls/">15</reference>
          <reference href="https://www.cisecurity.org/controls/">16</reference>
          <reference href="https://www.cisecurity.org/controls/">19</reference>
          <reference href="https://www.cisecurity.org/controls/">2</reference>
          <reference href="https://www.cisecurity.org/controls/">3</reference>
          <reference href="https://www.cisecurity.org/controls/">4</reference>
          <reference href="https://www.cisecurity.org/controls/">5</reference>
          <reference href="https://www.cisecurity.org/controls/">6</reference>
          <reference href="https://www.cisecurity.org/controls/">7</reference>
          <reference href="https://www.cisecurity.org/controls/">8</reference>
          <reference href="https://www.cisecurity.org/controls/">9</reference>
          <reference href="https://www.fbi.gov/file-repository/cjis-security-policy-v5_5_20160601-2-1.pdf">5.4.1.1</reference>
          <reference href="https://www.isaca.org/resources/cobit">APO10.01</reference>
          <reference href="https://www.isaca.org/resources/cobit">APO10.03</reference>
          <reference href="https://www.isaca.org/resources/cobit">APO10.04</reference>
          <reference href="https://www.isaca.org/resources/cobit">APO10.05</reference>
          <reference href="https://www.isaca.org/resources/cobit">APO11.04</reference>
          <reference href="https://www.isaca.org/resources/cobit">APO12.06</reference>
          <reference href="https://www.isaca.org/resources/cobit">APO13.01</reference>
          <reference href="https://www.isaca.org/resources/cobit">BAI03.05</reference>
          <reference href="https://www.isaca.org/resources/cobit">BAI08.02</reference>
          <reference href="https://www.isaca.org/resources/cobit">DSS01.03</reference>
          <reference href="https://www.isaca.org/resources/cobit">DSS01.04</reference>
          <reference href="https://www.isaca.org/resources/cobit">DSS02.02</reference>
          <reference href="https://www.isaca.org/resources/cobit">DSS02.04</reference>
          <reference href="https://www.isaca.org/resources/cobit">DSS02.07</reference>
          <reference href="https://www.isaca.org/resources/cobit">DSS03.01</reference>
          <reference href="https://www.isaca.org/resources/cobit">DSS03.05</reference>
          <reference href="https://www.isaca.org/resources/cobit">DSS05.02</reference>
          <reference href="https://www.isaca.org/resources/cobit">DSS05.03</reference>
          <reference href="https://www.isaca.org/resources/cobit">DSS05.04</reference>
          <reference href="https://www.isaca.org/resources/cobit">DSS05.05</reference>
          <reference href="https://www.isaca.org/resources/cobit">DSS05.07</reference>
          <reference href="https://www.isaca.org/resources/cobit">MEA01.01</reference>
          <reference href="https://www.isaca.org/resources/cobit">MEA01.02</reference>
          <reference href="https://www.isaca.org/resources/cobit">MEA01.03</reference>
          <reference href="https://www.isaca.org/resources/cobit">MEA01.04</reference>
          <reference href="https://www.isaca.org/resources/cobit">MEA01.05</reference>
          <reference href="https://www.isaca.org/resources/cobit">MEA02.01</reference>
          <reference href="http://nvlpubs.nist.gov/nistpubs/SpecialPublications/NIST.SP.800-171.pdf">3.1.7</reference>
          <reference href="https://public.cyber.mil/stigs/cci/">CCI-000172</reference>
          <reference href="https://public.cyber.mil/stigs/cci/">CCI-000130</reference>
          <reference href="https://public.cyber.mil/stigs/cci/">CCI-000135</reference>
          <reference href="https://public.cyber.mil/stigs/cci/">CCI-000169</reference>
          <reference href="https://public.cyber.mil/stigs/cci/">CCI-002884</reference>
          <reference href="https://www.gpo.gov/fdsys/pkg/CFR-2007-title45-vol1/pdf/CFR-2007-title45-vol1-chapA-subchapC.pdf">164.308(a)(1)(ii)(D)</reference>
          <reference href="https://www.gpo.gov/fdsys/pkg/CFR-2007-title45-vol1/pdf/CFR-2007-title45-vol1-chapA-subchapC.pdf">164.308(a)(3)(ii)(A)</reference>
          <reference href="https://www.gpo.gov/fdsys/pkg/CFR-2007-title45-vol1/pdf/CFR-2007-title45-vol1-chapA-subchapC.pdf">164.308(a)(5)(ii)(C)</reference>
          <reference href="https://www.gpo.gov/fdsys/pkg/CFR-2007-title45-vol1/pdf/CFR-2007-title45-vol1-chapA-subchapC.pdf">164.312(a)(2)(i)</reference>
          <reference href="https://www.gpo.gov/fdsys/pkg/CFR-2007-title45-vol1/pdf/CFR-2007-title45-vol1-chapA-subchapC.pdf">164.312(b)</reference>
          <reference href="https://www.gpo.gov/fdsys/pkg/CFR-2007-title45-vol1/pdf/CFR-2007-title45-vol1-chapA-subchapC.pdf">164.312(d)</reference>
          <reference href="https://www.gpo.gov/fdsys/pkg/CFR-2007-title45-vol1/pdf/CFR-2007-title45-vol1-chapA-subchapC.pdf">164.312(e)</reference>
          <reference href="https://www.isa.org/products/isa-62443-2-1-2009-security-for-industrial-automat">4.2.3.10</reference>
          <reference href="https://www.isa.org/products/isa-62443-2-1-2009-security-for-industrial-automat">4.3.2.6.7</reference>
          <reference href="https://www.isa.org/products/isa-62443-2-1-2009-security-for-industrial-automat">4.3.3.3.9</reference>
          <reference href="https://www.isa.org/products/isa-62443-2-1-2009-security-for-industrial-automat">4.3.3.5.8</reference>
          <reference href="https://www.isa.org/products/isa-62443-2-1-2009-security-for-industrial-automat">4.3.3.6.6</reference>
          <reference href="https://www.isa.org/products/isa-62443-2-1-2009-security-for-industrial-automat">4.3.4.4.7</reference>
          <reference href="https://www.isa.org/products/isa-62443-2-1-2009-security-for-industrial-automat">4.3.4.5.6</reference>
          <reference href="https://www.isa.org/products/isa-62443-2-1-2009-security-for-industrial-automat">4.3.4.5.7</reference>
          <reference href="https://www.isa.org/products/isa-62443-2-1-2009-security-for-industrial-automat">4.3.4.5.8</reference>
          <reference href="https://www.isa.org/products/isa-62443-2-1-2009-security-for-industrial-automat">4.4.2.1</reference>
          <reference href="https://www.isa.org/products/isa-62443-2-1-2009-security-for-industrial-automat">4.4.2.2</reference>
          <reference href="https://www.isa.org/products/isa-62443-2-1-2009-security-for-industrial-automat">4.4.2.4</reference>
          <reference href="https://www.isa.org/products/ansi-isa-62443-3-3-99-03-03-2013-security-for-indu">SR 1.13</reference>
          <reference href="https://www.isa.org/products/ansi-isa-62443-3-3-99-03-03-2013-security-for-indu">SR 2.10</reference>
          <reference href="https://www.isa.org/products/ansi-isa-62443-3-3-99-03-03-2013-security-for-indu">SR 2.11</reference>
          <reference href="https://www.isa.org/products/ansi-isa-62443-3-3-99-03-03-2013-security-for-indu">SR 2.12</reference>
          <reference href="https://www.isa.org/products/ansi-isa-62443-3-3-99-03-03-2013-security-for-indu">SR 2.6</reference>
          <reference href="https://www.isa.org/products/ansi-isa-62443-3-3-99-03-03-2013-security-for-indu">SR 2.8</reference>
          <reference href="https://www.isa.org/products/ansi-isa-62443-3-3-99-03-03-2013-security-for-indu">SR 2.9</reference>
          <reference href="https://www.isa.org/products/ansi-isa-62443-3-3-99-03-03-2013-security-for-indu">SR 3.1</reference>
          <reference href="https://www.isa.org/products/ansi-isa-62443-3-3-99-03-03-2013-security-for-indu">SR 3.5</reference>
          <reference href="https://www.isa.org/products/ansi-isa-62443-3-3-99-03-03-2013-security-for-indu">SR 3.8</reference>
          <reference href="https://www.isa.org/products/ansi-isa-62443-3-3-99-03-03-2013-security-for-indu">SR 4.1</reference>
          <reference href="https://www.isa.org/products/ansi-isa-62443-3-3-99-03-03-2013-security-for-indu">SR 4.3</reference>
          <reference href="https://www.isa.org/products/ansi-isa-62443-3-3-99-03-03-2013-security-for-indu">SR 5.1</reference>
          <reference href="https://www.isa.org/products/ansi-isa-62443-3-3-99-03-03-2013-security-for-indu">SR 5.2</reference>
          <reference href="https://www.isa.org/products/ansi-isa-62443-3-3-99-03-03-2013-security-for-indu">SR 5.3</reference>
          <reference href="https://www.isa.org/products/ansi-isa-62443-3-3-99-03-03-2013-security-for-indu">SR 6.1</reference>
          <reference href="https://www.isa.org/products/ansi-isa-62443-3-3-99-03-03-2013-security-for-indu">SR 6.2</reference>
          <reference href="https://www.isa.org/products/ansi-isa-62443-3-3-99-03-03-2013-security-for-indu">SR 7.1</reference>
          <reference href="https://www.isa.org/products/ansi-isa-62443-3-3-99-03-03-2013-security-for-indu">SR 7.6</reference>
          <reference href="https://www.iso.org/contents/data/standard/05/45/54534.html">A.11.2.6</reference>
          <reference href="https://www.iso.org/contents/data/standard/05/45/54534.html">A.12.4.1</reference>
          <reference href="https://www.iso.org/contents/data/standard/05/45/54534.html">A.12.4.2</reference>
          <reference href="https://www.iso.org/contents/data/standard/05/45/54534.html">A.12.4.3</reference>
          <reference href="https://www.iso.org/contents/data/standard/05/45/54534.html">A.12.4.4</reference>
          <reference href="https://www.iso.org/contents/data/standard/05/45/54534.html">A.12.7.1</reference>
          <reference href="https://www.iso.org/contents/data/standard/05/45/54534.html">A.13.1.1</reference>
          <reference href="https://www.iso.org/contents/data/standard/05/45/54534.html">A.13.2.1</reference>
          <reference href="https://www.iso.org/contents/data/standard/05/45/54534.html">A.14.1.3</reference>
          <reference href="https://www.iso.org/contents/data/standard/05/45/54534.html">A.14.2.7</reference>
          <reference href="https://www.iso.org/contents/data/standard/05/45/54534.html">A.15.2.1</reference>
          <reference href="https://www.iso.org/contents/data/standard/05/45/54534.html">A.15.2.2</reference>
          <reference href="https://www.iso.org/contents/data/standard/05/45/54534.html">A.16.1.4</reference>
          <reference href="https://www.iso.org/contents/data/standard/05/45/54534.html">A.16.1.5</reference>
          <reference href="https://www.iso.org/contents/data/standard/05/45/54534.html">A.16.1.7</reference>
          <reference href="https://www.iso.org/contents/data/standard/05/45/54534.html">A.6.2.1</reference>
          <reference href="https://www.iso.org/contents/data/standard/05/45/54534.html">A.6.2.2</reference>
          <reference href="http://nvlpubs.nist.gov/nistpubs/SpecialPublications/NIST.SP.800-53r4.pdf">AU-2(d)</reference>
          <reference href="http://nvlpubs.nist.gov/nistpubs/SpecialPublications/NIST.SP.800-53r4.pdf">AU-12(c)</reference>
          <reference href="http://nvlpubs.nist.gov/nistpubs/SpecialPublications/NIST.SP.800-53r4.pdf">CM-6(a)</reference>
          <reference href="https://nvlpubs.nist.gov/nistpubs/CSWP/NIST.CSWP.04162018.pdf">DE.AE-3</reference>
          <reference href="https://nvlpubs.nist.gov/nistpubs/CSWP/NIST.CSWP.04162018.pdf">DE.AE-5</reference>
          <reference href="https://nvlpubs.nist.gov/nistpubs/CSWP/NIST.CSWP.04162018.pdf">DE.CM-1</reference>
          <reference href="https://nvlpubs.nist.gov/nistpubs/CSWP/NIST.CSWP.04162018.pdf">DE.CM-3</reference>
          <reference href="https://nvlpubs.nist.gov/nistpubs/CSWP/NIST.CSWP.04162018.pdf">DE.CM-7</reference>
          <reference href="https://nvlpubs.nist.gov/nistpubs/CSWP/NIST.CSWP.04162018.pdf">ID.SC-4</reference>
          <reference href="https://nvlpubs.nist.gov/nistpubs/CSWP/NIST.CSWP.04162018.pdf">PR.AC-3</reference>
          <reference href="https://nvlpubs.nist.gov/nistpubs/CSWP/NIST.CSWP.04162018.pdf">PR.PT-1</reference>
          <reference href="https://nvlpubs.nist.gov/nistpubs/CSWP/NIST.CSWP.04162018.pdf">PR.PT-4</reference>
          <reference href="https://nvlpubs.nist.gov/nistpubs/CSWP/NIST.CSWP.04162018.pdf">RS.AN-1</reference>
          <reference href="https://nvlpubs.nist.gov/nistpubs/CSWP/NIST.CSWP.04162018.pdf">RS.AN-4</reference>
          <reference href="https://www.pcisecuritystandards.org/documents/PCI_DSS_v3-2-1.pdf">Req-10.5.5</reference>
          <reference href="https://public.cyber.mil/stigs/downloads/?_dl_facet_stigs=operating-systems%2Cgeneral-purpose-os">SRG-OS-000037-GPOS-00015</reference>
          <reference href="https://public.cyber.mil/stigs/downloads/?_dl_facet_stigs=operating-systems%2Cgeneral-purpose-os">SRG-OS-000042-GPOS-00020</reference>
          <reference href="https://public.cyber.mil/stigs/downloads/?_dl_facet_stigs=operating-systems%2Cgeneral-purpose-os">SRG-OS-000062-GPOS-00031</reference>
          <reference href="https://public.cyber.mil/stigs/downloads/?_dl_facet_stigs=operating-systems%2Cgeneral-purpose-os">SRG-OS-000392-GPOS-00172</reference>
          <reference href="https://public.cyber.mil/stigs/downloads/?_dl_facet_stigs=operating-systems%2Cgeneral-purpose-os">SRG-OS-000458-GPOS-00203</reference>
          <reference href="https://public.cyber.mil/stigs/downloads/?_dl_facet_stigs=operating-systems%2Cgeneral-purpose-os">SRG-OS-000462-GPOS-00206</reference>
          <reference href="https://public.cyber.mil/stigs/downloads/?_dl_facet_stigs=operating-systems%2Cgeneral-purpose-os">SRG-OS-000463-GPOS-00207</reference>
          <reference href="https://public.cyber.mil/stigs/downloads/?_dl_facet_stigs=operating-systems%2Cgeneral-purpose-os">SRG-OS-000466-GPOS-00210</reference>
          <reference href="https://public.cyber.mil/stigs/downloads/?_dl_facet_stigs=operating-systems%2Cgeneral-purpose-os">SRG-OS-000468-GPOS-00212</reference>
          <reference href="https://public.cyber.mil/stigs/downloads/?_dl_facet_stigs=operating-systems%2Cgeneral-purpose-os">SRG-OS-000471-GPOS-00215</reference>
          <reference href="https://public.cyber.mil/stigs/downloads/?_dl_facet_stigs=operating-systems%2Cgeneral-purpose-os">SRG-OS-000474-GPOS-00219</reference>
          <reference href="https://public.cyber.mil/stigs/downloads/?_dl_facet_stigs=operating-systems%2Cgeneral-purpose-os">SRG-OS-000064-GPOS-00033</reference>
          <reference href="https://public.cyber.mil/stigs/downloads/?_dl_facet_stigs=container-platform">SRG-APP-000091-CTR-000160</reference>
          <reference href="https://public.cyber.mil/stigs/downloads/?_dl_facet_stigs=container-platform">SRG-APP-000492-CTR-001220</reference>
          <reference href="https://public.cyber.mil/stigs/downloads/?_dl_facet_stigs=container-platform">SRG-APP-000493-CTR-001225</reference>
          <reference href="https://public.cyber.mil/stigs/downloads/?_dl_facet_stigs=container-platform">SRG-APP-000494-CTR-001230</reference>
          <reference href="https://public.cyber.mil/stigs/downloads/?_dl_facet_stigs=container-platform">SRG-APP-000500-CTR-001260</reference>
          <reference href="https://public.cyber.mil/stigs/downloads/?_dl_facet_stigs=container-platform">SRG-APP-000507-CTR-001295</reference>
          <reference href="https://public.cyber.mil/stigs/downloads/?_dl_facet_stigs=container-platform">SRG-APP-000495-CTR-001235</reference>
          <reference href="https://public.cyber.mil/stigs/downloads/?_dl_facet_stigs=container-platform">SRG-APP-000496-CTR-001240</reference>
          <reference href="https://public.cyber.mil/stigs/downloads/?_dl_facet_stigs=container-platform">SRG-APP-000497-CTR-001245</reference>
          <reference href="https://public.cyber.mil/stigs/downloads/?_dl_facet_stigs=container-platform">SRG-APP-000498-CTR-001250</reference>
          <reference href="https://public.cyber.mil/stigs/downloads/?_dl_facet_stigs=container-platform">SRG-APP-000501-CTR-001265</reference>
          <reference href="https://public.cyber.mil/stigs/downloads/?_dl_facet_stigs=container-platform">SRG-APP-000502-CTR-001270</reference>
          <reference href="https://cyber.gouv.fr/sites/default/files/document/linux_configuration-en-v2.pdf">R73</reference>
          <reference href="https://www.cisecurity.org/benchmark/ubuntu_linux/">6.2.3.9</reference>
          <reference href="https://docs-prv.pcisecuritystandards.org/PCI%20DSS/Standard/PCI-DSS-v4_0.pdf">10.3.4</reference>
          <reference href="https://docs-prv.pcisecuritystandards.org/PCI%20DSS/Standard/PCI-DSS-v4_0.pdf">10.3</reference>
          <rationale xmlns:xhtml="http://www.w3.org/1999/xhtml" xml:lang="en-US">The changing of file permissions could indicate that a user is attempting to
gain access to information that would otherwise be disallowed. Auditing DAC modifications
can facilitate the identification of patterns of abuse among both authorized and
unauthorized users.</rationale>
          <fix xmlns:xhtml="http://www.w3.org/1999/xhtml" id="audit_rules_dac_modification_lsetxattr" system="urn:xccdf:fix:script:ansible" reboot="true" complexity="low" disruption="low" strategy="restrict">- name: Gather the package facts
  package_facts:
    manager: auto
  tags:
  - CJIS-5.4.1.1
  - NIST-800-171-3.1.7
  - NIST-800-53-AU-12(c)
  - NIST-800-53-AU-2(d)
  - NIST-800-53-CM-6(a)
  - PCI-DSS-Req-10.5.5
  - PCI-DSSv4-10.3
  - PCI-DSSv4-10.3.4
  - audit_rules_dac_modification_lsetxattr
  - low_complexity
  - low_disruption
  - medium_severity
  - reboot_required
  - restrict_strategy

- name: Set architecture for audit lsetxattr tasks
  set_fact:
    audit_arch: b64
  when:
  - '"auditd" in ansible_facts.packages'
  - '"linux-base" in ansible_facts.packages'
  - ansible_architecture == "aarch64" or ansible_architecture == "ppc64" or ansible_architecture
    == "ppc64le" or ansible_architecture == "s390x" or ansible_architecture == "x86_64"
  tags:
  - CJIS-5.4.1.1
  - NIST-800-171-3.1.7
  - NIST-800-53-AU-12(c)
  - NIST-800-53-AU-2(d)
  - NIST-800-53-CM-6(a)
  - PCI-DSS-Req-10.5.5
  - PCI-DSSv4-10.3
  - PCI-DSSv4-10.3.4
  - audit_rules_dac_modification_lsetxattr
  - low_complexity
  - low_disruption
  - medium_severity
  - reboot_required
  - restrict_strategy

- name: Perform remediation of Audit rules for lsetxattr for 32bit platform
  block:

  - name: Declare list of syscalls
    set_fact:
      syscalls:
      - lsetxattr
      syscall_grouping:
      - fremovexattr
      - lremovexattr
      - removexattr
      - fsetxattr
      - lsetxattr
      - setxattr

  - name: Check existence of lsetxattr in /etc/audit/rules.d/
    find:
      paths: /etc/audit/rules.d
      contains: -a always,exit -F arch=b32(( -S |,)\w+)*(( -S |,){{ item }})+(( -S
        |,)\w+)* -F auid&gt;=1000 -F auid!=unset (-k\s+|-F\s+key=)\S+\s*$
      patterns: '*.rules'
    register: find_command
    loop: '{{ (syscall_grouping + syscalls) | unique }}'

  - name: Reset syscalls found per file
    set_fact:
      syscalls_per_file: {}
      found_paths_dict: {}

  - name: Declare syscalls found per file
    set_fact: syscalls_per_file="{{ syscalls_per_file | combine( {item.files[0].path
      :[item.item] + syscalls_per_file.get(item.files[0].path, []) } ) }}"
    loop: '{{ find_command.results | selectattr(''matched'') | list }}'

  - name: Declare files where syscalls were found
    set_fact: found_paths="{{ find_command.results | map(attribute='files') | flatten
      | map(attribute='path') | list }}"

  - name: Count occurrences of syscalls in paths
    set_fact: found_paths_dict="{{ found_paths_dict | combine({ item:1+found_paths_dict.get(item,
      0) }) }}"
    loop: '{{ find_command.results | map(attribute=''files'') | flatten | map(attribute=''path'')
      | list }}'

  - name: Get path with most syscalls
    set_fact: audit_file="{{ (found_paths_dict | dict2items() | sort(attribute='value')
      | last).key }}"
    when: found_paths | length &gt;= 1

  - name: No file with syscall found, set path to /etc/audit/rules.d/perm_mod.rules
    set_fact: audit_file="/etc/audit/rules.d/perm_mod.rules"
    when: found_paths | length == 0

  - name: Declare found syscalls
    set_fact: syscalls_found="{{ find_command.results | selectattr('matched') | map(attribute='item')
      | list }}"

  - name: Declare missing syscalls
    set_fact: missing_syscalls="{{ syscalls | difference(syscalls_found) }}"

  - name: Replace the audit rule in {{ audit_file }}
    lineinfile:
      path: '{{ audit_file }}'
      regexp: (-a always,exit -F arch=b32)(?=.*(?:(?:-S |,)(?:{{ syscalls_per_file[audit_file]
        | join("|") }}))\b)((?:( -S |,)\w+)+)( -F auid&gt;=1000 -F auid!=unset (?:-k
        |-F key=)\w+)
      line: \1\2\3{{ missing_syscalls | join("\3") }}\4
      backrefs: true
      state: present
      mode: g-rwx,o-rwx
    when: syscalls_found | length &gt; 0 and missing_syscalls | length &gt; 0

  - name: Add the audit rule to {{ audit_file }}
    lineinfile:
      path: '{{ audit_file }}'
      line: -a always,exit -F arch=b32 -S {{ syscalls | join(',') }} -F auid&gt;=1000
        -F auid!=unset -F key=perm_mod
      create: true
      mode: g-rwx,o-rwx
      state: present
    when: syscalls_found | length == 0

  - name: Declare list of syscalls
    set_fact:
      syscalls:
      - lsetxattr
      syscall_grouping:
      - fremovexattr
      - lremovexattr
      - removexattr
      - fsetxattr
      - lsetxattr
      - setxattr

  - name: Check existence of lsetxattr in /etc/audit/audit.rules
    find:
      paths: /etc/audit
      contains: -a always,exit -F arch=b32(( -S |,)\w+)*(( -S |,){{ item }})+(( -S
        |,)\w+)* -F auid&gt;=1000 -F auid!=unset (-k\s+|-F\s+key=)\S+\s*$
      patterns: audit.rules
    register: find_command
    loop: '{{ (syscall_grouping + syscalls) | unique }}'

  - name: Set path to /etc/audit/audit.rules
    set_fact: audit_file="/etc/audit/audit.rules"

  - name: Declare found syscalls
    set_fact: syscalls_found="{{ find_command.results | selectattr('matched') | map(attribute='item')
      | list }}"

  - name: Declare missing syscalls
    set_fact: missing_syscalls="{{ syscalls | difference(syscalls_found) }}"

  - name: Replace the audit rule in {{ audit_file }}
    lineinfile:
      path: '{{ audit_file }}'
      regexp: (-a always,exit -F arch=b32)(?=.*(?:(?:-S |,)(?:{{ syscalls_found |
        join("|") }}))\b)((?:( -S |,)\w+)+)( -F auid&gt;=1000 -F auid!=unset (?:-k |-F
        key=)\w+)
      line: \1\2\3{{ missing_syscalls | join("\3") }}\4
      backrefs: true
      state: present
      mode: g-rwx,o-rwx
    when: syscalls_found | length &gt; 0 and missing_syscalls | length &gt; 0

  - name: Add the audit rule to {{ audit_file }}
    lineinfile:
      path: '{{ audit_file }}'
      line: -a always,exit -F arch=b32 -S {{ syscalls | join(',') }} -F auid&gt;=1000
        -F auid!=unset -F key=perm_mod
      create: true
      mode: g-rwx,o-rwx
      state: present
    when: syscalls_found | length == 0
  when:
  - '"auditd" in ansible_facts.packages'
  - '"linux-base" in ansible_facts.packages'
  tags:
  - CJIS-5.4.1.1
  - NIST-800-171-3.1.7
  - NIST-800-53-AU-12(c)
  - NIST-800-53-AU-2(d)
  - NIST-800-53-CM-6(a)
  - PCI-DSS-Req-10.5.5
  - PCI-DSSv4-10.3
  - PCI-DSSv4-10.3.4
  - audit_rules_dac_modification_lsetxattr
  - low_complexity
  - low_disruption
  - medium_severity
  - reboot_required
  - restrict_strategy

- name: Perform remediation of Audit rules for lsetxattr for 64bit platform
  block:

  - name: Declare list of syscalls
    set_fact:
      syscalls:
      - lsetxattr
      syscall_grouping:
      - fremovexattr
      - lremovexattr
      - removexattr
      - fsetxattr
      - lsetxattr
      - setxattr

  - name: Check existence of lsetxattr in /etc/audit/rules.d/
    find:
      paths: /etc/audit/rules.d
      contains: -a always,exit -F arch=b64(( -S |,)\w+)*(( -S |,){{ item }})+(( -S
        |,)\w+)* -F auid&gt;=1000 -F auid!=unset (-k\s+|-F\s+key=)\S+\s*$
      patterns: '*.rules'
    register: find_command
    loop: '{{ (syscall_grouping + syscalls) | unique }}'

  - name: Reset syscalls found per file
    set_fact:
      syscalls_per_file: {}
      found_paths_dict: {}

  - name: Declare syscalls found per file
    set_fact: syscalls_per_file="{{ syscalls_per_file | combine( {item.files[0].path
      :[item.item] + syscalls_per_file.get(item.files[0].path, []) } ) }}"
    loop: '{{ find_command.results | selectattr(''matched'') | list }}'

  - name: Declare files where syscalls were found
    set_fact: found_paths="{{ find_command.results | map(attribute='files') | flatten
      | map(attribute='path') | list }}"

  - name: Count occurrences of syscalls in paths
    set_fact: found_paths_dict="{{ found_paths_dict | combine({ item:1+found_paths_dict.get(item,
      0) }) }}"
    loop: '{{ find_command.results | map(attribute=''files'') | flatten | map(attribute=''path'')
      | list }}'

  - name: Get path with most syscalls
    set_fact: audit_file="{{ (found_paths_dict | dict2items() | sort(attribute='value')
      | last).key }}"
    when: found_paths | length &gt;= 1

  - name: No file with syscall found, set path to /etc/audit/rules.d/perm_mod.rules
    set_fact: audit_file="/etc/audit/rules.d/perm_mod.rules"
    when: found_paths | length == 0

  - name: Declare found syscalls
    set_fact: syscalls_found="{{ find_command.results | selectattr('matched') | map(attribute='item')
      | list }}"

  - name: Declare missing syscalls
    set_fact: missing_syscalls="{{ syscalls | difference(syscalls_found) }}"

  - name: Replace the audit rule in {{ audit_file }}
    lineinfile:
      path: '{{ audit_file }}'
      regexp: (-a always,exit -F arch=b64)(?=.*(?:(?:-S |,)(?:{{ syscalls_per_file[audit_file]
        | join("|") }}))\b)((?:( -S |,)\w+)+)( -F auid&gt;=1000 -F auid!=unset (?:-k
        |-F key=)\w+)
      line: \1\2\3{{ missing_syscalls | join("\3") }}\4
      backrefs: true
      state: present
      mode: g-rwx,o-rwx
    when: syscalls_found | length &gt; 0 and missing_syscalls | length &gt; 0

  - name: Add the audit rule to {{ audit_file }}
    lineinfile:
      path: '{{ audit_file }}'
      line: -a always,exit -F arch=b64 -S {{ syscalls | join(',') }} -F auid&gt;=1000
        -F auid!=unset -F key=perm_mod
      create: true
      mode: g-rwx,o-rwx
      state: present
    when: syscalls_found | length == 0

  - name: Declare list of syscalls
    set_fact:
      syscalls:
      - lsetxattr
      syscall_grouping:
      - fremovexattr
      - lremovexattr
      - removexattr
      - fsetxattr
      - lsetxattr
      - setxattr

  - name: Check existence of lsetxattr in /etc/audit/audit.rules
    find:
      paths: /etc/audit
      contains: -a always,exit -F arch=b64(( -S |,)\w+)*(( -S |,){{ item }})+(( -S
        |,)\w+)* -F auid&gt;=1000 -F auid!=unset (-k\s+|-F\s+key=)\S+\s*$
      patterns: audit.rules
    register: find_command
    loop: '{{ (syscall_grouping + syscalls) | unique }}'

  - name: Set path to /etc/audit/audit.rules
    set_fact: audit_file="/etc/audit/audit.rules"

  - name: Declare found syscalls
    set_fact: syscalls_found="{{ find_command.results | selectattr('matched') | map(attribute='item')
      | list }}"

  - name: Declare missing syscalls
    set_fact: missing_syscalls="{{ syscalls | difference(syscalls_found) }}"

  - name: Replace the audit rule in {{ audit_file }}
    lineinfile:
      path: '{{ audit_file }}'
      regexp: (-a always,exit -F arch=b64)(?=.*(?:(?:-S |,)(?:{{ syscalls_found |
        join("|") }}))\b)((?:( -S |,)\w+)+)( -F auid&gt;=1000 -F auid!=unset (?:-k |-F
        key=)\w+)
      line: \1\2\3{{ missing_syscalls | join("\3") }}\4
      backrefs: true
      state: present
      mode: g-rwx,o-rwx
    when: syscalls_found | length &gt; 0 and missing_syscalls | length &gt; 0

  - name: Add the audit rule to {{ audit_file }}
    lineinfile:
      path: '{{ audit_file }}'
      line: -a always,exit -F arch=b64 -S {{ syscalls | join(',') }} -F auid&gt;=1000
        -F auid!=unset -F key=perm_mod
      create: true
      mode: g-rwx,o-rwx
      state: present
    when: syscalls_found | length == 0
  when:
  - '"auditd" in ansible_facts.packages'
  - '"linux-base" in ansible_facts.packages'
  - audit_arch == "b64"
  tags:
  - CJIS-5.4.1.1
  - NIST-800-171-3.1.7
  - NIST-800-53-AU-12(c)
  - NIST-800-53-AU-2(d)
  - NIST-800-53-CM-6(a)
  - PCI-DSS-Req-10.5.5
  - PCI-DSSv4-10.3
  - PCI-DSSv4-10.3.4
  - audit_rules_dac_modification_lsetxattr
  - low_complexity
  - low_disruption
  - medium_severity
  - reboot_required
  - restrict_strategy
</fix>
          <fix xmlns:xhtml="http://www.w3.org/1999/xhtml" id="audit_rules_dac_modification_lsetxattr" system="urn:xccdf:fix:script:sh"># Remediation is applicable only in certain platforms
if dpkg-query --show --showformat='${db:Status-Status}
' 'linux-base' 2&gt;/dev/null | grep -q ^installed &amp;&amp; dpkg-query --show --showformat='${db:Status-Status}\n' 'auditd' 2&gt;/dev/null | grep -q '^installed'; then

# First perform the remediation of the syscall rule
# Retrieve hardware architecture of the underlying system
[ "$(getconf LONG_BIT)" = "32" ] &amp;&amp; RULE_ARCHS=("b32") || RULE_ARCHS=("b32" "b64")

for ARCH in "${RULE_ARCHS[@]}"
do
	ACTION_ARCH_FILTERS="-a always,exit -F arch=$ARCH"
	OTHER_FILTERS=""
	AUID_FILTERS="-F auid&gt;=1000 -F auid!=unset"
	SYSCALL="lsetxattr"
	KEY="perm_mod"
	SYSCALL_GROUPING="fremovexattr lremovexattr removexattr fsetxattr lsetxattr setxattr"

	# Perform the remediation for both possible tools: 'auditctl' and 'augenrules'
	unset syscall_a
unset syscall_grouping
unset syscall_string
unset syscall
unset file_to_edit
unset rule_to_edit
unset rule_syscalls_to_edit
unset other_string
unset auid_string
unset full_rule

# Load macro arguments into arrays
read -a syscall_a &lt;&lt;&lt; $SYSCALL
read -a syscall_grouping &lt;&lt;&lt; $SYSCALL_GROUPING

# Create a list of audit *.rules files that should be inspected for presence and correctness
# of a particular audit rule. The scheme is as follows:
#
# -----------------------------------------------------------------------------------------
#  Tool used to load audit rules | Rule already defined  |  Audit rules file to inspect    |
# -----------------------------------------------------------------------------------------
#        auditctl                |     Doesn't matter    |  /etc/audit/audit.rules         |
# -----------------------------------------------------------------------------------------
#        augenrules              |          Yes          |  /etc/audit/rules.d/*.rules     |
#        augenrules              |          No           |  /etc/audit/rules.d/$key.rules  |
# -----------------------------------------------------------------------------------------
#
files_to_inspect=()

# If audit tool is 'augenrules', then check if the audit rule is defined
# If rule is defined, add '/etc/audit/rules.d/*.rules' to the list for inspection
# If rule isn't defined yet, add '/etc/audit/rules.d/$key.rules' to the list for inspection
default_file="/etc/audit/rules.d/$KEY.rules"
# As other_filters may include paths, lets use a different delimiter for it
# The "F" script expression tells sed to print the filenames where the expressions matched
readarray -t files_to_inspect &lt; &lt;(sed -s -n -e "/^$ACTION_ARCH_FILTERS/!d" -e "\#$OTHER_FILTERS#!d" -e "/$AUID_FILTERS/!d" -e "F" /etc/audit/rules.d/*.rules)
# Case when particular rule isn't defined in /etc/audit/rules.d/*.rules yet
if [ ${#files_to_inspect[@]} -eq "0" ]
then
    file_to_inspect="/etc/audit/rules.d/$KEY.rules"
    files_to_inspect=("$file_to_inspect")
    if [ ! -e "$file_to_inspect" ]
    then
        touch "$file_to_inspect"
        chmod 0600 "$file_to_inspect"
    fi
fi

# After converting to jinja, we cannot return; therefore we skip the rest of the macro if needed instead
skip=1

for audit_file in "${files_to_inspect[@]}"
do
    # Filter existing $audit_file rules' definitions to select those that satisfy the rule pattern,
    # i.e, collect rules that match:
    # * the action, list and arch, (2-nd argument)
    # * the other filters, (3-rd argument)
    # * the auid filters, (4-rd argument)
    readarray -t similar_rules &lt; &lt;(sed -e "/^$ACTION_ARCH_FILTERS/!d"  -e "\#$OTHER_FILTERS#!d" -e "/$AUID_FILTERS/!d" "$audit_file")

    candidate_rules=()
    # Filter out rules that have more fields then required. This will remove rules more specific than the required scope
    for s_rule in "${similar_rules[@]}"
    do
        # Strip all the options and fields we know of,
        # than check if there was any field left over
        extra_fields=$(sed -E -e "s/^$ACTION_ARCH_FILTERS//"  -e "s#$OTHER_FILTERS##" -e "s/$AUID_FILTERS//" -e "s/((:?-S [[:alnum:],]+)+)//g" -e "s/-F key=\w+|-k \w+//"&lt;&lt;&lt; "$s_rule")
        grep -q -- "-F" &lt;&lt;&lt; "$extra_fields" || candidate_rules+=("$s_rule")
    done

    if [[ ${#syscall_a[@]} -ge 1 ]]
    then
        # Check if the syscall we want is present in any of the similar existing rules
        for rule in "${candidate_rules[@]}"
        do
            rule_syscalls=$(echo "$rule" | grep -o -P '(-S [\w,]+)+' | xargs)
            all_syscalls_found=0
            for syscall in "${syscall_a[@]}"
            do
                grep -q -- "\b${syscall}\b" &lt;&lt;&lt; "$rule_syscalls" || {
                   # A syscall was not found in the candidate rule
                   all_syscalls_found=1
                   }
            done
            if [[ $all_syscalls_found -eq 0 ]]
            then
                # We found a rule with all the syscall(s) we want; skip rest of macro
                skip=0
                break
            fi

            # Check if this rule can be grouped with our target syscall and keep track of it
            for syscall_g in "${syscall_grouping[@]}"
            do
                if grep -q -- "\b${syscall_g}\b" &lt;&lt;&lt; "$rule_syscalls"
                then
                    file_to_edit=${audit_file}
                    rule_to_edit=${rule}
                    rule_syscalls_to_edit=${rule_syscalls}
                fi
            done
        done
    else
        # If there is any candidate rule, it is compliant; skip rest of macro
        if [ "${#candidate_rules[@]}" -gt 0 ]
        then
            skip=0
        fi
    fi

    if [ "$skip" -eq 0 ]; then
        break
    fi
done

if [ "$skip" -ne 0 ]; then
    # We checked all rules that matched the expected resemblance pattern (action, arch &amp; auid)
    # At this point we know if we need to either append the $full_rule or group
    # the syscall together with an exsiting rule

    # Append the full_rule if it cannot be grouped to any other rule
    if [ -z ${rule_to_edit+x} ]
    then
        # Build full_rule while avoid adding double spaces when other_filters is empty
        if [ "${#syscall_a[@]}" -gt 0 ]
        then
            syscall_string=""
            for syscall in "${syscall_a[@]}"
            do
                syscall_string+=" -S $syscall"
            done
        fi
        other_string=$([[ $OTHER_FILTERS ]] &amp;&amp; echo " $OTHER_FILTERS") || /bin/true
        auid_string=$([[ $AUID_FILTERS ]] &amp;&amp; echo " $AUID_FILTERS") || /bin/true
        full_rule="$ACTION_ARCH_FILTERS${syscall_string}${other_string}${auid_string} -F key=$KEY" || /bin/true
        echo "$full_rule" &gt;&gt; "$default_file"
        chmod 0600 ${default_file}
    else
        # Check if the syscalls are declared as a comma separated list or
        # as multiple -S parameters
        if grep -q -- "," &lt;&lt;&lt; "${rule_syscalls_to_edit}"
        then
            delimiter=","
        else
            delimiter=" -S "
        fi
        new_grouped_syscalls="${rule_syscalls_to_edit}"
        for syscall in "${syscall_a[@]}"
        do
            grep -q -- "\b${syscall}\b" &lt;&lt;&lt; "${rule_syscalls_to_edit}" || {
               # A syscall was not found in the candidate rule
               new_grouped_syscalls+="${delimiter}${syscall}"
               }
        done

        # Group the syscall in the rule
        sed -i -e "\#${rule_to_edit}#s#${rule_syscalls_to_edit}#${new_grouped_syscalls}#" "$file_to_edit"
    fi
fi
	unset syscall_a
unset syscall_grouping
unset syscall_string
unset syscall
unset file_to_edit
unset rule_to_edit
unset rule_syscalls_to_edit
unset other_string
unset auid_string
unset full_rule

# Load macro arguments into arrays
read -a syscall_a &lt;&lt;&lt; $SYSCALL
read -a syscall_grouping &lt;&lt;&lt; $SYSCALL_GROUPING

# Create a list of audit *.rules files that should be inspected for presence and correctness
# of a particular audit rule. The scheme is as follows:
#
# -----------------------------------------------------------------------------------------
#  Tool used to load audit rules | Rule already defined  |  Audit rules file to inspect    |
# -----------------------------------------------------------------------------------------
#        auditctl                |     Doesn't matter    |  /etc/audit/audit.rules         |
# -----------------------------------------------------------------------------------------
#        augenrules              |          Yes          |  /etc/audit/rules.d/*.rules     |
#        augenrules              |          No           |  /etc/audit/rules.d/$key.rules  |
# -----------------------------------------------------------------------------------------
#
files_to_inspect=()


# If audit tool is 'auditctl', then add '/etc/audit/audit.rules'
# file to the list of files to be inspected
default_file="/etc/audit/audit.rules"
files_to_inspect+=('/etc/audit/audit.rules' )

# After converting to jinja, we cannot return; therefore we skip the rest of the macro if needed instead
skip=1

for audit_file in "${files_to_inspect[@]}"
do
    # Filter existing $audit_file rules' definitions to select those that satisfy the rule pattern,
    # i.e, collect rules that match:
    # * the action, list and arch, (2-nd argument)
    # * the other filters, (3-rd argument)
    # * the auid filters, (4-rd argument)
    readarray -t similar_rules &lt; &lt;(sed -e "/^$ACTION_ARCH_FILTERS/!d"  -e "\#$OTHER_FILTERS#!d" -e "/$AUID_FILTERS/!d" "$audit_file")

    candidate_rules=()
    # Filter out rules that have more fields then required. This will remove rules more specific than the required scope
    for s_rule in "${similar_rules[@]}"
    do
        # Strip all the options and fields we know of,
        # than check if there was any field left over
        extra_fields=$(sed -E -e "s/^$ACTION_ARCH_FILTERS//"  -e "s#$OTHER_FILTERS##" -e "s/$AUID_FILTERS//" -e "s/((:?-S [[:alnum:],]+)+)//g" -e "s/-F key=\w+|-k \w+//"&lt;&lt;&lt; "$s_rule")
        grep -q -- "-F" &lt;&lt;&lt; "$extra_fields" || candidate_rules+=("$s_rule")
    done

    if [[ ${#syscall_a[@]} -ge 1 ]]
    then
        # Check if the syscall we want is present in any of the similar existing rules
        for rule in "${candidate_rules[@]}"
        do
            rule_syscalls=$(echo "$rule" | grep -o -P '(-S [\w,]+)+' | xargs)
            all_syscalls_found=0
            for syscall in "${syscall_a[@]}"
            do
                grep -q -- "\b${syscall}\b" &lt;&lt;&lt; "$rule_syscalls" || {
                   # A syscall was not found in the candidate rule
                   all_syscalls_found=1
                   }
            done
            if [[ $all_syscalls_found -eq 0 ]]
            then
                # We found a rule with all the syscall(s) we want; skip rest of macro
                skip=0
                break
            fi

            # Check if this rule can be grouped with our target syscall and keep track of it
            for syscall_g in "${syscall_grouping[@]}"
            do
                if grep -q -- "\b${syscall_g}\b" &lt;&lt;&lt; "$rule_syscalls"
                then
                    file_to_edit=${audit_file}
                    rule_to_edit=${rule}
                    rule_syscalls_to_edit=${rule_syscalls}
                fi
            done
        done
    else
        # If there is any candidate rule, it is compliant; skip rest of macro
        if [ "${#candidate_rules[@]}" -gt 0 ]
        then
            skip=0
        fi
    fi

    if [ "$skip" -eq 0 ]; then
        break
    fi
done

if [ "$skip" -ne 0 ]; then
    # We checked all rules that matched the expected resemblance pattern (action, arch &amp; auid)
    # At this point we know if we need to either append the $full_rule or group
    # the syscall together with an exsiting rule

    # Append the full_rule if it cannot be grouped to any other rule
    if [ -z ${rule_to_edit+x} ]
    then
        # Build full_rule while avoid adding double spaces when other_filters is empty
        if [ "${#syscall_a[@]}" -gt 0 ]
        then
            syscall_string=""
            for syscall in "${syscall_a[@]}"
            do
                syscall_string+=" -S $syscall"
            done
        fi
        other_string=$([[ $OTHER_FILTERS ]] &amp;&amp; echo " $OTHER_FILTERS") || /bin/true
        auid_string=$([[ $AUID_FILTERS ]] &amp;&amp; echo " $AUID_FILTERS") || /bin/true
        full_rule="$ACTION_ARCH_FILTERS${syscall_string}${other_string}${auid_string} -F key=$KEY" || /bin/true
        echo "$full_rule" &gt;&gt; "$default_file"
        chmod 0600 ${default_file}
    else
        # Check if the syscalls are declared as a comma separated list or
        # as multiple -S parameters
        if grep -q -- "," &lt;&lt;&lt; "${rule_syscalls_to_edit}"
        then
            delimiter=","
        else
            delimiter=" -S "
        fi
        new_grouped_syscalls="${rule_syscalls_to_edit}"
        for syscall in "${syscall_a[@]}"
        do
            grep -q -- "\b${syscall}\b" &lt;&lt;&lt; "${rule_syscalls_to_edit}" || {
               # A syscall was not found in the candidate rule
               new_grouped_syscalls+="${delimiter}${syscall}"
               }
        done

        # Group the syscall in the rule
        sed -i -e "\#${rule_to_edit}#s#${rule_syscalls_to_edit}#${new_grouped_syscalls}#" "$file_to_edit"
    fi
fi
done

else
    &gt;&amp;2 echo 'Remediation is not applicable, nothing was done'
fi
</fix>
          <check system="http://oval.mitre.org/XMLSchema/oval-definitions-5">
            <check-content-ref name="oval:ssg-audit_rules_dac_modification_lsetxattr:def:1" href="ssg-ubuntu2404-oval.xml"/>
          </check>
          <check system="http://scap.nist.gov/schema/ocil/2">
            <check-content-ref name="ocil:ssg-audit_rules_dac_modification_lsetxattr_ocil:questionnaire:1" href="ssg-ubuntu2404-ocil.xml"/>
          </check>
        </Rule>
        <Rule id="xccdf_org.ssgproject.content_rule_audit_rules_dac_modification_removexattr" selected="false" role="full" severity="medium">
          <title xmlns:xhtml="http://www.w3.org/1999/xhtml" xml:lang="en-US">Record Events that Modify the System's Discretionary Access Controls - removexattr</title>
          <description xmlns:xhtml="http://www.w3.org/1999/xhtml" xml:lang="en-US">At a minimum, the audit system should collect file permission
changes for all users and root.
<html:br xmlns:html="http://www.w3.org/1999/xhtml"/>
        <html:br xmlns:html="http://www.w3.org/1999/xhtml"/>
If the <html:code xmlns:html="http://www.w3.org/1999/xhtml">auditd</html:code> daemon is configured to use the <html:code xmlns:html="http://www.w3.org/1999/xhtml">augenrules</html:code>
program to read audit rules during daemon startup (the default), add the
following line to a file with suffix <html:code xmlns:html="http://www.w3.org/1999/xhtml">.rules</html:code> in the directory <html:code xmlns:html="http://www.w3.org/1999/xhtml">/etc/audit/rules.d</html:code>:
<html:pre xmlns:html="http://www.w3.org/1999/xhtml">-a always,exit -F arch=b32 -S removexattr -F auid&gt;=1000 -F auid!=unset -F key=perm_mod</html:pre>
        <html:pre xmlns:html="http://www.w3.org/1999/xhtml">-a always,exit -F arch=b32 -S removexattr -F auid=0 -F key=perm_mod</html:pre>
        <html:br xmlns:html="http://www.w3.org/1999/xhtml"/>
        <html:br xmlns:html="http://www.w3.org/1999/xhtml"/>
If the system is 64 bit then also add the following line:
<html:pre xmlns:html="http://www.w3.org/1999/xhtml">-a always,exit -F arch=b64 -S removexattr -F auid&gt;=1000 -F auid!=unset -F key=perm_mod</html:pre>
        <html:pre xmlns:html="http://www.w3.org/1999/xhtml">-a always,exit -F arch=b64 -S removexattr -F auid=0 -F key=perm_mod</html:pre>
        <html:br xmlns:html="http://www.w3.org/1999/xhtml"/>
        <html:br xmlns:html="http://www.w3.org/1999/xhtml"/>
If the <html:code xmlns:html="http://www.w3.org/1999/xhtml">auditd</html:code> daemon is configured to use the <html:code xmlns:html="http://www.w3.org/1999/xhtml">auditctl</html:code>
utility to read audit rules during daemon startup, add the following line to
<html:code xmlns:html="http://www.w3.org/1999/xhtml">/etc/audit/audit.rules</html:code> file:
<html:pre xmlns:html="http://www.w3.org/1999/xhtml">-a always,exit -F arch=b32 -S removexattr -F auid&gt;=1000 -F auid!=unset -F key=perm_mod</html:pre>
        <html:pre xmlns:html="http://www.w3.org/1999/xhtml">-a always,exit -F arch=b32 -S removexattr -F auid=0 -F key=perm_mod</html:pre>
        <html:br xmlns:html="http://www.w3.org/1999/xhtml"/>
        <html:br xmlns:html="http://www.w3.org/1999/xhtml"/>
If the system is 64 bit then also add the following line:
<html:pre xmlns:html="http://www.w3.org/1999/xhtml">-a always,exit -F arch=b64 -S removexattr -F auid&gt;=1000 -F auid!=unset -F key=perm_mod</html:pre>
        <html:pre xmlns:html="http://www.w3.org/1999/xhtml">-a always,exit -F arch=b64 -S removexattr -F auid=0 -F key=perm_mod</html:pre>
       </description>
          <warning xmlns:xhtml="http://www.w3.org/1999/xhtml" xml:lang="en-US" category="general">Note that these rules can be configured in a
number of ways while still achieving the desired effect. Here the system calls
have been placed independent of other system calls. Grouping these system
calls with others as identifying earlier in this guide is more efficient.</warning>
          <reference href="https://www.cisecurity.org/controls/">1</reference>
          <reference href="https://www.cisecurity.org/controls/">11</reference>
          <reference href="https://www.cisecurity.org/controls/">12</reference>
          <reference href="https://www.cisecurity.org/controls/">13</reference>
          <reference href="https://www.cisecurity.org/controls/">14</reference>
          <reference href="https://www.cisecurity.org/controls/">15</reference>
          <reference href="https://www.cisecurity.org/controls/">16</reference>
          <reference href="https://www.cisecurity.org/controls/">19</reference>
          <reference href="https://www.cisecurity.org/controls/">2</reference>
          <reference href="https://www.cisecurity.org/controls/">3</reference>
          <reference href="https://www.cisecurity.org/controls/">4</reference>
          <reference href="https://www.cisecurity.org/controls/">5</reference>
          <reference href="https://www.cisecurity.org/controls/">6</reference>
          <reference href="https://www.cisecurity.org/controls/">7</reference>
          <reference href="https://www.cisecurity.org/controls/">8</reference>
          <reference href="https://www.cisecurity.org/controls/">9</reference>
          <reference href="https://www.fbi.gov/file-repository/cjis-security-policy-v5_5_20160601-2-1.pdf">5.4.1.1</reference>
          <reference href="https://www.isaca.org/resources/cobit">APO10.01</reference>
          <reference href="https://www.isaca.org/resources/cobit">APO10.03</reference>
          <reference href="https://www.isaca.org/resources/cobit">APO10.04</reference>
          <reference href="https://www.isaca.org/resources/cobit">APO10.05</reference>
          <reference href="https://www.isaca.org/resources/cobit">APO11.04</reference>
          <reference href="https://www.isaca.org/resources/cobit">APO12.06</reference>
          <reference href="https://www.isaca.org/resources/cobit">APO13.01</reference>
          <reference href="https://www.isaca.org/resources/cobit">BAI03.05</reference>
          <reference href="https://www.isaca.org/resources/cobit">BAI08.02</reference>
          <reference href="https://www.isaca.org/resources/cobit">DSS01.03</reference>
          <reference href="https://www.isaca.org/resources/cobit">DSS01.04</reference>
          <reference href="https://www.isaca.org/resources/cobit">DSS02.02</reference>
          <reference href="https://www.isaca.org/resources/cobit">DSS02.04</reference>
          <reference href="https://www.isaca.org/resources/cobit">DSS02.07</reference>
          <reference href="https://www.isaca.org/resources/cobit">DSS03.01</reference>
          <reference href="https://www.isaca.org/resources/cobit">DSS03.05</reference>
          <reference href="https://www.isaca.org/resources/cobit">DSS05.02</reference>
          <reference href="https://www.isaca.org/resources/cobit">DSS05.03</reference>
          <reference href="https://www.isaca.org/resources/cobit">DSS05.04</reference>
          <reference href="https://www.isaca.org/resources/cobit">DSS05.05</reference>
          <reference href="https://www.isaca.org/resources/cobit">DSS05.07</reference>
          <reference href="https://www.isaca.org/resources/cobit">MEA01.01</reference>
          <reference href="https://www.isaca.org/resources/cobit">MEA01.02</reference>
          <reference href="https://www.isaca.org/resources/cobit">MEA01.03</reference>
          <reference href="https://www.isaca.org/resources/cobit">MEA01.04</reference>
          <reference href="https://www.isaca.org/resources/cobit">MEA01.05</reference>
          <reference href="https://www.isaca.org/resources/cobit">MEA02.01</reference>
          <reference href="http://nvlpubs.nist.gov/nistpubs/SpecialPublications/NIST.SP.800-171.pdf">3.1.7</reference>
          <reference href="https://public.cyber.mil/stigs/cci/">CCI-000172</reference>
          <reference href="https://public.cyber.mil/stigs/cci/">CCI-000130</reference>
          <reference href="https://public.cyber.mil/stigs/cci/">CCI-000135</reference>
          <reference href="https://public.cyber.mil/stigs/cci/">CCI-000169</reference>
          <reference href="https://public.cyber.mil/stigs/cci/">CCI-002884</reference>
          <reference href="https://www.gpo.gov/fdsys/pkg/CFR-2007-title45-vol1/pdf/CFR-2007-title45-vol1-chapA-subchapC.pdf">164.308(a)(1)(ii)(D)</reference>
          <reference href="https://www.gpo.gov/fdsys/pkg/CFR-2007-title45-vol1/pdf/CFR-2007-title45-vol1-chapA-subchapC.pdf">164.308(a)(3)(ii)(A)</reference>
          <reference href="https://www.gpo.gov/fdsys/pkg/CFR-2007-title45-vol1/pdf/CFR-2007-title45-vol1-chapA-subchapC.pdf">164.308(a)(5)(ii)(C)</reference>
          <reference href="https://www.gpo.gov/fdsys/pkg/CFR-2007-title45-vol1/pdf/CFR-2007-title45-vol1-chapA-subchapC.pdf">164.312(a)(2)(i)</reference>
          <reference href="https://www.gpo.gov/fdsys/pkg/CFR-2007-title45-vol1/pdf/CFR-2007-title45-vol1-chapA-subchapC.pdf">164.312(b)</reference>
          <reference href="https://www.gpo.gov/fdsys/pkg/CFR-2007-title45-vol1/pdf/CFR-2007-title45-vol1-chapA-subchapC.pdf">164.312(d)</reference>
          <reference href="https://www.gpo.gov/fdsys/pkg/CFR-2007-title45-vol1/pdf/CFR-2007-title45-vol1-chapA-subchapC.pdf">164.312(e)</reference>
          <reference href="https://www.isa.org/products/isa-62443-2-1-2009-security-for-industrial-automat">4.2.3.10</reference>
          <reference href="https://www.isa.org/products/isa-62443-2-1-2009-security-for-industrial-automat">4.3.2.6.7</reference>
          <reference href="https://www.isa.org/products/isa-62443-2-1-2009-security-for-industrial-automat">4.3.3.3.9</reference>
          <reference href="https://www.isa.org/products/isa-62443-2-1-2009-security-for-industrial-automat">4.3.3.5.8</reference>
          <reference href="https://www.isa.org/products/isa-62443-2-1-2009-security-for-industrial-automat">4.3.3.6.6</reference>
          <reference href="https://www.isa.org/products/isa-62443-2-1-2009-security-for-industrial-automat">4.3.4.4.7</reference>
          <reference href="https://www.isa.org/products/isa-62443-2-1-2009-security-for-industrial-automat">4.3.4.5.6</reference>
          <reference href="https://www.isa.org/products/isa-62443-2-1-2009-security-for-industrial-automat">4.3.4.5.7</reference>
          <reference href="https://www.isa.org/products/isa-62443-2-1-2009-security-for-industrial-automat">4.3.4.5.8</reference>
          <reference href="https://www.isa.org/products/isa-62443-2-1-2009-security-for-industrial-automat">4.4.2.1</reference>
          <reference href="https://www.isa.org/products/isa-62443-2-1-2009-security-for-industrial-automat">4.4.2.2</reference>
          <reference href="https://www.isa.org/products/isa-62443-2-1-2009-security-for-industrial-automat">4.4.2.4</reference>
          <reference href="https://www.isa.org/products/ansi-isa-62443-3-3-99-03-03-2013-security-for-indu">SR 1.13</reference>
          <reference href="https://www.isa.org/products/ansi-isa-62443-3-3-99-03-03-2013-security-for-indu">SR 2.10</reference>
          <reference href="https://www.isa.org/products/ansi-isa-62443-3-3-99-03-03-2013-security-for-indu">SR 2.11</reference>
          <reference href="https://www.isa.org/products/ansi-isa-62443-3-3-99-03-03-2013-security-for-indu">SR 2.12</reference>
          <reference href="https://www.isa.org/products/ansi-isa-62443-3-3-99-03-03-2013-security-for-indu">SR 2.6</reference>
          <reference href="https://www.isa.org/products/ansi-isa-62443-3-3-99-03-03-2013-security-for-indu">SR 2.8</reference>
          <reference href="https://www.isa.org/products/ansi-isa-62443-3-3-99-03-03-2013-security-for-indu">SR 2.9</reference>
          <reference href="https://www.isa.org/products/ansi-isa-62443-3-3-99-03-03-2013-security-for-indu">SR 3.1</reference>
          <reference href="https://www.isa.org/products/ansi-isa-62443-3-3-99-03-03-2013-security-for-indu">SR 3.5</reference>
          <reference href="https://www.isa.org/products/ansi-isa-62443-3-3-99-03-03-2013-security-for-indu">SR 3.8</reference>
          <reference href="https://www.isa.org/products/ansi-isa-62443-3-3-99-03-03-2013-security-for-indu">SR 4.1</reference>
          <reference href="https://www.isa.org/products/ansi-isa-62443-3-3-99-03-03-2013-security-for-indu">SR 4.3</reference>
          <reference href="https://www.isa.org/products/ansi-isa-62443-3-3-99-03-03-2013-security-for-indu">SR 5.1</reference>
          <reference href="https://www.isa.org/products/ansi-isa-62443-3-3-99-03-03-2013-security-for-indu">SR 5.2</reference>
          <reference href="https://www.isa.org/products/ansi-isa-62443-3-3-99-03-03-2013-security-for-indu">SR 5.3</reference>
          <reference href="https://www.isa.org/products/ansi-isa-62443-3-3-99-03-03-2013-security-for-indu">SR 6.1</reference>
          <reference href="https://www.isa.org/products/ansi-isa-62443-3-3-99-03-03-2013-security-for-indu">SR 6.2</reference>
          <reference href="https://www.isa.org/products/ansi-isa-62443-3-3-99-03-03-2013-security-for-indu">SR 7.1</reference>
          <reference href="https://www.isa.org/products/ansi-isa-62443-3-3-99-03-03-2013-security-for-indu">SR 7.6</reference>
          <reference href="https://www.iso.org/contents/data/standard/05/45/54534.html">A.11.2.6</reference>
          <reference href="https://www.iso.org/contents/data/standard/05/45/54534.html">A.12.4.1</reference>
          <reference href="https://www.iso.org/contents/data/standard/05/45/54534.html">A.12.4.2</reference>
          <reference href="https://www.iso.org/contents/data/standard/05/45/54534.html">A.12.4.3</reference>
          <reference href="https://www.iso.org/contents/data/standard/05/45/54534.html">A.12.4.4</reference>
          <reference href="https://www.iso.org/contents/data/standard/05/45/54534.html">A.12.7.1</reference>
          <reference href="https://www.iso.org/contents/data/standard/05/45/54534.html">A.13.1.1</reference>
          <reference href="https://www.iso.org/contents/data/standard/05/45/54534.html">A.13.2.1</reference>
          <reference href="https://www.iso.org/contents/data/standard/05/45/54534.html">A.14.1.3</reference>
          <reference href="https://www.iso.org/contents/data/standard/05/45/54534.html">A.14.2.7</reference>
          <reference href="https://www.iso.org/contents/data/standard/05/45/54534.html">A.15.2.1</reference>
          <reference href="https://www.iso.org/contents/data/standard/05/45/54534.html">A.15.2.2</reference>
          <reference href="https://www.iso.org/contents/data/standard/05/45/54534.html">A.16.1.4</reference>
          <reference href="https://www.iso.org/contents/data/standard/05/45/54534.html">A.16.1.5</reference>
          <reference href="https://www.iso.org/contents/data/standard/05/45/54534.html">A.16.1.7</reference>
          <reference href="https://www.iso.org/contents/data/standard/05/45/54534.html">A.6.2.1</reference>
          <reference href="https://www.iso.org/contents/data/standard/05/45/54534.html">A.6.2.2</reference>
          <reference href="http://nvlpubs.nist.gov/nistpubs/SpecialPublications/NIST.SP.800-53r4.pdf">AU-2(d)</reference>
          <reference href="http://nvlpubs.nist.gov/nistpubs/SpecialPublications/NIST.SP.800-53r4.pdf">AU-12(c)</reference>
          <reference href="http://nvlpubs.nist.gov/nistpubs/SpecialPublications/NIST.SP.800-53r4.pdf">CM-6(a)</reference>
          <reference href="https://nvlpubs.nist.gov/nistpubs/CSWP/NIST.CSWP.04162018.pdf">DE.AE-3</reference>
          <reference href="https://nvlpubs.nist.gov/nistpubs/CSWP/NIST.CSWP.04162018.pdf">DE.AE-5</reference>
          <reference href="https://nvlpubs.nist.gov/nistpubs/CSWP/NIST.CSWP.04162018.pdf">DE.CM-1</reference>
          <reference href="https://nvlpubs.nist.gov/nistpubs/CSWP/NIST.CSWP.04162018.pdf">DE.CM-3</reference>
          <reference href="https://nvlpubs.nist.gov/nistpubs/CSWP/NIST.CSWP.04162018.pdf">DE.CM-7</reference>
          <reference href="https://nvlpubs.nist.gov/nistpubs/CSWP/NIST.CSWP.04162018.pdf">ID.SC-4</reference>
          <reference href="https://nvlpubs.nist.gov/nistpubs/CSWP/NIST.CSWP.04162018.pdf">PR.AC-3</reference>
          <reference href="https://nvlpubs.nist.gov/nistpubs/CSWP/NIST.CSWP.04162018.pdf">PR.PT-1</reference>
          <reference href="https://nvlpubs.nist.gov/nistpubs/CSWP/NIST.CSWP.04162018.pdf">PR.PT-4</reference>
          <reference href="https://nvlpubs.nist.gov/nistpubs/CSWP/NIST.CSWP.04162018.pdf">RS.AN-1</reference>
          <reference href="https://nvlpubs.nist.gov/nistpubs/CSWP/NIST.CSWP.04162018.pdf">RS.AN-4</reference>
          <reference href="https://www.pcisecuritystandards.org/documents/PCI_DSS_v3-2-1.pdf">Req-10.5.5</reference>
          <reference href="https://public.cyber.mil/stigs/downloads/?_dl_facet_stigs=operating-systems%2Cgeneral-purpose-os">SRG-OS-000037-GPOS-00015</reference>
          <reference href="https://public.cyber.mil/stigs/downloads/?_dl_facet_stigs=operating-systems%2Cgeneral-purpose-os">SRG-OS-000042-GPOS-00020</reference>
          <reference href="https://public.cyber.mil/stigs/downloads/?_dl_facet_stigs=operating-systems%2Cgeneral-purpose-os">SRG-OS-000062-GPOS-00031</reference>
          <reference href="https://public.cyber.mil/stigs/downloads/?_dl_facet_stigs=operating-systems%2Cgeneral-purpose-os">SRG-OS-000392-GPOS-00172</reference>
          <reference href="https://public.cyber.mil/stigs/downloads/?_dl_facet_stigs=operating-systems%2Cgeneral-purpose-os">SRG-OS-000458-GPOS-00203</reference>
          <reference href="https://public.cyber.mil/stigs/downloads/?_dl_facet_stigs=operating-systems%2Cgeneral-purpose-os">SRG-OS-000462-GPOS-00206</reference>
          <reference href="https://public.cyber.mil/stigs/downloads/?_dl_facet_stigs=operating-systems%2Cgeneral-purpose-os">SRG-OS-000463-GPOS-00207</reference>
          <reference href="https://public.cyber.mil/stigs/downloads/?_dl_facet_stigs=operating-systems%2Cgeneral-purpose-os">SRG-OS-000468-GPOS-00212</reference>
          <reference href="https://public.cyber.mil/stigs/downloads/?_dl_facet_stigs=operating-systems%2Cgeneral-purpose-os">SRG-OS-000471-GPOS-00215</reference>
          <reference href="https://public.cyber.mil/stigs/downloads/?_dl_facet_stigs=operating-systems%2Cgeneral-purpose-os">SRG-OS-000474-GPOS-00219</reference>
          <reference href="https://public.cyber.mil/stigs/downloads/?_dl_facet_stigs=operating-systems%2Cgeneral-purpose-os">SRG-OS-000466-GPOS-00210</reference>
          <reference href="https://public.cyber.mil/stigs/downloads/?_dl_facet_stigs=operating-systems%2Cgeneral-purpose-os">SRG-OS-000064-GPOS-00033</reference>
          <reference href="https://public.cyber.mil/stigs/downloads/?_dl_facet_stigs=container-platform">SRG-APP-000091-CTR-000160</reference>
          <reference href="https://public.cyber.mil/stigs/downloads/?_dl_facet_stigs=container-platform">SRG-APP-000492-CTR-001220</reference>
          <reference href="https://public.cyber.mil/stigs/downloads/?_dl_facet_stigs=container-platform">SRG-APP-000493-CTR-001225</reference>
          <reference href="https://public.cyber.mil/stigs/downloads/?_dl_facet_stigs=container-platform">SRG-APP-000494-CTR-001230</reference>
          <reference href="https://public.cyber.mil/stigs/downloads/?_dl_facet_stigs=container-platform">SRG-APP-000500-CTR-001260</reference>
          <reference href="https://public.cyber.mil/stigs/downloads/?_dl_facet_stigs=container-platform">SRG-APP-000507-CTR-001295</reference>
          <reference href="https://public.cyber.mil/stigs/downloads/?_dl_facet_stigs=container-platform">SRG-APP-000495-CTR-001235</reference>
          <reference href="https://public.cyber.mil/stigs/downloads/?_dl_facet_stigs=container-platform">SRG-APP-000496-CTR-001240</reference>
          <reference href="https://public.cyber.mil/stigs/downloads/?_dl_facet_stigs=container-platform">SRG-APP-000497-CTR-001245</reference>
          <reference href="https://public.cyber.mil/stigs/downloads/?_dl_facet_stigs=container-platform">SRG-APP-000498-CTR-001250</reference>
          <reference href="https://public.cyber.mil/stigs/downloads/?_dl_facet_stigs=container-platform">SRG-APP-000499-CTR-001255</reference>
          <reference href="https://public.cyber.mil/stigs/downloads/?_dl_facet_stigs=container-platform">SRG-APP-000501-CTR-001265</reference>
          <reference href="https://public.cyber.mil/stigs/downloads/?_dl_facet_stigs=container-platform">SRG-APP-000502-CTR-001270</reference>
          <reference href="https://cyber.gouv.fr/sites/default/files/document/linux_configuration-en-v2.pdf">R73</reference>
          <reference href="https://www.cisecurity.org/benchmark/ubuntu_linux/">6.2.3.9</reference>
          <reference href="https://docs-prv.pcisecuritystandards.org/PCI%20DSS/Standard/PCI-DSS-v4_0.pdf">10.3.4</reference>
          <reference href="https://docs-prv.pcisecuritystandards.org/PCI%20DSS/Standard/PCI-DSS-v4_0.pdf">10.3</reference>
          <rationale xmlns:xhtml="http://www.w3.org/1999/xhtml" xml:lang="en-US">The changing of file permissions could indicate that a user is attempting to
gain access to information that would otherwise be disallowed. Auditing DAC modifications
can facilitate the identification of patterns of abuse among both authorized and
unauthorized users.</rationale>
          <fix xmlns:xhtml="http://www.w3.org/1999/xhtml" id="audit_rules_dac_modification_removexattr" system="urn:xccdf:fix:script:ansible" reboot="true" complexity="low" disruption="low" strategy="restrict">- name: Gather the package facts
  package_facts:
    manager: auto
  tags:
  - CJIS-5.4.1.1
  - NIST-800-171-3.1.7
  - NIST-800-53-AU-12(c)
  - NIST-800-53-AU-2(d)
  - NIST-800-53-CM-6(a)
  - PCI-DSS-Req-10.5.5
  - PCI-DSSv4-10.3
  - PCI-DSSv4-10.3.4
  - audit_rules_dac_modification_removexattr
  - low_complexity
  - low_disruption
  - medium_severity
  - reboot_required
  - restrict_strategy

- name: Set architecture for audit removexattr tasks
  set_fact:
    audit_arch: b64
  when:
  - '"auditd" in ansible_facts.packages'
  - '"linux-base" in ansible_facts.packages'
  - ansible_architecture == "aarch64" or ansible_architecture == "ppc64" or ansible_architecture
    == "ppc64le" or ansible_architecture == "s390x" or ansible_architecture == "x86_64"
  tags:
  - CJIS-5.4.1.1
  - NIST-800-171-3.1.7
  - NIST-800-53-AU-12(c)
  - NIST-800-53-AU-2(d)
  - NIST-800-53-CM-6(a)
  - PCI-DSS-Req-10.5.5
  - PCI-DSSv4-10.3
  - PCI-DSSv4-10.3.4
  - audit_rules_dac_modification_removexattr
  - low_complexity
  - low_disruption
  - medium_severity
  - reboot_required
  - restrict_strategy

- name: Perform remediation of Audit rules for removexattr for 32bit platform
  block:

  - name: Declare list of syscalls
    set_fact:
      syscalls:
      - removexattr
      syscall_grouping:
      - fremovexattr
      - lremovexattr
      - removexattr
      - fsetxattr
      - lsetxattr
      - setxattr

  - name: Check existence of removexattr in /etc/audit/rules.d/
    find:
      paths: /etc/audit/rules.d
      contains: -a always,exit -F arch=b32(( -S |,)\w+)*(( -S |,){{ item }})+(( -S
        |,)\w+)* -F auid&gt;=1000 -F auid!=unset (-k\s+|-F\s+key=)\S+\s*$
      patterns: '*.rules'
    register: find_command
    loop: '{{ (syscall_grouping + syscalls) | unique }}'

  - name: Reset syscalls found per file
    set_fact:
      syscalls_per_file: {}
      found_paths_dict: {}

  - name: Declare syscalls found per file
    set_fact: syscalls_per_file="{{ syscalls_per_file | combine( {item.files[0].path
      :[item.item] + syscalls_per_file.get(item.files[0].path, []) } ) }}"
    loop: '{{ find_command.results | selectattr(''matched'') | list }}'

  - name: Declare files where syscalls were found
    set_fact: found_paths="{{ find_command.results | map(attribute='files') | flatten
      | map(attribute='path') | list }}"

  - name: Count occurrences of syscalls in paths
    set_fact: found_paths_dict="{{ found_paths_dict | combine({ item:1+found_paths_dict.get(item,
      0) }) }}"
    loop: '{{ find_command.results | map(attribute=''files'') | flatten | map(attribute=''path'')
      | list }}'

  - name: Get path with most syscalls
    set_fact: audit_file="{{ (found_paths_dict | dict2items() | sort(attribute='value')
      | last).key }}"
    when: found_paths | length &gt;= 1

  - name: No file with syscall found, set path to /etc/audit/rules.d/perm_mod.rules
    set_fact: audit_file="/etc/audit/rules.d/perm_mod.rules"
    when: found_paths | length == 0

  - name: Declare found syscalls
    set_fact: syscalls_found="{{ find_command.results | selectattr('matched') | map(attribute='item')
      | list }}"

  - name: Declare missing syscalls
    set_fact: missing_syscalls="{{ syscalls | difference(syscalls_found) }}"

  - name: Replace the audit rule in {{ audit_file }}
    lineinfile:
      path: '{{ audit_file }}'
      regexp: (-a always,exit -F arch=b32)(?=.*(?:(?:-S |,)(?:{{ syscalls_per_file[audit_file]
        | join("|") }}))\b)((?:( -S |,)\w+)+)( -F auid&gt;=1000 -F auid!=unset (?:-k
        |-F key=)\w+)
      line: \1\2\3{{ missing_syscalls | join("\3") }}\4
      backrefs: true
      state: present
      mode: g-rwx,o-rwx
    when: syscalls_found | length &gt; 0 and missing_syscalls | length &gt; 0

  - name: Add the audit rule to {{ audit_file }}
    lineinfile:
      path: '{{ audit_file }}'
      line: -a always,exit -F arch=b32 -S {{ syscalls | join(',') }} -F auid&gt;=1000
        -F auid!=unset -F key=perm_mod
      create: true
      mode: g-rwx,o-rwx
      state: present
    when: syscalls_found | length == 0

  - name: Declare list of syscalls
    set_fact:
      syscalls:
      - removexattr
      syscall_grouping:
      - fremovexattr
      - lremovexattr
      - removexattr
      - fsetxattr
      - lsetxattr
      - setxattr

  - name: Check existence of removexattr in /etc/audit/audit.rules
    find:
      paths: /etc/audit
      contains: -a always,exit -F arch=b32(( -S |,)\w+)*(( -S |,){{ item }})+(( -S
        |,)\w+)* -F auid&gt;=1000 -F auid!=unset (-k\s+|-F\s+key=)\S+\s*$
      patterns: audit.rules
    register: find_command
    loop: '{{ (syscall_grouping + syscalls) | unique }}'

  - name: Set path to /etc/audit/audit.rules
    set_fact: audit_file="/etc/audit/audit.rules"

  - name: Declare found syscalls
    set_fact: syscalls_found="{{ find_command.results | selectattr('matched') | map(attribute='item')
      | list }}"

  - name: Declare missing syscalls
    set_fact: missing_syscalls="{{ syscalls | difference(syscalls_found) }}"

  - name: Replace the audit rule in {{ audit_file }}
    lineinfile:
      path: '{{ audit_file }}'
      regexp: (-a always,exit -F arch=b32)(?=.*(?:(?:-S |,)(?:{{ syscalls_found |
        join("|") }}))\b)((?:( -S |,)\w+)+)( -F auid&gt;=1000 -F auid!=unset (?:-k |-F
        key=)\w+)
      line: \1\2\3{{ missing_syscalls | join("\3") }}\4
      backrefs: true
      state: present
      mode: g-rwx,o-rwx
    when: syscalls_found | length &gt; 0 and missing_syscalls | length &gt; 0

  - name: Add the audit rule to {{ audit_file }}
    lineinfile:
      path: '{{ audit_file }}'
      line: -a always,exit -F arch=b32 -S {{ syscalls | join(',') }} -F auid&gt;=1000
        -F auid!=unset -F key=perm_mod
      create: true
      mode: g-rwx,o-rwx
      state: present
    when: syscalls_found | length == 0
  when:
  - '"auditd" in ansible_facts.packages'
  - '"linux-base" in ansible_facts.packages'
  tags:
  - CJIS-5.4.1.1
  - NIST-800-171-3.1.7
  - NIST-800-53-AU-12(c)
  - NIST-800-53-AU-2(d)
  - NIST-800-53-CM-6(a)
  - PCI-DSS-Req-10.5.5
  - PCI-DSSv4-10.3
  - PCI-DSSv4-10.3.4
  - audit_rules_dac_modification_removexattr
  - low_complexity
  - low_disruption
  - medium_severity
  - reboot_required
  - restrict_strategy

- name: Perform remediation of Audit rules for removexattr for 64bit platform
  block:

  - name: Declare list of syscalls
    set_fact:
      syscalls:
      - removexattr
      syscall_grouping:
      - fremovexattr
      - lremovexattr
      - removexattr
      - fsetxattr
      - lsetxattr
      - setxattr

  - name: Check existence of removexattr in /etc/audit/rules.d/
    find:
      paths: /etc/audit/rules.d
      contains: -a always,exit -F arch=b64(( -S |,)\w+)*(( -S |,){{ item }})+(( -S
        |,)\w+)* -F auid&gt;=1000 -F auid!=unset (-k\s+|-F\s+key=)\S+\s*$
      patterns: '*.rules'
    register: find_command
    loop: '{{ (syscall_grouping + syscalls) | unique }}'

  - name: Reset syscalls found per file
    set_fact:
      syscalls_per_file: {}
      found_paths_dict: {}

  - name: Declare syscalls found per file
    set_fact: syscalls_per_file="{{ syscalls_per_file | combine( {item.files[0].path
      :[item.item] + syscalls_per_file.get(item.files[0].path, []) } ) }}"
    loop: '{{ find_command.results | selectattr(''matched'') | list }}'

  - name: Declare files where syscalls were found
    set_fact: found_paths="{{ find_command.results | map(attribute='files') | flatten
      | map(attribute='path') | list }}"

  - name: Count occurrences of syscalls in paths
    set_fact: found_paths_dict="{{ found_paths_dict | combine({ item:1+found_paths_dict.get(item,
      0) }) }}"
    loop: '{{ find_command.results | map(attribute=''files'') | flatten | map(attribute=''path'')
      | list }}'

  - name: Get path with most syscalls
    set_fact: audit_file="{{ (found_paths_dict | dict2items() | sort(attribute='value')
      | last).key }}"
    when: found_paths | length &gt;= 1

  - name: No file with syscall found, set path to /etc/audit/rules.d/perm_mod.rules
    set_fact: audit_file="/etc/audit/rules.d/perm_mod.rules"
    when: found_paths | length == 0

  - name: Declare found syscalls
    set_fact: syscalls_found="{{ find_command.results | selectattr('matched') | map(attribute='item')
      | list }}"

  - name: Declare missing syscalls
    set_fact: missing_syscalls="{{ syscalls | difference(syscalls_found) }}"

  - name: Replace the audit rule in {{ audit_file }}
    lineinfile:
      path: '{{ audit_file }}'
      regexp: (-a always,exit -F arch=b64)(?=.*(?:(?:-S |,)(?:{{ syscalls_per_file[audit_file]
        | join("|") }}))\b)((?:( -S |,)\w+)+)( -F auid&gt;=1000 -F auid!=unset (?:-k
        |-F key=)\w+)
      line: \1\2\3{{ missing_syscalls | join("\3") }}\4
      backrefs: true
      state: present
      mode: g-rwx,o-rwx
    when: syscalls_found | length &gt; 0 and missing_syscalls | length &gt; 0

  - name: Add the audit rule to {{ audit_file }}
    lineinfile:
      path: '{{ audit_file }}'
      line: -a always,exit -F arch=b64 -S {{ syscalls | join(',') }} -F auid&gt;=1000
        -F auid!=unset -F key=perm_mod
      create: true
      mode: g-rwx,o-rwx
      state: present
    when: syscalls_found | length == 0

  - name: Declare list of syscalls
    set_fact:
      syscalls:
      - removexattr
      syscall_grouping:
      - fremovexattr
      - lremovexattr
      - removexattr
      - fsetxattr
      - lsetxattr
      - setxattr

  - name: Check existence of removexattr in /etc/audit/audit.rules
    find:
      paths: /etc/audit
      contains: -a always,exit -F arch=b64(( -S |,)\w+)*(( -S |,){{ item }})+(( -S
        |,)\w+)* -F auid&gt;=1000 -F auid!=unset (-k\s+|-F\s+key=)\S+\s*$
      patterns: audit.rules
    register: find_command
    loop: '{{ (syscall_grouping + syscalls) | unique }}'

  - name: Set path to /etc/audit/audit.rules
    set_fact: audit_file="/etc/audit/audit.rules"

  - name: Declare found syscalls
    set_fact: syscalls_found="{{ find_command.results | selectattr('matched') | map(attribute='item')
      | list }}"

  - name: Declare missing syscalls
    set_fact: missing_syscalls="{{ syscalls | difference(syscalls_found) }}"

  - name: Replace the audit rule in {{ audit_file }}
    lineinfile:
      path: '{{ audit_file }}'
      regexp: (-a always,exit -F arch=b64)(?=.*(?:(?:-S |,)(?:{{ syscalls_found |
        join("|") }}))\b)((?:( -S |,)\w+)+)( -F auid&gt;=1000 -F auid!=unset (?:-k |-F
        key=)\w+)
      line: \1\2\3{{ missing_syscalls | join("\3") }}\4
      backrefs: true
      state: present
      mode: g-rwx,o-rwx
    when: syscalls_found | length &gt; 0 and missing_syscalls | length &gt; 0

  - name: Add the audit rule to {{ audit_file }}
    lineinfile:
      path: '{{ audit_file }}'
      line: -a always,exit -F arch=b64 -S {{ syscalls | join(',') }} -F auid&gt;=1000
        -F auid!=unset -F key=perm_mod
      create: true
      mode: g-rwx,o-rwx
      state: present
    when: syscalls_found | length == 0
  when:
  - '"auditd" in ansible_facts.packages'
  - '"linux-base" in ansible_facts.packages'
  - audit_arch == "b64"
  tags:
  - CJIS-5.4.1.1
  - NIST-800-171-3.1.7
  - NIST-800-53-AU-12(c)
  - NIST-800-53-AU-2(d)
  - NIST-800-53-CM-6(a)
  - PCI-DSS-Req-10.5.5
  - PCI-DSSv4-10.3
  - PCI-DSSv4-10.3.4
  - audit_rules_dac_modification_removexattr
  - low_complexity
  - low_disruption
  - medium_severity
  - reboot_required
  - restrict_strategy
</fix>
          <fix xmlns:xhtml="http://www.w3.org/1999/xhtml" id="audit_rules_dac_modification_removexattr" system="urn:xccdf:fix:script:sh"># Remediation is applicable only in certain platforms
if dpkg-query --show --showformat='${db:Status-Status}
' 'linux-base' 2&gt;/dev/null | grep -q ^installed &amp;&amp; dpkg-query --show --showformat='${db:Status-Status}\n' 'auditd' 2&gt;/dev/null | grep -q '^installed'; then

# First perform the remediation of the syscall rule
# Retrieve hardware architecture of the underlying system
[ "$(getconf LONG_BIT)" = "32" ] &amp;&amp; RULE_ARCHS=("b32") || RULE_ARCHS=("b32" "b64")

for ARCH in "${RULE_ARCHS[@]}"
do
	ACTION_ARCH_FILTERS="-a always,exit -F arch=$ARCH"
	OTHER_FILTERS=""
	AUID_FILTERS="-F auid&gt;=1000 -F auid!=unset"
	SYSCALL="removexattr"
	KEY="perm_mod"
	SYSCALL_GROUPING="fremovexattr lremovexattr removexattr fsetxattr lsetxattr setxattr"

	# Perform the remediation for both possible tools: 'auditctl' and 'augenrules'
	unset syscall_a
unset syscall_grouping
unset syscall_string
unset syscall
unset file_to_edit
unset rule_to_edit
unset rule_syscalls_to_edit
unset other_string
unset auid_string
unset full_rule

# Load macro arguments into arrays
read -a syscall_a &lt;&lt;&lt; $SYSCALL
read -a syscall_grouping &lt;&lt;&lt; $SYSCALL_GROUPING

# Create a list of audit *.rules files that should be inspected for presence and correctness
# of a particular audit rule. The scheme is as follows:
#
# -----------------------------------------------------------------------------------------
#  Tool used to load audit rules | Rule already defined  |  Audit rules file to inspect    |
# -----------------------------------------------------------------------------------------
#        auditctl                |     Doesn't matter    |  /etc/audit/audit.rules         |
# -----------------------------------------------------------------------------------------
#        augenrules              |          Yes          |  /etc/audit/rules.d/*.rules     |
#        augenrules              |          No           |  /etc/audit/rules.d/$key.rules  |
# -----------------------------------------------------------------------------------------
#
files_to_inspect=()

# If audit tool is 'augenrules', then check if the audit rule is defined
# If rule is defined, add '/etc/audit/rules.d/*.rules' to the list for inspection
# If rule isn't defined yet, add '/etc/audit/rules.d/$key.rules' to the list for inspection
default_file="/etc/audit/rules.d/$KEY.rules"
# As other_filters may include paths, lets use a different delimiter for it
# The "F" script expression tells sed to print the filenames where the expressions matched
readarray -t files_to_inspect &lt; &lt;(sed -s -n -e "/^$ACTION_ARCH_FILTERS/!d" -e "\#$OTHER_FILTERS#!d" -e "/$AUID_FILTERS/!d" -e "F" /etc/audit/rules.d/*.rules)
# Case when particular rule isn't defined in /etc/audit/rules.d/*.rules yet
if [ ${#files_to_inspect[@]} -eq "0" ]
then
    file_to_inspect="/etc/audit/rules.d/$KEY.rules"
    files_to_inspect=("$file_to_inspect")
    if [ ! -e "$file_to_inspect" ]
    then
        touch "$file_to_inspect"
        chmod 0600 "$file_to_inspect"
    fi
fi

# After converting to jinja, we cannot return; therefore we skip the rest of the macro if needed instead
skip=1

for audit_file in "${files_to_inspect[@]}"
do
    # Filter existing $audit_file rules' definitions to select those that satisfy the rule pattern,
    # i.e, collect rules that match:
    # * the action, list and arch, (2-nd argument)
    # * the other filters, (3-rd argument)
    # * the auid filters, (4-rd argument)
    readarray -t similar_rules &lt; &lt;(sed -e "/^$ACTION_ARCH_FILTERS/!d"  -e "\#$OTHER_FILTERS#!d" -e "/$AUID_FILTERS/!d" "$audit_file")

    candidate_rules=()
    # Filter out rules that have more fields then required. This will remove rules more specific than the required scope
    for s_rule in "${similar_rules[@]}"
    do
        # Strip all the options and fields we know of,
        # than check if there was any field left over
        extra_fields=$(sed -E -e "s/^$ACTION_ARCH_FILTERS//"  -e "s#$OTHER_FILTERS##" -e "s/$AUID_FILTERS//" -e "s/((:?-S [[:alnum:],]+)+)//g" -e "s/-F key=\w+|-k \w+//"&lt;&lt;&lt; "$s_rule")
        grep -q -- "-F" &lt;&lt;&lt; "$extra_fields" || candidate_rules+=("$s_rule")
    done

    if [[ ${#syscall_a[@]} -ge 1 ]]
    then
        # Check if the syscall we want is present in any of the similar existing rules
        for rule in "${candidate_rules[@]}"
        do
            rule_syscalls=$(echo "$rule" | grep -o -P '(-S [\w,]+)+' | xargs)
            all_syscalls_found=0
            for syscall in "${syscall_a[@]}"
            do
                grep -q -- "\b${syscall}\b" &lt;&lt;&lt; "$rule_syscalls" || {
                   # A syscall was not found in the candidate rule
                   all_syscalls_found=1
                   }
            done
            if [[ $all_syscalls_found -eq 0 ]]
            then
                # We found a rule with all the syscall(s) we want; skip rest of macro
                skip=0
                break
            fi

            # Check if this rule can be grouped with our target syscall and keep track of it
            for syscall_g in "${syscall_grouping[@]}"
            do
                if grep -q -- "\b${syscall_g}\b" &lt;&lt;&lt; "$rule_syscalls"
                then
                    file_to_edit=${audit_file}
                    rule_to_edit=${rule}
                    rule_syscalls_to_edit=${rule_syscalls}
                fi
            done
        done
    else
        # If there is any candidate rule, it is compliant; skip rest of macro
        if [ "${#candidate_rules[@]}" -gt 0 ]
        then
            skip=0
        fi
    fi

    if [ "$skip" -eq 0 ]; then
        break
    fi
done

if [ "$skip" -ne 0 ]; then
    # We checked all rules that matched the expected resemblance pattern (action, arch &amp; auid)
    # At this point we know if we need to either append the $full_rule or group
    # the syscall together with an exsiting rule

    # Append the full_rule if it cannot be grouped to any other rule
    if [ -z ${rule_to_edit+x} ]
    then
        # Build full_rule while avoid adding double spaces when other_filters is empty
        if [ "${#syscall_a[@]}" -gt 0 ]
        then
            syscall_string=""
            for syscall in "${syscall_a[@]}"
            do
                syscall_string+=" -S $syscall"
            done
        fi
        other_string=$([[ $OTHER_FILTERS ]] &amp;&amp; echo " $OTHER_FILTERS") || /bin/true
        auid_string=$([[ $AUID_FILTERS ]] &amp;&amp; echo " $AUID_FILTERS") || /bin/true
        full_rule="$ACTION_ARCH_FILTERS${syscall_string}${other_string}${auid_string} -F key=$KEY" || /bin/true
        echo "$full_rule" &gt;&gt; "$default_file"
        chmod 0600 ${default_file}
    else
        # Check if the syscalls are declared as a comma separated list or
        # as multiple -S parameters
        if grep -q -- "," &lt;&lt;&lt; "${rule_syscalls_to_edit}"
        then
            delimiter=","
        else
            delimiter=" -S "
        fi
        new_grouped_syscalls="${rule_syscalls_to_edit}"
        for syscall in "${syscall_a[@]}"
        do
            grep -q -- "\b${syscall}\b" &lt;&lt;&lt; "${rule_syscalls_to_edit}" || {
               # A syscall was not found in the candidate rule
               new_grouped_syscalls+="${delimiter}${syscall}"
               }
        done

        # Group the syscall in the rule
        sed -i -e "\#${rule_to_edit}#s#${rule_syscalls_to_edit}#${new_grouped_syscalls}#" "$file_to_edit"
    fi
fi
	unset syscall_a
unset syscall_grouping
unset syscall_string
unset syscall
unset file_to_edit
unset rule_to_edit
unset rule_syscalls_to_edit
unset other_string
unset auid_string
unset full_rule

# Load macro arguments into arrays
read -a syscall_a &lt;&lt;&lt; $SYSCALL
read -a syscall_grouping &lt;&lt;&lt; $SYSCALL_GROUPING

# Create a list of audit *.rules files that should be inspected for presence and correctness
# of a particular audit rule. The scheme is as follows:
#
# -----------------------------------------------------------------------------------------
#  Tool used to load audit rules | Rule already defined  |  Audit rules file to inspect    |
# -----------------------------------------------------------------------------------------
#        auditctl                |     Doesn't matter    |  /etc/audit/audit.rules         |
# -----------------------------------------------------------------------------------------
#        augenrules              |          Yes          |  /etc/audit/rules.d/*.rules     |
#        augenrules              |          No           |  /etc/audit/rules.d/$key.rules  |
# -----------------------------------------------------------------------------------------
#
files_to_inspect=()


# If audit tool is 'auditctl', then add '/etc/audit/audit.rules'
# file to the list of files to be inspected
default_file="/etc/audit/audit.rules"
files_to_inspect+=('/etc/audit/audit.rules' )

# After converting to jinja, we cannot return; therefore we skip the rest of the macro if needed instead
skip=1

for audit_file in "${files_to_inspect[@]}"
do
    # Filter existing $audit_file rules' definitions to select those that satisfy the rule pattern,
    # i.e, collect rules that match:
    # * the action, list and arch, (2-nd argument)
    # * the other filters, (3-rd argument)
    # * the auid filters, (4-rd argument)
    readarray -t similar_rules &lt; &lt;(sed -e "/^$ACTION_ARCH_FILTERS/!d"  -e "\#$OTHER_FILTERS#!d" -e "/$AUID_FILTERS/!d" "$audit_file")

    candidate_rules=()
    # Filter out rules that have more fields then required. This will remove rules more specific than the required scope
    for s_rule in "${similar_rules[@]}"
    do
        # Strip all the options and fields we know of,
        # than check if there was any field left over
        extra_fields=$(sed -E -e "s/^$ACTION_ARCH_FILTERS//"  -e "s#$OTHER_FILTERS##" -e "s/$AUID_FILTERS//" -e "s/((:?-S [[:alnum:],]+)+)//g" -e "s/-F key=\w+|-k \w+//"&lt;&lt;&lt; "$s_rule")
        grep -q -- "-F" &lt;&lt;&lt; "$extra_fields" || candidate_rules+=("$s_rule")
    done

    if [[ ${#syscall_a[@]} -ge 1 ]]
    then
        # Check if the syscall we want is present in any of the similar existing rules
        for rule in "${candidate_rules[@]}"
        do
            rule_syscalls=$(echo "$rule" | grep -o -P '(-S [\w,]+)+' | xargs)
            all_syscalls_found=0
            for syscall in "${syscall_a[@]}"
            do
                grep -q -- "\b${syscall}\b" &lt;&lt;&lt; "$rule_syscalls" || {
                   # A syscall was not found in the candidate rule
                   all_syscalls_found=1
                   }
            done
            if [[ $all_syscalls_found -eq 0 ]]
            then
                # We found a rule with all the syscall(s) we want; skip rest of macro
                skip=0
                break
            fi

            # Check if this rule can be grouped with our target syscall and keep track of it
            for syscall_g in "${syscall_grouping[@]}"
            do
                if grep -q -- "\b${syscall_g}\b" &lt;&lt;&lt; "$rule_syscalls"
                then
                    file_to_edit=${audit_file}
                    rule_to_edit=${rule}
                    rule_syscalls_to_edit=${rule_syscalls}
                fi
            done
        done
    else
        # If there is any candidate rule, it is compliant; skip rest of macro
        if [ "${#candidate_rules[@]}" -gt 0 ]
        then
            skip=0
        fi
    fi

    if [ "$skip" -eq 0 ]; then
        break
    fi
done

if [ "$skip" -ne 0 ]; then
    # We checked all rules that matched the expected resemblance pattern (action, arch &amp; auid)
    # At this point we know if we need to either append the $full_rule or group
    # the syscall together with an exsiting rule

    # Append the full_rule if it cannot be grouped to any other rule
    if [ -z ${rule_to_edit+x} ]
    then
        # Build full_rule while avoid adding double spaces when other_filters is empty
        if [ "${#syscall_a[@]}" -gt 0 ]
        then
            syscall_string=""
            for syscall in "${syscall_a[@]}"
            do
                syscall_string+=" -S $syscall"
            done
        fi
        other_string=$([[ $OTHER_FILTERS ]] &amp;&amp; echo " $OTHER_FILTERS") || /bin/true
        auid_string=$([[ $AUID_FILTERS ]] &amp;&amp; echo " $AUID_FILTERS") || /bin/true
        full_rule="$ACTION_ARCH_FILTERS${syscall_string}${other_string}${auid_string} -F key=$KEY" || /bin/true
        echo "$full_rule" &gt;&gt; "$default_file"
        chmod 0600 ${default_file}
    else
        # Check if the syscalls are declared as a comma separated list or
        # as multiple -S parameters
        if grep -q -- "," &lt;&lt;&lt; "${rule_syscalls_to_edit}"
        then
            delimiter=","
        else
            delimiter=" -S "
        fi
        new_grouped_syscalls="${rule_syscalls_to_edit}"
        for syscall in "${syscall_a[@]}"
        do
            grep -q -- "\b${syscall}\b" &lt;&lt;&lt; "${rule_syscalls_to_edit}" || {
               # A syscall was not found in the candidate rule
               new_grouped_syscalls+="${delimiter}${syscall}"
               }
        done

        # Group the syscall in the rule
        sed -i -e "\#${rule_to_edit}#s#${rule_syscalls_to_edit}#${new_grouped_syscalls}#" "$file_to_edit"
    fi
fi
done

else
    &gt;&amp;2 echo 'Remediation is not applicable, nothing was done'
fi
</fix>
          <check system="http://oval.mitre.org/XMLSchema/oval-definitions-5">
            <check-content-ref name="oval:ssg-audit_rules_dac_modification_removexattr:def:1" href="ssg-ubuntu2404-oval.xml"/>
          </check>
          <check system="http://scap.nist.gov/schema/ocil/2">
            <check-content-ref name="ocil:ssg-audit_rules_dac_modification_removexattr_ocil:questionnaire:1" href="ssg-ubuntu2404-ocil.xml"/>
          </check>
        </Rule>
        <Rule id="xccdf_org.ssgproject.content_rule_audit_rules_dac_modification_setxattr" selected="false" role="full" severity="medium">
          <title xmlns:xhtml="http://www.w3.org/1999/xhtml" xml:lang="en-US">Record Events that Modify the System's Discretionary Access Controls - setxattr</title>
          <description xmlns:xhtml="http://www.w3.org/1999/xhtml" xml:lang="en-US">At a minimum, the audit system should collect file permission
changes for all users and root. If the <html:code xmlns:html="http://www.w3.org/1999/xhtml">auditd</html:code> daemon is configured
to use the <html:code xmlns:html="http://www.w3.org/1999/xhtml">augenrules</html:code> program to read audit rules during daemon
startup (the default), add the following line to a file with suffix
<html:code xmlns:html="http://www.w3.org/1999/xhtml">.rules</html:code> in the directory <html:code xmlns:html="http://www.w3.org/1999/xhtml">/etc/audit/rules.d</html:code>:
<html:pre xmlns:html="http://www.w3.org/1999/xhtml">-a always,exit -F arch=b32 -S setxattr -F auid&gt;=1000 -F auid!=unset -F key=perm_mod</html:pre>
        <html:pre xmlns:html="http://www.w3.org/1999/xhtml">-a always,exit -F arch=b32 -S setxattr -F auid=0 -F key=perm_mod</html:pre>
If the system is 64 bit then also add the following line:
<html:pre xmlns:html="http://www.w3.org/1999/xhtml">-a always,exit -F arch=b64 -S setxattr -F auid&gt;=1000 -F auid!=unset -F key=perm_mod</html:pre>
        <html:pre xmlns:html="http://www.w3.org/1999/xhtml">-a always,exit -F arch=b64 -S setxattr -F auid=0 -F key=perm_mod</html:pre>
If the <html:code xmlns:html="http://www.w3.org/1999/xhtml">auditd</html:code> daemon is configured to use the <html:code xmlns:html="http://www.w3.org/1999/xhtml">auditctl</html:code>
utility to read audit rules during daemon startup, add the following line to
<html:code xmlns:html="http://www.w3.org/1999/xhtml">/etc/audit/audit.rules</html:code> file:
<html:pre xmlns:html="http://www.w3.org/1999/xhtml">-a always,exit -F arch=b32 -S setxattr -F auid&gt;=1000 -F auid!=unset -F key=perm_mod</html:pre>
        <html:pre xmlns:html="http://www.w3.org/1999/xhtml">-a always,exit -F arch=b32 -S setxattr -F auid=0 -F key=perm_mod</html:pre>
If the system is 64 bit then also add the following line:
<html:pre xmlns:html="http://www.w3.org/1999/xhtml">-a always,exit -F arch=b64 -S setxattr -F auid&gt;=1000 -F auid!=unset -F key=perm_mod</html:pre>
        <html:pre xmlns:html="http://www.w3.org/1999/xhtml">-a always,exit -F arch=b64 -S setxattr -F auid=0 -F key=perm_mod</html:pre>
       </description>
          <warning xmlns:xhtml="http://www.w3.org/1999/xhtml" xml:lang="en-US" category="general">Note that these rules can be configured in a
number of ways while still achieving the desired effect. Here the system calls
have been placed independent of other system calls. Grouping these system
calls with others as identifying earlier in this guide is more efficient.</warning>
          <reference href="https://www.cisecurity.org/controls/">1</reference>
          <reference href="https://www.cisecurity.org/controls/">11</reference>
          <reference href="https://www.cisecurity.org/controls/">12</reference>
          <reference href="https://www.cisecurity.org/controls/">13</reference>
          <reference href="https://www.cisecurity.org/controls/">14</reference>
          <reference href="https://www.cisecurity.org/controls/">15</reference>
          <reference href="https://www.cisecurity.org/controls/">16</reference>
          <reference href="https://www.cisecurity.org/controls/">19</reference>
          <reference href="https://www.cisecurity.org/controls/">2</reference>
          <reference href="https://www.cisecurity.org/controls/">3</reference>
          <reference href="https://www.cisecurity.org/controls/">4</reference>
          <reference href="https://www.cisecurity.org/controls/">5</reference>
          <reference href="https://www.cisecurity.org/controls/">6</reference>
          <reference href="https://www.cisecurity.org/controls/">7</reference>
          <reference href="https://www.cisecurity.org/controls/">8</reference>
          <reference href="https://www.cisecurity.org/controls/">9</reference>
          <reference href="https://www.fbi.gov/file-repository/cjis-security-policy-v5_5_20160601-2-1.pdf">5.4.1.1</reference>
          <reference href="https://www.isaca.org/resources/cobit">APO10.01</reference>
          <reference href="https://www.isaca.org/resources/cobit">APO10.03</reference>
          <reference href="https://www.isaca.org/resources/cobit">APO10.04</reference>
          <reference href="https://www.isaca.org/resources/cobit">APO10.05</reference>
          <reference href="https://www.isaca.org/resources/cobit">APO11.04</reference>
          <reference href="https://www.isaca.org/resources/cobit">APO12.06</reference>
          <reference href="https://www.isaca.org/resources/cobit">APO13.01</reference>
          <reference href="https://www.isaca.org/resources/cobit">BAI03.05</reference>
          <reference href="https://www.isaca.org/resources/cobit">BAI08.02</reference>
          <reference href="https://www.isaca.org/resources/cobit">DSS01.03</reference>
          <reference href="https://www.isaca.org/resources/cobit">DSS01.04</reference>
          <reference href="https://www.isaca.org/resources/cobit">DSS02.02</reference>
          <reference href="https://www.isaca.org/resources/cobit">DSS02.04</reference>
          <reference href="https://www.isaca.org/resources/cobit">DSS02.07</reference>
          <reference href="https://www.isaca.org/resources/cobit">DSS03.01</reference>
          <reference href="https://www.isaca.org/resources/cobit">DSS03.05</reference>
          <reference href="https://www.isaca.org/resources/cobit">DSS05.02</reference>
          <reference href="https://www.isaca.org/resources/cobit">DSS05.03</reference>
          <reference href="https://www.isaca.org/resources/cobit">DSS05.04</reference>
          <reference href="https://www.isaca.org/resources/cobit">DSS05.05</reference>
          <reference href="https://www.isaca.org/resources/cobit">DSS05.07</reference>
          <reference href="https://www.isaca.org/resources/cobit">MEA01.01</reference>
          <reference href="https://www.isaca.org/resources/cobit">MEA01.02</reference>
          <reference href="https://www.isaca.org/resources/cobit">MEA01.03</reference>
          <reference href="https://www.isaca.org/resources/cobit">MEA01.04</reference>
          <reference href="https://www.isaca.org/resources/cobit">MEA01.05</reference>
          <reference href="https://www.isaca.org/resources/cobit">MEA02.01</reference>
          <reference href="http://nvlpubs.nist.gov/nistpubs/SpecialPublications/NIST.SP.800-171.pdf">3.1.7</reference>
          <reference href="https://public.cyber.mil/stigs/cci/">CCI-000172</reference>
          <reference href="https://public.cyber.mil/stigs/cci/">CCI-000130</reference>
          <reference href="https://public.cyber.mil/stigs/cci/">CCI-000135</reference>
          <reference href="https://public.cyber.mil/stigs/cci/">CCI-000169</reference>
          <reference href="https://public.cyber.mil/stigs/cci/">CCI-002884</reference>
          <reference href="https://www.gpo.gov/fdsys/pkg/CFR-2007-title45-vol1/pdf/CFR-2007-title45-vol1-chapA-subchapC.pdf">164.308(a)(1)(ii)(D)</reference>
          <reference href="https://www.gpo.gov/fdsys/pkg/CFR-2007-title45-vol1/pdf/CFR-2007-title45-vol1-chapA-subchapC.pdf">164.308(a)(3)(ii)(A)</reference>
          <reference href="https://www.gpo.gov/fdsys/pkg/CFR-2007-title45-vol1/pdf/CFR-2007-title45-vol1-chapA-subchapC.pdf">164.308(a)(5)(ii)(C)</reference>
          <reference href="https://www.gpo.gov/fdsys/pkg/CFR-2007-title45-vol1/pdf/CFR-2007-title45-vol1-chapA-subchapC.pdf">164.312(a)(2)(i)</reference>
          <reference href="https://www.gpo.gov/fdsys/pkg/CFR-2007-title45-vol1/pdf/CFR-2007-title45-vol1-chapA-subchapC.pdf">164.312(b)</reference>
          <reference href="https://www.gpo.gov/fdsys/pkg/CFR-2007-title45-vol1/pdf/CFR-2007-title45-vol1-chapA-subchapC.pdf">164.312(d)</reference>
          <reference href="https://www.gpo.gov/fdsys/pkg/CFR-2007-title45-vol1/pdf/CFR-2007-title45-vol1-chapA-subchapC.pdf">164.312(e)</reference>
          <reference href="https://www.isa.org/products/isa-62443-2-1-2009-security-for-industrial-automat">4.2.3.10</reference>
          <reference href="https://www.isa.org/products/isa-62443-2-1-2009-security-for-industrial-automat">4.3.2.6.7</reference>
          <reference href="https://www.isa.org/products/isa-62443-2-1-2009-security-for-industrial-automat">4.3.3.3.9</reference>
          <reference href="https://www.isa.org/products/isa-62443-2-1-2009-security-for-industrial-automat">4.3.3.5.8</reference>
          <reference href="https://www.isa.org/products/isa-62443-2-1-2009-security-for-industrial-automat">4.3.3.6.6</reference>
          <reference href="https://www.isa.org/products/isa-62443-2-1-2009-security-for-industrial-automat">4.3.4.4.7</reference>
          <reference href="https://www.isa.org/products/isa-62443-2-1-2009-security-for-industrial-automat">4.3.4.5.6</reference>
          <reference href="https://www.isa.org/products/isa-62443-2-1-2009-security-for-industrial-automat">4.3.4.5.7</reference>
          <reference href="https://www.isa.org/products/isa-62443-2-1-2009-security-for-industrial-automat">4.3.4.5.8</reference>
          <reference href="https://www.isa.org/products/isa-62443-2-1-2009-security-for-industrial-automat">4.4.2.1</reference>
          <reference href="https://www.isa.org/products/isa-62443-2-1-2009-security-for-industrial-automat">4.4.2.2</reference>
          <reference href="https://www.isa.org/products/isa-62443-2-1-2009-security-for-industrial-automat">4.4.2.4</reference>
          <reference href="https://www.isa.org/products/ansi-isa-62443-3-3-99-03-03-2013-security-for-indu">SR 1.13</reference>
          <reference href="https://www.isa.org/products/ansi-isa-62443-3-3-99-03-03-2013-security-for-indu">SR 2.10</reference>
          <reference href="https://www.isa.org/products/ansi-isa-62443-3-3-99-03-03-2013-security-for-indu">SR 2.11</reference>
          <reference href="https://www.isa.org/products/ansi-isa-62443-3-3-99-03-03-2013-security-for-indu">SR 2.12</reference>
          <reference href="https://www.isa.org/products/ansi-isa-62443-3-3-99-03-03-2013-security-for-indu">SR 2.6</reference>
          <reference href="https://www.isa.org/products/ansi-isa-62443-3-3-99-03-03-2013-security-for-indu">SR 2.8</reference>
          <reference href="https://www.isa.org/products/ansi-isa-62443-3-3-99-03-03-2013-security-for-indu">SR 2.9</reference>
          <reference href="https://www.isa.org/products/ansi-isa-62443-3-3-99-03-03-2013-security-for-indu">SR 3.1</reference>
          <reference href="https://www.isa.org/products/ansi-isa-62443-3-3-99-03-03-2013-security-for-indu">SR 3.5</reference>
          <reference href="https://www.isa.org/products/ansi-isa-62443-3-3-99-03-03-2013-security-for-indu">SR 3.8</reference>
          <reference href="https://www.isa.org/products/ansi-isa-62443-3-3-99-03-03-2013-security-for-indu">SR 4.1</reference>
          <reference href="https://www.isa.org/products/ansi-isa-62443-3-3-99-03-03-2013-security-for-indu">SR 4.3</reference>
          <reference href="https://www.isa.org/products/ansi-isa-62443-3-3-99-03-03-2013-security-for-indu">SR 5.1</reference>
          <reference href="https://www.isa.org/products/ansi-isa-62443-3-3-99-03-03-2013-security-for-indu">SR 5.2</reference>
          <reference href="https://www.isa.org/products/ansi-isa-62443-3-3-99-03-03-2013-security-for-indu">SR 5.3</reference>
          <reference href="https://www.isa.org/products/ansi-isa-62443-3-3-99-03-03-2013-security-for-indu">SR 6.1</reference>
          <reference href="https://www.isa.org/products/ansi-isa-62443-3-3-99-03-03-2013-security-for-indu">SR 6.2</reference>
          <reference href="https://www.isa.org/products/ansi-isa-62443-3-3-99-03-03-2013-security-for-indu">SR 7.1</reference>
          <reference href="https://www.isa.org/products/ansi-isa-62443-3-3-99-03-03-2013-security-for-indu">SR 7.6</reference>
          <reference href="https://www.iso.org/contents/data/standard/05/45/54534.html">A.11.2.6</reference>
          <reference href="https://www.iso.org/contents/data/standard/05/45/54534.html">A.12.4.1</reference>
          <reference href="https://www.iso.org/contents/data/standard/05/45/54534.html">A.12.4.2</reference>
          <reference href="https://www.iso.org/contents/data/standard/05/45/54534.html">A.12.4.3</reference>
          <reference href="https://www.iso.org/contents/data/standard/05/45/54534.html">A.12.4.4</reference>
          <reference href="https://www.iso.org/contents/data/standard/05/45/54534.html">A.12.7.1</reference>
          <reference href="https://www.iso.org/contents/data/standard/05/45/54534.html">A.13.1.1</reference>
          <reference href="https://www.iso.org/contents/data/standard/05/45/54534.html">A.13.2.1</reference>
          <reference href="https://www.iso.org/contents/data/standard/05/45/54534.html">A.14.1.3</reference>
          <reference href="https://www.iso.org/contents/data/standard/05/45/54534.html">A.14.2.7</reference>
          <reference href="https://www.iso.org/contents/data/standard/05/45/54534.html">A.15.2.1</reference>
          <reference href="https://www.iso.org/contents/data/standard/05/45/54534.html">A.15.2.2</reference>
          <reference href="https://www.iso.org/contents/data/standard/05/45/54534.html">A.16.1.4</reference>
          <reference href="https://www.iso.org/contents/data/standard/05/45/54534.html">A.16.1.5</reference>
          <reference href="https://www.iso.org/contents/data/standard/05/45/54534.html">A.16.1.7</reference>
          <reference href="https://www.iso.org/contents/data/standard/05/45/54534.html">A.6.2.1</reference>
          <reference href="https://www.iso.org/contents/data/standard/05/45/54534.html">A.6.2.2</reference>
          <reference href="http://nvlpubs.nist.gov/nistpubs/SpecialPublications/NIST.SP.800-53r4.pdf">AU-2(d)</reference>
          <reference href="http://nvlpubs.nist.gov/nistpubs/SpecialPublications/NIST.SP.800-53r4.pdf">AU-12(c)</reference>
          <reference href="http://nvlpubs.nist.gov/nistpubs/SpecialPublications/NIST.SP.800-53r4.pdf">CM-6(a)</reference>
          <reference href="https://nvlpubs.nist.gov/nistpubs/CSWP/NIST.CSWP.04162018.pdf">DE.AE-3</reference>
          <reference href="https://nvlpubs.nist.gov/nistpubs/CSWP/NIST.CSWP.04162018.pdf">DE.AE-5</reference>
          <reference href="https://nvlpubs.nist.gov/nistpubs/CSWP/NIST.CSWP.04162018.pdf">DE.CM-1</reference>
          <reference href="https://nvlpubs.nist.gov/nistpubs/CSWP/NIST.CSWP.04162018.pdf">DE.CM-3</reference>
          <reference href="https://nvlpubs.nist.gov/nistpubs/CSWP/NIST.CSWP.04162018.pdf">DE.CM-7</reference>
          <reference href="https://nvlpubs.nist.gov/nistpubs/CSWP/NIST.CSWP.04162018.pdf">ID.SC-4</reference>
          <reference href="https://nvlpubs.nist.gov/nistpubs/CSWP/NIST.CSWP.04162018.pdf">PR.AC-3</reference>
          <reference href="https://nvlpubs.nist.gov/nistpubs/CSWP/NIST.CSWP.04162018.pdf">PR.PT-1</reference>
          <reference href="https://nvlpubs.nist.gov/nistpubs/CSWP/NIST.CSWP.04162018.pdf">PR.PT-4</reference>
          <reference href="https://nvlpubs.nist.gov/nistpubs/CSWP/NIST.CSWP.04162018.pdf">RS.AN-1</reference>
          <reference href="https://nvlpubs.nist.gov/nistpubs/CSWP/NIST.CSWP.04162018.pdf">RS.AN-4</reference>
          <reference href="https://www.pcisecuritystandards.org/documents/PCI_DSS_v3-2-1.pdf">Req-10.5.5</reference>
          <reference href="https://public.cyber.mil/stigs/downloads/?_dl_facet_stigs=operating-systems%2Cgeneral-purpose-os">SRG-OS-000037-GPOS-00015</reference>
          <reference href="https://public.cyber.mil/stigs/downloads/?_dl_facet_stigs=operating-systems%2Cgeneral-purpose-os">SRG-OS-000042-GPOS-00020</reference>
          <reference href="https://public.cyber.mil/stigs/downloads/?_dl_facet_stigs=operating-systems%2Cgeneral-purpose-os">SRG-OS-000062-GPOS-00031</reference>
          <reference href="https://public.cyber.mil/stigs/downloads/?_dl_facet_stigs=operating-systems%2Cgeneral-purpose-os">SRG-OS-000392-GPOS-00172</reference>
          <reference href="https://public.cyber.mil/stigs/downloads/?_dl_facet_stigs=operating-systems%2Cgeneral-purpose-os">SRG-OS-000462-GPOS-00206</reference>
          <reference href="https://public.cyber.mil/stigs/downloads/?_dl_facet_stigs=operating-systems%2Cgeneral-purpose-os">SRG-OS-000466-GPOS-00210</reference>
          <reference href="https://public.cyber.mil/stigs/downloads/?_dl_facet_stigs=operating-systems%2Cgeneral-purpose-os">SRG-OS-000471-GPOS-00215</reference>
          <reference href="https://public.cyber.mil/stigs/downloads/?_dl_facet_stigs=operating-systems%2Cgeneral-purpose-os">SRG-OS-000064-GPOS-00033</reference>
          <reference href="https://public.cyber.mil/stigs/downloads/?_dl_facet_stigs=operating-systems%2Cgeneral-purpose-os">SRG-OS-000458-GPOS-00203</reference>
          <reference href="https://public.cyber.mil/stigs/downloads/?_dl_facet_stigs=container-platform">SRG-APP-000091-CTR-000160</reference>
          <reference href="https://public.cyber.mil/stigs/downloads/?_dl_facet_stigs=container-platform">SRG-APP-000492-CTR-001220</reference>
          <reference href="https://public.cyber.mil/stigs/downloads/?_dl_facet_stigs=container-platform">SRG-APP-000493-CTR-001225</reference>
          <reference href="https://public.cyber.mil/stigs/downloads/?_dl_facet_stigs=container-platform">SRG-APP-000494-CTR-001230</reference>
          <reference href="https://public.cyber.mil/stigs/downloads/?_dl_facet_stigs=container-platform">SRG-APP-000500-CTR-001260</reference>
          <reference href="https://public.cyber.mil/stigs/downloads/?_dl_facet_stigs=container-platform">SRG-APP-000507-CTR-001295</reference>
          <reference href="https://public.cyber.mil/stigs/downloads/?_dl_facet_stigs=container-platform">SRG-APP-000495-CTR-001235</reference>
          <reference href="https://cyber.gouv.fr/sites/default/files/document/linux_configuration-en-v2.pdf">R73</reference>
          <reference href="https://www.cisecurity.org/benchmark/ubuntu_linux/">6.2.3.9</reference>
          <reference href="https://docs-prv.pcisecuritystandards.org/PCI%20DSS/Standard/PCI-DSS-v4_0.pdf">10.3.4</reference>
          <reference href="https://docs-prv.pcisecuritystandards.org/PCI%20DSS/Standard/PCI-DSS-v4_0.pdf">10.3</reference>
          <rationale xmlns:xhtml="http://www.w3.org/1999/xhtml" xml:lang="en-US">The changing of file permissions could indicate that a user is attempting to
gain access to information that would otherwise be disallowed. Auditing DAC modifications
can facilitate the identification of patterns of abuse among both authorized and
unauthorized users.</rationale>
          <fix xmlns:xhtml="http://www.w3.org/1999/xhtml" id="audit_rules_dac_modification_setxattr" system="urn:xccdf:fix:script:ansible" reboot="true" complexity="low" disruption="low" strategy="restrict">- name: Gather the package facts
  package_facts:
    manager: auto
  tags:
  - CJIS-5.4.1.1
  - NIST-800-171-3.1.7
  - NIST-800-53-AU-12(c)
  - NIST-800-53-AU-2(d)
  - NIST-800-53-CM-6(a)
  - PCI-DSS-Req-10.5.5
  - PCI-DSSv4-10.3
  - PCI-DSSv4-10.3.4
  - audit_rules_dac_modification_setxattr
  - low_complexity
  - low_disruption
  - medium_severity
  - reboot_required
  - restrict_strategy

- name: Set architecture for audit setxattr tasks
  set_fact:
    audit_arch: b64
  when:
  - '"auditd" in ansible_facts.packages'
  - '"linux-base" in ansible_facts.packages'
  - ansible_architecture == "aarch64" or ansible_architecture == "ppc64" or ansible_architecture
    == "ppc64le" or ansible_architecture == "s390x" or ansible_architecture == "x86_64"
  tags:
  - CJIS-5.4.1.1
  - NIST-800-171-3.1.7
  - NIST-800-53-AU-12(c)
  - NIST-800-53-AU-2(d)
  - NIST-800-53-CM-6(a)
  - PCI-DSS-Req-10.5.5
  - PCI-DSSv4-10.3
  - PCI-DSSv4-10.3.4
  - audit_rules_dac_modification_setxattr
  - low_complexity
  - low_disruption
  - medium_severity
  - reboot_required
  - restrict_strategy

- name: Perform remediation of Audit rules for setxattr for 32bit platform
  block:

  - name: Declare list of syscalls
    set_fact:
      syscalls:
      - setxattr
      syscall_grouping:
      - fremovexattr
      - lremovexattr
      - removexattr
      - fsetxattr
      - lsetxattr
      - setxattr

  - name: Check existence of setxattr in /etc/audit/rules.d/
    find:
      paths: /etc/audit/rules.d
      contains: -a always,exit -F arch=b32(( -S |,)\w+)*(( -S |,){{ item }})+(( -S
        |,)\w+)* -F auid&gt;=1000 -F auid!=unset (-k\s+|-F\s+key=)\S+\s*$
      patterns: '*.rules'
    register: find_command
    loop: '{{ (syscall_grouping + syscalls) | unique }}'

  - name: Reset syscalls found per file
    set_fact:
      syscalls_per_file: {}
      found_paths_dict: {}

  - name: Declare syscalls found per file
    set_fact: syscalls_per_file="{{ syscalls_per_file | combine( {item.files[0].path
      :[item.item] + syscalls_per_file.get(item.files[0].path, []) } ) }}"
    loop: '{{ find_command.results | selectattr(''matched'') | list }}'

  - name: Declare files where syscalls were found
    set_fact: found_paths="{{ find_command.results | map(attribute='files') | flatten
      | map(attribute='path') | list }}"

  - name: Count occurrences of syscalls in paths
    set_fact: found_paths_dict="{{ found_paths_dict | combine({ item:1+found_paths_dict.get(item,
      0) }) }}"
    loop: '{{ find_command.results | map(attribute=''files'') | flatten | map(attribute=''path'')
      | list }}'

  - name: Get path with most syscalls
    set_fact: audit_file="{{ (found_paths_dict | dict2items() | sort(attribute='value')
      | last).key }}"
    when: found_paths | length &gt;= 1

  - name: No file with syscall found, set path to /etc/audit/rules.d/perm_mod.rules
    set_fact: audit_file="/etc/audit/rules.d/perm_mod.rules"
    when: found_paths | length == 0

  - name: Declare found syscalls
    set_fact: syscalls_found="{{ find_command.results | selectattr('matched') | map(attribute='item')
      | list }}"

  - name: Declare missing syscalls
    set_fact: missing_syscalls="{{ syscalls | difference(syscalls_found) }}"

  - name: Replace the audit rule in {{ audit_file }}
    lineinfile:
      path: '{{ audit_file }}'
      regexp: (-a always,exit -F arch=b32)(?=.*(?:(?:-S |,)(?:{{ syscalls_per_file[audit_file]
        | join("|") }}))\b)((?:( -S |,)\w+)+)( -F auid&gt;=1000 -F auid!=unset (?:-k
        |-F key=)\w+)
      line: \1\2\3{{ missing_syscalls | join("\3") }}\4
      backrefs: true
      state: present
      mode: g-rwx,o-rwx
    when: syscalls_found | length &gt; 0 and missing_syscalls | length &gt; 0

  - name: Add the audit rule to {{ audit_file }}
    lineinfile:
      path: '{{ audit_file }}'
      line: -a always,exit -F arch=b32 -S {{ syscalls | join(',') }} -F auid&gt;=1000
        -F auid!=unset -F key=perm_mod
      create: true
      mode: g-rwx,o-rwx
      state: present
    when: syscalls_found | length == 0

  - name: Declare list of syscalls
    set_fact:
      syscalls:
      - setxattr
      syscall_grouping:
      - fremovexattr
      - lremovexattr
      - removexattr
      - fsetxattr
      - lsetxattr
      - setxattr

  - name: Check existence of setxattr in /etc/audit/audit.rules
    find:
      paths: /etc/audit
      contains: -a always,exit -F arch=b32(( -S |,)\w+)*(( -S |,){{ item }})+(( -S
        |,)\w+)* -F auid&gt;=1000 -F auid!=unset (-k\s+|-F\s+key=)\S+\s*$
      patterns: audit.rules
    register: find_command
    loop: '{{ (syscall_grouping + syscalls) | unique }}'

  - name: Set path to /etc/audit/audit.rules
    set_fact: audit_file="/etc/audit/audit.rules"

  - name: Declare found syscalls
    set_fact: syscalls_found="{{ find_command.results | selectattr('matched') | map(attribute='item')
      | list }}"

  - name: Declare missing syscalls
    set_fact: missing_syscalls="{{ syscalls | difference(syscalls_found) }}"

  - name: Replace the audit rule in {{ audit_file }}
    lineinfile:
      path: '{{ audit_file }}'
      regexp: (-a always,exit -F arch=b32)(?=.*(?:(?:-S |,)(?:{{ syscalls_found |
        join("|") }}))\b)((?:( -S |,)\w+)+)( -F auid&gt;=1000 -F auid!=unset (?:-k |-F
        key=)\w+)
      line: \1\2\3{{ missing_syscalls | join("\3") }}\4
      backrefs: true
      state: present
      mode: g-rwx,o-rwx
    when: syscalls_found | length &gt; 0 and missing_syscalls | length &gt; 0

  - name: Add the audit rule to {{ audit_file }}
    lineinfile:
      path: '{{ audit_file }}'
      line: -a always,exit -F arch=b32 -S {{ syscalls | join(',') }} -F auid&gt;=1000
        -F auid!=unset -F key=perm_mod
      create: true
      mode: g-rwx,o-rwx
      state: present
    when: syscalls_found | length == 0
  when:
  - '"auditd" in ansible_facts.packages'
  - '"linux-base" in ansible_facts.packages'
  tags:
  - CJIS-5.4.1.1
  - NIST-800-171-3.1.7
  - NIST-800-53-AU-12(c)
  - NIST-800-53-AU-2(d)
  - NIST-800-53-CM-6(a)
  - PCI-DSS-Req-10.5.5
  - PCI-DSSv4-10.3
  - PCI-DSSv4-10.3.4
  - audit_rules_dac_modification_setxattr
  - low_complexity
  - low_disruption
  - medium_severity
  - reboot_required
  - restrict_strategy

- name: Perform remediation of Audit rules for setxattr for 64bit platform
  block:

  - name: Declare list of syscalls
    set_fact:
      syscalls:
      - setxattr
      syscall_grouping:
      - fremovexattr
      - lremovexattr
      - removexattr
      - fsetxattr
      - lsetxattr
      - setxattr

  - name: Check existence of setxattr in /etc/audit/rules.d/
    find:
      paths: /etc/audit/rules.d
      contains: -a always,exit -F arch=b64(( -S |,)\w+)*(( -S |,){{ item }})+(( -S
        |,)\w+)* -F auid&gt;=1000 -F auid!=unset (-k\s+|-F\s+key=)\S+\s*$
      patterns: '*.rules'
    register: find_command
    loop: '{{ (syscall_grouping + syscalls) | unique }}'

  - name: Reset syscalls found per file
    set_fact:
      syscalls_per_file: {}
      found_paths_dict: {}

  - name: Declare syscalls found per file
    set_fact: syscalls_per_file="{{ syscalls_per_file | combine( {item.files[0].path
      :[item.item] + syscalls_per_file.get(item.files[0].path, []) } ) }}"
    loop: '{{ find_command.results | selectattr(''matched'') | list }}'

  - name: Declare files where syscalls were found
    set_fact: found_paths="{{ find_command.results | map(attribute='files') | flatten
      | map(attribute='path') | list }}"

  - name: Count occurrences of syscalls in paths
    set_fact: found_paths_dict="{{ found_paths_dict | combine({ item:1+found_paths_dict.get(item,
      0) }) }}"
    loop: '{{ find_command.results | map(attribute=''files'') | flatten | map(attribute=''path'')
      | list }}'

  - name: Get path with most syscalls
    set_fact: audit_file="{{ (found_paths_dict | dict2items() | sort(attribute='value')
      | last).key }}"
    when: found_paths | length &gt;= 1

  - name: No file with syscall found, set path to /etc/audit/rules.d/perm_mod.rules
    set_fact: audit_file="/etc/audit/rules.d/perm_mod.rules"
    when: found_paths | length == 0

  - name: Declare found syscalls
    set_fact: syscalls_found="{{ find_command.results | selectattr('matched') | map(attribute='item')
      | list }}"

  - name: Declare missing syscalls
    set_fact: missing_syscalls="{{ syscalls | difference(syscalls_found) }}"

  - name: Replace the audit rule in {{ audit_file }}
    lineinfile:
      path: '{{ audit_file }}'
      regexp: (-a always,exit -F arch=b64)(?=.*(?:(?:-S |,)(?:{{ syscalls_per_file[audit_file]
        | join("|") }}))\b)((?:( -S |,)\w+)+)( -F auid&gt;=1000 -F auid!=unset (?:-k
        |-F key=)\w+)
      line: \1\2\3{{ missing_syscalls | join("\3") }}\4
      backrefs: true
      state: present
      mode: g-rwx,o-rwx
    when: syscalls_found | length &gt; 0 and missing_syscalls | length &gt; 0

  - name: Add the audit rule to {{ audit_file }}
    lineinfile:
      path: '{{ audit_file }}'
      line: -a always,exit -F arch=b64 -S {{ syscalls | join(',') }} -F auid&gt;=1000
        -F auid!=unset -F key=perm_mod
      create: true
      mode: g-rwx,o-rwx
      state: present
    when: syscalls_found | length == 0

  - name: Declare list of syscalls
    set_fact:
      syscalls:
      - setxattr
      syscall_grouping:
      - fremovexattr
      - lremovexattr
      - removexattr
      - fsetxattr
      - lsetxattr
      - setxattr

  - name: Check existence of setxattr in /etc/audit/audit.rules
    find:
      paths: /etc/audit
      contains: -a always,exit -F arch=b64(( -S |,)\w+)*(( -S |,){{ item }})+(( -S
        |,)\w+)* -F auid&gt;=1000 -F auid!=unset (-k\s+|-F\s+key=)\S+\s*$
      patterns: audit.rules
    register: find_command
    loop: '{{ (syscall_grouping + syscalls) | unique }}'

  - name: Set path to /etc/audit/audit.rules
    set_fact: audit_file="/etc/audit/audit.rules"

  - name: Declare found syscalls
    set_fact: syscalls_found="{{ find_command.results | selectattr('matched') | map(attribute='item')
      | list }}"

  - name: Declare missing syscalls
    set_fact: missing_syscalls="{{ syscalls | difference(syscalls_found) }}"

  - name: Replace the audit rule in {{ audit_file }}
    lineinfile:
      path: '{{ audit_file }}'
      regexp: (-a always,exit -F arch=b64)(?=.*(?:(?:-S |,)(?:{{ syscalls_found |
        join("|") }}))\b)((?:( -S |,)\w+)+)( -F auid&gt;=1000 -F auid!=unset (?:-k |-F
        key=)\w+)
      line: \1\2\3{{ missing_syscalls | join("\3") }}\4
      backrefs: true
      state: present
      mode: g-rwx,o-rwx
    when: syscalls_found | length &gt; 0 and missing_syscalls | length &gt; 0

  - name: Add the audit rule to {{ audit_file }}
    lineinfile:
      path: '{{ audit_file }}'
      line: -a always,exit -F arch=b64 -S {{ syscalls | join(',') }} -F auid&gt;=1000
        -F auid!=unset -F key=perm_mod
      create: true
      mode: g-rwx,o-rwx
      state: present
    when: syscalls_found | length == 0
  when:
  - '"auditd" in ansible_facts.packages'
  - '"linux-base" in ansible_facts.packages'
  - audit_arch == "b64"
  tags:
  - CJIS-5.4.1.1
  - NIST-800-171-3.1.7
  - NIST-800-53-AU-12(c)
  - NIST-800-53-AU-2(d)
  - NIST-800-53-CM-6(a)
  - PCI-DSS-Req-10.5.5
  - PCI-DSSv4-10.3
  - PCI-DSSv4-10.3.4
  - audit_rules_dac_modification_setxattr
  - low_complexity
  - low_disruption
  - medium_severity
  - reboot_required
  - restrict_strategy
</fix>
          <fix xmlns:xhtml="http://www.w3.org/1999/xhtml" id="audit_rules_dac_modification_setxattr" system="urn:xccdf:fix:script:sh"># Remediation is applicable only in certain platforms
if dpkg-query --show --showformat='${db:Status-Status}
' 'linux-base' 2&gt;/dev/null | grep -q ^installed &amp;&amp; dpkg-query --show --showformat='${db:Status-Status}\n' 'auditd' 2&gt;/dev/null | grep -q '^installed'; then

# First perform the remediation of the syscall rule
# Retrieve hardware architecture of the underlying system
[ "$(getconf LONG_BIT)" = "32" ] &amp;&amp; RULE_ARCHS=("b32") || RULE_ARCHS=("b32" "b64")

for ARCH in "${RULE_ARCHS[@]}"
do
	ACTION_ARCH_FILTERS="-a always,exit -F arch=$ARCH"
	OTHER_FILTERS=""
	AUID_FILTERS="-F auid&gt;=1000 -F auid!=unset"
	SYSCALL="setxattr"
	KEY="perm_mod"
	SYSCALL_GROUPING="fremovexattr lremovexattr removexattr fsetxattr lsetxattr setxattr"

	# Perform the remediation for both possible tools: 'auditctl' and 'augenrules'
	unset syscall_a
unset syscall_grouping
unset syscall_string
unset syscall
unset file_to_edit
unset rule_to_edit
unset rule_syscalls_to_edit
unset other_string
unset auid_string
unset full_rule

# Load macro arguments into arrays
read -a syscall_a &lt;&lt;&lt; $SYSCALL
read -a syscall_grouping &lt;&lt;&lt; $SYSCALL_GROUPING

# Create a list of audit *.rules files that should be inspected for presence and correctness
# of a particular audit rule. The scheme is as follows:
#
# -----------------------------------------------------------------------------------------
#  Tool used to load audit rules | Rule already defined  |  Audit rules file to inspect    |
# -----------------------------------------------------------------------------------------
#        auditctl                |     Doesn't matter    |  /etc/audit/audit.rules         |
# -----------------------------------------------------------------------------------------
#        augenrules              |          Yes          |  /etc/audit/rules.d/*.rules     |
#        augenrules              |          No           |  /etc/audit/rules.d/$key.rules  |
# -----------------------------------------------------------------------------------------
#
files_to_inspect=()

# If audit tool is 'augenrules', then check if the audit rule is defined
# If rule is defined, add '/etc/audit/rules.d/*.rules' to the list for inspection
# If rule isn't defined yet, add '/etc/audit/rules.d/$key.rules' to the list for inspection
default_file="/etc/audit/rules.d/$KEY.rules"
# As other_filters may include paths, lets use a different delimiter for it
# The "F" script expression tells sed to print the filenames where the expressions matched
readarray -t files_to_inspect &lt; &lt;(sed -s -n -e "/^$ACTION_ARCH_FILTERS/!d" -e "\#$OTHER_FILTERS#!d" -e "/$AUID_FILTERS/!d" -e "F" /etc/audit/rules.d/*.rules)
# Case when particular rule isn't defined in /etc/audit/rules.d/*.rules yet
if [ ${#files_to_inspect[@]} -eq "0" ]
then
    file_to_inspect="/etc/audit/rules.d/$KEY.rules"
    files_to_inspect=("$file_to_inspect")
    if [ ! -e "$file_to_inspect" ]
    then
        touch "$file_to_inspect"
        chmod 0600 "$file_to_inspect"
    fi
fi

# After converting to jinja, we cannot return; therefore we skip the rest of the macro if needed instead
skip=1

for audit_file in "${files_to_inspect[@]}"
do
    # Filter existing $audit_file rules' definitions to select those that satisfy the rule pattern,
    # i.e, collect rules that match:
    # * the action, list and arch, (2-nd argument)
    # * the other filters, (3-rd argument)
    # * the auid filters, (4-rd argument)
    readarray -t similar_rules &lt; &lt;(sed -e "/^$ACTION_ARCH_FILTERS/!d"  -e "\#$OTHER_FILTERS#!d" -e "/$AUID_FILTERS/!d" "$audit_file")

    candidate_rules=()
    # Filter out rules that have more fields then required. This will remove rules more specific than the required scope
    for s_rule in "${similar_rules[@]}"
    do
        # Strip all the options and fields we know of,
        # than check if there was any field left over
        extra_fields=$(sed -E -e "s/^$ACTION_ARCH_FILTERS//"  -e "s#$OTHER_FILTERS##" -e "s/$AUID_FILTERS//" -e "s/((:?-S [[:alnum:],]+)+)//g" -e "s/-F key=\w+|-k \w+//"&lt;&lt;&lt; "$s_rule")
        grep -q -- "-F" &lt;&lt;&lt; "$extra_fields" || candidate_rules+=("$s_rule")
    done

    if [[ ${#syscall_a[@]} -ge 1 ]]
    then
        # Check if the syscall we want is present in any of the similar existing rules
        for rule in "${candidate_rules[@]}"
        do
            rule_syscalls=$(echo "$rule" | grep -o -P '(-S [\w,]+)+' | xargs)
            all_syscalls_found=0
            for syscall in "${syscall_a[@]}"
            do
                grep -q -- "\b${syscall}\b" &lt;&lt;&lt; "$rule_syscalls" || {
                   # A syscall was not found in the candidate rule
                   all_syscalls_found=1
                   }
            done
            if [[ $all_syscalls_found -eq 0 ]]
            then
                # We found a rule with all the syscall(s) we want; skip rest of macro
                skip=0
                break
            fi

            # Check if this rule can be grouped with our target syscall and keep track of it
            for syscall_g in "${syscall_grouping[@]}"
            do
                if grep -q -- "\b${syscall_g}\b" &lt;&lt;&lt; "$rule_syscalls"
                then
                    file_to_edit=${audit_file}
                    rule_to_edit=${rule}
                    rule_syscalls_to_edit=${rule_syscalls}
                fi
            done
        done
    else
        # If there is any candidate rule, it is compliant; skip rest of macro
        if [ "${#candidate_rules[@]}" -gt 0 ]
        then
            skip=0
        fi
    fi

    if [ "$skip" -eq 0 ]; then
        break
    fi
done

if [ "$skip" -ne 0 ]; then
    # We checked all rules that matched the expected resemblance pattern (action, arch &amp; auid)
    # At this point we know if we need to either append the $full_rule or group
    # the syscall together with an exsiting rule

    # Append the full_rule if it cannot be grouped to any other rule
    if [ -z ${rule_to_edit+x} ]
    then
        # Build full_rule while avoid adding double spaces when other_filters is empty
        if [ "${#syscall_a[@]}" -gt 0 ]
        then
            syscall_string=""
            for syscall in "${syscall_a[@]}"
            do
                syscall_string+=" -S $syscall"
            done
        fi
        other_string=$([[ $OTHER_FILTERS ]] &amp;&amp; echo " $OTHER_FILTERS") || /bin/true
        auid_string=$([[ $AUID_FILTERS ]] &amp;&amp; echo " $AUID_FILTERS") || /bin/true
        full_rule="$ACTION_ARCH_FILTERS${syscall_string}${other_string}${auid_string} -F key=$KEY" || /bin/true
        echo "$full_rule" &gt;&gt; "$default_file"
        chmod 0600 ${default_file}
    else
        # Check if the syscalls are declared as a comma separated list or
        # as multiple -S parameters
        if grep -q -- "," &lt;&lt;&lt; "${rule_syscalls_to_edit}"
        then
            delimiter=","
        else
            delimiter=" -S "
        fi
        new_grouped_syscalls="${rule_syscalls_to_edit}"
        for syscall in "${syscall_a[@]}"
        do
            grep -q -- "\b${syscall}\b" &lt;&lt;&lt; "${rule_syscalls_to_edit}" || {
               # A syscall was not found in the candidate rule
               new_grouped_syscalls+="${delimiter}${syscall}"
               }
        done

        # Group the syscall in the rule
        sed -i -e "\#${rule_to_edit}#s#${rule_syscalls_to_edit}#${new_grouped_syscalls}#" "$file_to_edit"
    fi
fi
	unset syscall_a
unset syscall_grouping
unset syscall_string
unset syscall
unset file_to_edit
unset rule_to_edit
unset rule_syscalls_to_edit
unset other_string
unset auid_string
unset full_rule

# Load macro arguments into arrays
read -a syscall_a &lt;&lt;&lt; $SYSCALL
read -a syscall_grouping &lt;&lt;&lt; $SYSCALL_GROUPING

# Create a list of audit *.rules files that should be inspected for presence and correctness
# of a particular audit rule. The scheme is as follows:
#
# -----------------------------------------------------------------------------------------
#  Tool used to load audit rules | Rule already defined  |  Audit rules file to inspect    |
# -----------------------------------------------------------------------------------------
#        auditctl                |     Doesn't matter    |  /etc/audit/audit.rules         |
# -----------------------------------------------------------------------------------------
#        augenrules              |          Yes          |  /etc/audit/rules.d/*.rules     |
#        augenrules              |          No           |  /etc/audit/rules.d/$key.rules  |
# -----------------------------------------------------------------------------------------
#
files_to_inspect=()


# If audit tool is 'auditctl', then add '/etc/audit/audit.rules'
# file to the list of files to be inspected
default_file="/etc/audit/audit.rules"
files_to_inspect+=('/etc/audit/audit.rules' )

# After converting to jinja, we cannot return; therefore we skip the rest of the macro if needed instead
skip=1

for audit_file in "${files_to_inspect[@]}"
do
    # Filter existing $audit_file rules' definitions to select those that satisfy the rule pattern,
    # i.e, collect rules that match:
    # * the action, list and arch, (2-nd argument)
    # * the other filters, (3-rd argument)
    # * the auid filters, (4-rd argument)
    readarray -t similar_rules &lt; &lt;(sed -e "/^$ACTION_ARCH_FILTERS/!d"  -e "\#$OTHER_FILTERS#!d" -e "/$AUID_FILTERS/!d" "$audit_file")

    candidate_rules=()
    # Filter out rules that have more fields then required. This will remove rules more specific than the required scope
    for s_rule in "${similar_rules[@]}"
    do
        # Strip all the options and fields we know of,
        # than check if there was any field left over
        extra_fields=$(sed -E -e "s/^$ACTION_ARCH_FILTERS//"  -e "s#$OTHER_FILTERS##" -e "s/$AUID_FILTERS//" -e "s/((:?-S [[:alnum:],]+)+)//g" -e "s/-F key=\w+|-k \w+//"&lt;&lt;&lt; "$s_rule")
        grep -q -- "-F" &lt;&lt;&lt; "$extra_fields" || candidate_rules+=("$s_rule")
    done

    if [[ ${#syscall_a[@]} -ge 1 ]]
    then
        # Check if the syscall we want is present in any of the similar existing rules
        for rule in "${candidate_rules[@]}"
        do
            rule_syscalls=$(echo "$rule" | grep -o -P '(-S [\w,]+)+' | xargs)
            all_syscalls_found=0
            for syscall in "${syscall_a[@]}"
            do
                grep -q -- "\b${syscall}\b" &lt;&lt;&lt; "$rule_syscalls" || {
                   # A syscall was not found in the candidate rule
                   all_syscalls_found=1
                   }
            done
            if [[ $all_syscalls_found -eq 0 ]]
            then
                # We found a rule with all the syscall(s) we want; skip rest of macro
                skip=0
                break
            fi

            # Check if this rule can be grouped with our target syscall and keep track of it
            for syscall_g in "${syscall_grouping[@]}"
            do
                if grep -q -- "\b${syscall_g}\b" &lt;&lt;&lt; "$rule_syscalls"
                then
                    file_to_edit=${audit_file}
                    rule_to_edit=${rule}
                    rule_syscalls_to_edit=${rule_syscalls}
                fi
            done
        done
    else
        # If there is any candidate rule, it is compliant; skip rest of macro
        if [ "${#candidate_rules[@]}" -gt 0 ]
        then
            skip=0
        fi
    fi

    if [ "$skip" -eq 0 ]; then
        break
    fi
done

if [ "$skip" -ne 0 ]; then
    # We checked all rules that matched the expected resemblance pattern (action, arch &amp; auid)
    # At this point we know if we need to either append the $full_rule or group
    # the syscall together with an exsiting rule

    # Append the full_rule if it cannot be grouped to any other rule
    if [ -z ${rule_to_edit+x} ]
    then
        # Build full_rule while avoid adding double spaces when other_filters is empty
        if [ "${#syscall_a[@]}" -gt 0 ]
        then
            syscall_string=""
            for syscall in "${syscall_a[@]}"
            do
                syscall_string+=" -S $syscall"
            done
        fi
        other_string=$([[ $OTHER_FILTERS ]] &amp;&amp; echo " $OTHER_FILTERS") || /bin/true
        auid_string=$([[ $AUID_FILTERS ]] &amp;&amp; echo " $AUID_FILTERS") || /bin/true
        full_rule="$ACTION_ARCH_FILTERS${syscall_string}${other_string}${auid_string} -F key=$KEY" || /bin/true
        echo "$full_rule" &gt;&gt; "$default_file"
        chmod 0600 ${default_file}
    else
        # Check if the syscalls are declared as a comma separated list or
        # as multiple -S parameters
        if grep -q -- "," &lt;&lt;&lt; "${rule_syscalls_to_edit}"
        then
            delimiter=","
        else
            delimiter=" -S "
        fi
        new_grouped_syscalls="${rule_syscalls_to_edit}"
        for syscall in "${syscall_a[@]}"
        do
            grep -q -- "\b${syscall}\b" &lt;&lt;&lt; "${rule_syscalls_to_edit}" || {
               # A syscall was not found in the candidate rule
               new_grouped_syscalls+="${delimiter}${syscall}"
               }
        done

        # Group the syscall in the rule
        sed -i -e "\#${rule_to_edit}#s#${rule_syscalls_to_edit}#${new_grouped_syscalls}#" "$file_to_edit"
    fi
fi
done

else
    &gt;&amp;2 echo 'Remediation is not applicable, nothing was done'
fi
</fix>
          <check system="http://oval.mitre.org/XMLSchema/oval-definitions-5">
            <check-content-ref name="oval:ssg-audit_rules_dac_modification_setxattr:def:1" href="ssg-ubuntu2404-oval.xml"/>
          </check>
          <check system="http://scap.nist.gov/schema/ocil/2">
            <check-content-ref name="ocil:ssg-audit_rules_dac_modification_setxattr_ocil:questionnaire:1" href="ssg-ubuntu2404-ocil.xml"/>
          </check>
        </Rule>
      </Group>
      <Group id="xccdf_org.ssgproject.content_group_audit_execution_acl_commands">
        <title xmlns:xhtml="http://www.w3.org/1999/xhtml" xml:lang="en-US">Record Execution Attempts to Run ACL Privileged Commands</title>
        <description xmlns:xhtml="http://www.w3.org/1999/xhtml" xml:lang="en-US">At a minimum, the audit system should collect the execution of
ACL privileged commands for all users and root.</description>
        <Rule id="xccdf_org.ssgproject.content_rule_audit_rules_execution_chacl" selected="false" role="full" severity="medium">
          <title xmlns:xhtml="http://www.w3.org/1999/xhtml" xml:lang="en-US">Record Any Attempts to Run chacl</title>
          <description xmlns:xhtml="http://www.w3.org/1999/xhtml" xml:lang="en-US">At a minimum, the audit system should collect any execution attempt
of the <html:code xmlns:html="http://www.w3.org/1999/xhtml">chacl</html:code> command for all users and root. If the <html:code xmlns:html="http://www.w3.org/1999/xhtml">auditd</html:code>
daemon is configured to use the <html:code xmlns:html="http://www.w3.org/1999/xhtml">augenrules</html:code> program to read audit rules
during daemon startup (the default), add the following lines to a file with suffix
<html:code xmlns:html="http://www.w3.org/1999/xhtml">.rules</html:code> in the directory <html:code xmlns:html="http://www.w3.org/1999/xhtml">/etc/audit/rules.d</html:code>:
<html:pre xmlns:html="http://www.w3.org/1999/xhtml">-a always,exit -F path=/usr/bin/chacl -F perm=x -F auid&gt;=1000 -F auid!=unset -F key=privileged</html:pre>
If the <html:code xmlns:html="http://www.w3.org/1999/xhtml">auditd</html:code> daemon is configured to use the <html:code xmlns:html="http://www.w3.org/1999/xhtml">auditctl</html:code>
utility to read audit rules during daemon startup, add the following lines to
<html:code xmlns:html="http://www.w3.org/1999/xhtml">/etc/audit/audit.rules</html:code> file:
<html:pre xmlns:html="http://www.w3.org/1999/xhtml">-a always,exit -F path=/usr/bin/chacl -F perm=x -F auid&gt;=1000 -F auid!=unset -F key=privileged</html:pre>
       </description>
          <reference href="https://public.cyber.mil/stigs/cci/">CCI-000172</reference>
          <reference href="https://public.cyber.mil/stigs/cci/">CCI-000130</reference>
          <reference href="https://public.cyber.mil/stigs/cci/">CCI-000135</reference>
          <reference href="https://public.cyber.mil/stigs/cci/">CCI-000169</reference>
          <reference href="https://public.cyber.mil/stigs/cci/">CCI-002884</reference>
          <reference href="https://public.cyber.mil/stigs/downloads/?_dl_facet_stigs=operating-systems%2Cgeneral-purpose-os">SRG-OS-000037-GPOS-00015</reference>
          <reference href="https://public.cyber.mil/stigs/downloads/?_dl_facet_stigs=operating-systems%2Cgeneral-purpose-os">SRG-OS-000042-GPOS-00020</reference>
          <reference href="https://public.cyber.mil/stigs/downloads/?_dl_facet_stigs=operating-systems%2Cgeneral-purpose-os">SRG-OS-000062-GPOS-00031</reference>
          <reference href="https://public.cyber.mil/stigs/downloads/?_dl_facet_stigs=operating-systems%2Cgeneral-purpose-os">SRG-OS-000392-GPOS-00172</reference>
          <reference href="https://public.cyber.mil/stigs/downloads/?_dl_facet_stigs=operating-systems%2Cgeneral-purpose-os">SRG-OS-000462-GPOS-00206</reference>
          <reference href="https://public.cyber.mil/stigs/downloads/?_dl_facet_stigs=operating-systems%2Cgeneral-purpose-os">SRG-OS-000471-GPOS-00215</reference>
          <reference href="https://public.cyber.mil/stigs/downloads/?_dl_facet_stigs=operating-systems%2Cgeneral-purpose-os">SRG-OS-000466-GPOS-00210</reference>
          <reference href="https://public.cyber.mil/stigs/downloads/?_dl_facet_stigs=container-platform">SRG-APP-000495-CTR-001235</reference>
          <reference href="https://public.cyber.mil/stigs/downloads/?_dl_facet_stigs=container-platform">SRG-APP-000499-CTR-001255</reference>
          <reference href="https://www.cisecurity.org/benchmark/ubuntu_linux/">6.2.3.17</reference>
          <rationale xmlns:xhtml="http://www.w3.org/1999/xhtml" xml:lang="en-US">Without generating audit records that are specific to the security and
mission needs of the organization, it would be difficult to establish,
correlate, and investigate the events relating to an incident or identify
those responsible for one.
Audit records can be generated from various components within the
information system (e.g., module or policy filter).</rationale>
          <fix xmlns:xhtml="http://www.w3.org/1999/xhtml" id="audit_rules_execution_chacl" system="urn:xccdf:fix:script:ansible" complexity="low" disruption="low" strategy="restrict">- name: Gather the package facts
  package_facts:
    manager: auto
  tags:
  - audit_rules_execution_chacl
  - low_complexity
  - low_disruption
  - medium_severity
  - no_reboot_needed
  - restrict_strategy

- name: Perform remediation of Audit rules for /usr/bin/chacl
  block:

  - name: Declare list of syscalls
    set_fact:
      syscalls: []
      syscall_grouping: []

  - name: Check existence of  in /etc/audit/rules.d/
    find:
      paths: /etc/audit/rules.d
      contains: -a always,exit(( -S |,)\w+)*(( -S |,){{ item }})+(( -S |,)\w+)* -F
        path=/usr/bin/chacl -F perm=x -F auid&gt;=1000 -F auid!=unset (-k\s+|-F\s+key=)\S+\s*$
      patterns: '*.rules'
    register: find_command
    loop: '{{ (syscall_grouping + syscalls) | unique }}'

  - name: Reset syscalls found per file
    set_fact:
      syscalls_per_file: {}
      found_paths_dict: {}

  - name: Declare syscalls found per file
    set_fact: syscalls_per_file="{{ syscalls_per_file | combine( {item.files[0].path
      :[item.item] + syscalls_per_file.get(item.files[0].path, []) } ) }}"
    loop: '{{ find_command.results | selectattr(''matched'') | list }}'

  - name: Declare files where syscalls were found
    set_fact: found_paths="{{ find_command.results | map(attribute='files') | flatten
      | map(attribute='path') | list }}"

  - name: Count occurrences of syscalls in paths
    set_fact: found_paths_dict="{{ found_paths_dict | combine({ item:1+found_paths_dict.get(item,
      0) }) }}"
    loop: '{{ find_command.results | map(attribute=''files'') | flatten | map(attribute=''path'')
      | list }}'

  - name: Get path with most syscalls
    set_fact: audit_file="{{ (found_paths_dict | dict2items() | sort(attribute='value')
      | last).key }}"
    when: found_paths | length &gt;= 1

  - name: No file with syscall found, set path to /etc/audit/rules.d/privileged.rules
    set_fact: audit_file="/etc/audit/rules.d/privileged.rules"
    when: found_paths | length == 0

  - name: Declare found syscalls
    set_fact: syscalls_found="{{ find_command.results | selectattr('matched') | map(attribute='item')
      | list }}"

  - name: Declare missing syscalls
    set_fact: missing_syscalls="{{ syscalls | difference(syscalls_found) }}"

  - name: Replace the audit rule in {{ audit_file }}
    lineinfile:
      path: '{{ audit_file }}'
      regexp: (-a always,exit)(?=.*(?:(?:-S |,)(?:{{ syscalls_per_file[audit_file]
        | join("|") }}))\b)((?:( -S |,)\w+)+)( -F path=/usr/bin/chacl -F perm=x -F
        auid&gt;=1000 -F auid!=unset (?:-k |-F key=)\w+)
      line: \1\2\3{{ missing_syscalls | join("\3") }}\4
      backrefs: true
      state: present
      mode: g-rwx,o-rwx
    when: syscalls_found | length &gt; 0 and missing_syscalls | length &gt; 0

  - name: Add the audit rule to {{ audit_file }}
    lineinfile:
      path: '{{ audit_file }}'
      line: -a always,exit{{ syscalls | join(',') }} -F path=/usr/bin/chacl -F perm=x
        -F auid&gt;=1000 -F auid!=unset -F key=privileged
      create: true
      mode: g-rwx,o-rwx
      state: present
    when: syscalls_found | length == 0

  - name: Declare list of syscalls
    set_fact:
      syscalls: []
      syscall_grouping: []

  - name: Check existence of  in /etc/audit/audit.rules
    find:
      paths: /etc/audit
      contains: -a always,exit(( -S |,)\w+)*(( -S |,){{ item }})+(( -S |,)\w+)* -F
        path=/usr/bin/chacl -F perm=x -F auid&gt;=1000 -F auid!=unset (-k\s+|-F\s+key=)\S+\s*$
      patterns: audit.rules
    register: find_command
    loop: '{{ (syscall_grouping + syscalls) | unique }}'

  - name: Set path to /etc/audit/audit.rules
    set_fact: audit_file="/etc/audit/audit.rules"

  - name: Declare found syscalls
    set_fact: syscalls_found="{{ find_command.results | selectattr('matched') | map(attribute='item')
      | list }}"

  - name: Declare missing syscalls
    set_fact: missing_syscalls="{{ syscalls | difference(syscalls_found) }}"

  - name: Replace the audit rule in {{ audit_file }}
    lineinfile:
      path: '{{ audit_file }}'
      regexp: (-a always,exit)(?=.*(?:(?:-S |,)(?:{{ syscalls_found | join("|") }}))\b)((?:(
        -S |,)\w+)+)( -F path=/usr/bin/chacl -F perm=x -F auid&gt;=1000 -F auid!=unset
        (?:-k |-F key=)\w+)
      line: \1\2\3{{ missing_syscalls | join("\3") }}\4
      backrefs: true
      state: present
      mode: g-rwx,o-rwx
    when: syscalls_found | length &gt; 0 and missing_syscalls | length &gt; 0

  - name: Add the audit rule to {{ audit_file }}
    lineinfile:
      path: '{{ audit_file }}'
      line: -a always,exit{{ syscalls | join(',') }} -F path=/usr/bin/chacl -F perm=x
        -F auid&gt;=1000 -F auid!=unset -F key=privileged
      create: true
      mode: g-rwx,o-rwx
      state: present
    when: syscalls_found | length == 0
  when:
  - '"auditd" in ansible_facts.packages'
  - '"linux-base" in ansible_facts.packages'
  tags:
  - audit_rules_execution_chacl
  - low_complexity
  - low_disruption
  - medium_severity
  - no_reboot_needed
  - restrict_strategy
</fix>
          <fix xmlns:xhtml="http://www.w3.org/1999/xhtml" id="audit_rules_execution_chacl" system="urn:xccdf:fix:script:sh"># Remediation is applicable only in certain platforms
if dpkg-query --show --showformat='${db:Status-Status}
' 'linux-base' 2&gt;/dev/null | grep -q ^installed &amp;&amp; dpkg-query --show --showformat='${db:Status-Status}\n' 'auditd' 2&gt;/dev/null | grep -q '^installed'; then

ACTION_ARCH_FILTERS="-a always,exit"
OTHER_FILTERS="-F path=/usr/bin/chacl -F perm=x"
AUID_FILTERS="-F auid&gt;=1000 -F auid!=unset"
SYSCALL=""
KEY="privileged"
SYSCALL_GROUPING=""
# Perform the remediation for both possible tools: 'auditctl' and 'augenrules'
unset syscall_a
unset syscall_grouping
unset syscall_string
unset syscall
unset file_to_edit
unset rule_to_edit
unset rule_syscalls_to_edit
unset other_string
unset auid_string
unset full_rule

# Load macro arguments into arrays
read -a syscall_a &lt;&lt;&lt; $SYSCALL
read -a syscall_grouping &lt;&lt;&lt; $SYSCALL_GROUPING

# Create a list of audit *.rules files that should be inspected for presence and correctness
# of a particular audit rule. The scheme is as follows:
#
# -----------------------------------------------------------------------------------------
#  Tool used to load audit rules | Rule already defined  |  Audit rules file to inspect    |
# -----------------------------------------------------------------------------------------
#        auditctl                |     Doesn't matter    |  /etc/audit/audit.rules         |
# -----------------------------------------------------------------------------------------
#        augenrules              |          Yes          |  /etc/audit/rules.d/*.rules     |
#        augenrules              |          No           |  /etc/audit/rules.d/$key.rules  |
# -----------------------------------------------------------------------------------------
#
files_to_inspect=()

# If audit tool is 'augenrules', then check if the audit rule is defined
# If rule is defined, add '/etc/audit/rules.d/*.rules' to the list for inspection
# If rule isn't defined yet, add '/etc/audit/rules.d/$key.rules' to the list for inspection
default_file="/etc/audit/rules.d/$KEY.rules"
# As other_filters may include paths, lets use a different delimiter for it
# The "F" script expression tells sed to print the filenames where the expressions matched
readarray -t files_to_inspect &lt; &lt;(sed -s -n -e "/^$ACTION_ARCH_FILTERS/!d" -e "\#$OTHER_FILTERS#!d" -e "/$AUID_FILTERS/!d" -e "F" /etc/audit/rules.d/*.rules)
# Case when particular rule isn't defined in /etc/audit/rules.d/*.rules yet
if [ ${#files_to_inspect[@]} -eq "0" ]
then
    file_to_inspect="/etc/audit/rules.d/$KEY.rules"
    files_to_inspect=("$file_to_inspect")
    if [ ! -e "$file_to_inspect" ]
    then
        touch "$file_to_inspect"
        chmod 0600 "$file_to_inspect"
    fi
fi

# After converting to jinja, we cannot return; therefore we skip the rest of the macro if needed instead
skip=1

for audit_file in "${files_to_inspect[@]}"
do
    # Filter existing $audit_file rules' definitions to select those that satisfy the rule pattern,
    # i.e, collect rules that match:
    # * the action, list and arch, (2-nd argument)
    # * the other filters, (3-rd argument)
    # * the auid filters, (4-rd argument)
    readarray -t similar_rules &lt; &lt;(sed -e "/^$ACTION_ARCH_FILTERS/!d"  -e "\#$OTHER_FILTERS#!d" -e "/$AUID_FILTERS/!d" "$audit_file")

    candidate_rules=()
    # Filter out rules that have more fields then required. This will remove rules more specific than the required scope
    for s_rule in "${similar_rules[@]}"
    do
        # Strip all the options and fields we know of,
        # than check if there was any field left over
        extra_fields=$(sed -E -e "s/^$ACTION_ARCH_FILTERS//"  -e "s#$OTHER_FILTERS##" -e "s/$AUID_FILTERS//" -e "s/((:?-S [[:alnum:],]+)+)//g" -e "s/-F key=\w+|-k \w+//"&lt;&lt;&lt; "$s_rule")
        grep -q -- "-F" &lt;&lt;&lt; "$extra_fields" || candidate_rules+=("$s_rule")
    done

    if [[ ${#syscall_a[@]} -ge 1 ]]
    then
        # Check if the syscall we want is present in any of the similar existing rules
        for rule in "${candidate_rules[@]}"
        do
            rule_syscalls=$(echo "$rule" | grep -o -P '(-S [\w,]+)+' | xargs)
            all_syscalls_found=0
            for syscall in "${syscall_a[@]}"
            do
                grep -q -- "\b${syscall}\b" &lt;&lt;&lt; "$rule_syscalls" || {
                   # A syscall was not found in the candidate rule
                   all_syscalls_found=1
                   }
            done
            if [[ $all_syscalls_found -eq 0 ]]
            then
                # We found a rule with all the syscall(s) we want; skip rest of macro
                skip=0
                break
            fi

            # Check if this rule can be grouped with our target syscall and keep track of it
            for syscall_g in "${syscall_grouping[@]}"
            do
                if grep -q -- "\b${syscall_g}\b" &lt;&lt;&lt; "$rule_syscalls"
                then
                    file_to_edit=${audit_file}
                    rule_to_edit=${rule}
                    rule_syscalls_to_edit=${rule_syscalls}
                fi
            done
        done
    else
        # If there is any candidate rule, it is compliant; skip rest of macro
        if [ "${#candidate_rules[@]}" -gt 0 ]
        then
            skip=0
        fi
    fi

    if [ "$skip" -eq 0 ]; then
        break
    fi
done

if [ "$skip" -ne 0 ]; then
    # We checked all rules that matched the expected resemblance pattern (action, arch &amp; auid)
    # At this point we know if we need to either append the $full_rule or group
    # the syscall together with an exsiting rule

    # Append the full_rule if it cannot be grouped to any other rule
    if [ -z ${rule_to_edit+x} ]
    then
        # Build full_rule while avoid adding double spaces when other_filters is empty
        if [ "${#syscall_a[@]}" -gt 0 ]
        then
            syscall_string=""
            for syscall in "${syscall_a[@]}"
            do
                syscall_string+=" -S $syscall"
            done
        fi
        other_string=$([[ $OTHER_FILTERS ]] &amp;&amp; echo " $OTHER_FILTERS") || /bin/true
        auid_string=$([[ $AUID_FILTERS ]] &amp;&amp; echo " $AUID_FILTERS") || /bin/true
        full_rule="$ACTION_ARCH_FILTERS${syscall_string}${other_string}${auid_string} -F key=$KEY" || /bin/true
        echo "$full_rule" &gt;&gt; "$default_file"
        chmod 0600 ${default_file}
    else
        # Check if the syscalls are declared as a comma separated list or
        # as multiple -S parameters
        if grep -q -- "," &lt;&lt;&lt; "${rule_syscalls_to_edit}"
        then
            delimiter=","
        else
            delimiter=" -S "
        fi
        new_grouped_syscalls="${rule_syscalls_to_edit}"
        for syscall in "${syscall_a[@]}"
        do
            grep -q -- "\b${syscall}\b" &lt;&lt;&lt; "${rule_syscalls_to_edit}" || {
               # A syscall was not found in the candidate rule
               new_grouped_syscalls+="${delimiter}${syscall}"
               }
        done

        # Group the syscall in the rule
        sed -i -e "\#${rule_to_edit}#s#${rule_syscalls_to_edit}#${new_grouped_syscalls}#" "$file_to_edit"
    fi
fi
unset syscall_a
unset syscall_grouping
unset syscall_string
unset syscall
unset file_to_edit
unset rule_to_edit
unset rule_syscalls_to_edit
unset other_string
unset auid_string
unset full_rule

# Load macro arguments into arrays
read -a syscall_a &lt;&lt;&lt; $SYSCALL
read -a syscall_grouping &lt;&lt;&lt; $SYSCALL_GROUPING

# Create a list of audit *.rules files that should be inspected for presence and correctness
# of a particular audit rule. The scheme is as follows:
#
# -----------------------------------------------------------------------------------------
#  Tool used to load audit rules | Rule already defined  |  Audit rules file to inspect    |
# -----------------------------------------------------------------------------------------
#        auditctl                |     Doesn't matter    |  /etc/audit/audit.rules         |
# -----------------------------------------------------------------------------------------
#        augenrules              |          Yes          |  /etc/audit/rules.d/*.rules     |
#        augenrules              |          No           |  /etc/audit/rules.d/$key.rules  |
# -----------------------------------------------------------------------------------------
#
files_to_inspect=()


# If audit tool is 'auditctl', then add '/etc/audit/audit.rules'
# file to the list of files to be inspected
default_file="/etc/audit/audit.rules"
files_to_inspect+=('/etc/audit/audit.rules' )

# After converting to jinja, we cannot return; therefore we skip the rest of the macro if needed instead
skip=1

for audit_file in "${files_to_inspect[@]}"
do
    # Filter existing $audit_file rules' definitions to select those that satisfy the rule pattern,
    # i.e, collect rules that match:
    # * the action, list and arch, (2-nd argument)
    # * the other filters, (3-rd argument)
    # * the auid filters, (4-rd argument)
    readarray -t similar_rules &lt; &lt;(sed -e "/^$ACTION_ARCH_FILTERS/!d"  -e "\#$OTHER_FILTERS#!d" -e "/$AUID_FILTERS/!d" "$audit_file")

    candidate_rules=()
    # Filter out rules that have more fields then required. This will remove rules more specific than the required scope
    for s_rule in "${similar_rules[@]}"
    do
        # Strip all the options and fields we know of,
        # than check if there was any field left over
        extra_fields=$(sed -E -e "s/^$ACTION_ARCH_FILTERS//"  -e "s#$OTHER_FILTERS##" -e "s/$AUID_FILTERS//" -e "s/((:?-S [[:alnum:],]+)+)//g" -e "s/-F key=\w+|-k \w+//"&lt;&lt;&lt; "$s_rule")
        grep -q -- "-F" &lt;&lt;&lt; "$extra_fields" || candidate_rules+=("$s_rule")
    done

    if [[ ${#syscall_a[@]} -ge 1 ]]
    then
        # Check if the syscall we want is present in any of the similar existing rules
        for rule in "${candidate_rules[@]}"
        do
            rule_syscalls=$(echo "$rule" | grep -o -P '(-S [\w,]+)+' | xargs)
            all_syscalls_found=0
            for syscall in "${syscall_a[@]}"
            do
                grep -q -- "\b${syscall}\b" &lt;&lt;&lt; "$rule_syscalls" || {
                   # A syscall was not found in the candidate rule
                   all_syscalls_found=1
                   }
            done
            if [[ $all_syscalls_found -eq 0 ]]
            then
                # We found a rule with all the syscall(s) we want; skip rest of macro
                skip=0
                break
            fi

            # Check if this rule can be grouped with our target syscall and keep track of it
            for syscall_g in "${syscall_grouping[@]}"
            do
                if grep -q -- "\b${syscall_g}\b" &lt;&lt;&lt; "$rule_syscalls"
                then
                    file_to_edit=${audit_file}
                    rule_to_edit=${rule}
                    rule_syscalls_to_edit=${rule_syscalls}
                fi
            done
        done
    else
        # If there is any candidate rule, it is compliant; skip rest of macro
        if [ "${#candidate_rules[@]}" -gt 0 ]
        then
            skip=0
        fi
    fi

    if [ "$skip" -eq 0 ]; then
        break
    fi
done

if [ "$skip" -ne 0 ]; then
    # We checked all rules that matched the expected resemblance pattern (action, arch &amp; auid)
    # At this point we know if we need to either append the $full_rule or group
    # the syscall together with an exsiting rule

    # Append the full_rule if it cannot be grouped to any other rule
    if [ -z ${rule_to_edit+x} ]
    then
        # Build full_rule while avoid adding double spaces when other_filters is empty
        if [ "${#syscall_a[@]}" -gt 0 ]
        then
            syscall_string=""
            for syscall in "${syscall_a[@]}"
            do
                syscall_string+=" -S $syscall"
            done
        fi
        other_string=$([[ $OTHER_FILTERS ]] &amp;&amp; echo " $OTHER_FILTERS") || /bin/true
        auid_string=$([[ $AUID_FILTERS ]] &amp;&amp; echo " $AUID_FILTERS") || /bin/true
        full_rule="$ACTION_ARCH_FILTERS${syscall_string}${other_string}${auid_string} -F key=$KEY" || /bin/true
        echo "$full_rule" &gt;&gt; "$default_file"
        chmod 0600 ${default_file}
    else
        # Check if the syscalls are declared as a comma separated list or
        # as multiple -S parameters
        if grep -q -- "," &lt;&lt;&lt; "${rule_syscalls_to_edit}"
        then
            delimiter=","
        else
            delimiter=" -S "
        fi
        new_grouped_syscalls="${rule_syscalls_to_edit}"
        for syscall in "${syscall_a[@]}"
        do
            grep -q -- "\b${syscall}\b" &lt;&lt;&lt; "${rule_syscalls_to_edit}" || {
               # A syscall was not found in the candidate rule
               new_grouped_syscalls+="${delimiter}${syscall}"
               }
        done

        # Group the syscall in the rule
        sed -i -e "\#${rule_to_edit}#s#${rule_syscalls_to_edit}#${new_grouped_syscalls}#" "$file_to_edit"
    fi
fi

else
    &gt;&amp;2 echo 'Remediation is not applicable, nothing was done'
fi
</fix>
          <check system="http://oval.mitre.org/XMLSchema/oval-definitions-5">
            <check-content-ref name="oval:ssg-audit_rules_execution_chacl:def:1" href="ssg-ubuntu2404-oval.xml"/>
          </check>
          <check system="http://scap.nist.gov/schema/ocil/2">
            <check-content-ref name="ocil:ssg-audit_rules_execution_chacl_ocil:questionnaire:1" href="ssg-ubuntu2404-ocil.xml"/>
          </check>
        </Rule>
        <Rule id="xccdf_org.ssgproject.content_rule_audit_rules_execution_setfacl" selected="false" role="full" severity="medium">
          <title xmlns:xhtml="http://www.w3.org/1999/xhtml" xml:lang="en-US">Record Any Attempts to Run setfacl</title>
          <description xmlns:xhtml="http://www.w3.org/1999/xhtml" xml:lang="en-US">At a minimum, the audit system should collect any execution attempt
of the <html:code xmlns:html="http://www.w3.org/1999/xhtml">setfacl</html:code> command for all users and root. If the <html:code xmlns:html="http://www.w3.org/1999/xhtml">auditd</html:code>
daemon is configured to use the <html:code xmlns:html="http://www.w3.org/1999/xhtml">augenrules</html:code> program to read audit rules
during daemon startup (the default), add the following lines to a file with suffix
<html:code xmlns:html="http://www.w3.org/1999/xhtml">.rules</html:code> in the directory <html:code xmlns:html="http://www.w3.org/1999/xhtml">/etc/audit/rules.d</html:code>:
<html:pre xmlns:html="http://www.w3.org/1999/xhtml">-a always,exit -F path=/usr/bin/setfacl -F perm=x -F auid&gt;=1000 -F auid!=unset -F key=privileged</html:pre>
If the <html:code xmlns:html="http://www.w3.org/1999/xhtml">auditd</html:code> daemon is configured to use the <html:code xmlns:html="http://www.w3.org/1999/xhtml">auditctl</html:code>
utility to read audit rules during daemon startup, add the following lines to
<html:code xmlns:html="http://www.w3.org/1999/xhtml">/etc/audit/audit.rules</html:code> file:
<html:pre xmlns:html="http://www.w3.org/1999/xhtml">-a always,exit -F path=/usr/bin/setfacl -F perm=x -F auid&gt;=1000 -F auid!=unset -F key=privileged</html:pre>
       </description>
          <reference href="https://public.cyber.mil/stigs/cci/">CCI-000172</reference>
          <reference href="https://public.cyber.mil/stigs/cci/">CCI-000130</reference>
          <reference href="https://public.cyber.mil/stigs/cci/">CCI-000135</reference>
          <reference href="https://public.cyber.mil/stigs/cci/">CCI-000169</reference>
          <reference href="https://public.cyber.mil/stigs/cci/">CCI-002884</reference>
          <reference href="https://public.cyber.mil/stigs/downloads/?_dl_facet_stigs=operating-systems%2Cgeneral-purpose-os">SRG-OS-000037-GPOS-00015</reference>
          <reference href="https://public.cyber.mil/stigs/downloads/?_dl_facet_stigs=operating-systems%2Cgeneral-purpose-os">SRG-OS-000042-GPOS-00020</reference>
          <reference href="https://public.cyber.mil/stigs/downloads/?_dl_facet_stigs=operating-systems%2Cgeneral-purpose-os">SRG-OS-000062-GPOS-00031</reference>
          <reference href="https://public.cyber.mil/stigs/downloads/?_dl_facet_stigs=operating-systems%2Cgeneral-purpose-os">SRG-OS-000392-GPOS-00172</reference>
          <reference href="https://public.cyber.mil/stigs/downloads/?_dl_facet_stigs=operating-systems%2Cgeneral-purpose-os">SRG-OS-000462-GPOS-00206</reference>
          <reference href="https://public.cyber.mil/stigs/downloads/?_dl_facet_stigs=operating-systems%2Cgeneral-purpose-os">SRG-OS-000471-GPOS-00215</reference>
          <reference href="https://public.cyber.mil/stigs/downloads/?_dl_facet_stigs=container-platform">SRG-APP-000495-CTR-001235</reference>
          <reference href="https://www.cisecurity.org/benchmark/ubuntu_linux/">6.2.3.16</reference>
          <rationale xmlns:xhtml="http://www.w3.org/1999/xhtml" xml:lang="en-US">Without generating audit records that are specific to the security and
mission needs of the organization, it would be difficult to establish,
correlate, and investigate the events relating to an incident or identify
those responsible for one.
Audit records can be generated from various components within the
information system (e.g., module or policy filter).</rationale>
          <fix xmlns:xhtml="http://www.w3.org/1999/xhtml" id="audit_rules_execution_setfacl" system="urn:xccdf:fix:script:ansible" complexity="low" disruption="low" strategy="restrict">- name: Gather the package facts
  package_facts:
    manager: auto
  tags:
  - audit_rules_execution_setfacl
  - low_complexity
  - low_disruption
  - medium_severity
  - no_reboot_needed
  - restrict_strategy

- name: Perform remediation of Audit rules for /usr/bin/setfacl
  block:

  - name: Declare list of syscalls
    set_fact:
      syscalls: []
      syscall_grouping: []

  - name: Check existence of  in /etc/audit/rules.d/
    find:
      paths: /etc/audit/rules.d
      contains: -a always,exit(( -S |,)\w+)*(( -S |,){{ item }})+(( -S |,)\w+)* -F
        path=/usr/bin/setfacl -F perm=x -F auid&gt;=1000 -F auid!=unset (-k\s+|-F\s+key=)\S+\s*$
      patterns: '*.rules'
    register: find_command
    loop: '{{ (syscall_grouping + syscalls) | unique }}'

  - name: Reset syscalls found per file
    set_fact:
      syscalls_per_file: {}
      found_paths_dict: {}

  - name: Declare syscalls found per file
    set_fact: syscalls_per_file="{{ syscalls_per_file | combine( {item.files[0].path
      :[item.item] + syscalls_per_file.get(item.files[0].path, []) } ) }}"
    loop: '{{ find_command.results | selectattr(''matched'') | list }}'

  - name: Declare files where syscalls were found
    set_fact: found_paths="{{ find_command.results | map(attribute='files') | flatten
      | map(attribute='path') | list }}"

  - name: Count occurrences of syscalls in paths
    set_fact: found_paths_dict="{{ found_paths_dict | combine({ item:1+found_paths_dict.get(item,
      0) }) }}"
    loop: '{{ find_command.results | map(attribute=''files'') | flatten | map(attribute=''path'')
      | list }}'

  - name: Get path with most syscalls
    set_fact: audit_file="{{ (found_paths_dict | dict2items() | sort(attribute='value')
      | last).key }}"
    when: found_paths | length &gt;= 1

  - name: No file with syscall found, set path to /etc/audit/rules.d/privileged.rules
    set_fact: audit_file="/etc/audit/rules.d/privileged.rules"
    when: found_paths | length == 0

  - name: Declare found syscalls
    set_fact: syscalls_found="{{ find_command.results | selectattr('matched') | map(attribute='item')
      | list }}"

  - name: Declare missing syscalls
    set_fact: missing_syscalls="{{ syscalls | difference(syscalls_found) }}"

  - name: Replace the audit rule in {{ audit_file }}
    lineinfile:
      path: '{{ audit_file }}'
      regexp: (-a always,exit)(?=.*(?:(?:-S |,)(?:{{ syscalls_per_file[audit_file]
        | join("|") }}))\b)((?:( -S |,)\w+)+)( -F path=/usr/bin/setfacl -F perm=x
        -F auid&gt;=1000 -F auid!=unset (?:-k |-F key=)\w+)
      line: \1\2\3{{ missing_syscalls | join("\3") }}\4
      backrefs: true
      state: present
      mode: g-rwx,o-rwx
    when: syscalls_found | length &gt; 0 and missing_syscalls | length &gt; 0

  - name: Add the audit rule to {{ audit_file }}
    lineinfile:
      path: '{{ audit_file }}'
      line: -a always,exit{{ syscalls | join(',') }} -F path=/usr/bin/setfacl -F perm=x
        -F auid&gt;=1000 -F auid!=unset -F key=privileged
      create: true
      mode: g-rwx,o-rwx
      state: present
    when: syscalls_found | length == 0

  - name: Declare list of syscalls
    set_fact:
      syscalls: []
      syscall_grouping: []

  - name: Check existence of  in /etc/audit/audit.rules
    find:
      paths: /etc/audit
      contains: -a always,exit(( -S |,)\w+)*(( -S |,){{ item }})+(( -S |,)\w+)* -F
        path=/usr/bin/setfacl -F perm=x -F auid&gt;=1000 -F auid!=unset (-k\s+|-F\s+key=)\S+\s*$
      patterns: audit.rules
    register: find_command
    loop: '{{ (syscall_grouping + syscalls) | unique }}'

  - name: Set path to /etc/audit/audit.rules
    set_fact: audit_file="/etc/audit/audit.rules"

  - name: Declare found syscalls
    set_fact: syscalls_found="{{ find_command.results | selectattr('matched') | map(attribute='item')
      | list }}"

  - name: Declare missing syscalls
    set_fact: missing_syscalls="{{ syscalls | difference(syscalls_found) }}"

  - name: Replace the audit rule in {{ audit_file }}
    lineinfile:
      path: '{{ audit_file }}'
      regexp: (-a always,exit)(?=.*(?:(?:-S |,)(?:{{ syscalls_found | join("|") }}))\b)((?:(
        -S |,)\w+)+)( -F path=/usr/bin/setfacl -F perm=x -F auid&gt;=1000 -F auid!=unset
        (?:-k |-F key=)\w+)
      line: \1\2\3{{ missing_syscalls | join("\3") }}\4
      backrefs: true
      state: present
      mode: g-rwx,o-rwx
    when: syscalls_found | length &gt; 0 and missing_syscalls | length &gt; 0

  - name: Add the audit rule to {{ audit_file }}
    lineinfile:
      path: '{{ audit_file }}'
      line: -a always,exit{{ syscalls | join(',') }} -F path=/usr/bin/setfacl -F perm=x
        -F auid&gt;=1000 -F auid!=unset -F key=privileged
      create: true
      mode: g-rwx,o-rwx
      state: present
    when: syscalls_found | length == 0
  when:
  - '"auditd" in ansible_facts.packages'
  - '"linux-base" in ansible_facts.packages'
  tags:
  - audit_rules_execution_setfacl
  - low_complexity
  - low_disruption
  - medium_severity
  - no_reboot_needed
  - restrict_strategy
</fix>
          <fix xmlns:xhtml="http://www.w3.org/1999/xhtml" id="audit_rules_execution_setfacl" system="urn:xccdf:fix:script:sh"># Remediation is applicable only in certain platforms
if dpkg-query --show --showformat='${db:Status-Status}
' 'linux-base' 2&gt;/dev/null | grep -q ^installed &amp;&amp; dpkg-query --show --showformat='${db:Status-Status}\n' 'auditd' 2&gt;/dev/null | grep -q '^installed'; then

ACTION_ARCH_FILTERS="-a always,exit"
OTHER_FILTERS="-F path=/usr/bin/setfacl -F perm=x"
AUID_FILTERS="-F auid&gt;=1000 -F auid!=unset"
SYSCALL=""
KEY="privileged"
SYSCALL_GROUPING=""
# Perform the remediation for both possible tools: 'auditctl' and 'augenrules'
unset syscall_a
unset syscall_grouping
unset syscall_string
unset syscall
unset file_to_edit
unset rule_to_edit
unset rule_syscalls_to_edit
unset other_string
unset auid_string
unset full_rule

# Load macro arguments into arrays
read -a syscall_a &lt;&lt;&lt; $SYSCALL
read -a syscall_grouping &lt;&lt;&lt; $SYSCALL_GROUPING

# Create a list of audit *.rules files that should be inspected for presence and correctness
# of a particular audit rule. The scheme is as follows:
#
# -----------------------------------------------------------------------------------------
#  Tool used to load audit rules | Rule already defined  |  Audit rules file to inspect    |
# -----------------------------------------------------------------------------------------
#        auditctl                |     Doesn't matter    |  /etc/audit/audit.rules         |
# -----------------------------------------------------------------------------------------
#        augenrules              |          Yes          |  /etc/audit/rules.d/*.rules     |
#        augenrules              |          No           |  /etc/audit/rules.d/$key.rules  |
# -----------------------------------------------------------------------------------------
#
files_to_inspect=()

# If audit tool is 'augenrules', then check if the audit rule is defined
# If rule is defined, add '/etc/audit/rules.d/*.rules' to the list for inspection
# If rule isn't defined yet, add '/etc/audit/rules.d/$key.rules' to the list for inspection
default_file="/etc/audit/rules.d/$KEY.rules"
# As other_filters may include paths, lets use a different delimiter for it
# The "F" script expression tells sed to print the filenames where the expressions matched
readarray -t files_to_inspect &lt; &lt;(sed -s -n -e "/^$ACTION_ARCH_FILTERS/!d" -e "\#$OTHER_FILTERS#!d" -e "/$AUID_FILTERS/!d" -e "F" /etc/audit/rules.d/*.rules)
# Case when particular rule isn't defined in /etc/audit/rules.d/*.rules yet
if [ ${#files_to_inspect[@]} -eq "0" ]
then
    file_to_inspect="/etc/audit/rules.d/$KEY.rules"
    files_to_inspect=("$file_to_inspect")
    if [ ! -e "$file_to_inspect" ]
    then
        touch "$file_to_inspect"
        chmod 0600 "$file_to_inspect"
    fi
fi

# After converting to jinja, we cannot return; therefore we skip the rest of the macro if needed instead
skip=1

for audit_file in "${files_to_inspect[@]}"
do
    # Filter existing $audit_file rules' definitions to select those that satisfy the rule pattern,
    # i.e, collect rules that match:
    # * the action, list and arch, (2-nd argument)
    # * the other filters, (3-rd argument)
    # * the auid filters, (4-rd argument)
    readarray -t similar_rules &lt; &lt;(sed -e "/^$ACTION_ARCH_FILTERS/!d"  -e "\#$OTHER_FILTERS#!d" -e "/$AUID_FILTERS/!d" "$audit_file")

    candidate_rules=()
    # Filter out rules that have more fields then required. This will remove rules more specific than the required scope
    for s_rule in "${similar_rules[@]}"
    do
        # Strip all the options and fields we know of,
        # than check if there was any field left over
        extra_fields=$(sed -E -e "s/^$ACTION_ARCH_FILTERS//"  -e "s#$OTHER_FILTERS##" -e "s/$AUID_FILTERS//" -e "s/((:?-S [[:alnum:],]+)+)//g" -e "s/-F key=\w+|-k \w+//"&lt;&lt;&lt; "$s_rule")
        grep -q -- "-F" &lt;&lt;&lt; "$extra_fields" || candidate_rules+=("$s_rule")
    done

    if [[ ${#syscall_a[@]} -ge 1 ]]
    then
        # Check if the syscall we want is present in any of the similar existing rules
        for rule in "${candidate_rules[@]}"
        do
            rule_syscalls=$(echo "$rule" | grep -o -P '(-S [\w,]+)+' | xargs)
            all_syscalls_found=0
            for syscall in "${syscall_a[@]}"
            do
                grep -q -- "\b${syscall}\b" &lt;&lt;&lt; "$rule_syscalls" || {
                   # A syscall was not found in the candidate rule
                   all_syscalls_found=1
                   }
            done
            if [[ $all_syscalls_found -eq 0 ]]
            then
                # We found a rule with all the syscall(s) we want; skip rest of macro
                skip=0
                break
            fi

            # Check if this rule can be grouped with our target syscall and keep track of it
            for syscall_g in "${syscall_grouping[@]}"
            do
                if grep -q -- "\b${syscall_g}\b" &lt;&lt;&lt; "$rule_syscalls"
                then
                    file_to_edit=${audit_file}
                    rule_to_edit=${rule}
                    rule_syscalls_to_edit=${rule_syscalls}
                fi
            done
        done
    else
        # If there is any candidate rule, it is compliant; skip rest of macro
        if [ "${#candidate_rules[@]}" -gt 0 ]
        then
            skip=0
        fi
    fi

    if [ "$skip" -eq 0 ]; then
        break
    fi
done

if [ "$skip" -ne 0 ]; then
    # We checked all rules that matched the expected resemblance pattern (action, arch &amp; auid)
    # At this point we know if we need to either append the $full_rule or group
    # the syscall together with an exsiting rule

    # Append the full_rule if it cannot be grouped to any other rule
    if [ -z ${rule_to_edit+x} ]
    then
        # Build full_rule while avoid adding double spaces when other_filters is empty
        if [ "${#syscall_a[@]}" -gt 0 ]
        then
            syscall_string=""
            for syscall in "${syscall_a[@]}"
            do
                syscall_string+=" -S $syscall"
            done
        fi
        other_string=$([[ $OTHER_FILTERS ]] &amp;&amp; echo " $OTHER_FILTERS") || /bin/true
        auid_string=$([[ $AUID_FILTERS ]] &amp;&amp; echo " $AUID_FILTERS") || /bin/true
        full_rule="$ACTION_ARCH_FILTERS${syscall_string}${other_string}${auid_string} -F key=$KEY" || /bin/true
        echo "$full_rule" &gt;&gt; "$default_file"
        chmod 0600 ${default_file}
    else
        # Check if the syscalls are declared as a comma separated list or
        # as multiple -S parameters
        if grep -q -- "," &lt;&lt;&lt; "${rule_syscalls_to_edit}"
        then
            delimiter=","
        else
            delimiter=" -S "
        fi
        new_grouped_syscalls="${rule_syscalls_to_edit}"
        for syscall in "${syscall_a[@]}"
        do
            grep -q -- "\b${syscall}\b" &lt;&lt;&lt; "${rule_syscalls_to_edit}" || {
               # A syscall was not found in the candidate rule
               new_grouped_syscalls+="${delimiter}${syscall}"
               }
        done

        # Group the syscall in the rule
        sed -i -e "\#${rule_to_edit}#s#${rule_syscalls_to_edit}#${new_grouped_syscalls}#" "$file_to_edit"
    fi
fi
unset syscall_a
unset syscall_grouping
unset syscall_string
unset syscall
unset file_to_edit
unset rule_to_edit
unset rule_syscalls_to_edit
unset other_string
unset auid_string
unset full_rule

# Load macro arguments into arrays
read -a syscall_a &lt;&lt;&lt; $SYSCALL
read -a syscall_grouping &lt;&lt;&lt; $SYSCALL_GROUPING

# Create a list of audit *.rules files that should be inspected for presence and correctness
# of a particular audit rule. The scheme is as follows:
#
# -----------------------------------------------------------------------------------------
#  Tool used to load audit rules | Rule already defined  |  Audit rules file to inspect    |
# -----------------------------------------------------------------------------------------
#        auditctl                |     Doesn't matter    |  /etc/audit/audit.rules         |
# -----------------------------------------------------------------------------------------
#        augenrules              |          Yes          |  /etc/audit/rules.d/*.rules     |
#        augenrules              |          No           |  /etc/audit/rules.d/$key.rules  |
# -----------------------------------------------------------------------------------------
#
files_to_inspect=()


# If audit tool is 'auditctl', then add '/etc/audit/audit.rules'
# file to the list of files to be inspected
default_file="/etc/audit/audit.rules"
files_to_inspect+=('/etc/audit/audit.rules' )

# After converting to jinja, we cannot return; therefore we skip the rest of the macro if needed instead
skip=1

for audit_file in "${files_to_inspect[@]}"
do
    # Filter existing $audit_file rules' definitions to select those that satisfy the rule pattern,
    # i.e, collect rules that match:
    # * the action, list and arch, (2-nd argument)
    # * the other filters, (3-rd argument)
    # * the auid filters, (4-rd argument)
    readarray -t similar_rules &lt; &lt;(sed -e "/^$ACTION_ARCH_FILTERS/!d"  -e "\#$OTHER_FILTERS#!d" -e "/$AUID_FILTERS/!d" "$audit_file")

    candidate_rules=()
    # Filter out rules that have more fields then required. This will remove rules more specific than the required scope
    for s_rule in "${similar_rules[@]}"
    do
        # Strip all the options and fields we know of,
        # than check if there was any field left over
        extra_fields=$(sed -E -e "s/^$ACTION_ARCH_FILTERS//"  -e "s#$OTHER_FILTERS##" -e "s/$AUID_FILTERS//" -e "s/((:?-S [[:alnum:],]+)+)//g" -e "s/-F key=\w+|-k \w+//"&lt;&lt;&lt; "$s_rule")
        grep -q -- "-F" &lt;&lt;&lt; "$extra_fields" || candidate_rules+=("$s_rule")
    done

    if [[ ${#syscall_a[@]} -ge 1 ]]
    then
        # Check if the syscall we want is present in any of the similar existing rules
        for rule in "${candidate_rules[@]}"
        do
            rule_syscalls=$(echo "$rule" | grep -o -P '(-S [\w,]+)+' | xargs)
            all_syscalls_found=0
            for syscall in "${syscall_a[@]}"
            do
                grep -q -- "\b${syscall}\b" &lt;&lt;&lt; "$rule_syscalls" || {
                   # A syscall was not found in the candidate rule
                   all_syscalls_found=1
                   }
            done
            if [[ $all_syscalls_found -eq 0 ]]
            then
                # We found a rule with all the syscall(s) we want; skip rest of macro
                skip=0
                break
            fi

            # Check if this rule can be grouped with our target syscall and keep track of it
            for syscall_g in "${syscall_grouping[@]}"
            do
                if grep -q -- "\b${syscall_g}\b" &lt;&lt;&lt; "$rule_syscalls"
                then
                    file_to_edit=${audit_file}
                    rule_to_edit=${rule}
                    rule_syscalls_to_edit=${rule_syscalls}
                fi
            done
        done
    else
        # If there is any candidate rule, it is compliant; skip rest of macro
        if [ "${#candidate_rules[@]}" -gt 0 ]
        then
            skip=0
        fi
    fi

    if [ "$skip" -eq 0 ]; then
        break
    fi
done

if [ "$skip" -ne 0 ]; then
    # We checked all rules that matched the expected resemblance pattern (action, arch &amp; auid)
    # At this point we know if we need to either append the $full_rule or group
    # the syscall together with an exsiting rule

    # Append the full_rule if it cannot be grouped to any other rule
    if [ -z ${rule_to_edit+x} ]
    then
        # Build full_rule while avoid adding double spaces when other_filters is empty
        if [ "${#syscall_a[@]}" -gt 0 ]
        then
            syscall_string=""
            for syscall in "${syscall_a[@]}"
            do
                syscall_string+=" -S $syscall"
            done
        fi
        other_string=$([[ $OTHER_FILTERS ]] &amp;&amp; echo " $OTHER_FILTERS") || /bin/true
        auid_string=$([[ $AUID_FILTERS ]] &amp;&amp; echo " $AUID_FILTERS") || /bin/true
        full_rule="$ACTION_ARCH_FILTERS${syscall_string}${other_string}${auid_string} -F key=$KEY" || /bin/true
        echo "$full_rule" &gt;&gt; "$default_file"
        chmod 0600 ${default_file}
    else
        # Check if the syscalls are declared as a comma separated list or
        # as multiple -S parameters
        if grep -q -- "," &lt;&lt;&lt; "${rule_syscalls_to_edit}"
        then
            delimiter=","
        else
            delimiter=" -S "
        fi
        new_grouped_syscalls="${rule_syscalls_to_edit}"
        for syscall in "${syscall_a[@]}"
        do
            grep -q -- "\b${syscall}\b" &lt;&lt;&lt; "${rule_syscalls_to_edit}" || {
               # A syscall was not found in the candidate rule
               new_grouped_syscalls+="${delimiter}${syscall}"
               }
        done

        # Group the syscall in the rule
        sed -i -e "\#${rule_to_edit}#s#${rule_syscalls_to_edit}#${new_grouped_syscalls}#" "$file_to_edit"
    fi
fi

else
    &gt;&amp;2 echo 'Remediation is not applicable, nothing was done'
fi
</fix>
          <check system="http://oval.mitre.org/XMLSchema/oval-definitions-5">
            <check-content-ref name="oval:ssg-audit_rules_execution_setfacl:def:1" href="ssg-ubuntu2404-oval.xml"/>
          </check>
          <check system="http://scap.nist.gov/schema/ocil/2">
            <check-content-ref name="ocil:ssg-audit_rules_execution_setfacl_ocil:questionnaire:1" href="ssg-ubuntu2404-ocil.xml"/>
          </check>
        </Rule>
      </Group>
      <Group id="xccdf_org.ssgproject.content_group_audit_execution_selinux_commands">
        <title xmlns:xhtml="http://www.w3.org/1999/xhtml" xml:lang="en-US">Record Execution Attempts to Run SELinux Privileged Commands</title>
        <description xmlns:xhtml="http://www.w3.org/1999/xhtml" xml:lang="en-US">At a minimum, the audit system should collect the execution of
SELinux privileged commands for all users and root.</description>
        <Rule id="xccdf_org.ssgproject.content_rule_audit_rules_execution_chcon" selected="false" role="full" severity="medium">
          <title xmlns:xhtml="http://www.w3.org/1999/xhtml" xml:lang="en-US">Record Any Attempts to Run chcon</title>
          <description xmlns:xhtml="http://www.w3.org/1999/xhtml" xml:lang="en-US">At a minimum, the audit system should collect any execution attempt
of the <html:code xmlns:html="http://www.w3.org/1999/xhtml">chcon</html:code> command for all users and root. If the <html:code xmlns:html="http://www.w3.org/1999/xhtml">auditd</html:code>
daemon is configured to use the <html:code xmlns:html="http://www.w3.org/1999/xhtml">augenrules</html:code> program to read audit rules
during daemon startup (the default), add the following lines to a file with suffix
<html:code xmlns:html="http://www.w3.org/1999/xhtml">.rules</html:code> in the directory <html:code xmlns:html="http://www.w3.org/1999/xhtml">/etc/audit/rules.d</html:code>:
<html:pre xmlns:html="http://www.w3.org/1999/xhtml">-a always,exit -F path=/usr/bin/chcon -F perm=x -F auid&gt;=1000 -F auid!=unset -F key=privileged</html:pre>
If the <html:code xmlns:html="http://www.w3.org/1999/xhtml">auditd</html:code> daemon is configured to use the <html:code xmlns:html="http://www.w3.org/1999/xhtml">auditctl</html:code>
utility to read audit rules during daemon startup, add the following lines to
<html:code xmlns:html="http://www.w3.org/1999/xhtml">/etc/audit/audit.rules</html:code> file:
<html:pre xmlns:html="http://www.w3.org/1999/xhtml">-a always,exit -F path=/usr/bin/chcon -F perm=x -F auid&gt;=1000 -F auid!=unset -F key=privileged</html:pre>
       </description>
          <reference href="https://www.cisecurity.org/controls/">1</reference>
          <reference href="https://www.cisecurity.org/controls/">12</reference>
          <reference href="https://www.cisecurity.org/controls/">13</reference>
          <reference href="https://www.cisecurity.org/controls/">14</reference>
          <reference href="https://www.cisecurity.org/controls/">15</reference>
          <reference href="https://www.cisecurity.org/controls/">16</reference>
          <reference href="https://www.cisecurity.org/controls/">2</reference>
          <reference href="https://www.cisecurity.org/controls/">3</reference>
          <reference href="https://www.cisecurity.org/controls/">5</reference>
          <reference href="https://www.cisecurity.org/controls/">6</reference>
          <reference href="https://www.cisecurity.org/controls/">7</reference>
          <reference href="https://www.cisecurity.org/controls/">8</reference>
          <reference href="https://www.cisecurity.org/controls/">9</reference>
          <reference href="https://www.isaca.org/resources/cobit">APO10.01</reference>
          <reference href="https://www.isaca.org/resources/cobit">APO10.03</reference>
          <reference href="https://www.isaca.org/resources/cobit">APO10.04</reference>
          <reference href="https://www.isaca.org/resources/cobit">APO10.05</reference>
          <reference href="https://www.isaca.org/resources/cobit">APO11.04</reference>
          <reference href="https://www.isaca.org/resources/cobit">BAI03.05</reference>
          <reference href="https://www.isaca.org/resources/cobit">DSS01.03</reference>
          <reference href="https://www.isaca.org/resources/cobit">DSS03.05</reference>
          <reference href="https://www.isaca.org/resources/cobit">DSS05.02</reference>
          <reference href="https://www.isaca.org/resources/cobit">DSS05.04</reference>
          <reference href="https://www.isaca.org/resources/cobit">DSS05.05</reference>
          <reference href="https://www.isaca.org/resources/cobit">DSS05.07</reference>
          <reference href="https://www.isaca.org/resources/cobit">MEA01.01</reference>
          <reference href="https://www.isaca.org/resources/cobit">MEA01.02</reference>
          <reference href="https://www.isaca.org/resources/cobit">MEA01.03</reference>
          <reference href="https://www.isaca.org/resources/cobit">MEA01.04</reference>
          <reference href="https://www.isaca.org/resources/cobit">MEA01.05</reference>
          <reference href="https://www.isaca.org/resources/cobit">MEA02.01</reference>
          <reference href="http://nvlpubs.nist.gov/nistpubs/SpecialPublications/NIST.SP.800-171.pdf">3.1.7</reference>
          <reference href="https://public.cyber.mil/stigs/cci/">CCI-000172</reference>
          <reference href="https://public.cyber.mil/stigs/cci/">CCI-000130</reference>
          <reference href="https://public.cyber.mil/stigs/cci/">CCI-000135</reference>
          <reference href="https://public.cyber.mil/stigs/cci/">CCI-000169</reference>
          <reference href="https://public.cyber.mil/stigs/cci/">CCI-002884</reference>
          <reference href="https://www.gpo.gov/fdsys/pkg/CFR-2007-title45-vol1/pdf/CFR-2007-title45-vol1-chapA-subchapC.pdf">164.308(a)(1)(ii)(D)</reference>
          <reference href="https://www.gpo.gov/fdsys/pkg/CFR-2007-title45-vol1/pdf/CFR-2007-title45-vol1-chapA-subchapC.pdf">164.308(a)(3)(ii)(A)</reference>
          <reference href="https://www.gpo.gov/fdsys/pkg/CFR-2007-title45-vol1/pdf/CFR-2007-title45-vol1-chapA-subchapC.pdf">164.308(a)(5)(ii)(C)</reference>
          <reference href="https://www.gpo.gov/fdsys/pkg/CFR-2007-title45-vol1/pdf/CFR-2007-title45-vol1-chapA-subchapC.pdf">164.312(a)(2)(i)</reference>
          <reference href="https://www.gpo.gov/fdsys/pkg/CFR-2007-title45-vol1/pdf/CFR-2007-title45-vol1-chapA-subchapC.pdf">164.312(b)</reference>
          <reference href="https://www.gpo.gov/fdsys/pkg/CFR-2007-title45-vol1/pdf/CFR-2007-title45-vol1-chapA-subchapC.pdf">164.312(d)</reference>
          <reference href="https://www.gpo.gov/fdsys/pkg/CFR-2007-title45-vol1/pdf/CFR-2007-title45-vol1-chapA-subchapC.pdf">164.312(e)</reference>
          <reference href="https://www.isa.org/products/isa-62443-2-1-2009-security-for-industrial-automat">4.3.2.6.7</reference>
          <reference href="https://www.isa.org/products/isa-62443-2-1-2009-security-for-industrial-automat">4.3.3.3.9</reference>
          <reference href="https://www.isa.org/products/isa-62443-2-1-2009-security-for-industrial-automat">4.3.3.5.8</reference>
          <reference href="https://www.isa.org/products/isa-62443-2-1-2009-security-for-industrial-automat">4.3.4.4.7</reference>
          <reference href="https://www.isa.org/products/isa-62443-2-1-2009-security-for-industrial-automat">4.4.2.1</reference>
          <reference href="https://www.isa.org/products/isa-62443-2-1-2009-security-for-industrial-automat">4.4.2.2</reference>
          <reference href="https://www.isa.org/products/isa-62443-2-1-2009-security-for-industrial-automat">4.4.2.4</reference>
          <reference href="https://www.isa.org/products/ansi-isa-62443-3-3-99-03-03-2013-security-for-indu">SR 2.10</reference>
          <reference href="https://www.isa.org/products/ansi-isa-62443-3-3-99-03-03-2013-security-for-indu">SR 2.11</reference>
          <reference href="https://www.isa.org/products/ansi-isa-62443-3-3-99-03-03-2013-security-for-indu">SR 2.12</reference>
          <reference href="https://www.isa.org/products/ansi-isa-62443-3-3-99-03-03-2013-security-for-indu">SR 2.8</reference>
          <reference href="https://www.isa.org/products/ansi-isa-62443-3-3-99-03-03-2013-security-for-indu">SR 2.9</reference>
          <reference href="https://www.isa.org/products/ansi-isa-62443-3-3-99-03-03-2013-security-for-indu">SR 6.1</reference>
          <reference href="https://www.isa.org/products/ansi-isa-62443-3-3-99-03-03-2013-security-for-indu">SR 6.2</reference>
          <reference href="https://www.iso.org/contents/data/standard/05/45/54534.html">A.12.4.1</reference>
          <reference href="https://www.iso.org/contents/data/standard/05/45/54534.html">A.12.4.2</reference>
          <reference href="https://www.iso.org/contents/data/standard/05/45/54534.html">A.12.4.3</reference>
          <reference href="https://www.iso.org/contents/data/standard/05/45/54534.html">A.12.4.4</reference>
          <reference href="https://www.iso.org/contents/data/standard/05/45/54534.html">A.12.7.1</reference>
          <reference href="https://www.iso.org/contents/data/standard/05/45/54534.html">A.14.2.7</reference>
          <reference href="https://www.iso.org/contents/data/standard/05/45/54534.html">A.15.2.1</reference>
          <reference href="https://www.iso.org/contents/data/standard/05/45/54534.html">A.15.2.2</reference>
          <reference href="http://nvlpubs.nist.gov/nistpubs/SpecialPublications/NIST.SP.800-53r4.pdf">AU-2(d)</reference>
          <reference href="http://nvlpubs.nist.gov/nistpubs/SpecialPublications/NIST.SP.800-53r4.pdf">AU-12(c)</reference>
          <reference href="http://nvlpubs.nist.gov/nistpubs/SpecialPublications/NIST.SP.800-53r4.pdf">AC-6(9)</reference>
          <reference href="http://nvlpubs.nist.gov/nistpubs/SpecialPublications/NIST.SP.800-53r4.pdf">CM-6(a)</reference>
          <reference href="https://nvlpubs.nist.gov/nistpubs/CSWP/NIST.CSWP.04162018.pdf">DE.CM-1</reference>
          <reference href="https://nvlpubs.nist.gov/nistpubs/CSWP/NIST.CSWP.04162018.pdf">DE.CM-3</reference>
          <reference href="https://nvlpubs.nist.gov/nistpubs/CSWP/NIST.CSWP.04162018.pdf">DE.CM-7</reference>
          <reference href="https://nvlpubs.nist.gov/nistpubs/CSWP/NIST.CSWP.04162018.pdf">ID.SC-4</reference>
          <reference href="https://nvlpubs.nist.gov/nistpubs/CSWP/NIST.CSWP.04162018.pdf">PR.PT-1</reference>
          <reference href="https://public.cyber.mil/stigs/downloads/?_dl_facet_stigs=operating-systems%2Cgeneral-purpose-os">SRG-OS-000037-GPOS-00015</reference>
          <reference href="https://public.cyber.mil/stigs/downloads/?_dl_facet_stigs=operating-systems%2Cgeneral-purpose-os">SRG-OS-000042-GPOS-00020</reference>
          <reference href="https://public.cyber.mil/stigs/downloads/?_dl_facet_stigs=operating-systems%2Cgeneral-purpose-os">SRG-OS-000062-GPOS-00031</reference>
          <reference href="https://public.cyber.mil/stigs/downloads/?_dl_facet_stigs=operating-systems%2Cgeneral-purpose-os">SRG-OS-000392-GPOS-00172</reference>
          <reference href="https://public.cyber.mil/stigs/downloads/?_dl_facet_stigs=operating-systems%2Cgeneral-purpose-os">SRG-OS-000462-GPOS-00206</reference>
          <reference href="https://public.cyber.mil/stigs/downloads/?_dl_facet_stigs=operating-systems%2Cgeneral-purpose-os">SRG-OS-000468-GPOS-00212</reference>
          <reference href="https://public.cyber.mil/stigs/downloads/?_dl_facet_stigs=operating-systems%2Cgeneral-purpose-os">SRG-OS-000471-GPOS-00215</reference>
          <reference href="https://public.cyber.mil/stigs/downloads/?_dl_facet_stigs=operating-systems%2Cgeneral-purpose-os">SRG-OS-000463-GPOS-00207</reference>
          <reference href="https://public.cyber.mil/stigs/downloads/?_dl_facet_stigs=operating-systems%2Cgeneral-purpose-os">SRG-OS-000465-GPOS-00209</reference>
          <reference href="https://public.cyber.mil/stigs/downloads/?_dl_facet_stigs=container-platform">SRG-APP-000495-CTR-001235</reference>
          <reference href="https://public.cyber.mil/stigs/downloads/?_dl_facet_stigs=container-platform">SRG-APP-000496-CTR-001240</reference>
          <reference href="https://public.cyber.mil/stigs/downloads/?_dl_facet_stigs=container-platform">SRG-APP-000497-CTR-001245</reference>
          <reference href="https://public.cyber.mil/stigs/downloads/?_dl_facet_stigs=container-platform">SRG-APP-000498-CTR-001250</reference>
          <reference href="https://public.cyber.mil/stigs/downloads/?_dl_facet_stigs=container-platform">SRG-APP-000501-CTR-001265</reference>
          <reference href="https://public.cyber.mil/stigs/downloads/?_dl_facet_stigs=container-platform">SRG-APP-000502-CTR-001270</reference>
          <reference href="https://www.cisecurity.org/benchmark/ubuntu_linux/">6.2.3.15</reference>
          <rationale xmlns:xhtml="http://www.w3.org/1999/xhtml" xml:lang="en-US">Misuse of privileged functions, either intentionally or unintentionally by
authorized users, or by unauthorized external entities that have compromised system accounts,
is a serious and ongoing concern and can have significant adverse impacts on organizations.
Auditing the use of privileged functions is one way to detect such misuse and identify
the risk from insider and advanced persistent threats.
<html:br xmlns:html="http://www.w3.org/1999/xhtml"/>
        <html:br xmlns:html="http://www.w3.org/1999/xhtml"/>
Privileged programs are subject to escalation-of-privilege attacks,
which attempt to subvert their normal role of providing some necessary but
limited capability. As such, motivation exists to monitor these programs for
unusual activity.</rationale>
          <fix xmlns:xhtml="http://www.w3.org/1999/xhtml" id="audit_rules_execution_chcon" system="urn:xccdf:fix:script:ansible" complexity="low" disruption="low" strategy="restrict">- name: Gather the package facts
  package_facts:
    manager: auto
  tags:
  - NIST-800-171-3.1.7
  - NIST-800-53-AC-6(9)
  - NIST-800-53-AU-12(c)
  - NIST-800-53-AU-2(d)
  - NIST-800-53-CM-6(a)
  - audit_rules_execution_chcon
  - low_complexity
  - low_disruption
  - medium_severity
  - no_reboot_needed
  - restrict_strategy

- name: Perform remediation of Audit rules for /usr/bin/chcon
  block:

  - name: Declare list of syscalls
    set_fact:
      syscalls: []
      syscall_grouping: []

  - name: Check existence of  in /etc/audit/rules.d/
    find:
      paths: /etc/audit/rules.d
      contains: -a always,exit(( -S |,)\w+)*(( -S |,){{ item }})+(( -S |,)\w+)* -F
        path=/usr/bin/chcon -F perm=x -F auid&gt;=1000 -F auid!=unset (-k\s+|-F\s+key=)\S+\s*$
      patterns: '*.rules'
    register: find_command
    loop: '{{ (syscall_grouping + syscalls) | unique }}'

  - name: Reset syscalls found per file
    set_fact:
      syscalls_per_file: {}
      found_paths_dict: {}

  - name: Declare syscalls found per file
    set_fact: syscalls_per_file="{{ syscalls_per_file | combine( {item.files[0].path
      :[item.item] + syscalls_per_file.get(item.files[0].path, []) } ) }}"
    loop: '{{ find_command.results | selectattr(''matched'') | list }}'

  - name: Declare files where syscalls were found
    set_fact: found_paths="{{ find_command.results | map(attribute='files') | flatten
      | map(attribute='path') | list }}"

  - name: Count occurrences of syscalls in paths
    set_fact: found_paths_dict="{{ found_paths_dict | combine({ item:1+found_paths_dict.get(item,
      0) }) }}"
    loop: '{{ find_command.results | map(attribute=''files'') | flatten | map(attribute=''path'')
      | list }}'

  - name: Get path with most syscalls
    set_fact: audit_file="{{ (found_paths_dict | dict2items() | sort(attribute='value')
      | last).key }}"
    when: found_paths | length &gt;= 1

  - name: No file with syscall found, set path to /etc/audit/rules.d/privileged.rules
    set_fact: audit_file="/etc/audit/rules.d/privileged.rules"
    when: found_paths | length == 0

  - name: Declare found syscalls
    set_fact: syscalls_found="{{ find_command.results | selectattr('matched') | map(attribute='item')
      | list }}"

  - name: Declare missing syscalls
    set_fact: missing_syscalls="{{ syscalls | difference(syscalls_found) }}"

  - name: Replace the audit rule in {{ audit_file }}
    lineinfile:
      path: '{{ audit_file }}'
      regexp: (-a always,exit)(?=.*(?:(?:-S |,)(?:{{ syscalls_per_file[audit_file]
        | join("|") }}))\b)((?:( -S |,)\w+)+)( -F path=/usr/bin/chcon -F perm=x -F
        auid&gt;=1000 -F auid!=unset (?:-k |-F key=)\w+)
      line: \1\2\3{{ missing_syscalls | join("\3") }}\4
      backrefs: true
      state: present
      mode: g-rwx,o-rwx
    when: syscalls_found | length &gt; 0 and missing_syscalls | length &gt; 0

  - name: Add the audit rule to {{ audit_file }}
    lineinfile:
      path: '{{ audit_file }}'
      line: -a always,exit{{ syscalls | join(',') }} -F path=/usr/bin/chcon -F perm=x
        -F auid&gt;=1000 -F auid!=unset -F key=privileged
      create: true
      mode: g-rwx,o-rwx
      state: present
    when: syscalls_found | length == 0

  - name: Declare list of syscalls
    set_fact:
      syscalls: []
      syscall_grouping: []

  - name: Check existence of  in /etc/audit/audit.rules
    find:
      paths: /etc/audit
      contains: -a always,exit(( -S |,)\w+)*(( -S |,){{ item }})+(( -S |,)\w+)* -F
        path=/usr/bin/chcon -F perm=x -F auid&gt;=1000 -F auid!=unset (-k\s+|-F\s+key=)\S+\s*$
      patterns: audit.rules
    register: find_command
    loop: '{{ (syscall_grouping + syscalls) | unique }}'

  - name: Set path to /etc/audit/audit.rules
    set_fact: audit_file="/etc/audit/audit.rules"

  - name: Declare found syscalls
    set_fact: syscalls_found="{{ find_command.results | selectattr('matched') | map(attribute='item')
      | list }}"

  - name: Declare missing syscalls
    set_fact: missing_syscalls="{{ syscalls | difference(syscalls_found) }}"

  - name: Replace the audit rule in {{ audit_file }}
    lineinfile:
      path: '{{ audit_file }}'
      regexp: (-a always,exit)(?=.*(?:(?:-S |,)(?:{{ syscalls_found | join("|") }}))\b)((?:(
        -S |,)\w+)+)( -F path=/usr/bin/chcon -F perm=x -F auid&gt;=1000 -F auid!=unset
        (?:-k |-F key=)\w+)
      line: \1\2\3{{ missing_syscalls | join("\3") }}\4
      backrefs: true
      state: present
      mode: g-rwx,o-rwx
    when: syscalls_found | length &gt; 0 and missing_syscalls | length &gt; 0

  - name: Add the audit rule to {{ audit_file }}
    lineinfile:
      path: '{{ audit_file }}'
      line: -a always,exit{{ syscalls | join(',') }} -F path=/usr/bin/chcon -F perm=x
        -F auid&gt;=1000 -F auid!=unset -F key=privileged
      create: true
      mode: g-rwx,o-rwx
      state: present
    when: syscalls_found | length == 0
  when:
  - '"auditd" in ansible_facts.packages'
  - '"linux-base" in ansible_facts.packages'
  tags:
  - NIST-800-171-3.1.7
  - NIST-800-53-AC-6(9)
  - NIST-800-53-AU-12(c)
  - NIST-800-53-AU-2(d)
  - NIST-800-53-CM-6(a)
  - audit_rules_execution_chcon
  - low_complexity
  - low_disruption
  - medium_severity
  - no_reboot_needed
  - restrict_strategy
</fix>
          <fix xmlns:xhtml="http://www.w3.org/1999/xhtml" id="audit_rules_execution_chcon" system="urn:xccdf:fix:script:sh"># Remediation is applicable only in certain platforms
if dpkg-query --show --showformat='${db:Status-Status}
' 'linux-base' 2&gt;/dev/null | grep -q ^installed &amp;&amp; dpkg-query --show --showformat='${db:Status-Status}\n' 'auditd' 2&gt;/dev/null | grep -q '^installed'; then

ACTION_ARCH_FILTERS="-a always,exit"
OTHER_FILTERS="-F path=/usr/bin/chcon -F perm=x"
AUID_FILTERS="-F auid&gt;=1000 -F auid!=unset"
SYSCALL=""
KEY="privileged"
SYSCALL_GROUPING=""
# Perform the remediation for both possible tools: 'auditctl' and 'augenrules'
unset syscall_a
unset syscall_grouping
unset syscall_string
unset syscall
unset file_to_edit
unset rule_to_edit
unset rule_syscalls_to_edit
unset other_string
unset auid_string
unset full_rule

# Load macro arguments into arrays
read -a syscall_a &lt;&lt;&lt; $SYSCALL
read -a syscall_grouping &lt;&lt;&lt; $SYSCALL_GROUPING

# Create a list of audit *.rules files that should be inspected for presence and correctness
# of a particular audit rule. The scheme is as follows:
#
# -----------------------------------------------------------------------------------------
#  Tool used to load audit rules | Rule already defined  |  Audit rules file to inspect    |
# -----------------------------------------------------------------------------------------
#        auditctl                |     Doesn't matter    |  /etc/audit/audit.rules         |
# -----------------------------------------------------------------------------------------
#        augenrules              |          Yes          |  /etc/audit/rules.d/*.rules     |
#        augenrules              |          No           |  /etc/audit/rules.d/$key.rules  |
# -----------------------------------------------------------------------------------------
#
files_to_inspect=()

# If audit tool is 'augenrules', then check if the audit rule is defined
# If rule is defined, add '/etc/audit/rules.d/*.rules' to the list for inspection
# If rule isn't defined yet, add '/etc/audit/rules.d/$key.rules' to the list for inspection
default_file="/etc/audit/rules.d/$KEY.rules"
# As other_filters may include paths, lets use a different delimiter for it
# The "F" script expression tells sed to print the filenames where the expressions matched
readarray -t files_to_inspect &lt; &lt;(sed -s -n -e "/^$ACTION_ARCH_FILTERS/!d" -e "\#$OTHER_FILTERS#!d" -e "/$AUID_FILTERS/!d" -e "F" /etc/audit/rules.d/*.rules)
# Case when particular rule isn't defined in /etc/audit/rules.d/*.rules yet
if [ ${#files_to_inspect[@]} -eq "0" ]
then
    file_to_inspect="/etc/audit/rules.d/$KEY.rules"
    files_to_inspect=("$file_to_inspect")
    if [ ! -e "$file_to_inspect" ]
    then
        touch "$file_to_inspect"
        chmod 0600 "$file_to_inspect"
    fi
fi

# After converting to jinja, we cannot return; therefore we skip the rest of the macro if needed instead
skip=1

for audit_file in "${files_to_inspect[@]}"
do
    # Filter existing $audit_file rules' definitions to select those that satisfy the rule pattern,
    # i.e, collect rules that match:
    # * the action, list and arch, (2-nd argument)
    # * the other filters, (3-rd argument)
    # * the auid filters, (4-rd argument)
    readarray -t similar_rules &lt; &lt;(sed -e "/^$ACTION_ARCH_FILTERS/!d"  -e "\#$OTHER_FILTERS#!d" -e "/$AUID_FILTERS/!d" "$audit_file")

    candidate_rules=()
    # Filter out rules that have more fields then required. This will remove rules more specific than the required scope
    for s_rule in "${similar_rules[@]}"
    do
        # Strip all the options and fields we know of,
        # than check if there was any field left over
        extra_fields=$(sed -E -e "s/^$ACTION_ARCH_FILTERS//"  -e "s#$OTHER_FILTERS##" -e "s/$AUID_FILTERS//" -e "s/((:?-S [[:alnum:],]+)+)//g" -e "s/-F key=\w+|-k \w+//"&lt;&lt;&lt; "$s_rule")
        grep -q -- "-F" &lt;&lt;&lt; "$extra_fields" || candidate_rules+=("$s_rule")
    done

    if [[ ${#syscall_a[@]} -ge 1 ]]
    then
        # Check if the syscall we want is present in any of the similar existing rules
        for rule in "${candidate_rules[@]}"
        do
            rule_syscalls=$(echo "$rule" | grep -o -P '(-S [\w,]+)+' | xargs)
            all_syscalls_found=0
            for syscall in "${syscall_a[@]}"
            do
                grep -q -- "\b${syscall}\b" &lt;&lt;&lt; "$rule_syscalls" || {
                   # A syscall was not found in the candidate rule
                   all_syscalls_found=1
                   }
            done
            if [[ $all_syscalls_found -eq 0 ]]
            then
                # We found a rule with all the syscall(s) we want; skip rest of macro
                skip=0
                break
            fi

            # Check if this rule can be grouped with our target syscall and keep track of it
            for syscall_g in "${syscall_grouping[@]}"
            do
                if grep -q -- "\b${syscall_g}\b" &lt;&lt;&lt; "$rule_syscalls"
                then
                    file_to_edit=${audit_file}
                    rule_to_edit=${rule}
                    rule_syscalls_to_edit=${rule_syscalls}
                fi
            done
        done
    else
        # If there is any candidate rule, it is compliant; skip rest of macro
        if [ "${#candidate_rules[@]}" -gt 0 ]
        then
            skip=0
        fi
    fi

    if [ "$skip" -eq 0 ]; then
        break
    fi
done

if [ "$skip" -ne 0 ]; then
    # We checked all rules that matched the expected resemblance pattern (action, arch &amp; auid)
    # At this point we know if we need to either append the $full_rule or group
    # the syscall together with an exsiting rule

    # Append the full_rule if it cannot be grouped to any other rule
    if [ -z ${rule_to_edit+x} ]
    then
        # Build full_rule while avoid adding double spaces when other_filters is empty
        if [ "${#syscall_a[@]}" -gt 0 ]
        then
            syscall_string=""
            for syscall in "${syscall_a[@]}"
            do
                syscall_string+=" -S $syscall"
            done
        fi
        other_string=$([[ $OTHER_FILTERS ]] &amp;&amp; echo " $OTHER_FILTERS") || /bin/true
        auid_string=$([[ $AUID_FILTERS ]] &amp;&amp; echo " $AUID_FILTERS") || /bin/true
        full_rule="$ACTION_ARCH_FILTERS${syscall_string}${other_string}${auid_string} -F key=$KEY" || /bin/true
        echo "$full_rule" &gt;&gt; "$default_file"
        chmod 0600 ${default_file}
    else
        # Check if the syscalls are declared as a comma separated list or
        # as multiple -S parameters
        if grep -q -- "," &lt;&lt;&lt; "${rule_syscalls_to_edit}"
        then
            delimiter=","
        else
            delimiter=" -S "
        fi
        new_grouped_syscalls="${rule_syscalls_to_edit}"
        for syscall in "${syscall_a[@]}"
        do
            grep -q -- "\b${syscall}\b" &lt;&lt;&lt; "${rule_syscalls_to_edit}" || {
               # A syscall was not found in the candidate rule
               new_grouped_syscalls+="${delimiter}${syscall}"
               }
        done

        # Group the syscall in the rule
        sed -i -e "\#${rule_to_edit}#s#${rule_syscalls_to_edit}#${new_grouped_syscalls}#" "$file_to_edit"
    fi
fi
unset syscall_a
unset syscall_grouping
unset syscall_string
unset syscall
unset file_to_edit
unset rule_to_edit
unset rule_syscalls_to_edit
unset other_string
unset auid_string
unset full_rule

# Load macro arguments into arrays
read -a syscall_a &lt;&lt;&lt; $SYSCALL
read -a syscall_grouping &lt;&lt;&lt; $SYSCALL_GROUPING

# Create a list of audit *.rules files that should be inspected for presence and correctness
# of a particular audit rule. The scheme is as follows:
#
# -----------------------------------------------------------------------------------------
#  Tool used to load audit rules | Rule already defined  |  Audit rules file to inspect    |
# -----------------------------------------------------------------------------------------
#        auditctl                |     Doesn't matter    |  /etc/audit/audit.rules         |
# -----------------------------------------------------------------------------------------
#        augenrules              |          Yes          |  /etc/audit/rules.d/*.rules     |
#        augenrules              |          No           |  /etc/audit/rules.d/$key.rules  |
# -----------------------------------------------------------------------------------------
#
files_to_inspect=()


# If audit tool is 'auditctl', then add '/etc/audit/audit.rules'
# file to the list of files to be inspected
default_file="/etc/audit/audit.rules"
files_to_inspect+=('/etc/audit/audit.rules' )

# After converting to jinja, we cannot return; therefore we skip the rest of the macro if needed instead
skip=1

for audit_file in "${files_to_inspect[@]}"
do
    # Filter existing $audit_file rules' definitions to select those that satisfy the rule pattern,
    # i.e, collect rules that match:
    # * the action, list and arch, (2-nd argument)
    # * the other filters, (3-rd argument)
    # * the auid filters, (4-rd argument)
    readarray -t similar_rules &lt; &lt;(sed -e "/^$ACTION_ARCH_FILTERS/!d"  -e "\#$OTHER_FILTERS#!d" -e "/$AUID_FILTERS/!d" "$audit_file")

    candidate_rules=()
    # Filter out rules that have more fields then required. This will remove rules more specific than the required scope
    for s_rule in "${similar_rules[@]}"
    do
        # Strip all the options and fields we know of,
        # than check if there was any field left over
        extra_fields=$(sed -E -e "s/^$ACTION_ARCH_FILTERS//"  -e "s#$OTHER_FILTERS##" -e "s/$AUID_FILTERS//" -e "s/((:?-S [[:alnum:],]+)+)//g" -e "s/-F key=\w+|-k \w+//"&lt;&lt;&lt; "$s_rule")
        grep -q -- "-F" &lt;&lt;&lt; "$extra_fields" || candidate_rules+=("$s_rule")
    done

    if [[ ${#syscall_a[@]} -ge 1 ]]
    then
        # Check if the syscall we want is present in any of the similar existing rules
        for rule in "${candidate_rules[@]}"
        do
            rule_syscalls=$(echo "$rule" | grep -o -P '(-S [\w,]+)+' | xargs)
            all_syscalls_found=0
            for syscall in "${syscall_a[@]}"
            do
                grep -q -- "\b${syscall}\b" &lt;&lt;&lt; "$rule_syscalls" || {
                   # A syscall was not found in the candidate rule
                   all_syscalls_found=1
                   }
            done
            if [[ $all_syscalls_found -eq 0 ]]
            then
                # We found a rule with all the syscall(s) we want; skip rest of macro
                skip=0
                break
            fi

            # Check if this rule can be grouped with our target syscall and keep track of it
            for syscall_g in "${syscall_grouping[@]}"
            do
                if grep -q -- "\b${syscall_g}\b" &lt;&lt;&lt; "$rule_syscalls"
                then
                    file_to_edit=${audit_file}
                    rule_to_edit=${rule}
                    rule_syscalls_to_edit=${rule_syscalls}
                fi
            done
        done
    else
        # If there is any candidate rule, it is compliant; skip rest of macro
        if [ "${#candidate_rules[@]}" -gt 0 ]
        then
            skip=0
        fi
    fi

    if [ "$skip" -eq 0 ]; then
        break
    fi
done

if [ "$skip" -ne 0 ]; then
    # We checked all rules that matched the expected resemblance pattern (action, arch &amp; auid)
    # At this point we know if we need to either append the $full_rule or group
    # the syscall together with an exsiting rule

    # Append the full_rule if it cannot be grouped to any other rule
    if [ -z ${rule_to_edit+x} ]
    then
        # Build full_rule while avoid adding double spaces when other_filters is empty
        if [ "${#syscall_a[@]}" -gt 0 ]
        then
            syscall_string=""
            for syscall in "${syscall_a[@]}"
            do
                syscall_string+=" -S $syscall"
            done
        fi
        other_string=$([[ $OTHER_FILTERS ]] &amp;&amp; echo " $OTHER_FILTERS") || /bin/true
        auid_string=$([[ $AUID_FILTERS ]] &amp;&amp; echo " $AUID_FILTERS") || /bin/true
        full_rule="$ACTION_ARCH_FILTERS${syscall_string}${other_string}${auid_string} -F key=$KEY" || /bin/true
        echo "$full_rule" &gt;&gt; "$default_file"
        chmod 0600 ${default_file}
    else
        # Check if the syscalls are declared as a comma separated list or
        # as multiple -S parameters
        if grep -q -- "," &lt;&lt;&lt; "${rule_syscalls_to_edit}"
        then
            delimiter=","
        else
            delimiter=" -S "
        fi
        new_grouped_syscalls="${rule_syscalls_to_edit}"
        for syscall in "${syscall_a[@]}"
        do
            grep -q -- "\b${syscall}\b" &lt;&lt;&lt; "${rule_syscalls_to_edit}" || {
               # A syscall was not found in the candidate rule
               new_grouped_syscalls+="${delimiter}${syscall}"
               }
        done

        # Group the syscall in the rule
        sed -i -e "\#${rule_to_edit}#s#${rule_syscalls_to_edit}#${new_grouped_syscalls}#" "$file_to_edit"
    fi
fi

else
    &gt;&amp;2 echo 'Remediation is not applicable, nothing was done'
fi
</fix>
          <check system="http://oval.mitre.org/XMLSchema/oval-definitions-5">
            <check-content-ref name="oval:ssg-audit_rules_execution_chcon:def:1" href="ssg-ubuntu2404-oval.xml"/>
          </check>
          <check system="http://scap.nist.gov/schema/ocil/2">
            <check-content-ref name="ocil:ssg-audit_rules_execution_chcon_ocil:questionnaire:1" href="ssg-ubuntu2404-ocil.xml"/>
          </check>
        </Rule>
      </Group>
      <Group id="xccdf_org.ssgproject.content_group_audit_file_deletion_events">
        <title xmlns:xhtml="http://www.w3.org/1999/xhtml" xml:lang="en-US">Record File Deletion Events by User</title>
        <description xmlns:xhtml="http://www.w3.org/1999/xhtml" xml:lang="en-US">At a minimum, the audit system should collect file deletion events
for all users and root. If the <html:code xmlns:html="http://www.w3.org/1999/xhtml">auditd</html:code> daemon is configured to use the
<html:code xmlns:html="http://www.w3.org/1999/xhtml">augenrules</html:code> program to read audit rules during daemon startup (the
default), add the following line to a file with suffix <html:code xmlns:html="http://www.w3.org/1999/xhtml">.rules</html:code> in the
directory <html:code xmlns:html="http://www.w3.org/1999/xhtml">/etc/audit/rules.d</html:code>, setting ARCH to either b32 or b64 as
appropriate for your system:
<html:pre xmlns:html="http://www.w3.org/1999/xhtml">-a always,exit -F arch=ARCH -S rmdir,unlink,unlinkat,rename,renameat -F auid&gt;=1000 -F auid!=unset -F key=delete</html:pre>
If the <html:code xmlns:html="http://www.w3.org/1999/xhtml">auditd</html:code> daemon is configured to use the <html:code xmlns:html="http://www.w3.org/1999/xhtml">auditctl</html:code>
utility to read audit rules during daemon startup, add the following line to
<html:code xmlns:html="http://www.w3.org/1999/xhtml">/etc/audit/audit.rules</html:code> file, setting ARCH to either b32 or b64 as
appropriate for your system:
<html:pre xmlns:html="http://www.w3.org/1999/xhtml">-a always,exit -F arch=ARCH -S rmdir,unlink,unlinkat,rename,renameat -F auid&gt;=1000 -F auid!=unset -F key=delete</html:pre>
      </description>
        <Rule id="xccdf_org.ssgproject.content_rule_audit_rules_file_deletion_events_rename" selected="false" role="full" severity="medium">
          <title xmlns:xhtml="http://www.w3.org/1999/xhtml" xml:lang="en-US">Ensure auditd Collects File Deletion Events by User - rename</title>
          <description xmlns:xhtml="http://www.w3.org/1999/xhtml" xml:lang="en-US">At a minimum, the audit system should collect file deletion events
for all users and root. If the <html:code xmlns:html="http://www.w3.org/1999/xhtml">auditd</html:code> daemon is configured to use the
<html:code xmlns:html="http://www.w3.org/1999/xhtml">augenrules</html:code> program to read audit rules during daemon startup (the
default), add the following line to a file with suffix <html:code xmlns:html="http://www.w3.org/1999/xhtml">.rules</html:code> in the
directory <html:code xmlns:html="http://www.w3.org/1999/xhtml">/etc/audit/rules.d</html:code>, setting ARCH to either b32 or b64 as
appropriate for your system:
<html:pre xmlns:html="http://www.w3.org/1999/xhtml">-a always,exit -F arch=ARCH -S rename -F auid&gt;=1000 -F auid!=unset -F key=delete</html:pre>
If the <html:code xmlns:html="http://www.w3.org/1999/xhtml">auditd</html:code> daemon is configured to use the <html:code xmlns:html="http://www.w3.org/1999/xhtml">auditctl</html:code>
utility to read audit rules during daemon startup, add the following line to
<html:code xmlns:html="http://www.w3.org/1999/xhtml">/etc/audit/audit.rules</html:code> file, setting ARCH to either b32 or b64 as
appropriate for your system:
<html:pre xmlns:html="http://www.w3.org/1999/xhtml">-a always,exit -F arch=ARCH -S rename -F auid&gt;=1000 -F auid!=unset -F key=delete</html:pre>
       </description>
          <reference href="https://www.cisecurity.org/controls/">1</reference>
          <reference href="https://www.cisecurity.org/controls/">11</reference>
          <reference href="https://www.cisecurity.org/controls/">12</reference>
          <reference href="https://www.cisecurity.org/controls/">13</reference>
          <reference href="https://www.cisecurity.org/controls/">14</reference>
          <reference href="https://www.cisecurity.org/controls/">15</reference>
          <reference href="https://www.cisecurity.org/controls/">16</reference>
          <reference href="https://www.cisecurity.org/controls/">19</reference>
          <reference href="https://www.cisecurity.org/controls/">2</reference>
          <reference href="https://www.cisecurity.org/controls/">3</reference>
          <reference href="https://www.cisecurity.org/controls/">4</reference>
          <reference href="https://www.cisecurity.org/controls/">5</reference>
          <reference href="https://www.cisecurity.org/controls/">6</reference>
          <reference href="https://www.cisecurity.org/controls/">7</reference>
          <reference href="https://www.cisecurity.org/controls/">8</reference>
          <reference href="https://www.cisecurity.org/controls/">9</reference>
          <reference href="https://www.isaca.org/resources/cobit">APO10.01</reference>
          <reference href="https://www.isaca.org/resources/cobit">APO10.03</reference>
          <reference href="https://www.isaca.org/resources/cobit">APO10.04</reference>
          <reference href="https://www.isaca.org/resources/cobit">APO10.05</reference>
          <reference href="https://www.isaca.org/resources/cobit">APO11.04</reference>
          <reference href="https://www.isaca.org/resources/cobit">APO12.06</reference>
          <reference href="https://www.isaca.org/resources/cobit">APO13.01</reference>
          <reference href="https://www.isaca.org/resources/cobit">BAI03.05</reference>
          <reference href="https://www.isaca.org/resources/cobit">BAI08.02</reference>
          <reference href="https://www.isaca.org/resources/cobit">DSS01.03</reference>
          <reference href="https://www.isaca.org/resources/cobit">DSS01.04</reference>
          <reference href="https://www.isaca.org/resources/cobit">DSS02.02</reference>
          <reference href="https://www.isaca.org/resources/cobit">DSS02.04</reference>
          <reference href="https://www.isaca.org/resources/cobit">DSS02.07</reference>
          <reference href="https://www.isaca.org/resources/cobit">DSS03.01</reference>
          <reference href="https://www.isaca.org/resources/cobit">DSS03.05</reference>
          <reference href="https://www.isaca.org/resources/cobit">DSS05.02</reference>
          <reference href="https://www.isaca.org/resources/cobit">DSS05.03</reference>
          <reference href="https://www.isaca.org/resources/cobit">DSS05.04</reference>
          <reference href="https://www.isaca.org/resources/cobit">DSS05.05</reference>
          <reference href="https://www.isaca.org/resources/cobit">DSS05.07</reference>
          <reference href="https://www.isaca.org/resources/cobit">MEA01.01</reference>
          <reference href="https://www.isaca.org/resources/cobit">MEA01.02</reference>
          <reference href="https://www.isaca.org/resources/cobit">MEA01.03</reference>
          <reference href="https://www.isaca.org/resources/cobit">MEA01.04</reference>
          <reference href="https://www.isaca.org/resources/cobit">MEA01.05</reference>
          <reference href="https://www.isaca.org/resources/cobit">MEA02.01</reference>
          <reference href="http://nvlpubs.nist.gov/nistpubs/SpecialPublications/NIST.SP.800-171.pdf">3.1.7</reference>
          <reference href="https://public.cyber.mil/stigs/cci/">CCI-000172</reference>
          <reference href="https://public.cyber.mil/stigs/cci/">CCI-000130</reference>
          <reference href="https://public.cyber.mil/stigs/cci/">CCI-000135</reference>
          <reference href="https://public.cyber.mil/stigs/cci/">CCI-000169</reference>
          <reference href="https://public.cyber.mil/stigs/cci/">CCI-002884</reference>
          <reference href="https://www.gpo.gov/fdsys/pkg/CFR-2007-title45-vol1/pdf/CFR-2007-title45-vol1-chapA-subchapC.pdf">164.308(a)(1)(ii)(D)</reference>
          <reference href="https://www.gpo.gov/fdsys/pkg/CFR-2007-title45-vol1/pdf/CFR-2007-title45-vol1-chapA-subchapC.pdf">164.308(a)(3)(ii)(A)</reference>
          <reference href="https://www.gpo.gov/fdsys/pkg/CFR-2007-title45-vol1/pdf/CFR-2007-title45-vol1-chapA-subchapC.pdf">164.308(a)(5)(ii)(C)</reference>
          <reference href="https://www.gpo.gov/fdsys/pkg/CFR-2007-title45-vol1/pdf/CFR-2007-title45-vol1-chapA-subchapC.pdf">164.312(a)(2)(i)</reference>
          <reference href="https://www.gpo.gov/fdsys/pkg/CFR-2007-title45-vol1/pdf/CFR-2007-title45-vol1-chapA-subchapC.pdf">164.312(b)</reference>
          <reference href="https://www.gpo.gov/fdsys/pkg/CFR-2007-title45-vol1/pdf/CFR-2007-title45-vol1-chapA-subchapC.pdf">164.312(d)</reference>
          <reference href="https://www.gpo.gov/fdsys/pkg/CFR-2007-title45-vol1/pdf/CFR-2007-title45-vol1-chapA-subchapC.pdf">164.312(e)</reference>
          <reference href="https://www.isa.org/products/isa-62443-2-1-2009-security-for-industrial-automat">4.2.3.10</reference>
          <reference href="https://www.isa.org/products/isa-62443-2-1-2009-security-for-industrial-automat">4.3.2.6.7</reference>
          <reference href="https://www.isa.org/products/isa-62443-2-1-2009-security-for-industrial-automat">4.3.3.3.9</reference>
          <reference href="https://www.isa.org/products/isa-62443-2-1-2009-security-for-industrial-automat">4.3.3.5.8</reference>
          <reference href="https://www.isa.org/products/isa-62443-2-1-2009-security-for-industrial-automat">4.3.3.6.5</reference>
          <reference href="https://www.isa.org/products/isa-62443-2-1-2009-security-for-industrial-automat">4.3.3.6.6</reference>
          <reference href="https://www.isa.org/products/isa-62443-2-1-2009-security-for-industrial-automat">4.3.3.6.7</reference>
          <reference href="https://www.isa.org/products/isa-62443-2-1-2009-security-for-industrial-automat">4.3.3.6.8</reference>
          <reference href="https://www.isa.org/products/isa-62443-2-1-2009-security-for-industrial-automat">4.3.4.4.7</reference>
          <reference href="https://www.isa.org/products/isa-62443-2-1-2009-security-for-industrial-automat">4.3.4.5.6</reference>
          <reference href="https://www.isa.org/products/isa-62443-2-1-2009-security-for-industrial-automat">4.3.4.5.7</reference>
          <reference href="https://www.isa.org/products/isa-62443-2-1-2009-security-for-industrial-automat">4.3.4.5.8</reference>
          <reference href="https://www.isa.org/products/isa-62443-2-1-2009-security-for-industrial-automat">4.4.2.1</reference>
          <reference href="https://www.isa.org/products/isa-62443-2-1-2009-security-for-industrial-automat">4.4.2.2</reference>
          <reference href="https://www.isa.org/products/isa-62443-2-1-2009-security-for-industrial-automat">4.4.2.4</reference>
          <reference href="https://www.isa.org/products/ansi-isa-62443-3-3-99-03-03-2013-security-for-indu">SR 1.13</reference>
          <reference href="https://www.isa.org/products/ansi-isa-62443-3-3-99-03-03-2013-security-for-indu">SR 2.10</reference>
          <reference href="https://www.isa.org/products/ansi-isa-62443-3-3-99-03-03-2013-security-for-indu">SR 2.11</reference>
          <reference href="https://www.isa.org/products/ansi-isa-62443-3-3-99-03-03-2013-security-for-indu">SR 2.12</reference>
          <reference href="https://www.isa.org/products/ansi-isa-62443-3-3-99-03-03-2013-security-for-indu">SR 2.6</reference>
          <reference href="https://www.isa.org/products/ansi-isa-62443-3-3-99-03-03-2013-security-for-indu">SR 2.8</reference>
          <reference href="https://www.isa.org/products/ansi-isa-62443-3-3-99-03-03-2013-security-for-indu">SR 2.9</reference>
          <reference href="https://www.isa.org/products/ansi-isa-62443-3-3-99-03-03-2013-security-for-indu">SR 3.1</reference>
          <reference href="https://www.isa.org/products/ansi-isa-62443-3-3-99-03-03-2013-security-for-indu">SR 3.5</reference>
          <reference href="https://www.isa.org/products/ansi-isa-62443-3-3-99-03-03-2013-security-for-indu">SR 3.8</reference>
          <reference href="https://www.isa.org/products/ansi-isa-62443-3-3-99-03-03-2013-security-for-indu">SR 4.1</reference>
          <reference href="https://www.isa.org/products/ansi-isa-62443-3-3-99-03-03-2013-security-for-indu">SR 4.3</reference>
          <reference href="https://www.isa.org/products/ansi-isa-62443-3-3-99-03-03-2013-security-for-indu">SR 5.1</reference>
          <reference href="https://www.isa.org/products/ansi-isa-62443-3-3-99-03-03-2013-security-for-indu">SR 5.2</reference>
          <reference href="https://www.isa.org/products/ansi-isa-62443-3-3-99-03-03-2013-security-for-indu">SR 5.3</reference>
          <reference href="https://www.isa.org/products/ansi-isa-62443-3-3-99-03-03-2013-security-for-indu">SR 6.1</reference>
          <reference href="https://www.isa.org/products/ansi-isa-62443-3-3-99-03-03-2013-security-for-indu">SR 6.2</reference>
          <reference href="https://www.isa.org/products/ansi-isa-62443-3-3-99-03-03-2013-security-for-indu">SR 7.1</reference>
          <reference href="https://www.isa.org/products/ansi-isa-62443-3-3-99-03-03-2013-security-for-indu">SR 7.6</reference>
          <reference href="https://www.iso.org/contents/data/standard/05/45/54534.html">A.11.2.4</reference>
          <reference href="https://www.iso.org/contents/data/standard/05/45/54534.html">A.11.2.6</reference>
          <reference href="https://www.iso.org/contents/data/standard/05/45/54534.html">A.12.4.1</reference>
          <reference href="https://www.iso.org/contents/data/standard/05/45/54534.html">A.12.4.2</reference>
          <reference href="https://www.iso.org/contents/data/standard/05/45/54534.html">A.12.4.3</reference>
          <reference href="https://www.iso.org/contents/data/standard/05/45/54534.html">A.12.4.4</reference>
          <reference href="https://www.iso.org/contents/data/standard/05/45/54534.html">A.12.7.1</reference>
          <reference href="https://www.iso.org/contents/data/standard/05/45/54534.html">A.13.1.1</reference>
          <reference href="https://www.iso.org/contents/data/standard/05/45/54534.html">A.13.2.1</reference>
          <reference href="https://www.iso.org/contents/data/standard/05/45/54534.html">A.14.1.3</reference>
          <reference href="https://www.iso.org/contents/data/standard/05/45/54534.html">A.14.2.7</reference>
          <reference href="https://www.iso.org/contents/data/standard/05/45/54534.html">A.15.1.1</reference>
          <reference href="https://www.iso.org/contents/data/standard/05/45/54534.html">A.15.2.1</reference>
          <reference href="https://www.iso.org/contents/data/standard/05/45/54534.html">A.15.2.2</reference>
          <reference href="https://www.iso.org/contents/data/standard/05/45/54534.html">A.16.1.4</reference>
          <reference href="https://www.iso.org/contents/data/standard/05/45/54534.html">A.16.1.5</reference>
          <reference href="https://www.iso.org/contents/data/standard/05/45/54534.html">A.16.1.7</reference>
          <reference href="https://www.iso.org/contents/data/standard/05/45/54534.html">A.6.2.1</reference>
          <reference href="https://www.iso.org/contents/data/standard/05/45/54534.html">A.6.2.2</reference>
          <reference href="http://nvlpubs.nist.gov/nistpubs/SpecialPublications/NIST.SP.800-53r4.pdf">AU-2(d)</reference>
          <reference href="http://nvlpubs.nist.gov/nistpubs/SpecialPublications/NIST.SP.800-53r4.pdf">AU-12(c)</reference>
          <reference href="http://nvlpubs.nist.gov/nistpubs/SpecialPublications/NIST.SP.800-53r4.pdf">CM-6(a)</reference>
          <reference href="https://nvlpubs.nist.gov/nistpubs/CSWP/NIST.CSWP.04162018.pdf">DE.AE-3</reference>
          <reference href="https://nvlpubs.nist.gov/nistpubs/CSWP/NIST.CSWP.04162018.pdf">DE.AE-5</reference>
          <reference href="https://nvlpubs.nist.gov/nistpubs/CSWP/NIST.CSWP.04162018.pdf">DE.CM-1</reference>
          <reference href="https://nvlpubs.nist.gov/nistpubs/CSWP/NIST.CSWP.04162018.pdf">DE.CM-3</reference>
          <reference href="https://nvlpubs.nist.gov/nistpubs/CSWP/NIST.CSWP.04162018.pdf">DE.CM-7</reference>
          <reference href="https://nvlpubs.nist.gov/nistpubs/CSWP/NIST.CSWP.04162018.pdf">ID.SC-4</reference>
          <reference href="https://nvlpubs.nist.gov/nistpubs/CSWP/NIST.CSWP.04162018.pdf">PR.AC-3</reference>
          <reference href="https://nvlpubs.nist.gov/nistpubs/CSWP/NIST.CSWP.04162018.pdf">PR.MA-2</reference>
          <reference href="https://nvlpubs.nist.gov/nistpubs/CSWP/NIST.CSWP.04162018.pdf">PR.PT-1</reference>
          <reference href="https://nvlpubs.nist.gov/nistpubs/CSWP/NIST.CSWP.04162018.pdf">PR.PT-4</reference>
          <reference href="https://nvlpubs.nist.gov/nistpubs/CSWP/NIST.CSWP.04162018.pdf">RS.AN-1</reference>
          <reference href="https://nvlpubs.nist.gov/nistpubs/CSWP/NIST.CSWP.04162018.pdf">RS.AN-4</reference>
          <reference href="https://www.pcisecuritystandards.org/documents/PCI_DSS_v3-2-1.pdf">Req-10.2.7</reference>
          <reference href="https://public.cyber.mil/stigs/downloads/?_dl_facet_stigs=operating-systems%2Cgeneral-purpose-os">SRG-OS-000037-GPOS-00015</reference>
          <reference href="https://public.cyber.mil/stigs/downloads/?_dl_facet_stigs=operating-systems%2Cgeneral-purpose-os">SRG-OS-000042-GPOS-00020</reference>
          <reference href="https://public.cyber.mil/stigs/downloads/?_dl_facet_stigs=operating-systems%2Cgeneral-purpose-os">SRG-OS-000062-GPOS-00031</reference>
          <reference href="https://public.cyber.mil/stigs/downloads/?_dl_facet_stigs=operating-systems%2Cgeneral-purpose-os">SRG-OS-000392-GPOS-00172</reference>
          <reference href="https://public.cyber.mil/stigs/downloads/?_dl_facet_stigs=operating-systems%2Cgeneral-purpose-os">SRG-OS-000462-GPOS-00206</reference>
          <reference href="https://public.cyber.mil/stigs/downloads/?_dl_facet_stigs=operating-systems%2Cgeneral-purpose-os">SRG-OS-000471-GPOS-00215</reference>
          <reference href="https://public.cyber.mil/stigs/downloads/?_dl_facet_stigs=operating-systems%2Cgeneral-purpose-os">SRG-OS-000466-GPOS-00210</reference>
          <reference href="https://public.cyber.mil/stigs/downloads/?_dl_facet_stigs=operating-systems%2Cgeneral-purpose-os">SRG-OS-000467-GPOS-00211</reference>
          <reference href="https://public.cyber.mil/stigs/downloads/?_dl_facet_stigs=operating-systems%2Cgeneral-purpose-os">SRG-OS-000468-GPOS-00212</reference>
          <reference href="https://public.cyber.mil/stigs/downloads/?_dl_facet_stigs=container-platform">SRG-APP-000495-CTR-001235</reference>
          <reference href="https://public.cyber.mil/stigs/downloads/?_dl_facet_stigs=container-platform">SRG-APP-000499-CTR-001255</reference>
          <reference href="https://public.cyber.mil/stigs/downloads/?_dl_facet_stigs=container-platform">SRG-APP-000501-CTR-001265</reference>
          <reference href="https://public.cyber.mil/stigs/downloads/?_dl_facet_stigs=container-platform">SRG-APP-000502-CTR-001270</reference>
          <reference href="https://cyber.gouv.fr/sites/default/files/document/linux_configuration-en-v2.pdf">R73</reference>
          <reference href="https://www.cisecurity.org/benchmark/ubuntu_linux/">6.2.3.13</reference>
          <reference href="https://docs-prv.pcisecuritystandards.org/PCI%20DSS/Standard/PCI-DSS-v4_0.pdf">10.2.1.7</reference>
          <reference href="https://docs-prv.pcisecuritystandards.org/PCI%20DSS/Standard/PCI-DSS-v4_0.pdf">10.2.1</reference>
          <reference href="https://docs-prv.pcisecuritystandards.org/PCI%20DSS/Standard/PCI-DSS-v4_0.pdf">10.2</reference>
          <rationale xmlns:xhtml="http://www.w3.org/1999/xhtml" xml:lang="en-US">Auditing file deletions will create an audit trail for files that are removed
from the system. The audit trail could aid in system troubleshooting, as well as, detecting
malicious processes that attempt to delete log files to conceal their presence.</rationale>
          <platform idref="#not_aarch64_arch"/>
          <fix xmlns:xhtml="http://www.w3.org/1999/xhtml" id="audit_rules_file_deletion_events_rename" system="urn:xccdf:fix:script:ansible" reboot="true" complexity="low" disruption="low" strategy="restrict">- name: Gather the package facts
  package_facts:
    manager: auto
  tags:
  - NIST-800-171-3.1.7
  - NIST-800-53-AU-12(c)
  - NIST-800-53-AU-2(d)
  - NIST-800-53-CM-6(a)
  - PCI-DSS-Req-10.2.7
  - PCI-DSSv4-10.2
  - PCI-DSSv4-10.2.1
  - PCI-DSSv4-10.2.1.7
  - audit_rules_file_deletion_events_rename
  - low_complexity
  - low_disruption
  - medium_severity
  - reboot_required
  - restrict_strategy

- name: Set architecture for audit rename tasks
  set_fact:
    audit_arch: b64
  when:
  - '"auditd" in ansible_facts.packages'
  - '"linux-base" in ansible_facts.packages'
  - not ( ansible_architecture == "aarch64" )
  - ansible_architecture == "aarch64" or ansible_architecture == "ppc64" or ansible_architecture
    == "ppc64le" or ansible_architecture == "s390x" or ansible_architecture == "x86_64"
  tags:
  - NIST-800-171-3.1.7
  - NIST-800-53-AU-12(c)
  - NIST-800-53-AU-2(d)
  - NIST-800-53-CM-6(a)
  - PCI-DSS-Req-10.2.7
  - PCI-DSSv4-10.2
  - PCI-DSSv4-10.2.1
  - PCI-DSSv4-10.2.1.7
  - audit_rules_file_deletion_events_rename
  - low_complexity
  - low_disruption
  - medium_severity
  - reboot_required
  - restrict_strategy

- name: Perform remediation of Audit rules for rename for 32bit platform
  block:

  - name: Declare list of syscalls
    set_fact:
      syscalls:
      - rename
      syscall_grouping:
      - unlink
      - unlinkat
      - rename
      - renameat
      - rmdir

  - name: Check existence of rename in /etc/audit/rules.d/
    find:
      paths: /etc/audit/rules.d
      contains: -a always,exit -F arch=b32(( -S |,)\w+)*(( -S |,){{ item }})+(( -S
        |,)\w+)* -F auid&gt;=1000 -F auid!=unset (-k\s+|-F\s+key=)\S+\s*$
      patterns: '*.rules'
    register: find_command
    loop: '{{ (syscall_grouping + syscalls) | unique }}'

  - name: Reset syscalls found per file
    set_fact:
      syscalls_per_file: {}
      found_paths_dict: {}

  - name: Declare syscalls found per file
    set_fact: syscalls_per_file="{{ syscalls_per_file | combine( {item.files[0].path
      :[item.item] + syscalls_per_file.get(item.files[0].path, []) } ) }}"
    loop: '{{ find_command.results | selectattr(''matched'') | list }}'

  - name: Declare files where syscalls were found
    set_fact: found_paths="{{ find_command.results | map(attribute='files') | flatten
      | map(attribute='path') | list }}"

  - name: Count occurrences of syscalls in paths
    set_fact: found_paths_dict="{{ found_paths_dict | combine({ item:1+found_paths_dict.get(item,
      0) }) }}"
    loop: '{{ find_command.results | map(attribute=''files'') | flatten | map(attribute=''path'')
      | list }}'

  - name: Get path with most syscalls
    set_fact: audit_file="{{ (found_paths_dict | dict2items() | sort(attribute='value')
      | last).key }}"
    when: found_paths | length &gt;= 1

  - name: No file with syscall found, set path to /etc/audit/rules.d/delete.rules
    set_fact: audit_file="/etc/audit/rules.d/delete.rules"
    when: found_paths | length == 0

  - name: Declare found syscalls
    set_fact: syscalls_found="{{ find_command.results | selectattr('matched') | map(attribute='item')
      | list }}"

  - name: Declare missing syscalls
    set_fact: missing_syscalls="{{ syscalls | difference(syscalls_found) }}"

  - name: Replace the audit rule in {{ audit_file }}
    lineinfile:
      path: '{{ audit_file }}'
      regexp: (-a always,exit -F arch=b32)(?=.*(?:(?:-S |,)(?:{{ syscalls_per_file[audit_file]
        | join("|") }}))\b)((?:( -S |,)\w+)+)( -F auid&gt;=1000 -F auid!=unset (?:-k
        |-F key=)\w+)
      line: \1\2\3{{ missing_syscalls | join("\3") }}\4
      backrefs: true
      state: present
      mode: g-rwx,o-rwx
    when: syscalls_found | length &gt; 0 and missing_syscalls | length &gt; 0

  - name: Add the audit rule to {{ audit_file }}
    lineinfile:
      path: '{{ audit_file }}'
      line: -a always,exit -F arch=b32 -S {{ syscalls | join(',') }} -F auid&gt;=1000
        -F auid!=unset -F key=delete
      create: true
      mode: g-rwx,o-rwx
      state: present
    when: syscalls_found | length == 0

  - name: Declare list of syscalls
    set_fact:
      syscalls:
      - rename
      syscall_grouping:
      - unlink
      - unlinkat
      - rename
      - renameat
      - rmdir

  - name: Check existence of rename in /etc/audit/audit.rules
    find:
      paths: /etc/audit
      contains: -a always,exit -F arch=b32(( -S |,)\w+)*(( -S |,){{ item }})+(( -S
        |,)\w+)* -F auid&gt;=1000 -F auid!=unset (-k\s+|-F\s+key=)\S+\s*$
      patterns: audit.rules
    register: find_command
    loop: '{{ (syscall_grouping + syscalls) | unique }}'

  - name: Set path to /etc/audit/audit.rules
    set_fact: audit_file="/etc/audit/audit.rules"

  - name: Declare found syscalls
    set_fact: syscalls_found="{{ find_command.results | selectattr('matched') | map(attribute='item')
      | list }}"

  - name: Declare missing syscalls
    set_fact: missing_syscalls="{{ syscalls | difference(syscalls_found) }}"

  - name: Replace the audit rule in {{ audit_file }}
    lineinfile:
      path: '{{ audit_file }}'
      regexp: (-a always,exit -F arch=b32)(?=.*(?:(?:-S |,)(?:{{ syscalls_found |
        join("|") }}))\b)((?:( -S |,)\w+)+)( -F auid&gt;=1000 -F auid!=unset (?:-k |-F
        key=)\w+)
      line: \1\2\3{{ missing_syscalls | join("\3") }}\4
      backrefs: true
      state: present
      mode: g-rwx,o-rwx
    when: syscalls_found | length &gt; 0 and missing_syscalls | length &gt; 0

  - name: Add the audit rule to {{ audit_file }}
    lineinfile:
      path: '{{ audit_file }}'
      line: -a always,exit -F arch=b32 -S {{ syscalls | join(',') }} -F auid&gt;=1000
        -F auid!=unset -F key=delete
      create: true
      mode: g-rwx,o-rwx
      state: present
    when: syscalls_found | length == 0
  when:
  - '"auditd" in ansible_facts.packages'
  - '"linux-base" in ansible_facts.packages'
  - not ( ansible_architecture == "aarch64" )
  tags:
  - NIST-800-171-3.1.7
  - NIST-800-53-AU-12(c)
  - NIST-800-53-AU-2(d)
  - NIST-800-53-CM-6(a)
  - PCI-DSS-Req-10.2.7
  - PCI-DSSv4-10.2
  - PCI-DSSv4-10.2.1
  - PCI-DSSv4-10.2.1.7
  - audit_rules_file_deletion_events_rename
  - low_complexity
  - low_disruption
  - medium_severity
  - reboot_required
  - restrict_strategy

- name: Perform remediation of Audit rules for rename for 64bit platform
  block:

  - name: Declare list of syscalls
    set_fact:
      syscalls:
      - rename
      syscall_grouping:
      - unlink
      - unlinkat
      - rename
      - renameat
      - rmdir

  - name: Check existence of rename in /etc/audit/rules.d/
    find:
      paths: /etc/audit/rules.d
      contains: -a always,exit -F arch=b64(( -S |,)\w+)*(( -S |,){{ item }})+(( -S
        |,)\w+)* -F auid&gt;=1000 -F auid!=unset (-k\s+|-F\s+key=)\S+\s*$
      patterns: '*.rules'
    register: find_command
    loop: '{{ (syscall_grouping + syscalls) | unique }}'

  - name: Reset syscalls found per file
    set_fact:
      syscalls_per_file: {}
      found_paths_dict: {}

  - name: Declare syscalls found per file
    set_fact: syscalls_per_file="{{ syscalls_per_file | combine( {item.files[0].path
      :[item.item] + syscalls_per_file.get(item.files[0].path, []) } ) }}"
    loop: '{{ find_command.results | selectattr(''matched'') | list }}'

  - name: Declare files where syscalls were found
    set_fact: found_paths="{{ find_command.results | map(attribute='files') | flatten
      | map(attribute='path') | list }}"

  - name: Count occurrences of syscalls in paths
    set_fact: found_paths_dict="{{ found_paths_dict | combine({ item:1+found_paths_dict.get(item,
      0) }) }}"
    loop: '{{ find_command.results | map(attribute=''files'') | flatten | map(attribute=''path'')
      | list }}'

  - name: Get path with most syscalls
    set_fact: audit_file="{{ (found_paths_dict | dict2items() | sort(attribute='value')
      | last).key }}"
    when: found_paths | length &gt;= 1

  - name: No file with syscall found, set path to /etc/audit/rules.d/delete.rules
    set_fact: audit_file="/etc/audit/rules.d/delete.rules"
    when: found_paths | length == 0

  - name: Declare found syscalls
    set_fact: syscalls_found="{{ find_command.results | selectattr('matched') | map(attribute='item')
      | list }}"

  - name: Declare missing syscalls
    set_fact: missing_syscalls="{{ syscalls | difference(syscalls_found) }}"

  - name: Replace the audit rule in {{ audit_file }}
    lineinfile:
      path: '{{ audit_file }}'
      regexp: (-a always,exit -F arch=b64)(?=.*(?:(?:-S |,)(?:{{ syscalls_per_file[audit_file]
        | join("|") }}))\b)((?:( -S |,)\w+)+)( -F auid&gt;=1000 -F auid!=unset (?:-k
        |-F key=)\w+)
      line: \1\2\3{{ missing_syscalls | join("\3") }}\4
      backrefs: true
      state: present
      mode: g-rwx,o-rwx
    when: syscalls_found | length &gt; 0 and missing_syscalls | length &gt; 0

  - name: Add the audit rule to {{ audit_file }}
    lineinfile:
      path: '{{ audit_file }}'
      line: -a always,exit -F arch=b64 -S {{ syscalls | join(',') }} -F auid&gt;=1000
        -F auid!=unset -F key=delete
      create: true
      mode: g-rwx,o-rwx
      state: present
    when: syscalls_found | length == 0

  - name: Declare list of syscalls
    set_fact:
      syscalls:
      - rename
      syscall_grouping:
      - unlink
      - unlinkat
      - rename
      - renameat
      - rmdir

  - name: Check existence of rename in /etc/audit/audit.rules
    find:
      paths: /etc/audit
      contains: -a always,exit -F arch=b64(( -S |,)\w+)*(( -S |,){{ item }})+(( -S
        |,)\w+)* -F auid&gt;=1000 -F auid!=unset (-k\s+|-F\s+key=)\S+\s*$
      patterns: audit.rules
    register: find_command
    loop: '{{ (syscall_grouping + syscalls) | unique }}'

  - name: Set path to /etc/audit/audit.rules
    set_fact: audit_file="/etc/audit/audit.rules"

  - name: Declare found syscalls
    set_fact: syscalls_found="{{ find_command.results | selectattr('matched') | map(attribute='item')
      | list }}"

  - name: Declare missing syscalls
    set_fact: missing_syscalls="{{ syscalls | difference(syscalls_found) }}"

  - name: Replace the audit rule in {{ audit_file }}
    lineinfile:
      path: '{{ audit_file }}'
      regexp: (-a always,exit -F arch=b64)(?=.*(?:(?:-S |,)(?:{{ syscalls_found |
        join("|") }}))\b)((?:( -S |,)\w+)+)( -F auid&gt;=1000 -F auid!=unset (?:-k |-F
        key=)\w+)
      line: \1\2\3{{ missing_syscalls | join("\3") }}\4
      backrefs: true
      state: present
      mode: g-rwx,o-rwx
    when: syscalls_found | length &gt; 0 and missing_syscalls | length &gt; 0

  - name: Add the audit rule to {{ audit_file }}
    lineinfile:
      path: '{{ audit_file }}'
      line: -a always,exit -F arch=b64 -S {{ syscalls | join(',') }} -F auid&gt;=1000
        -F auid!=unset -F key=delete
      create: true
      mode: g-rwx,o-rwx
      state: present
    when: syscalls_found | length == 0
  when:
  - '"auditd" in ansible_facts.packages'
  - '"linux-base" in ansible_facts.packages'
  - not ( ansible_architecture == "aarch64" )
  - audit_arch == "b64"
  tags:
  - NIST-800-171-3.1.7
  - NIST-800-53-AU-12(c)
  - NIST-800-53-AU-2(d)
  - NIST-800-53-CM-6(a)
  - PCI-DSS-Req-10.2.7
  - PCI-DSSv4-10.2
  - PCI-DSSv4-10.2.1
  - PCI-DSSv4-10.2.1.7
  - audit_rules_file_deletion_events_rename
  - low_complexity
  - low_disruption
  - medium_severity
  - reboot_required
  - restrict_strategy
</fix>
          <fix xmlns:xhtml="http://www.w3.org/1999/xhtml" id="audit_rules_file_deletion_events_rename" system="urn:xccdf:fix:script:sh"># Remediation is applicable only in certain platforms
if dpkg-query --show --showformat='${db:Status-Status}
' 'linux-base' 2&gt;/dev/null | grep -q ^installed &amp;&amp; dpkg-query --show --showformat='${db:Status-Status}\n' 'auditd' 2&gt;/dev/null | grep -q '^installed' &amp;&amp; { ! ( ( grep -sqE "^.*\.aarch64$" /proc/sys/kernel/osrelease || grep -sqE "^aarch64$" /proc/sys/kernel/arch; ) ); }; then

# First perform the remediation of the syscall rule
# Retrieve hardware architecture of the underlying system
[ "$(getconf LONG_BIT)" = "32" ] &amp;&amp; RULE_ARCHS=("b32") || RULE_ARCHS=("b32" "b64")

for ARCH in "${RULE_ARCHS[@]}"
do
	ACTION_ARCH_FILTERS="-a always,exit -F arch=$ARCH"
	OTHER_FILTERS=""
	AUID_FILTERS="-F auid&gt;=1000 -F auid!=unset"
	SYSCALL="rename"
	KEY="delete"
	SYSCALL_GROUPING="unlink unlinkat rename renameat rmdir"
	# Perform the remediation for both possible tools: 'auditctl' and 'augenrules'
	unset syscall_a
unset syscall_grouping
unset syscall_string
unset syscall
unset file_to_edit
unset rule_to_edit
unset rule_syscalls_to_edit
unset other_string
unset auid_string
unset full_rule

# Load macro arguments into arrays
read -a syscall_a &lt;&lt;&lt; $SYSCALL
read -a syscall_grouping &lt;&lt;&lt; $SYSCALL_GROUPING

# Create a list of audit *.rules files that should be inspected for presence and correctness
# of a particular audit rule. The scheme is as follows:
#
# -----------------------------------------------------------------------------------------
#  Tool used to load audit rules | Rule already defined  |  Audit rules file to inspect    |
# -----------------------------------------------------------------------------------------
#        auditctl                |     Doesn't matter    |  /etc/audit/audit.rules         |
# -----------------------------------------------------------------------------------------
#        augenrules              |          Yes          |  /etc/audit/rules.d/*.rules     |
#        augenrules              |          No           |  /etc/audit/rules.d/$key.rules  |
# -----------------------------------------------------------------------------------------
#
files_to_inspect=()

# If audit tool is 'augenrules', then check if the audit rule is defined
# If rule is defined, add '/etc/audit/rules.d/*.rules' to the list for inspection
# If rule isn't defined yet, add '/etc/audit/rules.d/$key.rules' to the list for inspection
default_file="/etc/audit/rules.d/$KEY.rules"
# As other_filters may include paths, lets use a different delimiter for it
# The "F" script expression tells sed to print the filenames where the expressions matched
readarray -t files_to_inspect &lt; &lt;(sed -s -n -e "/^$ACTION_ARCH_FILTERS/!d" -e "\#$OTHER_FILTERS#!d" -e "/$AUID_FILTERS/!d" -e "F" /etc/audit/rules.d/*.rules)
# Case when particular rule isn't defined in /etc/audit/rules.d/*.rules yet
if [ ${#files_to_inspect[@]} -eq "0" ]
then
    file_to_inspect="/etc/audit/rules.d/$KEY.rules"
    files_to_inspect=("$file_to_inspect")
    if [ ! -e "$file_to_inspect" ]
    then
        touch "$file_to_inspect"
        chmod 0600 "$file_to_inspect"
    fi
fi

# After converting to jinja, we cannot return; therefore we skip the rest of the macro if needed instead
skip=1

for audit_file in "${files_to_inspect[@]}"
do
    # Filter existing $audit_file rules' definitions to select those that satisfy the rule pattern,
    # i.e, collect rules that match:
    # * the action, list and arch, (2-nd argument)
    # * the other filters, (3-rd argument)
    # * the auid filters, (4-rd argument)
    readarray -t similar_rules &lt; &lt;(sed -e "/^$ACTION_ARCH_FILTERS/!d"  -e "\#$OTHER_FILTERS#!d" -e "/$AUID_FILTERS/!d" "$audit_file")

    candidate_rules=()
    # Filter out rules that have more fields then required. This will remove rules more specific than the required scope
    for s_rule in "${similar_rules[@]}"
    do
        # Strip all the options and fields we know of,
        # than check if there was any field left over
        extra_fields=$(sed -E -e "s/^$ACTION_ARCH_FILTERS//"  -e "s#$OTHER_FILTERS##" -e "s/$AUID_FILTERS//" -e "s/((:?-S [[:alnum:],]+)+)//g" -e "s/-F key=\w+|-k \w+//"&lt;&lt;&lt; "$s_rule")
        grep -q -- "-F" &lt;&lt;&lt; "$extra_fields" || candidate_rules+=("$s_rule")
    done

    if [[ ${#syscall_a[@]} -ge 1 ]]
    then
        # Check if the syscall we want is present in any of the similar existing rules
        for rule in "${candidate_rules[@]}"
        do
            rule_syscalls=$(echo "$rule" | grep -o -P '(-S [\w,]+)+' | xargs)
            all_syscalls_found=0
            for syscall in "${syscall_a[@]}"
            do
                grep -q -- "\b${syscall}\b" &lt;&lt;&lt; "$rule_syscalls" || {
                   # A syscall was not found in the candidate rule
                   all_syscalls_found=1
                   }
            done
            if [[ $all_syscalls_found -eq 0 ]]
            then
                # We found a rule with all the syscall(s) we want; skip rest of macro
                skip=0
                break
            fi

            # Check if this rule can be grouped with our target syscall and keep track of it
            for syscall_g in "${syscall_grouping[@]}"
            do
                if grep -q -- "\b${syscall_g}\b" &lt;&lt;&lt; "$rule_syscalls"
                then
                    file_to_edit=${audit_file}
                    rule_to_edit=${rule}
                    rule_syscalls_to_edit=${rule_syscalls}
                fi
            done
        done
    else
        # If there is any candidate rule, it is compliant; skip rest of macro
        if [ "${#candidate_rules[@]}" -gt 0 ]
        then
            skip=0
        fi
    fi

    if [ "$skip" -eq 0 ]; then
        break
    fi
done

if [ "$skip" -ne 0 ]; then
    # We checked all rules that matched the expected resemblance pattern (action, arch &amp; auid)
    # At this point we know if we need to either append the $full_rule or group
    # the syscall together with an exsiting rule

    # Append the full_rule if it cannot be grouped to any other rule
    if [ -z ${rule_to_edit+x} ]
    then
        # Build full_rule while avoid adding double spaces when other_filters is empty
        if [ "${#syscall_a[@]}" -gt 0 ]
        then
            syscall_string=""
            for syscall in "${syscall_a[@]}"
            do
                syscall_string+=" -S $syscall"
            done
        fi
        other_string=$([[ $OTHER_FILTERS ]] &amp;&amp; echo " $OTHER_FILTERS") || /bin/true
        auid_string=$([[ $AUID_FILTERS ]] &amp;&amp; echo " $AUID_FILTERS") || /bin/true
        full_rule="$ACTION_ARCH_FILTERS${syscall_string}${other_string}${auid_string} -F key=$KEY" || /bin/true
        echo "$full_rule" &gt;&gt; "$default_file"
        chmod 0600 ${default_file}
    else
        # Check if the syscalls are declared as a comma separated list or
        # as multiple -S parameters
        if grep -q -- "," &lt;&lt;&lt; "${rule_syscalls_to_edit}"
        then
            delimiter=","
        else
            delimiter=" -S "
        fi
        new_grouped_syscalls="${rule_syscalls_to_edit}"
        for syscall in "${syscall_a[@]}"
        do
            grep -q -- "\b${syscall}\b" &lt;&lt;&lt; "${rule_syscalls_to_edit}" || {
               # A syscall was not found in the candidate rule
               new_grouped_syscalls+="${delimiter}${syscall}"
               }
        done

        # Group the syscall in the rule
        sed -i -e "\#${rule_to_edit}#s#${rule_syscalls_to_edit}#${new_grouped_syscalls}#" "$file_to_edit"
    fi
fi
	unset syscall_a
unset syscall_grouping
unset syscall_string
unset syscall
unset file_to_edit
unset rule_to_edit
unset rule_syscalls_to_edit
unset other_string
unset auid_string
unset full_rule

# Load macro arguments into arrays
read -a syscall_a &lt;&lt;&lt; $SYSCALL
read -a syscall_grouping &lt;&lt;&lt; $SYSCALL_GROUPING

# Create a list of audit *.rules files that should be inspected for presence and correctness
# of a particular audit rule. The scheme is as follows:
#
# -----------------------------------------------------------------------------------------
#  Tool used to load audit rules | Rule already defined  |  Audit rules file to inspect    |
# -----------------------------------------------------------------------------------------
#        auditctl                |     Doesn't matter    |  /etc/audit/audit.rules         |
# -----------------------------------------------------------------------------------------
#        augenrules              |          Yes          |  /etc/audit/rules.d/*.rules     |
#        augenrules              |          No           |  /etc/audit/rules.d/$key.rules  |
# -----------------------------------------------------------------------------------------
#
files_to_inspect=()


# If audit tool is 'auditctl', then add '/etc/audit/audit.rules'
# file to the list of files to be inspected
default_file="/etc/audit/audit.rules"
files_to_inspect+=('/etc/audit/audit.rules' )

# After converting to jinja, we cannot return; therefore we skip the rest of the macro if needed instead
skip=1

for audit_file in "${files_to_inspect[@]}"
do
    # Filter existing $audit_file rules' definitions to select those that satisfy the rule pattern,
    # i.e, collect rules that match:
    # * the action, list and arch, (2-nd argument)
    # * the other filters, (3-rd argument)
    # * the auid filters, (4-rd argument)
    readarray -t similar_rules &lt; &lt;(sed -e "/^$ACTION_ARCH_FILTERS/!d"  -e "\#$OTHER_FILTERS#!d" -e "/$AUID_FILTERS/!d" "$audit_file")

    candidate_rules=()
    # Filter out rules that have more fields then required. This will remove rules more specific than the required scope
    for s_rule in "${similar_rules[@]}"
    do
        # Strip all the options and fields we know of,
        # than check if there was any field left over
        extra_fields=$(sed -E -e "s/^$ACTION_ARCH_FILTERS//"  -e "s#$OTHER_FILTERS##" -e "s/$AUID_FILTERS//" -e "s/((:?-S [[:alnum:],]+)+)//g" -e "s/-F key=\w+|-k \w+//"&lt;&lt;&lt; "$s_rule")
        grep -q -- "-F" &lt;&lt;&lt; "$extra_fields" || candidate_rules+=("$s_rule")
    done

    if [[ ${#syscall_a[@]} -ge 1 ]]
    then
        # Check if the syscall we want is present in any of the similar existing rules
        for rule in "${candidate_rules[@]}"
        do
            rule_syscalls=$(echo "$rule" | grep -o -P '(-S [\w,]+)+' | xargs)
            all_syscalls_found=0
            for syscall in "${syscall_a[@]}"
            do
                grep -q -- "\b${syscall}\b" &lt;&lt;&lt; "$rule_syscalls" || {
                   # A syscall was not found in the candidate rule
                   all_syscalls_found=1
                   }
            done
            if [[ $all_syscalls_found -eq 0 ]]
            then
                # We found a rule with all the syscall(s) we want; skip rest of macro
                skip=0
                break
            fi

            # Check if this rule can be grouped with our target syscall and keep track of it
            for syscall_g in "${syscall_grouping[@]}"
            do
                if grep -q -- "\b${syscall_g}\b" &lt;&lt;&lt; "$rule_syscalls"
                then
                    file_to_edit=${audit_file}
                    rule_to_edit=${rule}
                    rule_syscalls_to_edit=${rule_syscalls}
                fi
            done
        done
    else
        # If there is any candidate rule, it is compliant; skip rest of macro
        if [ "${#candidate_rules[@]}" -gt 0 ]
        then
            skip=0
        fi
    fi

    if [ "$skip" -eq 0 ]; then
        break
    fi
done

if [ "$skip" -ne 0 ]; then
    # We checked all rules that matched the expected resemblance pattern (action, arch &amp; auid)
    # At this point we know if we need to either append the $full_rule or group
    # the syscall together with an exsiting rule

    # Append the full_rule if it cannot be grouped to any other rule
    if [ -z ${rule_to_edit+x} ]
    then
        # Build full_rule while avoid adding double spaces when other_filters is empty
        if [ "${#syscall_a[@]}" -gt 0 ]
        then
            syscall_string=""
            for syscall in "${syscall_a[@]}"
            do
                syscall_string+=" -S $syscall"
            done
        fi
        other_string=$([[ $OTHER_FILTERS ]] &amp;&amp; echo " $OTHER_FILTERS") || /bin/true
        auid_string=$([[ $AUID_FILTERS ]] &amp;&amp; echo " $AUID_FILTERS") || /bin/true
        full_rule="$ACTION_ARCH_FILTERS${syscall_string}${other_string}${auid_string} -F key=$KEY" || /bin/true
        echo "$full_rule" &gt;&gt; "$default_file"
        chmod 0600 ${default_file}
    else
        # Check if the syscalls are declared as a comma separated list or
        # as multiple -S parameters
        if grep -q -- "," &lt;&lt;&lt; "${rule_syscalls_to_edit}"
        then
            delimiter=","
        else
            delimiter=" -S "
        fi
        new_grouped_syscalls="${rule_syscalls_to_edit}"
        for syscall in "${syscall_a[@]}"
        do
            grep -q -- "\b${syscall}\b" &lt;&lt;&lt; "${rule_syscalls_to_edit}" || {
               # A syscall was not found in the candidate rule
               new_grouped_syscalls+="${delimiter}${syscall}"
               }
        done

        # Group the syscall in the rule
        sed -i -e "\#${rule_to_edit}#s#${rule_syscalls_to_edit}#${new_grouped_syscalls}#" "$file_to_edit"
    fi
fi
done

else
    &gt;&amp;2 echo 'Remediation is not applicable, nothing was done'
fi
</fix>
          <check system="http://oval.mitre.org/XMLSchema/oval-definitions-5">
            <check-content-ref name="oval:ssg-audit_rules_file_deletion_events_rename:def:1" href="ssg-ubuntu2404-oval.xml"/>
          </check>
          <check system="http://scap.nist.gov/schema/ocil/2">
            <check-content-ref name="ocil:ssg-audit_rules_file_deletion_events_rename_ocil:questionnaire:1" href="ssg-ubuntu2404-ocil.xml"/>
          </check>
        </Rule>
        <Rule id="xccdf_org.ssgproject.content_rule_audit_rules_file_deletion_events_renameat" selected="false" role="full" severity="medium">
          <title xmlns:xhtml="http://www.w3.org/1999/xhtml" xml:lang="en-US">Ensure auditd Collects File Deletion Events by User - renameat</title>
          <description xmlns:xhtml="http://www.w3.org/1999/xhtml" xml:lang="en-US">At a minimum, the audit system should collect file deletion events
for all users and root. If the <html:code xmlns:html="http://www.w3.org/1999/xhtml">auditd</html:code> daemon is configured to use the
<html:code xmlns:html="http://www.w3.org/1999/xhtml">augenrules</html:code> program to read audit rules during daemon startup (the
default), add the following line to a file with suffix <html:code xmlns:html="http://www.w3.org/1999/xhtml">.rules</html:code> in the
directory <html:code xmlns:html="http://www.w3.org/1999/xhtml">/etc/audit/rules.d</html:code>, setting ARCH to either b32 or b64 as
appropriate for your system:
<html:pre xmlns:html="http://www.w3.org/1999/xhtml">-a always,exit -F arch=ARCH -S renameat -F auid&gt;=1000 -F auid!=unset -F key=delete</html:pre>
If the <html:code xmlns:html="http://www.w3.org/1999/xhtml">auditd</html:code> daemon is configured to use the <html:code xmlns:html="http://www.w3.org/1999/xhtml">auditctl</html:code>
utility to read audit rules during daemon startup, add the following line to
<html:code xmlns:html="http://www.w3.org/1999/xhtml">/etc/audit/audit.rules</html:code> file, setting ARCH to either b32 or b64 as
appropriate for your system:
<html:pre xmlns:html="http://www.w3.org/1999/xhtml">-a always,exit -F arch=ARCH -S renameat -F auid&gt;=1000 -F auid!=unset -F key=delete</html:pre>
       </description>
          <reference href="https://www.cisecurity.org/controls/">1</reference>
          <reference href="https://www.cisecurity.org/controls/">11</reference>
          <reference href="https://www.cisecurity.org/controls/">12</reference>
          <reference href="https://www.cisecurity.org/controls/">13</reference>
          <reference href="https://www.cisecurity.org/controls/">14</reference>
          <reference href="https://www.cisecurity.org/controls/">15</reference>
          <reference href="https://www.cisecurity.org/controls/">16</reference>
          <reference href="https://www.cisecurity.org/controls/">19</reference>
          <reference href="https://www.cisecurity.org/controls/">2</reference>
          <reference href="https://www.cisecurity.org/controls/">3</reference>
          <reference href="https://www.cisecurity.org/controls/">4</reference>
          <reference href="https://www.cisecurity.org/controls/">5</reference>
          <reference href="https://www.cisecurity.org/controls/">6</reference>
          <reference href="https://www.cisecurity.org/controls/">7</reference>
          <reference href="https://www.cisecurity.org/controls/">8</reference>
          <reference href="https://www.cisecurity.org/controls/">9</reference>
          <reference href="https://www.isaca.org/resources/cobit">APO10.01</reference>
          <reference href="https://www.isaca.org/resources/cobit">APO10.03</reference>
          <reference href="https://www.isaca.org/resources/cobit">APO10.04</reference>
          <reference href="https://www.isaca.org/resources/cobit">APO10.05</reference>
          <reference href="https://www.isaca.org/resources/cobit">APO11.04</reference>
          <reference href="https://www.isaca.org/resources/cobit">APO12.06</reference>
          <reference href="https://www.isaca.org/resources/cobit">APO13.01</reference>
          <reference href="https://www.isaca.org/resources/cobit">BAI03.05</reference>
          <reference href="https://www.isaca.org/resources/cobit">BAI08.02</reference>
          <reference href="https://www.isaca.org/resources/cobit">DSS01.03</reference>
          <reference href="https://www.isaca.org/resources/cobit">DSS01.04</reference>
          <reference href="https://www.isaca.org/resources/cobit">DSS02.02</reference>
          <reference href="https://www.isaca.org/resources/cobit">DSS02.04</reference>
          <reference href="https://www.isaca.org/resources/cobit">DSS02.07</reference>
          <reference href="https://www.isaca.org/resources/cobit">DSS03.01</reference>
          <reference href="https://www.isaca.org/resources/cobit">DSS03.05</reference>
          <reference href="https://www.isaca.org/resources/cobit">DSS05.02</reference>
          <reference href="https://www.isaca.org/resources/cobit">DSS05.03</reference>
          <reference href="https://www.isaca.org/resources/cobit">DSS05.04</reference>
          <reference href="https://www.isaca.org/resources/cobit">DSS05.05</reference>
          <reference href="https://www.isaca.org/resources/cobit">DSS05.07</reference>
          <reference href="https://www.isaca.org/resources/cobit">MEA01.01</reference>
          <reference href="https://www.isaca.org/resources/cobit">MEA01.02</reference>
          <reference href="https://www.isaca.org/resources/cobit">MEA01.03</reference>
          <reference href="https://www.isaca.org/resources/cobit">MEA01.04</reference>
          <reference href="https://www.isaca.org/resources/cobit">MEA01.05</reference>
          <reference href="https://www.isaca.org/resources/cobit">MEA02.01</reference>
          <reference href="http://nvlpubs.nist.gov/nistpubs/SpecialPublications/NIST.SP.800-171.pdf">3.1.7</reference>
          <reference href="https://public.cyber.mil/stigs/cci/">CCI-000172</reference>
          <reference href="https://public.cyber.mil/stigs/cci/">CCI-000130</reference>
          <reference href="https://public.cyber.mil/stigs/cci/">CCI-000135</reference>
          <reference href="https://public.cyber.mil/stigs/cci/">CCI-000169</reference>
          <reference href="https://public.cyber.mil/stigs/cci/">CCI-002884</reference>
          <reference href="https://www.gpo.gov/fdsys/pkg/CFR-2007-title45-vol1/pdf/CFR-2007-title45-vol1-chapA-subchapC.pdf">164.308(a)(1)(ii)(D)</reference>
          <reference href="https://www.gpo.gov/fdsys/pkg/CFR-2007-title45-vol1/pdf/CFR-2007-title45-vol1-chapA-subchapC.pdf">164.308(a)(3)(ii)(A)</reference>
          <reference href="https://www.gpo.gov/fdsys/pkg/CFR-2007-title45-vol1/pdf/CFR-2007-title45-vol1-chapA-subchapC.pdf">164.308(a)(5)(ii)(C)</reference>
          <reference href="https://www.gpo.gov/fdsys/pkg/CFR-2007-title45-vol1/pdf/CFR-2007-title45-vol1-chapA-subchapC.pdf">164.312(a)(2)(i)</reference>
          <reference href="https://www.gpo.gov/fdsys/pkg/CFR-2007-title45-vol1/pdf/CFR-2007-title45-vol1-chapA-subchapC.pdf">164.312(b)</reference>
          <reference href="https://www.gpo.gov/fdsys/pkg/CFR-2007-title45-vol1/pdf/CFR-2007-title45-vol1-chapA-subchapC.pdf">164.312(d)</reference>
          <reference href="https://www.gpo.gov/fdsys/pkg/CFR-2007-title45-vol1/pdf/CFR-2007-title45-vol1-chapA-subchapC.pdf">164.312(e)</reference>
          <reference href="https://www.isa.org/products/isa-62443-2-1-2009-security-for-industrial-automat">4.2.3.10</reference>
          <reference href="https://www.isa.org/products/isa-62443-2-1-2009-security-for-industrial-automat">4.3.2.6.7</reference>
          <reference href="https://www.isa.org/products/isa-62443-2-1-2009-security-for-industrial-automat">4.3.3.3.9</reference>
          <reference href="https://www.isa.org/products/isa-62443-2-1-2009-security-for-industrial-automat">4.3.3.5.8</reference>
          <reference href="https://www.isa.org/products/isa-62443-2-1-2009-security-for-industrial-automat">4.3.3.6.5</reference>
          <reference href="https://www.isa.org/products/isa-62443-2-1-2009-security-for-industrial-automat">4.3.3.6.6</reference>
          <reference href="https://www.isa.org/products/isa-62443-2-1-2009-security-for-industrial-automat">4.3.3.6.7</reference>
          <reference href="https://www.isa.org/products/isa-62443-2-1-2009-security-for-industrial-automat">4.3.3.6.8</reference>
          <reference href="https://www.isa.org/products/isa-62443-2-1-2009-security-for-industrial-automat">4.3.4.4.7</reference>
          <reference href="https://www.isa.org/products/isa-62443-2-1-2009-security-for-industrial-automat">4.3.4.5.6</reference>
          <reference href="https://www.isa.org/products/isa-62443-2-1-2009-security-for-industrial-automat">4.3.4.5.7</reference>
          <reference href="https://www.isa.org/products/isa-62443-2-1-2009-security-for-industrial-automat">4.3.4.5.8</reference>
          <reference href="https://www.isa.org/products/isa-62443-2-1-2009-security-for-industrial-automat">4.4.2.1</reference>
          <reference href="https://www.isa.org/products/isa-62443-2-1-2009-security-for-industrial-automat">4.4.2.2</reference>
          <reference href="https://www.isa.org/products/isa-62443-2-1-2009-security-for-industrial-automat">4.4.2.4</reference>
          <reference href="https://www.isa.org/products/ansi-isa-62443-3-3-99-03-03-2013-security-for-indu">SR 1.13</reference>
          <reference href="https://www.isa.org/products/ansi-isa-62443-3-3-99-03-03-2013-security-for-indu">SR 2.10</reference>
          <reference href="https://www.isa.org/products/ansi-isa-62443-3-3-99-03-03-2013-security-for-indu">SR 2.11</reference>
          <reference href="https://www.isa.org/products/ansi-isa-62443-3-3-99-03-03-2013-security-for-indu">SR 2.12</reference>
          <reference href="https://www.isa.org/products/ansi-isa-62443-3-3-99-03-03-2013-security-for-indu">SR 2.6</reference>
          <reference href="https://www.isa.org/products/ansi-isa-62443-3-3-99-03-03-2013-security-for-indu">SR 2.8</reference>
          <reference href="https://www.isa.org/products/ansi-isa-62443-3-3-99-03-03-2013-security-for-indu">SR 2.9</reference>
          <reference href="https://www.isa.org/products/ansi-isa-62443-3-3-99-03-03-2013-security-for-indu">SR 3.1</reference>
          <reference href="https://www.isa.org/products/ansi-isa-62443-3-3-99-03-03-2013-security-for-indu">SR 3.5</reference>
          <reference href="https://www.isa.org/products/ansi-isa-62443-3-3-99-03-03-2013-security-for-indu">SR 3.8</reference>
          <reference href="https://www.isa.org/products/ansi-isa-62443-3-3-99-03-03-2013-security-for-indu">SR 4.1</reference>
          <reference href="https://www.isa.org/products/ansi-isa-62443-3-3-99-03-03-2013-security-for-indu">SR 4.3</reference>
          <reference href="https://www.isa.org/products/ansi-isa-62443-3-3-99-03-03-2013-security-for-indu">SR 5.1</reference>
          <reference href="https://www.isa.org/products/ansi-isa-62443-3-3-99-03-03-2013-security-for-indu">SR 5.2</reference>
          <reference href="https://www.isa.org/products/ansi-isa-62443-3-3-99-03-03-2013-security-for-indu">SR 5.3</reference>
          <reference href="https://www.isa.org/products/ansi-isa-62443-3-3-99-03-03-2013-security-for-indu">SR 6.1</reference>
          <reference href="https://www.isa.org/products/ansi-isa-62443-3-3-99-03-03-2013-security-for-indu">SR 6.2</reference>
          <reference href="https://www.isa.org/products/ansi-isa-62443-3-3-99-03-03-2013-security-for-indu">SR 7.1</reference>
          <reference href="https://www.isa.org/products/ansi-isa-62443-3-3-99-03-03-2013-security-for-indu">SR 7.6</reference>
          <reference href="https://www.iso.org/contents/data/standard/05/45/54534.html">A.11.2.4</reference>
          <reference href="https://www.iso.org/contents/data/standard/05/45/54534.html">A.11.2.6</reference>
          <reference href="https://www.iso.org/contents/data/standard/05/45/54534.html">A.12.4.1</reference>
          <reference href="https://www.iso.org/contents/data/standard/05/45/54534.html">A.12.4.2</reference>
          <reference href="https://www.iso.org/contents/data/standard/05/45/54534.html">A.12.4.3</reference>
          <reference href="https://www.iso.org/contents/data/standard/05/45/54534.html">A.12.4.4</reference>
          <reference href="https://www.iso.org/contents/data/standard/05/45/54534.html">A.12.7.1</reference>
          <reference href="https://www.iso.org/contents/data/standard/05/45/54534.html">A.13.1.1</reference>
          <reference href="https://www.iso.org/contents/data/standard/05/45/54534.html">A.13.2.1</reference>
          <reference href="https://www.iso.org/contents/data/standard/05/45/54534.html">A.14.1.3</reference>
          <reference href="https://www.iso.org/contents/data/standard/05/45/54534.html">A.14.2.7</reference>
          <reference href="https://www.iso.org/contents/data/standard/05/45/54534.html">A.15.1.1</reference>
          <reference href="https://www.iso.org/contents/data/standard/05/45/54534.html">A.15.2.1</reference>
          <reference href="https://www.iso.org/contents/data/standard/05/45/54534.html">A.15.2.2</reference>
          <reference href="https://www.iso.org/contents/data/standard/05/45/54534.html">A.16.1.4</reference>
          <reference href="https://www.iso.org/contents/data/standard/05/45/54534.html">A.16.1.5</reference>
          <reference href="https://www.iso.org/contents/data/standard/05/45/54534.html">A.16.1.7</reference>
          <reference href="https://www.iso.org/contents/data/standard/05/45/54534.html">A.6.2.1</reference>
          <reference href="https://www.iso.org/contents/data/standard/05/45/54534.html">A.6.2.2</reference>
          <reference href="http://nvlpubs.nist.gov/nistpubs/SpecialPublications/NIST.SP.800-53r4.pdf">AU-2(d)</reference>
          <reference href="http://nvlpubs.nist.gov/nistpubs/SpecialPublications/NIST.SP.800-53r4.pdf">AU-12(c)</reference>
          <reference href="http://nvlpubs.nist.gov/nistpubs/SpecialPublications/NIST.SP.800-53r4.pdf">CM-6(a)</reference>
          <reference href="https://nvlpubs.nist.gov/nistpubs/CSWP/NIST.CSWP.04162018.pdf">DE.AE-3</reference>
          <reference href="https://nvlpubs.nist.gov/nistpubs/CSWP/NIST.CSWP.04162018.pdf">DE.AE-5</reference>
          <reference href="https://nvlpubs.nist.gov/nistpubs/CSWP/NIST.CSWP.04162018.pdf">DE.CM-1</reference>
          <reference href="https://nvlpubs.nist.gov/nistpubs/CSWP/NIST.CSWP.04162018.pdf">DE.CM-3</reference>
          <reference href="https://nvlpubs.nist.gov/nistpubs/CSWP/NIST.CSWP.04162018.pdf">DE.CM-7</reference>
          <reference href="https://nvlpubs.nist.gov/nistpubs/CSWP/NIST.CSWP.04162018.pdf">ID.SC-4</reference>
          <reference href="https://nvlpubs.nist.gov/nistpubs/CSWP/NIST.CSWP.04162018.pdf">PR.AC-3</reference>
          <reference href="https://nvlpubs.nist.gov/nistpubs/CSWP/NIST.CSWP.04162018.pdf">PR.MA-2</reference>
          <reference href="https://nvlpubs.nist.gov/nistpubs/CSWP/NIST.CSWP.04162018.pdf">PR.PT-1</reference>
          <reference href="https://nvlpubs.nist.gov/nistpubs/CSWP/NIST.CSWP.04162018.pdf">PR.PT-4</reference>
          <reference href="https://nvlpubs.nist.gov/nistpubs/CSWP/NIST.CSWP.04162018.pdf">RS.AN-1</reference>
          <reference href="https://nvlpubs.nist.gov/nistpubs/CSWP/NIST.CSWP.04162018.pdf">RS.AN-4</reference>
          <reference href="https://www.pcisecuritystandards.org/documents/PCI_DSS_v3-2-1.pdf">Req-10.2.7</reference>
          <reference href="https://public.cyber.mil/stigs/downloads/?_dl_facet_stigs=operating-systems%2Cgeneral-purpose-os">SRG-OS-000037-GPOS-00015</reference>
          <reference href="https://public.cyber.mil/stigs/downloads/?_dl_facet_stigs=operating-systems%2Cgeneral-purpose-os">SRG-OS-000042-GPOS-00020</reference>
          <reference href="https://public.cyber.mil/stigs/downloads/?_dl_facet_stigs=operating-systems%2Cgeneral-purpose-os">SRG-OS-000062-GPOS-00031</reference>
          <reference href="https://public.cyber.mil/stigs/downloads/?_dl_facet_stigs=operating-systems%2Cgeneral-purpose-os">SRG-OS-000392-GPOS-00172</reference>
          <reference href="https://public.cyber.mil/stigs/downloads/?_dl_facet_stigs=operating-systems%2Cgeneral-purpose-os">SRG-OS-000462-GPOS-00206</reference>
          <reference href="https://public.cyber.mil/stigs/downloads/?_dl_facet_stigs=operating-systems%2Cgeneral-purpose-os">SRG-OS-000471-GPOS-00215</reference>
          <reference href="https://public.cyber.mil/stigs/downloads/?_dl_facet_stigs=operating-systems%2Cgeneral-purpose-os">SRG-OS-000466-GPOS-00210</reference>
          <reference href="https://public.cyber.mil/stigs/downloads/?_dl_facet_stigs=operating-systems%2Cgeneral-purpose-os">SRG-OS-000467-GPOS-00211</reference>
          <reference href="https://public.cyber.mil/stigs/downloads/?_dl_facet_stigs=operating-systems%2Cgeneral-purpose-os">SRG-OS-000468-GPOS-00212</reference>
          <reference href="https://public.cyber.mil/stigs/downloads/?_dl_facet_stigs=container-platform">SRG-APP-000495-CTR-001235</reference>
          <reference href="https://public.cyber.mil/stigs/downloads/?_dl_facet_stigs=container-platform">SRG-APP-000499-CTR-001255</reference>
          <reference href="https://public.cyber.mil/stigs/downloads/?_dl_facet_stigs=container-platform">SRG-APP-000501-CTR-001265</reference>
          <reference href="https://public.cyber.mil/stigs/downloads/?_dl_facet_stigs=container-platform">SRG-APP-000502-CTR-001270</reference>
          <reference href="https://cyber.gouv.fr/sites/default/files/document/linux_configuration-en-v2.pdf">R73</reference>
          <reference href="https://www.cisecurity.org/benchmark/ubuntu_linux/">6.2.3.13</reference>
          <reference href="https://docs-prv.pcisecuritystandards.org/PCI%20DSS/Standard/PCI-DSS-v4_0.pdf">10.2.1.7</reference>
          <reference href="https://docs-prv.pcisecuritystandards.org/PCI%20DSS/Standard/PCI-DSS-v4_0.pdf">10.2.1</reference>
          <reference href="https://docs-prv.pcisecuritystandards.org/PCI%20DSS/Standard/PCI-DSS-v4_0.pdf">10.2</reference>
          <rationale xmlns:xhtml="http://www.w3.org/1999/xhtml" xml:lang="en-US">Auditing file deletions will create an audit trail for files that are removed
from the system. The audit trail could aid in system troubleshooting, as well as, detecting
malicious processes that attempt to delete log files to conceal their presence.</rationale>
          <fix xmlns:xhtml="http://www.w3.org/1999/xhtml" id="audit_rules_file_deletion_events_renameat" system="urn:xccdf:fix:script:ansible" reboot="true" complexity="low" disruption="low" strategy="restrict">- name: Gather the package facts
  package_facts:
    manager: auto
  tags:
  - NIST-800-171-3.1.7
  - NIST-800-53-AU-12(c)
  - NIST-800-53-AU-2(d)
  - NIST-800-53-CM-6(a)
  - PCI-DSS-Req-10.2.7
  - PCI-DSSv4-10.2
  - PCI-DSSv4-10.2.1
  - PCI-DSSv4-10.2.1.7
  - audit_rules_file_deletion_events_renameat
  - low_complexity
  - low_disruption
  - medium_severity
  - reboot_required
  - restrict_strategy

- name: Set architecture for audit renameat tasks
  set_fact:
    audit_arch: b64
  when:
  - '"auditd" in ansible_facts.packages'
  - '"linux-base" in ansible_facts.packages'
  - ansible_architecture == "aarch64" or ansible_architecture == "ppc64" or ansible_architecture
    == "ppc64le" or ansible_architecture == "s390x" or ansible_architecture == "x86_64"
  tags:
  - NIST-800-171-3.1.7
  - NIST-800-53-AU-12(c)
  - NIST-800-53-AU-2(d)
  - NIST-800-53-CM-6(a)
  - PCI-DSS-Req-10.2.7
  - PCI-DSSv4-10.2
  - PCI-DSSv4-10.2.1
  - PCI-DSSv4-10.2.1.7
  - audit_rules_file_deletion_events_renameat
  - low_complexity
  - low_disruption
  - medium_severity
  - reboot_required
  - restrict_strategy

- name: Perform remediation of Audit rules for renameat for 32bit platform
  block:

  - name: Declare list of syscalls
    set_fact:
      syscalls:
      - renameat
      syscall_grouping:
      - unlink
      - unlinkat
      - rename
      - renameat
      - rmdir

  - name: Check existence of renameat in /etc/audit/rules.d/
    find:
      paths: /etc/audit/rules.d
      contains: -a always,exit -F arch=b32(( -S |,)\w+)*(( -S |,){{ item }})+(( -S
        |,)\w+)* -F auid&gt;=1000 -F auid!=unset (-k\s+|-F\s+key=)\S+\s*$
      patterns: '*.rules'
    register: find_command
    loop: '{{ (syscall_grouping + syscalls) | unique }}'

  - name: Reset syscalls found per file
    set_fact:
      syscalls_per_file: {}
      found_paths_dict: {}

  - name: Declare syscalls found per file
    set_fact: syscalls_per_file="{{ syscalls_per_file | combine( {item.files[0].path
      :[item.item] + syscalls_per_file.get(item.files[0].path, []) } ) }}"
    loop: '{{ find_command.results | selectattr(''matched'') | list }}'

  - name: Declare files where syscalls were found
    set_fact: found_paths="{{ find_command.results | map(attribute='files') | flatten
      | map(attribute='path') | list }}"

  - name: Count occurrences of syscalls in paths
    set_fact: found_paths_dict="{{ found_paths_dict | combine({ item:1+found_paths_dict.get(item,
      0) }) }}"
    loop: '{{ find_command.results | map(attribute=''files'') | flatten | map(attribute=''path'')
      | list }}'

  - name: Get path with most syscalls
    set_fact: audit_file="{{ (found_paths_dict | dict2items() | sort(attribute='value')
      | last).key }}"
    when: found_paths | length &gt;= 1

  - name: No file with syscall found, set path to /etc/audit/rules.d/delete.rules
    set_fact: audit_file="/etc/audit/rules.d/delete.rules"
    when: found_paths | length == 0

  - name: Declare found syscalls
    set_fact: syscalls_found="{{ find_command.results | selectattr('matched') | map(attribute='item')
      | list }}"

  - name: Declare missing syscalls
    set_fact: missing_syscalls="{{ syscalls | difference(syscalls_found) }}"

  - name: Replace the audit rule in {{ audit_file }}
    lineinfile:
      path: '{{ audit_file }}'
      regexp: (-a always,exit -F arch=b32)(?=.*(?:(?:-S |,)(?:{{ syscalls_per_file[audit_file]
        | join("|") }}))\b)((?:( -S |,)\w+)+)( -F auid&gt;=1000 -F auid!=unset (?:-k
        |-F key=)\w+)
      line: \1\2\3{{ missing_syscalls | join("\3") }}\4
      backrefs: true
      state: present
      mode: g-rwx,o-rwx
    when: syscalls_found | length &gt; 0 and missing_syscalls | length &gt; 0

  - name: Add the audit rule to {{ audit_file }}
    lineinfile:
      path: '{{ audit_file }}'
      line: -a always,exit -F arch=b32 -S {{ syscalls | join(',') }} -F auid&gt;=1000
        -F auid!=unset -F key=delete
      create: true
      mode: g-rwx,o-rwx
      state: present
    when: syscalls_found | length == 0

  - name: Declare list of syscalls
    set_fact:
      syscalls:
      - renameat
      syscall_grouping:
      - unlink
      - unlinkat
      - rename
      - renameat
      - rmdir

  - name: Check existence of renameat in /etc/audit/audit.rules
    find:
      paths: /etc/audit
      contains: -a always,exit -F arch=b32(( -S |,)\w+)*(( -S |,){{ item }})+(( -S
        |,)\w+)* -F auid&gt;=1000 -F auid!=unset (-k\s+|-F\s+key=)\S+\s*$
      patterns: audit.rules
    register: find_command
    loop: '{{ (syscall_grouping + syscalls) | unique }}'

  - name: Set path to /etc/audit/audit.rules
    set_fact: audit_file="/etc/audit/audit.rules"

  - name: Declare found syscalls
    set_fact: syscalls_found="{{ find_command.results | selectattr('matched') | map(attribute='item')
      | list }}"

  - name: Declare missing syscalls
    set_fact: missing_syscalls="{{ syscalls | difference(syscalls_found) }}"

  - name: Replace the audit rule in {{ audit_file }}
    lineinfile:
      path: '{{ audit_file }}'
      regexp: (-a always,exit -F arch=b32)(?=.*(?:(?:-S |,)(?:{{ syscalls_found |
        join("|") }}))\b)((?:( -S |,)\w+)+)( -F auid&gt;=1000 -F auid!=unset (?:-k |-F
        key=)\w+)
      line: \1\2\3{{ missing_syscalls | join("\3") }}\4
      backrefs: true
      state: present
      mode: g-rwx,o-rwx
    when: syscalls_found | length &gt; 0 and missing_syscalls | length &gt; 0

  - name: Add the audit rule to {{ audit_file }}
    lineinfile:
      path: '{{ audit_file }}'
      line: -a always,exit -F arch=b32 -S {{ syscalls | join(',') }} -F auid&gt;=1000
        -F auid!=unset -F key=delete
      create: true
      mode: g-rwx,o-rwx
      state: present
    when: syscalls_found | length == 0
  when:
  - '"auditd" in ansible_facts.packages'
  - '"linux-base" in ansible_facts.packages'
  tags:
  - NIST-800-171-3.1.7
  - NIST-800-53-AU-12(c)
  - NIST-800-53-AU-2(d)
  - NIST-800-53-CM-6(a)
  - PCI-DSS-Req-10.2.7
  - PCI-DSSv4-10.2
  - PCI-DSSv4-10.2.1
  - PCI-DSSv4-10.2.1.7
  - audit_rules_file_deletion_events_renameat
  - low_complexity
  - low_disruption
  - medium_severity
  - reboot_required
  - restrict_strategy

- name: Perform remediation of Audit rules for renameat for 64bit platform
  block:

  - name: Declare list of syscalls
    set_fact:
      syscalls:
      - renameat
      syscall_grouping:
      - unlink
      - unlinkat
      - rename
      - renameat
      - rmdir

  - name: Check existence of renameat in /etc/audit/rules.d/
    find:
      paths: /etc/audit/rules.d
      contains: -a always,exit -F arch=b64(( -S |,)\w+)*(( -S |,){{ item }})+(( -S
        |,)\w+)* -F auid&gt;=1000 -F auid!=unset (-k\s+|-F\s+key=)\S+\s*$
      patterns: '*.rules'
    register: find_command
    loop: '{{ (syscall_grouping + syscalls) | unique }}'

  - name: Reset syscalls found per file
    set_fact:
      syscalls_per_file: {}
      found_paths_dict: {}

  - name: Declare syscalls found per file
    set_fact: syscalls_per_file="{{ syscalls_per_file | combine( {item.files[0].path
      :[item.item] + syscalls_per_file.get(item.files[0].path, []) } ) }}"
    loop: '{{ find_command.results | selectattr(''matched'') | list }}'

  - name: Declare files where syscalls were found
    set_fact: found_paths="{{ find_command.results | map(attribute='files') | flatten
      | map(attribute='path') | list }}"

  - name: Count occurrences of syscalls in paths
    set_fact: found_paths_dict="{{ found_paths_dict | combine({ item:1+found_paths_dict.get(item,
      0) }) }}"
    loop: '{{ find_command.results | map(attribute=''files'') | flatten | map(attribute=''path'')
      | list }}'

  - name: Get path with most syscalls
    set_fact: audit_file="{{ (found_paths_dict | dict2items() | sort(attribute='value')
      | last).key }}"
    when: found_paths | length &gt;= 1

  - name: No file with syscall found, set path to /etc/audit/rules.d/delete.rules
    set_fact: audit_file="/etc/audit/rules.d/delete.rules"
    when: found_paths | length == 0

  - name: Declare found syscalls
    set_fact: syscalls_found="{{ find_command.results | selectattr('matched') | map(attribute='item')
      | list }}"

  - name: Declare missing syscalls
    set_fact: missing_syscalls="{{ syscalls | difference(syscalls_found) }}"

  - name: Replace the audit rule in {{ audit_file }}
    lineinfile:
      path: '{{ audit_file }}'
      regexp: (-a always,exit -F arch=b64)(?=.*(?:(?:-S |,)(?:{{ syscalls_per_file[audit_file]
        | join("|") }}))\b)((?:( -S |,)\w+)+)( -F auid&gt;=1000 -F auid!=unset (?:-k
        |-F key=)\w+)
      line: \1\2\3{{ missing_syscalls | join("\3") }}\4
      backrefs: true
      state: present
      mode: g-rwx,o-rwx
    when: syscalls_found | length &gt; 0 and missing_syscalls | length &gt; 0

  - name: Add the audit rule to {{ audit_file }}
    lineinfile:
      path: '{{ audit_file }}'
      line: -a always,exit -F arch=b64 -S {{ syscalls | join(',') }} -F auid&gt;=1000
        -F auid!=unset -F key=delete
      create: true
      mode: g-rwx,o-rwx
      state: present
    when: syscalls_found | length == 0

  - name: Declare list of syscalls
    set_fact:
      syscalls:
      - renameat
      syscall_grouping:
      - unlink
      - unlinkat
      - rename
      - renameat
      - rmdir

  - name: Check existence of renameat in /etc/audit/audit.rules
    find:
      paths: /etc/audit
      contains: -a always,exit -F arch=b64(( -S |,)\w+)*(( -S |,){{ item }})+(( -S
        |,)\w+)* -F auid&gt;=1000 -F auid!=unset (-k\s+|-F\s+key=)\S+\s*$
      patterns: audit.rules
    register: find_command
    loop: '{{ (syscall_grouping + syscalls) | unique }}'

  - name: Set path to /etc/audit/audit.rules
    set_fact: audit_file="/etc/audit/audit.rules"

  - name: Declare found syscalls
    set_fact: syscalls_found="{{ find_command.results | selectattr('matched') | map(attribute='item')
      | list }}"

  - name: Declare missing syscalls
    set_fact: missing_syscalls="{{ syscalls | difference(syscalls_found) }}"

  - name: Replace the audit rule in {{ audit_file }}
    lineinfile:
      path: '{{ audit_file }}'
      regexp: (-a always,exit -F arch=b64)(?=.*(?:(?:-S |,)(?:{{ syscalls_found |
        join("|") }}))\b)((?:( -S |,)\w+)+)( -F auid&gt;=1000 -F auid!=unset (?:-k |-F
        key=)\w+)
      line: \1\2\3{{ missing_syscalls | join("\3") }}\4
      backrefs: true
      state: present
      mode: g-rwx,o-rwx
    when: syscalls_found | length &gt; 0 and missing_syscalls | length &gt; 0

  - name: Add the audit rule to {{ audit_file }}
    lineinfile:
      path: '{{ audit_file }}'
      line: -a always,exit -F arch=b64 -S {{ syscalls | join(',') }} -F auid&gt;=1000
        -F auid!=unset -F key=delete
      create: true
      mode: g-rwx,o-rwx
      state: present
    when: syscalls_found | length == 0
  when:
  - '"auditd" in ansible_facts.packages'
  - '"linux-base" in ansible_facts.packages'
  - audit_arch == "b64"
  tags:
  - NIST-800-171-3.1.7
  - NIST-800-53-AU-12(c)
  - NIST-800-53-AU-2(d)
  - NIST-800-53-CM-6(a)
  - PCI-DSS-Req-10.2.7
  - PCI-DSSv4-10.2
  - PCI-DSSv4-10.2.1
  - PCI-DSSv4-10.2.1.7
  - audit_rules_file_deletion_events_renameat
  - low_complexity
  - low_disruption
  - medium_severity
  - reboot_required
  - restrict_strategy
</fix>
          <fix xmlns:xhtml="http://www.w3.org/1999/xhtml" id="audit_rules_file_deletion_events_renameat" system="urn:xccdf:fix:script:sh"># Remediation is applicable only in certain platforms
if dpkg-query --show --showformat='${db:Status-Status}
' 'linux-base' 2&gt;/dev/null | grep -q ^installed &amp;&amp; dpkg-query --show --showformat='${db:Status-Status}\n' 'auditd' 2&gt;/dev/null | grep -q '^installed'; then

# First perform the remediation of the syscall rule
# Retrieve hardware architecture of the underlying system
[ "$(getconf LONG_BIT)" = "32" ] &amp;&amp; RULE_ARCHS=("b32") || RULE_ARCHS=("b32" "b64")

for ARCH in "${RULE_ARCHS[@]}"
do
	ACTION_ARCH_FILTERS="-a always,exit -F arch=$ARCH"
	OTHER_FILTERS=""
	AUID_FILTERS="-F auid&gt;=1000 -F auid!=unset"
	SYSCALL="renameat"
	KEY="delete"
	SYSCALL_GROUPING="unlink unlinkat rename renameat rmdir"
	# Perform the remediation for both possible tools: 'auditctl' and 'augenrules'
	unset syscall_a
unset syscall_grouping
unset syscall_string
unset syscall
unset file_to_edit
unset rule_to_edit
unset rule_syscalls_to_edit
unset other_string
unset auid_string
unset full_rule

# Load macro arguments into arrays
read -a syscall_a &lt;&lt;&lt; $SYSCALL
read -a syscall_grouping &lt;&lt;&lt; $SYSCALL_GROUPING

# Create a list of audit *.rules files that should be inspected for presence and correctness
# of a particular audit rule. The scheme is as follows:
#
# -----------------------------------------------------------------------------------------
#  Tool used to load audit rules | Rule already defined  |  Audit rules file to inspect    |
# -----------------------------------------------------------------------------------------
#        auditctl                |     Doesn't matter    |  /etc/audit/audit.rules         |
# -----------------------------------------------------------------------------------------
#        augenrules              |          Yes          |  /etc/audit/rules.d/*.rules     |
#        augenrules              |          No           |  /etc/audit/rules.d/$key.rules  |
# -----------------------------------------------------------------------------------------
#
files_to_inspect=()

# If audit tool is 'augenrules', then check if the audit rule is defined
# If rule is defined, add '/etc/audit/rules.d/*.rules' to the list for inspection
# If rule isn't defined yet, add '/etc/audit/rules.d/$key.rules' to the list for inspection
default_file="/etc/audit/rules.d/$KEY.rules"
# As other_filters may include paths, lets use a different delimiter for it
# The "F" script expression tells sed to print the filenames where the expressions matched
readarray -t files_to_inspect &lt; &lt;(sed -s -n -e "/^$ACTION_ARCH_FILTERS/!d" -e "\#$OTHER_FILTERS#!d" -e "/$AUID_FILTERS/!d" -e "F" /etc/audit/rules.d/*.rules)
# Case when particular rule isn't defined in /etc/audit/rules.d/*.rules yet
if [ ${#files_to_inspect[@]} -eq "0" ]
then
    file_to_inspect="/etc/audit/rules.d/$KEY.rules"
    files_to_inspect=("$file_to_inspect")
    if [ ! -e "$file_to_inspect" ]
    then
        touch "$file_to_inspect"
        chmod 0600 "$file_to_inspect"
    fi
fi

# After converting to jinja, we cannot return; therefore we skip the rest of the macro if needed instead
skip=1

for audit_file in "${files_to_inspect[@]}"
do
    # Filter existing $audit_file rules' definitions to select those that satisfy the rule pattern,
    # i.e, collect rules that match:
    # * the action, list and arch, (2-nd argument)
    # * the other filters, (3-rd argument)
    # * the auid filters, (4-rd argument)
    readarray -t similar_rules &lt; &lt;(sed -e "/^$ACTION_ARCH_FILTERS/!d"  -e "\#$OTHER_FILTERS#!d" -e "/$AUID_FILTERS/!d" "$audit_file")

    candidate_rules=()
    # Filter out rules that have more fields then required. This will remove rules more specific than the required scope
    for s_rule in "${similar_rules[@]}"
    do
        # Strip all the options and fields we know of,
        # than check if there was any field left over
        extra_fields=$(sed -E -e "s/^$ACTION_ARCH_FILTERS//"  -e "s#$OTHER_FILTERS##" -e "s/$AUID_FILTERS//" -e "s/((:?-S [[:alnum:],]+)+)//g" -e "s/-F key=\w+|-k \w+//"&lt;&lt;&lt; "$s_rule")
        grep -q -- "-F" &lt;&lt;&lt; "$extra_fields" || candidate_rules+=("$s_rule")
    done

    if [[ ${#syscall_a[@]} -ge 1 ]]
    then
        # Check if the syscall we want is present in any of the similar existing rules
        for rule in "${candidate_rules[@]}"
        do
            rule_syscalls=$(echo "$rule" | grep -o -P '(-S [\w,]+)+' | xargs)
            all_syscalls_found=0
            for syscall in "${syscall_a[@]}"
            do
                grep -q -- "\b${syscall}\b" &lt;&lt;&lt; "$rule_syscalls" || {
                   # A syscall was not found in the candidate rule
                   all_syscalls_found=1
                   }
            done
            if [[ $all_syscalls_found -eq 0 ]]
            then
                # We found a rule with all the syscall(s) we want; skip rest of macro
                skip=0
                break
            fi

            # Check if this rule can be grouped with our target syscall and keep track of it
            for syscall_g in "${syscall_grouping[@]}"
            do
                if grep -q -- "\b${syscall_g}\b" &lt;&lt;&lt; "$rule_syscalls"
                then
                    file_to_edit=${audit_file}
                    rule_to_edit=${rule}
                    rule_syscalls_to_edit=${rule_syscalls}
                fi
            done
        done
    else
        # If there is any candidate rule, it is compliant; skip rest of macro
        if [ "${#candidate_rules[@]}" -gt 0 ]
        then
            skip=0
        fi
    fi

    if [ "$skip" -eq 0 ]; then
        break
    fi
done

if [ "$skip" -ne 0 ]; then
    # We checked all rules that matched the expected resemblance pattern (action, arch &amp; auid)
    # At this point we know if we need to either append the $full_rule or group
    # the syscall together with an exsiting rule

    # Append the full_rule if it cannot be grouped to any other rule
    if [ -z ${rule_to_edit+x} ]
    then
        # Build full_rule while avoid adding double spaces when other_filters is empty
        if [ "${#syscall_a[@]}" -gt 0 ]
        then
            syscall_string=""
            for syscall in "${syscall_a[@]}"
            do
                syscall_string+=" -S $syscall"
            done
        fi
        other_string=$([[ $OTHER_FILTERS ]] &amp;&amp; echo " $OTHER_FILTERS") || /bin/true
        auid_string=$([[ $AUID_FILTERS ]] &amp;&amp; echo " $AUID_FILTERS") || /bin/true
        full_rule="$ACTION_ARCH_FILTERS${syscall_string}${other_string}${auid_string} -F key=$KEY" || /bin/true
        echo "$full_rule" &gt;&gt; "$default_file"
        chmod 0600 ${default_file}
    else
        # Check if the syscalls are declared as a comma separated list or
        # as multiple -S parameters
        if grep -q -- "," &lt;&lt;&lt; "${rule_syscalls_to_edit}"
        then
            delimiter=","
        else
            delimiter=" -S "
        fi
        new_grouped_syscalls="${rule_syscalls_to_edit}"
        for syscall in "${syscall_a[@]}"
        do
            grep -q -- "\b${syscall}\b" &lt;&lt;&lt; "${rule_syscalls_to_edit}" || {
               # A syscall was not found in the candidate rule
               new_grouped_syscalls+="${delimiter}${syscall}"
               }
        done

        # Group the syscall in the rule
        sed -i -e "\#${rule_to_edit}#s#${rule_syscalls_to_edit}#${new_grouped_syscalls}#" "$file_to_edit"
    fi
fi
	unset syscall_a
unset syscall_grouping
unset syscall_string
unset syscall
unset file_to_edit
unset rule_to_edit
unset rule_syscalls_to_edit
unset other_string
unset auid_string
unset full_rule

# Load macro arguments into arrays
read -a syscall_a &lt;&lt;&lt; $SYSCALL
read -a syscall_grouping &lt;&lt;&lt; $SYSCALL_GROUPING

# Create a list of audit *.rules files that should be inspected for presence and correctness
# of a particular audit rule. The scheme is as follows:
#
# -----------------------------------------------------------------------------------------
#  Tool used to load audit rules | Rule already defined  |  Audit rules file to inspect    |
# -----------------------------------------------------------------------------------------
#        auditctl                |     Doesn't matter    |  /etc/audit/audit.rules         |
# -----------------------------------------------------------------------------------------
#        augenrules              |          Yes          |  /etc/audit/rules.d/*.rules     |
#        augenrules              |          No           |  /etc/audit/rules.d/$key.rules  |
# -----------------------------------------------------------------------------------------
#
files_to_inspect=()


# If audit tool is 'auditctl', then add '/etc/audit/audit.rules'
# file to the list of files to be inspected
default_file="/etc/audit/audit.rules"
files_to_inspect+=('/etc/audit/audit.rules' )

# After converting to jinja, we cannot return; therefore we skip the rest of the macro if needed instead
skip=1

for audit_file in "${files_to_inspect[@]}"
do
    # Filter existing $audit_file rules' definitions to select those that satisfy the rule pattern,
    # i.e, collect rules that match:
    # * the action, list and arch, (2-nd argument)
    # * the other filters, (3-rd argument)
    # * the auid filters, (4-rd argument)
    readarray -t similar_rules &lt; &lt;(sed -e "/^$ACTION_ARCH_FILTERS/!d"  -e "\#$OTHER_FILTERS#!d" -e "/$AUID_FILTERS/!d" "$audit_file")

    candidate_rules=()
    # Filter out rules that have more fields then required. This will remove rules more specific than the required scope
    for s_rule in "${similar_rules[@]}"
    do
        # Strip all the options and fields we know of,
        # than check if there was any field left over
        extra_fields=$(sed -E -e "s/^$ACTION_ARCH_FILTERS//"  -e "s#$OTHER_FILTERS##" -e "s/$AUID_FILTERS//" -e "s/((:?-S [[:alnum:],]+)+)//g" -e "s/-F key=\w+|-k \w+//"&lt;&lt;&lt; "$s_rule")
        grep -q -- "-F" &lt;&lt;&lt; "$extra_fields" || candidate_rules+=("$s_rule")
    done

    if [[ ${#syscall_a[@]} -ge 1 ]]
    then
        # Check if the syscall we want is present in any of the similar existing rules
        for rule in "${candidate_rules[@]}"
        do
            rule_syscalls=$(echo "$rule" | grep -o -P '(-S [\w,]+)+' | xargs)
            all_syscalls_found=0
            for syscall in "${syscall_a[@]}"
            do
                grep -q -- "\b${syscall}\b" &lt;&lt;&lt; "$rule_syscalls" || {
                   # A syscall was not found in the candidate rule
                   all_syscalls_found=1
                   }
            done
            if [[ $all_syscalls_found -eq 0 ]]
            then
                # We found a rule with all the syscall(s) we want; skip rest of macro
                skip=0
                break
            fi

            # Check if this rule can be grouped with our target syscall and keep track of it
            for syscall_g in "${syscall_grouping[@]}"
            do
                if grep -q -- "\b${syscall_g}\b" &lt;&lt;&lt; "$rule_syscalls"
                then
                    file_to_edit=${audit_file}
                    rule_to_edit=${rule}
                    rule_syscalls_to_edit=${rule_syscalls}
                fi
            done
        done
    else
        # If there is any candidate rule, it is compliant; skip rest of macro
        if [ "${#candidate_rules[@]}" -gt 0 ]
        then
            skip=0
        fi
    fi

    if [ "$skip" -eq 0 ]; then
        break
    fi
done

if [ "$skip" -ne 0 ]; then
    # We checked all rules that matched the expected resemblance pattern (action, arch &amp; auid)
    # At this point we know if we need to either append the $full_rule or group
    # the syscall together with an exsiting rule

    # Append the full_rule if it cannot be grouped to any other rule
    if [ -z ${rule_to_edit+x} ]
    then
        # Build full_rule while avoid adding double spaces when other_filters is empty
        if [ "${#syscall_a[@]}" -gt 0 ]
        then
            syscall_string=""
            for syscall in "${syscall_a[@]}"
            do
                syscall_string+=" -S $syscall"
            done
        fi
        other_string=$([[ $OTHER_FILTERS ]] &amp;&amp; echo " $OTHER_FILTERS") || /bin/true
        auid_string=$([[ $AUID_FILTERS ]] &amp;&amp; echo " $AUID_FILTERS") || /bin/true
        full_rule="$ACTION_ARCH_FILTERS${syscall_string}${other_string}${auid_string} -F key=$KEY" || /bin/true
        echo "$full_rule" &gt;&gt; "$default_file"
        chmod 0600 ${default_file}
    else
        # Check if the syscalls are declared as a comma separated list or
        # as multiple -S parameters
        if grep -q -- "," &lt;&lt;&lt; "${rule_syscalls_to_edit}"
        then
            delimiter=","
        else
            delimiter=" -S "
        fi
        new_grouped_syscalls="${rule_syscalls_to_edit}"
        for syscall in "${syscall_a[@]}"
        do
            grep -q -- "\b${syscall}\b" &lt;&lt;&lt; "${rule_syscalls_to_edit}" || {
               # A syscall was not found in the candidate rule
               new_grouped_syscalls+="${delimiter}${syscall}"
               }
        done

        # Group the syscall in the rule
        sed -i -e "\#${rule_to_edit}#s#${rule_syscalls_to_edit}#${new_grouped_syscalls}#" "$file_to_edit"
    fi
fi
done

else
    &gt;&amp;2 echo 'Remediation is not applicable, nothing was done'
fi
</fix>
          <check system="http://oval.mitre.org/XMLSchema/oval-definitions-5">
            <check-content-ref name="oval:ssg-audit_rules_file_deletion_events_renameat:def:1" href="ssg-ubuntu2404-oval.xml"/>
          </check>
          <check system="http://scap.nist.gov/schema/ocil/2">
            <check-content-ref name="ocil:ssg-audit_rules_file_deletion_events_renameat_ocil:questionnaire:1" href="ssg-ubuntu2404-ocil.xml"/>
          </check>
        </Rule>
        <Rule id="xccdf_org.ssgproject.content_rule_audit_rules_file_deletion_events_unlink" selected="false" role="full" severity="medium">
          <title xmlns:xhtml="http://www.w3.org/1999/xhtml" xml:lang="en-US">Ensure auditd Collects File Deletion Events by User - unlink</title>
          <description xmlns:xhtml="http://www.w3.org/1999/xhtml" xml:lang="en-US">At a minimum, the audit system should collect file deletion events
for all users and root. If the <html:code xmlns:html="http://www.w3.org/1999/xhtml">auditd</html:code> daemon is configured to use the
<html:code xmlns:html="http://www.w3.org/1999/xhtml">augenrules</html:code> program to read audit rules during daemon startup (the
default), add the following line to a file with suffix <html:code xmlns:html="http://www.w3.org/1999/xhtml">.rules</html:code> in the
directory <html:code xmlns:html="http://www.w3.org/1999/xhtml">/etc/audit/rules.d</html:code>, setting ARCH to either b32 or b64 as
appropriate for your system:
<html:pre xmlns:html="http://www.w3.org/1999/xhtml">-a always,exit -F arch=ARCH -S unlink -F auid&gt;=1000 -F auid!=unset -F key=delete</html:pre>
If the <html:code xmlns:html="http://www.w3.org/1999/xhtml">auditd</html:code> daemon is configured to use the <html:code xmlns:html="http://www.w3.org/1999/xhtml">auditctl</html:code>
utility to read audit rules during daemon startup, add the following line to
<html:code xmlns:html="http://www.w3.org/1999/xhtml">/etc/audit/audit.rules</html:code> file, setting ARCH to either b32 or b64 as
appropriate for your system:
<html:pre xmlns:html="http://www.w3.org/1999/xhtml">-a always,exit -F arch=ARCH -S unlink -F auid&gt;=1000 -F auid!=unset -F key=delete</html:pre>
       </description>
          <reference href="https://www.cisecurity.org/controls/">1</reference>
          <reference href="https://www.cisecurity.org/controls/">11</reference>
          <reference href="https://www.cisecurity.org/controls/">12</reference>
          <reference href="https://www.cisecurity.org/controls/">13</reference>
          <reference href="https://www.cisecurity.org/controls/">14</reference>
          <reference href="https://www.cisecurity.org/controls/">15</reference>
          <reference href="https://www.cisecurity.org/controls/">16</reference>
          <reference href="https://www.cisecurity.org/controls/">19</reference>
          <reference href="https://www.cisecurity.org/controls/">2</reference>
          <reference href="https://www.cisecurity.org/controls/">3</reference>
          <reference href="https://www.cisecurity.org/controls/">4</reference>
          <reference href="https://www.cisecurity.org/controls/">5</reference>
          <reference href="https://www.cisecurity.org/controls/">6</reference>
          <reference href="https://www.cisecurity.org/controls/">7</reference>
          <reference href="https://www.cisecurity.org/controls/">8</reference>
          <reference href="https://www.cisecurity.org/controls/">9</reference>
          <reference href="https://www.isaca.org/resources/cobit">APO10.01</reference>
          <reference href="https://www.isaca.org/resources/cobit">APO10.03</reference>
          <reference href="https://www.isaca.org/resources/cobit">APO10.04</reference>
          <reference href="https://www.isaca.org/resources/cobit">APO10.05</reference>
          <reference href="https://www.isaca.org/resources/cobit">APO11.04</reference>
          <reference href="https://www.isaca.org/resources/cobit">APO12.06</reference>
          <reference href="https://www.isaca.org/resources/cobit">APO13.01</reference>
          <reference href="https://www.isaca.org/resources/cobit">BAI03.05</reference>
          <reference href="https://www.isaca.org/resources/cobit">BAI08.02</reference>
          <reference href="https://www.isaca.org/resources/cobit">DSS01.03</reference>
          <reference href="https://www.isaca.org/resources/cobit">DSS01.04</reference>
          <reference href="https://www.isaca.org/resources/cobit">DSS02.02</reference>
          <reference href="https://www.isaca.org/resources/cobit">DSS02.04</reference>
          <reference href="https://www.isaca.org/resources/cobit">DSS02.07</reference>
          <reference href="https://www.isaca.org/resources/cobit">DSS03.01</reference>
          <reference href="https://www.isaca.org/resources/cobit">DSS03.05</reference>
          <reference href="https://www.isaca.org/resources/cobit">DSS05.02</reference>
          <reference href="https://www.isaca.org/resources/cobit">DSS05.03</reference>
          <reference href="https://www.isaca.org/resources/cobit">DSS05.04</reference>
          <reference href="https://www.isaca.org/resources/cobit">DSS05.05</reference>
          <reference href="https://www.isaca.org/resources/cobit">DSS05.07</reference>
          <reference href="https://www.isaca.org/resources/cobit">MEA01.01</reference>
          <reference href="https://www.isaca.org/resources/cobit">MEA01.02</reference>
          <reference href="https://www.isaca.org/resources/cobit">MEA01.03</reference>
          <reference href="https://www.isaca.org/resources/cobit">MEA01.04</reference>
          <reference href="https://www.isaca.org/resources/cobit">MEA01.05</reference>
          <reference href="https://www.isaca.org/resources/cobit">MEA02.01</reference>
          <reference href="http://nvlpubs.nist.gov/nistpubs/SpecialPublications/NIST.SP.800-171.pdf">3.1.7</reference>
          <reference href="https://public.cyber.mil/stigs/cci/">CCI-000172</reference>
          <reference href="https://public.cyber.mil/stigs/cci/">CCI-000130</reference>
          <reference href="https://public.cyber.mil/stigs/cci/">CCI-000135</reference>
          <reference href="https://public.cyber.mil/stigs/cci/">CCI-000169</reference>
          <reference href="https://public.cyber.mil/stigs/cci/">CCI-002884</reference>
          <reference href="https://www.gpo.gov/fdsys/pkg/CFR-2007-title45-vol1/pdf/CFR-2007-title45-vol1-chapA-subchapC.pdf">164.308(a)(1)(ii)(D)</reference>
          <reference href="https://www.gpo.gov/fdsys/pkg/CFR-2007-title45-vol1/pdf/CFR-2007-title45-vol1-chapA-subchapC.pdf">164.308(a)(3)(ii)(A)</reference>
          <reference href="https://www.gpo.gov/fdsys/pkg/CFR-2007-title45-vol1/pdf/CFR-2007-title45-vol1-chapA-subchapC.pdf">164.308(a)(5)(ii)(C)</reference>
          <reference href="https://www.gpo.gov/fdsys/pkg/CFR-2007-title45-vol1/pdf/CFR-2007-title45-vol1-chapA-subchapC.pdf">164.312(a)(2)(i)</reference>
          <reference href="https://www.gpo.gov/fdsys/pkg/CFR-2007-title45-vol1/pdf/CFR-2007-title45-vol1-chapA-subchapC.pdf">164.312(b)</reference>
          <reference href="https://www.gpo.gov/fdsys/pkg/CFR-2007-title45-vol1/pdf/CFR-2007-title45-vol1-chapA-subchapC.pdf">164.312(d)</reference>
          <reference href="https://www.gpo.gov/fdsys/pkg/CFR-2007-title45-vol1/pdf/CFR-2007-title45-vol1-chapA-subchapC.pdf">164.312(e)</reference>
          <reference href="https://www.isa.org/products/isa-62443-2-1-2009-security-for-industrial-automat">4.2.3.10</reference>
          <reference href="https://www.isa.org/products/isa-62443-2-1-2009-security-for-industrial-automat">4.3.2.6.7</reference>
          <reference href="https://www.isa.org/products/isa-62443-2-1-2009-security-for-industrial-automat">4.3.3.3.9</reference>
          <reference href="https://www.isa.org/products/isa-62443-2-1-2009-security-for-industrial-automat">4.3.3.5.8</reference>
          <reference href="https://www.isa.org/products/isa-62443-2-1-2009-security-for-industrial-automat">4.3.3.6.5</reference>
          <reference href="https://www.isa.org/products/isa-62443-2-1-2009-security-for-industrial-automat">4.3.3.6.6</reference>
          <reference href="https://www.isa.org/products/isa-62443-2-1-2009-security-for-industrial-automat">4.3.3.6.7</reference>
          <reference href="https://www.isa.org/products/isa-62443-2-1-2009-security-for-industrial-automat">4.3.3.6.8</reference>
          <reference href="https://www.isa.org/products/isa-62443-2-1-2009-security-for-industrial-automat">4.3.4.4.7</reference>
          <reference href="https://www.isa.org/products/isa-62443-2-1-2009-security-for-industrial-automat">4.3.4.5.6</reference>
          <reference href="https://www.isa.org/products/isa-62443-2-1-2009-security-for-industrial-automat">4.3.4.5.7</reference>
          <reference href="https://www.isa.org/products/isa-62443-2-1-2009-security-for-industrial-automat">4.3.4.5.8</reference>
          <reference href="https://www.isa.org/products/isa-62443-2-1-2009-security-for-industrial-automat">4.4.2.1</reference>
          <reference href="https://www.isa.org/products/isa-62443-2-1-2009-security-for-industrial-automat">4.4.2.2</reference>
          <reference href="https://www.isa.org/products/isa-62443-2-1-2009-security-for-industrial-automat">4.4.2.4</reference>
          <reference href="https://www.isa.org/products/ansi-isa-62443-3-3-99-03-03-2013-security-for-indu">SR 1.13</reference>
          <reference href="https://www.isa.org/products/ansi-isa-62443-3-3-99-03-03-2013-security-for-indu">SR 2.10</reference>
          <reference href="https://www.isa.org/products/ansi-isa-62443-3-3-99-03-03-2013-security-for-indu">SR 2.11</reference>
          <reference href="https://www.isa.org/products/ansi-isa-62443-3-3-99-03-03-2013-security-for-indu">SR 2.12</reference>
          <reference href="https://www.isa.org/products/ansi-isa-62443-3-3-99-03-03-2013-security-for-indu">SR 2.6</reference>
          <reference href="https://www.isa.org/products/ansi-isa-62443-3-3-99-03-03-2013-security-for-indu">SR 2.8</reference>
          <reference href="https://www.isa.org/products/ansi-isa-62443-3-3-99-03-03-2013-security-for-indu">SR 2.9</reference>
          <reference href="https://www.isa.org/products/ansi-isa-62443-3-3-99-03-03-2013-security-for-indu">SR 3.1</reference>
          <reference href="https://www.isa.org/products/ansi-isa-62443-3-3-99-03-03-2013-security-for-indu">SR 3.5</reference>
          <reference href="https://www.isa.org/products/ansi-isa-62443-3-3-99-03-03-2013-security-for-indu">SR 3.8</reference>
          <reference href="https://www.isa.org/products/ansi-isa-62443-3-3-99-03-03-2013-security-for-indu">SR 4.1</reference>
          <reference href="https://www.isa.org/products/ansi-isa-62443-3-3-99-03-03-2013-security-for-indu">SR 4.3</reference>
          <reference href="https://www.isa.org/products/ansi-isa-62443-3-3-99-03-03-2013-security-for-indu">SR 5.1</reference>
          <reference href="https://www.isa.org/products/ansi-isa-62443-3-3-99-03-03-2013-security-for-indu">SR 5.2</reference>
          <reference href="https://www.isa.org/products/ansi-isa-62443-3-3-99-03-03-2013-security-for-indu">SR 5.3</reference>
          <reference href="https://www.isa.org/products/ansi-isa-62443-3-3-99-03-03-2013-security-for-indu">SR 6.1</reference>
          <reference href="https://www.isa.org/products/ansi-isa-62443-3-3-99-03-03-2013-security-for-indu">SR 6.2</reference>
          <reference href="https://www.isa.org/products/ansi-isa-62443-3-3-99-03-03-2013-security-for-indu">SR 7.1</reference>
          <reference href="https://www.isa.org/products/ansi-isa-62443-3-3-99-03-03-2013-security-for-indu">SR 7.6</reference>
          <reference href="https://www.iso.org/contents/data/standard/05/45/54534.html">A.11.2.4</reference>
          <reference href="https://www.iso.org/contents/data/standard/05/45/54534.html">A.11.2.6</reference>
          <reference href="https://www.iso.org/contents/data/standard/05/45/54534.html">A.12.4.1</reference>
          <reference href="https://www.iso.org/contents/data/standard/05/45/54534.html">A.12.4.2</reference>
          <reference href="https://www.iso.org/contents/data/standard/05/45/54534.html">A.12.4.3</reference>
          <reference href="https://www.iso.org/contents/data/standard/05/45/54534.html">A.12.4.4</reference>
          <reference href="https://www.iso.org/contents/data/standard/05/45/54534.html">A.12.7.1</reference>
          <reference href="https://www.iso.org/contents/data/standard/05/45/54534.html">A.13.1.1</reference>
          <reference href="https://www.iso.org/contents/data/standard/05/45/54534.html">A.13.2.1</reference>
          <reference href="https://www.iso.org/contents/data/standard/05/45/54534.html">A.14.1.3</reference>
          <reference href="https://www.iso.org/contents/data/standard/05/45/54534.html">A.14.2.7</reference>
          <reference href="https://www.iso.org/contents/data/standard/05/45/54534.html">A.15.1.1</reference>
          <reference href="https://www.iso.org/contents/data/standard/05/45/54534.html">A.15.2.1</reference>
          <reference href="https://www.iso.org/contents/data/standard/05/45/54534.html">A.15.2.2</reference>
          <reference href="https://www.iso.org/contents/data/standard/05/45/54534.html">A.16.1.4</reference>
          <reference href="https://www.iso.org/contents/data/standard/05/45/54534.html">A.16.1.5</reference>
          <reference href="https://www.iso.org/contents/data/standard/05/45/54534.html">A.16.1.7</reference>
          <reference href="https://www.iso.org/contents/data/standard/05/45/54534.html">A.6.2.1</reference>
          <reference href="https://www.iso.org/contents/data/standard/05/45/54534.html">A.6.2.2</reference>
          <reference href="http://nvlpubs.nist.gov/nistpubs/SpecialPublications/NIST.SP.800-53r4.pdf">AU-2(d)</reference>
          <reference href="http://nvlpubs.nist.gov/nistpubs/SpecialPublications/NIST.SP.800-53r4.pdf">AU-12(c)</reference>
          <reference href="http://nvlpubs.nist.gov/nistpubs/SpecialPublications/NIST.SP.800-53r4.pdf">CM-6(a)</reference>
          <reference href="https://nvlpubs.nist.gov/nistpubs/CSWP/NIST.CSWP.04162018.pdf">DE.AE-3</reference>
          <reference href="https://nvlpubs.nist.gov/nistpubs/CSWP/NIST.CSWP.04162018.pdf">DE.AE-5</reference>
          <reference href="https://nvlpubs.nist.gov/nistpubs/CSWP/NIST.CSWP.04162018.pdf">DE.CM-1</reference>
          <reference href="https://nvlpubs.nist.gov/nistpubs/CSWP/NIST.CSWP.04162018.pdf">DE.CM-3</reference>
          <reference href="https://nvlpubs.nist.gov/nistpubs/CSWP/NIST.CSWP.04162018.pdf">DE.CM-7</reference>
          <reference href="https://nvlpubs.nist.gov/nistpubs/CSWP/NIST.CSWP.04162018.pdf">ID.SC-4</reference>
          <reference href="https://nvlpubs.nist.gov/nistpubs/CSWP/NIST.CSWP.04162018.pdf">PR.AC-3</reference>
          <reference href="https://nvlpubs.nist.gov/nistpubs/CSWP/NIST.CSWP.04162018.pdf">PR.MA-2</reference>
          <reference href="https://nvlpubs.nist.gov/nistpubs/CSWP/NIST.CSWP.04162018.pdf">PR.PT-1</reference>
          <reference href="https://nvlpubs.nist.gov/nistpubs/CSWP/NIST.CSWP.04162018.pdf">PR.PT-4</reference>
          <reference href="https://nvlpubs.nist.gov/nistpubs/CSWP/NIST.CSWP.04162018.pdf">RS.AN-1</reference>
          <reference href="https://nvlpubs.nist.gov/nistpubs/CSWP/NIST.CSWP.04162018.pdf">RS.AN-4</reference>
          <reference href="https://www.pcisecuritystandards.org/documents/PCI_DSS_v3-2-1.pdf">Req-10.2.7</reference>
          <reference href="https://public.cyber.mil/stigs/downloads/?_dl_facet_stigs=operating-systems%2Cgeneral-purpose-os">SRG-OS-000037-GPOS-00015</reference>
          <reference href="https://public.cyber.mil/stigs/downloads/?_dl_facet_stigs=operating-systems%2Cgeneral-purpose-os">SRG-OS-000042-GPOS-00020</reference>
          <reference href="https://public.cyber.mil/stigs/downloads/?_dl_facet_stigs=operating-systems%2Cgeneral-purpose-os">SRG-OS-000062-GPOS-00031</reference>
          <reference href="https://public.cyber.mil/stigs/downloads/?_dl_facet_stigs=operating-systems%2Cgeneral-purpose-os">SRG-OS-000392-GPOS-00172</reference>
          <reference href="https://public.cyber.mil/stigs/downloads/?_dl_facet_stigs=operating-systems%2Cgeneral-purpose-os">SRG-OS-000462-GPOS-00206</reference>
          <reference href="https://public.cyber.mil/stigs/downloads/?_dl_facet_stigs=operating-systems%2Cgeneral-purpose-os">SRG-OS-000471-GPOS-00215</reference>
          <reference href="https://public.cyber.mil/stigs/downloads/?_dl_facet_stigs=operating-systems%2Cgeneral-purpose-os">SRG-OS-000466-GPOS-00210</reference>
          <reference href="https://public.cyber.mil/stigs/downloads/?_dl_facet_stigs=operating-systems%2Cgeneral-purpose-os">SRG-OS-000467-GPOS-00211</reference>
          <reference href="https://public.cyber.mil/stigs/downloads/?_dl_facet_stigs=operating-systems%2Cgeneral-purpose-os">SRG-OS-000468-GPOS-00212</reference>
          <reference href="https://public.cyber.mil/stigs/downloads/?_dl_facet_stigs=container-platform">SRG-APP-000495-CTR-001235</reference>
          <reference href="https://public.cyber.mil/stigs/downloads/?_dl_facet_stigs=container-platform">SRG-APP-000499-CTR-001255</reference>
          <reference href="https://public.cyber.mil/stigs/downloads/?_dl_facet_stigs=container-platform">SRG-APP-000501-CTR-001265</reference>
          <reference href="https://public.cyber.mil/stigs/downloads/?_dl_facet_stigs=container-platform">SRG-APP-000502-CTR-001270</reference>
          <reference href="https://cyber.gouv.fr/sites/default/files/document/linux_configuration-en-v2.pdf">R73</reference>
          <reference href="https://www.cisecurity.org/benchmark/ubuntu_linux/">6.2.3.13</reference>
          <reference href="https://docs-prv.pcisecuritystandards.org/PCI%20DSS/Standard/PCI-DSS-v4_0.pdf">10.2.1.7</reference>
          <reference href="https://docs-prv.pcisecuritystandards.org/PCI%20DSS/Standard/PCI-DSS-v4_0.pdf">10.2.1</reference>
          <reference href="https://docs-prv.pcisecuritystandards.org/PCI%20DSS/Standard/PCI-DSS-v4_0.pdf">10.2</reference>
          <rationale xmlns:xhtml="http://www.w3.org/1999/xhtml" xml:lang="en-US">Auditing file deletions will create an audit trail for files that are removed
from the system. The audit trail could aid in system troubleshooting, as well as, detecting
malicious processes that attempt to delete log files to conceal their presence.</rationale>
          <platform idref="#not_aarch64_arch"/>
          <fix xmlns:xhtml="http://www.w3.org/1999/xhtml" id="audit_rules_file_deletion_events_unlink" system="urn:xccdf:fix:script:ansible" reboot="true" complexity="low" disruption="low" strategy="restrict">- name: Gather the package facts
  package_facts:
    manager: auto
  tags:
  - NIST-800-171-3.1.7
  - NIST-800-53-AU-12(c)
  - NIST-800-53-AU-2(d)
  - NIST-800-53-CM-6(a)
  - PCI-DSS-Req-10.2.7
  - PCI-DSSv4-10.2
  - PCI-DSSv4-10.2.1
  - PCI-DSSv4-10.2.1.7
  - audit_rules_file_deletion_events_unlink
  - low_complexity
  - low_disruption
  - medium_severity
  - reboot_required
  - restrict_strategy

- name: Set architecture for audit unlink tasks
  set_fact:
    audit_arch: b64
  when:
  - '"auditd" in ansible_facts.packages'
  - '"linux-base" in ansible_facts.packages'
  - not ( ansible_architecture == "aarch64" )
  - ansible_architecture == "aarch64" or ansible_architecture == "ppc64" or ansible_architecture
    == "ppc64le" or ansible_architecture == "s390x" or ansible_architecture == "x86_64"
  tags:
  - NIST-800-171-3.1.7
  - NIST-800-53-AU-12(c)
  - NIST-800-53-AU-2(d)
  - NIST-800-53-CM-6(a)
  - PCI-DSS-Req-10.2.7
  - PCI-DSSv4-10.2
  - PCI-DSSv4-10.2.1
  - PCI-DSSv4-10.2.1.7
  - audit_rules_file_deletion_events_unlink
  - low_complexity
  - low_disruption
  - medium_severity
  - reboot_required
  - restrict_strategy

- name: Perform remediation of Audit rules for unlink for 32bit platform
  block:

  - name: Declare list of syscalls
    set_fact:
      syscalls:
      - unlink
      syscall_grouping:
      - unlink
      - unlinkat
      - rename
      - renameat
      - rmdir

  - name: Check existence of unlink in /etc/audit/rules.d/
    find:
      paths: /etc/audit/rules.d
      contains: -a always,exit -F arch=b32(( -S |,)\w+)*(( -S |,){{ item }})+(( -S
        |,)\w+)* -F auid&gt;=1000 -F auid!=unset (-k\s+|-F\s+key=)\S+\s*$
      patterns: '*.rules'
    register: find_command
    loop: '{{ (syscall_grouping + syscalls) | unique }}'

  - name: Reset syscalls found per file
    set_fact:
      syscalls_per_file: {}
      found_paths_dict: {}

  - name: Declare syscalls found per file
    set_fact: syscalls_per_file="{{ syscalls_per_file | combine( {item.files[0].path
      :[item.item] + syscalls_per_file.get(item.files[0].path, []) } ) }}"
    loop: '{{ find_command.results | selectattr(''matched'') | list }}'

  - name: Declare files where syscalls were found
    set_fact: found_paths="{{ find_command.results | map(attribute='files') | flatten
      | map(attribute='path') | list }}"

  - name: Count occurrences of syscalls in paths
    set_fact: found_paths_dict="{{ found_paths_dict | combine({ item:1+found_paths_dict.get(item,
      0) }) }}"
    loop: '{{ find_command.results | map(attribute=''files'') | flatten | map(attribute=''path'')
      | list }}'

  - name: Get path with most syscalls
    set_fact: audit_file="{{ (found_paths_dict | dict2items() | sort(attribute='value')
      | last).key }}"
    when: found_paths | length &gt;= 1

  - name: No file with syscall found, set path to /etc/audit/rules.d/delete.rules
    set_fact: audit_file="/etc/audit/rules.d/delete.rules"
    when: found_paths | length == 0

  - name: Declare found syscalls
    set_fact: syscalls_found="{{ find_command.results | selectattr('matched') | map(attribute='item')
      | list }}"

  - name: Declare missing syscalls
    set_fact: missing_syscalls="{{ syscalls | difference(syscalls_found) }}"

  - name: Replace the audit rule in {{ audit_file }}
    lineinfile:
      path: '{{ audit_file }}'
      regexp: (-a always,exit -F arch=b32)(?=.*(?:(?:-S |,)(?:{{ syscalls_per_file[audit_file]
        | join("|") }}))\b)((?:( -S |,)\w+)+)( -F auid&gt;=1000 -F auid!=unset (?:-k
        |-F key=)\w+)
      line: \1\2\3{{ missing_syscalls | join("\3") }}\4
      backrefs: true
      state: present
      mode: g-rwx,o-rwx
    when: syscalls_found | length &gt; 0 and missing_syscalls | length &gt; 0

  - name: Add the audit rule to {{ audit_file }}
    lineinfile:
      path: '{{ audit_file }}'
      line: -a always,exit -F arch=b32 -S {{ syscalls | join(',') }} -F auid&gt;=1000
        -F auid!=unset -F key=delete
      create: true
      mode: g-rwx,o-rwx
      state: present
    when: syscalls_found | length == 0

  - name: Declare list of syscalls
    set_fact:
      syscalls:
      - unlink
      syscall_grouping:
      - unlink
      - unlinkat
      - rename
      - renameat
      - rmdir

  - name: Check existence of unlink in /etc/audit/audit.rules
    find:
      paths: /etc/audit
      contains: -a always,exit -F arch=b32(( -S |,)\w+)*(( -S |,){{ item }})+(( -S
        |,)\w+)* -F auid&gt;=1000 -F auid!=unset (-k\s+|-F\s+key=)\S+\s*$
      patterns: audit.rules
    register: find_command
    loop: '{{ (syscall_grouping + syscalls) | unique }}'

  - name: Set path to /etc/audit/audit.rules
    set_fact: audit_file="/etc/audit/audit.rules"

  - name: Declare found syscalls
    set_fact: syscalls_found="{{ find_command.results | selectattr('matched') | map(attribute='item')
      | list }}"

  - name: Declare missing syscalls
    set_fact: missing_syscalls="{{ syscalls | difference(syscalls_found) }}"

  - name: Replace the audit rule in {{ audit_file }}
    lineinfile:
      path: '{{ audit_file }}'
      regexp: (-a always,exit -F arch=b32)(?=.*(?:(?:-S |,)(?:{{ syscalls_found |
        join("|") }}))\b)((?:( -S |,)\w+)+)( -F auid&gt;=1000 -F auid!=unset (?:-k |-F
        key=)\w+)
      line: \1\2\3{{ missing_syscalls | join("\3") }}\4
      backrefs: true
      state: present
      mode: g-rwx,o-rwx
    when: syscalls_found | length &gt; 0 and missing_syscalls | length &gt; 0

  - name: Add the audit rule to {{ audit_file }}
    lineinfile:
      path: '{{ audit_file }}'
      line: -a always,exit -F arch=b32 -S {{ syscalls | join(',') }} -F auid&gt;=1000
        -F auid!=unset -F key=delete
      create: true
      mode: g-rwx,o-rwx
      state: present
    when: syscalls_found | length == 0
  when:
  - '"auditd" in ansible_facts.packages'
  - '"linux-base" in ansible_facts.packages'
  - not ( ansible_architecture == "aarch64" )
  tags:
  - NIST-800-171-3.1.7
  - NIST-800-53-AU-12(c)
  - NIST-800-53-AU-2(d)
  - NIST-800-53-CM-6(a)
  - PCI-DSS-Req-10.2.7
  - PCI-DSSv4-10.2
  - PCI-DSSv4-10.2.1
  - PCI-DSSv4-10.2.1.7
  - audit_rules_file_deletion_events_unlink
  - low_complexity
  - low_disruption
  - medium_severity
  - reboot_required
  - restrict_strategy

- name: Perform remediation of Audit rules for unlink for 64bit platform
  block:

  - name: Declare list of syscalls
    set_fact:
      syscalls:
      - unlink
      syscall_grouping:
      - unlink
      - unlinkat
      - rename
      - renameat
      - rmdir

  - name: Check existence of unlink in /etc/audit/rules.d/
    find:
      paths: /etc/audit/rules.d
      contains: -a always,exit -F arch=b64(( -S |,)\w+)*(( -S |,){{ item }})+(( -S
        |,)\w+)* -F auid&gt;=1000 -F auid!=unset (-k\s+|-F\s+key=)\S+\s*$
      patterns: '*.rules'
    register: find_command
    loop: '{{ (syscall_grouping + syscalls) | unique }}'

  - name: Reset syscalls found per file
    set_fact:
      syscalls_per_file: {}
      found_paths_dict: {}

  - name: Declare syscalls found per file
    set_fact: syscalls_per_file="{{ syscalls_per_file | combine( {item.files[0].path
      :[item.item] + syscalls_per_file.get(item.files[0].path, []) } ) }}"
    loop: '{{ find_command.results | selectattr(''matched'') | list }}'

  - name: Declare files where syscalls were found
    set_fact: found_paths="{{ find_command.results | map(attribute='files') | flatten
      | map(attribute='path') | list }}"

  - name: Count occurrences of syscalls in paths
    set_fact: found_paths_dict="{{ found_paths_dict | combine({ item:1+found_paths_dict.get(item,
      0) }) }}"
    loop: '{{ find_command.results | map(attribute=''files'') | flatten | map(attribute=''path'')
      | list }}'

  - name: Get path with most syscalls
    set_fact: audit_file="{{ (found_paths_dict | dict2items() | sort(attribute='value')
      | last).key }}"
    when: found_paths | length &gt;= 1

  - name: No file with syscall found, set path to /etc/audit/rules.d/delete.rules
    set_fact: audit_file="/etc/audit/rules.d/delete.rules"
    when: found_paths | length == 0

  - name: Declare found syscalls
    set_fact: syscalls_found="{{ find_command.results | selectattr('matched') | map(attribute='item')
      | list }}"

  - name: Declare missing syscalls
    set_fact: missing_syscalls="{{ syscalls | difference(syscalls_found) }}"

  - name: Replace the audit rule in {{ audit_file }}
    lineinfile:
      path: '{{ audit_file }}'
      regexp: (-a always,exit -F arch=b64)(?=.*(?:(?:-S |,)(?:{{ syscalls_per_file[audit_file]
        | join("|") }}))\b)((?:( -S |,)\w+)+)( -F auid&gt;=1000 -F auid!=unset (?:-k
        |-F key=)\w+)
      line: \1\2\3{{ missing_syscalls | join("\3") }}\4
      backrefs: true
      state: present
      mode: g-rwx,o-rwx
    when: syscalls_found | length &gt; 0 and missing_syscalls | length &gt; 0

  - name: Add the audit rule to {{ audit_file }}
    lineinfile:
      path: '{{ audit_file }}'
      line: -a always,exit -F arch=b64 -S {{ syscalls | join(',') }} -F auid&gt;=1000
        -F auid!=unset -F key=delete
      create: true
      mode: g-rwx,o-rwx
      state: present
    when: syscalls_found | length == 0

  - name: Declare list of syscalls
    set_fact:
      syscalls:
      - unlink
      syscall_grouping:
      - unlink
      - unlinkat
      - rename
      - renameat
      - rmdir

  - name: Check existence of unlink in /etc/audit/audit.rules
    find:
      paths: /etc/audit
      contains: -a always,exit -F arch=b64(( -S |,)\w+)*(( -S |,){{ item }})+(( -S
        |,)\w+)* -F auid&gt;=1000 -F auid!=unset (-k\s+|-F\s+key=)\S+\s*$
      patterns: audit.rules
    register: find_command
    loop: '{{ (syscall_grouping + syscalls) | unique }}'

  - name: Set path to /etc/audit/audit.rules
    set_fact: audit_file="/etc/audit/audit.rules"

  - name: Declare found syscalls
    set_fact: syscalls_found="{{ find_command.results | selectattr('matched') | map(attribute='item')
      | list }}"

  - name: Declare missing syscalls
    set_fact: missing_syscalls="{{ syscalls | difference(syscalls_found) }}"

  - name: Replace the audit rule in {{ audit_file }}
    lineinfile:
      path: '{{ audit_file }}'
      regexp: (-a always,exit -F arch=b64)(?=.*(?:(?:-S |,)(?:{{ syscalls_found |
        join("|") }}))\b)((?:( -S |,)\w+)+)( -F auid&gt;=1000 -F auid!=unset (?:-k |-F
        key=)\w+)
      line: \1\2\3{{ missing_syscalls | join("\3") }}\4
      backrefs: true
      state: present
      mode: g-rwx,o-rwx
    when: syscalls_found | length &gt; 0 and missing_syscalls | length &gt; 0

  - name: Add the audit rule to {{ audit_file }}
    lineinfile:
      path: '{{ audit_file }}'
      line: -a always,exit -F arch=b64 -S {{ syscalls | join(',') }} -F auid&gt;=1000
        -F auid!=unset -F key=delete
      create: true
      mode: g-rwx,o-rwx
      state: present
    when: syscalls_found | length == 0
  when:
  - '"auditd" in ansible_facts.packages'
  - '"linux-base" in ansible_facts.packages'
  - not ( ansible_architecture == "aarch64" )
  - audit_arch == "b64"
  tags:
  - NIST-800-171-3.1.7
  - NIST-800-53-AU-12(c)
  - NIST-800-53-AU-2(d)
  - NIST-800-53-CM-6(a)
  - PCI-DSS-Req-10.2.7
  - PCI-DSSv4-10.2
  - PCI-DSSv4-10.2.1
  - PCI-DSSv4-10.2.1.7
  - audit_rules_file_deletion_events_unlink
  - low_complexity
  - low_disruption
  - medium_severity
  - reboot_required
  - restrict_strategy
</fix>
          <fix xmlns:xhtml="http://www.w3.org/1999/xhtml" id="audit_rules_file_deletion_events_unlink" system="urn:xccdf:fix:script:sh"># Remediation is applicable only in certain platforms
if dpkg-query --show --showformat='${db:Status-Status}
' 'linux-base' 2&gt;/dev/null | grep -q ^installed &amp;&amp; dpkg-query --show --showformat='${db:Status-Status}\n' 'auditd' 2&gt;/dev/null | grep -q '^installed' &amp;&amp; { ! ( ( grep -sqE "^.*\.aarch64$" /proc/sys/kernel/osrelease || grep -sqE "^aarch64$" /proc/sys/kernel/arch; ) ); }; then

# First perform the remediation of the syscall rule
# Retrieve hardware architecture of the underlying system
[ "$(getconf LONG_BIT)" = "32" ] &amp;&amp; RULE_ARCHS=("b32") || RULE_ARCHS=("b32" "b64")

for ARCH in "${RULE_ARCHS[@]}"
do
	ACTION_ARCH_FILTERS="-a always,exit -F arch=$ARCH"
	OTHER_FILTERS=""
	AUID_FILTERS="-F auid&gt;=1000 -F auid!=unset"
	SYSCALL="unlink"
	KEY="delete"
	SYSCALL_GROUPING="unlink unlinkat rename renameat rmdir"
	# Perform the remediation for both possible tools: 'auditctl' and 'augenrules'
	unset syscall_a
unset syscall_grouping
unset syscall_string
unset syscall
unset file_to_edit
unset rule_to_edit
unset rule_syscalls_to_edit
unset other_string
unset auid_string
unset full_rule

# Load macro arguments into arrays
read -a syscall_a &lt;&lt;&lt; $SYSCALL
read -a syscall_grouping &lt;&lt;&lt; $SYSCALL_GROUPING

# Create a list of audit *.rules files that should be inspected for presence and correctness
# of a particular audit rule. The scheme is as follows:
#
# -----------------------------------------------------------------------------------------
#  Tool used to load audit rules | Rule already defined  |  Audit rules file to inspect    |
# -----------------------------------------------------------------------------------------
#        auditctl                |     Doesn't matter    |  /etc/audit/audit.rules         |
# -----------------------------------------------------------------------------------------
#        augenrules              |          Yes          |  /etc/audit/rules.d/*.rules     |
#        augenrules              |          No           |  /etc/audit/rules.d/$key.rules  |
# -----------------------------------------------------------------------------------------
#
files_to_inspect=()

# If audit tool is 'augenrules', then check if the audit rule is defined
# If rule is defined, add '/etc/audit/rules.d/*.rules' to the list for inspection
# If rule isn't defined yet, add '/etc/audit/rules.d/$key.rules' to the list for inspection
default_file="/etc/audit/rules.d/$KEY.rules"
# As other_filters may include paths, lets use a different delimiter for it
# The "F" script expression tells sed to print the filenames where the expressions matched
readarray -t files_to_inspect &lt; &lt;(sed -s -n -e "/^$ACTION_ARCH_FILTERS/!d" -e "\#$OTHER_FILTERS#!d" -e "/$AUID_FILTERS/!d" -e "F" /etc/audit/rules.d/*.rules)
# Case when particular rule isn't defined in /etc/audit/rules.d/*.rules yet
if [ ${#files_to_inspect[@]} -eq "0" ]
then
    file_to_inspect="/etc/audit/rules.d/$KEY.rules"
    files_to_inspect=("$file_to_inspect")
    if [ ! -e "$file_to_inspect" ]
    then
        touch "$file_to_inspect"
        chmod 0600 "$file_to_inspect"
    fi
fi

# After converting to jinja, we cannot return; therefore we skip the rest of the macro if needed instead
skip=1

for audit_file in "${files_to_inspect[@]}"
do
    # Filter existing $audit_file rules' definitions to select those that satisfy the rule pattern,
    # i.e, collect rules that match:
    # * the action, list and arch, (2-nd argument)
    # * the other filters, (3-rd argument)
    # * the auid filters, (4-rd argument)
    readarray -t similar_rules &lt; &lt;(sed -e "/^$ACTION_ARCH_FILTERS/!d"  -e "\#$OTHER_FILTERS#!d" -e "/$AUID_FILTERS/!d" "$audit_file")

    candidate_rules=()
    # Filter out rules that have more fields then required. This will remove rules more specific than the required scope
    for s_rule in "${similar_rules[@]}"
    do
        # Strip all the options and fields we know of,
        # than check if there was any field left over
        extra_fields=$(sed -E -e "s/^$ACTION_ARCH_FILTERS//"  -e "s#$OTHER_FILTERS##" -e "s/$AUID_FILTERS//" -e "s/((:?-S [[:alnum:],]+)+)//g" -e "s/-F key=\w+|-k \w+//"&lt;&lt;&lt; "$s_rule")
        grep -q -- "-F" &lt;&lt;&lt; "$extra_fields" || candidate_rules+=("$s_rule")
    done

    if [[ ${#syscall_a[@]} -ge 1 ]]
    then
        # Check if the syscall we want is present in any of the similar existing rules
        for rule in "${candidate_rules[@]}"
        do
            rule_syscalls=$(echo "$rule" | grep -o -P '(-S [\w,]+)+' | xargs)
            all_syscalls_found=0
            for syscall in "${syscall_a[@]}"
            do
                grep -q -- "\b${syscall}\b" &lt;&lt;&lt; "$rule_syscalls" || {
                   # A syscall was not found in the candidate rule
                   all_syscalls_found=1
                   }
            done
            if [[ $all_syscalls_found -eq 0 ]]
            then
                # We found a rule with all the syscall(s) we want; skip rest of macro
                skip=0
                break
            fi

            # Check if this rule can be grouped with our target syscall and keep track of it
            for syscall_g in "${syscall_grouping[@]}"
            do
                if grep -q -- "\b${syscall_g}\b" &lt;&lt;&lt; "$rule_syscalls"
                then
                    file_to_edit=${audit_file}
                    rule_to_edit=${rule}
                    rule_syscalls_to_edit=${rule_syscalls}
                fi
            done
        done
    else
        # If there is any candidate rule, it is compliant; skip rest of macro
        if [ "${#candidate_rules[@]}" -gt 0 ]
        then
            skip=0
        fi
    fi

    if [ "$skip" -eq 0 ]; then
        break
    fi
done

if [ "$skip" -ne 0 ]; then
    # We checked all rules that matched the expected resemblance pattern (action, arch &amp; auid)
    # At this point we know if we need to either append the $full_rule or group
    # the syscall together with an exsiting rule

    # Append the full_rule if it cannot be grouped to any other rule
    if [ -z ${rule_to_edit+x} ]
    then
        # Build full_rule while avoid adding double spaces when other_filters is empty
        if [ "${#syscall_a[@]}" -gt 0 ]
        then
            syscall_string=""
            for syscall in "${syscall_a[@]}"
            do
                syscall_string+=" -S $syscall"
            done
        fi
        other_string=$([[ $OTHER_FILTERS ]] &amp;&amp; echo " $OTHER_FILTERS") || /bin/true
        auid_string=$([[ $AUID_FILTERS ]] &amp;&amp; echo " $AUID_FILTERS") || /bin/true
        full_rule="$ACTION_ARCH_FILTERS${syscall_string}${other_string}${auid_string} -F key=$KEY" || /bin/true
        echo "$full_rule" &gt;&gt; "$default_file"
        chmod 0600 ${default_file}
    else
        # Check if the syscalls are declared as a comma separated list or
        # as multiple -S parameters
        if grep -q -- "," &lt;&lt;&lt; "${rule_syscalls_to_edit}"
        then
            delimiter=","
        else
            delimiter=" -S "
        fi
        new_grouped_syscalls="${rule_syscalls_to_edit}"
        for syscall in "${syscall_a[@]}"
        do
            grep -q -- "\b${syscall}\b" &lt;&lt;&lt; "${rule_syscalls_to_edit}" || {
               # A syscall was not found in the candidate rule
               new_grouped_syscalls+="${delimiter}${syscall}"
               }
        done

        # Group the syscall in the rule
        sed -i -e "\#${rule_to_edit}#s#${rule_syscalls_to_edit}#${new_grouped_syscalls}#" "$file_to_edit"
    fi
fi
	unset syscall_a
unset syscall_grouping
unset syscall_string
unset syscall
unset file_to_edit
unset rule_to_edit
unset rule_syscalls_to_edit
unset other_string
unset auid_string
unset full_rule

# Load macro arguments into arrays
read -a syscall_a &lt;&lt;&lt; $SYSCALL
read -a syscall_grouping &lt;&lt;&lt; $SYSCALL_GROUPING

# Create a list of audit *.rules files that should be inspected for presence and correctness
# of a particular audit rule. The scheme is as follows:
#
# -----------------------------------------------------------------------------------------
#  Tool used to load audit rules | Rule already defined  |  Audit rules file to inspect    |
# -----------------------------------------------------------------------------------------
#        auditctl                |     Doesn't matter    |  /etc/audit/audit.rules         |
# -----------------------------------------------------------------------------------------
#        augenrules              |          Yes          |  /etc/audit/rules.d/*.rules     |
#        augenrules              |          No           |  /etc/audit/rules.d/$key.rules  |
# -----------------------------------------------------------------------------------------
#
files_to_inspect=()


# If audit tool is 'auditctl', then add '/etc/audit/audit.rules'
# file to the list of files to be inspected
default_file="/etc/audit/audit.rules"
files_to_inspect+=('/etc/audit/audit.rules' )

# After converting to jinja, we cannot return; therefore we skip the rest of the macro if needed instead
skip=1

for audit_file in "${files_to_inspect[@]}"
do
    # Filter existing $audit_file rules' definitions to select those that satisfy the rule pattern,
    # i.e, collect rules that match:
    # * the action, list and arch, (2-nd argument)
    # * the other filters, (3-rd argument)
    # * the auid filters, (4-rd argument)
    readarray -t similar_rules &lt; &lt;(sed -e "/^$ACTION_ARCH_FILTERS/!d"  -e "\#$OTHER_FILTERS#!d" -e "/$AUID_FILTERS/!d" "$audit_file")

    candidate_rules=()
    # Filter out rules that have more fields then required. This will remove rules more specific than the required scope
    for s_rule in "${similar_rules[@]}"
    do
        # Strip all the options and fields we know of,
        # than check if there was any field left over
        extra_fields=$(sed -E -e "s/^$ACTION_ARCH_FILTERS//"  -e "s#$OTHER_FILTERS##" -e "s/$AUID_FILTERS//" -e "s/((:?-S [[:alnum:],]+)+)//g" -e "s/-F key=\w+|-k \w+//"&lt;&lt;&lt; "$s_rule")
        grep -q -- "-F" &lt;&lt;&lt; "$extra_fields" || candidate_rules+=("$s_rule")
    done

    if [[ ${#syscall_a[@]} -ge 1 ]]
    then
        # Check if the syscall we want is present in any of the similar existing rules
        for rule in "${candidate_rules[@]}"
        do
            rule_syscalls=$(echo "$rule" | grep -o -P '(-S [\w,]+)+' | xargs)
            all_syscalls_found=0
            for syscall in "${syscall_a[@]}"
            do
                grep -q -- "\b${syscall}\b" &lt;&lt;&lt; "$rule_syscalls" || {
                   # A syscall was not found in the candidate rule
                   all_syscalls_found=1
                   }
            done
            if [[ $all_syscalls_found -eq 0 ]]
            then
                # We found a rule with all the syscall(s) we want; skip rest of macro
                skip=0
                break
            fi

            # Check if this rule can be grouped with our target syscall and keep track of it
            for syscall_g in "${syscall_grouping[@]}"
            do
                if grep -q -- "\b${syscall_g}\b" &lt;&lt;&lt; "$rule_syscalls"
                then
                    file_to_edit=${audit_file}
                    rule_to_edit=${rule}
                    rule_syscalls_to_edit=${rule_syscalls}
                fi
            done
        done
    else
        # If there is any candidate rule, it is compliant; skip rest of macro
        if [ "${#candidate_rules[@]}" -gt 0 ]
        then
            skip=0
        fi
    fi

    if [ "$skip" -eq 0 ]; then
        break
    fi
done

if [ "$skip" -ne 0 ]; then
    # We checked all rules that matched the expected resemblance pattern (action, arch &amp; auid)
    # At this point we know if we need to either append the $full_rule or group
    # the syscall together with an exsiting rule

    # Append the full_rule if it cannot be grouped to any other rule
    if [ -z ${rule_to_edit+x} ]
    then
        # Build full_rule while avoid adding double spaces when other_filters is empty
        if [ "${#syscall_a[@]}" -gt 0 ]
        then
            syscall_string=""
            for syscall in "${syscall_a[@]}"
            do
                syscall_string+=" -S $syscall"
            done
        fi
        other_string=$([[ $OTHER_FILTERS ]] &amp;&amp; echo " $OTHER_FILTERS") || /bin/true
        auid_string=$([[ $AUID_FILTERS ]] &amp;&amp; echo " $AUID_FILTERS") || /bin/true
        full_rule="$ACTION_ARCH_FILTERS${syscall_string}${other_string}${auid_string} -F key=$KEY" || /bin/true
        echo "$full_rule" &gt;&gt; "$default_file"
        chmod 0600 ${default_file}
    else
        # Check if the syscalls are declared as a comma separated list or
        # as multiple -S parameters
        if grep -q -- "," &lt;&lt;&lt; "${rule_syscalls_to_edit}"
        then
            delimiter=","
        else
            delimiter=" -S "
        fi
        new_grouped_syscalls="${rule_syscalls_to_edit}"
        for syscall in "${syscall_a[@]}"
        do
            grep -q -- "\b${syscall}\b" &lt;&lt;&lt; "${rule_syscalls_to_edit}" || {
               # A syscall was not found in the candidate rule
               new_grouped_syscalls+="${delimiter}${syscall}"
               }
        done

        # Group the syscall in the rule
        sed -i -e "\#${rule_to_edit}#s#${rule_syscalls_to_edit}#${new_grouped_syscalls}#" "$file_to_edit"
    fi
fi
done

else
    &gt;&amp;2 echo 'Remediation is not applicable, nothing was done'
fi
</fix>
          <check system="http://oval.mitre.org/XMLSchema/oval-definitions-5">
            <check-content-ref name="oval:ssg-audit_rules_file_deletion_events_unlink:def:1" href="ssg-ubuntu2404-oval.xml"/>
          </check>
          <check system="http://scap.nist.gov/schema/ocil/2">
            <check-content-ref name="ocil:ssg-audit_rules_file_deletion_events_unlink_ocil:questionnaire:1" href="ssg-ubuntu2404-ocil.xml"/>
          </check>
        </Rule>
        <Rule id="xccdf_org.ssgproject.content_rule_audit_rules_file_deletion_events_unlinkat" selected="false" role="full" severity="medium">
          <title xmlns:xhtml="http://www.w3.org/1999/xhtml" xml:lang="en-US">Ensure auditd Collects File Deletion Events by User - unlinkat</title>
          <description xmlns:xhtml="http://www.w3.org/1999/xhtml" xml:lang="en-US">At a minimum, the audit system should collect file deletion events
for all users and root. If the <html:code xmlns:html="http://www.w3.org/1999/xhtml">auditd</html:code> daemon is configured to use the
<html:code xmlns:html="http://www.w3.org/1999/xhtml">augenrules</html:code> program to read audit rules during daemon startup (the
default), add the following line to a file with suffix <html:code xmlns:html="http://www.w3.org/1999/xhtml">.rules</html:code> in the
directory <html:code xmlns:html="http://www.w3.org/1999/xhtml">/etc/audit/rules.d</html:code>, setting ARCH to either b32 or b64 as
appropriate for your system:
<html:pre xmlns:html="http://www.w3.org/1999/xhtml">-a always,exit -F arch=ARCH -S unlinkat -F auid&gt;=1000 -F auid!=unset -F key=delete</html:pre>
If the <html:code xmlns:html="http://www.w3.org/1999/xhtml">auditd</html:code> daemon is configured to use the <html:code xmlns:html="http://www.w3.org/1999/xhtml">auditctl</html:code>
utility to read audit rules during daemon startup, add the following line to
<html:code xmlns:html="http://www.w3.org/1999/xhtml">/etc/audit/audit.rules</html:code> file, setting ARCH to either b32 or b64 as
appropriate for your system:
<html:pre xmlns:html="http://www.w3.org/1999/xhtml">-a always,exit -F arch=ARCH -S unlinkat -F auid&gt;=1000 -F auid!=unset -F key=delete</html:pre>
       </description>
          <reference href="https://www.cisecurity.org/controls/">1</reference>
          <reference href="https://www.cisecurity.org/controls/">11</reference>
          <reference href="https://www.cisecurity.org/controls/">12</reference>
          <reference href="https://www.cisecurity.org/controls/">13</reference>
          <reference href="https://www.cisecurity.org/controls/">14</reference>
          <reference href="https://www.cisecurity.org/controls/">15</reference>
          <reference href="https://www.cisecurity.org/controls/">16</reference>
          <reference href="https://www.cisecurity.org/controls/">19</reference>
          <reference href="https://www.cisecurity.org/controls/">2</reference>
          <reference href="https://www.cisecurity.org/controls/">3</reference>
          <reference href="https://www.cisecurity.org/controls/">4</reference>
          <reference href="https://www.cisecurity.org/controls/">5</reference>
          <reference href="https://www.cisecurity.org/controls/">6</reference>
          <reference href="https://www.cisecurity.org/controls/">7</reference>
          <reference href="https://www.cisecurity.org/controls/">8</reference>
          <reference href="https://www.cisecurity.org/controls/">9</reference>
          <reference href="https://www.isaca.org/resources/cobit">APO10.01</reference>
          <reference href="https://www.isaca.org/resources/cobit">APO10.03</reference>
          <reference href="https://www.isaca.org/resources/cobit">APO10.04</reference>
          <reference href="https://www.isaca.org/resources/cobit">APO10.05</reference>
          <reference href="https://www.isaca.org/resources/cobit">APO11.04</reference>
          <reference href="https://www.isaca.org/resources/cobit">APO12.06</reference>
          <reference href="https://www.isaca.org/resources/cobit">APO13.01</reference>
          <reference href="https://www.isaca.org/resources/cobit">BAI03.05</reference>
          <reference href="https://www.isaca.org/resources/cobit">BAI08.02</reference>
          <reference href="https://www.isaca.org/resources/cobit">DSS01.03</reference>
          <reference href="https://www.isaca.org/resources/cobit">DSS01.04</reference>
          <reference href="https://www.isaca.org/resources/cobit">DSS02.02</reference>
          <reference href="https://www.isaca.org/resources/cobit">DSS02.04</reference>
          <reference href="https://www.isaca.org/resources/cobit">DSS02.07</reference>
          <reference href="https://www.isaca.org/resources/cobit">DSS03.01</reference>
          <reference href="https://www.isaca.org/resources/cobit">DSS03.05</reference>
          <reference href="https://www.isaca.org/resources/cobit">DSS05.02</reference>
          <reference href="https://www.isaca.org/resources/cobit">DSS05.03</reference>
          <reference href="https://www.isaca.org/resources/cobit">DSS05.04</reference>
          <reference href="https://www.isaca.org/resources/cobit">DSS05.05</reference>
          <reference href="https://www.isaca.org/resources/cobit">DSS05.07</reference>
          <reference href="https://www.isaca.org/resources/cobit">MEA01.01</reference>
          <reference href="https://www.isaca.org/resources/cobit">MEA01.02</reference>
          <reference href="https://www.isaca.org/resources/cobit">MEA01.03</reference>
          <reference href="https://www.isaca.org/resources/cobit">MEA01.04</reference>
          <reference href="https://www.isaca.org/resources/cobit">MEA01.05</reference>
          <reference href="https://www.isaca.org/resources/cobit">MEA02.01</reference>
          <reference href="http://nvlpubs.nist.gov/nistpubs/SpecialPublications/NIST.SP.800-171.pdf">3.1.7</reference>
          <reference href="https://public.cyber.mil/stigs/cci/">CCI-000172</reference>
          <reference href="https://public.cyber.mil/stigs/cci/">CCI-000130</reference>
          <reference href="https://public.cyber.mil/stigs/cci/">CCI-000135</reference>
          <reference href="https://public.cyber.mil/stigs/cci/">CCI-000169</reference>
          <reference href="https://public.cyber.mil/stigs/cci/">CCI-002884</reference>
          <reference href="https://www.gpo.gov/fdsys/pkg/CFR-2007-title45-vol1/pdf/CFR-2007-title45-vol1-chapA-subchapC.pdf">164.308(a)(1)(ii)(D)</reference>
          <reference href="https://www.gpo.gov/fdsys/pkg/CFR-2007-title45-vol1/pdf/CFR-2007-title45-vol1-chapA-subchapC.pdf">164.308(a)(3)(ii)(A)</reference>
          <reference href="https://www.gpo.gov/fdsys/pkg/CFR-2007-title45-vol1/pdf/CFR-2007-title45-vol1-chapA-subchapC.pdf">164.308(a)(5)(ii)(C)</reference>
          <reference href="https://www.gpo.gov/fdsys/pkg/CFR-2007-title45-vol1/pdf/CFR-2007-title45-vol1-chapA-subchapC.pdf">164.312(a)(2)(i)</reference>
          <reference href="https://www.gpo.gov/fdsys/pkg/CFR-2007-title45-vol1/pdf/CFR-2007-title45-vol1-chapA-subchapC.pdf">164.312(b)</reference>
          <reference href="https://www.gpo.gov/fdsys/pkg/CFR-2007-title45-vol1/pdf/CFR-2007-title45-vol1-chapA-subchapC.pdf">164.312(d)</reference>
          <reference href="https://www.gpo.gov/fdsys/pkg/CFR-2007-title45-vol1/pdf/CFR-2007-title45-vol1-chapA-subchapC.pdf">164.312(e)</reference>
          <reference href="https://www.isa.org/products/isa-62443-2-1-2009-security-for-industrial-automat">4.2.3.10</reference>
          <reference href="https://www.isa.org/products/isa-62443-2-1-2009-security-for-industrial-automat">4.3.2.6.7</reference>
          <reference href="https://www.isa.org/products/isa-62443-2-1-2009-security-for-industrial-automat">4.3.3.3.9</reference>
          <reference href="https://www.isa.org/products/isa-62443-2-1-2009-security-for-industrial-automat">4.3.3.5.8</reference>
          <reference href="https://www.isa.org/products/isa-62443-2-1-2009-security-for-industrial-automat">4.3.3.6.5</reference>
          <reference href="https://www.isa.org/products/isa-62443-2-1-2009-security-for-industrial-automat">4.3.3.6.6</reference>
          <reference href="https://www.isa.org/products/isa-62443-2-1-2009-security-for-industrial-automat">4.3.3.6.7</reference>
          <reference href="https://www.isa.org/products/isa-62443-2-1-2009-security-for-industrial-automat">4.3.3.6.8</reference>
          <reference href="https://www.isa.org/products/isa-62443-2-1-2009-security-for-industrial-automat">4.3.4.4.7</reference>
          <reference href="https://www.isa.org/products/isa-62443-2-1-2009-security-for-industrial-automat">4.3.4.5.6</reference>
          <reference href="https://www.isa.org/products/isa-62443-2-1-2009-security-for-industrial-automat">4.3.4.5.7</reference>
          <reference href="https://www.isa.org/products/isa-62443-2-1-2009-security-for-industrial-automat">4.3.4.5.8</reference>
          <reference href="https://www.isa.org/products/isa-62443-2-1-2009-security-for-industrial-automat">4.4.2.1</reference>
          <reference href="https://www.isa.org/products/isa-62443-2-1-2009-security-for-industrial-automat">4.4.2.2</reference>
          <reference href="https://www.isa.org/products/isa-62443-2-1-2009-security-for-industrial-automat">4.4.2.4</reference>
          <reference href="https://www.isa.org/products/ansi-isa-62443-3-3-99-03-03-2013-security-for-indu">SR 1.13</reference>
          <reference href="https://www.isa.org/products/ansi-isa-62443-3-3-99-03-03-2013-security-for-indu">SR 2.10</reference>
          <reference href="https://www.isa.org/products/ansi-isa-62443-3-3-99-03-03-2013-security-for-indu">SR 2.11</reference>
          <reference href="https://www.isa.org/products/ansi-isa-62443-3-3-99-03-03-2013-security-for-indu">SR 2.12</reference>
          <reference href="https://www.isa.org/products/ansi-isa-62443-3-3-99-03-03-2013-security-for-indu">SR 2.6</reference>
          <reference href="https://www.isa.org/products/ansi-isa-62443-3-3-99-03-03-2013-security-for-indu">SR 2.8</reference>
          <reference href="https://www.isa.org/products/ansi-isa-62443-3-3-99-03-03-2013-security-for-indu">SR 2.9</reference>
          <reference href="https://www.isa.org/products/ansi-isa-62443-3-3-99-03-03-2013-security-for-indu">SR 3.1</reference>
          <reference href="https://www.isa.org/products/ansi-isa-62443-3-3-99-03-03-2013-security-for-indu">SR 3.5</reference>
          <reference href="https://www.isa.org/products/ansi-isa-62443-3-3-99-03-03-2013-security-for-indu">SR 3.8</reference>
          <reference href="https://www.isa.org/products/ansi-isa-62443-3-3-99-03-03-2013-security-for-indu">SR 4.1</reference>
          <reference href="https://www.isa.org/products/ansi-isa-62443-3-3-99-03-03-2013-security-for-indu">SR 4.3</reference>
          <reference href="https://www.isa.org/products/ansi-isa-62443-3-3-99-03-03-2013-security-for-indu">SR 5.1</reference>
          <reference href="https://www.isa.org/products/ansi-isa-62443-3-3-99-03-03-2013-security-for-indu">SR 5.2</reference>
          <reference href="https://www.isa.org/products/ansi-isa-62443-3-3-99-03-03-2013-security-for-indu">SR 5.3</reference>
          <reference href="https://www.isa.org/products/ansi-isa-62443-3-3-99-03-03-2013-security-for-indu">SR 6.1</reference>
          <reference href="https://www.isa.org/products/ansi-isa-62443-3-3-99-03-03-2013-security-for-indu">SR 6.2</reference>
          <reference href="https://www.isa.org/products/ansi-isa-62443-3-3-99-03-03-2013-security-for-indu">SR 7.1</reference>
          <reference href="https://www.isa.org/products/ansi-isa-62443-3-3-99-03-03-2013-security-for-indu">SR 7.6</reference>
          <reference href="https://www.iso.org/contents/data/standard/05/45/54534.html">A.11.2.4</reference>
          <reference href="https://www.iso.org/contents/data/standard/05/45/54534.html">A.11.2.6</reference>
          <reference href="https://www.iso.org/contents/data/standard/05/45/54534.html">A.12.4.1</reference>
          <reference href="https://www.iso.org/contents/data/standard/05/45/54534.html">A.12.4.2</reference>
          <reference href="https://www.iso.org/contents/data/standard/05/45/54534.html">A.12.4.3</reference>
          <reference href="https://www.iso.org/contents/data/standard/05/45/54534.html">A.12.4.4</reference>
          <reference href="https://www.iso.org/contents/data/standard/05/45/54534.html">A.12.7.1</reference>
          <reference href="https://www.iso.org/contents/data/standard/05/45/54534.html">A.13.1.1</reference>
          <reference href="https://www.iso.org/contents/data/standard/05/45/54534.html">A.13.2.1</reference>
          <reference href="https://www.iso.org/contents/data/standard/05/45/54534.html">A.14.1.3</reference>
          <reference href="https://www.iso.org/contents/data/standard/05/45/54534.html">A.14.2.7</reference>
          <reference href="https://www.iso.org/contents/data/standard/05/45/54534.html">A.15.1.1</reference>
          <reference href="https://www.iso.org/contents/data/standard/05/45/54534.html">A.15.2.1</reference>
          <reference href="https://www.iso.org/contents/data/standard/05/45/54534.html">A.15.2.2</reference>
          <reference href="https://www.iso.org/contents/data/standard/05/45/54534.html">A.16.1.4</reference>
          <reference href="https://www.iso.org/contents/data/standard/05/45/54534.html">A.16.1.5</reference>
          <reference href="https://www.iso.org/contents/data/standard/05/45/54534.html">A.16.1.7</reference>
          <reference href="https://www.iso.org/contents/data/standard/05/45/54534.html">A.6.2.1</reference>
          <reference href="https://www.iso.org/contents/data/standard/05/45/54534.html">A.6.2.2</reference>
          <reference href="http://nvlpubs.nist.gov/nistpubs/SpecialPublications/NIST.SP.800-53r4.pdf">AU-2(d)</reference>
          <reference href="http://nvlpubs.nist.gov/nistpubs/SpecialPublications/NIST.SP.800-53r4.pdf">AU-12(c)</reference>
          <reference href="http://nvlpubs.nist.gov/nistpubs/SpecialPublications/NIST.SP.800-53r4.pdf">CM-6(a)</reference>
          <reference href="https://nvlpubs.nist.gov/nistpubs/CSWP/NIST.CSWP.04162018.pdf">DE.AE-3</reference>
          <reference href="https://nvlpubs.nist.gov/nistpubs/CSWP/NIST.CSWP.04162018.pdf">DE.AE-5</reference>
          <reference href="https://nvlpubs.nist.gov/nistpubs/CSWP/NIST.CSWP.04162018.pdf">DE.CM-1</reference>
          <reference href="https://nvlpubs.nist.gov/nistpubs/CSWP/NIST.CSWP.04162018.pdf">DE.CM-3</reference>
          <reference href="https://nvlpubs.nist.gov/nistpubs/CSWP/NIST.CSWP.04162018.pdf">DE.CM-7</reference>
          <reference href="https://nvlpubs.nist.gov/nistpubs/CSWP/NIST.CSWP.04162018.pdf">ID.SC-4</reference>
          <reference href="https://nvlpubs.nist.gov/nistpubs/CSWP/NIST.CSWP.04162018.pdf">PR.AC-3</reference>
          <reference href="https://nvlpubs.nist.gov/nistpubs/CSWP/NIST.CSWP.04162018.pdf">PR.MA-2</reference>
          <reference href="https://nvlpubs.nist.gov/nistpubs/CSWP/NIST.CSWP.04162018.pdf">PR.PT-1</reference>
          <reference href="https://nvlpubs.nist.gov/nistpubs/CSWP/NIST.CSWP.04162018.pdf">PR.PT-4</reference>
          <reference href="https://nvlpubs.nist.gov/nistpubs/CSWP/NIST.CSWP.04162018.pdf">RS.AN-1</reference>
          <reference href="https://nvlpubs.nist.gov/nistpubs/CSWP/NIST.CSWP.04162018.pdf">RS.AN-4</reference>
          <reference href="https://www.pcisecuritystandards.org/documents/PCI_DSS_v3-2-1.pdf">Req-10.2.7</reference>
          <reference href="https://public.cyber.mil/stigs/downloads/?_dl_facet_stigs=operating-systems%2Cgeneral-purpose-os">SRG-OS-000037-GPOS-00015</reference>
          <reference href="https://public.cyber.mil/stigs/downloads/?_dl_facet_stigs=operating-systems%2Cgeneral-purpose-os">SRG-OS-000042-GPOS-00020</reference>
          <reference href="https://public.cyber.mil/stigs/downloads/?_dl_facet_stigs=operating-systems%2Cgeneral-purpose-os">SRG-OS-000062-GPOS-00031</reference>
          <reference href="https://public.cyber.mil/stigs/downloads/?_dl_facet_stigs=operating-systems%2Cgeneral-purpose-os">SRG-OS-000392-GPOS-00172</reference>
          <reference href="https://public.cyber.mil/stigs/downloads/?_dl_facet_stigs=operating-systems%2Cgeneral-purpose-os">SRG-OS-000462-GPOS-00206</reference>
          <reference href="https://public.cyber.mil/stigs/downloads/?_dl_facet_stigs=operating-systems%2Cgeneral-purpose-os">SRG-OS-000471-GPOS-00215</reference>
          <reference href="https://public.cyber.mil/stigs/downloads/?_dl_facet_stigs=operating-systems%2Cgeneral-purpose-os">SRG-OS-000466-GPOS-00210</reference>
          <reference href="https://public.cyber.mil/stigs/downloads/?_dl_facet_stigs=operating-systems%2Cgeneral-purpose-os">SRG-OS-000467-GPOS-00211</reference>
          <reference href="https://public.cyber.mil/stigs/downloads/?_dl_facet_stigs=operating-systems%2Cgeneral-purpose-os">SRG-OS-000468-GPOS-00212</reference>
          <reference href="https://public.cyber.mil/stigs/downloads/?_dl_facet_stigs=container-platform">SRG-APP-000495-CTR-001235</reference>
          <reference href="https://public.cyber.mil/stigs/downloads/?_dl_facet_stigs=container-platform">SRG-APP-000499-CTR-001255</reference>
          <reference href="https://public.cyber.mil/stigs/downloads/?_dl_facet_stigs=container-platform">SRG-APP-000501-CTR-001265</reference>
          <reference href="https://public.cyber.mil/stigs/downloads/?_dl_facet_stigs=container-platform">SRG-APP-000502-CTR-001270</reference>
          <reference href="https://cyber.gouv.fr/sites/default/files/document/linux_configuration-en-v2.pdf">R73</reference>
          <reference href="https://www.cisecurity.org/benchmark/ubuntu_linux/">6.2.3.13</reference>
          <reference href="https://docs-prv.pcisecuritystandards.org/PCI%20DSS/Standard/PCI-DSS-v4_0.pdf">10.2.1.7</reference>
          <reference href="https://docs-prv.pcisecuritystandards.org/PCI%20DSS/Standard/PCI-DSS-v4_0.pdf">10.2.1</reference>
          <reference href="https://docs-prv.pcisecuritystandards.org/PCI%20DSS/Standard/PCI-DSS-v4_0.pdf">10.2</reference>
          <rationale xmlns:xhtml="http://www.w3.org/1999/xhtml" xml:lang="en-US">Auditing file deletions will create an audit trail for files that are removed
from the system. The audit trail could aid in system troubleshooting, as well as, detecting
malicious processes that attempt to delete log files to conceal their presence.</rationale>
          <fix xmlns:xhtml="http://www.w3.org/1999/xhtml" id="audit_rules_file_deletion_events_unlinkat" system="urn:xccdf:fix:script:ansible" reboot="true" complexity="low" disruption="low" strategy="restrict">- name: Gather the package facts
  package_facts:
    manager: auto
  tags:
  - NIST-800-171-3.1.7
  - NIST-800-53-AU-12(c)
  - NIST-800-53-AU-2(d)
  - NIST-800-53-CM-6(a)
  - PCI-DSS-Req-10.2.7
  - PCI-DSSv4-10.2
  - PCI-DSSv4-10.2.1
  - PCI-DSSv4-10.2.1.7
  - audit_rules_file_deletion_events_unlinkat
  - low_complexity
  - low_disruption
  - medium_severity
  - reboot_required
  - restrict_strategy

- name: Set architecture for audit unlinkat tasks
  set_fact:
    audit_arch: b64
  when:
  - '"auditd" in ansible_facts.packages'
  - '"linux-base" in ansible_facts.packages'
  - ansible_architecture == "aarch64" or ansible_architecture == "ppc64" or ansible_architecture
    == "ppc64le" or ansible_architecture == "s390x" or ansible_architecture == "x86_64"
  tags:
  - NIST-800-171-3.1.7
  - NIST-800-53-AU-12(c)
  - NIST-800-53-AU-2(d)
  - NIST-800-53-CM-6(a)
  - PCI-DSS-Req-10.2.7
  - PCI-DSSv4-10.2
  - PCI-DSSv4-10.2.1
  - PCI-DSSv4-10.2.1.7
  - audit_rules_file_deletion_events_unlinkat
  - low_complexity
  - low_disruption
  - medium_severity
  - reboot_required
  - restrict_strategy

- name: Perform remediation of Audit rules for unlinkat for 32bit platform
  block:

  - name: Declare list of syscalls
    set_fact:
      syscalls:
      - unlinkat
      syscall_grouping:
      - unlink
      - unlinkat
      - rename
      - renameat
      - rmdir

  - name: Check existence of unlinkat in /etc/audit/rules.d/
    find:
      paths: /etc/audit/rules.d
      contains: -a always,exit -F arch=b32(( -S |,)\w+)*(( -S |,){{ item }})+(( -S
        |,)\w+)* -F auid&gt;=1000 -F auid!=unset (-k\s+|-F\s+key=)\S+\s*$
      patterns: '*.rules'
    register: find_command
    loop: '{{ (syscall_grouping + syscalls) | unique }}'

  - name: Reset syscalls found per file
    set_fact:
      syscalls_per_file: {}
      found_paths_dict: {}

  - name: Declare syscalls found per file
    set_fact: syscalls_per_file="{{ syscalls_per_file | combine( {item.files[0].path
      :[item.item] + syscalls_per_file.get(item.files[0].path, []) } ) }}"
    loop: '{{ find_command.results | selectattr(''matched'') | list }}'

  - name: Declare files where syscalls were found
    set_fact: found_paths="{{ find_command.results | map(attribute='files') | flatten
      | map(attribute='path') | list }}"

  - name: Count occurrences of syscalls in paths
    set_fact: found_paths_dict="{{ found_paths_dict | combine({ item:1+found_paths_dict.get(item,
      0) }) }}"
    loop: '{{ find_command.results | map(attribute=''files'') | flatten | map(attribute=''path'')
      | list }}'

  - name: Get path with most syscalls
    set_fact: audit_file="{{ (found_paths_dict | dict2items() | sort(attribute='value')
      | last).key }}"
    when: found_paths | length &gt;= 1

  - name: No file with syscall found, set path to /etc/audit/rules.d/delete.rules
    set_fact: audit_file="/etc/audit/rules.d/delete.rules"
    when: found_paths | length == 0

  - name: Declare found syscalls
    set_fact: syscalls_found="{{ find_command.results | selectattr('matched') | map(attribute='item')
      | list }}"

  - name: Declare missing syscalls
    set_fact: missing_syscalls="{{ syscalls | difference(syscalls_found) }}"

  - name: Replace the audit rule in {{ audit_file }}
    lineinfile:
      path: '{{ audit_file }}'
      regexp: (-a always,exit -F arch=b32)(?=.*(?:(?:-S |,)(?:{{ syscalls_per_file[audit_file]
        | join("|") }}))\b)((?:( -S |,)\w+)+)( -F auid&gt;=1000 -F auid!=unset (?:-k
        |-F key=)\w+)
      line: \1\2\3{{ missing_syscalls | join("\3") }}\4
      backrefs: true
      state: present
      mode: g-rwx,o-rwx
    when: syscalls_found | length &gt; 0 and missing_syscalls | length &gt; 0

  - name: Add the audit rule to {{ audit_file }}
    lineinfile:
      path: '{{ audit_file }}'
      line: -a always,exit -F arch=b32 -S {{ syscalls | join(',') }} -F auid&gt;=1000
        -F auid!=unset -F key=delete
      create: true
      mode: g-rwx,o-rwx
      state: present
    when: syscalls_found | length == 0

  - name: Declare list of syscalls
    set_fact:
      syscalls:
      - unlinkat
      syscall_grouping:
      - unlink
      - unlinkat
      - rename
      - renameat
      - rmdir

  - name: Check existence of unlinkat in /etc/audit/audit.rules
    find:
      paths: /etc/audit
      contains: -a always,exit -F arch=b32(( -S |,)\w+)*(( -S |,){{ item }})+(( -S
        |,)\w+)* -F auid&gt;=1000 -F auid!=unset (-k\s+|-F\s+key=)\S+\s*$
      patterns: audit.rules
    register: find_command
    loop: '{{ (syscall_grouping + syscalls) | unique }}'

  - name: Set path to /etc/audit/audit.rules
    set_fact: audit_file="/etc/audit/audit.rules"

  - name: Declare found syscalls
    set_fact: syscalls_found="{{ find_command.results | selectattr('matched') | map(attribute='item')
      | list }}"

  - name: Declare missing syscalls
    set_fact: missing_syscalls="{{ syscalls | difference(syscalls_found) }}"

  - name: Replace the audit rule in {{ audit_file }}
    lineinfile:
      path: '{{ audit_file }}'
      regexp: (-a always,exit -F arch=b32)(?=.*(?:(?:-S |,)(?:{{ syscalls_found |
        join("|") }}))\b)((?:( -S |,)\w+)+)( -F auid&gt;=1000 -F auid!=unset (?:-k |-F
        key=)\w+)
      line: \1\2\3{{ missing_syscalls | join("\3") }}\4
      backrefs: true
      state: present
      mode: g-rwx,o-rwx
    when: syscalls_found | length &gt; 0 and missing_syscalls | length &gt; 0

  - name: Add the audit rule to {{ audit_file }}
    lineinfile:
      path: '{{ audit_file }}'
      line: -a always,exit -F arch=b32 -S {{ syscalls | join(',') }} -F auid&gt;=1000
        -F auid!=unset -F key=delete
      create: true
      mode: g-rwx,o-rwx
      state: present
    when: syscalls_found | length == 0
  when:
  - '"auditd" in ansible_facts.packages'
  - '"linux-base" in ansible_facts.packages'
  tags:
  - NIST-800-171-3.1.7
  - NIST-800-53-AU-12(c)
  - NIST-800-53-AU-2(d)
  - NIST-800-53-CM-6(a)
  - PCI-DSS-Req-10.2.7
  - PCI-DSSv4-10.2
  - PCI-DSSv4-10.2.1
  - PCI-DSSv4-10.2.1.7
  - audit_rules_file_deletion_events_unlinkat
  - low_complexity
  - low_disruption
  - medium_severity
  - reboot_required
  - restrict_strategy

- name: Perform remediation of Audit rules for unlinkat for 64bit platform
  block:

  - name: Declare list of syscalls
    set_fact:
      syscalls:
      - unlinkat
      syscall_grouping:
      - unlink
      - unlinkat
      - rename
      - renameat
      - rmdir

  - name: Check existence of unlinkat in /etc/audit/rules.d/
    find:
      paths: /etc/audit/rules.d
      contains: -a always,exit -F arch=b64(( -S |,)\w+)*(( -S |,){{ item }})+(( -S
        |,)\w+)* -F auid&gt;=1000 -F auid!=unset (-k\s+|-F\s+key=)\S+\s*$
      patterns: '*.rules'
    register: find_command
    loop: '{{ (syscall_grouping + syscalls) | unique }}'

  - name: Reset syscalls found per file
    set_fact:
      syscalls_per_file: {}
      found_paths_dict: {}

  - name: Declare syscalls found per file
    set_fact: syscalls_per_file="{{ syscalls_per_file | combine( {item.files[0].path
      :[item.item] + syscalls_per_file.get(item.files[0].path, []) } ) }}"
    loop: '{{ find_command.results | selectattr(''matched'') | list }}'

  - name: Declare files where syscalls were found
    set_fact: found_paths="{{ find_command.results | map(attribute='files') | flatten
      | map(attribute='path') | list }}"

  - name: Count occurrences of syscalls in paths
    set_fact: found_paths_dict="{{ found_paths_dict | combine({ item:1+found_paths_dict.get(item,
      0) }) }}"
    loop: '{{ find_command.results | map(attribute=''files'') | flatten | map(attribute=''path'')
      | list }}'

  - name: Get path with most syscalls
    set_fact: audit_file="{{ (found_paths_dict | dict2items() | sort(attribute='value')
      | last).key }}"
    when: found_paths | length &gt;= 1

  - name: No file with syscall found, set path to /etc/audit/rules.d/delete.rules
    set_fact: audit_file="/etc/audit/rules.d/delete.rules"
    when: found_paths | length == 0

  - name: Declare found syscalls
    set_fact: syscalls_found="{{ find_command.results | selectattr('matched') | map(attribute='item')
      | list }}"

  - name: Declare missing syscalls
    set_fact: missing_syscalls="{{ syscalls | difference(syscalls_found) }}"

  - name: Replace the audit rule in {{ audit_file }}
    lineinfile:
      path: '{{ audit_file }}'
      regexp: (-a always,exit -F arch=b64)(?=.*(?:(?:-S |,)(?:{{ syscalls_per_file[audit_file]
        | join("|") }}))\b)((?:( -S |,)\w+)+)( -F auid&gt;=1000 -F auid!=unset (?:-k
        |-F key=)\w+)
      line: \1\2\3{{ missing_syscalls | join("\3") }}\4
      backrefs: true
      state: present
      mode: g-rwx,o-rwx
    when: syscalls_found | length &gt; 0 and missing_syscalls | length &gt; 0

  - name: Add the audit rule to {{ audit_file }}
    lineinfile:
      path: '{{ audit_file }}'
      line: -a always,exit -F arch=b64 -S {{ syscalls | join(',') }} -F auid&gt;=1000
        -F auid!=unset -F key=delete
      create: true
      mode: g-rwx,o-rwx
      state: present
    when: syscalls_found | length == 0

  - name: Declare list of syscalls
    set_fact:
      syscalls:
      - unlinkat
      syscall_grouping:
      - unlink
      - unlinkat
      - rename
      - renameat
      - rmdir

  - name: Check existence of unlinkat in /etc/audit/audit.rules
    find:
      paths: /etc/audit
      contains: -a always,exit -F arch=b64(( -S |,)\w+)*(( -S |,){{ item }})+(( -S
        |,)\w+)* -F auid&gt;=1000 -F auid!=unset (-k\s+|-F\s+key=)\S+\s*$
      patterns: audit.rules
    register: find_command
    loop: '{{ (syscall_grouping + syscalls) | unique }}'

  - name: Set path to /etc/audit/audit.rules
    set_fact: audit_file="/etc/audit/audit.rules"

  - name: Declare found syscalls
    set_fact: syscalls_found="{{ find_command.results | selectattr('matched') | map(attribute='item')
      | list }}"

  - name: Declare missing syscalls
    set_fact: missing_syscalls="{{ syscalls | difference(syscalls_found) }}"

  - name: Replace the audit rule in {{ audit_file }}
    lineinfile:
      path: '{{ audit_file }}'
      regexp: (-a always,exit -F arch=b64)(?=.*(?:(?:-S |,)(?:{{ syscalls_found |
        join("|") }}))\b)((?:( -S |,)\w+)+)( -F auid&gt;=1000 -F auid!=unset (?:-k |-F
        key=)\w+)
      line: \1\2\3{{ missing_syscalls | join("\3") }}\4
      backrefs: true
      state: present
      mode: g-rwx,o-rwx
    when: syscalls_found | length &gt; 0 and missing_syscalls | length &gt; 0

  - name: Add the audit rule to {{ audit_file }}
    lineinfile:
      path: '{{ audit_file }}'
      line: -a always,exit -F arch=b64 -S {{ syscalls | join(',') }} -F auid&gt;=1000
        -F auid!=unset -F key=delete
      create: true
      mode: g-rwx,o-rwx
      state: present
    when: syscalls_found | length == 0
  when:
  - '"auditd" in ansible_facts.packages'
  - '"linux-base" in ansible_facts.packages'
  - audit_arch == "b64"
  tags:
  - NIST-800-171-3.1.7
  - NIST-800-53-AU-12(c)
  - NIST-800-53-AU-2(d)
  - NIST-800-53-CM-6(a)
  - PCI-DSS-Req-10.2.7
  - PCI-DSSv4-10.2
  - PCI-DSSv4-10.2.1
  - PCI-DSSv4-10.2.1.7
  - audit_rules_file_deletion_events_unlinkat
  - low_complexity
  - low_disruption
  - medium_severity
  - reboot_required
  - restrict_strategy
</fix>
          <fix xmlns:xhtml="http://www.w3.org/1999/xhtml" id="audit_rules_file_deletion_events_unlinkat" system="urn:xccdf:fix:script:sh"># Remediation is applicable only in certain platforms
if dpkg-query --show --showformat='${db:Status-Status}
' 'linux-base' 2&gt;/dev/null | grep -q ^installed &amp;&amp; dpkg-query --show --showformat='${db:Status-Status}\n' 'auditd' 2&gt;/dev/null | grep -q '^installed'; then

# First perform the remediation of the syscall rule
# Retrieve hardware architecture of the underlying system
[ "$(getconf LONG_BIT)" = "32" ] &amp;&amp; RULE_ARCHS=("b32") || RULE_ARCHS=("b32" "b64")

for ARCH in "${RULE_ARCHS[@]}"
do
	ACTION_ARCH_FILTERS="-a always,exit -F arch=$ARCH"
	OTHER_FILTERS=""
	AUID_FILTERS="-F auid&gt;=1000 -F auid!=unset"
	SYSCALL="unlinkat"
	KEY="delete"
	SYSCALL_GROUPING="unlink unlinkat rename renameat rmdir"
	# Perform the remediation for both possible tools: 'auditctl' and 'augenrules'
	unset syscall_a
unset syscall_grouping
unset syscall_string
unset syscall
unset file_to_edit
unset rule_to_edit
unset rule_syscalls_to_edit
unset other_string
unset auid_string
unset full_rule

# Load macro arguments into arrays
read -a syscall_a &lt;&lt;&lt; $SYSCALL
read -a syscall_grouping &lt;&lt;&lt; $SYSCALL_GROUPING

# Create a list of audit *.rules files that should be inspected for presence and correctness
# of a particular audit rule. The scheme is as follows:
#
# -----------------------------------------------------------------------------------------
#  Tool used to load audit rules | Rule already defined  |  Audit rules file to inspect    |
# -----------------------------------------------------------------------------------------
#        auditctl                |     Doesn't matter    |  /etc/audit/audit.rules         |
# -----------------------------------------------------------------------------------------
#        augenrules              |          Yes          |  /etc/audit/rules.d/*.rules     |
#        augenrules              |          No           |  /etc/audit/rules.d/$key.rules  |
# -----------------------------------------------------------------------------------------
#
files_to_inspect=()

# If audit tool is 'augenrules', then check if the audit rule is defined
# If rule is defined, add '/etc/audit/rules.d/*.rules' to the list for inspection
# If rule isn't defined yet, add '/etc/audit/rules.d/$key.rules' to the list for inspection
default_file="/etc/audit/rules.d/$KEY.rules"
# As other_filters may include paths, lets use a different delimiter for it
# The "F" script expression tells sed to print the filenames where the expressions matched
readarray -t files_to_inspect &lt; &lt;(sed -s -n -e "/^$ACTION_ARCH_FILTERS/!d" -e "\#$OTHER_FILTERS#!d" -e "/$AUID_FILTERS/!d" -e "F" /etc/audit/rules.d/*.rules)
# Case when particular rule isn't defined in /etc/audit/rules.d/*.rules yet
if [ ${#files_to_inspect[@]} -eq "0" ]
then
    file_to_inspect="/etc/audit/rules.d/$KEY.rules"
    files_to_inspect=("$file_to_inspect")
    if [ ! -e "$file_to_inspect" ]
    then
        touch "$file_to_inspect"
        chmod 0600 "$file_to_inspect"
    fi
fi

# After converting to jinja, we cannot return; therefore we skip the rest of the macro if needed instead
skip=1

for audit_file in "${files_to_inspect[@]}"
do
    # Filter existing $audit_file rules' definitions to select those that satisfy the rule pattern,
    # i.e, collect rules that match:
    # * the action, list and arch, (2-nd argument)
    # * the other filters, (3-rd argument)
    # * the auid filters, (4-rd argument)
    readarray -t similar_rules &lt; &lt;(sed -e "/^$ACTION_ARCH_FILTERS/!d"  -e "\#$OTHER_FILTERS#!d" -e "/$AUID_FILTERS/!d" "$audit_file")

    candidate_rules=()
    # Filter out rules that have more fields then required. This will remove rules more specific than the required scope
    for s_rule in "${similar_rules[@]}"
    do
        # Strip all the options and fields we know of,
        # than check if there was any field left over
        extra_fields=$(sed -E -e "s/^$ACTION_ARCH_FILTERS//"  -e "s#$OTHER_FILTERS##" -e "s/$AUID_FILTERS//" -e "s/((:?-S [[:alnum:],]+)+)//g" -e "s/-F key=\w+|-k \w+//"&lt;&lt;&lt; "$s_rule")
        grep -q -- "-F" &lt;&lt;&lt; "$extra_fields" || candidate_rules+=("$s_rule")
    done

    if [[ ${#syscall_a[@]} -ge 1 ]]
    then
        # Check if the syscall we want is present in any of the similar existing rules
        for rule in "${candidate_rules[@]}"
        do
            rule_syscalls=$(echo "$rule" | grep -o -P '(-S [\w,]+)+' | xargs)
            all_syscalls_found=0
            for syscall in "${syscall_a[@]}"
            do
                grep -q -- "\b${syscall}\b" &lt;&lt;&lt; "$rule_syscalls" || {
                   # A syscall was not found in the candidate rule
                   all_syscalls_found=1
                   }
            done
            if [[ $all_syscalls_found -eq 0 ]]
            then
                # We found a rule with all the syscall(s) we want; skip rest of macro
                skip=0
                break
            fi

            # Check if this rule can be grouped with our target syscall and keep track of it
            for syscall_g in "${syscall_grouping[@]}"
            do
                if grep -q -- "\b${syscall_g}\b" &lt;&lt;&lt; "$rule_syscalls"
                then
                    file_to_edit=${audit_file}
                    rule_to_edit=${rule}
                    rule_syscalls_to_edit=${rule_syscalls}
                fi
            done
        done
    else
        # If there is any candidate rule, it is compliant; skip rest of macro
        if [ "${#candidate_rules[@]}" -gt 0 ]
        then
            skip=0
        fi
    fi

    if [ "$skip" -eq 0 ]; then
        break
    fi
done

if [ "$skip" -ne 0 ]; then
    # We checked all rules that matched the expected resemblance pattern (action, arch &amp; auid)
    # At this point we know if we need to either append the $full_rule or group
    # the syscall together with an exsiting rule

    # Append the full_rule if it cannot be grouped to any other rule
    if [ -z ${rule_to_edit+x} ]
    then
        # Build full_rule while avoid adding double spaces when other_filters is empty
        if [ "${#syscall_a[@]}" -gt 0 ]
        then
            syscall_string=""
            for syscall in "${syscall_a[@]}"
            do
                syscall_string+=" -S $syscall"
            done
        fi
        other_string=$([[ $OTHER_FILTERS ]] &amp;&amp; echo " $OTHER_FILTERS") || /bin/true
        auid_string=$([[ $AUID_FILTERS ]] &amp;&amp; echo " $AUID_FILTERS") || /bin/true
        full_rule="$ACTION_ARCH_FILTERS${syscall_string}${other_string}${auid_string} -F key=$KEY" || /bin/true
        echo "$full_rule" &gt;&gt; "$default_file"
        chmod 0600 ${default_file}
    else
        # Check if the syscalls are declared as a comma separated list or
        # as multiple -S parameters
        if grep -q -- "," &lt;&lt;&lt; "${rule_syscalls_to_edit}"
        then
            delimiter=","
        else
            delimiter=" -S "
        fi
        new_grouped_syscalls="${rule_syscalls_to_edit}"
        for syscall in "${syscall_a[@]}"
        do
            grep -q -- "\b${syscall}\b" &lt;&lt;&lt; "${rule_syscalls_to_edit}" || {
               # A syscall was not found in the candidate rule
               new_grouped_syscalls+="${delimiter}${syscall}"
               }
        done

        # Group the syscall in the rule
        sed -i -e "\#${rule_to_edit}#s#${rule_syscalls_to_edit}#${new_grouped_syscalls}#" "$file_to_edit"
    fi
fi
	unset syscall_a
unset syscall_grouping
unset syscall_string
unset syscall
unset file_to_edit
unset rule_to_edit
unset rule_syscalls_to_edit
unset other_string
unset auid_string
unset full_rule

# Load macro arguments into arrays
read -a syscall_a &lt;&lt;&lt; $SYSCALL
read -a syscall_grouping &lt;&lt;&lt; $SYSCALL_GROUPING

# Create a list of audit *.rules files that should be inspected for presence and correctness
# of a particular audit rule. The scheme is as follows:
#
# -----------------------------------------------------------------------------------------
#  Tool used to load audit rules | Rule already defined  |  Audit rules file to inspect    |
# -----------------------------------------------------------------------------------------
#        auditctl                |     Doesn't matter    |  /etc/audit/audit.rules         |
# -----------------------------------------------------------------------------------------
#        augenrules              |          Yes          |  /etc/audit/rules.d/*.rules     |
#        augenrules              |          No           |  /etc/audit/rules.d/$key.rules  |
# -----------------------------------------------------------------------------------------
#
files_to_inspect=()


# If audit tool is 'auditctl', then add '/etc/audit/audit.rules'
# file to the list of files to be inspected
default_file="/etc/audit/audit.rules"
files_to_inspect+=('/etc/audit/audit.rules' )

# After converting to jinja, we cannot return; therefore we skip the rest of the macro if needed instead
skip=1

for audit_file in "${files_to_inspect[@]}"
do
    # Filter existing $audit_file rules' definitions to select those that satisfy the rule pattern,
    # i.e, collect rules that match:
    # * the action, list and arch, (2-nd argument)
    # * the other filters, (3-rd argument)
    # * the auid filters, (4-rd argument)
    readarray -t similar_rules &lt; &lt;(sed -e "/^$ACTION_ARCH_FILTERS/!d"  -e "\#$OTHER_FILTERS#!d" -e "/$AUID_FILTERS/!d" "$audit_file")

    candidate_rules=()
    # Filter out rules that have more fields then required. This will remove rules more specific than the required scope
    for s_rule in "${similar_rules[@]}"
    do
        # Strip all the options and fields we know of,
        # than check if there was any field left over
        extra_fields=$(sed -E -e "s/^$ACTION_ARCH_FILTERS//"  -e "s#$OTHER_FILTERS##" -e "s/$AUID_FILTERS//" -e "s/((:?-S [[:alnum:],]+)+)//g" -e "s/-F key=\w+|-k \w+//"&lt;&lt;&lt; "$s_rule")
        grep -q -- "-F" &lt;&lt;&lt; "$extra_fields" || candidate_rules+=("$s_rule")
    done

    if [[ ${#syscall_a[@]} -ge 1 ]]
    then
        # Check if the syscall we want is present in any of the similar existing rules
        for rule in "${candidate_rules[@]}"
        do
            rule_syscalls=$(echo "$rule" | grep -o -P '(-S [\w,]+)+' | xargs)
            all_syscalls_found=0
            for syscall in "${syscall_a[@]}"
            do
                grep -q -- "\b${syscall}\b" &lt;&lt;&lt; "$rule_syscalls" || {
                   # A syscall was not found in the candidate rule
                   all_syscalls_found=1
                   }
            done
            if [[ $all_syscalls_found -eq 0 ]]
            then
                # We found a rule with all the syscall(s) we want; skip rest of macro
                skip=0
                break
            fi

            # Check if this rule can be grouped with our target syscall and keep track of it
            for syscall_g in "${syscall_grouping[@]}"
            do
                if grep -q -- "\b${syscall_g}\b" &lt;&lt;&lt; "$rule_syscalls"
                then
                    file_to_edit=${audit_file}
                    rule_to_edit=${rule}
                    rule_syscalls_to_edit=${rule_syscalls}
                fi
            done
        done
    else
        # If there is any candidate rule, it is compliant; skip rest of macro
        if [ "${#candidate_rules[@]}" -gt 0 ]
        then
            skip=0
        fi
    fi

    if [ "$skip" -eq 0 ]; then
        break
    fi
done

if [ "$skip" -ne 0 ]; then
    # We checked all rules that matched the expected resemblance pattern (action, arch &amp; auid)
    # At this point we know if we need to either append the $full_rule or group
    # the syscall together with an exsiting rule

    # Append the full_rule if it cannot be grouped to any other rule
    if [ -z ${rule_to_edit+x} ]
    then
        # Build full_rule while avoid adding double spaces when other_filters is empty
        if [ "${#syscall_a[@]}" -gt 0 ]
        then
            syscall_string=""
            for syscall in "${syscall_a[@]}"
            do
                syscall_string+=" -S $syscall"
            done
        fi
        other_string=$([[ $OTHER_FILTERS ]] &amp;&amp; echo " $OTHER_FILTERS") || /bin/true
        auid_string=$([[ $AUID_FILTERS ]] &amp;&amp; echo " $AUID_FILTERS") || /bin/true
        full_rule="$ACTION_ARCH_FILTERS${syscall_string}${other_string}${auid_string} -F key=$KEY" || /bin/true
        echo "$full_rule" &gt;&gt; "$default_file"
        chmod 0600 ${default_file}
    else
        # Check if the syscalls are declared as a comma separated list or
        # as multiple -S parameters
        if grep -q -- "," &lt;&lt;&lt; "${rule_syscalls_to_edit}"
        then
            delimiter=","
        else
            delimiter=" -S "
        fi
        new_grouped_syscalls="${rule_syscalls_to_edit}"
        for syscall in "${syscall_a[@]}"
        do
            grep -q -- "\b${syscall}\b" &lt;&lt;&lt; "${rule_syscalls_to_edit}" || {
               # A syscall was not found in the candidate rule
               new_grouped_syscalls+="${delimiter}${syscall}"
               }
        done

        # Group the syscall in the rule
        sed -i -e "\#${rule_to_edit}#s#${rule_syscalls_to_edit}#${new_grouped_syscalls}#" "$file_to_edit"
    fi
fi
done

else
    &gt;&amp;2 echo 'Remediation is not applicable, nothing was done'
fi
</fix>
          <check system="http://oval.mitre.org/XMLSchema/oval-definitions-5">
            <check-content-ref name="oval:ssg-audit_rules_file_deletion_events_unlinkat:def:1" href="ssg-ubuntu2404-oval.xml"/>
          </check>
          <check system="http://scap.nist.gov/schema/ocil/2">
            <check-content-ref name="ocil:ssg-audit_rules_file_deletion_events_unlinkat_ocil:questionnaire:1" href="ssg-ubuntu2404-ocil.xml"/>
          </check>
        </Rule>
      </Group>
      <Group id="xccdf_org.ssgproject.content_group_audit_file_modification">
        <title xmlns:xhtml="http://www.w3.org/1999/xhtml" xml:lang="en-US">Record Unauthorized Access Attempts Events to Files (unsuccessful)</title>
        <description xmlns:xhtml="http://www.w3.org/1999/xhtml" xml:lang="en-US">At a minimum, the audit system should collect unauthorized file
accesses for all users and root. Note that the "-F arch=b32" lines should be
present even on a 64 bit system. These commands identify system calls for
auditing. Even if the system is 64 bit it can still execute 32 bit system
calls. Additionally, these rules can be configured in a number of ways while
still achieving the desired effect. An example of this is that the "-S" calls
could be split up and placed on separate lines, however, this is less efficient.
Add the following to <html:code xmlns:html="http://www.w3.org/1999/xhtml">/etc/audit/audit.rules</html:code>:
<html:pre xmlns:html="http://www.w3.org/1999/xhtml">-a always,exit -F arch=b32 -S creat,open,openat,open_by_handle_at,truncate,ftruncate -F exit=-EACCES -F auid&gt;=1000 -F auid!=unset -F key=access
    -a always,exit -F arch=b32 -S creat,open,openat,open_by_handle_at,truncate,ftruncate -F exit=-EPERM -F auid&gt;=1000 -F auid!=unset -F key=access</html:pre>
If your system is 64 bit then these lines should be duplicated and the
arch=b32 replaced with arch=b64 as follows:
<html:pre xmlns:html="http://www.w3.org/1999/xhtml">-a always,exit -F arch=b64 -S creat,open,openat,open_by_handle_at,truncate,ftruncate -F exit=-EACCES -F auid&gt;=1000 -F auid!=unset -F key=access
    -a always,exit -F arch=b64 -S creat,open,openat,open_by_handle_at,truncate,ftruncate -F exit=-EPERM -F auid&gt;=1000 -F auid!=unset -F key=access</html:pre>
      </description>
        <Rule id="xccdf_org.ssgproject.content_rule_audit_rules_unsuccessful_file_modification_creat" selected="false" role="full" severity="medium">
          <title xmlns:xhtml="http://www.w3.org/1999/xhtml" xml:lang="en-US">Record Unsuccessful Access Attempts to Files - creat</title>
          <description xmlns:xhtml="http://www.w3.org/1999/xhtml" xml:lang="en-US">At a minimum, the audit system should collect unauthorized file
accesses for all users and root. If the <html:code xmlns:html="http://www.w3.org/1999/xhtml">auditd</html:code> daemon is configured
to use the <html:code xmlns:html="http://www.w3.org/1999/xhtml">augenrules</html:code> program to read audit rules during daemon
startup (the default), add the following lines to a file with suffix
<html:code xmlns:html="http://www.w3.org/1999/xhtml">.rules</html:code> in the directory <html:code xmlns:html="http://www.w3.org/1999/xhtml">/etc/audit/rules.d</html:code>:
<html:pre xmlns:html="http://www.w3.org/1999/xhtml">-a always,exit -F arch=b32 -S creat -F exit=-EACCES -F auid&gt;=1000 -F auid!=unset -F key=access
-a always,exit -F arch=b32 -S creat -F exit=-EPERM -F auid&gt;=1000 -F auid!=unset -F key=access</html:pre>
If the system is 64 bit then also add the following lines:
<html:pre xmlns:html="http://www.w3.org/1999/xhtml">
-a always,exit -F arch=b64 -S creat -F exit=-EACCES -F auid&gt;=1000 -F auid!=unset -F key=access
-a always,exit -F arch=b64 -S creat -F exit=-EPERM -F auid&gt;=1000 -F auid!=unset -F key=access</html:pre>
If the <html:code xmlns:html="http://www.w3.org/1999/xhtml">auditd</html:code> daemon is configured to use the <html:code xmlns:html="http://www.w3.org/1999/xhtml">auditctl</html:code>
utility to read audit rules during daemon startup, add the following lines to
<html:code xmlns:html="http://www.w3.org/1999/xhtml">/etc/audit/audit.rules</html:code> file:
<html:pre xmlns:html="http://www.w3.org/1999/xhtml">-a always,exit -F arch=b32 -S creat -F exit=-EACCES -F auid&gt;=1000 -F auid!=unset -F key=access
-a always,exit -F arch=b32 -S creat -F exit=-EPERM -F auid&gt;=1000 -F auid!=unset -F key=access</html:pre>
If the system is 64 bit then also add the following lines:
<html:pre xmlns:html="http://www.w3.org/1999/xhtml">
-a always,exit -F arch=b64 -S creat -F exit=-EACCES -F auid&gt;=1000 -F auid!=unset -F key=access
-a always,exit -F arch=b64 -S creat -F exit=-EPERM -F auid&gt;=1000 -F auid!=unset -F key=access</html:pre>
       </description>
          <warning xmlns:xhtml="http://www.w3.org/1999/xhtml" xml:lang="en-US" category="general">Note that these rules can be configured in a
number of ways while still achieving the desired effect. Here the system calls
have been placed independent of other system calls. Grouping these system
calls with others as identifying earlier in this guide is more efficient.</warning>
          <reference href="https://www.cisecurity.org/controls/">1</reference>
          <reference href="https://www.cisecurity.org/controls/">11</reference>
          <reference href="https://www.cisecurity.org/controls/">12</reference>
          <reference href="https://www.cisecurity.org/controls/">13</reference>
          <reference href="https://www.cisecurity.org/controls/">14</reference>
          <reference href="https://www.cisecurity.org/controls/">15</reference>
          <reference href="https://www.cisecurity.org/controls/">16</reference>
          <reference href="https://www.cisecurity.org/controls/">19</reference>
          <reference href="https://www.cisecurity.org/controls/">2</reference>
          <reference href="https://www.cisecurity.org/controls/">3</reference>
          <reference href="https://www.cisecurity.org/controls/">4</reference>
          <reference href="https://www.cisecurity.org/controls/">5</reference>
          <reference href="https://www.cisecurity.org/controls/">6</reference>
          <reference href="https://www.cisecurity.org/controls/">7</reference>
          <reference href="https://www.cisecurity.org/controls/">8</reference>
          <reference href="https://www.cisecurity.org/controls/">9</reference>
          <reference href="https://www.isaca.org/resources/cobit">APO10.01</reference>
          <reference href="https://www.isaca.org/resources/cobit">APO10.03</reference>
          <reference href="https://www.isaca.org/resources/cobit">APO10.04</reference>
          <reference href="https://www.isaca.org/resources/cobit">APO10.05</reference>
          <reference href="https://www.isaca.org/resources/cobit">APO11.04</reference>
          <reference href="https://www.isaca.org/resources/cobit">APO12.06</reference>
          <reference href="https://www.isaca.org/resources/cobit">APO13.01</reference>
          <reference href="https://www.isaca.org/resources/cobit">BAI03.05</reference>
          <reference href="https://www.isaca.org/resources/cobit">BAI08.02</reference>
          <reference href="https://www.isaca.org/resources/cobit">DSS01.03</reference>
          <reference href="https://www.isaca.org/resources/cobit">DSS01.04</reference>
          <reference href="https://www.isaca.org/resources/cobit">DSS02.02</reference>
          <reference href="https://www.isaca.org/resources/cobit">DSS02.04</reference>
          <reference href="https://www.isaca.org/resources/cobit">DSS02.07</reference>
          <reference href="https://www.isaca.org/resources/cobit">DSS03.01</reference>
          <reference href="https://www.isaca.org/resources/cobit">DSS03.05</reference>
          <reference href="https://www.isaca.org/resources/cobit">DSS05.02</reference>
          <reference href="https://www.isaca.org/resources/cobit">DSS05.03</reference>
          <reference href="https://www.isaca.org/resources/cobit">DSS05.04</reference>
          <reference href="https://www.isaca.org/resources/cobit">DSS05.05</reference>
          <reference href="https://www.isaca.org/resources/cobit">DSS05.07</reference>
          <reference href="https://www.isaca.org/resources/cobit">MEA01.01</reference>
          <reference href="https://www.isaca.org/resources/cobit">MEA01.02</reference>
          <reference href="https://www.isaca.org/resources/cobit">MEA01.03</reference>
          <reference href="https://www.isaca.org/resources/cobit">MEA01.04</reference>
          <reference href="https://www.isaca.org/resources/cobit">MEA01.05</reference>
          <reference href="https://www.isaca.org/resources/cobit">MEA02.01</reference>
          <reference href="http://nvlpubs.nist.gov/nistpubs/SpecialPublications/NIST.SP.800-171.pdf">3.1.7</reference>
          <reference href="https://public.cyber.mil/stigs/cci/">CCI-000172</reference>
          <reference href="https://public.cyber.mil/stigs/cci/">CCI-000130</reference>
          <reference href="https://public.cyber.mil/stigs/cci/">CCI-000135</reference>
          <reference href="https://public.cyber.mil/stigs/cci/">CCI-000169</reference>
          <reference href="https://public.cyber.mil/stigs/cci/">CCI-002884</reference>
          <reference href="https://www.gpo.gov/fdsys/pkg/CFR-2007-title45-vol1/pdf/CFR-2007-title45-vol1-chapA-subchapC.pdf">164.308(a)(1)(ii)(D)</reference>
          <reference href="https://www.gpo.gov/fdsys/pkg/CFR-2007-title45-vol1/pdf/CFR-2007-title45-vol1-chapA-subchapC.pdf">164.308(a)(3)(ii)(A)</reference>
          <reference href="https://www.gpo.gov/fdsys/pkg/CFR-2007-title45-vol1/pdf/CFR-2007-title45-vol1-chapA-subchapC.pdf">164.308(a)(5)(ii)(C)</reference>
          <reference href="https://www.gpo.gov/fdsys/pkg/CFR-2007-title45-vol1/pdf/CFR-2007-title45-vol1-chapA-subchapC.pdf">164.312(a)(2)(i)</reference>
          <reference href="https://www.gpo.gov/fdsys/pkg/CFR-2007-title45-vol1/pdf/CFR-2007-title45-vol1-chapA-subchapC.pdf">164.312(b)</reference>
          <reference href="https://www.gpo.gov/fdsys/pkg/CFR-2007-title45-vol1/pdf/CFR-2007-title45-vol1-chapA-subchapC.pdf">164.312(d)</reference>
          <reference href="https://www.gpo.gov/fdsys/pkg/CFR-2007-title45-vol1/pdf/CFR-2007-title45-vol1-chapA-subchapC.pdf">164.312(e)</reference>
          <reference href="https://www.isa.org/products/isa-62443-2-1-2009-security-for-industrial-automat">4.2.3.10</reference>
          <reference href="https://www.isa.org/products/isa-62443-2-1-2009-security-for-industrial-automat">4.3.2.6.7</reference>
          <reference href="https://www.isa.org/products/isa-62443-2-1-2009-security-for-industrial-automat">4.3.3.3.9</reference>
          <reference href="https://www.isa.org/products/isa-62443-2-1-2009-security-for-industrial-automat">4.3.3.5.8</reference>
          <reference href="https://www.isa.org/products/isa-62443-2-1-2009-security-for-industrial-automat">4.3.3.6.6</reference>
          <reference href="https://www.isa.org/products/isa-62443-2-1-2009-security-for-industrial-automat">4.3.4.4.7</reference>
          <reference href="https://www.isa.org/products/isa-62443-2-1-2009-security-for-industrial-automat">4.3.4.5.6</reference>
          <reference href="https://www.isa.org/products/isa-62443-2-1-2009-security-for-industrial-automat">4.3.4.5.7</reference>
          <reference href="https://www.isa.org/products/isa-62443-2-1-2009-security-for-industrial-automat">4.3.4.5.8</reference>
          <reference href="https://www.isa.org/products/isa-62443-2-1-2009-security-for-industrial-automat">4.4.2.1</reference>
          <reference href="https://www.isa.org/products/isa-62443-2-1-2009-security-for-industrial-automat">4.4.2.2</reference>
          <reference href="https://www.isa.org/products/isa-62443-2-1-2009-security-for-industrial-automat">4.4.2.4</reference>
          <reference href="https://www.isa.org/products/ansi-isa-62443-3-3-99-03-03-2013-security-for-indu">SR 1.13</reference>
          <reference href="https://www.isa.org/products/ansi-isa-62443-3-3-99-03-03-2013-security-for-indu">SR 2.10</reference>
          <reference href="https://www.isa.org/products/ansi-isa-62443-3-3-99-03-03-2013-security-for-indu">SR 2.11</reference>
          <reference href="https://www.isa.org/products/ansi-isa-62443-3-3-99-03-03-2013-security-for-indu">SR 2.12</reference>
          <reference href="https://www.isa.org/products/ansi-isa-62443-3-3-99-03-03-2013-security-for-indu">SR 2.6</reference>
          <reference href="https://www.isa.org/products/ansi-isa-62443-3-3-99-03-03-2013-security-for-indu">SR 2.8</reference>
          <reference href="https://www.isa.org/products/ansi-isa-62443-3-3-99-03-03-2013-security-for-indu">SR 2.9</reference>
          <reference href="https://www.isa.org/products/ansi-isa-62443-3-3-99-03-03-2013-security-for-indu">SR 3.1</reference>
          <reference href="https://www.isa.org/products/ansi-isa-62443-3-3-99-03-03-2013-security-for-indu">SR 3.5</reference>
          <reference href="https://www.isa.org/products/ansi-isa-62443-3-3-99-03-03-2013-security-for-indu">SR 3.8</reference>
          <reference href="https://www.isa.org/products/ansi-isa-62443-3-3-99-03-03-2013-security-for-indu">SR 4.1</reference>
          <reference href="https://www.isa.org/products/ansi-isa-62443-3-3-99-03-03-2013-security-for-indu">SR 4.3</reference>
          <reference href="https://www.isa.org/products/ansi-isa-62443-3-3-99-03-03-2013-security-for-indu">SR 5.1</reference>
          <reference href="https://www.isa.org/products/ansi-isa-62443-3-3-99-03-03-2013-security-for-indu">SR 5.2</reference>
          <reference href="https://www.isa.org/products/ansi-isa-62443-3-3-99-03-03-2013-security-for-indu">SR 5.3</reference>
          <reference href="https://www.isa.org/products/ansi-isa-62443-3-3-99-03-03-2013-security-for-indu">SR 6.1</reference>
          <reference href="https://www.isa.org/products/ansi-isa-62443-3-3-99-03-03-2013-security-for-indu">SR 6.2</reference>
          <reference href="https://www.isa.org/products/ansi-isa-62443-3-3-99-03-03-2013-security-for-indu">SR 7.1</reference>
          <reference href="https://www.isa.org/products/ansi-isa-62443-3-3-99-03-03-2013-security-for-indu">SR 7.6</reference>
          <reference href="https://www.iso.org/contents/data/standard/05/45/54534.html">A.11.2.6</reference>
          <reference href="https://www.iso.org/contents/data/standard/05/45/54534.html">A.12.4.1</reference>
          <reference href="https://www.iso.org/contents/data/standard/05/45/54534.html">A.12.4.2</reference>
          <reference href="https://www.iso.org/contents/data/standard/05/45/54534.html">A.12.4.3</reference>
          <reference href="https://www.iso.org/contents/data/standard/05/45/54534.html">A.12.4.4</reference>
          <reference href="https://www.iso.org/contents/data/standard/05/45/54534.html">A.12.7.1</reference>
          <reference href="https://www.iso.org/contents/data/standard/05/45/54534.html">A.13.1.1</reference>
          <reference href="https://www.iso.org/contents/data/standard/05/45/54534.html">A.13.2.1</reference>
          <reference href="https://www.iso.org/contents/data/standard/05/45/54534.html">A.14.1.3</reference>
          <reference href="https://www.iso.org/contents/data/standard/05/45/54534.html">A.14.2.7</reference>
          <reference href="https://www.iso.org/contents/data/standard/05/45/54534.html">A.15.2.1</reference>
          <reference href="https://www.iso.org/contents/data/standard/05/45/54534.html">A.15.2.2</reference>
          <reference href="https://www.iso.org/contents/data/standard/05/45/54534.html">A.16.1.4</reference>
          <reference href="https://www.iso.org/contents/data/standard/05/45/54534.html">A.16.1.5</reference>
          <reference href="https://www.iso.org/contents/data/standard/05/45/54534.html">A.16.1.7</reference>
          <reference href="https://www.iso.org/contents/data/standard/05/45/54534.html">A.6.2.1</reference>
          <reference href="https://www.iso.org/contents/data/standard/05/45/54534.html">A.6.2.2</reference>
          <reference href="http://nvlpubs.nist.gov/nistpubs/SpecialPublications/NIST.SP.800-53r4.pdf">AU-2(d)</reference>
          <reference href="http://nvlpubs.nist.gov/nistpubs/SpecialPublications/NIST.SP.800-53r4.pdf">AU-12(c)</reference>
          <reference href="http://nvlpubs.nist.gov/nistpubs/SpecialPublications/NIST.SP.800-53r4.pdf">CM-6(a)</reference>
          <reference href="https://nvlpubs.nist.gov/nistpubs/CSWP/NIST.CSWP.04162018.pdf">DE.AE-3</reference>
          <reference href="https://nvlpubs.nist.gov/nistpubs/CSWP/NIST.CSWP.04162018.pdf">DE.AE-5</reference>
          <reference href="https://nvlpubs.nist.gov/nistpubs/CSWP/NIST.CSWP.04162018.pdf">DE.CM-1</reference>
          <reference href="https://nvlpubs.nist.gov/nistpubs/CSWP/NIST.CSWP.04162018.pdf">DE.CM-3</reference>
          <reference href="https://nvlpubs.nist.gov/nistpubs/CSWP/NIST.CSWP.04162018.pdf">DE.CM-7</reference>
          <reference href="https://nvlpubs.nist.gov/nistpubs/CSWP/NIST.CSWP.04162018.pdf">ID.SC-4</reference>
          <reference href="https://nvlpubs.nist.gov/nistpubs/CSWP/NIST.CSWP.04162018.pdf">PR.AC-3</reference>
          <reference href="https://nvlpubs.nist.gov/nistpubs/CSWP/NIST.CSWP.04162018.pdf">PR.PT-1</reference>
          <reference href="https://nvlpubs.nist.gov/nistpubs/CSWP/NIST.CSWP.04162018.pdf">PR.PT-4</reference>
          <reference href="https://nvlpubs.nist.gov/nistpubs/CSWP/NIST.CSWP.04162018.pdf">RS.AN-1</reference>
          <reference href="https://nvlpubs.nist.gov/nistpubs/CSWP/NIST.CSWP.04162018.pdf">RS.AN-4</reference>
          <reference href="https://www.pcisecuritystandards.org/documents/PCI_DSS_v3-2-1.pdf">Req-10.2.4</reference>
          <reference href="https://www.pcisecuritystandards.org/documents/PCI_DSS_v3-2-1.pdf">Req-10.2.1</reference>
          <reference href="https://public.cyber.mil/stigs/downloads/?_dl_facet_stigs=operating-systems%2Cgeneral-purpose-os">SRG-OS-000037-GPOS-00015</reference>
          <reference href="https://public.cyber.mil/stigs/downloads/?_dl_facet_stigs=operating-systems%2Cgeneral-purpose-os">SRG-OS-000042-GPOS-00020</reference>
          <reference href="https://public.cyber.mil/stigs/downloads/?_dl_facet_stigs=operating-systems%2Cgeneral-purpose-os">SRG-OS-000062-GPOS-00031</reference>
          <reference href="https://public.cyber.mil/stigs/downloads/?_dl_facet_stigs=operating-systems%2Cgeneral-purpose-os">SRG-OS-000392-GPOS-00172</reference>
          <reference href="https://public.cyber.mil/stigs/downloads/?_dl_facet_stigs=operating-systems%2Cgeneral-purpose-os">SRG-OS-000462-GPOS-00206</reference>
          <reference href="https://public.cyber.mil/stigs/downloads/?_dl_facet_stigs=operating-systems%2Cgeneral-purpose-os">SRG-OS-000471-GPOS-00215</reference>
          <reference href="https://public.cyber.mil/stigs/downloads/?_dl_facet_stigs=operating-systems%2Cgeneral-purpose-os">SRG-OS-000064-GPOS-00033</reference>
          <reference href="https://public.cyber.mil/stigs/downloads/?_dl_facet_stigs=operating-systems%2Cgeneral-purpose-os">SRG-OS-000458-GPOS-00203</reference>
          <reference href="https://public.cyber.mil/stigs/downloads/?_dl_facet_stigs=operating-systems%2Cgeneral-purpose-os">SRG-OS-000461-GPOS-00205</reference>
          <reference href="https://public.cyber.mil/stigs/downloads/?_dl_facet_stigs=container-platform">SRG-APP-000495-CTR-001235</reference>
          <reference href="https://cyber.gouv.fr/sites/default/files/document/linux_configuration-en-v2.pdf">R73</reference>
          <reference href="https://www.cisecurity.org/benchmark/ubuntu_linux/">6.2.3.7</reference>
          <rationale xmlns:xhtml="http://www.w3.org/1999/xhtml" xml:lang="en-US">Unsuccessful attempts to access files could be an indicator of malicious activity on a system. Auditing
these events could serve as evidence of potential system compromise.</rationale>
          <platform idref="#not_aarch64_arch"/>
          <fix xmlns:xhtml="http://www.w3.org/1999/xhtml" id="audit_rules_unsuccessful_file_modification_creat" system="urn:xccdf:fix:script:ansible" reboot="true" complexity="low" disruption="low" strategy="restrict">- name: Gather the package facts
  package_facts:
    manager: auto
  tags:
  - NIST-800-171-3.1.7
  - NIST-800-53-AU-12(c)
  - NIST-800-53-AU-2(d)
  - NIST-800-53-CM-6(a)
  - PCI-DSS-Req-10.2.1
  - PCI-DSS-Req-10.2.4
  - audit_rules_unsuccessful_file_modification_creat
  - low_complexity
  - low_disruption
  - medium_severity
  - reboot_required
  - restrict_strategy

- name: Set architecture for audit creat tasks
  set_fact:
    audit_arch: b64
  when:
  - '"auditd" in ansible_facts.packages'
  - '"linux-base" in ansible_facts.packages'
  - not ( ansible_architecture == "aarch64" )
  - ansible_architecture == "aarch64" or ansible_architecture == "ppc64" or ansible_architecture
    == "ppc64le" or ansible_architecture == "s390x" or ansible_architecture == "x86_64"
  tags:
  - NIST-800-171-3.1.7
  - NIST-800-53-AU-12(c)
  - NIST-800-53-AU-2(d)
  - NIST-800-53-CM-6(a)
  - PCI-DSS-Req-10.2.1
  - PCI-DSS-Req-10.2.4
  - audit_rules_unsuccessful_file_modification_creat
  - low_complexity
  - low_disruption
  - medium_severity
  - reboot_required
  - restrict_strategy

- name: Perform remediation of Audit rules for creat EACCES for 32bit platform
  block:

  - name: Declare list of syscalls
    set_fact:
      syscalls:
      - creat
      syscall_grouping:
      - creat
      - ftruncate
      - truncate
      - open
      - openat
      - open_by_handle_at

  - name: Check existence of creat in /etc/audit/rules.d/
    find:
      paths: /etc/audit/rules.d
      contains: -a always,exit -F arch=b32(( -S |,)\w+)*(( -S |,){{ item }})+(( -S
        |,)\w+)* -F exit=-EACCES -F auid&gt;=1000 -F auid!=unset (-k\s+|-F\s+key=)\S+\s*$
      patterns: '*.rules'
    register: find_command
    loop: '{{ (syscall_grouping + syscalls) | unique }}'

  - name: Reset syscalls found per file
    set_fact:
      syscalls_per_file: {}
      found_paths_dict: {}

  - name: Declare syscalls found per file
    set_fact: syscalls_per_file="{{ syscalls_per_file | combine( {item.files[0].path
      :[item.item] + syscalls_per_file.get(item.files[0].path, []) } ) }}"
    loop: '{{ find_command.results | selectattr(''matched'') | list }}'

  - name: Declare files where syscalls were found
    set_fact: found_paths="{{ find_command.results | map(attribute='files') | flatten
      | map(attribute='path') | list }}"

  - name: Count occurrences of syscalls in paths
    set_fact: found_paths_dict="{{ found_paths_dict | combine({ item:1+found_paths_dict.get(item,
      0) }) }}"
    loop: '{{ find_command.results | map(attribute=''files'') | flatten | map(attribute=''path'')
      | list }}'

  - name: Get path with most syscalls
    set_fact: audit_file="{{ (found_paths_dict | dict2items() | sort(attribute='value')
      | last).key }}"
    when: found_paths | length &gt;= 1

  - name: No file with syscall found, set path to /etc/audit/rules.d/access.rules
    set_fact: audit_file="/etc/audit/rules.d/access.rules"
    when: found_paths | length == 0

  - name: Declare found syscalls
    set_fact: syscalls_found="{{ find_command.results | selectattr('matched') | map(attribute='item')
      | list }}"

  - name: Declare missing syscalls
    set_fact: missing_syscalls="{{ syscalls | difference(syscalls_found) }}"

  - name: Replace the audit rule in {{ audit_file }}
    lineinfile:
      path: '{{ audit_file }}'
      regexp: (-a always,exit -F arch=b32)(?=.*(?:(?:-S |,)(?:{{ syscalls_per_file[audit_file]
        | join("|") }}))\b)((?:( -S |,)\w+)+)( -F exit=-EACCES -F auid&gt;=1000 -F auid!=unset
        (?:-k |-F key=)\w+)
      line: \1\2\3{{ missing_syscalls | join("\3") }}\4
      backrefs: true
      state: present
      mode: g-rwx,o-rwx
    when: syscalls_found | length &gt; 0 and missing_syscalls | length &gt; 0

  - name: Add the audit rule to {{ audit_file }}
    lineinfile:
      path: '{{ audit_file }}'
      line: -a always,exit -F arch=b32 -S {{ syscalls | join(',') }} -F exit=-EACCES
        -F auid&gt;=1000 -F auid!=unset -F key=access
      create: true
      mode: g-rwx,o-rwx
      state: present
    when: syscalls_found | length == 0

  - name: Declare list of syscalls
    set_fact:
      syscalls:
      - creat
      syscall_grouping:
      - creat
      - ftruncate
      - truncate
      - open
      - openat
      - open_by_handle_at

  - name: Check existence of creat in /etc/audit/audit.rules
    find:
      paths: /etc/audit
      contains: -a always,exit -F arch=b32(( -S |,)\w+)*(( -S |,){{ item }})+(( -S
        |,)\w+)* -F exit=-EACCES -F auid&gt;=1000 -F auid!=unset (-k\s+|-F\s+key=)\S+\s*$
      patterns: audit.rules
    register: find_command
    loop: '{{ (syscall_grouping + syscalls) | unique }}'

  - name: Set path to /etc/audit/audit.rules
    set_fact: audit_file="/etc/audit/audit.rules"

  - name: Declare found syscalls
    set_fact: syscalls_found="{{ find_command.results | selectattr('matched') | map(attribute='item')
      | list }}"

  - name: Declare missing syscalls
    set_fact: missing_syscalls="{{ syscalls | difference(syscalls_found) }}"

  - name: Replace the audit rule in {{ audit_file }}
    lineinfile:
      path: '{{ audit_file }}'
      regexp: (-a always,exit -F arch=b32)(?=.*(?:(?:-S |,)(?:{{ syscalls_found |
        join("|") }}))\b)((?:( -S |,)\w+)+)( -F exit=-EACCES -F auid&gt;=1000 -F auid!=unset
        (?:-k |-F key=)\w+)
      line: \1\2\3{{ missing_syscalls | join("\3") }}\4
      backrefs: true
      state: present
      mode: g-rwx,o-rwx
    when: syscalls_found | length &gt; 0 and missing_syscalls | length &gt; 0

  - name: Add the audit rule to {{ audit_file }}
    lineinfile:
      path: '{{ audit_file }}'
      line: -a always,exit -F arch=b32 -S {{ syscalls | join(',') }} -F exit=-EACCES
        -F auid&gt;=1000 -F auid!=unset -F key=access
      create: true
      mode: g-rwx,o-rwx
      state: present
    when: syscalls_found | length == 0
  when:
  - '"auditd" in ansible_facts.packages'
  - '"linux-base" in ansible_facts.packages'
  - not ( ansible_architecture == "aarch64" )
  tags:
  - NIST-800-171-3.1.7
  - NIST-800-53-AU-12(c)
  - NIST-800-53-AU-2(d)
  - NIST-800-53-CM-6(a)
  - PCI-DSS-Req-10.2.1
  - PCI-DSS-Req-10.2.4
  - audit_rules_unsuccessful_file_modification_creat
  - low_complexity
  - low_disruption
  - medium_severity
  - reboot_required
  - restrict_strategy

- name: Perform remediation of Audit rules for creat EACCES for 64bit platform
  block:

  - name: Declare list of syscalls
    set_fact:
      syscalls:
      - creat
      syscall_grouping:
      - creat
      - ftruncate
      - truncate
      - open
      - openat
      - open_by_handle_at

  - name: Check existence of creat in /etc/audit/rules.d/
    find:
      paths: /etc/audit/rules.d
      contains: -a always,exit -F arch=b64(( -S |,)\w+)*(( -S |,){{ item }})+(( -S
        |,)\w+)* -F exit=-EACCES -F auid&gt;=1000 -F auid!=unset (-k\s+|-F\s+key=)\S+\s*$
      patterns: '*.rules'
    register: find_command
    loop: '{{ (syscall_grouping + syscalls) | unique }}'

  - name: Reset syscalls found per file
    set_fact:
      syscalls_per_file: {}
      found_paths_dict: {}

  - name: Declare syscalls found per file
    set_fact: syscalls_per_file="{{ syscalls_per_file | combine( {item.files[0].path
      :[item.item] + syscalls_per_file.get(item.files[0].path, []) } ) }}"
    loop: '{{ find_command.results | selectattr(''matched'') | list }}'

  - name: Declare files where syscalls were found
    set_fact: found_paths="{{ find_command.results | map(attribute='files') | flatten
      | map(attribute='path') | list }}"

  - name: Count occurrences of syscalls in paths
    set_fact: found_paths_dict="{{ found_paths_dict | combine({ item:1+found_paths_dict.get(item,
      0) }) }}"
    loop: '{{ find_command.results | map(attribute=''files'') | flatten | map(attribute=''path'')
      | list }}'

  - name: Get path with most syscalls
    set_fact: audit_file="{{ (found_paths_dict | dict2items() | sort(attribute='value')
      | last).key }}"
    when: found_paths | length &gt;= 1

  - name: No file with syscall found, set path to /etc/audit/rules.d/access.rules
    set_fact: audit_file="/etc/audit/rules.d/access.rules"
    when: found_paths | length == 0

  - name: Declare found syscalls
    set_fact: syscalls_found="{{ find_command.results | selectattr('matched') | map(attribute='item')
      | list }}"

  - name: Declare missing syscalls
    set_fact: missing_syscalls="{{ syscalls | difference(syscalls_found) }}"

  - name: Replace the audit rule in {{ audit_file }}
    lineinfile:
      path: '{{ audit_file }}'
      regexp: (-a always,exit -F arch=b64)(?=.*(?:(?:-S |,)(?:{{ syscalls_per_file[audit_file]
        | join("|") }}))\b)((?:( -S |,)\w+)+)( -F exit=-EACCES -F auid&gt;=1000 -F auid!=unset
        (?:-k |-F key=)\w+)
      line: \1\2\3{{ missing_syscalls | join("\3") }}\4
      backrefs: true
      state: present
      mode: g-rwx,o-rwx
    when: syscalls_found | length &gt; 0 and missing_syscalls | length &gt; 0

  - name: Add the audit rule to {{ audit_file }}
    lineinfile:
      path: '{{ audit_file }}'
      line: -a always,exit -F arch=b64 -S {{ syscalls | join(',') }} -F exit=-EACCES
        -F auid&gt;=1000 -F auid!=unset -F key=access
      create: true
      mode: g-rwx,o-rwx
      state: present
    when: syscalls_found | length == 0

  - name: Declare list of syscalls
    set_fact:
      syscalls:
      - creat
      syscall_grouping:
      - creat
      - ftruncate
      - truncate
      - open
      - openat
      - open_by_handle_at

  - name: Check existence of creat in /etc/audit/audit.rules
    find:
      paths: /etc/audit
      contains: -a always,exit -F arch=b64(( -S |,)\w+)*(( -S |,){{ item }})+(( -S
        |,)\w+)* -F exit=-EACCES -F auid&gt;=1000 -F auid!=unset (-k\s+|-F\s+key=)\S+\s*$
      patterns: audit.rules
    register: find_command
    loop: '{{ (syscall_grouping + syscalls) | unique }}'

  - name: Set path to /etc/audit/audit.rules
    set_fact: audit_file="/etc/audit/audit.rules"

  - name: Declare found syscalls
    set_fact: syscalls_found="{{ find_command.results | selectattr('matched') | map(attribute='item')
      | list }}"

  - name: Declare missing syscalls
    set_fact: missing_syscalls="{{ syscalls | difference(syscalls_found) }}"

  - name: Replace the audit rule in {{ audit_file }}
    lineinfile:
      path: '{{ audit_file }}'
      regexp: (-a always,exit -F arch=b64)(?=.*(?:(?:-S |,)(?:{{ syscalls_found |
        join("|") }}))\b)((?:( -S |,)\w+)+)( -F exit=-EACCES -F auid&gt;=1000 -F auid!=unset
        (?:-k |-F key=)\w+)
      line: \1\2\3{{ missing_syscalls | join("\3") }}\4
      backrefs: true
      state: present
      mode: g-rwx,o-rwx
    when: syscalls_found | length &gt; 0 and missing_syscalls | length &gt; 0

  - name: Add the audit rule to {{ audit_file }}
    lineinfile:
      path: '{{ audit_file }}'
      line: -a always,exit -F arch=b64 -S {{ syscalls | join(',') }} -F exit=-EACCES
        -F auid&gt;=1000 -F auid!=unset -F key=access
      create: true
      mode: g-rwx,o-rwx
      state: present
    when: syscalls_found | length == 0
  when:
  - '"auditd" in ansible_facts.packages'
  - '"linux-base" in ansible_facts.packages'
  - not ( ansible_architecture == "aarch64" )
  - audit_arch == "b64"
  tags:
  - NIST-800-171-3.1.7
  - NIST-800-53-AU-12(c)
  - NIST-800-53-AU-2(d)
  - NIST-800-53-CM-6(a)
  - PCI-DSS-Req-10.2.1
  - PCI-DSS-Req-10.2.4
  - audit_rules_unsuccessful_file_modification_creat
  - low_complexity
  - low_disruption
  - medium_severity
  - reboot_required
  - restrict_strategy

- name: Perform remediation of Audit rules for creat EPERM for 32bit platform
  block:

  - name: Declare list of syscalls
    set_fact:
      syscalls:
      - creat
      syscall_grouping:
      - creat
      - ftruncate
      - truncate
      - open
      - openat
      - open_by_handle_at

  - name: Check existence of creat in /etc/audit/rules.d/
    find:
      paths: /etc/audit/rules.d
      contains: -a always,exit -F arch=b32(( -S |,)\w+)*(( -S |,){{ item }})+(( -S
        |,)\w+)* -F exit=-EPERM -F auid&gt;=1000 -F auid!=unset (-k\s+|-F\s+key=)\S+\s*$
      patterns: '*.rules'
    register: find_command
    loop: '{{ (syscall_grouping + syscalls) | unique }}'

  - name: Reset syscalls found per file
    set_fact:
      syscalls_per_file: {}
      found_paths_dict: {}

  - name: Declare syscalls found per file
    set_fact: syscalls_per_file="{{ syscalls_per_file | combine( {item.files[0].path
      :[item.item] + syscalls_per_file.get(item.files[0].path, []) } ) }}"
    loop: '{{ find_command.results | selectattr(''matched'') | list }}'

  - name: Declare files where syscalls were found
    set_fact: found_paths="{{ find_command.results | map(attribute='files') | flatten
      | map(attribute='path') | list }}"

  - name: Count occurrences of syscalls in paths
    set_fact: found_paths_dict="{{ found_paths_dict | combine({ item:1+found_paths_dict.get(item,
      0) }) }}"
    loop: '{{ find_command.results | map(attribute=''files'') | flatten | map(attribute=''path'')
      | list }}'

  - name: Get path with most syscalls
    set_fact: audit_file="{{ (found_paths_dict | dict2items() | sort(attribute='value')
      | last).key }}"
    when: found_paths | length &gt;= 1

  - name: No file with syscall found, set path to /etc/audit/rules.d/access.rules
    set_fact: audit_file="/etc/audit/rules.d/access.rules"
    when: found_paths | length == 0

  - name: Declare found syscalls
    set_fact: syscalls_found="{{ find_command.results | selectattr('matched') | map(attribute='item')
      | list }}"

  - name: Declare missing syscalls
    set_fact: missing_syscalls="{{ syscalls | difference(syscalls_found) }}"

  - name: Replace the audit rule in {{ audit_file }}
    lineinfile:
      path: '{{ audit_file }}'
      regexp: (-a always,exit -F arch=b32)(?=.*(?:(?:-S |,)(?:{{ syscalls_per_file[audit_file]
        | join("|") }}))\b)((?:( -S |,)\w+)+)( -F exit=-EPERM -F auid&gt;=1000 -F auid!=unset
        (?:-k |-F key=)\w+)
      line: \1\2\3{{ missing_syscalls | join("\3") }}\4
      backrefs: true
      state: present
      mode: g-rwx,o-rwx
    when: syscalls_found | length &gt; 0 and missing_syscalls | length &gt; 0

  - name: Add the audit rule to {{ audit_file }}
    lineinfile:
      path: '{{ audit_file }}'
      line: -a always,exit -F arch=b32 -S {{ syscalls | join(',') }} -F exit=-EPERM
        -F auid&gt;=1000 -F auid!=unset -F key=access
      create: true
      mode: g-rwx,o-rwx
      state: present
    when: syscalls_found | length == 0

  - name: Declare list of syscalls
    set_fact:
      syscalls:
      - creat
      syscall_grouping:
      - creat
      - ftruncate
      - truncate
      - open
      - openat
      - open_by_handle_at

  - name: Check existence of creat in /etc/audit/audit.rules
    find:
      paths: /etc/audit
      contains: -a always,exit -F arch=b32(( -S |,)\w+)*(( -S |,){{ item }})+(( -S
        |,)\w+)* -F exit=-EPERM -F auid&gt;=1000 -F auid!=unset (-k\s+|-F\s+key=)\S+\s*$
      patterns: audit.rules
    register: find_command
    loop: '{{ (syscall_grouping + syscalls) | unique }}'

  - name: Set path to /etc/audit/audit.rules
    set_fact: audit_file="/etc/audit/audit.rules"

  - name: Declare found syscalls
    set_fact: syscalls_found="{{ find_command.results | selectattr('matched') | map(attribute='item')
      | list }}"

  - name: Declare missing syscalls
    set_fact: missing_syscalls="{{ syscalls | difference(syscalls_found) }}"

  - name: Replace the audit rule in {{ audit_file }}
    lineinfile:
      path: '{{ audit_file }}'
      regexp: (-a always,exit -F arch=b32)(?=.*(?:(?:-S |,)(?:{{ syscalls_found |
        join("|") }}))\b)((?:( -S |,)\w+)+)( -F exit=-EPERM -F auid&gt;=1000 -F auid!=unset
        (?:-k |-F key=)\w+)
      line: \1\2\3{{ missing_syscalls | join("\3") }}\4
      backrefs: true
      state: present
      mode: g-rwx,o-rwx
    when: syscalls_found | length &gt; 0 and missing_syscalls | length &gt; 0

  - name: Add the audit rule to {{ audit_file }}
    lineinfile:
      path: '{{ audit_file }}'
      line: -a always,exit -F arch=b32 -S {{ syscalls | join(',') }} -F exit=-EPERM
        -F auid&gt;=1000 -F auid!=unset -F key=access
      create: true
      mode: g-rwx,o-rwx
      state: present
    when: syscalls_found | length == 0
  when:
  - '"auditd" in ansible_facts.packages'
  - '"linux-base" in ansible_facts.packages'
  - not ( ansible_architecture == "aarch64" )
  tags:
  - NIST-800-171-3.1.7
  - NIST-800-53-AU-12(c)
  - NIST-800-53-AU-2(d)
  - NIST-800-53-CM-6(a)
  - PCI-DSS-Req-10.2.1
  - PCI-DSS-Req-10.2.4
  - audit_rules_unsuccessful_file_modification_creat
  - low_complexity
  - low_disruption
  - medium_severity
  - reboot_required
  - restrict_strategy

- name: Perform remediation of Audit rules for creat EPERM for 64bit platform
  block:

  - name: Declare list of syscalls
    set_fact:
      syscalls:
      - creat
      syscall_grouping:
      - creat
      - ftruncate
      - truncate
      - open
      - openat
      - open_by_handle_at

  - name: Check existence of creat in /etc/audit/rules.d/
    find:
      paths: /etc/audit/rules.d
      contains: -a always,exit -F arch=b64(( -S |,)\w+)*(( -S |,){{ item }})+(( -S
        |,)\w+)* -F exit=-EPERM -F auid&gt;=1000 -F auid!=unset (-k\s+|-F\s+key=)\S+\s*$
      patterns: '*.rules'
    register: find_command
    loop: '{{ (syscall_grouping + syscalls) | unique }}'

  - name: Reset syscalls found per file
    set_fact:
      syscalls_per_file: {}
      found_paths_dict: {}

  - name: Declare syscalls found per file
    set_fact: syscalls_per_file="{{ syscalls_per_file | combine( {item.files[0].path
      :[item.item] + syscalls_per_file.get(item.files[0].path, []) } ) }}"
    loop: '{{ find_command.results | selectattr(''matched'') | list }}'

  - name: Declare files where syscalls were found
    set_fact: found_paths="{{ find_command.results | map(attribute='files') | flatten
      | map(attribute='path') | list }}"

  - name: Count occurrences of syscalls in paths
    set_fact: found_paths_dict="{{ found_paths_dict | combine({ item:1+found_paths_dict.get(item,
      0) }) }}"
    loop: '{{ find_command.results | map(attribute=''files'') | flatten | map(attribute=''path'')
      | list }}'

  - name: Get path with most syscalls
    set_fact: audit_file="{{ (found_paths_dict | dict2items() | sort(attribute='value')
      | last).key }}"
    when: found_paths | length &gt;= 1

  - name: No file with syscall found, set path to /etc/audit/rules.d/access.rules
    set_fact: audit_file="/etc/audit/rules.d/access.rules"
    when: found_paths | length == 0

  - name: Declare found syscalls
    set_fact: syscalls_found="{{ find_command.results | selectattr('matched') | map(attribute='item')
      | list }}"

  - name: Declare missing syscalls
    set_fact: missing_syscalls="{{ syscalls | difference(syscalls_found) }}"

  - name: Replace the audit rule in {{ audit_file }}
    lineinfile:
      path: '{{ audit_file }}'
      regexp: (-a always,exit -F arch=b64)(?=.*(?:(?:-S |,)(?:{{ syscalls_per_file[audit_file]
        | join("|") }}))\b)((?:( -S |,)\w+)+)( -F exit=-EPERM -F auid&gt;=1000 -F auid!=unset
        (?:-k |-F key=)\w+)
      line: \1\2\3{{ missing_syscalls | join("\3") }}\4
      backrefs: true
      state: present
      mode: g-rwx,o-rwx
    when: syscalls_found | length &gt; 0 and missing_syscalls | length &gt; 0

  - name: Add the audit rule to {{ audit_file }}
    lineinfile:
      path: '{{ audit_file }}'
      line: -a always,exit -F arch=b64 -S {{ syscalls | join(',') }} -F exit=-EPERM
        -F auid&gt;=1000 -F auid!=unset -F key=access
      create: true
      mode: g-rwx,o-rwx
      state: present
    when: syscalls_found | length == 0

  - name: Declare list of syscalls
    set_fact:
      syscalls:
      - creat
      syscall_grouping:
      - creat
      - ftruncate
      - truncate
      - open
      - openat
      - open_by_handle_at

  - name: Check existence of creat in /etc/audit/audit.rules
    find:
      paths: /etc/audit
      contains: -a always,exit -F arch=b64(( -S |,)\w+)*(( -S |,){{ item }})+(( -S
        |,)\w+)* -F exit=-EPERM -F auid&gt;=1000 -F auid!=unset (-k\s+|-F\s+key=)\S+\s*$
      patterns: audit.rules
    register: find_command
    loop: '{{ (syscall_grouping + syscalls) | unique }}'

  - name: Set path to /etc/audit/audit.rules
    set_fact: audit_file="/etc/audit/audit.rules"

  - name: Declare found syscalls
    set_fact: syscalls_found="{{ find_command.results | selectattr('matched') | map(attribute='item')
      | list }}"

  - name: Declare missing syscalls
    set_fact: missing_syscalls="{{ syscalls | difference(syscalls_found) }}"

  - name: Replace the audit rule in {{ audit_file }}
    lineinfile:
      path: '{{ audit_file }}'
      regexp: (-a always,exit -F arch=b64)(?=.*(?:(?:-S |,)(?:{{ syscalls_found |
        join("|") }}))\b)((?:( -S |,)\w+)+)( -F exit=-EPERM -F auid&gt;=1000 -F auid!=unset
        (?:-k |-F key=)\w+)
      line: \1\2\3{{ missing_syscalls | join("\3") }}\4
      backrefs: true
      state: present
      mode: g-rwx,o-rwx
    when: syscalls_found | length &gt; 0 and missing_syscalls | length &gt; 0

  - name: Add the audit rule to {{ audit_file }}
    lineinfile:
      path: '{{ audit_file }}'
      line: -a always,exit -F arch=b64 -S {{ syscalls | join(',') }} -F exit=-EPERM
        -F auid&gt;=1000 -F auid!=unset -F key=access
      create: true
      mode: g-rwx,o-rwx
      state: present
    when: syscalls_found | length == 0
  when:
  - '"auditd" in ansible_facts.packages'
  - '"linux-base" in ansible_facts.packages'
  - not ( ansible_architecture == "aarch64" )
  - audit_arch == "b64"
  tags:
  - NIST-800-171-3.1.7
  - NIST-800-53-AU-12(c)
  - NIST-800-53-AU-2(d)
  - NIST-800-53-CM-6(a)
  - PCI-DSS-Req-10.2.1
  - PCI-DSS-Req-10.2.4
  - audit_rules_unsuccessful_file_modification_creat
  - low_complexity
  - low_disruption
  - medium_severity
  - reboot_required
  - restrict_strategy
</fix>
          <fix xmlns:xhtml="http://www.w3.org/1999/xhtml" id="audit_rules_unsuccessful_file_modification_creat" system="urn:xccdf:fix:script:sh"># Remediation is applicable only in certain platforms
if dpkg-query --show --showformat='${db:Status-Status}
' 'linux-base' 2&gt;/dev/null | grep -q ^installed &amp;&amp; dpkg-query --show --showformat='${db:Status-Status}\n' 'auditd' 2&gt;/dev/null | grep -q '^installed' &amp;&amp; { ! ( ( grep -sqE "^.*\.aarch64$" /proc/sys/kernel/osrelease || grep -sqE "^aarch64$" /proc/sys/kernel/arch; ) ); }; then

# First perform the remediation of the syscall rule
# Retrieve hardware architecture of the underlying system
[ "$(getconf LONG_BIT)" = "32" ] &amp;&amp; RULE_ARCHS=("b32") || RULE_ARCHS=("b32" "b64")

AUID_FILTERS="-F auid&gt;=1000 -F auid!=unset"
SYSCALL="creat"
KEY="access"
SYSCALL_GROUPING="creat ftruncate truncate open openat open_by_handle_at"

for ARCH in "${RULE_ARCHS[@]}"
do
	ACTION_ARCH_FILTERS="-a always,exit -F arch=$ARCH"
	OTHER_FILTERS="-F exit=-EACCES"
	# Perform the remediation for both possible tools: 'auditctl' and 'augenrules'
	unset syscall_a
unset syscall_grouping
unset syscall_string
unset syscall
unset file_to_edit
unset rule_to_edit
unset rule_syscalls_to_edit
unset other_string
unset auid_string
unset full_rule

# Load macro arguments into arrays
read -a syscall_a &lt;&lt;&lt; $SYSCALL
read -a syscall_grouping &lt;&lt;&lt; $SYSCALL_GROUPING

# Create a list of audit *.rules files that should be inspected for presence and correctness
# of a particular audit rule. The scheme is as follows:
#
# -----------------------------------------------------------------------------------------
#  Tool used to load audit rules | Rule already defined  |  Audit rules file to inspect    |
# -----------------------------------------------------------------------------------------
#        auditctl                |     Doesn't matter    |  /etc/audit/audit.rules         |
# -----------------------------------------------------------------------------------------
#        augenrules              |          Yes          |  /etc/audit/rules.d/*.rules     |
#        augenrules              |          No           |  /etc/audit/rules.d/$key.rules  |
# -----------------------------------------------------------------------------------------
#
files_to_inspect=()

# If audit tool is 'augenrules', then check if the audit rule is defined
# If rule is defined, add '/etc/audit/rules.d/*.rules' to the list for inspection
# If rule isn't defined yet, add '/etc/audit/rules.d/$key.rules' to the list for inspection
default_file="/etc/audit/rules.d/$KEY.rules"
# As other_filters may include paths, lets use a different delimiter for it
# The "F" script expression tells sed to print the filenames where the expressions matched
readarray -t files_to_inspect &lt; &lt;(sed -s -n -e "/^$ACTION_ARCH_FILTERS/!d" -e "\#$OTHER_FILTERS#!d" -e "/$AUID_FILTERS/!d" -e "F" /etc/audit/rules.d/*.rules)
# Case when particular rule isn't defined in /etc/audit/rules.d/*.rules yet
if [ ${#files_to_inspect[@]} -eq "0" ]
then
    file_to_inspect="/etc/audit/rules.d/$KEY.rules"
    files_to_inspect=("$file_to_inspect")
    if [ ! -e "$file_to_inspect" ]
    then
        touch "$file_to_inspect"
        chmod 0600 "$file_to_inspect"
    fi
fi

# After converting to jinja, we cannot return; therefore we skip the rest of the macro if needed instead
skip=1

for audit_file in "${files_to_inspect[@]}"
do
    # Filter existing $audit_file rules' definitions to select those that satisfy the rule pattern,
    # i.e, collect rules that match:
    # * the action, list and arch, (2-nd argument)
    # * the other filters, (3-rd argument)
    # * the auid filters, (4-rd argument)
    readarray -t similar_rules &lt; &lt;(sed -e "/^$ACTION_ARCH_FILTERS/!d"  -e "\#$OTHER_FILTERS#!d" -e "/$AUID_FILTERS/!d" "$audit_file")

    candidate_rules=()
    # Filter out rules that have more fields then required. This will remove rules more specific than the required scope
    for s_rule in "${similar_rules[@]}"
    do
        # Strip all the options and fields we know of,
        # than check if there was any field left over
        extra_fields=$(sed -E -e "s/^$ACTION_ARCH_FILTERS//"  -e "s#$OTHER_FILTERS##" -e "s/$AUID_FILTERS//" -e "s/((:?-S [[:alnum:],]+)+)//g" -e "s/-F key=\w+|-k \w+//"&lt;&lt;&lt; "$s_rule")
        grep -q -- "-F" &lt;&lt;&lt; "$extra_fields" || candidate_rules+=("$s_rule")
    done

    if [[ ${#syscall_a[@]} -ge 1 ]]
    then
        # Check if the syscall we want is present in any of the similar existing rules
        for rule in "${candidate_rules[@]}"
        do
            rule_syscalls=$(echo "$rule" | grep -o -P '(-S [\w,]+)+' | xargs)
            all_syscalls_found=0
            for syscall in "${syscall_a[@]}"
            do
                grep -q -- "\b${syscall}\b" &lt;&lt;&lt; "$rule_syscalls" || {
                   # A syscall was not found in the candidate rule
                   all_syscalls_found=1
                   }
            done
            if [[ $all_syscalls_found -eq 0 ]]
            then
                # We found a rule with all the syscall(s) we want; skip rest of macro
                skip=0
                break
            fi

            # Check if this rule can be grouped with our target syscall and keep track of it
            for syscall_g in "${syscall_grouping[@]}"
            do
                if grep -q -- "\b${syscall_g}\b" &lt;&lt;&lt; "$rule_syscalls"
                then
                    file_to_edit=${audit_file}
                    rule_to_edit=${rule}
                    rule_syscalls_to_edit=${rule_syscalls}
                fi
            done
        done
    else
        # If there is any candidate rule, it is compliant; skip rest of macro
        if [ "${#candidate_rules[@]}" -gt 0 ]
        then
            skip=0
        fi
    fi

    if [ "$skip" -eq 0 ]; then
        break
    fi
done

if [ "$skip" -ne 0 ]; then
    # We checked all rules that matched the expected resemblance pattern (action, arch &amp; auid)
    # At this point we know if we need to either append the $full_rule or group
    # the syscall together with an exsiting rule

    # Append the full_rule if it cannot be grouped to any other rule
    if [ -z ${rule_to_edit+x} ]
    then
        # Build full_rule while avoid adding double spaces when other_filters is empty
        if [ "${#syscall_a[@]}" -gt 0 ]
        then
            syscall_string=""
            for syscall in "${syscall_a[@]}"
            do
                syscall_string+=" -S $syscall"
            done
        fi
        other_string=$([[ $OTHER_FILTERS ]] &amp;&amp; echo " $OTHER_FILTERS") || /bin/true
        auid_string=$([[ $AUID_FILTERS ]] &amp;&amp; echo " $AUID_FILTERS") || /bin/true
        full_rule="$ACTION_ARCH_FILTERS${syscall_string}${other_string}${auid_string} -F key=$KEY" || /bin/true
        echo "$full_rule" &gt;&gt; "$default_file"
        chmod 0600 ${default_file}
    else
        # Check if the syscalls are declared as a comma separated list or
        # as multiple -S parameters
        if grep -q -- "," &lt;&lt;&lt; "${rule_syscalls_to_edit}"
        then
            delimiter=","
        else
            delimiter=" -S "
        fi
        new_grouped_syscalls="${rule_syscalls_to_edit}"
        for syscall in "${syscall_a[@]}"
        do
            grep -q -- "\b${syscall}\b" &lt;&lt;&lt; "${rule_syscalls_to_edit}" || {
               # A syscall was not found in the candidate rule
               new_grouped_syscalls+="${delimiter}${syscall}"
               }
        done

        # Group the syscall in the rule
        sed -i -e "\#${rule_to_edit}#s#${rule_syscalls_to_edit}#${new_grouped_syscalls}#" "$file_to_edit"
    fi
fi
	unset syscall_a
unset syscall_grouping
unset syscall_string
unset syscall
unset file_to_edit
unset rule_to_edit
unset rule_syscalls_to_edit
unset other_string
unset auid_string
unset full_rule

# Load macro arguments into arrays
read -a syscall_a &lt;&lt;&lt; $SYSCALL
read -a syscall_grouping &lt;&lt;&lt; $SYSCALL_GROUPING

# Create a list of audit *.rules files that should be inspected for presence and correctness
# of a particular audit rule. The scheme is as follows:
#
# -----------------------------------------------------------------------------------------
#  Tool used to load audit rules | Rule already defined  |  Audit rules file to inspect    |
# -----------------------------------------------------------------------------------------
#        auditctl                |     Doesn't matter    |  /etc/audit/audit.rules         |
# -----------------------------------------------------------------------------------------
#        augenrules              |          Yes          |  /etc/audit/rules.d/*.rules     |
#        augenrules              |          No           |  /etc/audit/rules.d/$key.rules  |
# -----------------------------------------------------------------------------------------
#
files_to_inspect=()


# If audit tool is 'auditctl', then add '/etc/audit/audit.rules'
# file to the list of files to be inspected
default_file="/etc/audit/audit.rules"
files_to_inspect+=('/etc/audit/audit.rules' )

# After converting to jinja, we cannot return; therefore we skip the rest of the macro if needed instead
skip=1

for audit_file in "${files_to_inspect[@]}"
do
    # Filter existing $audit_file rules' definitions to select those that satisfy the rule pattern,
    # i.e, collect rules that match:
    # * the action, list and arch, (2-nd argument)
    # * the other filters, (3-rd argument)
    # * the auid filters, (4-rd argument)
    readarray -t similar_rules &lt; &lt;(sed -e "/^$ACTION_ARCH_FILTERS/!d"  -e "\#$OTHER_FILTERS#!d" -e "/$AUID_FILTERS/!d" "$audit_file")

    candidate_rules=()
    # Filter out rules that have more fields then required. This will remove rules more specific than the required scope
    for s_rule in "${similar_rules[@]}"
    do
        # Strip all the options and fields we know of,
        # than check if there was any field left over
        extra_fields=$(sed -E -e "s/^$ACTION_ARCH_FILTERS//"  -e "s#$OTHER_FILTERS##" -e "s/$AUID_FILTERS//" -e "s/((:?-S [[:alnum:],]+)+)//g" -e "s/-F key=\w+|-k \w+//"&lt;&lt;&lt; "$s_rule")
        grep -q -- "-F" &lt;&lt;&lt; "$extra_fields" || candidate_rules+=("$s_rule")
    done

    if [[ ${#syscall_a[@]} -ge 1 ]]
    then
        # Check if the syscall we want is present in any of the similar existing rules
        for rule in "${candidate_rules[@]}"
        do
            rule_syscalls=$(echo "$rule" | grep -o -P '(-S [\w,]+)+' | xargs)
            all_syscalls_found=0
            for syscall in "${syscall_a[@]}"
            do
                grep -q -- "\b${syscall}\b" &lt;&lt;&lt; "$rule_syscalls" || {
                   # A syscall was not found in the candidate rule
                   all_syscalls_found=1
                   }
            done
            if [[ $all_syscalls_found -eq 0 ]]
            then
                # We found a rule with all the syscall(s) we want; skip rest of macro
                skip=0
                break
            fi

            # Check if this rule can be grouped with our target syscall and keep track of it
            for syscall_g in "${syscall_grouping[@]}"
            do
                if grep -q -- "\b${syscall_g}\b" &lt;&lt;&lt; "$rule_syscalls"
                then
                    file_to_edit=${audit_file}
                    rule_to_edit=${rule}
                    rule_syscalls_to_edit=${rule_syscalls}
                fi
            done
        done
    else
        # If there is any candidate rule, it is compliant; skip rest of macro
        if [ "${#candidate_rules[@]}" -gt 0 ]
        then
            skip=0
        fi
    fi

    if [ "$skip" -eq 0 ]; then
        break
    fi
done

if [ "$skip" -ne 0 ]; then
    # We checked all rules that matched the expected resemblance pattern (action, arch &amp; auid)
    # At this point we know if we need to either append the $full_rule or group
    # the syscall together with an exsiting rule

    # Append the full_rule if it cannot be grouped to any other rule
    if [ -z ${rule_to_edit+x} ]
    then
        # Build full_rule while avoid adding double spaces when other_filters is empty
        if [ "${#syscall_a[@]}" -gt 0 ]
        then
            syscall_string=""
            for syscall in "${syscall_a[@]}"
            do
                syscall_string+=" -S $syscall"
            done
        fi
        other_string=$([[ $OTHER_FILTERS ]] &amp;&amp; echo " $OTHER_FILTERS") || /bin/true
        auid_string=$([[ $AUID_FILTERS ]] &amp;&amp; echo " $AUID_FILTERS") || /bin/true
        full_rule="$ACTION_ARCH_FILTERS${syscall_string}${other_string}${auid_string} -F key=$KEY" || /bin/true
        echo "$full_rule" &gt;&gt; "$default_file"
        chmod 0600 ${default_file}
    else
        # Check if the syscalls are declared as a comma separated list or
        # as multiple -S parameters
        if grep -q -- "," &lt;&lt;&lt; "${rule_syscalls_to_edit}"
        then
            delimiter=","
        else
            delimiter=" -S "
        fi
        new_grouped_syscalls="${rule_syscalls_to_edit}"
        for syscall in "${syscall_a[@]}"
        do
            grep -q -- "\b${syscall}\b" &lt;&lt;&lt; "${rule_syscalls_to_edit}" || {
               # A syscall was not found in the candidate rule
               new_grouped_syscalls+="${delimiter}${syscall}"
               }
        done

        # Group the syscall in the rule
        sed -i -e "\#${rule_to_edit}#s#${rule_syscalls_to_edit}#${new_grouped_syscalls}#" "$file_to_edit"
    fi
fi
done

for ARCH in "${RULE_ARCHS[@]}"
do
	ACTION_ARCH_FILTERS="-a always,exit -F arch=$ARCH"
	OTHER_FILTERS="-F exit=-EPERM"
	# Perform the remediation for both possible tools: 'auditctl' and 'augenrules'
	unset syscall_a
unset syscall_grouping
unset syscall_string
unset syscall
unset file_to_edit
unset rule_to_edit
unset rule_syscalls_to_edit
unset other_string
unset auid_string
unset full_rule

# Load macro arguments into arrays
read -a syscall_a &lt;&lt;&lt; $SYSCALL
read -a syscall_grouping &lt;&lt;&lt; $SYSCALL_GROUPING

# Create a list of audit *.rules files that should be inspected for presence and correctness
# of a particular audit rule. The scheme is as follows:
#
# -----------------------------------------------------------------------------------------
#  Tool used to load audit rules | Rule already defined  |  Audit rules file to inspect    |
# -----------------------------------------------------------------------------------------
#        auditctl                |     Doesn't matter    |  /etc/audit/audit.rules         |
# -----------------------------------------------------------------------------------------
#        augenrules              |          Yes          |  /etc/audit/rules.d/*.rules     |
#        augenrules              |          No           |  /etc/audit/rules.d/$key.rules  |
# -----------------------------------------------------------------------------------------
#
files_to_inspect=()

# If audit tool is 'augenrules', then check if the audit rule is defined
# If rule is defined, add '/etc/audit/rules.d/*.rules' to the list for inspection
# If rule isn't defined yet, add '/etc/audit/rules.d/$key.rules' to the list for inspection
default_file="/etc/audit/rules.d/$KEY.rules"
# As other_filters may include paths, lets use a different delimiter for it
# The "F" script expression tells sed to print the filenames where the expressions matched
readarray -t files_to_inspect &lt; &lt;(sed -s -n -e "/^$ACTION_ARCH_FILTERS/!d" -e "\#$OTHER_FILTERS#!d" -e "/$AUID_FILTERS/!d" -e "F" /etc/audit/rules.d/*.rules)
# Case when particular rule isn't defined in /etc/audit/rules.d/*.rules yet
if [ ${#files_to_inspect[@]} -eq "0" ]
then
    file_to_inspect="/etc/audit/rules.d/$KEY.rules"
    files_to_inspect=("$file_to_inspect")
    if [ ! -e "$file_to_inspect" ]
    then
        touch "$file_to_inspect"
        chmod 0600 "$file_to_inspect"
    fi
fi

# After converting to jinja, we cannot return; therefore we skip the rest of the macro if needed instead
skip=1

for audit_file in "${files_to_inspect[@]}"
do
    # Filter existing $audit_file rules' definitions to select those that satisfy the rule pattern,
    # i.e, collect rules that match:
    # * the action, list and arch, (2-nd argument)
    # * the other filters, (3-rd argument)
    # * the auid filters, (4-rd argument)
    readarray -t similar_rules &lt; &lt;(sed -e "/^$ACTION_ARCH_FILTERS/!d"  -e "\#$OTHER_FILTERS#!d" -e "/$AUID_FILTERS/!d" "$audit_file")

    candidate_rules=()
    # Filter out rules that have more fields then required. This will remove rules more specific than the required scope
    for s_rule in "${similar_rules[@]}"
    do
        # Strip all the options and fields we know of,
        # than check if there was any field left over
        extra_fields=$(sed -E -e "s/^$ACTION_ARCH_FILTERS//"  -e "s#$OTHER_FILTERS##" -e "s/$AUID_FILTERS//" -e "s/((:?-S [[:alnum:],]+)+)//g" -e "s/-F key=\w+|-k \w+//"&lt;&lt;&lt; "$s_rule")
        grep -q -- "-F" &lt;&lt;&lt; "$extra_fields" || candidate_rules+=("$s_rule")
    done

    if [[ ${#syscall_a[@]} -ge 1 ]]
    then
        # Check if the syscall we want is present in any of the similar existing rules
        for rule in "${candidate_rules[@]}"
        do
            rule_syscalls=$(echo "$rule" | grep -o -P '(-S [\w,]+)+' | xargs)
            all_syscalls_found=0
            for syscall in "${syscall_a[@]}"
            do
                grep -q -- "\b${syscall}\b" &lt;&lt;&lt; "$rule_syscalls" || {
                   # A syscall was not found in the candidate rule
                   all_syscalls_found=1
                   }
            done
            if [[ $all_syscalls_found -eq 0 ]]
            then
                # We found a rule with all the syscall(s) we want; skip rest of macro
                skip=0
                break
            fi

            # Check if this rule can be grouped with our target syscall and keep track of it
            for syscall_g in "${syscall_grouping[@]}"
            do
                if grep -q -- "\b${syscall_g}\b" &lt;&lt;&lt; "$rule_syscalls"
                then
                    file_to_edit=${audit_file}
                    rule_to_edit=${rule}
                    rule_syscalls_to_edit=${rule_syscalls}
                fi
            done
        done
    else
        # If there is any candidate rule, it is compliant; skip rest of macro
        if [ "${#candidate_rules[@]}" -gt 0 ]
        then
            skip=0
        fi
    fi

    if [ "$skip" -eq 0 ]; then
        break
    fi
done

if [ "$skip" -ne 0 ]; then
    # We checked all rules that matched the expected resemblance pattern (action, arch &amp; auid)
    # At this point we know if we need to either append the $full_rule or group
    # the syscall together with an exsiting rule

    # Append the full_rule if it cannot be grouped to any other rule
    if [ -z ${rule_to_edit+x} ]
    then
        # Build full_rule while avoid adding double spaces when other_filters is empty
        if [ "${#syscall_a[@]}" -gt 0 ]
        then
            syscall_string=""
            for syscall in "${syscall_a[@]}"
            do
                syscall_string+=" -S $syscall"
            done
        fi
        other_string=$([[ $OTHER_FILTERS ]] &amp;&amp; echo " $OTHER_FILTERS") || /bin/true
        auid_string=$([[ $AUID_FILTERS ]] &amp;&amp; echo " $AUID_FILTERS") || /bin/true
        full_rule="$ACTION_ARCH_FILTERS${syscall_string}${other_string}${auid_string} -F key=$KEY" || /bin/true
        echo "$full_rule" &gt;&gt; "$default_file"
        chmod 0600 ${default_file}
    else
        # Check if the syscalls are declared as a comma separated list or
        # as multiple -S parameters
        if grep -q -- "," &lt;&lt;&lt; "${rule_syscalls_to_edit}"
        then
            delimiter=","
        else
            delimiter=" -S "
        fi
        new_grouped_syscalls="${rule_syscalls_to_edit}"
        for syscall in "${syscall_a[@]}"
        do
            grep -q -- "\b${syscall}\b" &lt;&lt;&lt; "${rule_syscalls_to_edit}" || {
               # A syscall was not found in the candidate rule
               new_grouped_syscalls+="${delimiter}${syscall}"
               }
        done

        # Group the syscall in the rule
        sed -i -e "\#${rule_to_edit}#s#${rule_syscalls_to_edit}#${new_grouped_syscalls}#" "$file_to_edit"
    fi
fi
	unset syscall_a
unset syscall_grouping
unset syscall_string
unset syscall
unset file_to_edit
unset rule_to_edit
unset rule_syscalls_to_edit
unset other_string
unset auid_string
unset full_rule

# Load macro arguments into arrays
read -a syscall_a &lt;&lt;&lt; $SYSCALL
read -a syscall_grouping &lt;&lt;&lt; $SYSCALL_GROUPING

# Create a list of audit *.rules files that should be inspected for presence and correctness
# of a particular audit rule. The scheme is as follows:
#
# -----------------------------------------------------------------------------------------
#  Tool used to load audit rules | Rule already defined  |  Audit rules file to inspect    |
# -----------------------------------------------------------------------------------------
#        auditctl                |     Doesn't matter    |  /etc/audit/audit.rules         |
# -----------------------------------------------------------------------------------------
#        augenrules              |          Yes          |  /etc/audit/rules.d/*.rules     |
#        augenrules              |          No           |  /etc/audit/rules.d/$key.rules  |
# -----------------------------------------------------------------------------------------
#
files_to_inspect=()


# If audit tool is 'auditctl', then add '/etc/audit/audit.rules'
# file to the list of files to be inspected
default_file="/etc/audit/audit.rules"
files_to_inspect+=('/etc/audit/audit.rules' )

# After converting to jinja, we cannot return; therefore we skip the rest of the macro if needed instead
skip=1

for audit_file in "${files_to_inspect[@]}"
do
    # Filter existing $audit_file rules' definitions to select those that satisfy the rule pattern,
    # i.e, collect rules that match:
    # * the action, list and arch, (2-nd argument)
    # * the other filters, (3-rd argument)
    # * the auid filters, (4-rd argument)
    readarray -t similar_rules &lt; &lt;(sed -e "/^$ACTION_ARCH_FILTERS/!d"  -e "\#$OTHER_FILTERS#!d" -e "/$AUID_FILTERS/!d" "$audit_file")

    candidate_rules=()
    # Filter out rules that have more fields then required. This will remove rules more specific than the required scope
    for s_rule in "${similar_rules[@]}"
    do
        # Strip all the options and fields we know of,
        # than check if there was any field left over
        extra_fields=$(sed -E -e "s/^$ACTION_ARCH_FILTERS//"  -e "s#$OTHER_FILTERS##" -e "s/$AUID_FILTERS//" -e "s/((:?-S [[:alnum:],]+)+)//g" -e "s/-F key=\w+|-k \w+//"&lt;&lt;&lt; "$s_rule")
        grep -q -- "-F" &lt;&lt;&lt; "$extra_fields" || candidate_rules+=("$s_rule")
    done

    if [[ ${#syscall_a[@]} -ge 1 ]]
    then
        # Check if the syscall we want is present in any of the similar existing rules
        for rule in "${candidate_rules[@]}"
        do
            rule_syscalls=$(echo "$rule" | grep -o -P '(-S [\w,]+)+' | xargs)
            all_syscalls_found=0
            for syscall in "${syscall_a[@]}"
            do
                grep -q -- "\b${syscall}\b" &lt;&lt;&lt; "$rule_syscalls" || {
                   # A syscall was not found in the candidate rule
                   all_syscalls_found=1
                   }
            done
            if [[ $all_syscalls_found -eq 0 ]]
            then
                # We found a rule with all the syscall(s) we want; skip rest of macro
                skip=0
                break
            fi

            # Check if this rule can be grouped with our target syscall and keep track of it
            for syscall_g in "${syscall_grouping[@]}"
            do
                if grep -q -- "\b${syscall_g}\b" &lt;&lt;&lt; "$rule_syscalls"
                then
                    file_to_edit=${audit_file}
                    rule_to_edit=${rule}
                    rule_syscalls_to_edit=${rule_syscalls}
                fi
            done
        done
    else
        # If there is any candidate rule, it is compliant; skip rest of macro
        if [ "${#candidate_rules[@]}" -gt 0 ]
        then
            skip=0
        fi
    fi

    if [ "$skip" -eq 0 ]; then
        break
    fi
done

if [ "$skip" -ne 0 ]; then
    # We checked all rules that matched the expected resemblance pattern (action, arch &amp; auid)
    # At this point we know if we need to either append the $full_rule or group
    # the syscall together with an exsiting rule

    # Append the full_rule if it cannot be grouped to any other rule
    if [ -z ${rule_to_edit+x} ]
    then
        # Build full_rule while avoid adding double spaces when other_filters is empty
        if [ "${#syscall_a[@]}" -gt 0 ]
        then
            syscall_string=""
            for syscall in "${syscall_a[@]}"
            do
                syscall_string+=" -S $syscall"
            done
        fi
        other_string=$([[ $OTHER_FILTERS ]] &amp;&amp; echo " $OTHER_FILTERS") || /bin/true
        auid_string=$([[ $AUID_FILTERS ]] &amp;&amp; echo " $AUID_FILTERS") || /bin/true
        full_rule="$ACTION_ARCH_FILTERS${syscall_string}${other_string}${auid_string} -F key=$KEY" || /bin/true
        echo "$full_rule" &gt;&gt; "$default_file"
        chmod 0600 ${default_file}
    else
        # Check if the syscalls are declared as a comma separated list or
        # as multiple -S parameters
        if grep -q -- "," &lt;&lt;&lt; "${rule_syscalls_to_edit}"
        then
            delimiter=","
        else
            delimiter=" -S "
        fi
        new_grouped_syscalls="${rule_syscalls_to_edit}"
        for syscall in "${syscall_a[@]}"
        do
            grep -q -- "\b${syscall}\b" &lt;&lt;&lt; "${rule_syscalls_to_edit}" || {
               # A syscall was not found in the candidate rule
               new_grouped_syscalls+="${delimiter}${syscall}"
               }
        done

        # Group the syscall in the rule
        sed -i -e "\#${rule_to_edit}#s#${rule_syscalls_to_edit}#${new_grouped_syscalls}#" "$file_to_edit"
    fi
fi
done

else
    &gt;&amp;2 echo 'Remediation is not applicable, nothing was done'
fi
</fix>
          <check system="http://oval.mitre.org/XMLSchema/oval-definitions-5">
            <check-content-ref name="oval:ssg-audit_rules_unsuccessful_file_modification_creat:def:1" href="ssg-ubuntu2404-oval.xml"/>
          </check>
          <check system="http://scap.nist.gov/schema/ocil/2">
            <check-content-ref name="ocil:ssg-audit_rules_unsuccessful_file_modification_creat_ocil:questionnaire:1" href="ssg-ubuntu2404-ocil.xml"/>
          </check>
        </Rule>
        <Rule id="xccdf_org.ssgproject.content_rule_audit_rules_unsuccessful_file_modification_ftruncate" selected="false" role="full" severity="medium">
          <title xmlns:xhtml="http://www.w3.org/1999/xhtml" xml:lang="en-US">Record Unsuccessful Access Attempts to Files - ftruncate</title>
          <description xmlns:xhtml="http://www.w3.org/1999/xhtml" xml:lang="en-US">At a minimum, the audit system should collect unauthorized file
accesses for all users and root. If the <html:code xmlns:html="http://www.w3.org/1999/xhtml">auditd</html:code> daemon is configured
to use the <html:code xmlns:html="http://www.w3.org/1999/xhtml">augenrules</html:code> program to read audit rules during daemon
startup (the default), add the following lines to a file with suffix
<html:code xmlns:html="http://www.w3.org/1999/xhtml">.rules</html:code> in the directory <html:code xmlns:html="http://www.w3.org/1999/xhtml">/etc/audit/rules.d</html:code>:
<html:pre xmlns:html="http://www.w3.org/1999/xhtml">-a always,exit -F arch=b32 -S ftruncate -F exit=-EACCES -F auid&gt;=1000 -F auid!=unset -F key=access
-a always,exit -F arch=b32 -S ftruncate -F exit=-EPERM -F auid&gt;=1000 -F auid!=unset -F key=access</html:pre>

If the system is 64 bit then also add the following lines:
<html:pre xmlns:html="http://www.w3.org/1999/xhtml">
-a always,exit -F arch=b64 -S ftruncate -F exit=-EACCES -F auid&gt;=1000 -F auid!=unset -F key=access
-a always,exit -F arch=b64 -S ftruncate -F exit=-EPERM -F auid&gt;=1000 -F auid!=unset -F key=access</html:pre>

If the <html:code xmlns:html="http://www.w3.org/1999/xhtml">auditd</html:code> daemon is configured to use the <html:code xmlns:html="http://www.w3.org/1999/xhtml">auditctl</html:code>
utility to read audit rules during daemon startup, add the following lines to
<html:code xmlns:html="http://www.w3.org/1999/xhtml">/etc/audit/audit.rules</html:code> file:
<html:pre xmlns:html="http://www.w3.org/1999/xhtml">-a always,exit -F arch=b32 -S ftruncate -F exit=-EACCES -F auid&gt;=1000 -F auid!=unset -F key=access
-a always,exit -F arch=b32 -S ftruncate -F exit=-EPERM -F auid&gt;=1000 -F auid!=unset -F key=access</html:pre>

If the system is 64 bit then also add the following lines:
<html:pre xmlns:html="http://www.w3.org/1999/xhtml">
-a always,exit -F arch=b64 -S ftruncate -F exit=-EACCES -F auid&gt;=1000 -F auid!=unset -F key=access
-a always,exit -F arch=b64 -S ftruncate -F exit=-EPERM -F auid&gt;=1000 -F auid!=unset -F key=access</html:pre>
       </description>
          <warning xmlns:xhtml="http://www.w3.org/1999/xhtml" xml:lang="en-US" category="general">Note that these rules can be configured in a
number of ways while still achieving the desired effect. Here the system calls
have been placed independent of other system calls. Grouping these system
calls with others as identifying earlier in this guide is more efficient.</warning>
          <reference href="https://www.cisecurity.org/controls/">1</reference>
          <reference href="https://www.cisecurity.org/controls/">11</reference>
          <reference href="https://www.cisecurity.org/controls/">12</reference>
          <reference href="https://www.cisecurity.org/controls/">13</reference>
          <reference href="https://www.cisecurity.org/controls/">14</reference>
          <reference href="https://www.cisecurity.org/controls/">15</reference>
          <reference href="https://www.cisecurity.org/controls/">16</reference>
          <reference href="https://www.cisecurity.org/controls/">19</reference>
          <reference href="https://www.cisecurity.org/controls/">2</reference>
          <reference href="https://www.cisecurity.org/controls/">3</reference>
          <reference href="https://www.cisecurity.org/controls/">4</reference>
          <reference href="https://www.cisecurity.org/controls/">5</reference>
          <reference href="https://www.cisecurity.org/controls/">6</reference>
          <reference href="https://www.cisecurity.org/controls/">7</reference>
          <reference href="https://www.cisecurity.org/controls/">8</reference>
          <reference href="https://www.cisecurity.org/controls/">9</reference>
          <reference href="https://www.isaca.org/resources/cobit">APO10.01</reference>
          <reference href="https://www.isaca.org/resources/cobit">APO10.03</reference>
          <reference href="https://www.isaca.org/resources/cobit">APO10.04</reference>
          <reference href="https://www.isaca.org/resources/cobit">APO10.05</reference>
          <reference href="https://www.isaca.org/resources/cobit">APO11.04</reference>
          <reference href="https://www.isaca.org/resources/cobit">APO12.06</reference>
          <reference href="https://www.isaca.org/resources/cobit">APO13.01</reference>
          <reference href="https://www.isaca.org/resources/cobit">BAI03.05</reference>
          <reference href="https://www.isaca.org/resources/cobit">BAI08.02</reference>
          <reference href="https://www.isaca.org/resources/cobit">DSS01.03</reference>
          <reference href="https://www.isaca.org/resources/cobit">DSS01.04</reference>
          <reference href="https://www.isaca.org/resources/cobit">DSS02.02</reference>
          <reference href="https://www.isaca.org/resources/cobit">DSS02.04</reference>
          <reference href="https://www.isaca.org/resources/cobit">DSS02.07</reference>
          <reference href="https://www.isaca.org/resources/cobit">DSS03.01</reference>
          <reference href="https://www.isaca.org/resources/cobit">DSS03.05</reference>
          <reference href="https://www.isaca.org/resources/cobit">DSS05.02</reference>
          <reference href="https://www.isaca.org/resources/cobit">DSS05.03</reference>
          <reference href="https://www.isaca.org/resources/cobit">DSS05.04</reference>
          <reference href="https://www.isaca.org/resources/cobit">DSS05.05</reference>
          <reference href="https://www.isaca.org/resources/cobit">DSS05.07</reference>
          <reference href="https://www.isaca.org/resources/cobit">MEA01.01</reference>
          <reference href="https://www.isaca.org/resources/cobit">MEA01.02</reference>
          <reference href="https://www.isaca.org/resources/cobit">MEA01.03</reference>
          <reference href="https://www.isaca.org/resources/cobit">MEA01.04</reference>
          <reference href="https://www.isaca.org/resources/cobit">MEA01.05</reference>
          <reference href="https://www.isaca.org/resources/cobit">MEA02.01</reference>
          <reference href="http://nvlpubs.nist.gov/nistpubs/SpecialPublications/NIST.SP.800-171.pdf">3.1.7</reference>
          <reference href="https://public.cyber.mil/stigs/cci/">CCI-000172</reference>
          <reference href="https://public.cyber.mil/stigs/cci/">CCI-000130</reference>
          <reference href="https://public.cyber.mil/stigs/cci/">CCI-000135</reference>
          <reference href="https://public.cyber.mil/stigs/cci/">CCI-000169</reference>
          <reference href="https://public.cyber.mil/stigs/cci/">CCI-002884</reference>
          <reference href="https://www.gpo.gov/fdsys/pkg/CFR-2007-title45-vol1/pdf/CFR-2007-title45-vol1-chapA-subchapC.pdf">164.308(a)(1)(ii)(D)</reference>
          <reference href="https://www.gpo.gov/fdsys/pkg/CFR-2007-title45-vol1/pdf/CFR-2007-title45-vol1-chapA-subchapC.pdf">164.308(a)(3)(ii)(A)</reference>
          <reference href="https://www.gpo.gov/fdsys/pkg/CFR-2007-title45-vol1/pdf/CFR-2007-title45-vol1-chapA-subchapC.pdf">164.308(a)(5)(ii)(C)</reference>
          <reference href="https://www.gpo.gov/fdsys/pkg/CFR-2007-title45-vol1/pdf/CFR-2007-title45-vol1-chapA-subchapC.pdf">164.312(a)(2)(i)</reference>
          <reference href="https://www.gpo.gov/fdsys/pkg/CFR-2007-title45-vol1/pdf/CFR-2007-title45-vol1-chapA-subchapC.pdf">164.312(b)</reference>
          <reference href="https://www.gpo.gov/fdsys/pkg/CFR-2007-title45-vol1/pdf/CFR-2007-title45-vol1-chapA-subchapC.pdf">164.312(d)</reference>
          <reference href="https://www.gpo.gov/fdsys/pkg/CFR-2007-title45-vol1/pdf/CFR-2007-title45-vol1-chapA-subchapC.pdf">164.312(e)</reference>
          <reference href="https://www.isa.org/products/isa-62443-2-1-2009-security-for-industrial-automat">4.2.3.10</reference>
          <reference href="https://www.isa.org/products/isa-62443-2-1-2009-security-for-industrial-automat">4.3.2.6.7</reference>
          <reference href="https://www.isa.org/products/isa-62443-2-1-2009-security-for-industrial-automat">4.3.3.3.9</reference>
          <reference href="https://www.isa.org/products/isa-62443-2-1-2009-security-for-industrial-automat">4.3.3.5.8</reference>
          <reference href="https://www.isa.org/products/isa-62443-2-1-2009-security-for-industrial-automat">4.3.3.6.6</reference>
          <reference href="https://www.isa.org/products/isa-62443-2-1-2009-security-for-industrial-automat">4.3.4.4.7</reference>
          <reference href="https://www.isa.org/products/isa-62443-2-1-2009-security-for-industrial-automat">4.3.4.5.6</reference>
          <reference href="https://www.isa.org/products/isa-62443-2-1-2009-security-for-industrial-automat">4.3.4.5.7</reference>
          <reference href="https://www.isa.org/products/isa-62443-2-1-2009-security-for-industrial-automat">4.3.4.5.8</reference>
          <reference href="https://www.isa.org/products/isa-62443-2-1-2009-security-for-industrial-automat">4.4.2.1</reference>
          <reference href="https://www.isa.org/products/isa-62443-2-1-2009-security-for-industrial-automat">4.4.2.2</reference>
          <reference href="https://www.isa.org/products/isa-62443-2-1-2009-security-for-industrial-automat">4.4.2.4</reference>
          <reference href="https://www.isa.org/products/ansi-isa-62443-3-3-99-03-03-2013-security-for-indu">SR 1.13</reference>
          <reference href="https://www.isa.org/products/ansi-isa-62443-3-3-99-03-03-2013-security-for-indu">SR 2.10</reference>
          <reference href="https://www.isa.org/products/ansi-isa-62443-3-3-99-03-03-2013-security-for-indu">SR 2.11</reference>
          <reference href="https://www.isa.org/products/ansi-isa-62443-3-3-99-03-03-2013-security-for-indu">SR 2.12</reference>
          <reference href="https://www.isa.org/products/ansi-isa-62443-3-3-99-03-03-2013-security-for-indu">SR 2.6</reference>
          <reference href="https://www.isa.org/products/ansi-isa-62443-3-3-99-03-03-2013-security-for-indu">SR 2.8</reference>
          <reference href="https://www.isa.org/products/ansi-isa-62443-3-3-99-03-03-2013-security-for-indu">SR 2.9</reference>
          <reference href="https://www.isa.org/products/ansi-isa-62443-3-3-99-03-03-2013-security-for-indu">SR 3.1</reference>
          <reference href="https://www.isa.org/products/ansi-isa-62443-3-3-99-03-03-2013-security-for-indu">SR 3.5</reference>
          <reference href="https://www.isa.org/products/ansi-isa-62443-3-3-99-03-03-2013-security-for-indu">SR 3.8</reference>
          <reference href="https://www.isa.org/products/ansi-isa-62443-3-3-99-03-03-2013-security-for-indu">SR 4.1</reference>
          <reference href="https://www.isa.org/products/ansi-isa-62443-3-3-99-03-03-2013-security-for-indu">SR 4.3</reference>
          <reference href="https://www.isa.org/products/ansi-isa-62443-3-3-99-03-03-2013-security-for-indu">SR 5.1</reference>
          <reference href="https://www.isa.org/products/ansi-isa-62443-3-3-99-03-03-2013-security-for-indu">SR 5.2</reference>
          <reference href="https://www.isa.org/products/ansi-isa-62443-3-3-99-03-03-2013-security-for-indu">SR 5.3</reference>
          <reference href="https://www.isa.org/products/ansi-isa-62443-3-3-99-03-03-2013-security-for-indu">SR 6.1</reference>
          <reference href="https://www.isa.org/products/ansi-isa-62443-3-3-99-03-03-2013-security-for-indu">SR 6.2</reference>
          <reference href="https://www.isa.org/products/ansi-isa-62443-3-3-99-03-03-2013-security-for-indu">SR 7.1</reference>
          <reference href="https://www.isa.org/products/ansi-isa-62443-3-3-99-03-03-2013-security-for-indu">SR 7.6</reference>
          <reference href="https://www.iso.org/contents/data/standard/05/45/54534.html">A.11.2.6</reference>
          <reference href="https://www.iso.org/contents/data/standard/05/45/54534.html">A.12.4.1</reference>
          <reference href="https://www.iso.org/contents/data/standard/05/45/54534.html">A.12.4.2</reference>
          <reference href="https://www.iso.org/contents/data/standard/05/45/54534.html">A.12.4.3</reference>
          <reference href="https://www.iso.org/contents/data/standard/05/45/54534.html">A.12.4.4</reference>
          <reference href="https://www.iso.org/contents/data/standard/05/45/54534.html">A.12.7.1</reference>
          <reference href="https://www.iso.org/contents/data/standard/05/45/54534.html">A.13.1.1</reference>
          <reference href="https://www.iso.org/contents/data/standard/05/45/54534.html">A.13.2.1</reference>
          <reference href="https://www.iso.org/contents/data/standard/05/45/54534.html">A.14.1.3</reference>
          <reference href="https://www.iso.org/contents/data/standard/05/45/54534.html">A.14.2.7</reference>
          <reference href="https://www.iso.org/contents/data/standard/05/45/54534.html">A.15.2.1</reference>
          <reference href="https://www.iso.org/contents/data/standard/05/45/54534.html">A.15.2.2</reference>
          <reference href="https://www.iso.org/contents/data/standard/05/45/54534.html">A.16.1.4</reference>
          <reference href="https://www.iso.org/contents/data/standard/05/45/54534.html">A.16.1.5</reference>
          <reference href="https://www.iso.org/contents/data/standard/05/45/54534.html">A.16.1.7</reference>
          <reference href="https://www.iso.org/contents/data/standard/05/45/54534.html">A.6.2.1</reference>
          <reference href="https://www.iso.org/contents/data/standard/05/45/54534.html">A.6.2.2</reference>
          <reference href="http://nvlpubs.nist.gov/nistpubs/SpecialPublications/NIST.SP.800-53r4.pdf">AU-2(d)</reference>
          <reference href="http://nvlpubs.nist.gov/nistpubs/SpecialPublications/NIST.SP.800-53r4.pdf">AU-12(c)</reference>
          <reference href="http://nvlpubs.nist.gov/nistpubs/SpecialPublications/NIST.SP.800-53r4.pdf">CM-6(a)</reference>
          <reference href="https://nvlpubs.nist.gov/nistpubs/CSWP/NIST.CSWP.04162018.pdf">DE.AE-3</reference>
          <reference href="https://nvlpubs.nist.gov/nistpubs/CSWP/NIST.CSWP.04162018.pdf">DE.AE-5</reference>
          <reference href="https://nvlpubs.nist.gov/nistpubs/CSWP/NIST.CSWP.04162018.pdf">DE.CM-1</reference>
          <reference href="https://nvlpubs.nist.gov/nistpubs/CSWP/NIST.CSWP.04162018.pdf">DE.CM-3</reference>
          <reference href="https://nvlpubs.nist.gov/nistpubs/CSWP/NIST.CSWP.04162018.pdf">DE.CM-7</reference>
          <reference href="https://nvlpubs.nist.gov/nistpubs/CSWP/NIST.CSWP.04162018.pdf">ID.SC-4</reference>
          <reference href="https://nvlpubs.nist.gov/nistpubs/CSWP/NIST.CSWP.04162018.pdf">PR.AC-3</reference>
          <reference href="https://nvlpubs.nist.gov/nistpubs/CSWP/NIST.CSWP.04162018.pdf">PR.PT-1</reference>
          <reference href="https://nvlpubs.nist.gov/nistpubs/CSWP/NIST.CSWP.04162018.pdf">PR.PT-4</reference>
          <reference href="https://nvlpubs.nist.gov/nistpubs/CSWP/NIST.CSWP.04162018.pdf">RS.AN-1</reference>
          <reference href="https://nvlpubs.nist.gov/nistpubs/CSWP/NIST.CSWP.04162018.pdf">RS.AN-4</reference>
          <reference href="https://www.pcisecuritystandards.org/documents/PCI_DSS_v3-2-1.pdf">Req-10.2.4</reference>
          <reference href="https://www.pcisecuritystandards.org/documents/PCI_DSS_v3-2-1.pdf">Req-10.2.1</reference>
          <reference href="https://public.cyber.mil/stigs/downloads/?_dl_facet_stigs=operating-systems%2Cgeneral-purpose-os">SRG-OS-000037-GPOS-00015</reference>
          <reference href="https://public.cyber.mil/stigs/downloads/?_dl_facet_stigs=operating-systems%2Cgeneral-purpose-os">SRG-OS-000042-GPOS-00020</reference>
          <reference href="https://public.cyber.mil/stigs/downloads/?_dl_facet_stigs=operating-systems%2Cgeneral-purpose-os">SRG-OS-000062-GPOS-00031</reference>
          <reference href="https://public.cyber.mil/stigs/downloads/?_dl_facet_stigs=operating-systems%2Cgeneral-purpose-os">SRG-OS-000392-GPOS-00172</reference>
          <reference href="https://public.cyber.mil/stigs/downloads/?_dl_facet_stigs=operating-systems%2Cgeneral-purpose-os">SRG-OS-000462-GPOS-00206</reference>
          <reference href="https://public.cyber.mil/stigs/downloads/?_dl_facet_stigs=operating-systems%2Cgeneral-purpose-os">SRG-OS-000471-GPOS-00215</reference>
          <reference href="https://public.cyber.mil/stigs/downloads/?_dl_facet_stigs=operating-systems%2Cgeneral-purpose-os">SRG-OS-000064-GPOS-00033</reference>
          <reference href="https://public.cyber.mil/stigs/downloads/?_dl_facet_stigs=operating-systems%2Cgeneral-purpose-os">SRG-OS-000458-GPOS-00203</reference>
          <reference href="https://public.cyber.mil/stigs/downloads/?_dl_facet_stigs=operating-systems%2Cgeneral-purpose-os">SRG-OS-000461-GPOS-00205</reference>
          <reference href="https://public.cyber.mil/stigs/downloads/?_dl_facet_stigs=container-platform">SRG-APP-000495-CTR-001235</reference>
          <reference href="https://cyber.gouv.fr/sites/default/files/document/linux_configuration-en-v2.pdf">R73</reference>
          <reference href="https://www.cisecurity.org/benchmark/ubuntu_linux/">6.2.3.7</reference>
          <rationale xmlns:xhtml="http://www.w3.org/1999/xhtml" xml:lang="en-US">Unsuccessful attempts to access files could be an indicator of malicious activity on a system. Auditing
these events could serve as evidence of potential system compromise.</rationale>
          <fix xmlns:xhtml="http://www.w3.org/1999/xhtml" id="audit_rules_unsuccessful_file_modification_ftruncate" system="urn:xccdf:fix:script:ansible" reboot="true" complexity="low" disruption="low" strategy="restrict">- name: Gather the package facts
  package_facts:
    manager: auto
  tags:
  - NIST-800-171-3.1.7
  - NIST-800-53-AU-12(c)
  - NIST-800-53-AU-2(d)
  - NIST-800-53-CM-6(a)
  - PCI-DSS-Req-10.2.1
  - PCI-DSS-Req-10.2.4
  - audit_rules_unsuccessful_file_modification_ftruncate
  - low_complexity
  - low_disruption
  - medium_severity
  - reboot_required
  - restrict_strategy

- name: Set architecture for audit ftruncate tasks
  set_fact:
    audit_arch: b64
  when:
  - '"auditd" in ansible_facts.packages'
  - '"linux-base" in ansible_facts.packages'
  - ansible_architecture == "aarch64" or ansible_architecture == "ppc64" or ansible_architecture
    == "ppc64le" or ansible_architecture == "s390x" or ansible_architecture == "x86_64"
  tags:
  - NIST-800-171-3.1.7
  - NIST-800-53-AU-12(c)
  - NIST-800-53-AU-2(d)
  - NIST-800-53-CM-6(a)
  - PCI-DSS-Req-10.2.1
  - PCI-DSS-Req-10.2.4
  - audit_rules_unsuccessful_file_modification_ftruncate
  - low_complexity
  - low_disruption
  - medium_severity
  - reboot_required
  - restrict_strategy

- name: Perform remediation of Audit rules for ftruncate EACCES for 32bit platform
  block:

  - name: Declare list of syscalls
    set_fact:
      syscalls:
      - ftruncate
      syscall_grouping:
      - creat
      - ftruncate
      - truncate
      - open
      - openat
      - open_by_handle_at

  - name: Check existence of ftruncate in /etc/audit/rules.d/
    find:
      paths: /etc/audit/rules.d
      contains: -a always,exit -F arch=b32(( -S |,)\w+)*(( -S |,){{ item }})+(( -S
        |,)\w+)* -F exit=-EACCES -F auid&gt;=1000 -F auid!=unset (-k\s+|-F\s+key=)\S+\s*$
      patterns: '*.rules'
    register: find_command
    loop: '{{ (syscall_grouping + syscalls) | unique }}'

  - name: Reset syscalls found per file
    set_fact:
      syscalls_per_file: {}
      found_paths_dict: {}

  - name: Declare syscalls found per file
    set_fact: syscalls_per_file="{{ syscalls_per_file | combine( {item.files[0].path
      :[item.item] + syscalls_per_file.get(item.files[0].path, []) } ) }}"
    loop: '{{ find_command.results | selectattr(''matched'') | list }}'

  - name: Declare files where syscalls were found
    set_fact: found_paths="{{ find_command.results | map(attribute='files') | flatten
      | map(attribute='path') | list }}"

  - name: Count occurrences of syscalls in paths
    set_fact: found_paths_dict="{{ found_paths_dict | combine({ item:1+found_paths_dict.get(item,
      0) }) }}"
    loop: '{{ find_command.results | map(attribute=''files'') | flatten | map(attribute=''path'')
      | list }}'

  - name: Get path with most syscalls
    set_fact: audit_file="{{ (found_paths_dict | dict2items() | sort(attribute='value')
      | last).key }}"
    when: found_paths | length &gt;= 1

  - name: No file with syscall found, set path to /etc/audit/rules.d/access.rules
    set_fact: audit_file="/etc/audit/rules.d/access.rules"
    when: found_paths | length == 0

  - name: Declare found syscalls
    set_fact: syscalls_found="{{ find_command.results | selectattr('matched') | map(attribute='item')
      | list }}"

  - name: Declare missing syscalls
    set_fact: missing_syscalls="{{ syscalls | difference(syscalls_found) }}"

  - name: Replace the audit rule in {{ audit_file }}
    lineinfile:
      path: '{{ audit_file }}'
      regexp: (-a always,exit -F arch=b32)(?=.*(?:(?:-S |,)(?:{{ syscalls_per_file[audit_file]
        | join("|") }}))\b)((?:( -S |,)\w+)+)( -F exit=-EACCES -F auid&gt;=1000 -F auid!=unset
        (?:-k |-F key=)\w+)
      line: \1\2\3{{ missing_syscalls | join("\3") }}\4
      backrefs: true
      state: present
      mode: g-rwx,o-rwx
    when: syscalls_found | length &gt; 0 and missing_syscalls | length &gt; 0

  - name: Add the audit rule to {{ audit_file }}
    lineinfile:
      path: '{{ audit_file }}'
      line: -a always,exit -F arch=b32 -S {{ syscalls | join(',') }} -F exit=-EACCES
        -F auid&gt;=1000 -F auid!=unset -F key=access
      create: true
      mode: g-rwx,o-rwx
      state: present
    when: syscalls_found | length == 0

  - name: Declare list of syscalls
    set_fact:
      syscalls:
      - ftruncate
      syscall_grouping:
      - creat
      - ftruncate
      - truncate
      - open
      - openat
      - open_by_handle_at

  - name: Check existence of ftruncate in /etc/audit/audit.rules
    find:
      paths: /etc/audit
      contains: -a always,exit -F arch=b32(( -S |,)\w+)*(( -S |,){{ item }})+(( -S
        |,)\w+)* -F exit=-EACCES -F auid&gt;=1000 -F auid!=unset (-k\s+|-F\s+key=)\S+\s*$
      patterns: audit.rules
    register: find_command
    loop: '{{ (syscall_grouping + syscalls) | unique }}'

  - name: Set path to /etc/audit/audit.rules
    set_fact: audit_file="/etc/audit/audit.rules"

  - name: Declare found syscalls
    set_fact: syscalls_found="{{ find_command.results | selectattr('matched') | map(attribute='item')
      | list }}"

  - name: Declare missing syscalls
    set_fact: missing_syscalls="{{ syscalls | difference(syscalls_found) }}"

  - name: Replace the audit rule in {{ audit_file }}
    lineinfile:
      path: '{{ audit_file }}'
      regexp: (-a always,exit -F arch=b32)(?=.*(?:(?:-S |,)(?:{{ syscalls_found |
        join("|") }}))\b)((?:( -S |,)\w+)+)( -F exit=-EACCES -F auid&gt;=1000 -F auid!=unset
        (?:-k |-F key=)\w+)
      line: \1\2\3{{ missing_syscalls | join("\3") }}\4
      backrefs: true
      state: present
      mode: g-rwx,o-rwx
    when: syscalls_found | length &gt; 0 and missing_syscalls | length &gt; 0

  - name: Add the audit rule to {{ audit_file }}
    lineinfile:
      path: '{{ audit_file }}'
      line: -a always,exit -F arch=b32 -S {{ syscalls | join(',') }} -F exit=-EACCES
        -F auid&gt;=1000 -F auid!=unset -F key=access
      create: true
      mode: g-rwx,o-rwx
      state: present
    when: syscalls_found | length == 0
  when:
  - '"auditd" in ansible_facts.packages'
  - '"linux-base" in ansible_facts.packages'
  tags:
  - NIST-800-171-3.1.7
  - NIST-800-53-AU-12(c)
  - NIST-800-53-AU-2(d)
  - NIST-800-53-CM-6(a)
  - PCI-DSS-Req-10.2.1
  - PCI-DSS-Req-10.2.4
  - audit_rules_unsuccessful_file_modification_ftruncate
  - low_complexity
  - low_disruption
  - medium_severity
  - reboot_required
  - restrict_strategy

- name: Perform remediation of Audit rules for ftruncate EACCES for 64bit platform
  block:

  - name: Declare list of syscalls
    set_fact:
      syscalls:
      - ftruncate
      syscall_grouping:
      - creat
      - ftruncate
      - truncate
      - open
      - openat
      - open_by_handle_at

  - name: Check existence of ftruncate in /etc/audit/rules.d/
    find:
      paths: /etc/audit/rules.d
      contains: -a always,exit -F arch=b64(( -S |,)\w+)*(( -S |,){{ item }})+(( -S
        |,)\w+)* -F exit=-EACCES -F auid&gt;=1000 -F auid!=unset (-k\s+|-F\s+key=)\S+\s*$
      patterns: '*.rules'
    register: find_command
    loop: '{{ (syscall_grouping + syscalls) | unique }}'

  - name: Reset syscalls found per file
    set_fact:
      syscalls_per_file: {}
      found_paths_dict: {}

  - name: Declare syscalls found per file
    set_fact: syscalls_per_file="{{ syscalls_per_file | combine( {item.files[0].path
      :[item.item] + syscalls_per_file.get(item.files[0].path, []) } ) }}"
    loop: '{{ find_command.results | selectattr(''matched'') | list }}'

  - name: Declare files where syscalls were found
    set_fact: found_paths="{{ find_command.results | map(attribute='files') | flatten
      | map(attribute='path') | list }}"

  - name: Count occurrences of syscalls in paths
    set_fact: found_paths_dict="{{ found_paths_dict | combine({ item:1+found_paths_dict.get(item,
      0) }) }}"
    loop: '{{ find_command.results | map(attribute=''files'') | flatten | map(attribute=''path'')
      | list }}'

  - name: Get path with most syscalls
    set_fact: audit_file="{{ (found_paths_dict | dict2items() | sort(attribute='value')
      | last).key }}"
    when: found_paths | length &gt;= 1

  - name: No file with syscall found, set path to /etc/audit/rules.d/access.rules
    set_fact: audit_file="/etc/audit/rules.d/access.rules"
    when: found_paths | length == 0

  - name: Declare found syscalls
    set_fact: syscalls_found="{{ find_command.results | selectattr('matched') | map(attribute='item')
      | list }}"

  - name: Declare missing syscalls
    set_fact: missing_syscalls="{{ syscalls | difference(syscalls_found) }}"

  - name: Replace the audit rule in {{ audit_file }}
    lineinfile:
      path: '{{ audit_file }}'
      regexp: (-a always,exit -F arch=b64)(?=.*(?:(?:-S |,)(?:{{ syscalls_per_file[audit_file]
        | join("|") }}))\b)((?:( -S |,)\w+)+)( -F exit=-EACCES -F auid&gt;=1000 -F auid!=unset
        (?:-k |-F key=)\w+)
      line: \1\2\3{{ missing_syscalls | join("\3") }}\4
      backrefs: true
      state: present
      mode: g-rwx,o-rwx
    when: syscalls_found | length &gt; 0 and missing_syscalls | length &gt; 0

  - name: Add the audit rule to {{ audit_file }}
    lineinfile:
      path: '{{ audit_file }}'
      line: -a always,exit -F arch=b64 -S {{ syscalls | join(',') }} -F exit=-EACCES
        -F auid&gt;=1000 -F auid!=unset -F key=access
      create: true
      mode: g-rwx,o-rwx
      state: present
    when: syscalls_found | length == 0

  - name: Declare list of syscalls
    set_fact:
      syscalls:
      - ftruncate
      syscall_grouping:
      - creat
      - ftruncate
      - truncate
      - open
      - openat
      - open_by_handle_at

  - name: Check existence of ftruncate in /etc/audit/audit.rules
    find:
      paths: /etc/audit
      contains: -a always,exit -F arch=b64(( -S |,)\w+)*(( -S |,){{ item }})+(( -S
        |,)\w+)* -F exit=-EACCES -F auid&gt;=1000 -F auid!=unset (-k\s+|-F\s+key=)\S+\s*$
      patterns: audit.rules
    register: find_command
    loop: '{{ (syscall_grouping + syscalls) | unique }}'

  - name: Set path to /etc/audit/audit.rules
    set_fact: audit_file="/etc/audit/audit.rules"

  - name: Declare found syscalls
    set_fact: syscalls_found="{{ find_command.results | selectattr('matched') | map(attribute='item')
      | list }}"

  - name: Declare missing syscalls
    set_fact: missing_syscalls="{{ syscalls | difference(syscalls_found) }}"

  - name: Replace the audit rule in {{ audit_file }}
    lineinfile:
      path: '{{ audit_file }}'
      regexp: (-a always,exit -F arch=b64)(?=.*(?:(?:-S |,)(?:{{ syscalls_found |
        join("|") }}))\b)((?:( -S |,)\w+)+)( -F exit=-EACCES -F auid&gt;=1000 -F auid!=unset
        (?:-k |-F key=)\w+)
      line: \1\2\3{{ missing_syscalls | join("\3") }}\4
      backrefs: true
      state: present
      mode: g-rwx,o-rwx
    when: syscalls_found | length &gt; 0 and missing_syscalls | length &gt; 0

  - name: Add the audit rule to {{ audit_file }}
    lineinfile:
      path: '{{ audit_file }}'
      line: -a always,exit -F arch=b64 -S {{ syscalls | join(',') }} -F exit=-EACCES
        -F auid&gt;=1000 -F auid!=unset -F key=access
      create: true
      mode: g-rwx,o-rwx
      state: present
    when: syscalls_found | length == 0
  when:
  - '"auditd" in ansible_facts.packages'
  - '"linux-base" in ansible_facts.packages'
  - audit_arch == "b64"
  tags:
  - NIST-800-171-3.1.7
  - NIST-800-53-AU-12(c)
  - NIST-800-53-AU-2(d)
  - NIST-800-53-CM-6(a)
  - PCI-DSS-Req-10.2.1
  - PCI-DSS-Req-10.2.4
  - audit_rules_unsuccessful_file_modification_ftruncate
  - low_complexity
  - low_disruption
  - medium_severity
  - reboot_required
  - restrict_strategy

- name: Perform remediation of Audit rules for ftruncate EPERM for 32bit platform
  block:

  - name: Declare list of syscalls
    set_fact:
      syscalls:
      - ftruncate
      syscall_grouping:
      - creat
      - ftruncate
      - truncate
      - open
      - openat
      - open_by_handle_at

  - name: Check existence of ftruncate in /etc/audit/rules.d/
    find:
      paths: /etc/audit/rules.d
      contains: -a always,exit -F arch=b32(( -S |,)\w+)*(( -S |,){{ item }})+(( -S
        |,)\w+)* -F exit=-EPERM -F auid&gt;=1000 -F auid!=unset (-k\s+|-F\s+key=)\S+\s*$
      patterns: '*.rules'
    register: find_command
    loop: '{{ (syscall_grouping + syscalls) | unique }}'

  - name: Reset syscalls found per file
    set_fact:
      syscalls_per_file: {}
      found_paths_dict: {}

  - name: Declare syscalls found per file
    set_fact: syscalls_per_file="{{ syscalls_per_file | combine( {item.files[0].path
      :[item.item] + syscalls_per_file.get(item.files[0].path, []) } ) }}"
    loop: '{{ find_command.results | selectattr(''matched'') | list }}'

  - name: Declare files where syscalls were found
    set_fact: found_paths="{{ find_command.results | map(attribute='files') | flatten
      | map(attribute='path') | list }}"

  - name: Count occurrences of syscalls in paths
    set_fact: found_paths_dict="{{ found_paths_dict | combine({ item:1+found_paths_dict.get(item,
      0) }) }}"
    loop: '{{ find_command.results | map(attribute=''files'') | flatten | map(attribute=''path'')
      | list }}'

  - name: Get path with most syscalls
    set_fact: audit_file="{{ (found_paths_dict | dict2items() | sort(attribute='value')
      | last).key }}"
    when: found_paths | length &gt;= 1

  - name: No file with syscall found, set path to /etc/audit/rules.d/access.rules
    set_fact: audit_file="/etc/audit/rules.d/access.rules"
    when: found_paths | length == 0

  - name: Declare found syscalls
    set_fact: syscalls_found="{{ find_command.results | selectattr('matched') | map(attribute='item')
      | list }}"

  - name: Declare missing syscalls
    set_fact: missing_syscalls="{{ syscalls | difference(syscalls_found) }}"

  - name: Replace the audit rule in {{ audit_file }}
    lineinfile:
      path: '{{ audit_file }}'
      regexp: (-a always,exit -F arch=b32)(?=.*(?:(?:-S |,)(?:{{ syscalls_per_file[audit_file]
        | join("|") }}))\b)((?:( -S |,)\w+)+)( -F exit=-EPERM -F auid&gt;=1000 -F auid!=unset
        (?:-k |-F key=)\w+)
      line: \1\2\3{{ missing_syscalls | join("\3") }}\4
      backrefs: true
      state: present
      mode: g-rwx,o-rwx
    when: syscalls_found | length &gt; 0 and missing_syscalls | length &gt; 0

  - name: Add the audit rule to {{ audit_file }}
    lineinfile:
      path: '{{ audit_file }}'
      line: -a always,exit -F arch=b32 -S {{ syscalls | join(',') }} -F exit=-EPERM
        -F auid&gt;=1000 -F auid!=unset -F key=access
      create: true
      mode: g-rwx,o-rwx
      state: present
    when: syscalls_found | length == 0

  - name: Declare list of syscalls
    set_fact:
      syscalls:
      - ftruncate
      syscall_grouping:
      - creat
      - ftruncate
      - truncate
      - open
      - openat
      - open_by_handle_at

  - name: Check existence of ftruncate in /etc/audit/audit.rules
    find:
      paths: /etc/audit
      contains: -a always,exit -F arch=b32(( -S |,)\w+)*(( -S |,){{ item }})+(( -S
        |,)\w+)* -F exit=-EPERM -F auid&gt;=1000 -F auid!=unset (-k\s+|-F\s+key=)\S+\s*$
      patterns: audit.rules
    register: find_command
    loop: '{{ (syscall_grouping + syscalls) | unique }}'

  - name: Set path to /etc/audit/audit.rules
    set_fact: audit_file="/etc/audit/audit.rules"

  - name: Declare found syscalls
    set_fact: syscalls_found="{{ find_command.results | selectattr('matched') | map(attribute='item')
      | list }}"

  - name: Declare missing syscalls
    set_fact: missing_syscalls="{{ syscalls | difference(syscalls_found) }}"

  - name: Replace the audit rule in {{ audit_file }}
    lineinfile:
      path: '{{ audit_file }}'
      regexp: (-a always,exit -F arch=b32)(?=.*(?:(?:-S |,)(?:{{ syscalls_found |
        join("|") }}))\b)((?:( -S |,)\w+)+)( -F exit=-EPERM -F auid&gt;=1000 -F auid!=unset
        (?:-k |-F key=)\w+)
      line: \1\2\3{{ missing_syscalls | join("\3") }}\4
      backrefs: true
      state: present
      mode: g-rwx,o-rwx
    when: syscalls_found | length &gt; 0 and missing_syscalls | length &gt; 0

  - name: Add the audit rule to {{ audit_file }}
    lineinfile:
      path: '{{ audit_file }}'
      line: -a always,exit -F arch=b32 -S {{ syscalls | join(',') }} -F exit=-EPERM
        -F auid&gt;=1000 -F auid!=unset -F key=access
      create: true
      mode: g-rwx,o-rwx
      state: present
    when: syscalls_found | length == 0
  when:
  - '"auditd" in ansible_facts.packages'
  - '"linux-base" in ansible_facts.packages'
  tags:
  - NIST-800-171-3.1.7
  - NIST-800-53-AU-12(c)
  - NIST-800-53-AU-2(d)
  - NIST-800-53-CM-6(a)
  - PCI-DSS-Req-10.2.1
  - PCI-DSS-Req-10.2.4
  - audit_rules_unsuccessful_file_modification_ftruncate
  - low_complexity
  - low_disruption
  - medium_severity
  - reboot_required
  - restrict_strategy

- name: Perform remediation of Audit rules for ftruncate EPERM for 64bit platform
  block:

  - name: Declare list of syscalls
    set_fact:
      syscalls:
      - ftruncate
      syscall_grouping:
      - creat
      - ftruncate
      - truncate
      - open
      - openat
      - open_by_handle_at

  - name: Check existence of ftruncate in /etc/audit/rules.d/
    find:
      paths: /etc/audit/rules.d
      contains: -a always,exit -F arch=b64(( -S |,)\w+)*(( -S |,){{ item }})+(( -S
        |,)\w+)* -F exit=-EPERM -F auid&gt;=1000 -F auid!=unset (-k\s+|-F\s+key=)\S+\s*$
      patterns: '*.rules'
    register: find_command
    loop: '{{ (syscall_grouping + syscalls) | unique }}'

  - name: Reset syscalls found per file
    set_fact:
      syscalls_per_file: {}
      found_paths_dict: {}

  - name: Declare syscalls found per file
    set_fact: syscalls_per_file="{{ syscalls_per_file | combine( {item.files[0].path
      :[item.item] + syscalls_per_file.get(item.files[0].path, []) } ) }}"
    loop: '{{ find_command.results | selectattr(''matched'') | list }}'

  - name: Declare files where syscalls were found
    set_fact: found_paths="{{ find_command.results | map(attribute='files') | flatten
      | map(attribute='path') | list }}"

  - name: Count occurrences of syscalls in paths
    set_fact: found_paths_dict="{{ found_paths_dict | combine({ item:1+found_paths_dict.get(item,
      0) }) }}"
    loop: '{{ find_command.results | map(attribute=''files'') | flatten | map(attribute=''path'')
      | list }}'

  - name: Get path with most syscalls
    set_fact: audit_file="{{ (found_paths_dict | dict2items() | sort(attribute='value')
      | last).key }}"
    when: found_paths | length &gt;= 1

  - name: No file with syscall found, set path to /etc/audit/rules.d/access.rules
    set_fact: audit_file="/etc/audit/rules.d/access.rules"
    when: found_paths | length == 0

  - name: Declare found syscalls
    set_fact: syscalls_found="{{ find_command.results | selectattr('matched') | map(attribute='item')
      | list }}"

  - name: Declare missing syscalls
    set_fact: missing_syscalls="{{ syscalls | difference(syscalls_found) }}"

  - name: Replace the audit rule in {{ audit_file }}
    lineinfile:
      path: '{{ audit_file }}'
      regexp: (-a always,exit -F arch=b64)(?=.*(?:(?:-S |,)(?:{{ syscalls_per_file[audit_file]
        | join("|") }}))\b)((?:( -S |,)\w+)+)( -F exit=-EPERM -F auid&gt;=1000 -F auid!=unset
        (?:-k |-F key=)\w+)
      line: \1\2\3{{ missing_syscalls | join("\3") }}\4
      backrefs: true
      state: present
      mode: g-rwx,o-rwx
    when: syscalls_found | length &gt; 0 and missing_syscalls | length &gt; 0

  - name: Add the audit rule to {{ audit_file }}
    lineinfile:
      path: '{{ audit_file }}'
      line: -a always,exit -F arch=b64 -S {{ syscalls | join(',') }} -F exit=-EPERM
        -F auid&gt;=1000 -F auid!=unset -F key=access
      create: true
      mode: g-rwx,o-rwx
      state: present
    when: syscalls_found | length == 0

  - name: Declare list of syscalls
    set_fact:
      syscalls:
      - ftruncate
      syscall_grouping:
      - creat
      - ftruncate
      - truncate
      - open
      - openat
      - open_by_handle_at

  - name: Check existence of ftruncate in /etc/audit/audit.rules
    find:
      paths: /etc/audit
      contains: -a always,exit -F arch=b64(( -S |,)\w+)*(( -S |,){{ item }})+(( -S
        |,)\w+)* -F exit=-EPERM -F auid&gt;=1000 -F auid!=unset (-k\s+|-F\s+key=)\S+\s*$
      patterns: audit.rules
    register: find_command
    loop: '{{ (syscall_grouping + syscalls) | unique }}'

  - name: Set path to /etc/audit/audit.rules
    set_fact: audit_file="/etc/audit/audit.rules"

  - name: Declare found syscalls
    set_fact: syscalls_found="{{ find_command.results | selectattr('matched') | map(attribute='item')
      | list }}"

  - name: Declare missing syscalls
    set_fact: missing_syscalls="{{ syscalls | difference(syscalls_found) }}"

  - name: Replace the audit rule in {{ audit_file }}
    lineinfile:
      path: '{{ audit_file }}'
      regexp: (-a always,exit -F arch=b64)(?=.*(?:(?:-S |,)(?:{{ syscalls_found |
        join("|") }}))\b)((?:( -S |,)\w+)+)( -F exit=-EPERM -F auid&gt;=1000 -F auid!=unset
        (?:-k |-F key=)\w+)
      line: \1\2\3{{ missing_syscalls | join("\3") }}\4
      backrefs: true
      state: present
      mode: g-rwx,o-rwx
    when: syscalls_found | length &gt; 0 and missing_syscalls | length &gt; 0

  - name: Add the audit rule to {{ audit_file }}
    lineinfile:
      path: '{{ audit_file }}'
      line: -a always,exit -F arch=b64 -S {{ syscalls | join(',') }} -F exit=-EPERM
        -F auid&gt;=1000 -F auid!=unset -F key=access
      create: true
      mode: g-rwx,o-rwx
      state: present
    when: syscalls_found | length == 0
  when:
  - '"auditd" in ansible_facts.packages'
  - '"linux-base" in ansible_facts.packages'
  - audit_arch == "b64"
  tags:
  - NIST-800-171-3.1.7
  - NIST-800-53-AU-12(c)
  - NIST-800-53-AU-2(d)
  - NIST-800-53-CM-6(a)
  - PCI-DSS-Req-10.2.1
  - PCI-DSS-Req-10.2.4
  - audit_rules_unsuccessful_file_modification_ftruncate
  - low_complexity
  - low_disruption
  - medium_severity
  - reboot_required
  - restrict_strategy
</fix>
          <fix xmlns:xhtml="http://www.w3.org/1999/xhtml" id="audit_rules_unsuccessful_file_modification_ftruncate" system="urn:xccdf:fix:script:sh"># Remediation is applicable only in certain platforms
if dpkg-query --show --showformat='${db:Status-Status}
' 'linux-base' 2&gt;/dev/null | grep -q ^installed &amp;&amp; dpkg-query --show --showformat='${db:Status-Status}\n' 'auditd' 2&gt;/dev/null | grep -q '^installed'; then

# First perform the remediation of the syscall rule
# Retrieve hardware architecture of the underlying system
[ "$(getconf LONG_BIT)" = "32" ] &amp;&amp; RULE_ARCHS=("b32") || RULE_ARCHS=("b32" "b64")

AUID_FILTERS="-F auid&gt;=1000 -F auid!=unset"
SYSCALL="ftruncate"
KEY="access"
SYSCALL_GROUPING="creat ftruncate truncate open openat open_by_handle_at"

for ARCH in "${RULE_ARCHS[@]}"
do
	ACTION_ARCH_FILTERS="-a always,exit -F arch=$ARCH"
	OTHER_FILTERS="-F exit=-EACCES"
	# Perform the remediation for both possible tools: 'auditctl' and 'augenrules'
	unset syscall_a
unset syscall_grouping
unset syscall_string
unset syscall
unset file_to_edit
unset rule_to_edit
unset rule_syscalls_to_edit
unset other_string
unset auid_string
unset full_rule

# Load macro arguments into arrays
read -a syscall_a &lt;&lt;&lt; $SYSCALL
read -a syscall_grouping &lt;&lt;&lt; $SYSCALL_GROUPING

# Create a list of audit *.rules files that should be inspected for presence and correctness
# of a particular audit rule. The scheme is as follows:
#
# -----------------------------------------------------------------------------------------
#  Tool used to load audit rules | Rule already defined  |  Audit rules file to inspect    |
# -----------------------------------------------------------------------------------------
#        auditctl                |     Doesn't matter    |  /etc/audit/audit.rules         |
# -----------------------------------------------------------------------------------------
#        augenrules              |          Yes          |  /etc/audit/rules.d/*.rules     |
#        augenrules              |          No           |  /etc/audit/rules.d/$key.rules  |
# -----------------------------------------------------------------------------------------
#
files_to_inspect=()

# If audit tool is 'augenrules', then check if the audit rule is defined
# If rule is defined, add '/etc/audit/rules.d/*.rules' to the list for inspection
# If rule isn't defined yet, add '/etc/audit/rules.d/$key.rules' to the list for inspection
default_file="/etc/audit/rules.d/$KEY.rules"
# As other_filters may include paths, lets use a different delimiter for it
# The "F" script expression tells sed to print the filenames where the expressions matched
readarray -t files_to_inspect &lt; &lt;(sed -s -n -e "/^$ACTION_ARCH_FILTERS/!d" -e "\#$OTHER_FILTERS#!d" -e "/$AUID_FILTERS/!d" -e "F" /etc/audit/rules.d/*.rules)
# Case when particular rule isn't defined in /etc/audit/rules.d/*.rules yet
if [ ${#files_to_inspect[@]} -eq "0" ]
then
    file_to_inspect="/etc/audit/rules.d/$KEY.rules"
    files_to_inspect=("$file_to_inspect")
    if [ ! -e "$file_to_inspect" ]
    then
        touch "$file_to_inspect"
        chmod 0600 "$file_to_inspect"
    fi
fi

# After converting to jinja, we cannot return; therefore we skip the rest of the macro if needed instead
skip=1

for audit_file in "${files_to_inspect[@]}"
do
    # Filter existing $audit_file rules' definitions to select those that satisfy the rule pattern,
    # i.e, collect rules that match:
    # * the action, list and arch, (2-nd argument)
    # * the other filters, (3-rd argument)
    # * the auid filters, (4-rd argument)
    readarray -t similar_rules &lt; &lt;(sed -e "/^$ACTION_ARCH_FILTERS/!d"  -e "\#$OTHER_FILTERS#!d" -e "/$AUID_FILTERS/!d" "$audit_file")

    candidate_rules=()
    # Filter out rules that have more fields then required. This will remove rules more specific than the required scope
    for s_rule in "${similar_rules[@]}"
    do
        # Strip all the options and fields we know of,
        # than check if there was any field left over
        extra_fields=$(sed -E -e "s/^$ACTION_ARCH_FILTERS//"  -e "s#$OTHER_FILTERS##" -e "s/$AUID_FILTERS//" -e "s/((:?-S [[:alnum:],]+)+)//g" -e "s/-F key=\w+|-k \w+//"&lt;&lt;&lt; "$s_rule")
        grep -q -- "-F" &lt;&lt;&lt; "$extra_fields" || candidate_rules+=("$s_rule")
    done

    if [[ ${#syscall_a[@]} -ge 1 ]]
    then
        # Check if the syscall we want is present in any of the similar existing rules
        for rule in "${candidate_rules[@]}"
        do
            rule_syscalls=$(echo "$rule" | grep -o -P '(-S [\w,]+)+' | xargs)
            all_syscalls_found=0
            for syscall in "${syscall_a[@]}"
            do
                grep -q -- "\b${syscall}\b" &lt;&lt;&lt; "$rule_syscalls" || {
                   # A syscall was not found in the candidate rule
                   all_syscalls_found=1
                   }
            done
            if [[ $all_syscalls_found -eq 0 ]]
            then
                # We found a rule with all the syscall(s) we want; skip rest of macro
                skip=0
                break
            fi

            # Check if this rule can be grouped with our target syscall and keep track of it
            for syscall_g in "${syscall_grouping[@]}"
            do
                if grep -q -- "\b${syscall_g}\b" &lt;&lt;&lt; "$rule_syscalls"
                then
                    file_to_edit=${audit_file}
                    rule_to_edit=${rule}
                    rule_syscalls_to_edit=${rule_syscalls}
                fi
            done
        done
    else
        # If there is any candidate rule, it is compliant; skip rest of macro
        if [ "${#candidate_rules[@]}" -gt 0 ]
        then
            skip=0
        fi
    fi

    if [ "$skip" -eq 0 ]; then
        break
    fi
done

if [ "$skip" -ne 0 ]; then
    # We checked all rules that matched the expected resemblance pattern (action, arch &amp; auid)
    # At this point we know if we need to either append the $full_rule or group
    # the syscall together with an exsiting rule

    # Append the full_rule if it cannot be grouped to any other rule
    if [ -z ${rule_to_edit+x} ]
    then
        # Build full_rule while avoid adding double spaces when other_filters is empty
        if [ "${#syscall_a[@]}" -gt 0 ]
        then
            syscall_string=""
            for syscall in "${syscall_a[@]}"
            do
                syscall_string+=" -S $syscall"
            done
        fi
        other_string=$([[ $OTHER_FILTERS ]] &amp;&amp; echo " $OTHER_FILTERS") || /bin/true
        auid_string=$([[ $AUID_FILTERS ]] &amp;&amp; echo " $AUID_FILTERS") || /bin/true
        full_rule="$ACTION_ARCH_FILTERS${syscall_string}${other_string}${auid_string} -F key=$KEY" || /bin/true
        echo "$full_rule" &gt;&gt; "$default_file"
        chmod 0600 ${default_file}
    else
        # Check if the syscalls are declared as a comma separated list or
        # as multiple -S parameters
        if grep -q -- "," &lt;&lt;&lt; "${rule_syscalls_to_edit}"
        then
            delimiter=","
        else
            delimiter=" -S "
        fi
        new_grouped_syscalls="${rule_syscalls_to_edit}"
        for syscall in "${syscall_a[@]}"
        do
            grep -q -- "\b${syscall}\b" &lt;&lt;&lt; "${rule_syscalls_to_edit}" || {
               # A syscall was not found in the candidate rule
               new_grouped_syscalls+="${delimiter}${syscall}"
               }
        done

        # Group the syscall in the rule
        sed -i -e "\#${rule_to_edit}#s#${rule_syscalls_to_edit}#${new_grouped_syscalls}#" "$file_to_edit"
    fi
fi
	unset syscall_a
unset syscall_grouping
unset syscall_string
unset syscall
unset file_to_edit
unset rule_to_edit
unset rule_syscalls_to_edit
unset other_string
unset auid_string
unset full_rule

# Load macro arguments into arrays
read -a syscall_a &lt;&lt;&lt; $SYSCALL
read -a syscall_grouping &lt;&lt;&lt; $SYSCALL_GROUPING

# Create a list of audit *.rules files that should be inspected for presence and correctness
# of a particular audit rule. The scheme is as follows:
#
# -----------------------------------------------------------------------------------------
#  Tool used to load audit rules | Rule already defined  |  Audit rules file to inspect    |
# -----------------------------------------------------------------------------------------
#        auditctl                |     Doesn't matter    |  /etc/audit/audit.rules         |
# -----------------------------------------------------------------------------------------
#        augenrules              |          Yes          |  /etc/audit/rules.d/*.rules     |
#        augenrules              |          No           |  /etc/audit/rules.d/$key.rules  |
# -----------------------------------------------------------------------------------------
#
files_to_inspect=()


# If audit tool is 'auditctl', then add '/etc/audit/audit.rules'
# file to the list of files to be inspected
default_file="/etc/audit/audit.rules"
files_to_inspect+=('/etc/audit/audit.rules' )

# After converting to jinja, we cannot return; therefore we skip the rest of the macro if needed instead
skip=1

for audit_file in "${files_to_inspect[@]}"
do
    # Filter existing $audit_file rules' definitions to select those that satisfy the rule pattern,
    # i.e, collect rules that match:
    # * the action, list and arch, (2-nd argument)
    # * the other filters, (3-rd argument)
    # * the auid filters, (4-rd argument)
    readarray -t similar_rules &lt; &lt;(sed -e "/^$ACTION_ARCH_FILTERS/!d"  -e "\#$OTHER_FILTERS#!d" -e "/$AUID_FILTERS/!d" "$audit_file")

    candidate_rules=()
    # Filter out rules that have more fields then required. This will remove rules more specific than the required scope
    for s_rule in "${similar_rules[@]}"
    do
        # Strip all the options and fields we know of,
        # than check if there was any field left over
        extra_fields=$(sed -E -e "s/^$ACTION_ARCH_FILTERS//"  -e "s#$OTHER_FILTERS##" -e "s/$AUID_FILTERS//" -e "s/((:?-S [[:alnum:],]+)+)//g" -e "s/-F key=\w+|-k \w+//"&lt;&lt;&lt; "$s_rule")
        grep -q -- "-F" &lt;&lt;&lt; "$extra_fields" || candidate_rules+=("$s_rule")
    done

    if [[ ${#syscall_a[@]} -ge 1 ]]
    then
        # Check if the syscall we want is present in any of the similar existing rules
        for rule in "${candidate_rules[@]}"
        do
            rule_syscalls=$(echo "$rule" | grep -o -P '(-S [\w,]+)+' | xargs)
            all_syscalls_found=0
            for syscall in "${syscall_a[@]}"
            do
                grep -q -- "\b${syscall}\b" &lt;&lt;&lt; "$rule_syscalls" || {
                   # A syscall was not found in the candidate rule
                   all_syscalls_found=1
                   }
            done
            if [[ $all_syscalls_found -eq 0 ]]
            then
                # We found a rule with all the syscall(s) we want; skip rest of macro
                skip=0
                break
            fi

            # Check if this rule can be grouped with our target syscall and keep track of it
            for syscall_g in "${syscall_grouping[@]}"
            do
                if grep -q -- "\b${syscall_g}\b" &lt;&lt;&lt; "$rule_syscalls"
                then
                    file_to_edit=${audit_file}
                    rule_to_edit=${rule}
                    rule_syscalls_to_edit=${rule_syscalls}
                fi
            done
        done
    else
        # If there is any candidate rule, it is compliant; skip rest of macro
        if [ "${#candidate_rules[@]}" -gt 0 ]
        then
            skip=0
        fi
    fi

    if [ "$skip" -eq 0 ]; then
        break
    fi
done

if [ "$skip" -ne 0 ]; then
    # We checked all rules that matched the expected resemblance pattern (action, arch &amp; auid)
    # At this point we know if we need to either append the $full_rule or group
    # the syscall together with an exsiting rule

    # Append the full_rule if it cannot be grouped to any other rule
    if [ -z ${rule_to_edit+x} ]
    then
        # Build full_rule while avoid adding double spaces when other_filters is empty
        if [ "${#syscall_a[@]}" -gt 0 ]
        then
            syscall_string=""
            for syscall in "${syscall_a[@]}"
            do
                syscall_string+=" -S $syscall"
            done
        fi
        other_string=$([[ $OTHER_FILTERS ]] &amp;&amp; echo " $OTHER_FILTERS") || /bin/true
        auid_string=$([[ $AUID_FILTERS ]] &amp;&amp; echo " $AUID_FILTERS") || /bin/true
        full_rule="$ACTION_ARCH_FILTERS${syscall_string}${other_string}${auid_string} -F key=$KEY" || /bin/true
        echo "$full_rule" &gt;&gt; "$default_file"
        chmod 0600 ${default_file}
    else
        # Check if the syscalls are declared as a comma separated list or
        # as multiple -S parameters
        if grep -q -- "," &lt;&lt;&lt; "${rule_syscalls_to_edit}"
        then
            delimiter=","
        else
            delimiter=" -S "
        fi
        new_grouped_syscalls="${rule_syscalls_to_edit}"
        for syscall in "${syscall_a[@]}"
        do
            grep -q -- "\b${syscall}\b" &lt;&lt;&lt; "${rule_syscalls_to_edit}" || {
               # A syscall was not found in the candidate rule
               new_grouped_syscalls+="${delimiter}${syscall}"
               }
        done

        # Group the syscall in the rule
        sed -i -e "\#${rule_to_edit}#s#${rule_syscalls_to_edit}#${new_grouped_syscalls}#" "$file_to_edit"
    fi
fi
done

for ARCH in "${RULE_ARCHS[@]}"
do
	ACTION_ARCH_FILTERS="-a always,exit -F arch=$ARCH"
	OTHER_FILTERS="-F exit=-EPERM"
	# Perform the remediation for both possible tools: 'auditctl' and 'augenrules'
	unset syscall_a
unset syscall_grouping
unset syscall_string
unset syscall
unset file_to_edit
unset rule_to_edit
unset rule_syscalls_to_edit
unset other_string
unset auid_string
unset full_rule

# Load macro arguments into arrays
read -a syscall_a &lt;&lt;&lt; $SYSCALL
read -a syscall_grouping &lt;&lt;&lt; $SYSCALL_GROUPING

# Create a list of audit *.rules files that should be inspected for presence and correctness
# of a particular audit rule. The scheme is as follows:
#
# -----------------------------------------------------------------------------------------
#  Tool used to load audit rules | Rule already defined  |  Audit rules file to inspect    |
# -----------------------------------------------------------------------------------------
#        auditctl                |     Doesn't matter    |  /etc/audit/audit.rules         |
# -----------------------------------------------------------------------------------------
#        augenrules              |          Yes          |  /etc/audit/rules.d/*.rules     |
#        augenrules              |          No           |  /etc/audit/rules.d/$key.rules  |
# -----------------------------------------------------------------------------------------
#
files_to_inspect=()

# If audit tool is 'augenrules', then check if the audit rule is defined
# If rule is defined, add '/etc/audit/rules.d/*.rules' to the list for inspection
# If rule isn't defined yet, add '/etc/audit/rules.d/$key.rules' to the list for inspection
default_file="/etc/audit/rules.d/$KEY.rules"
# As other_filters may include paths, lets use a different delimiter for it
# The "F" script expression tells sed to print the filenames where the expressions matched
readarray -t files_to_inspect &lt; &lt;(sed -s -n -e "/^$ACTION_ARCH_FILTERS/!d" -e "\#$OTHER_FILTERS#!d" -e "/$AUID_FILTERS/!d" -e "F" /etc/audit/rules.d/*.rules)
# Case when particular rule isn't defined in /etc/audit/rules.d/*.rules yet
if [ ${#files_to_inspect[@]} -eq "0" ]
then
    file_to_inspect="/etc/audit/rules.d/$KEY.rules"
    files_to_inspect=("$file_to_inspect")
    if [ ! -e "$file_to_inspect" ]
    then
        touch "$file_to_inspect"
        chmod 0600 "$file_to_inspect"
    fi
fi

# After converting to jinja, we cannot return; therefore we skip the rest of the macro if needed instead
skip=1

for audit_file in "${files_to_inspect[@]}"
do
    # Filter existing $audit_file rules' definitions to select those that satisfy the rule pattern,
    # i.e, collect rules that match:
    # * the action, list and arch, (2-nd argument)
    # * the other filters, (3-rd argument)
    # * the auid filters, (4-rd argument)
    readarray -t similar_rules &lt; &lt;(sed -e "/^$ACTION_ARCH_FILTERS/!d"  -e "\#$OTHER_FILTERS#!d" -e "/$AUID_FILTERS/!d" "$audit_file")

    candidate_rules=()
    # Filter out rules that have more fields then required. This will remove rules more specific than the required scope
    for s_rule in "${similar_rules[@]}"
    do
        # Strip all the options and fields we know of,
        # than check if there was any field left over
        extra_fields=$(sed -E -e "s/^$ACTION_ARCH_FILTERS//"  -e "s#$OTHER_FILTERS##" -e "s/$AUID_FILTERS//" -e "s/((:?-S [[:alnum:],]+)+)//g" -e "s/-F key=\w+|-k \w+//"&lt;&lt;&lt; "$s_rule")
        grep -q -- "-F" &lt;&lt;&lt; "$extra_fields" || candidate_rules+=("$s_rule")
    done

    if [[ ${#syscall_a[@]} -ge 1 ]]
    then
        # Check if the syscall we want is present in any of the similar existing rules
        for rule in "${candidate_rules[@]}"
        do
            rule_syscalls=$(echo "$rule" | grep -o -P '(-S [\w,]+)+' | xargs)
            all_syscalls_found=0
            for syscall in "${syscall_a[@]}"
            do
                grep -q -- "\b${syscall}\b" &lt;&lt;&lt; "$rule_syscalls" || {
                   # A syscall was not found in the candidate rule
                   all_syscalls_found=1
                   }
            done
            if [[ $all_syscalls_found -eq 0 ]]
            then
                # We found a rule with all the syscall(s) we want; skip rest of macro
                skip=0
                break
            fi

            # Check if this rule can be grouped with our target syscall and keep track of it
            for syscall_g in "${syscall_grouping[@]}"
            do
                if grep -q -- "\b${syscall_g}\b" &lt;&lt;&lt; "$rule_syscalls"
                then
                    file_to_edit=${audit_file}
                    rule_to_edit=${rule}
                    rule_syscalls_to_edit=${rule_syscalls}
                fi
            done
        done
    else
        # If there is any candidate rule, it is compliant; skip rest of macro
        if [ "${#candidate_rules[@]}" -gt 0 ]
        then
            skip=0
        fi
    fi

    if [ "$skip" -eq 0 ]; then
        break
    fi
done

if [ "$skip" -ne 0 ]; then
    # We checked all rules that matched the expected resemblance pattern (action, arch &amp; auid)
    # At this point we know if we need to either append the $full_rule or group
    # the syscall together with an exsiting rule

    # Append the full_rule if it cannot be grouped to any other rule
    if [ -z ${rule_to_edit+x} ]
    then
        # Build full_rule while avoid adding double spaces when other_filters is empty
        if [ "${#syscall_a[@]}" -gt 0 ]
        then
            syscall_string=""
            for syscall in "${syscall_a[@]}"
            do
                syscall_string+=" -S $syscall"
            done
        fi
        other_string=$([[ $OTHER_FILTERS ]] &amp;&amp; echo " $OTHER_FILTERS") || /bin/true
        auid_string=$([[ $AUID_FILTERS ]] &amp;&amp; echo " $AUID_FILTERS") || /bin/true
        full_rule="$ACTION_ARCH_FILTERS${syscall_string}${other_string}${auid_string} -F key=$KEY" || /bin/true
        echo "$full_rule" &gt;&gt; "$default_file"
        chmod 0600 ${default_file}
    else
        # Check if the syscalls are declared as a comma separated list or
        # as multiple -S parameters
        if grep -q -- "," &lt;&lt;&lt; "${rule_syscalls_to_edit}"
        then
            delimiter=","
        else
            delimiter=" -S "
        fi
        new_grouped_syscalls="${rule_syscalls_to_edit}"
        for syscall in "${syscall_a[@]}"
        do
            grep -q -- "\b${syscall}\b" &lt;&lt;&lt; "${rule_syscalls_to_edit}" || {
               # A syscall was not found in the candidate rule
               new_grouped_syscalls+="${delimiter}${syscall}"
               }
        done

        # Group the syscall in the rule
        sed -i -e "\#${rule_to_edit}#s#${rule_syscalls_to_edit}#${new_grouped_syscalls}#" "$file_to_edit"
    fi
fi
	unset syscall_a
unset syscall_grouping
unset syscall_string
unset syscall
unset file_to_edit
unset rule_to_edit
unset rule_syscalls_to_edit
unset other_string
unset auid_string
unset full_rule

# Load macro arguments into arrays
read -a syscall_a &lt;&lt;&lt; $SYSCALL
read -a syscall_grouping &lt;&lt;&lt; $SYSCALL_GROUPING

# Create a list of audit *.rules files that should be inspected for presence and correctness
# of a particular audit rule. The scheme is as follows:
#
# -----------------------------------------------------------------------------------------
#  Tool used to load audit rules | Rule already defined  |  Audit rules file to inspect    |
# -----------------------------------------------------------------------------------------
#        auditctl                |     Doesn't matter    |  /etc/audit/audit.rules         |
# -----------------------------------------------------------------------------------------
#        augenrules              |          Yes          |  /etc/audit/rules.d/*.rules     |
#        augenrules              |          No           |  /etc/audit/rules.d/$key.rules  |
# -----------------------------------------------------------------------------------------
#
files_to_inspect=()


# If audit tool is 'auditctl', then add '/etc/audit/audit.rules'
# file to the list of files to be inspected
default_file="/etc/audit/audit.rules"
files_to_inspect+=('/etc/audit/audit.rules' )

# After converting to jinja, we cannot return; therefore we skip the rest of the macro if needed instead
skip=1

for audit_file in "${files_to_inspect[@]}"
do
    # Filter existing $audit_file rules' definitions to select those that satisfy the rule pattern,
    # i.e, collect rules that match:
    # * the action, list and arch, (2-nd argument)
    # * the other filters, (3-rd argument)
    # * the auid filters, (4-rd argument)
    readarray -t similar_rules &lt; &lt;(sed -e "/^$ACTION_ARCH_FILTERS/!d"  -e "\#$OTHER_FILTERS#!d" -e "/$AUID_FILTERS/!d" "$audit_file")

    candidate_rules=()
    # Filter out rules that have more fields then required. This will remove rules more specific than the required scope
    for s_rule in "${similar_rules[@]}"
    do
        # Strip all the options and fields we know of,
        # than check if there was any field left over
        extra_fields=$(sed -E -e "s/^$ACTION_ARCH_FILTERS//"  -e "s#$OTHER_FILTERS##" -e "s/$AUID_FILTERS//" -e "s/((:?-S [[:alnum:],]+)+)//g" -e "s/-F key=\w+|-k \w+//"&lt;&lt;&lt; "$s_rule")
        grep -q -- "-F" &lt;&lt;&lt; "$extra_fields" || candidate_rules+=("$s_rule")
    done

    if [[ ${#syscall_a[@]} -ge 1 ]]
    then
        # Check if the syscall we want is present in any of the similar existing rules
        for rule in "${candidate_rules[@]}"
        do
            rule_syscalls=$(echo "$rule" | grep -o -P '(-S [\w,]+)+' | xargs)
            all_syscalls_found=0
            for syscall in "${syscall_a[@]}"
            do
                grep -q -- "\b${syscall}\b" &lt;&lt;&lt; "$rule_syscalls" || {
                   # A syscall was not found in the candidate rule
                   all_syscalls_found=1
                   }
            done
            if [[ $all_syscalls_found -eq 0 ]]
            then
                # We found a rule with all the syscall(s) we want; skip rest of macro
                skip=0
                break
            fi

            # Check if this rule can be grouped with our target syscall and keep track of it
            for syscall_g in "${syscall_grouping[@]}"
            do
                if grep -q -- "\b${syscall_g}\b" &lt;&lt;&lt; "$rule_syscalls"
                then
                    file_to_edit=${audit_file}
                    rule_to_edit=${rule}
                    rule_syscalls_to_edit=${rule_syscalls}
                fi
            done
        done
    else
        # If there is any candidate rule, it is compliant; skip rest of macro
        if [ "${#candidate_rules[@]}" -gt 0 ]
        then
            skip=0
        fi
    fi

    if [ "$skip" -eq 0 ]; then
        break
    fi
done

if [ "$skip" -ne 0 ]; then
    # We checked all rules that matched the expected resemblance pattern (action, arch &amp; auid)
    # At this point we know if we need to either append the $full_rule or group
    # the syscall together with an exsiting rule

    # Append the full_rule if it cannot be grouped to any other rule
    if [ -z ${rule_to_edit+x} ]
    then
        # Build full_rule while avoid adding double spaces when other_filters is empty
        if [ "${#syscall_a[@]}" -gt 0 ]
        then
            syscall_string=""
            for syscall in "${syscall_a[@]}"
            do
                syscall_string+=" -S $syscall"
            done
        fi
        other_string=$([[ $OTHER_FILTERS ]] &amp;&amp; echo " $OTHER_FILTERS") || /bin/true
        auid_string=$([[ $AUID_FILTERS ]] &amp;&amp; echo " $AUID_FILTERS") || /bin/true
        full_rule="$ACTION_ARCH_FILTERS${syscall_string}${other_string}${auid_string} -F key=$KEY" || /bin/true
        echo "$full_rule" &gt;&gt; "$default_file"
        chmod 0600 ${default_file}
    else
        # Check if the syscalls are declared as a comma separated list or
        # as multiple -S parameters
        if grep -q -- "," &lt;&lt;&lt; "${rule_syscalls_to_edit}"
        then
            delimiter=","
        else
            delimiter=" -S "
        fi
        new_grouped_syscalls="${rule_syscalls_to_edit}"
        for syscall in "${syscall_a[@]}"
        do
            grep -q -- "\b${syscall}\b" &lt;&lt;&lt; "${rule_syscalls_to_edit}" || {
               # A syscall was not found in the candidate rule
               new_grouped_syscalls+="${delimiter}${syscall}"
               }
        done

        # Group the syscall in the rule
        sed -i -e "\#${rule_to_edit}#s#${rule_syscalls_to_edit}#${new_grouped_syscalls}#" "$file_to_edit"
    fi
fi
done

else
    &gt;&amp;2 echo 'Remediation is not applicable, nothing was done'
fi
</fix>
          <check system="http://oval.mitre.org/XMLSchema/oval-definitions-5">
            <check-content-ref name="oval:ssg-audit_rules_unsuccessful_file_modification_ftruncate:def:1" href="ssg-ubuntu2404-oval.xml"/>
          </check>
          <check system="http://scap.nist.gov/schema/ocil/2">
            <check-content-ref name="ocil:ssg-audit_rules_unsuccessful_file_modification_ftruncate_ocil:questionnaire:1" href="ssg-ubuntu2404-ocil.xml"/>
          </check>
        </Rule>
        <Rule id="xccdf_org.ssgproject.content_rule_audit_rules_unsuccessful_file_modification_open" selected="false" role="full" severity="medium">
          <title xmlns:xhtml="http://www.w3.org/1999/xhtml" xml:lang="en-US">Record Unsuccessful Access Attempts to Files - open</title>
          <description xmlns:xhtml="http://www.w3.org/1999/xhtml" xml:lang="en-US">At a minimum, the audit system should collect unauthorized file
accesses for all users and root. If the <html:code xmlns:html="http://www.w3.org/1999/xhtml">auditd</html:code> daemon is configured
to use the <html:code xmlns:html="http://www.w3.org/1999/xhtml">augenrules</html:code> program to read audit rules during daemon
startup (the default), add the following lines to a file with suffix
<html:code xmlns:html="http://www.w3.org/1999/xhtml">.rules</html:code> in the directory <html:code xmlns:html="http://www.w3.org/1999/xhtml">/etc/audit/rules.d</html:code>:
<html:pre xmlns:html="http://www.w3.org/1999/xhtml">-a always,exit -F arch=b32 -S open -F exit=-EACCES -F auid&gt;=1000 -F auid!=unset -F key=access
-a always,exit -F arch=b32 -S open -F exit=-EPERM -F auid&gt;=1000 -F auid!=unset -F key=access</html:pre>

If the system is 64 bit then also add the following lines:
<html:pre xmlns:html="http://www.w3.org/1999/xhtml">
-a always,exit -F arch=b64 -S open -F exit=-EACCES -F auid&gt;=1000 -F auid!=unset -F key=access
-a always,exit -F arch=b64 -S open -F exit=-EPERM -F auid&gt;=1000 -F auid!=unset -F key=access</html:pre>

If the <html:code xmlns:html="http://www.w3.org/1999/xhtml">auditd</html:code> daemon is configured to use the <html:code xmlns:html="http://www.w3.org/1999/xhtml">auditctl</html:code>
utility to read audit rules during daemon startup, add the following lines to
<html:code xmlns:html="http://www.w3.org/1999/xhtml">/etc/audit/audit.rules</html:code> file:
<html:pre xmlns:html="http://www.w3.org/1999/xhtml">-a always,exit -F arch=b32 -S open -F exit=-EACCES -F auid&gt;=1000 -F auid!=unset -F key=access
-a always,exit -F arch=b32 -S open -F exit=-EPERM -F auid&gt;=1000 -F auid!=unset -F key=access</html:pre>

If the system is 64 bit then also add the following lines:
<html:pre xmlns:html="http://www.w3.org/1999/xhtml">
-a always,exit -F arch=b64 -S open -F exit=-EACCES -F auid&gt;=1000 -F auid!=unset -F key=access
-a always,exit -F arch=b64 -S open -F exit=-EPERM -F auid&gt;=1000 -F auid!=unset -F key=access</html:pre>
       </description>
          <warning xmlns:xhtml="http://www.w3.org/1999/xhtml" xml:lang="en-US" category="general">Note that these rules can be configured in a
number of ways while still achieving the desired effect. Here the system calls
have been placed independent of other system calls. Grouping these system
calls with others as identifying earlier in this guide is more efficient.</warning>
          <reference href="https://www.cisecurity.org/controls/">1</reference>
          <reference href="https://www.cisecurity.org/controls/">11</reference>
          <reference href="https://www.cisecurity.org/controls/">12</reference>
          <reference href="https://www.cisecurity.org/controls/">13</reference>
          <reference href="https://www.cisecurity.org/controls/">14</reference>
          <reference href="https://www.cisecurity.org/controls/">15</reference>
          <reference href="https://www.cisecurity.org/controls/">16</reference>
          <reference href="https://www.cisecurity.org/controls/">19</reference>
          <reference href="https://www.cisecurity.org/controls/">2</reference>
          <reference href="https://www.cisecurity.org/controls/">3</reference>
          <reference href="https://www.cisecurity.org/controls/">4</reference>
          <reference href="https://www.cisecurity.org/controls/">5</reference>
          <reference href="https://www.cisecurity.org/controls/">6</reference>
          <reference href="https://www.cisecurity.org/controls/">7</reference>
          <reference href="https://www.cisecurity.org/controls/">8</reference>
          <reference href="https://www.cisecurity.org/controls/">9</reference>
          <reference href="https://www.isaca.org/resources/cobit">APO10.01</reference>
          <reference href="https://www.isaca.org/resources/cobit">APO10.03</reference>
          <reference href="https://www.isaca.org/resources/cobit">APO10.04</reference>
          <reference href="https://www.isaca.org/resources/cobit">APO10.05</reference>
          <reference href="https://www.isaca.org/resources/cobit">APO11.04</reference>
          <reference href="https://www.isaca.org/resources/cobit">APO12.06</reference>
          <reference href="https://www.isaca.org/resources/cobit">APO13.01</reference>
          <reference href="https://www.isaca.org/resources/cobit">BAI03.05</reference>
          <reference href="https://www.isaca.org/resources/cobit">BAI08.02</reference>
          <reference href="https://www.isaca.org/resources/cobit">DSS01.03</reference>
          <reference href="https://www.isaca.org/resources/cobit">DSS01.04</reference>
          <reference href="https://www.isaca.org/resources/cobit">DSS02.02</reference>
          <reference href="https://www.isaca.org/resources/cobit">DSS02.04</reference>
          <reference href="https://www.isaca.org/resources/cobit">DSS02.07</reference>
          <reference href="https://www.isaca.org/resources/cobit">DSS03.01</reference>
          <reference href="https://www.isaca.org/resources/cobit">DSS03.05</reference>
          <reference href="https://www.isaca.org/resources/cobit">DSS05.02</reference>
          <reference href="https://www.isaca.org/resources/cobit">DSS05.03</reference>
          <reference href="https://www.isaca.org/resources/cobit">DSS05.04</reference>
          <reference href="https://www.isaca.org/resources/cobit">DSS05.05</reference>
          <reference href="https://www.isaca.org/resources/cobit">DSS05.07</reference>
          <reference href="https://www.isaca.org/resources/cobit">MEA01.01</reference>
          <reference href="https://www.isaca.org/resources/cobit">MEA01.02</reference>
          <reference href="https://www.isaca.org/resources/cobit">MEA01.03</reference>
          <reference href="https://www.isaca.org/resources/cobit">MEA01.04</reference>
          <reference href="https://www.isaca.org/resources/cobit">MEA01.05</reference>
          <reference href="https://www.isaca.org/resources/cobit">MEA02.01</reference>
          <reference href="http://nvlpubs.nist.gov/nistpubs/SpecialPublications/NIST.SP.800-171.pdf">3.1.7</reference>
          <reference href="https://public.cyber.mil/stigs/cci/">CCI-000172</reference>
          <reference href="https://public.cyber.mil/stigs/cci/">CCI-000130</reference>
          <reference href="https://public.cyber.mil/stigs/cci/">CCI-000135</reference>
          <reference href="https://public.cyber.mil/stigs/cci/">CCI-000169</reference>
          <reference href="https://public.cyber.mil/stigs/cci/">CCI-002884</reference>
          <reference href="https://www.gpo.gov/fdsys/pkg/CFR-2007-title45-vol1/pdf/CFR-2007-title45-vol1-chapA-subchapC.pdf">164.308(a)(1)(ii)(D)</reference>
          <reference href="https://www.gpo.gov/fdsys/pkg/CFR-2007-title45-vol1/pdf/CFR-2007-title45-vol1-chapA-subchapC.pdf">164.308(a)(3)(ii)(A)</reference>
          <reference href="https://www.gpo.gov/fdsys/pkg/CFR-2007-title45-vol1/pdf/CFR-2007-title45-vol1-chapA-subchapC.pdf">164.308(a)(5)(ii)(C)</reference>
          <reference href="https://www.gpo.gov/fdsys/pkg/CFR-2007-title45-vol1/pdf/CFR-2007-title45-vol1-chapA-subchapC.pdf">164.312(a)(2)(i)</reference>
          <reference href="https://www.gpo.gov/fdsys/pkg/CFR-2007-title45-vol1/pdf/CFR-2007-title45-vol1-chapA-subchapC.pdf">164.312(b)</reference>
          <reference href="https://www.gpo.gov/fdsys/pkg/CFR-2007-title45-vol1/pdf/CFR-2007-title45-vol1-chapA-subchapC.pdf">164.312(d)</reference>
          <reference href="https://www.gpo.gov/fdsys/pkg/CFR-2007-title45-vol1/pdf/CFR-2007-title45-vol1-chapA-subchapC.pdf">164.312(e)</reference>
          <reference href="https://www.isa.org/products/isa-62443-2-1-2009-security-for-industrial-automat">4.2.3.10</reference>
          <reference href="https://www.isa.org/products/isa-62443-2-1-2009-security-for-industrial-automat">4.3.2.6.7</reference>
          <reference href="https://www.isa.org/products/isa-62443-2-1-2009-security-for-industrial-automat">4.3.3.3.9</reference>
          <reference href="https://www.isa.org/products/isa-62443-2-1-2009-security-for-industrial-automat">4.3.3.5.8</reference>
          <reference href="https://www.isa.org/products/isa-62443-2-1-2009-security-for-industrial-automat">4.3.3.6.6</reference>
          <reference href="https://www.isa.org/products/isa-62443-2-1-2009-security-for-industrial-automat">4.3.4.4.7</reference>
          <reference href="https://www.isa.org/products/isa-62443-2-1-2009-security-for-industrial-automat">4.3.4.5.6</reference>
          <reference href="https://www.isa.org/products/isa-62443-2-1-2009-security-for-industrial-automat">4.3.4.5.7</reference>
          <reference href="https://www.isa.org/products/isa-62443-2-1-2009-security-for-industrial-automat">4.3.4.5.8</reference>
          <reference href="https://www.isa.org/products/isa-62443-2-1-2009-security-for-industrial-automat">4.4.2.1</reference>
          <reference href="https://www.isa.org/products/isa-62443-2-1-2009-security-for-industrial-automat">4.4.2.2</reference>
          <reference href="https://www.isa.org/products/isa-62443-2-1-2009-security-for-industrial-automat">4.4.2.4</reference>
          <reference href="https://www.isa.org/products/ansi-isa-62443-3-3-99-03-03-2013-security-for-indu">SR 1.13</reference>
          <reference href="https://www.isa.org/products/ansi-isa-62443-3-3-99-03-03-2013-security-for-indu">SR 2.10</reference>
          <reference href="https://www.isa.org/products/ansi-isa-62443-3-3-99-03-03-2013-security-for-indu">SR 2.11</reference>
          <reference href="https://www.isa.org/products/ansi-isa-62443-3-3-99-03-03-2013-security-for-indu">SR 2.12</reference>
          <reference href="https://www.isa.org/products/ansi-isa-62443-3-3-99-03-03-2013-security-for-indu">SR 2.6</reference>
          <reference href="https://www.isa.org/products/ansi-isa-62443-3-3-99-03-03-2013-security-for-indu">SR 2.8</reference>
          <reference href="https://www.isa.org/products/ansi-isa-62443-3-3-99-03-03-2013-security-for-indu">SR 2.9</reference>
          <reference href="https://www.isa.org/products/ansi-isa-62443-3-3-99-03-03-2013-security-for-indu">SR 3.1</reference>
          <reference href="https://www.isa.org/products/ansi-isa-62443-3-3-99-03-03-2013-security-for-indu">SR 3.5</reference>
          <reference href="https://www.isa.org/products/ansi-isa-62443-3-3-99-03-03-2013-security-for-indu">SR 3.8</reference>
          <reference href="https://www.isa.org/products/ansi-isa-62443-3-3-99-03-03-2013-security-for-indu">SR 4.1</reference>
          <reference href="https://www.isa.org/products/ansi-isa-62443-3-3-99-03-03-2013-security-for-indu">SR 4.3</reference>
          <reference href="https://www.isa.org/products/ansi-isa-62443-3-3-99-03-03-2013-security-for-indu">SR 5.1</reference>
          <reference href="https://www.isa.org/products/ansi-isa-62443-3-3-99-03-03-2013-security-for-indu">SR 5.2</reference>
          <reference href="https://www.isa.org/products/ansi-isa-62443-3-3-99-03-03-2013-security-for-indu">SR 5.3</reference>
          <reference href="https://www.isa.org/products/ansi-isa-62443-3-3-99-03-03-2013-security-for-indu">SR 6.1</reference>
          <reference href="https://www.isa.org/products/ansi-isa-62443-3-3-99-03-03-2013-security-for-indu">SR 6.2</reference>
          <reference href="https://www.isa.org/products/ansi-isa-62443-3-3-99-03-03-2013-security-for-indu">SR 7.1</reference>
          <reference href="https://www.isa.org/products/ansi-isa-62443-3-3-99-03-03-2013-security-for-indu">SR 7.6</reference>
          <reference href="https://www.iso.org/contents/data/standard/05/45/54534.html">A.11.2.6</reference>
          <reference href="https://www.iso.org/contents/data/standard/05/45/54534.html">A.12.4.1</reference>
          <reference href="https://www.iso.org/contents/data/standard/05/45/54534.html">A.12.4.2</reference>
          <reference href="https://www.iso.org/contents/data/standard/05/45/54534.html">A.12.4.3</reference>
          <reference href="https://www.iso.org/contents/data/standard/05/45/54534.html">A.12.4.4</reference>
          <reference href="https://www.iso.org/contents/data/standard/05/45/54534.html">A.12.7.1</reference>
          <reference href="https://www.iso.org/contents/data/standard/05/45/54534.html">A.13.1.1</reference>
          <reference href="https://www.iso.org/contents/data/standard/05/45/54534.html">A.13.2.1</reference>
          <reference href="https://www.iso.org/contents/data/standard/05/45/54534.html">A.14.1.3</reference>
          <reference href="https://www.iso.org/contents/data/standard/05/45/54534.html">A.14.2.7</reference>
          <reference href="https://www.iso.org/contents/data/standard/05/45/54534.html">A.15.2.1</reference>
          <reference href="https://www.iso.org/contents/data/standard/05/45/54534.html">A.15.2.2</reference>
          <reference href="https://www.iso.org/contents/data/standard/05/45/54534.html">A.16.1.4</reference>
          <reference href="https://www.iso.org/contents/data/standard/05/45/54534.html">A.16.1.5</reference>
          <reference href="https://www.iso.org/contents/data/standard/05/45/54534.html">A.16.1.7</reference>
          <reference href="https://www.iso.org/contents/data/standard/05/45/54534.html">A.6.2.1</reference>
          <reference href="https://www.iso.org/contents/data/standard/05/45/54534.html">A.6.2.2</reference>
          <reference href="http://nvlpubs.nist.gov/nistpubs/SpecialPublications/NIST.SP.800-53r4.pdf">AU-2(d)</reference>
          <reference href="http://nvlpubs.nist.gov/nistpubs/SpecialPublications/NIST.SP.800-53r4.pdf">AU-12(c)</reference>
          <reference href="http://nvlpubs.nist.gov/nistpubs/SpecialPublications/NIST.SP.800-53r4.pdf">CM-6(a)</reference>
          <reference href="https://nvlpubs.nist.gov/nistpubs/CSWP/NIST.CSWP.04162018.pdf">DE.AE-3</reference>
          <reference href="https://nvlpubs.nist.gov/nistpubs/CSWP/NIST.CSWP.04162018.pdf">DE.AE-5</reference>
          <reference href="https://nvlpubs.nist.gov/nistpubs/CSWP/NIST.CSWP.04162018.pdf">DE.CM-1</reference>
          <reference href="https://nvlpubs.nist.gov/nistpubs/CSWP/NIST.CSWP.04162018.pdf">DE.CM-3</reference>
          <reference href="https://nvlpubs.nist.gov/nistpubs/CSWP/NIST.CSWP.04162018.pdf">DE.CM-7</reference>
          <reference href="https://nvlpubs.nist.gov/nistpubs/CSWP/NIST.CSWP.04162018.pdf">ID.SC-4</reference>
          <reference href="https://nvlpubs.nist.gov/nistpubs/CSWP/NIST.CSWP.04162018.pdf">PR.AC-3</reference>
          <reference href="https://nvlpubs.nist.gov/nistpubs/CSWP/NIST.CSWP.04162018.pdf">PR.PT-1</reference>
          <reference href="https://nvlpubs.nist.gov/nistpubs/CSWP/NIST.CSWP.04162018.pdf">PR.PT-4</reference>
          <reference href="https://nvlpubs.nist.gov/nistpubs/CSWP/NIST.CSWP.04162018.pdf">RS.AN-1</reference>
          <reference href="https://nvlpubs.nist.gov/nistpubs/CSWP/NIST.CSWP.04162018.pdf">RS.AN-4</reference>
          <reference href="https://www.pcisecuritystandards.org/documents/PCI_DSS_v3-2-1.pdf">Req-10.2.4</reference>
          <reference href="https://www.pcisecuritystandards.org/documents/PCI_DSS_v3-2-1.pdf">Req-10.2.1</reference>
          <reference href="https://public.cyber.mil/stigs/downloads/?_dl_facet_stigs=operating-systems%2Cgeneral-purpose-os">SRG-OS-000037-GPOS-00015</reference>
          <reference href="https://public.cyber.mil/stigs/downloads/?_dl_facet_stigs=operating-systems%2Cgeneral-purpose-os">SRG-OS-000042-GPOS-00020</reference>
          <reference href="https://public.cyber.mil/stigs/downloads/?_dl_facet_stigs=operating-systems%2Cgeneral-purpose-os">SRG-OS-000062-GPOS-00031</reference>
          <reference href="https://public.cyber.mil/stigs/downloads/?_dl_facet_stigs=operating-systems%2Cgeneral-purpose-os">SRG-OS-000392-GPOS-00172</reference>
          <reference href="https://public.cyber.mil/stigs/downloads/?_dl_facet_stigs=operating-systems%2Cgeneral-purpose-os">SRG-OS-000462-GPOS-00206</reference>
          <reference href="https://public.cyber.mil/stigs/downloads/?_dl_facet_stigs=operating-systems%2Cgeneral-purpose-os">SRG-OS-000471-GPOS-00215</reference>
          <reference href="https://public.cyber.mil/stigs/downloads/?_dl_facet_stigs=operating-systems%2Cgeneral-purpose-os">SRG-OS-000064-GPOS-00033</reference>
          <reference href="https://public.cyber.mil/stigs/downloads/?_dl_facet_stigs=operating-systems%2Cgeneral-purpose-os">SRG-OS-000458-GPOS-00203</reference>
          <reference href="https://public.cyber.mil/stigs/downloads/?_dl_facet_stigs=operating-systems%2Cgeneral-purpose-os">SRG-OS-000461-GPOS-00205</reference>
          <reference href="https://public.cyber.mil/stigs/downloads/?_dl_facet_stigs=container-platform">SRG-APP-000495-CTR-001235</reference>
          <reference href="https://cyber.gouv.fr/sites/default/files/document/linux_configuration-en-v2.pdf">R73</reference>
          <reference href="https://www.cisecurity.org/benchmark/ubuntu_linux/">6.2.3.7</reference>
          <rationale xmlns:xhtml="http://www.w3.org/1999/xhtml" xml:lang="en-US">Unsuccessful attempts to access files could be an indicator of malicious activity on a system. Auditing
these events could serve as evidence of potential system compromise.</rationale>
          <platform idref="#not_aarch64_arch"/>
          <fix xmlns:xhtml="http://www.w3.org/1999/xhtml" id="audit_rules_unsuccessful_file_modification_open" system="urn:xccdf:fix:script:ansible" reboot="true" complexity="low" disruption="low" strategy="restrict">- name: Gather the package facts
  package_facts:
    manager: auto
  tags:
  - NIST-800-171-3.1.7
  - NIST-800-53-AU-12(c)
  - NIST-800-53-AU-2(d)
  - NIST-800-53-CM-6(a)
  - PCI-DSS-Req-10.2.1
  - PCI-DSS-Req-10.2.4
  - audit_rules_unsuccessful_file_modification_open
  - low_complexity
  - low_disruption
  - medium_severity
  - reboot_required
  - restrict_strategy

- name: Set architecture for audit open tasks
  set_fact:
    audit_arch: b64
  when:
  - '"auditd" in ansible_facts.packages'
  - '"linux-base" in ansible_facts.packages'
  - not ( ansible_architecture == "aarch64" )
  - ansible_architecture == "aarch64" or ansible_architecture == "ppc64" or ansible_architecture
    == "ppc64le" or ansible_architecture == "s390x" or ansible_architecture == "x86_64"
  tags:
  - NIST-800-171-3.1.7
  - NIST-800-53-AU-12(c)
  - NIST-800-53-AU-2(d)
  - NIST-800-53-CM-6(a)
  - PCI-DSS-Req-10.2.1
  - PCI-DSS-Req-10.2.4
  - audit_rules_unsuccessful_file_modification_open
  - low_complexity
  - low_disruption
  - medium_severity
  - reboot_required
  - restrict_strategy

- name: Perform remediation of Audit rules for open EACCES for 32bit platform
  block:

  - name: Declare list of syscalls
    set_fact:
      syscalls:
      - open
      syscall_grouping:
      - creat
      - ftruncate
      - truncate
      - open
      - openat
      - open_by_handle_at

  - name: Check existence of open in /etc/audit/rules.d/
    find:
      paths: /etc/audit/rules.d
      contains: -a always,exit -F arch=b32(( -S |,)\w+)*(( -S |,){{ item }})+(( -S
        |,)\w+)* -F exit=-EACCES -F auid&gt;=1000 -F auid!=unset (-k\s+|-F\s+key=)\S+\s*$
      patterns: '*.rules'
    register: find_command
    loop: '{{ (syscall_grouping + syscalls) | unique }}'

  - name: Reset syscalls found per file
    set_fact:
      syscalls_per_file: {}
      found_paths_dict: {}

  - name: Declare syscalls found per file
    set_fact: syscalls_per_file="{{ syscalls_per_file | combine( {item.files[0].path
      :[item.item] + syscalls_per_file.get(item.files[0].path, []) } ) }}"
    loop: '{{ find_command.results | selectattr(''matched'') | list }}'

  - name: Declare files where syscalls were found
    set_fact: found_paths="{{ find_command.results | map(attribute='files') | flatten
      | map(attribute='path') | list }}"

  - name: Count occurrences of syscalls in paths
    set_fact: found_paths_dict="{{ found_paths_dict | combine({ item:1+found_paths_dict.get(item,
      0) }) }}"
    loop: '{{ find_command.results | map(attribute=''files'') | flatten | map(attribute=''path'')
      | list }}'

  - name: Get path with most syscalls
    set_fact: audit_file="{{ (found_paths_dict | dict2items() | sort(attribute='value')
      | last).key }}"
    when: found_paths | length &gt;= 1

  - name: No file with syscall found, set path to /etc/audit/rules.d/access.rules
    set_fact: audit_file="/etc/audit/rules.d/access.rules"
    when: found_paths | length == 0

  - name: Declare found syscalls
    set_fact: syscalls_found="{{ find_command.results | selectattr('matched') | map(attribute='item')
      | list }}"

  - name: Declare missing syscalls
    set_fact: missing_syscalls="{{ syscalls | difference(syscalls_found) }}"

  - name: Replace the audit rule in {{ audit_file }}
    lineinfile:
      path: '{{ audit_file }}'
      regexp: (-a always,exit -F arch=b32)(?=.*(?:(?:-S |,)(?:{{ syscalls_per_file[audit_file]
        | join("|") }}))\b)((?:( -S |,)\w+)+)( -F exit=-EACCES -F auid&gt;=1000 -F auid!=unset
        (?:-k |-F key=)\w+)
      line: \1\2\3{{ missing_syscalls | join("\3") }}\4
      backrefs: true
      state: present
      mode: g-rwx,o-rwx
    when: syscalls_found | length &gt; 0 and missing_syscalls | length &gt; 0

  - name: Add the audit rule to {{ audit_file }}
    lineinfile:
      path: '{{ audit_file }}'
      line: -a always,exit -F arch=b32 -S {{ syscalls | join(',') }} -F exit=-EACCES
        -F auid&gt;=1000 -F auid!=unset -F key=access
      create: true
      mode: g-rwx,o-rwx
      state: present
    when: syscalls_found | length == 0

  - name: Declare list of syscalls
    set_fact:
      syscalls:
      - open
      syscall_grouping:
      - creat
      - ftruncate
      - truncate
      - open
      - openat
      - open_by_handle_at

  - name: Check existence of open in /etc/audit/audit.rules
    find:
      paths: /etc/audit
      contains: -a always,exit -F arch=b32(( -S |,)\w+)*(( -S |,){{ item }})+(( -S
        |,)\w+)* -F exit=-EACCES -F auid&gt;=1000 -F auid!=unset (-k\s+|-F\s+key=)\S+\s*$
      patterns: audit.rules
    register: find_command
    loop: '{{ (syscall_grouping + syscalls) | unique }}'

  - name: Set path to /etc/audit/audit.rules
    set_fact: audit_file="/etc/audit/audit.rules"

  - name: Declare found syscalls
    set_fact: syscalls_found="{{ find_command.results | selectattr('matched') | map(attribute='item')
      | list }}"

  - name: Declare missing syscalls
    set_fact: missing_syscalls="{{ syscalls | difference(syscalls_found) }}"

  - name: Replace the audit rule in {{ audit_file }}
    lineinfile:
      path: '{{ audit_file }}'
      regexp: (-a always,exit -F arch=b32)(?=.*(?:(?:-S |,)(?:{{ syscalls_found |
        join("|") }}))\b)((?:( -S |,)\w+)+)( -F exit=-EACCES -F auid&gt;=1000 -F auid!=unset
        (?:-k |-F key=)\w+)
      line: \1\2\3{{ missing_syscalls | join("\3") }}\4
      backrefs: true
      state: present
      mode: g-rwx,o-rwx
    when: syscalls_found | length &gt; 0 and missing_syscalls | length &gt; 0

  - name: Add the audit rule to {{ audit_file }}
    lineinfile:
      path: '{{ audit_file }}'
      line: -a always,exit -F arch=b32 -S {{ syscalls | join(',') }} -F exit=-EACCES
        -F auid&gt;=1000 -F auid!=unset -F key=access
      create: true
      mode: g-rwx,o-rwx
      state: present
    when: syscalls_found | length == 0
  when:
  - '"auditd" in ansible_facts.packages'
  - '"linux-base" in ansible_facts.packages'
  - not ( ansible_architecture == "aarch64" )
  tags:
  - NIST-800-171-3.1.7
  - NIST-800-53-AU-12(c)
  - NIST-800-53-AU-2(d)
  - NIST-800-53-CM-6(a)
  - PCI-DSS-Req-10.2.1
  - PCI-DSS-Req-10.2.4
  - audit_rules_unsuccessful_file_modification_open
  - low_complexity
  - low_disruption
  - medium_severity
  - reboot_required
  - restrict_strategy

- name: Perform remediation of Audit rules for open EACCES for 64bit platform
  block:

  - name: Declare list of syscalls
    set_fact:
      syscalls:
      - open
      syscall_grouping:
      - creat
      - ftruncate
      - truncate
      - open
      - openat
      - open_by_handle_at

  - name: Check existence of open in /etc/audit/rules.d/
    find:
      paths: /etc/audit/rules.d
      contains: -a always,exit -F arch=b64(( -S |,)\w+)*(( -S |,){{ item }})+(( -S
        |,)\w+)* -F exit=-EACCES -F auid&gt;=1000 -F auid!=unset (-k\s+|-F\s+key=)\S+\s*$
      patterns: '*.rules'
    register: find_command
    loop: '{{ (syscall_grouping + syscalls) | unique }}'

  - name: Reset syscalls found per file
    set_fact:
      syscalls_per_file: {}
      found_paths_dict: {}

  - name: Declare syscalls found per file
    set_fact: syscalls_per_file="{{ syscalls_per_file | combine( {item.files[0].path
      :[item.item] + syscalls_per_file.get(item.files[0].path, []) } ) }}"
    loop: '{{ find_command.results | selectattr(''matched'') | list }}'

  - name: Declare files where syscalls were found
    set_fact: found_paths="{{ find_command.results | map(attribute='files') | flatten
      | map(attribute='path') | list }}"

  - name: Count occurrences of syscalls in paths
    set_fact: found_paths_dict="{{ found_paths_dict | combine({ item:1+found_paths_dict.get(item,
      0) }) }}"
    loop: '{{ find_command.results | map(attribute=''files'') | flatten | map(attribute=''path'')
      | list }}'

  - name: Get path with most syscalls
    set_fact: audit_file="{{ (found_paths_dict | dict2items() | sort(attribute='value')
      | last).key }}"
    when: found_paths | length &gt;= 1

  - name: No file with syscall found, set path to /etc/audit/rules.d/access.rules
    set_fact: audit_file="/etc/audit/rules.d/access.rules"
    when: found_paths | length == 0

  - name: Declare found syscalls
    set_fact: syscalls_found="{{ find_command.results | selectattr('matched') | map(attribute='item')
      | list }}"

  - name: Declare missing syscalls
    set_fact: missing_syscalls="{{ syscalls | difference(syscalls_found) }}"

  - name: Replace the audit rule in {{ audit_file }}
    lineinfile:
      path: '{{ audit_file }}'
      regexp: (-a always,exit -F arch=b64)(?=.*(?:(?:-S |,)(?:{{ syscalls_per_file[audit_file]
        | join("|") }}))\b)((?:( -S |,)\w+)+)( -F exit=-EACCES -F auid&gt;=1000 -F auid!=unset
        (?:-k |-F key=)\w+)
      line: \1\2\3{{ missing_syscalls | join("\3") }}\4
      backrefs: true
      state: present
      mode: g-rwx,o-rwx
    when: syscalls_found | length &gt; 0 and missing_syscalls | length &gt; 0

  - name: Add the audit rule to {{ audit_file }}
    lineinfile:
      path: '{{ audit_file }}'
      line: -a always,exit -F arch=b64 -S {{ syscalls | join(',') }} -F exit=-EACCES
        -F auid&gt;=1000 -F auid!=unset -F key=access
      create: true
      mode: g-rwx,o-rwx
      state: present
    when: syscalls_found | length == 0

  - name: Declare list of syscalls
    set_fact:
      syscalls:
      - open
      syscall_grouping:
      - creat
      - ftruncate
      - truncate
      - open
      - openat
      - open_by_handle_at

  - name: Check existence of open in /etc/audit/audit.rules
    find:
      paths: /etc/audit
      contains: -a always,exit -F arch=b64(( -S |,)\w+)*(( -S |,){{ item }})+(( -S
        |,)\w+)* -F exit=-EACCES -F auid&gt;=1000 -F auid!=unset (-k\s+|-F\s+key=)\S+\s*$
      patterns: audit.rules
    register: find_command
    loop: '{{ (syscall_grouping + syscalls) | unique }}'

  - name: Set path to /etc/audit/audit.rules
    set_fact: audit_file="/etc/audit/audit.rules"

  - name: Declare found syscalls
    set_fact: syscalls_found="{{ find_command.results | selectattr('matched') | map(attribute='item')
      | list }}"

  - name: Declare missing syscalls
    set_fact: missing_syscalls="{{ syscalls | difference(syscalls_found) }}"

  - name: Replace the audit rule in {{ audit_file }}
    lineinfile:
      path: '{{ audit_file }}'
      regexp: (-a always,exit -F arch=b64)(?=.*(?:(?:-S |,)(?:{{ syscalls_found |
        join("|") }}))\b)((?:( -S |,)\w+)+)( -F exit=-EACCES -F auid&gt;=1000 -F auid!=unset
        (?:-k |-F key=)\w+)
      line: \1\2\3{{ missing_syscalls | join("\3") }}\4
      backrefs: true
      state: present
      mode: g-rwx,o-rwx
    when: syscalls_found | length &gt; 0 and missing_syscalls | length &gt; 0

  - name: Add the audit rule to {{ audit_file }}
    lineinfile:
      path: '{{ audit_file }}'
      line: -a always,exit -F arch=b64 -S {{ syscalls | join(',') }} -F exit=-EACCES
        -F auid&gt;=1000 -F auid!=unset -F key=access
      create: true
      mode: g-rwx,o-rwx
      state: present
    when: syscalls_found | length == 0
  when:
  - '"auditd" in ansible_facts.packages'
  - '"linux-base" in ansible_facts.packages'
  - not ( ansible_architecture == "aarch64" )
  - audit_arch == "b64"
  tags:
  - NIST-800-171-3.1.7
  - NIST-800-53-AU-12(c)
  - NIST-800-53-AU-2(d)
  - NIST-800-53-CM-6(a)
  - PCI-DSS-Req-10.2.1
  - PCI-DSS-Req-10.2.4
  - audit_rules_unsuccessful_file_modification_open
  - low_complexity
  - low_disruption
  - medium_severity
  - reboot_required
  - restrict_strategy

- name: Perform remediation of Audit rules for open EPERM for 32bit platform
  block:

  - name: Declare list of syscalls
    set_fact:
      syscalls:
      - open
      syscall_grouping:
      - creat
      - ftruncate
      - truncate
      - open
      - openat
      - open_by_handle_at

  - name: Check existence of open in /etc/audit/rules.d/
    find:
      paths: /etc/audit/rules.d
      contains: -a always,exit -F arch=b32(( -S |,)\w+)*(( -S |,){{ item }})+(( -S
        |,)\w+)* -F exit=-EPERM -F auid&gt;=1000 -F auid!=unset (-k\s+|-F\s+key=)\S+\s*$
      patterns: '*.rules'
    register: find_command
    loop: '{{ (syscall_grouping + syscalls) | unique }}'

  - name: Reset syscalls found per file
    set_fact:
      syscalls_per_file: {}
      found_paths_dict: {}

  - name: Declare syscalls found per file
    set_fact: syscalls_per_file="{{ syscalls_per_file | combine( {item.files[0].path
      :[item.item] + syscalls_per_file.get(item.files[0].path, []) } ) }}"
    loop: '{{ find_command.results | selectattr(''matched'') | list }}'

  - name: Declare files where syscalls were found
    set_fact: found_paths="{{ find_command.results | map(attribute='files') | flatten
      | map(attribute='path') | list }}"

  - name: Count occurrences of syscalls in paths
    set_fact: found_paths_dict="{{ found_paths_dict | combine({ item:1+found_paths_dict.get(item,
      0) }) }}"
    loop: '{{ find_command.results | map(attribute=''files'') | flatten | map(attribute=''path'')
      | list }}'

  - name: Get path with most syscalls
    set_fact: audit_file="{{ (found_paths_dict | dict2items() | sort(attribute='value')
      | last).key }}"
    when: found_paths | length &gt;= 1

  - name: No file with syscall found, set path to /etc/audit/rules.d/access.rules
    set_fact: audit_file="/etc/audit/rules.d/access.rules"
    when: found_paths | length == 0

  - name: Declare found syscalls
    set_fact: syscalls_found="{{ find_command.results | selectattr('matched') | map(attribute='item')
      | list }}"

  - name: Declare missing syscalls
    set_fact: missing_syscalls="{{ syscalls | difference(syscalls_found) }}"

  - name: Replace the audit rule in {{ audit_file }}
    lineinfile:
      path: '{{ audit_file }}'
      regexp: (-a always,exit -F arch=b32)(?=.*(?:(?:-S |,)(?:{{ syscalls_per_file[audit_file]
        | join("|") }}))\b)((?:( -S |,)\w+)+)( -F exit=-EPERM -F auid&gt;=1000 -F auid!=unset
        (?:-k |-F key=)\w+)
      line: \1\2\3{{ missing_syscalls | join("\3") }}\4
      backrefs: true
      state: present
      mode: g-rwx,o-rwx
    when: syscalls_found | length &gt; 0 and missing_syscalls | length &gt; 0

  - name: Add the audit rule to {{ audit_file }}
    lineinfile:
      path: '{{ audit_file }}'
      line: -a always,exit -F arch=b32 -S {{ syscalls | join(',') }} -F exit=-EPERM
        -F auid&gt;=1000 -F auid!=unset -F key=access
      create: true
      mode: g-rwx,o-rwx
      state: present
    when: syscalls_found | length == 0

  - name: Declare list of syscalls
    set_fact:
      syscalls:
      - open
      syscall_grouping:
      - creat
      - ftruncate
      - truncate
      - open
      - openat
      - open_by_handle_at

  - name: Check existence of open in /etc/audit/audit.rules
    find:
      paths: /etc/audit
      contains: -a always,exit -F arch=b32(( -S |,)\w+)*(( -S |,){{ item }})+(( -S
        |,)\w+)* -F exit=-EPERM -F auid&gt;=1000 -F auid!=unset (-k\s+|-F\s+key=)\S+\s*$
      patterns: audit.rules
    register: find_command
    loop: '{{ (syscall_grouping + syscalls) | unique }}'

  - name: Set path to /etc/audit/audit.rules
    set_fact: audit_file="/etc/audit/audit.rules"

  - name: Declare found syscalls
    set_fact: syscalls_found="{{ find_command.results | selectattr('matched') | map(attribute='item')
      | list }}"

  - name: Declare missing syscalls
    set_fact: missing_syscalls="{{ syscalls | difference(syscalls_found) }}"

  - name: Replace the audit rule in {{ audit_file }}
    lineinfile:
      path: '{{ audit_file }}'
      regexp: (-a always,exit -F arch=b32)(?=.*(?:(?:-S |,)(?:{{ syscalls_found |
        join("|") }}))\b)((?:( -S |,)\w+)+)( -F exit=-EPERM -F auid&gt;=1000 -F auid!=unset
        (?:-k |-F key=)\w+)
      line: \1\2\3{{ missing_syscalls | join("\3") }}\4
      backrefs: true
      state: present
      mode: g-rwx,o-rwx
    when: syscalls_found | length &gt; 0 and missing_syscalls | length &gt; 0

  - name: Add the audit rule to {{ audit_file }}
    lineinfile:
      path: '{{ audit_file }}'
      line: -a always,exit -F arch=b32 -S {{ syscalls | join(',') }} -F exit=-EPERM
        -F auid&gt;=1000 -F auid!=unset -F key=access
      create: true
      mode: g-rwx,o-rwx
      state: present
    when: syscalls_found | length == 0
  when:
  - '"auditd" in ansible_facts.packages'
  - '"linux-base" in ansible_facts.packages'
  - not ( ansible_architecture == "aarch64" )
  tags:
  - NIST-800-171-3.1.7
  - NIST-800-53-AU-12(c)
  - NIST-800-53-AU-2(d)
  - NIST-800-53-CM-6(a)
  - PCI-DSS-Req-10.2.1
  - PCI-DSS-Req-10.2.4
  - audit_rules_unsuccessful_file_modification_open
  - low_complexity
  - low_disruption
  - medium_severity
  - reboot_required
  - restrict_strategy

- name: Perform remediation of Audit rules for open EPERM for 64bit platform
  block:

  - name: Declare list of syscalls
    set_fact:
      syscalls:
      - open
      syscall_grouping:
      - creat
      - ftruncate
      - truncate
      - open
      - openat
      - open_by_handle_at

  - name: Check existence of open in /etc/audit/rules.d/
    find:
      paths: /etc/audit/rules.d
      contains: -a always,exit -F arch=b64(( -S |,)\w+)*(( -S |,){{ item }})+(( -S
        |,)\w+)* -F exit=-EPERM -F auid&gt;=1000 -F auid!=unset (-k\s+|-F\s+key=)\S+\s*$
      patterns: '*.rules'
    register: find_command
    loop: '{{ (syscall_grouping + syscalls) | unique }}'

  - name: Reset syscalls found per file
    set_fact:
      syscalls_per_file: {}
      found_paths_dict: {}

  - name: Declare syscalls found per file
    set_fact: syscalls_per_file="{{ syscalls_per_file | combine( {item.files[0].path
      :[item.item] + syscalls_per_file.get(item.files[0].path, []) } ) }}"
    loop: '{{ find_command.results | selectattr(''matched'') | list }}'

  - name: Declare files where syscalls were found
    set_fact: found_paths="{{ find_command.results | map(attribute='files') | flatten
      | map(attribute='path') | list }}"

  - name: Count occurrences of syscalls in paths
    set_fact: found_paths_dict="{{ found_paths_dict | combine({ item:1+found_paths_dict.get(item,
      0) }) }}"
    loop: '{{ find_command.results | map(attribute=''files'') | flatten | map(attribute=''path'')
      | list }}'

  - name: Get path with most syscalls
    set_fact: audit_file="{{ (found_paths_dict | dict2items() | sort(attribute='value')
      | last).key }}"
    when: found_paths | length &gt;= 1

  - name: No file with syscall found, set path to /etc/audit/rules.d/access.rules
    set_fact: audit_file="/etc/audit/rules.d/access.rules"
    when: found_paths | length == 0

  - name: Declare found syscalls
    set_fact: syscalls_found="{{ find_command.results | selectattr('matched') | map(attribute='item')
      | list }}"

  - name: Declare missing syscalls
    set_fact: missing_syscalls="{{ syscalls | difference(syscalls_found) }}"

  - name: Replace the audit rule in {{ audit_file }}
    lineinfile:
      path: '{{ audit_file }}'
      regexp: (-a always,exit -F arch=b64)(?=.*(?:(?:-S |,)(?:{{ syscalls_per_file[audit_file]
        | join("|") }}))\b)((?:( -S |,)\w+)+)( -F exit=-EPERM -F auid&gt;=1000 -F auid!=unset
        (?:-k |-F key=)\w+)
      line: \1\2\3{{ missing_syscalls | join("\3") }}\4
      backrefs: true
      state: present
      mode: g-rwx,o-rwx
    when: syscalls_found | length &gt; 0 and missing_syscalls | length &gt; 0

  - name: Add the audit rule to {{ audit_file }}
    lineinfile:
      path: '{{ audit_file }}'
      line: -a always,exit -F arch=b64 -S {{ syscalls | join(',') }} -F exit=-EPERM
        -F auid&gt;=1000 -F auid!=unset -F key=access
      create: true
      mode: g-rwx,o-rwx
      state: present
    when: syscalls_found | length == 0

  - name: Declare list of syscalls
    set_fact:
      syscalls:
      - open
      syscall_grouping:
      - creat
      - ftruncate
      - truncate
      - open
      - openat
      - open_by_handle_at

  - name: Check existence of open in /etc/audit/audit.rules
    find:
      paths: /etc/audit
      contains: -a always,exit -F arch=b64(( -S |,)\w+)*(( -S |,){{ item }})+(( -S
        |,)\w+)* -F exit=-EPERM -F auid&gt;=1000 -F auid!=unset (-k\s+|-F\s+key=)\S+\s*$
      patterns: audit.rules
    register: find_command
    loop: '{{ (syscall_grouping + syscalls) | unique }}'

  - name: Set path to /etc/audit/audit.rules
    set_fact: audit_file="/etc/audit/audit.rules"

  - name: Declare found syscalls
    set_fact: syscalls_found="{{ find_command.results | selectattr('matched') | map(attribute='item')
      | list }}"

  - name: Declare missing syscalls
    set_fact: missing_syscalls="{{ syscalls | difference(syscalls_found) }}"

  - name: Replace the audit rule in {{ audit_file }}
    lineinfile:
      path: '{{ audit_file }}'
      regexp: (-a always,exit -F arch=b64)(?=.*(?:(?:-S |,)(?:{{ syscalls_found |
        join("|") }}))\b)((?:( -S |,)\w+)+)( -F exit=-EPERM -F auid&gt;=1000 -F auid!=unset
        (?:-k |-F key=)\w+)
      line: \1\2\3{{ missing_syscalls | join("\3") }}\4
      backrefs: true
      state: present
      mode: g-rwx,o-rwx
    when: syscalls_found | length &gt; 0 and missing_syscalls | length &gt; 0

  - name: Add the audit rule to {{ audit_file }}
    lineinfile:
      path: '{{ audit_file }}'
      line: -a always,exit -F arch=b64 -S {{ syscalls | join(',') }} -F exit=-EPERM
        -F auid&gt;=1000 -F auid!=unset -F key=access
      create: true
      mode: g-rwx,o-rwx
      state: present
    when: syscalls_found | length == 0
  when:
  - '"auditd" in ansible_facts.packages'
  - '"linux-base" in ansible_facts.packages'
  - not ( ansible_architecture == "aarch64" )
  - audit_arch == "b64"
  tags:
  - NIST-800-171-3.1.7
  - NIST-800-53-AU-12(c)
  - NIST-800-53-AU-2(d)
  - NIST-800-53-CM-6(a)
  - PCI-DSS-Req-10.2.1
  - PCI-DSS-Req-10.2.4
  - audit_rules_unsuccessful_file_modification_open
  - low_complexity
  - low_disruption
  - medium_severity
  - reboot_required
  - restrict_strategy
</fix>
          <fix xmlns:xhtml="http://www.w3.org/1999/xhtml" id="audit_rules_unsuccessful_file_modification_open" system="urn:xccdf:fix:script:sh"># Remediation is applicable only in certain platforms
if dpkg-query --show --showformat='${db:Status-Status}
' 'linux-base' 2&gt;/dev/null | grep -q ^installed &amp;&amp; dpkg-query --show --showformat='${db:Status-Status}\n' 'auditd' 2&gt;/dev/null | grep -q '^installed' &amp;&amp; { ! ( ( grep -sqE "^.*\.aarch64$" /proc/sys/kernel/osrelease || grep -sqE "^aarch64$" /proc/sys/kernel/arch; ) ); }; then

# First perform the remediation of the syscall rule
# Retrieve hardware architecture of the underlying system
[ "$(getconf LONG_BIT)" = "32" ] &amp;&amp; RULE_ARCHS=("b32") || RULE_ARCHS=("b32" "b64")

AUID_FILTERS="-F auid&gt;=1000 -F auid!=unset"
SYSCALL="open"
KEY="access"
SYSCALL_GROUPING="creat ftruncate truncate open openat open_by_handle_at"

for ARCH in "${RULE_ARCHS[@]}"
do
	ACTION_ARCH_FILTERS="-a always,exit -F arch=$ARCH"
	OTHER_FILTERS="-F exit=-EACCES"
	# Perform the remediation for both possible tools: 'auditctl' and 'augenrules'
	unset syscall_a
unset syscall_grouping
unset syscall_string
unset syscall
unset file_to_edit
unset rule_to_edit
unset rule_syscalls_to_edit
unset other_string
unset auid_string
unset full_rule

# Load macro arguments into arrays
read -a syscall_a &lt;&lt;&lt; $SYSCALL
read -a syscall_grouping &lt;&lt;&lt; $SYSCALL_GROUPING

# Create a list of audit *.rules files that should be inspected for presence and correctness
# of a particular audit rule. The scheme is as follows:
#
# -----------------------------------------------------------------------------------------
#  Tool used to load audit rules | Rule already defined  |  Audit rules file to inspect    |
# -----------------------------------------------------------------------------------------
#        auditctl                |     Doesn't matter    |  /etc/audit/audit.rules         |
# -----------------------------------------------------------------------------------------
#        augenrules              |          Yes          |  /etc/audit/rules.d/*.rules     |
#        augenrules              |          No           |  /etc/audit/rules.d/$key.rules  |
# -----------------------------------------------------------------------------------------
#
files_to_inspect=()

# If audit tool is 'augenrules', then check if the audit rule is defined
# If rule is defined, add '/etc/audit/rules.d/*.rules' to the list for inspection
# If rule isn't defined yet, add '/etc/audit/rules.d/$key.rules' to the list for inspection
default_file="/etc/audit/rules.d/$KEY.rules"
# As other_filters may include paths, lets use a different delimiter for it
# The "F" script expression tells sed to print the filenames where the expressions matched
readarray -t files_to_inspect &lt; &lt;(sed -s -n -e "/^$ACTION_ARCH_FILTERS/!d" -e "\#$OTHER_FILTERS#!d" -e "/$AUID_FILTERS/!d" -e "F" /etc/audit/rules.d/*.rules)
# Case when particular rule isn't defined in /etc/audit/rules.d/*.rules yet
if [ ${#files_to_inspect[@]} -eq "0" ]
then
    file_to_inspect="/etc/audit/rules.d/$KEY.rules"
    files_to_inspect=("$file_to_inspect")
    if [ ! -e "$file_to_inspect" ]
    then
        touch "$file_to_inspect"
        chmod 0600 "$file_to_inspect"
    fi
fi

# After converting to jinja, we cannot return; therefore we skip the rest of the macro if needed instead
skip=1

for audit_file in "${files_to_inspect[@]}"
do
    # Filter existing $audit_file rules' definitions to select those that satisfy the rule pattern,
    # i.e, collect rules that match:
    # * the action, list and arch, (2-nd argument)
    # * the other filters, (3-rd argument)
    # * the auid filters, (4-rd argument)
    readarray -t similar_rules &lt; &lt;(sed -e "/^$ACTION_ARCH_FILTERS/!d"  -e "\#$OTHER_FILTERS#!d" -e "/$AUID_FILTERS/!d" "$audit_file")

    candidate_rules=()
    # Filter out rules that have more fields then required. This will remove rules more specific than the required scope
    for s_rule in "${similar_rules[@]}"
    do
        # Strip all the options and fields we know of,
        # than check if there was any field left over
        extra_fields=$(sed -E -e "s/^$ACTION_ARCH_FILTERS//"  -e "s#$OTHER_FILTERS##" -e "s/$AUID_FILTERS//" -e "s/((:?-S [[:alnum:],]+)+)//g" -e "s/-F key=\w+|-k \w+//"&lt;&lt;&lt; "$s_rule")
        grep -q -- "-F" &lt;&lt;&lt; "$extra_fields" || candidate_rules+=("$s_rule")
    done

    if [[ ${#syscall_a[@]} -ge 1 ]]
    then
        # Check if the syscall we want is present in any of the similar existing rules
        for rule in "${candidate_rules[@]}"
        do
            rule_syscalls=$(echo "$rule" | grep -o -P '(-S [\w,]+)+' | xargs)
            all_syscalls_found=0
            for syscall in "${syscall_a[@]}"
            do
                grep -q -- "\b${syscall}\b" &lt;&lt;&lt; "$rule_syscalls" || {
                   # A syscall was not found in the candidate rule
                   all_syscalls_found=1
                   }
            done
            if [[ $all_syscalls_found -eq 0 ]]
            then
                # We found a rule with all the syscall(s) we want; skip rest of macro
                skip=0
                break
            fi

            # Check if this rule can be grouped with our target syscall and keep track of it
            for syscall_g in "${syscall_grouping[@]}"
            do
                if grep -q -- "\b${syscall_g}\b" &lt;&lt;&lt; "$rule_syscalls"
                then
                    file_to_edit=${audit_file}
                    rule_to_edit=${rule}
                    rule_syscalls_to_edit=${rule_syscalls}
                fi
            done
        done
    else
        # If there is any candidate rule, it is compliant; skip rest of macro
        if [ "${#candidate_rules[@]}" -gt 0 ]
        then
            skip=0
        fi
    fi

    if [ "$skip" -eq 0 ]; then
        break
    fi
done

if [ "$skip" -ne 0 ]; then
    # We checked all rules that matched the expected resemblance pattern (action, arch &amp; auid)
    # At this point we know if we need to either append the $full_rule or group
    # the syscall together with an exsiting rule

    # Append the full_rule if it cannot be grouped to any other rule
    if [ -z ${rule_to_edit+x} ]
    then
        # Build full_rule while avoid adding double spaces when other_filters is empty
        if [ "${#syscall_a[@]}" -gt 0 ]
        then
            syscall_string=""
            for syscall in "${syscall_a[@]}"
            do
                syscall_string+=" -S $syscall"
            done
        fi
        other_string=$([[ $OTHER_FILTERS ]] &amp;&amp; echo " $OTHER_FILTERS") || /bin/true
        auid_string=$([[ $AUID_FILTERS ]] &amp;&amp; echo " $AUID_FILTERS") || /bin/true
        full_rule="$ACTION_ARCH_FILTERS${syscall_string}${other_string}${auid_string} -F key=$KEY" || /bin/true
        echo "$full_rule" &gt;&gt; "$default_file"
        chmod 0600 ${default_file}
    else
        # Check if the syscalls are declared as a comma separated list or
        # as multiple -S parameters
        if grep -q -- "," &lt;&lt;&lt; "${rule_syscalls_to_edit}"
        then
            delimiter=","
        else
            delimiter=" -S "
        fi
        new_grouped_syscalls="${rule_syscalls_to_edit}"
        for syscall in "${syscall_a[@]}"
        do
            grep -q -- "\b${syscall}\b" &lt;&lt;&lt; "${rule_syscalls_to_edit}" || {
               # A syscall was not found in the candidate rule
               new_grouped_syscalls+="${delimiter}${syscall}"
               }
        done

        # Group the syscall in the rule
        sed -i -e "\#${rule_to_edit}#s#${rule_syscalls_to_edit}#${new_grouped_syscalls}#" "$file_to_edit"
    fi
fi
	unset syscall_a
unset syscall_grouping
unset syscall_string
unset syscall
unset file_to_edit
unset rule_to_edit
unset rule_syscalls_to_edit
unset other_string
unset auid_string
unset full_rule

# Load macro arguments into arrays
read -a syscall_a &lt;&lt;&lt; $SYSCALL
read -a syscall_grouping &lt;&lt;&lt; $SYSCALL_GROUPING

# Create a list of audit *.rules files that should be inspected for presence and correctness
# of a particular audit rule. The scheme is as follows:
#
# -----------------------------------------------------------------------------------------
#  Tool used to load audit rules | Rule already defined  |  Audit rules file to inspect    |
# -----------------------------------------------------------------------------------------
#        auditctl                |     Doesn't matter    |  /etc/audit/audit.rules         |
# -----------------------------------------------------------------------------------------
#        augenrules              |          Yes          |  /etc/audit/rules.d/*.rules     |
#        augenrules              |          No           |  /etc/audit/rules.d/$key.rules  |
# -----------------------------------------------------------------------------------------
#
files_to_inspect=()


# If audit tool is 'auditctl', then add '/etc/audit/audit.rules'
# file to the list of files to be inspected
default_file="/etc/audit/audit.rules"
files_to_inspect+=('/etc/audit/audit.rules' )

# After converting to jinja, we cannot return; therefore we skip the rest of the macro if needed instead
skip=1

for audit_file in "${files_to_inspect[@]}"
do
    # Filter existing $audit_file rules' definitions to select those that satisfy the rule pattern,
    # i.e, collect rules that match:
    # * the action, list and arch, (2-nd argument)
    # * the other filters, (3-rd argument)
    # * the auid filters, (4-rd argument)
    readarray -t similar_rules &lt; &lt;(sed -e "/^$ACTION_ARCH_FILTERS/!d"  -e "\#$OTHER_FILTERS#!d" -e "/$AUID_FILTERS/!d" "$audit_file")

    candidate_rules=()
    # Filter out rules that have more fields then required. This will remove rules more specific than the required scope
    for s_rule in "${similar_rules[@]}"
    do
        # Strip all the options and fields we know of,
        # than check if there was any field left over
        extra_fields=$(sed -E -e "s/^$ACTION_ARCH_FILTERS//"  -e "s#$OTHER_FILTERS##" -e "s/$AUID_FILTERS//" -e "s/((:?-S [[:alnum:],]+)+)//g" -e "s/-F key=\w+|-k \w+//"&lt;&lt;&lt; "$s_rule")
        grep -q -- "-F" &lt;&lt;&lt; "$extra_fields" || candidate_rules+=("$s_rule")
    done

    if [[ ${#syscall_a[@]} -ge 1 ]]
    then
        # Check if the syscall we want is present in any of the similar existing rules
        for rule in "${candidate_rules[@]}"
        do
            rule_syscalls=$(echo "$rule" | grep -o -P '(-S [\w,]+)+' | xargs)
            all_syscalls_found=0
            for syscall in "${syscall_a[@]}"
            do
                grep -q -- "\b${syscall}\b" &lt;&lt;&lt; "$rule_syscalls" || {
                   # A syscall was not found in the candidate rule
                   all_syscalls_found=1
                   }
            done
            if [[ $all_syscalls_found -eq 0 ]]
            then
                # We found a rule with all the syscall(s) we want; skip rest of macro
                skip=0
                break
            fi

            # Check if this rule can be grouped with our target syscall and keep track of it
            for syscall_g in "${syscall_grouping[@]}"
            do
                if grep -q -- "\b${syscall_g}\b" &lt;&lt;&lt; "$rule_syscalls"
                then
                    file_to_edit=${audit_file}
                    rule_to_edit=${rule}
                    rule_syscalls_to_edit=${rule_syscalls}
                fi
            done
        done
    else
        # If there is any candidate rule, it is compliant; skip rest of macro
        if [ "${#candidate_rules[@]}" -gt 0 ]
        then
            skip=0
        fi
    fi

    if [ "$skip" -eq 0 ]; then
        break
    fi
done

if [ "$skip" -ne 0 ]; then
    # We checked all rules that matched the expected resemblance pattern (action, arch &amp; auid)
    # At this point we know if we need to either append the $full_rule or group
    # the syscall together with an exsiting rule

    # Append the full_rule if it cannot be grouped to any other rule
    if [ -z ${rule_to_edit+x} ]
    then
        # Build full_rule while avoid adding double spaces when other_filters is empty
        if [ "${#syscall_a[@]}" -gt 0 ]
        then
            syscall_string=""
            for syscall in "${syscall_a[@]}"
            do
                syscall_string+=" -S $syscall"
            done
        fi
        other_string=$([[ $OTHER_FILTERS ]] &amp;&amp; echo " $OTHER_FILTERS") || /bin/true
        auid_string=$([[ $AUID_FILTERS ]] &amp;&amp; echo " $AUID_FILTERS") || /bin/true
        full_rule="$ACTION_ARCH_FILTERS${syscall_string}${other_string}${auid_string} -F key=$KEY" || /bin/true
        echo "$full_rule" &gt;&gt; "$default_file"
        chmod 0600 ${default_file}
    else
        # Check if the syscalls are declared as a comma separated list or
        # as multiple -S parameters
        if grep -q -- "," &lt;&lt;&lt; "${rule_syscalls_to_edit}"
        then
            delimiter=","
        else
            delimiter=" -S "
        fi
        new_grouped_syscalls="${rule_syscalls_to_edit}"
        for syscall in "${syscall_a[@]}"
        do
            grep -q -- "\b${syscall}\b" &lt;&lt;&lt; "${rule_syscalls_to_edit}" || {
               # A syscall was not found in the candidate rule
               new_grouped_syscalls+="${delimiter}${syscall}"
               }
        done

        # Group the syscall in the rule
        sed -i -e "\#${rule_to_edit}#s#${rule_syscalls_to_edit}#${new_grouped_syscalls}#" "$file_to_edit"
    fi
fi
done

for ARCH in "${RULE_ARCHS[@]}"
do
	ACTION_ARCH_FILTERS="-a always,exit -F arch=$ARCH"
	OTHER_FILTERS="-F exit=-EPERM"
	# Perform the remediation for both possible tools: 'auditctl' and 'augenrules'
	unset syscall_a
unset syscall_grouping
unset syscall_string
unset syscall
unset file_to_edit
unset rule_to_edit
unset rule_syscalls_to_edit
unset other_string
unset auid_string
unset full_rule

# Load macro arguments into arrays
read -a syscall_a &lt;&lt;&lt; $SYSCALL
read -a syscall_grouping &lt;&lt;&lt; $SYSCALL_GROUPING

# Create a list of audit *.rules files that should be inspected for presence and correctness
# of a particular audit rule. The scheme is as follows:
#
# -----------------------------------------------------------------------------------------
#  Tool used to load audit rules | Rule already defined  |  Audit rules file to inspect    |
# -----------------------------------------------------------------------------------------
#        auditctl                |     Doesn't matter    |  /etc/audit/audit.rules         |
# -----------------------------------------------------------------------------------------
#        augenrules              |          Yes          |  /etc/audit/rules.d/*.rules     |
#        augenrules              |          No           |  /etc/audit/rules.d/$key.rules  |
# -----------------------------------------------------------------------------------------
#
files_to_inspect=()

# If audit tool is 'augenrules', then check if the audit rule is defined
# If rule is defined, add '/etc/audit/rules.d/*.rules' to the list for inspection
# If rule isn't defined yet, add '/etc/audit/rules.d/$key.rules' to the list for inspection
default_file="/etc/audit/rules.d/$KEY.rules"
# As other_filters may include paths, lets use a different delimiter for it
# The "F" script expression tells sed to print the filenames where the expressions matched
readarray -t files_to_inspect &lt; &lt;(sed -s -n -e "/^$ACTION_ARCH_FILTERS/!d" -e "\#$OTHER_FILTERS#!d" -e "/$AUID_FILTERS/!d" -e "F" /etc/audit/rules.d/*.rules)
# Case when particular rule isn't defined in /etc/audit/rules.d/*.rules yet
if [ ${#files_to_inspect[@]} -eq "0" ]
then
    file_to_inspect="/etc/audit/rules.d/$KEY.rules"
    files_to_inspect=("$file_to_inspect")
    if [ ! -e "$file_to_inspect" ]
    then
        touch "$file_to_inspect"
        chmod 0600 "$file_to_inspect"
    fi
fi

# After converting to jinja, we cannot return; therefore we skip the rest of the macro if needed instead
skip=1

for audit_file in "${files_to_inspect[@]}"
do
    # Filter existing $audit_file rules' definitions to select those that satisfy the rule pattern,
    # i.e, collect rules that match:
    # * the action, list and arch, (2-nd argument)
    # * the other filters, (3-rd argument)
    # * the auid filters, (4-rd argument)
    readarray -t similar_rules &lt; &lt;(sed -e "/^$ACTION_ARCH_FILTERS/!d"  -e "\#$OTHER_FILTERS#!d" -e "/$AUID_FILTERS/!d" "$audit_file")

    candidate_rules=()
    # Filter out rules that have more fields then required. This will remove rules more specific than the required scope
    for s_rule in "${similar_rules[@]}"
    do
        # Strip all the options and fields we know of,
        # than check if there was any field left over
        extra_fields=$(sed -E -e "s/^$ACTION_ARCH_FILTERS//"  -e "s#$OTHER_FILTERS##" -e "s/$AUID_FILTERS//" -e "s/((:?-S [[:alnum:],]+)+)//g" -e "s/-F key=\w+|-k \w+//"&lt;&lt;&lt; "$s_rule")
        grep -q -- "-F" &lt;&lt;&lt; "$extra_fields" || candidate_rules+=("$s_rule")
    done

    if [[ ${#syscall_a[@]} -ge 1 ]]
    then
        # Check if the syscall we want is present in any of the similar existing rules
        for rule in "${candidate_rules[@]}"
        do
            rule_syscalls=$(echo "$rule" | grep -o -P '(-S [\w,]+)+' | xargs)
            all_syscalls_found=0
            for syscall in "${syscall_a[@]}"
            do
                grep -q -- "\b${syscall}\b" &lt;&lt;&lt; "$rule_syscalls" || {
                   # A syscall was not found in the candidate rule
                   all_syscalls_found=1
                   }
            done
            if [[ $all_syscalls_found -eq 0 ]]
            then
                # We found a rule with all the syscall(s) we want; skip rest of macro
                skip=0
                break
            fi

            # Check if this rule can be grouped with our target syscall and keep track of it
            for syscall_g in "${syscall_grouping[@]}"
            do
                if grep -q -- "\b${syscall_g}\b" &lt;&lt;&lt; "$rule_syscalls"
                then
                    file_to_edit=${audit_file}
                    rule_to_edit=${rule}
                    rule_syscalls_to_edit=${rule_syscalls}
                fi
            done
        done
    else
        # If there is any candidate rule, it is compliant; skip rest of macro
        if [ "${#candidate_rules[@]}" -gt 0 ]
        then
            skip=0
        fi
    fi

    if [ "$skip" -eq 0 ]; then
        break
    fi
done

if [ "$skip" -ne 0 ]; then
    # We checked all rules that matched the expected resemblance pattern (action, arch &amp; auid)
    # At this point we know if we need to either append the $full_rule or group
    # the syscall together with an exsiting rule

    # Append the full_rule if it cannot be grouped to any other rule
    if [ -z ${rule_to_edit+x} ]
    then
        # Build full_rule while avoid adding double spaces when other_filters is empty
        if [ "${#syscall_a[@]}" -gt 0 ]
        then
            syscall_string=""
            for syscall in "${syscall_a[@]}"
            do
                syscall_string+=" -S $syscall"
            done
        fi
        other_string=$([[ $OTHER_FILTERS ]] &amp;&amp; echo " $OTHER_FILTERS") || /bin/true
        auid_string=$([[ $AUID_FILTERS ]] &amp;&amp; echo " $AUID_FILTERS") || /bin/true
        full_rule="$ACTION_ARCH_FILTERS${syscall_string}${other_string}${auid_string} -F key=$KEY" || /bin/true
        echo "$full_rule" &gt;&gt; "$default_file"
        chmod 0600 ${default_file}
    else
        # Check if the syscalls are declared as a comma separated list or
        # as multiple -S parameters
        if grep -q -- "," &lt;&lt;&lt; "${rule_syscalls_to_edit}"
        then
            delimiter=","
        else
            delimiter=" -S "
        fi
        new_grouped_syscalls="${rule_syscalls_to_edit}"
        for syscall in "${syscall_a[@]}"
        do
            grep -q -- "\b${syscall}\b" &lt;&lt;&lt; "${rule_syscalls_to_edit}" || {
               # A syscall was not found in the candidate rule
               new_grouped_syscalls+="${delimiter}${syscall}"
               }
        done

        # Group the syscall in the rule
        sed -i -e "\#${rule_to_edit}#s#${rule_syscalls_to_edit}#${new_grouped_syscalls}#" "$file_to_edit"
    fi
fi
	unset syscall_a
unset syscall_grouping
unset syscall_string
unset syscall
unset file_to_edit
unset rule_to_edit
unset rule_syscalls_to_edit
unset other_string
unset auid_string
unset full_rule

# Load macro arguments into arrays
read -a syscall_a &lt;&lt;&lt; $SYSCALL
read -a syscall_grouping &lt;&lt;&lt; $SYSCALL_GROUPING

# Create a list of audit *.rules files that should be inspected for presence and correctness
# of a particular audit rule. The scheme is as follows:
#
# -----------------------------------------------------------------------------------------
#  Tool used to load audit rules | Rule already defined  |  Audit rules file to inspect    |
# -----------------------------------------------------------------------------------------
#        auditctl                |     Doesn't matter    |  /etc/audit/audit.rules         |
# -----------------------------------------------------------------------------------------
#        augenrules              |          Yes          |  /etc/audit/rules.d/*.rules     |
#        augenrules              |          No           |  /etc/audit/rules.d/$key.rules  |
# -----------------------------------------------------------------------------------------
#
files_to_inspect=()


# If audit tool is 'auditctl', then add '/etc/audit/audit.rules'
# file to the list of files to be inspected
default_file="/etc/audit/audit.rules"
files_to_inspect+=('/etc/audit/audit.rules' )

# After converting to jinja, we cannot return; therefore we skip the rest of the macro if needed instead
skip=1

for audit_file in "${files_to_inspect[@]}"
do
    # Filter existing $audit_file rules' definitions to select those that satisfy the rule pattern,
    # i.e, collect rules that match:
    # * the action, list and arch, (2-nd argument)
    # * the other filters, (3-rd argument)
    # * the auid filters, (4-rd argument)
    readarray -t similar_rules &lt; &lt;(sed -e "/^$ACTION_ARCH_FILTERS/!d"  -e "\#$OTHER_FILTERS#!d" -e "/$AUID_FILTERS/!d" "$audit_file")

    candidate_rules=()
    # Filter out rules that have more fields then required. This will remove rules more specific than the required scope
    for s_rule in "${similar_rules[@]}"
    do
        # Strip all the options and fields we know of,
        # than check if there was any field left over
        extra_fields=$(sed -E -e "s/^$ACTION_ARCH_FILTERS//"  -e "s#$OTHER_FILTERS##" -e "s/$AUID_FILTERS//" -e "s/((:?-S [[:alnum:],]+)+)//g" -e "s/-F key=\w+|-k \w+//"&lt;&lt;&lt; "$s_rule")
        grep -q -- "-F" &lt;&lt;&lt; "$extra_fields" || candidate_rules+=("$s_rule")
    done

    if [[ ${#syscall_a[@]} -ge 1 ]]
    then
        # Check if the syscall we want is present in any of the similar existing rules
        for rule in "${candidate_rules[@]}"
        do
            rule_syscalls=$(echo "$rule" | grep -o -P '(-S [\w,]+)+' | xargs)
            all_syscalls_found=0
            for syscall in "${syscall_a[@]}"
            do
                grep -q -- "\b${syscall}\b" &lt;&lt;&lt; "$rule_syscalls" || {
                   # A syscall was not found in the candidate rule
                   all_syscalls_found=1
                   }
            done
            if [[ $all_syscalls_found -eq 0 ]]
            then
                # We found a rule with all the syscall(s) we want; skip rest of macro
                skip=0
                break
            fi

            # Check if this rule can be grouped with our target syscall and keep track of it
            for syscall_g in "${syscall_grouping[@]}"
            do
                if grep -q -- "\b${syscall_g}\b" &lt;&lt;&lt; "$rule_syscalls"
                then
                    file_to_edit=${audit_file}
                    rule_to_edit=${rule}
                    rule_syscalls_to_edit=${rule_syscalls}
                fi
            done
        done
    else
        # If there is any candidate rule, it is compliant; skip rest of macro
        if [ "${#candidate_rules[@]}" -gt 0 ]
        then
            skip=0
        fi
    fi

    if [ "$skip" -eq 0 ]; then
        break
    fi
done

if [ "$skip" -ne 0 ]; then
    # We checked all rules that matched the expected resemblance pattern (action, arch &amp; auid)
    # At this point we know if we need to either append the $full_rule or group
    # the syscall together with an exsiting rule

    # Append the full_rule if it cannot be grouped to any other rule
    if [ -z ${rule_to_edit+x} ]
    then
        # Build full_rule while avoid adding double spaces when other_filters is empty
        if [ "${#syscall_a[@]}" -gt 0 ]
        then
            syscall_string=""
            for syscall in "${syscall_a[@]}"
            do
                syscall_string+=" -S $syscall"
            done
        fi
        other_string=$([[ $OTHER_FILTERS ]] &amp;&amp; echo " $OTHER_FILTERS") || /bin/true
        auid_string=$([[ $AUID_FILTERS ]] &amp;&amp; echo " $AUID_FILTERS") || /bin/true
        full_rule="$ACTION_ARCH_FILTERS${syscall_string}${other_string}${auid_string} -F key=$KEY" || /bin/true
        echo "$full_rule" &gt;&gt; "$default_file"
        chmod 0600 ${default_file}
    else
        # Check if the syscalls are declared as a comma separated list or
        # as multiple -S parameters
        if grep -q -- "," &lt;&lt;&lt; "${rule_syscalls_to_edit}"
        then
            delimiter=","
        else
            delimiter=" -S "
        fi
        new_grouped_syscalls="${rule_syscalls_to_edit}"
        for syscall in "${syscall_a[@]}"
        do
            grep -q -- "\b${syscall}\b" &lt;&lt;&lt; "${rule_syscalls_to_edit}" || {
               # A syscall was not found in the candidate rule
               new_grouped_syscalls+="${delimiter}${syscall}"
               }
        done

        # Group the syscall in the rule
        sed -i -e "\#${rule_to_edit}#s#${rule_syscalls_to_edit}#${new_grouped_syscalls}#" "$file_to_edit"
    fi
fi
done

else
    &gt;&amp;2 echo 'Remediation is not applicable, nothing was done'
fi
</fix>
          <check system="http://oval.mitre.org/XMLSchema/oval-definitions-5">
            <check-content-ref name="oval:ssg-audit_rules_unsuccessful_file_modification_open:def:1" href="ssg-ubuntu2404-oval.xml"/>
          </check>
          <check system="http://scap.nist.gov/schema/ocil/2">
            <check-content-ref name="ocil:ssg-audit_rules_unsuccessful_file_modification_open_ocil:questionnaire:1" href="ssg-ubuntu2404-ocil.xml"/>
          </check>
        </Rule>
        <Rule id="xccdf_org.ssgproject.content_rule_audit_rules_unsuccessful_file_modification_openat" selected="false" role="full" severity="medium">
          <title xmlns:xhtml="http://www.w3.org/1999/xhtml" xml:lang="en-US">Record Unsuccessful Access Attempts to Files - openat</title>
          <description xmlns:xhtml="http://www.w3.org/1999/xhtml" xml:lang="en-US">At a minimum, the audit system should collect unauthorized file
accesses for all users and root. If the <html:code xmlns:html="http://www.w3.org/1999/xhtml">auditd</html:code> daemon is configured
to use the <html:code xmlns:html="http://www.w3.org/1999/xhtml">augenrules</html:code> program to read audit rules during daemon
startup (the default), add the following lines to a file with suffix
<html:code xmlns:html="http://www.w3.org/1999/xhtml">.rules</html:code> in the directory <html:code xmlns:html="http://www.w3.org/1999/xhtml">/etc/audit/rules.d</html:code>:
<html:pre xmlns:html="http://www.w3.org/1999/xhtml">-a always,exit -F arch=b32 -S openat -F exit=-EACCES -F auid&gt;=1000 -F auid!=unset -F key=access
-a always,exit -F arch=b32 -S openat -F exit=-EPERM -F auid&gt;=1000 -F auid!=unset -F key=access</html:pre>

If the system is 64 bit then also add the following lines:
<html:pre xmlns:html="http://www.w3.org/1999/xhtml">
-a always,exit -F arch=b64 -S openat -F exit=-EACCES -F auid&gt;=1000 -F auid!=unset -F key=access
-a always,exit -F arch=b64 -S openat -F exit=-EPERM -F auid&gt;=1000 -F auid!=unset -F key=access</html:pre>

If the <html:code xmlns:html="http://www.w3.org/1999/xhtml">auditd</html:code> daemon is configured to use the <html:code xmlns:html="http://www.w3.org/1999/xhtml">auditctl</html:code>
utility to read audit rules during daemon startup, add the following lines to
<html:code xmlns:html="http://www.w3.org/1999/xhtml">/etc/audit/audit.rules</html:code> file:
<html:pre xmlns:html="http://www.w3.org/1999/xhtml">-a always,exit -F arch=b32 -S openat -F exit=-EACCES -F auid&gt;=1000 -F auid!=unset -F key=access
-a always,exit -F arch=b32 -S openat -F exit=-EPERM -F auid&gt;=1000 -F auid!=unset -F key=access</html:pre>

If the system is 64 bit then also add the following lines:
<html:pre xmlns:html="http://www.w3.org/1999/xhtml">
-a always,exit -F arch=b64 -S openat -F exit=-EACCES -F auid&gt;=1000 -F auid!=unset -F key=access
-a always,exit -F arch=b64 -S openat -F exit=-EPERM -F auid&gt;=1000 -F auid!=unset -F key=access</html:pre>
       </description>
          <warning xmlns:xhtml="http://www.w3.org/1999/xhtml" xml:lang="en-US" category="general">Note that these rules can be configured in a
number of ways while still achieving the desired effect. Here the system calls
have been placed independent of other system calls. Grouping these system
calls with others as identifying earlier in this guide is more efficient.</warning>
          <reference href="https://www.cisecurity.org/controls/">1</reference>
          <reference href="https://www.cisecurity.org/controls/">11</reference>
          <reference href="https://www.cisecurity.org/controls/">12</reference>
          <reference href="https://www.cisecurity.org/controls/">13</reference>
          <reference href="https://www.cisecurity.org/controls/">14</reference>
          <reference href="https://www.cisecurity.org/controls/">15</reference>
          <reference href="https://www.cisecurity.org/controls/">16</reference>
          <reference href="https://www.cisecurity.org/controls/">19</reference>
          <reference href="https://www.cisecurity.org/controls/">2</reference>
          <reference href="https://www.cisecurity.org/controls/">3</reference>
          <reference href="https://www.cisecurity.org/controls/">4</reference>
          <reference href="https://www.cisecurity.org/controls/">5</reference>
          <reference href="https://www.cisecurity.org/controls/">6</reference>
          <reference href="https://www.cisecurity.org/controls/">7</reference>
          <reference href="https://www.cisecurity.org/controls/">8</reference>
          <reference href="https://www.cisecurity.org/controls/">9</reference>
          <reference href="https://www.isaca.org/resources/cobit">APO10.01</reference>
          <reference href="https://www.isaca.org/resources/cobit">APO10.03</reference>
          <reference href="https://www.isaca.org/resources/cobit">APO10.04</reference>
          <reference href="https://www.isaca.org/resources/cobit">APO10.05</reference>
          <reference href="https://www.isaca.org/resources/cobit">APO11.04</reference>
          <reference href="https://www.isaca.org/resources/cobit">APO12.06</reference>
          <reference href="https://www.isaca.org/resources/cobit">APO13.01</reference>
          <reference href="https://www.isaca.org/resources/cobit">BAI03.05</reference>
          <reference href="https://www.isaca.org/resources/cobit">BAI08.02</reference>
          <reference href="https://www.isaca.org/resources/cobit">DSS01.03</reference>
          <reference href="https://www.isaca.org/resources/cobit">DSS01.04</reference>
          <reference href="https://www.isaca.org/resources/cobit">DSS02.02</reference>
          <reference href="https://www.isaca.org/resources/cobit">DSS02.04</reference>
          <reference href="https://www.isaca.org/resources/cobit">DSS02.07</reference>
          <reference href="https://www.isaca.org/resources/cobit">DSS03.01</reference>
          <reference href="https://www.isaca.org/resources/cobit">DSS03.05</reference>
          <reference href="https://www.isaca.org/resources/cobit">DSS05.02</reference>
          <reference href="https://www.isaca.org/resources/cobit">DSS05.03</reference>
          <reference href="https://www.isaca.org/resources/cobit">DSS05.04</reference>
          <reference href="https://www.isaca.org/resources/cobit">DSS05.05</reference>
          <reference href="https://www.isaca.org/resources/cobit">DSS05.07</reference>
          <reference href="https://www.isaca.org/resources/cobit">MEA01.01</reference>
          <reference href="https://www.isaca.org/resources/cobit">MEA01.02</reference>
          <reference href="https://www.isaca.org/resources/cobit">MEA01.03</reference>
          <reference href="https://www.isaca.org/resources/cobit">MEA01.04</reference>
          <reference href="https://www.isaca.org/resources/cobit">MEA01.05</reference>
          <reference href="https://www.isaca.org/resources/cobit">MEA02.01</reference>
          <reference href="http://nvlpubs.nist.gov/nistpubs/SpecialPublications/NIST.SP.800-171.pdf">3.1.7</reference>
          <reference href="https://public.cyber.mil/stigs/cci/">CCI-000172</reference>
          <reference href="https://public.cyber.mil/stigs/cci/">CCI-000130</reference>
          <reference href="https://public.cyber.mil/stigs/cci/">CCI-000135</reference>
          <reference href="https://public.cyber.mil/stigs/cci/">CCI-000169</reference>
          <reference href="https://public.cyber.mil/stigs/cci/">CCI-002884</reference>
          <reference href="https://www.gpo.gov/fdsys/pkg/CFR-2007-title45-vol1/pdf/CFR-2007-title45-vol1-chapA-subchapC.pdf">164.308(a)(1)(ii)(D)</reference>
          <reference href="https://www.gpo.gov/fdsys/pkg/CFR-2007-title45-vol1/pdf/CFR-2007-title45-vol1-chapA-subchapC.pdf">164.308(a)(3)(ii)(A)</reference>
          <reference href="https://www.gpo.gov/fdsys/pkg/CFR-2007-title45-vol1/pdf/CFR-2007-title45-vol1-chapA-subchapC.pdf">164.308(a)(5)(ii)(C)</reference>
          <reference href="https://www.gpo.gov/fdsys/pkg/CFR-2007-title45-vol1/pdf/CFR-2007-title45-vol1-chapA-subchapC.pdf">164.312(a)(2)(i)</reference>
          <reference href="https://www.gpo.gov/fdsys/pkg/CFR-2007-title45-vol1/pdf/CFR-2007-title45-vol1-chapA-subchapC.pdf">164.312(b)</reference>
          <reference href="https://www.gpo.gov/fdsys/pkg/CFR-2007-title45-vol1/pdf/CFR-2007-title45-vol1-chapA-subchapC.pdf">164.312(d)</reference>
          <reference href="https://www.gpo.gov/fdsys/pkg/CFR-2007-title45-vol1/pdf/CFR-2007-title45-vol1-chapA-subchapC.pdf">164.312(e)</reference>
          <reference href="https://www.isa.org/products/isa-62443-2-1-2009-security-for-industrial-automat">4.2.3.10</reference>
          <reference href="https://www.isa.org/products/isa-62443-2-1-2009-security-for-industrial-automat">4.3.2.6.7</reference>
          <reference href="https://www.isa.org/products/isa-62443-2-1-2009-security-for-industrial-automat">4.3.3.3.9</reference>
          <reference href="https://www.isa.org/products/isa-62443-2-1-2009-security-for-industrial-automat">4.3.3.5.8</reference>
          <reference href="https://www.isa.org/products/isa-62443-2-1-2009-security-for-industrial-automat">4.3.3.6.6</reference>
          <reference href="https://www.isa.org/products/isa-62443-2-1-2009-security-for-industrial-automat">4.3.4.4.7</reference>
          <reference href="https://www.isa.org/products/isa-62443-2-1-2009-security-for-industrial-automat">4.3.4.5.6</reference>
          <reference href="https://www.isa.org/products/isa-62443-2-1-2009-security-for-industrial-automat">4.3.4.5.7</reference>
          <reference href="https://www.isa.org/products/isa-62443-2-1-2009-security-for-industrial-automat">4.3.4.5.8</reference>
          <reference href="https://www.isa.org/products/isa-62443-2-1-2009-security-for-industrial-automat">4.4.2.1</reference>
          <reference href="https://www.isa.org/products/isa-62443-2-1-2009-security-for-industrial-automat">4.4.2.2</reference>
          <reference href="https://www.isa.org/products/isa-62443-2-1-2009-security-for-industrial-automat">4.4.2.4</reference>
          <reference href="https://www.isa.org/products/ansi-isa-62443-3-3-99-03-03-2013-security-for-indu">SR 1.13</reference>
          <reference href="https://www.isa.org/products/ansi-isa-62443-3-3-99-03-03-2013-security-for-indu">SR 2.10</reference>
          <reference href="https://www.isa.org/products/ansi-isa-62443-3-3-99-03-03-2013-security-for-indu">SR 2.11</reference>
          <reference href="https://www.isa.org/products/ansi-isa-62443-3-3-99-03-03-2013-security-for-indu">SR 2.12</reference>
          <reference href="https://www.isa.org/products/ansi-isa-62443-3-3-99-03-03-2013-security-for-indu">SR 2.6</reference>
          <reference href="https://www.isa.org/products/ansi-isa-62443-3-3-99-03-03-2013-security-for-indu">SR 2.8</reference>
          <reference href="https://www.isa.org/products/ansi-isa-62443-3-3-99-03-03-2013-security-for-indu">SR 2.9</reference>
          <reference href="https://www.isa.org/products/ansi-isa-62443-3-3-99-03-03-2013-security-for-indu">SR 3.1</reference>
          <reference href="https://www.isa.org/products/ansi-isa-62443-3-3-99-03-03-2013-security-for-indu">SR 3.5</reference>
          <reference href="https://www.isa.org/products/ansi-isa-62443-3-3-99-03-03-2013-security-for-indu">SR 3.8</reference>
          <reference href="https://www.isa.org/products/ansi-isa-62443-3-3-99-03-03-2013-security-for-indu">SR 4.1</reference>
          <reference href="https://www.isa.org/products/ansi-isa-62443-3-3-99-03-03-2013-security-for-indu">SR 4.3</reference>
          <reference href="https://www.isa.org/products/ansi-isa-62443-3-3-99-03-03-2013-security-for-indu">SR 5.1</reference>
          <reference href="https://www.isa.org/products/ansi-isa-62443-3-3-99-03-03-2013-security-for-indu">SR 5.2</reference>
          <reference href="https://www.isa.org/products/ansi-isa-62443-3-3-99-03-03-2013-security-for-indu">SR 5.3</reference>
          <reference href="https://www.isa.org/products/ansi-isa-62443-3-3-99-03-03-2013-security-for-indu">SR 6.1</reference>
          <reference href="https://www.isa.org/products/ansi-isa-62443-3-3-99-03-03-2013-security-for-indu">SR 6.2</reference>
          <reference href="https://www.isa.org/products/ansi-isa-62443-3-3-99-03-03-2013-security-for-indu">SR 7.1</reference>
          <reference href="https://www.isa.org/products/ansi-isa-62443-3-3-99-03-03-2013-security-for-indu">SR 7.6</reference>
          <reference href="https://www.iso.org/contents/data/standard/05/45/54534.html">A.11.2.6</reference>
          <reference href="https://www.iso.org/contents/data/standard/05/45/54534.html">A.12.4.1</reference>
          <reference href="https://www.iso.org/contents/data/standard/05/45/54534.html">A.12.4.2</reference>
          <reference href="https://www.iso.org/contents/data/standard/05/45/54534.html">A.12.4.3</reference>
          <reference href="https://www.iso.org/contents/data/standard/05/45/54534.html">A.12.4.4</reference>
          <reference href="https://www.iso.org/contents/data/standard/05/45/54534.html">A.12.7.1</reference>
          <reference href="https://www.iso.org/contents/data/standard/05/45/54534.html">A.13.1.1</reference>
          <reference href="https://www.iso.org/contents/data/standard/05/45/54534.html">A.13.2.1</reference>
          <reference href="https://www.iso.org/contents/data/standard/05/45/54534.html">A.14.1.3</reference>
          <reference href="https://www.iso.org/contents/data/standard/05/45/54534.html">A.14.2.7</reference>
          <reference href="https://www.iso.org/contents/data/standard/05/45/54534.html">A.15.2.1</reference>
          <reference href="https://www.iso.org/contents/data/standard/05/45/54534.html">A.15.2.2</reference>
          <reference href="https://www.iso.org/contents/data/standard/05/45/54534.html">A.16.1.4</reference>
          <reference href="https://www.iso.org/contents/data/standard/05/45/54534.html">A.16.1.5</reference>
          <reference href="https://www.iso.org/contents/data/standard/05/45/54534.html">A.16.1.7</reference>
          <reference href="https://www.iso.org/contents/data/standard/05/45/54534.html">A.6.2.1</reference>
          <reference href="https://www.iso.org/contents/data/standard/05/45/54534.html">A.6.2.2</reference>
          <reference href="http://nvlpubs.nist.gov/nistpubs/SpecialPublications/NIST.SP.800-53r4.pdf">AU-2(d)</reference>
          <reference href="http://nvlpubs.nist.gov/nistpubs/SpecialPublications/NIST.SP.800-53r4.pdf">AU-12(c)</reference>
          <reference href="http://nvlpubs.nist.gov/nistpubs/SpecialPublications/NIST.SP.800-53r4.pdf">CM-6(a)</reference>
          <reference href="https://nvlpubs.nist.gov/nistpubs/CSWP/NIST.CSWP.04162018.pdf">DE.AE-3</reference>
          <reference href="https://nvlpubs.nist.gov/nistpubs/CSWP/NIST.CSWP.04162018.pdf">DE.AE-5</reference>
          <reference href="https://nvlpubs.nist.gov/nistpubs/CSWP/NIST.CSWP.04162018.pdf">DE.CM-1</reference>
          <reference href="https://nvlpubs.nist.gov/nistpubs/CSWP/NIST.CSWP.04162018.pdf">DE.CM-3</reference>
          <reference href="https://nvlpubs.nist.gov/nistpubs/CSWP/NIST.CSWP.04162018.pdf">DE.CM-7</reference>
          <reference href="https://nvlpubs.nist.gov/nistpubs/CSWP/NIST.CSWP.04162018.pdf">ID.SC-4</reference>
          <reference href="https://nvlpubs.nist.gov/nistpubs/CSWP/NIST.CSWP.04162018.pdf">PR.AC-3</reference>
          <reference href="https://nvlpubs.nist.gov/nistpubs/CSWP/NIST.CSWP.04162018.pdf">PR.PT-1</reference>
          <reference href="https://nvlpubs.nist.gov/nistpubs/CSWP/NIST.CSWP.04162018.pdf">PR.PT-4</reference>
          <reference href="https://nvlpubs.nist.gov/nistpubs/CSWP/NIST.CSWP.04162018.pdf">RS.AN-1</reference>
          <reference href="https://nvlpubs.nist.gov/nistpubs/CSWP/NIST.CSWP.04162018.pdf">RS.AN-4</reference>
          <reference href="https://www.pcisecuritystandards.org/documents/PCI_DSS_v3-2-1.pdf">Req-10.2.4</reference>
          <reference href="https://www.pcisecuritystandards.org/documents/PCI_DSS_v3-2-1.pdf">Req-10.2.1</reference>
          <reference href="https://public.cyber.mil/stigs/downloads/?_dl_facet_stigs=operating-systems%2Cgeneral-purpose-os">SRG-OS-000037-GPOS-00015</reference>
          <reference href="https://public.cyber.mil/stigs/downloads/?_dl_facet_stigs=operating-systems%2Cgeneral-purpose-os">SRG-OS-000042-GPOS-00020</reference>
          <reference href="https://public.cyber.mil/stigs/downloads/?_dl_facet_stigs=operating-systems%2Cgeneral-purpose-os">SRG-OS-000062-GPOS-00031</reference>
          <reference href="https://public.cyber.mil/stigs/downloads/?_dl_facet_stigs=operating-systems%2Cgeneral-purpose-os">SRG-OS-000392-GPOS-00172</reference>
          <reference href="https://public.cyber.mil/stigs/downloads/?_dl_facet_stigs=operating-systems%2Cgeneral-purpose-os">SRG-OS-000462-GPOS-00206</reference>
          <reference href="https://public.cyber.mil/stigs/downloads/?_dl_facet_stigs=operating-systems%2Cgeneral-purpose-os">SRG-OS-000471-GPOS-00215</reference>
          <reference href="https://public.cyber.mil/stigs/downloads/?_dl_facet_stigs=operating-systems%2Cgeneral-purpose-os">SRG-OS-000064-GPOS-00033</reference>
          <reference href="https://public.cyber.mil/stigs/downloads/?_dl_facet_stigs=operating-systems%2Cgeneral-purpose-os">SRG-OS-000458-GPOS-00203</reference>
          <reference href="https://public.cyber.mil/stigs/downloads/?_dl_facet_stigs=operating-systems%2Cgeneral-purpose-os">SRG-OS-000461-GPOS-00205</reference>
          <reference href="https://public.cyber.mil/stigs/downloads/?_dl_facet_stigs=container-platform">SRG-APP-000495-CTR-001235</reference>
          <reference href="https://cyber.gouv.fr/sites/default/files/document/linux_configuration-en-v2.pdf">R73</reference>
          <reference href="https://www.cisecurity.org/benchmark/ubuntu_linux/">6.2.3.7</reference>
          <rationale xmlns:xhtml="http://www.w3.org/1999/xhtml" xml:lang="en-US">Unsuccessful attempts to access files could be an indicator of malicious activity on a system. Auditing
these events could serve as evidence of potential system compromise.</rationale>
          <fix xmlns:xhtml="http://www.w3.org/1999/xhtml" id="audit_rules_unsuccessful_file_modification_openat" system="urn:xccdf:fix:script:ansible" reboot="true" complexity="low" disruption="low" strategy="restrict">- name: Gather the package facts
  package_facts:
    manager: auto
  tags:
  - NIST-800-171-3.1.7
  - NIST-800-53-AU-12(c)
  - NIST-800-53-AU-2(d)
  - NIST-800-53-CM-6(a)
  - PCI-DSS-Req-10.2.1
  - PCI-DSS-Req-10.2.4
  - audit_rules_unsuccessful_file_modification_openat
  - low_complexity
  - low_disruption
  - medium_severity
  - reboot_required
  - restrict_strategy

- name: Set architecture for audit openat tasks
  set_fact:
    audit_arch: b64
  when:
  - '"auditd" in ansible_facts.packages'
  - '"linux-base" in ansible_facts.packages'
  - ansible_architecture == "aarch64" or ansible_architecture == "ppc64" or ansible_architecture
    == "ppc64le" or ansible_architecture == "s390x" or ansible_architecture == "x86_64"
  tags:
  - NIST-800-171-3.1.7
  - NIST-800-53-AU-12(c)
  - NIST-800-53-AU-2(d)
  - NIST-800-53-CM-6(a)
  - PCI-DSS-Req-10.2.1
  - PCI-DSS-Req-10.2.4
  - audit_rules_unsuccessful_file_modification_openat
  - low_complexity
  - low_disruption
  - medium_severity
  - reboot_required
  - restrict_strategy

- name: Perform remediation of Audit rules for openat EACCES for 32bit platform
  block:

  - name: Declare list of syscalls
    set_fact:
      syscalls:
      - openat
      syscall_grouping:
      - creat
      - ftruncate
      - truncate
      - open
      - openat
      - open_by_handle_at

  - name: Check existence of openat in /etc/audit/rules.d/
    find:
      paths: /etc/audit/rules.d
      contains: -a always,exit -F arch=b32(( -S |,)\w+)*(( -S |,){{ item }})+(( -S
        |,)\w+)* -F exit=-EACCES -F auid&gt;=1000 -F auid!=unset (-k\s+|-F\s+key=)\S+\s*$
      patterns: '*.rules'
    register: find_command
    loop: '{{ (syscall_grouping + syscalls) | unique }}'

  - name: Reset syscalls found per file
    set_fact:
      syscalls_per_file: {}
      found_paths_dict: {}

  - name: Declare syscalls found per file
    set_fact: syscalls_per_file="{{ syscalls_per_file | combine( {item.files[0].path
      :[item.item] + syscalls_per_file.get(item.files[0].path, []) } ) }}"
    loop: '{{ find_command.results | selectattr(''matched'') | list }}'

  - name: Declare files where syscalls were found
    set_fact: found_paths="{{ find_command.results | map(attribute='files') | flatten
      | map(attribute='path') | list }}"

  - name: Count occurrences of syscalls in paths
    set_fact: found_paths_dict="{{ found_paths_dict | combine({ item:1+found_paths_dict.get(item,
      0) }) }}"
    loop: '{{ find_command.results | map(attribute=''files'') | flatten | map(attribute=''path'')
      | list }}'

  - name: Get path with most syscalls
    set_fact: audit_file="{{ (found_paths_dict | dict2items() | sort(attribute='value')
      | last).key }}"
    when: found_paths | length &gt;= 1

  - name: No file with syscall found, set path to /etc/audit/rules.d/access.rules
    set_fact: audit_file="/etc/audit/rules.d/access.rules"
    when: found_paths | length == 0

  - name: Declare found syscalls
    set_fact: syscalls_found="{{ find_command.results | selectattr('matched') | map(attribute='item')
      | list }}"

  - name: Declare missing syscalls
    set_fact: missing_syscalls="{{ syscalls | difference(syscalls_found) }}"

  - name: Replace the audit rule in {{ audit_file }}
    lineinfile:
      path: '{{ audit_file }}'
      regexp: (-a always,exit -F arch=b32)(?=.*(?:(?:-S |,)(?:{{ syscalls_per_file[audit_file]
        | join("|") }}))\b)((?:( -S |,)\w+)+)( -F exit=-EACCES -F auid&gt;=1000 -F auid!=unset
        (?:-k |-F key=)\w+)
      line: \1\2\3{{ missing_syscalls | join("\3") }}\4
      backrefs: true
      state: present
      mode: g-rwx,o-rwx
    when: syscalls_found | length &gt; 0 and missing_syscalls | length &gt; 0

  - name: Add the audit rule to {{ audit_file }}
    lineinfile:
      path: '{{ audit_file }}'
      line: -a always,exit -F arch=b32 -S {{ syscalls | join(',') }} -F exit=-EACCES
        -F auid&gt;=1000 -F auid!=unset -F key=access
      create: true
      mode: g-rwx,o-rwx
      state: present
    when: syscalls_found | length == 0

  - name: Declare list of syscalls
    set_fact:
      syscalls:
      - openat
      syscall_grouping:
      - creat
      - ftruncate
      - truncate
      - open
      - openat
      - open_by_handle_at

  - name: Check existence of openat in /etc/audit/audit.rules
    find:
      paths: /etc/audit
      contains: -a always,exit -F arch=b32(( -S |,)\w+)*(( -S |,){{ item }})+(( -S
        |,)\w+)* -F exit=-EACCES -F auid&gt;=1000 -F auid!=unset (-k\s+|-F\s+key=)\S+\s*$
      patterns: audit.rules
    register: find_command
    loop: '{{ (syscall_grouping + syscalls) | unique }}'

  - name: Set path to /etc/audit/audit.rules
    set_fact: audit_file="/etc/audit/audit.rules"

  - name: Declare found syscalls
    set_fact: syscalls_found="{{ find_command.results | selectattr('matched') | map(attribute='item')
      | list }}"

  - name: Declare missing syscalls
    set_fact: missing_syscalls="{{ syscalls | difference(syscalls_found) }}"

  - name: Replace the audit rule in {{ audit_file }}
    lineinfile:
      path: '{{ audit_file }}'
      regexp: (-a always,exit -F arch=b32)(?=.*(?:(?:-S |,)(?:{{ syscalls_found |
        join("|") }}))\b)((?:( -S |,)\w+)+)( -F exit=-EACCES -F auid&gt;=1000 -F auid!=unset
        (?:-k |-F key=)\w+)
      line: \1\2\3{{ missing_syscalls | join("\3") }}\4
      backrefs: true
      state: present
      mode: g-rwx,o-rwx
    when: syscalls_found | length &gt; 0 and missing_syscalls | length &gt; 0

  - name: Add the audit rule to {{ audit_file }}
    lineinfile:
      path: '{{ audit_file }}'
      line: -a always,exit -F arch=b32 -S {{ syscalls | join(',') }} -F exit=-EACCES
        -F auid&gt;=1000 -F auid!=unset -F key=access
      create: true
      mode: g-rwx,o-rwx
      state: present
    when: syscalls_found | length == 0
  when:
  - '"auditd" in ansible_facts.packages'
  - '"linux-base" in ansible_facts.packages'
  tags:
  - NIST-800-171-3.1.7
  - NIST-800-53-AU-12(c)
  - NIST-800-53-AU-2(d)
  - NIST-800-53-CM-6(a)
  - PCI-DSS-Req-10.2.1
  - PCI-DSS-Req-10.2.4
  - audit_rules_unsuccessful_file_modification_openat
  - low_complexity
  - low_disruption
  - medium_severity
  - reboot_required
  - restrict_strategy

- name: Perform remediation of Audit rules for openat EACCES for 64bit platform
  block:

  - name: Declare list of syscalls
    set_fact:
      syscalls:
      - openat
      syscall_grouping:
      - creat
      - ftruncate
      - truncate
      - open
      - openat
      - open_by_handle_at

  - name: Check existence of openat in /etc/audit/rules.d/
    find:
      paths: /etc/audit/rules.d
      contains: -a always,exit -F arch=b64(( -S |,)\w+)*(( -S |,){{ item }})+(( -S
        |,)\w+)* -F exit=-EACCES -F auid&gt;=1000 -F auid!=unset (-k\s+|-F\s+key=)\S+\s*$
      patterns: '*.rules'
    register: find_command
    loop: '{{ (syscall_grouping + syscalls) | unique }}'

  - name: Reset syscalls found per file
    set_fact:
      syscalls_per_file: {}
      found_paths_dict: {}

  - name: Declare syscalls found per file
    set_fact: syscalls_per_file="{{ syscalls_per_file | combine( {item.files[0].path
      :[item.item] + syscalls_per_file.get(item.files[0].path, []) } ) }}"
    loop: '{{ find_command.results | selectattr(''matched'') | list }}'

  - name: Declare files where syscalls were found
    set_fact: found_paths="{{ find_command.results | map(attribute='files') | flatten
      | map(attribute='path') | list }}"

  - name: Count occurrences of syscalls in paths
    set_fact: found_paths_dict="{{ found_paths_dict | combine({ item:1+found_paths_dict.get(item,
      0) }) }}"
    loop: '{{ find_command.results | map(attribute=''files'') | flatten | map(attribute=''path'')
      | list }}'

  - name: Get path with most syscalls
    set_fact: audit_file="{{ (found_paths_dict | dict2items() | sort(attribute='value')
      | last).key }}"
    when: found_paths | length &gt;= 1

  - name: No file with syscall found, set path to /etc/audit/rules.d/access.rules
    set_fact: audit_file="/etc/audit/rules.d/access.rules"
    when: found_paths | length == 0

  - name: Declare found syscalls
    set_fact: syscalls_found="{{ find_command.results | selectattr('matched') | map(attribute='item')
      | list }}"

  - name: Declare missing syscalls
    set_fact: missing_syscalls="{{ syscalls | difference(syscalls_found) }}"

  - name: Replace the audit rule in {{ audit_file }}
    lineinfile:
      path: '{{ audit_file }}'
      regexp: (-a always,exit -F arch=b64)(?=.*(?:(?:-S |,)(?:{{ syscalls_per_file[audit_file]
        | join("|") }}))\b)((?:( -S |,)\w+)+)( -F exit=-EACCES -F auid&gt;=1000 -F auid!=unset
        (?:-k |-F key=)\w+)
      line: \1\2\3{{ missing_syscalls | join("\3") }}\4
      backrefs: true
      state: present
      mode: g-rwx,o-rwx
    when: syscalls_found | length &gt; 0 and missing_syscalls | length &gt; 0

  - name: Add the audit rule to {{ audit_file }}
    lineinfile:
      path: '{{ audit_file }}'
      line: -a always,exit -F arch=b64 -S {{ syscalls | join(',') }} -F exit=-EACCES
        -F auid&gt;=1000 -F auid!=unset -F key=access
      create: true
      mode: g-rwx,o-rwx
      state: present
    when: syscalls_found | length == 0

  - name: Declare list of syscalls
    set_fact:
      syscalls:
      - openat
      syscall_grouping:
      - creat
      - ftruncate
      - truncate
      - open
      - openat
      - open_by_handle_at

  - name: Check existence of openat in /etc/audit/audit.rules
    find:
      paths: /etc/audit
      contains: -a always,exit -F arch=b64(( -S |,)\w+)*(( -S |,){{ item }})+(( -S
        |,)\w+)* -F exit=-EACCES -F auid&gt;=1000 -F auid!=unset (-k\s+|-F\s+key=)\S+\s*$
      patterns: audit.rules
    register: find_command
    loop: '{{ (syscall_grouping + syscalls) | unique }}'

  - name: Set path to /etc/audit/audit.rules
    set_fact: audit_file="/etc/audit/audit.rules"

  - name: Declare found syscalls
    set_fact: syscalls_found="{{ find_command.results | selectattr('matched') | map(attribute='item')
      | list }}"

  - name: Declare missing syscalls
    set_fact: missing_syscalls="{{ syscalls | difference(syscalls_found) }}"

  - name: Replace the audit rule in {{ audit_file }}
    lineinfile:
      path: '{{ audit_file }}'
      regexp: (-a always,exit -F arch=b64)(?=.*(?:(?:-S |,)(?:{{ syscalls_found |
        join("|") }}))\b)((?:( -S |,)\w+)+)( -F exit=-EACCES -F auid&gt;=1000 -F auid!=unset
        (?:-k |-F key=)\w+)
      line: \1\2\3{{ missing_syscalls | join("\3") }}\4
      backrefs: true
      state: present
      mode: g-rwx,o-rwx
    when: syscalls_found | length &gt; 0 and missing_syscalls | length &gt; 0

  - name: Add the audit rule to {{ audit_file }}
    lineinfile:
      path: '{{ audit_file }}'
      line: -a always,exit -F arch=b64 -S {{ syscalls | join(',') }} -F exit=-EACCES
        -F auid&gt;=1000 -F auid!=unset -F key=access
      create: true
      mode: g-rwx,o-rwx
      state: present
    when: syscalls_found | length == 0
  when:
  - '"auditd" in ansible_facts.packages'
  - '"linux-base" in ansible_facts.packages'
  - audit_arch == "b64"
  tags:
  - NIST-800-171-3.1.7
  - NIST-800-53-AU-12(c)
  - NIST-800-53-AU-2(d)
  - NIST-800-53-CM-6(a)
  - PCI-DSS-Req-10.2.1
  - PCI-DSS-Req-10.2.4
  - audit_rules_unsuccessful_file_modification_openat
  - low_complexity
  - low_disruption
  - medium_severity
  - reboot_required
  - restrict_strategy

- name: Perform remediation of Audit rules for openat EPERM for 32bit platform
  block:

  - name: Declare list of syscalls
    set_fact:
      syscalls:
      - openat
      syscall_grouping:
      - creat
      - ftruncate
      - truncate
      - open
      - openat
      - open_by_handle_at

  - name: Check existence of openat in /etc/audit/rules.d/
    find:
      paths: /etc/audit/rules.d
      contains: -a always,exit -F arch=b32(( -S |,)\w+)*(( -S |,){{ item }})+(( -S
        |,)\w+)* -F exit=-EPERM -F auid&gt;=1000 -F auid!=unset (-k\s+|-F\s+key=)\S+\s*$
      patterns: '*.rules'
    register: find_command
    loop: '{{ (syscall_grouping + syscalls) | unique }}'

  - name: Reset syscalls found per file
    set_fact:
      syscalls_per_file: {}
      found_paths_dict: {}

  - name: Declare syscalls found per file
    set_fact: syscalls_per_file="{{ syscalls_per_file | combine( {item.files[0].path
      :[item.item] + syscalls_per_file.get(item.files[0].path, []) } ) }}"
    loop: '{{ find_command.results | selectattr(''matched'') | list }}'

  - name: Declare files where syscalls were found
    set_fact: found_paths="{{ find_command.results | map(attribute='files') | flatten
      | map(attribute='path') | list }}"

  - name: Count occurrences of syscalls in paths
    set_fact: found_paths_dict="{{ found_paths_dict | combine({ item:1+found_paths_dict.get(item,
      0) }) }}"
    loop: '{{ find_command.results | map(attribute=''files'') | flatten | map(attribute=''path'')
      | list }}'

  - name: Get path with most syscalls
    set_fact: audit_file="{{ (found_paths_dict | dict2items() | sort(attribute='value')
      | last).key }}"
    when: found_paths | length &gt;= 1

  - name: No file with syscall found, set path to /etc/audit/rules.d/access.rules
    set_fact: audit_file="/etc/audit/rules.d/access.rules"
    when: found_paths | length == 0

  - name: Declare found syscalls
    set_fact: syscalls_found="{{ find_command.results | selectattr('matched') | map(attribute='item')
      | list }}"

  - name: Declare missing syscalls
    set_fact: missing_syscalls="{{ syscalls | difference(syscalls_found) }}"

  - name: Replace the audit rule in {{ audit_file }}
    lineinfile:
      path: '{{ audit_file }}'
      regexp: (-a always,exit -F arch=b32)(?=.*(?:(?:-S |,)(?:{{ syscalls_per_file[audit_file]
        | join("|") }}))\b)((?:( -S |,)\w+)+)( -F exit=-EPERM -F auid&gt;=1000 -F auid!=unset
        (?:-k |-F key=)\w+)
      line: \1\2\3{{ missing_syscalls | join("\3") }}\4
      backrefs: true
      state: present
      mode: g-rwx,o-rwx
    when: syscalls_found | length &gt; 0 and missing_syscalls | length &gt; 0

  - name: Add the audit rule to {{ audit_file }}
    lineinfile:
      path: '{{ audit_file }}'
      line: -a always,exit -F arch=b32 -S {{ syscalls | join(',') }} -F exit=-EPERM
        -F auid&gt;=1000 -F auid!=unset -F key=access
      create: true
      mode: g-rwx,o-rwx
      state: present
    when: syscalls_found | length == 0

  - name: Declare list of syscalls
    set_fact:
      syscalls:
      - openat
      syscall_grouping:
      - creat
      - ftruncate
      - truncate
      - open
      - openat
      - open_by_handle_at

  - name: Check existence of openat in /etc/audit/audit.rules
    find:
      paths: /etc/audit
      contains: -a always,exit -F arch=b32(( -S |,)\w+)*(( -S |,){{ item }})+(( -S
        |,)\w+)* -F exit=-EPERM -F auid&gt;=1000 -F auid!=unset (-k\s+|-F\s+key=)\S+\s*$
      patterns: audit.rules
    register: find_command
    loop: '{{ (syscall_grouping + syscalls) | unique }}'

  - name: Set path to /etc/audit/audit.rules
    set_fact: audit_file="/etc/audit/audit.rules"

  - name: Declare found syscalls
    set_fact: syscalls_found="{{ find_command.results | selectattr('matched') | map(attribute='item')
      | list }}"

  - name: Declare missing syscalls
    set_fact: missing_syscalls="{{ syscalls | difference(syscalls_found) }}"

  - name: Replace the audit rule in {{ audit_file }}
    lineinfile:
      path: '{{ audit_file }}'
      regexp: (-a always,exit -F arch=b32)(?=.*(?:(?:-S |,)(?:{{ syscalls_found |
        join("|") }}))\b)((?:( -S |,)\w+)+)( -F exit=-EPERM -F auid&gt;=1000 -F auid!=unset
        (?:-k |-F key=)\w+)
      line: \1\2\3{{ missing_syscalls | join("\3") }}\4
      backrefs: true
      state: present
      mode: g-rwx,o-rwx
    when: syscalls_found | length &gt; 0 and missing_syscalls | length &gt; 0

  - name: Add the audit rule to {{ audit_file }}
    lineinfile:
      path: '{{ audit_file }}'
      line: -a always,exit -F arch=b32 -S {{ syscalls | join(',') }} -F exit=-EPERM
        -F auid&gt;=1000 -F auid!=unset -F key=access
      create: true
      mode: g-rwx,o-rwx
      state: present
    when: syscalls_found | length == 0
  when:
  - '"auditd" in ansible_facts.packages'
  - '"linux-base" in ansible_facts.packages'
  tags:
  - NIST-800-171-3.1.7
  - NIST-800-53-AU-12(c)
  - NIST-800-53-AU-2(d)
  - NIST-800-53-CM-6(a)
  - PCI-DSS-Req-10.2.1
  - PCI-DSS-Req-10.2.4
  - audit_rules_unsuccessful_file_modification_openat
  - low_complexity
  - low_disruption
  - medium_severity
  - reboot_required
  - restrict_strategy

- name: Perform remediation of Audit rules for openat EPERM for 64bit platform
  block:

  - name: Declare list of syscalls
    set_fact:
      syscalls:
      - openat
      syscall_grouping:
      - creat
      - ftruncate
      - truncate
      - open
      - openat
      - open_by_handle_at

  - name: Check existence of openat in /etc/audit/rules.d/
    find:
      paths: /etc/audit/rules.d
      contains: -a always,exit -F arch=b64(( -S |,)\w+)*(( -S |,){{ item }})+(( -S
        |,)\w+)* -F exit=-EPERM -F auid&gt;=1000 -F auid!=unset (-k\s+|-F\s+key=)\S+\s*$
      patterns: '*.rules'
    register: find_command
    loop: '{{ (syscall_grouping + syscalls) | unique }}'

  - name: Reset syscalls found per file
    set_fact:
      syscalls_per_file: {}
      found_paths_dict: {}

  - name: Declare syscalls found per file
    set_fact: syscalls_per_file="{{ syscalls_per_file | combine( {item.files[0].path
      :[item.item] + syscalls_per_file.get(item.files[0].path, []) } ) }}"
    loop: '{{ find_command.results | selectattr(''matched'') | list }}'

  - name: Declare files where syscalls were found
    set_fact: found_paths="{{ find_command.results | map(attribute='files') | flatten
      | map(attribute='path') | list }}"

  - name: Count occurrences of syscalls in paths
    set_fact: found_paths_dict="{{ found_paths_dict | combine({ item:1+found_paths_dict.get(item,
      0) }) }}"
    loop: '{{ find_command.results | map(attribute=''files'') | flatten | map(attribute=''path'')
      | list }}'

  - name: Get path with most syscalls
    set_fact: audit_file="{{ (found_paths_dict | dict2items() | sort(attribute='value')
      | last).key }}"
    when: found_paths | length &gt;= 1

  - name: No file with syscall found, set path to /etc/audit/rules.d/access.rules
    set_fact: audit_file="/etc/audit/rules.d/access.rules"
    when: found_paths | length == 0

  - name: Declare found syscalls
    set_fact: syscalls_found="{{ find_command.results | selectattr('matched') | map(attribute='item')
      | list }}"

  - name: Declare missing syscalls
    set_fact: missing_syscalls="{{ syscalls | difference(syscalls_found) }}"

  - name: Replace the audit rule in {{ audit_file }}
    lineinfile:
      path: '{{ audit_file }}'
      regexp: (-a always,exit -F arch=b64)(?=.*(?:(?:-S |,)(?:{{ syscalls_per_file[audit_file]
        | join("|") }}))\b)((?:( -S |,)\w+)+)( -F exit=-EPERM -F auid&gt;=1000 -F auid!=unset
        (?:-k |-F key=)\w+)
      line: \1\2\3{{ missing_syscalls | join("\3") }}\4
      backrefs: true
      state: present
      mode: g-rwx,o-rwx
    when: syscalls_found | length &gt; 0 and missing_syscalls | length &gt; 0

  - name: Add the audit rule to {{ audit_file }}
    lineinfile:
      path: '{{ audit_file }}'
      line: -a always,exit -F arch=b64 -S {{ syscalls | join(',') }} -F exit=-EPERM
        -F auid&gt;=1000 -F auid!=unset -F key=access
      create: true
      mode: g-rwx,o-rwx
      state: present
    when: syscalls_found | length == 0

  - name: Declare list of syscalls
    set_fact:
      syscalls:
      - openat
      syscall_grouping:
      - creat
      - ftruncate
      - truncate
      - open
      - openat
      - open_by_handle_at

  - name: Check existence of openat in /etc/audit/audit.rules
    find:
      paths: /etc/audit
      contains: -a always,exit -F arch=b64(( -S |,)\w+)*(( -S |,){{ item }})+(( -S
        |,)\w+)* -F exit=-EPERM -F auid&gt;=1000 -F auid!=unset (-k\s+|-F\s+key=)\S+\s*$
      patterns: audit.rules
    register: find_command
    loop: '{{ (syscall_grouping + syscalls) | unique }}'

  - name: Set path to /etc/audit/audit.rules
    set_fact: audit_file="/etc/audit/audit.rules"

  - name: Declare found syscalls
    set_fact: syscalls_found="{{ find_command.results | selectattr('matched') | map(attribute='item')
      | list }}"

  - name: Declare missing syscalls
    set_fact: missing_syscalls="{{ syscalls | difference(syscalls_found) }}"

  - name: Replace the audit rule in {{ audit_file }}
    lineinfile:
      path: '{{ audit_file }}'
      regexp: (-a always,exit -F arch=b64)(?=.*(?:(?:-S |,)(?:{{ syscalls_found |
        join("|") }}))\b)((?:( -S |,)\w+)+)( -F exit=-EPERM -F auid&gt;=1000 -F auid!=unset
        (?:-k |-F key=)\w+)
      line: \1\2\3{{ missing_syscalls | join("\3") }}\4
      backrefs: true
      state: present
      mode: g-rwx,o-rwx
    when: syscalls_found | length &gt; 0 and missing_syscalls | length &gt; 0

  - name: Add the audit rule to {{ audit_file }}
    lineinfile:
      path: '{{ audit_file }}'
      line: -a always,exit -F arch=b64 -S {{ syscalls | join(',') }} -F exit=-EPERM
        -F auid&gt;=1000 -F auid!=unset -F key=access
      create: true
      mode: g-rwx,o-rwx
      state: present
    when: syscalls_found | length == 0
  when:
  - '"auditd" in ansible_facts.packages'
  - '"linux-base" in ansible_facts.packages'
  - audit_arch == "b64"
  tags:
  - NIST-800-171-3.1.7
  - NIST-800-53-AU-12(c)
  - NIST-800-53-AU-2(d)
  - NIST-800-53-CM-6(a)
  - PCI-DSS-Req-10.2.1
  - PCI-DSS-Req-10.2.4
  - audit_rules_unsuccessful_file_modification_openat
  - low_complexity
  - low_disruption
  - medium_severity
  - reboot_required
  - restrict_strategy
</fix>
          <fix xmlns:xhtml="http://www.w3.org/1999/xhtml" id="audit_rules_unsuccessful_file_modification_openat" system="urn:xccdf:fix:script:sh"># Remediation is applicable only in certain platforms
if dpkg-query --show --showformat='${db:Status-Status}
' 'linux-base' 2&gt;/dev/null | grep -q ^installed &amp;&amp; dpkg-query --show --showformat='${db:Status-Status}\n' 'auditd' 2&gt;/dev/null | grep -q '^installed'; then

# First perform the remediation of the syscall rule
# Retrieve hardware architecture of the underlying system
[ "$(getconf LONG_BIT)" = "32" ] &amp;&amp; RULE_ARCHS=("b32") || RULE_ARCHS=("b32" "b64")

AUID_FILTERS="-F auid&gt;=1000 -F auid!=unset"
SYSCALL="openat"
KEY="access"
SYSCALL_GROUPING="creat ftruncate truncate open openat open_by_handle_at"

for ARCH in "${RULE_ARCHS[@]}"
do
	ACTION_ARCH_FILTERS="-a always,exit -F arch=$ARCH"
	OTHER_FILTERS="-F exit=-EACCES"
	# Perform the remediation for both possible tools: 'auditctl' and 'augenrules'
	unset syscall_a
unset syscall_grouping
unset syscall_string
unset syscall
unset file_to_edit
unset rule_to_edit
unset rule_syscalls_to_edit
unset other_string
unset auid_string
unset full_rule

# Load macro arguments into arrays
read -a syscall_a &lt;&lt;&lt; $SYSCALL
read -a syscall_grouping &lt;&lt;&lt; $SYSCALL_GROUPING

# Create a list of audit *.rules files that should be inspected for presence and correctness
# of a particular audit rule. The scheme is as follows:
#
# -----------------------------------------------------------------------------------------
#  Tool used to load audit rules | Rule already defined  |  Audit rules file to inspect    |
# -----------------------------------------------------------------------------------------
#        auditctl                |     Doesn't matter    |  /etc/audit/audit.rules         |
# -----------------------------------------------------------------------------------------
#        augenrules              |          Yes          |  /etc/audit/rules.d/*.rules     |
#        augenrules              |          No           |  /etc/audit/rules.d/$key.rules  |
# -----------------------------------------------------------------------------------------
#
files_to_inspect=()

# If audit tool is 'augenrules', then check if the audit rule is defined
# If rule is defined, add '/etc/audit/rules.d/*.rules' to the list for inspection
# If rule isn't defined yet, add '/etc/audit/rules.d/$key.rules' to the list for inspection
default_file="/etc/audit/rules.d/$KEY.rules"
# As other_filters may include paths, lets use a different delimiter for it
# The "F" script expression tells sed to print the filenames where the expressions matched
readarray -t files_to_inspect &lt; &lt;(sed -s -n -e "/^$ACTION_ARCH_FILTERS/!d" -e "\#$OTHER_FILTERS#!d" -e "/$AUID_FILTERS/!d" -e "F" /etc/audit/rules.d/*.rules)
# Case when particular rule isn't defined in /etc/audit/rules.d/*.rules yet
if [ ${#files_to_inspect[@]} -eq "0" ]
then
    file_to_inspect="/etc/audit/rules.d/$KEY.rules"
    files_to_inspect=("$file_to_inspect")
    if [ ! -e "$file_to_inspect" ]
    then
        touch "$file_to_inspect"
        chmod 0600 "$file_to_inspect"
    fi
fi

# After converting to jinja, we cannot return; therefore we skip the rest of the macro if needed instead
skip=1

for audit_file in "${files_to_inspect[@]}"
do
    # Filter existing $audit_file rules' definitions to select those that satisfy the rule pattern,
    # i.e, collect rules that match:
    # * the action, list and arch, (2-nd argument)
    # * the other filters, (3-rd argument)
    # * the auid filters, (4-rd argument)
    readarray -t similar_rules &lt; &lt;(sed -e "/^$ACTION_ARCH_FILTERS/!d"  -e "\#$OTHER_FILTERS#!d" -e "/$AUID_FILTERS/!d" "$audit_file")

    candidate_rules=()
    # Filter out rules that have more fields then required. This will remove rules more specific than the required scope
    for s_rule in "${similar_rules[@]}"
    do
        # Strip all the options and fields we know of,
        # than check if there was any field left over
        extra_fields=$(sed -E -e "s/^$ACTION_ARCH_FILTERS//"  -e "s#$OTHER_FILTERS##" -e "s/$AUID_FILTERS//" -e "s/((:?-S [[:alnum:],]+)+)//g" -e "s/-F key=\w+|-k \w+//"&lt;&lt;&lt; "$s_rule")
        grep -q -- "-F" &lt;&lt;&lt; "$extra_fields" || candidate_rules+=("$s_rule")
    done

    if [[ ${#syscall_a[@]} -ge 1 ]]
    then
        # Check if the syscall we want is present in any of the similar existing rules
        for rule in "${candidate_rules[@]}"
        do
            rule_syscalls=$(echo "$rule" | grep -o -P '(-S [\w,]+)+' | xargs)
            all_syscalls_found=0
            for syscall in "${syscall_a[@]}"
            do
                grep -q -- "\b${syscall}\b" &lt;&lt;&lt; "$rule_syscalls" || {
                   # A syscall was not found in the candidate rule
                   all_syscalls_found=1
                   }
            done
            if [[ $all_syscalls_found -eq 0 ]]
            then
                # We found a rule with all the syscall(s) we want; skip rest of macro
                skip=0
                break
            fi

            # Check if this rule can be grouped with our target syscall and keep track of it
            for syscall_g in "${syscall_grouping[@]}"
            do
                if grep -q -- "\b${syscall_g}\b" &lt;&lt;&lt; "$rule_syscalls"
                then
                    file_to_edit=${audit_file}
                    rule_to_edit=${rule}
                    rule_syscalls_to_edit=${rule_syscalls}
                fi
            done
        done
    else
        # If there is any candidate rule, it is compliant; skip rest of macro
        if [ "${#candidate_rules[@]}" -gt 0 ]
        then
            skip=0
        fi
    fi

    if [ "$skip" -eq 0 ]; then
        break
    fi
done

if [ "$skip" -ne 0 ]; then
    # We checked all rules that matched the expected resemblance pattern (action, arch &amp; auid)
    # At this point we know if we need to either append the $full_rule or group
    # the syscall together with an exsiting rule

    # Append the full_rule if it cannot be grouped to any other rule
    if [ -z ${rule_to_edit+x} ]
    then
        # Build full_rule while avoid adding double spaces when other_filters is empty
        if [ "${#syscall_a[@]}" -gt 0 ]
        then
            syscall_string=""
            for syscall in "${syscall_a[@]}"
            do
                syscall_string+=" -S $syscall"
            done
        fi
        other_string=$([[ $OTHER_FILTERS ]] &amp;&amp; echo " $OTHER_FILTERS") || /bin/true
        auid_string=$([[ $AUID_FILTERS ]] &amp;&amp; echo " $AUID_FILTERS") || /bin/true
        full_rule="$ACTION_ARCH_FILTERS${syscall_string}${other_string}${auid_string} -F key=$KEY" || /bin/true
        echo "$full_rule" &gt;&gt; "$default_file"
        chmod 0600 ${default_file}
    else
        # Check if the syscalls are declared as a comma separated list or
        # as multiple -S parameters
        if grep -q -- "," &lt;&lt;&lt; "${rule_syscalls_to_edit}"
        then
            delimiter=","
        else
            delimiter=" -S "
        fi
        new_grouped_syscalls="${rule_syscalls_to_edit}"
        for syscall in "${syscall_a[@]}"
        do
            grep -q -- "\b${syscall}\b" &lt;&lt;&lt; "${rule_syscalls_to_edit}" || {
               # A syscall was not found in the candidate rule
               new_grouped_syscalls+="${delimiter}${syscall}"
               }
        done

        # Group the syscall in the rule
        sed -i -e "\#${rule_to_edit}#s#${rule_syscalls_to_edit}#${new_grouped_syscalls}#" "$file_to_edit"
    fi
fi
	unset syscall_a
unset syscall_grouping
unset syscall_string
unset syscall
unset file_to_edit
unset rule_to_edit
unset rule_syscalls_to_edit
unset other_string
unset auid_string
unset full_rule

# Load macro arguments into arrays
read -a syscall_a &lt;&lt;&lt; $SYSCALL
read -a syscall_grouping &lt;&lt;&lt; $SYSCALL_GROUPING

# Create a list of audit *.rules files that should be inspected for presence and correctness
# of a particular audit rule. The scheme is as follows:
#
# -----------------------------------------------------------------------------------------
#  Tool used to load audit rules | Rule already defined  |  Audit rules file to inspect    |
# -----------------------------------------------------------------------------------------
#        auditctl                |     Doesn't matter    |  /etc/audit/audit.rules         |
# -----------------------------------------------------------------------------------------
#        augenrules              |          Yes          |  /etc/audit/rules.d/*.rules     |
#        augenrules              |          No           |  /etc/audit/rules.d/$key.rules  |
# -----------------------------------------------------------------------------------------
#
files_to_inspect=()


# If audit tool is 'auditctl', then add '/etc/audit/audit.rules'
# file to the list of files to be inspected
default_file="/etc/audit/audit.rules"
files_to_inspect+=('/etc/audit/audit.rules' )

# After converting to jinja, we cannot return; therefore we skip the rest of the macro if needed instead
skip=1

for audit_file in "${files_to_inspect[@]}"
do
    # Filter existing $audit_file rules' definitions to select those that satisfy the rule pattern,
    # i.e, collect rules that match:
    # * the action, list and arch, (2-nd argument)
    # * the other filters, (3-rd argument)
    # * the auid filters, (4-rd argument)
    readarray -t similar_rules &lt; &lt;(sed -e "/^$ACTION_ARCH_FILTERS/!d"  -e "\#$OTHER_FILTERS#!d" -e "/$AUID_FILTERS/!d" "$audit_file")

    candidate_rules=()
    # Filter out rules that have more fields then required. This will remove rules more specific than the required scope
    for s_rule in "${similar_rules[@]}"
    do
        # Strip all the options and fields we know of,
        # than check if there was any field left over
        extra_fields=$(sed -E -e "s/^$ACTION_ARCH_FILTERS//"  -e "s#$OTHER_FILTERS##" -e "s/$AUID_FILTERS//" -e "s/((:?-S [[:alnum:],]+)+)//g" -e "s/-F key=\w+|-k \w+//"&lt;&lt;&lt; "$s_rule")
        grep -q -- "-F" &lt;&lt;&lt; "$extra_fields" || candidate_rules+=("$s_rule")
    done

    if [[ ${#syscall_a[@]} -ge 1 ]]
    then
        # Check if the syscall we want is present in any of the similar existing rules
        for rule in "${candidate_rules[@]}"
        do
            rule_syscalls=$(echo "$rule" | grep -o -P '(-S [\w,]+)+' | xargs)
            all_syscalls_found=0
            for syscall in "${syscall_a[@]}"
            do
                grep -q -- "\b${syscall}\b" &lt;&lt;&lt; "$rule_syscalls" || {
                   # A syscall was not found in the candidate rule
                   all_syscalls_found=1
                   }
            done
            if [[ $all_syscalls_found -eq 0 ]]
            then
                # We found a rule with all the syscall(s) we want; skip rest of macro
                skip=0
                break
            fi

            # Check if this rule can be grouped with our target syscall and keep track of it
            for syscall_g in "${syscall_grouping[@]}"
            do
                if grep -q -- "\b${syscall_g}\b" &lt;&lt;&lt; "$rule_syscalls"
                then
                    file_to_edit=${audit_file}
                    rule_to_edit=${rule}
                    rule_syscalls_to_edit=${rule_syscalls}
                fi
            done
        done
    else
        # If there is any candidate rule, it is compliant; skip rest of macro
        if [ "${#candidate_rules[@]}" -gt 0 ]
        then
            skip=0
        fi
    fi

    if [ "$skip" -eq 0 ]; then
        break
    fi
done

if [ "$skip" -ne 0 ]; then
    # We checked all rules that matched the expected resemblance pattern (action, arch &amp; auid)
    # At this point we know if we need to either append the $full_rule or group
    # the syscall together with an exsiting rule

    # Append the full_rule if it cannot be grouped to any other rule
    if [ -z ${rule_to_edit+x} ]
    then
        # Build full_rule while avoid adding double spaces when other_filters is empty
        if [ "${#syscall_a[@]}" -gt 0 ]
        then
            syscall_string=""
            for syscall in "${syscall_a[@]}"
            do
                syscall_string+=" -S $syscall"
            done
        fi
        other_string=$([[ $OTHER_FILTERS ]] &amp;&amp; echo " $OTHER_FILTERS") || /bin/true
        auid_string=$([[ $AUID_FILTERS ]] &amp;&amp; echo " $AUID_FILTERS") || /bin/true
        full_rule="$ACTION_ARCH_FILTERS${syscall_string}${other_string}${auid_string} -F key=$KEY" || /bin/true
        echo "$full_rule" &gt;&gt; "$default_file"
        chmod 0600 ${default_file}
    else
        # Check if the syscalls are declared as a comma separated list or
        # as multiple -S parameters
        if grep -q -- "," &lt;&lt;&lt; "${rule_syscalls_to_edit}"
        then
            delimiter=","
        else
            delimiter=" -S "
        fi
        new_grouped_syscalls="${rule_syscalls_to_edit}"
        for syscall in "${syscall_a[@]}"
        do
            grep -q -- "\b${syscall}\b" &lt;&lt;&lt; "${rule_syscalls_to_edit}" || {
               # A syscall was not found in the candidate rule
               new_grouped_syscalls+="${delimiter}${syscall}"
               }
        done

        # Group the syscall in the rule
        sed -i -e "\#${rule_to_edit}#s#${rule_syscalls_to_edit}#${new_grouped_syscalls}#" "$file_to_edit"
    fi
fi
done

for ARCH in "${RULE_ARCHS[@]}"
do
	ACTION_ARCH_FILTERS="-a always,exit -F arch=$ARCH"
	OTHER_FILTERS="-F exit=-EPERM"
	# Perform the remediation for both possible tools: 'auditctl' and 'augenrules'
	unset syscall_a
unset syscall_grouping
unset syscall_string
unset syscall
unset file_to_edit
unset rule_to_edit
unset rule_syscalls_to_edit
unset other_string
unset auid_string
unset full_rule

# Load macro arguments into arrays
read -a syscall_a &lt;&lt;&lt; $SYSCALL
read -a syscall_grouping &lt;&lt;&lt; $SYSCALL_GROUPING

# Create a list of audit *.rules files that should be inspected for presence and correctness
# of a particular audit rule. The scheme is as follows:
#
# -----------------------------------------------------------------------------------------
#  Tool used to load audit rules | Rule already defined  |  Audit rules file to inspect    |
# -----------------------------------------------------------------------------------------
#        auditctl                |     Doesn't matter    |  /etc/audit/audit.rules         |
# -----------------------------------------------------------------------------------------
#        augenrules              |          Yes          |  /etc/audit/rules.d/*.rules     |
#        augenrules              |          No           |  /etc/audit/rules.d/$key.rules  |
# -----------------------------------------------------------------------------------------
#
files_to_inspect=()

# If audit tool is 'augenrules', then check if the audit rule is defined
# If rule is defined, add '/etc/audit/rules.d/*.rules' to the list for inspection
# If rule isn't defined yet, add '/etc/audit/rules.d/$key.rules' to the list for inspection
default_file="/etc/audit/rules.d/$KEY.rules"
# As other_filters may include paths, lets use a different delimiter for it
# The "F" script expression tells sed to print the filenames where the expressions matched
readarray -t files_to_inspect &lt; &lt;(sed -s -n -e "/^$ACTION_ARCH_FILTERS/!d" -e "\#$OTHER_FILTERS#!d" -e "/$AUID_FILTERS/!d" -e "F" /etc/audit/rules.d/*.rules)
# Case when particular rule isn't defined in /etc/audit/rules.d/*.rules yet
if [ ${#files_to_inspect[@]} -eq "0" ]
then
    file_to_inspect="/etc/audit/rules.d/$KEY.rules"
    files_to_inspect=("$file_to_inspect")
    if [ ! -e "$file_to_inspect" ]
    then
        touch "$file_to_inspect"
        chmod 0600 "$file_to_inspect"
    fi
fi

# After converting to jinja, we cannot return; therefore we skip the rest of the macro if needed instead
skip=1

for audit_file in "${files_to_inspect[@]}"
do
    # Filter existing $audit_file rules' definitions to select those that satisfy the rule pattern,
    # i.e, collect rules that match:
    # * the action, list and arch, (2-nd argument)
    # * the other filters, (3-rd argument)
    # * the auid filters, (4-rd argument)
    readarray -t similar_rules &lt; &lt;(sed -e "/^$ACTION_ARCH_FILTERS/!d"  -e "\#$OTHER_FILTERS#!d" -e "/$AUID_FILTERS/!d" "$audit_file")

    candidate_rules=()
    # Filter out rules that have more fields then required. This will remove rules more specific than the required scope
    for s_rule in "${similar_rules[@]}"
    do
        # Strip all the options and fields we know of,
        # than check if there was any field left over
        extra_fields=$(sed -E -e "s/^$ACTION_ARCH_FILTERS//"  -e "s#$OTHER_FILTERS##" -e "s/$AUID_FILTERS//" -e "s/((:?-S [[:alnum:],]+)+)//g" -e "s/-F key=\w+|-k \w+//"&lt;&lt;&lt; "$s_rule")
        grep -q -- "-F" &lt;&lt;&lt; "$extra_fields" || candidate_rules+=("$s_rule")
    done

    if [[ ${#syscall_a[@]} -ge 1 ]]
    then
        # Check if the syscall we want is present in any of the similar existing rules
        for rule in "${candidate_rules[@]}"
        do
            rule_syscalls=$(echo "$rule" | grep -o -P '(-S [\w,]+)+' | xargs)
            all_syscalls_found=0
            for syscall in "${syscall_a[@]}"
            do
                grep -q -- "\b${syscall}\b" &lt;&lt;&lt; "$rule_syscalls" || {
                   # A syscall was not found in the candidate rule
                   all_syscalls_found=1
                   }
            done
            if [[ $all_syscalls_found -eq 0 ]]
            then
                # We found a rule with all the syscall(s) we want; skip rest of macro
                skip=0
                break
            fi

            # Check if this rule can be grouped with our target syscall and keep track of it
            for syscall_g in "${syscall_grouping[@]}"
            do
                if grep -q -- "\b${syscall_g}\b" &lt;&lt;&lt; "$rule_syscalls"
                then
                    file_to_edit=${audit_file}
                    rule_to_edit=${rule}
                    rule_syscalls_to_edit=${rule_syscalls}
                fi
            done
        done
    else
        # If there is any candidate rule, it is compliant; skip rest of macro
        if [ "${#candidate_rules[@]}" -gt 0 ]
        then
            skip=0
        fi
    fi

    if [ "$skip" -eq 0 ]; then
        break
    fi
done

if [ "$skip" -ne 0 ]; then
    # We checked all rules that matched the expected resemblance pattern (action, arch &amp; auid)
    # At this point we know if we need to either append the $full_rule or group
    # the syscall together with an exsiting rule

    # Append the full_rule if it cannot be grouped to any other rule
    if [ -z ${rule_to_edit+x} ]
    then
        # Build full_rule while avoid adding double spaces when other_filters is empty
        if [ "${#syscall_a[@]}" -gt 0 ]
        then
            syscall_string=""
            for syscall in "${syscall_a[@]}"
            do
                syscall_string+=" -S $syscall"
            done
        fi
        other_string=$([[ $OTHER_FILTERS ]] &amp;&amp; echo " $OTHER_FILTERS") || /bin/true
        auid_string=$([[ $AUID_FILTERS ]] &amp;&amp; echo " $AUID_FILTERS") || /bin/true
        full_rule="$ACTION_ARCH_FILTERS${syscall_string}${other_string}${auid_string} -F key=$KEY" || /bin/true
        echo "$full_rule" &gt;&gt; "$default_file"
        chmod 0600 ${default_file}
    else
        # Check if the syscalls are declared as a comma separated list or
        # as multiple -S parameters
        if grep -q -- "," &lt;&lt;&lt; "${rule_syscalls_to_edit}"
        then
            delimiter=","
        else
            delimiter=" -S "
        fi
        new_grouped_syscalls="${rule_syscalls_to_edit}"
        for syscall in "${syscall_a[@]}"
        do
            grep -q -- "\b${syscall}\b" &lt;&lt;&lt; "${rule_syscalls_to_edit}" || {
               # A syscall was not found in the candidate rule
               new_grouped_syscalls+="${delimiter}${syscall}"
               }
        done

        # Group the syscall in the rule
        sed -i -e "\#${rule_to_edit}#s#${rule_syscalls_to_edit}#${new_grouped_syscalls}#" "$file_to_edit"
    fi
fi
	unset syscall_a
unset syscall_grouping
unset syscall_string
unset syscall
unset file_to_edit
unset rule_to_edit
unset rule_syscalls_to_edit
unset other_string
unset auid_string
unset full_rule

# Load macro arguments into arrays
read -a syscall_a &lt;&lt;&lt; $SYSCALL
read -a syscall_grouping &lt;&lt;&lt; $SYSCALL_GROUPING

# Create a list of audit *.rules files that should be inspected for presence and correctness
# of a particular audit rule. The scheme is as follows:
#
# -----------------------------------------------------------------------------------------
#  Tool used to load audit rules | Rule already defined  |  Audit rules file to inspect    |
# -----------------------------------------------------------------------------------------
#        auditctl                |     Doesn't matter    |  /etc/audit/audit.rules         |
# -----------------------------------------------------------------------------------------
#        augenrules              |          Yes          |  /etc/audit/rules.d/*.rules     |
#        augenrules              |          No           |  /etc/audit/rules.d/$key.rules  |
# -----------------------------------------------------------------------------------------
#
files_to_inspect=()


# If audit tool is 'auditctl', then add '/etc/audit/audit.rules'
# file to the list of files to be inspected
default_file="/etc/audit/audit.rules"
files_to_inspect+=('/etc/audit/audit.rules' )

# After converting to jinja, we cannot return; therefore we skip the rest of the macro if needed instead
skip=1

for audit_file in "${files_to_inspect[@]}"
do
    # Filter existing $audit_file rules' definitions to select those that satisfy the rule pattern,
    # i.e, collect rules that match:
    # * the action, list and arch, (2-nd argument)
    # * the other filters, (3-rd argument)
    # * the auid filters, (4-rd argument)
    readarray -t similar_rules &lt; &lt;(sed -e "/^$ACTION_ARCH_FILTERS/!d"  -e "\#$OTHER_FILTERS#!d" -e "/$AUID_FILTERS/!d" "$audit_file")

    candidate_rules=()
    # Filter out rules that have more fields then required. This will remove rules more specific than the required scope
    for s_rule in "${similar_rules[@]}"
    do
        # Strip all the options and fields we know of,
        # than check if there was any field left over
        extra_fields=$(sed -E -e "s/^$ACTION_ARCH_FILTERS//"  -e "s#$OTHER_FILTERS##" -e "s/$AUID_FILTERS//" -e "s/((:?-S [[:alnum:],]+)+)//g" -e "s/-F key=\w+|-k \w+//"&lt;&lt;&lt; "$s_rule")
        grep -q -- "-F" &lt;&lt;&lt; "$extra_fields" || candidate_rules+=("$s_rule")
    done

    if [[ ${#syscall_a[@]} -ge 1 ]]
    then
        # Check if the syscall we want is present in any of the similar existing rules
        for rule in "${candidate_rules[@]}"
        do
            rule_syscalls=$(echo "$rule" | grep -o -P '(-S [\w,]+)+' | xargs)
            all_syscalls_found=0
            for syscall in "${syscall_a[@]}"
            do
                grep -q -- "\b${syscall}\b" &lt;&lt;&lt; "$rule_syscalls" || {
                   # A syscall was not found in the candidate rule
                   all_syscalls_found=1
                   }
            done
            if [[ $all_syscalls_found -eq 0 ]]
            then
                # We found a rule with all the syscall(s) we want; skip rest of macro
                skip=0
                break
            fi

            # Check if this rule can be grouped with our target syscall and keep track of it
            for syscall_g in "${syscall_grouping[@]}"
            do
                if grep -q -- "\b${syscall_g}\b" &lt;&lt;&lt; "$rule_syscalls"
                then
                    file_to_edit=${audit_file}
                    rule_to_edit=${rule}
                    rule_syscalls_to_edit=${rule_syscalls}
                fi
            done
        done
    else
        # If there is any candidate rule, it is compliant; skip rest of macro
        if [ "${#candidate_rules[@]}" -gt 0 ]
        then
            skip=0
        fi
    fi

    if [ "$skip" -eq 0 ]; then
        break
    fi
done

if [ "$skip" -ne 0 ]; then
    # We checked all rules that matched the expected resemblance pattern (action, arch &amp; auid)
    # At this point we know if we need to either append the $full_rule or group
    # the syscall together with an exsiting rule

    # Append the full_rule if it cannot be grouped to any other rule
    if [ -z ${rule_to_edit+x} ]
    then
        # Build full_rule while avoid adding double spaces when other_filters is empty
        if [ "${#syscall_a[@]}" -gt 0 ]
        then
            syscall_string=""
            for syscall in "${syscall_a[@]}"
            do
                syscall_string+=" -S $syscall"
            done
        fi
        other_string=$([[ $OTHER_FILTERS ]] &amp;&amp; echo " $OTHER_FILTERS") || /bin/true
        auid_string=$([[ $AUID_FILTERS ]] &amp;&amp; echo " $AUID_FILTERS") || /bin/true
        full_rule="$ACTION_ARCH_FILTERS${syscall_string}${other_string}${auid_string} -F key=$KEY" || /bin/true
        echo "$full_rule" &gt;&gt; "$default_file"
        chmod 0600 ${default_file}
    else
        # Check if the syscalls are declared as a comma separated list or
        # as multiple -S parameters
        if grep -q -- "," &lt;&lt;&lt; "${rule_syscalls_to_edit}"
        then
            delimiter=","
        else
            delimiter=" -S "
        fi
        new_grouped_syscalls="${rule_syscalls_to_edit}"
        for syscall in "${syscall_a[@]}"
        do
            grep -q -- "\b${syscall}\b" &lt;&lt;&lt; "${rule_syscalls_to_edit}" || {
               # A syscall was not found in the candidate rule
               new_grouped_syscalls+="${delimiter}${syscall}"
               }
        done

        # Group the syscall in the rule
        sed -i -e "\#${rule_to_edit}#s#${rule_syscalls_to_edit}#${new_grouped_syscalls}#" "$file_to_edit"
    fi
fi
done

else
    &gt;&amp;2 echo 'Remediation is not applicable, nothing was done'
fi
</fix>
          <check system="http://oval.mitre.org/XMLSchema/oval-definitions-5">
            <check-content-ref name="oval:ssg-audit_rules_unsuccessful_file_modification_openat:def:1" href="ssg-ubuntu2404-oval.xml"/>
          </check>
          <check system="http://scap.nist.gov/schema/ocil/2">
            <check-content-ref name="ocil:ssg-audit_rules_unsuccessful_file_modification_openat_ocil:questionnaire:1" href="ssg-ubuntu2404-ocil.xml"/>
          </check>
        </Rule>
        <Rule id="xccdf_org.ssgproject.content_rule_audit_rules_unsuccessful_file_modification_truncate" selected="false" role="full" severity="medium">
          <title xmlns:xhtml="http://www.w3.org/1999/xhtml" xml:lang="en-US">Record Unsuccessful Access Attempts to Files - truncate</title>
          <description xmlns:xhtml="http://www.w3.org/1999/xhtml" xml:lang="en-US">At a minimum, the audit system should collect unauthorized file
accesses for all users and root. If the <html:code xmlns:html="http://www.w3.org/1999/xhtml">auditd</html:code> daemon is configured
to use the <html:code xmlns:html="http://www.w3.org/1999/xhtml">augenrules</html:code> program to read audit rules during daemon
startup (the default), add the following lines to a file with suffix
<html:code xmlns:html="http://www.w3.org/1999/xhtml">.rules</html:code> in the directory <html:code xmlns:html="http://www.w3.org/1999/xhtml">/etc/audit/rules.d</html:code>:
<html:pre xmlns:html="http://www.w3.org/1999/xhtml">-a always,exit -F arch=b32 -S truncate -F exit=-EACCES -F auid&gt;=1000 -F auid!=unset -F key=access
-a always,exit -F arch=b32 -S truncate -F exit=-EPERM -F auid&gt;=1000 -F auid!=unset -F key=access</html:pre>

If the system is 64 bit then also add the following lines:
<html:pre xmlns:html="http://www.w3.org/1999/xhtml">
-a always,exit -F arch=b64 -S truncate -F exit=-EACCES -F auid&gt;=1000 -F auid!=unset -F key=access
-a always,exit -F arch=b64 -S truncate -F exit=-EPERM -F auid&gt;=1000 -F auid!=unset -F key=access</html:pre>

If the <html:code xmlns:html="http://www.w3.org/1999/xhtml">auditd</html:code> daemon is configured to use the <html:code xmlns:html="http://www.w3.org/1999/xhtml">auditctl</html:code>
utility to read audit rules during daemon startup, add the following lines to
<html:code xmlns:html="http://www.w3.org/1999/xhtml">/etc/audit/audit.rules</html:code> file:
<html:pre xmlns:html="http://www.w3.org/1999/xhtml">-a always,exit -F arch=b32 -S truncate -F exit=-EACCES -F auid&gt;=1000 -F auid!=unset -F key=access
-a always,exit -F arch=b32 -S truncate -F exit=-EPERM -F auid&gt;=1000 -F auid!=unset -F key=access</html:pre>

If the system is 64 bit then also add the following lines:
<html:pre xmlns:html="http://www.w3.org/1999/xhtml">
-a always,exit -F arch=b64 -S truncate -F exit=-EACCES -F auid&gt;=1000 -F auid!=unset -F key=access
-a always,exit -F arch=b64 -S truncate -F exit=-EPERM -F auid&gt;=1000 -F auid!=unset -F key=access</html:pre>
       </description>
          <warning xmlns:xhtml="http://www.w3.org/1999/xhtml" xml:lang="en-US" category="general">Note that these rules can be configured in a
number of ways while still achieving the desired effect. Here the system calls
have been placed independent of other system calls. Grouping these system
calls with others as identifying earlier in this guide is more efficient.</warning>
          <reference href="https://www.cisecurity.org/controls/">1</reference>
          <reference href="https://www.cisecurity.org/controls/">11</reference>
          <reference href="https://www.cisecurity.org/controls/">12</reference>
          <reference href="https://www.cisecurity.org/controls/">13</reference>
          <reference href="https://www.cisecurity.org/controls/">14</reference>
          <reference href="https://www.cisecurity.org/controls/">15</reference>
          <reference href="https://www.cisecurity.org/controls/">16</reference>
          <reference href="https://www.cisecurity.org/controls/">19</reference>
          <reference href="https://www.cisecurity.org/controls/">2</reference>
          <reference href="https://www.cisecurity.org/controls/">3</reference>
          <reference href="https://www.cisecurity.org/controls/">4</reference>
          <reference href="https://www.cisecurity.org/controls/">5</reference>
          <reference href="https://www.cisecurity.org/controls/">6</reference>
          <reference href="https://www.cisecurity.org/controls/">7</reference>
          <reference href="https://www.cisecurity.org/controls/">8</reference>
          <reference href="https://www.cisecurity.org/controls/">9</reference>
          <reference href="https://www.isaca.org/resources/cobit">APO10.01</reference>
          <reference href="https://www.isaca.org/resources/cobit">APO10.03</reference>
          <reference href="https://www.isaca.org/resources/cobit">APO10.04</reference>
          <reference href="https://www.isaca.org/resources/cobit">APO10.05</reference>
          <reference href="https://www.isaca.org/resources/cobit">APO11.04</reference>
          <reference href="https://www.isaca.org/resources/cobit">APO12.06</reference>
          <reference href="https://www.isaca.org/resources/cobit">APO13.01</reference>
          <reference href="https://www.isaca.org/resources/cobit">BAI03.05</reference>
          <reference href="https://www.isaca.org/resources/cobit">BAI08.02</reference>
          <reference href="https://www.isaca.org/resources/cobit">DSS01.03</reference>
          <reference href="https://www.isaca.org/resources/cobit">DSS01.04</reference>
          <reference href="https://www.isaca.org/resources/cobit">DSS02.02</reference>
          <reference href="https://www.isaca.org/resources/cobit">DSS02.04</reference>
          <reference href="https://www.isaca.org/resources/cobit">DSS02.07</reference>
          <reference href="https://www.isaca.org/resources/cobit">DSS03.01</reference>
          <reference href="https://www.isaca.org/resources/cobit">DSS03.05</reference>
          <reference href="https://www.isaca.org/resources/cobit">DSS05.02</reference>
          <reference href="https://www.isaca.org/resources/cobit">DSS05.03</reference>
          <reference href="https://www.isaca.org/resources/cobit">DSS05.04</reference>
          <reference href="https://www.isaca.org/resources/cobit">DSS05.05</reference>
          <reference href="https://www.isaca.org/resources/cobit">DSS05.07</reference>
          <reference href="https://www.isaca.org/resources/cobit">MEA01.01</reference>
          <reference href="https://www.isaca.org/resources/cobit">MEA01.02</reference>
          <reference href="https://www.isaca.org/resources/cobit">MEA01.03</reference>
          <reference href="https://www.isaca.org/resources/cobit">MEA01.04</reference>
          <reference href="https://www.isaca.org/resources/cobit">MEA01.05</reference>
          <reference href="https://www.isaca.org/resources/cobit">MEA02.01</reference>
          <reference href="http://nvlpubs.nist.gov/nistpubs/SpecialPublications/NIST.SP.800-171.pdf">3.1.7</reference>
          <reference href="https://public.cyber.mil/stigs/cci/">CCI-000172</reference>
          <reference href="https://public.cyber.mil/stigs/cci/">CCI-000130</reference>
          <reference href="https://public.cyber.mil/stigs/cci/">CCI-000135</reference>
          <reference href="https://public.cyber.mil/stigs/cci/">CCI-000169</reference>
          <reference href="https://public.cyber.mil/stigs/cci/">CCI-002884</reference>
          <reference href="https://www.gpo.gov/fdsys/pkg/CFR-2007-title45-vol1/pdf/CFR-2007-title45-vol1-chapA-subchapC.pdf">164.308(a)(1)(ii)(D)</reference>
          <reference href="https://www.gpo.gov/fdsys/pkg/CFR-2007-title45-vol1/pdf/CFR-2007-title45-vol1-chapA-subchapC.pdf">164.308(a)(3)(ii)(A)</reference>
          <reference href="https://www.gpo.gov/fdsys/pkg/CFR-2007-title45-vol1/pdf/CFR-2007-title45-vol1-chapA-subchapC.pdf">164.308(a)(5)(ii)(C)</reference>
          <reference href="https://www.gpo.gov/fdsys/pkg/CFR-2007-title45-vol1/pdf/CFR-2007-title45-vol1-chapA-subchapC.pdf">164.312(a)(2)(i)</reference>
          <reference href="https://www.gpo.gov/fdsys/pkg/CFR-2007-title45-vol1/pdf/CFR-2007-title45-vol1-chapA-subchapC.pdf">164.312(b)</reference>
          <reference href="https://www.gpo.gov/fdsys/pkg/CFR-2007-title45-vol1/pdf/CFR-2007-title45-vol1-chapA-subchapC.pdf">164.312(d)</reference>
          <reference href="https://www.gpo.gov/fdsys/pkg/CFR-2007-title45-vol1/pdf/CFR-2007-title45-vol1-chapA-subchapC.pdf">164.312(e)</reference>
          <reference href="https://www.isa.org/products/isa-62443-2-1-2009-security-for-industrial-automat">4.2.3.10</reference>
          <reference href="https://www.isa.org/products/isa-62443-2-1-2009-security-for-industrial-automat">4.3.2.6.7</reference>
          <reference href="https://www.isa.org/products/isa-62443-2-1-2009-security-for-industrial-automat">4.3.3.3.9</reference>
          <reference href="https://www.isa.org/products/isa-62443-2-1-2009-security-for-industrial-automat">4.3.3.5.8</reference>
          <reference href="https://www.isa.org/products/isa-62443-2-1-2009-security-for-industrial-automat">4.3.3.6.6</reference>
          <reference href="https://www.isa.org/products/isa-62443-2-1-2009-security-for-industrial-automat">4.3.4.4.7</reference>
          <reference href="https://www.isa.org/products/isa-62443-2-1-2009-security-for-industrial-automat">4.3.4.5.6</reference>
          <reference href="https://www.isa.org/products/isa-62443-2-1-2009-security-for-industrial-automat">4.3.4.5.7</reference>
          <reference href="https://www.isa.org/products/isa-62443-2-1-2009-security-for-industrial-automat">4.3.4.5.8</reference>
          <reference href="https://www.isa.org/products/isa-62443-2-1-2009-security-for-industrial-automat">4.4.2.1</reference>
          <reference href="https://www.isa.org/products/isa-62443-2-1-2009-security-for-industrial-automat">4.4.2.2</reference>
          <reference href="https://www.isa.org/products/isa-62443-2-1-2009-security-for-industrial-automat">4.4.2.4</reference>
          <reference href="https://www.isa.org/products/ansi-isa-62443-3-3-99-03-03-2013-security-for-indu">SR 1.13</reference>
          <reference href="https://www.isa.org/products/ansi-isa-62443-3-3-99-03-03-2013-security-for-indu">SR 2.10</reference>
          <reference href="https://www.isa.org/products/ansi-isa-62443-3-3-99-03-03-2013-security-for-indu">SR 2.11</reference>
          <reference href="https://www.isa.org/products/ansi-isa-62443-3-3-99-03-03-2013-security-for-indu">SR 2.12</reference>
          <reference href="https://www.isa.org/products/ansi-isa-62443-3-3-99-03-03-2013-security-for-indu">SR 2.6</reference>
          <reference href="https://www.isa.org/products/ansi-isa-62443-3-3-99-03-03-2013-security-for-indu">SR 2.8</reference>
          <reference href="https://www.isa.org/products/ansi-isa-62443-3-3-99-03-03-2013-security-for-indu">SR 2.9</reference>
          <reference href="https://www.isa.org/products/ansi-isa-62443-3-3-99-03-03-2013-security-for-indu">SR 3.1</reference>
          <reference href="https://www.isa.org/products/ansi-isa-62443-3-3-99-03-03-2013-security-for-indu">SR 3.5</reference>
          <reference href="https://www.isa.org/products/ansi-isa-62443-3-3-99-03-03-2013-security-for-indu">SR 3.8</reference>
          <reference href="https://www.isa.org/products/ansi-isa-62443-3-3-99-03-03-2013-security-for-indu">SR 4.1</reference>
          <reference href="https://www.isa.org/products/ansi-isa-62443-3-3-99-03-03-2013-security-for-indu">SR 4.3</reference>
          <reference href="https://www.isa.org/products/ansi-isa-62443-3-3-99-03-03-2013-security-for-indu">SR 5.1</reference>
          <reference href="https://www.isa.org/products/ansi-isa-62443-3-3-99-03-03-2013-security-for-indu">SR 5.2</reference>
          <reference href="https://www.isa.org/products/ansi-isa-62443-3-3-99-03-03-2013-security-for-indu">SR 5.3</reference>
          <reference href="https://www.isa.org/products/ansi-isa-62443-3-3-99-03-03-2013-security-for-indu">SR 6.1</reference>
          <reference href="https://www.isa.org/products/ansi-isa-62443-3-3-99-03-03-2013-security-for-indu">SR 6.2</reference>
          <reference href="https://www.isa.org/products/ansi-isa-62443-3-3-99-03-03-2013-security-for-indu">SR 7.1</reference>
          <reference href="https://www.isa.org/products/ansi-isa-62443-3-3-99-03-03-2013-security-for-indu">SR 7.6</reference>
          <reference href="https://www.iso.org/contents/data/standard/05/45/54534.html">A.11.2.6</reference>
          <reference href="https://www.iso.org/contents/data/standard/05/45/54534.html">A.12.4.1</reference>
          <reference href="https://www.iso.org/contents/data/standard/05/45/54534.html">A.12.4.2</reference>
          <reference href="https://www.iso.org/contents/data/standard/05/45/54534.html">A.12.4.3</reference>
          <reference href="https://www.iso.org/contents/data/standard/05/45/54534.html">A.12.4.4</reference>
          <reference href="https://www.iso.org/contents/data/standard/05/45/54534.html">A.12.7.1</reference>
          <reference href="https://www.iso.org/contents/data/standard/05/45/54534.html">A.13.1.1</reference>
          <reference href="https://www.iso.org/contents/data/standard/05/45/54534.html">A.13.2.1</reference>
          <reference href="https://www.iso.org/contents/data/standard/05/45/54534.html">A.14.1.3</reference>
          <reference href="https://www.iso.org/contents/data/standard/05/45/54534.html">A.14.2.7</reference>
          <reference href="https://www.iso.org/contents/data/standard/05/45/54534.html">A.15.2.1</reference>
          <reference href="https://www.iso.org/contents/data/standard/05/45/54534.html">A.15.2.2</reference>
          <reference href="https://www.iso.org/contents/data/standard/05/45/54534.html">A.16.1.4</reference>
          <reference href="https://www.iso.org/contents/data/standard/05/45/54534.html">A.16.1.5</reference>
          <reference href="https://www.iso.org/contents/data/standard/05/45/54534.html">A.16.1.7</reference>
          <reference href="https://www.iso.org/contents/data/standard/05/45/54534.html">A.6.2.1</reference>
          <reference href="https://www.iso.org/contents/data/standard/05/45/54534.html">A.6.2.2</reference>
          <reference href="http://nvlpubs.nist.gov/nistpubs/SpecialPublications/NIST.SP.800-53r4.pdf">AU-2(d)</reference>
          <reference href="http://nvlpubs.nist.gov/nistpubs/SpecialPublications/NIST.SP.800-53r4.pdf">AU-12(c)</reference>
          <reference href="http://nvlpubs.nist.gov/nistpubs/SpecialPublications/NIST.SP.800-53r4.pdf">CM-6(a)</reference>
          <reference href="https://nvlpubs.nist.gov/nistpubs/CSWP/NIST.CSWP.04162018.pdf">DE.AE-3</reference>
          <reference href="https://nvlpubs.nist.gov/nistpubs/CSWP/NIST.CSWP.04162018.pdf">DE.AE-5</reference>
          <reference href="https://nvlpubs.nist.gov/nistpubs/CSWP/NIST.CSWP.04162018.pdf">DE.CM-1</reference>
          <reference href="https://nvlpubs.nist.gov/nistpubs/CSWP/NIST.CSWP.04162018.pdf">DE.CM-3</reference>
          <reference href="https://nvlpubs.nist.gov/nistpubs/CSWP/NIST.CSWP.04162018.pdf">DE.CM-7</reference>
          <reference href="https://nvlpubs.nist.gov/nistpubs/CSWP/NIST.CSWP.04162018.pdf">ID.SC-4</reference>
          <reference href="https://nvlpubs.nist.gov/nistpubs/CSWP/NIST.CSWP.04162018.pdf">PR.AC-3</reference>
          <reference href="https://nvlpubs.nist.gov/nistpubs/CSWP/NIST.CSWP.04162018.pdf">PR.PT-1</reference>
          <reference href="https://nvlpubs.nist.gov/nistpubs/CSWP/NIST.CSWP.04162018.pdf">PR.PT-4</reference>
          <reference href="https://nvlpubs.nist.gov/nistpubs/CSWP/NIST.CSWP.04162018.pdf">RS.AN-1</reference>
          <reference href="https://nvlpubs.nist.gov/nistpubs/CSWP/NIST.CSWP.04162018.pdf">RS.AN-4</reference>
          <reference href="https://www.pcisecuritystandards.org/documents/PCI_DSS_v3-2-1.pdf">Req-10.2.4</reference>
          <reference href="https://www.pcisecuritystandards.org/documents/PCI_DSS_v3-2-1.pdf">Req-10.2.1</reference>
          <reference href="https://public.cyber.mil/stigs/downloads/?_dl_facet_stigs=operating-systems%2Cgeneral-purpose-os">SRG-OS-000037-GPOS-00015</reference>
          <reference href="https://public.cyber.mil/stigs/downloads/?_dl_facet_stigs=operating-systems%2Cgeneral-purpose-os">SRG-OS-000042-GPOS-00020</reference>
          <reference href="https://public.cyber.mil/stigs/downloads/?_dl_facet_stigs=operating-systems%2Cgeneral-purpose-os">SRG-OS-000062-GPOS-00031</reference>
          <reference href="https://public.cyber.mil/stigs/downloads/?_dl_facet_stigs=operating-systems%2Cgeneral-purpose-os">SRG-OS-000392-GPOS-00172</reference>
          <reference href="https://public.cyber.mil/stigs/downloads/?_dl_facet_stigs=operating-systems%2Cgeneral-purpose-os">SRG-OS-000462-GPOS-00206</reference>
          <reference href="https://public.cyber.mil/stigs/downloads/?_dl_facet_stigs=operating-systems%2Cgeneral-purpose-os">SRG-OS-000471-GPOS-00215</reference>
          <reference href="https://public.cyber.mil/stigs/downloads/?_dl_facet_stigs=operating-systems%2Cgeneral-purpose-os">SRG-OS-000064-GPOS-00033</reference>
          <reference href="https://public.cyber.mil/stigs/downloads/?_dl_facet_stigs=operating-systems%2Cgeneral-purpose-os">SRG-OS-000458-GPOS-00203</reference>
          <reference href="https://public.cyber.mil/stigs/downloads/?_dl_facet_stigs=operating-systems%2Cgeneral-purpose-os">SRG-OS-000461-GPOS-00205</reference>
          <reference href="https://public.cyber.mil/stigs/downloads/?_dl_facet_stigs=container-platform">SRG-APP-000495-CTR-001235</reference>
          <reference href="https://cyber.gouv.fr/sites/default/files/document/linux_configuration-en-v2.pdf">R73</reference>
          <reference href="https://www.cisecurity.org/benchmark/ubuntu_linux/">6.2.3.7</reference>
          <rationale xmlns:xhtml="http://www.w3.org/1999/xhtml" xml:lang="en-US">Unsuccessful attempts to access files could be an indicator of malicious activity on a system. Auditing
these events could serve as evidence of potential system compromise.</rationale>
          <fix xmlns:xhtml="http://www.w3.org/1999/xhtml" id="audit_rules_unsuccessful_file_modification_truncate" system="urn:xccdf:fix:script:ansible" reboot="true" complexity="low" disruption="low" strategy="restrict">- name: Gather the package facts
  package_facts:
    manager: auto
  tags:
  - NIST-800-171-3.1.7
  - NIST-800-53-AU-12(c)
  - NIST-800-53-AU-2(d)
  - NIST-800-53-CM-6(a)
  - PCI-DSS-Req-10.2.1
  - PCI-DSS-Req-10.2.4
  - audit_rules_unsuccessful_file_modification_truncate
  - low_complexity
  - low_disruption
  - medium_severity
  - reboot_required
  - restrict_strategy

- name: Set architecture for audit truncate tasks
  set_fact:
    audit_arch: b64
  when:
  - '"auditd" in ansible_facts.packages'
  - '"linux-base" in ansible_facts.packages'
  - ansible_architecture == "aarch64" or ansible_architecture == "ppc64" or ansible_architecture
    == "ppc64le" or ansible_architecture == "s390x" or ansible_architecture == "x86_64"
  tags:
  - NIST-800-171-3.1.7
  - NIST-800-53-AU-12(c)
  - NIST-800-53-AU-2(d)
  - NIST-800-53-CM-6(a)
  - PCI-DSS-Req-10.2.1
  - PCI-DSS-Req-10.2.4
  - audit_rules_unsuccessful_file_modification_truncate
  - low_complexity
  - low_disruption
  - medium_severity
  - reboot_required
  - restrict_strategy

- name: Perform remediation of Audit rules for truncate EACCES for 32bit platform
  block:

  - name: Declare list of syscalls
    set_fact:
      syscalls:
      - truncate
      syscall_grouping:
      - creat
      - ftruncate
      - truncate
      - open
      - openat
      - open_by_handle_at

  - name: Check existence of truncate in /etc/audit/rules.d/
    find:
      paths: /etc/audit/rules.d
      contains: -a always,exit -F arch=b32(( -S |,)\w+)*(( -S |,){{ item }})+(( -S
        |,)\w+)* -F exit=-EACCES -F auid&gt;=1000 -F auid!=unset (-k\s+|-F\s+key=)\S+\s*$
      patterns: '*.rules'
    register: find_command
    loop: '{{ (syscall_grouping + syscalls) | unique }}'

  - name: Reset syscalls found per file
    set_fact:
      syscalls_per_file: {}
      found_paths_dict: {}

  - name: Declare syscalls found per file
    set_fact: syscalls_per_file="{{ syscalls_per_file | combine( {item.files[0].path
      :[item.item] + syscalls_per_file.get(item.files[0].path, []) } ) }}"
    loop: '{{ find_command.results | selectattr(''matched'') | list }}'

  - name: Declare files where syscalls were found
    set_fact: found_paths="{{ find_command.results | map(attribute='files') | flatten
      | map(attribute='path') | list }}"

  - name: Count occurrences of syscalls in paths
    set_fact: found_paths_dict="{{ found_paths_dict | combine({ item:1+found_paths_dict.get(item,
      0) }) }}"
    loop: '{{ find_command.results | map(attribute=''files'') | flatten | map(attribute=''path'')
      | list }}'

  - name: Get path with most syscalls
    set_fact: audit_file="{{ (found_paths_dict | dict2items() | sort(attribute='value')
      | last).key }}"
    when: found_paths | length &gt;= 1

  - name: No file with syscall found, set path to /etc/audit/rules.d/access.rules
    set_fact: audit_file="/etc/audit/rules.d/access.rules"
    when: found_paths | length == 0

  - name: Declare found syscalls
    set_fact: syscalls_found="{{ find_command.results | selectattr('matched') | map(attribute='item')
      | list }}"

  - name: Declare missing syscalls
    set_fact: missing_syscalls="{{ syscalls | difference(syscalls_found) }}"

  - name: Replace the audit rule in {{ audit_file }}
    lineinfile:
      path: '{{ audit_file }}'
      regexp: (-a always,exit -F arch=b32)(?=.*(?:(?:-S |,)(?:{{ syscalls_per_file[audit_file]
        | join("|") }}))\b)((?:( -S |,)\w+)+)( -F exit=-EACCES -F auid&gt;=1000 -F auid!=unset
        (?:-k |-F key=)\w+)
      line: \1\2\3{{ missing_syscalls | join("\3") }}\4
      backrefs: true
      state: present
      mode: g-rwx,o-rwx
    when: syscalls_found | length &gt; 0 and missing_syscalls | length &gt; 0

  - name: Add the audit rule to {{ audit_file }}
    lineinfile:
      path: '{{ audit_file }}'
      line: -a always,exit -F arch=b32 -S {{ syscalls | join(',') }} -F exit=-EACCES
        -F auid&gt;=1000 -F auid!=unset -F key=access
      create: true
      mode: g-rwx,o-rwx
      state: present
    when: syscalls_found | length == 0

  - name: Declare list of syscalls
    set_fact:
      syscalls:
      - truncate
      syscall_grouping:
      - creat
      - ftruncate
      - truncate
      - open
      - openat
      - open_by_handle_at

  - name: Check existence of truncate in /etc/audit/audit.rules
    find:
      paths: /etc/audit
      contains: -a always,exit -F arch=b32(( -S |,)\w+)*(( -S |,){{ item }})+(( -S
        |,)\w+)* -F exit=-EACCES -F auid&gt;=1000 -F auid!=unset (-k\s+|-F\s+key=)\S+\s*$
      patterns: audit.rules
    register: find_command
    loop: '{{ (syscall_grouping + syscalls) | unique }}'

  - name: Set path to /etc/audit/audit.rules
    set_fact: audit_file="/etc/audit/audit.rules"

  - name: Declare found syscalls
    set_fact: syscalls_found="{{ find_command.results | selectattr('matched') | map(attribute='item')
      | list }}"

  - name: Declare missing syscalls
    set_fact: missing_syscalls="{{ syscalls | difference(syscalls_found) }}"

  - name: Replace the audit rule in {{ audit_file }}
    lineinfile:
      path: '{{ audit_file }}'
      regexp: (-a always,exit -F arch=b32)(?=.*(?:(?:-S |,)(?:{{ syscalls_found |
        join("|") }}))\b)((?:( -S |,)\w+)+)( -F exit=-EACCES -F auid&gt;=1000 -F auid!=unset
        (?:-k |-F key=)\w+)
      line: \1\2\3{{ missing_syscalls | join("\3") }}\4
      backrefs: true
      state: present
      mode: g-rwx,o-rwx
    when: syscalls_found | length &gt; 0 and missing_syscalls | length &gt; 0

  - name: Add the audit rule to {{ audit_file }}
    lineinfile:
      path: '{{ audit_file }}'
      line: -a always,exit -F arch=b32 -S {{ syscalls | join(',') }} -F exit=-EACCES
        -F auid&gt;=1000 -F auid!=unset -F key=access
      create: true
      mode: g-rwx,o-rwx
      state: present
    when: syscalls_found | length == 0
  when:
  - '"auditd" in ansible_facts.packages'
  - '"linux-base" in ansible_facts.packages'
  tags:
  - NIST-800-171-3.1.7
  - NIST-800-53-AU-12(c)
  - NIST-800-53-AU-2(d)
  - NIST-800-53-CM-6(a)
  - PCI-DSS-Req-10.2.1
  - PCI-DSS-Req-10.2.4
  - audit_rules_unsuccessful_file_modification_truncate
  - low_complexity
  - low_disruption
  - medium_severity
  - reboot_required
  - restrict_strategy

- name: Perform remediation of Audit rules for truncate EACCES for 64bit platform
  block:

  - name: Declare list of syscalls
    set_fact:
      syscalls:
      - truncate
      syscall_grouping:
      - creat
      - ftruncate
      - truncate
      - open
      - openat
      - open_by_handle_at

  - name: Check existence of truncate in /etc/audit/rules.d/
    find:
      paths: /etc/audit/rules.d
      contains: -a always,exit -F arch=b64(( -S |,)\w+)*(( -S |,){{ item }})+(( -S
        |,)\w+)* -F exit=-EACCES -F auid&gt;=1000 -F auid!=unset (-k\s+|-F\s+key=)\S+\s*$
      patterns: '*.rules'
    register: find_command
    loop: '{{ (syscall_grouping + syscalls) | unique }}'

  - name: Reset syscalls found per file
    set_fact:
      syscalls_per_file: {}
      found_paths_dict: {}

  - name: Declare syscalls found per file
    set_fact: syscalls_per_file="{{ syscalls_per_file | combine( {item.files[0].path
      :[item.item] + syscalls_per_file.get(item.files[0].path, []) } ) }}"
    loop: '{{ find_command.results | selectattr(''matched'') | list }}'

  - name: Declare files where syscalls were found
    set_fact: found_paths="{{ find_command.results | map(attribute='files') | flatten
      | map(attribute='path') | list }}"

  - name: Count occurrences of syscalls in paths
    set_fact: found_paths_dict="{{ found_paths_dict | combine({ item:1+found_paths_dict.get(item,
      0) }) }}"
    loop: '{{ find_command.results | map(attribute=''files'') | flatten | map(attribute=''path'')
      | list }}'

  - name: Get path with most syscalls
    set_fact: audit_file="{{ (found_paths_dict | dict2items() | sort(attribute='value')
      | last).key }}"
    when: found_paths | length &gt;= 1

  - name: No file with syscall found, set path to /etc/audit/rules.d/access.rules
    set_fact: audit_file="/etc/audit/rules.d/access.rules"
    when: found_paths | length == 0

  - name: Declare found syscalls
    set_fact: syscalls_found="{{ find_command.results | selectattr('matched') | map(attribute='item')
      | list }}"

  - name: Declare missing syscalls
    set_fact: missing_syscalls="{{ syscalls | difference(syscalls_found) }}"

  - name: Replace the audit rule in {{ audit_file }}
    lineinfile:
      path: '{{ audit_file }}'
      regexp: (-a always,exit -F arch=b64)(?=.*(?:(?:-S |,)(?:{{ syscalls_per_file[audit_file]
        | join("|") }}))\b)((?:( -S |,)\w+)+)( -F exit=-EACCES -F auid&gt;=1000 -F auid!=unset
        (?:-k |-F key=)\w+)
      line: \1\2\3{{ missing_syscalls | join("\3") }}\4
      backrefs: true
      state: present
      mode: g-rwx,o-rwx
    when: syscalls_found | length &gt; 0 and missing_syscalls | length &gt; 0

  - name: Add the audit rule to {{ audit_file }}
    lineinfile:
      path: '{{ audit_file }}'
      line: -a always,exit -F arch=b64 -S {{ syscalls | join(',') }} -F exit=-EACCES
        -F auid&gt;=1000 -F auid!=unset -F key=access
      create: true
      mode: g-rwx,o-rwx
      state: present
    when: syscalls_found | length == 0

  - name: Declare list of syscalls
    set_fact:
      syscalls:
      - truncate
      syscall_grouping:
      - creat
      - ftruncate
      - truncate
      - open
      - openat
      - open_by_handle_at

  - name: Check existence of truncate in /etc/audit/audit.rules
    find:
      paths: /etc/audit
      contains: -a always,exit -F arch=b64(( -S |,)\w+)*(( -S |,){{ item }})+(( -S
        |,)\w+)* -F exit=-EACCES -F auid&gt;=1000 -F auid!=unset (-k\s+|-F\s+key=)\S+\s*$
      patterns: audit.rules
    register: find_command
    loop: '{{ (syscall_grouping + syscalls) | unique }}'

  - name: Set path to /etc/audit/audit.rules
    set_fact: audit_file="/etc/audit/audit.rules"

  - name: Declare found syscalls
    set_fact: syscalls_found="{{ find_command.results | selectattr('matched') | map(attribute='item')
      | list }}"

  - name: Declare missing syscalls
    set_fact: missing_syscalls="{{ syscalls | difference(syscalls_found) }}"

  - name: Replace the audit rule in {{ audit_file }}
    lineinfile:
      path: '{{ audit_file }}'
      regexp: (-a always,exit -F arch=b64)(?=.*(?:(?:-S |,)(?:{{ syscalls_found |
        join("|") }}))\b)((?:( -S |,)\w+)+)( -F exit=-EACCES -F auid&gt;=1000 -F auid!=unset
        (?:-k |-F key=)\w+)
      line: \1\2\3{{ missing_syscalls | join("\3") }}\4
      backrefs: true
      state: present
      mode: g-rwx,o-rwx
    when: syscalls_found | length &gt; 0 and missing_syscalls | length &gt; 0

  - name: Add the audit rule to {{ audit_file }}
    lineinfile:
      path: '{{ audit_file }}'
      line: -a always,exit -F arch=b64 -S {{ syscalls | join(',') }} -F exit=-EACCES
        -F auid&gt;=1000 -F auid!=unset -F key=access
      create: true
      mode: g-rwx,o-rwx
      state: present
    when: syscalls_found | length == 0
  when:
  - '"auditd" in ansible_facts.packages'
  - '"linux-base" in ansible_facts.packages'
  - audit_arch == "b64"
  tags:
  - NIST-800-171-3.1.7
  - NIST-800-53-AU-12(c)
  - NIST-800-53-AU-2(d)
  - NIST-800-53-CM-6(a)
  - PCI-DSS-Req-10.2.1
  - PCI-DSS-Req-10.2.4
  - audit_rules_unsuccessful_file_modification_truncate
  - low_complexity
  - low_disruption
  - medium_severity
  - reboot_required
  - restrict_strategy

- name: Perform remediation of Audit rules for truncate EPERM for 32bit platform
  block:

  - name: Declare list of syscalls
    set_fact:
      syscalls:
      - truncate
      syscall_grouping:
      - creat
      - ftruncate
      - truncate
      - open
      - openat
      - open_by_handle_at

  - name: Check existence of truncate in /etc/audit/rules.d/
    find:
      paths: /etc/audit/rules.d
      contains: -a always,exit -F arch=b32(( -S |,)\w+)*(( -S |,){{ item }})+(( -S
        |,)\w+)* -F exit=-EPERM -F auid&gt;=1000 -F auid!=unset (-k\s+|-F\s+key=)\S+\s*$
      patterns: '*.rules'
    register: find_command
    loop: '{{ (syscall_grouping + syscalls) | unique }}'

  - name: Reset syscalls found per file
    set_fact:
      syscalls_per_file: {}
      found_paths_dict: {}

  - name: Declare syscalls found per file
    set_fact: syscalls_per_file="{{ syscalls_per_file | combine( {item.files[0].path
      :[item.item] + syscalls_per_file.get(item.files[0].path, []) } ) }}"
    loop: '{{ find_command.results | selectattr(''matched'') | list }}'

  - name: Declare files where syscalls were found
    set_fact: found_paths="{{ find_command.results | map(attribute='files') | flatten
      | map(attribute='path') | list }}"

  - name: Count occurrences of syscalls in paths
    set_fact: found_paths_dict="{{ found_paths_dict | combine({ item:1+found_paths_dict.get(item,
      0) }) }}"
    loop: '{{ find_command.results | map(attribute=''files'') | flatten | map(attribute=''path'')
      | list }}'

  - name: Get path with most syscalls
    set_fact: audit_file="{{ (found_paths_dict | dict2items() | sort(attribute='value')
      | last).key }}"
    when: found_paths | length &gt;= 1

  - name: No file with syscall found, set path to /etc/audit/rules.d/access.rules
    set_fact: audit_file="/etc/audit/rules.d/access.rules"
    when: found_paths | length == 0

  - name: Declare found syscalls
    set_fact: syscalls_found="{{ find_command.results | selectattr('matched') | map(attribute='item')
      | list }}"

  - name: Declare missing syscalls
    set_fact: missing_syscalls="{{ syscalls | difference(syscalls_found) }}"

  - name: Replace the audit rule in {{ audit_file }}
    lineinfile:
      path: '{{ audit_file }}'
      regexp: (-a always,exit -F arch=b32)(?=.*(?:(?:-S |,)(?:{{ syscalls_per_file[audit_file]
        | join("|") }}))\b)((?:( -S |,)\w+)+)( -F exit=-EPERM -F auid&gt;=1000 -F auid!=unset
        (?:-k |-F key=)\w+)
      line: \1\2\3{{ missing_syscalls | join("\3") }}\4
      backrefs: true
      state: present
      mode: g-rwx,o-rwx
    when: syscalls_found | length &gt; 0 and missing_syscalls | length &gt; 0

  - name: Add the audit rule to {{ audit_file }}
    lineinfile:
      path: '{{ audit_file }}'
      line: -a always,exit -F arch=b32 -S {{ syscalls | join(',') }} -F exit=-EPERM
        -F auid&gt;=1000 -F auid!=unset -F key=access
      create: true
      mode: g-rwx,o-rwx
      state: present
    when: syscalls_found | length == 0

  - name: Declare list of syscalls
    set_fact:
      syscalls:
      - truncate
      syscall_grouping:
      - creat
      - ftruncate
      - truncate
      - open
      - openat
      - open_by_handle_at

  - name: Check existence of truncate in /etc/audit/audit.rules
    find:
      paths: /etc/audit
      contains: -a always,exit -F arch=b32(( -S |,)\w+)*(( -S |,){{ item }})+(( -S
        |,)\w+)* -F exit=-EPERM -F auid&gt;=1000 -F auid!=unset (-k\s+|-F\s+key=)\S+\s*$
      patterns: audit.rules
    register: find_command
    loop: '{{ (syscall_grouping + syscalls) | unique }}'

  - name: Set path to /etc/audit/audit.rules
    set_fact: audit_file="/etc/audit/audit.rules"

  - name: Declare found syscalls
    set_fact: syscalls_found="{{ find_command.results | selectattr('matched') | map(attribute='item')
      | list }}"

  - name: Declare missing syscalls
    set_fact: missing_syscalls="{{ syscalls | difference(syscalls_found) }}"

  - name: Replace the audit rule in {{ audit_file }}
    lineinfile:
      path: '{{ audit_file }}'
      regexp: (-a always,exit -F arch=b32)(?=.*(?:(?:-S |,)(?:{{ syscalls_found |
        join("|") }}))\b)((?:( -S |,)\w+)+)( -F exit=-EPERM -F auid&gt;=1000 -F auid!=unset
        (?:-k |-F key=)\w+)
      line: \1\2\3{{ missing_syscalls | join("\3") }}\4
      backrefs: true
      state: present
      mode: g-rwx,o-rwx
    when: syscalls_found | length &gt; 0 and missing_syscalls | length &gt; 0

  - name: Add the audit rule to {{ audit_file }}
    lineinfile:
      path: '{{ audit_file }}'
      line: -a always,exit -F arch=b32 -S {{ syscalls | join(',') }} -F exit=-EPERM
        -F auid&gt;=1000 -F auid!=unset -F key=access
      create: true
      mode: g-rwx,o-rwx
      state: present
    when: syscalls_found | length == 0
  when:
  - '"auditd" in ansible_facts.packages'
  - '"linux-base" in ansible_facts.packages'
  tags:
  - NIST-800-171-3.1.7
  - NIST-800-53-AU-12(c)
  - NIST-800-53-AU-2(d)
  - NIST-800-53-CM-6(a)
  - PCI-DSS-Req-10.2.1
  - PCI-DSS-Req-10.2.4
  - audit_rules_unsuccessful_file_modification_truncate
  - low_complexity
  - low_disruption
  - medium_severity
  - reboot_required
  - restrict_strategy

- name: Perform remediation of Audit rules for truncate EPERM for 64bit platform
  block:

  - name: Declare list of syscalls
    set_fact:
      syscalls:
      - truncate
      syscall_grouping:
      - creat
      - ftruncate
      - truncate
      - open
      - openat
      - open_by_handle_at

  - name: Check existence of truncate in /etc/audit/rules.d/
    find:
      paths: /etc/audit/rules.d
      contains: -a always,exit -F arch=b64(( -S |,)\w+)*(( -S |,){{ item }})+(( -S
        |,)\w+)* -F exit=-EPERM -F auid&gt;=1000 -F auid!=unset (-k\s+|-F\s+key=)\S+\s*$
      patterns: '*.rules'
    register: find_command
    loop: '{{ (syscall_grouping + syscalls) | unique }}'

  - name: Reset syscalls found per file
    set_fact:
      syscalls_per_file: {}
      found_paths_dict: {}

  - name: Declare syscalls found per file
    set_fact: syscalls_per_file="{{ syscalls_per_file | combine( {item.files[0].path
      :[item.item] + syscalls_per_file.get(item.files[0].path, []) } ) }}"
    loop: '{{ find_command.results | selectattr(''matched'') | list }}'

  - name: Declare files where syscalls were found
    set_fact: found_paths="{{ find_command.results | map(attribute='files') | flatten
      | map(attribute='path') | list }}"

  - name: Count occurrences of syscalls in paths
    set_fact: found_paths_dict="{{ found_paths_dict | combine({ item:1+found_paths_dict.get(item,
      0) }) }}"
    loop: '{{ find_command.results | map(attribute=''files'') | flatten | map(attribute=''path'')
      | list }}'

  - name: Get path with most syscalls
    set_fact: audit_file="{{ (found_paths_dict | dict2items() | sort(attribute='value')
      | last).key }}"
    when: found_paths | length &gt;= 1

  - name: No file with syscall found, set path to /etc/audit/rules.d/access.rules
    set_fact: audit_file="/etc/audit/rules.d/access.rules"
    when: found_paths | length == 0

  - name: Declare found syscalls
    set_fact: syscalls_found="{{ find_command.results | selectattr('matched') | map(attribute='item')
      | list }}"

  - name: Declare missing syscalls
    set_fact: missing_syscalls="{{ syscalls | difference(syscalls_found) }}"

  - name: Replace the audit rule in {{ audit_file }}
    lineinfile:
      path: '{{ audit_file }}'
      regexp: (-a always,exit -F arch=b64)(?=.*(?:(?:-S |,)(?:{{ syscalls_per_file[audit_file]
        | join("|") }}))\b)((?:( -S |,)\w+)+)( -F exit=-EPERM -F auid&gt;=1000 -F auid!=unset
        (?:-k |-F key=)\w+)
      line: \1\2\3{{ missing_syscalls | join("\3") }}\4
      backrefs: true
      state: present
      mode: g-rwx,o-rwx
    when: syscalls_found | length &gt; 0 and missing_syscalls | length &gt; 0

  - name: Add the audit rule to {{ audit_file }}
    lineinfile:
      path: '{{ audit_file }}'
      line: -a always,exit -F arch=b64 -S {{ syscalls | join(',') }} -F exit=-EPERM
        -F auid&gt;=1000 -F auid!=unset -F key=access
      create: true
      mode: g-rwx,o-rwx
      state: present
    when: syscalls_found | length == 0

  - name: Declare list of syscalls
    set_fact:
      syscalls:
      - truncate
      syscall_grouping:
      - creat
      - ftruncate
      - truncate
      - open
      - openat
      - open_by_handle_at

  - name: Check existence of truncate in /etc/audit/audit.rules
    find:
      paths: /etc/audit
      contains: -a always,exit -F arch=b64(( -S |,)\w+)*(( -S |,){{ item }})+(( -S
        |,)\w+)* -F exit=-EPERM -F auid&gt;=1000 -F auid!=unset (-k\s+|-F\s+key=)\S+\s*$
      patterns: audit.rules
    register: find_command
    loop: '{{ (syscall_grouping + syscalls) | unique }}'

  - name: Set path to /etc/audit/audit.rules
    set_fact: audit_file="/etc/audit/audit.rules"

  - name: Declare found syscalls
    set_fact: syscalls_found="{{ find_command.results | selectattr('matched') | map(attribute='item')
      | list }}"

  - name: Declare missing syscalls
    set_fact: missing_syscalls="{{ syscalls | difference(syscalls_found) }}"

  - name: Replace the audit rule in {{ audit_file }}
    lineinfile:
      path: '{{ audit_file }}'
      regexp: (-a always,exit -F arch=b64)(?=.*(?:(?:-S |,)(?:{{ syscalls_found |
        join("|") }}))\b)((?:( -S |,)\w+)+)( -F exit=-EPERM -F auid&gt;=1000 -F auid!=unset
        (?:-k |-F key=)\w+)
      line: \1\2\3{{ missing_syscalls | join("\3") }}\4
      backrefs: true
      state: present
      mode: g-rwx,o-rwx
    when: syscalls_found | length &gt; 0 and missing_syscalls | length &gt; 0

  - name: Add the audit rule to {{ audit_file }}
    lineinfile:
      path: '{{ audit_file }}'
      line: -a always,exit -F arch=b64 -S {{ syscalls | join(',') }} -F exit=-EPERM
        -F auid&gt;=1000 -F auid!=unset -F key=access
      create: true
      mode: g-rwx,o-rwx
      state: present
    when: syscalls_found | length == 0
  when:
  - '"auditd" in ansible_facts.packages'
  - '"linux-base" in ansible_facts.packages'
  - audit_arch == "b64"
  tags:
  - NIST-800-171-3.1.7
  - NIST-800-53-AU-12(c)
  - NIST-800-53-AU-2(d)
  - NIST-800-53-CM-6(a)
  - PCI-DSS-Req-10.2.1
  - PCI-DSS-Req-10.2.4
  - audit_rules_unsuccessful_file_modification_truncate
  - low_complexity
  - low_disruption
  - medium_severity
  - reboot_required
  - restrict_strategy
</fix>
          <fix xmlns:xhtml="http://www.w3.org/1999/xhtml" id="audit_rules_unsuccessful_file_modification_truncate" system="urn:xccdf:fix:script:sh"># Remediation is applicable only in certain platforms
if dpkg-query --show --showformat='${db:Status-Status}
' 'linux-base' 2&gt;/dev/null | grep -q ^installed &amp;&amp; dpkg-query --show --showformat='${db:Status-Status}\n' 'auditd' 2&gt;/dev/null | grep -q '^installed'; then

# First perform the remediation of the syscall rule
# Retrieve hardware architecture of the underlying system
[ "$(getconf LONG_BIT)" = "32" ] &amp;&amp; RULE_ARCHS=("b32") || RULE_ARCHS=("b32" "b64")

AUID_FILTERS="-F auid&gt;=1000 -F auid!=unset"
SYSCALL="truncate"
KEY="access"
SYSCALL_GROUPING="creat ftruncate truncate open openat open_by_handle_at"

for ARCH in "${RULE_ARCHS[@]}"
do
	ACTION_ARCH_FILTERS="-a always,exit -F arch=$ARCH"
	OTHER_FILTERS="-F exit=-EACCES"
	# Perform the remediation for both possible tools: 'auditctl' and 'augenrules'
	unset syscall_a
unset syscall_grouping
unset syscall_string
unset syscall
unset file_to_edit
unset rule_to_edit
unset rule_syscalls_to_edit
unset other_string
unset auid_string
unset full_rule

# Load macro arguments into arrays
read -a syscall_a &lt;&lt;&lt; $SYSCALL
read -a syscall_grouping &lt;&lt;&lt; $SYSCALL_GROUPING

# Create a list of audit *.rules files that should be inspected for presence and correctness
# of a particular audit rule. The scheme is as follows:
#
# -----------------------------------------------------------------------------------------
#  Tool used to load audit rules | Rule already defined  |  Audit rules file to inspect    |
# -----------------------------------------------------------------------------------------
#        auditctl                |     Doesn't matter    |  /etc/audit/audit.rules         |
# -----------------------------------------------------------------------------------------
#        augenrules              |          Yes          |  /etc/audit/rules.d/*.rules     |
#        augenrules              |          No           |  /etc/audit/rules.d/$key.rules  |
# -----------------------------------------------------------------------------------------
#
files_to_inspect=()

# If audit tool is 'augenrules', then check if the audit rule is defined
# If rule is defined, add '/etc/audit/rules.d/*.rules' to the list for inspection
# If rule isn't defined yet, add '/etc/audit/rules.d/$key.rules' to the list for inspection
default_file="/etc/audit/rules.d/$KEY.rules"
# As other_filters may include paths, lets use a different delimiter for it
# The "F" script expression tells sed to print the filenames where the expressions matched
readarray -t files_to_inspect &lt; &lt;(sed -s -n -e "/^$ACTION_ARCH_FILTERS/!d" -e "\#$OTHER_FILTERS#!d" -e "/$AUID_FILTERS/!d" -e "F" /etc/audit/rules.d/*.rules)
# Case when particular rule isn't defined in /etc/audit/rules.d/*.rules yet
if [ ${#files_to_inspect[@]} -eq "0" ]
then
    file_to_inspect="/etc/audit/rules.d/$KEY.rules"
    files_to_inspect=("$file_to_inspect")
    if [ ! -e "$file_to_inspect" ]
    then
        touch "$file_to_inspect"
        chmod 0600 "$file_to_inspect"
    fi
fi

# After converting to jinja, we cannot return; therefore we skip the rest of the macro if needed instead
skip=1

for audit_file in "${files_to_inspect[@]}"
do
    # Filter existing $audit_file rules' definitions to select those that satisfy the rule pattern,
    # i.e, collect rules that match:
    # * the action, list and arch, (2-nd argument)
    # * the other filters, (3-rd argument)
    # * the auid filters, (4-rd argument)
    readarray -t similar_rules &lt; &lt;(sed -e "/^$ACTION_ARCH_FILTERS/!d"  -e "\#$OTHER_FILTERS#!d" -e "/$AUID_FILTERS/!d" "$audit_file")

    candidate_rules=()
    # Filter out rules that have more fields then required. This will remove rules more specific than the required scope
    for s_rule in "${similar_rules[@]}"
    do
        # Strip all the options and fields we know of,
        # than check if there was any field left over
        extra_fields=$(sed -E -e "s/^$ACTION_ARCH_FILTERS//"  -e "s#$OTHER_FILTERS##" -e "s/$AUID_FILTERS//" -e "s/((:?-S [[:alnum:],]+)+)//g" -e "s/-F key=\w+|-k \w+//"&lt;&lt;&lt; "$s_rule")
        grep -q -- "-F" &lt;&lt;&lt; "$extra_fields" || candidate_rules+=("$s_rule")
    done

    if [[ ${#syscall_a[@]} -ge 1 ]]
    then
        # Check if the syscall we want is present in any of the similar existing rules
        for rule in "${candidate_rules[@]}"
        do
            rule_syscalls=$(echo "$rule" | grep -o -P '(-S [\w,]+)+' | xargs)
            all_syscalls_found=0
            for syscall in "${syscall_a[@]}"
            do
                grep -q -- "\b${syscall}\b" &lt;&lt;&lt; "$rule_syscalls" || {
                   # A syscall was not found in the candidate rule
                   all_syscalls_found=1
                   }
            done
            if [[ $all_syscalls_found -eq 0 ]]
            then
                # We found a rule with all the syscall(s) we want; skip rest of macro
                skip=0
                break
            fi

            # Check if this rule can be grouped with our target syscall and keep track of it
            for syscall_g in "${syscall_grouping[@]}"
            do
                if grep -q -- "\b${syscall_g}\b" &lt;&lt;&lt; "$rule_syscalls"
                then
                    file_to_edit=${audit_file}
                    rule_to_edit=${rule}
                    rule_syscalls_to_edit=${rule_syscalls}
                fi
            done
        done
    else
        # If there is any candidate rule, it is compliant; skip rest of macro
        if [ "${#candidate_rules[@]}" -gt 0 ]
        then
            skip=0
        fi
    fi

    if [ "$skip" -eq 0 ]; then
        break
    fi
done

if [ "$skip" -ne 0 ]; then
    # We checked all rules that matched the expected resemblance pattern (action, arch &amp; auid)
    # At this point we know if we need to either append the $full_rule or group
    # the syscall together with an exsiting rule

    # Append the full_rule if it cannot be grouped to any other rule
    if [ -z ${rule_to_edit+x} ]
    then
        # Build full_rule while avoid adding double spaces when other_filters is empty
        if [ "${#syscall_a[@]}" -gt 0 ]
        then
            syscall_string=""
            for syscall in "${syscall_a[@]}"
            do
                syscall_string+=" -S $syscall"
            done
        fi
        other_string=$([[ $OTHER_FILTERS ]] &amp;&amp; echo " $OTHER_FILTERS") || /bin/true
        auid_string=$([[ $AUID_FILTERS ]] &amp;&amp; echo " $AUID_FILTERS") || /bin/true
        full_rule="$ACTION_ARCH_FILTERS${syscall_string}${other_string}${auid_string} -F key=$KEY" || /bin/true
        echo "$full_rule" &gt;&gt; "$default_file"
        chmod 0600 ${default_file}
    else
        # Check if the syscalls are declared as a comma separated list or
        # as multiple -S parameters
        if grep -q -- "," &lt;&lt;&lt; "${rule_syscalls_to_edit}"
        then
            delimiter=","
        else
            delimiter=" -S "
        fi
        new_grouped_syscalls="${rule_syscalls_to_edit}"
        for syscall in "${syscall_a[@]}"
        do
            grep -q -- "\b${syscall}\b" &lt;&lt;&lt; "${rule_syscalls_to_edit}" || {
               # A syscall was not found in the candidate rule
               new_grouped_syscalls+="${delimiter}${syscall}"
               }
        done

        # Group the syscall in the rule
        sed -i -e "\#${rule_to_edit}#s#${rule_syscalls_to_edit}#${new_grouped_syscalls}#" "$file_to_edit"
    fi
fi
	unset syscall_a
unset syscall_grouping
unset syscall_string
unset syscall
unset file_to_edit
unset rule_to_edit
unset rule_syscalls_to_edit
unset other_string
unset auid_string
unset full_rule

# Load macro arguments into arrays
read -a syscall_a &lt;&lt;&lt; $SYSCALL
read -a syscall_grouping &lt;&lt;&lt; $SYSCALL_GROUPING

# Create a list of audit *.rules files that should be inspected for presence and correctness
# of a particular audit rule. The scheme is as follows:
#
# -----------------------------------------------------------------------------------------
#  Tool used to load audit rules | Rule already defined  |  Audit rules file to inspect    |
# -----------------------------------------------------------------------------------------
#        auditctl                |     Doesn't matter    |  /etc/audit/audit.rules         |
# -----------------------------------------------------------------------------------------
#        augenrules              |          Yes          |  /etc/audit/rules.d/*.rules     |
#        augenrules              |          No           |  /etc/audit/rules.d/$key.rules  |
# -----------------------------------------------------------------------------------------
#
files_to_inspect=()


# If audit tool is 'auditctl', then add '/etc/audit/audit.rules'
# file to the list of files to be inspected
default_file="/etc/audit/audit.rules"
files_to_inspect+=('/etc/audit/audit.rules' )

# After converting to jinja, we cannot return; therefore we skip the rest of the macro if needed instead
skip=1

for audit_file in "${files_to_inspect[@]}"
do
    # Filter existing $audit_file rules' definitions to select those that satisfy the rule pattern,
    # i.e, collect rules that match:
    # * the action, list and arch, (2-nd argument)
    # * the other filters, (3-rd argument)
    # * the auid filters, (4-rd argument)
    readarray -t similar_rules &lt; &lt;(sed -e "/^$ACTION_ARCH_FILTERS/!d"  -e "\#$OTHER_FILTERS#!d" -e "/$AUID_FILTERS/!d" "$audit_file")

    candidate_rules=()
    # Filter out rules that have more fields then required. This will remove rules more specific than the required scope
    for s_rule in "${similar_rules[@]}"
    do
        # Strip all the options and fields we know of,
        # than check if there was any field left over
        extra_fields=$(sed -E -e "s/^$ACTION_ARCH_FILTERS//"  -e "s#$OTHER_FILTERS##" -e "s/$AUID_FILTERS//" -e "s/((:?-S [[:alnum:],]+)+)//g" -e "s/-F key=\w+|-k \w+//"&lt;&lt;&lt; "$s_rule")
        grep -q -- "-F" &lt;&lt;&lt; "$extra_fields" || candidate_rules+=("$s_rule")
    done

    if [[ ${#syscall_a[@]} -ge 1 ]]
    then
        # Check if the syscall we want is present in any of the similar existing rules
        for rule in "${candidate_rules[@]}"
        do
            rule_syscalls=$(echo "$rule" | grep -o -P '(-S [\w,]+)+' | xargs)
            all_syscalls_found=0
            for syscall in "${syscall_a[@]}"
            do
                grep -q -- "\b${syscall}\b" &lt;&lt;&lt; "$rule_syscalls" || {
                   # A syscall was not found in the candidate rule
                   all_syscalls_found=1
                   }
            done
            if [[ $all_syscalls_found -eq 0 ]]
            then
                # We found a rule with all the syscall(s) we want; skip rest of macro
                skip=0
                break
            fi

            # Check if this rule can be grouped with our target syscall and keep track of it
            for syscall_g in "${syscall_grouping[@]}"
            do
                if grep -q -- "\b${syscall_g}\b" &lt;&lt;&lt; "$rule_syscalls"
                then
                    file_to_edit=${audit_file}
                    rule_to_edit=${rule}
                    rule_syscalls_to_edit=${rule_syscalls}
                fi
            done
        done
    else
        # If there is any candidate rule, it is compliant; skip rest of macro
        if [ "${#candidate_rules[@]}" -gt 0 ]
        then
            skip=0
        fi
    fi

    if [ "$skip" -eq 0 ]; then
        break
    fi
done

if [ "$skip" -ne 0 ]; then
    # We checked all rules that matched the expected resemblance pattern (action, arch &amp; auid)
    # At this point we know if we need to either append the $full_rule or group
    # the syscall together with an exsiting rule

    # Append the full_rule if it cannot be grouped to any other rule
    if [ -z ${rule_to_edit+x} ]
    then
        # Build full_rule while avoid adding double spaces when other_filters is empty
        if [ "${#syscall_a[@]}" -gt 0 ]
        then
            syscall_string=""
            for syscall in "${syscall_a[@]}"
            do
                syscall_string+=" -S $syscall"
            done
        fi
        other_string=$([[ $OTHER_FILTERS ]] &amp;&amp; echo " $OTHER_FILTERS") || /bin/true
        auid_string=$([[ $AUID_FILTERS ]] &amp;&amp; echo " $AUID_FILTERS") || /bin/true
        full_rule="$ACTION_ARCH_FILTERS${syscall_string}${other_string}${auid_string} -F key=$KEY" || /bin/true
        echo "$full_rule" &gt;&gt; "$default_file"
        chmod 0600 ${default_file}
    else
        # Check if the syscalls are declared as a comma separated list or
        # as multiple -S parameters
        if grep -q -- "," &lt;&lt;&lt; "${rule_syscalls_to_edit}"
        then
            delimiter=","
        else
            delimiter=" -S "
        fi
        new_grouped_syscalls="${rule_syscalls_to_edit}"
        for syscall in "${syscall_a[@]}"
        do
            grep -q -- "\b${syscall}\b" &lt;&lt;&lt; "${rule_syscalls_to_edit}" || {
               # A syscall was not found in the candidate rule
               new_grouped_syscalls+="${delimiter}${syscall}"
               }
        done

        # Group the syscall in the rule
        sed -i -e "\#${rule_to_edit}#s#${rule_syscalls_to_edit}#${new_grouped_syscalls}#" "$file_to_edit"
    fi
fi
done

for ARCH in "${RULE_ARCHS[@]}"
do
	ACTION_ARCH_FILTERS="-a always,exit -F arch=$ARCH"
	OTHER_FILTERS="-F exit=-EPERM"
	# Perform the remediation for both possible tools: 'auditctl' and 'augenrules'
	unset syscall_a
unset syscall_grouping
unset syscall_string
unset syscall
unset file_to_edit
unset rule_to_edit
unset rule_syscalls_to_edit
unset other_string
unset auid_string
unset full_rule

# Load macro arguments into arrays
read -a syscall_a &lt;&lt;&lt; $SYSCALL
read -a syscall_grouping &lt;&lt;&lt; $SYSCALL_GROUPING

# Create a list of audit *.rules files that should be inspected for presence and correctness
# of a particular audit rule. The scheme is as follows:
#
# -----------------------------------------------------------------------------------------
#  Tool used to load audit rules | Rule already defined  |  Audit rules file to inspect    |
# -----------------------------------------------------------------------------------------
#        auditctl                |     Doesn't matter    |  /etc/audit/audit.rules         |
# -----------------------------------------------------------------------------------------
#        augenrules              |          Yes          |  /etc/audit/rules.d/*.rules     |
#        augenrules              |          No           |  /etc/audit/rules.d/$key.rules  |
# -----------------------------------------------------------------------------------------
#
files_to_inspect=()

# If audit tool is 'augenrules', then check if the audit rule is defined
# If rule is defined, add '/etc/audit/rules.d/*.rules' to the list for inspection
# If rule isn't defined yet, add '/etc/audit/rules.d/$key.rules' to the list for inspection
default_file="/etc/audit/rules.d/$KEY.rules"
# As other_filters may include paths, lets use a different delimiter for it
# The "F" script expression tells sed to print the filenames where the expressions matched
readarray -t files_to_inspect &lt; &lt;(sed -s -n -e "/^$ACTION_ARCH_FILTERS/!d" -e "\#$OTHER_FILTERS#!d" -e "/$AUID_FILTERS/!d" -e "F" /etc/audit/rules.d/*.rules)
# Case when particular rule isn't defined in /etc/audit/rules.d/*.rules yet
if [ ${#files_to_inspect[@]} -eq "0" ]
then
    file_to_inspect="/etc/audit/rules.d/$KEY.rules"
    files_to_inspect=("$file_to_inspect")
    if [ ! -e "$file_to_inspect" ]
    then
        touch "$file_to_inspect"
        chmod 0600 "$file_to_inspect"
    fi
fi

# After converting to jinja, we cannot return; therefore we skip the rest of the macro if needed instead
skip=1

for audit_file in "${files_to_inspect[@]}"
do
    # Filter existing $audit_file rules' definitions to select those that satisfy the rule pattern,
    # i.e, collect rules that match:
    # * the action, list and arch, (2-nd argument)
    # * the other filters, (3-rd argument)
    # * the auid filters, (4-rd argument)
    readarray -t similar_rules &lt; &lt;(sed -e "/^$ACTION_ARCH_FILTERS/!d"  -e "\#$OTHER_FILTERS#!d" -e "/$AUID_FILTERS/!d" "$audit_file")

    candidate_rules=()
    # Filter out rules that have more fields then required. This will remove rules more specific than the required scope
    for s_rule in "${similar_rules[@]}"
    do
        # Strip all the options and fields we know of,
        # than check if there was any field left over
        extra_fields=$(sed -E -e "s/^$ACTION_ARCH_FILTERS//"  -e "s#$OTHER_FILTERS##" -e "s/$AUID_FILTERS//" -e "s/((:?-S [[:alnum:],]+)+)//g" -e "s/-F key=\w+|-k \w+//"&lt;&lt;&lt; "$s_rule")
        grep -q -- "-F" &lt;&lt;&lt; "$extra_fields" || candidate_rules+=("$s_rule")
    done

    if [[ ${#syscall_a[@]} -ge 1 ]]
    then
        # Check if the syscall we want is present in any of the similar existing rules
        for rule in "${candidate_rules[@]}"
        do
            rule_syscalls=$(echo "$rule" | grep -o -P '(-S [\w,]+)+' | xargs)
            all_syscalls_found=0
            for syscall in "${syscall_a[@]}"
            do
                grep -q -- "\b${syscall}\b" &lt;&lt;&lt; "$rule_syscalls" || {
                   # A syscall was not found in the candidate rule
                   all_syscalls_found=1
                   }
            done
            if [[ $all_syscalls_found -eq 0 ]]
            then
                # We found a rule with all the syscall(s) we want; skip rest of macro
                skip=0
                break
            fi

            # Check if this rule can be grouped with our target syscall and keep track of it
            for syscall_g in "${syscall_grouping[@]}"
            do
                if grep -q -- "\b${syscall_g}\b" &lt;&lt;&lt; "$rule_syscalls"
                then
                    file_to_edit=${audit_file}
                    rule_to_edit=${rule}
                    rule_syscalls_to_edit=${rule_syscalls}
                fi
            done
        done
    else
        # If there is any candidate rule, it is compliant; skip rest of macro
        if [ "${#candidate_rules[@]}" -gt 0 ]
        then
            skip=0
        fi
    fi

    if [ "$skip" -eq 0 ]; then
        break
    fi
done

if [ "$skip" -ne 0 ]; then
    # We checked all rules that matched the expected resemblance pattern (action, arch &amp; auid)
    # At this point we know if we need to either append the $full_rule or group
    # the syscall together with an exsiting rule

    # Append the full_rule if it cannot be grouped to any other rule
    if [ -z ${rule_to_edit+x} ]
    then
        # Build full_rule while avoid adding double spaces when other_filters is empty
        if [ "${#syscall_a[@]}" -gt 0 ]
        then
            syscall_string=""
            for syscall in "${syscall_a[@]}"
            do
                syscall_string+=" -S $syscall"
            done
        fi
        other_string=$([[ $OTHER_FILTERS ]] &amp;&amp; echo " $OTHER_FILTERS") || /bin/true
        auid_string=$([[ $AUID_FILTERS ]] &amp;&amp; echo " $AUID_FILTERS") || /bin/true
        full_rule="$ACTION_ARCH_FILTERS${syscall_string}${other_string}${auid_string} -F key=$KEY" || /bin/true
        echo "$full_rule" &gt;&gt; "$default_file"
        chmod 0600 ${default_file}
    else
        # Check if the syscalls are declared as a comma separated list or
        # as multiple -S parameters
        if grep -q -- "," &lt;&lt;&lt; "${rule_syscalls_to_edit}"
        then
            delimiter=","
        else
            delimiter=" -S "
        fi
        new_grouped_syscalls="${rule_syscalls_to_edit}"
        for syscall in "${syscall_a[@]}"
        do
            grep -q -- "\b${syscall}\b" &lt;&lt;&lt; "${rule_syscalls_to_edit}" || {
               # A syscall was not found in the candidate rule
               new_grouped_syscalls+="${delimiter}${syscall}"
               }
        done

        # Group the syscall in the rule
        sed -i -e "\#${rule_to_edit}#s#${rule_syscalls_to_edit}#${new_grouped_syscalls}#" "$file_to_edit"
    fi
fi
	unset syscall_a
unset syscall_grouping
unset syscall_string
unset syscall
unset file_to_edit
unset rule_to_edit
unset rule_syscalls_to_edit
unset other_string
unset auid_string
unset full_rule

# Load macro arguments into arrays
read -a syscall_a &lt;&lt;&lt; $SYSCALL
read -a syscall_grouping &lt;&lt;&lt; $SYSCALL_GROUPING

# Create a list of audit *.rules files that should be inspected for presence and correctness
# of a particular audit rule. The scheme is as follows:
#
# -----------------------------------------------------------------------------------------
#  Tool used to load audit rules | Rule already defined  |  Audit rules file to inspect    |
# -----------------------------------------------------------------------------------------
#        auditctl                |     Doesn't matter    |  /etc/audit/audit.rules         |
# -----------------------------------------------------------------------------------------
#        augenrules              |          Yes          |  /etc/audit/rules.d/*.rules     |
#        augenrules              |          No           |  /etc/audit/rules.d/$key.rules  |
# -----------------------------------------------------------------------------------------
#
files_to_inspect=()


# If audit tool is 'auditctl', then add '/etc/audit/audit.rules'
# file to the list of files to be inspected
default_file="/etc/audit/audit.rules"
files_to_inspect+=('/etc/audit/audit.rules' )

# After converting to jinja, we cannot return; therefore we skip the rest of the macro if needed instead
skip=1

for audit_file in "${files_to_inspect[@]}"
do
    # Filter existing $audit_file rules' definitions to select those that satisfy the rule pattern,
    # i.e, collect rules that match:
    # * the action, list and arch, (2-nd argument)
    # * the other filters, (3-rd argument)
    # * the auid filters, (4-rd argument)
    readarray -t similar_rules &lt; &lt;(sed -e "/^$ACTION_ARCH_FILTERS/!d"  -e "\#$OTHER_FILTERS#!d" -e "/$AUID_FILTERS/!d" "$audit_file")

    candidate_rules=()
    # Filter out rules that have more fields then required. This will remove rules more specific than the required scope
    for s_rule in "${similar_rules[@]}"
    do
        # Strip all the options and fields we know of,
        # than check if there was any field left over
        extra_fields=$(sed -E -e "s/^$ACTION_ARCH_FILTERS//"  -e "s#$OTHER_FILTERS##" -e "s/$AUID_FILTERS//" -e "s/((:?-S [[:alnum:],]+)+)//g" -e "s/-F key=\w+|-k \w+//"&lt;&lt;&lt; "$s_rule")
        grep -q -- "-F" &lt;&lt;&lt; "$extra_fields" || candidate_rules+=("$s_rule")
    done

    if [[ ${#syscall_a[@]} -ge 1 ]]
    then
        # Check if the syscall we want is present in any of the similar existing rules
        for rule in "${candidate_rules[@]}"
        do
            rule_syscalls=$(echo "$rule" | grep -o -P '(-S [\w,]+)+' | xargs)
            all_syscalls_found=0
            for syscall in "${syscall_a[@]}"
            do
                grep -q -- "\b${syscall}\b" &lt;&lt;&lt; "$rule_syscalls" || {
                   # A syscall was not found in the candidate rule
                   all_syscalls_found=1
                   }
            done
            if [[ $all_syscalls_found -eq 0 ]]
            then
                # We found a rule with all the syscall(s) we want; skip rest of macro
                skip=0
                break
            fi

            # Check if this rule can be grouped with our target syscall and keep track of it
            for syscall_g in "${syscall_grouping[@]}"
            do
                if grep -q -- "\b${syscall_g}\b" &lt;&lt;&lt; "$rule_syscalls"
                then
                    file_to_edit=${audit_file}
                    rule_to_edit=${rule}
                    rule_syscalls_to_edit=${rule_syscalls}
                fi
            done
        done
    else
        # If there is any candidate rule, it is compliant; skip rest of macro
        if [ "${#candidate_rules[@]}" -gt 0 ]
        then
            skip=0
        fi
    fi

    if [ "$skip" -eq 0 ]; then
        break
    fi
done

if [ "$skip" -ne 0 ]; then
    # We checked all rules that matched the expected resemblance pattern (action, arch &amp; auid)
    # At this point we know if we need to either append the $full_rule or group
    # the syscall together with an exsiting rule

    # Append the full_rule if it cannot be grouped to any other rule
    if [ -z ${rule_to_edit+x} ]
    then
        # Build full_rule while avoid adding double spaces when other_filters is empty
        if [ "${#syscall_a[@]}" -gt 0 ]
        then
            syscall_string=""
            for syscall in "${syscall_a[@]}"
            do
                syscall_string+=" -S $syscall"
            done
        fi
        other_string=$([[ $OTHER_FILTERS ]] &amp;&amp; echo " $OTHER_FILTERS") || /bin/true
        auid_string=$([[ $AUID_FILTERS ]] &amp;&amp; echo " $AUID_FILTERS") || /bin/true
        full_rule="$ACTION_ARCH_FILTERS${syscall_string}${other_string}${auid_string} -F key=$KEY" || /bin/true
        echo "$full_rule" &gt;&gt; "$default_file"
        chmod 0600 ${default_file}
    else
        # Check if the syscalls are declared as a comma separated list or
        # as multiple -S parameters
        if grep -q -- "," &lt;&lt;&lt; "${rule_syscalls_to_edit}"
        then
            delimiter=","
        else
            delimiter=" -S "
        fi
        new_grouped_syscalls="${rule_syscalls_to_edit}"
        for syscall in "${syscall_a[@]}"
        do
            grep -q -- "\b${syscall}\b" &lt;&lt;&lt; "${rule_syscalls_to_edit}" || {
               # A syscall was not found in the candidate rule
               new_grouped_syscalls+="${delimiter}${syscall}"
               }
        done

        # Group the syscall in the rule
        sed -i -e "\#${rule_to_edit}#s#${rule_syscalls_to_edit}#${new_grouped_syscalls}#" "$file_to_edit"
    fi
fi
done

else
    &gt;&amp;2 echo 'Remediation is not applicable, nothing was done'
fi
</fix>
          <check system="http://oval.mitre.org/XMLSchema/oval-definitions-5">
            <check-content-ref name="oval:ssg-audit_rules_unsuccessful_file_modification_truncate:def:1" href="ssg-ubuntu2404-oval.xml"/>
          </check>
          <check system="http://scap.nist.gov/schema/ocil/2">
            <check-content-ref name="ocil:ssg-audit_rules_unsuccessful_file_modification_truncate_ocil:questionnaire:1" href="ssg-ubuntu2404-ocil.xml"/>
          </check>
        </Rule>
      </Group>
      <Group id="xccdf_org.ssgproject.content_group_audit_kernel_module_loading">
        <title xmlns:xhtml="http://www.w3.org/1999/xhtml" xml:lang="en-US">Record Information on Kernel Modules Loading and Unloading</title>
        <description xmlns:xhtml="http://www.w3.org/1999/xhtml" xml:lang="en-US">To capture kernel module loading and unloading events, use following lines, setting ARCH to
either b32 for 32-bit system, or having two lines for both b32 and b64 in case your system is 64-bit:
<html:pre xmlns:html="http://www.w3.org/1999/xhtml">
-a always,exit -F arch=<html:i>ARCH</html:i> -S init_module,delete_module -F key=modules
</html:pre>

Place to add the lines depends on a way <html:code xmlns:html="http://www.w3.org/1999/xhtml">auditd</html:code> daemon is configured. If it is configured
to use the <html:code xmlns:html="http://www.w3.org/1999/xhtml">augenrules</html:code> program (the default), add the lines to a file with suffix
<html:code xmlns:html="http://www.w3.org/1999/xhtml">.rules</html:code> in the directory <html:code xmlns:html="http://www.w3.org/1999/xhtml">/etc/audit/rules.d</html:code>.

If the <html:code xmlns:html="http://www.w3.org/1999/xhtml">auditd</html:code> daemon is configured to use the <html:code xmlns:html="http://www.w3.org/1999/xhtml">auditctl</html:code> utility,
add the lines to file <html:code xmlns:html="http://www.w3.org/1999/xhtml">/etc/audit/audit.rules</html:code>.</description>
        <Rule id="xccdf_org.ssgproject.content_rule_audit_rules_kernel_module_loading_delete" selected="false" role="full" severity="medium">
          <title xmlns:xhtml="http://www.w3.org/1999/xhtml" xml:lang="en-US">Ensure auditd Collects Information on Kernel Module Unloading - delete_module</title>
          <description xmlns:xhtml="http://www.w3.org/1999/xhtml" xml:lang="en-US">To capture kernel module unloading events, use following line, setting ARCH to
either b32 for 32-bit system, or having two lines for both b32 and b64 in case your system is 64-bit:

<html:pre xmlns:html="http://www.w3.org/1999/xhtml">-a always,exit -F arch=<html:i>ARCH</html:i> -S delete_module -F auid&gt;=1000 -F auid!=unset -F key=modules</html:pre>


Place to add the line depends on a way <html:code xmlns:html="http://www.w3.org/1999/xhtml">auditd</html:code> daemon is configured. If it is configured
to use the <html:code xmlns:html="http://www.w3.org/1999/xhtml">augenrules</html:code> program (the default), add the line to a file with suffix
<html:code xmlns:html="http://www.w3.org/1999/xhtml">.rules</html:code> in the directory <html:code xmlns:html="http://www.w3.org/1999/xhtml">/etc/audit/rules.d</html:code>.

If the <html:code xmlns:html="http://www.w3.org/1999/xhtml">auditd</html:code> daemon is configured to use the <html:code xmlns:html="http://www.w3.org/1999/xhtml">auditctl</html:code> utility,
add the line to file <html:code xmlns:html="http://www.w3.org/1999/xhtml">/etc/audit/audit.rules</html:code>.</description>
          <reference href="https://www.cisecurity.org/controls/">1</reference>
          <reference href="https://www.cisecurity.org/controls/">11</reference>
          <reference href="https://www.cisecurity.org/controls/">12</reference>
          <reference href="https://www.cisecurity.org/controls/">13</reference>
          <reference href="https://www.cisecurity.org/controls/">14</reference>
          <reference href="https://www.cisecurity.org/controls/">15</reference>
          <reference href="https://www.cisecurity.org/controls/">16</reference>
          <reference href="https://www.cisecurity.org/controls/">19</reference>
          <reference href="https://www.cisecurity.org/controls/">2</reference>
          <reference href="https://www.cisecurity.org/controls/">3</reference>
          <reference href="https://www.cisecurity.org/controls/">4</reference>
          <reference href="https://www.cisecurity.org/controls/">5</reference>
          <reference href="https://www.cisecurity.org/controls/">6</reference>
          <reference href="https://www.cisecurity.org/controls/">7</reference>
          <reference href="https://www.cisecurity.org/controls/">8</reference>
          <reference href="https://www.cisecurity.org/controls/">9</reference>
          <reference href="https://www.isaca.org/resources/cobit">APO10.01</reference>
          <reference href="https://www.isaca.org/resources/cobit">APO10.03</reference>
          <reference href="https://www.isaca.org/resources/cobit">APO10.04</reference>
          <reference href="https://www.isaca.org/resources/cobit">APO10.05</reference>
          <reference href="https://www.isaca.org/resources/cobit">APO11.04</reference>
          <reference href="https://www.isaca.org/resources/cobit">APO12.06</reference>
          <reference href="https://www.isaca.org/resources/cobit">APO13.01</reference>
          <reference href="https://www.isaca.org/resources/cobit">BAI03.05</reference>
          <reference href="https://www.isaca.org/resources/cobit">BAI08.02</reference>
          <reference href="https://www.isaca.org/resources/cobit">DSS01.03</reference>
          <reference href="https://www.isaca.org/resources/cobit">DSS01.04</reference>
          <reference href="https://www.isaca.org/resources/cobit">DSS02.02</reference>
          <reference href="https://www.isaca.org/resources/cobit">DSS02.04</reference>
          <reference href="https://www.isaca.org/resources/cobit">DSS02.07</reference>
          <reference href="https://www.isaca.org/resources/cobit">DSS03.01</reference>
          <reference href="https://www.isaca.org/resources/cobit">DSS03.05</reference>
          <reference href="https://www.isaca.org/resources/cobit">DSS05.02</reference>
          <reference href="https://www.isaca.org/resources/cobit">DSS05.03</reference>
          <reference href="https://www.isaca.org/resources/cobit">DSS05.04</reference>
          <reference href="https://www.isaca.org/resources/cobit">DSS05.05</reference>
          <reference href="https://www.isaca.org/resources/cobit">DSS05.07</reference>
          <reference href="https://www.isaca.org/resources/cobit">MEA01.01</reference>
          <reference href="https://www.isaca.org/resources/cobit">MEA01.02</reference>
          <reference href="https://www.isaca.org/resources/cobit">MEA01.03</reference>
          <reference href="https://www.isaca.org/resources/cobit">MEA01.04</reference>
          <reference href="https://www.isaca.org/resources/cobit">MEA01.05</reference>
          <reference href="https://www.isaca.org/resources/cobit">MEA02.01</reference>
          <reference href="http://nvlpubs.nist.gov/nistpubs/SpecialPublications/NIST.SP.800-171.pdf">3.1.7</reference>
          <reference href="https://public.cyber.mil/stigs/cci/">CCI-000172</reference>
          <reference href="https://public.cyber.mil/stigs/cci/">CCI-000130</reference>
          <reference href="https://public.cyber.mil/stigs/cci/">CCI-000135</reference>
          <reference href="https://public.cyber.mil/stigs/cci/">CCI-000169</reference>
          <reference href="https://public.cyber.mil/stigs/cci/">CCI-002884</reference>
          <reference href="https://www.gpo.gov/fdsys/pkg/CFR-2007-title45-vol1/pdf/CFR-2007-title45-vol1-chapA-subchapC.pdf">164.308(a)(1)(ii)(D)</reference>
          <reference href="https://www.gpo.gov/fdsys/pkg/CFR-2007-title45-vol1/pdf/CFR-2007-title45-vol1-chapA-subchapC.pdf">164.308(a)(3)(ii)(A)</reference>
          <reference href="https://www.gpo.gov/fdsys/pkg/CFR-2007-title45-vol1/pdf/CFR-2007-title45-vol1-chapA-subchapC.pdf">164.308(a)(5)(ii)(C)</reference>
          <reference href="https://www.gpo.gov/fdsys/pkg/CFR-2007-title45-vol1/pdf/CFR-2007-title45-vol1-chapA-subchapC.pdf">164.312(a)(2)(i)</reference>
          <reference href="https://www.gpo.gov/fdsys/pkg/CFR-2007-title45-vol1/pdf/CFR-2007-title45-vol1-chapA-subchapC.pdf">164.312(b)</reference>
          <reference href="https://www.gpo.gov/fdsys/pkg/CFR-2007-title45-vol1/pdf/CFR-2007-title45-vol1-chapA-subchapC.pdf">164.312(d)</reference>
          <reference href="https://www.gpo.gov/fdsys/pkg/CFR-2007-title45-vol1/pdf/CFR-2007-title45-vol1-chapA-subchapC.pdf">164.312(e)</reference>
          <reference href="https://www.isa.org/products/isa-62443-2-1-2009-security-for-industrial-automat">4.2.3.10</reference>
          <reference href="https://www.isa.org/products/isa-62443-2-1-2009-security-for-industrial-automat">4.3.2.6.7</reference>
          <reference href="https://www.isa.org/products/isa-62443-2-1-2009-security-for-industrial-automat">4.3.3.3.9</reference>
          <reference href="https://www.isa.org/products/isa-62443-2-1-2009-security-for-industrial-automat">4.3.3.5.8</reference>
          <reference href="https://www.isa.org/products/isa-62443-2-1-2009-security-for-industrial-automat">4.3.3.6.6</reference>
          <reference href="https://www.isa.org/products/isa-62443-2-1-2009-security-for-industrial-automat">4.3.4.4.7</reference>
          <reference href="https://www.isa.org/products/isa-62443-2-1-2009-security-for-industrial-automat">4.3.4.5.6</reference>
          <reference href="https://www.isa.org/products/isa-62443-2-1-2009-security-for-industrial-automat">4.3.4.5.7</reference>
          <reference href="https://www.isa.org/products/isa-62443-2-1-2009-security-for-industrial-automat">4.3.4.5.8</reference>
          <reference href="https://www.isa.org/products/isa-62443-2-1-2009-security-for-industrial-automat">4.4.2.1</reference>
          <reference href="https://www.isa.org/products/isa-62443-2-1-2009-security-for-industrial-automat">4.4.2.2</reference>
          <reference href="https://www.isa.org/products/isa-62443-2-1-2009-security-for-industrial-automat">4.4.2.4</reference>
          <reference href="https://www.isa.org/products/ansi-isa-62443-3-3-99-03-03-2013-security-for-indu">SR 1.13</reference>
          <reference href="https://www.isa.org/products/ansi-isa-62443-3-3-99-03-03-2013-security-for-indu">SR 2.10</reference>
          <reference href="https://www.isa.org/products/ansi-isa-62443-3-3-99-03-03-2013-security-for-indu">SR 2.11</reference>
          <reference href="https://www.isa.org/products/ansi-isa-62443-3-3-99-03-03-2013-security-for-indu">SR 2.12</reference>
          <reference href="https://www.isa.org/products/ansi-isa-62443-3-3-99-03-03-2013-security-for-indu">SR 2.6</reference>
          <reference href="https://www.isa.org/products/ansi-isa-62443-3-3-99-03-03-2013-security-for-indu">SR 2.8</reference>
          <reference href="https://www.isa.org/products/ansi-isa-62443-3-3-99-03-03-2013-security-for-indu">SR 2.9</reference>
          <reference href="https://www.isa.org/products/ansi-isa-62443-3-3-99-03-03-2013-security-for-indu">SR 3.1</reference>
          <reference href="https://www.isa.org/products/ansi-isa-62443-3-3-99-03-03-2013-security-for-indu">SR 3.5</reference>
          <reference href="https://www.isa.org/products/ansi-isa-62443-3-3-99-03-03-2013-security-for-indu">SR 3.8</reference>
          <reference href="https://www.isa.org/products/ansi-isa-62443-3-3-99-03-03-2013-security-for-indu">SR 4.1</reference>
          <reference href="https://www.isa.org/products/ansi-isa-62443-3-3-99-03-03-2013-security-for-indu">SR 4.3</reference>
          <reference href="https://www.isa.org/products/ansi-isa-62443-3-3-99-03-03-2013-security-for-indu">SR 5.1</reference>
          <reference href="https://www.isa.org/products/ansi-isa-62443-3-3-99-03-03-2013-security-for-indu">SR 5.2</reference>
          <reference href="https://www.isa.org/products/ansi-isa-62443-3-3-99-03-03-2013-security-for-indu">SR 5.3</reference>
          <reference href="https://www.isa.org/products/ansi-isa-62443-3-3-99-03-03-2013-security-for-indu">SR 6.1</reference>
          <reference href="https://www.isa.org/products/ansi-isa-62443-3-3-99-03-03-2013-security-for-indu">SR 6.2</reference>
          <reference href="https://www.isa.org/products/ansi-isa-62443-3-3-99-03-03-2013-security-for-indu">SR 7.1</reference>
          <reference href="https://www.isa.org/products/ansi-isa-62443-3-3-99-03-03-2013-security-for-indu">SR 7.6</reference>
          <reference href="https://www.iso.org/contents/data/standard/05/45/54534.html">A.11.2.6</reference>
          <reference href="https://www.iso.org/contents/data/standard/05/45/54534.html">A.12.4.1</reference>
          <reference href="https://www.iso.org/contents/data/standard/05/45/54534.html">A.12.4.2</reference>
          <reference href="https://www.iso.org/contents/data/standard/05/45/54534.html">A.12.4.3</reference>
          <reference href="https://www.iso.org/contents/data/standard/05/45/54534.html">A.12.4.4</reference>
          <reference href="https://www.iso.org/contents/data/standard/05/45/54534.html">A.12.7.1</reference>
          <reference href="https://www.iso.org/contents/data/standard/05/45/54534.html">A.13.1.1</reference>
          <reference href="https://www.iso.org/contents/data/standard/05/45/54534.html">A.13.2.1</reference>
          <reference href="https://www.iso.org/contents/data/standard/05/45/54534.html">A.14.1.3</reference>
          <reference href="https://www.iso.org/contents/data/standard/05/45/54534.html">A.14.2.7</reference>
          <reference href="https://www.iso.org/contents/data/standard/05/45/54534.html">A.15.2.1</reference>
          <reference href="https://www.iso.org/contents/data/standard/05/45/54534.html">A.15.2.2</reference>
          <reference href="https://www.iso.org/contents/data/standard/05/45/54534.html">A.16.1.4</reference>
          <reference href="https://www.iso.org/contents/data/standard/05/45/54534.html">A.16.1.5</reference>
          <reference href="https://www.iso.org/contents/data/standard/05/45/54534.html">A.16.1.7</reference>
          <reference href="https://www.iso.org/contents/data/standard/05/45/54534.html">A.6.2.1</reference>
          <reference href="https://www.iso.org/contents/data/standard/05/45/54534.html">A.6.2.2</reference>
          <reference href="http://nvlpubs.nist.gov/nistpubs/SpecialPublications/NIST.SP.800-53r4.pdf">AU-2(d)</reference>
          <reference href="http://nvlpubs.nist.gov/nistpubs/SpecialPublications/NIST.SP.800-53r4.pdf">AU-12(c)</reference>
          <reference href="http://nvlpubs.nist.gov/nistpubs/SpecialPublications/NIST.SP.800-53r4.pdf">AC-6(9)</reference>
          <reference href="http://nvlpubs.nist.gov/nistpubs/SpecialPublications/NIST.SP.800-53r4.pdf">CM-6(a)</reference>
          <reference href="https://nvlpubs.nist.gov/nistpubs/CSWP/NIST.CSWP.04162018.pdf">DE.AE-3</reference>
          <reference href="https://nvlpubs.nist.gov/nistpubs/CSWP/NIST.CSWP.04162018.pdf">DE.AE-5</reference>
          <reference href="https://nvlpubs.nist.gov/nistpubs/CSWP/NIST.CSWP.04162018.pdf">DE.CM-1</reference>
          <reference href="https://nvlpubs.nist.gov/nistpubs/CSWP/NIST.CSWP.04162018.pdf">DE.CM-3</reference>
          <reference href="https://nvlpubs.nist.gov/nistpubs/CSWP/NIST.CSWP.04162018.pdf">DE.CM-7</reference>
          <reference href="https://nvlpubs.nist.gov/nistpubs/CSWP/NIST.CSWP.04162018.pdf">ID.SC-4</reference>
          <reference href="https://nvlpubs.nist.gov/nistpubs/CSWP/NIST.CSWP.04162018.pdf">PR.AC-3</reference>
          <reference href="https://nvlpubs.nist.gov/nistpubs/CSWP/NIST.CSWP.04162018.pdf">PR.PT-1</reference>
          <reference href="https://nvlpubs.nist.gov/nistpubs/CSWP/NIST.CSWP.04162018.pdf">PR.PT-4</reference>
          <reference href="https://nvlpubs.nist.gov/nistpubs/CSWP/NIST.CSWP.04162018.pdf">RS.AN-1</reference>
          <reference href="https://nvlpubs.nist.gov/nistpubs/CSWP/NIST.CSWP.04162018.pdf">RS.AN-4</reference>
          <reference href="https://www.pcisecuritystandards.org/documents/PCI_DSS_v3-2-1.pdf">Req-10.2.7</reference>
          <reference href="https://public.cyber.mil/stigs/downloads/?_dl_facet_stigs=operating-systems%2Cgeneral-purpose-os">SRG-OS-000037-GPOS-00015</reference>
          <reference href="https://public.cyber.mil/stigs/downloads/?_dl_facet_stigs=operating-systems%2Cgeneral-purpose-os">SRG-OS-000042-GPOS-00020</reference>
          <reference href="https://public.cyber.mil/stigs/downloads/?_dl_facet_stigs=operating-systems%2Cgeneral-purpose-os">SRG-OS-000062-GPOS-00031</reference>
          <reference href="https://public.cyber.mil/stigs/downloads/?_dl_facet_stigs=operating-systems%2Cgeneral-purpose-os">SRG-OS-000392-GPOS-00172</reference>
          <reference href="https://public.cyber.mil/stigs/downloads/?_dl_facet_stigs=operating-systems%2Cgeneral-purpose-os">SRG-OS-000462-GPOS-00206</reference>
          <reference href="https://public.cyber.mil/stigs/downloads/?_dl_facet_stigs=operating-systems%2Cgeneral-purpose-os">SRG-OS-000471-GPOS-00215</reference>
          <reference href="https://public.cyber.mil/stigs/downloads/?_dl_facet_stigs=operating-systems%2Cgeneral-purpose-os">SRG-OS-000471-GPOS-00216</reference>
          <reference href="https://public.cyber.mil/stigs/downloads/?_dl_facet_stigs=operating-systems%2Cgeneral-purpose-os">SRG-OS-000477-GPOS-00222</reference>
          <reference href="https://public.cyber.mil/stigs/downloads/?_dl_facet_stigs=container-platform">SRG-APP-000495-CTR-001235</reference>
          <reference href="https://public.cyber.mil/stigs/downloads/?_dl_facet_stigs=container-platform">SRG-APP-000504-CTR-001280</reference>
          <reference href="https://cyber.gouv.fr/sites/default/files/document/linux_configuration-en-v2.pdf">R73</reference>
          <reference href="https://www.cisecurity.org/benchmark/ubuntu_linux/">6.2.3.19</reference>
          <rationale xmlns:xhtml="http://www.w3.org/1999/xhtml" xml:lang="en-US">The removal of kernel modules can be used to alter the behavior of
the kernel and potentially introduce malicious code into kernel space. It is important
to have an audit trail of modules that have been introduced into the kernel.</rationale>
          <fix xmlns:xhtml="http://www.w3.org/1999/xhtml" id="audit_rules_kernel_module_loading_delete" system="urn:xccdf:fix:script:ansible" complexity="low" disruption="low" strategy="configure">- name: Gather the package facts
  package_facts:
    manager: auto
  tags:
  - NIST-800-171-3.1.7
  - NIST-800-53-AC-6(9)
  - NIST-800-53-AU-12(c)
  - NIST-800-53-AU-2(d)
  - NIST-800-53-CM-6(a)
  - PCI-DSS-Req-10.2.7
  - audit_rules_kernel_module_loading_delete
  - configure_strategy
  - low_complexity
  - low_disruption
  - medium_severity
  - no_reboot_needed

- name: Set architecture for audit delete_module tasks
  set_fact:
    audit_arch: b64
  when:
  - '"auditd" in ansible_facts.packages'
  - '"linux-base" in ansible_facts.packages'
  - ansible_architecture == "aarch64" or ansible_architecture == "ppc64" or ansible_architecture
    == "ppc64le" or ansible_architecture == "s390x" or ansible_architecture == "x86_64"
  tags:
  - NIST-800-171-3.1.7
  - NIST-800-53-AC-6(9)
  - NIST-800-53-AU-12(c)
  - NIST-800-53-AU-2(d)
  - NIST-800-53-CM-6(a)
  - PCI-DSS-Req-10.2.7
  - audit_rules_kernel_module_loading_delete
  - configure_strategy
  - low_complexity
  - low_disruption
  - medium_severity
  - no_reboot_needed

- name: Perform remediation of Audit rules for delete_module for 32bit platform
  block:

  - name: Declare list of syscalls
    set_fact:
      syscalls:
      - delete_module
      syscall_grouping: []

  - name: Check existence of delete_module in /etc/audit/rules.d/
    find:
      paths: /etc/audit/rules.d
      contains: -a always,exit -F arch=b32(( -S |,)\w+)*(( -S |,){{ item }})+(( -S
        |,)\w+)* -F auid&gt;=1000 -F auid!=unset (-k\s+|-F\s+key=)\S+\s*$
      patterns: '*.rules'
    register: find_command
    loop: '{{ (syscall_grouping + syscalls) | unique }}'

  - name: Reset syscalls found per file
    set_fact:
      syscalls_per_file: {}
      found_paths_dict: {}

  - name: Declare syscalls found per file
    set_fact: syscalls_per_file="{{ syscalls_per_file | combine( {item.files[0].path
      :[item.item] + syscalls_per_file.get(item.files[0].path, []) } ) }}"
    loop: '{{ find_command.results | selectattr(''matched'') | list }}'

  - name: Declare files where syscalls were found
    set_fact: found_paths="{{ find_command.results | map(attribute='files') | flatten
      | map(attribute='path') | list }}"

  - name: Count occurrences of syscalls in paths
    set_fact: found_paths_dict="{{ found_paths_dict | combine({ item:1+found_paths_dict.get(item,
      0) }) }}"
    loop: '{{ find_command.results | map(attribute=''files'') | flatten | map(attribute=''path'')
      | list }}'

  - name: Get path with most syscalls
    set_fact: audit_file="{{ (found_paths_dict | dict2items() | sort(attribute='value')
      | last).key }}"
    when: found_paths | length &gt;= 1

  - name: No file with syscall found, set path to /etc/audit/rules.d/module-change.rules
    set_fact: audit_file="/etc/audit/rules.d/module-change.rules"
    when: found_paths | length == 0

  - name: Declare found syscalls
    set_fact: syscalls_found="{{ find_command.results | selectattr('matched') | map(attribute='item')
      | list }}"

  - name: Declare missing syscalls
    set_fact: missing_syscalls="{{ syscalls | difference(syscalls_found) }}"

  - name: Replace the audit rule in {{ audit_file }}
    lineinfile:
      path: '{{ audit_file }}'
      regexp: (-a always,exit -F arch=b32)(?=.*(?:(?:-S |,)(?:{{ syscalls_per_file[audit_file]
        | join("|") }}))\b)((?:( -S |,)\w+)+)( -F auid&gt;=1000 -F auid!=unset (?:-k
        |-F key=)\w+)
      line: \1\2\3{{ missing_syscalls | join("\3") }}\4
      backrefs: true
      state: present
      mode: g-rwx,o-rwx
    when: syscalls_found | length &gt; 0 and missing_syscalls | length &gt; 0

  - name: Add the audit rule to {{ audit_file }}
    lineinfile:
      path: '{{ audit_file }}'
      line: -a always,exit -F arch=b32 -S {{ syscalls | join(',') }} -F auid&gt;=1000
        -F auid!=unset -F key=module-change
      create: true
      mode: g-rwx,o-rwx
      state: present
    when: syscalls_found | length == 0

  - name: Declare list of syscalls
    set_fact:
      syscalls:
      - delete_module
      syscall_grouping: []

  - name: Check existence of delete_module in /etc/audit/audit.rules
    find:
      paths: /etc/audit
      contains: -a always,exit -F arch=b32(( -S |,)\w+)*(( -S |,){{ item }})+(( -S
        |,)\w+)* -F auid&gt;=1000 -F auid!=unset (-k\s+|-F\s+key=)\S+\s*$
      patterns: audit.rules
    register: find_command
    loop: '{{ (syscall_grouping + syscalls) | unique }}'

  - name: Set path to /etc/audit/audit.rules
    set_fact: audit_file="/etc/audit/audit.rules"

  - name: Declare found syscalls
    set_fact: syscalls_found="{{ find_command.results | selectattr('matched') | map(attribute='item')
      | list }}"

  - name: Declare missing syscalls
    set_fact: missing_syscalls="{{ syscalls | difference(syscalls_found) }}"

  - name: Replace the audit rule in {{ audit_file }}
    lineinfile:
      path: '{{ audit_file }}'
      regexp: (-a always,exit -F arch=b32)(?=.*(?:(?:-S |,)(?:{{ syscalls_found |
        join("|") }}))\b)((?:( -S |,)\w+)+)( -F auid&gt;=1000 -F auid!=unset (?:-k |-F
        key=)\w+)
      line: \1\2\3{{ missing_syscalls | join("\3") }}\4
      backrefs: true
      state: present
      mode: g-rwx,o-rwx
    when: syscalls_found | length &gt; 0 and missing_syscalls | length &gt; 0

  - name: Add the audit rule to {{ audit_file }}
    lineinfile:
      path: '{{ audit_file }}'
      line: -a always,exit -F arch=b32 -S {{ syscalls | join(',') }} -F auid&gt;=1000
        -F auid!=unset -F key=module-change
      create: true
      mode: g-rwx,o-rwx
      state: present
    when: syscalls_found | length == 0
  when:
  - '"auditd" in ansible_facts.packages'
  - '"linux-base" in ansible_facts.packages'
  tags:
  - NIST-800-171-3.1.7
  - NIST-800-53-AC-6(9)
  - NIST-800-53-AU-12(c)
  - NIST-800-53-AU-2(d)
  - NIST-800-53-CM-6(a)
  - PCI-DSS-Req-10.2.7
  - audit_rules_kernel_module_loading_delete
  - configure_strategy
  - low_complexity
  - low_disruption
  - medium_severity
  - no_reboot_needed

- name: Perform remediation of Audit rules for delete_module for 64bit platform
  block:

  - name: Declare list of syscalls
    set_fact:
      syscalls:
      - delete_module
      syscall_grouping: []

  - name: Check existence of delete_module in /etc/audit/rules.d/
    find:
      paths: /etc/audit/rules.d
      contains: -a always,exit -F arch=b64(( -S |,)\w+)*(( -S |,){{ item }})+(( -S
        |,)\w+)* -F auid&gt;=1000 -F auid!=unset (-k\s+|-F\s+key=)\S+\s*$
      patterns: '*.rules'
    register: find_command
    loop: '{{ (syscall_grouping + syscalls) | unique }}'

  - name: Reset syscalls found per file
    set_fact:
      syscalls_per_file: {}
      found_paths_dict: {}

  - name: Declare syscalls found per file
    set_fact: syscalls_per_file="{{ syscalls_per_file | combine( {item.files[0].path
      :[item.item] + syscalls_per_file.get(item.files[0].path, []) } ) }}"
    loop: '{{ find_command.results | selectattr(''matched'') | list }}'

  - name: Declare files where syscalls were found
    set_fact: found_paths="{{ find_command.results | map(attribute='files') | flatten
      | map(attribute='path') | list }}"

  - name: Count occurrences of syscalls in paths
    set_fact: found_paths_dict="{{ found_paths_dict | combine({ item:1+found_paths_dict.get(item,
      0) }) }}"
    loop: '{{ find_command.results | map(attribute=''files'') | flatten | map(attribute=''path'')
      | list }}'

  - name: Get path with most syscalls
    set_fact: audit_file="{{ (found_paths_dict | dict2items() | sort(attribute='value')
      | last).key }}"
    when: found_paths | length &gt;= 1

  - name: No file with syscall found, set path to /etc/audit/rules.d/module-change.rules
    set_fact: audit_file="/etc/audit/rules.d/module-change.rules"
    when: found_paths | length == 0

  - name: Declare found syscalls
    set_fact: syscalls_found="{{ find_command.results | selectattr('matched') | map(attribute='item')
      | list }}"

  - name: Declare missing syscalls
    set_fact: missing_syscalls="{{ syscalls | difference(syscalls_found) }}"

  - name: Replace the audit rule in {{ audit_file }}
    lineinfile:
      path: '{{ audit_file }}'
      regexp: (-a always,exit -F arch=b64)(?=.*(?:(?:-S |,)(?:{{ syscalls_per_file[audit_file]
        | join("|") }}))\b)((?:( -S |,)\w+)+)( -F auid&gt;=1000 -F auid!=unset (?:-k
        |-F key=)\w+)
      line: \1\2\3{{ missing_syscalls | join("\3") }}\4
      backrefs: true
      state: present
      mode: g-rwx,o-rwx
    when: syscalls_found | length &gt; 0 and missing_syscalls | length &gt; 0

  - name: Add the audit rule to {{ audit_file }}
    lineinfile:
      path: '{{ audit_file }}'
      line: -a always,exit -F arch=b64 -S {{ syscalls | join(',') }} -F auid&gt;=1000
        -F auid!=unset -F key=module-change
      create: true
      mode: g-rwx,o-rwx
      state: present
    when: syscalls_found | length == 0

  - name: Declare list of syscalls
    set_fact:
      syscalls:
      - delete_module
      syscall_grouping: []

  - name: Check existence of delete_module in /etc/audit/audit.rules
    find:
      paths: /etc/audit
      contains: -a always,exit -F arch=b64(( -S |,)\w+)*(( -S |,){{ item }})+(( -S
        |,)\w+)* -F auid&gt;=1000 -F auid!=unset (-k\s+|-F\s+key=)\S+\s*$
      patterns: audit.rules
    register: find_command
    loop: '{{ (syscall_grouping + syscalls) | unique }}'

  - name: Set path to /etc/audit/audit.rules
    set_fact: audit_file="/etc/audit/audit.rules"

  - name: Declare found syscalls
    set_fact: syscalls_found="{{ find_command.results | selectattr('matched') | map(attribute='item')
      | list }}"

  - name: Declare missing syscalls
    set_fact: missing_syscalls="{{ syscalls | difference(syscalls_found) }}"

  - name: Replace the audit rule in {{ audit_file }}
    lineinfile:
      path: '{{ audit_file }}'
      regexp: (-a always,exit -F arch=b64)(?=.*(?:(?:-S |,)(?:{{ syscalls_found |
        join("|") }}))\b)((?:( -S |,)\w+)+)( -F auid&gt;=1000 -F auid!=unset (?:-k |-F
        key=)\w+)
      line: \1\2\3{{ missing_syscalls | join("\3") }}\4
      backrefs: true
      state: present
      mode: g-rwx,o-rwx
    when: syscalls_found | length &gt; 0 and missing_syscalls | length &gt; 0

  - name: Add the audit rule to {{ audit_file }}
    lineinfile:
      path: '{{ audit_file }}'
      line: -a always,exit -F arch=b64 -S {{ syscalls | join(',') }} -F auid&gt;=1000
        -F auid!=unset -F key=module-change
      create: true
      mode: g-rwx,o-rwx
      state: present
    when: syscalls_found | length == 0
  when:
  - '"auditd" in ansible_facts.packages'
  - '"linux-base" in ansible_facts.packages'
  - audit_arch == "b64"
  tags:
  - NIST-800-171-3.1.7
  - NIST-800-53-AC-6(9)
  - NIST-800-53-AU-12(c)
  - NIST-800-53-AU-2(d)
  - NIST-800-53-CM-6(a)
  - PCI-DSS-Req-10.2.7
  - audit_rules_kernel_module_loading_delete
  - configure_strategy
  - low_complexity
  - low_disruption
  - medium_severity
  - no_reboot_needed
</fix>
          <fix xmlns:xhtml="http://www.w3.org/1999/xhtml" id="audit_rules_kernel_module_loading_delete" system="urn:xccdf:fix:script:sh"># Remediation is applicable only in certain platforms
if dpkg-query --show --showformat='${db:Status-Status}
' 'linux-base' 2&gt;/dev/null | grep -q ^installed &amp;&amp; dpkg-query --show --showformat='${db:Status-Status}\n' 'auditd' 2&gt;/dev/null | grep -q '^installed'; then

# First perform the remediation of the syscall rule
# Retrieve hardware architecture of the underlying system
# Note: 32-bit and 64-bit kernel syscall numbers not always line up =&gt;
#       it's required on a 64-bit system to check also for the presence
#       of 32-bit's equivalent of the corresponding rule.
#       (See `man 7 audit.rules` for details )
[ "$(getconf LONG_BIT)" = "32" ] &amp;&amp; RULE_ARCHS=("b32") || RULE_ARCHS=("b32" "b64")

for ARCH in "${RULE_ARCHS[@]}"
do
	ACTION_ARCH_FILTERS="-a always,exit -F arch=$ARCH"
	OTHER_FILTERS=""
	
	AUID_FILTERS="-F auid&gt;=1000 -F auid!=unset"
	
	SYSCALL="delete_module"
	KEY="modules"
	SYSCALL_GROUPING="delete_module"
	# Perform the remediation for both possible tools: 'auditctl' and 'augenrules'
	unset syscall_a
unset syscall_grouping
unset syscall_string
unset syscall
unset file_to_edit
unset rule_to_edit
unset rule_syscalls_to_edit
unset other_string
unset auid_string
unset full_rule

# Load macro arguments into arrays
read -a syscall_a &lt;&lt;&lt; $SYSCALL
read -a syscall_grouping &lt;&lt;&lt; $SYSCALL_GROUPING

# Create a list of audit *.rules files that should be inspected for presence and correctness
# of a particular audit rule. The scheme is as follows:
#
# -----------------------------------------------------------------------------------------
#  Tool used to load audit rules | Rule already defined  |  Audit rules file to inspect    |
# -----------------------------------------------------------------------------------------
#        auditctl                |     Doesn't matter    |  /etc/audit/audit.rules         |
# -----------------------------------------------------------------------------------------
#        augenrules              |          Yes          |  /etc/audit/rules.d/*.rules     |
#        augenrules              |          No           |  /etc/audit/rules.d/$key.rules  |
# -----------------------------------------------------------------------------------------
#
files_to_inspect=()

# If audit tool is 'augenrules', then check if the audit rule is defined
# If rule is defined, add '/etc/audit/rules.d/*.rules' to the list for inspection
# If rule isn't defined yet, add '/etc/audit/rules.d/$key.rules' to the list for inspection
default_file="/etc/audit/rules.d/$KEY.rules"
# As other_filters may include paths, lets use a different delimiter for it
# The "F" script expression tells sed to print the filenames where the expressions matched
readarray -t files_to_inspect &lt; &lt;(sed -s -n -e "/^$ACTION_ARCH_FILTERS/!d" -e "\#$OTHER_FILTERS#!d" -e "/$AUID_FILTERS/!d" -e "F" /etc/audit/rules.d/*.rules)
# Case when particular rule isn't defined in /etc/audit/rules.d/*.rules yet
if [ ${#files_to_inspect[@]} -eq "0" ]
then
    file_to_inspect="/etc/audit/rules.d/$KEY.rules"
    files_to_inspect=("$file_to_inspect")
    if [ ! -e "$file_to_inspect" ]
    then
        touch "$file_to_inspect"
        chmod 0600 "$file_to_inspect"
    fi
fi

# After converting to jinja, we cannot return; therefore we skip the rest of the macro if needed instead
skip=1

for audit_file in "${files_to_inspect[@]}"
do
    # Filter existing $audit_file rules' definitions to select those that satisfy the rule pattern,
    # i.e, collect rules that match:
    # * the action, list and arch, (2-nd argument)
    # * the other filters, (3-rd argument)
    # * the auid filters, (4-rd argument)
    readarray -t similar_rules &lt; &lt;(sed -e "/^$ACTION_ARCH_FILTERS/!d"  -e "\#$OTHER_FILTERS#!d" -e "/$AUID_FILTERS/!d" "$audit_file")

    candidate_rules=()
    # Filter out rules that have more fields then required. This will remove rules more specific than the required scope
    for s_rule in "${similar_rules[@]}"
    do
        # Strip all the options and fields we know of,
        # than check if there was any field left over
        extra_fields=$(sed -E -e "s/^$ACTION_ARCH_FILTERS//"  -e "s#$OTHER_FILTERS##" -e "s/$AUID_FILTERS//" -e "s/((:?-S [[:alnum:],]+)+)//g" -e "s/-F key=\w+|-k \w+//"&lt;&lt;&lt; "$s_rule")
        grep -q -- "-F" &lt;&lt;&lt; "$extra_fields" || candidate_rules+=("$s_rule")
    done

    if [[ ${#syscall_a[@]} -ge 1 ]]
    then
        # Check if the syscall we want is present in any of the similar existing rules
        for rule in "${candidate_rules[@]}"
        do
            rule_syscalls=$(echo "$rule" | grep -o -P '(-S [\w,]+)+' | xargs)
            all_syscalls_found=0
            for syscall in "${syscall_a[@]}"
            do
                grep -q -- "\b${syscall}\b" &lt;&lt;&lt; "$rule_syscalls" || {
                   # A syscall was not found in the candidate rule
                   all_syscalls_found=1
                   }
            done
            if [[ $all_syscalls_found -eq 0 ]]
            then
                # We found a rule with all the syscall(s) we want; skip rest of macro
                skip=0
                break
            fi

            # Check if this rule can be grouped with our target syscall and keep track of it
            for syscall_g in "${syscall_grouping[@]}"
            do
                if grep -q -- "\b${syscall_g}\b" &lt;&lt;&lt; "$rule_syscalls"
                then
                    file_to_edit=${audit_file}
                    rule_to_edit=${rule}
                    rule_syscalls_to_edit=${rule_syscalls}
                fi
            done
        done
    else
        # If there is any candidate rule, it is compliant; skip rest of macro
        if [ "${#candidate_rules[@]}" -gt 0 ]
        then
            skip=0
        fi
    fi

    if [ "$skip" -eq 0 ]; then
        break
    fi
done

if [ "$skip" -ne 0 ]; then
    # We checked all rules that matched the expected resemblance pattern (action, arch &amp; auid)
    # At this point we know if we need to either append the $full_rule or group
    # the syscall together with an exsiting rule

    # Append the full_rule if it cannot be grouped to any other rule
    if [ -z ${rule_to_edit+x} ]
    then
        # Build full_rule while avoid adding double spaces when other_filters is empty
        if [ "${#syscall_a[@]}" -gt 0 ]
        then
            syscall_string=""
            for syscall in "${syscall_a[@]}"
            do
                syscall_string+=" -S $syscall"
            done
        fi
        other_string=$([[ $OTHER_FILTERS ]] &amp;&amp; echo " $OTHER_FILTERS") || /bin/true
        auid_string=$([[ $AUID_FILTERS ]] &amp;&amp; echo " $AUID_FILTERS") || /bin/true
        full_rule="$ACTION_ARCH_FILTERS${syscall_string}${other_string}${auid_string} -F key=$KEY" || /bin/true
        echo "$full_rule" &gt;&gt; "$default_file"
        chmod 0600 ${default_file}
    else
        # Check if the syscalls are declared as a comma separated list or
        # as multiple -S parameters
        if grep -q -- "," &lt;&lt;&lt; "${rule_syscalls_to_edit}"
        then
            delimiter=","
        else
            delimiter=" -S "
        fi
        new_grouped_syscalls="${rule_syscalls_to_edit}"
        for syscall in "${syscall_a[@]}"
        do
            grep -q -- "\b${syscall}\b" &lt;&lt;&lt; "${rule_syscalls_to_edit}" || {
               # A syscall was not found in the candidate rule
               new_grouped_syscalls+="${delimiter}${syscall}"
               }
        done

        # Group the syscall in the rule
        sed -i -e "\#${rule_to_edit}#s#${rule_syscalls_to_edit}#${new_grouped_syscalls}#" "$file_to_edit"
    fi
fi
	unset syscall_a
unset syscall_grouping
unset syscall_string
unset syscall
unset file_to_edit
unset rule_to_edit
unset rule_syscalls_to_edit
unset other_string
unset auid_string
unset full_rule

# Load macro arguments into arrays
read -a syscall_a &lt;&lt;&lt; $SYSCALL
read -a syscall_grouping &lt;&lt;&lt; $SYSCALL_GROUPING

# Create a list of audit *.rules files that should be inspected for presence and correctness
# of a particular audit rule. The scheme is as follows:
#
# -----------------------------------------------------------------------------------------
#  Tool used to load audit rules | Rule already defined  |  Audit rules file to inspect    |
# -----------------------------------------------------------------------------------------
#        auditctl                |     Doesn't matter    |  /etc/audit/audit.rules         |
# -----------------------------------------------------------------------------------------
#        augenrules              |          Yes          |  /etc/audit/rules.d/*.rules     |
#        augenrules              |          No           |  /etc/audit/rules.d/$key.rules  |
# -----------------------------------------------------------------------------------------
#
files_to_inspect=()


# If audit tool is 'auditctl', then add '/etc/audit/audit.rules'
# file to the list of files to be inspected
default_file="/etc/audit/audit.rules"
files_to_inspect+=('/etc/audit/audit.rules' )

# After converting to jinja, we cannot return; therefore we skip the rest of the macro if needed instead
skip=1

for audit_file in "${files_to_inspect[@]}"
do
    # Filter existing $audit_file rules' definitions to select those that satisfy the rule pattern,
    # i.e, collect rules that match:
    # * the action, list and arch, (2-nd argument)
    # * the other filters, (3-rd argument)
    # * the auid filters, (4-rd argument)
    readarray -t similar_rules &lt; &lt;(sed -e "/^$ACTION_ARCH_FILTERS/!d"  -e "\#$OTHER_FILTERS#!d" -e "/$AUID_FILTERS/!d" "$audit_file")

    candidate_rules=()
    # Filter out rules that have more fields then required. This will remove rules more specific than the required scope
    for s_rule in "${similar_rules[@]}"
    do
        # Strip all the options and fields we know of,
        # than check if there was any field left over
        extra_fields=$(sed -E -e "s/^$ACTION_ARCH_FILTERS//"  -e "s#$OTHER_FILTERS##" -e "s/$AUID_FILTERS//" -e "s/((:?-S [[:alnum:],]+)+)//g" -e "s/-F key=\w+|-k \w+//"&lt;&lt;&lt; "$s_rule")
        grep -q -- "-F" &lt;&lt;&lt; "$extra_fields" || candidate_rules+=("$s_rule")
    done

    if [[ ${#syscall_a[@]} -ge 1 ]]
    then
        # Check if the syscall we want is present in any of the similar existing rules
        for rule in "${candidate_rules[@]}"
        do
            rule_syscalls=$(echo "$rule" | grep -o -P '(-S [\w,]+)+' | xargs)
            all_syscalls_found=0
            for syscall in "${syscall_a[@]}"
            do
                grep -q -- "\b${syscall}\b" &lt;&lt;&lt; "$rule_syscalls" || {
                   # A syscall was not found in the candidate rule
                   all_syscalls_found=1
                   }
            done
            if [[ $all_syscalls_found -eq 0 ]]
            then
                # We found a rule with all the syscall(s) we want; skip rest of macro
                skip=0
                break
            fi

            # Check if this rule can be grouped with our target syscall and keep track of it
            for syscall_g in "${syscall_grouping[@]}"
            do
                if grep -q -- "\b${syscall_g}\b" &lt;&lt;&lt; "$rule_syscalls"
                then
                    file_to_edit=${audit_file}
                    rule_to_edit=${rule}
                    rule_syscalls_to_edit=${rule_syscalls}
                fi
            done
        done
    else
        # If there is any candidate rule, it is compliant; skip rest of macro
        if [ "${#candidate_rules[@]}" -gt 0 ]
        then
            skip=0
        fi
    fi

    if [ "$skip" -eq 0 ]; then
        break
    fi
done

if [ "$skip" -ne 0 ]; then
    # We checked all rules that matched the expected resemblance pattern (action, arch &amp; auid)
    # At this point we know if we need to either append the $full_rule or group
    # the syscall together with an exsiting rule

    # Append the full_rule if it cannot be grouped to any other rule
    if [ -z ${rule_to_edit+x} ]
    then
        # Build full_rule while avoid adding double spaces when other_filters is empty
        if [ "${#syscall_a[@]}" -gt 0 ]
        then
            syscall_string=""
            for syscall in "${syscall_a[@]}"
            do
                syscall_string+=" -S $syscall"
            done
        fi
        other_string=$([[ $OTHER_FILTERS ]] &amp;&amp; echo " $OTHER_FILTERS") || /bin/true
        auid_string=$([[ $AUID_FILTERS ]] &amp;&amp; echo " $AUID_FILTERS") || /bin/true
        full_rule="$ACTION_ARCH_FILTERS${syscall_string}${other_string}${auid_string} -F key=$KEY" || /bin/true
        echo "$full_rule" &gt;&gt; "$default_file"
        chmod 0600 ${default_file}
    else
        # Check if the syscalls are declared as a comma separated list or
        # as multiple -S parameters
        if grep -q -- "," &lt;&lt;&lt; "${rule_syscalls_to_edit}"
        then
            delimiter=","
        else
            delimiter=" -S "
        fi
        new_grouped_syscalls="${rule_syscalls_to_edit}"
        for syscall in "${syscall_a[@]}"
        do
            grep -q -- "\b${syscall}\b" &lt;&lt;&lt; "${rule_syscalls_to_edit}" || {
               # A syscall was not found in the candidate rule
               new_grouped_syscalls+="${delimiter}${syscall}"
               }
        done

        # Group the syscall in the rule
        sed -i -e "\#${rule_to_edit}#s#${rule_syscalls_to_edit}#${new_grouped_syscalls}#" "$file_to_edit"
    fi
fi
done

else
    &gt;&amp;2 echo 'Remediation is not applicable, nothing was done'
fi
</fix>
          <check system="http://oval.mitre.org/XMLSchema/oval-definitions-5">
            <check-content-ref name="oval:ssg-audit_rules_kernel_module_loading_delete:def:1" href="ssg-ubuntu2404-oval.xml"/>
          </check>
          <check system="http://scap.nist.gov/schema/ocil/2">
            <check-content-ref name="ocil:ssg-audit_rules_kernel_module_loading_delete_ocil:questionnaire:1" href="ssg-ubuntu2404-ocil.xml"/>
          </check>
        </Rule>
        <Rule id="xccdf_org.ssgproject.content_rule_audit_rules_kernel_module_loading_init" selected="false" role="full" severity="medium">
          <title xmlns:xhtml="http://www.w3.org/1999/xhtml" xml:lang="en-US">Ensure auditd Collects Information on Kernel Module Loading - init_module</title>
          <description xmlns:xhtml="http://www.w3.org/1999/xhtml" xml:lang="en-US">To capture kernel module loading events, use following line, setting ARCH to
either b32 for 32-bit system, or having two lines for both b32 and b64 in case your system is 64-bit:

<html:pre xmlns:html="http://www.w3.org/1999/xhtml">-a always,exit -F arch=<html:i>ARCH</html:i> -S init_module -F auid&gt;=1000 -F auid!=unset -F key=modules</html:pre>


Place to add the line depends on a way <html:code xmlns:html="http://www.w3.org/1999/xhtml">auditd</html:code> daemon is configured. If it is configured
to use the <html:code xmlns:html="http://www.w3.org/1999/xhtml">augenrules</html:code> program (the default), add the line to a file with suffix
<html:code xmlns:html="http://www.w3.org/1999/xhtml">.rules</html:code> in the directory <html:code xmlns:html="http://www.w3.org/1999/xhtml">/etc/audit/rules.d</html:code>.

If the <html:code xmlns:html="http://www.w3.org/1999/xhtml">auditd</html:code> daemon is configured to use the <html:code xmlns:html="http://www.w3.org/1999/xhtml">auditctl</html:code> utility,
add the line to file <html:code xmlns:html="http://www.w3.org/1999/xhtml">/etc/audit/audit.rules</html:code>.</description>
          <reference href="https://www.cisecurity.org/controls/">1</reference>
          <reference href="https://www.cisecurity.org/controls/">11</reference>
          <reference href="https://www.cisecurity.org/controls/">12</reference>
          <reference href="https://www.cisecurity.org/controls/">13</reference>
          <reference href="https://www.cisecurity.org/controls/">14</reference>
          <reference href="https://www.cisecurity.org/controls/">15</reference>
          <reference href="https://www.cisecurity.org/controls/">16</reference>
          <reference href="https://www.cisecurity.org/controls/">19</reference>
          <reference href="https://www.cisecurity.org/controls/">2</reference>
          <reference href="https://www.cisecurity.org/controls/">3</reference>
          <reference href="https://www.cisecurity.org/controls/">4</reference>
          <reference href="https://www.cisecurity.org/controls/">5</reference>
          <reference href="https://www.cisecurity.org/controls/">6</reference>
          <reference href="https://www.cisecurity.org/controls/">7</reference>
          <reference href="https://www.cisecurity.org/controls/">8</reference>
          <reference href="https://www.cisecurity.org/controls/">9</reference>
          <reference href="https://www.isaca.org/resources/cobit">APO10.01</reference>
          <reference href="https://www.isaca.org/resources/cobit">APO10.03</reference>
          <reference href="https://www.isaca.org/resources/cobit">APO10.04</reference>
          <reference href="https://www.isaca.org/resources/cobit">APO10.05</reference>
          <reference href="https://www.isaca.org/resources/cobit">APO11.04</reference>
          <reference href="https://www.isaca.org/resources/cobit">APO12.06</reference>
          <reference href="https://www.isaca.org/resources/cobit">APO13.01</reference>
          <reference href="https://www.isaca.org/resources/cobit">BAI03.05</reference>
          <reference href="https://www.isaca.org/resources/cobit">BAI08.02</reference>
          <reference href="https://www.isaca.org/resources/cobit">DSS01.03</reference>
          <reference href="https://www.isaca.org/resources/cobit">DSS01.04</reference>
          <reference href="https://www.isaca.org/resources/cobit">DSS02.02</reference>
          <reference href="https://www.isaca.org/resources/cobit">DSS02.04</reference>
          <reference href="https://www.isaca.org/resources/cobit">DSS02.07</reference>
          <reference href="https://www.isaca.org/resources/cobit">DSS03.01</reference>
          <reference href="https://www.isaca.org/resources/cobit">DSS03.05</reference>
          <reference href="https://www.isaca.org/resources/cobit">DSS05.02</reference>
          <reference href="https://www.isaca.org/resources/cobit">DSS05.03</reference>
          <reference href="https://www.isaca.org/resources/cobit">DSS05.04</reference>
          <reference href="https://www.isaca.org/resources/cobit">DSS05.05</reference>
          <reference href="https://www.isaca.org/resources/cobit">DSS05.07</reference>
          <reference href="https://www.isaca.org/resources/cobit">MEA01.01</reference>
          <reference href="https://www.isaca.org/resources/cobit">MEA01.02</reference>
          <reference href="https://www.isaca.org/resources/cobit">MEA01.03</reference>
          <reference href="https://www.isaca.org/resources/cobit">MEA01.04</reference>
          <reference href="https://www.isaca.org/resources/cobit">MEA01.05</reference>
          <reference href="https://www.isaca.org/resources/cobit">MEA02.01</reference>
          <reference href="http://nvlpubs.nist.gov/nistpubs/SpecialPublications/NIST.SP.800-171.pdf">3.1.7</reference>
          <reference href="https://public.cyber.mil/stigs/cci/">CCI-000172</reference>
          <reference href="https://public.cyber.mil/stigs/cci/">CCI-000130</reference>
          <reference href="https://public.cyber.mil/stigs/cci/">CCI-000135</reference>
          <reference href="https://public.cyber.mil/stigs/cci/">CCI-000169</reference>
          <reference href="https://public.cyber.mil/stigs/cci/">CCI-002884</reference>
          <reference href="https://www.gpo.gov/fdsys/pkg/CFR-2007-title45-vol1/pdf/CFR-2007-title45-vol1-chapA-subchapC.pdf">164.308(a)(1)(ii)(D)</reference>
          <reference href="https://www.gpo.gov/fdsys/pkg/CFR-2007-title45-vol1/pdf/CFR-2007-title45-vol1-chapA-subchapC.pdf">164.308(a)(3)(ii)(A)</reference>
          <reference href="https://www.gpo.gov/fdsys/pkg/CFR-2007-title45-vol1/pdf/CFR-2007-title45-vol1-chapA-subchapC.pdf">164.308(a)(5)(ii)(C)</reference>
          <reference href="https://www.gpo.gov/fdsys/pkg/CFR-2007-title45-vol1/pdf/CFR-2007-title45-vol1-chapA-subchapC.pdf">164.312(a)(2)(i)</reference>
          <reference href="https://www.gpo.gov/fdsys/pkg/CFR-2007-title45-vol1/pdf/CFR-2007-title45-vol1-chapA-subchapC.pdf">164.312(b)</reference>
          <reference href="https://www.gpo.gov/fdsys/pkg/CFR-2007-title45-vol1/pdf/CFR-2007-title45-vol1-chapA-subchapC.pdf">164.312(d)</reference>
          <reference href="https://www.gpo.gov/fdsys/pkg/CFR-2007-title45-vol1/pdf/CFR-2007-title45-vol1-chapA-subchapC.pdf">164.312(e)</reference>
          <reference href="https://www.isa.org/products/isa-62443-2-1-2009-security-for-industrial-automat">4.2.3.10</reference>
          <reference href="https://www.isa.org/products/isa-62443-2-1-2009-security-for-industrial-automat">4.3.2.6.7</reference>
          <reference href="https://www.isa.org/products/isa-62443-2-1-2009-security-for-industrial-automat">4.3.3.3.9</reference>
          <reference href="https://www.isa.org/products/isa-62443-2-1-2009-security-for-industrial-automat">4.3.3.5.8</reference>
          <reference href="https://www.isa.org/products/isa-62443-2-1-2009-security-for-industrial-automat">4.3.3.6.6</reference>
          <reference href="https://www.isa.org/products/isa-62443-2-1-2009-security-for-industrial-automat">4.3.4.4.7</reference>
          <reference href="https://www.isa.org/products/isa-62443-2-1-2009-security-for-industrial-automat">4.3.4.5.6</reference>
          <reference href="https://www.isa.org/products/isa-62443-2-1-2009-security-for-industrial-automat">4.3.4.5.7</reference>
          <reference href="https://www.isa.org/products/isa-62443-2-1-2009-security-for-industrial-automat">4.3.4.5.8</reference>
          <reference href="https://www.isa.org/products/isa-62443-2-1-2009-security-for-industrial-automat">4.4.2.1</reference>
          <reference href="https://www.isa.org/products/isa-62443-2-1-2009-security-for-industrial-automat">4.4.2.2</reference>
          <reference href="https://www.isa.org/products/isa-62443-2-1-2009-security-for-industrial-automat">4.4.2.4</reference>
          <reference href="https://www.isa.org/products/ansi-isa-62443-3-3-99-03-03-2013-security-for-indu">SR 1.13</reference>
          <reference href="https://www.isa.org/products/ansi-isa-62443-3-3-99-03-03-2013-security-for-indu">SR 2.10</reference>
          <reference href="https://www.isa.org/products/ansi-isa-62443-3-3-99-03-03-2013-security-for-indu">SR 2.11</reference>
          <reference href="https://www.isa.org/products/ansi-isa-62443-3-3-99-03-03-2013-security-for-indu">SR 2.12</reference>
          <reference href="https://www.isa.org/products/ansi-isa-62443-3-3-99-03-03-2013-security-for-indu">SR 2.6</reference>
          <reference href="https://www.isa.org/products/ansi-isa-62443-3-3-99-03-03-2013-security-for-indu">SR 2.8</reference>
          <reference href="https://www.isa.org/products/ansi-isa-62443-3-3-99-03-03-2013-security-for-indu">SR 2.9</reference>
          <reference href="https://www.isa.org/products/ansi-isa-62443-3-3-99-03-03-2013-security-for-indu">SR 3.1</reference>
          <reference href="https://www.isa.org/products/ansi-isa-62443-3-3-99-03-03-2013-security-for-indu">SR 3.5</reference>
          <reference href="https://www.isa.org/products/ansi-isa-62443-3-3-99-03-03-2013-security-for-indu">SR 3.8</reference>
          <reference href="https://www.isa.org/products/ansi-isa-62443-3-3-99-03-03-2013-security-for-indu">SR 4.1</reference>
          <reference href="https://www.isa.org/products/ansi-isa-62443-3-3-99-03-03-2013-security-for-indu">SR 4.3</reference>
          <reference href="https://www.isa.org/products/ansi-isa-62443-3-3-99-03-03-2013-security-for-indu">SR 5.1</reference>
          <reference href="https://www.isa.org/products/ansi-isa-62443-3-3-99-03-03-2013-security-for-indu">SR 5.2</reference>
          <reference href="https://www.isa.org/products/ansi-isa-62443-3-3-99-03-03-2013-security-for-indu">SR 5.3</reference>
          <reference href="https://www.isa.org/products/ansi-isa-62443-3-3-99-03-03-2013-security-for-indu">SR 6.1</reference>
          <reference href="https://www.isa.org/products/ansi-isa-62443-3-3-99-03-03-2013-security-for-indu">SR 6.2</reference>
          <reference href="https://www.isa.org/products/ansi-isa-62443-3-3-99-03-03-2013-security-for-indu">SR 7.1</reference>
          <reference href="https://www.isa.org/products/ansi-isa-62443-3-3-99-03-03-2013-security-for-indu">SR 7.6</reference>
          <reference href="https://www.iso.org/contents/data/standard/05/45/54534.html">A.11.2.6</reference>
          <reference href="https://www.iso.org/contents/data/standard/05/45/54534.html">A.12.4.1</reference>
          <reference href="https://www.iso.org/contents/data/standard/05/45/54534.html">A.12.4.2</reference>
          <reference href="https://www.iso.org/contents/data/standard/05/45/54534.html">A.12.4.3</reference>
          <reference href="https://www.iso.org/contents/data/standard/05/45/54534.html">A.12.4.4</reference>
          <reference href="https://www.iso.org/contents/data/standard/05/45/54534.html">A.12.7.1</reference>
          <reference href="https://www.iso.org/contents/data/standard/05/45/54534.html">A.13.1.1</reference>
          <reference href="https://www.iso.org/contents/data/standard/05/45/54534.html">A.13.2.1</reference>
          <reference href="https://www.iso.org/contents/data/standard/05/45/54534.html">A.14.1.3</reference>
          <reference href="https://www.iso.org/contents/data/standard/05/45/54534.html">A.14.2.7</reference>
          <reference href="https://www.iso.org/contents/data/standard/05/45/54534.html">A.15.2.1</reference>
          <reference href="https://www.iso.org/contents/data/standard/05/45/54534.html">A.15.2.2</reference>
          <reference href="https://www.iso.org/contents/data/standard/05/45/54534.html">A.16.1.4</reference>
          <reference href="https://www.iso.org/contents/data/standard/05/45/54534.html">A.16.1.5</reference>
          <reference href="https://www.iso.org/contents/data/standard/05/45/54534.html">A.16.1.7</reference>
          <reference href="https://www.iso.org/contents/data/standard/05/45/54534.html">A.6.2.1</reference>
          <reference href="https://www.iso.org/contents/data/standard/05/45/54534.html">A.6.2.2</reference>
          <reference href="http://nvlpubs.nist.gov/nistpubs/SpecialPublications/NIST.SP.800-53r4.pdf">AU-2(d)</reference>
          <reference href="http://nvlpubs.nist.gov/nistpubs/SpecialPublications/NIST.SP.800-53r4.pdf">AU-12(c)</reference>
          <reference href="http://nvlpubs.nist.gov/nistpubs/SpecialPublications/NIST.SP.800-53r4.pdf">AC-6(9)</reference>
          <reference href="http://nvlpubs.nist.gov/nistpubs/SpecialPublications/NIST.SP.800-53r4.pdf">CM-6(a)</reference>
          <reference href="https://nvlpubs.nist.gov/nistpubs/CSWP/NIST.CSWP.04162018.pdf">DE.AE-3</reference>
          <reference href="https://nvlpubs.nist.gov/nistpubs/CSWP/NIST.CSWP.04162018.pdf">DE.AE-5</reference>
          <reference href="https://nvlpubs.nist.gov/nistpubs/CSWP/NIST.CSWP.04162018.pdf">DE.CM-1</reference>
          <reference href="https://nvlpubs.nist.gov/nistpubs/CSWP/NIST.CSWP.04162018.pdf">DE.CM-3</reference>
          <reference href="https://nvlpubs.nist.gov/nistpubs/CSWP/NIST.CSWP.04162018.pdf">DE.CM-7</reference>
          <reference href="https://nvlpubs.nist.gov/nistpubs/CSWP/NIST.CSWP.04162018.pdf">ID.SC-4</reference>
          <reference href="https://nvlpubs.nist.gov/nistpubs/CSWP/NIST.CSWP.04162018.pdf">PR.AC-3</reference>
          <reference href="https://nvlpubs.nist.gov/nistpubs/CSWP/NIST.CSWP.04162018.pdf">PR.PT-1</reference>
          <reference href="https://nvlpubs.nist.gov/nistpubs/CSWP/NIST.CSWP.04162018.pdf">PR.PT-4</reference>
          <reference href="https://nvlpubs.nist.gov/nistpubs/CSWP/NIST.CSWP.04162018.pdf">RS.AN-1</reference>
          <reference href="https://nvlpubs.nist.gov/nistpubs/CSWP/NIST.CSWP.04162018.pdf">RS.AN-4</reference>
          <reference href="https://www.pcisecuritystandards.org/documents/PCI_DSS_v3-2-1.pdf">Req-10.2.7</reference>
          <reference href="https://public.cyber.mil/stigs/downloads/?_dl_facet_stigs=operating-systems%2Cgeneral-purpose-os">SRG-OS-000037-GPOS-00015</reference>
          <reference href="https://public.cyber.mil/stigs/downloads/?_dl_facet_stigs=operating-systems%2Cgeneral-purpose-os">SRG-OS-000042-GPOS-00020</reference>
          <reference href="https://public.cyber.mil/stigs/downloads/?_dl_facet_stigs=operating-systems%2Cgeneral-purpose-os">SRG-OS-000062-GPOS-00031</reference>
          <reference href="https://public.cyber.mil/stigs/downloads/?_dl_facet_stigs=operating-systems%2Cgeneral-purpose-os">SRG-OS-000392-GPOS-00172</reference>
          <reference href="https://public.cyber.mil/stigs/downloads/?_dl_facet_stigs=operating-systems%2Cgeneral-purpose-os">SRG-OS-000462-GPOS-00206</reference>
          <reference href="https://public.cyber.mil/stigs/downloads/?_dl_facet_stigs=operating-systems%2Cgeneral-purpose-os">SRG-OS-000471-GPOS-00215</reference>
          <reference href="https://public.cyber.mil/stigs/downloads/?_dl_facet_stigs=operating-systems%2Cgeneral-purpose-os">SRG-OS-000471-GPOS-00216</reference>
          <reference href="https://public.cyber.mil/stigs/downloads/?_dl_facet_stigs=operating-systems%2Cgeneral-purpose-os">SRG-OS-000477-GPOS-00222</reference>
          <reference href="https://public.cyber.mil/stigs/downloads/?_dl_facet_stigs=container-platform">SRG-APP-000495-CTR-001235</reference>
          <reference href="https://public.cyber.mil/stigs/downloads/?_dl_facet_stigs=container-platform">SRG-APP-000504-CTR-001280</reference>
          <reference href="https://cyber.gouv.fr/sites/default/files/document/linux_configuration-en-v2.pdf">R73</reference>
          <reference href="https://www.cisecurity.org/benchmark/ubuntu_linux/">6.2.3.19</reference>
          <rationale xmlns:xhtml="http://www.w3.org/1999/xhtml" xml:lang="en-US">The addition of kernel modules can be used to alter the behavior of
the kernel and potentially introduce malicious code into kernel space. It is important
to have an audit trail of modules that have been introduced into the kernel.</rationale>
          <fix xmlns:xhtml="http://www.w3.org/1999/xhtml" id="audit_rules_kernel_module_loading_init" system="urn:xccdf:fix:script:ansible" complexity="low" disruption="low" strategy="configure">- name: Gather the package facts
  package_facts:
    manager: auto
  tags:
  - NIST-800-171-3.1.7
  - NIST-800-53-AC-6(9)
  - NIST-800-53-AU-12(c)
  - NIST-800-53-AU-2(d)
  - NIST-800-53-CM-6(a)
  - PCI-DSS-Req-10.2.7
  - audit_rules_kernel_module_loading_init
  - configure_strategy
  - low_complexity
  - low_disruption
  - medium_severity
  - no_reboot_needed

- name: Set architecture for audit init_module tasks
  set_fact:
    audit_arch: b64
  when:
  - '"auditd" in ansible_facts.packages'
  - '"linux-base" in ansible_facts.packages'
  - ansible_architecture == "aarch64" or ansible_architecture == "ppc64" or ansible_architecture
    == "ppc64le" or ansible_architecture == "s390x" or ansible_architecture == "x86_64"
  tags:
  - NIST-800-171-3.1.7
  - NIST-800-53-AC-6(9)
  - NIST-800-53-AU-12(c)
  - NIST-800-53-AU-2(d)
  - NIST-800-53-CM-6(a)
  - PCI-DSS-Req-10.2.7
  - audit_rules_kernel_module_loading_init
  - configure_strategy
  - low_complexity
  - low_disruption
  - medium_severity
  - no_reboot_needed

- name: Perform remediation of Audit rules for init_module for 32bit platform
  block:

  - name: Declare list of syscalls
    set_fact:
      syscalls:
      - init_module
      syscall_grouping:
      - init_module
      - finit_module

  - name: Check existence of init_module in /etc/audit/rules.d/
    find:
      paths: /etc/audit/rules.d
      contains: -a always,exit -F arch=b32(( -S |,)\w+)*(( -S |,){{ item }})+(( -S
        |,)\w+)* -F auid&gt;=1000 -F auid!=unset (-k\s+|-F\s+key=)\S+\s*$
      patterns: '*.rules'
    register: find_command
    loop: '{{ (syscall_grouping + syscalls) | unique }}'

  - name: Reset syscalls found per file
    set_fact:
      syscalls_per_file: {}
      found_paths_dict: {}

  - name: Declare syscalls found per file
    set_fact: syscalls_per_file="{{ syscalls_per_file | combine( {item.files[0].path
      :[item.item] + syscalls_per_file.get(item.files[0].path, []) } ) }}"
    loop: '{{ find_command.results | selectattr(''matched'') | list }}'

  - name: Declare files where syscalls were found
    set_fact: found_paths="{{ find_command.results | map(attribute='files') | flatten
      | map(attribute='path') | list }}"

  - name: Count occurrences of syscalls in paths
    set_fact: found_paths_dict="{{ found_paths_dict | combine({ item:1+found_paths_dict.get(item,
      0) }) }}"
    loop: '{{ find_command.results | map(attribute=''files'') | flatten | map(attribute=''path'')
      | list }}'

  - name: Get path with most syscalls
    set_fact: audit_file="{{ (found_paths_dict | dict2items() | sort(attribute='value')
      | last).key }}"
    when: found_paths | length &gt;= 1

  - name: No file with syscall found, set path to /etc/audit/rules.d/module-change.rules
    set_fact: audit_file="/etc/audit/rules.d/module-change.rules"
    when: found_paths | length == 0

  - name: Declare found syscalls
    set_fact: syscalls_found="{{ find_command.results | selectattr('matched') | map(attribute='item')
      | list }}"

  - name: Declare missing syscalls
    set_fact: missing_syscalls="{{ syscalls | difference(syscalls_found) }}"

  - name: Replace the audit rule in {{ audit_file }}
    lineinfile:
      path: '{{ audit_file }}'
      regexp: (-a always,exit -F arch=b32)(?=.*(?:(?:-S |,)(?:{{ syscalls_per_file[audit_file]
        | join("|") }}))\b)((?:( -S |,)\w+)+)( -F auid&gt;=1000 -F auid!=unset (?:-k
        |-F key=)\w+)
      line: \1\2\3{{ missing_syscalls | join("\3") }}\4
      backrefs: true
      state: present
      mode: g-rwx,o-rwx
    when: syscalls_found | length &gt; 0 and missing_syscalls | length &gt; 0

  - name: Add the audit rule to {{ audit_file }}
    lineinfile:
      path: '{{ audit_file }}'
      line: -a always,exit -F arch=b32 -S {{ syscalls | join(',') }} -F auid&gt;=1000
        -F auid!=unset -F key=module-change
      create: true
      mode: g-rwx,o-rwx
      state: present
    when: syscalls_found | length == 0

  - name: Declare list of syscalls
    set_fact:
      syscalls:
      - init_module
      syscall_grouping:
      - init_module
      - finit_module

  - name: Check existence of init_module in /etc/audit/audit.rules
    find:
      paths: /etc/audit
      contains: -a always,exit -F arch=b32(( -S |,)\w+)*(( -S |,){{ item }})+(( -S
        |,)\w+)* -F auid&gt;=1000 -F auid!=unset (-k\s+|-F\s+key=)\S+\s*$
      patterns: audit.rules
    register: find_command
    loop: '{{ (syscall_grouping + syscalls) | unique }}'

  - name: Set path to /etc/audit/audit.rules
    set_fact: audit_file="/etc/audit/audit.rules"

  - name: Declare found syscalls
    set_fact: syscalls_found="{{ find_command.results | selectattr('matched') | map(attribute='item')
      | list }}"

  - name: Declare missing syscalls
    set_fact: missing_syscalls="{{ syscalls | difference(syscalls_found) }}"

  - name: Replace the audit rule in {{ audit_file }}
    lineinfile:
      path: '{{ audit_file }}'
      regexp: (-a always,exit -F arch=b32)(?=.*(?:(?:-S |,)(?:{{ syscalls_found |
        join("|") }}))\b)((?:( -S |,)\w+)+)( -F auid&gt;=1000 -F auid!=unset (?:-k |-F
        key=)\w+)
      line: \1\2\3{{ missing_syscalls | join("\3") }}\4
      backrefs: true
      state: present
      mode: g-rwx,o-rwx
    when: syscalls_found | length &gt; 0 and missing_syscalls | length &gt; 0

  - name: Add the audit rule to {{ audit_file }}
    lineinfile:
      path: '{{ audit_file }}'
      line: -a always,exit -F arch=b32 -S {{ syscalls | join(',') }} -F auid&gt;=1000
        -F auid!=unset -F key=module-change
      create: true
      mode: g-rwx,o-rwx
      state: present
    when: syscalls_found | length == 0
  when:
  - '"auditd" in ansible_facts.packages'
  - '"linux-base" in ansible_facts.packages'
  tags:
  - NIST-800-171-3.1.7
  - NIST-800-53-AC-6(9)
  - NIST-800-53-AU-12(c)
  - NIST-800-53-AU-2(d)
  - NIST-800-53-CM-6(a)
  - PCI-DSS-Req-10.2.7
  - audit_rules_kernel_module_loading_init
  - configure_strategy
  - low_complexity
  - low_disruption
  - medium_severity
  - no_reboot_needed

- name: Perform remediation of Audit rules for init_module for 64bit platform
  block:

  - name: Declare list of syscalls
    set_fact:
      syscalls:
      - init_module
      syscall_grouping:
      - init_module
      - finit_module

  - name: Check existence of init_module in /etc/audit/rules.d/
    find:
      paths: /etc/audit/rules.d
      contains: -a always,exit -F arch=b64(( -S |,)\w+)*(( -S |,){{ item }})+(( -S
        |,)\w+)* -F auid&gt;=1000 -F auid!=unset (-k\s+|-F\s+key=)\S+\s*$
      patterns: '*.rules'
    register: find_command
    loop: '{{ (syscall_grouping + syscalls) | unique }}'

  - name: Reset syscalls found per file
    set_fact:
      syscalls_per_file: {}
      found_paths_dict: {}

  - name: Declare syscalls found per file
    set_fact: syscalls_per_file="{{ syscalls_per_file | combine( {item.files[0].path
      :[item.item] + syscalls_per_file.get(item.files[0].path, []) } ) }}"
    loop: '{{ find_command.results | selectattr(''matched'') | list }}'

  - name: Declare files where syscalls were found
    set_fact: found_paths="{{ find_command.results | map(attribute='files') | flatten
      | map(attribute='path') | list }}"

  - name: Count occurrences of syscalls in paths
    set_fact: found_paths_dict="{{ found_paths_dict | combine({ item:1+found_paths_dict.get(item,
      0) }) }}"
    loop: '{{ find_command.results | map(attribute=''files'') | flatten | map(attribute=''path'')
      | list }}'

  - name: Get path with most syscalls
    set_fact: audit_file="{{ (found_paths_dict | dict2items() | sort(attribute='value')
      | last).key }}"
    when: found_paths | length &gt;= 1

  - name: No file with syscall found, set path to /etc/audit/rules.d/module-change.rules
    set_fact: audit_file="/etc/audit/rules.d/module-change.rules"
    when: found_paths | length == 0

  - name: Declare found syscalls
    set_fact: syscalls_found="{{ find_command.results | selectattr('matched') | map(attribute='item')
      | list }}"

  - name: Declare missing syscalls
    set_fact: missing_syscalls="{{ syscalls | difference(syscalls_found) }}"

  - name: Replace the audit rule in {{ audit_file }}
    lineinfile:
      path: '{{ audit_file }}'
      regexp: (-a always,exit -F arch=b64)(?=.*(?:(?:-S |,)(?:{{ syscalls_per_file[audit_file]
        | join("|") }}))\b)((?:( -S |,)\w+)+)( -F auid&gt;=1000 -F auid!=unset (?:-k
        |-F key=)\w+)
      line: \1\2\3{{ missing_syscalls | join("\3") }}\4
      backrefs: true
      state: present
      mode: g-rwx,o-rwx
    when: syscalls_found | length &gt; 0 and missing_syscalls | length &gt; 0

  - name: Add the audit rule to {{ audit_file }}
    lineinfile:
      path: '{{ audit_file }}'
      line: -a always,exit -F arch=b64 -S {{ syscalls | join(',') }} -F auid&gt;=1000
        -F auid!=unset -F key=module-change
      create: true
      mode: g-rwx,o-rwx
      state: present
    when: syscalls_found | length == 0

  - name: Declare list of syscalls
    set_fact:
      syscalls:
      - init_module
      syscall_grouping:
      - init_module
      - finit_module

  - name: Check existence of init_module in /etc/audit/audit.rules
    find:
      paths: /etc/audit
      contains: -a always,exit -F arch=b64(( -S |,)\w+)*(( -S |,){{ item }})+(( -S
        |,)\w+)* -F auid&gt;=1000 -F auid!=unset (-k\s+|-F\s+key=)\S+\s*$
      patterns: audit.rules
    register: find_command
    loop: '{{ (syscall_grouping + syscalls) | unique }}'

  - name: Set path to /etc/audit/audit.rules
    set_fact: audit_file="/etc/audit/audit.rules"

  - name: Declare found syscalls
    set_fact: syscalls_found="{{ find_command.results | selectattr('matched') | map(attribute='item')
      | list }}"

  - name: Declare missing syscalls
    set_fact: missing_syscalls="{{ syscalls | difference(syscalls_found) }}"

  - name: Replace the audit rule in {{ audit_file }}
    lineinfile:
      path: '{{ audit_file }}'
      regexp: (-a always,exit -F arch=b64)(?=.*(?:(?:-S |,)(?:{{ syscalls_found |
        join("|") }}))\b)((?:( -S |,)\w+)+)( -F auid&gt;=1000 -F auid!=unset (?:-k |-F
        key=)\w+)
      line: \1\2\3{{ missing_syscalls | join("\3") }}\4
      backrefs: true
      state: present
      mode: g-rwx,o-rwx
    when: syscalls_found | length &gt; 0 and missing_syscalls | length &gt; 0

  - name: Add the audit rule to {{ audit_file }}
    lineinfile:
      path: '{{ audit_file }}'
      line: -a always,exit -F arch=b64 -S {{ syscalls | join(',') }} -F auid&gt;=1000
        -F auid!=unset -F key=module-change
      create: true
      mode: g-rwx,o-rwx
      state: present
    when: syscalls_found | length == 0
  when:
  - '"auditd" in ansible_facts.packages'
  - '"linux-base" in ansible_facts.packages'
  - audit_arch == "b64"
  tags:
  - NIST-800-171-3.1.7
  - NIST-800-53-AC-6(9)
  - NIST-800-53-AU-12(c)
  - NIST-800-53-AU-2(d)
  - NIST-800-53-CM-6(a)
  - PCI-DSS-Req-10.2.7
  - audit_rules_kernel_module_loading_init
  - configure_strategy
  - low_complexity
  - low_disruption
  - medium_severity
  - no_reboot_needed
</fix>
          <fix xmlns:xhtml="http://www.w3.org/1999/xhtml" id="audit_rules_kernel_module_loading_init" system="urn:xccdf:fix:script:sh"># Remediation is applicable only in certain platforms
if dpkg-query --show --showformat='${db:Status-Status}
' 'linux-base' 2&gt;/dev/null | grep -q ^installed &amp;&amp; dpkg-query --show --showformat='${db:Status-Status}\n' 'auditd' 2&gt;/dev/null | grep -q '^installed'; then

# First perform the remediation of the syscall rule
# Retrieve hardware architecture of the underlying system
# Note: 32-bit and 64-bit kernel syscall numbers not always line up =&gt;
#       it's required on a 64-bit system to check also for the presence
#       of 32-bit's equivalent of the corresponding rule.
#       (See `man 7 audit.rules` for details )
[ "$(getconf LONG_BIT)" = "32" ] &amp;&amp; RULE_ARCHS=("b32") || RULE_ARCHS=("b32" "b64")

for ARCH in "${RULE_ARCHS[@]}"
do
	ACTION_ARCH_FILTERS="-a always,exit -F arch=$ARCH"
	OTHER_FILTERS=""
	
	AUID_FILTERS="-F auid&gt;=1000 -F auid!=unset"
	
	SYSCALL="init_module"
	KEY="modules"
	SYSCALL_GROUPING="init_module finit_module"
	# Perform the remediation for both possible tools: 'auditctl' and 'augenrules'
	unset syscall_a
unset syscall_grouping
unset syscall_string
unset syscall
unset file_to_edit
unset rule_to_edit
unset rule_syscalls_to_edit
unset other_string
unset auid_string
unset full_rule

# Load macro arguments into arrays
read -a syscall_a &lt;&lt;&lt; $SYSCALL
read -a syscall_grouping &lt;&lt;&lt; $SYSCALL_GROUPING

# Create a list of audit *.rules files that should be inspected for presence and correctness
# of a particular audit rule. The scheme is as follows:
#
# -----------------------------------------------------------------------------------------
#  Tool used to load audit rules | Rule already defined  |  Audit rules file to inspect    |
# -----------------------------------------------------------------------------------------
#        auditctl                |     Doesn't matter    |  /etc/audit/audit.rules         |
# -----------------------------------------------------------------------------------------
#        augenrules              |          Yes          |  /etc/audit/rules.d/*.rules     |
#        augenrules              |          No           |  /etc/audit/rules.d/$key.rules  |
# -----------------------------------------------------------------------------------------
#
files_to_inspect=()

# If audit tool is 'augenrules', then check if the audit rule is defined
# If rule is defined, add '/etc/audit/rules.d/*.rules' to the list for inspection
# If rule isn't defined yet, add '/etc/audit/rules.d/$key.rules' to the list for inspection
default_file="/etc/audit/rules.d/$KEY.rules"
# As other_filters may include paths, lets use a different delimiter for it
# The "F" script expression tells sed to print the filenames where the expressions matched
readarray -t files_to_inspect &lt; &lt;(sed -s -n -e "/^$ACTION_ARCH_FILTERS/!d" -e "\#$OTHER_FILTERS#!d" -e "/$AUID_FILTERS/!d" -e "F" /etc/audit/rules.d/*.rules)
# Case when particular rule isn't defined in /etc/audit/rules.d/*.rules yet
if [ ${#files_to_inspect[@]} -eq "0" ]
then
    file_to_inspect="/etc/audit/rules.d/$KEY.rules"
    files_to_inspect=("$file_to_inspect")
    if [ ! -e "$file_to_inspect" ]
    then
        touch "$file_to_inspect"
        chmod 0600 "$file_to_inspect"
    fi
fi

# After converting to jinja, we cannot return; therefore we skip the rest of the macro if needed instead
skip=1

for audit_file in "${files_to_inspect[@]}"
do
    # Filter existing $audit_file rules' definitions to select those that satisfy the rule pattern,
    # i.e, collect rules that match:
    # * the action, list and arch, (2-nd argument)
    # * the other filters, (3-rd argument)
    # * the auid filters, (4-rd argument)
    readarray -t similar_rules &lt; &lt;(sed -e "/^$ACTION_ARCH_FILTERS/!d"  -e "\#$OTHER_FILTERS#!d" -e "/$AUID_FILTERS/!d" "$audit_file")

    candidate_rules=()
    # Filter out rules that have more fields then required. This will remove rules more specific than the required scope
    for s_rule in "${similar_rules[@]}"
    do
        # Strip all the options and fields we know of,
        # than check if there was any field left over
        extra_fields=$(sed -E -e "s/^$ACTION_ARCH_FILTERS//"  -e "s#$OTHER_FILTERS##" -e "s/$AUID_FILTERS//" -e "s/((:?-S [[:alnum:],]+)+)//g" -e "s/-F key=\w+|-k \w+//"&lt;&lt;&lt; "$s_rule")
        grep -q -- "-F" &lt;&lt;&lt; "$extra_fields" || candidate_rules+=("$s_rule")
    done

    if [[ ${#syscall_a[@]} -ge 1 ]]
    then
        # Check if the syscall we want is present in any of the similar existing rules
        for rule in "${candidate_rules[@]}"
        do
            rule_syscalls=$(echo "$rule" | grep -o -P '(-S [\w,]+)+' | xargs)
            all_syscalls_found=0
            for syscall in "${syscall_a[@]}"
            do
                grep -q -- "\b${syscall}\b" &lt;&lt;&lt; "$rule_syscalls" || {
                   # A syscall was not found in the candidate rule
                   all_syscalls_found=1
                   }
            done
            if [[ $all_syscalls_found -eq 0 ]]
            then
                # We found a rule with all the syscall(s) we want; skip rest of macro
                skip=0
                break
            fi

            # Check if this rule can be grouped with our target syscall and keep track of it
            for syscall_g in "${syscall_grouping[@]}"
            do
                if grep -q -- "\b${syscall_g}\b" &lt;&lt;&lt; "$rule_syscalls"
                then
                    file_to_edit=${audit_file}
                    rule_to_edit=${rule}
                    rule_syscalls_to_edit=${rule_syscalls}
                fi
            done
        done
    else
        # If there is any candidate rule, it is compliant; skip rest of macro
        if [ "${#candidate_rules[@]}" -gt 0 ]
        then
            skip=0
        fi
    fi

    if [ "$skip" -eq 0 ]; then
        break
    fi
done

if [ "$skip" -ne 0 ]; then
    # We checked all rules that matched the expected resemblance pattern (action, arch &amp; auid)
    # At this point we know if we need to either append the $full_rule or group
    # the syscall together with an exsiting rule

    # Append the full_rule if it cannot be grouped to any other rule
    if [ -z ${rule_to_edit+x} ]
    then
        # Build full_rule while avoid adding double spaces when other_filters is empty
        if [ "${#syscall_a[@]}" -gt 0 ]
        then
            syscall_string=""
            for syscall in "${syscall_a[@]}"
            do
                syscall_string+=" -S $syscall"
            done
        fi
        other_string=$([[ $OTHER_FILTERS ]] &amp;&amp; echo " $OTHER_FILTERS") || /bin/true
        auid_string=$([[ $AUID_FILTERS ]] &amp;&amp; echo " $AUID_FILTERS") || /bin/true
        full_rule="$ACTION_ARCH_FILTERS${syscall_string}${other_string}${auid_string} -F key=$KEY" || /bin/true
        echo "$full_rule" &gt;&gt; "$default_file"
        chmod 0600 ${default_file}
    else
        # Check if the syscalls are declared as a comma separated list or
        # as multiple -S parameters
        if grep -q -- "," &lt;&lt;&lt; "${rule_syscalls_to_edit}"
        then
            delimiter=","
        else
            delimiter=" -S "
        fi
        new_grouped_syscalls="${rule_syscalls_to_edit}"
        for syscall in "${syscall_a[@]}"
        do
            grep -q -- "\b${syscall}\b" &lt;&lt;&lt; "${rule_syscalls_to_edit}" || {
               # A syscall was not found in the candidate rule
               new_grouped_syscalls+="${delimiter}${syscall}"
               }
        done

        # Group the syscall in the rule
        sed -i -e "\#${rule_to_edit}#s#${rule_syscalls_to_edit}#${new_grouped_syscalls}#" "$file_to_edit"
    fi
fi
	unset syscall_a
unset syscall_grouping
unset syscall_string
unset syscall
unset file_to_edit
unset rule_to_edit
unset rule_syscalls_to_edit
unset other_string
unset auid_string
unset full_rule

# Load macro arguments into arrays
read -a syscall_a &lt;&lt;&lt; $SYSCALL
read -a syscall_grouping &lt;&lt;&lt; $SYSCALL_GROUPING

# Create a list of audit *.rules files that should be inspected for presence and correctness
# of a particular audit rule. The scheme is as follows:
#
# -----------------------------------------------------------------------------------------
#  Tool used to load audit rules | Rule already defined  |  Audit rules file to inspect    |
# -----------------------------------------------------------------------------------------
#        auditctl                |     Doesn't matter    |  /etc/audit/audit.rules         |
# -----------------------------------------------------------------------------------------
#        augenrules              |          Yes          |  /etc/audit/rules.d/*.rules     |
#        augenrules              |          No           |  /etc/audit/rules.d/$key.rules  |
# -----------------------------------------------------------------------------------------
#
files_to_inspect=()


# If audit tool is 'auditctl', then add '/etc/audit/audit.rules'
# file to the list of files to be inspected
default_file="/etc/audit/audit.rules"
files_to_inspect+=('/etc/audit/audit.rules' )

# After converting to jinja, we cannot return; therefore we skip the rest of the macro if needed instead
skip=1

for audit_file in "${files_to_inspect[@]}"
do
    # Filter existing $audit_file rules' definitions to select those that satisfy the rule pattern,
    # i.e, collect rules that match:
    # * the action, list and arch, (2-nd argument)
    # * the other filters, (3-rd argument)
    # * the auid filters, (4-rd argument)
    readarray -t similar_rules &lt; &lt;(sed -e "/^$ACTION_ARCH_FILTERS/!d"  -e "\#$OTHER_FILTERS#!d" -e "/$AUID_FILTERS/!d" "$audit_file")

    candidate_rules=()
    # Filter out rules that have more fields then required. This will remove rules more specific than the required scope
    for s_rule in "${similar_rules[@]}"
    do
        # Strip all the options and fields we know of,
        # than check if there was any field left over
        extra_fields=$(sed -E -e "s/^$ACTION_ARCH_FILTERS//"  -e "s#$OTHER_FILTERS##" -e "s/$AUID_FILTERS//" -e "s/((:?-S [[:alnum:],]+)+)//g" -e "s/-F key=\w+|-k \w+//"&lt;&lt;&lt; "$s_rule")
        grep -q -- "-F" &lt;&lt;&lt; "$extra_fields" || candidate_rules+=("$s_rule")
    done

    if [[ ${#syscall_a[@]} -ge 1 ]]
    then
        # Check if the syscall we want is present in any of the similar existing rules
        for rule in "${candidate_rules[@]}"
        do
            rule_syscalls=$(echo "$rule" | grep -o -P '(-S [\w,]+)+' | xargs)
            all_syscalls_found=0
            for syscall in "${syscall_a[@]}"
            do
                grep -q -- "\b${syscall}\b" &lt;&lt;&lt; "$rule_syscalls" || {
                   # A syscall was not found in the candidate rule
                   all_syscalls_found=1
                   }
            done
            if [[ $all_syscalls_found -eq 0 ]]
            then
                # We found a rule with all the syscall(s) we want; skip rest of macro
                skip=0
                break
            fi

            # Check if this rule can be grouped with our target syscall and keep track of it
            for syscall_g in "${syscall_grouping[@]}"
            do
                if grep -q -- "\b${syscall_g}\b" &lt;&lt;&lt; "$rule_syscalls"
                then
                    file_to_edit=${audit_file}
                    rule_to_edit=${rule}
                    rule_syscalls_to_edit=${rule_syscalls}
                fi
            done
        done
    else
        # If there is any candidate rule, it is compliant; skip rest of macro
        if [ "${#candidate_rules[@]}" -gt 0 ]
        then
            skip=0
        fi
    fi

    if [ "$skip" -eq 0 ]; then
        break
    fi
done

if [ "$skip" -ne 0 ]; then
    # We checked all rules that matched the expected resemblance pattern (action, arch &amp; auid)
    # At this point we know if we need to either append the $full_rule or group
    # the syscall together with an exsiting rule

    # Append the full_rule if it cannot be grouped to any other rule
    if [ -z ${rule_to_edit+x} ]
    then
        # Build full_rule while avoid adding double spaces when other_filters is empty
        if [ "${#syscall_a[@]}" -gt 0 ]
        then
            syscall_string=""
            for syscall in "${syscall_a[@]}"
            do
                syscall_string+=" -S $syscall"
            done
        fi
        other_string=$([[ $OTHER_FILTERS ]] &amp;&amp; echo " $OTHER_FILTERS") || /bin/true
        auid_string=$([[ $AUID_FILTERS ]] &amp;&amp; echo " $AUID_FILTERS") || /bin/true
        full_rule="$ACTION_ARCH_FILTERS${syscall_string}${other_string}${auid_string} -F key=$KEY" || /bin/true
        echo "$full_rule" &gt;&gt; "$default_file"
        chmod 0600 ${default_file}
    else
        # Check if the syscalls are declared as a comma separated list or
        # as multiple -S parameters
        if grep -q -- "," &lt;&lt;&lt; "${rule_syscalls_to_edit}"
        then
            delimiter=","
        else
            delimiter=" -S "
        fi
        new_grouped_syscalls="${rule_syscalls_to_edit}"
        for syscall in "${syscall_a[@]}"
        do
            grep -q -- "\b${syscall}\b" &lt;&lt;&lt; "${rule_syscalls_to_edit}" || {
               # A syscall was not found in the candidate rule
               new_grouped_syscalls+="${delimiter}${syscall}"
               }
        done

        # Group the syscall in the rule
        sed -i -e "\#${rule_to_edit}#s#${rule_syscalls_to_edit}#${new_grouped_syscalls}#" "$file_to_edit"
    fi
fi
done

else
    &gt;&amp;2 echo 'Remediation is not applicable, nothing was done'
fi
</fix>
          <check system="http://oval.mitre.org/XMLSchema/oval-definitions-5">
            <check-content-ref name="oval:ssg-audit_rules_kernel_module_loading_init:def:1" href="ssg-ubuntu2404-oval.xml"/>
          </check>
          <check system="http://scap.nist.gov/schema/ocil/2">
            <check-content-ref name="ocil:ssg-audit_rules_kernel_module_loading_init_ocil:questionnaire:1" href="ssg-ubuntu2404-ocil.xml"/>
          </check>
        </Rule>
      </Group>
      <Group id="xccdf_org.ssgproject.content_group_audit_login_events">
        <title xmlns:xhtml="http://www.w3.org/1999/xhtml" xml:lang="en-US">Record Attempts to Alter Logon and Logout Events</title>
        <description xmlns:xhtml="http://www.w3.org/1999/xhtml" xml:lang="en-US">The audit system already collects login information for all users
and root. If the <html:code xmlns:html="http://www.w3.org/1999/xhtml">auditd</html:code> daemon is configured to use the
<html:code xmlns:html="http://www.w3.org/1999/xhtml">augenrules</html:code> program to read audit rules during daemon startup (the
default), add the following lines to a file with suffix <html:code xmlns:html="http://www.w3.org/1999/xhtml">.rules</html:code> in the
directory <html:code xmlns:html="http://www.w3.org/1999/xhtml">/etc/audit/rules.d</html:code> in order to watch for attempted manual
edits of files involved in storing logon events:
<html:pre xmlns:html="http://www.w3.org/1999/xhtml" xmlns:xccdf-1.2="http://checklists.nist.gov/xccdf/1.2">-w /var/log/tallylog -p wa -k logins
-w <xccdf-1.2:sub idref="xccdf_org.ssgproject.content_value_var_accounts_passwords_pam_faillock_dir" use="legacy"/> -p wa -k logins
-w /var/log/lastlog -p wa -k logins</html:pre>
If the <html:code xmlns:html="http://www.w3.org/1999/xhtml">auditd</html:code> daemon is configured to use the <html:code xmlns:html="http://www.w3.org/1999/xhtml">auditctl</html:code>
utility to read audit rules during daemon startup, add the following lines to
<html:code xmlns:html="http://www.w3.org/1999/xhtml">/etc/audit/audit.rules</html:code> file in order to watch for unattempted manual
edits of files involved in storing logon events:
<html:pre xmlns:html="http://www.w3.org/1999/xhtml" xmlns:xccdf-1.2="http://checklists.nist.gov/xccdf/1.2">-w /var/log/tallylog -p wa -k logins
-w <xccdf-1.2:sub idref="xccdf_org.ssgproject.content_value_var_accounts_passwords_pam_faillock_dir" use="legacy"/> -p wa -k logins
-w /var/log/lastlog -p wa -k logins</html:pre>
      </description>
        <Rule id="xccdf_org.ssgproject.content_rule_audit_rules_login_events_faillock" selected="false" role="full" severity="medium">
          <title xmlns:xhtml="http://www.w3.org/1999/xhtml" xml:lang="en-US">Record Attempts to Alter Logon and Logout Events - faillock</title>
          <description xmlns:xhtml="http://www.w3.org/1999/xhtml" xml:lang="en-US">The audit system already collects login information for all users
and root. If the <html:code xmlns:html="http://www.w3.org/1999/xhtml">auditd</html:code> daemon is configured to use the
<html:code xmlns:html="http://www.w3.org/1999/xhtml">augenrules</html:code> program to read audit rules during daemon startup (the
default), add the following lines to a file with suffix <html:code xmlns:html="http://www.w3.org/1999/xhtml">.rules</html:code> in the
directory <html:code xmlns:html="http://www.w3.org/1999/xhtml">/etc/audit/rules.d</html:code> in order to watch for attempted manual
edits of files involved in storing logon events:
<html:pre xmlns:html="http://www.w3.org/1999/xhtml" xmlns:xccdf-1.2="http://checklists.nist.gov/xccdf/1.2">-w <xccdf-1.2:sub idref="xccdf_org.ssgproject.content_value_var_accounts_passwords_pam_faillock_dir" use="legacy"/> -p wa -k logins</html:pre>
If the <html:code xmlns:html="http://www.w3.org/1999/xhtml">auditd</html:code> daemon is configured to use the <html:code xmlns:html="http://www.w3.org/1999/xhtml">auditctl</html:code>
utility to read audit rules during daemon startup, add the following lines to
<html:code xmlns:html="http://www.w3.org/1999/xhtml">/etc/audit/audit.rules</html:code> file in order to watch for unattempted manual
edits of files involved in storing logon events:
<html:pre xmlns:html="http://www.w3.org/1999/xhtml" xmlns:xccdf-1.2="http://checklists.nist.gov/xccdf/1.2">-w <xccdf-1.2:sub idref="xccdf_org.ssgproject.content_value_var_accounts_passwords_pam_faillock_dir" use="legacy"/> -p wa -k logins</html:pre>
       </description>
          <reference href="https://www.cisecurity.org/controls/">1</reference>
          <reference href="https://www.cisecurity.org/controls/">11</reference>
          <reference href="https://www.cisecurity.org/controls/">12</reference>
          <reference href="https://www.cisecurity.org/controls/">13</reference>
          <reference href="https://www.cisecurity.org/controls/">14</reference>
          <reference href="https://www.cisecurity.org/controls/">15</reference>
          <reference href="https://www.cisecurity.org/controls/">16</reference>
          <reference href="https://www.cisecurity.org/controls/">19</reference>
          <reference href="https://www.cisecurity.org/controls/">2</reference>
          <reference href="https://www.cisecurity.org/controls/">3</reference>
          <reference href="https://www.cisecurity.org/controls/">4</reference>
          <reference href="https://www.cisecurity.org/controls/">5</reference>
          <reference href="https://www.cisecurity.org/controls/">6</reference>
          <reference href="https://www.cisecurity.org/controls/">7</reference>
          <reference href="https://www.cisecurity.org/controls/">8</reference>
          <reference href="https://www.cisecurity.org/controls/">9</reference>
          <reference href="https://www.isaca.org/resources/cobit">APO10.01</reference>
          <reference href="https://www.isaca.org/resources/cobit">APO10.03</reference>
          <reference href="https://www.isaca.org/resources/cobit">APO10.04</reference>
          <reference href="https://www.isaca.org/resources/cobit">APO10.05</reference>
          <reference href="https://www.isaca.org/resources/cobit">APO11.04</reference>
          <reference href="https://www.isaca.org/resources/cobit">APO12.06</reference>
          <reference href="https://www.isaca.org/resources/cobit">APO13.01</reference>
          <reference href="https://www.isaca.org/resources/cobit">BAI03.05</reference>
          <reference href="https://www.isaca.org/resources/cobit">BAI08.02</reference>
          <reference href="https://www.isaca.org/resources/cobit">DSS01.03</reference>
          <reference href="https://www.isaca.org/resources/cobit">DSS01.04</reference>
          <reference href="https://www.isaca.org/resources/cobit">DSS02.02</reference>
          <reference href="https://www.isaca.org/resources/cobit">DSS02.04</reference>
          <reference href="https://www.isaca.org/resources/cobit">DSS02.07</reference>
          <reference href="https://www.isaca.org/resources/cobit">DSS03.01</reference>
          <reference href="https://www.isaca.org/resources/cobit">DSS03.05</reference>
          <reference href="https://www.isaca.org/resources/cobit">DSS05.02</reference>
          <reference href="https://www.isaca.org/resources/cobit">DSS05.03</reference>
          <reference href="https://www.isaca.org/resources/cobit">DSS05.04</reference>
          <reference href="https://www.isaca.org/resources/cobit">DSS05.05</reference>
          <reference href="https://www.isaca.org/resources/cobit">DSS05.07</reference>
          <reference href="https://www.isaca.org/resources/cobit">MEA01.01</reference>
          <reference href="https://www.isaca.org/resources/cobit">MEA01.02</reference>
          <reference href="https://www.isaca.org/resources/cobit">MEA01.03</reference>
          <reference href="https://www.isaca.org/resources/cobit">MEA01.04</reference>
          <reference href="https://www.isaca.org/resources/cobit">MEA01.05</reference>
          <reference href="https://www.isaca.org/resources/cobit">MEA02.01</reference>
          <reference href="http://nvlpubs.nist.gov/nistpubs/SpecialPublications/NIST.SP.800-171.pdf">3.1.7</reference>
          <reference href="https://public.cyber.mil/stigs/cci/">CCI-000172</reference>
          <reference href="https://public.cyber.mil/stigs/cci/">CCI-002884</reference>
          <reference href="https://www.gpo.gov/fdsys/pkg/CFR-2007-title45-vol1/pdf/CFR-2007-title45-vol1-chapA-subchapC.pdf">164.308(a)(1)(ii)(D)</reference>
          <reference href="https://www.gpo.gov/fdsys/pkg/CFR-2007-title45-vol1/pdf/CFR-2007-title45-vol1-chapA-subchapC.pdf">164.308(a)(3)(ii)(A)</reference>
          <reference href="https://www.gpo.gov/fdsys/pkg/CFR-2007-title45-vol1/pdf/CFR-2007-title45-vol1-chapA-subchapC.pdf">164.308(a)(5)(ii)(C)</reference>
          <reference href="https://www.gpo.gov/fdsys/pkg/CFR-2007-title45-vol1/pdf/CFR-2007-title45-vol1-chapA-subchapC.pdf">164.312(a)(2)(i)</reference>
          <reference href="https://www.gpo.gov/fdsys/pkg/CFR-2007-title45-vol1/pdf/CFR-2007-title45-vol1-chapA-subchapC.pdf">164.312(b)</reference>
          <reference href="https://www.gpo.gov/fdsys/pkg/CFR-2007-title45-vol1/pdf/CFR-2007-title45-vol1-chapA-subchapC.pdf">164.312(d)</reference>
          <reference href="https://www.gpo.gov/fdsys/pkg/CFR-2007-title45-vol1/pdf/CFR-2007-title45-vol1-chapA-subchapC.pdf">164.312(e)</reference>
          <reference href="https://www.isa.org/products/isa-62443-2-1-2009-security-for-industrial-automat">4.2.3.10</reference>
          <reference href="https://www.isa.org/products/isa-62443-2-1-2009-security-for-industrial-automat">4.3.2.6.7</reference>
          <reference href="https://www.isa.org/products/isa-62443-2-1-2009-security-for-industrial-automat">4.3.3.3.9</reference>
          <reference href="https://www.isa.org/products/isa-62443-2-1-2009-security-for-industrial-automat">4.3.3.5.8</reference>
          <reference href="https://www.isa.org/products/isa-62443-2-1-2009-security-for-industrial-automat">4.3.3.6.6</reference>
          <reference href="https://www.isa.org/products/isa-62443-2-1-2009-security-for-industrial-automat">4.3.4.4.7</reference>
          <reference href="https://www.isa.org/products/isa-62443-2-1-2009-security-for-industrial-automat">4.3.4.5.6</reference>
          <reference href="https://www.isa.org/products/isa-62443-2-1-2009-security-for-industrial-automat">4.3.4.5.7</reference>
          <reference href="https://www.isa.org/products/isa-62443-2-1-2009-security-for-industrial-automat">4.3.4.5.8</reference>
          <reference href="https://www.isa.org/products/isa-62443-2-1-2009-security-for-industrial-automat">4.4.2.1</reference>
          <reference href="https://www.isa.org/products/isa-62443-2-1-2009-security-for-industrial-automat">4.4.2.2</reference>
          <reference href="https://www.isa.org/products/isa-62443-2-1-2009-security-for-industrial-automat">4.4.2.4</reference>
          <reference href="https://www.isa.org/products/ansi-isa-62443-3-3-99-03-03-2013-security-for-indu">SR 1.13</reference>
          <reference href="https://www.isa.org/products/ansi-isa-62443-3-3-99-03-03-2013-security-for-indu">SR 2.10</reference>
          <reference href="https://www.isa.org/products/ansi-isa-62443-3-3-99-03-03-2013-security-for-indu">SR 2.11</reference>
          <reference href="https://www.isa.org/products/ansi-isa-62443-3-3-99-03-03-2013-security-for-indu">SR 2.12</reference>
          <reference href="https://www.isa.org/products/ansi-isa-62443-3-3-99-03-03-2013-security-for-indu">SR 2.6</reference>
          <reference href="https://www.isa.org/products/ansi-isa-62443-3-3-99-03-03-2013-security-for-indu">SR 2.8</reference>
          <reference href="https://www.isa.org/products/ansi-isa-62443-3-3-99-03-03-2013-security-for-indu">SR 2.9</reference>
          <reference href="https://www.isa.org/products/ansi-isa-62443-3-3-99-03-03-2013-security-for-indu">SR 3.1</reference>
          <reference href="https://www.isa.org/products/ansi-isa-62443-3-3-99-03-03-2013-security-for-indu">SR 3.5</reference>
          <reference href="https://www.isa.org/products/ansi-isa-62443-3-3-99-03-03-2013-security-for-indu">SR 3.8</reference>
          <reference href="https://www.isa.org/products/ansi-isa-62443-3-3-99-03-03-2013-security-for-indu">SR 4.1</reference>
          <reference href="https://www.isa.org/products/ansi-isa-62443-3-3-99-03-03-2013-security-for-indu">SR 4.3</reference>
          <reference href="https://www.isa.org/products/ansi-isa-62443-3-3-99-03-03-2013-security-for-indu">SR 5.1</reference>
          <reference href="https://www.isa.org/products/ansi-isa-62443-3-3-99-03-03-2013-security-for-indu">SR 5.2</reference>
          <reference href="https://www.isa.org/products/ansi-isa-62443-3-3-99-03-03-2013-security-for-indu">SR 5.3</reference>
          <reference href="https://www.isa.org/products/ansi-isa-62443-3-3-99-03-03-2013-security-for-indu">SR 6.1</reference>
          <reference href="https://www.isa.org/products/ansi-isa-62443-3-3-99-03-03-2013-security-for-indu">SR 6.2</reference>
          <reference href="https://www.isa.org/products/ansi-isa-62443-3-3-99-03-03-2013-security-for-indu">SR 7.1</reference>
          <reference href="https://www.isa.org/products/ansi-isa-62443-3-3-99-03-03-2013-security-for-indu">SR 7.6</reference>
          <reference href="https://www.iso.org/contents/data/standard/05/45/54534.html">A.11.2.6</reference>
          <reference href="https://www.iso.org/contents/data/standard/05/45/54534.html">A.12.4.1</reference>
          <reference href="https://www.iso.org/contents/data/standard/05/45/54534.html">A.12.4.2</reference>
          <reference href="https://www.iso.org/contents/data/standard/05/45/54534.html">A.12.4.3</reference>
          <reference href="https://www.iso.org/contents/data/standard/05/45/54534.html">A.12.4.4</reference>
          <reference href="https://www.iso.org/contents/data/standard/05/45/54534.html">A.12.7.1</reference>
          <reference href="https://www.iso.org/contents/data/standard/05/45/54534.html">A.13.1.1</reference>
          <reference href="https://www.iso.org/contents/data/standard/05/45/54534.html">A.13.2.1</reference>
          <reference href="https://www.iso.org/contents/data/standard/05/45/54534.html">A.14.1.3</reference>
          <reference href="https://www.iso.org/contents/data/standard/05/45/54534.html">A.14.2.7</reference>
          <reference href="https://www.iso.org/contents/data/standard/05/45/54534.html">A.15.2.1</reference>
          <reference href="https://www.iso.org/contents/data/standard/05/45/54534.html">A.15.2.2</reference>
          <reference href="https://www.iso.org/contents/data/standard/05/45/54534.html">A.16.1.4</reference>
          <reference href="https://www.iso.org/contents/data/standard/05/45/54534.html">A.16.1.5</reference>
          <reference href="https://www.iso.org/contents/data/standard/05/45/54534.html">A.16.1.7</reference>
          <reference href="https://www.iso.org/contents/data/standard/05/45/54534.html">A.6.2.1</reference>
          <reference href="https://www.iso.org/contents/data/standard/05/45/54534.html">A.6.2.2</reference>
          <reference href="http://nvlpubs.nist.gov/nistpubs/SpecialPublications/NIST.SP.800-53r4.pdf">AU-2(d)</reference>
          <reference href="http://nvlpubs.nist.gov/nistpubs/SpecialPublications/NIST.SP.800-53r4.pdf">AU-12(c)</reference>
          <reference href="http://nvlpubs.nist.gov/nistpubs/SpecialPublications/NIST.SP.800-53r4.pdf">AC-6(9)</reference>
          <reference href="http://nvlpubs.nist.gov/nistpubs/SpecialPublications/NIST.SP.800-53r4.pdf">CM-6(a)</reference>
          <reference href="https://nvlpubs.nist.gov/nistpubs/CSWP/NIST.CSWP.04162018.pdf">DE.AE-3</reference>
          <reference href="https://nvlpubs.nist.gov/nistpubs/CSWP/NIST.CSWP.04162018.pdf">DE.AE-5</reference>
          <reference href="https://nvlpubs.nist.gov/nistpubs/CSWP/NIST.CSWP.04162018.pdf">DE.CM-1</reference>
          <reference href="https://nvlpubs.nist.gov/nistpubs/CSWP/NIST.CSWP.04162018.pdf">DE.CM-3</reference>
          <reference href="https://nvlpubs.nist.gov/nistpubs/CSWP/NIST.CSWP.04162018.pdf">DE.CM-7</reference>
          <reference href="https://nvlpubs.nist.gov/nistpubs/CSWP/NIST.CSWP.04162018.pdf">ID.SC-4</reference>
          <reference href="https://nvlpubs.nist.gov/nistpubs/CSWP/NIST.CSWP.04162018.pdf">PR.AC-3</reference>
          <reference href="https://nvlpubs.nist.gov/nistpubs/CSWP/NIST.CSWP.04162018.pdf">PR.PT-1</reference>
          <reference href="https://nvlpubs.nist.gov/nistpubs/CSWP/NIST.CSWP.04162018.pdf">PR.PT-4</reference>
          <reference href="https://nvlpubs.nist.gov/nistpubs/CSWP/NIST.CSWP.04162018.pdf">RS.AN-1</reference>
          <reference href="https://nvlpubs.nist.gov/nistpubs/CSWP/NIST.CSWP.04162018.pdf">RS.AN-4</reference>
          <reference href="https://www.pcisecuritystandards.org/documents/PCI_DSS_v3-2-1.pdf">Req-10.2.3</reference>
          <reference href="https://public.cyber.mil/stigs/downloads/?_dl_facet_stigs=operating-systems%2Cgeneral-purpose-os">SRG-OS-000392-GPOS-00172</reference>
          <reference href="https://public.cyber.mil/stigs/downloads/?_dl_facet_stigs=operating-systems%2Cgeneral-purpose-os">SRG-OS-000470-GPOS-00214</reference>
          <reference href="https://public.cyber.mil/stigs/downloads/?_dl_facet_stigs=operating-systems%2Cgeneral-purpose-os">SRG-OS-000473-GPOS-00218</reference>
          <reference href="https://public.cyber.mil/stigs/downloads/?_dl_facet_stigs=container-platform">SRG-APP-000503-CTR-001275</reference>
          <reference href="https://public.cyber.mil/stigs/downloads/?_dl_facet_stigs=container-platform">SRG-APP-000506-CTR-001290</reference>
          <reference href="https://cyber.gouv.fr/sites/default/files/document/linux_configuration-en-v2.pdf">R73</reference>
          <reference href="https://www.cisecurity.org/benchmark/ubuntu_linux/">6.2.3.12</reference>
          <reference href="https://docs-prv.pcisecuritystandards.org/PCI%20DSS/Standard/PCI-DSS-v4_0.pdf">10.2.1.3</reference>
          <reference href="https://docs-prv.pcisecuritystandards.org/PCI%20DSS/Standard/PCI-DSS-v4_0.pdf">10.2.1</reference>
          <reference href="https://docs-prv.pcisecuritystandards.org/PCI%20DSS/Standard/PCI-DSS-v4_0.pdf">10.2</reference>
          <rationale xmlns:xhtml="http://www.w3.org/1999/xhtml" xml:lang="en-US">Manual editing of these files may indicate nefarious activity, such
as an attacker attempting to remove evidence of an intrusion.</rationale>
          <fix xmlns:xhtml="http://www.w3.org/1999/xhtml" id="audit_rules_login_events_faillock" system="urn:xccdf:fix:script:ansible" reboot="true" complexity="low" disruption="low" strategy="restrict">- name: Gather the package facts
  package_facts:
    manager: auto
  tags:
  - NIST-800-171-3.1.7
  - NIST-800-53-AC-6(9)
  - NIST-800-53-AU-12(c)
  - NIST-800-53-AU-2(d)
  - NIST-800-53-CM-6(a)
  - PCI-DSS-Req-10.2.3
  - PCI-DSSv4-10.2
  - PCI-DSSv4-10.2.1
  - PCI-DSSv4-10.2.1.3
  - audit_rules_login_events_faillock
  - low_complexity
  - low_disruption
  - medium_severity
  - reboot_required
  - restrict_strategy
- name: XCCDF Value var_accounts_passwords_pam_faillock_dir # promote to variable
  set_fact:
    var_accounts_passwords_pam_faillock_dir: !!str <xccdf-1.2:sub xmlns:xccdf-1.2="http://checklists.nist.gov/xccdf/1.2" idref="xccdf_org.ssgproject.content_value_var_accounts_passwords_pam_faillock_dir" use="legacy"/>
  tags:
    - always

- name: Check if watch rule for {{ var_accounts_passwords_pam_faillock_dir }} already
    exists in /etc/audit/rules.d/
  find:
    paths: /etc/audit/rules.d
    contains: ^\s*-w\s+{{ var_accounts_passwords_pam_faillock_dir }}\s+-p\s+wa(\s|$)+
    patterns: '*.rules'
  register: find_existing_watch_rules_d
  when:
  - '"auditd" in ansible_facts.packages'
  - '"linux-base" in ansible_facts.packages'
  tags:
  - NIST-800-171-3.1.7
  - NIST-800-53-AC-6(9)
  - NIST-800-53-AU-12(c)
  - NIST-800-53-AU-2(d)
  - NIST-800-53-CM-6(a)
  - PCI-DSS-Req-10.2.3
  - PCI-DSSv4-10.2
  - PCI-DSSv4-10.2.1
  - PCI-DSSv4-10.2.1.3
  - audit_rules_login_events_faillock
  - low_complexity
  - low_disruption
  - medium_severity
  - reboot_required
  - restrict_strategy

- name: Search /etc/audit/rules.d for other rules with specified key logins
  find:
    paths: /etc/audit/rules.d
    contains: ^.*(?:-F key=|-k\s+)logins$
    patterns: '*.rules'
  register: find_watch_key
  when:
  - '"auditd" in ansible_facts.packages'
  - '"linux-base" in ansible_facts.packages'
  - find_existing_watch_rules_d.matched is defined and find_existing_watch_rules_d.matched
    == 0
  tags:
  - NIST-800-171-3.1.7
  - NIST-800-53-AC-6(9)
  - NIST-800-53-AU-12(c)
  - NIST-800-53-AU-2(d)
  - NIST-800-53-CM-6(a)
  - PCI-DSS-Req-10.2.3
  - PCI-DSSv4-10.2
  - PCI-DSSv4-10.2.1
  - PCI-DSSv4-10.2.1.3
  - audit_rules_login_events_faillock
  - low_complexity
  - low_disruption
  - medium_severity
  - reboot_required
  - restrict_strategy

- name: Use /etc/audit/rules.d/logins.rules as the recipient for the rule
  set_fact:
    all_files:
    - /etc/audit/rules.d/logins.rules
  when:
  - '"auditd" in ansible_facts.packages'
  - '"linux-base" in ansible_facts.packages'
  - find_watch_key.matched is defined and find_watch_key.matched == 0 and find_existing_watch_rules_d.matched
    is defined and find_existing_watch_rules_d.matched == 0
  tags:
  - NIST-800-171-3.1.7
  - NIST-800-53-AC-6(9)
  - NIST-800-53-AU-12(c)
  - NIST-800-53-AU-2(d)
  - NIST-800-53-CM-6(a)
  - PCI-DSS-Req-10.2.3
  - PCI-DSSv4-10.2
  - PCI-DSSv4-10.2.1
  - PCI-DSSv4-10.2.1.3
  - audit_rules_login_events_faillock
  - low_complexity
  - low_disruption
  - medium_severity
  - reboot_required
  - restrict_strategy

- name: Use matched file as the recipient for the rule
  set_fact:
    all_files:
    - '{{ find_watch_key.files | map(attribute=''path'') | list | first }}'
  when:
  - '"auditd" in ansible_facts.packages'
  - '"linux-base" in ansible_facts.packages'
  - find_watch_key.matched is defined and find_watch_key.matched &gt; 0 and find_existing_watch_rules_d.matched
    is defined and find_existing_watch_rules_d.matched == 0
  tags:
  - NIST-800-171-3.1.7
  - NIST-800-53-AC-6(9)
  - NIST-800-53-AU-12(c)
  - NIST-800-53-AU-2(d)
  - NIST-800-53-CM-6(a)
  - PCI-DSS-Req-10.2.3
  - PCI-DSSv4-10.2
  - PCI-DSSv4-10.2.1
  - PCI-DSSv4-10.2.1.3
  - audit_rules_login_events_faillock
  - low_complexity
  - low_disruption
  - medium_severity
  - reboot_required
  - restrict_strategy

- name: Add watch rule for {{ var_accounts_passwords_pam_faillock_dir }} in /etc/audit/rules.d/
  lineinfile:
    path: '{{ all_files[0] }}'
    line: -w {{ var_accounts_passwords_pam_faillock_dir }} -p wa -k logins
    create: true
    mode: '0600'
  when:
  - '"auditd" in ansible_facts.packages'
  - '"linux-base" in ansible_facts.packages'
  - find_existing_watch_rules_d.matched is defined and find_existing_watch_rules_d.matched
    == 0
  tags:
  - NIST-800-171-3.1.7
  - NIST-800-53-AC-6(9)
  - NIST-800-53-AU-12(c)
  - NIST-800-53-AU-2(d)
  - NIST-800-53-CM-6(a)
  - PCI-DSS-Req-10.2.3
  - PCI-DSSv4-10.2
  - PCI-DSSv4-10.2.1
  - PCI-DSSv4-10.2.1.3
  - audit_rules_login_events_faillock
  - low_complexity
  - low_disruption
  - medium_severity
  - reboot_required
  - restrict_strategy

- name: Check if watch rule for {{ var_accounts_passwords_pam_faillock_dir }} already
    exists in /etc/audit/audit.rules
  find:
    paths: /etc/audit/
    contains: ^\s*-w\s+{{ var_accounts_passwords_pam_faillock_dir }}\s+-p\s+wa(\s|$)+
    patterns: audit.rules
  register: find_existing_watch_audit_rules
  when:
  - '"auditd" in ansible_facts.packages'
  - '"linux-base" in ansible_facts.packages'
  tags:
  - NIST-800-171-3.1.7
  - NIST-800-53-AC-6(9)
  - NIST-800-53-AU-12(c)
  - NIST-800-53-AU-2(d)
  - NIST-800-53-CM-6(a)
  - PCI-DSS-Req-10.2.3
  - PCI-DSSv4-10.2
  - PCI-DSSv4-10.2.1
  - PCI-DSSv4-10.2.1.3
  - audit_rules_login_events_faillock
  - low_complexity
  - low_disruption
  - medium_severity
  - reboot_required
  - restrict_strategy

- name: Add watch rule for {{ var_accounts_passwords_pam_faillock_dir }} in /etc/audit/audit.rules
  lineinfile:
    line: -w {{ var_accounts_passwords_pam_faillock_dir }} -p wa -k logins
    state: present
    dest: /etc/audit/audit.rules
    create: true
    mode: '0600'
  when:
  - '"auditd" in ansible_facts.packages'
  - '"linux-base" in ansible_facts.packages'
  - find_existing_watch_audit_rules.matched is defined and find_existing_watch_audit_rules.matched
    == 0
  tags:
  - NIST-800-171-3.1.7
  - NIST-800-53-AC-6(9)
  - NIST-800-53-AU-12(c)
  - NIST-800-53-AU-2(d)
  - NIST-800-53-CM-6(a)
  - PCI-DSS-Req-10.2.3
  - PCI-DSSv4-10.2
  - PCI-DSSv4-10.2.1
  - PCI-DSSv4-10.2.1.3
  - audit_rules_login_events_faillock
  - low_complexity
  - low_disruption
  - medium_severity
  - reboot_required
  - restrict_strategy
</fix>
          <fix xmlns:xhtml="http://www.w3.org/1999/xhtml" id="audit_rules_login_events_faillock" system="urn:xccdf:fix:script:sh"># Remediation is applicable only in certain platforms
if dpkg-query --show --showformat='${db:Status-Status}
' 'linux-base' 2&gt;/dev/null | grep -q ^installed &amp;&amp; dpkg-query --show --showformat='${db:Status-Status}\n' 'auditd' 2&gt;/dev/null | grep -q '^installed'; then

# Perform the remediation for both possible tools: 'auditctl' and 'augenrules'


var_accounts_passwords_pam_faillock_dir='<xccdf-1.2:sub xmlns:xccdf-1.2="http://checklists.nist.gov/xccdf/1.2" idref="xccdf_org.ssgproject.content_value_var_accounts_passwords_pam_faillock_dir" use="legacy"/>'

# Create a list of audit *.rules files that should be inspected for presence and correctness
# of a particular audit rule. The scheme is as follows:
#
# -----------------------------------------------------------------------------------------
# Tool used to load audit rules	| Rule already defined	|  Audit rules file to inspect	  |
# -----------------------------------------------------------------------------------------
#	auditctl		|     Doesn't matter	|  /etc/audit/audit.rules	  |
# -----------------------------------------------------------------------------------------
# 	augenrules		|          Yes		|  /etc/audit/rules.d/*.rules	  |
# 	augenrules		|          No		|  /etc/audit/rules.d/$key.rules  |
# -----------------------------------------------------------------------------------------
files_to_inspect=()


# If the audit tool is 'auditctl', then add '/etc/audit/audit.rules'
# into the list of files to be inspected
files_to_inspect+=('/etc/audit/audit.rules')

# Finally perform the inspection and possible subsequent audit rule
# correction for each of the files previously identified for inspection
for audit_rules_file in "${files_to_inspect[@]}"
do
    # Check if audit watch file system object rule for given path already present
    if grep -q -P -- "^[\s]*-w[\s]+${var_accounts_passwords_pam_faillock_dir}" "$audit_rules_file"
    then
        # Rule is found =&gt; verify yet if existing rule definition contains
        # all of the required access type bits

        # Define BRE whitespace class shortcut
        sp="[[:space:]]"
        # Extract current permission access types (e.g. -p [r|w|x|a] values) from audit rule
        current_access_bits=$(sed -ne "s#$sp*-w$sp\+${var_accounts_passwords_pam_faillock_dir} $sp\+-p$sp\+\([rxwa]\{1,4\}\).*#\1#p" "$audit_rules_file")
        # Split required access bits string into characters array
        # (to check bit's presence for one bit at a time)
        for access_bit in $(echo "wa" | grep -o .)
        do
            # For each from the required access bits (e.g. 'w', 'a') check
            # if they are already present in current access bits for rule.
            # If not, append that bit at the end
            if ! grep -q "$access_bit" &lt;&lt;&lt; "$current_access_bits"
            then
                # Concatenate the existing mask with the missing bit
                current_access_bits="$current_access_bits$access_bit"
            fi
        done
        # Propagate the updated rule's access bits (original + the required
        # ones) back into the /etc/audit/audit.rules file for that rule
        sed -i "s#\($sp*-w$sp\+${var_accounts_passwords_pam_faillock_dir}$sp\+-p$sp\+\)\([rxwa]\{1,4\}\)\(.*\)#\1$current_access_bits\3#" "$audit_rules_file"
    else
        # Rule isn't present yet. Append it at the end of $audit_rules_file file
        # with proper key

        echo "-w ${var_accounts_passwords_pam_faillock_dir} -p wa -k logins" &gt;&gt; "$audit_rules_file"
    fi
done
# Create a list of audit *.rules files that should be inspected for presence and correctness
# of a particular audit rule. The scheme is as follows:
#
# -----------------------------------------------------------------------------------------
# Tool used to load audit rules	| Rule already defined	|  Audit rules file to inspect	  |
# -----------------------------------------------------------------------------------------
#	auditctl		|     Doesn't matter	|  /etc/audit/audit.rules	  |
# -----------------------------------------------------------------------------------------
# 	augenrules		|          Yes		|  /etc/audit/rules.d/*.rules	  |
# 	augenrules		|          No		|  /etc/audit/rules.d/$key.rules  |
# -----------------------------------------------------------------------------------------
files_to_inspect=()

# If the audit is 'augenrules', then check if rule is already defined
# If rule is defined, add '/etc/audit/rules.d/*.rules' to list of files for inspection.
# If rule isn't defined, add '/etc/audit/rules.d/logins.rules' to list of files for inspection.
readarray -t matches &lt; &lt;(grep -HP "[\s]*-w[\s]+${var_accounts_passwords_pam_faillock_dir}" /etc/audit/rules.d/*.rules)

# For each of the matched entries
for match in "${matches[@]}"
do
    # Extract filepath from the match
    rulesd_audit_file=$(echo $match | cut -f1 -d ':')
    # Append that path into list of files for inspection
    files_to_inspect+=("$rulesd_audit_file")
done
# Case when particular audit rule isn't defined yet
if [ "${#files_to_inspect[@]}" -eq "0" ]
then
    # Append '/etc/audit/rules.d/logins.rules' into list of files for inspection
    key_rule_file="/etc/audit/rules.d/logins.rules"
    # If the logins.rules file doesn't exist yet, create it with correct permissions
    if [ ! -e "$key_rule_file" ]
    then
        touch "$key_rule_file"
        chmod 0600 "$key_rule_file"
    fi
    files_to_inspect+=("$key_rule_file")
fi

# Finally perform the inspection and possible subsequent audit rule
# correction for each of the files previously identified for inspection
for audit_rules_file in "${files_to_inspect[@]}"
do
    # Check if audit watch file system object rule for given path already present
    if grep -q -P -- "^[\s]*-w[\s]+${var_accounts_passwords_pam_faillock_dir}" "$audit_rules_file"
    then
        # Rule is found =&gt; verify yet if existing rule definition contains
        # all of the required access type bits

        # Define BRE whitespace class shortcut
        sp="[[:space:]]"
        # Extract current permission access types (e.g. -p [r|w|x|a] values) from audit rule
        current_access_bits=$(sed -ne "s#$sp*-w$sp\+${var_accounts_passwords_pam_faillock_dir} $sp\+-p$sp\+\([rxwa]\{1,4\}\).*#\1#p" "$audit_rules_file")
        # Split required access bits string into characters array
        # (to check bit's presence for one bit at a time)
        for access_bit in $(echo "wa" | grep -o .)
        do
            # For each from the required access bits (e.g. 'w', 'a') check
            # if they are already present in current access bits for rule.
            # If not, append that bit at the end
            if ! grep -q "$access_bit" &lt;&lt;&lt; "$current_access_bits"
            then
                # Concatenate the existing mask with the missing bit
                current_access_bits="$current_access_bits$access_bit"
            fi
        done
        # Propagate the updated rule's access bits (original + the required
        # ones) back into the /etc/audit/audit.rules file for that rule
        sed -i "s#\($sp*-w$sp\+${var_accounts_passwords_pam_faillock_dir}$sp\+-p$sp\+\)\([rxwa]\{1,4\}\)\(.*\)#\1$current_access_bits\3#" "$audit_rules_file"
    else
        # Rule isn't present yet. Append it at the end of $audit_rules_file file
        # with proper key

        echo "-w ${var_accounts_passwords_pam_faillock_dir} -p wa -k logins" &gt;&gt; "$audit_rules_file"
    fi
done

else
    &gt;&amp;2 echo 'Remediation is not applicable, nothing was done'
fi
</fix>
          <check system="http://oval.mitre.org/XMLSchema/oval-definitions-5">
            <check-export export-name="oval:ssg-var_accounts_passwords_pam_faillock_dir:var:1" value-id="xccdf_org.ssgproject.content_value_var_accounts_passwords_pam_faillock_dir"/>
            <check-content-ref name="oval:ssg-audit_rules_login_events_faillock:def:1" href="ssg-ubuntu2404-oval.xml"/>
          </check>
          <check system="http://scap.nist.gov/schema/ocil/2">
            <check-content-ref name="ocil:ssg-audit_rules_login_events_faillock_ocil:questionnaire:1" href="ssg-ubuntu2404-ocil.xml"/>
          </check>
        </Rule>
        <Rule id="xccdf_org.ssgproject.content_rule_audit_rules_login_events_lastlog" selected="false" role="full" severity="medium">
          <title xmlns:xhtml="http://www.w3.org/1999/xhtml" xml:lang="en-US">Record Attempts to Alter Logon and Logout Events - lastlog</title>
          <description xmlns:xhtml="http://www.w3.org/1999/xhtml" xml:lang="en-US">The audit system already collects login information for all users
and root. If the <html:code xmlns:html="http://www.w3.org/1999/xhtml">auditd</html:code> daemon is configured to use the
<html:code xmlns:html="http://www.w3.org/1999/xhtml">augenrules</html:code> program to read audit rules during daemon startup (the
default), add the following lines to a file with suffix <html:code xmlns:html="http://www.w3.org/1999/xhtml">.rules</html:code> in the
directory <html:code xmlns:html="http://www.w3.org/1999/xhtml">/etc/audit/rules.d</html:code> in order to watch for attempted manual
edits of files involved in storing logon events:
<html:pre xmlns:html="http://www.w3.org/1999/xhtml">-w /var/log/lastlog -p wa -k logins</html:pre>
If the <html:code xmlns:html="http://www.w3.org/1999/xhtml">auditd</html:code> daemon is configured to use the <html:code xmlns:html="http://www.w3.org/1999/xhtml">auditctl</html:code>
utility to read audit rules during daemon startup, add the following lines to
<html:code xmlns:html="http://www.w3.org/1999/xhtml">/etc/audit/audit.rules</html:code> file in order to watch for unattempted manual
edits of files involved in storing logon events:
<html:pre xmlns:html="http://www.w3.org/1999/xhtml">-w /var/log/lastlog -p wa -k logins</html:pre>
       </description>
          <reference href="https://www.cisecurity.org/controls/">1</reference>
          <reference href="https://www.cisecurity.org/controls/">11</reference>
          <reference href="https://www.cisecurity.org/controls/">12</reference>
          <reference href="https://www.cisecurity.org/controls/">13</reference>
          <reference href="https://www.cisecurity.org/controls/">14</reference>
          <reference href="https://www.cisecurity.org/controls/">15</reference>
          <reference href="https://www.cisecurity.org/controls/">16</reference>
          <reference href="https://www.cisecurity.org/controls/">19</reference>
          <reference href="https://www.cisecurity.org/controls/">2</reference>
          <reference href="https://www.cisecurity.org/controls/">3</reference>
          <reference href="https://www.cisecurity.org/controls/">4</reference>
          <reference href="https://www.cisecurity.org/controls/">5</reference>
          <reference href="https://www.cisecurity.org/controls/">6</reference>
          <reference href="https://www.cisecurity.org/controls/">7</reference>
          <reference href="https://www.cisecurity.org/controls/">8</reference>
          <reference href="https://www.cisecurity.org/controls/">9</reference>
          <reference href="https://www.isaca.org/resources/cobit">APO10.01</reference>
          <reference href="https://www.isaca.org/resources/cobit">APO10.03</reference>
          <reference href="https://www.isaca.org/resources/cobit">APO10.04</reference>
          <reference href="https://www.isaca.org/resources/cobit">APO10.05</reference>
          <reference href="https://www.isaca.org/resources/cobit">APO11.04</reference>
          <reference href="https://www.isaca.org/resources/cobit">APO12.06</reference>
          <reference href="https://www.isaca.org/resources/cobit">APO13.01</reference>
          <reference href="https://www.isaca.org/resources/cobit">BAI03.05</reference>
          <reference href="https://www.isaca.org/resources/cobit">BAI08.02</reference>
          <reference href="https://www.isaca.org/resources/cobit">DSS01.03</reference>
          <reference href="https://www.isaca.org/resources/cobit">DSS01.04</reference>
          <reference href="https://www.isaca.org/resources/cobit">DSS02.02</reference>
          <reference href="https://www.isaca.org/resources/cobit">DSS02.04</reference>
          <reference href="https://www.isaca.org/resources/cobit">DSS02.07</reference>
          <reference href="https://www.isaca.org/resources/cobit">DSS03.01</reference>
          <reference href="https://www.isaca.org/resources/cobit">DSS03.05</reference>
          <reference href="https://www.isaca.org/resources/cobit">DSS05.02</reference>
          <reference href="https://www.isaca.org/resources/cobit">DSS05.03</reference>
          <reference href="https://www.isaca.org/resources/cobit">DSS05.04</reference>
          <reference href="https://www.isaca.org/resources/cobit">DSS05.05</reference>
          <reference href="https://www.isaca.org/resources/cobit">DSS05.07</reference>
          <reference href="https://www.isaca.org/resources/cobit">MEA01.01</reference>
          <reference href="https://www.isaca.org/resources/cobit">MEA01.02</reference>
          <reference href="https://www.isaca.org/resources/cobit">MEA01.03</reference>
          <reference href="https://www.isaca.org/resources/cobit">MEA01.04</reference>
          <reference href="https://www.isaca.org/resources/cobit">MEA01.05</reference>
          <reference href="https://www.isaca.org/resources/cobit">MEA02.01</reference>
          <reference href="http://nvlpubs.nist.gov/nistpubs/SpecialPublications/NIST.SP.800-171.pdf">3.1.7</reference>
          <reference href="https://public.cyber.mil/stigs/cci/">CCI-000172</reference>
          <reference href="https://public.cyber.mil/stigs/cci/">CCI-000130</reference>
          <reference href="https://public.cyber.mil/stigs/cci/">CCI-000135</reference>
          <reference href="https://public.cyber.mil/stigs/cci/">CCI-000169</reference>
          <reference href="https://public.cyber.mil/stigs/cci/">CCI-002884</reference>
          <reference href="https://www.gpo.gov/fdsys/pkg/CFR-2007-title45-vol1/pdf/CFR-2007-title45-vol1-chapA-subchapC.pdf">164.308(a)(1)(ii)(D)</reference>
          <reference href="https://www.gpo.gov/fdsys/pkg/CFR-2007-title45-vol1/pdf/CFR-2007-title45-vol1-chapA-subchapC.pdf">164.308(a)(3)(ii)(A)</reference>
          <reference href="https://www.gpo.gov/fdsys/pkg/CFR-2007-title45-vol1/pdf/CFR-2007-title45-vol1-chapA-subchapC.pdf">164.308(a)(5)(ii)(C)</reference>
          <reference href="https://www.gpo.gov/fdsys/pkg/CFR-2007-title45-vol1/pdf/CFR-2007-title45-vol1-chapA-subchapC.pdf">164.312(a)(2)(i)</reference>
          <reference href="https://www.gpo.gov/fdsys/pkg/CFR-2007-title45-vol1/pdf/CFR-2007-title45-vol1-chapA-subchapC.pdf">164.312(b)</reference>
          <reference href="https://www.gpo.gov/fdsys/pkg/CFR-2007-title45-vol1/pdf/CFR-2007-title45-vol1-chapA-subchapC.pdf">164.312(d)</reference>
          <reference href="https://www.gpo.gov/fdsys/pkg/CFR-2007-title45-vol1/pdf/CFR-2007-title45-vol1-chapA-subchapC.pdf">164.312(e)</reference>
          <reference href="https://www.isa.org/products/isa-62443-2-1-2009-security-for-industrial-automat">4.2.3.10</reference>
          <reference href="https://www.isa.org/products/isa-62443-2-1-2009-security-for-industrial-automat">4.3.2.6.7</reference>
          <reference href="https://www.isa.org/products/isa-62443-2-1-2009-security-for-industrial-automat">4.3.3.3.9</reference>
          <reference href="https://www.isa.org/products/isa-62443-2-1-2009-security-for-industrial-automat">4.3.3.5.8</reference>
          <reference href="https://www.isa.org/products/isa-62443-2-1-2009-security-for-industrial-automat">4.3.3.6.6</reference>
          <reference href="https://www.isa.org/products/isa-62443-2-1-2009-security-for-industrial-automat">4.3.4.4.7</reference>
          <reference href="https://www.isa.org/products/isa-62443-2-1-2009-security-for-industrial-automat">4.3.4.5.6</reference>
          <reference href="https://www.isa.org/products/isa-62443-2-1-2009-security-for-industrial-automat">4.3.4.5.7</reference>
          <reference href="https://www.isa.org/products/isa-62443-2-1-2009-security-for-industrial-automat">4.3.4.5.8</reference>
          <reference href="https://www.isa.org/products/isa-62443-2-1-2009-security-for-industrial-automat">4.4.2.1</reference>
          <reference href="https://www.isa.org/products/isa-62443-2-1-2009-security-for-industrial-automat">4.4.2.2</reference>
          <reference href="https://www.isa.org/products/isa-62443-2-1-2009-security-for-industrial-automat">4.4.2.4</reference>
          <reference href="https://www.isa.org/products/ansi-isa-62443-3-3-99-03-03-2013-security-for-indu">SR 1.13</reference>
          <reference href="https://www.isa.org/products/ansi-isa-62443-3-3-99-03-03-2013-security-for-indu">SR 2.10</reference>
          <reference href="https://www.isa.org/products/ansi-isa-62443-3-3-99-03-03-2013-security-for-indu">SR 2.11</reference>
          <reference href="https://www.isa.org/products/ansi-isa-62443-3-3-99-03-03-2013-security-for-indu">SR 2.12</reference>
          <reference href="https://www.isa.org/products/ansi-isa-62443-3-3-99-03-03-2013-security-for-indu">SR 2.6</reference>
          <reference href="https://www.isa.org/products/ansi-isa-62443-3-3-99-03-03-2013-security-for-indu">SR 2.8</reference>
          <reference href="https://www.isa.org/products/ansi-isa-62443-3-3-99-03-03-2013-security-for-indu">SR 2.9</reference>
          <reference href="https://www.isa.org/products/ansi-isa-62443-3-3-99-03-03-2013-security-for-indu">SR 3.1</reference>
          <reference href="https://www.isa.org/products/ansi-isa-62443-3-3-99-03-03-2013-security-for-indu">SR 3.5</reference>
          <reference href="https://www.isa.org/products/ansi-isa-62443-3-3-99-03-03-2013-security-for-indu">SR 3.8</reference>
          <reference href="https://www.isa.org/products/ansi-isa-62443-3-3-99-03-03-2013-security-for-indu">SR 4.1</reference>
          <reference href="https://www.isa.org/products/ansi-isa-62443-3-3-99-03-03-2013-security-for-indu">SR 4.3</reference>
          <reference href="https://www.isa.org/products/ansi-isa-62443-3-3-99-03-03-2013-security-for-indu">SR 5.1</reference>
          <reference href="https://www.isa.org/products/ansi-isa-62443-3-3-99-03-03-2013-security-for-indu">SR 5.2</reference>
          <reference href="https://www.isa.org/products/ansi-isa-62443-3-3-99-03-03-2013-security-for-indu">SR 5.3</reference>
          <reference href="https://www.isa.org/products/ansi-isa-62443-3-3-99-03-03-2013-security-for-indu">SR 6.1</reference>
          <reference href="https://www.isa.org/products/ansi-isa-62443-3-3-99-03-03-2013-security-for-indu">SR 6.2</reference>
          <reference href="https://www.isa.org/products/ansi-isa-62443-3-3-99-03-03-2013-security-for-indu">SR 7.1</reference>
          <reference href="https://www.isa.org/products/ansi-isa-62443-3-3-99-03-03-2013-security-for-indu">SR 7.6</reference>
          <reference href="https://www.iso.org/contents/data/standard/05/45/54534.html">A.11.2.6</reference>
          <reference href="https://www.iso.org/contents/data/standard/05/45/54534.html">A.12.4.1</reference>
          <reference href="https://www.iso.org/contents/data/standard/05/45/54534.html">A.12.4.2</reference>
          <reference href="https://www.iso.org/contents/data/standard/05/45/54534.html">A.12.4.3</reference>
          <reference href="https://www.iso.org/contents/data/standard/05/45/54534.html">A.12.4.4</reference>
          <reference href="https://www.iso.org/contents/data/standard/05/45/54534.html">A.12.7.1</reference>
          <reference href="https://www.iso.org/contents/data/standard/05/45/54534.html">A.13.1.1</reference>
          <reference href="https://www.iso.org/contents/data/standard/05/45/54534.html">A.13.2.1</reference>
          <reference href="https://www.iso.org/contents/data/standard/05/45/54534.html">A.14.1.3</reference>
          <reference href="https://www.iso.org/contents/data/standard/05/45/54534.html">A.14.2.7</reference>
          <reference href="https://www.iso.org/contents/data/standard/05/45/54534.html">A.15.2.1</reference>
          <reference href="https://www.iso.org/contents/data/standard/05/45/54534.html">A.15.2.2</reference>
          <reference href="https://www.iso.org/contents/data/standard/05/45/54534.html">A.16.1.4</reference>
          <reference href="https://www.iso.org/contents/data/standard/05/45/54534.html">A.16.1.5</reference>
          <reference href="https://www.iso.org/contents/data/standard/05/45/54534.html">A.16.1.7</reference>
          <reference href="https://www.iso.org/contents/data/standard/05/45/54534.html">A.6.2.1</reference>
          <reference href="https://www.iso.org/contents/data/standard/05/45/54534.html">A.6.2.2</reference>
          <reference href="http://nvlpubs.nist.gov/nistpubs/SpecialPublications/NIST.SP.800-53r4.pdf">AU-2(d)</reference>
          <reference href="http://nvlpubs.nist.gov/nistpubs/SpecialPublications/NIST.SP.800-53r4.pdf">AU-12(c)</reference>
          <reference href="http://nvlpubs.nist.gov/nistpubs/SpecialPublications/NIST.SP.800-53r4.pdf">AC-6(9)</reference>
          <reference href="http://nvlpubs.nist.gov/nistpubs/SpecialPublications/NIST.SP.800-53r4.pdf">CM-6(a)</reference>
          <reference href="https://nvlpubs.nist.gov/nistpubs/CSWP/NIST.CSWP.04162018.pdf">DE.AE-3</reference>
          <reference href="https://nvlpubs.nist.gov/nistpubs/CSWP/NIST.CSWP.04162018.pdf">DE.AE-5</reference>
          <reference href="https://nvlpubs.nist.gov/nistpubs/CSWP/NIST.CSWP.04162018.pdf">DE.CM-1</reference>
          <reference href="https://nvlpubs.nist.gov/nistpubs/CSWP/NIST.CSWP.04162018.pdf">DE.CM-3</reference>
          <reference href="https://nvlpubs.nist.gov/nistpubs/CSWP/NIST.CSWP.04162018.pdf">DE.CM-7</reference>
          <reference href="https://nvlpubs.nist.gov/nistpubs/CSWP/NIST.CSWP.04162018.pdf">ID.SC-4</reference>
          <reference href="https://nvlpubs.nist.gov/nistpubs/CSWP/NIST.CSWP.04162018.pdf">PR.AC-3</reference>
          <reference href="https://nvlpubs.nist.gov/nistpubs/CSWP/NIST.CSWP.04162018.pdf">PR.PT-1</reference>
          <reference href="https://nvlpubs.nist.gov/nistpubs/CSWP/NIST.CSWP.04162018.pdf">PR.PT-4</reference>
          <reference href="https://nvlpubs.nist.gov/nistpubs/CSWP/NIST.CSWP.04162018.pdf">RS.AN-1</reference>
          <reference href="https://nvlpubs.nist.gov/nistpubs/CSWP/NIST.CSWP.04162018.pdf">RS.AN-4</reference>
          <reference href="https://www.pcisecuritystandards.org/documents/PCI_DSS_v3-2-1.pdf">Req-10.2.3</reference>
          <reference href="https://public.cyber.mil/stigs/downloads/?_dl_facet_stigs=operating-systems%2Cgeneral-purpose-os">SRG-OS-000037-GPOS-00015</reference>
          <reference href="https://public.cyber.mil/stigs/downloads/?_dl_facet_stigs=operating-systems%2Cgeneral-purpose-os">SRG-OS-000042-GPOS-00020</reference>
          <reference href="https://public.cyber.mil/stigs/downloads/?_dl_facet_stigs=operating-systems%2Cgeneral-purpose-os">SRG-OS-000062-GPOS-00031</reference>
          <reference href="https://public.cyber.mil/stigs/downloads/?_dl_facet_stigs=operating-systems%2Cgeneral-purpose-os">SRG-OS-000392-GPOS-00172</reference>
          <reference href="https://public.cyber.mil/stigs/downloads/?_dl_facet_stigs=operating-systems%2Cgeneral-purpose-os">SRG-OS-000462-GPOS-00206</reference>
          <reference href="https://public.cyber.mil/stigs/downloads/?_dl_facet_stigs=operating-systems%2Cgeneral-purpose-os">SRG-OS-000471-GPOS-00215</reference>
          <reference href="https://public.cyber.mil/stigs/downloads/?_dl_facet_stigs=operating-systems%2Cgeneral-purpose-os">SRG-OS-000473-GPOS-00218</reference>
          <reference href="https://public.cyber.mil/stigs/downloads/?_dl_facet_stigs=operating-systems%2Cgeneral-purpose-os">SRG-OS-000470-GPOS-00214</reference>
          <reference href="https://public.cyber.mil/stigs/downloads/?_dl_facet_stigs=container-platform">SRG-APP-000495-CTR-001235</reference>
          <reference href="https://public.cyber.mil/stigs/downloads/?_dl_facet_stigs=container-platform">SRG-APP-000503-CTR-001275</reference>
          <reference href="https://public.cyber.mil/stigs/downloads/?_dl_facet_stigs=container-platform">SRG-APP-000506-CTR-001290</reference>
          <reference href="https://cyber.gouv.fr/sites/default/files/document/linux_configuration-en-v2.pdf">R73</reference>
          <reference href="https://www.cisecurity.org/benchmark/ubuntu_linux/">6.2.3.12</reference>
          <reference href="https://docs-prv.pcisecuritystandards.org/PCI%20DSS/Standard/PCI-DSS-v4_0.pdf">10.2.1.3</reference>
          <reference href="https://docs-prv.pcisecuritystandards.org/PCI%20DSS/Standard/PCI-DSS-v4_0.pdf">10.2.1</reference>
          <reference href="https://docs-prv.pcisecuritystandards.org/PCI%20DSS/Standard/PCI-DSS-v4_0.pdf">10.2</reference>
          <rationale xmlns:xhtml="http://www.w3.org/1999/xhtml" xml:lang="en-US">Manual editing of these files may indicate nefarious activity, such
as an attacker attempting to remove evidence of an intrusion.</rationale>
          <fix xmlns:xhtml="http://www.w3.org/1999/xhtml" id="audit_rules_login_events_lastlog" system="urn:xccdf:fix:script:ansible" reboot="true" complexity="low" disruption="low" strategy="restrict">- name: Gather the package facts
  package_facts:
    manager: auto
  tags:
  - NIST-800-171-3.1.7
  - NIST-800-53-AC-6(9)
  - NIST-800-53-AU-12(c)
  - NIST-800-53-AU-2(d)
  - NIST-800-53-CM-6(a)
  - PCI-DSS-Req-10.2.3
  - PCI-DSSv4-10.2
  - PCI-DSSv4-10.2.1
  - PCI-DSSv4-10.2.1.3
  - audit_rules_login_events_lastlog
  - low_complexity
  - low_disruption
  - medium_severity
  - reboot_required
  - restrict_strategy

- name: Check if watch rule for /var/log/lastlog already exists in /etc/audit/rules.d/
  find:
    paths: /etc/audit/rules.d
    contains: ^\s*-w\s+/var/log/lastlog\s+-p\s+wa(\s|$)+
    patterns: '*.rules'
  register: find_existing_watch_rules_d
  when:
  - '"auditd" in ansible_facts.packages'
  - '"linux-base" in ansible_facts.packages'
  tags:
  - NIST-800-171-3.1.7
  - NIST-800-53-AC-6(9)
  - NIST-800-53-AU-12(c)
  - NIST-800-53-AU-2(d)
  - NIST-800-53-CM-6(a)
  - PCI-DSS-Req-10.2.3
  - PCI-DSSv4-10.2
  - PCI-DSSv4-10.2.1
  - PCI-DSSv4-10.2.1.3
  - audit_rules_login_events_lastlog
  - low_complexity
  - low_disruption
  - medium_severity
  - reboot_required
  - restrict_strategy

- name: Search /etc/audit/rules.d for other rules with specified key logins
  find:
    paths: /etc/audit/rules.d
    contains: ^.*(?:-F key=|-k\s+)logins$
    patterns: '*.rules'
  register: find_watch_key
  when:
  - '"auditd" in ansible_facts.packages'
  - '"linux-base" in ansible_facts.packages'
  - find_existing_watch_rules_d.matched is defined and find_existing_watch_rules_d.matched
    == 0
  tags:
  - NIST-800-171-3.1.7
  - NIST-800-53-AC-6(9)
  - NIST-800-53-AU-12(c)
  - NIST-800-53-AU-2(d)
  - NIST-800-53-CM-6(a)
  - PCI-DSS-Req-10.2.3
  - PCI-DSSv4-10.2
  - PCI-DSSv4-10.2.1
  - PCI-DSSv4-10.2.1.3
  - audit_rules_login_events_lastlog
  - low_complexity
  - low_disruption
  - medium_severity
  - reboot_required
  - restrict_strategy

- name: Use /etc/audit/rules.d/logins.rules as the recipient for the rule
  set_fact:
    all_files:
    - /etc/audit/rules.d/logins.rules
  when:
  - '"auditd" in ansible_facts.packages'
  - '"linux-base" in ansible_facts.packages'
  - find_watch_key.matched is defined and find_watch_key.matched == 0 and find_existing_watch_rules_d.matched
    is defined and find_existing_watch_rules_d.matched == 0
  tags:
  - NIST-800-171-3.1.7
  - NIST-800-53-AC-6(9)
  - NIST-800-53-AU-12(c)
  - NIST-800-53-AU-2(d)
  - NIST-800-53-CM-6(a)
  - PCI-DSS-Req-10.2.3
  - PCI-DSSv4-10.2
  - PCI-DSSv4-10.2.1
  - PCI-DSSv4-10.2.1.3
  - audit_rules_login_events_lastlog
  - low_complexity
  - low_disruption
  - medium_severity
  - reboot_required
  - restrict_strategy

- name: Use matched file as the recipient for the rule
  set_fact:
    all_files:
    - '{{ find_watch_key.files | map(attribute=''path'') | list | first }}'
  when:
  - '"auditd" in ansible_facts.packages'
  - '"linux-base" in ansible_facts.packages'
  - find_watch_key.matched is defined and find_watch_key.matched &gt; 0 and find_existing_watch_rules_d.matched
    is defined and find_existing_watch_rules_d.matched == 0
  tags:
  - NIST-800-171-3.1.7
  - NIST-800-53-AC-6(9)
  - NIST-800-53-AU-12(c)
  - NIST-800-53-AU-2(d)
  - NIST-800-53-CM-6(a)
  - PCI-DSS-Req-10.2.3
  - PCI-DSSv4-10.2
  - PCI-DSSv4-10.2.1
  - PCI-DSSv4-10.2.1.3
  - audit_rules_login_events_lastlog
  - low_complexity
  - low_disruption
  - medium_severity
  - reboot_required
  - restrict_strategy

- name: Add watch rule for /var/log/lastlog in /etc/audit/rules.d/
  lineinfile:
    path: '{{ all_files[0] }}'
    line: -w /var/log/lastlog -p wa -k logins
    create: true
    mode: '0600'
  when:
  - '"auditd" in ansible_facts.packages'
  - '"linux-base" in ansible_facts.packages'
  - find_existing_watch_rules_d.matched is defined and find_existing_watch_rules_d.matched
    == 0
  tags:
  - NIST-800-171-3.1.7
  - NIST-800-53-AC-6(9)
  - NIST-800-53-AU-12(c)
  - NIST-800-53-AU-2(d)
  - NIST-800-53-CM-6(a)
  - PCI-DSS-Req-10.2.3
  - PCI-DSSv4-10.2
  - PCI-DSSv4-10.2.1
  - PCI-DSSv4-10.2.1.3
  - audit_rules_login_events_lastlog
  - low_complexity
  - low_disruption
  - medium_severity
  - reboot_required
  - restrict_strategy

- name: Check if watch rule for /var/log/lastlog already exists in /etc/audit/audit.rules
  find:
    paths: /etc/audit/
    contains: ^\s*-w\s+/var/log/lastlog\s+-p\s+wa(\s|$)+
    patterns: audit.rules
  register: find_existing_watch_audit_rules
  when:
  - '"auditd" in ansible_facts.packages'
  - '"linux-base" in ansible_facts.packages'
  tags:
  - NIST-800-171-3.1.7
  - NIST-800-53-AC-6(9)
  - NIST-800-53-AU-12(c)
  - NIST-800-53-AU-2(d)
  - NIST-800-53-CM-6(a)
  - PCI-DSS-Req-10.2.3
  - PCI-DSSv4-10.2
  - PCI-DSSv4-10.2.1
  - PCI-DSSv4-10.2.1.3
  - audit_rules_login_events_lastlog
  - low_complexity
  - low_disruption
  - medium_severity
  - reboot_required
  - restrict_strategy

- name: Add watch rule for /var/log/lastlog in /etc/audit/audit.rules
  lineinfile:
    line: -w /var/log/lastlog -p wa -k logins
    state: present
    dest: /etc/audit/audit.rules
    create: true
    mode: '0600'
  when:
  - '"auditd" in ansible_facts.packages'
  - '"linux-base" in ansible_facts.packages'
  - find_existing_watch_audit_rules.matched is defined and find_existing_watch_audit_rules.matched
    == 0
  tags:
  - NIST-800-171-3.1.7
  - NIST-800-53-AC-6(9)
  - NIST-800-53-AU-12(c)
  - NIST-800-53-AU-2(d)
  - NIST-800-53-CM-6(a)
  - PCI-DSS-Req-10.2.3
  - PCI-DSSv4-10.2
  - PCI-DSSv4-10.2.1
  - PCI-DSSv4-10.2.1.3
  - audit_rules_login_events_lastlog
  - low_complexity
  - low_disruption
  - medium_severity
  - reboot_required
  - restrict_strategy
</fix>
          <fix xmlns:xhtml="http://www.w3.org/1999/xhtml" id="audit_rules_login_events_lastlog" system="urn:xccdf:fix:script:sh"># Remediation is applicable only in certain platforms
if dpkg-query --show --showformat='${db:Status-Status}
' 'linux-base' 2&gt;/dev/null | grep -q ^installed &amp;&amp; dpkg-query --show --showformat='${db:Status-Status}\n' 'auditd' 2&gt;/dev/null | grep -q '^installed'; then

# Perform the remediation for both possible tools: 'auditctl' and 'augenrules'


# Create a list of audit *.rules files that should be inspected for presence and correctness
# of a particular audit rule. The scheme is as follows:
#
# -----------------------------------------------------------------------------------------
# Tool used to load audit rules	| Rule already defined	|  Audit rules file to inspect	  |
# -----------------------------------------------------------------------------------------
#	auditctl		|     Doesn't matter	|  /etc/audit/audit.rules	  |
# -----------------------------------------------------------------------------------------
# 	augenrules		|          Yes		|  /etc/audit/rules.d/*.rules	  |
# 	augenrules		|          No		|  /etc/audit/rules.d/$key.rules  |
# -----------------------------------------------------------------------------------------
files_to_inspect=()


# If the audit tool is 'auditctl', then add '/etc/audit/audit.rules'
# into the list of files to be inspected
files_to_inspect+=('/etc/audit/audit.rules')

# Finally perform the inspection and possible subsequent audit rule
# correction for each of the files previously identified for inspection
for audit_rules_file in "${files_to_inspect[@]}"
do
    # Check if audit watch file system object rule for given path already present
    if grep -q -P -- "^[\s]*-w[\s]+/var/log/lastlog" "$audit_rules_file"
    then
        # Rule is found =&gt; verify yet if existing rule definition contains
        # all of the required access type bits

        # Define BRE whitespace class shortcut
        sp="[[:space:]]"
        # Extract current permission access types (e.g. -p [r|w|x|a] values) from audit rule
        current_access_bits=$(sed -ne "s#$sp*-w$sp\+/var/log/lastlog $sp\+-p$sp\+\([rxwa]\{1,4\}\).*#\1#p" "$audit_rules_file")
        # Split required access bits string into characters array
        # (to check bit's presence for one bit at a time)
        for access_bit in $(echo "wa" | grep -o .)
        do
            # For each from the required access bits (e.g. 'w', 'a') check
            # if they are already present in current access bits for rule.
            # If not, append that bit at the end
            if ! grep -q "$access_bit" &lt;&lt;&lt; "$current_access_bits"
            then
                # Concatenate the existing mask with the missing bit
                current_access_bits="$current_access_bits$access_bit"
            fi
        done
        # Propagate the updated rule's access bits (original + the required
        # ones) back into the /etc/audit/audit.rules file for that rule
        sed -i "s#\($sp*-w$sp\+/var/log/lastlog$sp\+-p$sp\+\)\([rxwa]\{1,4\}\)\(.*\)#\1$current_access_bits\3#" "$audit_rules_file"
    else
        # Rule isn't present yet. Append it at the end of $audit_rules_file file
        # with proper key

        echo "-w /var/log/lastlog -p wa -k logins" &gt;&gt; "$audit_rules_file"
    fi
done
# Create a list of audit *.rules files that should be inspected for presence and correctness
# of a particular audit rule. The scheme is as follows:
#
# -----------------------------------------------------------------------------------------
# Tool used to load audit rules	| Rule already defined	|  Audit rules file to inspect	  |
# -----------------------------------------------------------------------------------------
#	auditctl		|     Doesn't matter	|  /etc/audit/audit.rules	  |
# -----------------------------------------------------------------------------------------
# 	augenrules		|          Yes		|  /etc/audit/rules.d/*.rules	  |
# 	augenrules		|          No		|  /etc/audit/rules.d/$key.rules  |
# -----------------------------------------------------------------------------------------
files_to_inspect=()

# If the audit is 'augenrules', then check if rule is already defined
# If rule is defined, add '/etc/audit/rules.d/*.rules' to list of files for inspection.
# If rule isn't defined, add '/etc/audit/rules.d/logins.rules' to list of files for inspection.
readarray -t matches &lt; &lt;(grep -HP "[\s]*-w[\s]+/var/log/lastlog" /etc/audit/rules.d/*.rules)

# For each of the matched entries
for match in "${matches[@]}"
do
    # Extract filepath from the match
    rulesd_audit_file=$(echo $match | cut -f1 -d ':')
    # Append that path into list of files for inspection
    files_to_inspect+=("$rulesd_audit_file")
done
# Case when particular audit rule isn't defined yet
if [ "${#files_to_inspect[@]}" -eq "0" ]
then
    # Append '/etc/audit/rules.d/logins.rules' into list of files for inspection
    key_rule_file="/etc/audit/rules.d/logins.rules"
    # If the logins.rules file doesn't exist yet, create it with correct permissions
    if [ ! -e "$key_rule_file" ]
    then
        touch "$key_rule_file"
        chmod 0600 "$key_rule_file"
    fi
    files_to_inspect+=("$key_rule_file")
fi

# Finally perform the inspection and possible subsequent audit rule
# correction for each of the files previously identified for inspection
for audit_rules_file in "${files_to_inspect[@]}"
do
    # Check if audit watch file system object rule for given path already present
    if grep -q -P -- "^[\s]*-w[\s]+/var/log/lastlog" "$audit_rules_file"
    then
        # Rule is found =&gt; verify yet if existing rule definition contains
        # all of the required access type bits

        # Define BRE whitespace class shortcut
        sp="[[:space:]]"
        # Extract current permission access types (e.g. -p [r|w|x|a] values) from audit rule
        current_access_bits=$(sed -ne "s#$sp*-w$sp\+/var/log/lastlog $sp\+-p$sp\+\([rxwa]\{1,4\}\).*#\1#p" "$audit_rules_file")
        # Split required access bits string into characters array
        # (to check bit's presence for one bit at a time)
        for access_bit in $(echo "wa" | grep -o .)
        do
            # For each from the required access bits (e.g. 'w', 'a') check
            # if they are already present in current access bits for rule.
            # If not, append that bit at the end
            if ! grep -q "$access_bit" &lt;&lt;&lt; "$current_access_bits"
            then
                # Concatenate the existing mask with the missing bit
                current_access_bits="$current_access_bits$access_bit"
            fi
        done
        # Propagate the updated rule's access bits (original + the required
        # ones) back into the /etc/audit/audit.rules file for that rule
        sed -i "s#\($sp*-w$sp\+/var/log/lastlog$sp\+-p$sp\+\)\([rxwa]\{1,4\}\)\(.*\)#\1$current_access_bits\3#" "$audit_rules_file"
    else
        # Rule isn't present yet. Append it at the end of $audit_rules_file file
        # with proper key

        echo "-w /var/log/lastlog -p wa -k logins" &gt;&gt; "$audit_rules_file"
    fi
done

else
    &gt;&amp;2 echo 'Remediation is not applicable, nothing was done'
fi
</fix>
          <check system="http://oval.mitre.org/XMLSchema/oval-definitions-5">
            <check-content-ref name="oval:ssg-audit_rules_login_events_lastlog:def:1" href="ssg-ubuntu2404-oval.xml"/>
          </check>
          <check system="http://scap.nist.gov/schema/ocil/2">
            <check-content-ref name="ocil:ssg-audit_rules_login_events_lastlog_ocil:questionnaire:1" href="ssg-ubuntu2404-ocil.xml"/>
          </check>
        </Rule>
      </Group>
      <Group id="xccdf_org.ssgproject.content_group_audit_privileged_commands">
        <title xmlns:xhtml="http://www.w3.org/1999/xhtml" xml:lang="en-US">Record Information on the Use of Privileged Commands</title>
        <description xmlns:xhtml="http://www.w3.org/1999/xhtml" xml:lang="en-US">At a minimum, the audit system should collect the execution of
privileged commands for all users and root.</description>
        <Rule id="xccdf_org.ssgproject.content_rule_audit_rules_privileged_commands" selected="false" role="full" severity="medium">
          <title xmlns:xhtml="http://www.w3.org/1999/xhtml" xml:lang="en-US">Ensure auditd Collects Information on the Use of Privileged Commands</title>
          <description xmlns:xhtml="http://www.w3.org/1999/xhtml" xml:lang="en-US">The audit system should collect information about usage of privileged commands for all users.
These are commands with suid or sgid bits on and they are specially risky in local block
device partitions not mounted with noexec and nosuid options. Therefore, these partitions
should be first identified by the following command:
<html:pre xmlns:html="http://www.w3.org/1999/xhtml">findmnt -n -l -k -it $(awk '/nodev/ { print $2 }' /proc/filesystems | paste -sd,) | grep -Pv "noexec|nosuid"</html:pre>

For all partitions listed by the previous command, it is necessary to search for
setuid / setgid programs using the following command:
<html:pre xmlns:html="http://www.w3.org/1999/xhtml">$ sudo find <html:i>PARTITION</html:i> -xdev -perm /6000 -type f 2&gt;/dev/null</html:pre>

For each setuid / setgid program identified by the previous command, an audit rule must be
present in the appropriate place using the following line structure:
<html:pre xmlns:html="http://www.w3.org/1999/xhtml">-a always,exit -F path=<html:i>PROG_PATH</html:i> -F perm=x -F auid&gt;=1000 -F auid!=unset -F key=privileged</html:pre>

If the <html:code xmlns:html="http://www.w3.org/1999/xhtml">auditd</html:code> daemon is configured to use the <html:code xmlns:html="http://www.w3.org/1999/xhtml">augenrules</html:code> program to read
audit rules during daemon startup, add the line to a file with suffix <html:code xmlns:html="http://www.w3.org/1999/xhtml">.rules</html:code> in the
<html:code xmlns:html="http://www.w3.org/1999/xhtml">/etc/audit/rules.d</html:code> directory, replacing the <html:i xmlns:html="http://www.w3.org/1999/xhtml">PROG_PATH</html:i> part with the full path
of that setuid / setgid identified program.

If the <html:code xmlns:html="http://www.w3.org/1999/xhtml">auditd</html:code> daemon is configured to use the <html:code xmlns:html="http://www.w3.org/1999/xhtml">auditctl</html:code> utility instead, add
the line to the <html:code xmlns:html="http://www.w3.org/1999/xhtml">/etc/audit/audit.rules</html:code> file, also replacing the <html:i xmlns:html="http://www.w3.org/1999/xhtml">PROG_PATH</html:i> part
with the full path of that setuid / setgid identified program.</description>
          <warning xmlns:xhtml="http://www.w3.org/1999/xhtml" xml:lang="en-US" category="general">This rule checks for multiple syscalls related to privileged commands. If needed to check
specific privileged commands, other more specific rules should be considered. For example:
<html:ul xmlns:html="http://www.w3.org/1999/xhtml"><html:li><html:code>audit_rules_privileged_commands_su</html:code></html:li><html:li><html:code>audit_rules_privileged_commands_umount</html:code></html:li><html:li><html:code>audit_rules_privileged_commands_passwd</html:code></html:li></html:ul>
       </warning>
          <warning xmlns:xhtml="http://www.w3.org/1999/xhtml" xml:lang="en-US" category="general">Note that OVAL check and Bash / Ansible remediation of this rule
explicitly excludes file systems mounted at <html:code xmlns:html="http://www.w3.org/1999/xhtml">/proc</html:code> directory
and its subdirectories. It is a virtual file system and it doesn't
contain executable applications. At the same time, interacting with this
file system during check or remediation caused undesirable errors.</warning>
          <reference href="https://www.cisecurity.org/controls/">1</reference>
          <reference href="https://www.cisecurity.org/controls/">11</reference>
          <reference href="https://www.cisecurity.org/controls/">12</reference>
          <reference href="https://www.cisecurity.org/controls/">13</reference>
          <reference href="https://www.cisecurity.org/controls/">14</reference>
          <reference href="https://www.cisecurity.org/controls/">15</reference>
          <reference href="https://www.cisecurity.org/controls/">16</reference>
          <reference href="https://www.cisecurity.org/controls/">19</reference>
          <reference href="https://www.cisecurity.org/controls/">2</reference>
          <reference href="https://www.cisecurity.org/controls/">3</reference>
          <reference href="https://www.cisecurity.org/controls/">4</reference>
          <reference href="https://www.cisecurity.org/controls/">5</reference>
          <reference href="https://www.cisecurity.org/controls/">6</reference>
          <reference href="https://www.cisecurity.org/controls/">7</reference>
          <reference href="https://www.cisecurity.org/controls/">8</reference>
          <reference href="https://www.cisecurity.org/controls/">9</reference>
          <reference href="https://www.fbi.gov/file-repository/cjis-security-policy-v5_5_20160601-2-1.pdf">5.4.1.1</reference>
          <reference href="https://www.isaca.org/resources/cobit">APO08.04</reference>
          <reference href="https://www.isaca.org/resources/cobit">APO10.01</reference>
          <reference href="https://www.isaca.org/resources/cobit">APO10.03</reference>
          <reference href="https://www.isaca.org/resources/cobit">APO10.04</reference>
          <reference href="https://www.isaca.org/resources/cobit">APO10.05</reference>
          <reference href="https://www.isaca.org/resources/cobit">APO11.04</reference>
          <reference href="https://www.isaca.org/resources/cobit">APO12.06</reference>
          <reference href="https://www.isaca.org/resources/cobit">APO13.01</reference>
          <reference href="https://www.isaca.org/resources/cobit">BAI03.05</reference>
          <reference href="https://www.isaca.org/resources/cobit">BAI08.02</reference>
          <reference href="https://www.isaca.org/resources/cobit">DSS01.03</reference>
          <reference href="https://www.isaca.org/resources/cobit">DSS01.04</reference>
          <reference href="https://www.isaca.org/resources/cobit">DSS02.02</reference>
          <reference href="https://www.isaca.org/resources/cobit">DSS02.04</reference>
          <reference href="https://www.isaca.org/resources/cobit">DSS02.05</reference>
          <reference href="https://www.isaca.org/resources/cobit">DSS02.07</reference>
          <reference href="https://www.isaca.org/resources/cobit">DSS03.01</reference>
          <reference href="https://www.isaca.org/resources/cobit">DSS03.05</reference>
          <reference href="https://www.isaca.org/resources/cobit">DSS05.02</reference>
          <reference href="https://www.isaca.org/resources/cobit">DSS05.03</reference>
          <reference href="https://www.isaca.org/resources/cobit">DSS05.04</reference>
          <reference href="https://www.isaca.org/resources/cobit">DSS05.05</reference>
          <reference href="https://www.isaca.org/resources/cobit">DSS05.07</reference>
          <reference href="https://www.isaca.org/resources/cobit">MEA01.01</reference>
          <reference href="https://www.isaca.org/resources/cobit">MEA01.02</reference>
          <reference href="https://www.isaca.org/resources/cobit">MEA01.03</reference>
          <reference href="https://www.isaca.org/resources/cobit">MEA01.04</reference>
          <reference href="https://www.isaca.org/resources/cobit">MEA01.05</reference>
          <reference href="https://www.isaca.org/resources/cobit">MEA02.01</reference>
          <reference href="http://nvlpubs.nist.gov/nistpubs/SpecialPublications/NIST.SP.800-171.pdf">3.1.7</reference>
          <reference href="https://public.cyber.mil/stigs/cci/">CCI-002234</reference>
          <reference href="https://www.isa.org/products/isa-62443-2-1-2009-security-for-industrial-automat">4.2.3.10</reference>
          <reference href="https://www.isa.org/products/isa-62443-2-1-2009-security-for-industrial-automat">4.3.2.6.7</reference>
          <reference href="https://www.isa.org/products/isa-62443-2-1-2009-security-for-industrial-automat">4.3.3.3.9</reference>
          <reference href="https://www.isa.org/products/isa-62443-2-1-2009-security-for-industrial-automat">4.3.3.5.8</reference>
          <reference href="https://www.isa.org/products/isa-62443-2-1-2009-security-for-industrial-automat">4.3.3.6.6</reference>
          <reference href="https://www.isa.org/products/isa-62443-2-1-2009-security-for-industrial-automat">4.3.4.4.7</reference>
          <reference href="https://www.isa.org/products/isa-62443-2-1-2009-security-for-industrial-automat">4.3.4.5.5</reference>
          <reference href="https://www.isa.org/products/isa-62443-2-1-2009-security-for-industrial-automat">4.3.4.5.6</reference>
          <reference href="https://www.isa.org/products/isa-62443-2-1-2009-security-for-industrial-automat">4.3.4.5.7</reference>
          <reference href="https://www.isa.org/products/isa-62443-2-1-2009-security-for-industrial-automat">4.3.4.5.8</reference>
          <reference href="https://www.isa.org/products/isa-62443-2-1-2009-security-for-industrial-automat">4.3.4.5.9</reference>
          <reference href="https://www.isa.org/products/isa-62443-2-1-2009-security-for-industrial-automat">4.4.2.1</reference>
          <reference href="https://www.isa.org/products/isa-62443-2-1-2009-security-for-industrial-automat">4.4.2.2</reference>
          <reference href="https://www.isa.org/products/isa-62443-2-1-2009-security-for-industrial-automat">4.4.2.4</reference>
          <reference href="https://www.isa.org/products/ansi-isa-62443-3-3-99-03-03-2013-security-for-indu">SR 1.13</reference>
          <reference href="https://www.isa.org/products/ansi-isa-62443-3-3-99-03-03-2013-security-for-indu">SR 2.10</reference>
          <reference href="https://www.isa.org/products/ansi-isa-62443-3-3-99-03-03-2013-security-for-indu">SR 2.11</reference>
          <reference href="https://www.isa.org/products/ansi-isa-62443-3-3-99-03-03-2013-security-for-indu">SR 2.12</reference>
          <reference href="https://www.isa.org/products/ansi-isa-62443-3-3-99-03-03-2013-security-for-indu">SR 2.6</reference>
          <reference href="https://www.isa.org/products/ansi-isa-62443-3-3-99-03-03-2013-security-for-indu">SR 2.8</reference>
          <reference href="https://www.isa.org/products/ansi-isa-62443-3-3-99-03-03-2013-security-for-indu">SR 2.9</reference>
          <reference href="https://www.isa.org/products/ansi-isa-62443-3-3-99-03-03-2013-security-for-indu">SR 3.1</reference>
          <reference href="https://www.isa.org/products/ansi-isa-62443-3-3-99-03-03-2013-security-for-indu">SR 3.5</reference>
          <reference href="https://www.isa.org/products/ansi-isa-62443-3-3-99-03-03-2013-security-for-indu">SR 3.8</reference>
          <reference href="https://www.isa.org/products/ansi-isa-62443-3-3-99-03-03-2013-security-for-indu">SR 3.9</reference>
          <reference href="https://www.isa.org/products/ansi-isa-62443-3-3-99-03-03-2013-security-for-indu">SR 4.1</reference>
          <reference href="https://www.isa.org/products/ansi-isa-62443-3-3-99-03-03-2013-security-for-indu">SR 4.3</reference>
          <reference href="https://www.isa.org/products/ansi-isa-62443-3-3-99-03-03-2013-security-for-indu">SR 5.1</reference>
          <reference href="https://www.isa.org/products/ansi-isa-62443-3-3-99-03-03-2013-security-for-indu">SR 5.2</reference>
          <reference href="https://www.isa.org/products/ansi-isa-62443-3-3-99-03-03-2013-security-for-indu">SR 5.3</reference>
          <reference href="https://www.isa.org/products/ansi-isa-62443-3-3-99-03-03-2013-security-for-indu">SR 6.1</reference>
          <reference href="https://www.isa.org/products/ansi-isa-62443-3-3-99-03-03-2013-security-for-indu">SR 6.2</reference>
          <reference href="https://www.isa.org/products/ansi-isa-62443-3-3-99-03-03-2013-security-for-indu">SR 7.1</reference>
          <reference href="https://www.isa.org/products/ansi-isa-62443-3-3-99-03-03-2013-security-for-indu">SR 7.6</reference>
          <reference href="https://www.cyber.gov.au/acsc/view-all-content/ism">0582</reference>
          <reference href="https://www.cyber.gov.au/acsc/view-all-content/ism">0584</reference>
          <reference href="https://www.cyber.gov.au/acsc/view-all-content/ism">05885</reference>
          <reference href="https://www.cyber.gov.au/acsc/view-all-content/ism">0586</reference>
          <reference href="https://www.cyber.gov.au/acsc/view-all-content/ism">0846</reference>
          <reference href="https://www.cyber.gov.au/acsc/view-all-content/ism">0957</reference>
          <reference href="https://www.iso.org/contents/data/standard/05/45/54534.html">A.11.2.6</reference>
          <reference href="https://www.iso.org/contents/data/standard/05/45/54534.html">A.12.4.1</reference>
          <reference href="https://www.iso.org/contents/data/standard/05/45/54534.html">A.12.4.2</reference>
          <reference href="https://www.iso.org/contents/data/standard/05/45/54534.html">A.12.4.3</reference>
          <reference href="https://www.iso.org/contents/data/standard/05/45/54534.html">A.12.4.4</reference>
          <reference href="https://www.iso.org/contents/data/standard/05/45/54534.html">A.12.7.1</reference>
          <reference href="https://www.iso.org/contents/data/standard/05/45/54534.html">A.13.1.1</reference>
          <reference href="https://www.iso.org/contents/data/standard/05/45/54534.html">A.13.2.1</reference>
          <reference href="https://www.iso.org/contents/data/standard/05/45/54534.html">A.14.1.3</reference>
          <reference href="https://www.iso.org/contents/data/standard/05/45/54534.html">A.14.2.7</reference>
          <reference href="https://www.iso.org/contents/data/standard/05/45/54534.html">A.15.2.1</reference>
          <reference href="https://www.iso.org/contents/data/standard/05/45/54534.html">A.15.2.2</reference>
          <reference href="https://www.iso.org/contents/data/standard/05/45/54534.html">A.16.1.1</reference>
          <reference href="https://www.iso.org/contents/data/standard/05/45/54534.html">A.16.1.2</reference>
          <reference href="https://www.iso.org/contents/data/standard/05/45/54534.html">A.16.1.3</reference>
          <reference href="https://www.iso.org/contents/data/standard/05/45/54534.html">A.16.1.4</reference>
          <reference href="https://www.iso.org/contents/data/standard/05/45/54534.html">A.16.1.5</reference>
          <reference href="https://www.iso.org/contents/data/standard/05/45/54534.html">A.16.1.7</reference>
          <reference href="https://www.iso.org/contents/data/standard/05/45/54534.html">A.6.1.3</reference>
          <reference href="https://www.iso.org/contents/data/standard/05/45/54534.html">A.6.2.1</reference>
          <reference href="https://www.iso.org/contents/data/standard/05/45/54534.html">A.6.2.2</reference>
          <reference href="https://www.nerc.com/pa/Stand/AlignRep/One%20Stop%20Shop.xlsx">CIP-004-6 R2.2.2</reference>
          <reference href="https://www.nerc.com/pa/Stand/AlignRep/One%20Stop%20Shop.xlsx">CIP-004-6 R2.2.3</reference>
          <reference href="https://www.nerc.com/pa/Stand/AlignRep/One%20Stop%20Shop.xlsx">CIP-007-3 R.1.3</reference>
          <reference href="https://www.nerc.com/pa/Stand/AlignRep/One%20Stop%20Shop.xlsx">CIP-007-3 R5</reference>
          <reference href="https://www.nerc.com/pa/Stand/AlignRep/One%20Stop%20Shop.xlsx">CIP-007-3 R5.1.1</reference>
          <reference href="https://www.nerc.com/pa/Stand/AlignRep/One%20Stop%20Shop.xlsx">CIP-007-3 R5.1.3</reference>
          <reference href="https://www.nerc.com/pa/Stand/AlignRep/One%20Stop%20Shop.xlsx">CIP-007-3 R5.2.1</reference>
          <reference href="https://www.nerc.com/pa/Stand/AlignRep/One%20Stop%20Shop.xlsx">CIP-007-3 R5.2.3</reference>
          <reference href="http://nvlpubs.nist.gov/nistpubs/SpecialPublications/NIST.SP.800-53r4.pdf">AC-2(4)</reference>
          <reference href="http://nvlpubs.nist.gov/nistpubs/SpecialPublications/NIST.SP.800-53r4.pdf">AU-2(d)</reference>
          <reference href="http://nvlpubs.nist.gov/nistpubs/SpecialPublications/NIST.SP.800-53r4.pdf">AU-12(c)</reference>
          <reference href="http://nvlpubs.nist.gov/nistpubs/SpecialPublications/NIST.SP.800-53r4.pdf">AC-6(9)</reference>
          <reference href="http://nvlpubs.nist.gov/nistpubs/SpecialPublications/NIST.SP.800-53r4.pdf">CM-6(a)</reference>
          <reference href="https://nvlpubs.nist.gov/nistpubs/CSWP/NIST.CSWP.04162018.pdf">DE.AE-2</reference>
          <reference href="https://nvlpubs.nist.gov/nistpubs/CSWP/NIST.CSWP.04162018.pdf">DE.AE-3</reference>
          <reference href="https://nvlpubs.nist.gov/nistpubs/CSWP/NIST.CSWP.04162018.pdf">DE.AE-5</reference>
          <reference href="https://nvlpubs.nist.gov/nistpubs/CSWP/NIST.CSWP.04162018.pdf">DE.CM-1</reference>
          <reference href="https://nvlpubs.nist.gov/nistpubs/CSWP/NIST.CSWP.04162018.pdf">DE.CM-3</reference>
          <reference href="https://nvlpubs.nist.gov/nistpubs/CSWP/NIST.CSWP.04162018.pdf">DE.CM-7</reference>
          <reference href="https://nvlpubs.nist.gov/nistpubs/CSWP/NIST.CSWP.04162018.pdf">DE.DP-4</reference>
          <reference href="https://nvlpubs.nist.gov/nistpubs/CSWP/NIST.CSWP.04162018.pdf">ID.SC-4</reference>
          <reference href="https://nvlpubs.nist.gov/nistpubs/CSWP/NIST.CSWP.04162018.pdf">PR.AC-3</reference>
          <reference href="https://nvlpubs.nist.gov/nistpubs/CSWP/NIST.CSWP.04162018.pdf">PR.PT-1</reference>
          <reference href="https://nvlpubs.nist.gov/nistpubs/CSWP/NIST.CSWP.04162018.pdf">PR.PT-4</reference>
          <reference href="https://nvlpubs.nist.gov/nistpubs/CSWP/NIST.CSWP.04162018.pdf">RS.AN-1</reference>
          <reference href="https://nvlpubs.nist.gov/nistpubs/CSWP/NIST.CSWP.04162018.pdf">RS.AN-4</reference>
          <reference href="https://nvlpubs.nist.gov/nistpubs/CSWP/NIST.CSWP.04162018.pdf">RS.CO-2</reference>
          <reference href="https://www.pcisecuritystandards.org/documents/PCI_DSS_v3-2-1.pdf">Req-10.2.2</reference>
          <reference href="https://public.cyber.mil/stigs/downloads/?_dl_facet_stigs=operating-systems%2Cgeneral-purpose-os">SRG-OS-000327-GPOS-00127</reference>
          <reference href="https://cyber.gouv.fr/sites/default/files/document/linux_configuration-en-v2.pdf">R73</reference>
          <reference href="https://www.cisecurity.org/benchmark/ubuntu_linux/">6.2.3.6</reference>
          <rationale xmlns:xhtml="http://www.w3.org/1999/xhtml" xml:lang="en-US">Misuse of privileged functions, either intentionally or unintentionally by authorized users,
or by unauthorized external entities that have compromised system accounts, is a serious and
ongoing concern that can have significant adverse impacts on organizations.
Auditing the use of privileged functions is one way to detect such misuse and identify the
risk from insider and advanced persistent threats.
<html:br xmlns:html="http://www.w3.org/1999/xhtml"/>
        <html:br xmlns:html="http://www.w3.org/1999/xhtml"/>
Privileged programs are subject to escalation-of-privilege attacks, which attempt to subvert
their normal role of providing some necessary but limited capability. As such, motivation
exists to monitor these programs for unusual activity.</rationale>
          <fix xmlns:xhtml="http://www.w3.org/1999/xhtml" id="audit_rules_privileged_commands" system="urn:xccdf:fix:script:sh" complexity="low" disruption="low" strategy="configure"># Remediation is applicable only in certain platforms
if dpkg-query --show --showformat='${db:Status-Status}
' 'linux-base' 2&gt;/dev/null | grep -q ^installed &amp;&amp; dpkg-query --show --showformat='${db:Status-Status}\n' 'auditd' 2&gt;/dev/null | grep -q '^installed'; then

ACTION_ARCH_FILTERS="-a always,exit"
AUID_FILTERS="-F auid&gt;=1000 -F auid!=unset"
SYSCALL=""
KEY="privileged"
SYSCALL_GROUPING=""

function add_audit_rule()
{
    local PRIV_CMD="$1"
    local OTHER_FILTERS="-F path=$PRIV_CMD -F perm=x"
    # Perform the remediation for both possible tools: 'auditctl' and 'augenrules'
    unset syscall_a
    unset syscall_grouping
    unset syscall_string
    unset syscall
    unset file_to_edit
    unset rule_to_edit
    unset rule_syscalls_to_edit
    unset other_string
    unset auid_string
    unset full_rule

    # Load macro arguments into arrays
    read -a syscall_a &lt;&lt;&lt; $SYSCALL
    read -a syscall_grouping &lt;&lt;&lt; $SYSCALL_GROUPING

    # Create a list of audit *.rules files that should be inspected for presence and correctness
    # of a particular audit rule. The scheme is as follows:
    #
    # -----------------------------------------------------------------------------------------
    #  Tool used to load audit rules | Rule already defined  |  Audit rules file to inspect    |
    # -----------------------------------------------------------------------------------------
    #        auditctl                |     Doesn't matter    |  /etc/audit/audit.rules         |
    # -----------------------------------------------------------------------------------------
    #        augenrules              |          Yes          |  /etc/audit/rules.d/*.rules     |
    #        augenrules              |          No           |  /etc/audit/rules.d/$key.rules  |
    # -----------------------------------------------------------------------------------------
    #
    files_to_inspect=()

    # If audit tool is 'augenrules', then check if the audit rule is defined
    # If rule is defined, add '/etc/audit/rules.d/*.rules' to the list for inspection
    # If rule isn't defined yet, add '/etc/audit/rules.d/$key.rules' to the list for inspection
    default_file="/etc/audit/rules.d/$KEY.rules"
    # As other_filters may include paths, lets use a different delimiter for it
    # The "F" script expression tells sed to print the filenames where the expressions matched
    readarray -t files_to_inspect &lt; &lt;(sed -s -n -e "/^$ACTION_ARCH_FILTERS/!d" -e "\#$OTHER_FILTERS#!d" -e "/$AUID_FILTERS/!d" -e "F" /etc/audit/rules.d/*.rules)
    # Case when particular rule isn't defined in /etc/audit/rules.d/*.rules yet
    if [ ${#files_to_inspect[@]} -eq "0" ]
    then
        file_to_inspect="/etc/audit/rules.d/$KEY.rules"
        files_to_inspect=("$file_to_inspect")
        if [ ! -e "$file_to_inspect" ]
        then
            touch "$file_to_inspect"
            chmod 0600 "$file_to_inspect"
        fi
    fi

    # After converting to jinja, we cannot return; therefore we skip the rest of the macro if needed instead
    skip=1

    for audit_file in "${files_to_inspect[@]}"
    do
        # Filter existing $audit_file rules' definitions to select those that satisfy the rule pattern,
        # i.e, collect rules that match:
        # * the action, list and arch, (2-nd argument)
        # * the other filters, (3-rd argument)
        # * the auid filters, (4-rd argument)
        readarray -t similar_rules &lt; &lt;(sed -e "/^$ACTION_ARCH_FILTERS/!d"  -e "\#$OTHER_FILTERS#!d" -e "/$AUID_FILTERS/!d" "$audit_file")

        candidate_rules=()
        # Filter out rules that have more fields then required. This will remove rules more specific than the required scope
        for s_rule in "${similar_rules[@]}"
        do
            # Strip all the options and fields we know of,
            # than check if there was any field left over
            extra_fields=$(sed -E -e "s/^$ACTION_ARCH_FILTERS//"  -e "s#$OTHER_FILTERS##" -e "s/$AUID_FILTERS//" -e "s/((:?-S [[:alnum:],]+)+)//g" -e "s/-F key=\w+|-k \w+//"&lt;&lt;&lt; "$s_rule")
            grep -q -- "-F" &lt;&lt;&lt; "$extra_fields" || candidate_rules+=("$s_rule")
        done

        if [[ ${#syscall_a[@]} -ge 1 ]]
        then
            # Check if the syscall we want is present in any of the similar existing rules
            for rule in "${candidate_rules[@]}"
            do
                rule_syscalls=$(echo "$rule" | grep -o -P '(-S [\w,]+)+' | xargs)
                all_syscalls_found=0
                for syscall in "${syscall_a[@]}"
                do
                    grep -q -- "\b${syscall}\b" &lt;&lt;&lt; "$rule_syscalls" || {
                       # A syscall was not found in the candidate rule
                       all_syscalls_found=1
                       }
                done
                if [[ $all_syscalls_found -eq 0 ]]
                then
                    # We found a rule with all the syscall(s) we want; skip rest of macro
                    skip=0
                    break
                fi

                # Check if this rule can be grouped with our target syscall and keep track of it
                for syscall_g in "${syscall_grouping[@]}"
                do
                    if grep -q -- "\b${syscall_g}\b" &lt;&lt;&lt; "$rule_syscalls"
                    then
                        file_to_edit=${audit_file}
                        rule_to_edit=${rule}
                        rule_syscalls_to_edit=${rule_syscalls}
                    fi
                done
            done
        else
            # If there is any candidate rule, it is compliant; skip rest of macro
            if [ "${#candidate_rules[@]}" -gt 0 ]
            then
                skip=0
            fi
        fi

        if [ "$skip" -eq 0 ]; then
            break
        fi
    done

    if [ "$skip" -ne 0 ]; then
        # We checked all rules that matched the expected resemblance pattern (action, arch &amp; auid)
        # At this point we know if we need to either append the $full_rule or group
        # the syscall together with an exsiting rule

        # Append the full_rule if it cannot be grouped to any other rule
        if [ -z ${rule_to_edit+x} ]
        then
            # Build full_rule while avoid adding double spaces when other_filters is empty
            if [ "${#syscall_a[@]}" -gt 0 ]
            then
                syscall_string=""
                for syscall in "${syscall_a[@]}"
                do
                    syscall_string+=" -S $syscall"
                done
            fi
            other_string=$([[ $OTHER_FILTERS ]] &amp;&amp; echo " $OTHER_FILTERS") || /bin/true
            auid_string=$([[ $AUID_FILTERS ]] &amp;&amp; echo " $AUID_FILTERS") || /bin/true
            full_rule="$ACTION_ARCH_FILTERS${syscall_string}${other_string}${auid_string} -F key=$KEY" || /bin/true
            echo "$full_rule" &gt;&gt; "$default_file"
            chmod 0600 ${default_file}
        else
            # Check if the syscalls are declared as a comma separated list or
            # as multiple -S parameters
            if grep -q -- "," &lt;&lt;&lt; "${rule_syscalls_to_edit}"
            then
                delimiter=","
            else
                delimiter=" -S "
            fi
            new_grouped_syscalls="${rule_syscalls_to_edit}"
            for syscall in "${syscall_a[@]}"
            do
                grep -q -- "\b${syscall}\b" &lt;&lt;&lt; "${rule_syscalls_to_edit}" || {
                   # A syscall was not found in the candidate rule
                   new_grouped_syscalls+="${delimiter}${syscall}"
                   }
            done

            # Group the syscall in the rule
            sed -i -e "\#${rule_to_edit}#s#${rule_syscalls_to_edit}#${new_grouped_syscalls}#" "$file_to_edit"
        fi
    fi
    unset syscall_a
    unset syscall_grouping
    unset syscall_string
    unset syscall
    unset file_to_edit
    unset rule_to_edit
    unset rule_syscalls_to_edit
    unset other_string
    unset auid_string
    unset full_rule

    # Load macro arguments into arrays
    read -a syscall_a &lt;&lt;&lt; $SYSCALL
    read -a syscall_grouping &lt;&lt;&lt; $SYSCALL_GROUPING

    # Create a list of audit *.rules files that should be inspected for presence and correctness
    # of a particular audit rule. The scheme is as follows:
    #
    # -----------------------------------------------------------------------------------------
    #  Tool used to load audit rules | Rule already defined  |  Audit rules file to inspect    |
    # -----------------------------------------------------------------------------------------
    #        auditctl                |     Doesn't matter    |  /etc/audit/audit.rules         |
    # -----------------------------------------------------------------------------------------
    #        augenrules              |          Yes          |  /etc/audit/rules.d/*.rules     |
    #        augenrules              |          No           |  /etc/audit/rules.d/$key.rules  |
    # -----------------------------------------------------------------------------------------
    #
    files_to_inspect=()


    # If audit tool is 'auditctl', then add '/etc/audit/audit.rules'
    # file to the list of files to be inspected
    default_file="/etc/audit/audit.rules"
    files_to_inspect+=('/etc/audit/audit.rules' )

    # After converting to jinja, we cannot return; therefore we skip the rest of the macro if needed instead
    skip=1

    for audit_file in "${files_to_inspect[@]}"
    do
        # Filter existing $audit_file rules' definitions to select those that satisfy the rule pattern,
        # i.e, collect rules that match:
        # * the action, list and arch, (2-nd argument)
        # * the other filters, (3-rd argument)
        # * the auid filters, (4-rd argument)
        readarray -t similar_rules &lt; &lt;(sed -e "/^$ACTION_ARCH_FILTERS/!d"  -e "\#$OTHER_FILTERS#!d" -e "/$AUID_FILTERS/!d" "$audit_file")

        candidate_rules=()
        # Filter out rules that have more fields then required. This will remove rules more specific than the required scope
        for s_rule in "${similar_rules[@]}"
        do
            # Strip all the options and fields we know of,
            # than check if there was any field left over
            extra_fields=$(sed -E -e "s/^$ACTION_ARCH_FILTERS//"  -e "s#$OTHER_FILTERS##" -e "s/$AUID_FILTERS//" -e "s/((:?-S [[:alnum:],]+)+)//g" -e "s/-F key=\w+|-k \w+//"&lt;&lt;&lt; "$s_rule")
            grep -q -- "-F" &lt;&lt;&lt; "$extra_fields" || candidate_rules+=("$s_rule")
        done

        if [[ ${#syscall_a[@]} -ge 1 ]]
        then
            # Check if the syscall we want is present in any of the similar existing rules
            for rule in "${candidate_rules[@]}"
            do
                rule_syscalls=$(echo "$rule" | grep -o -P '(-S [\w,]+)+' | xargs)
                all_syscalls_found=0
                for syscall in "${syscall_a[@]}"
                do
                    grep -q -- "\b${syscall}\b" &lt;&lt;&lt; "$rule_syscalls" || {
                       # A syscall was not found in the candidate rule
                       all_syscalls_found=1
                       }
                done
                if [[ $all_syscalls_found -eq 0 ]]
                then
                    # We found a rule with all the syscall(s) we want; skip rest of macro
                    skip=0
                    break
                fi

                # Check if this rule can be grouped with our target syscall and keep track of it
                for syscall_g in "${syscall_grouping[@]}"
                do
                    if grep -q -- "\b${syscall_g}\b" &lt;&lt;&lt; "$rule_syscalls"
                    then
                        file_to_edit=${audit_file}
                        rule_to_edit=${rule}
                        rule_syscalls_to_edit=${rule_syscalls}
                    fi
                done
            done
        else
            # If there is any candidate rule, it is compliant; skip rest of macro
            if [ "${#candidate_rules[@]}" -gt 0 ]
            then
                skip=0
            fi
        fi

        if [ "$skip" -eq 0 ]; then
            break
        fi
    done

    if [ "$skip" -ne 0 ]; then
        # We checked all rules that matched the expected resemblance pattern (action, arch &amp; auid)
        # At this point we know if we need to either append the $full_rule or group
        # the syscall together with an exsiting rule

        # Append the full_rule if it cannot be grouped to any other rule
        if [ -z ${rule_to_edit+x} ]
        then
            # Build full_rule while avoid adding double spaces when other_filters is empty
            if [ "${#syscall_a[@]}" -gt 0 ]
            then
                syscall_string=""
                for syscall in "${syscall_a[@]}"
                do
                    syscall_string+=" -S $syscall"
                done
            fi
            other_string=$([[ $OTHER_FILTERS ]] &amp;&amp; echo " $OTHER_FILTERS") || /bin/true
            auid_string=$([[ $AUID_FILTERS ]] &amp;&amp; echo " $AUID_FILTERS") || /bin/true
            full_rule="$ACTION_ARCH_FILTERS${syscall_string}${other_string}${auid_string} -F key=$KEY" || /bin/true
            echo "$full_rule" &gt;&gt; "$default_file"
            chmod 0600 ${default_file}
        else
            # Check if the syscalls are declared as a comma separated list or
            # as multiple -S parameters
            if grep -q -- "," &lt;&lt;&lt; "${rule_syscalls_to_edit}"
            then
                delimiter=","
            else
                delimiter=" -S "
            fi
            new_grouped_syscalls="${rule_syscalls_to_edit}"
            for syscall in "${syscall_a[@]}"
            do
                grep -q -- "\b${syscall}\b" &lt;&lt;&lt; "${rule_syscalls_to_edit}" || {
                   # A syscall was not found in the candidate rule
                   new_grouped_syscalls+="${delimiter}${syscall}"
                   }
            done

            # Group the syscall in the rule
            sed -i -e "\#${rule_to_edit}#s#${rule_syscalls_to_edit}#${new_grouped_syscalls}#" "$file_to_edit"
        fi
    fi
}

if [[ "$OSCAP_BOOTC_BUILD" == "YES" ]] ; then
  PRIV_CMDS=$(find / -perm /6000 -type f -not -path "/sysroot/*" 2&gt;/dev/null)
  for PRIV_CMD in $PRIV_CMDS; do
    add_audit_rule $PRIV_CMD
  done
else
  FILTER_NODEV=$(awk '/nodev/ { print $2 }' /proc/filesystems | paste -sd,)
  PARTITIONS=$(findmnt -n -l -k -it "$FILTER_NODEV" | grep -Pv "noexec|nosuid|/proc($|/.*$)" | awk '{ print $1 }')
  for PARTITION in $PARTITIONS; do
    PRIV_CMDS=$(find "${PARTITION}" -xdev -perm /6000 -type f 2&gt;/dev/null)
    for PRIV_CMD in $PRIV_CMDS; do
      add_audit_rule $PRIV_CMD
    done
  done
fi

else
    &gt;&amp;2 echo 'Remediation is not applicable, nothing was done'
fi
</fix>
          <check system="http://scap.nist.gov/schema/ocil/2">
            <check-content-ref name="ocil:ssg-audit_rules_privileged_commands_ocil:questionnaire:1" href="ssg-ubuntu2404-ocil.xml"/>
          </check>
        </Rule>
        <Rule id="xccdf_org.ssgproject.content_rule_audit_rules_privileged_commands_insmod" selected="false" role="full" severity="medium">
          <title xmlns:xhtml="http://www.w3.org/1999/xhtml" xml:lang="en-US">Ensure auditd Collects Information on the Use of Privileged Commands - insmod</title>
          <description xmlns:xhtml="http://www.w3.org/1999/xhtml" xml:lang="en-US">At a minimum, the audit system should collect the execution of
privileged commands for all users and root. If the <html:code xmlns:html="http://www.w3.org/1999/xhtml">auditd</html:code> daemon is
configured to use the <html:code xmlns:html="http://www.w3.org/1999/xhtml">augenrules</html:code> program to read audit rules during
daemon startup (the default), add a line of the following form to a file with
suffix <html:code xmlns:html="http://www.w3.org/1999/xhtml">.rules</html:code> in the directory <html:code xmlns:html="http://www.w3.org/1999/xhtml">/etc/audit/rules.d</html:code>:
<html:pre xmlns:html="http://www.w3.org/1999/xhtml">-w /sbin/insmod -p x -k modules</html:pre>
       </description>
          <reference href="https://public.cyber.mil/stigs/cci/">CCI-000130</reference>
          <reference href="https://public.cyber.mil/stigs/cci/">CCI-000169</reference>
          <reference href="https://public.cyber.mil/stigs/cci/">CCI-000172</reference>
          <reference href="https://public.cyber.mil/stigs/cci/">CCI-002884</reference>
          <reference href="http://nvlpubs.nist.gov/nistpubs/SpecialPublications/NIST.SP.800-53r4.pdf">AU-12(c)</reference>
          <reference href="http://nvlpubs.nist.gov/nistpubs/SpecialPublications/NIST.SP.800-53r4.pdf">AU-12.1(iv)</reference>
          <reference href="http://nvlpubs.nist.gov/nistpubs/SpecialPublications/NIST.SP.800-53r4.pdf">AU-3</reference>
          <reference href="http://nvlpubs.nist.gov/nistpubs/SpecialPublications/NIST.SP.800-53r4.pdf">AU-3.1</reference>
          <reference href="http://nvlpubs.nist.gov/nistpubs/SpecialPublications/NIST.SP.800-53r4.pdf">AU-12(a)</reference>
          <reference href="http://nvlpubs.nist.gov/nistpubs/SpecialPublications/NIST.SP.800-53r4.pdf">AU-12.1(ii)</reference>
          <reference href="http://nvlpubs.nist.gov/nistpubs/SpecialPublications/NIST.SP.800-53r4.pdf">MA-4(1)(a)</reference>
          <reference href="https://public.cyber.mil/stigs/downloads/?_dl_facet_stigs=operating-systems%2Cgeneral-purpose-os">SRG-OS-000037-GPOS-00015</reference>
          <reference href="https://public.cyber.mil/stigs/downloads/?_dl_facet_stigs=operating-systems%2Cgeneral-purpose-os">SRG-OS-000062-GPOS-00031</reference>
          <reference href="https://public.cyber.mil/stigs/downloads/?_dl_facet_stigs=operating-systems%2Cgeneral-purpose-os">SRG-OS-000392-GPOS-00172</reference>
          <reference href="https://public.cyber.mil/stigs/downloads/?_dl_facet_stigs=operating-systems%2Cgeneral-purpose-os">SRG-OS-000462-GPOS-00206</reference>
          <reference href="https://public.cyber.mil/stigs/downloads/?_dl_facet_stigs=operating-systems%2Cgeneral-purpose-os">SRG-OS-000471-GPOS-00215</reference>
          <reference href="https://cyber.gouv.fr/sites/default/files/document/linux_configuration-en-v2.pdf">R73</reference>
          <reference href="https://www.cisecurity.org/benchmark/ubuntu_linux/">6.2.3.19</reference>
          <rationale xmlns:xhtml="http://www.w3.org/1999/xhtml" xml:lang="en-US">Misuse of privileged functions, either intentionally or unintentionally by
authorized users, or by unauthorized external entities that have compromised system accounts,
is a serious and ongoing concern and can have significant adverse impacts on organizations.
Auditing the use of privileged functions is one way to detect such misuse and identify
the risk from insider and advanced persistent threats.
<html:br xmlns:html="http://www.w3.org/1999/xhtml"/>
        <html:br xmlns:html="http://www.w3.org/1999/xhtml"/>
Privileged programs are subject to escalation-of-privilege attacks,
which attempt to subvert their normal role of providing some necessary but
limited capability. As such, motivation exists to monitor these programs for
unusual activity.</rationale>
          <fix xmlns:xhtml="http://www.w3.org/1999/xhtml" id="audit_rules_privileged_commands_insmod" system="urn:xccdf:fix:script:sh"># Remediation is applicable only in certain platforms
if dpkg-query --show --showformat='${db:Status-Status}
' 'linux-base' 2&gt;/dev/null | grep -q ^installed &amp;&amp; dpkg-query --show --showformat='${db:Status-Status}\n' 'auditd' 2&gt;/dev/null | grep -q '^installed'; then

# Perform the remediation for both possible tools: 'auditctl' and 'augenrules'
# Create a list of audit *.rules files that should be inspected for presence and correctness
# of a particular audit rule. The scheme is as follows:
#
# -----------------------------------------------------------------------------------------
# Tool used to load audit rules	| Rule already defined	|  Audit rules file to inspect	  |
# -----------------------------------------------------------------------------------------
#	auditctl		|     Doesn't matter	|  /etc/audit/audit.rules	  |
# -----------------------------------------------------------------------------------------
# 	augenrules		|          Yes		|  /etc/audit/rules.d/*.rules	  |
# 	augenrules		|          No		|  /etc/audit/rules.d/$key.rules  |
# -----------------------------------------------------------------------------------------
files_to_inspect=()


# If the audit tool is 'auditctl', then add '/etc/audit/audit.rules'
# into the list of files to be inspected
files_to_inspect+=('/etc/audit/audit.rules')

# Finally perform the inspection and possible subsequent audit rule
# correction for each of the files previously identified for inspection
for audit_rules_file in "${files_to_inspect[@]}"
do
    # Check if audit watch file system object rule for given path already present
    if grep -q -P -- "^[\s]*-w[\s]+/sbin/insmod" "$audit_rules_file"
    then
        # Rule is found =&gt; verify yet if existing rule definition contains
        # all of the required access type bits

        # Define BRE whitespace class shortcut
        sp="[[:space:]]"
        # Extract current permission access types (e.g. -p [r|w|x|a] values) from audit rule
        current_access_bits=$(sed -ne "s#$sp*-w$sp\+/sbin/insmod $sp\+-p$sp\+\([rxwa]\{1,4\}\).*#\1#p" "$audit_rules_file")
        # Split required access bits string into characters array
        # (to check bit's presence for one bit at a time)
        for access_bit in $(echo "x" | grep -o .)
        do
            # For each from the required access bits (e.g. 'w', 'a') check
            # if they are already present in current access bits for rule.
            # If not, append that bit at the end
            if ! grep -q "$access_bit" &lt;&lt;&lt; "$current_access_bits"
            then
                # Concatenate the existing mask with the missing bit
                current_access_bits="$current_access_bits$access_bit"
            fi
        done
        # Propagate the updated rule's access bits (original + the required
        # ones) back into the /etc/audit/audit.rules file for that rule
        sed -i "s#\($sp*-w$sp\+/sbin/insmod$sp\+-p$sp\+\)\([rxwa]\{1,4\}\)\(.*\)#\1$current_access_bits\3#" "$audit_rules_file"
    else
        # Rule isn't present yet. Append it at the end of $audit_rules_file file
        # with proper key

        echo "-w /sbin/insmod -p x -k modules" &gt;&gt; "$audit_rules_file"
    fi
done
# Create a list of audit *.rules files that should be inspected for presence and correctness
# of a particular audit rule. The scheme is as follows:
#
# -----------------------------------------------------------------------------------------
# Tool used to load audit rules	| Rule already defined	|  Audit rules file to inspect	  |
# -----------------------------------------------------------------------------------------
#	auditctl		|     Doesn't matter	|  /etc/audit/audit.rules	  |
# -----------------------------------------------------------------------------------------
# 	augenrules		|          Yes		|  /etc/audit/rules.d/*.rules	  |
# 	augenrules		|          No		|  /etc/audit/rules.d/$key.rules  |
# -----------------------------------------------------------------------------------------
files_to_inspect=()

# If the audit is 'augenrules', then check if rule is already defined
# If rule is defined, add '/etc/audit/rules.d/*.rules' to list of files for inspection.
# If rule isn't defined, add '/etc/audit/rules.d/modules.rules' to list of files for inspection.
readarray -t matches &lt; &lt;(grep -HP "[\s]*-w[\s]+/sbin/insmod" /etc/audit/rules.d/*.rules)

# For each of the matched entries
for match in "${matches[@]}"
do
    # Extract filepath from the match
    rulesd_audit_file=$(echo $match | cut -f1 -d ':')
    # Append that path into list of files for inspection
    files_to_inspect+=("$rulesd_audit_file")
done
# Case when particular audit rule isn't defined yet
if [ "${#files_to_inspect[@]}" -eq "0" ]
then
    # Append '/etc/audit/rules.d/modules.rules' into list of files for inspection
    key_rule_file="/etc/audit/rules.d/modules.rules"
    # If the modules.rules file doesn't exist yet, create it with correct permissions
    if [ ! -e "$key_rule_file" ]
    then
        touch "$key_rule_file"
        chmod 0600 "$key_rule_file"
    fi
    files_to_inspect+=("$key_rule_file")
fi

# Finally perform the inspection and possible subsequent audit rule
# correction for each of the files previously identified for inspection
for audit_rules_file in "${files_to_inspect[@]}"
do
    # Check if audit watch file system object rule for given path already present
    if grep -q -P -- "^[\s]*-w[\s]+/sbin/insmod" "$audit_rules_file"
    then
        # Rule is found =&gt; verify yet if existing rule definition contains
        # all of the required access type bits

        # Define BRE whitespace class shortcut
        sp="[[:space:]]"
        # Extract current permission access types (e.g. -p [r|w|x|a] values) from audit rule
        current_access_bits=$(sed -ne "s#$sp*-w$sp\+/sbin/insmod $sp\+-p$sp\+\([rxwa]\{1,4\}\).*#\1#p" "$audit_rules_file")
        # Split required access bits string into characters array
        # (to check bit's presence for one bit at a time)
        for access_bit in $(echo "x" | grep -o .)
        do
            # For each from the required access bits (e.g. 'w', 'a') check
            # if they are already present in current access bits for rule.
            # If not, append that bit at the end
            if ! grep -q "$access_bit" &lt;&lt;&lt; "$current_access_bits"
            then
                # Concatenate the existing mask with the missing bit
                current_access_bits="$current_access_bits$access_bit"
            fi
        done
        # Propagate the updated rule's access bits (original + the required
        # ones) back into the /etc/audit/audit.rules file for that rule
        sed -i "s#\($sp*-w$sp\+/sbin/insmod$sp\+-p$sp\+\)\([rxwa]\{1,4\}\)\(.*\)#\1$current_access_bits\3#" "$audit_rules_file"
    else
        # Rule isn't present yet. Append it at the end of $audit_rules_file file
        # with proper key

        echo "-w /sbin/insmod -p x -k modules" &gt;&gt; "$audit_rules_file"
    fi
done

else
    &gt;&amp;2 echo 'Remediation is not applicable, nothing was done'
fi
</fix>
          <check system="http://oval.mitre.org/XMLSchema/oval-definitions-5">
            <check-content-ref name="oval:ssg-audit_rules_privileged_commands_insmod:def:1" href="ssg-ubuntu2404-oval.xml"/>
          </check>
          <check system="http://scap.nist.gov/schema/ocil/2">
            <check-content-ref name="ocil:ssg-audit_rules_privileged_commands_insmod_ocil:questionnaire:1" href="ssg-ubuntu2404-ocil.xml"/>
          </check>
        </Rule>
        <Rule id="xccdf_org.ssgproject.content_rule_audit_rules_privileged_commands_modprobe" selected="false" role="full" severity="medium">
          <title xmlns:xhtml="http://www.w3.org/1999/xhtml" xml:lang="en-US">Ensure auditd Collects Information on the Use of Privileged Commands - modprobe</title>
          <description xmlns:xhtml="http://www.w3.org/1999/xhtml" xml:lang="en-US">At a minimum, the audit system should collect the execution of
privileged commands for all users and root. If the <html:code xmlns:html="http://www.w3.org/1999/xhtml">auditd</html:code> daemon is
configured to use the <html:code xmlns:html="http://www.w3.org/1999/xhtml">augenrules</html:code> program to read audit rules during
daemon startup (the default), add a line of the following form to a file with
suffix <html:code xmlns:html="http://www.w3.org/1999/xhtml">.rules</html:code> in the directory <html:code xmlns:html="http://www.w3.org/1999/xhtml">/etc/audit/rules.d</html:code>:
<html:pre xmlns:html="http://www.w3.org/1999/xhtml">-w /sbin/modprobe -p x -k modules</html:pre>
If the <html:code xmlns:html="http://www.w3.org/1999/xhtml">auditd</html:code> daemon is configured to use the <html:code xmlns:html="http://www.w3.org/1999/xhtml">auditctl</html:code>
utility to read audit rules during daemon startup, add a line of the following
form to <html:code xmlns:html="http://www.w3.org/1999/xhtml">/etc/audit/audit.rules</html:code>:
<html:pre xmlns:html="http://www.w3.org/1999/xhtml">-w /sbin/modprobe -p x -k modules</html:pre>
       </description>
          <reference href="https://public.cyber.mil/stigs/cci/">CCI-000130</reference>
          <reference href="https://public.cyber.mil/stigs/cci/">CCI-000169</reference>
          <reference href="https://public.cyber.mil/stigs/cci/">CCI-000172</reference>
          <reference href="https://public.cyber.mil/stigs/cci/">CCI-002884</reference>
          <reference href="http://nvlpubs.nist.gov/nistpubs/SpecialPublications/NIST.SP.800-53r4.pdf">AU-12(a)</reference>
          <reference href="http://nvlpubs.nist.gov/nistpubs/SpecialPublications/NIST.SP.800-53r4.pdf">AU-12.1(ii)</reference>
          <reference href="http://nvlpubs.nist.gov/nistpubs/SpecialPublications/NIST.SP.800-53r4.pdf">AU-3</reference>
          <reference href="http://nvlpubs.nist.gov/nistpubs/SpecialPublications/NIST.SP.800-53r4.pdf">AU-3.1</reference>
          <reference href="http://nvlpubs.nist.gov/nistpubs/SpecialPublications/NIST.SP.800-53r4.pdf">AU-12(c)</reference>
          <reference href="http://nvlpubs.nist.gov/nistpubs/SpecialPublications/NIST.SP.800-53r4.pdf">AU-12.1(iv)</reference>
          <reference href="http://nvlpubs.nist.gov/nistpubs/SpecialPublications/NIST.SP.800-53r4.pdf">MA-4(1)(a)</reference>
          <reference href="https://public.cyber.mil/stigs/downloads/?_dl_facet_stigs=operating-systems%2Cgeneral-purpose-os">SRG-OS-000037-GPOS-00015</reference>
          <reference href="https://public.cyber.mil/stigs/downloads/?_dl_facet_stigs=operating-systems%2Cgeneral-purpose-os">SRG-OS-000062-GPOS-00031</reference>
          <reference href="https://public.cyber.mil/stigs/downloads/?_dl_facet_stigs=operating-systems%2Cgeneral-purpose-os">SRG-OS-000392-GPOS-00172</reference>
          <reference href="https://public.cyber.mil/stigs/downloads/?_dl_facet_stigs=operating-systems%2Cgeneral-purpose-os">SRG-OS-000462-GPOS-00206</reference>
          <reference href="https://public.cyber.mil/stigs/downloads/?_dl_facet_stigs=operating-systems%2Cgeneral-purpose-os">SRG-OS-000471-GPOS-00215</reference>
          <reference href="https://cyber.gouv.fr/sites/default/files/document/linux_configuration-en-v2.pdf">R73</reference>
          <reference href="https://www.cisecurity.org/benchmark/ubuntu_linux/">6.2.3.19</reference>
          <rationale xmlns:xhtml="http://www.w3.org/1999/xhtml" xml:lang="en-US">Misuse of privileged functions, either intentionally or unintentionally by
authorized users, or by unauthorized external entities that have compromised system accounts,
is a serious and ongoing concern and can have significant adverse impacts on organizations.
Auditing the use of privileged functions is one way to detect such misuse and identify
the risk from insider and advanced persistent threats.
<html:br xmlns:html="http://www.w3.org/1999/xhtml"/>
        <html:br xmlns:html="http://www.w3.org/1999/xhtml"/>
Privileged programs are subject to escalation-of-privilege attacks,
which attempt to subvert their normal role of providing some necessary but
limited capability. As such, motivation exists to monitor these programs for
unusual activity.</rationale>
          <fix xmlns:xhtml="http://www.w3.org/1999/xhtml" id="audit_rules_privileged_commands_modprobe" system="urn:xccdf:fix:script:sh"># Remediation is applicable only in certain platforms
if dpkg-query --show --showformat='${db:Status-Status}
' 'linux-base' 2&gt;/dev/null | grep -q ^installed &amp;&amp; dpkg-query --show --showformat='${db:Status-Status}\n' 'auditd' 2&gt;/dev/null | grep -q '^installed'; then

# Perform the remediation for both possible tools: 'auditctl' and 'augenrules'
# Create a list of audit *.rules files that should be inspected for presence and correctness
# of a particular audit rule. The scheme is as follows:
#
# -----------------------------------------------------------------------------------------
# Tool used to load audit rules	| Rule already defined	|  Audit rules file to inspect	  |
# -----------------------------------------------------------------------------------------
#	auditctl		|     Doesn't matter	|  /etc/audit/audit.rules	  |
# -----------------------------------------------------------------------------------------
# 	augenrules		|          Yes		|  /etc/audit/rules.d/*.rules	  |
# 	augenrules		|          No		|  /etc/audit/rules.d/$key.rules  |
# -----------------------------------------------------------------------------------------
files_to_inspect=()


# If the audit tool is 'auditctl', then add '/etc/audit/audit.rules'
# into the list of files to be inspected
files_to_inspect+=('/etc/audit/audit.rules')

# Finally perform the inspection and possible subsequent audit rule
# correction for each of the files previously identified for inspection
for audit_rules_file in "${files_to_inspect[@]}"
do
    # Check if audit watch file system object rule for given path already present
    if grep -q -P -- "^[\s]*-w[\s]+/sbin/modprobe" "$audit_rules_file"
    then
        # Rule is found =&gt; verify yet if existing rule definition contains
        # all of the required access type bits

        # Define BRE whitespace class shortcut
        sp="[[:space:]]"
        # Extract current permission access types (e.g. -p [r|w|x|a] values) from audit rule
        current_access_bits=$(sed -ne "s#$sp*-w$sp\+/sbin/modprobe $sp\+-p$sp\+\([rxwa]\{1,4\}\).*#\1#p" "$audit_rules_file")
        # Split required access bits string into characters array
        # (to check bit's presence for one bit at a time)
        for access_bit in $(echo "x" | grep -o .)
        do
            # For each from the required access bits (e.g. 'w', 'a') check
            # if they are already present in current access bits for rule.
            # If not, append that bit at the end
            if ! grep -q "$access_bit" &lt;&lt;&lt; "$current_access_bits"
            then
                # Concatenate the existing mask with the missing bit
                current_access_bits="$current_access_bits$access_bit"
            fi
        done
        # Propagate the updated rule's access bits (original + the required
        # ones) back into the /etc/audit/audit.rules file for that rule
        sed -i "s#\($sp*-w$sp\+/sbin/modprobe$sp\+-p$sp\+\)\([rxwa]\{1,4\}\)\(.*\)#\1$current_access_bits\3#" "$audit_rules_file"
    else
        # Rule isn't present yet. Append it at the end of $audit_rules_file file
        # with proper key

        echo "-w /sbin/modprobe -p x -k modules" &gt;&gt; "$audit_rules_file"
    fi
done
# Create a list of audit *.rules files that should be inspected for presence and correctness
# of a particular audit rule. The scheme is as follows:
#
# -----------------------------------------------------------------------------------------
# Tool used to load audit rules	| Rule already defined	|  Audit rules file to inspect	  |
# -----------------------------------------------------------------------------------------
#	auditctl		|     Doesn't matter	|  /etc/audit/audit.rules	  |
# -----------------------------------------------------------------------------------------
# 	augenrules		|          Yes		|  /etc/audit/rules.d/*.rules	  |
# 	augenrules		|          No		|  /etc/audit/rules.d/$key.rules  |
# -----------------------------------------------------------------------------------------
files_to_inspect=()

# If the audit is 'augenrules', then check if rule is already defined
# If rule is defined, add '/etc/audit/rules.d/*.rules' to list of files for inspection.
# If rule isn't defined, add '/etc/audit/rules.d/modules.rules' to list of files for inspection.
readarray -t matches &lt; &lt;(grep -HP "[\s]*-w[\s]+/sbin/modprobe" /etc/audit/rules.d/*.rules)

# For each of the matched entries
for match in "${matches[@]}"
do
    # Extract filepath from the match
    rulesd_audit_file=$(echo $match | cut -f1 -d ':')
    # Append that path into list of files for inspection
    files_to_inspect+=("$rulesd_audit_file")
done
# Case when particular audit rule isn't defined yet
if [ "${#files_to_inspect[@]}" -eq "0" ]
then
    # Append '/etc/audit/rules.d/modules.rules' into list of files for inspection
    key_rule_file="/etc/audit/rules.d/modules.rules"
    # If the modules.rules file doesn't exist yet, create it with correct permissions
    if [ ! -e "$key_rule_file" ]
    then
        touch "$key_rule_file"
        chmod 0600 "$key_rule_file"
    fi
    files_to_inspect+=("$key_rule_file")
fi

# Finally perform the inspection and possible subsequent audit rule
# correction for each of the files previously identified for inspection
for audit_rules_file in "${files_to_inspect[@]}"
do
    # Check if audit watch file system object rule for given path already present
    if grep -q -P -- "^[\s]*-w[\s]+/sbin/modprobe" "$audit_rules_file"
    then
        # Rule is found =&gt; verify yet if existing rule definition contains
        # all of the required access type bits

        # Define BRE whitespace class shortcut
        sp="[[:space:]]"
        # Extract current permission access types (e.g. -p [r|w|x|a] values) from audit rule
        current_access_bits=$(sed -ne "s#$sp*-w$sp\+/sbin/modprobe $sp\+-p$sp\+\([rxwa]\{1,4\}\).*#\1#p" "$audit_rules_file")
        # Split required access bits string into characters array
        # (to check bit's presence for one bit at a time)
        for access_bit in $(echo "x" | grep -o .)
        do
            # For each from the required access bits (e.g. 'w', 'a') check
            # if they are already present in current access bits for rule.
            # If not, append that bit at the end
            if ! grep -q "$access_bit" &lt;&lt;&lt; "$current_access_bits"
            then
                # Concatenate the existing mask with the missing bit
                current_access_bits="$current_access_bits$access_bit"
            fi
        done
        # Propagate the updated rule's access bits (original + the required
        # ones) back into the /etc/audit/audit.rules file for that rule
        sed -i "s#\($sp*-w$sp\+/sbin/modprobe$sp\+-p$sp\+\)\([rxwa]\{1,4\}\)\(.*\)#\1$current_access_bits\3#" "$audit_rules_file"
    else
        # Rule isn't present yet. Append it at the end of $audit_rules_file file
        # with proper key

        echo "-w /sbin/modprobe -p x -k modules" &gt;&gt; "$audit_rules_file"
    fi
done

else
    &gt;&amp;2 echo 'Remediation is not applicable, nothing was done'
fi
</fix>
          <check system="http://oval.mitre.org/XMLSchema/oval-definitions-5">
            <check-content-ref name="oval:ssg-audit_rules_privileged_commands_modprobe:def:1" href="ssg-ubuntu2404-oval.xml"/>
          </check>
          <check system="http://scap.nist.gov/schema/ocil/2">
            <check-content-ref name="ocil:ssg-audit_rules_privileged_commands_modprobe_ocil:questionnaire:1" href="ssg-ubuntu2404-ocil.xml"/>
          </check>
        </Rule>
        <Rule id="xccdf_org.ssgproject.content_rule_audit_rules_privileged_commands_rmmod" selected="false" role="full" severity="medium">
          <title xmlns:xhtml="http://www.w3.org/1999/xhtml" xml:lang="en-US">Ensure auditd Collects Information on the Use of Privileged Commands - rmmod</title>
          <description xmlns:xhtml="http://www.w3.org/1999/xhtml" xml:lang="en-US">At a minimum, the audit system should collect the execution of
privileged commands for all users and root. If the <html:code xmlns:html="http://www.w3.org/1999/xhtml">auditd</html:code> daemon is
configured to use the <html:code xmlns:html="http://www.w3.org/1999/xhtml">augenrules</html:code> program to read audit rules during
daemon startup (the default), add a line of the following form to a file with
suffix <html:code xmlns:html="http://www.w3.org/1999/xhtml">.rules</html:code> in the directory <html:code xmlns:html="http://www.w3.org/1999/xhtml">/etc/audit/rules.d</html:code>:
<html:pre xmlns:html="http://www.w3.org/1999/xhtml">-w /sbin/rmmod -p x -k modules</html:pre>
       </description>
          <reference href="https://public.cyber.mil/stigs/cci/">CCI-000130</reference>
          <reference href="https://public.cyber.mil/stigs/cci/">CCI-000169</reference>
          <reference href="https://public.cyber.mil/stigs/cci/">CCI-000172</reference>
          <reference href="https://public.cyber.mil/stigs/cci/">CCI-002884</reference>
          <reference href="https://public.cyber.mil/stigs/downloads/?_dl_facet_stigs=operating-systems%2Cgeneral-purpose-os">SRG-OS-000037-GPOS-00015</reference>
          <reference href="https://public.cyber.mil/stigs/downloads/?_dl_facet_stigs=operating-systems%2Cgeneral-purpose-os">SRG-OS-000062-GPOS-00031</reference>
          <reference href="https://public.cyber.mil/stigs/downloads/?_dl_facet_stigs=operating-systems%2Cgeneral-purpose-os">SRG-OS-000392-GPOS-00172</reference>
          <reference href="https://public.cyber.mil/stigs/downloads/?_dl_facet_stigs=operating-systems%2Cgeneral-purpose-os">SRG-OS-000462-GPOS-00206</reference>
          <reference href="https://public.cyber.mil/stigs/downloads/?_dl_facet_stigs=operating-systems%2Cgeneral-purpose-os">SRG-OS-000471-GPOS-00215</reference>
          <reference href="https://cyber.gouv.fr/sites/default/files/document/linux_configuration-en-v2.pdf">R73</reference>
          <reference href="https://www.cisecurity.org/benchmark/ubuntu_linux/">6.2.3.19</reference>
          <rationale xmlns:xhtml="http://www.w3.org/1999/xhtml" xml:lang="en-US">Misuse of privileged functions, either intentionally or unintentionally by
authorized users, or by unauthorized external entities that have compromised system accounts,
is a serious and ongoing concern and can have significant adverse impacts on organizations.
Auditing the use of privileged functions is one way to detect such misuse and identify
the risk from insider and advanced persistent threats.
<html:br xmlns:html="http://www.w3.org/1999/xhtml"/>
        <html:br xmlns:html="http://www.w3.org/1999/xhtml"/>
Privileged programs are subject to escalation-of-privilege attacks,
which attempt to subvert their normal role of providing some necessary but
limited capability. As such, motivation exists to monitor these programs for
unusual activity.</rationale>
          <fix xmlns:xhtml="http://www.w3.org/1999/xhtml" id="audit_rules_privileged_commands_rmmod" system="urn:xccdf:fix:script:sh"># Remediation is applicable only in certain platforms
if dpkg-query --show --showformat='${db:Status-Status}
' 'linux-base' 2&gt;/dev/null | grep -q ^installed &amp;&amp; dpkg-query --show --showformat='${db:Status-Status}\n' 'auditd' 2&gt;/dev/null | grep -q '^installed'; then

# Perform the remediation for both possible tools: 'auditctl' and 'augenrules'
# Create a list of audit *.rules files that should be inspected for presence and correctness
# of a particular audit rule. The scheme is as follows:
#
# -----------------------------------------------------------------------------------------
# Tool used to load audit rules	| Rule already defined	|  Audit rules file to inspect	  |
# -----------------------------------------------------------------------------------------
#	auditctl		|     Doesn't matter	|  /etc/audit/audit.rules	  |
# -----------------------------------------------------------------------------------------
# 	augenrules		|          Yes		|  /etc/audit/rules.d/*.rules	  |
# 	augenrules		|          No		|  /etc/audit/rules.d/$key.rules  |
# -----------------------------------------------------------------------------------------
files_to_inspect=()


# If the audit tool is 'auditctl', then add '/etc/audit/audit.rules'
# into the list of files to be inspected
files_to_inspect+=('/etc/audit/audit.rules')

# Finally perform the inspection and possible subsequent audit rule
# correction for each of the files previously identified for inspection
for audit_rules_file in "${files_to_inspect[@]}"
do
    # Check if audit watch file system object rule for given path already present
    if grep -q -P -- "^[\s]*-w[\s]+/sbin/rmmod" "$audit_rules_file"
    then
        # Rule is found =&gt; verify yet if existing rule definition contains
        # all of the required access type bits

        # Define BRE whitespace class shortcut
        sp="[[:space:]]"
        # Extract current permission access types (e.g. -p [r|w|x|a] values) from audit rule
        current_access_bits=$(sed -ne "s#$sp*-w$sp\+/sbin/rmmod $sp\+-p$sp\+\([rxwa]\{1,4\}\).*#\1#p" "$audit_rules_file")
        # Split required access bits string into characters array
        # (to check bit's presence for one bit at a time)
        for access_bit in $(echo "x" | grep -o .)
        do
            # For each from the required access bits (e.g. 'w', 'a') check
            # if they are already present in current access bits for rule.
            # If not, append that bit at the end
            if ! grep -q "$access_bit" &lt;&lt;&lt; "$current_access_bits"
            then
                # Concatenate the existing mask with the missing bit
                current_access_bits="$current_access_bits$access_bit"
            fi
        done
        # Propagate the updated rule's access bits (original + the required
        # ones) back into the /etc/audit/audit.rules file for that rule
        sed -i "s#\($sp*-w$sp\+/sbin/rmmod$sp\+-p$sp\+\)\([rxwa]\{1,4\}\)\(.*\)#\1$current_access_bits\3#" "$audit_rules_file"
    else
        # Rule isn't present yet. Append it at the end of $audit_rules_file file
        # with proper key

        echo "-w /sbin/rmmod -p x -k modules" &gt;&gt; "$audit_rules_file"
    fi
done
# Create a list of audit *.rules files that should be inspected for presence and correctness
# of a particular audit rule. The scheme is as follows:
#
# -----------------------------------------------------------------------------------------
# Tool used to load audit rules	| Rule already defined	|  Audit rules file to inspect	  |
# -----------------------------------------------------------------------------------------
#	auditctl		|     Doesn't matter	|  /etc/audit/audit.rules	  |
# -----------------------------------------------------------------------------------------
# 	augenrules		|          Yes		|  /etc/audit/rules.d/*.rules	  |
# 	augenrules		|          No		|  /etc/audit/rules.d/$key.rules  |
# -----------------------------------------------------------------------------------------
files_to_inspect=()

# If the audit is 'augenrules', then check if rule is already defined
# If rule is defined, add '/etc/audit/rules.d/*.rules' to list of files for inspection.
# If rule isn't defined, add '/etc/audit/rules.d/modules.rules' to list of files for inspection.
readarray -t matches &lt; &lt;(grep -HP "[\s]*-w[\s]+/sbin/rmmod" /etc/audit/rules.d/*.rules)

# For each of the matched entries
for match in "${matches[@]}"
do
    # Extract filepath from the match
    rulesd_audit_file=$(echo $match | cut -f1 -d ':')
    # Append that path into list of files for inspection
    files_to_inspect+=("$rulesd_audit_file")
done
# Case when particular audit rule isn't defined yet
if [ "${#files_to_inspect[@]}" -eq "0" ]
then
    # Append '/etc/audit/rules.d/modules.rules' into list of files for inspection
    key_rule_file="/etc/audit/rules.d/modules.rules"
    # If the modules.rules file doesn't exist yet, create it with correct permissions
    if [ ! -e "$key_rule_file" ]
    then
        touch "$key_rule_file"
        chmod 0600 "$key_rule_file"
    fi
    files_to_inspect+=("$key_rule_file")
fi

# Finally perform the inspection and possible subsequent audit rule
# correction for each of the files previously identified for inspection
for audit_rules_file in "${files_to_inspect[@]}"
do
    # Check if audit watch file system object rule for given path already present
    if grep -q -P -- "^[\s]*-w[\s]+/sbin/rmmod" "$audit_rules_file"
    then
        # Rule is found =&gt; verify yet if existing rule definition contains
        # all of the required access type bits

        # Define BRE whitespace class shortcut
        sp="[[:space:]]"
        # Extract current permission access types (e.g. -p [r|w|x|a] values) from audit rule
        current_access_bits=$(sed -ne "s#$sp*-w$sp\+/sbin/rmmod $sp\+-p$sp\+\([rxwa]\{1,4\}\).*#\1#p" "$audit_rules_file")
        # Split required access bits string into characters array
        # (to check bit's presence for one bit at a time)
        for access_bit in $(echo "x" | grep -o .)
        do
            # For each from the required access bits (e.g. 'w', 'a') check
            # if they are already present in current access bits for rule.
            # If not, append that bit at the end
            if ! grep -q "$access_bit" &lt;&lt;&lt; "$current_access_bits"
            then
                # Concatenate the existing mask with the missing bit
                current_access_bits="$current_access_bits$access_bit"
            fi
        done
        # Propagate the updated rule's access bits (original + the required
        # ones) back into the /etc/audit/audit.rules file for that rule
        sed -i "s#\($sp*-w$sp\+/sbin/rmmod$sp\+-p$sp\+\)\([rxwa]\{1,4\}\)\(.*\)#\1$current_access_bits\3#" "$audit_rules_file"
    else
        # Rule isn't present yet. Append it at the end of $audit_rules_file file
        # with proper key

        echo "-w /sbin/rmmod -p x -k modules" &gt;&gt; "$audit_rules_file"
    fi
done

else
    &gt;&amp;2 echo 'Remediation is not applicable, nothing was done'
fi
</fix>
          <check system="http://oval.mitre.org/XMLSchema/oval-definitions-5">
            <check-content-ref name="oval:ssg-audit_rules_privileged_commands_rmmod:def:1" href="ssg-ubuntu2404-oval.xml"/>
          </check>
          <check system="http://scap.nist.gov/schema/ocil/2">
            <check-content-ref name="ocil:ssg-audit_rules_privileged_commands_rmmod_ocil:questionnaire:1" href="ssg-ubuntu2404-ocil.xml"/>
          </check>
        </Rule>
        <Rule id="xccdf_org.ssgproject.content_rule_audit_rules_privileged_commands_usermod" selected="false" role="full" severity="medium">
          <title xmlns:xhtml="http://www.w3.org/1999/xhtml" xml:lang="en-US">Ensure auditd Collects Information on the Use of Privileged Commands - usermod</title>
          <description xmlns:xhtml="http://www.w3.org/1999/xhtml" xml:lang="en-US">At a minimum, the audit system should collect the execution of
privileged commands for all users and root. If the <html:code xmlns:html="http://www.w3.org/1999/xhtml">auditd</html:code> daemon is
configured to use the <html:code xmlns:html="http://www.w3.org/1999/xhtml">augenrules</html:code> program to read audit rules during
daemon startup (the default), add a line of the following form to a file with
suffix <html:code xmlns:html="http://www.w3.org/1999/xhtml">.rules</html:code> in the directory <html:code xmlns:html="http://www.w3.org/1999/xhtml">/etc/audit/rules.d</html:code>:
<html:pre xmlns:html="http://www.w3.org/1999/xhtml">-a always,exit -F path=/usr/sbin/usermod -F perm=x -F auid&gt;=1000 -F auid!=unset -F key=privileged</html:pre>
If the <html:code xmlns:html="http://www.w3.org/1999/xhtml">auditd</html:code> daemon is configured to use the <html:code xmlns:html="http://www.w3.org/1999/xhtml">auditctl</html:code>
utility to read audit rules during daemon startup, add a line of the following
form to <html:code xmlns:html="http://www.w3.org/1999/xhtml">/etc/audit/audit.rules</html:code>:
<html:pre xmlns:html="http://www.w3.org/1999/xhtml">-a always,exit -F path=/usr/sbin/usermod -F perm=x -F auid&gt;=1000 -F auid!=unset -F key=privileged</html:pre>
       </description>
          <reference href="https://public.cyber.mil/stigs/cci/">CCI-000172</reference>
          <reference href="https://public.cyber.mil/stigs/cci/">CCI-000130</reference>
          <reference href="https://public.cyber.mil/stigs/cci/">CCI-000135</reference>
          <reference href="https://public.cyber.mil/stigs/cci/">CCI-000169</reference>
          <reference href="https://public.cyber.mil/stigs/cci/">CCI-002884</reference>
          <reference href="https://public.cyber.mil/stigs/downloads/?_dl_facet_stigs=operating-systems%2Cgeneral-purpose-os">SRG-OS-000037-GPOS-00015</reference>
          <reference href="https://public.cyber.mil/stigs/downloads/?_dl_facet_stigs=operating-systems%2Cgeneral-purpose-os">SRG-OS-000042-GPOS-00020</reference>
          <reference href="https://public.cyber.mil/stigs/downloads/?_dl_facet_stigs=operating-systems%2Cgeneral-purpose-os">SRG-OS-000062-GPOS-00031</reference>
          <reference href="https://public.cyber.mil/stigs/downloads/?_dl_facet_stigs=operating-systems%2Cgeneral-purpose-os">SRG-OS-000392-GPOS-00172</reference>
          <reference href="https://public.cyber.mil/stigs/downloads/?_dl_facet_stigs=operating-systems%2Cgeneral-purpose-os">SRG-OS-000462-GPOS-00206</reference>
          <reference href="https://public.cyber.mil/stigs/downloads/?_dl_facet_stigs=operating-systems%2Cgeneral-purpose-os">SRG-OS-000471-GPOS-00215</reference>
          <reference href="https://public.cyber.mil/stigs/downloads/?_dl_facet_stigs=operating-systems%2Cgeneral-purpose-os">SRG-OS-000466-GPOS-00210</reference>
          <reference href="https://public.cyber.mil/stigs/downloads/?_dl_facet_stigs=container-platform">SRG-APP-000495-CTR-001235</reference>
          <reference href="https://public.cyber.mil/stigs/downloads/?_dl_facet_stigs=container-platform">SRG-APP-000499-CTR-001255</reference>
          <reference href="https://www.cisecurity.org/benchmark/ubuntu_linux/">6.2.3.18</reference>
          <rationale xmlns:xhtml="http://www.w3.org/1999/xhtml" xml:lang="en-US">Misuse of privileged functions, either intentionally or unintentionally by
authorized users, or by unauthorized external entities that have compromised system accounts,
is a serious and ongoing concern and can have significant adverse impacts on organizations.
Auditing the use of privileged functions is one way to detect such misuse and identify
the risk from insider and advanced persistent threats.
<html:br xmlns:html="http://www.w3.org/1999/xhtml"/>
        <html:br xmlns:html="http://www.w3.org/1999/xhtml"/>
Privileged programs are subject to escalation-of-privilege attacks,
which attempt to subvert their normal role of providing some necessary but
limited capability. As such, motivation exists to monitor these programs for
unusual activity.</rationale>
          <fix xmlns:xhtml="http://www.w3.org/1999/xhtml" id="audit_rules_privileged_commands_usermod" system="urn:xccdf:fix:script:ansible" complexity="low" disruption="low" strategy="restrict">- name: Gather the package facts
  package_facts:
    manager: auto
  tags:
  - audit_rules_privileged_commands_usermod
  - low_complexity
  - low_disruption
  - medium_severity
  - no_reboot_needed
  - restrict_strategy

- name: Perform remediation of Audit rules for /usr/sbin/usermod
  block:

  - name: Declare list of syscalls
    set_fact:
      syscalls: []
      syscall_grouping: []

  - name: Check existence of  in /etc/audit/rules.d/
    find:
      paths: /etc/audit/rules.d
      contains: -a always,exit(( -S |,)\w+)*(( -S |,){{ item }})+(( -S |,)\w+)* -F
        path=/usr/sbin/usermod -F perm=x -F auid&gt;=1000 -F auid!=unset (-k\s+|-F\s+key=)\S+\s*$
      patterns: '*.rules'
    register: find_command
    loop: '{{ (syscall_grouping + syscalls) | unique }}'

  - name: Reset syscalls found per file
    set_fact:
      syscalls_per_file: {}
      found_paths_dict: {}

  - name: Declare syscalls found per file
    set_fact: syscalls_per_file="{{ syscalls_per_file | combine( {item.files[0].path
      :[item.item] + syscalls_per_file.get(item.files[0].path, []) } ) }}"
    loop: '{{ find_command.results | selectattr(''matched'') | list }}'

  - name: Declare files where syscalls were found
    set_fact: found_paths="{{ find_command.results | map(attribute='files') | flatten
      | map(attribute='path') | list }}"

  - name: Count occurrences of syscalls in paths
    set_fact: found_paths_dict="{{ found_paths_dict | combine({ item:1+found_paths_dict.get(item,
      0) }) }}"
    loop: '{{ find_command.results | map(attribute=''files'') | flatten | map(attribute=''path'')
      | list }}'

  - name: Get path with most syscalls
    set_fact: audit_file="{{ (found_paths_dict | dict2items() | sort(attribute='value')
      | last).key }}"
    when: found_paths | length &gt;= 1

  - name: No file with syscall found, set path to /etc/audit/rules.d/privileged.rules
    set_fact: audit_file="/etc/audit/rules.d/privileged.rules"
    when: found_paths | length == 0

  - name: Declare found syscalls
    set_fact: syscalls_found="{{ find_command.results | selectattr('matched') | map(attribute='item')
      | list }}"

  - name: Declare missing syscalls
    set_fact: missing_syscalls="{{ syscalls | difference(syscalls_found) }}"

  - name: Replace the audit rule in {{ audit_file }}
    lineinfile:
      path: '{{ audit_file }}'
      regexp: (-a always,exit)(?=.*(?:(?:-S |,)(?:{{ syscalls_per_file[audit_file]
        | join("|") }}))\b)((?:( -S |,)\w+)+)( -F path=/usr/sbin/usermod -F perm=x
        -F auid&gt;=1000 -F auid!=unset (?:-k |-F key=)\w+)
      line: \1\2\3{{ missing_syscalls | join("\3") }}\4
      backrefs: true
      state: present
      mode: g-rwx,o-rwx
    when: syscalls_found | length &gt; 0 and missing_syscalls | length &gt; 0

  - name: Add the audit rule to {{ audit_file }}
    lineinfile:
      path: '{{ audit_file }}'
      line: -a always,exit{{ syscalls | join(',') }} -F path=/usr/sbin/usermod -F
        perm=x -F auid&gt;=1000 -F auid!=unset -F key=privileged
      create: true
      mode: g-rwx,o-rwx
      state: present
    when: syscalls_found | length == 0

  - name: Declare list of syscalls
    set_fact:
      syscalls: []
      syscall_grouping: []

  - name: Check existence of  in /etc/audit/audit.rules
    find:
      paths: /etc/audit
      contains: -a always,exit(( -S |,)\w+)*(( -S |,){{ item }})+(( -S |,)\w+)* -F
        path=/usr/sbin/usermod -F perm=x -F auid&gt;=1000 -F auid!=unset (-k\s+|-F\s+key=)\S+\s*$
      patterns: audit.rules
    register: find_command
    loop: '{{ (syscall_grouping + syscalls) | unique }}'

  - name: Set path to /etc/audit/audit.rules
    set_fact: audit_file="/etc/audit/audit.rules"

  - name: Declare found syscalls
    set_fact: syscalls_found="{{ find_command.results | selectattr('matched') | map(attribute='item')
      | list }}"

  - name: Declare missing syscalls
    set_fact: missing_syscalls="{{ syscalls | difference(syscalls_found) }}"

  - name: Replace the audit rule in {{ audit_file }}
    lineinfile:
      path: '{{ audit_file }}'
      regexp: (-a always,exit)(?=.*(?:(?:-S |,)(?:{{ syscalls_found | join("|") }}))\b)((?:(
        -S |,)\w+)+)( -F path=/usr/sbin/usermod -F perm=x -F auid&gt;=1000 -F auid!=unset
        (?:-k |-F key=)\w+)
      line: \1\2\3{{ missing_syscalls | join("\3") }}\4
      backrefs: true
      state: present
      mode: g-rwx,o-rwx
    when: syscalls_found | length &gt; 0 and missing_syscalls | length &gt; 0

  - name: Add the audit rule to {{ audit_file }}
    lineinfile:
      path: '{{ audit_file }}'
      line: -a always,exit{{ syscalls | join(',') }} -F path=/usr/sbin/usermod -F
        perm=x -F auid&gt;=1000 -F auid!=unset -F key=privileged
      create: true
      mode: g-rwx,o-rwx
      state: present
    when: syscalls_found | length == 0
  when:
  - '"auditd" in ansible_facts.packages'
  - '"linux-base" in ansible_facts.packages'
  tags:
  - audit_rules_privileged_commands_usermod
  - low_complexity
  - low_disruption
  - medium_severity
  - no_reboot_needed
  - restrict_strategy
</fix>
          <fix xmlns:xhtml="http://www.w3.org/1999/xhtml" id="audit_rules_privileged_commands_usermod" system="urn:xccdf:fix:script:sh"># Remediation is applicable only in certain platforms
if dpkg-query --show --showformat='${db:Status-Status}
' 'linux-base' 2&gt;/dev/null | grep -q ^installed &amp;&amp; dpkg-query --show --showformat='${db:Status-Status}\n' 'auditd' 2&gt;/dev/null | grep -q '^installed'; then

ACTION_ARCH_FILTERS="-a always,exit"
OTHER_FILTERS="-F path=/usr/sbin/usermod -F perm=x"
AUID_FILTERS="-F auid&gt;=1000 -F auid!=unset"
SYSCALL=""
KEY="privileged"
SYSCALL_GROUPING=""
# Perform the remediation for both possible tools: 'auditctl' and 'augenrules'
unset syscall_a
unset syscall_grouping
unset syscall_string
unset syscall
unset file_to_edit
unset rule_to_edit
unset rule_syscalls_to_edit
unset other_string
unset auid_string
unset full_rule

# Load macro arguments into arrays
read -a syscall_a &lt;&lt;&lt; $SYSCALL
read -a syscall_grouping &lt;&lt;&lt; $SYSCALL_GROUPING

# Create a list of audit *.rules files that should be inspected for presence and correctness
# of a particular audit rule. The scheme is as follows:
#
# -----------------------------------------------------------------------------------------
#  Tool used to load audit rules | Rule already defined  |  Audit rules file to inspect    |
# -----------------------------------------------------------------------------------------
#        auditctl                |     Doesn't matter    |  /etc/audit/audit.rules         |
# -----------------------------------------------------------------------------------------
#        augenrules              |          Yes          |  /etc/audit/rules.d/*.rules     |
#        augenrules              |          No           |  /etc/audit/rules.d/$key.rules  |
# -----------------------------------------------------------------------------------------
#
files_to_inspect=()

# If audit tool is 'augenrules', then check if the audit rule is defined
# If rule is defined, add '/etc/audit/rules.d/*.rules' to the list for inspection
# If rule isn't defined yet, add '/etc/audit/rules.d/$key.rules' to the list for inspection
default_file="/etc/audit/rules.d/$KEY.rules"
# As other_filters may include paths, lets use a different delimiter for it
# The "F" script expression tells sed to print the filenames where the expressions matched
readarray -t files_to_inspect &lt; &lt;(sed -s -n -e "/^$ACTION_ARCH_FILTERS/!d" -e "\#$OTHER_FILTERS#!d" -e "/$AUID_FILTERS/!d" -e "F" /etc/audit/rules.d/*.rules)
# Case when particular rule isn't defined in /etc/audit/rules.d/*.rules yet
if [ ${#files_to_inspect[@]} -eq "0" ]
then
    file_to_inspect="/etc/audit/rules.d/$KEY.rules"
    files_to_inspect=("$file_to_inspect")
    if [ ! -e "$file_to_inspect" ]
    then
        touch "$file_to_inspect"
        chmod 0600 "$file_to_inspect"
    fi
fi

# After converting to jinja, we cannot return; therefore we skip the rest of the macro if needed instead
skip=1

for audit_file in "${files_to_inspect[@]}"
do
    # Filter existing $audit_file rules' definitions to select those that satisfy the rule pattern,
    # i.e, collect rules that match:
    # * the action, list and arch, (2-nd argument)
    # * the other filters, (3-rd argument)
    # * the auid filters, (4-rd argument)
    readarray -t similar_rules &lt; &lt;(sed -e "/^$ACTION_ARCH_FILTERS/!d"  -e "\#$OTHER_FILTERS#!d" -e "/$AUID_FILTERS/!d" "$audit_file")

    candidate_rules=()
    # Filter out rules that have more fields then required. This will remove rules more specific than the required scope
    for s_rule in "${similar_rules[@]}"
    do
        # Strip all the options and fields we know of,
        # than check if there was any field left over
        extra_fields=$(sed -E -e "s/^$ACTION_ARCH_FILTERS//"  -e "s#$OTHER_FILTERS##" -e "s/$AUID_FILTERS//" -e "s/((:?-S [[:alnum:],]+)+)//g" -e "s/-F key=\w+|-k \w+//"&lt;&lt;&lt; "$s_rule")
        grep -q -- "-F" &lt;&lt;&lt; "$extra_fields" || candidate_rules+=("$s_rule")
    done

    if [[ ${#syscall_a[@]} -ge 1 ]]
    then
        # Check if the syscall we want is present in any of the similar existing rules
        for rule in "${candidate_rules[@]}"
        do
            rule_syscalls=$(echo "$rule" | grep -o -P '(-S [\w,]+)+' | xargs)
            all_syscalls_found=0
            for syscall in "${syscall_a[@]}"
            do
                grep -q -- "\b${syscall}\b" &lt;&lt;&lt; "$rule_syscalls" || {
                   # A syscall was not found in the candidate rule
                   all_syscalls_found=1
                   }
            done
            if [[ $all_syscalls_found -eq 0 ]]
            then
                # We found a rule with all the syscall(s) we want; skip rest of macro
                skip=0
                break
            fi

            # Check if this rule can be grouped with our target syscall and keep track of it
            for syscall_g in "${syscall_grouping[@]}"
            do
                if grep -q -- "\b${syscall_g}\b" &lt;&lt;&lt; "$rule_syscalls"
                then
                    file_to_edit=${audit_file}
                    rule_to_edit=${rule}
                    rule_syscalls_to_edit=${rule_syscalls}
                fi
            done
        done
    else
        # If there is any candidate rule, it is compliant; skip rest of macro
        if [ "${#candidate_rules[@]}" -gt 0 ]
        then
            skip=0
        fi
    fi

    if [ "$skip" -eq 0 ]; then
        break
    fi
done

if [ "$skip" -ne 0 ]; then
    # We checked all rules that matched the expected resemblance pattern (action, arch &amp; auid)
    # At this point we know if we need to either append the $full_rule or group
    # the syscall together with an exsiting rule

    # Append the full_rule if it cannot be grouped to any other rule
    if [ -z ${rule_to_edit+x} ]
    then
        # Build full_rule while avoid adding double spaces when other_filters is empty
        if [ "${#syscall_a[@]}" -gt 0 ]
        then
            syscall_string=""
            for syscall in "${syscall_a[@]}"
            do
                syscall_string+=" -S $syscall"
            done
        fi
        other_string=$([[ $OTHER_FILTERS ]] &amp;&amp; echo " $OTHER_FILTERS") || /bin/true
        auid_string=$([[ $AUID_FILTERS ]] &amp;&amp; echo " $AUID_FILTERS") || /bin/true
        full_rule="$ACTION_ARCH_FILTERS${syscall_string}${other_string}${auid_string} -F key=$KEY" || /bin/true
        echo "$full_rule" &gt;&gt; "$default_file"
        chmod 0600 ${default_file}
    else
        # Check if the syscalls are declared as a comma separated list or
        # as multiple -S parameters
        if grep -q -- "," &lt;&lt;&lt; "${rule_syscalls_to_edit}"
        then
            delimiter=","
        else
            delimiter=" -S "
        fi
        new_grouped_syscalls="${rule_syscalls_to_edit}"
        for syscall in "${syscall_a[@]}"
        do
            grep -q -- "\b${syscall}\b" &lt;&lt;&lt; "${rule_syscalls_to_edit}" || {
               # A syscall was not found in the candidate rule
               new_grouped_syscalls+="${delimiter}${syscall}"
               }
        done

        # Group the syscall in the rule
        sed -i -e "\#${rule_to_edit}#s#${rule_syscalls_to_edit}#${new_grouped_syscalls}#" "$file_to_edit"
    fi
fi
unset syscall_a
unset syscall_grouping
unset syscall_string
unset syscall
unset file_to_edit
unset rule_to_edit
unset rule_syscalls_to_edit
unset other_string
unset auid_string
unset full_rule

# Load macro arguments into arrays
read -a syscall_a &lt;&lt;&lt; $SYSCALL
read -a syscall_grouping &lt;&lt;&lt; $SYSCALL_GROUPING

# Create a list of audit *.rules files that should be inspected for presence and correctness
# of a particular audit rule. The scheme is as follows:
#
# -----------------------------------------------------------------------------------------
#  Tool used to load audit rules | Rule already defined  |  Audit rules file to inspect    |
# -----------------------------------------------------------------------------------------
#        auditctl                |     Doesn't matter    |  /etc/audit/audit.rules         |
# -----------------------------------------------------------------------------------------
#        augenrules              |          Yes          |  /etc/audit/rules.d/*.rules     |
#        augenrules              |          No           |  /etc/audit/rules.d/$key.rules  |
# -----------------------------------------------------------------------------------------
#
files_to_inspect=()


# If audit tool is 'auditctl', then add '/etc/audit/audit.rules'
# file to the list of files to be inspected
default_file="/etc/audit/audit.rules"
files_to_inspect+=('/etc/audit/audit.rules' )

# After converting to jinja, we cannot return; therefore we skip the rest of the macro if needed instead
skip=1

for audit_file in "${files_to_inspect[@]}"
do
    # Filter existing $audit_file rules' definitions to select those that satisfy the rule pattern,
    # i.e, collect rules that match:
    # * the action, list and arch, (2-nd argument)
    # * the other filters, (3-rd argument)
    # * the auid filters, (4-rd argument)
    readarray -t similar_rules &lt; &lt;(sed -e "/^$ACTION_ARCH_FILTERS/!d"  -e "\#$OTHER_FILTERS#!d" -e "/$AUID_FILTERS/!d" "$audit_file")

    candidate_rules=()
    # Filter out rules that have more fields then required. This will remove rules more specific than the required scope
    for s_rule in "${similar_rules[@]}"
    do
        # Strip all the options and fields we know of,
        # than check if there was any field left over
        extra_fields=$(sed -E -e "s/^$ACTION_ARCH_FILTERS//"  -e "s#$OTHER_FILTERS##" -e "s/$AUID_FILTERS//" -e "s/((:?-S [[:alnum:],]+)+)//g" -e "s/-F key=\w+|-k \w+//"&lt;&lt;&lt; "$s_rule")
        grep -q -- "-F" &lt;&lt;&lt; "$extra_fields" || candidate_rules+=("$s_rule")
    done

    if [[ ${#syscall_a[@]} -ge 1 ]]
    then
        # Check if the syscall we want is present in any of the similar existing rules
        for rule in "${candidate_rules[@]}"
        do
            rule_syscalls=$(echo "$rule" | grep -o -P '(-S [\w,]+)+' | xargs)
            all_syscalls_found=0
            for syscall in "${syscall_a[@]}"
            do
                grep -q -- "\b${syscall}\b" &lt;&lt;&lt; "$rule_syscalls" || {
                   # A syscall was not found in the candidate rule
                   all_syscalls_found=1
                   }
            done
            if [[ $all_syscalls_found -eq 0 ]]
            then
                # We found a rule with all the syscall(s) we want; skip rest of macro
                skip=0
                break
            fi

            # Check if this rule can be grouped with our target syscall and keep track of it
            for syscall_g in "${syscall_grouping[@]}"
            do
                if grep -q -- "\b${syscall_g}\b" &lt;&lt;&lt; "$rule_syscalls"
                then
                    file_to_edit=${audit_file}
                    rule_to_edit=${rule}
                    rule_syscalls_to_edit=${rule_syscalls}
                fi
            done
        done
    else
        # If there is any candidate rule, it is compliant; skip rest of macro
        if [ "${#candidate_rules[@]}" -gt 0 ]
        then
            skip=0
        fi
    fi

    if [ "$skip" -eq 0 ]; then
        break
    fi
done

if [ "$skip" -ne 0 ]; then
    # We checked all rules that matched the expected resemblance pattern (action, arch &amp; auid)
    # At this point we know if we need to either append the $full_rule or group
    # the syscall together with an exsiting rule

    # Append the full_rule if it cannot be grouped to any other rule
    if [ -z ${rule_to_edit+x} ]
    then
        # Build full_rule while avoid adding double spaces when other_filters is empty
        if [ "${#syscall_a[@]}" -gt 0 ]
        then
            syscall_string=""
            for syscall in "${syscall_a[@]}"
            do
                syscall_string+=" -S $syscall"
            done
        fi
        other_string=$([[ $OTHER_FILTERS ]] &amp;&amp; echo " $OTHER_FILTERS") || /bin/true
        auid_string=$([[ $AUID_FILTERS ]] &amp;&amp; echo " $AUID_FILTERS") || /bin/true
        full_rule="$ACTION_ARCH_FILTERS${syscall_string}${other_string}${auid_string} -F key=$KEY" || /bin/true
        echo "$full_rule" &gt;&gt; "$default_file"
        chmod 0600 ${default_file}
    else
        # Check if the syscalls are declared as a comma separated list or
        # as multiple -S parameters
        if grep -q -- "," &lt;&lt;&lt; "${rule_syscalls_to_edit}"
        then
            delimiter=","
        else
            delimiter=" -S "
        fi
        new_grouped_syscalls="${rule_syscalls_to_edit}"
        for syscall in "${syscall_a[@]}"
        do
            grep -q -- "\b${syscall}\b" &lt;&lt;&lt; "${rule_syscalls_to_edit}" || {
               # A syscall was not found in the candidate rule
               new_grouped_syscalls+="${delimiter}${syscall}"
               }
        done

        # Group the syscall in the rule
        sed -i -e "\#${rule_to_edit}#s#${rule_syscalls_to_edit}#${new_grouped_syscalls}#" "$file_to_edit"
    fi
fi

else
    &gt;&amp;2 echo 'Remediation is not applicable, nothing was done'
fi
</fix>
          <check system="http://oval.mitre.org/XMLSchema/oval-definitions-5">
            <check-content-ref name="oval:ssg-audit_rules_privileged_commands_usermod:def:1" href="ssg-ubuntu2404-oval.xml"/>
          </check>
          <check system="http://scap.nist.gov/schema/ocil/2">
            <check-content-ref name="ocil:ssg-audit_rules_privileged_commands_usermod_ocil:questionnaire:1" href="ssg-ubuntu2404-ocil.xml"/>
          </check>
        </Rule>
      </Group>
      <Group id="xccdf_org.ssgproject.content_group_audit_time_rules">
        <title xmlns:xhtml="http://www.w3.org/1999/xhtml" xml:lang="en-US">Records Events that Modify Date and Time Information</title>
        <description xmlns:xhtml="http://www.w3.org/1999/xhtml" xml:lang="en-US">Arbitrary changes to the system time can be used to obfuscate
nefarious activities in log files, as well as to confuse network services that
are highly dependent upon an accurate system time. All changes to the system
time should be audited.</description>
        <Rule id="xccdf_org.ssgproject.content_rule_audit_rules_time_adjtimex" selected="false" role="full" severity="medium">
          <title xmlns:xhtml="http://www.w3.org/1999/xhtml" xml:lang="en-US">Record attempts to alter time through adjtimex</title>
          <description xmlns:xhtml="http://www.w3.org/1999/xhtml" xml:lang="en-US">If the <html:code xmlns:html="http://www.w3.org/1999/xhtml">auditd</html:code> daemon is configured to use the
<html:code xmlns:html="http://www.w3.org/1999/xhtml">augenrules</html:code> program to read audit rules during daemon startup (the
default), add the following line to a file with suffix <html:code xmlns:html="http://www.w3.org/1999/xhtml">.rules</html:code> in the
directory <html:code xmlns:html="http://www.w3.org/1999/xhtml">/etc/audit/rules.d</html:code>:
<html:pre xmlns:html="http://www.w3.org/1999/xhtml">-a always,exit -F arch=b32 -S adjtimex -F key=audit_time_rules</html:pre>
If the system is 64 bit then also add the following line:
<html:pre xmlns:html="http://www.w3.org/1999/xhtml">-a always,exit -F arch=b64 -S adjtimex -F key=audit_time_rules</html:pre>
If the <html:code xmlns:html="http://www.w3.org/1999/xhtml">auditd</html:code> daemon is configured to use the <html:code xmlns:html="http://www.w3.org/1999/xhtml">auditctl</html:code>
utility to read audit rules during daemon startup, add the following line to
<html:code xmlns:html="http://www.w3.org/1999/xhtml">/etc/audit/audit.rules</html:code> file:
<html:pre xmlns:html="http://www.w3.org/1999/xhtml">-a always,exit -F arch=b32 -S adjtimex -F key=audit_time_rules</html:pre>
If the system is 64 bit then also add the following line:
<html:pre xmlns:html="http://www.w3.org/1999/xhtml">-a always,exit -F arch=b64 -S adjtimex -F key=audit_time_rules</html:pre>
The -k option allows for the specification of a key in string form that can be
used for better reporting capability through ausearch and aureport. Multiple
system calls can be defined on the same line to save space if desired, but is
not required. See an example of multiple combined syscalls:
<html:pre xmlns:html="http://www.w3.org/1999/xhtml">-a always,exit -F arch=b64 -S adjtimex,settimeofday -F key=audit_time_rules</html:pre>
       </description>
          <reference href="https://www.cisecurity.org/controls/">1</reference>
          <reference href="https://www.cisecurity.org/controls/">11</reference>
          <reference href="https://www.cisecurity.org/controls/">12</reference>
          <reference href="https://www.cisecurity.org/controls/">13</reference>
          <reference href="https://www.cisecurity.org/controls/">14</reference>
          <reference href="https://www.cisecurity.org/controls/">15</reference>
          <reference href="https://www.cisecurity.org/controls/">16</reference>
          <reference href="https://www.cisecurity.org/controls/">19</reference>
          <reference href="https://www.cisecurity.org/controls/">2</reference>
          <reference href="https://www.cisecurity.org/controls/">3</reference>
          <reference href="https://www.cisecurity.org/controls/">4</reference>
          <reference href="https://www.cisecurity.org/controls/">5</reference>
          <reference href="https://www.cisecurity.org/controls/">6</reference>
          <reference href="https://www.cisecurity.org/controls/">7</reference>
          <reference href="https://www.cisecurity.org/controls/">8</reference>
          <reference href="https://www.cisecurity.org/controls/">9</reference>
          <reference href="https://www.fbi.gov/file-repository/cjis-security-policy-v5_5_20160601-2-1.pdf">5.4.1.1</reference>
          <reference href="https://www.isaca.org/resources/cobit">APO10.01</reference>
          <reference href="https://www.isaca.org/resources/cobit">APO10.03</reference>
          <reference href="https://www.isaca.org/resources/cobit">APO10.04</reference>
          <reference href="https://www.isaca.org/resources/cobit">APO10.05</reference>
          <reference href="https://www.isaca.org/resources/cobit">APO11.04</reference>
          <reference href="https://www.isaca.org/resources/cobit">APO12.06</reference>
          <reference href="https://www.isaca.org/resources/cobit">APO13.01</reference>
          <reference href="https://www.isaca.org/resources/cobit">BAI03.05</reference>
          <reference href="https://www.isaca.org/resources/cobit">BAI08.02</reference>
          <reference href="https://www.isaca.org/resources/cobit">DSS01.03</reference>
          <reference href="https://www.isaca.org/resources/cobit">DSS01.04</reference>
          <reference href="https://www.isaca.org/resources/cobit">DSS02.02</reference>
          <reference href="https://www.isaca.org/resources/cobit">DSS02.04</reference>
          <reference href="https://www.isaca.org/resources/cobit">DSS02.07</reference>
          <reference href="https://www.isaca.org/resources/cobit">DSS03.01</reference>
          <reference href="https://www.isaca.org/resources/cobit">DSS03.05</reference>
          <reference href="https://www.isaca.org/resources/cobit">DSS05.02</reference>
          <reference href="https://www.isaca.org/resources/cobit">DSS05.03</reference>
          <reference href="https://www.isaca.org/resources/cobit">DSS05.04</reference>
          <reference href="https://www.isaca.org/resources/cobit">DSS05.05</reference>
          <reference href="https://www.isaca.org/resources/cobit">DSS05.07</reference>
          <reference href="https://www.isaca.org/resources/cobit">MEA01.01</reference>
          <reference href="https://www.isaca.org/resources/cobit">MEA01.02</reference>
          <reference href="https://www.isaca.org/resources/cobit">MEA01.03</reference>
          <reference href="https://www.isaca.org/resources/cobit">MEA01.04</reference>
          <reference href="https://www.isaca.org/resources/cobit">MEA01.05</reference>
          <reference href="https://www.isaca.org/resources/cobit">MEA02.01</reference>
          <reference href="http://nvlpubs.nist.gov/nistpubs/SpecialPublications/NIST.SP.800-171.pdf">3.1.7</reference>
          <reference href="https://public.cyber.mil/stigs/cci/">CCI-001487</reference>
          <reference href="https://public.cyber.mil/stigs/cci/">CCI-000169</reference>
          <reference href="https://www.gpo.gov/fdsys/pkg/CFR-2007-title45-vol1/pdf/CFR-2007-title45-vol1-chapA-subchapC.pdf">164.308(a)(1)(ii)(D)</reference>
          <reference href="https://www.gpo.gov/fdsys/pkg/CFR-2007-title45-vol1/pdf/CFR-2007-title45-vol1-chapA-subchapC.pdf">164.308(a)(3)(ii)(A)</reference>
          <reference href="https://www.gpo.gov/fdsys/pkg/CFR-2007-title45-vol1/pdf/CFR-2007-title45-vol1-chapA-subchapC.pdf">164.308(a)(5)(ii)(C)</reference>
          <reference href="https://www.gpo.gov/fdsys/pkg/CFR-2007-title45-vol1/pdf/CFR-2007-title45-vol1-chapA-subchapC.pdf">164.312(a)(2)(i)</reference>
          <reference href="https://www.gpo.gov/fdsys/pkg/CFR-2007-title45-vol1/pdf/CFR-2007-title45-vol1-chapA-subchapC.pdf">164.312(b)</reference>
          <reference href="https://www.gpo.gov/fdsys/pkg/CFR-2007-title45-vol1/pdf/CFR-2007-title45-vol1-chapA-subchapC.pdf">164.312(d)</reference>
          <reference href="https://www.gpo.gov/fdsys/pkg/CFR-2007-title45-vol1/pdf/CFR-2007-title45-vol1-chapA-subchapC.pdf">164.312(e)</reference>
          <reference href="https://www.isa.org/products/isa-62443-2-1-2009-security-for-industrial-automat">4.2.3.10</reference>
          <reference href="https://www.isa.org/products/isa-62443-2-1-2009-security-for-industrial-automat">4.3.2.6.7</reference>
          <reference href="https://www.isa.org/products/isa-62443-2-1-2009-security-for-industrial-automat">4.3.3.3.9</reference>
          <reference href="https://www.isa.org/products/isa-62443-2-1-2009-security-for-industrial-automat">4.3.3.5.8</reference>
          <reference href="https://www.isa.org/products/isa-62443-2-1-2009-security-for-industrial-automat">4.3.3.6.6</reference>
          <reference href="https://www.isa.org/products/isa-62443-2-1-2009-security-for-industrial-automat">4.3.4.4.7</reference>
          <reference href="https://www.isa.org/products/isa-62443-2-1-2009-security-for-industrial-automat">4.3.4.5.6</reference>
          <reference href="https://www.isa.org/products/isa-62443-2-1-2009-security-for-industrial-automat">4.3.4.5.7</reference>
          <reference href="https://www.isa.org/products/isa-62443-2-1-2009-security-for-industrial-automat">4.3.4.5.8</reference>
          <reference href="https://www.isa.org/products/isa-62443-2-1-2009-security-for-industrial-automat">4.4.2.1</reference>
          <reference href="https://www.isa.org/products/isa-62443-2-1-2009-security-for-industrial-automat">4.4.2.2</reference>
          <reference href="https://www.isa.org/products/isa-62443-2-1-2009-security-for-industrial-automat">4.4.2.4</reference>
          <reference href="https://www.isa.org/products/ansi-isa-62443-3-3-99-03-03-2013-security-for-indu">SR 1.13</reference>
          <reference href="https://www.isa.org/products/ansi-isa-62443-3-3-99-03-03-2013-security-for-indu">SR 2.10</reference>
          <reference href="https://www.isa.org/products/ansi-isa-62443-3-3-99-03-03-2013-security-for-indu">SR 2.11</reference>
          <reference href="https://www.isa.org/products/ansi-isa-62443-3-3-99-03-03-2013-security-for-indu">SR 2.12</reference>
          <reference href="https://www.isa.org/products/ansi-isa-62443-3-3-99-03-03-2013-security-for-indu">SR 2.6</reference>
          <reference href="https://www.isa.org/products/ansi-isa-62443-3-3-99-03-03-2013-security-for-indu">SR 2.8</reference>
          <reference href="https://www.isa.org/products/ansi-isa-62443-3-3-99-03-03-2013-security-for-indu">SR 2.9</reference>
          <reference href="https://www.isa.org/products/ansi-isa-62443-3-3-99-03-03-2013-security-for-indu">SR 3.1</reference>
          <reference href="https://www.isa.org/products/ansi-isa-62443-3-3-99-03-03-2013-security-for-indu">SR 3.5</reference>
          <reference href="https://www.isa.org/products/ansi-isa-62443-3-3-99-03-03-2013-security-for-indu">SR 3.8</reference>
          <reference href="https://www.isa.org/products/ansi-isa-62443-3-3-99-03-03-2013-security-for-indu">SR 4.1</reference>
          <reference href="https://www.isa.org/products/ansi-isa-62443-3-3-99-03-03-2013-security-for-indu">SR 4.3</reference>
          <reference href="https://www.isa.org/products/ansi-isa-62443-3-3-99-03-03-2013-security-for-indu">SR 5.1</reference>
          <reference href="https://www.isa.org/products/ansi-isa-62443-3-3-99-03-03-2013-security-for-indu">SR 5.2</reference>
          <reference href="https://www.isa.org/products/ansi-isa-62443-3-3-99-03-03-2013-security-for-indu">SR 5.3</reference>
          <reference href="https://www.isa.org/products/ansi-isa-62443-3-3-99-03-03-2013-security-for-indu">SR 6.1</reference>
          <reference href="https://www.isa.org/products/ansi-isa-62443-3-3-99-03-03-2013-security-for-indu">SR 6.2</reference>
          <reference href="https://www.isa.org/products/ansi-isa-62443-3-3-99-03-03-2013-security-for-indu">SR 7.1</reference>
          <reference href="https://www.isa.org/products/ansi-isa-62443-3-3-99-03-03-2013-security-for-indu">SR 7.6</reference>
          <reference href="https://www.iso.org/contents/data/standard/05/45/54534.html">A.11.2.6</reference>
          <reference href="https://www.iso.org/contents/data/standard/05/45/54534.html">A.12.4.1</reference>
          <reference href="https://www.iso.org/contents/data/standard/05/45/54534.html">A.12.4.2</reference>
          <reference href="https://www.iso.org/contents/data/standard/05/45/54534.html">A.12.4.3</reference>
          <reference href="https://www.iso.org/contents/data/standard/05/45/54534.html">A.12.4.4</reference>
          <reference href="https://www.iso.org/contents/data/standard/05/45/54534.html">A.12.7.1</reference>
          <reference href="https://www.iso.org/contents/data/standard/05/45/54534.html">A.13.1.1</reference>
          <reference href="https://www.iso.org/contents/data/standard/05/45/54534.html">A.13.2.1</reference>
          <reference href="https://www.iso.org/contents/data/standard/05/45/54534.html">A.14.1.3</reference>
          <reference href="https://www.iso.org/contents/data/standard/05/45/54534.html">A.14.2.7</reference>
          <reference href="https://www.iso.org/contents/data/standard/05/45/54534.html">A.15.2.1</reference>
          <reference href="https://www.iso.org/contents/data/standard/05/45/54534.html">A.15.2.2</reference>
          <reference href="https://www.iso.org/contents/data/standard/05/45/54534.html">A.16.1.4</reference>
          <reference href="https://www.iso.org/contents/data/standard/05/45/54534.html">A.16.1.5</reference>
          <reference href="https://www.iso.org/contents/data/standard/05/45/54534.html">A.16.1.7</reference>
          <reference href="https://www.iso.org/contents/data/standard/05/45/54534.html">A.6.2.1</reference>
          <reference href="https://www.iso.org/contents/data/standard/05/45/54534.html">A.6.2.2</reference>
          <reference href="http://nvlpubs.nist.gov/nistpubs/SpecialPublications/NIST.SP.800-53r4.pdf">AU-2(d)</reference>
          <reference href="http://nvlpubs.nist.gov/nistpubs/SpecialPublications/NIST.SP.800-53r4.pdf">AU-12(c)</reference>
          <reference href="http://nvlpubs.nist.gov/nistpubs/SpecialPublications/NIST.SP.800-53r4.pdf">AC-6(9)</reference>
          <reference href="http://nvlpubs.nist.gov/nistpubs/SpecialPublications/NIST.SP.800-53r4.pdf">CM-6(a)</reference>
          <reference href="https://nvlpubs.nist.gov/nistpubs/CSWP/NIST.CSWP.04162018.pdf">DE.AE-3</reference>
          <reference href="https://nvlpubs.nist.gov/nistpubs/CSWP/NIST.CSWP.04162018.pdf">DE.AE-5</reference>
          <reference href="https://nvlpubs.nist.gov/nistpubs/CSWP/NIST.CSWP.04162018.pdf">DE.CM-1</reference>
          <reference href="https://nvlpubs.nist.gov/nistpubs/CSWP/NIST.CSWP.04162018.pdf">DE.CM-3</reference>
          <reference href="https://nvlpubs.nist.gov/nistpubs/CSWP/NIST.CSWP.04162018.pdf">DE.CM-7</reference>
          <reference href="https://nvlpubs.nist.gov/nistpubs/CSWP/NIST.CSWP.04162018.pdf">ID.SC-4</reference>
          <reference href="https://nvlpubs.nist.gov/nistpubs/CSWP/NIST.CSWP.04162018.pdf">PR.AC-3</reference>
          <reference href="https://nvlpubs.nist.gov/nistpubs/CSWP/NIST.CSWP.04162018.pdf">PR.PT-1</reference>
          <reference href="https://nvlpubs.nist.gov/nistpubs/CSWP/NIST.CSWP.04162018.pdf">PR.PT-4</reference>
          <reference href="https://nvlpubs.nist.gov/nistpubs/CSWP/NIST.CSWP.04162018.pdf">RS.AN-1</reference>
          <reference href="https://nvlpubs.nist.gov/nistpubs/CSWP/NIST.CSWP.04162018.pdf">RS.AN-4</reference>
          <reference href="https://www.pcisecuritystandards.org/documents/PCI_DSS_v3-2-1.pdf">Req-10.4.2.b</reference>
          <reference href="https://cyber.gouv.fr/sites/default/files/document/linux_configuration-en-v2.pdf">R73</reference>
          <reference href="https://www.cisecurity.org/benchmark/ubuntu_linux/">6.2.3.4</reference>
          <reference href="https://docs-prv.pcisecuritystandards.org/PCI%20DSS/Standard/PCI-DSS-v4_0.pdf">10.6.3</reference>
          <reference href="https://docs-prv.pcisecuritystandards.org/PCI%20DSS/Standard/PCI-DSS-v4_0.pdf">10.6</reference>
          <rationale xmlns:xhtml="http://www.w3.org/1999/xhtml" xml:lang="en-US">Arbitrary changes to the system time can be used to obfuscate
nefarious activities in log files, as well as to confuse network services that
are highly dependent upon an accurate system time (such as sshd). All changes
to the system time should be audited.</rationale>
          <fix xmlns:xhtml="http://www.w3.org/1999/xhtml" id="audit_rules_time_adjtimex" system="urn:xccdf:fix:script:ansible" complexity="low" disruption="low" strategy="restrict">- name: Gather the package facts
  package_facts:
    manager: auto
  tags:
  - CJIS-5.4.1.1
  - NIST-800-171-3.1.7
  - NIST-800-53-AC-6(9)
  - NIST-800-53-AU-12(c)
  - NIST-800-53-AU-2(d)
  - NIST-800-53-CM-6(a)
  - PCI-DSS-Req-10.4.2.b
  - PCI-DSSv4-10.6
  - PCI-DSSv4-10.6.3
  - audit_rules_time_adjtimex
  - low_complexity
  - low_disruption
  - medium_severity
  - no_reboot_needed
  - restrict_strategy

- name: Set architecture for audit tasks
  set_fact:
    audit_arch: b64
  when:
  - '"auditd" in ansible_facts.packages'
  - '"linux-base" in ansible_facts.packages'
  - ansible_architecture == "aarch64" or ansible_architecture == "ppc64" or ansible_architecture
    == "ppc64le" or ansible_architecture == "s390x" or ansible_architecture == "x86_64"
  tags:
  - CJIS-5.4.1.1
  - NIST-800-171-3.1.7
  - NIST-800-53-AC-6(9)
  - NIST-800-53-AU-12(c)
  - NIST-800-53-AU-2(d)
  - NIST-800-53-CM-6(a)
  - PCI-DSS-Req-10.4.2.b
  - PCI-DSSv4-10.6
  - PCI-DSSv4-10.6.3
  - audit_rules_time_adjtimex
  - low_complexity
  - low_disruption
  - medium_severity
  - no_reboot_needed
  - restrict_strategy

- name: Perform remediation of Audit rules for adjtimex for 32bit platform
  block:

  - name: Declare list of syscalls
    set_fact:
      syscalls:
      - adjtimex
      syscall_grouping:
      - adjtimex
      - settimeofday
      - stime

  - name: Check existence of adjtimex in /etc/audit/rules.d/
    find:
      paths: /etc/audit/rules.d
      contains: -a always,exit -F arch=b32(( -S |,)\w+)*(( -S |,){{ item }})+(( -S
        |,)\w+)* (-k\s+|-F\s+key=)\S+\s*$
      patterns: '*.rules'
    register: find_command
    loop: '{{ (syscall_grouping + syscalls) | unique }}'

  - name: Reset syscalls found per file
    set_fact:
      syscalls_per_file: {}
      found_paths_dict: {}

  - name: Declare syscalls found per file
    set_fact: syscalls_per_file="{{ syscalls_per_file | combine( {item.files[0].path
      :[item.item] + syscalls_per_file.get(item.files[0].path, []) } ) }}"
    loop: '{{ find_command.results | selectattr(''matched'') | list }}'

  - name: Declare files where syscalls were found
    set_fact: found_paths="{{ find_command.results | map(attribute='files') | flatten
      | map(attribute='path') | list }}"

  - name: Count occurrences of syscalls in paths
    set_fact: found_paths_dict="{{ found_paths_dict | combine({ item:1+found_paths_dict.get(item,
      0) }) }}"
    loop: '{{ find_command.results | map(attribute=''files'') | flatten | map(attribute=''path'')
      | list }}'

  - name: Get path with most syscalls
    set_fact: audit_file="{{ (found_paths_dict | dict2items() | sort(attribute='value')
      | last).key }}"
    when: found_paths | length &gt;= 1

  - name: No file with syscall found, set path to /etc/audit/rules.d/audit_time_rules.rules
    set_fact: audit_file="/etc/audit/rules.d/audit_time_rules.rules"
    when: found_paths | length == 0

  - name: Declare found syscalls
    set_fact: syscalls_found="{{ find_command.results | selectattr('matched') | map(attribute='item')
      | list }}"

  - name: Declare missing syscalls
    set_fact: missing_syscalls="{{ syscalls | difference(syscalls_found) }}"

  - name: Replace the audit rule in {{ audit_file }}
    lineinfile:
      path: '{{ audit_file }}'
      regexp: (-a always,exit -F arch=b32)(?=.*(?:(?:-S |,)(?:{{ syscalls_per_file[audit_file]
        | join("|") }}))\b)((?:( -S |,)\w+)+)( (?:-k |-F key=)\w+)
      line: \1\2\3{{ missing_syscalls | join("\3") }}\4
      backrefs: true
      state: present
      mode: g-rwx,o-rwx
    when: syscalls_found | length &gt; 0 and missing_syscalls | length &gt; 0

  - name: Add the audit rule to {{ audit_file }}
    lineinfile:
      path: '{{ audit_file }}'
      line: -a always,exit -F arch=b32 -S {{ syscalls | join(',') }} -F key=audit_time_rules
      create: true
      mode: g-rwx,o-rwx
      state: present
    when: syscalls_found | length == 0

  - name: Declare list of syscalls
    set_fact:
      syscalls:
      - adjtimex
      syscall_grouping:
      - adjtimex
      - settimeofday
      - stime

  - name: Check existence of adjtimex in /etc/audit/audit.rules
    find:
      paths: /etc/audit
      contains: -a always,exit -F arch=b32(( -S |,)\w+)*(( -S |,){{ item }})+(( -S
        |,)\w+)* (-k\s+|-F\s+key=)\S+\s*$
      patterns: audit.rules
    register: find_command
    loop: '{{ (syscall_grouping + syscalls) | unique }}'

  - name: Set path to /etc/audit/audit.rules
    set_fact: audit_file="/etc/audit/audit.rules"

  - name: Declare found syscalls
    set_fact: syscalls_found="{{ find_command.results | selectattr('matched') | map(attribute='item')
      | list }}"

  - name: Declare missing syscalls
    set_fact: missing_syscalls="{{ syscalls | difference(syscalls_found) }}"

  - name: Replace the audit rule in {{ audit_file }}
    lineinfile:
      path: '{{ audit_file }}'
      regexp: (-a always,exit -F arch=b32)(?=.*(?:(?:-S |,)(?:{{ syscalls_found |
        join("|") }}))\b)((?:( -S |,)\w+)+)( (?:-k |-F key=)\w+)
      line: \1\2\3{{ missing_syscalls | join("\3") }}\4
      backrefs: true
      state: present
      mode: g-rwx,o-rwx
    when: syscalls_found | length &gt; 0 and missing_syscalls | length &gt; 0

  - name: Add the audit rule to {{ audit_file }}
    lineinfile:
      path: '{{ audit_file }}'
      line: -a always,exit -F arch=b32 -S {{ syscalls | join(',') }} -F key=audit_time_rules
      create: true
      mode: g-rwx,o-rwx
      state: present
    when: syscalls_found | length == 0
  when:
  - '"auditd" in ansible_facts.packages'
  - '"linux-base" in ansible_facts.packages'
  tags:
  - CJIS-5.4.1.1
  - NIST-800-171-3.1.7
  - NIST-800-53-AC-6(9)
  - NIST-800-53-AU-12(c)
  - NIST-800-53-AU-2(d)
  - NIST-800-53-CM-6(a)
  - PCI-DSS-Req-10.4.2.b
  - PCI-DSSv4-10.6
  - PCI-DSSv4-10.6.3
  - audit_rules_time_adjtimex
  - low_complexity
  - low_disruption
  - medium_severity
  - no_reboot_needed
  - restrict_strategy

- name: Perform remediation of Audit rules for adjtimex for 64bit platform
  block:

  - name: Declare list of syscalls
    set_fact:
      syscalls:
      - adjtimex
      syscall_grouping:
      - adjtimex
      - settimeofday

  - name: Check existence of adjtimex in /etc/audit/rules.d/
    find:
      paths: /etc/audit/rules.d
      contains: -a always,exit -F arch=b64(( -S |,)\w+)*(( -S |,){{ item }})+(( -S
        |,)\w+)* (-k\s+|-F\s+key=)\S+\s*$
      patterns: '*.rules'
    register: find_command
    loop: '{{ (syscall_grouping + syscalls) | unique }}'

  - name: Reset syscalls found per file
    set_fact:
      syscalls_per_file: {}
      found_paths_dict: {}

  - name: Declare syscalls found per file
    set_fact: syscalls_per_file="{{ syscalls_per_file | combine( {item.files[0].path
      :[item.item] + syscalls_per_file.get(item.files[0].path, []) } ) }}"
    loop: '{{ find_command.results | selectattr(''matched'') | list }}'

  - name: Declare files where syscalls were found
    set_fact: found_paths="{{ find_command.results | map(attribute='files') | flatten
      | map(attribute='path') | list }}"

  - name: Count occurrences of syscalls in paths
    set_fact: found_paths_dict="{{ found_paths_dict | combine({ item:1+found_paths_dict.get(item,
      0) }) }}"
    loop: '{{ find_command.results | map(attribute=''files'') | flatten | map(attribute=''path'')
      | list }}'

  - name: Get path with most syscalls
    set_fact: audit_file="{{ (found_paths_dict | dict2items() | sort(attribute='value')
      | last).key }}"
    when: found_paths | length &gt;= 1

  - name: No file with syscall found, set path to /etc/audit/rules.d/audit_time_rules.rules
    set_fact: audit_file="/etc/audit/rules.d/audit_time_rules.rules"
    when: found_paths | length == 0

  - name: Declare found syscalls
    set_fact: syscalls_found="{{ find_command.results | selectattr('matched') | map(attribute='item')
      | list }}"

  - name: Declare missing syscalls
    set_fact: missing_syscalls="{{ syscalls | difference(syscalls_found) }}"

  - name: Replace the audit rule in {{ audit_file }}
    lineinfile:
      path: '{{ audit_file }}'
      regexp: (-a always,exit -F arch=b64)(?=.*(?:(?:-S |,)(?:{{ syscalls_per_file[audit_file]
        | join("|") }}))\b)((?:( -S |,)\w+)+)( (?:-k |-F key=)\w+)
      line: \1\2\3{{ missing_syscalls | join("\3") }}\4
      backrefs: true
      state: present
      mode: g-rwx,o-rwx
    when: syscalls_found | length &gt; 0 and missing_syscalls | length &gt; 0

  - name: Add the audit rule to {{ audit_file }}
    lineinfile:
      path: '{{ audit_file }}'
      line: -a always,exit -F arch=b64 -S {{ syscalls | join(',') }} -F key=audit_time_rules
      create: true
      mode: g-rwx,o-rwx
      state: present
    when: syscalls_found | length == 0

  - name: Declare list of syscalls
    set_fact:
      syscalls:
      - adjtimex
      syscall_grouping:
      - adjtimex
      - settimeofday
      - stime

  - name: Check existence of adjtimex in /etc/audit/audit.rules
    find:
      paths: /etc/audit
      contains: -a always,exit -F arch=b64(( -S |,)\w+)*(( -S |,){{ item }})+(( -S
        |,)\w+)* (-k\s+|-F\s+key=)\S+\s*$
      patterns: audit.rules
    register: find_command
    loop: '{{ (syscall_grouping + syscalls) | unique }}'

  - name: Set path to /etc/audit/audit.rules
    set_fact: audit_file="/etc/audit/audit.rules"

  - name: Declare found syscalls
    set_fact: syscalls_found="{{ find_command.results | selectattr('matched') | map(attribute='item')
      | list }}"

  - name: Declare missing syscalls
    set_fact: missing_syscalls="{{ syscalls | difference(syscalls_found) }}"

  - name: Replace the audit rule in {{ audit_file }}
    lineinfile:
      path: '{{ audit_file }}'
      regexp: (-a always,exit -F arch=b64)(?=.*(?:(?:-S |,)(?:{{ syscalls_found |
        join("|") }}))\b)((?:( -S |,)\w+)+)( (?:-k |-F key=)\w+)
      line: \1\2\3{{ missing_syscalls | join("\3") }}\4
      backrefs: true
      state: present
      mode: g-rwx,o-rwx
    when: syscalls_found | length &gt; 0 and missing_syscalls | length &gt; 0

  - name: Add the audit rule to {{ audit_file }}
    lineinfile:
      path: '{{ audit_file }}'
      line: -a always,exit -F arch=b64 -S {{ syscalls | join(',') }} -F key=audit_time_rules
      create: true
      mode: g-rwx,o-rwx
      state: present
    when: syscalls_found | length == 0
  when:
  - '"auditd" in ansible_facts.packages'
  - '"linux-base" in ansible_facts.packages'
  - audit_arch == "b64"
  tags:
  - CJIS-5.4.1.1
  - NIST-800-171-3.1.7
  - NIST-800-53-AC-6(9)
  - NIST-800-53-AU-12(c)
  - NIST-800-53-AU-2(d)
  - NIST-800-53-CM-6(a)
  - PCI-DSS-Req-10.4.2.b
  - PCI-DSSv4-10.6
  - PCI-DSSv4-10.6.3
  - audit_rules_time_adjtimex
  - low_complexity
  - low_disruption
  - medium_severity
  - no_reboot_needed
  - restrict_strategy
</fix>
          <fix xmlns:xhtml="http://www.w3.org/1999/xhtml" id="audit_rules_time_adjtimex" system="urn:xccdf:fix:script:sh"># Remediation is applicable only in certain platforms
if dpkg-query --show --showformat='${db:Status-Status}
' 'linux-base' 2&gt;/dev/null | grep -q ^installed &amp;&amp; dpkg-query --show --showformat='${db:Status-Status}\n' 'auditd' 2&gt;/dev/null | grep -q '^installed'; then

# Retrieve hardware architecture of the underlying system
[ "$(getconf LONG_BIT)" = "32" ] &amp;&amp; RULE_ARCHS=("b32") || RULE_ARCHS=("b32" "b64")

for ARCH in "${RULE_ARCHS[@]}"
do
    # Create expected audit group and audit rule form for particular system call &amp; architecture
    if [ ${ARCH} = "b32" ]
    then
        ACTION_ARCH_FILTERS="-a always,exit -F arch=$ARCH"
        # stime system call is known at 32-bit arch (see e.g "$ ausyscall i386 stime" 's output)
        # so append it to the list of time group system calls to be audited
        SYSCALL="adjtimex settimeofday stime"
        SYSCALL_GROUPING="adjtimex settimeofday stime"
    elif [ ${ARCH} = "b64" ]
    then
        ACTION_ARCH_FILTERS="-a always,exit -F arch=$ARCH"
        # stime system call isn't known at 64-bit arch (see "$ ausyscall x86_64 stime" 's output)
        # therefore don't add it to the list of time group system calls to be audited
        SYSCALL="adjtimex settimeofday"
        SYSCALL_GROUPING="adjtimex settimeofday"
    fi
    OTHER_FILTERS=""
    AUID_FILTERS=""
    KEY="audit_time_rules"
    # Perform the remediation for both possible tools: 'auditctl' and 'augenrules'
    unset syscall_a
    unset syscall_grouping
    unset syscall_string
    unset syscall
    unset file_to_edit
    unset rule_to_edit
    unset rule_syscalls_to_edit
    unset other_string
    unset auid_string
    unset full_rule

    # Load macro arguments into arrays
    read -a syscall_a &lt;&lt;&lt; $SYSCALL
    read -a syscall_grouping &lt;&lt;&lt; $SYSCALL_GROUPING

    # Create a list of audit *.rules files that should be inspected for presence and correctness
    # of a particular audit rule. The scheme is as follows:
    #
    # -----------------------------------------------------------------------------------------
    #  Tool used to load audit rules | Rule already defined  |  Audit rules file to inspect    |
    # -----------------------------------------------------------------------------------------
    #        auditctl                |     Doesn't matter    |  /etc/audit/audit.rules         |
    # -----------------------------------------------------------------------------------------
    #        augenrules              |          Yes          |  /etc/audit/rules.d/*.rules     |
    #        augenrules              |          No           |  /etc/audit/rules.d/$key.rules  |
    # -----------------------------------------------------------------------------------------
    #
    files_to_inspect=()

    # If audit tool is 'augenrules', then check if the audit rule is defined
    # If rule is defined, add '/etc/audit/rules.d/*.rules' to the list for inspection
    # If rule isn't defined yet, add '/etc/audit/rules.d/$key.rules' to the list for inspection
    default_file="/etc/audit/rules.d/$KEY.rules"
    # As other_filters may include paths, lets use a different delimiter for it
    # The "F" script expression tells sed to print the filenames where the expressions matched
    readarray -t files_to_inspect &lt; &lt;(sed -s -n -e "/^$ACTION_ARCH_FILTERS/!d" -e "\#$OTHER_FILTERS#!d" -e "/$AUID_FILTERS/!d" -e "F" /etc/audit/rules.d/*.rules)
    # Case when particular rule isn't defined in /etc/audit/rules.d/*.rules yet
    if [ ${#files_to_inspect[@]} -eq "0" ]
    then
        file_to_inspect="/etc/audit/rules.d/$KEY.rules"
        files_to_inspect=("$file_to_inspect")
        if [ ! -e "$file_to_inspect" ]
        then
            touch "$file_to_inspect"
            chmod 0600 "$file_to_inspect"
        fi
    fi

    # After converting to jinja, we cannot return; therefore we skip the rest of the macro if needed instead
    skip=1

    for audit_file in "${files_to_inspect[@]}"
    do
        # Filter existing $audit_file rules' definitions to select those that satisfy the rule pattern,
        # i.e, collect rules that match:
        # * the action, list and arch, (2-nd argument)
        # * the other filters, (3-rd argument)
        # * the auid filters, (4-rd argument)
        readarray -t similar_rules &lt; &lt;(sed -e "/^$ACTION_ARCH_FILTERS/!d"  -e "\#$OTHER_FILTERS#!d" -e "/$AUID_FILTERS/!d" "$audit_file")

        candidate_rules=()
        # Filter out rules that have more fields then required. This will remove rules more specific than the required scope
        for s_rule in "${similar_rules[@]}"
        do
            # Strip all the options and fields we know of,
            # than check if there was any field left over
            extra_fields=$(sed -E -e "s/^$ACTION_ARCH_FILTERS//"  -e "s#$OTHER_FILTERS##" -e "s/$AUID_FILTERS//" -e "s/((:?-S [[:alnum:],]+)+)//g" -e "s/-F key=\w+|-k \w+//"&lt;&lt;&lt; "$s_rule")
            grep -q -- "-F" &lt;&lt;&lt; "$extra_fields" || candidate_rules+=("$s_rule")
        done

        if [[ ${#syscall_a[@]} -ge 1 ]]
        then
            # Check if the syscall we want is present in any of the similar existing rules
            for rule in "${candidate_rules[@]}"
            do
                rule_syscalls=$(echo "$rule" | grep -o -P '(-S [\w,]+)+' | xargs)
                all_syscalls_found=0
                for syscall in "${syscall_a[@]}"
                do
                    grep -q -- "\b${syscall}\b" &lt;&lt;&lt; "$rule_syscalls" || {
                       # A syscall was not found in the candidate rule
                       all_syscalls_found=1
                       }
                done
                if [[ $all_syscalls_found -eq 0 ]]
                then
                    # We found a rule with all the syscall(s) we want; skip rest of macro
                    skip=0
                    break
                fi

                # Check if this rule can be grouped with our target syscall and keep track of it
                for syscall_g in "${syscall_grouping[@]}"
                do
                    if grep -q -- "\b${syscall_g}\b" &lt;&lt;&lt; "$rule_syscalls"
                    then
                        file_to_edit=${audit_file}
                        rule_to_edit=${rule}
                        rule_syscalls_to_edit=${rule_syscalls}
                    fi
                done
            done
        else
            # If there is any candidate rule, it is compliant; skip rest of macro
            if [ "${#candidate_rules[@]}" -gt 0 ]
            then
                skip=0
            fi
        fi

        if [ "$skip" -eq 0 ]; then
            break
        fi
    done

    if [ "$skip" -ne 0 ]; then
        # We checked all rules that matched the expected resemblance pattern (action, arch &amp; auid)
        # At this point we know if we need to either append the $full_rule or group
        # the syscall together with an exsiting rule

        # Append the full_rule if it cannot be grouped to any other rule
        if [ -z ${rule_to_edit+x} ]
        then
            # Build full_rule while avoid adding double spaces when other_filters is empty
            if [ "${#syscall_a[@]}" -gt 0 ]
            then
                syscall_string=""
                for syscall in "${syscall_a[@]}"
                do
                    syscall_string+=" -S $syscall"
                done
            fi
            other_string=$([[ $OTHER_FILTERS ]] &amp;&amp; echo " $OTHER_FILTERS") || /bin/true
            auid_string=$([[ $AUID_FILTERS ]] &amp;&amp; echo " $AUID_FILTERS") || /bin/true
            full_rule="$ACTION_ARCH_FILTERS${syscall_string}${other_string}${auid_string} -F key=$KEY" || /bin/true
            echo "$full_rule" &gt;&gt; "$default_file"
            chmod 0600 ${default_file}
        else
            # Check if the syscalls are declared as a comma separated list or
            # as multiple -S parameters
            if grep -q -- "," &lt;&lt;&lt; "${rule_syscalls_to_edit}"
            then
                delimiter=","
            else
                delimiter=" -S "
            fi
            new_grouped_syscalls="${rule_syscalls_to_edit}"
            for syscall in "${syscall_a[@]}"
            do
                grep -q -- "\b${syscall}\b" &lt;&lt;&lt; "${rule_syscalls_to_edit}" || {
                   # A syscall was not found in the candidate rule
                   new_grouped_syscalls+="${delimiter}${syscall}"
                   }
            done

            # Group the syscall in the rule
            sed -i -e "\#${rule_to_edit}#s#${rule_syscalls_to_edit}#${new_grouped_syscalls}#" "$file_to_edit"
        fi
    fi
    unset syscall_a
    unset syscall_grouping
    unset syscall_string
    unset syscall
    unset file_to_edit
    unset rule_to_edit
    unset rule_syscalls_to_edit
    unset other_string
    unset auid_string
    unset full_rule

    # Load macro arguments into arrays
    read -a syscall_a &lt;&lt;&lt; $SYSCALL
    read -a syscall_grouping &lt;&lt;&lt; $SYSCALL_GROUPING

    # Create a list of audit *.rules files that should be inspected for presence and correctness
    # of a particular audit rule. The scheme is as follows:
    #
    # -----------------------------------------------------------------------------------------
    #  Tool used to load audit rules | Rule already defined  |  Audit rules file to inspect    |
    # -----------------------------------------------------------------------------------------
    #        auditctl                |     Doesn't matter    |  /etc/audit/audit.rules         |
    # -----------------------------------------------------------------------------------------
    #        augenrules              |          Yes          |  /etc/audit/rules.d/*.rules     |
    #        augenrules              |          No           |  /etc/audit/rules.d/$key.rules  |
    # -----------------------------------------------------------------------------------------
    #
    files_to_inspect=()


    # If audit tool is 'auditctl', then add '/etc/audit/audit.rules'
    # file to the list of files to be inspected
    default_file="/etc/audit/audit.rules"
    files_to_inspect+=('/etc/audit/audit.rules' )

    # After converting to jinja, we cannot return; therefore we skip the rest of the macro if needed instead
    skip=1

    for audit_file in "${files_to_inspect[@]}"
    do
        # Filter existing $audit_file rules' definitions to select those that satisfy the rule pattern,
        # i.e, collect rules that match:
        # * the action, list and arch, (2-nd argument)
        # * the other filters, (3-rd argument)
        # * the auid filters, (4-rd argument)
        readarray -t similar_rules &lt; &lt;(sed -e "/^$ACTION_ARCH_FILTERS/!d"  -e "\#$OTHER_FILTERS#!d" -e "/$AUID_FILTERS/!d" "$audit_file")

        candidate_rules=()
        # Filter out rules that have more fields then required. This will remove rules more specific than the required scope
        for s_rule in "${similar_rules[@]}"
        do
            # Strip all the options and fields we know of,
            # than check if there was any field left over
            extra_fields=$(sed -E -e "s/^$ACTION_ARCH_FILTERS//"  -e "s#$OTHER_FILTERS##" -e "s/$AUID_FILTERS//" -e "s/((:?-S [[:alnum:],]+)+)//g" -e "s/-F key=\w+|-k \w+//"&lt;&lt;&lt; "$s_rule")
            grep -q -- "-F" &lt;&lt;&lt; "$extra_fields" || candidate_rules+=("$s_rule")
        done

        if [[ ${#syscall_a[@]} -ge 1 ]]
        then
            # Check if the syscall we want is present in any of the similar existing rules
            for rule in "${candidate_rules[@]}"
            do
                rule_syscalls=$(echo "$rule" | grep -o -P '(-S [\w,]+)+' | xargs)
                all_syscalls_found=0
                for syscall in "${syscall_a[@]}"
                do
                    grep -q -- "\b${syscall}\b" &lt;&lt;&lt; "$rule_syscalls" || {
                       # A syscall was not found in the candidate rule
                       all_syscalls_found=1
                       }
                done
                if [[ $all_syscalls_found -eq 0 ]]
                then
                    # We found a rule with all the syscall(s) we want; skip rest of macro
                    skip=0
                    break
                fi

                # Check if this rule can be grouped with our target syscall and keep track of it
                for syscall_g in "${syscall_grouping[@]}"
                do
                    if grep -q -- "\b${syscall_g}\b" &lt;&lt;&lt; "$rule_syscalls"
                    then
                        file_to_edit=${audit_file}
                        rule_to_edit=${rule}
                        rule_syscalls_to_edit=${rule_syscalls}
                    fi
                done
            done
        else
            # If there is any candidate rule, it is compliant; skip rest of macro
            if [ "${#candidate_rules[@]}" -gt 0 ]
            then
                skip=0
            fi
        fi

        if [ "$skip" -eq 0 ]; then
            break
        fi
    done

    if [ "$skip" -ne 0 ]; then
        # We checked all rules that matched the expected resemblance pattern (action, arch &amp; auid)
        # At this point we know if we need to either append the $full_rule or group
        # the syscall together with an exsiting rule

        # Append the full_rule if it cannot be grouped to any other rule
        if [ -z ${rule_to_edit+x} ]
        then
            # Build full_rule while avoid adding double spaces when other_filters is empty
            if [ "${#syscall_a[@]}" -gt 0 ]
            then
                syscall_string=""
                for syscall in "${syscall_a[@]}"
                do
                    syscall_string+=" -S $syscall"
                done
            fi
            other_string=$([[ $OTHER_FILTERS ]] &amp;&amp; echo " $OTHER_FILTERS") || /bin/true
            auid_string=$([[ $AUID_FILTERS ]] &amp;&amp; echo " $AUID_FILTERS") || /bin/true
            full_rule="$ACTION_ARCH_FILTERS${syscall_string}${other_string}${auid_string} -F key=$KEY" || /bin/true
            echo "$full_rule" &gt;&gt; "$default_file"
            chmod 0600 ${default_file}
        else
            # Check if the syscalls are declared as a comma separated list or
            # as multiple -S parameters
            if grep -q -- "," &lt;&lt;&lt; "${rule_syscalls_to_edit}"
            then
                delimiter=","
            else
                delimiter=" -S "
            fi
            new_grouped_syscalls="${rule_syscalls_to_edit}"
            for syscall in "${syscall_a[@]}"
            do
                grep -q -- "\b${syscall}\b" &lt;&lt;&lt; "${rule_syscalls_to_edit}" || {
                   # A syscall was not found in the candidate rule
                   new_grouped_syscalls+="${delimiter}${syscall}"
                   }
            done

            # Group the syscall in the rule
            sed -i -e "\#${rule_to_edit}#s#${rule_syscalls_to_edit}#${new_grouped_syscalls}#" "$file_to_edit"
        fi
    fi
done

else
    &gt;&amp;2 echo 'Remediation is not applicable, nothing was done'
fi
</fix>
          <check system="http://oval.mitre.org/XMLSchema/oval-definitions-5">
            <check-content-ref name="oval:ssg-audit_rules_time_adjtimex:def:1" href="ssg-ubuntu2404-oval.xml"/>
          </check>
          <check system="http://scap.nist.gov/schema/ocil/2">
            <check-content-ref name="ocil:ssg-audit_rules_time_adjtimex_ocil:questionnaire:1" href="ssg-ubuntu2404-ocil.xml"/>
          </check>
        </Rule>
        <Rule id="xccdf_org.ssgproject.content_rule_audit_rules_time_clock_settime" selected="false" role="full" severity="medium">
          <title xmlns:xhtml="http://www.w3.org/1999/xhtml" xml:lang="en-US">Record Attempts to Alter Time Through clock_settime</title>
          <description xmlns:xhtml="http://www.w3.org/1999/xhtml" xml:lang="en-US">If the <html:code xmlns:html="http://www.w3.org/1999/xhtml">auditd</html:code> daemon is configured to use the
<html:code xmlns:html="http://www.w3.org/1999/xhtml">augenrules</html:code> program to read audit rules during daemon startup (the
default), add the following line to a file with suffix <html:code xmlns:html="http://www.w3.org/1999/xhtml">.rules</html:code> in the
directory <html:code xmlns:html="http://www.w3.org/1999/xhtml">/etc/audit/rules.d</html:code>:
<html:pre xmlns:html="http://www.w3.org/1999/xhtml">-a always,exit -F arch=b32 -S clock_settime -F a0=0x0 -F key=time-change</html:pre>
If the system is 64 bit then also add the following line:
<html:pre xmlns:html="http://www.w3.org/1999/xhtml">-a always,exit -F arch=b64 -S clock_settime -F a0=0x0 -F key=time-change</html:pre>
If the <html:code xmlns:html="http://www.w3.org/1999/xhtml">auditd</html:code> daemon is configured to use the <html:code xmlns:html="http://www.w3.org/1999/xhtml">auditctl</html:code>
utility to read audit rules during daemon startup, add the following line to
<html:code xmlns:html="http://www.w3.org/1999/xhtml">/etc/audit/audit.rules</html:code> file:
<html:pre xmlns:html="http://www.w3.org/1999/xhtml">-a always,exit -F arch=b32 -S clock_settime -F a0=0x0 -F key=time-change</html:pre>
If the system is 64 bit then also add the following line:
<html:pre xmlns:html="http://www.w3.org/1999/xhtml">-a always,exit -F arch=b64 -S clock_settime -F a0=0x0 -F key=time-change</html:pre>
The -k option allows for the specification of a key in string form that can
be used for better reporting capability through ausearch and aureport.
Multiple system calls can be defined on the same line to save space if
desired, but is not required. See an example of multiple combined syscalls:
<html:pre xmlns:html="http://www.w3.org/1999/xhtml">-a always,exit -F arch=b64 -S adjtimex,settimeofday -F key=audit_time_rules</html:pre>
       </description>
          <reference href="https://www.cisecurity.org/controls/">1</reference>
          <reference href="https://www.cisecurity.org/controls/">11</reference>
          <reference href="https://www.cisecurity.org/controls/">12</reference>
          <reference href="https://www.cisecurity.org/controls/">13</reference>
          <reference href="https://www.cisecurity.org/controls/">14</reference>
          <reference href="https://www.cisecurity.org/controls/">15</reference>
          <reference href="https://www.cisecurity.org/controls/">16</reference>
          <reference href="https://www.cisecurity.org/controls/">19</reference>
          <reference href="https://www.cisecurity.org/controls/">2</reference>
          <reference href="https://www.cisecurity.org/controls/">3</reference>
          <reference href="https://www.cisecurity.org/controls/">4</reference>
          <reference href="https://www.cisecurity.org/controls/">5</reference>
          <reference href="https://www.cisecurity.org/controls/">6</reference>
          <reference href="https://www.cisecurity.org/controls/">7</reference>
          <reference href="https://www.cisecurity.org/controls/">8</reference>
          <reference href="https://www.cisecurity.org/controls/">9</reference>
          <reference href="https://www.fbi.gov/file-repository/cjis-security-policy-v5_5_20160601-2-1.pdf">5.4.1.1</reference>
          <reference href="https://www.isaca.org/resources/cobit">APO10.01</reference>
          <reference href="https://www.isaca.org/resources/cobit">APO10.03</reference>
          <reference href="https://www.isaca.org/resources/cobit">APO10.04</reference>
          <reference href="https://www.isaca.org/resources/cobit">APO10.05</reference>
          <reference href="https://www.isaca.org/resources/cobit">APO11.04</reference>
          <reference href="https://www.isaca.org/resources/cobit">APO12.06</reference>
          <reference href="https://www.isaca.org/resources/cobit">APO13.01</reference>
          <reference href="https://www.isaca.org/resources/cobit">BAI03.05</reference>
          <reference href="https://www.isaca.org/resources/cobit">BAI08.02</reference>
          <reference href="https://www.isaca.org/resources/cobit">DSS01.03</reference>
          <reference href="https://www.isaca.org/resources/cobit">DSS01.04</reference>
          <reference href="https://www.isaca.org/resources/cobit">DSS02.02</reference>
          <reference href="https://www.isaca.org/resources/cobit">DSS02.04</reference>
          <reference href="https://www.isaca.org/resources/cobit">DSS02.07</reference>
          <reference href="https://www.isaca.org/resources/cobit">DSS03.01</reference>
          <reference href="https://www.isaca.org/resources/cobit">DSS03.05</reference>
          <reference href="https://www.isaca.org/resources/cobit">DSS05.02</reference>
          <reference href="https://www.isaca.org/resources/cobit">DSS05.03</reference>
          <reference href="https://www.isaca.org/resources/cobit">DSS05.04</reference>
          <reference href="https://www.isaca.org/resources/cobit">DSS05.05</reference>
          <reference href="https://www.isaca.org/resources/cobit">DSS05.07</reference>
          <reference href="https://www.isaca.org/resources/cobit">MEA01.01</reference>
          <reference href="https://www.isaca.org/resources/cobit">MEA01.02</reference>
          <reference href="https://www.isaca.org/resources/cobit">MEA01.03</reference>
          <reference href="https://www.isaca.org/resources/cobit">MEA01.04</reference>
          <reference href="https://www.isaca.org/resources/cobit">MEA01.05</reference>
          <reference href="https://www.isaca.org/resources/cobit">MEA02.01</reference>
          <reference href="http://nvlpubs.nist.gov/nistpubs/SpecialPublications/NIST.SP.800-171.pdf">3.1.7</reference>
          <reference href="https://public.cyber.mil/stigs/cci/">CCI-001487</reference>
          <reference href="https://public.cyber.mil/stigs/cci/">CCI-000169</reference>
          <reference href="https://www.gpo.gov/fdsys/pkg/CFR-2007-title45-vol1/pdf/CFR-2007-title45-vol1-chapA-subchapC.pdf">164.308(a)(1)(ii)(D)</reference>
          <reference href="https://www.gpo.gov/fdsys/pkg/CFR-2007-title45-vol1/pdf/CFR-2007-title45-vol1-chapA-subchapC.pdf">164.308(a)(3)(ii)(A)</reference>
          <reference href="https://www.gpo.gov/fdsys/pkg/CFR-2007-title45-vol1/pdf/CFR-2007-title45-vol1-chapA-subchapC.pdf">164.308(a)(5)(ii)(C)</reference>
          <reference href="https://www.gpo.gov/fdsys/pkg/CFR-2007-title45-vol1/pdf/CFR-2007-title45-vol1-chapA-subchapC.pdf">164.312(a)(2)(i)</reference>
          <reference href="https://www.gpo.gov/fdsys/pkg/CFR-2007-title45-vol1/pdf/CFR-2007-title45-vol1-chapA-subchapC.pdf">164.312(b)</reference>
          <reference href="https://www.gpo.gov/fdsys/pkg/CFR-2007-title45-vol1/pdf/CFR-2007-title45-vol1-chapA-subchapC.pdf">164.312(d)</reference>
          <reference href="https://www.gpo.gov/fdsys/pkg/CFR-2007-title45-vol1/pdf/CFR-2007-title45-vol1-chapA-subchapC.pdf">164.312(e)</reference>
          <reference href="https://www.isa.org/products/isa-62443-2-1-2009-security-for-industrial-automat">4.2.3.10</reference>
          <reference href="https://www.isa.org/products/isa-62443-2-1-2009-security-for-industrial-automat">4.3.2.6.7</reference>
          <reference href="https://www.isa.org/products/isa-62443-2-1-2009-security-for-industrial-automat">4.3.3.3.9</reference>
          <reference href="https://www.isa.org/products/isa-62443-2-1-2009-security-for-industrial-automat">4.3.3.5.8</reference>
          <reference href="https://www.isa.org/products/isa-62443-2-1-2009-security-for-industrial-automat">4.3.3.6.6</reference>
          <reference href="https://www.isa.org/products/isa-62443-2-1-2009-security-for-industrial-automat">4.3.4.4.7</reference>
          <reference href="https://www.isa.org/products/isa-62443-2-1-2009-security-for-industrial-automat">4.3.4.5.6</reference>
          <reference href="https://www.isa.org/products/isa-62443-2-1-2009-security-for-industrial-automat">4.3.4.5.7</reference>
          <reference href="https://www.isa.org/products/isa-62443-2-1-2009-security-for-industrial-automat">4.3.4.5.8</reference>
          <reference href="https://www.isa.org/products/isa-62443-2-1-2009-security-for-industrial-automat">4.4.2.1</reference>
          <reference href="https://www.isa.org/products/isa-62443-2-1-2009-security-for-industrial-automat">4.4.2.2</reference>
          <reference href="https://www.isa.org/products/isa-62443-2-1-2009-security-for-industrial-automat">4.4.2.4</reference>
          <reference href="https://www.isa.org/products/ansi-isa-62443-3-3-99-03-03-2013-security-for-indu">SR 1.13</reference>
          <reference href="https://www.isa.org/products/ansi-isa-62443-3-3-99-03-03-2013-security-for-indu">SR 2.10</reference>
          <reference href="https://www.isa.org/products/ansi-isa-62443-3-3-99-03-03-2013-security-for-indu">SR 2.11</reference>
          <reference href="https://www.isa.org/products/ansi-isa-62443-3-3-99-03-03-2013-security-for-indu">SR 2.12</reference>
          <reference href="https://www.isa.org/products/ansi-isa-62443-3-3-99-03-03-2013-security-for-indu">SR 2.6</reference>
          <reference href="https://www.isa.org/products/ansi-isa-62443-3-3-99-03-03-2013-security-for-indu">SR 2.8</reference>
          <reference href="https://www.isa.org/products/ansi-isa-62443-3-3-99-03-03-2013-security-for-indu">SR 2.9</reference>
          <reference href="https://www.isa.org/products/ansi-isa-62443-3-3-99-03-03-2013-security-for-indu">SR 3.1</reference>
          <reference href="https://www.isa.org/products/ansi-isa-62443-3-3-99-03-03-2013-security-for-indu">SR 3.5</reference>
          <reference href="https://www.isa.org/products/ansi-isa-62443-3-3-99-03-03-2013-security-for-indu">SR 3.8</reference>
          <reference href="https://www.isa.org/products/ansi-isa-62443-3-3-99-03-03-2013-security-for-indu">SR 4.1</reference>
          <reference href="https://www.isa.org/products/ansi-isa-62443-3-3-99-03-03-2013-security-for-indu">SR 4.3</reference>
          <reference href="https://www.isa.org/products/ansi-isa-62443-3-3-99-03-03-2013-security-for-indu">SR 5.1</reference>
          <reference href="https://www.isa.org/products/ansi-isa-62443-3-3-99-03-03-2013-security-for-indu">SR 5.2</reference>
          <reference href="https://www.isa.org/products/ansi-isa-62443-3-3-99-03-03-2013-security-for-indu">SR 5.3</reference>
          <reference href="https://www.isa.org/products/ansi-isa-62443-3-3-99-03-03-2013-security-for-indu">SR 6.1</reference>
          <reference href="https://www.isa.org/products/ansi-isa-62443-3-3-99-03-03-2013-security-for-indu">SR 6.2</reference>
          <reference href="https://www.isa.org/products/ansi-isa-62443-3-3-99-03-03-2013-security-for-indu">SR 7.1</reference>
          <reference href="https://www.isa.org/products/ansi-isa-62443-3-3-99-03-03-2013-security-for-indu">SR 7.6</reference>
          <reference href="https://www.iso.org/contents/data/standard/05/45/54534.html">A.11.2.6</reference>
          <reference href="https://www.iso.org/contents/data/standard/05/45/54534.html">A.12.4.1</reference>
          <reference href="https://www.iso.org/contents/data/standard/05/45/54534.html">A.12.4.2</reference>
          <reference href="https://www.iso.org/contents/data/standard/05/45/54534.html">A.12.4.3</reference>
          <reference href="https://www.iso.org/contents/data/standard/05/45/54534.html">A.12.4.4</reference>
          <reference href="https://www.iso.org/contents/data/standard/05/45/54534.html">A.12.7.1</reference>
          <reference href="https://www.iso.org/contents/data/standard/05/45/54534.html">A.13.1.1</reference>
          <reference href="https://www.iso.org/contents/data/standard/05/45/54534.html">A.13.2.1</reference>
          <reference href="https://www.iso.org/contents/data/standard/05/45/54534.html">A.14.1.3</reference>
          <reference href="https://www.iso.org/contents/data/standard/05/45/54534.html">A.14.2.7</reference>
          <reference href="https://www.iso.org/contents/data/standard/05/45/54534.html">A.15.2.1</reference>
          <reference href="https://www.iso.org/contents/data/standard/05/45/54534.html">A.15.2.2</reference>
          <reference href="https://www.iso.org/contents/data/standard/05/45/54534.html">A.16.1.4</reference>
          <reference href="https://www.iso.org/contents/data/standard/05/45/54534.html">A.16.1.5</reference>
          <reference href="https://www.iso.org/contents/data/standard/05/45/54534.html">A.16.1.7</reference>
          <reference href="https://www.iso.org/contents/data/standard/05/45/54534.html">A.6.2.1</reference>
          <reference href="https://www.iso.org/contents/data/standard/05/45/54534.html">A.6.2.2</reference>
          <reference href="http://nvlpubs.nist.gov/nistpubs/SpecialPublications/NIST.SP.800-53r4.pdf">AU-2(d)</reference>
          <reference href="http://nvlpubs.nist.gov/nistpubs/SpecialPublications/NIST.SP.800-53r4.pdf">AU-12(c)</reference>
          <reference href="http://nvlpubs.nist.gov/nistpubs/SpecialPublications/NIST.SP.800-53r4.pdf">AC-6(9)</reference>
          <reference href="http://nvlpubs.nist.gov/nistpubs/SpecialPublications/NIST.SP.800-53r4.pdf">CM-6(a)</reference>
          <reference href="https://nvlpubs.nist.gov/nistpubs/CSWP/NIST.CSWP.04162018.pdf">DE.AE-3</reference>
          <reference href="https://nvlpubs.nist.gov/nistpubs/CSWP/NIST.CSWP.04162018.pdf">DE.AE-5</reference>
          <reference href="https://nvlpubs.nist.gov/nistpubs/CSWP/NIST.CSWP.04162018.pdf">DE.CM-1</reference>
          <reference href="https://nvlpubs.nist.gov/nistpubs/CSWP/NIST.CSWP.04162018.pdf">DE.CM-3</reference>
          <reference href="https://nvlpubs.nist.gov/nistpubs/CSWP/NIST.CSWP.04162018.pdf">DE.CM-7</reference>
          <reference href="https://nvlpubs.nist.gov/nistpubs/CSWP/NIST.CSWP.04162018.pdf">ID.SC-4</reference>
          <reference href="https://nvlpubs.nist.gov/nistpubs/CSWP/NIST.CSWP.04162018.pdf">PR.AC-3</reference>
          <reference href="https://nvlpubs.nist.gov/nistpubs/CSWP/NIST.CSWP.04162018.pdf">PR.PT-1</reference>
          <reference href="https://nvlpubs.nist.gov/nistpubs/CSWP/NIST.CSWP.04162018.pdf">PR.PT-4</reference>
          <reference href="https://nvlpubs.nist.gov/nistpubs/CSWP/NIST.CSWP.04162018.pdf">RS.AN-1</reference>
          <reference href="https://nvlpubs.nist.gov/nistpubs/CSWP/NIST.CSWP.04162018.pdf">RS.AN-4</reference>
          <reference href="https://www.pcisecuritystandards.org/documents/PCI_DSS_v3-2-1.pdf">Req-10.4.2.b</reference>
          <reference href="https://cyber.gouv.fr/sites/default/files/document/linux_configuration-en-v2.pdf">R73</reference>
          <reference href="https://www.cisecurity.org/benchmark/ubuntu_linux/">6.2.3.4</reference>
          <reference href="https://docs-prv.pcisecuritystandards.org/PCI%20DSS/Standard/PCI-DSS-v4_0.pdf">10.6.3</reference>
          <reference href="https://docs-prv.pcisecuritystandards.org/PCI%20DSS/Standard/PCI-DSS-v4_0.pdf">10.6</reference>
          <rationale xmlns:xhtml="http://www.w3.org/1999/xhtml" xml:lang="en-US">Arbitrary changes to the system time can be used to obfuscate
nefarious activities in log files, as well as to confuse network services that
are highly dependent upon an accurate system time (such as sshd). All changes
to the system time should be audited.</rationale>
          <fix xmlns:xhtml="http://www.w3.org/1999/xhtml" id="audit_rules_time_clock_settime" system="urn:xccdf:fix:script:ansible" complexity="low" disruption="low" strategy="restrict">- name: Gather the package facts
  package_facts:
    manager: auto
  tags:
  - CJIS-5.4.1.1
  - NIST-800-171-3.1.7
  - NIST-800-53-AC-6(9)
  - NIST-800-53-AU-12(c)
  - NIST-800-53-AU-2(d)
  - NIST-800-53-CM-6(a)
  - PCI-DSS-Req-10.4.2.b
  - PCI-DSSv4-10.6
  - PCI-DSSv4-10.6.3
  - audit_rules_time_clock_settime
  - low_complexity
  - low_disruption
  - medium_severity
  - no_reboot_needed
  - restrict_strategy

- name: Set architecture for audit tasks
  set_fact:
    audit_arch: b64
  when:
  - '"auditd" in ansible_facts.packages'
  - '"linux-base" in ansible_facts.packages'
  - ansible_architecture == "aarch64" or ansible_architecture == "ppc64" or ansible_architecture
    == "ppc64le" or ansible_architecture == "s390x" or ansible_architecture == "x86_64"
  tags:
  - CJIS-5.4.1.1
  - NIST-800-171-3.1.7
  - NIST-800-53-AC-6(9)
  - NIST-800-53-AU-12(c)
  - NIST-800-53-AU-2(d)
  - NIST-800-53-CM-6(a)
  - PCI-DSS-Req-10.4.2.b
  - PCI-DSSv4-10.6
  - PCI-DSSv4-10.6.3
  - audit_rules_time_clock_settime
  - low_complexity
  - low_disruption
  - medium_severity
  - no_reboot_needed
  - restrict_strategy

- name: Perform remediation of Audit rules for clock_settime for 32bit platform
  block:

  - name: Declare list of syscalls
    set_fact:
      syscalls:
      - clock_settime
      syscall_grouping: []

  - name: Check existence of clock_settime in /etc/audit/rules.d/
    find:
      paths: /etc/audit/rules.d
      contains: -a always,exit -F arch=b32(( -S |,)\w+)*(( -S |,){{ item }})+(( -S
        |,)\w+)* -F a0=0x0 (-k\s+|-F\s+key=)\S+\s*$
      patterns: '*.rules'
    register: find_command
    loop: '{{ (syscall_grouping + syscalls) | unique }}'

  - name: Reset syscalls found per file
    set_fact:
      syscalls_per_file: {}
      found_paths_dict: {}

  - name: Declare syscalls found per file
    set_fact: syscalls_per_file="{{ syscalls_per_file | combine( {item.files[0].path
      :[item.item] + syscalls_per_file.get(item.files[0].path, []) } ) }}"
    loop: '{{ find_command.results | selectattr(''matched'') | list }}'

  - name: Declare files where syscalls were found
    set_fact: found_paths="{{ find_command.results | map(attribute='files') | flatten
      | map(attribute='path') | list }}"

  - name: Count occurrences of syscalls in paths
    set_fact: found_paths_dict="{{ found_paths_dict | combine({ item:1+found_paths_dict.get(item,
      0) }) }}"
    loop: '{{ find_command.results | map(attribute=''files'') | flatten | map(attribute=''path'')
      | list }}'

  - name: Get path with most syscalls
    set_fact: audit_file="{{ (found_paths_dict | dict2items() | sort(attribute='value')
      | last).key }}"
    when: found_paths | length &gt;= 1

  - name: No file with syscall found, set path to /etc/audit/rules.d/time-change.rules
    set_fact: audit_file="/etc/audit/rules.d/time-change.rules"
    when: found_paths | length == 0

  - name: Declare found syscalls
    set_fact: syscalls_found="{{ find_command.results | selectattr('matched') | map(attribute='item')
      | list }}"

  - name: Declare missing syscalls
    set_fact: missing_syscalls="{{ syscalls | difference(syscalls_found) }}"

  - name: Replace the audit rule in {{ audit_file }}
    lineinfile:
      path: '{{ audit_file }}'
      regexp: (-a always,exit -F arch=b32)(?=.*(?:(?:-S |,)(?:{{ syscalls_per_file[audit_file]
        | join("|") }}))\b)((?:( -S |,)\w+)+)( -F a0=0x0 (?:-k |-F key=)\w+)
      line: \1\2\3{{ missing_syscalls | join("\3") }}\4
      backrefs: true
      state: present
      mode: g-rwx,o-rwx
    when: syscalls_found | length &gt; 0 and missing_syscalls | length &gt; 0

  - name: Add the audit rule to {{ audit_file }}
    lineinfile:
      path: '{{ audit_file }}'
      line: -a always,exit -F arch=b32 -S {{ syscalls | join(',') }} -F a0=0x0 -F
        key=time-change
      create: true
      mode: g-rwx,o-rwx
      state: present
    when: syscalls_found | length == 0

  - name: Declare list of syscalls
    set_fact:
      syscalls:
      - clock_settime
      syscall_grouping: []

  - name: Check existence of clock_settime in /etc/audit/audit.rules
    find:
      paths: /etc/audit
      contains: -a always,exit -F arch=b32(( -S |,)\w+)*(( -S |,){{ item }})+(( -S
        |,)\w+)* -F a0=0x0 (-k\s+|-F\s+key=)\S+\s*$
      patterns: audit.rules
    register: find_command
    loop: '{{ (syscall_grouping + syscalls) | unique }}'

  - name: Set path to /etc/audit/audit.rules
    set_fact: audit_file="/etc/audit/audit.rules"

  - name: Declare found syscalls
    set_fact: syscalls_found="{{ find_command.results | selectattr('matched') | map(attribute='item')
      | list }}"

  - name: Declare missing syscalls
    set_fact: missing_syscalls="{{ syscalls | difference(syscalls_found) }}"

  - name: Replace the audit rule in {{ audit_file }}
    lineinfile:
      path: '{{ audit_file }}'
      regexp: (-a always,exit -F arch=b32)(?=.*(?:(?:-S |,)(?:{{ syscalls_found |
        join("|") }}))\b)((?:( -S |,)\w+)+)( -F a0=0x0 (?:-k |-F key=)\w+)
      line: \1\2\3{{ missing_syscalls | join("\3") }}\4
      backrefs: true
      state: present
      mode: g-rwx,o-rwx
    when: syscalls_found | length &gt; 0 and missing_syscalls | length &gt; 0

  - name: Add the audit rule to {{ audit_file }}
    lineinfile:
      path: '{{ audit_file }}'
      line: -a always,exit -F arch=b32 -S {{ syscalls | join(',') }} -F a0=0x0 -F
        key=time-change
      create: true
      mode: g-rwx,o-rwx
      state: present
    when: syscalls_found | length == 0
  when:
  - '"auditd" in ansible_facts.packages'
  - '"linux-base" in ansible_facts.packages'
  tags:
  - CJIS-5.4.1.1
  - NIST-800-171-3.1.7
  - NIST-800-53-AC-6(9)
  - NIST-800-53-AU-12(c)
  - NIST-800-53-AU-2(d)
  - NIST-800-53-CM-6(a)
  - PCI-DSS-Req-10.4.2.b
  - PCI-DSSv4-10.6
  - PCI-DSSv4-10.6.3
  - audit_rules_time_clock_settime
  - low_complexity
  - low_disruption
  - medium_severity
  - no_reboot_needed
  - restrict_strategy

- name: Perform remediation of Audit rules for clock_settime for 64bit platform
  block:

  - name: Declare list of syscalls
    set_fact:
      syscalls:
      - clock_settime
      syscall_grouping: []

  - name: Check existence of clock_settime in /etc/audit/rules.d/
    find:
      paths: /etc/audit/rules.d
      contains: -a always,exit -F arch=b64(( -S |,)\w+)*(( -S |,){{ item }})+(( -S
        |,)\w+)* -F a0=0x0 (-k\s+|-F\s+key=)\S+\s*$
      patterns: '*.rules'
    register: find_command
    loop: '{{ (syscall_grouping + syscalls) | unique }}'

  - name: Reset syscalls found per file
    set_fact:
      syscalls_per_file: {}
      found_paths_dict: {}

  - name: Declare syscalls found per file
    set_fact: syscalls_per_file="{{ syscalls_per_file | combine( {item.files[0].path
      :[item.item] + syscalls_per_file.get(item.files[0].path, []) } ) }}"
    loop: '{{ find_command.results | selectattr(''matched'') | list }}'

  - name: Declare files where syscalls were found
    set_fact: found_paths="{{ find_command.results | map(attribute='files') | flatten
      | map(attribute='path') | list }}"

  - name: Count occurrences of syscalls in paths
    set_fact: found_paths_dict="{{ found_paths_dict | combine({ item:1+found_paths_dict.get(item,
      0) }) }}"
    loop: '{{ find_command.results | map(attribute=''files'') | flatten | map(attribute=''path'')
      | list }}'

  - name: Get path with most syscalls
    set_fact: audit_file="{{ (found_paths_dict | dict2items() | sort(attribute='value')
      | last).key }}"
    when: found_paths | length &gt;= 1

  - name: No file with syscall found, set path to /etc/audit/rules.d/time-change.rules
    set_fact: audit_file="/etc/audit/rules.d/time-change.rules"
    when: found_paths | length == 0

  - name: Declare found syscalls
    set_fact: syscalls_found="{{ find_command.results | selectattr('matched') | map(attribute='item')
      | list }}"

  - name: Declare missing syscalls
    set_fact: missing_syscalls="{{ syscalls | difference(syscalls_found) }}"

  - name: Replace the audit rule in {{ audit_file }}
    lineinfile:
      path: '{{ audit_file }}'
      regexp: (-a always,exit -F arch=b64)(?=.*(?:(?:-S |,)(?:{{ syscalls_per_file[audit_file]
        | join("|") }}))\b)((?:( -S |,)\w+)+)( -F a0=0x0 (?:-k |-F key=)\w+)
      line: \1\2\3{{ missing_syscalls | join("\3") }}\4
      backrefs: true
      state: present
      mode: g-rwx,o-rwx
    when: syscalls_found | length &gt; 0 and missing_syscalls | length &gt; 0

  - name: Add the audit rule to {{ audit_file }}
    lineinfile:
      path: '{{ audit_file }}'
      line: -a always,exit -F arch=b64 -S {{ syscalls | join(',') }} -F a0=0x0 -F
        key=time-change
      create: true
      mode: g-rwx,o-rwx
      state: present
    when: syscalls_found | length == 0

  - name: Declare list of syscalls
    set_fact:
      syscalls:
      - clock_settime
      syscall_grouping: []

  - name: Check existence of clock_settime in /etc/audit/audit.rules
    find:
      paths: /etc/audit
      contains: -a always,exit -F arch=b64(( -S |,)\w+)*(( -S |,){{ item }})+(( -S
        |,)\w+)* -F a0=0x0 (-k\s+|-F\s+key=)\S+\s*$
      patterns: audit.rules
    register: find_command
    loop: '{{ (syscall_grouping + syscalls) | unique }}'

  - name: Set path to /etc/audit/audit.rules
    set_fact: audit_file="/etc/audit/audit.rules"

  - name: Declare found syscalls
    set_fact: syscalls_found="{{ find_command.results | selectattr('matched') | map(attribute='item')
      | list }}"

  - name: Declare missing syscalls
    set_fact: missing_syscalls="{{ syscalls | difference(syscalls_found) }}"

  - name: Replace the audit rule in {{ audit_file }}
    lineinfile:
      path: '{{ audit_file }}'
      regexp: (-a always,exit -F arch=b64)(?=.*(?:(?:-S |,)(?:{{ syscalls_found |
        join("|") }}))\b)((?:( -S |,)\w+)+)( -F a0=0x0 (?:-k |-F key=)\w+)
      line: \1\2\3{{ missing_syscalls | join("\3") }}\4
      backrefs: true
      state: present
      mode: g-rwx,o-rwx
    when: syscalls_found | length &gt; 0 and missing_syscalls | length &gt; 0

  - name: Add the audit rule to {{ audit_file }}
    lineinfile:
      path: '{{ audit_file }}'
      line: -a always,exit -F arch=b64 -S {{ syscalls | join(',') }} -F a0=0x0 -F
        key=time-change
      create: true
      mode: g-rwx,o-rwx
      state: present
    when: syscalls_found | length == 0
  when:
  - '"auditd" in ansible_facts.packages'
  - '"linux-base" in ansible_facts.packages'
  - audit_arch == "b64"
  tags:
  - CJIS-5.4.1.1
  - NIST-800-171-3.1.7
  - NIST-800-53-AC-6(9)
  - NIST-800-53-AU-12(c)
  - NIST-800-53-AU-2(d)
  - NIST-800-53-CM-6(a)
  - PCI-DSS-Req-10.4.2.b
  - PCI-DSSv4-10.6
  - PCI-DSSv4-10.6.3
  - audit_rules_time_clock_settime
  - low_complexity
  - low_disruption
  - medium_severity
  - no_reboot_needed
  - restrict_strategy
</fix>
          <fix xmlns:xhtml="http://www.w3.org/1999/xhtml" id="audit_rules_time_clock_settime" system="urn:xccdf:fix:script:sh"># Remediation is applicable only in certain platforms
if dpkg-query --show --showformat='${db:Status-Status}
' 'linux-base' 2&gt;/dev/null | grep -q ^installed &amp;&amp; dpkg-query --show --showformat='${db:Status-Status}\n' 'auditd' 2&gt;/dev/null | grep -q '^installed'; then

# First perform the remediation of the syscall rule
# Retrieve hardware architecture of the underlying system
[ "$(getconf LONG_BIT)" = "32" ] &amp;&amp; RULE_ARCHS=("b32") || RULE_ARCHS=("b32" "b64")

for ARCH in "${RULE_ARCHS[@]}"
do
	ACTION_ARCH_FILTERS="-a always,exit -F arch=$ARCH"
	OTHER_FILTERS="-F a0=0x0"
	AUID_FILTERS=""
	SYSCALL="clock_settime"
	KEY="time-change"
	SYSCALL_GROUPING=""
	# Perform the remediation for both possible tools: 'auditctl' and 'augenrules'
	unset syscall_a
unset syscall_grouping
unset syscall_string
unset syscall
unset file_to_edit
unset rule_to_edit
unset rule_syscalls_to_edit
unset other_string
unset auid_string
unset full_rule

# Load macro arguments into arrays
read -a syscall_a &lt;&lt;&lt; $SYSCALL
read -a syscall_grouping &lt;&lt;&lt; $SYSCALL_GROUPING

# Create a list of audit *.rules files that should be inspected for presence and correctness
# of a particular audit rule. The scheme is as follows:
#
# -----------------------------------------------------------------------------------------
#  Tool used to load audit rules | Rule already defined  |  Audit rules file to inspect    |
# -----------------------------------------------------------------------------------------
#        auditctl                |     Doesn't matter    |  /etc/audit/audit.rules         |
# -----------------------------------------------------------------------------------------
#        augenrules              |          Yes          |  /etc/audit/rules.d/*.rules     |
#        augenrules              |          No           |  /etc/audit/rules.d/$key.rules  |
# -----------------------------------------------------------------------------------------
#
files_to_inspect=()

# If audit tool is 'augenrules', then check if the audit rule is defined
# If rule is defined, add '/etc/audit/rules.d/*.rules' to the list for inspection
# If rule isn't defined yet, add '/etc/audit/rules.d/$key.rules' to the list for inspection
default_file="/etc/audit/rules.d/$KEY.rules"
# As other_filters may include paths, lets use a different delimiter for it
# The "F" script expression tells sed to print the filenames where the expressions matched
readarray -t files_to_inspect &lt; &lt;(sed -s -n -e "/^$ACTION_ARCH_FILTERS/!d" -e "\#$OTHER_FILTERS#!d" -e "/$AUID_FILTERS/!d" -e "F" /etc/audit/rules.d/*.rules)
# Case when particular rule isn't defined in /etc/audit/rules.d/*.rules yet
if [ ${#files_to_inspect[@]} -eq "0" ]
then
    file_to_inspect="/etc/audit/rules.d/$KEY.rules"
    files_to_inspect=("$file_to_inspect")
    if [ ! -e "$file_to_inspect" ]
    then
        touch "$file_to_inspect"
        chmod 0600 "$file_to_inspect"
    fi
fi

# After converting to jinja, we cannot return; therefore we skip the rest of the macro if needed instead
skip=1

for audit_file in "${files_to_inspect[@]}"
do
    # Filter existing $audit_file rules' definitions to select those that satisfy the rule pattern,
    # i.e, collect rules that match:
    # * the action, list and arch, (2-nd argument)
    # * the other filters, (3-rd argument)
    # * the auid filters, (4-rd argument)
    readarray -t similar_rules &lt; &lt;(sed -e "/^$ACTION_ARCH_FILTERS/!d"  -e "\#$OTHER_FILTERS#!d" -e "/$AUID_FILTERS/!d" "$audit_file")

    candidate_rules=()
    # Filter out rules that have more fields then required. This will remove rules more specific than the required scope
    for s_rule in "${similar_rules[@]}"
    do
        # Strip all the options and fields we know of,
        # than check if there was any field left over
        extra_fields=$(sed -E -e "s/^$ACTION_ARCH_FILTERS//"  -e "s#$OTHER_FILTERS##" -e "s/$AUID_FILTERS//" -e "s/((:?-S [[:alnum:],]+)+)//g" -e "s/-F key=\w+|-k \w+//"&lt;&lt;&lt; "$s_rule")
        grep -q -- "-F" &lt;&lt;&lt; "$extra_fields" || candidate_rules+=("$s_rule")
    done

    if [[ ${#syscall_a[@]} -ge 1 ]]
    then
        # Check if the syscall we want is present in any of the similar existing rules
        for rule in "${candidate_rules[@]}"
        do
            rule_syscalls=$(echo "$rule" | grep -o -P '(-S [\w,]+)+' | xargs)
            all_syscalls_found=0
            for syscall in "${syscall_a[@]}"
            do
                grep -q -- "\b${syscall}\b" &lt;&lt;&lt; "$rule_syscalls" || {
                   # A syscall was not found in the candidate rule
                   all_syscalls_found=1
                   }
            done
            if [[ $all_syscalls_found -eq 0 ]]
            then
                # We found a rule with all the syscall(s) we want; skip rest of macro
                skip=0
                break
            fi

            # Check if this rule can be grouped with our target syscall and keep track of it
            for syscall_g in "${syscall_grouping[@]}"
            do
                if grep -q -- "\b${syscall_g}\b" &lt;&lt;&lt; "$rule_syscalls"
                then
                    file_to_edit=${audit_file}
                    rule_to_edit=${rule}
                    rule_syscalls_to_edit=${rule_syscalls}
                fi
            done
        done
    else
        # If there is any candidate rule, it is compliant; skip rest of macro
        if [ "${#candidate_rules[@]}" -gt 0 ]
        then
            skip=0
        fi
    fi

    if [ "$skip" -eq 0 ]; then
        break
    fi
done

if [ "$skip" -ne 0 ]; then
    # We checked all rules that matched the expected resemblance pattern (action, arch &amp; auid)
    # At this point we know if we need to either append the $full_rule or group
    # the syscall together with an exsiting rule

    # Append the full_rule if it cannot be grouped to any other rule
    if [ -z ${rule_to_edit+x} ]
    then
        # Build full_rule while avoid adding double spaces when other_filters is empty
        if [ "${#syscall_a[@]}" -gt 0 ]
        then
            syscall_string=""
            for syscall in "${syscall_a[@]}"
            do
                syscall_string+=" -S $syscall"
            done
        fi
        other_string=$([[ $OTHER_FILTERS ]] &amp;&amp; echo " $OTHER_FILTERS") || /bin/true
        auid_string=$([[ $AUID_FILTERS ]] &amp;&amp; echo " $AUID_FILTERS") || /bin/true
        full_rule="$ACTION_ARCH_FILTERS${syscall_string}${other_string}${auid_string} -F key=$KEY" || /bin/true
        echo "$full_rule" &gt;&gt; "$default_file"
        chmod 0600 ${default_file}
    else
        # Check if the syscalls are declared as a comma separated list or
        # as multiple -S parameters
        if grep -q -- "," &lt;&lt;&lt; "${rule_syscalls_to_edit}"
        then
            delimiter=","
        else
            delimiter=" -S "
        fi
        new_grouped_syscalls="${rule_syscalls_to_edit}"
        for syscall in "${syscall_a[@]}"
        do
            grep -q -- "\b${syscall}\b" &lt;&lt;&lt; "${rule_syscalls_to_edit}" || {
               # A syscall was not found in the candidate rule
               new_grouped_syscalls+="${delimiter}${syscall}"
               }
        done

        # Group the syscall in the rule
        sed -i -e "\#${rule_to_edit}#s#${rule_syscalls_to_edit}#${new_grouped_syscalls}#" "$file_to_edit"
    fi
fi
	unset syscall_a
unset syscall_grouping
unset syscall_string
unset syscall
unset file_to_edit
unset rule_to_edit
unset rule_syscalls_to_edit
unset other_string
unset auid_string
unset full_rule

# Load macro arguments into arrays
read -a syscall_a &lt;&lt;&lt; $SYSCALL
read -a syscall_grouping &lt;&lt;&lt; $SYSCALL_GROUPING

# Create a list of audit *.rules files that should be inspected for presence and correctness
# of a particular audit rule. The scheme is as follows:
#
# -----------------------------------------------------------------------------------------
#  Tool used to load audit rules | Rule already defined  |  Audit rules file to inspect    |
# -----------------------------------------------------------------------------------------
#        auditctl                |     Doesn't matter    |  /etc/audit/audit.rules         |
# -----------------------------------------------------------------------------------------
#        augenrules              |          Yes          |  /etc/audit/rules.d/*.rules     |
#        augenrules              |          No           |  /etc/audit/rules.d/$key.rules  |
# -----------------------------------------------------------------------------------------
#
files_to_inspect=()


# If audit tool is 'auditctl', then add '/etc/audit/audit.rules'
# file to the list of files to be inspected
default_file="/etc/audit/audit.rules"
files_to_inspect+=('/etc/audit/audit.rules' )

# After converting to jinja, we cannot return; therefore we skip the rest of the macro if needed instead
skip=1

for audit_file in "${files_to_inspect[@]}"
do
    # Filter existing $audit_file rules' definitions to select those that satisfy the rule pattern,
    # i.e, collect rules that match:
    # * the action, list and arch, (2-nd argument)
    # * the other filters, (3-rd argument)
    # * the auid filters, (4-rd argument)
    readarray -t similar_rules &lt; &lt;(sed -e "/^$ACTION_ARCH_FILTERS/!d"  -e "\#$OTHER_FILTERS#!d" -e "/$AUID_FILTERS/!d" "$audit_file")

    candidate_rules=()
    # Filter out rules that have more fields then required. This will remove rules more specific than the required scope
    for s_rule in "${similar_rules[@]}"
    do
        # Strip all the options and fields we know of,
        # than check if there was any field left over
        extra_fields=$(sed -E -e "s/^$ACTION_ARCH_FILTERS//"  -e "s#$OTHER_FILTERS##" -e "s/$AUID_FILTERS//" -e "s/((:?-S [[:alnum:],]+)+)//g" -e "s/-F key=\w+|-k \w+//"&lt;&lt;&lt; "$s_rule")
        grep -q -- "-F" &lt;&lt;&lt; "$extra_fields" || candidate_rules+=("$s_rule")
    done

    if [[ ${#syscall_a[@]} -ge 1 ]]
    then
        # Check if the syscall we want is present in any of the similar existing rules
        for rule in "${candidate_rules[@]}"
        do
            rule_syscalls=$(echo "$rule" | grep -o -P '(-S [\w,]+)+' | xargs)
            all_syscalls_found=0
            for syscall in "${syscall_a[@]}"
            do
                grep -q -- "\b${syscall}\b" &lt;&lt;&lt; "$rule_syscalls" || {
                   # A syscall was not found in the candidate rule
                   all_syscalls_found=1
                   }
            done
            if [[ $all_syscalls_found -eq 0 ]]
            then
                # We found a rule with all the syscall(s) we want; skip rest of macro
                skip=0
                break
            fi

            # Check if this rule can be grouped with our target syscall and keep track of it
            for syscall_g in "${syscall_grouping[@]}"
            do
                if grep -q -- "\b${syscall_g}\b" &lt;&lt;&lt; "$rule_syscalls"
                then
                    file_to_edit=${audit_file}
                    rule_to_edit=${rule}
                    rule_syscalls_to_edit=${rule_syscalls}
                fi
            done
        done
    else
        # If there is any candidate rule, it is compliant; skip rest of macro
        if [ "${#candidate_rules[@]}" -gt 0 ]
        then
            skip=0
        fi
    fi

    if [ "$skip" -eq 0 ]; then
        break
    fi
done

if [ "$skip" -ne 0 ]; then
    # We checked all rules that matched the expected resemblance pattern (action, arch &amp; auid)
    # At this point we know if we need to either append the $full_rule or group
    # the syscall together with an exsiting rule

    # Append the full_rule if it cannot be grouped to any other rule
    if [ -z ${rule_to_edit+x} ]
    then
        # Build full_rule while avoid adding double spaces when other_filters is empty
        if [ "${#syscall_a[@]}" -gt 0 ]
        then
            syscall_string=""
            for syscall in "${syscall_a[@]}"
            do
                syscall_string+=" -S $syscall"
            done
        fi
        other_string=$([[ $OTHER_FILTERS ]] &amp;&amp; echo " $OTHER_FILTERS") || /bin/true
        auid_string=$([[ $AUID_FILTERS ]] &amp;&amp; echo " $AUID_FILTERS") || /bin/true
        full_rule="$ACTION_ARCH_FILTERS${syscall_string}${other_string}${auid_string} -F key=$KEY" || /bin/true
        echo "$full_rule" &gt;&gt; "$default_file"
        chmod 0600 ${default_file}
    else
        # Check if the syscalls are declared as a comma separated list or
        # as multiple -S parameters
        if grep -q -- "," &lt;&lt;&lt; "${rule_syscalls_to_edit}"
        then
            delimiter=","
        else
            delimiter=" -S "
        fi
        new_grouped_syscalls="${rule_syscalls_to_edit}"
        for syscall in "${syscall_a[@]}"
        do
            grep -q -- "\b${syscall}\b" &lt;&lt;&lt; "${rule_syscalls_to_edit}" || {
               # A syscall was not found in the candidate rule
               new_grouped_syscalls+="${delimiter}${syscall}"
               }
        done

        # Group the syscall in the rule
        sed -i -e "\#${rule_to_edit}#s#${rule_syscalls_to_edit}#${new_grouped_syscalls}#" "$file_to_edit"
    fi
fi
done

else
    &gt;&amp;2 echo 'Remediation is not applicable, nothing was done'
fi
</fix>
          <check system="http://oval.mitre.org/XMLSchema/oval-definitions-5">
            <check-content-ref name="oval:ssg-audit_rules_time_clock_settime:def:1" href="ssg-ubuntu2404-oval.xml"/>
          </check>
          <check system="http://scap.nist.gov/schema/ocil/2">
            <check-content-ref name="ocil:ssg-audit_rules_time_clock_settime_ocil:questionnaire:1" href="ssg-ubuntu2404-ocil.xml"/>
          </check>
        </Rule>
        <Rule id="xccdf_org.ssgproject.content_rule_audit_rules_time_settimeofday" selected="false" role="full" severity="medium">
          <title xmlns:xhtml="http://www.w3.org/1999/xhtml" xml:lang="en-US">Record attempts to alter time through settimeofday</title>
          <description xmlns:xhtml="http://www.w3.org/1999/xhtml" xml:lang="en-US">If the <html:code xmlns:html="http://www.w3.org/1999/xhtml">auditd</html:code> daemon is configured to use the
<html:code xmlns:html="http://www.w3.org/1999/xhtml">augenrules</html:code> program to read audit rules during daemon startup (the
default), add the following line to a file with suffix <html:code xmlns:html="http://www.w3.org/1999/xhtml">.rules</html:code> in the
directory <html:code xmlns:html="http://www.w3.org/1999/xhtml">/etc/audit/rules.d</html:code>:
<html:pre xmlns:html="http://www.w3.org/1999/xhtml">-a always,exit -F arch=b32 -S settimeofday -F key=audit_time_rules</html:pre>
If the system is 64 bit then also add the following line:
<html:pre xmlns:html="http://www.w3.org/1999/xhtml">-a always,exit -F arch=b64 -S settimeofday -F key=audit_time_rules</html:pre>
If the <html:code xmlns:html="http://www.w3.org/1999/xhtml">auditd</html:code> daemon is configured to use the <html:code xmlns:html="http://www.w3.org/1999/xhtml">auditctl</html:code>
utility to read audit rules during daemon startup, add the following line to
<html:code xmlns:html="http://www.w3.org/1999/xhtml">/etc/audit/audit.rules</html:code> file:
<html:pre xmlns:html="http://www.w3.org/1999/xhtml">-a always,exit -F arch=b32 -S settimeofday -F key=audit_time_rules</html:pre>
If the system is 64 bit then also add the following line:
<html:pre xmlns:html="http://www.w3.org/1999/xhtml">-a always,exit -F arch=b64 -S settimeofday -F key=audit_time_rules</html:pre>
The -k option allows for the specification of a key in string form that can be
used for better reporting capability through ausearch and aureport. Multiple
system calls can be defined on the same line to save space if desired, but is
not required. See an example of multiple combined syscalls:
<html:pre xmlns:html="http://www.w3.org/1999/xhtml">-a always,exit -F arch=b64 -S adjtimex,settimeofday -F key=audit_time_rules</html:pre>
       </description>
          <reference href="https://www.cisecurity.org/controls/">1</reference>
          <reference href="https://www.cisecurity.org/controls/">11</reference>
          <reference href="https://www.cisecurity.org/controls/">12</reference>
          <reference href="https://www.cisecurity.org/controls/">13</reference>
          <reference href="https://www.cisecurity.org/controls/">14</reference>
          <reference href="https://www.cisecurity.org/controls/">15</reference>
          <reference href="https://www.cisecurity.org/controls/">16</reference>
          <reference href="https://www.cisecurity.org/controls/">19</reference>
          <reference href="https://www.cisecurity.org/controls/">2</reference>
          <reference href="https://www.cisecurity.org/controls/">3</reference>
          <reference href="https://www.cisecurity.org/controls/">4</reference>
          <reference href="https://www.cisecurity.org/controls/">5</reference>
          <reference href="https://www.cisecurity.org/controls/">6</reference>
          <reference href="https://www.cisecurity.org/controls/">7</reference>
          <reference href="https://www.cisecurity.org/controls/">8</reference>
          <reference href="https://www.cisecurity.org/controls/">9</reference>
          <reference href="https://www.fbi.gov/file-repository/cjis-security-policy-v5_5_20160601-2-1.pdf">5.4.1.1</reference>
          <reference href="https://www.isaca.org/resources/cobit">APO10.01</reference>
          <reference href="https://www.isaca.org/resources/cobit">APO10.03</reference>
          <reference href="https://www.isaca.org/resources/cobit">APO10.04</reference>
          <reference href="https://www.isaca.org/resources/cobit">APO10.05</reference>
          <reference href="https://www.isaca.org/resources/cobit">APO11.04</reference>
          <reference href="https://www.isaca.org/resources/cobit">APO12.06</reference>
          <reference href="https://www.isaca.org/resources/cobit">APO13.01</reference>
          <reference href="https://www.isaca.org/resources/cobit">BAI03.05</reference>
          <reference href="https://www.isaca.org/resources/cobit">BAI08.02</reference>
          <reference href="https://www.isaca.org/resources/cobit">DSS01.03</reference>
          <reference href="https://www.isaca.org/resources/cobit">DSS01.04</reference>
          <reference href="https://www.isaca.org/resources/cobit">DSS02.02</reference>
          <reference href="https://www.isaca.org/resources/cobit">DSS02.04</reference>
          <reference href="https://www.isaca.org/resources/cobit">DSS02.07</reference>
          <reference href="https://www.isaca.org/resources/cobit">DSS03.01</reference>
          <reference href="https://www.isaca.org/resources/cobit">DSS03.05</reference>
          <reference href="https://www.isaca.org/resources/cobit">DSS05.02</reference>
          <reference href="https://www.isaca.org/resources/cobit">DSS05.03</reference>
          <reference href="https://www.isaca.org/resources/cobit">DSS05.04</reference>
          <reference href="https://www.isaca.org/resources/cobit">DSS05.05</reference>
          <reference href="https://www.isaca.org/resources/cobit">DSS05.07</reference>
          <reference href="https://www.isaca.org/resources/cobit">MEA01.01</reference>
          <reference href="https://www.isaca.org/resources/cobit">MEA01.02</reference>
          <reference href="https://www.isaca.org/resources/cobit">MEA01.03</reference>
          <reference href="https://www.isaca.org/resources/cobit">MEA01.04</reference>
          <reference href="https://www.isaca.org/resources/cobit">MEA01.05</reference>
          <reference href="https://www.isaca.org/resources/cobit">MEA02.01</reference>
          <reference href="http://nvlpubs.nist.gov/nistpubs/SpecialPublications/NIST.SP.800-171.pdf">3.1.7</reference>
          <reference href="https://public.cyber.mil/stigs/cci/">CCI-001487</reference>
          <reference href="https://public.cyber.mil/stigs/cci/">CCI-000169</reference>
          <reference href="https://www.gpo.gov/fdsys/pkg/CFR-2007-title45-vol1/pdf/CFR-2007-title45-vol1-chapA-subchapC.pdf">164.308(a)(1)(ii)(D)</reference>
          <reference href="https://www.gpo.gov/fdsys/pkg/CFR-2007-title45-vol1/pdf/CFR-2007-title45-vol1-chapA-subchapC.pdf">164.308(a)(3)(ii)(A)</reference>
          <reference href="https://www.gpo.gov/fdsys/pkg/CFR-2007-title45-vol1/pdf/CFR-2007-title45-vol1-chapA-subchapC.pdf">164.308(a)(5)(ii)(C)</reference>
          <reference href="https://www.gpo.gov/fdsys/pkg/CFR-2007-title45-vol1/pdf/CFR-2007-title45-vol1-chapA-subchapC.pdf">164.312(a)(2)(i)</reference>
          <reference href="https://www.gpo.gov/fdsys/pkg/CFR-2007-title45-vol1/pdf/CFR-2007-title45-vol1-chapA-subchapC.pdf">164.312(b)</reference>
          <reference href="https://www.gpo.gov/fdsys/pkg/CFR-2007-title45-vol1/pdf/CFR-2007-title45-vol1-chapA-subchapC.pdf">164.312(d)</reference>
          <reference href="https://www.gpo.gov/fdsys/pkg/CFR-2007-title45-vol1/pdf/CFR-2007-title45-vol1-chapA-subchapC.pdf">164.312(e)</reference>
          <reference href="https://www.isa.org/products/isa-62443-2-1-2009-security-for-industrial-automat">4.2.3.10</reference>
          <reference href="https://www.isa.org/products/isa-62443-2-1-2009-security-for-industrial-automat">4.3.2.6.7</reference>
          <reference href="https://www.isa.org/products/isa-62443-2-1-2009-security-for-industrial-automat">4.3.3.3.9</reference>
          <reference href="https://www.isa.org/products/isa-62443-2-1-2009-security-for-industrial-automat">4.3.3.5.8</reference>
          <reference href="https://www.isa.org/products/isa-62443-2-1-2009-security-for-industrial-automat">4.3.3.6.6</reference>
          <reference href="https://www.isa.org/products/isa-62443-2-1-2009-security-for-industrial-automat">4.3.4.4.7</reference>
          <reference href="https://www.isa.org/products/isa-62443-2-1-2009-security-for-industrial-automat">4.3.4.5.6</reference>
          <reference href="https://www.isa.org/products/isa-62443-2-1-2009-security-for-industrial-automat">4.3.4.5.7</reference>
          <reference href="https://www.isa.org/products/isa-62443-2-1-2009-security-for-industrial-automat">4.3.4.5.8</reference>
          <reference href="https://www.isa.org/products/isa-62443-2-1-2009-security-for-industrial-automat">4.4.2.1</reference>
          <reference href="https://www.isa.org/products/isa-62443-2-1-2009-security-for-industrial-automat">4.4.2.2</reference>
          <reference href="https://www.isa.org/products/isa-62443-2-1-2009-security-for-industrial-automat">4.4.2.4</reference>
          <reference href="https://www.isa.org/products/ansi-isa-62443-3-3-99-03-03-2013-security-for-indu">SR 1.13</reference>
          <reference href="https://www.isa.org/products/ansi-isa-62443-3-3-99-03-03-2013-security-for-indu">SR 2.10</reference>
          <reference href="https://www.isa.org/products/ansi-isa-62443-3-3-99-03-03-2013-security-for-indu">SR 2.11</reference>
          <reference href="https://www.isa.org/products/ansi-isa-62443-3-3-99-03-03-2013-security-for-indu">SR 2.12</reference>
          <reference href="https://www.isa.org/products/ansi-isa-62443-3-3-99-03-03-2013-security-for-indu">SR 2.6</reference>
          <reference href="https://www.isa.org/products/ansi-isa-62443-3-3-99-03-03-2013-security-for-indu">SR 2.8</reference>
          <reference href="https://www.isa.org/products/ansi-isa-62443-3-3-99-03-03-2013-security-for-indu">SR 2.9</reference>
          <reference href="https://www.isa.org/products/ansi-isa-62443-3-3-99-03-03-2013-security-for-indu">SR 3.1</reference>
          <reference href="https://www.isa.org/products/ansi-isa-62443-3-3-99-03-03-2013-security-for-indu">SR 3.5</reference>
          <reference href="https://www.isa.org/products/ansi-isa-62443-3-3-99-03-03-2013-security-for-indu">SR 3.8</reference>
          <reference href="https://www.isa.org/products/ansi-isa-62443-3-3-99-03-03-2013-security-for-indu">SR 4.1</reference>
          <reference href="https://www.isa.org/products/ansi-isa-62443-3-3-99-03-03-2013-security-for-indu">SR 4.3</reference>
          <reference href="https://www.isa.org/products/ansi-isa-62443-3-3-99-03-03-2013-security-for-indu">SR 5.1</reference>
          <reference href="https://www.isa.org/products/ansi-isa-62443-3-3-99-03-03-2013-security-for-indu">SR 5.2</reference>
          <reference href="https://www.isa.org/products/ansi-isa-62443-3-3-99-03-03-2013-security-for-indu">SR 5.3</reference>
          <reference href="https://www.isa.org/products/ansi-isa-62443-3-3-99-03-03-2013-security-for-indu">SR 6.1</reference>
          <reference href="https://www.isa.org/products/ansi-isa-62443-3-3-99-03-03-2013-security-for-indu">SR 6.2</reference>
          <reference href="https://www.isa.org/products/ansi-isa-62443-3-3-99-03-03-2013-security-for-indu">SR 7.1</reference>
          <reference href="https://www.isa.org/products/ansi-isa-62443-3-3-99-03-03-2013-security-for-indu">SR 7.6</reference>
          <reference href="https://www.iso.org/contents/data/standard/05/45/54534.html">A.11.2.6</reference>
          <reference href="https://www.iso.org/contents/data/standard/05/45/54534.html">A.12.4.1</reference>
          <reference href="https://www.iso.org/contents/data/standard/05/45/54534.html">A.12.4.2</reference>
          <reference href="https://www.iso.org/contents/data/standard/05/45/54534.html">A.12.4.3</reference>
          <reference href="https://www.iso.org/contents/data/standard/05/45/54534.html">A.12.4.4</reference>
          <reference href="https://www.iso.org/contents/data/standard/05/45/54534.html">A.12.7.1</reference>
          <reference href="https://www.iso.org/contents/data/standard/05/45/54534.html">A.13.1.1</reference>
          <reference href="https://www.iso.org/contents/data/standard/05/45/54534.html">A.13.2.1</reference>
          <reference href="https://www.iso.org/contents/data/standard/05/45/54534.html">A.14.1.3</reference>
          <reference href="https://www.iso.org/contents/data/standard/05/45/54534.html">A.14.2.7</reference>
          <reference href="https://www.iso.org/contents/data/standard/05/45/54534.html">A.15.2.1</reference>
          <reference href="https://www.iso.org/contents/data/standard/05/45/54534.html">A.15.2.2</reference>
          <reference href="https://www.iso.org/contents/data/standard/05/45/54534.html">A.16.1.4</reference>
          <reference href="https://www.iso.org/contents/data/standard/05/45/54534.html">A.16.1.5</reference>
          <reference href="https://www.iso.org/contents/data/standard/05/45/54534.html">A.16.1.7</reference>
          <reference href="https://www.iso.org/contents/data/standard/05/45/54534.html">A.6.2.1</reference>
          <reference href="https://www.iso.org/contents/data/standard/05/45/54534.html">A.6.2.2</reference>
          <reference href="http://nvlpubs.nist.gov/nistpubs/SpecialPublications/NIST.SP.800-53r4.pdf">AU-2(d)</reference>
          <reference href="http://nvlpubs.nist.gov/nistpubs/SpecialPublications/NIST.SP.800-53r4.pdf">AU-12(c)</reference>
          <reference href="http://nvlpubs.nist.gov/nistpubs/SpecialPublications/NIST.SP.800-53r4.pdf">AC-6(9)</reference>
          <reference href="http://nvlpubs.nist.gov/nistpubs/SpecialPublications/NIST.SP.800-53r4.pdf">CM-6(a)</reference>
          <reference href="https://nvlpubs.nist.gov/nistpubs/CSWP/NIST.CSWP.04162018.pdf">DE.AE-3</reference>
          <reference href="https://nvlpubs.nist.gov/nistpubs/CSWP/NIST.CSWP.04162018.pdf">DE.AE-5</reference>
          <reference href="https://nvlpubs.nist.gov/nistpubs/CSWP/NIST.CSWP.04162018.pdf">DE.CM-1</reference>
          <reference href="https://nvlpubs.nist.gov/nistpubs/CSWP/NIST.CSWP.04162018.pdf">DE.CM-3</reference>
          <reference href="https://nvlpubs.nist.gov/nistpubs/CSWP/NIST.CSWP.04162018.pdf">DE.CM-7</reference>
          <reference href="https://nvlpubs.nist.gov/nistpubs/CSWP/NIST.CSWP.04162018.pdf">ID.SC-4</reference>
          <reference href="https://nvlpubs.nist.gov/nistpubs/CSWP/NIST.CSWP.04162018.pdf">PR.AC-3</reference>
          <reference href="https://nvlpubs.nist.gov/nistpubs/CSWP/NIST.CSWP.04162018.pdf">PR.PT-1</reference>
          <reference href="https://nvlpubs.nist.gov/nistpubs/CSWP/NIST.CSWP.04162018.pdf">PR.PT-4</reference>
          <reference href="https://nvlpubs.nist.gov/nistpubs/CSWP/NIST.CSWP.04162018.pdf">RS.AN-1</reference>
          <reference href="https://nvlpubs.nist.gov/nistpubs/CSWP/NIST.CSWP.04162018.pdf">RS.AN-4</reference>
          <reference href="https://www.pcisecuritystandards.org/documents/PCI_DSS_v3-2-1.pdf">Req-10.4.2.b</reference>
          <reference href="https://www.cisecurity.org/benchmark/ubuntu_linux/">6.2.3.4</reference>
          <reference href="https://docs-prv.pcisecuritystandards.org/PCI%20DSS/Standard/PCI-DSS-v4_0.pdf">10.6.3</reference>
          <reference href="https://docs-prv.pcisecuritystandards.org/PCI%20DSS/Standard/PCI-DSS-v4_0.pdf">10.6</reference>
          <rationale xmlns:xhtml="http://www.w3.org/1999/xhtml" xml:lang="en-US">Arbitrary changes to the system time can be used to obfuscate
nefarious activities in log files, as well as to confuse network services that
are highly dependent upon an accurate system time (such as sshd). All changes
to the system time should be audited.</rationale>
          <fix xmlns:xhtml="http://www.w3.org/1999/xhtml" id="audit_rules_time_settimeofday" system="urn:xccdf:fix:script:ansible" complexity="low" disruption="low" strategy="restrict">- name: Gather the package facts
  package_facts:
    manager: auto
  tags:
  - CJIS-5.4.1.1
  - NIST-800-171-3.1.7
  - NIST-800-53-AC-6(9)
  - NIST-800-53-AU-12(c)
  - NIST-800-53-AU-2(d)
  - NIST-800-53-CM-6(a)
  - PCI-DSS-Req-10.4.2.b
  - PCI-DSSv4-10.6
  - PCI-DSSv4-10.6.3
  - audit_rules_time_settimeofday
  - low_complexity
  - low_disruption
  - medium_severity
  - no_reboot_needed
  - restrict_strategy

- name: Set architecture for audit tasks
  set_fact:
    audit_arch: b64
  when:
  - '"auditd" in ansible_facts.packages'
  - '"linux-base" in ansible_facts.packages'
  - ansible_architecture == "aarch64" or ansible_architecture == "ppc64" or ansible_architecture
    == "ppc64le" or ansible_architecture == "s390x" or ansible_architecture == "x86_64"
  tags:
  - CJIS-5.4.1.1
  - NIST-800-171-3.1.7
  - NIST-800-53-AC-6(9)
  - NIST-800-53-AU-12(c)
  - NIST-800-53-AU-2(d)
  - NIST-800-53-CM-6(a)
  - PCI-DSS-Req-10.4.2.b
  - PCI-DSSv4-10.6
  - PCI-DSSv4-10.6.3
  - audit_rules_time_settimeofday
  - low_complexity
  - low_disruption
  - medium_severity
  - no_reboot_needed
  - restrict_strategy

- name: Perform remediation of Audit rules for settimeofday for 32bit platform
  block:

  - name: Declare list of syscalls
    set_fact:
      syscalls:
      - settimeofday
      syscall_grouping:
      - adjtimex
      - settimeofday
      - stime

  - name: Check existence of settimeofday in /etc/audit/rules.d/
    find:
      paths: /etc/audit/rules.d
      contains: -a always,exit -F arch=b32(( -S |,)\w+)*(( -S |,){{ item }})+(( -S
        |,)\w+)* (-k\s+|-F\s+key=)\S+\s*$
      patterns: '*.rules'
    register: find_command
    loop: '{{ (syscall_grouping + syscalls) | unique }}'

  - name: Reset syscalls found per file
    set_fact:
      syscalls_per_file: {}
      found_paths_dict: {}

  - name: Declare syscalls found per file
    set_fact: syscalls_per_file="{{ syscalls_per_file | combine( {item.files[0].path
      :[item.item] + syscalls_per_file.get(item.files[0].path, []) } ) }}"
    loop: '{{ find_command.results | selectattr(''matched'') | list }}'

  - name: Declare files where syscalls were found
    set_fact: found_paths="{{ find_command.results | map(attribute='files') | flatten
      | map(attribute='path') | list }}"

  - name: Count occurrences of syscalls in paths
    set_fact: found_paths_dict="{{ found_paths_dict | combine({ item:1+found_paths_dict.get(item,
      0) }) }}"
    loop: '{{ find_command.results | map(attribute=''files'') | flatten | map(attribute=''path'')
      | list }}'

  - name: Get path with most syscalls
    set_fact: audit_file="{{ (found_paths_dict | dict2items() | sort(attribute='value')
      | last).key }}"
    when: found_paths | length &gt;= 1

  - name: No file with syscall found, set path to /etc/audit/rules.d/audit_time_rules.rules
    set_fact: audit_file="/etc/audit/rules.d/audit_time_rules.rules"
    when: found_paths | length == 0

  - name: Declare found syscalls
    set_fact: syscalls_found="{{ find_command.results | selectattr('matched') | map(attribute='item')
      | list }}"

  - name: Declare missing syscalls
    set_fact: missing_syscalls="{{ syscalls | difference(syscalls_found) }}"

  - name: Replace the audit rule in {{ audit_file }}
    lineinfile:
      path: '{{ audit_file }}'
      regexp: (-a always,exit -F arch=b32)(?=.*(?:(?:-S |,)(?:{{ syscalls_per_file[audit_file]
        | join("|") }}))\b)((?:( -S |,)\w+)+)( (?:-k |-F key=)\w+)
      line: \1\2\3{{ missing_syscalls | join("\3") }}\4
      backrefs: true
      state: present
      mode: g-rwx,o-rwx
    when: syscalls_found | length &gt; 0 and missing_syscalls | length &gt; 0

  - name: Add the audit rule to {{ audit_file }}
    lineinfile:
      path: '{{ audit_file }}'
      line: -a always,exit -F arch=b32 -S {{ syscalls | join(',') }} -F key=audit_time_rules
      create: true
      mode: g-rwx,o-rwx
      state: present
    when: syscalls_found | length == 0

  - name: Declare list of syscalls
    set_fact:
      syscalls:
      - settimeofday
      syscall_grouping:
      - adjtimex
      - settimeofday
      - stime

  - name: Check existence of settimeofday in /etc/audit/audit.rules
    find:
      paths: /etc/audit
      contains: -a always,exit -F arch=b32(( -S |,)\w+)*(( -S |,){{ item }})+(( -S
        |,)\w+)* (-k\s+|-F\s+key=)\S+\s*$
      patterns: audit.rules
    register: find_command
    loop: '{{ (syscall_grouping + syscalls) | unique }}'

  - name: Set path to /etc/audit/audit.rules
    set_fact: audit_file="/etc/audit/audit.rules"

  - name: Declare found syscalls
    set_fact: syscalls_found="{{ find_command.results | selectattr('matched') | map(attribute='item')
      | list }}"

  - name: Declare missing syscalls
    set_fact: missing_syscalls="{{ syscalls | difference(syscalls_found) }}"

  - name: Replace the audit rule in {{ audit_file }}
    lineinfile:
      path: '{{ audit_file }}'
      regexp: (-a always,exit -F arch=b32)(?=.*(?:(?:-S |,)(?:{{ syscalls_found |
        join("|") }}))\b)((?:( -S |,)\w+)+)( (?:-k |-F key=)\w+)
      line: \1\2\3{{ missing_syscalls | join("\3") }}\4
      backrefs: true
      state: present
      mode: g-rwx,o-rwx
    when: syscalls_found | length &gt; 0 and missing_syscalls | length &gt; 0

  - name: Add the audit rule to {{ audit_file }}
    lineinfile:
      path: '{{ audit_file }}'
      line: -a always,exit -F arch=b32 -S {{ syscalls | join(',') }} -F key=audit_time_rules
      create: true
      mode: g-rwx,o-rwx
      state: present
    when: syscalls_found | length == 0
  when:
  - '"auditd" in ansible_facts.packages'
  - '"linux-base" in ansible_facts.packages'
  tags:
  - CJIS-5.4.1.1
  - NIST-800-171-3.1.7
  - NIST-800-53-AC-6(9)
  - NIST-800-53-AU-12(c)
  - NIST-800-53-AU-2(d)
  - NIST-800-53-CM-6(a)
  - PCI-DSS-Req-10.4.2.b
  - PCI-DSSv4-10.6
  - PCI-DSSv4-10.6.3
  - audit_rules_time_settimeofday
  - low_complexity
  - low_disruption
  - medium_severity
  - no_reboot_needed
  - restrict_strategy

- name: Perform remediation of Audit rules for settimeofday for 64bit platform
  block:

  - name: Declare list of syscalls
    set_fact:
      syscalls:
      - settimeofday
      syscall_grouping:
      - adjtimex
      - settimeofday
      - stime

  - name: Check existence of settimeofday in /etc/audit/rules.d/
    find:
      paths: /etc/audit/rules.d
      contains: -a always,exit -F arch=b64(( -S |,)\w+)*(( -S |,){{ item }})+(( -S
        |,)\w+)* (-k\s+|-F\s+key=)\S+\s*$
      patterns: '*.rules'
    register: find_command
    loop: '{{ (syscall_grouping + syscalls) | unique }}'

  - name: Reset syscalls found per file
    set_fact:
      syscalls_per_file: {}
      found_paths_dict: {}

  - name: Declare syscalls found per file
    set_fact: syscalls_per_file="{{ syscalls_per_file | combine( {item.files[0].path
      :[item.item] + syscalls_per_file.get(item.files[0].path, []) } ) }}"
    loop: '{{ find_command.results | selectattr(''matched'') | list }}'

  - name: Declare files where syscalls were found
    set_fact: found_paths="{{ find_command.results | map(attribute='files') | flatten
      | map(attribute='path') | list }}"

  - name: Count occurrences of syscalls in paths
    set_fact: found_paths_dict="{{ found_paths_dict | combine({ item:1+found_paths_dict.get(item,
      0) }) }}"
    loop: '{{ find_command.results | map(attribute=''files'') | flatten | map(attribute=''path'')
      | list }}'

  - name: Get path with most syscalls
    set_fact: audit_file="{{ (found_paths_dict | dict2items() | sort(attribute='value')
      | last).key }}"
    when: found_paths | length &gt;= 1

  - name: No file with syscall found, set path to /etc/audit/rules.d/audit_time_rules.rules
    set_fact: audit_file="/etc/audit/rules.d/audit_time_rules.rules"
    when: found_paths | length == 0

  - name: Declare found syscalls
    set_fact: syscalls_found="{{ find_command.results | selectattr('matched') | map(attribute='item')
      | list }}"

  - name: Declare missing syscalls
    set_fact: missing_syscalls="{{ syscalls | difference(syscalls_found) }}"

  - name: Replace the audit rule in {{ audit_file }}
    lineinfile:
      path: '{{ audit_file }}'
      regexp: (-a always,exit -F arch=b64)(?=.*(?:(?:-S |,)(?:{{ syscalls_per_file[audit_file]
        | join("|") }}))\b)((?:( -S |,)\w+)+)( (?:-k |-F key=)\w+)
      line: \1\2\3{{ missing_syscalls | join("\3") }}\4
      backrefs: true
      state: present
      mode: g-rwx,o-rwx
    when: syscalls_found | length &gt; 0 and missing_syscalls | length &gt; 0

  - name: Add the audit rule to {{ audit_file }}
    lineinfile:
      path: '{{ audit_file }}'
      line: -a always,exit -F arch=b64 -S {{ syscalls | join(',') }} -F key=audit_time_rules
      create: true
      mode: g-rwx,o-rwx
      state: present
    when: syscalls_found | length == 0

  - name: Declare list of syscalls
    set_fact:
      syscalls:
      - settimeofday
      syscall_grouping:
      - adjtimex
      - settimeofday
      - stime

  - name: Check existence of settimeofday in /etc/audit/audit.rules
    find:
      paths: /etc/audit
      contains: -a always,exit -F arch=b64(( -S |,)\w+)*(( -S |,){{ item }})+(( -S
        |,)\w+)* (-k\s+|-F\s+key=)\S+\s*$
      patterns: audit.rules
    register: find_command
    loop: '{{ (syscall_grouping + syscalls) | unique }}'

  - name: Set path to /etc/audit/audit.rules
    set_fact: audit_file="/etc/audit/audit.rules"

  - name: Declare found syscalls
    set_fact: syscalls_found="{{ find_command.results | selectattr('matched') | map(attribute='item')
      | list }}"

  - name: Declare missing syscalls
    set_fact: missing_syscalls="{{ syscalls | difference(syscalls_found) }}"

  - name: Replace the audit rule in {{ audit_file }}
    lineinfile:
      path: '{{ audit_file }}'
      regexp: (-a always,exit -F arch=b64)(?=.*(?:(?:-S |,)(?:{{ syscalls_found |
        join("|") }}))\b)((?:( -S |,)\w+)+)( (?:-k |-F key=)\w+)
      line: \1\2\3{{ missing_syscalls | join("\3") }}\4
      backrefs: true
      state: present
      mode: g-rwx,o-rwx
    when: syscalls_found | length &gt; 0 and missing_syscalls | length &gt; 0

  - name: Add the audit rule to {{ audit_file }}
    lineinfile:
      path: '{{ audit_file }}'
      line: -a always,exit -F arch=b64 -S {{ syscalls | join(',') }} -F key=audit_time_rules
      create: true
      mode: g-rwx,o-rwx
      state: present
    when: syscalls_found | length == 0
  when:
  - '"auditd" in ansible_facts.packages'
  - '"linux-base" in ansible_facts.packages'
  - audit_arch == "b64"
  tags:
  - CJIS-5.4.1.1
  - NIST-800-171-3.1.7
  - NIST-800-53-AC-6(9)
  - NIST-800-53-AU-12(c)
  - NIST-800-53-AU-2(d)
  - NIST-800-53-CM-6(a)
  - PCI-DSS-Req-10.4.2.b
  - PCI-DSSv4-10.6
  - PCI-DSSv4-10.6.3
  - audit_rules_time_settimeofday
  - low_complexity
  - low_disruption
  - medium_severity
  - no_reboot_needed
  - restrict_strategy
</fix>
          <fix xmlns:xhtml="http://www.w3.org/1999/xhtml" id="audit_rules_time_settimeofday" system="urn:xccdf:fix:script:sh"># Remediation is applicable only in certain platforms
if dpkg-query --show --showformat='${db:Status-Status}
' 'linux-base' 2&gt;/dev/null | grep -q ^installed &amp;&amp; dpkg-query --show --showformat='${db:Status-Status}\n' 'auditd' 2&gt;/dev/null | grep -q '^installed'; then

# Retrieve hardware architecture of the underlying system
[ "$(getconf LONG_BIT)" = "32" ] &amp;&amp; RULE_ARCHS=("b32") || RULE_ARCHS=("b32" "b64")

for ARCH in "${RULE_ARCHS[@]}"
do
    # Create expected audit group and audit rule form for particular system call &amp; architecture
    if [ ${ARCH} = "b32" ]
    then
        ACTION_ARCH_FILTERS="-a always,exit -F arch=$ARCH"
        # stime system call is known at 32-bit arch (see e.g "$ ausyscall i386 stime" 's output)
        # so append it to the list of time group system calls to be audited
        SYSCALL="adjtimex settimeofday stime"
        SYSCALL_GROUPING="adjtimex settimeofday stime"
    elif [ ${ARCH} = "b64" ]
    then
        ACTION_ARCH_FILTERS="-a always,exit -F arch=$ARCH"
        # stime system call isn't known at 64-bit arch (see "$ ausyscall x86_64 stime" 's output)
        # therefore don't add it to the list of time group system calls to be audited
        SYSCALL="adjtimex settimeofday"
        SYSCALL_GROUPING="adjtimex settimeofday"
    fi
    OTHER_FILTERS=""
    AUID_FILTERS=""
    KEY="audit_time_rules"
    # Perform the remediation for both possible tools: 'auditctl' and 'augenrules'
    unset syscall_a
    unset syscall_grouping
    unset syscall_string
    unset syscall
    unset file_to_edit
    unset rule_to_edit
    unset rule_syscalls_to_edit
    unset other_string
    unset auid_string
    unset full_rule

    # Load macro arguments into arrays
    read -a syscall_a &lt;&lt;&lt; $SYSCALL
    read -a syscall_grouping &lt;&lt;&lt; $SYSCALL_GROUPING

    # Create a list of audit *.rules files that should be inspected for presence and correctness
    # of a particular audit rule. The scheme is as follows:
    #
    # -----------------------------------------------------------------------------------------
    #  Tool used to load audit rules | Rule already defined  |  Audit rules file to inspect    |
    # -----------------------------------------------------------------------------------------
    #        auditctl                |     Doesn't matter    |  /etc/audit/audit.rules         |
    # -----------------------------------------------------------------------------------------
    #        augenrules              |          Yes          |  /etc/audit/rules.d/*.rules     |
    #        augenrules              |          No           |  /etc/audit/rules.d/$key.rules  |
    # -----------------------------------------------------------------------------------------
    #
    files_to_inspect=()

    # If audit tool is 'augenrules', then check if the audit rule is defined
    # If rule is defined, add '/etc/audit/rules.d/*.rules' to the list for inspection
    # If rule isn't defined yet, add '/etc/audit/rules.d/$key.rules' to the list for inspection
    default_file="/etc/audit/rules.d/$KEY.rules"
    # As other_filters may include paths, lets use a different delimiter for it
    # The "F" script expression tells sed to print the filenames where the expressions matched
    readarray -t files_to_inspect &lt; &lt;(sed -s -n -e "/^$ACTION_ARCH_FILTERS/!d" -e "\#$OTHER_FILTERS#!d" -e "/$AUID_FILTERS/!d" -e "F" /etc/audit/rules.d/*.rules)
    # Case when particular rule isn't defined in /etc/audit/rules.d/*.rules yet
    if [ ${#files_to_inspect[@]} -eq "0" ]
    then
        file_to_inspect="/etc/audit/rules.d/$KEY.rules"
        files_to_inspect=("$file_to_inspect")
        if [ ! -e "$file_to_inspect" ]
        then
            touch "$file_to_inspect"
            chmod 0600 "$file_to_inspect"
        fi
    fi

    # After converting to jinja, we cannot return; therefore we skip the rest of the macro if needed instead
    skip=1

    for audit_file in "${files_to_inspect[@]}"
    do
        # Filter existing $audit_file rules' definitions to select those that satisfy the rule pattern,
        # i.e, collect rules that match:
        # * the action, list and arch, (2-nd argument)
        # * the other filters, (3-rd argument)
        # * the auid filters, (4-rd argument)
        readarray -t similar_rules &lt; &lt;(sed -e "/^$ACTION_ARCH_FILTERS/!d"  -e "\#$OTHER_FILTERS#!d" -e "/$AUID_FILTERS/!d" "$audit_file")

        candidate_rules=()
        # Filter out rules that have more fields then required. This will remove rules more specific than the required scope
        for s_rule in "${similar_rules[@]}"
        do
            # Strip all the options and fields we know of,
            # than check if there was any field left over
            extra_fields=$(sed -E -e "s/^$ACTION_ARCH_FILTERS//"  -e "s#$OTHER_FILTERS##" -e "s/$AUID_FILTERS//" -e "s/((:?-S [[:alnum:],]+)+)//g" -e "s/-F key=\w+|-k \w+//"&lt;&lt;&lt; "$s_rule")
            grep -q -- "-F" &lt;&lt;&lt; "$extra_fields" || candidate_rules+=("$s_rule")
        done

        if [[ ${#syscall_a[@]} -ge 1 ]]
        then
            # Check if the syscall we want is present in any of the similar existing rules
            for rule in "${candidate_rules[@]}"
            do
                rule_syscalls=$(echo "$rule" | grep -o -P '(-S [\w,]+)+' | xargs)
                all_syscalls_found=0
                for syscall in "${syscall_a[@]}"
                do
                    grep -q -- "\b${syscall}\b" &lt;&lt;&lt; "$rule_syscalls" || {
                       # A syscall was not found in the candidate rule
                       all_syscalls_found=1
                       }
                done
                if [[ $all_syscalls_found -eq 0 ]]
                then
                    # We found a rule with all the syscall(s) we want; skip rest of macro
                    skip=0
                    break
                fi

                # Check if this rule can be grouped with our target syscall and keep track of it
                for syscall_g in "${syscall_grouping[@]}"
                do
                    if grep -q -- "\b${syscall_g}\b" &lt;&lt;&lt; "$rule_syscalls"
                    then
                        file_to_edit=${audit_file}
                        rule_to_edit=${rule}
                        rule_syscalls_to_edit=${rule_syscalls}
                    fi
                done
            done
        else
            # If there is any candidate rule, it is compliant; skip rest of macro
            if [ "${#candidate_rules[@]}" -gt 0 ]
            then
                skip=0
            fi
        fi

        if [ "$skip" -eq 0 ]; then
            break
        fi
    done

    if [ "$skip" -ne 0 ]; then
        # We checked all rules that matched the expected resemblance pattern (action, arch &amp; auid)
        # At this point we know if we need to either append the $full_rule or group
        # the syscall together with an exsiting rule

        # Append the full_rule if it cannot be grouped to any other rule
        if [ -z ${rule_to_edit+x} ]
        then
            # Build full_rule while avoid adding double spaces when other_filters is empty
            if [ "${#syscall_a[@]}" -gt 0 ]
            then
                syscall_string=""
                for syscall in "${syscall_a[@]}"
                do
                    syscall_string+=" -S $syscall"
                done
            fi
            other_string=$([[ $OTHER_FILTERS ]] &amp;&amp; echo " $OTHER_FILTERS") || /bin/true
            auid_string=$([[ $AUID_FILTERS ]] &amp;&amp; echo " $AUID_FILTERS") || /bin/true
            full_rule="$ACTION_ARCH_FILTERS${syscall_string}${other_string}${auid_string} -F key=$KEY" || /bin/true
            echo "$full_rule" &gt;&gt; "$default_file"
            chmod 0600 ${default_file}
        else
            # Check if the syscalls are declared as a comma separated list or
            # as multiple -S parameters
            if grep -q -- "," &lt;&lt;&lt; "${rule_syscalls_to_edit}"
            then
                delimiter=","
            else
                delimiter=" -S "
            fi
            new_grouped_syscalls="${rule_syscalls_to_edit}"
            for syscall in "${syscall_a[@]}"
            do
                grep -q -- "\b${syscall}\b" &lt;&lt;&lt; "${rule_syscalls_to_edit}" || {
                   # A syscall was not found in the candidate rule
                   new_grouped_syscalls+="${delimiter}${syscall}"
                   }
            done

            # Group the syscall in the rule
            sed -i -e "\#${rule_to_edit}#s#${rule_syscalls_to_edit}#${new_grouped_syscalls}#" "$file_to_edit"
        fi
    fi
    unset syscall_a
    unset syscall_grouping
    unset syscall_string
    unset syscall
    unset file_to_edit
    unset rule_to_edit
    unset rule_syscalls_to_edit
    unset other_string
    unset auid_string
    unset full_rule

    # Load macro arguments into arrays
    read -a syscall_a &lt;&lt;&lt; $SYSCALL
    read -a syscall_grouping &lt;&lt;&lt; $SYSCALL_GROUPING

    # Create a list of audit *.rules files that should be inspected for presence and correctness
    # of a particular audit rule. The scheme is as follows:
    #
    # -----------------------------------------------------------------------------------------
    #  Tool used to load audit rules | Rule already defined  |  Audit rules file to inspect    |
    # -----------------------------------------------------------------------------------------
    #        auditctl                |     Doesn't matter    |  /etc/audit/audit.rules         |
    # -----------------------------------------------------------------------------------------
    #        augenrules              |          Yes          |  /etc/audit/rules.d/*.rules     |
    #        augenrules              |          No           |  /etc/audit/rules.d/$key.rules  |
    # -----------------------------------------------------------------------------------------
    #
    files_to_inspect=()


    # If audit tool is 'auditctl', then add '/etc/audit/audit.rules'
    # file to the list of files to be inspected
    default_file="/etc/audit/audit.rules"
    files_to_inspect+=('/etc/audit/audit.rules' )

    # After converting to jinja, we cannot return; therefore we skip the rest of the macro if needed instead
    skip=1

    for audit_file in "${files_to_inspect[@]}"
    do
        # Filter existing $audit_file rules' definitions to select those that satisfy the rule pattern,
        # i.e, collect rules that match:
        # * the action, list and arch, (2-nd argument)
        # * the other filters, (3-rd argument)
        # * the auid filters, (4-rd argument)
        readarray -t similar_rules &lt; &lt;(sed -e "/^$ACTION_ARCH_FILTERS/!d"  -e "\#$OTHER_FILTERS#!d" -e "/$AUID_FILTERS/!d" "$audit_file")

        candidate_rules=()
        # Filter out rules that have more fields then required. This will remove rules more specific than the required scope
        for s_rule in "${similar_rules[@]}"
        do
            # Strip all the options and fields we know of,
            # than check if there was any field left over
            extra_fields=$(sed -E -e "s/^$ACTION_ARCH_FILTERS//"  -e "s#$OTHER_FILTERS##" -e "s/$AUID_FILTERS//" -e "s/((:?-S [[:alnum:],]+)+)//g" -e "s/-F key=\w+|-k \w+//"&lt;&lt;&lt; "$s_rule")
            grep -q -- "-F" &lt;&lt;&lt; "$extra_fields" || candidate_rules+=("$s_rule")
        done

        if [[ ${#syscall_a[@]} -ge 1 ]]
        then
            # Check if the syscall we want is present in any of the similar existing rules
            for rule in "${candidate_rules[@]}"
            do
                rule_syscalls=$(echo "$rule" | grep -o -P '(-S [\w,]+)+' | xargs)
                all_syscalls_found=0
                for syscall in "${syscall_a[@]}"
                do
                    grep -q -- "\b${syscall}\b" &lt;&lt;&lt; "$rule_syscalls" || {
                       # A syscall was not found in the candidate rule
                       all_syscalls_found=1
                       }
                done
                if [[ $all_syscalls_found -eq 0 ]]
                then
                    # We found a rule with all the syscall(s) we want; skip rest of macro
                    skip=0
                    break
                fi

                # Check if this rule can be grouped with our target syscall and keep track of it
                for syscall_g in "${syscall_grouping[@]}"
                do
                    if grep -q -- "\b${syscall_g}\b" &lt;&lt;&lt; "$rule_syscalls"
                    then
                        file_to_edit=${audit_file}
                        rule_to_edit=${rule}
                        rule_syscalls_to_edit=${rule_syscalls}
                    fi
                done
            done
        else
            # If there is any candidate rule, it is compliant; skip rest of macro
            if [ "${#candidate_rules[@]}" -gt 0 ]
            then
                skip=0
            fi
        fi

        if [ "$skip" -eq 0 ]; then
            break
        fi
    done

    if [ "$skip" -ne 0 ]; then
        # We checked all rules that matched the expected resemblance pattern (action, arch &amp; auid)
        # At this point we know if we need to either append the $full_rule or group
        # the syscall together with an exsiting rule

        # Append the full_rule if it cannot be grouped to any other rule
        if [ -z ${rule_to_edit+x} ]
        then
            # Build full_rule while avoid adding double spaces when other_filters is empty
            if [ "${#syscall_a[@]}" -gt 0 ]
            then
                syscall_string=""
                for syscall in "${syscall_a[@]}"
                do
                    syscall_string+=" -S $syscall"
                done
            fi
            other_string=$([[ $OTHER_FILTERS ]] &amp;&amp; echo " $OTHER_FILTERS") || /bin/true
            auid_string=$([[ $AUID_FILTERS ]] &amp;&amp; echo " $AUID_FILTERS") || /bin/true
            full_rule="$ACTION_ARCH_FILTERS${syscall_string}${other_string}${auid_string} -F key=$KEY" || /bin/true
            echo "$full_rule" &gt;&gt; "$default_file"
            chmod 0600 ${default_file}
        else
            # Check if the syscalls are declared as a comma separated list or
            # as multiple -S parameters
            if grep -q -- "," &lt;&lt;&lt; "${rule_syscalls_to_edit}"
            then
                delimiter=","
            else
                delimiter=" -S "
            fi
            new_grouped_syscalls="${rule_syscalls_to_edit}"
            for syscall in "${syscall_a[@]}"
            do
                grep -q -- "\b${syscall}\b" &lt;&lt;&lt; "${rule_syscalls_to_edit}" || {
                   # A syscall was not found in the candidate rule
                   new_grouped_syscalls+="${delimiter}${syscall}"
                   }
            done

            # Group the syscall in the rule
            sed -i -e "\#${rule_to_edit}#s#${rule_syscalls_to_edit}#${new_grouped_syscalls}#" "$file_to_edit"
        fi
    fi
done

else
    &gt;&amp;2 echo 'Remediation is not applicable, nothing was done'
fi
</fix>
          <check system="http://oval.mitre.org/XMLSchema/oval-definitions-5">
            <check-content-ref name="oval:ssg-audit_rules_time_settimeofday:def:1" href="ssg-ubuntu2404-oval.xml"/>
          </check>
          <check system="http://scap.nist.gov/schema/ocil/2">
            <check-content-ref name="ocil:ssg-audit_rules_time_settimeofday_ocil:questionnaire:1" href="ssg-ubuntu2404-ocil.xml"/>
          </check>
        </Rule>
        <Rule id="xccdf_org.ssgproject.content_rule_audit_rules_time_watch_localtime" selected="false" role="full" severity="medium">
          <title xmlns:xhtml="http://www.w3.org/1999/xhtml" xml:lang="en-US">Record Attempts to Alter the localtime File</title>
          <description xmlns:xhtml="http://www.w3.org/1999/xhtml" xml:lang="en-US">If the <html:code xmlns:html="http://www.w3.org/1999/xhtml">auditd</html:code> daemon is configured to use the
<html:code xmlns:html="http://www.w3.org/1999/xhtml">augenrules</html:code> program to read audit rules during daemon startup (the default),
add the following line to a file with suffix <html:code xmlns:html="http://www.w3.org/1999/xhtml">.rules</html:code> in the directory
<html:code xmlns:html="http://www.w3.org/1999/xhtml">/etc/audit/rules.d</html:code>:
<html:pre xmlns:html="http://www.w3.org/1999/xhtml">-w /etc/localtime -p wa -k audit_time_rules</html:pre>
If the <html:code xmlns:html="http://www.w3.org/1999/xhtml">auditd</html:code> daemon is configured to use the <html:code xmlns:html="http://www.w3.org/1999/xhtml">auditctl</html:code>
utility to read audit rules during daemon startup, add the following line to
<html:code xmlns:html="http://www.w3.org/1999/xhtml">/etc/audit/audit.rules</html:code> file:
<html:pre xmlns:html="http://www.w3.org/1999/xhtml">-w /etc/localtime -p wa -k audit_time_rules</html:pre>
The -k option allows for the specification of a key in string form that can
be used for better reporting capability through ausearch and aureport and
should always be used.</description>
          <reference href="https://www.cisecurity.org/controls/">1</reference>
          <reference href="https://www.cisecurity.org/controls/">11</reference>
          <reference href="https://www.cisecurity.org/controls/">12</reference>
          <reference href="https://www.cisecurity.org/controls/">13</reference>
          <reference href="https://www.cisecurity.org/controls/">14</reference>
          <reference href="https://www.cisecurity.org/controls/">15</reference>
          <reference href="https://www.cisecurity.org/controls/">16</reference>
          <reference href="https://www.cisecurity.org/controls/">19</reference>
          <reference href="https://www.cisecurity.org/controls/">2</reference>
          <reference href="https://www.cisecurity.org/controls/">3</reference>
          <reference href="https://www.cisecurity.org/controls/">4</reference>
          <reference href="https://www.cisecurity.org/controls/">5</reference>
          <reference href="https://www.cisecurity.org/controls/">6</reference>
          <reference href="https://www.cisecurity.org/controls/">7</reference>
          <reference href="https://www.cisecurity.org/controls/">8</reference>
          <reference href="https://www.cisecurity.org/controls/">9</reference>
          <reference href="https://www.fbi.gov/file-repository/cjis-security-policy-v5_5_20160601-2-1.pdf">5.4.1.1</reference>
          <reference href="https://www.isaca.org/resources/cobit">APO10.01</reference>
          <reference href="https://www.isaca.org/resources/cobit">APO10.03</reference>
          <reference href="https://www.isaca.org/resources/cobit">APO10.04</reference>
          <reference href="https://www.isaca.org/resources/cobit">APO10.05</reference>
          <reference href="https://www.isaca.org/resources/cobit">APO11.04</reference>
          <reference href="https://www.isaca.org/resources/cobit">APO12.06</reference>
          <reference href="https://www.isaca.org/resources/cobit">APO13.01</reference>
          <reference href="https://www.isaca.org/resources/cobit">BAI03.05</reference>
          <reference href="https://www.isaca.org/resources/cobit">BAI08.02</reference>
          <reference href="https://www.isaca.org/resources/cobit">DSS01.03</reference>
          <reference href="https://www.isaca.org/resources/cobit">DSS01.04</reference>
          <reference href="https://www.isaca.org/resources/cobit">DSS02.02</reference>
          <reference href="https://www.isaca.org/resources/cobit">DSS02.04</reference>
          <reference href="https://www.isaca.org/resources/cobit">DSS02.07</reference>
          <reference href="https://www.isaca.org/resources/cobit">DSS03.01</reference>
          <reference href="https://www.isaca.org/resources/cobit">DSS03.05</reference>
          <reference href="https://www.isaca.org/resources/cobit">DSS05.02</reference>
          <reference href="https://www.isaca.org/resources/cobit">DSS05.03</reference>
          <reference href="https://www.isaca.org/resources/cobit">DSS05.04</reference>
          <reference href="https://www.isaca.org/resources/cobit">DSS05.05</reference>
          <reference href="https://www.isaca.org/resources/cobit">DSS05.07</reference>
          <reference href="https://www.isaca.org/resources/cobit">MEA01.01</reference>
          <reference href="https://www.isaca.org/resources/cobit">MEA01.02</reference>
          <reference href="https://www.isaca.org/resources/cobit">MEA01.03</reference>
          <reference href="https://www.isaca.org/resources/cobit">MEA01.04</reference>
          <reference href="https://www.isaca.org/resources/cobit">MEA01.05</reference>
          <reference href="https://www.isaca.org/resources/cobit">MEA02.01</reference>
          <reference href="http://nvlpubs.nist.gov/nistpubs/SpecialPublications/NIST.SP.800-171.pdf">3.1.7</reference>
          <reference href="https://public.cyber.mil/stigs/cci/">CCI-001487</reference>
          <reference href="https://public.cyber.mil/stigs/cci/">CCI-000169</reference>
          <reference href="https://www.gpo.gov/fdsys/pkg/CFR-2007-title45-vol1/pdf/CFR-2007-title45-vol1-chapA-subchapC.pdf">164.308(a)(1)(ii)(D)</reference>
          <reference href="https://www.gpo.gov/fdsys/pkg/CFR-2007-title45-vol1/pdf/CFR-2007-title45-vol1-chapA-subchapC.pdf">164.308(a)(3)(ii)(A)</reference>
          <reference href="https://www.gpo.gov/fdsys/pkg/CFR-2007-title45-vol1/pdf/CFR-2007-title45-vol1-chapA-subchapC.pdf">164.308(a)(5)(ii)(C)</reference>
          <reference href="https://www.gpo.gov/fdsys/pkg/CFR-2007-title45-vol1/pdf/CFR-2007-title45-vol1-chapA-subchapC.pdf">164.312(a)(2)(i)</reference>
          <reference href="https://www.gpo.gov/fdsys/pkg/CFR-2007-title45-vol1/pdf/CFR-2007-title45-vol1-chapA-subchapC.pdf">164.312(b)</reference>
          <reference href="https://www.gpo.gov/fdsys/pkg/CFR-2007-title45-vol1/pdf/CFR-2007-title45-vol1-chapA-subchapC.pdf">164.312(d)</reference>
          <reference href="https://www.gpo.gov/fdsys/pkg/CFR-2007-title45-vol1/pdf/CFR-2007-title45-vol1-chapA-subchapC.pdf">164.312(e)</reference>
          <reference href="https://www.isa.org/products/isa-62443-2-1-2009-security-for-industrial-automat">4.2.3.10</reference>
          <reference href="https://www.isa.org/products/isa-62443-2-1-2009-security-for-industrial-automat">4.3.2.6.7</reference>
          <reference href="https://www.isa.org/products/isa-62443-2-1-2009-security-for-industrial-automat">4.3.3.3.9</reference>
          <reference href="https://www.isa.org/products/isa-62443-2-1-2009-security-for-industrial-automat">4.3.3.5.8</reference>
          <reference href="https://www.isa.org/products/isa-62443-2-1-2009-security-for-industrial-automat">4.3.3.6.6</reference>
          <reference href="https://www.isa.org/products/isa-62443-2-1-2009-security-for-industrial-automat">4.3.4.4.7</reference>
          <reference href="https://www.isa.org/products/isa-62443-2-1-2009-security-for-industrial-automat">4.3.4.5.6</reference>
          <reference href="https://www.isa.org/products/isa-62443-2-1-2009-security-for-industrial-automat">4.3.4.5.7</reference>
          <reference href="https://www.isa.org/products/isa-62443-2-1-2009-security-for-industrial-automat">4.3.4.5.8</reference>
          <reference href="https://www.isa.org/products/isa-62443-2-1-2009-security-for-industrial-automat">4.4.2.1</reference>
          <reference href="https://www.isa.org/products/isa-62443-2-1-2009-security-for-industrial-automat">4.4.2.2</reference>
          <reference href="https://www.isa.org/products/isa-62443-2-1-2009-security-for-industrial-automat">4.4.2.4</reference>
          <reference href="https://www.isa.org/products/ansi-isa-62443-3-3-99-03-03-2013-security-for-indu">SR 1.13</reference>
          <reference href="https://www.isa.org/products/ansi-isa-62443-3-3-99-03-03-2013-security-for-indu">SR 2.10</reference>
          <reference href="https://www.isa.org/products/ansi-isa-62443-3-3-99-03-03-2013-security-for-indu">SR 2.11</reference>
          <reference href="https://www.isa.org/products/ansi-isa-62443-3-3-99-03-03-2013-security-for-indu">SR 2.12</reference>
          <reference href="https://www.isa.org/products/ansi-isa-62443-3-3-99-03-03-2013-security-for-indu">SR 2.6</reference>
          <reference href="https://www.isa.org/products/ansi-isa-62443-3-3-99-03-03-2013-security-for-indu">SR 2.8</reference>
          <reference href="https://www.isa.org/products/ansi-isa-62443-3-3-99-03-03-2013-security-for-indu">SR 2.9</reference>
          <reference href="https://www.isa.org/products/ansi-isa-62443-3-3-99-03-03-2013-security-for-indu">SR 3.1</reference>
          <reference href="https://www.isa.org/products/ansi-isa-62443-3-3-99-03-03-2013-security-for-indu">SR 3.5</reference>
          <reference href="https://www.isa.org/products/ansi-isa-62443-3-3-99-03-03-2013-security-for-indu">SR 3.8</reference>
          <reference href="https://www.isa.org/products/ansi-isa-62443-3-3-99-03-03-2013-security-for-indu">SR 4.1</reference>
          <reference href="https://www.isa.org/products/ansi-isa-62443-3-3-99-03-03-2013-security-for-indu">SR 4.3</reference>
          <reference href="https://www.isa.org/products/ansi-isa-62443-3-3-99-03-03-2013-security-for-indu">SR 5.1</reference>
          <reference href="https://www.isa.org/products/ansi-isa-62443-3-3-99-03-03-2013-security-for-indu">SR 5.2</reference>
          <reference href="https://www.isa.org/products/ansi-isa-62443-3-3-99-03-03-2013-security-for-indu">SR 5.3</reference>
          <reference href="https://www.isa.org/products/ansi-isa-62443-3-3-99-03-03-2013-security-for-indu">SR 6.1</reference>
          <reference href="https://www.isa.org/products/ansi-isa-62443-3-3-99-03-03-2013-security-for-indu">SR 6.2</reference>
          <reference href="https://www.isa.org/products/ansi-isa-62443-3-3-99-03-03-2013-security-for-indu">SR 7.1</reference>
          <reference href="https://www.isa.org/products/ansi-isa-62443-3-3-99-03-03-2013-security-for-indu">SR 7.6</reference>
          <reference href="https://www.iso.org/contents/data/standard/05/45/54534.html">A.11.2.6</reference>
          <reference href="https://www.iso.org/contents/data/standard/05/45/54534.html">A.12.4.1</reference>
          <reference href="https://www.iso.org/contents/data/standard/05/45/54534.html">A.12.4.2</reference>
          <reference href="https://www.iso.org/contents/data/standard/05/45/54534.html">A.12.4.3</reference>
          <reference href="https://www.iso.org/contents/data/standard/05/45/54534.html">A.12.4.4</reference>
          <reference href="https://www.iso.org/contents/data/standard/05/45/54534.html">A.12.7.1</reference>
          <reference href="https://www.iso.org/contents/data/standard/05/45/54534.html">A.13.1.1</reference>
          <reference href="https://www.iso.org/contents/data/standard/05/45/54534.html">A.13.2.1</reference>
          <reference href="https://www.iso.org/contents/data/standard/05/45/54534.html">A.14.1.3</reference>
          <reference href="https://www.iso.org/contents/data/standard/05/45/54534.html">A.14.2.7</reference>
          <reference href="https://www.iso.org/contents/data/standard/05/45/54534.html">A.15.2.1</reference>
          <reference href="https://www.iso.org/contents/data/standard/05/45/54534.html">A.15.2.2</reference>
          <reference href="https://www.iso.org/contents/data/standard/05/45/54534.html">A.16.1.4</reference>
          <reference href="https://www.iso.org/contents/data/standard/05/45/54534.html">A.16.1.5</reference>
          <reference href="https://www.iso.org/contents/data/standard/05/45/54534.html">A.16.1.7</reference>
          <reference href="https://www.iso.org/contents/data/standard/05/45/54534.html">A.6.2.1</reference>
          <reference href="https://www.iso.org/contents/data/standard/05/45/54534.html">A.6.2.2</reference>
          <reference href="http://nvlpubs.nist.gov/nistpubs/SpecialPublications/NIST.SP.800-53r4.pdf">AU-2(d)</reference>
          <reference href="http://nvlpubs.nist.gov/nistpubs/SpecialPublications/NIST.SP.800-53r4.pdf">AU-12(c)</reference>
          <reference href="http://nvlpubs.nist.gov/nistpubs/SpecialPublications/NIST.SP.800-53r4.pdf">AC-6(9)</reference>
          <reference href="http://nvlpubs.nist.gov/nistpubs/SpecialPublications/NIST.SP.800-53r4.pdf">CM-6(a)</reference>
          <reference href="https://nvlpubs.nist.gov/nistpubs/CSWP/NIST.CSWP.04162018.pdf">DE.AE-3</reference>
          <reference href="https://nvlpubs.nist.gov/nistpubs/CSWP/NIST.CSWP.04162018.pdf">DE.AE-5</reference>
          <reference href="https://nvlpubs.nist.gov/nistpubs/CSWP/NIST.CSWP.04162018.pdf">DE.CM-1</reference>
          <reference href="https://nvlpubs.nist.gov/nistpubs/CSWP/NIST.CSWP.04162018.pdf">DE.CM-3</reference>
          <reference href="https://nvlpubs.nist.gov/nistpubs/CSWP/NIST.CSWP.04162018.pdf">DE.CM-7</reference>
          <reference href="https://nvlpubs.nist.gov/nistpubs/CSWP/NIST.CSWP.04162018.pdf">ID.SC-4</reference>
          <reference href="https://nvlpubs.nist.gov/nistpubs/CSWP/NIST.CSWP.04162018.pdf">PR.AC-3</reference>
          <reference href="https://nvlpubs.nist.gov/nistpubs/CSWP/NIST.CSWP.04162018.pdf">PR.PT-1</reference>
          <reference href="https://nvlpubs.nist.gov/nistpubs/CSWP/NIST.CSWP.04162018.pdf">PR.PT-4</reference>
          <reference href="https://nvlpubs.nist.gov/nistpubs/CSWP/NIST.CSWP.04162018.pdf">RS.AN-1</reference>
          <reference href="https://nvlpubs.nist.gov/nistpubs/CSWP/NIST.CSWP.04162018.pdf">RS.AN-4</reference>
          <reference href="https://www.pcisecuritystandards.org/documents/PCI_DSS_v3-2-1.pdf">Req-10.4.2.b</reference>
          <reference href="https://cyber.gouv.fr/sites/default/files/document/linux_configuration-en-v2.pdf">R73</reference>
          <reference href="https://www.cisecurity.org/benchmark/ubuntu_linux/">6.2.3.4</reference>
          <reference href="https://docs-prv.pcisecuritystandards.org/PCI%20DSS/Standard/PCI-DSS-v4_0.pdf">10.6.3</reference>
          <reference href="https://docs-prv.pcisecuritystandards.org/PCI%20DSS/Standard/PCI-DSS-v4_0.pdf">10.6</reference>
          <rationale xmlns:xhtml="http://www.w3.org/1999/xhtml" xml:lang="en-US">Arbitrary changes to the system time can be used to obfuscate
nefarious activities in log files, as well as to confuse network services that
are highly dependent upon an accurate system time (such as sshd). All changes
to the system time should be audited.</rationale>
          <fix xmlns:xhtml="http://www.w3.org/1999/xhtml" id="audit_rules_time_watch_localtime" system="urn:xccdf:fix:script:ansible" complexity="low" disruption="low" strategy="restrict">- name: Gather the package facts
  package_facts:
    manager: auto
  tags:
  - CJIS-5.4.1.1
  - NIST-800-171-3.1.7
  - NIST-800-53-AC-6(9)
  - NIST-800-53-AU-12(c)
  - NIST-800-53-AU-2(d)
  - NIST-800-53-CM-6(a)
  - PCI-DSS-Req-10.4.2.b
  - PCI-DSSv4-10.6
  - PCI-DSSv4-10.6.3
  - audit_rules_time_watch_localtime
  - low_complexity
  - low_disruption
  - medium_severity
  - no_reboot_needed
  - restrict_strategy

- name: Check if watch rule for /etc/localtime already exists in /etc/audit/rules.d/
  find:
    paths: /etc/audit/rules.d
    contains: ^\s*-w\s+/etc/localtime\s+-p\s+wa(\s|$)+
    patterns: '*.rules'
  register: find_existing_watch_rules_d
  when:
  - '"auditd" in ansible_facts.packages'
  - '"linux-base" in ansible_facts.packages'
  tags:
  - CJIS-5.4.1.1
  - NIST-800-171-3.1.7
  - NIST-800-53-AC-6(9)
  - NIST-800-53-AU-12(c)
  - NIST-800-53-AU-2(d)
  - NIST-800-53-CM-6(a)
  - PCI-DSS-Req-10.4.2.b
  - PCI-DSSv4-10.6
  - PCI-DSSv4-10.6.3
  - audit_rules_time_watch_localtime
  - low_complexity
  - low_disruption
  - medium_severity
  - no_reboot_needed
  - restrict_strategy

- name: Search /etc/audit/rules.d for other rules with specified key audit_time_rules
  find:
    paths: /etc/audit/rules.d
    contains: ^.*(?:-F key=|-k\s+)audit_time_rules$
    patterns: '*.rules'
  register: find_watch_key
  when:
  - '"auditd" in ansible_facts.packages'
  - '"linux-base" in ansible_facts.packages'
  - find_existing_watch_rules_d.matched is defined and find_existing_watch_rules_d.matched
    == 0
  tags:
  - CJIS-5.4.1.1
  - NIST-800-171-3.1.7
  - NIST-800-53-AC-6(9)
  - NIST-800-53-AU-12(c)
  - NIST-800-53-AU-2(d)
  - NIST-800-53-CM-6(a)
  - PCI-DSS-Req-10.4.2.b
  - PCI-DSSv4-10.6
  - PCI-DSSv4-10.6.3
  - audit_rules_time_watch_localtime
  - low_complexity
  - low_disruption
  - medium_severity
  - no_reboot_needed
  - restrict_strategy

- name: Use /etc/audit/rules.d/audit_time_rules.rules as the recipient for the rule
  set_fact:
    all_files:
    - /etc/audit/rules.d/audit_time_rules.rules
  when:
  - '"auditd" in ansible_facts.packages'
  - '"linux-base" in ansible_facts.packages'
  - find_watch_key.matched is defined and find_watch_key.matched == 0 and find_existing_watch_rules_d.matched
    is defined and find_existing_watch_rules_d.matched == 0
  tags:
  - CJIS-5.4.1.1
  - NIST-800-171-3.1.7
  - NIST-800-53-AC-6(9)
  - NIST-800-53-AU-12(c)
  - NIST-800-53-AU-2(d)
  - NIST-800-53-CM-6(a)
  - PCI-DSS-Req-10.4.2.b
  - PCI-DSSv4-10.6
  - PCI-DSSv4-10.6.3
  - audit_rules_time_watch_localtime
  - low_complexity
  - low_disruption
  - medium_severity
  - no_reboot_needed
  - restrict_strategy

- name: Use matched file as the recipient for the rule
  set_fact:
    all_files:
    - '{{ find_watch_key.files | map(attribute=''path'') | list | first }}'
  when:
  - '"auditd" in ansible_facts.packages'
  - '"linux-base" in ansible_facts.packages'
  - find_watch_key.matched is defined and find_watch_key.matched &gt; 0 and find_existing_watch_rules_d.matched
    is defined and find_existing_watch_rules_d.matched == 0
  tags:
  - CJIS-5.4.1.1
  - NIST-800-171-3.1.7
  - NIST-800-53-AC-6(9)
  - NIST-800-53-AU-12(c)
  - NIST-800-53-AU-2(d)
  - NIST-800-53-CM-6(a)
  - PCI-DSS-Req-10.4.2.b
  - PCI-DSSv4-10.6
  - PCI-DSSv4-10.6.3
  - audit_rules_time_watch_localtime
  - low_complexity
  - low_disruption
  - medium_severity
  - no_reboot_needed
  - restrict_strategy

- name: Add watch rule for /etc/localtime in /etc/audit/rules.d/
  lineinfile:
    path: '{{ all_files[0] }}'
    line: -w /etc/localtime -p wa -k audit_time_rules
    create: true
    mode: '0600'
  when:
  - '"auditd" in ansible_facts.packages'
  - '"linux-base" in ansible_facts.packages'
  - find_existing_watch_rules_d.matched is defined and find_existing_watch_rules_d.matched
    == 0
  tags:
  - CJIS-5.4.1.1
  - NIST-800-171-3.1.7
  - NIST-800-53-AC-6(9)
  - NIST-800-53-AU-12(c)
  - NIST-800-53-AU-2(d)
  - NIST-800-53-CM-6(a)
  - PCI-DSS-Req-10.4.2.b
  - PCI-DSSv4-10.6
  - PCI-DSSv4-10.6.3
  - audit_rules_time_watch_localtime
  - low_complexity
  - low_disruption
  - medium_severity
  - no_reboot_needed
  - restrict_strategy

- name: Check if watch rule for /etc/localtime already exists in /etc/audit/audit.rules
  find:
    paths: /etc/audit/
    contains: ^\s*-w\s+/etc/localtime\s+-p\s+wa(\s|$)+
    patterns: audit.rules
  register: find_existing_watch_audit_rules
  when:
  - '"auditd" in ansible_facts.packages'
  - '"linux-base" in ansible_facts.packages'
  tags:
  - CJIS-5.4.1.1
  - NIST-800-171-3.1.7
  - NIST-800-53-AC-6(9)
  - NIST-800-53-AU-12(c)
  - NIST-800-53-AU-2(d)
  - NIST-800-53-CM-6(a)
  - PCI-DSS-Req-10.4.2.b
  - PCI-DSSv4-10.6
  - PCI-DSSv4-10.6.3
  - audit_rules_time_watch_localtime
  - low_complexity
  - low_disruption
  - medium_severity
  - no_reboot_needed
  - restrict_strategy

- name: Add watch rule for /etc/localtime in /etc/audit/audit.rules
  lineinfile:
    line: -w /etc/localtime -p wa -k audit_time_rules
    state: present
    dest: /etc/audit/audit.rules
    create: true
    mode: '0600'
  when:
  - '"auditd" in ansible_facts.packages'
  - '"linux-base" in ansible_facts.packages'
  - find_existing_watch_audit_rules.matched is defined and find_existing_watch_audit_rules.matched
    == 0
  tags:
  - CJIS-5.4.1.1
  - NIST-800-171-3.1.7
  - NIST-800-53-AC-6(9)
  - NIST-800-53-AU-12(c)
  - NIST-800-53-AU-2(d)
  - NIST-800-53-CM-6(a)
  - PCI-DSS-Req-10.4.2.b
  - PCI-DSSv4-10.6
  - PCI-DSSv4-10.6.3
  - audit_rules_time_watch_localtime
  - low_complexity
  - low_disruption
  - medium_severity
  - no_reboot_needed
  - restrict_strategy
</fix>
          <fix xmlns:xhtml="http://www.w3.org/1999/xhtml" id="audit_rules_time_watch_localtime" system="urn:xccdf:fix:script:sh"># Remediation is applicable only in certain platforms
if dpkg-query --show --showformat='${db:Status-Status}
' 'linux-base' 2&gt;/dev/null | grep -q ^installed &amp;&amp; dpkg-query --show --showformat='${db:Status-Status}\n' 'auditd' 2&gt;/dev/null | grep -q '^installed'; then

# Perform the remediation for both possible tools: 'auditctl' and 'augenrules'
# Create a list of audit *.rules files that should be inspected for presence and correctness
# of a particular audit rule. The scheme is as follows:
#
# -----------------------------------------------------------------------------------------
# Tool used to load audit rules	| Rule already defined	|  Audit rules file to inspect	  |
# -----------------------------------------------------------------------------------------
#	auditctl		|     Doesn't matter	|  /etc/audit/audit.rules	  |
# -----------------------------------------------------------------------------------------
# 	augenrules		|          Yes		|  /etc/audit/rules.d/*.rules	  |
# 	augenrules		|          No		|  /etc/audit/rules.d/$key.rules  |
# -----------------------------------------------------------------------------------------
files_to_inspect=()


# If the audit tool is 'auditctl', then add '/etc/audit/audit.rules'
# into the list of files to be inspected
files_to_inspect+=('/etc/audit/audit.rules')

# Finally perform the inspection and possible subsequent audit rule
# correction for each of the files previously identified for inspection
for audit_rules_file in "${files_to_inspect[@]}"
do
    # Check if audit watch file system object rule for given path already present
    if grep -q -P -- "^[\s]*-w[\s]+/etc/localtime" "$audit_rules_file"
    then
        # Rule is found =&gt; verify yet if existing rule definition contains
        # all of the required access type bits

        # Define BRE whitespace class shortcut
        sp="[[:space:]]"
        # Extract current permission access types (e.g. -p [r|w|x|a] values) from audit rule
        current_access_bits=$(sed -ne "s#$sp*-w$sp\+/etc/localtime $sp\+-p$sp\+\([rxwa]\{1,4\}\).*#\1#p" "$audit_rules_file")
        # Split required access bits string into characters array
        # (to check bit's presence for one bit at a time)
        for access_bit in $(echo "wa" | grep -o .)
        do
            # For each from the required access bits (e.g. 'w', 'a') check
            # if they are already present in current access bits for rule.
            # If not, append that bit at the end
            if ! grep -q "$access_bit" &lt;&lt;&lt; "$current_access_bits"
            then
                # Concatenate the existing mask with the missing bit
                current_access_bits="$current_access_bits$access_bit"
            fi
        done
        # Propagate the updated rule's access bits (original + the required
        # ones) back into the /etc/audit/audit.rules file for that rule
        sed -i "s#\($sp*-w$sp\+/etc/localtime$sp\+-p$sp\+\)\([rxwa]\{1,4\}\)\(.*\)#\1$current_access_bits\3#" "$audit_rules_file"
    else
        # Rule isn't present yet. Append it at the end of $audit_rules_file file
        # with proper key

        echo "-w /etc/localtime -p wa -k audit_time_rules" &gt;&gt; "$audit_rules_file"
    fi
done
# Create a list of audit *.rules files that should be inspected for presence and correctness
# of a particular audit rule. The scheme is as follows:
#
# -----------------------------------------------------------------------------------------
# Tool used to load audit rules	| Rule already defined	|  Audit rules file to inspect	  |
# -----------------------------------------------------------------------------------------
#	auditctl		|     Doesn't matter	|  /etc/audit/audit.rules	  |
# -----------------------------------------------------------------------------------------
# 	augenrules		|          Yes		|  /etc/audit/rules.d/*.rules	  |
# 	augenrules		|          No		|  /etc/audit/rules.d/$key.rules  |
# -----------------------------------------------------------------------------------------
files_to_inspect=()

# If the audit is 'augenrules', then check if rule is already defined
# If rule is defined, add '/etc/audit/rules.d/*.rules' to list of files for inspection.
# If rule isn't defined, add '/etc/audit/rules.d/audit_time_rules.rules' to list of files for inspection.
readarray -t matches &lt; &lt;(grep -HP "[\s]*-w[\s]+/etc/localtime" /etc/audit/rules.d/*.rules)

# For each of the matched entries
for match in "${matches[@]}"
do
    # Extract filepath from the match
    rulesd_audit_file=$(echo $match | cut -f1 -d ':')
    # Append that path into list of files for inspection
    files_to_inspect+=("$rulesd_audit_file")
done
# Case when particular audit rule isn't defined yet
if [ "${#files_to_inspect[@]}" -eq "0" ]
then
    # Append '/etc/audit/rules.d/audit_time_rules.rules' into list of files for inspection
    key_rule_file="/etc/audit/rules.d/audit_time_rules.rules"
    # If the audit_time_rules.rules file doesn't exist yet, create it with correct permissions
    if [ ! -e "$key_rule_file" ]
    then
        touch "$key_rule_file"
        chmod 0600 "$key_rule_file"
    fi
    files_to_inspect+=("$key_rule_file")
fi

# Finally perform the inspection and possible subsequent audit rule
# correction for each of the files previously identified for inspection
for audit_rules_file in "${files_to_inspect[@]}"
do
    # Check if audit watch file system object rule for given path already present
    if grep -q -P -- "^[\s]*-w[\s]+/etc/localtime" "$audit_rules_file"
    then
        # Rule is found =&gt; verify yet if existing rule definition contains
        # all of the required access type bits

        # Define BRE whitespace class shortcut
        sp="[[:space:]]"
        # Extract current permission access types (e.g. -p [r|w|x|a] values) from audit rule
        current_access_bits=$(sed -ne "s#$sp*-w$sp\+/etc/localtime $sp\+-p$sp\+\([rxwa]\{1,4\}\).*#\1#p" "$audit_rules_file")
        # Split required access bits string into characters array
        # (to check bit's presence for one bit at a time)
        for access_bit in $(echo "wa" | grep -o .)
        do
            # For each from the required access bits (e.g. 'w', 'a') check
            # if they are already present in current access bits for rule.
            # If not, append that bit at the end
            if ! grep -q "$access_bit" &lt;&lt;&lt; "$current_access_bits"
            then
                # Concatenate the existing mask with the missing bit
                current_access_bits="$current_access_bits$access_bit"
            fi
        done
        # Propagate the updated rule's access bits (original + the required
        # ones) back into the /etc/audit/audit.rules file for that rule
        sed -i "s#\($sp*-w$sp\+/etc/localtime$sp\+-p$sp\+\)\([rxwa]\{1,4\}\)\(.*\)#\1$current_access_bits\3#" "$audit_rules_file"
    else
        # Rule isn't present yet. Append it at the end of $audit_rules_file file
        # with proper key

        echo "-w /etc/localtime -p wa -k audit_time_rules" &gt;&gt; "$audit_rules_file"
    fi
done

else
    &gt;&amp;2 echo 'Remediation is not applicable, nothing was done'
fi
</fix>
          <check system="http://oval.mitre.org/XMLSchema/oval-definitions-5">
            <check-content-ref name="oval:ssg-audit_rules_time_watch_localtime:def:1" href="ssg-ubuntu2404-oval.xml"/>
          </check>
          <check system="http://scap.nist.gov/schema/ocil/2">
            <check-content-ref name="ocil:ssg-audit_rules_time_watch_localtime_ocil:questionnaire:1" href="ssg-ubuntu2404-ocil.xml"/>
          </check>
        </Rule>
      </Group>
    </Group>
    <Group id="xccdf_org.ssgproject.content_group_configure_auditd_data_retention">
      <title xmlns:xhtml="http://www.w3.org/1999/xhtml" xml:lang="en-US">Configure auditd Data Retention</title>
      <description xmlns:xhtml="http://www.w3.org/1999/xhtml" xml:lang="en-US">The audit system writes data to <html:code xmlns:html="http://www.w3.org/1999/xhtml">/var/log/audit/audit.log</html:code>. By default,
<html:code xmlns:html="http://www.w3.org/1999/xhtml">auditd</html:code> rotates 5 logs by size (6MB), retaining a maximum of 30MB of
data in total, and refuses to write entries when the disk is too
full. This minimizes the risk of audit data filling its partition
and impacting other services. This also minimizes the risk of the audit
daemon temporarily disabling the system if it cannot write audit log (which
it can be configured to do).

For a busy
system or a system which is thoroughly auditing system activity, the default settings
for data retention may be
 insufficient. The log file size needed will depend heavily on what types
of events are being audited. First configure auditing to log all the events of
interest. Then monitor the log size manually for awhile to determine what file
size will allow you to keep the required data for the correct time period.
<html:br xmlns:html="http://www.w3.org/1999/xhtml"/>
      <html:br xmlns:html="http://www.w3.org/1999/xhtml"/>
Using a dedicated partition for <html:code xmlns:html="http://www.w3.org/1999/xhtml">/var/log/audit</html:code> prevents the
<html:code xmlns:html="http://www.w3.org/1999/xhtml">auditd</html:code> logs from disrupting system functionality if they fill, and,
more importantly, prevents other activity in <html:code xmlns:html="http://www.w3.org/1999/xhtml">/var</html:code> from filling the
partition and stopping the audit trail. (The audit logs are size-limited and
therefore unlikely to grow without bound unless configured to do so.) Some
machines may have requirements that no actions occur which cannot be audited.
If this is the case, then <html:code xmlns:html="http://www.w3.org/1999/xhtml">auditd</html:code> can be configured to halt the machine
if it runs out of space. <html:b xmlns:html="http://www.w3.org/1999/xhtml">Note:</html:b> Since older logs are rotated,
configuring <html:code xmlns:html="http://www.w3.org/1999/xhtml">auditd</html:code> this way does not prevent older logs from being
rotated away before they can be viewed.

<html:i xmlns:html="http://www.w3.org/1999/xhtml">If your system is configured to halt when logging cannot be performed, make
sure this can never happen under normal circumstances! Ensure that
<html:code>/var/log/audit</html:code> is on its own partition, and that this partition is
larger than the maximum amount of data <html:code>auditd</html:code> will retain
normally.</html:i>
     </description>
      <platform idref="#package_audit"/>
      <Value id="xccdf_org.ssgproject.content_value_var_auditd_action_mail_acct" type="string">
        <title xmlns:xhtml="http://www.w3.org/1999/xhtml" xml:lang="en-US">Account for auditd to send email when actions occurs</title>
        <description xmlns:xhtml="http://www.w3.org/1999/xhtml" xml:lang="en-US">The setting for action_mail_acct in /etc/audit/auditd.conf</description>
        <value selector="admin">admin</value>
        <value>root</value>
        <value selector="root">root</value>
      </Value>
      <Value id="xccdf_org.ssgproject.content_value_var_auditd_admin_space_left_action" type="string">
        <title xmlns:xhtml="http://www.w3.org/1999/xhtml" xml:lang="en-US">Action for auditd to take when disk space is low</title>
        <description xmlns:xhtml="http://www.w3.org/1999/xhtml" xml:lang="en-US">The setting for admin_space_left_action in /etc/audit/auditd.conf</description>
        <value>single</value>
        <value selector="email">email</value>
        <value selector="exec">exec</value>
        <value selector="halt">halt</value>
        <value selector="single">single</value>
        <value selector="suspend">suspend</value>
        <value selector="syslog">syslog</value>
        <value selector="rotate">rotate</value>
        <value selector="ignore">ignore</value>
        <value selector="cis_rhel8">single|halt</value>
        <value selector="cis_rhel9">single|halt</value>
      </Value>
      <Value id="xccdf_org.ssgproject.content_value_var_auditd_disk_error_action" type="string">
        <title xmlns:xhtml="http://www.w3.org/1999/xhtml" xml:lang="en-US">Action for auditd to take when disk errors</title>
        <description xmlns:xhtml="http://www.w3.org/1999/xhtml" xml:lang="en-US">'The setting for disk_error_action in /etc/audit/auditd.conf, if multiple
values are allowed write them separated by pipes as in "syslog|single|halt",
for remediations the first value will be taken'</description>
        <value>single</value>
        <value selector="exec">exec</value>
        <value selector="halt">halt</value>
        <value selector="single">single</value>
        <value selector="suspend">suspend</value>
        <value selector="syslog">syslog</value>
        <value selector="ignore">ignore</value>
        <value selector="ol8">syslog|single|halt</value>
        <value selector="rhel8">syslog|single|halt</value>
        <value selector="cis_rhel8">syslog|single|halt</value>
        <value selector="cis_rhel9">syslog|single|halt</value>
        <value selector="cis_ubuntu2404">syslog|single|halt</value>
      </Value>
      <Value id="xccdf_org.ssgproject.content_value_var_auditd_disk_full_action" type="string">
        <title xmlns:xhtml="http://www.w3.org/1999/xhtml" xml:lang="en-US">Action for auditd to take when disk is full</title>
        <description xmlns:xhtml="http://www.w3.org/1999/xhtml" xml:lang="en-US">'The setting for disk_full_action in /etc/audit/auditd.conf, if multiple
values are allowed write them separated by pipes as in "syslog|single|halt",
for remediations the first value will be taken'</description>
        <value>single</value>
        <value selector="exec">exec</value>
        <value selector="halt">halt</value>
        <value selector="single">single</value>
        <value selector="suspend">suspend</value>
        <value selector="syslog">syslog</value>
        <value selector="ignore">ignore</value>
        <value selector="rotate">rotate</value>
        <value selector="ol8">syslog|single|halt</value>
        <value selector="rhel8">syslog|single|halt</value>
        <value selector="cis_rhel8">syslog|single|halt</value>
        <value selector="cis_rhel9">halt|single</value>
        <value selector="cis_ubuntu2404">halt|single</value>
      </Value>
      <Value id="xccdf_org.ssgproject.content_value_var_auditd_max_log_file" type="number">
        <title xmlns:xhtml="http://www.w3.org/1999/xhtml" xml:lang="en-US">Maximum audit log file size for auditd</title>
        <description xmlns:xhtml="http://www.w3.org/1999/xhtml" xml:lang="en-US">The setting for max_log_file in /etc/audit/auditd.conf</description>
        <value selector="1">1</value>
        <value selector="10">10</value>
        <value selector="20">20</value>
        <value selector="5">5</value>
        <value selector="6">6</value>
        <value>6</value>
      </Value>
      <Value id="xccdf_org.ssgproject.content_value_var_auditd_max_log_file_action" type="string">
        <title xmlns:xhtml="http://www.w3.org/1999/xhtml" xml:lang="en-US">Action for auditd to take when log files reach their maximum size</title>
        <description xmlns:xhtml="http://www.w3.org/1999/xhtml" xml:lang="en-US">The setting for max_log_file_action in /etc/audit/auditd.conf. The following options are available:
<html:br xmlns:html="http://www.w3.org/1999/xhtml"/>ignore - audit daemon does nothing.
<html:br xmlns:html="http://www.w3.org/1999/xhtml"/>syslog - audit daemon will issue a warning to syslog.
<html:br xmlns:html="http://www.w3.org/1999/xhtml"/>suspend - audit daemon will stop writing records to the disk.
<html:br xmlns:html="http://www.w3.org/1999/xhtml"/>rotate - audit daemon will rotate logs in the same convention used by logrotate.
<html:br xmlns:html="http://www.w3.org/1999/xhtml"/>keep_logs - similar to rotate but prevents audit logs to be overwritten. May trigger space_left_action if volume is full.</description>
        <value>rotate</value>
        <value selector="keep_logs">keep_logs</value>
        <value selector="rotate">rotate</value>
        <value selector="suspend">suspend</value>
        <value selector="syslog">syslog</value>
        <value selector="ignore">ignore</value>
      </Value>
      <Value id="xccdf_org.ssgproject.content_value_var_auditd_space_left_action" type="string">
        <title xmlns:xhtml="http://www.w3.org/1999/xhtml" xml:lang="en-US">Action for auditd to take when disk space just starts to run low</title>
        <description xmlns:xhtml="http://www.w3.org/1999/xhtml" xml:lang="en-US">The setting for space_left_action in /etc/audit/auditd.conf</description>
        <value>email</value>
        <value selector="email">email</value>
        <value selector="exec">exec</value>
        <value selector="halt">halt</value>
        <value selector="single">single</value>
        <value selector="suspend">suspend</value>
        <value selector="syslog">syslog</value>
        <value selector="rotate">rotate</value>
        <value selector="ignore">ignore</value>
        <value selector="cis_rhel8">email|exec|single|halt</value>
        <value selector="cis_rhel9">email|exec|single|halt</value>
      </Value>
      <Rule id="xccdf_org.ssgproject.content_rule_auditd_data_disk_error_action" selected="false" role="full" severity="medium">
        <title xmlns:xhtml="http://www.w3.org/1999/xhtml" xml:lang="en-US">Configure auditd Disk Error Action on Disk Error</title>
        <description xmlns:xhtml="http://www.w3.org/1999/xhtml" xml:lang="en-US">The <html:code xmlns:html="http://www.w3.org/1999/xhtml">auditd</html:code> service can be configured to take an action
when there is a disk error.
Edit the file <html:code xmlns:html="http://www.w3.org/1999/xhtml">/etc/audit/auditd.conf</html:code>. Add or modify the following line,
substituting <html:i xmlns:html="http://www.w3.org/1999/xhtml">ACTION</html:i> appropriately:
<html:pre xmlns:html="http://www.w3.org/1999/xhtml">disk_error_action = <html:i>ACTION</html:i>
       </html:pre>
Set this value to <html:code xmlns:html="http://www.w3.org/1999/xhtml">single</html:code> to cause the system to switch to single-user
mode for corrective action. Acceptable values also include

<html:code xmlns:html="http://www.w3.org/1999/xhtml">syslog</html:code>, <html:code xmlns:html="http://www.w3.org/1999/xhtml">single</html:code> and <html:code xmlns:html="http://www.w3.org/1999/xhtml">halt</html:code>

For certain systems, the need for availability
outweighs the need to log all actions, and a different setting should be
determined. Details regarding all possible values for <html:i xmlns:html="http://www.w3.org/1999/xhtml">ACTION</html:i> are described in the
<html:code xmlns:html="http://www.w3.org/1999/xhtml">auditd.conf</html:code> man page.</description>
        <reference href="https://www.cisecurity.org/controls/">1</reference>
        <reference href="https://www.cisecurity.org/controls/">11</reference>
        <reference href="https://www.cisecurity.org/controls/">12</reference>
        <reference href="https://www.cisecurity.org/controls/">13</reference>
        <reference href="https://www.cisecurity.org/controls/">14</reference>
        <reference href="https://www.cisecurity.org/controls/">15</reference>
        <reference href="https://www.cisecurity.org/controls/">16</reference>
        <reference href="https://www.cisecurity.org/controls/">19</reference>
        <reference href="https://www.cisecurity.org/controls/">2</reference>
        <reference href="https://www.cisecurity.org/controls/">3</reference>
        <reference href="https://www.cisecurity.org/controls/">4</reference>
        <reference href="https://www.cisecurity.org/controls/">5</reference>
        <reference href="https://www.cisecurity.org/controls/">6</reference>
        <reference href="https://www.cisecurity.org/controls/">7</reference>
        <reference href="https://www.cisecurity.org/controls/">8</reference>
        <reference href="https://www.isaca.org/resources/cobit">APO11.04</reference>
        <reference href="https://www.isaca.org/resources/cobit">APO12.06</reference>
        <reference href="https://www.isaca.org/resources/cobit">APO13.01</reference>
        <reference href="https://www.isaca.org/resources/cobit">BAI03.05</reference>
        <reference href="https://www.isaca.org/resources/cobit">BAI04.04</reference>
        <reference href="https://www.isaca.org/resources/cobit">BAI08.02</reference>
        <reference href="https://www.isaca.org/resources/cobit">DSS02.02</reference>
        <reference href="https://www.isaca.org/resources/cobit">DSS02.04</reference>
        <reference href="https://www.isaca.org/resources/cobit">DSS02.07</reference>
        <reference href="https://www.isaca.org/resources/cobit">DSS03.01</reference>
        <reference href="https://www.isaca.org/resources/cobit">DSS05.04</reference>
        <reference href="https://www.isaca.org/resources/cobit">DSS05.07</reference>
        <reference href="https://www.isaca.org/resources/cobit">MEA02.01</reference>
        <reference href="https://public.cyber.mil/stigs/cci/">CCI-000140</reference>
        <reference href="https://www.isa.org/products/isa-62443-2-1-2009-security-for-industrial-automat">4.2.3.10</reference>
        <reference href="https://www.isa.org/products/isa-62443-2-1-2009-security-for-industrial-automat">4.3.3.3.9</reference>
        <reference href="https://www.isa.org/products/isa-62443-2-1-2009-security-for-industrial-automat">4.3.3.5.8</reference>
        <reference href="https://www.isa.org/products/isa-62443-2-1-2009-security-for-industrial-automat">4.3.4.4.7</reference>
        <reference href="https://www.isa.org/products/isa-62443-2-1-2009-security-for-industrial-automat">4.3.4.5.6</reference>
        <reference href="https://www.isa.org/products/isa-62443-2-1-2009-security-for-industrial-automat">4.3.4.5.7</reference>
        <reference href="https://www.isa.org/products/isa-62443-2-1-2009-security-for-industrial-automat">4.3.4.5.8</reference>
        <reference href="https://www.isa.org/products/isa-62443-2-1-2009-security-for-industrial-automat">4.4.2.1</reference>
        <reference href="https://www.isa.org/products/isa-62443-2-1-2009-security-for-industrial-automat">4.4.2.2</reference>
        <reference href="https://www.isa.org/products/isa-62443-2-1-2009-security-for-industrial-automat">4.4.2.4</reference>
        <reference href="https://www.isa.org/products/ansi-isa-62443-3-3-99-03-03-2013-security-for-indu">SR 2.10</reference>
        <reference href="https://www.isa.org/products/ansi-isa-62443-3-3-99-03-03-2013-security-for-indu">SR 2.11</reference>
        <reference href="https://www.isa.org/products/ansi-isa-62443-3-3-99-03-03-2013-security-for-indu">SR 2.12</reference>
        <reference href="https://www.isa.org/products/ansi-isa-62443-3-3-99-03-03-2013-security-for-indu">SR 2.8</reference>
        <reference href="https://www.isa.org/products/ansi-isa-62443-3-3-99-03-03-2013-security-for-indu">SR 2.9</reference>
        <reference href="https://www.isa.org/products/ansi-isa-62443-3-3-99-03-03-2013-security-for-indu">SR 6.1</reference>
        <reference href="https://www.isa.org/products/ansi-isa-62443-3-3-99-03-03-2013-security-for-indu">SR 7.1</reference>
        <reference href="https://www.isa.org/products/ansi-isa-62443-3-3-99-03-03-2013-security-for-indu">SR 7.2</reference>
        <reference href="https://www.iso.org/contents/data/standard/05/45/54534.html">A.12.1.3</reference>
        <reference href="https://www.iso.org/contents/data/standard/05/45/54534.html">A.12.4.1</reference>
        <reference href="https://www.iso.org/contents/data/standard/05/45/54534.html">A.12.4.2</reference>
        <reference href="https://www.iso.org/contents/data/standard/05/45/54534.html">A.12.4.3</reference>
        <reference href="https://www.iso.org/contents/data/standard/05/45/54534.html">A.12.4.4</reference>
        <reference href="https://www.iso.org/contents/data/standard/05/45/54534.html">A.12.7.1</reference>
        <reference href="https://www.iso.org/contents/data/standard/05/45/54534.html">A.16.1.4</reference>
        <reference href="https://www.iso.org/contents/data/standard/05/45/54534.html">A.16.1.5</reference>
        <reference href="https://www.iso.org/contents/data/standard/05/45/54534.html">A.16.1.7</reference>
        <reference href="https://www.iso.org/contents/data/standard/05/45/54534.html">A.17.2.1</reference>
        <reference href="http://nvlpubs.nist.gov/nistpubs/SpecialPublications/NIST.SP.800-53r4.pdf">AU-5(b)</reference>
        <reference href="http://nvlpubs.nist.gov/nistpubs/SpecialPublications/NIST.SP.800-53r4.pdf">AU-5(2)</reference>
        <reference href="http://nvlpubs.nist.gov/nistpubs/SpecialPublications/NIST.SP.800-53r4.pdf">AU-5(1)</reference>
        <reference href="http://nvlpubs.nist.gov/nistpubs/SpecialPublications/NIST.SP.800-53r4.pdf">AU-5(4)</reference>
        <reference href="http://nvlpubs.nist.gov/nistpubs/SpecialPublications/NIST.SP.800-53r4.pdf">CM-6(a)</reference>
        <reference href="https://nvlpubs.nist.gov/nistpubs/CSWP/NIST.CSWP.04162018.pdf">DE.AE-3</reference>
        <reference href="https://nvlpubs.nist.gov/nistpubs/CSWP/NIST.CSWP.04162018.pdf">DE.AE-5</reference>
        <reference href="https://nvlpubs.nist.gov/nistpubs/CSWP/NIST.CSWP.04162018.pdf">PR.DS-4</reference>
        <reference href="https://nvlpubs.nist.gov/nistpubs/CSWP/NIST.CSWP.04162018.pdf">PR.PT-1</reference>
        <reference href="https://nvlpubs.nist.gov/nistpubs/CSWP/NIST.CSWP.04162018.pdf">RS.AN-1</reference>
        <reference href="https://nvlpubs.nist.gov/nistpubs/CSWP/NIST.CSWP.04162018.pdf">RS.AN-4</reference>
        <reference href="https://public.cyber.mil/stigs/downloads/?_dl_facet_stigs=operating-systems%2Cgeneral-purpose-os">SRG-OS-000047-GPOS-00023</reference>
        <reference href="https://public.cyber.mil/stigs/downloads/?_dl_facet_stigs=container-platform">SRG-APP-000098-CTR-000185</reference>
        <reference href="https://public.cyber.mil/stigs/downloads/?_dl_facet_stigs=container-platform">SRG-APP-000099-CTR-000190</reference>
        <reference href="https://public.cyber.mil/stigs/downloads/?_dl_facet_stigs=container-platform">SRG-APP-000100-CTR-000195</reference>
        <reference href="https://public.cyber.mil/stigs/downloads/?_dl_facet_stigs=container-platform">SRG-APP-000100-CTR-000200</reference>
        <reference href="https://public.cyber.mil/stigs/downloads/?_dl_facet_stigs=container-platform">SRG-APP-000109-CTR-000215</reference>
        <reference href="https://public.cyber.mil/stigs/downloads/?_dl_facet_stigs=container-platform">SRG-APP-000290-CTR-000670</reference>
        <reference href="https://public.cyber.mil/stigs/downloads/?_dl_facet_stigs=container-platform">SRG-APP-000357-CTR-000800</reference>
        <reference href="https://www.cisecurity.org/benchmark/ubuntu_linux/">6.2.2.3</reference>
        <rationale xmlns:xhtml="http://www.w3.org/1999/xhtml" xml:lang="en-US">Taking appropriate action in case of disk errors will minimize the possibility of
losing audit records.</rationale>
        <fix xmlns:xhtml="http://www.w3.org/1999/xhtml" id="auditd_data_disk_error_action" system="urn:xccdf:fix:script:sh"># Remediation is applicable only in certain platforms
if dpkg-query --show --showformat='${db:Status-Status}
' 'linux-base' 2&gt;/dev/null | grep -q ^installed &amp;&amp; dpkg-query --show --showformat='${db:Status-Status}\n' 'auditd' 2&gt;/dev/null | grep -q '^installed'; then

var_auditd_disk_error_action='<xccdf-1.2:sub xmlns:xccdf-1.2="http://checklists.nist.gov/xccdf/1.2" idref="xccdf_org.ssgproject.content_value_var_auditd_disk_error_action" use="legacy"/>'


#
# If disk_error_action present in /etc/audit/auditd.conf, change value
# to var_auditd_disk_error_action, else
# add "disk_error_action = $var_auditd_disk_error_action" to /etc/audit/auditd.conf
#
var_auditd_disk_error_action="$(echo $var_auditd_disk_error_action | cut -d \| -f 1)"

# Strip any search characters in the key arg so that the key can be replaced without
# adding any search characters to the config file.
stripped_key=$(sed 's/[\^=\$,;+]*//g' &lt;&lt;&lt; "^disk_error_action")

# shellcheck disable=SC2059
printf -v formatted_output "%s = %s" "$stripped_key" "$var_auditd_disk_error_action"

# If the key exists, change it. Otherwise, add it to the config_file.
# We search for the key string followed by a word boundary (matched by \&gt;),
# so if we search for 'setting', 'setting2' won't match.
if LC_ALL=C grep -q -m 1 -i -e "^disk_error_action\\&gt;" "/etc/audit/auditd.conf"; then
    escaped_formatted_output=$(sed -e 's|/|\\/|g' &lt;&lt;&lt; "$formatted_output")
    LC_ALL=C sed -i --follow-symlinks "s/^disk_error_action\\&gt;.*/$escaped_formatted_output/gi" "/etc/audit/auditd.conf"
else
    if [[ -s "/etc/audit/auditd.conf" ]] &amp;&amp; [[ -n "$(tail -c 1 -- "/etc/audit/auditd.conf" || true)" ]]; then
        LC_ALL=C sed -i --follow-symlinks '$a'\\ "/etc/audit/auditd.conf"
    fi
    printf '%s\n' "$formatted_output" &gt;&gt; "/etc/audit/auditd.conf"
fi

else
    &gt;&amp;2 echo 'Remediation is not applicable, nothing was done'
fi
</fix>
        <check system="http://oval.mitre.org/XMLSchema/oval-definitions-5">
          <check-export export-name="oval:ssg-var_auditd_disk_error_action:var:1" value-id="xccdf_org.ssgproject.content_value_var_auditd_disk_error_action"/>
          <check-content-ref name="oval:ssg-auditd_data_disk_error_action:def:1" href="ssg-ubuntu2404-oval.xml"/>
        </check>
        <check system="http://scap.nist.gov/schema/ocil/2">
          <check-content-ref name="ocil:ssg-auditd_data_disk_error_action_ocil:questionnaire:1" href="ssg-ubuntu2404-ocil.xml"/>
        </check>
      </Rule>
      <Rule id="xccdf_org.ssgproject.content_rule_auditd_data_disk_full_action" selected="false" role="full" severity="medium">
        <title xmlns:xhtml="http://www.w3.org/1999/xhtml" xml:lang="en-US">Configure auditd Disk Full Action when Disk Space Is Full</title>
        <description xmlns:xhtml="http://www.w3.org/1999/xhtml" xml:lang="en-US">The <html:code xmlns:html="http://www.w3.org/1999/xhtml">auditd</html:code> service can be configured to take an action
when disk space is running low but prior to running out of space completely.
Edit the file <html:code xmlns:html="http://www.w3.org/1999/xhtml">/etc/audit/auditd.conf</html:code>. Add or modify the following line,
substituting <html:i xmlns:html="http://www.w3.org/1999/xhtml">ACTION</html:i> appropriately:
<html:pre xmlns:html="http://www.w3.org/1999/xhtml">disk_full_action = <html:i>ACTION</html:i>
       </html:pre>
Set this value to <html:code xmlns:html="http://www.w3.org/1999/xhtml">single</html:code> to cause the system to switch to single-user
mode for corrective action. Acceptable values also include

<html:code xmlns:html="http://www.w3.org/1999/xhtml">single</html:code> and <html:code xmlns:html="http://www.w3.org/1999/xhtml">halt</html:code>

For certain systems, the need for availability
outweighs the need to log all actions, and a different setting should be
determined. Details regarding all possible values for <html:i xmlns:html="http://www.w3.org/1999/xhtml">ACTION</html:i> are described in the
<html:code xmlns:html="http://www.w3.org/1999/xhtml">auditd.conf</html:code> man page.</description>
        <reference href="https://www.cisecurity.org/controls/">1</reference>
        <reference href="https://www.cisecurity.org/controls/">11</reference>
        <reference href="https://www.cisecurity.org/controls/">12</reference>
        <reference href="https://www.cisecurity.org/controls/">13</reference>
        <reference href="https://www.cisecurity.org/controls/">14</reference>
        <reference href="https://www.cisecurity.org/controls/">15</reference>
        <reference href="https://www.cisecurity.org/controls/">16</reference>
        <reference href="https://www.cisecurity.org/controls/">19</reference>
        <reference href="https://www.cisecurity.org/controls/">2</reference>
        <reference href="https://www.cisecurity.org/controls/">3</reference>
        <reference href="https://www.cisecurity.org/controls/">4</reference>
        <reference href="https://www.cisecurity.org/controls/">5</reference>
        <reference href="https://www.cisecurity.org/controls/">6</reference>
        <reference href="https://www.cisecurity.org/controls/">7</reference>
        <reference href="https://www.cisecurity.org/controls/">8</reference>
        <reference href="https://www.isaca.org/resources/cobit">APO11.04</reference>
        <reference href="https://www.isaca.org/resources/cobit">APO12.06</reference>
        <reference href="https://www.isaca.org/resources/cobit">APO13.01</reference>
        <reference href="https://www.isaca.org/resources/cobit">BAI03.05</reference>
        <reference href="https://www.isaca.org/resources/cobit">BAI04.04</reference>
        <reference href="https://www.isaca.org/resources/cobit">BAI08.02</reference>
        <reference href="https://www.isaca.org/resources/cobit">DSS02.02</reference>
        <reference href="https://www.isaca.org/resources/cobit">DSS02.04</reference>
        <reference href="https://www.isaca.org/resources/cobit">DSS02.07</reference>
        <reference href="https://www.isaca.org/resources/cobit">DSS03.01</reference>
        <reference href="https://www.isaca.org/resources/cobit">DSS05.04</reference>
        <reference href="https://www.isaca.org/resources/cobit">DSS05.07</reference>
        <reference href="https://www.isaca.org/resources/cobit">MEA02.01</reference>
        <reference href="https://public.cyber.mil/stigs/cci/">CCI-000140</reference>
        <reference href="https://www.isa.org/products/isa-62443-2-1-2009-security-for-industrial-automat">4.2.3.10</reference>
        <reference href="https://www.isa.org/products/isa-62443-2-1-2009-security-for-industrial-automat">4.3.3.3.9</reference>
        <reference href="https://www.isa.org/products/isa-62443-2-1-2009-security-for-industrial-automat">4.3.3.5.8</reference>
        <reference href="https://www.isa.org/products/isa-62443-2-1-2009-security-for-industrial-automat">4.3.4.4.7</reference>
        <reference href="https://www.isa.org/products/isa-62443-2-1-2009-security-for-industrial-automat">4.3.4.5.6</reference>
        <reference href="https://www.isa.org/products/isa-62443-2-1-2009-security-for-industrial-automat">4.3.4.5.7</reference>
        <reference href="https://www.isa.org/products/isa-62443-2-1-2009-security-for-industrial-automat">4.3.4.5.8</reference>
        <reference href="https://www.isa.org/products/isa-62443-2-1-2009-security-for-industrial-automat">4.4.2.1</reference>
        <reference href="https://www.isa.org/products/isa-62443-2-1-2009-security-for-industrial-automat">4.4.2.2</reference>
        <reference href="https://www.isa.org/products/isa-62443-2-1-2009-security-for-industrial-automat">4.4.2.4</reference>
        <reference href="https://www.isa.org/products/ansi-isa-62443-3-3-99-03-03-2013-security-for-indu">SR 2.10</reference>
        <reference href="https://www.isa.org/products/ansi-isa-62443-3-3-99-03-03-2013-security-for-indu">SR 2.11</reference>
        <reference href="https://www.isa.org/products/ansi-isa-62443-3-3-99-03-03-2013-security-for-indu">SR 2.12</reference>
        <reference href="https://www.isa.org/products/ansi-isa-62443-3-3-99-03-03-2013-security-for-indu">SR 2.8</reference>
        <reference href="https://www.isa.org/products/ansi-isa-62443-3-3-99-03-03-2013-security-for-indu">SR 2.9</reference>
        <reference href="https://www.isa.org/products/ansi-isa-62443-3-3-99-03-03-2013-security-for-indu">SR 6.1</reference>
        <reference href="https://www.isa.org/products/ansi-isa-62443-3-3-99-03-03-2013-security-for-indu">SR 7.1</reference>
        <reference href="https://www.isa.org/products/ansi-isa-62443-3-3-99-03-03-2013-security-for-indu">SR 7.2</reference>
        <reference href="https://www.iso.org/contents/data/standard/05/45/54534.html">A.12.1.3</reference>
        <reference href="https://www.iso.org/contents/data/standard/05/45/54534.html">A.12.4.1</reference>
        <reference href="https://www.iso.org/contents/data/standard/05/45/54534.html">A.12.4.2</reference>
        <reference href="https://www.iso.org/contents/data/standard/05/45/54534.html">A.12.4.3</reference>
        <reference href="https://www.iso.org/contents/data/standard/05/45/54534.html">A.12.4.4</reference>
        <reference href="https://www.iso.org/contents/data/standard/05/45/54534.html">A.12.7.1</reference>
        <reference href="https://www.iso.org/contents/data/standard/05/45/54534.html">A.16.1.4</reference>
        <reference href="https://www.iso.org/contents/data/standard/05/45/54534.html">A.16.1.5</reference>
        <reference href="https://www.iso.org/contents/data/standard/05/45/54534.html">A.16.1.7</reference>
        <reference href="https://www.iso.org/contents/data/standard/05/45/54534.html">A.17.2.1</reference>
        <reference href="http://nvlpubs.nist.gov/nistpubs/SpecialPublications/NIST.SP.800-53r4.pdf">AU-5(b)</reference>
        <reference href="http://nvlpubs.nist.gov/nistpubs/SpecialPublications/NIST.SP.800-53r4.pdf">AU-5(2)</reference>
        <reference href="http://nvlpubs.nist.gov/nistpubs/SpecialPublications/NIST.SP.800-53r4.pdf">AU-5(1)</reference>
        <reference href="http://nvlpubs.nist.gov/nistpubs/SpecialPublications/NIST.SP.800-53r4.pdf">AU-5(4)</reference>
        <reference href="http://nvlpubs.nist.gov/nistpubs/SpecialPublications/NIST.SP.800-53r4.pdf">CM-6(a)</reference>
        <reference href="https://nvlpubs.nist.gov/nistpubs/CSWP/NIST.CSWP.04162018.pdf">DE.AE-3</reference>
        <reference href="https://nvlpubs.nist.gov/nistpubs/CSWP/NIST.CSWP.04162018.pdf">DE.AE-5</reference>
        <reference href="https://nvlpubs.nist.gov/nistpubs/CSWP/NIST.CSWP.04162018.pdf">PR.DS-4</reference>
        <reference href="https://nvlpubs.nist.gov/nistpubs/CSWP/NIST.CSWP.04162018.pdf">PR.PT-1</reference>
        <reference href="https://nvlpubs.nist.gov/nistpubs/CSWP/NIST.CSWP.04162018.pdf">RS.AN-1</reference>
        <reference href="https://nvlpubs.nist.gov/nistpubs/CSWP/NIST.CSWP.04162018.pdf">RS.AN-4</reference>
        <reference href="https://public.cyber.mil/stigs/downloads/?_dl_facet_stigs=operating-systems%2Cgeneral-purpose-os">SRG-OS-000047-GPOS-00023</reference>
        <reference href="https://www.cisecurity.org/benchmark/ubuntu_linux/">6.2.2.3</reference>
        <rationale xmlns:xhtml="http://www.w3.org/1999/xhtml" xml:lang="en-US">Taking appropriate action in case of a filled audit storage volume will minimize
the possibility of losing audit records.</rationale>
        <fix xmlns:xhtml="http://www.w3.org/1999/xhtml" id="auditd_data_disk_full_action" system="urn:xccdf:fix:script:sh"># Remediation is applicable only in certain platforms
if dpkg-query --show --showformat='${db:Status-Status}
' 'linux-base' 2&gt;/dev/null | grep -q ^installed &amp;&amp; dpkg-query --show --showformat='${db:Status-Status}\n' 'auditd' 2&gt;/dev/null | grep -q '^installed'; then

var_auditd_disk_full_action='<xccdf-1.2:sub xmlns:xccdf-1.2="http://checklists.nist.gov/xccdf/1.2" idref="xccdf_org.ssgproject.content_value_var_auditd_disk_full_action" use="legacy"/>'


var_auditd_disk_full_action="$(echo $var_auditd_disk_full_action | cut -d \| -f 1)"

# Strip any search characters in the key arg so that the key can be replaced without
# adding any search characters to the config file.
stripped_key=$(sed 's/[\^=\$,;+]*//g' &lt;&lt;&lt; "^disk_full_action")

# shellcheck disable=SC2059
printf -v formatted_output "%s = %s" "$stripped_key" "$var_auditd_disk_full_action"

# If the key exists, change it. Otherwise, add it to the config_file.
# We search for the key string followed by a word boundary (matched by \&gt;),
# so if we search for 'setting', 'setting2' won't match.
if LC_ALL=C grep -q -m 1 -i -e "^disk_full_action\\&gt;" "/etc/audit/auditd.conf"; then
    escaped_formatted_output=$(sed -e 's|/|\\/|g' &lt;&lt;&lt; "$formatted_output")
    LC_ALL=C sed -i --follow-symlinks "s/^disk_full_action\\&gt;.*/$escaped_formatted_output/gi" "/etc/audit/auditd.conf"
else
    if [[ -s "/etc/audit/auditd.conf" ]] &amp;&amp; [[ -n "$(tail -c 1 -- "/etc/audit/auditd.conf" || true)" ]]; then
        LC_ALL=C sed -i --follow-symlinks '$a'\\ "/etc/audit/auditd.conf"
    fi
    printf '%s\n' "$formatted_output" &gt;&gt; "/etc/audit/auditd.conf"
fi

else
    &gt;&amp;2 echo 'Remediation is not applicable, nothing was done'
fi
</fix>
        <check system="http://oval.mitre.org/XMLSchema/oval-definitions-5">
          <check-export export-name="oval:ssg-var_auditd_disk_full_action:var:1" value-id="xccdf_org.ssgproject.content_value_var_auditd_disk_full_action"/>
          <check-content-ref name="oval:ssg-auditd_data_disk_full_action:def:1" href="ssg-ubuntu2404-oval.xml"/>
        </check>
        <check system="http://scap.nist.gov/schema/ocil/2">
          <check-content-ref name="ocil:ssg-auditd_data_disk_full_action_ocil:questionnaire:1" href="ssg-ubuntu2404-ocil.xml"/>
        </check>
      </Rule>
      <Rule id="xccdf_org.ssgproject.content_rule_auditd_data_retention_action_mail_acct" selected="false" role="full" severity="medium">
        <title xmlns:xhtml="http://www.w3.org/1999/xhtml" xml:lang="en-US">Configure auditd mail_acct Action on Low Disk Space</title>
        <description xmlns:xhtml="http://www.w3.org/1999/xhtml" xml:lang="en-US">The <html:code xmlns:html="http://www.w3.org/1999/xhtml">auditd</html:code> service can be configured to send email to
a designated account in certain situations. Add or correct the following line
in <html:code xmlns:html="http://www.w3.org/1999/xhtml">/etc/audit/auditd.conf</html:code> to ensure that administrators are notified
via email for those situations:
<html:pre xmlns:html="http://www.w3.org/1999/xhtml" xmlns:xccdf-1.2="http://checklists.nist.gov/xccdf/1.2">action_mail_acct = <xccdf-1.2:sub idref="xccdf_org.ssgproject.content_value_var_auditd_action_mail_acct" use="legacy"/>
       </html:pre>
      </description>
        <reference href="https://www.cisecurity.org/controls/">1</reference>
        <reference href="https://www.cisecurity.org/controls/">11</reference>
        <reference href="https://www.cisecurity.org/controls/">12</reference>
        <reference href="https://www.cisecurity.org/controls/">13</reference>
        <reference href="https://www.cisecurity.org/controls/">14</reference>
        <reference href="https://www.cisecurity.org/controls/">15</reference>
        <reference href="https://www.cisecurity.org/controls/">16</reference>
        <reference href="https://www.cisecurity.org/controls/">19</reference>
        <reference href="https://www.cisecurity.org/controls/">2</reference>
        <reference href="https://www.cisecurity.org/controls/">3</reference>
        <reference href="https://www.cisecurity.org/controls/">4</reference>
        <reference href="https://www.cisecurity.org/controls/">5</reference>
        <reference href="https://www.cisecurity.org/controls/">6</reference>
        <reference href="https://www.cisecurity.org/controls/">7</reference>
        <reference href="https://www.cisecurity.org/controls/">8</reference>
        <reference href="https://www.fbi.gov/file-repository/cjis-security-policy-v5_5_20160601-2-1.pdf">5.4.1.1</reference>
        <reference href="https://www.isaca.org/resources/cobit">APO11.04</reference>
        <reference href="https://www.isaca.org/resources/cobit">APO12.06</reference>
        <reference href="https://www.isaca.org/resources/cobit">APO13.01</reference>
        <reference href="https://www.isaca.org/resources/cobit">BAI03.05</reference>
        <reference href="https://www.isaca.org/resources/cobit">BAI04.04</reference>
        <reference href="https://www.isaca.org/resources/cobit">BAI08.02</reference>
        <reference href="https://www.isaca.org/resources/cobit">DSS02.02</reference>
        <reference href="https://www.isaca.org/resources/cobit">DSS02.04</reference>
        <reference href="https://www.isaca.org/resources/cobit">DSS02.07</reference>
        <reference href="https://www.isaca.org/resources/cobit">DSS03.01</reference>
        <reference href="https://www.isaca.org/resources/cobit">DSS05.04</reference>
        <reference href="https://www.isaca.org/resources/cobit">DSS05.07</reference>
        <reference href="https://www.isaca.org/resources/cobit">MEA02.01</reference>
        <reference href="http://nvlpubs.nist.gov/nistpubs/SpecialPublications/NIST.SP.800-171.pdf">3.3.1</reference>
        <reference href="https://public.cyber.mil/stigs/cci/">CCI-001855</reference>
        <reference href="https://public.cyber.mil/stigs/cci/">CCI-000139</reference>
        <reference href="https://www.gpo.gov/fdsys/pkg/CFR-2007-title45-vol1/pdf/CFR-2007-title45-vol1-chapA-subchapC.pdf">164.312(a)(2)(ii)</reference>
        <reference href="https://www.isa.org/products/isa-62443-2-1-2009-security-for-industrial-automat">4.2.3.10</reference>
        <reference href="https://www.isa.org/products/isa-62443-2-1-2009-security-for-industrial-automat">4.3.3.3.9</reference>
        <reference href="https://www.isa.org/products/isa-62443-2-1-2009-security-for-industrial-automat">4.3.3.5.8</reference>
        <reference href="https://www.isa.org/products/isa-62443-2-1-2009-security-for-industrial-automat">4.3.4.4.7</reference>
        <reference href="https://www.isa.org/products/isa-62443-2-1-2009-security-for-industrial-automat">4.3.4.5.6</reference>
        <reference href="https://www.isa.org/products/isa-62443-2-1-2009-security-for-industrial-automat">4.3.4.5.7</reference>
        <reference href="https://www.isa.org/products/isa-62443-2-1-2009-security-for-industrial-automat">4.3.4.5.8</reference>
        <reference href="https://www.isa.org/products/isa-62443-2-1-2009-security-for-industrial-automat">4.4.2.1</reference>
        <reference href="https://www.isa.org/products/isa-62443-2-1-2009-security-for-industrial-automat">4.4.2.2</reference>
        <reference href="https://www.isa.org/products/isa-62443-2-1-2009-security-for-industrial-automat">4.4.2.4</reference>
        <reference href="https://www.isa.org/products/ansi-isa-62443-3-3-99-03-03-2013-security-for-indu">SR 2.10</reference>
        <reference href="https://www.isa.org/products/ansi-isa-62443-3-3-99-03-03-2013-security-for-indu">SR 2.11</reference>
        <reference href="https://www.isa.org/products/ansi-isa-62443-3-3-99-03-03-2013-security-for-indu">SR 2.12</reference>
        <reference href="https://www.isa.org/products/ansi-isa-62443-3-3-99-03-03-2013-security-for-indu">SR 2.8</reference>
        <reference href="https://www.isa.org/products/ansi-isa-62443-3-3-99-03-03-2013-security-for-indu">SR 2.9</reference>
        <reference href="https://www.isa.org/products/ansi-isa-62443-3-3-99-03-03-2013-security-for-indu">SR 6.1</reference>
        <reference href="https://www.isa.org/products/ansi-isa-62443-3-3-99-03-03-2013-security-for-indu">SR 7.1</reference>
        <reference href="https://www.isa.org/products/ansi-isa-62443-3-3-99-03-03-2013-security-for-indu">SR 7.2</reference>
        <reference href="https://www.iso.org/contents/data/standard/05/45/54534.html">A.12.1.3</reference>
        <reference href="https://www.iso.org/contents/data/standard/05/45/54534.html">A.12.4.1</reference>
        <reference href="https://www.iso.org/contents/data/standard/05/45/54534.html">A.12.4.2</reference>
        <reference href="https://www.iso.org/contents/data/standard/05/45/54534.html">A.12.4.3</reference>
        <reference href="https://www.iso.org/contents/data/standard/05/45/54534.html">A.12.4.4</reference>
        <reference href="https://www.iso.org/contents/data/standard/05/45/54534.html">A.12.7.1</reference>
        <reference href="https://www.iso.org/contents/data/standard/05/45/54534.html">A.16.1.4</reference>
        <reference href="https://www.iso.org/contents/data/standard/05/45/54534.html">A.16.1.5</reference>
        <reference href="https://www.iso.org/contents/data/standard/05/45/54534.html">A.16.1.7</reference>
        <reference href="https://www.iso.org/contents/data/standard/05/45/54534.html">A.17.2.1</reference>
        <reference href="https://www.nerc.com/pa/Stand/AlignRep/One%20Stop%20Shop.xlsx">CIP-003-8 R1.3</reference>
        <reference href="https://www.nerc.com/pa/Stand/AlignRep/One%20Stop%20Shop.xlsx">CIP-003-8 R3</reference>
        <reference href="https://www.nerc.com/pa/Stand/AlignRep/One%20Stop%20Shop.xlsx">CIP-003-8 R3.1</reference>
        <reference href="https://www.nerc.com/pa/Stand/AlignRep/One%20Stop%20Shop.xlsx">CIP-003-8 R3.2</reference>
        <reference href="https://www.nerc.com/pa/Stand/AlignRep/One%20Stop%20Shop.xlsx">CIP-003-8 R3.3</reference>
        <reference href="https://www.nerc.com/pa/Stand/AlignRep/One%20Stop%20Shop.xlsx">CIP-003-8 R5.1.1</reference>
        <reference href="https://www.nerc.com/pa/Stand/AlignRep/One%20Stop%20Shop.xlsx">CIP-003-8 R5.3</reference>
        <reference href="https://www.nerc.com/pa/Stand/AlignRep/One%20Stop%20Shop.xlsx">CIP-004-6 R2.2.3</reference>
        <reference href="https://www.nerc.com/pa/Stand/AlignRep/One%20Stop%20Shop.xlsx">CIP-004-6 R2.3</reference>
        <reference href="https://www.nerc.com/pa/Stand/AlignRep/One%20Stop%20Shop.xlsx">CIP-007-3 R5.1</reference>
        <reference href="https://www.nerc.com/pa/Stand/AlignRep/One%20Stop%20Shop.xlsx">CIP-007-3 R5.1.2</reference>
        <reference href="https://www.nerc.com/pa/Stand/AlignRep/One%20Stop%20Shop.xlsx">CIP-007-3 R5.2</reference>
        <reference href="https://www.nerc.com/pa/Stand/AlignRep/One%20Stop%20Shop.xlsx">CIP-007-3 R5.3.1</reference>
        <reference href="https://www.nerc.com/pa/Stand/AlignRep/One%20Stop%20Shop.xlsx">CIP-007-3 R5.3.2</reference>
        <reference href="https://www.nerc.com/pa/Stand/AlignRep/One%20Stop%20Shop.xlsx">CIP-007-3 R5.3.3</reference>
        <reference href="http://nvlpubs.nist.gov/nistpubs/SpecialPublications/NIST.SP.800-53r4.pdf">IA-5(1)</reference>
        <reference href="http://nvlpubs.nist.gov/nistpubs/SpecialPublications/NIST.SP.800-53r4.pdf">AU-5(a)</reference>
        <reference href="http://nvlpubs.nist.gov/nistpubs/SpecialPublications/NIST.SP.800-53r4.pdf">AU-5(2)</reference>
        <reference href="http://nvlpubs.nist.gov/nistpubs/SpecialPublications/NIST.SP.800-53r4.pdf">CM-6(a)</reference>
        <reference href="https://nvlpubs.nist.gov/nistpubs/CSWP/NIST.CSWP.04162018.pdf">DE.AE-3</reference>
        <reference href="https://nvlpubs.nist.gov/nistpubs/CSWP/NIST.CSWP.04162018.pdf">DE.AE-5</reference>
        <reference href="https://nvlpubs.nist.gov/nistpubs/CSWP/NIST.CSWP.04162018.pdf">PR.DS-4</reference>
        <reference href="https://nvlpubs.nist.gov/nistpubs/CSWP/NIST.CSWP.04162018.pdf">PR.PT-1</reference>
        <reference href="https://nvlpubs.nist.gov/nistpubs/CSWP/NIST.CSWP.04162018.pdf">RS.AN-1</reference>
        <reference href="https://nvlpubs.nist.gov/nistpubs/CSWP/NIST.CSWP.04162018.pdf">RS.AN-4</reference>
        <reference href="https://www.pcisecuritystandards.org/documents/PCI_DSS_v3-2-1.pdf">Req-10.7.a</reference>
        <reference href="https://public.cyber.mil/stigs/downloads/?_dl_facet_stigs=operating-systems%2Cgeneral-purpose-os">SRG-OS-000046-GPOS-00022</reference>
        <reference href="https://public.cyber.mil/stigs/downloads/?_dl_facet_stigs=operating-systems%2Cgeneral-purpose-os">SRG-OS-000343-GPOS-00134</reference>
        <reference href="https://www.cisecurity.org/benchmark/ubuntu_linux/">6.2.2.4</reference>
        <rationale xmlns:xhtml="http://www.w3.org/1999/xhtml" xml:lang="en-US">Email sent to the root account is typically aliased to the
administrators of the system, who can take appropriate action.</rationale>
        <fix xmlns:xhtml="http://www.w3.org/1999/xhtml" id="auditd_data_retention_action_mail_acct" system="urn:xccdf:fix:script:sh"># Remediation is applicable only in certain platforms
if dpkg-query --show --showformat='${db:Status-Status}
' 'linux-base' 2&gt;/dev/null | grep -q ^installed &amp;&amp; dpkg-query --show --showformat='${db:Status-Status}\n' 'auditd' 2&gt;/dev/null | grep -q '^installed'; then

var_auditd_action_mail_acct='<xccdf-1.2:sub xmlns:xccdf-1.2="http://checklists.nist.gov/xccdf/1.2" idref="xccdf_org.ssgproject.content_value_var_auditd_action_mail_acct" use="legacy"/>'


AUDITCONFIG=/etc/audit/auditd.conf

# Strip any search characters in the key arg so that the key can be replaced without
# adding any search characters to the config file.
stripped_key=$(sed 's/[\^=\$,;+]*//g' &lt;&lt;&lt; "^action_mail_acct")

# shellcheck disable=SC2059
printf -v formatted_output "%s = %s" "$stripped_key" "$var_auditd_action_mail_acct"

# If the key exists, change it. Otherwise, add it to the config_file.
# We search for the key string followed by a word boundary (matched by \&gt;),
# so if we search for 'setting', 'setting2' won't match.
if LC_ALL=C grep -q -m 1 -i -e "^action_mail_acct\\&gt;" "$AUDITCONFIG"; then
    escaped_formatted_output=$(sed -e 's|/|\\/|g' &lt;&lt;&lt; "$formatted_output")
    LC_ALL=C sed -i --follow-symlinks "s/^action_mail_acct\\&gt;.*/$escaped_formatted_output/gi" "$AUDITCONFIG"
else
    if [[ -s "$AUDITCONFIG" ]] &amp;&amp; [[ -n "$(tail -c 1 -- "$AUDITCONFIG" || true)" ]]; then
        LC_ALL=C sed -i --follow-symlinks '$a'\\ "$AUDITCONFIG"
    fi
    printf '%s\n' "$formatted_output" &gt;&gt; "$AUDITCONFIG"
fi

else
    &gt;&amp;2 echo 'Remediation is not applicable, nothing was done'
fi
</fix>
        <check system="http://oval.mitre.org/XMLSchema/oval-definitions-5">
          <check-export export-name="oval:ssg-var_auditd_action_mail_acct:var:1" value-id="xccdf_org.ssgproject.content_value_var_auditd_action_mail_acct"/>
          <check-content-ref name="oval:ssg-auditd_data_retention_action_mail_acct:def:1" href="ssg-ubuntu2404-oval.xml"/>
        </check>
        <check system="http://scap.nist.gov/schema/ocil/2">
          <check-content-ref name="ocil:ssg-auditd_data_retention_action_mail_acct_ocil:questionnaire:1" href="ssg-ubuntu2404-ocil.xml"/>
        </check>
      </Rule>
      <Rule id="xccdf_org.ssgproject.content_rule_auditd_data_retention_admin_space_left_action" selected="false" role="full" severity="medium">
        <title xmlns:xhtml="http://www.w3.org/1999/xhtml" xml:lang="en-US">Configure auditd admin_space_left Action on Low Disk Space</title>
        <description xmlns:xhtml="http://www.w3.org/1999/xhtml" xml:lang="en-US">The <html:code xmlns:html="http://www.w3.org/1999/xhtml">auditd</html:code> service can be configured to take an action
when disk space is running low but prior to running out of space completely.
Edit the file <html:code xmlns:html="http://www.w3.org/1999/xhtml">/etc/audit/auditd.conf</html:code>. Add or modify the following line,
substituting <html:i xmlns:html="http://www.w3.org/1999/xhtml">ACTION</html:i> appropriately:
<html:pre xmlns:html="http://www.w3.org/1999/xhtml">admin_space_left_action = <html:i>ACTION</html:i>
       </html:pre>
Set this value to <html:code xmlns:html="http://www.w3.org/1999/xhtml">single</html:code> to cause the system to switch to single user
mode for corrective action. Acceptable values also include <html:code xmlns:html="http://www.w3.org/1999/xhtml">suspend</html:code> and
<html:code xmlns:html="http://www.w3.org/1999/xhtml">halt</html:code>. For certain systems, the need for availability
outweighs the need to log all actions, and a different setting should be
determined. Details regarding all possible values for <html:i xmlns:html="http://www.w3.org/1999/xhtml">ACTION</html:i> are described in the
<html:code xmlns:html="http://www.w3.org/1999/xhtml">auditd.conf</html:code> man page.</description>
        <reference href="https://www.cisecurity.org/controls/">1</reference>
        <reference href="https://www.cisecurity.org/controls/">11</reference>
        <reference href="https://www.cisecurity.org/controls/">12</reference>
        <reference href="https://www.cisecurity.org/controls/">13</reference>
        <reference href="https://www.cisecurity.org/controls/">14</reference>
        <reference href="https://www.cisecurity.org/controls/">15</reference>
        <reference href="https://www.cisecurity.org/controls/">16</reference>
        <reference href="https://www.cisecurity.org/controls/">19</reference>
        <reference href="https://www.cisecurity.org/controls/">2</reference>
        <reference href="https://www.cisecurity.org/controls/">3</reference>
        <reference href="https://www.cisecurity.org/controls/">4</reference>
        <reference href="https://www.cisecurity.org/controls/">5</reference>
        <reference href="https://www.cisecurity.org/controls/">6</reference>
        <reference href="https://www.cisecurity.org/controls/">7</reference>
        <reference href="https://www.cisecurity.org/controls/">8</reference>
        <reference href="https://www.fbi.gov/file-repository/cjis-security-policy-v5_5_20160601-2-1.pdf">5.4.1.1</reference>
        <reference href="https://www.isaca.org/resources/cobit">APO11.04</reference>
        <reference href="https://www.isaca.org/resources/cobit">APO12.06</reference>
        <reference href="https://www.isaca.org/resources/cobit">APO13.01</reference>
        <reference href="https://www.isaca.org/resources/cobit">BAI03.05</reference>
        <reference href="https://www.isaca.org/resources/cobit">BAI04.04</reference>
        <reference href="https://www.isaca.org/resources/cobit">BAI08.02</reference>
        <reference href="https://www.isaca.org/resources/cobit">DSS02.02</reference>
        <reference href="https://www.isaca.org/resources/cobit">DSS02.04</reference>
        <reference href="https://www.isaca.org/resources/cobit">DSS02.07</reference>
        <reference href="https://www.isaca.org/resources/cobit">DSS03.01</reference>
        <reference href="https://www.isaca.org/resources/cobit">DSS05.04</reference>
        <reference href="https://www.isaca.org/resources/cobit">DSS05.07</reference>
        <reference href="https://www.isaca.org/resources/cobit">MEA02.01</reference>
        <reference href="http://nvlpubs.nist.gov/nistpubs/SpecialPublications/NIST.SP.800-171.pdf">3.3.1</reference>
        <reference href="https://public.cyber.mil/stigs/cci/">CCI-001855</reference>
        <reference href="https://www.gpo.gov/fdsys/pkg/CFR-2007-title45-vol1/pdf/CFR-2007-title45-vol1-chapA-subchapC.pdf">164.312(a)(2)(ii)</reference>
        <reference href="https://www.isa.org/products/isa-62443-2-1-2009-security-for-industrial-automat">4.2.3.10</reference>
        <reference href="https://www.isa.org/products/isa-62443-2-1-2009-security-for-industrial-automat">4.3.3.3.9</reference>
        <reference href="https://www.isa.org/products/isa-62443-2-1-2009-security-for-industrial-automat">4.3.3.5.8</reference>
        <reference href="https://www.isa.org/products/isa-62443-2-1-2009-security-for-industrial-automat">4.3.4.4.7</reference>
        <reference href="https://www.isa.org/products/isa-62443-2-1-2009-security-for-industrial-automat">4.3.4.5.6</reference>
        <reference href="https://www.isa.org/products/isa-62443-2-1-2009-security-for-industrial-automat">4.3.4.5.7</reference>
        <reference href="https://www.isa.org/products/isa-62443-2-1-2009-security-for-industrial-automat">4.3.4.5.8</reference>
        <reference href="https://www.isa.org/products/isa-62443-2-1-2009-security-for-industrial-automat">4.4.2.1</reference>
        <reference href="https://www.isa.org/products/isa-62443-2-1-2009-security-for-industrial-automat">4.4.2.2</reference>
        <reference href="https://www.isa.org/products/isa-62443-2-1-2009-security-for-industrial-automat">4.4.2.4</reference>
        <reference href="https://www.isa.org/products/ansi-isa-62443-3-3-99-03-03-2013-security-for-indu">SR 2.10</reference>
        <reference href="https://www.isa.org/products/ansi-isa-62443-3-3-99-03-03-2013-security-for-indu">SR 2.11</reference>
        <reference href="https://www.isa.org/products/ansi-isa-62443-3-3-99-03-03-2013-security-for-indu">SR 2.12</reference>
        <reference href="https://www.isa.org/products/ansi-isa-62443-3-3-99-03-03-2013-security-for-indu">SR 2.8</reference>
        <reference href="https://www.isa.org/products/ansi-isa-62443-3-3-99-03-03-2013-security-for-indu">SR 2.9</reference>
        <reference href="https://www.isa.org/products/ansi-isa-62443-3-3-99-03-03-2013-security-for-indu">SR 6.1</reference>
        <reference href="https://www.isa.org/products/ansi-isa-62443-3-3-99-03-03-2013-security-for-indu">SR 7.1</reference>
        <reference href="https://www.isa.org/products/ansi-isa-62443-3-3-99-03-03-2013-security-for-indu">SR 7.2</reference>
        <reference href="https://www.iso.org/contents/data/standard/05/45/54534.html">A.12.1.3</reference>
        <reference href="https://www.iso.org/contents/data/standard/05/45/54534.html">A.12.4.1</reference>
        <reference href="https://www.iso.org/contents/data/standard/05/45/54534.html">A.12.4.2</reference>
        <reference href="https://www.iso.org/contents/data/standard/05/45/54534.html">A.12.4.3</reference>
        <reference href="https://www.iso.org/contents/data/standard/05/45/54534.html">A.12.4.4</reference>
        <reference href="https://www.iso.org/contents/data/standard/05/45/54534.html">A.12.7.1</reference>
        <reference href="https://www.iso.org/contents/data/standard/05/45/54534.html">A.16.1.4</reference>
        <reference href="https://www.iso.org/contents/data/standard/05/45/54534.html">A.16.1.5</reference>
        <reference href="https://www.iso.org/contents/data/standard/05/45/54534.html">A.16.1.7</reference>
        <reference href="https://www.iso.org/contents/data/standard/05/45/54534.html">A.17.2.1</reference>
        <reference href="http://nvlpubs.nist.gov/nistpubs/SpecialPublications/NIST.SP.800-53r4.pdf">AU-5(b)</reference>
        <reference href="http://nvlpubs.nist.gov/nistpubs/SpecialPublications/NIST.SP.800-53r4.pdf">AU-5(2)</reference>
        <reference href="http://nvlpubs.nist.gov/nistpubs/SpecialPublications/NIST.SP.800-53r4.pdf">AU-5(1)</reference>
        <reference href="http://nvlpubs.nist.gov/nistpubs/SpecialPublications/NIST.SP.800-53r4.pdf">AU-5(4)</reference>
        <reference href="http://nvlpubs.nist.gov/nistpubs/SpecialPublications/NIST.SP.800-53r4.pdf">CM-6(a)</reference>
        <reference href="https://nvlpubs.nist.gov/nistpubs/CSWP/NIST.CSWP.04162018.pdf">DE.AE-3</reference>
        <reference href="https://nvlpubs.nist.gov/nistpubs/CSWP/NIST.CSWP.04162018.pdf">DE.AE-5</reference>
        <reference href="https://nvlpubs.nist.gov/nistpubs/CSWP/NIST.CSWP.04162018.pdf">PR.DS-4</reference>
        <reference href="https://nvlpubs.nist.gov/nistpubs/CSWP/NIST.CSWP.04162018.pdf">PR.PT-1</reference>
        <reference href="https://nvlpubs.nist.gov/nistpubs/CSWP/NIST.CSWP.04162018.pdf">RS.AN-1</reference>
        <reference href="https://nvlpubs.nist.gov/nistpubs/CSWP/NIST.CSWP.04162018.pdf">RS.AN-4</reference>
        <reference href="https://www.pcisecuritystandards.org/documents/PCI_DSS_v3-2-1.pdf">Req-10.7</reference>
        <reference href="https://public.cyber.mil/stigs/downloads/?_dl_facet_stigs=operating-systems%2Cgeneral-purpose-os">SRG-OS-000343-GPOS-00134</reference>
        <reference href="https://www.cisecurity.org/benchmark/ubuntu_linux/">6.2.2.4</reference>
        <reference href="https://docs-prv.pcisecuritystandards.org/PCI%20DSS/Standard/PCI-DSS-v4_0.pdf">10.5.1</reference>
        <reference href="https://docs-prv.pcisecuritystandards.org/PCI%20DSS/Standard/PCI-DSS-v4_0.pdf">10.5</reference>
        <rationale xmlns:xhtml="http://www.w3.org/1999/xhtml" xml:lang="en-US">Administrators should be made aware of an inability to record
audit records. If a separate partition or logical volume of adequate size
is used, running low on space for audit records should never occur.</rationale>
        <fix xmlns:xhtml="http://www.w3.org/1999/xhtml" id="auditd_data_retention_admin_space_left_action" system="urn:xccdf:fix:script:sh"># Remediation is applicable only in certain platforms
if dpkg-query --show --showformat='${db:Status-Status}
' 'linux-base' 2&gt;/dev/null | grep -q ^installed &amp;&amp; dpkg-query --show --showformat='${db:Status-Status}\n' 'auditd' 2&gt;/dev/null | grep -q '^installed'; then

var_auditd_admin_space_left_action='<xccdf-1.2:sub xmlns:xccdf-1.2="http://checklists.nist.gov/xccdf/1.2" idref="xccdf_org.ssgproject.content_value_var_auditd_admin_space_left_action" use="legacy"/>'


var_auditd_admin_space_left_action="$(echo $var_auditd_admin_space_left_action | cut -d \| -f 1)"

AUDITCONFIG=/etc/audit/auditd.conf

# Strip any search characters in the key arg so that the key can be replaced without
# adding any search characters to the config file.
stripped_key=$(sed 's/[\^=\$,;+]*//g' &lt;&lt;&lt; "^admin_space_left_action")

# shellcheck disable=SC2059
printf -v formatted_output "%s = %s" "$stripped_key" "$var_auditd_admin_space_left_action"

# If the key exists, change it. Otherwise, add it to the config_file.
# We search for the key string followed by a word boundary (matched by \&gt;),
# so if we search for 'setting', 'setting2' won't match.
if LC_ALL=C grep -q -m 1 -i -e "^admin_space_left_action\\&gt;" "$AUDITCONFIG"; then
    escaped_formatted_output=$(sed -e 's|/|\\/|g' &lt;&lt;&lt; "$formatted_output")
    LC_ALL=C sed -i --follow-symlinks "s/^admin_space_left_action\\&gt;.*/$escaped_formatted_output/gi" "$AUDITCONFIG"
else
    if [[ -s "$AUDITCONFIG" ]] &amp;&amp; [[ -n "$(tail -c 1 -- "$AUDITCONFIG" || true)" ]]; then
        LC_ALL=C sed -i --follow-symlinks '$a'\\ "$AUDITCONFIG"
    fi
    printf '%s\n' "$formatted_output" &gt;&gt; "$AUDITCONFIG"
fi

else
    &gt;&amp;2 echo 'Remediation is not applicable, nothing was done'
fi
</fix>
        <check system="http://oval.mitre.org/XMLSchema/oval-definitions-5">
          <check-export export-name="oval:ssg-var_auditd_admin_space_left_action:var:1" value-id="xccdf_org.ssgproject.content_value_var_auditd_admin_space_left_action"/>
          <check-content-ref name="oval:ssg-auditd_data_retention_admin_space_left_action:def:1" href="ssg-ubuntu2404-oval.xml"/>
        </check>
        <check system="http://scap.nist.gov/schema/ocil/2">
          <check-content-ref name="ocil:ssg-auditd_data_retention_admin_space_left_action_ocil:questionnaire:1" href="ssg-ubuntu2404-ocil.xml"/>
        </check>
      </Rule>
      <Rule id="xccdf_org.ssgproject.content_rule_auditd_data_retention_max_log_file" selected="false" role="full" severity="medium">
        <title xmlns:xhtml="http://www.w3.org/1999/xhtml" xml:lang="en-US">Configure auditd Max Log File Size</title>
        <description xmlns:xhtml="http://www.w3.org/1999/xhtml" xml:lang="en-US">Determine the amount of audit data (in megabytes)
which should be retained in each log file. Edit the file
<html:code xmlns:html="http://www.w3.org/1999/xhtml">/etc/audit/auditd.conf</html:code>. Add or modify the following line, substituting
the correct value of <xccdf-1.2:sub xmlns:xccdf-1.2="http://checklists.nist.gov/xccdf/1.2" idref="xccdf_org.ssgproject.content_value_var_auditd_max_log_file" use="legacy"/> for <html:i xmlns:html="http://www.w3.org/1999/xhtml">STOREMB</html:i>:
<html:pre xmlns:html="http://www.w3.org/1999/xhtml">max_log_file = <html:i>STOREMB</html:i>
       </html:pre>
Set the value to <html:code xmlns:html="http://www.w3.org/1999/xhtml">6</html:code> (MB) or higher for general-purpose systems.
Larger values, of course,
support retention of even more audit data.</description>
        <reference href="https://www.cisecurity.org/controls/">1</reference>
        <reference href="https://www.cisecurity.org/controls/">11</reference>
        <reference href="https://www.cisecurity.org/controls/">12</reference>
        <reference href="https://www.cisecurity.org/controls/">13</reference>
        <reference href="https://www.cisecurity.org/controls/">14</reference>
        <reference href="https://www.cisecurity.org/controls/">15</reference>
        <reference href="https://www.cisecurity.org/controls/">16</reference>
        <reference href="https://www.cisecurity.org/controls/">19</reference>
        <reference href="https://www.cisecurity.org/controls/">3</reference>
        <reference href="https://www.cisecurity.org/controls/">4</reference>
        <reference href="https://www.cisecurity.org/controls/">5</reference>
        <reference href="https://www.cisecurity.org/controls/">6</reference>
        <reference href="https://www.cisecurity.org/controls/">7</reference>
        <reference href="https://www.cisecurity.org/controls/">8</reference>
        <reference href="https://www.fbi.gov/file-repository/cjis-security-policy-v5_5_20160601-2-1.pdf">5.4.1.1</reference>
        <reference href="https://www.isaca.org/resources/cobit">APO11.04</reference>
        <reference href="https://www.isaca.org/resources/cobit">APO12.06</reference>
        <reference href="https://www.isaca.org/resources/cobit">BAI03.05</reference>
        <reference href="https://www.isaca.org/resources/cobit">BAI08.02</reference>
        <reference href="https://www.isaca.org/resources/cobit">DSS02.02</reference>
        <reference href="https://www.isaca.org/resources/cobit">DSS02.04</reference>
        <reference href="https://www.isaca.org/resources/cobit">DSS02.07</reference>
        <reference href="https://www.isaca.org/resources/cobit">DSS03.01</reference>
        <reference href="https://www.isaca.org/resources/cobit">DSS05.04</reference>
        <reference href="https://www.isaca.org/resources/cobit">DSS05.07</reference>
        <reference href="https://www.isaca.org/resources/cobit">MEA02.01</reference>
        <reference href="https://www.isa.org/products/isa-62443-2-1-2009-security-for-industrial-automat">4.2.3.10</reference>
        <reference href="https://www.isa.org/products/isa-62443-2-1-2009-security-for-industrial-automat">4.3.3.3.9</reference>
        <reference href="https://www.isa.org/products/isa-62443-2-1-2009-security-for-industrial-automat">4.3.3.5.8</reference>
        <reference href="https://www.isa.org/products/isa-62443-2-1-2009-security-for-industrial-automat">4.3.4.4.7</reference>
        <reference href="https://www.isa.org/products/isa-62443-2-1-2009-security-for-industrial-automat">4.3.4.5.6</reference>
        <reference href="https://www.isa.org/products/isa-62443-2-1-2009-security-for-industrial-automat">4.3.4.5.7</reference>
        <reference href="https://www.isa.org/products/isa-62443-2-1-2009-security-for-industrial-automat">4.3.4.5.8</reference>
        <reference href="https://www.isa.org/products/isa-62443-2-1-2009-security-for-industrial-automat">4.4.2.1</reference>
        <reference href="https://www.isa.org/products/isa-62443-2-1-2009-security-for-industrial-automat">4.4.2.2</reference>
        <reference href="https://www.isa.org/products/isa-62443-2-1-2009-security-for-industrial-automat">4.4.2.4</reference>
        <reference href="https://www.isa.org/products/ansi-isa-62443-3-3-99-03-03-2013-security-for-indu">SR 2.10</reference>
        <reference href="https://www.isa.org/products/ansi-isa-62443-3-3-99-03-03-2013-security-for-indu">SR 2.11</reference>
        <reference href="https://www.isa.org/products/ansi-isa-62443-3-3-99-03-03-2013-security-for-indu">SR 2.12</reference>
        <reference href="https://www.isa.org/products/ansi-isa-62443-3-3-99-03-03-2013-security-for-indu">SR 2.8</reference>
        <reference href="https://www.isa.org/products/ansi-isa-62443-3-3-99-03-03-2013-security-for-indu">SR 2.9</reference>
        <reference href="https://www.isa.org/products/ansi-isa-62443-3-3-99-03-03-2013-security-for-indu">SR 6.1</reference>
        <reference href="https://www.iso.org/contents/data/standard/05/45/54534.html">A.12.4.1</reference>
        <reference href="https://www.iso.org/contents/data/standard/05/45/54534.html">A.12.4.2</reference>
        <reference href="https://www.iso.org/contents/data/standard/05/45/54534.html">A.12.4.3</reference>
        <reference href="https://www.iso.org/contents/data/standard/05/45/54534.html">A.12.4.4</reference>
        <reference href="https://www.iso.org/contents/data/standard/05/45/54534.html">A.12.7.1</reference>
        <reference href="https://www.iso.org/contents/data/standard/05/45/54534.html">A.16.1.4</reference>
        <reference href="https://www.iso.org/contents/data/standard/05/45/54534.html">A.16.1.5</reference>
        <reference href="https://www.iso.org/contents/data/standard/05/45/54534.html">A.16.1.7</reference>
        <reference href="https://www.nerc.com/pa/Stand/AlignRep/One%20Stop%20Shop.xlsx">CIP-004-6 R2.2.3</reference>
        <reference href="https://www.nerc.com/pa/Stand/AlignRep/One%20Stop%20Shop.xlsx">CIP-004-6 R3.3</reference>
        <reference href="https://www.nerc.com/pa/Stand/AlignRep/One%20Stop%20Shop.xlsx">CIP-007-3 R5.2</reference>
        <reference href="https://www.nerc.com/pa/Stand/AlignRep/One%20Stop%20Shop.xlsx">CIP-007-3 R5.3.1</reference>
        <reference href="https://www.nerc.com/pa/Stand/AlignRep/One%20Stop%20Shop.xlsx">CIP-007-3 R5.3.2</reference>
        <reference href="https://www.nerc.com/pa/Stand/AlignRep/One%20Stop%20Shop.xlsx">CIP-007-3 R5.3.3</reference>
        <reference href="https://www.nerc.com/pa/Stand/AlignRep/One%20Stop%20Shop.xlsx">CIP-007-3 R6.5</reference>
        <reference href="http://nvlpubs.nist.gov/nistpubs/SpecialPublications/NIST.SP.800-53r4.pdf">AU-11</reference>
        <reference href="http://nvlpubs.nist.gov/nistpubs/SpecialPublications/NIST.SP.800-53r4.pdf">CM-6(a)</reference>
        <reference href="https://nvlpubs.nist.gov/nistpubs/CSWP/NIST.CSWP.04162018.pdf">DE.AE-3</reference>
        <reference href="https://nvlpubs.nist.gov/nistpubs/CSWP/NIST.CSWP.04162018.pdf">DE.AE-5</reference>
        <reference href="https://nvlpubs.nist.gov/nistpubs/CSWP/NIST.CSWP.04162018.pdf">PR.PT-1</reference>
        <reference href="https://nvlpubs.nist.gov/nistpubs/CSWP/NIST.CSWP.04162018.pdf">RS.AN-1</reference>
        <reference href="https://nvlpubs.nist.gov/nistpubs/CSWP/NIST.CSWP.04162018.pdf">RS.AN-4</reference>
        <reference href="https://www.pcisecuritystandards.org/documents/PCI_DSS_v3-2-1.pdf">Req-10.7</reference>
        <reference href="https://www.cisecurity.org/benchmark/ubuntu_linux/">6.2.2.1</reference>
        <rationale xmlns:xhtml="http://www.w3.org/1999/xhtml" xml:lang="en-US">The total storage for audit log files must be large enough to retain
log information over the period required. This is a function of the maximum
log file size and the number of logs retained.</rationale>
        <fix xmlns:xhtml="http://www.w3.org/1999/xhtml" id="auditd_data_retention_max_log_file" system="urn:xccdf:fix:script:sh"># Remediation is applicable only in certain platforms
if dpkg-query --show --showformat='${db:Status-Status}
' 'linux-base' 2&gt;/dev/null | grep -q ^installed &amp;&amp; dpkg-query --show --showformat='${db:Status-Status}\n' 'auditd' 2&gt;/dev/null | grep -q '^installed'; then

var_auditd_max_log_file='<xccdf-1.2:sub xmlns:xccdf-1.2="http://checklists.nist.gov/xccdf/1.2" idref="xccdf_org.ssgproject.content_value_var_auditd_max_log_file" use="legacy"/>'


AUDITCONFIG=/etc/audit/auditd.conf

# Strip any search characters in the key arg so that the key can be replaced without
# adding any search characters to the config file.
stripped_key=$(sed 's/[\^=\$,;+]*//g' &lt;&lt;&lt; "^max_log_file")

# shellcheck disable=SC2059
printf -v formatted_output "%s = %s" "$stripped_key" "$var_auditd_max_log_file"

# If the key exists, change it. Otherwise, add it to the config_file.
# We search for the key string followed by a word boundary (matched by \&gt;),
# so if we search for 'setting', 'setting2' won't match.
if LC_ALL=C grep -q -m 1 -i -e "^max_log_file\\&gt;" "$AUDITCONFIG"; then
    escaped_formatted_output=$(sed -e 's|/|\\/|g' &lt;&lt;&lt; "$formatted_output")
    LC_ALL=C sed -i --follow-symlinks "s/^max_log_file\\&gt;.*/$escaped_formatted_output/gi" "$AUDITCONFIG"
else
    if [[ -s "$AUDITCONFIG" ]] &amp;&amp; [[ -n "$(tail -c 1 -- "$AUDITCONFIG" || true)" ]]; then
        LC_ALL=C sed -i --follow-symlinks '$a'\\ "$AUDITCONFIG"
    fi
    printf '%s\n' "$formatted_output" &gt;&gt; "$AUDITCONFIG"
fi

else
    &gt;&amp;2 echo 'Remediation is not applicable, nothing was done'
fi
</fix>
        <check system="http://oval.mitre.org/XMLSchema/oval-definitions-5">
          <check-export export-name="oval:ssg-var_auditd_max_log_file:var:1" value-id="xccdf_org.ssgproject.content_value_var_auditd_max_log_file"/>
          <check-content-ref name="oval:ssg-auditd_data_retention_max_log_file:def:1" href="ssg-ubuntu2404-oval.xml"/>
        </check>
        <check system="http://scap.nist.gov/schema/ocil/2">
          <check-content-ref name="ocil:ssg-auditd_data_retention_max_log_file_ocil:questionnaire:1" href="ssg-ubuntu2404-ocil.xml"/>
        </check>
      </Rule>
      <Rule id="xccdf_org.ssgproject.content_rule_auditd_data_retention_max_log_file_action" selected="false" role="full" severity="medium">
        <title xmlns:xhtml="http://www.w3.org/1999/xhtml" xml:lang="en-US">Configure auditd max_log_file_action Upon Reaching Maximum Log Size</title>
        <description xmlns:xhtml="http://www.w3.org/1999/xhtml" xml:lang="en-US">The default action to take when the logs reach their maximum size
is to rotate the log files, discarding the oldest one. To configure the action taken
by <html:code xmlns:html="http://www.w3.org/1999/xhtml">auditd</html:code>, add or correct the line in <html:code xmlns:html="http://www.w3.org/1999/xhtml">/etc/audit/auditd.conf</html:code>:
<html:pre xmlns:html="http://www.w3.org/1999/xhtml">max_log_file_action = <html:i>ACTION</html:i>
       </html:pre>
Possible values for <html:i xmlns:html="http://www.w3.org/1999/xhtml">ACTION</html:i> are described in the <html:code xmlns:html="http://www.w3.org/1999/xhtml">auditd.conf</html:code> man
page. These include:
<html:ul xmlns:html="http://www.w3.org/1999/xhtml"><html:li><html:code>ignore</html:code></html:li><html:li><html:code>syslog</html:code></html:li><html:li><html:code>suspend</html:code></html:li><html:li><html:code>rotate</html:code></html:li><html:li><html:code>keep_logs</html:code></html:li></html:ul>
Set the <html:code xmlns:html="http://www.w3.org/1999/xhtml"><html:i>ACTION</html:i></html:code> to <html:code xmlns:html="http://www.w3.org/1999/xhtml" xmlns:xccdf-1.2="http://checklists.nist.gov/xccdf/1.2"><xccdf-1.2:sub idref="xccdf_org.ssgproject.content_value_var_auditd_max_log_file_action" use="legacy"/></html:code>.
The setting is case-insensitive.</description>
        <reference href="https://www.cisecurity.org/controls/">1</reference>
        <reference href="https://www.cisecurity.org/controls/">11</reference>
        <reference href="https://www.cisecurity.org/controls/">12</reference>
        <reference href="https://www.cisecurity.org/controls/">13</reference>
        <reference href="https://www.cisecurity.org/controls/">14</reference>
        <reference href="https://www.cisecurity.org/controls/">15</reference>
        <reference href="https://www.cisecurity.org/controls/">16</reference>
        <reference href="https://www.cisecurity.org/controls/">19</reference>
        <reference href="https://www.cisecurity.org/controls/">2</reference>
        <reference href="https://www.cisecurity.org/controls/">3</reference>
        <reference href="https://www.cisecurity.org/controls/">4</reference>
        <reference href="https://www.cisecurity.org/controls/">5</reference>
        <reference href="https://www.cisecurity.org/controls/">6</reference>
        <reference href="https://www.cisecurity.org/controls/">7</reference>
        <reference href="https://www.cisecurity.org/controls/">8</reference>
        <reference href="https://www.fbi.gov/file-repository/cjis-security-policy-v5_5_20160601-2-1.pdf">5.4.1.1</reference>
        <reference href="https://www.isaca.org/resources/cobit">APO11.04</reference>
        <reference href="https://www.isaca.org/resources/cobit">APO12.06</reference>
        <reference href="https://www.isaca.org/resources/cobit">APO13.01</reference>
        <reference href="https://www.isaca.org/resources/cobit">BAI03.05</reference>
        <reference href="https://www.isaca.org/resources/cobit">BAI04.04</reference>
        <reference href="https://www.isaca.org/resources/cobit">BAI08.02</reference>
        <reference href="https://www.isaca.org/resources/cobit">DSS02.02</reference>
        <reference href="https://www.isaca.org/resources/cobit">DSS02.04</reference>
        <reference href="https://www.isaca.org/resources/cobit">DSS02.07</reference>
        <reference href="https://www.isaca.org/resources/cobit">DSS03.01</reference>
        <reference href="https://www.isaca.org/resources/cobit">DSS05.04</reference>
        <reference href="https://www.isaca.org/resources/cobit">DSS05.07</reference>
        <reference href="https://www.isaca.org/resources/cobit">MEA02.01</reference>
        <reference href="https://public.cyber.mil/stigs/cci/">CCI-000140</reference>
        <reference href="https://www.gpo.gov/fdsys/pkg/CFR-2007-title45-vol1/pdf/CFR-2007-title45-vol1-chapA-subchapC.pdf">164.312(a)(2)(ii)</reference>
        <reference href="https://www.isa.org/products/isa-62443-2-1-2009-security-for-industrial-automat">4.2.3.10</reference>
        <reference href="https://www.isa.org/products/isa-62443-2-1-2009-security-for-industrial-automat">4.3.3.3.9</reference>
        <reference href="https://www.isa.org/products/isa-62443-2-1-2009-security-for-industrial-automat">4.3.3.5.8</reference>
        <reference href="https://www.isa.org/products/isa-62443-2-1-2009-security-for-industrial-automat">4.3.4.4.7</reference>
        <reference href="https://www.isa.org/products/isa-62443-2-1-2009-security-for-industrial-automat">4.3.4.5.6</reference>
        <reference href="https://www.isa.org/products/isa-62443-2-1-2009-security-for-industrial-automat">4.3.4.5.7</reference>
        <reference href="https://www.isa.org/products/isa-62443-2-1-2009-security-for-industrial-automat">4.3.4.5.8</reference>
        <reference href="https://www.isa.org/products/isa-62443-2-1-2009-security-for-industrial-automat">4.4.2.1</reference>
        <reference href="https://www.isa.org/products/isa-62443-2-1-2009-security-for-industrial-automat">4.4.2.2</reference>
        <reference href="https://www.isa.org/products/isa-62443-2-1-2009-security-for-industrial-automat">4.4.2.4</reference>
        <reference href="https://www.isa.org/products/ansi-isa-62443-3-3-99-03-03-2013-security-for-indu">SR 2.10</reference>
        <reference href="https://www.isa.org/products/ansi-isa-62443-3-3-99-03-03-2013-security-for-indu">SR 2.11</reference>
        <reference href="https://www.isa.org/products/ansi-isa-62443-3-3-99-03-03-2013-security-for-indu">SR 2.12</reference>
        <reference href="https://www.isa.org/products/ansi-isa-62443-3-3-99-03-03-2013-security-for-indu">SR 2.8</reference>
        <reference href="https://www.isa.org/products/ansi-isa-62443-3-3-99-03-03-2013-security-for-indu">SR 2.9</reference>
        <reference href="https://www.isa.org/products/ansi-isa-62443-3-3-99-03-03-2013-security-for-indu">SR 6.1</reference>
        <reference href="https://www.isa.org/products/ansi-isa-62443-3-3-99-03-03-2013-security-for-indu">SR 7.1</reference>
        <reference href="https://www.isa.org/products/ansi-isa-62443-3-3-99-03-03-2013-security-for-indu">SR 7.2</reference>
        <reference href="https://www.iso.org/contents/data/standard/05/45/54534.html">A.12.1.3</reference>
        <reference href="https://www.iso.org/contents/data/standard/05/45/54534.html">A.12.4.1</reference>
        <reference href="https://www.iso.org/contents/data/standard/05/45/54534.html">A.12.4.2</reference>
        <reference href="https://www.iso.org/contents/data/standard/05/45/54534.html">A.12.4.3</reference>
        <reference href="https://www.iso.org/contents/data/standard/05/45/54534.html">A.12.4.4</reference>
        <reference href="https://www.iso.org/contents/data/standard/05/45/54534.html">A.12.7.1</reference>
        <reference href="https://www.iso.org/contents/data/standard/05/45/54534.html">A.16.1.4</reference>
        <reference href="https://www.iso.org/contents/data/standard/05/45/54534.html">A.16.1.5</reference>
        <reference href="https://www.iso.org/contents/data/standard/05/45/54534.html">A.16.1.7</reference>
        <reference href="https://www.iso.org/contents/data/standard/05/45/54534.html">A.17.2.1</reference>
        <reference href="http://nvlpubs.nist.gov/nistpubs/SpecialPublications/NIST.SP.800-53r4.pdf">AU-5(b)</reference>
        <reference href="http://nvlpubs.nist.gov/nistpubs/SpecialPublications/NIST.SP.800-53r4.pdf">AU-5(2)</reference>
        <reference href="http://nvlpubs.nist.gov/nistpubs/SpecialPublications/NIST.SP.800-53r4.pdf">AU-5(1)</reference>
        <reference href="http://nvlpubs.nist.gov/nistpubs/SpecialPublications/NIST.SP.800-53r4.pdf">AU-5(4)</reference>
        <reference href="http://nvlpubs.nist.gov/nistpubs/SpecialPublications/NIST.SP.800-53r4.pdf">CM-6(a)</reference>
        <reference href="https://nvlpubs.nist.gov/nistpubs/CSWP/NIST.CSWP.04162018.pdf">DE.AE-3</reference>
        <reference href="https://nvlpubs.nist.gov/nistpubs/CSWP/NIST.CSWP.04162018.pdf">DE.AE-5</reference>
        <reference href="https://nvlpubs.nist.gov/nistpubs/CSWP/NIST.CSWP.04162018.pdf">PR.DS-4</reference>
        <reference href="https://nvlpubs.nist.gov/nistpubs/CSWP/NIST.CSWP.04162018.pdf">PR.PT-1</reference>
        <reference href="https://nvlpubs.nist.gov/nistpubs/CSWP/NIST.CSWP.04162018.pdf">RS.AN-1</reference>
        <reference href="https://nvlpubs.nist.gov/nistpubs/CSWP/NIST.CSWP.04162018.pdf">RS.AN-4</reference>
        <reference href="https://www.pcisecuritystandards.org/documents/PCI_DSS_v3-2-1.pdf">Req-10.7</reference>
        <reference href="https://public.cyber.mil/stigs/downloads/?_dl_facet_stigs=operating-systems%2Cgeneral-purpose-os">SRG-OS-000047-GPOS-00023</reference>
        <reference href="https://www.cisecurity.org/benchmark/ubuntu_linux/">6.2.2.2</reference>
        <rationale xmlns:xhtml="http://www.w3.org/1999/xhtml" xml:lang="en-US">Automatically rotating logs (by setting this to <html:code xmlns:html="http://www.w3.org/1999/xhtml">rotate</html:code>)
minimizes the chances of the system unexpectedly running out of disk space by
being overwhelmed with log data. However, for systems that must never discard
log data, or which use external processes to transfer it and reclaim space,
<html:code xmlns:html="http://www.w3.org/1999/xhtml">keep_logs</html:code> can be employed.</rationale>
        <fix xmlns:xhtml="http://www.w3.org/1999/xhtml" id="auditd_data_retention_max_log_file_action" system="urn:xccdf:fix:script:sh"># Remediation is applicable only in certain platforms
if dpkg-query --show --showformat='${db:Status-Status}
' 'linux-base' 2&gt;/dev/null | grep -q ^installed &amp;&amp; dpkg-query --show --showformat='${db:Status-Status}\n' 'auditd' 2&gt;/dev/null | grep -q '^installed'; then

var_auditd_max_log_file_action='<xccdf-1.2:sub xmlns:xccdf-1.2="http://checklists.nist.gov/xccdf/1.2" idref="xccdf_org.ssgproject.content_value_var_auditd_max_log_file_action" use="legacy"/>'


AUDITCONFIG=/etc/audit/auditd.conf

# Strip any search characters in the key arg so that the key can be replaced without
# adding any search characters to the config file.
stripped_key=$(sed 's/[\^=\$,;+]*//g' &lt;&lt;&lt; "^max_log_file_action")

# shellcheck disable=SC2059
printf -v formatted_output "%s = %s" "$stripped_key" "$var_auditd_max_log_file_action"

# If the key exists, change it. Otherwise, add it to the config_file.
# We search for the key string followed by a word boundary (matched by \&gt;),
# so if we search for 'setting', 'setting2' won't match.
if LC_ALL=C grep -q -m 1 -i -e "^max_log_file_action\\&gt;" "$AUDITCONFIG"; then
    escaped_formatted_output=$(sed -e 's|/|\\/|g' &lt;&lt;&lt; "$formatted_output")
    LC_ALL=C sed -i --follow-symlinks "s/^max_log_file_action\\&gt;.*/$escaped_formatted_output/gi" "$AUDITCONFIG"
else
    if [[ -s "$AUDITCONFIG" ]] &amp;&amp; [[ -n "$(tail -c 1 -- "$AUDITCONFIG" || true)" ]]; then
        LC_ALL=C sed -i --follow-symlinks '$a'\\ "$AUDITCONFIG"
    fi
    printf '%s\n' "$formatted_output" &gt;&gt; "$AUDITCONFIG"
fi

else
    &gt;&amp;2 echo 'Remediation is not applicable, nothing was done'
fi
</fix>
        <check system="http://oval.mitre.org/XMLSchema/oval-definitions-5">
          <check-export export-name="oval:ssg-var_auditd_max_log_file_action:var:1" value-id="xccdf_org.ssgproject.content_value_var_auditd_max_log_file_action"/>
          <check-content-ref name="oval:ssg-auditd_data_retention_max_log_file_action:def:1" href="ssg-ubuntu2404-oval.xml"/>
        </check>
        <check system="http://scap.nist.gov/schema/ocil/2">
          <check-content-ref name="ocil:ssg-auditd_data_retention_max_log_file_action_ocil:questionnaire:1" href="ssg-ubuntu2404-ocil.xml"/>
        </check>
      </Rule>
      <Rule id="xccdf_org.ssgproject.content_rule_auditd_data_retention_space_left_action" selected="false" role="full" severity="medium">
        <title xmlns:xhtml="http://www.w3.org/1999/xhtml" xml:lang="en-US">Configure auditd space_left Action on Low Disk Space</title>
        <description xmlns:xhtml="http://www.w3.org/1999/xhtml" xml:lang="en-US">The <html:code xmlns:html="http://www.w3.org/1999/xhtml">auditd</html:code> service can be configured to take an action
when disk space <html:i xmlns:html="http://www.w3.org/1999/xhtml">starts</html:i> to run low.
Edit the file <html:code xmlns:html="http://www.w3.org/1999/xhtml">/etc/audit/auditd.conf</html:code>. Modify the following line,
substituting <html:i xmlns:html="http://www.w3.org/1999/xhtml">ACTION</html:i> appropriately:
<html:pre xmlns:html="http://www.w3.org/1999/xhtml">space_left_action = <html:i>ACTION</html:i>
       </html:pre>
Possible values for <html:i xmlns:html="http://www.w3.org/1999/xhtml">ACTION</html:i> are described in the <html:code xmlns:html="http://www.w3.org/1999/xhtml">auditd.conf</html:code> man page.
These include:
<html:ul xmlns:html="http://www.w3.org/1999/xhtml"><html:li><html:code>syslog</html:code></html:li><html:li><html:code>email</html:code></html:li><html:li><html:code>exec</html:code></html:li><html:li><html:code>suspend</html:code></html:li><html:li><html:code>single</html:code></html:li><html:li><html:code>halt</html:code></html:li></html:ul>
Set this to <html:code xmlns:html="http://www.w3.org/1999/xhtml">email</html:code> (instead of the default,
which is <html:code xmlns:html="http://www.w3.org/1999/xhtml">suspend</html:code>) as it is more likely to get prompt attention. Acceptable values
also include <html:code xmlns:html="http://www.w3.org/1999/xhtml">suspend</html:code>, <html:code xmlns:html="http://www.w3.org/1999/xhtml">single</html:code>, and <html:code xmlns:html="http://www.w3.org/1999/xhtml">halt</html:code>.</description>
        <reference href="https://www.cisecurity.org/controls/">1</reference>
        <reference href="https://www.cisecurity.org/controls/">11</reference>
        <reference href="https://www.cisecurity.org/controls/">12</reference>
        <reference href="https://www.cisecurity.org/controls/">13</reference>
        <reference href="https://www.cisecurity.org/controls/">14</reference>
        <reference href="https://www.cisecurity.org/controls/">15</reference>
        <reference href="https://www.cisecurity.org/controls/">16</reference>
        <reference href="https://www.cisecurity.org/controls/">19</reference>
        <reference href="https://www.cisecurity.org/controls/">2</reference>
        <reference href="https://www.cisecurity.org/controls/">3</reference>
        <reference href="https://www.cisecurity.org/controls/">4</reference>
        <reference href="https://www.cisecurity.org/controls/">5</reference>
        <reference href="https://www.cisecurity.org/controls/">6</reference>
        <reference href="https://www.cisecurity.org/controls/">7</reference>
        <reference href="https://www.cisecurity.org/controls/">8</reference>
        <reference href="https://www.fbi.gov/file-repository/cjis-security-policy-v5_5_20160601-2-1.pdf">5.4.1.1</reference>
        <reference href="https://www.isaca.org/resources/cobit">APO11.04</reference>
        <reference href="https://www.isaca.org/resources/cobit">APO12.06</reference>
        <reference href="https://www.isaca.org/resources/cobit">APO13.01</reference>
        <reference href="https://www.isaca.org/resources/cobit">BAI03.05</reference>
        <reference href="https://www.isaca.org/resources/cobit">BAI04.04</reference>
        <reference href="https://www.isaca.org/resources/cobit">BAI08.02</reference>
        <reference href="https://www.isaca.org/resources/cobit">DSS02.02</reference>
        <reference href="https://www.isaca.org/resources/cobit">DSS02.04</reference>
        <reference href="https://www.isaca.org/resources/cobit">DSS02.07</reference>
        <reference href="https://www.isaca.org/resources/cobit">DSS03.01</reference>
        <reference href="https://www.isaca.org/resources/cobit">DSS05.04</reference>
        <reference href="https://www.isaca.org/resources/cobit">DSS05.07</reference>
        <reference href="https://www.isaca.org/resources/cobit">MEA02.01</reference>
        <reference href="http://nvlpubs.nist.gov/nistpubs/SpecialPublications/NIST.SP.800-171.pdf">3.3.1</reference>
        <reference href="https://public.cyber.mil/stigs/cci/">CCI-001855</reference>
        <reference href="https://www.gpo.gov/fdsys/pkg/CFR-2007-title45-vol1/pdf/CFR-2007-title45-vol1-chapA-subchapC.pdf">164.312(a)(2)(ii)</reference>
        <reference href="https://www.isa.org/products/isa-62443-2-1-2009-security-for-industrial-automat">4.2.3.10</reference>
        <reference href="https://www.isa.org/products/isa-62443-2-1-2009-security-for-industrial-automat">4.3.3.3.9</reference>
        <reference href="https://www.isa.org/products/isa-62443-2-1-2009-security-for-industrial-automat">4.3.3.5.8</reference>
        <reference href="https://www.isa.org/products/isa-62443-2-1-2009-security-for-industrial-automat">4.3.4.4.7</reference>
        <reference href="https://www.isa.org/products/isa-62443-2-1-2009-security-for-industrial-automat">4.3.4.5.6</reference>
        <reference href="https://www.isa.org/products/isa-62443-2-1-2009-security-for-industrial-automat">4.3.4.5.7</reference>
        <reference href="https://www.isa.org/products/isa-62443-2-1-2009-security-for-industrial-automat">4.3.4.5.8</reference>
        <reference href="https://www.isa.org/products/isa-62443-2-1-2009-security-for-industrial-automat">4.4.2.1</reference>
        <reference href="https://www.isa.org/products/isa-62443-2-1-2009-security-for-industrial-automat">4.4.2.2</reference>
        <reference href="https://www.isa.org/products/isa-62443-2-1-2009-security-for-industrial-automat">4.4.2.4</reference>
        <reference href="https://www.isa.org/products/ansi-isa-62443-3-3-99-03-03-2013-security-for-indu">SR 2.10</reference>
        <reference href="https://www.isa.org/products/ansi-isa-62443-3-3-99-03-03-2013-security-for-indu">SR 2.11</reference>
        <reference href="https://www.isa.org/products/ansi-isa-62443-3-3-99-03-03-2013-security-for-indu">SR 2.12</reference>
        <reference href="https://www.isa.org/products/ansi-isa-62443-3-3-99-03-03-2013-security-for-indu">SR 2.8</reference>
        <reference href="https://www.isa.org/products/ansi-isa-62443-3-3-99-03-03-2013-security-for-indu">SR 2.9</reference>
        <reference href="https://www.isa.org/products/ansi-isa-62443-3-3-99-03-03-2013-security-for-indu">SR 6.1</reference>
        <reference href="https://www.isa.org/products/ansi-isa-62443-3-3-99-03-03-2013-security-for-indu">SR 7.1</reference>
        <reference href="https://www.isa.org/products/ansi-isa-62443-3-3-99-03-03-2013-security-for-indu">SR 7.2</reference>
        <reference href="https://www.iso.org/contents/data/standard/05/45/54534.html">A.12.1.3</reference>
        <reference href="https://www.iso.org/contents/data/standard/05/45/54534.html">A.12.4.1</reference>
        <reference href="https://www.iso.org/contents/data/standard/05/45/54534.html">A.12.4.2</reference>
        <reference href="https://www.iso.org/contents/data/standard/05/45/54534.html">A.12.4.3</reference>
        <reference href="https://www.iso.org/contents/data/standard/05/45/54534.html">A.12.4.4</reference>
        <reference href="https://www.iso.org/contents/data/standard/05/45/54534.html">A.12.7.1</reference>
        <reference href="https://www.iso.org/contents/data/standard/05/45/54534.html">A.16.1.4</reference>
        <reference href="https://www.iso.org/contents/data/standard/05/45/54534.html">A.16.1.5</reference>
        <reference href="https://www.iso.org/contents/data/standard/05/45/54534.html">A.16.1.7</reference>
        <reference href="https://www.iso.org/contents/data/standard/05/45/54534.html">A.17.2.1</reference>
        <reference href="http://nvlpubs.nist.gov/nistpubs/SpecialPublications/NIST.SP.800-53r4.pdf">AU-5(b)</reference>
        <reference href="http://nvlpubs.nist.gov/nistpubs/SpecialPublications/NIST.SP.800-53r4.pdf">AU-5(2)</reference>
        <reference href="http://nvlpubs.nist.gov/nistpubs/SpecialPublications/NIST.SP.800-53r4.pdf">AU-5(1)</reference>
        <reference href="http://nvlpubs.nist.gov/nistpubs/SpecialPublications/NIST.SP.800-53r4.pdf">AU-5(4)</reference>
        <reference href="http://nvlpubs.nist.gov/nistpubs/SpecialPublications/NIST.SP.800-53r4.pdf">CM-6(a)</reference>
        <reference href="https://nvlpubs.nist.gov/nistpubs/CSWP/NIST.CSWP.04162018.pdf">DE.AE-3</reference>
        <reference href="https://nvlpubs.nist.gov/nistpubs/CSWP/NIST.CSWP.04162018.pdf">DE.AE-5</reference>
        <reference href="https://nvlpubs.nist.gov/nistpubs/CSWP/NIST.CSWP.04162018.pdf">PR.DS-4</reference>
        <reference href="https://nvlpubs.nist.gov/nistpubs/CSWP/NIST.CSWP.04162018.pdf">PR.PT-1</reference>
        <reference href="https://nvlpubs.nist.gov/nistpubs/CSWP/NIST.CSWP.04162018.pdf">RS.AN-1</reference>
        <reference href="https://nvlpubs.nist.gov/nistpubs/CSWP/NIST.CSWP.04162018.pdf">RS.AN-4</reference>
        <reference href="https://www.pcisecuritystandards.org/documents/PCI_DSS_v3-2-1.pdf">Req-10.7</reference>
        <reference href="https://public.cyber.mil/stigs/downloads/?_dl_facet_stigs=operating-systems%2Cgeneral-purpose-os">SRG-OS-000343-GPOS-00134</reference>
        <reference href="https://www.cisecurity.org/benchmark/ubuntu_linux/">6.2.2.4</reference>
        <reference href="https://docs-prv.pcisecuritystandards.org/PCI%20DSS/Standard/PCI-DSS-v4_0.pdf">10.5.1</reference>
        <reference href="https://docs-prv.pcisecuritystandards.org/PCI%20DSS/Standard/PCI-DSS-v4_0.pdf">10.5</reference>
        <rationale xmlns:xhtml="http://www.w3.org/1999/xhtml" xml:lang="en-US">Notifying administrators of an impending disk space problem may
allow them to take corrective action prior to any disruption.</rationale>
        <fix xmlns:xhtml="http://www.w3.org/1999/xhtml" id="auditd_data_retention_space_left_action" system="urn:xccdf:fix:script:sh"># Remediation is applicable only in certain platforms
if dpkg-query --show --showformat='${db:Status-Status}
' 'linux-base' 2&gt;/dev/null | grep -q ^installed &amp;&amp; dpkg-query --show --showformat='${db:Status-Status}\n' 'auditd' 2&gt;/dev/null | grep -q '^installed'; then

var_auditd_space_left_action='<xccdf-1.2:sub xmlns:xccdf-1.2="http://checklists.nist.gov/xccdf/1.2" idref="xccdf_org.ssgproject.content_value_var_auditd_space_left_action" use="legacy"/>'


var_auditd_space_left_action="$(echo $var_auditd_space_left_action | cut -d \| -f 1)"
#
# If space_left_action present in /etc/audit/auditd.conf, change value
# to var_auditd_space_left_action, else
# add "space_left_action = $var_auditd_space_left_action" to /etc/audit/auditd.conf
#

AUDITCONFIG=/etc/audit/auditd.conf

# Strip any search characters in the key arg so that the key can be replaced without
# adding any search characters to the config file.
stripped_key=$(sed 's/[\^=\$,;+]*//g' &lt;&lt;&lt; "^space_left_action")

# shellcheck disable=SC2059
printf -v formatted_output "%s = %s" "$stripped_key" "$var_auditd_space_left_action"

# If the key exists, change it. Otherwise, add it to the config_file.
# We search for the key string followed by a word boundary (matched by \&gt;),
# so if we search for 'setting', 'setting2' won't match.
if LC_ALL=C grep -q -m 1 -i -e "^space_left_action\\&gt;" "$AUDITCONFIG"; then
    escaped_formatted_output=$(sed -e 's|/|\\/|g' &lt;&lt;&lt; "$formatted_output")
    LC_ALL=C sed -i --follow-symlinks "s/^space_left_action\\&gt;.*/$escaped_formatted_output/gi" "$AUDITCONFIG"
else
    if [[ -s "$AUDITCONFIG" ]] &amp;&amp; [[ -n "$(tail -c 1 -- "$AUDITCONFIG" || true)" ]]; then
        LC_ALL=C sed -i --follow-symlinks '$a'\\ "$AUDITCONFIG"
    fi
    printf '%s\n' "$formatted_output" &gt;&gt; "$AUDITCONFIG"
fi

else
    &gt;&amp;2 echo 'Remediation is not applicable, nothing was done'
fi
</fix>
        <check system="http://oval.mitre.org/XMLSchema/oval-definitions-5">
          <check-export export-name="oval:ssg-var_auditd_space_left_action:var:1" value-id="xccdf_org.ssgproject.content_value_var_auditd_space_left_action"/>
          <check-content-ref name="oval:ssg-auditd_data_retention_space_left_action:def:1" href="ssg-ubuntu2404-oval.xml"/>
        </check>
        <check system="http://scap.nist.gov/schema/ocil/2">
          <check-content-ref name="ocil:ssg-auditd_data_retention_space_left_action_ocil:questionnaire:1" href="ssg-ubuntu2404-ocil.xml"/>
        </check>
      </Rule>
    </Group>
    <Group id="xccdf_org.ssgproject.content_group_file_permissions_auditd">
      <title xmlns:xhtml="http://www.w3.org/1999/xhtml" xml:lang="en-US">System Accounting with auditd</title>
      <description xmlns:xhtml="http://www.w3.org/1999/xhtml" xml:lang="en-US">The audit service provides substantial capabilities
for recording system activities. This section
deals with permissions of auditd related files.</description>
      <Rule id="xccdf_org.ssgproject.content_rule_file_groupownership_audit_binaries" selected="false" role="full" severity="medium">
        <title xmlns:xhtml="http://www.w3.org/1999/xhtml" xml:lang="en-US">Verify that audit tools are owned by group root</title>
        <description xmlns:xhtml="http://www.w3.org/1999/xhtml" xml:lang="en-US">The Ubuntu 24.04 operating system audit tools must have the proper
ownership configured to protected against unauthorized access.

Verify it by running the following command:
<html:pre xmlns:html="http://www.w3.org/1999/xhtml">$ stat -c "%n %G" /sbin/auditctl /sbin/aureport /sbin/ausearch /sbin/autrace /sbin/auditd /sbin/audispd /sbin/augenrules

/sbin/auditctl root
/sbin/aureport root
/sbin/ausearch root
/sbin/autrace root
/sbin/auditd root
/sbin/audispd root
/sbin/augenrules root
</html:pre>

Audit tools needed to successfully view and manipulate audit information
system activity and records. Audit tools include custom queries and report
generators</description>
        <reference href="https://public.cyber.mil/stigs/cci/">CCI-001493</reference>
        <reference href="https://public.cyber.mil/stigs/cci/">CCI-001494</reference>
        <reference href="https://public.cyber.mil/stigs/downloads/?_dl_facet_stigs=operating-systems%2Cgeneral-purpose-os">SRG-OS-000256-GPiOS-00097</reference>
        <reference href="https://public.cyber.mil/stigs/downloads/?_dl_facet_stigs=operating-systems%2Cgeneral-purpose-os">SRG-OS-000257-GPOS-00098</reference>
        <reference href="https://www.cisecurity.org/benchmark/ubuntu_linux/">6.2.4.10</reference>
        <rationale xmlns:xhtml="http://www.w3.org/1999/xhtml" xml:lang="en-US">Protecting audit information also includes identifying and protecting the
tools used to view and manipulate log data. Therefore, protecting audit
tools is necessary to prevent unauthorized operation on audit information.

Operating systems providing tools to interface with audit information
will leverage user permissions and roles identifying the user accessing the
tools and the corresponding rights the user enjoys to make access decisions
regarding the access to audit tools.</rationale>
        <fix xmlns:xhtml="http://www.w3.org/1999/xhtml" id="file_groupownership_audit_binaries" system="urn:xccdf:fix:script:ansible" complexity="low" disruption="low" strategy="configure">- name: Gather the package facts
  package_facts:
    manager: auto
  tags:
  - configure_strategy
  - file_groupownership_audit_binaries
  - low_complexity
  - low_disruption
  - medium_severity
  - no_reboot_needed

- name: Test for existence /sbin/auditctl
  stat:
    path: /sbin/auditctl
  register: file_exists
  when: '"linux-base" in ansible_facts.packages'
  tags:
  - configure_strategy
  - file_groupownership_audit_binaries
  - low_complexity
  - low_disruption
  - medium_severity
  - no_reboot_needed

- name: Ensure group owner 0 on /sbin/auditctl
  file:
    path: /sbin/auditctl
    group: '0'
  when:
  - '"linux-base" in ansible_facts.packages'
  - file_exists.stat is defined and file_exists.stat.exists
  tags:
  - configure_strategy
  - file_groupownership_audit_binaries
  - low_complexity
  - low_disruption
  - medium_severity
  - no_reboot_needed

- name: Test for existence /sbin/aureport
  stat:
    path: /sbin/aureport
  register: file_exists
  when: '"linux-base" in ansible_facts.packages'
  tags:
  - configure_strategy
  - file_groupownership_audit_binaries
  - low_complexity
  - low_disruption
  - medium_severity
  - no_reboot_needed

- name: Ensure group owner 0 on /sbin/aureport
  file:
    path: /sbin/aureport
    group: '0'
  when:
  - '"linux-base" in ansible_facts.packages'
  - file_exists.stat is defined and file_exists.stat.exists
  tags:
  - configure_strategy
  - file_groupownership_audit_binaries
  - low_complexity
  - low_disruption
  - medium_severity
  - no_reboot_needed

- name: Test for existence /sbin/ausearch
  stat:
    path: /sbin/ausearch
  register: file_exists
  when: '"linux-base" in ansible_facts.packages'
  tags:
  - configure_strategy
  - file_groupownership_audit_binaries
  - low_complexity
  - low_disruption
  - medium_severity
  - no_reboot_needed

- name: Ensure group owner 0 on /sbin/ausearch
  file:
    path: /sbin/ausearch
    group: '0'
  when:
  - '"linux-base" in ansible_facts.packages'
  - file_exists.stat is defined and file_exists.stat.exists
  tags:
  - configure_strategy
  - file_groupownership_audit_binaries
  - low_complexity
  - low_disruption
  - medium_severity
  - no_reboot_needed

- name: Test for existence /sbin/autrace
  stat:
    path: /sbin/autrace
  register: file_exists
  when: '"linux-base" in ansible_facts.packages'
  tags:
  - configure_strategy
  - file_groupownership_audit_binaries
  - low_complexity
  - low_disruption
  - medium_severity
  - no_reboot_needed

- name: Ensure group owner 0 on /sbin/autrace
  file:
    path: /sbin/autrace
    group: '0'
  when:
  - '"linux-base" in ansible_facts.packages'
  - file_exists.stat is defined and file_exists.stat.exists
  tags:
  - configure_strategy
  - file_groupownership_audit_binaries
  - low_complexity
  - low_disruption
  - medium_severity
  - no_reboot_needed

- name: Test for existence /sbin/auditd
  stat:
    path: /sbin/auditd
  register: file_exists
  when: '"linux-base" in ansible_facts.packages'
  tags:
  - configure_strategy
  - file_groupownership_audit_binaries
  - low_complexity
  - low_disruption
  - medium_severity
  - no_reboot_needed

- name: Ensure group owner 0 on /sbin/auditd
  file:
    path: /sbin/auditd
    group: '0'
  when:
  - '"linux-base" in ansible_facts.packages'
  - file_exists.stat is defined and file_exists.stat.exists
  tags:
  - configure_strategy
  - file_groupownership_audit_binaries
  - low_complexity
  - low_disruption
  - medium_severity
  - no_reboot_needed

- name: Test for existence /sbin/audispd
  stat:
    path: /sbin/audispd
  register: file_exists
  when: '"linux-base" in ansible_facts.packages'
  tags:
  - configure_strategy
  - file_groupownership_audit_binaries
  - low_complexity
  - low_disruption
  - medium_severity
  - no_reboot_needed

- name: Ensure group owner 0 on /sbin/audispd
  file:
    path: /sbin/audispd
    group: '0'
  when:
  - '"linux-base" in ansible_facts.packages'
  - file_exists.stat is defined and file_exists.stat.exists
  tags:
  - configure_strategy
  - file_groupownership_audit_binaries
  - low_complexity
  - low_disruption
  - medium_severity
  - no_reboot_needed

- name: Test for existence /sbin/augenrules
  stat:
    path: /sbin/augenrules
  register: file_exists
  when: '"linux-base" in ansible_facts.packages'
  tags:
  - configure_strategy
  - file_groupownership_audit_binaries
  - low_complexity
  - low_disruption
  - medium_severity
  - no_reboot_needed

- name: Ensure group owner 0 on /sbin/augenrules
  file:
    path: /sbin/augenrules
    group: '0'
  when:
  - '"linux-base" in ansible_facts.packages'
  - file_exists.stat is defined and file_exists.stat.exists
  tags:
  - configure_strategy
  - file_groupownership_audit_binaries
  - low_complexity
  - low_disruption
  - medium_severity
  - no_reboot_needed
</fix>
        <fix xmlns:xhtml="http://www.w3.org/1999/xhtml" id="file_groupownership_audit_binaries" system="urn:xccdf:fix:script:sh" complexity="low" disruption="low" strategy="configure"># Remediation is applicable only in certain platforms
if dpkg-query --show --showformat='${db:Status-Status}
' 'linux-base' 2&gt;/dev/null | grep -q ^installed; then

chgrp 0 /sbin/auditctl
chgrp 0 /sbin/aureport
chgrp 0 /sbin/ausearch
chgrp 0 /sbin/autrace
chgrp 0 /sbin/auditd
chgrp 0 /sbin/audispd
chgrp 0 /sbin/augenrules

else
    &gt;&amp;2 echo 'Remediation is not applicable, nothing was done'
fi
</fix>
        <check system="http://oval.mitre.org/XMLSchema/oval-definitions-5">
          <check-content-ref name="oval:ssg-file_groupownership_audit_binaries:def:1" href="ssg-ubuntu2404-oval.xml"/>
        </check>
        <check system="http://scap.nist.gov/schema/ocil/2">
          <check-content-ref name="ocil:ssg-file_groupownership_audit_binaries_ocil:questionnaire:1" href="ssg-ubuntu2404-ocil.xml"/>
        </check>
      </Rule>
      <Rule id="xccdf_org.ssgproject.content_rule_file_ownership_audit_binaries" selected="false" role="full" severity="medium">
        <title xmlns:xhtml="http://www.w3.org/1999/xhtml" xml:lang="en-US">Verify that audit tools are owned by root</title>
        <description xmlns:xhtml="http://www.w3.org/1999/xhtml" xml:lang="en-US">The Ubuntu 24.04 operating system audit tools must have the proper
ownership configured to protected against unauthorized access.

Verify it by running the following command:
<html:pre xmlns:html="http://www.w3.org/1999/xhtml">$ stat -c "%n %U" /sbin/auditctl /sbin/aureport /sbin/ausearch /sbin/autrace /sbin/auditd /sbin/audispd /sbin/augenrules

/sbin/auditctl root
/sbin/aureport root
/sbin/ausearch root
/sbin/autrace root
/sbin/auditd root
/sbin/audispd root
/sbin/augenrules root
</html:pre>

Audit tools needed to successfully view and manipulate audit information
system activity and records. Audit tools include custom queries and report
generators</description>
        <reference href="https://public.cyber.mil/stigs/cci/">CCI-001493</reference>
        <reference href="https://public.cyber.mil/stigs/cci/">CCI-001494</reference>
        <reference href="https://public.cyber.mil/stigs/downloads/?_dl_facet_stigs=operating-systems%2Cgeneral-purpose-os">SRG-OS-000256-GPiOS-00097</reference>
        <reference href="https://public.cyber.mil/stigs/downloads/?_dl_facet_stigs=operating-systems%2Cgeneral-purpose-os">SRG-OS-000257-GPOS-00098</reference>
        <reference href="https://www.cisecurity.org/benchmark/ubuntu_linux/">6.2.4.9</reference>
        <rationale xmlns:xhtml="http://www.w3.org/1999/xhtml" xml:lang="en-US">Protecting audit information also includes identifying and protecting the
tools used to view and manipulate log data. Therefore, protecting audit
tools is necessary to prevent unauthorized operation on audit information.

Operating systems providing tools to interface with audit information
will leverage user permissions and roles identifying the user accessing the
tools and the corresponding rights the user enjoys to make access decisions
regarding the access to audit tools.</rationale>
        <fix xmlns:xhtml="http://www.w3.org/1999/xhtml" id="file_ownership_audit_binaries" system="urn:xccdf:fix:script:ansible" complexity="low" disruption="low" strategy="configure">- name: Gather the package facts
  package_facts:
    manager: auto
  tags:
  - configure_strategy
  - file_ownership_audit_binaries
  - low_complexity
  - low_disruption
  - medium_severity
  - no_reboot_needed

- name: Test for existence /sbin/auditctl
  stat:
    path: /sbin/auditctl
  register: file_exists
  when: '"linux-base" in ansible_facts.packages'
  tags:
  - configure_strategy
  - file_ownership_audit_binaries
  - low_complexity
  - low_disruption
  - medium_severity
  - no_reboot_needed

- name: Ensure owner 0 on /sbin/auditctl
  file:
    path: /sbin/auditctl
    owner: '0'
  when:
  - '"linux-base" in ansible_facts.packages'
  - file_exists.stat is defined and file_exists.stat.exists
  tags:
  - configure_strategy
  - file_ownership_audit_binaries
  - low_complexity
  - low_disruption
  - medium_severity
  - no_reboot_needed

- name: Test for existence /sbin/aureport
  stat:
    path: /sbin/aureport
  register: file_exists
  when: '"linux-base" in ansible_facts.packages'
  tags:
  - configure_strategy
  - file_ownership_audit_binaries
  - low_complexity
  - low_disruption
  - medium_severity
  - no_reboot_needed

- name: Ensure owner 0 on /sbin/aureport
  file:
    path: /sbin/aureport
    owner: '0'
  when:
  - '"linux-base" in ansible_facts.packages'
  - file_exists.stat is defined and file_exists.stat.exists
  tags:
  - configure_strategy
  - file_ownership_audit_binaries
  - low_complexity
  - low_disruption
  - medium_severity
  - no_reboot_needed

- name: Test for existence /sbin/ausearch
  stat:
    path: /sbin/ausearch
  register: file_exists
  when: '"linux-base" in ansible_facts.packages'
  tags:
  - configure_strategy
  - file_ownership_audit_binaries
  - low_complexity
  - low_disruption
  - medium_severity
  - no_reboot_needed

- name: Ensure owner 0 on /sbin/ausearch
  file:
    path: /sbin/ausearch
    owner: '0'
  when:
  - '"linux-base" in ansible_facts.packages'
  - file_exists.stat is defined and file_exists.stat.exists
  tags:
  - configure_strategy
  - file_ownership_audit_binaries
  - low_complexity
  - low_disruption
  - medium_severity
  - no_reboot_needed

- name: Test for existence /sbin/autrace
  stat:
    path: /sbin/autrace
  register: file_exists
  when: '"linux-base" in ansible_facts.packages'
  tags:
  - configure_strategy
  - file_ownership_audit_binaries
  - low_complexity
  - low_disruption
  - medium_severity
  - no_reboot_needed

- name: Ensure owner 0 on /sbin/autrace
  file:
    path: /sbin/autrace
    owner: '0'
  when:
  - '"linux-base" in ansible_facts.packages'
  - file_exists.stat is defined and file_exists.stat.exists
  tags:
  - configure_strategy
  - file_ownership_audit_binaries
  - low_complexity
  - low_disruption
  - medium_severity
  - no_reboot_needed

- name: Test for existence /sbin/auditd
  stat:
    path: /sbin/auditd
  register: file_exists
  when: '"linux-base" in ansible_facts.packages'
  tags:
  - configure_strategy
  - file_ownership_audit_binaries
  - low_complexity
  - low_disruption
  - medium_severity
  - no_reboot_needed

- name: Ensure owner 0 on /sbin/auditd
  file:
    path: /sbin/auditd
    owner: '0'
  when:
  - '"linux-base" in ansible_facts.packages'
  - file_exists.stat is defined and file_exists.stat.exists
  tags:
  - configure_strategy
  - file_ownership_audit_binaries
  - low_complexity
  - low_disruption
  - medium_severity
  - no_reboot_needed

- name: Test for existence /sbin/audispd
  stat:
    path: /sbin/audispd
  register: file_exists
  when: '"linux-base" in ansible_facts.packages'
  tags:
  - configure_strategy
  - file_ownership_audit_binaries
  - low_complexity
  - low_disruption
  - medium_severity
  - no_reboot_needed

- name: Ensure owner 0 on /sbin/audispd
  file:
    path: /sbin/audispd
    owner: '0'
  when:
  - '"linux-base" in ansible_facts.packages'
  - file_exists.stat is defined and file_exists.stat.exists
  tags:
  - configure_strategy
  - file_ownership_audit_binaries
  - low_complexity
  - low_disruption
  - medium_severity
  - no_reboot_needed

- name: Test for existence /sbin/augenrules
  stat:
    path: /sbin/augenrules
  register: file_exists
  when: '"linux-base" in ansible_facts.packages'
  tags:
  - configure_strategy
  - file_ownership_audit_binaries
  - low_complexity
  - low_disruption
  - medium_severity
  - no_reboot_needed

- name: Ensure owner 0 on /sbin/augenrules
  file:
    path: /sbin/augenrules
    owner: '0'
  when:
  - '"linux-base" in ansible_facts.packages'
  - file_exists.stat is defined and file_exists.stat.exists
  tags:
  - configure_strategy
  - file_ownership_audit_binaries
  - low_complexity
  - low_disruption
  - medium_severity
  - no_reboot_needed
</fix>
        <fix xmlns:xhtml="http://www.w3.org/1999/xhtml" id="file_ownership_audit_binaries" system="urn:xccdf:fix:script:sh" complexity="low" disruption="low" strategy="configure"># Remediation is applicable only in certain platforms
if dpkg-query --show --showformat='${db:Status-Status}
' 'linux-base' 2&gt;/dev/null | grep -q ^installed; then

chown 0 /sbin/auditctl
chown 0 /sbin/aureport
chown 0 /sbin/ausearch
chown 0 /sbin/autrace
chown 0 /sbin/auditd
chown 0 /sbin/audispd
chown 0 /sbin/augenrules

else
    &gt;&amp;2 echo 'Remediation is not applicable, nothing was done'
fi
</fix>
        <check system="http://oval.mitre.org/XMLSchema/oval-definitions-5">
          <check-content-ref name="oval:ssg-file_ownership_audit_binaries:def:1" href="ssg-ubuntu2404-oval.xml"/>
        </check>
        <check system="http://scap.nist.gov/schema/ocil/2">
          <check-content-ref name="ocil:ssg-file_ownership_audit_binaries_ocil:questionnaire:1" href="ssg-ubuntu2404-ocil.xml"/>
        </check>
      </Rule>
      <Rule id="xccdf_org.ssgproject.content_rule_file_permissions_audit_binaries" selected="false" role="full" severity="medium">
        <title xmlns:xhtml="http://www.w3.org/1999/xhtml" xml:lang="en-US">Verify that audit tools Have Mode 0755 or less</title>
        <description xmlns:xhtml="http://www.w3.org/1999/xhtml" xml:lang="en-US">The Ubuntu 24.04 operating system audit tools must have the proper
permissions configured to protected against unauthorized access.

Verify it by running the following command:
<html:pre xmlns:html="http://www.w3.org/1999/xhtml">$ stat -c "%n %a" /sbin/auditctl /sbin/aureport /sbin/ausearch /sbin/autrace /sbin/auditd /sbin/audispd /sbin/augenrules

/sbin/auditctl 755
/sbin/aureport 755
/sbin/ausearch 755
/sbin/autrace 755
/sbin/auditd 755
/sbin/audispd 755
/sbin/augenrules 755
</html:pre>

Audit tools needed to successfully view and manipulate audit information
system activity and records. Audit tools include custom queries and report
generators</description>
        <reference href="https://public.cyber.mil/stigs/cci/">CCI-001493</reference>
        <reference href="https://public.cyber.mil/stigs/cci/">CCI-001494</reference>
        <reference href="https://public.cyber.mil/stigs/downloads/?_dl_facet_stigs=operating-systems%2Cgeneral-purpose-os">SRG-OS-000256-GPOS-00097</reference>
        <reference href="https://public.cyber.mil/stigs/downloads/?_dl_facet_stigs=operating-systems%2Cgeneral-purpose-os">SRG-OS-000257-GPOS-00098</reference>
        <reference href="https://www.cisecurity.org/benchmark/ubuntu_linux/">6.2.4.8</reference>
        <rationale xmlns:xhtml="http://www.w3.org/1999/xhtml" xml:lang="en-US">Protecting audit information also includes identifying and protecting the
tools used to view and manipulate log data. Therefore, protecting audit
tools is necessary to prevent unauthorized operation on audit information.

Operating systems providing tools to interface with audit information
will leverage user permissions and roles identifying the user accessing the
tools and the corresponding rights the user enjoys to make access decisions
regarding the access to audit tools.</rationale>
        <fix xmlns:xhtml="http://www.w3.org/1999/xhtml" id="file_permissions_audit_binaries" system="urn:xccdf:fix:script:ansible" complexity="low" disruption="low" strategy="configure">- name: Gather the package facts
  package_facts:
    manager: auto
  tags:
  - configure_strategy
  - file_permissions_audit_binaries
  - low_complexity
  - low_disruption
  - medium_severity
  - no_reboot_needed

- name: Test for existence /sbin/auditctl
  stat:
    path: /sbin/auditctl
  register: file_exists
  when: '"linux-base" in ansible_facts.packages'
  tags:
  - configure_strategy
  - file_permissions_audit_binaries
  - low_complexity
  - low_disruption
  - medium_severity
  - no_reboot_needed

- name: Ensure permission u-s,g-ws,o-wt on /sbin/auditctl
  file:
    path: /sbin/auditctl
    mode: u-s,g-ws,o-wt
  when:
  - '"linux-base" in ansible_facts.packages'
  - file_exists.stat is defined and file_exists.stat.exists
  tags:
  - configure_strategy
  - file_permissions_audit_binaries
  - low_complexity
  - low_disruption
  - medium_severity
  - no_reboot_needed

- name: Test for existence /sbin/aureport
  stat:
    path: /sbin/aureport
  register: file_exists
  when: '"linux-base" in ansible_facts.packages'
  tags:
  - configure_strategy
  - file_permissions_audit_binaries
  - low_complexity
  - low_disruption
  - medium_severity
  - no_reboot_needed

- name: Ensure permission u-s,g-ws,o-wt on /sbin/aureport
  file:
    path: /sbin/aureport
    mode: u-s,g-ws,o-wt
  when:
  - '"linux-base" in ansible_facts.packages'
  - file_exists.stat is defined and file_exists.stat.exists
  tags:
  - configure_strategy
  - file_permissions_audit_binaries
  - low_complexity
  - low_disruption
  - medium_severity
  - no_reboot_needed

- name: Test for existence /sbin/ausearch
  stat:
    path: /sbin/ausearch
  register: file_exists
  when: '"linux-base" in ansible_facts.packages'
  tags:
  - configure_strategy
  - file_permissions_audit_binaries
  - low_complexity
  - low_disruption
  - medium_severity
  - no_reboot_needed

- name: Ensure permission u-s,g-ws,o-wt on /sbin/ausearch
  file:
    path: /sbin/ausearch
    mode: u-s,g-ws,o-wt
  when:
  - '"linux-base" in ansible_facts.packages'
  - file_exists.stat is defined and file_exists.stat.exists
  tags:
  - configure_strategy
  - file_permissions_audit_binaries
  - low_complexity
  - low_disruption
  - medium_severity
  - no_reboot_needed

- name: Test for existence /sbin/autrace
  stat:
    path: /sbin/autrace
  register: file_exists
  when: '"linux-base" in ansible_facts.packages'
  tags:
  - configure_strategy
  - file_permissions_audit_binaries
  - low_complexity
  - low_disruption
  - medium_severity
  - no_reboot_needed

- name: Ensure permission u-s,g-ws,o-wt on /sbin/autrace
  file:
    path: /sbin/autrace
    mode: u-s,g-ws,o-wt
  when:
  - '"linux-base" in ansible_facts.packages'
  - file_exists.stat is defined and file_exists.stat.exists
  tags:
  - configure_strategy
  - file_permissions_audit_binaries
  - low_complexity
  - low_disruption
  - medium_severity
  - no_reboot_needed

- name: Test for existence /sbin/auditd
  stat:
    path: /sbin/auditd
  register: file_exists
  when: '"linux-base" in ansible_facts.packages'
  tags:
  - configure_strategy
  - file_permissions_audit_binaries
  - low_complexity
  - low_disruption
  - medium_severity
  - no_reboot_needed

- name: Ensure permission u-s,g-ws,o-wt on /sbin/auditd
  file:
    path: /sbin/auditd
    mode: u-s,g-ws,o-wt
  when:
  - '"linux-base" in ansible_facts.packages'
  - file_exists.stat is defined and file_exists.stat.exists
  tags:
  - configure_strategy
  - file_permissions_audit_binaries
  - low_complexity
  - low_disruption
  - medium_severity
  - no_reboot_needed

- name: Test for existence /sbin/audispd
  stat:
    path: /sbin/audispd
  register: file_exists
  when: '"linux-base" in ansible_facts.packages'
  tags:
  - configure_strategy
  - file_permissions_audit_binaries
  - low_complexity
  - low_disruption
  - medium_severity
  - no_reboot_needed

- name: Ensure permission u-s,g-ws,o-wt on /sbin/audispd
  file:
    path: /sbin/audispd
    mode: u-s,g-ws,o-wt
  when:
  - '"linux-base" in ansible_facts.packages'
  - file_exists.stat is defined and file_exists.stat.exists
  tags:
  - configure_strategy
  - file_permissions_audit_binaries
  - low_complexity
  - low_disruption
  - medium_severity
  - no_reboot_needed

- name: Test for existence /sbin/augenrules
  stat:
    path: /sbin/augenrules
  register: file_exists
  when: '"linux-base" in ansible_facts.packages'
  tags:
  - configure_strategy
  - file_permissions_audit_binaries
  - low_complexity
  - low_disruption
  - medium_severity
  - no_reboot_needed

- name: Ensure permission u-s,g-ws,o-wt on /sbin/augenrules
  file:
    path: /sbin/augenrules
    mode: u-s,g-ws,o-wt
  when:
  - '"linux-base" in ansible_facts.packages'
  - file_exists.stat is defined and file_exists.stat.exists
  tags:
  - configure_strategy
  - file_permissions_audit_binaries
  - low_complexity
  - low_disruption
  - medium_severity
  - no_reboot_needed
</fix>
        <fix xmlns:xhtml="http://www.w3.org/1999/xhtml" id="file_permissions_audit_binaries" system="urn:xccdf:fix:script:sh" complexity="low" disruption="low" strategy="configure"># Remediation is applicable only in certain platforms
if dpkg-query --show --showformat='${db:Status-Status}
' 'linux-base' 2&gt;/dev/null | grep -q ^installed; then

chmod u-s,g-ws,o-wt /sbin/auditctl

chmod u-s,g-ws,o-wt /sbin/aureport

chmod u-s,g-ws,o-wt /sbin/ausearch

chmod u-s,g-ws,o-wt /sbin/autrace

chmod u-s,g-ws,o-wt /sbin/auditd

chmod u-s,g-ws,o-wt /sbin/audispd

chmod u-s,g-ws,o-wt /sbin/augenrules

else
    &gt;&amp;2 echo 'Remediation is not applicable, nothing was done'
fi
</fix>
        <check system="http://oval.mitre.org/XMLSchema/oval-definitions-5">
          <check-content-ref name="oval:ssg-file_permissions_audit_binaries:def:1" href="ssg-ubuntu2404-oval.xml"/>
        </check>
        <check system="http://scap.nist.gov/schema/ocil/2">
          <check-content-ref name="ocil:ssg-file_permissions_audit_binaries_ocil:questionnaire:1" href="ssg-ubuntu2404-ocil.xml"/>
        </check>
      </Rule>
      <Rule id="xccdf_org.ssgproject.content_rule_file_permissions_etc_audit_auditd" selected="false" role="full" severity="medium">
        <title xmlns:xhtml="http://www.w3.org/1999/xhtml" xml:lang="en-US">Verify Permissions on /etc/audit/auditd.conf</title>
        <description xmlns:xhtml="http://www.w3.org/1999/xhtml" xml:lang="en-US">
To properly set the permissions of <html:code xmlns:html="http://www.w3.org/1999/xhtml">/etc/audit/auditd.conf</html:code>, run the command:
<html:pre xmlns:html="http://www.w3.org/1999/xhtml">$ sudo chmod 0640 /etc/audit/auditd.conf</html:pre>
      </description>
        <reference href="https://public.cyber.mil/stigs/cci/">CCI-000171</reference>
        <reference href="http://nvlpubs.nist.gov/nistpubs/SpecialPublications/NIST.SP.800-53r4.pdf">AU-12(b)</reference>
        <reference href="https://public.cyber.mil/stigs/downloads/?_dl_facet_stigs=operating-systems%2Cgeneral-purpose-os">SRG-OS-000063-GPOS-00032</reference>
        <reference href="https://www.cisecurity.org/benchmark/ubuntu_linux/">6.2.4.5</reference>
        <rationale xmlns:xhtml="http://www.w3.org/1999/xhtml" xml:lang="en-US">Without the capability to restrict the roles and individuals that can select which events
are audited, unauthorized personnel may be able to prevent the auditing of critical
events. Misconfigured audits may degrade the system's performance by overwhelming
the audit log. Misconfigured audits may also make it more difficult to establish,
correlate, and investigate the events relating to an incident or identify
those responsible for one.</rationale>
        <fix xmlns:xhtml="http://www.w3.org/1999/xhtml" id="file_permissions_etc_audit_auditd" system="urn:xccdf:fix:script:ansible" complexity="low" disruption="low" strategy="configure">- name: Gather the package facts
  package_facts:
    manager: auto
  tags:
  - NIST-800-53-AU-12(b)
  - configure_strategy
  - file_permissions_etc_audit_auditd
  - low_complexity
  - low_disruption
  - medium_severity
  - no_reboot_needed

- name: Test for existence /etc/audit/auditd.conf
  stat:
    path: /etc/audit/auditd.conf
  register: file_exists
  when: '"linux-base" in ansible_facts.packages'
  tags:
  - NIST-800-53-AU-12(b)
  - configure_strategy
  - file_permissions_etc_audit_auditd
  - low_complexity
  - low_disruption
  - medium_severity
  - no_reboot_needed

- name: Ensure permission u-xs,g-xws,o-xwrt on /etc/audit/auditd.conf
  file:
    path: /etc/audit/auditd.conf
    mode: u-xs,g-xws,o-xwrt
  when:
  - '"linux-base" in ansible_facts.packages'
  - file_exists.stat is defined and file_exists.stat.exists
  tags:
  - NIST-800-53-AU-12(b)
  - configure_strategy
  - file_permissions_etc_audit_auditd
  - low_complexity
  - low_disruption
  - medium_severity
  - no_reboot_needed
</fix>
        <fix xmlns:xhtml="http://www.w3.org/1999/xhtml" id="file_permissions_etc_audit_auditd" system="urn:xccdf:fix:script:sh" complexity="low" disruption="low" strategy="configure"># Remediation is applicable only in certain platforms
if dpkg-query --show --showformat='${db:Status-Status}
' 'linux-base' 2&gt;/dev/null | grep -q ^installed; then

chmod u-xs,g-xws,o-xwrt /etc/audit/auditd.conf

else
    &gt;&amp;2 echo 'Remediation is not applicable, nothing was done'
fi
</fix>
        <check system="http://oval.mitre.org/XMLSchema/oval-definitions-5">
          <check-content-ref name="oval:ssg-file_permissions_etc_audit_auditd:def:1" href="ssg-ubuntu2404-oval.xml"/>
        </check>
        <check system="http://scap.nist.gov/schema/ocil/2">
          <check-content-ref name="ocil:ssg-file_permissions_etc_audit_auditd_ocil:questionnaire:1" href="ssg-ubuntu2404-ocil.xml"/>
        </check>
      </Rule>
      <Rule id="xccdf_org.ssgproject.content_rule_file_permissions_etc_audit_rules" selected="false" role="full" severity="medium">
        <title xmlns:xhtml="http://www.w3.org/1999/xhtml" xml:lang="en-US">Verify Permissions on /etc/audit/audit.rules</title>
        <description xmlns:xhtml="http://www.w3.org/1999/xhtml" xml:lang="en-US">
To properly set the permissions of <html:code xmlns:html="http://www.w3.org/1999/xhtml">/etc/audit/audit.rules</html:code>, run the command:
<html:pre xmlns:html="http://www.w3.org/1999/xhtml">$ sudo chmod 0640 /etc/audit/audit.rules</html:pre>
      </description>
        <reference href="https://www.cisecurity.org/benchmark/ubuntu_linux/">6.2.4.5</reference>
        <rationale xmlns:xhtml="http://www.w3.org/1999/xhtml" xml:lang="en-US">Without the capability to restrict the roles and individuals that can select which events
are audited, unauthorized personnel may be able to prevent the auditing of critical
events. Misconfigured audits may degrade the system's performance by overwhelming
the audit log. Misconfigured audits may also make it more difficult to establish,
correlate, and investigate the events relating to an incident or identify
those responsible for one.</rationale>
        <fix xmlns:xhtml="http://www.w3.org/1999/xhtml" id="file_permissions_etc_audit_rules" system="urn:xccdf:fix:script:ansible" complexity="low" disruption="low" strategy="configure">- name: Gather the package facts
  package_facts:
    manager: auto
  tags:
  - configure_strategy
  - file_permissions_etc_audit_rules
  - low_complexity
  - low_disruption
  - medium_severity
  - no_reboot_needed

- name: Test for existence /etc/audit/audit.rules
  stat:
    path: /etc/audit/audit.rules
  register: file_exists
  when: '"linux-base" in ansible_facts.packages'
  tags:
  - configure_strategy
  - file_permissions_etc_audit_rules
  - low_complexity
  - low_disruption
  - medium_severity
  - no_reboot_needed

- name: Ensure permission u-xs,g-xws,o-xwrt on /etc/audit/audit.rules
  file:
    path: /etc/audit/audit.rules
    mode: u-xs,g-xws,o-xwrt
  when:
  - '"linux-base" in ansible_facts.packages'
  - file_exists.stat is defined and file_exists.stat.exists
  tags:
  - configure_strategy
  - file_permissions_etc_audit_rules
  - low_complexity
  - low_disruption
  - medium_severity
  - no_reboot_needed
</fix>
        <fix xmlns:xhtml="http://www.w3.org/1999/xhtml" id="file_permissions_etc_audit_rules" system="urn:xccdf:fix:script:sh" complexity="low" disruption="low" strategy="configure"># Remediation is applicable only in certain platforms
if dpkg-query --show --showformat='${db:Status-Status}
' 'linux-base' 2&gt;/dev/null | grep -q ^installed; then

chmod u-xs,g-xws,o-xwrt /etc/audit/audit.rules

else
    &gt;&amp;2 echo 'Remediation is not applicable, nothing was done'
fi
</fix>
        <check system="http://oval.mitre.org/XMLSchema/oval-definitions-5">
          <check-content-ref name="oval:ssg-file_permissions_etc_audit_rules:def:1" href="ssg-ubuntu2404-oval.xml"/>
        </check>
        <check system="http://scap.nist.gov/schema/ocil/2">
          <check-content-ref name="ocil:ssg-file_permissions_etc_audit_rules_ocil:questionnaire:1" href="ssg-ubuntu2404-ocil.xml"/>
        </check>
      </Rule>
      <Rule id="xccdf_org.ssgproject.content_rule_file_permissions_etc_audit_rulesd" selected="false" role="full" severity="medium">
        <title xmlns:xhtml="http://www.w3.org/1999/xhtml" xml:lang="en-US">Verify Permissions on /etc/audit/rules.d/*.rules</title>
        <description xmlns:xhtml="http://www.w3.org/1999/xhtml" xml:lang="en-US">
To properly set the permissions of <html:code xmlns:html="http://www.w3.org/1999/xhtml">/etc/audit/rules.d/*.rules</html:code>, run the command:
<html:pre xmlns:html="http://www.w3.org/1999/xhtml">$ sudo chmod 0600 /etc/audit/rules.d/*.rules</html:pre>
      </description>
        <reference href="https://public.cyber.mil/stigs/cci/">CCI-000171</reference>
        <reference href="http://nvlpubs.nist.gov/nistpubs/SpecialPublications/NIST.SP.800-53r4.pdf">AU-12(b)</reference>
        <reference href="https://public.cyber.mil/stigs/downloads/?_dl_facet_stigs=operating-systems%2Cgeneral-purpose-os">SRG-OS-000063-GPOS-00032</reference>
        <reference href="https://www.cisecurity.org/benchmark/ubuntu_linux/">6.2.4.5</reference>
        <rationale xmlns:xhtml="http://www.w3.org/1999/xhtml" xml:lang="en-US">Without the capability to restrict the roles and individuals that can select which events
are audited, unauthorized personnel may be able to prevent the auditing of critical
events. Misconfigured audits may degrade the system's performance by overwhelming
the audit log. Misconfigured audits may also make it more difficult to establish,
correlate, and investigate the events relating to an incident or identify
those responsible for one.</rationale>
        <fix xmlns:xhtml="http://www.w3.org/1999/xhtml" id="file_permissions_etc_audit_rulesd" system="urn:xccdf:fix:script:ansible" complexity="low" disruption="low" strategy="configure">- name: Gather the package facts
  package_facts:
    manager: auto
  tags:
  - NIST-800-53-AU-12(b)
  - configure_strategy
  - file_permissions_etc_audit_rulesd
  - low_complexity
  - low_disruption
  - medium_severity
  - no_reboot_needed

- name: Find /etc/audit/rules.d/ file(s)
  command: find -H /etc/audit/rules.d/ -maxdepth 1 -perm /u+xs,g+xwrs,o+xwrt  -type
    f -regextype posix-extended -regex "^.*rules$"
  register: files_found
  changed_when: false
  failed_when: false
  check_mode: false
  when: '"linux-base" in ansible_facts.packages'
  tags:
  - NIST-800-53-AU-12(b)
  - configure_strategy
  - file_permissions_etc_audit_rulesd
  - low_complexity
  - low_disruption
  - medium_severity
  - no_reboot_needed

- name: Set permissions for /etc/audit/rules.d/ file(s)
  file:
    path: '{{ item }}'
    mode: u-xs,g-xwrs,o-xwrt
    state: file
  with_items:
  - '{{ files_found.stdout_lines }}'
  when: '"linux-base" in ansible_facts.packages'
  tags:
  - NIST-800-53-AU-12(b)
  - configure_strategy
  - file_permissions_etc_audit_rulesd
  - low_complexity
  - low_disruption
  - medium_severity
  - no_reboot_needed
</fix>
        <fix xmlns:xhtml="http://www.w3.org/1999/xhtml" id="file_permissions_etc_audit_rulesd" system="urn:xccdf:fix:script:sh" complexity="low" disruption="low" strategy="configure"># Remediation is applicable only in certain platforms
if dpkg-query --show --showformat='${db:Status-Status}
' 'linux-base' 2&gt;/dev/null | grep -q ^installed; then

find -L /etc/audit/rules.d/ -maxdepth 1 -perm /u+xs,g+xwrs,o+xwrt  -type f -regextype posix-extended -regex '^.*rules$' -exec chmod u-xs,g-xwrs,o-xwrt {} \;

else
    &gt;&amp;2 echo 'Remediation is not applicable, nothing was done'
fi
</fix>
        <check system="http://oval.mitre.org/XMLSchema/oval-definitions-5">
          <check-content-ref name="oval:ssg-file_permissions_etc_audit_rulesd:def:1" href="ssg-ubuntu2404-oval.xml"/>
        </check>
        <check system="http://scap.nist.gov/schema/ocil/2">
          <check-content-ref name="ocil:ssg-file_permissions_etc_audit_rulesd_ocil:questionnaire:1" href="ssg-ubuntu2404-ocil.xml"/>
        </check>
      </Rule>
    </Group>
  </Group>
  <TestResult id="xccdf_org.open-scap_testresult_xccdf_org.ssgproject.content_profile_cis_level1_workstation" start-time="2026-05-22T23:14:39+05:30" end-time="2026-05-22T23:15:30+05:30" version="0.1.76" test-system="cpe:/a:redhat:openscap:1.3.9">
    <benchmark href="/home/pranjal-garg/Downloads/scap-security-guide-0.1.76/ssg-ubuntu2404-ds.xml" id="xccdf_org.ssgproject.content_benchmark_UBUNTU_24-04"/>
    <title>OSCAP Scan Result</title>
    <identity authenticated="false" privileged="false">pranjal-garg</identity>
    <profile idref="xccdf_org.ssgproject.content_profile_cis_level1_workstation"/>
    <target>pranjal-garg-VirtualBox</target>
    <target-address>127.0.0.1</target-address>
    <target-address>10.0.2.15</target-address>
    <target-address>0:0:0:0:0:0:0:1</target-address>
    <target-address>fe80:0:0:0:a00:27ff:fe2c:708f</target-address>
    <target-facts>
      <fact name="urn:xccdf:fact:scanner:name" type="string">OpenSCAP</fact>
      <fact name="urn:xccdf:fact:scanner:version" type="string">1.3.9</fact>
      <fact name="urn:xccdf:fact:asset:identifier:fqdn" type="string">pranjal-garg-VirtualBox</fact>
      <fact name="urn:xccdf:fact:asset:identifier:host_name" type="string">pranjal-garg-VirtualBox</fact>
      <fact name="urn:xccdf:fact:ethernet:MAC" type="string">00:00:00:00:00:00</fact>
      <fact name="urn:xccdf:fact:asset:identifier:mac" type="string">00:00:00:00:00:00</fact>
      <fact name="urn:xccdf:fact:ethernet:MAC" type="string">08:00:27:2C:70:8F</fact>
      <fact name="urn:xccdf:fact:asset:identifier:mac" type="string">08:00:27:2C:70:8F</fact>
      <fact name="urn:xccdf:fact:asset:identifier:ipv4" type="string">127.0.0.1</fact>
      <fact name="urn:xccdf:fact:asset:identifier:ipv4" type="string">10.0.2.15</fact>
      <fact name="urn:xccdf:fact:asset:identifier:ipv6" type="string">::1</fact>
      <fact name="urn:xccdf:fact:asset:identifier:ipv6" type="string">fe80::a00:27ff:fe2c:708f</fact>
    </target-facts>
    <platform idref="#package_sudo"/>
    <platform idref="#system_with_kernel"/>
    <platform idref="#package_postfix"/>
    <platform idref="#package_systemd"/>
    <platform idref="#package_systemd-timesyncd"/>
    <platform idref="#package_shadow-utils"/>
    <platform idref="#grub2_and_system_with_kernel"/>
    <platform idref="#package_pam"/>
    <platform idref="#not_container"/>
    <platform idref="#machine_and_package_apparmor"/>
    <platform idref="#package_gdm"/>
    <platform idref="#not_package_chrony_and_not_package_ntp"/>
    <platform idref="#package_apport"/>
    <platform idref="#package_bash"/>
    <platform idref="cpe:/o:canonical:ubuntu_linux:24.04::~~lts~~~"/>
    <platform idref="#package_nftables_and_service_disabled_firewalld"/>
    <platform idref="#package_nftables_and_service_disabled_firewalld_and_service_disabled_ufw"/>
    <platform idref="#package_pam_and_system_with_kernel"/>
    <platform idref="#package_nftables_and_service_disabled_firewalld_and_system_with_kernel"/>
    <platform idref="#machine"/>
    <platform idref="#package_iptables"/>
    <platform idref="#ipv6_enabled"/>
    <platform idref="#uefi"/>
    <platform idref="#package_aide_and_package_systemd"/>
    <platform idref="#package_nftables"/>
    <set-value idref="xccdf_org.ssgproject.content_value_inactivity_timeout_value">900</set-value>
    <set-value idref="xccdf_org.ssgproject.content_value_var_screensaver_lock_delay">5</set-value>
    <set-value idref="xccdf_org.ssgproject.content_value_var_sudo_logfile">/var/log/sudo.log</set-value>
    <set-value idref="xccdf_org.ssgproject.content_value_var_sudo_timestamp_timeout">15</set-value>
    <set-value idref="xccdf_org.ssgproject.content_value_cis_banner_text">Authorized users only. All activity may be monitored and reported.</set-value>
    <set-value idref="xccdf_org.ssgproject.content_value_login_banner_text">^Authorized[\s\n]+users[\s\n]+only\.[\s\n]+All[\s\n]+activity[\s\n]+may[\s\n]+be[\s\n]+monitored[\s\n]+and[\s\n]+reported\.$</set-value>
    <set-value idref="xccdf_org.ssgproject.content_value_var_password_hashing_algorithm">SHA512|YESCRYPT</set-value>
    <set-value idref="xccdf_org.ssgproject.content_value_var_password_hashing_algorithm_pam">yescrypt</set-value>
    <set-value idref="xccdf_org.ssgproject.content_value_var_accounts_passwords_pam_faillock_deny">4</set-value>
    <set-value idref="xccdf_org.ssgproject.content_value_var_accounts_passwords_pam_faillock_dir">/var/log/faillock</set-value>
    <set-value idref="xccdf_org.ssgproject.content_value_var_accounts_passwords_pam_faillock_unlock_time">900</set-value>
    <set-value idref="xccdf_org.ssgproject.content_value_var_password_pam_remember">24</set-value>
    <set-value idref="xccdf_org.ssgproject.content_value_var_password_pam_dcredit">-1</set-value>
    <set-value idref="xccdf_org.ssgproject.content_value_var_password_pam_dictcheck">1</set-value>
    <set-value idref="xccdf_org.ssgproject.content_value_var_password_pam_difok">2</set-value>
    <set-value idref="xccdf_org.ssgproject.content_value_var_password_pam_enforcing">1</set-value>
    <set-value idref="xccdf_org.ssgproject.content_value_var_password_pam_lcredit">-1</set-value>
    <set-value idref="xccdf_org.ssgproject.content_value_var_password_pam_maxrepeat">3</set-value>
    <set-value idref="xccdf_org.ssgproject.content_value_var_password_pam_maxsequence">3</set-value>
    <set-value idref="xccdf_org.ssgproject.content_value_var_password_pam_minclass">4</set-value>
    <set-value idref="xccdf_org.ssgproject.content_value_var_password_pam_minlen">14</set-value>
    <set-value idref="xccdf_org.ssgproject.content_value_var_password_pam_ocredit">-1</set-value>
    <set-value idref="xccdf_org.ssgproject.content_value_var_password_pam_ucredit">-1</set-value>
    <set-value idref="xccdf_org.ssgproject.content_value_var_account_disable_post_pw_expiration">45</set-value>
    <set-value idref="xccdf_org.ssgproject.content_value_var_accounts_maximum_age_login_defs">365</set-value>
    <set-value idref="xccdf_org.ssgproject.content_value_var_accounts_minimum_age_login_defs">7</set-value>
    <set-value idref="xccdf_org.ssgproject.content_value_var_accounts_password_warn_age_login_defs">7</set-value>
    <set-value idref="xccdf_org.ssgproject.content_value_var_pam_wheel_group_for_su">sugroup</set-value>
    <set-value idref="xccdf_org.ssgproject.content_value_var_accounts_tmout">900</set-value>
    <set-value idref="xccdf_org.ssgproject.content_value_var_user_initialization_files_regex">^\.[\w\- ]+$</set-value>
    <set-value idref="xccdf_org.ssgproject.content_value_var_accounts_user_umask">027</set-value>
    <set-value idref="xccdf_org.ssgproject.content_value_var_apparmor_mode">enforce</set-value>
    <set-value idref="xccdf_org.ssgproject.content_value_var_journal_upload_server_certificate_file">/etc/pki/systemd/certs/journal-upload.pem</set-value>
    <set-value idref="xccdf_org.ssgproject.content_value_var_journal_upload_server_key_file">/etc/pki/systemd/private/journal-upload.pem</set-value>
    <set-value idref="xccdf_org.ssgproject.content_value_var_journal_upload_server_trusted_certificate_file">/etc/pki/systemd/ca/trusted.pem</set-value>
    <set-value idref="xccdf_org.ssgproject.content_value_var_journal_upload_url">remotelogserver</set-value>
    <set-value idref="xccdf_org.ssgproject.content_value_rsyslog_remote_loghost_address">logcollector</set-value>
    <set-value idref="xccdf_org.ssgproject.content_value_var_network_filtering_service">nftables</set-value>
    <set-value idref="xccdf_org.ssgproject.content_value_sysctl_net_ipv6_conf_all_accept_ra_value">0</set-value>
    <set-value idref="xccdf_org.ssgproject.content_value_sysctl_net_ipv6_conf_all_accept_redirects_value">0</set-value>
    <set-value idref="xccdf_org.ssgproject.content_value_sysctl_net_ipv6_conf_all_accept_source_route_value">0</set-value>
    <set-value idref="xccdf_org.ssgproject.content_value_sysctl_net_ipv6_conf_all_forwarding_value">0</set-value>
    <set-value idref="xccdf_org.ssgproject.content_value_sysctl_net_ipv6_conf_default_accept_ra_value">0</set-value>
    <set-value idref="xccdf_org.ssgproject.content_value_sysctl_net_ipv6_conf_default_accept_redirects_value">0</set-value>
    <set-value idref="xccdf_org.ssgproject.content_value_sysctl_net_ipv6_conf_default_accept_source_route_value">0</set-value>
    <set-value idref="xccdf_org.ssgproject.content_value_sysctl_net_ipv4_conf_all_accept_redirects_value">0</set-value>
    <set-value idref="xccdf_org.ssgproject.content_value_sysctl_net_ipv4_conf_all_accept_source_route_value">0</set-value>
    <set-value idref="xccdf_org.ssgproject.content_value_sysctl_net_ipv4_conf_all_log_martians_value">1</set-value>
    <set-value idref="xccdf_org.ssgproject.content_value_sysctl_net_ipv4_conf_all_rp_filter_value">1</set-value>
    <set-value idref="xccdf_org.ssgproject.content_value_sysctl_net_ipv4_conf_all_secure_redirects_value">0</set-value>
    <set-value idref="xccdf_org.ssgproject.content_value_sysctl_net_ipv4_conf_default_accept_redirects_value">0</set-value>
    <set-value idref="xccdf_org.ssgproject.content_value_sysctl_net_ipv4_conf_default_accept_source_route_value">0</set-value>
    <set-value idref="xccdf_org.ssgproject.content_value_sysctl_net_ipv4_conf_default_log_martians_value">1</set-value>
    <set-value idref="xccdf_org.ssgproject.content_value_sysctl_net_ipv4_conf_default_rp_filter_value">1</set-value>
    <set-value idref="xccdf_org.ssgproject.content_value_sysctl_net_ipv4_conf_default_secure_redirects_value">0</set-value>
    <set-value idref="xccdf_org.ssgproject.content_value_sysctl_net_ipv4_icmp_echo_ignore_broadcasts_value">1</set-value>
    <set-value idref="xccdf_org.ssgproject.content_value_sysctl_net_ipv4_icmp_ignore_bogus_error_responses_value">1</set-value>
    <set-value idref="xccdf_org.ssgproject.content_value_sysctl_net_ipv4_tcp_syncookies_value">1</set-value>
    <set-value idref="xccdf_org.ssgproject.content_value_var_nftables_base_chain_hooks">input,forward,output</set-value>
    <set-value idref="xccdf_org.ssgproject.content_value_var_nftables_base_chain_names">input,forward,output</set-value>
    <set-value idref="xccdf_org.ssgproject.content_value_var_nftables_base_chain_policies">accept,accept,accept</set-value>
    <set-value idref="xccdf_org.ssgproject.content_value_var_nftables_base_chain_priorities">0,0,0</set-value>
    <set-value idref="xccdf_org.ssgproject.content_value_var_nftables_base_chain_types">filter,filter,filter</set-value>
    <set-value idref="xccdf_org.ssgproject.content_value_var_nftables_family">inet</set-value>
    <set-value idref="xccdf_org.ssgproject.content_value_var_nftables_master_config_file">/etc/sysconfig/nftables.conf</set-value>
    <set-value idref="xccdf_org.ssgproject.content_value_var_nftables_table">filter</set-value>
    <set-value idref="xccdf_org.ssgproject.content_value_sysctl_kernel_yama_ptrace_scope_value">1</set-value>
    <set-value idref="xccdf_org.ssgproject.content_value_var_postfix_inet_interfaces">loopback-only</set-value>
    <set-value idref="xccdf_org.ssgproject.content_value_var_multiple_time_pools">0.ubuntu.pool.ntp.org,1.ubuntu.pool.ntp.org,2.ubuntu.pool.ntp.org,3.ubuntu.pool.ntp.org</set-value>
    <set-value idref="xccdf_org.ssgproject.content_value_var_multiple_time_servers">0.ubuntu.pool.ntp.org,1.ubuntu.pool.ntp.org,2.ubuntu.pool.ntp.org,3.ubuntu.pool.ntp.org</set-value>
    <set-value idref="xccdf_org.ssgproject.content_value_var_timesync_service">systemd-timesyncd</set-value>
    <set-value idref="xccdf_org.ssgproject.content_value_sshd_idle_timeout_value">300</set-value>
    <set-value idref="xccdf_org.ssgproject.content_value_sshd_max_auth_tries_value">4</set-value>
    <set-value idref="xccdf_org.ssgproject.content_value_sshd_required">0</set-value>
    <set-value idref="xccdf_org.ssgproject.content_value_sshd_strong_kex">sntrup761x25519-sha512@openssh.com,curve25519-sha256,curve25519-sha256@libssh.org,ecdh-sha2-nistp256,ecdh-sha2-nistp384,ecdh-sha2-nistp521,diffie-hellman-group-exchange-sha256,diffie-hellman-group16-sha512,diffie-hellman-group18-sha512,diffie-hellman-group14-sha256</set-value>
    <set-value idref="xccdf_org.ssgproject.content_value_sshd_strong_macs">hmac-sha2-512-etm@openssh.com,hmac-sha2-256-etm@openssh.com,hmac-sha2-512,hmac-sha2-256</set-value>
    <set-value idref="xccdf_org.ssgproject.content_value_var_sshd_max_sessions">10</set-value>
    <set-value idref="xccdf_org.ssgproject.content_value_var_sshd_set_keepalive">3</set-value>
    <set-value idref="xccdf_org.ssgproject.content_value_var_sshd_set_login_grace_time">60</set-value>
    <set-value idref="xccdf_org.ssgproject.content_value_var_sshd_set_maxstartups">10:30:60</set-value>
    <set-value idref="xccdf_org.ssgproject.content_value_var_auditd_action_mail_acct">root</set-value>
    <set-value idref="xccdf_org.ssgproject.content_value_var_auditd_admin_space_left_action">single</set-value>
    <set-value idref="xccdf_org.ssgproject.content_value_var_auditd_disk_error_action">single</set-value>
    <set-value idref="xccdf_org.ssgproject.content_value_var_auditd_disk_full_action">single</set-value>
    <set-value idref="xccdf_org.ssgproject.content_value_var_auditd_max_log_file">6</set-value>
    <set-value idref="xccdf_org.ssgproject.content_value_var_auditd_max_log_file_action">rotate</set-value>
    <set-value idref="xccdf_org.ssgproject.content_value_var_auditd_space_left_action">email</set-value>
    <rule-result idref="xccdf_org.ssgproject.content_rule_package_prelink_removed" role="full" time="2026-05-22T23:14:39+05:30" severity="medium" weight="1.000000">
      <result>pass</result>
      <check system="http://oval.mitre.org/XMLSchema/oval-definitions-5">
        <check-content-ref name="oval:ssg-package_prelink_removed:def:1" href="ssg-ubuntu2404-oval.xml"/>
      </check>
    </rule-result>
    <rule-result idref="xccdf_org.ssgproject.content_rule_package_aide_installed" role="full" time="2026-05-22T23:14:39+05:30" severity="medium" weight="1.000000">
      <result>pass</result>
      <check system="http://oval.mitre.org/XMLSchema/oval-definitions-5">
        <check-content-ref name="oval:ssg-package_aide_installed:def:1" href="ssg-ubuntu2404-oval.xml"/>
      </check>
    </rule-result>
    <rule-result idref="xccdf_org.ssgproject.content_rule_aide_build_database" role="full" time="2026-05-22T23:14:39+05:30" severity="medium" weight="1.000000">
      <result>pass</result>
      <check system="http://oval.mitre.org/XMLSchema/oval-definitions-5">
        <check-content-ref name="oval:ssg-aide_build_database:def:1" href="ssg-ubuntu2404-oval.xml"/>
      </check>
    </rule-result>
    <rule-result idref="xccdf_org.ssgproject.content_rule_aide_check_audit_tools" role="full" time="2026-05-22T23:14:39+05:30" severity="medium" weight="1.000000">
      <result>notselected</result>
    </rule-result>
    <rule-result idref="xccdf_org.ssgproject.content_rule_aide_periodic_checking_systemd_timer" role="full" time="2026-05-22T23:14:41+05:30" severity="medium" weight="1.000000">
      <result>pass</result>
      <check system="http://oval.mitre.org/XMLSchema/oval-definitions-5">
        <check-content-ref name="oval:ssg-aide_periodic_checking_systemd_timer:def:1" href="ssg-ubuntu2404-oval.xml"/>
      </check>
    </rule-result>
    <rule-result idref="xccdf_org.ssgproject.content_rule_partition_for_dev_shm" role="full" time="2026-05-22T23:14:41+05:30" severity="low" weight="1.000000">
      <result>pass</result>
      <check system="http://oval.mitre.org/XMLSchema/oval-definitions-5">
        <check-content-ref name="oval:ssg-partition_for_dev_shm:def:1" href="ssg-ubuntu2404-oval.xml"/>
      </check>
    </rule-result>
    <rule-result idref="xccdf_org.ssgproject.content_rule_partition_for_home" role="full" time="2026-05-22T23:14:41+05:30" severity="low" weight="1.000000">
      <result>notselected</result>
    </rule-result>
    <rule-result idref="xccdf_org.ssgproject.content_rule_partition_for_tmp" role="full" time="2026-05-22T23:14:41+05:30" severity="low" weight="1.000000">
      <result>fail</result>
      <check system="http://oval.mitre.org/XMLSchema/oval-definitions-5">
        <check-content-ref name="oval:ssg-partition_for_tmp:def:1" href="ssg-ubuntu2404-oval.xml"/>
      </check>
    </rule-result>
    <rule-result idref="xccdf_org.ssgproject.content_rule_partition_for_var" role="full" time="2026-05-22T23:14:41+05:30" severity="low" weight="1.000000">
      <result>notselected</result>
    </rule-result>
    <rule-result idref="xccdf_org.ssgproject.content_rule_partition_for_var_log" role="full" time="2026-05-22T23:14:41+05:30" severity="low" weight="1.000000">
      <result>notselected</result>
    </rule-result>
    <rule-result idref="xccdf_org.ssgproject.content_rule_partition_for_var_log_audit" role="full" time="2026-05-22T23:14:41+05:30" severity="low" weight="1.000000">
      <result>notselected</result>
    </rule-result>
    <rule-result idref="xccdf_org.ssgproject.content_rule_partition_for_var_tmp" role="full" time="2026-05-22T23:14:41+05:30" severity="medium" weight="1.000000">
      <result>notselected</result>
    </rule-result>
    <rule-result idref="xccdf_org.ssgproject.content_rule_package_gdm_removed" role="full" time="2026-05-22T23:14:41+05:30" severity="medium" weight="1.000000">
      <result>notselected</result>
    </rule-result>
    <rule-result idref="xccdf_org.ssgproject.content_rule_dconf_gnome_disable_user_list" role="full" time="2026-05-22T23:14:41+05:30" severity="medium" weight="1.000000">
      <result>pass</result>
      <check system="http://oval.mitre.org/XMLSchema/oval-definitions-5">
        <check-content-ref name="oval:ssg-dconf_gnome_disable_user_list:def:1" href="ssg-ubuntu2404-oval.xml"/>
      </check>
    </rule-result>
    <rule-result idref="xccdf_org.ssgproject.content_rule_gnome_gdm_disable_xdmcp" role="full" time="2026-05-22T23:14:41+05:30" severity="high" weight="1.000000">
      <result>pass</result>
      <check system="http://oval.mitre.org/XMLSchema/oval-definitions-5">
        <check-content-ref name="oval:ssg-gnome_gdm_disable_xdmcp:def:1" href="ssg-ubuntu2404-oval.xml"/>
      </check>
    </rule-result>
    <rule-result idref="xccdf_org.ssgproject.content_rule_dconf_gnome_disable_automount" role="full" time="2026-05-22T23:14:41+05:30" severity="medium" weight="1.000000">
      <result>notselected</result>
    </rule-result>
    <rule-result idref="xccdf_org.ssgproject.content_rule_dconf_gnome_disable_automount_open" role="full" time="2026-05-22T23:14:41+05:30" severity="medium" weight="1.000000">
      <result>notselected</result>
    </rule-result>
    <rule-result idref="xccdf_org.ssgproject.content_rule_dconf_gnome_disable_autorun" role="full" time="2026-05-22T23:14:41+05:30" severity="low" weight="1.000000">
      <result>pass</result>
      <check system="http://oval.mitre.org/XMLSchema/oval-definitions-5">
        <check-content-ref name="oval:ssg-dconf_gnome_disable_autorun:def:1" href="ssg-ubuntu2404-oval.xml"/>
      </check>
    </rule-result>
    <rule-result idref="xccdf_org.ssgproject.content_rule_dconf_gnome_screensaver_idle_delay" role="full" time="2026-05-22T23:14:41+05:30" severity="medium" weight="1.000000">
      <result>pass</result>
      <check system="http://oval.mitre.org/XMLSchema/oval-definitions-5">
        <check-export export-name="oval:ssg-inactivity_timeout_value:var:1" value-id="xccdf_org.ssgproject.content_value_inactivity_timeout_value"/>
        <check-content-ref name="oval:ssg-dconf_gnome_screensaver_idle_delay:def:1" href="ssg-ubuntu2404-oval.xml"/>
      </check>
    </rule-result>
    <rule-result idref="xccdf_org.ssgproject.content_rule_dconf_gnome_screensaver_lock_delay" role="full" time="2026-05-22T23:14:41+05:30" severity="medium" weight="1.000000">
      <result>pass</result>
      <check system="http://oval.mitre.org/XMLSchema/oval-definitions-5">
        <check-export export-name="oval:ssg-var_screensaver_lock_delay:var:1" value-id="xccdf_org.ssgproject.content_value_var_screensaver_lock_delay"/>
        <check-content-ref name="oval:ssg-dconf_gnome_screensaver_lock_delay:def:1" href="ssg-ubuntu2404-oval.xml"/>
      </check>
    </rule-result>
    <rule-result idref="xccdf_org.ssgproject.content_rule_dconf_gnome_screensaver_lock_enabled" role="full" time="2026-05-22T23:14:41+05:30" severity="medium" weight="1.000000">
      <result>pass</result>
      <check system="http://oval.mitre.org/XMLSchema/oval-definitions-5">
        <check-content-ref name="oval:ssg-dconf_gnome_screensaver_lock_enabled:def:1" href="ssg-ubuntu2404-oval.xml"/>
      </check>
    </rule-result>
    <rule-result idref="xccdf_org.ssgproject.content_rule_package_sudo_installed" role="full" time="2026-05-22T23:14:41+05:30" severity="medium" weight="1.000000">
      <result>pass</result>
      <check system="http://oval.mitre.org/XMLSchema/oval-definitions-5">
        <check-content-ref name="oval:ssg-package_sudo_installed:def:1" href="ssg-ubuntu2404-oval.xml"/>
      </check>
    </rule-result>
    <rule-result idref="xccdf_org.ssgproject.content_rule_sudo_add_use_pty" role="full" time="2026-05-22T23:14:41+05:30" severity="medium" weight="1.000000">
      <result>pass</result>
      <check system="http://oval.mitre.org/XMLSchema/oval-definitions-5">
        <check-content-ref name="oval:ssg-sudo_add_use_pty:def:1" href="ssg-ubuntu2404-oval.xml"/>
      </check>
    </rule-result>
    <rule-result idref="xccdf_org.ssgproject.content_rule_sudo_custom_logfile" role="full" time="2026-05-22T23:14:41+05:30" severity="low" weight="1.000000">
      <result>pass</result>
      <check system="http://oval.mitre.org/XMLSchema/oval-definitions-5">
        <check-export export-name="oval:ssg-var_sudo_logfile:var:1" value-id="xccdf_org.ssgproject.content_value_var_sudo_logfile"/>
        <check-content-ref name="oval:ssg-sudo_custom_logfile:def:1" href="ssg-ubuntu2404-oval.xml"/>
      </check>
    </rule-result>
    <rule-result idref="xccdf_org.ssgproject.content_rule_sudo_remove_no_authenticate" role="full" time="2026-05-22T23:14:41+05:30" severity="medium" weight="1.000000">
      <result>pass</result>
      <check system="http://oval.mitre.org/XMLSchema/oval-definitions-5">
        <check-content-ref name="oval:ssg-sudo_remove_no_authenticate:def:1" href="ssg-ubuntu2404-oval.xml"/>
      </check>
    </rule-result>
    <rule-result idref="xccdf_org.ssgproject.content_rule_sudo_require_authentication" role="full" time="2026-05-22T23:14:41+05:30" severity="medium" weight="1.000000">
      <result>notselected</result>
    </rule-result>
    <rule-result idref="xccdf_org.ssgproject.content_rule_sudo_require_reauthentication" role="full" time="2026-05-22T23:14:41+05:30" severity="medium" weight="1.000000">
      <result>pass</result>
      <check system="http://oval.mitre.org/XMLSchema/oval-definitions-5">
        <check-content-ref name="oval:ssg-sudo_require_reauthentication:def:1" href="ssg-ubuntu2404-oval.xml"/>
      </check>
    </rule-result>
    <rule-result idref="xccdf_org.ssgproject.content_rule_banner_etc_issue_cis" role="full" time="2026-05-22T23:14:41+05:30" severity="medium" weight="1.000000">
      <result>pass</result>
      <check system="http://oval.mitre.org/XMLSchema/oval-definitions-5">
        <check-content-ref name="oval:ssg-banner_etc_issue_cis:def:1" href="ssg-ubuntu2404-oval.xml"/>
      </check>
    </rule-result>
    <rule-result idref="xccdf_org.ssgproject.content_rule_banner_etc_issue_net_cis" role="full" time="2026-05-22T23:14:41+05:30" severity="medium" weight="1.000000">
      <result>pass</result>
      <check system="http://oval.mitre.org/XMLSchema/oval-definitions-5">
        <check-content-ref name="oval:ssg-banner_etc_issue_net_cis:def:1" href="ssg-ubuntu2404-oval.xml"/>
      </check>
    </rule-result>
    <rule-result idref="xccdf_org.ssgproject.content_rule_banner_etc_motd_cis" role="full" time="2026-05-22T23:14:41+05:30" severity="medium" weight="1.000000">
      <result>pass</result>
      <check system="http://oval.mitre.org/XMLSchema/oval-definitions-5">
        <check-content-ref name="oval:ssg-banner_etc_motd_cis:def:1" href="ssg-ubuntu2404-oval.xml"/>
      </check>
    </rule-result>
    <rule-result idref="xccdf_org.ssgproject.content_rule_file_groupowner_etc_issue" role="full" time="2026-05-22T23:14:41+05:30" severity="medium" weight="1.000000">
      <result>pass</result>
      <check system="http://oval.mitre.org/XMLSchema/oval-definitions-5">
        <check-content-ref name="oval:ssg-file_groupowner_etc_issue:def:1" href="ssg-ubuntu2404-oval.xml"/>
      </check>
    </rule-result>
    <rule-result idref="xccdf_org.ssgproject.content_rule_file_groupowner_etc_issue_net" role="full" time="2026-05-22T23:14:41+05:30" severity="medium" weight="1.000000">
      <result>pass</result>
      <check system="http://oval.mitre.org/XMLSchema/oval-definitions-5">
        <check-content-ref name="oval:ssg-file_groupowner_etc_issue_net:def:1" href="ssg-ubuntu2404-oval.xml"/>
      </check>
    </rule-result>
    <rule-result idref="xccdf_org.ssgproject.content_rule_file_groupowner_etc_motd" role="full" time="2026-05-22T23:14:41+05:30" severity="medium" weight="1.000000">
      <result>pass</result>
      <check system="http://oval.mitre.org/XMLSchema/oval-definitions-5">
        <check-content-ref name="oval:ssg-file_groupowner_etc_motd:def:1" href="ssg-ubuntu2404-oval.xml"/>
      </check>
    </rule-result>
    <rule-result idref="xccdf_org.ssgproject.content_rule_file_owner_etc_issue" role="full" time="2026-05-22T23:14:41+05:30" severity="medium" weight="1.000000">
      <result>pass</result>
      <check system="http://oval.mitre.org/XMLSchema/oval-definitions-5">
        <check-content-ref name="oval:ssg-file_owner_etc_issue:def:1" href="ssg-ubuntu2404-oval.xml"/>
      </check>
    </rule-result>
    <rule-result idref="xccdf_org.ssgproject.content_rule_file_owner_etc_issue_net" role="full" time="2026-05-22T23:14:41+05:30" severity="medium" weight="1.000000">
      <result>pass</result>
      <check system="http://oval.mitre.org/XMLSchema/oval-definitions-5">
        <check-content-ref name="oval:ssg-file_owner_etc_issue_net:def:1" href="ssg-ubuntu2404-oval.xml"/>
      </check>
    </rule-result>
    <rule-result idref="xccdf_org.ssgproject.content_rule_file_owner_etc_motd" role="full" time="2026-05-22T23:14:41+05:30" severity="medium" weight="1.000000">
      <result>pass</result>
      <check system="http://oval.mitre.org/XMLSchema/oval-definitions-5">
        <check-content-ref name="oval:ssg-file_owner_etc_motd:def:1" href="ssg-ubuntu2404-oval.xml"/>
      </check>
    </rule-result>
    <rule-result idref="xccdf_org.ssgproject.content_rule_file_permissions_etc_issue" role="full" time="2026-05-22T23:14:41+05:30" severity="medium" weight="1.000000">
      <result>pass</result>
      <check system="http://oval.mitre.org/XMLSchema/oval-definitions-5">
        <check-content-ref name="oval:ssg-file_permissions_etc_issue:def:1" href="ssg-ubuntu2404-oval.xml"/>
      </check>
    </rule-result>
    <rule-result idref="xccdf_org.ssgproject.content_rule_file_permissions_etc_issue_net" role="full" time="2026-05-22T23:14:41+05:30" severity="medium" weight="1.000000">
      <result>pass</result>
      <check system="http://oval.mitre.org/XMLSchema/oval-definitions-5">
        <check-content-ref name="oval:ssg-file_permissions_etc_issue_net:def:1" href="ssg-ubuntu2404-oval.xml"/>
      </check>
    </rule-result>
    <rule-result idref="xccdf_org.ssgproject.content_rule_file_permissions_etc_motd" role="full" time="2026-05-22T23:14:41+05:30" severity="medium" weight="1.000000">
      <result>pass</result>
      <check system="http://oval.mitre.org/XMLSchema/oval-definitions-5">
        <check-content-ref name="oval:ssg-file_permissions_etc_motd:def:1" href="ssg-ubuntu2404-oval.xml"/>
      </check>
    </rule-result>
    <rule-result idref="xccdf_org.ssgproject.content_rule_dconf_gnome_banner_enabled" role="full" time="2026-05-22T23:14:41+05:30" severity="medium" weight="1.000000">
      <result>pass</result>
      <check system="http://oval.mitre.org/XMLSchema/oval-definitions-5">
        <check-content-ref name="oval:ssg-dconf_gnome_banner_enabled:def:1" href="ssg-ubuntu2404-oval.xml"/>
      </check>
    </rule-result>
    <rule-result idref="xccdf_org.ssgproject.content_rule_dconf_gnome_login_banner_text" role="full" time="2026-05-22T23:14:41+05:30" severity="medium" weight="1.000000">
      <result>pass</result>
      <check system="http://oval.mitre.org/XMLSchema/oval-definitions-5">
        <check-export export-name="oval:ssg-login_banner_text:var:1" value-id="xccdf_org.ssgproject.content_value_login_banner_text"/>
        <check-content-ref name="oval:ssg-dconf_gnome_login_banner_text:def:1" href="ssg-ubuntu2404-oval.xml"/>
      </check>
    </rule-result>
    <rule-result idref="xccdf_org.ssgproject.content_rule_package_pam_modules_installed" role="full" time="2026-05-22T23:14:41+05:30" severity="medium" weight="1.000000">
      <result>pass</result>
      <check system="http://oval.mitre.org/XMLSchema/oval-definitions-5">
        <check-content-ref name="oval:ssg-package_pam_modules_installed:def:1" href="ssg-ubuntu2404-oval.xml"/>
      </check>
    </rule-result>
    <rule-result idref="xccdf_org.ssgproject.content_rule_package_pam_pwquality_installed" role="full" time="2026-05-22T23:14:41+05:30" severity="medium" weight="1.000000">
      <result>pass</result>
      <check system="http://oval.mitre.org/XMLSchema/oval-definitions-5">
        <check-content-ref name="oval:ssg-package_pam_pwquality_installed:def:1" href="ssg-ubuntu2404-oval.xml"/>
      </check>
    </rule-result>
    <rule-result idref="xccdf_org.ssgproject.content_rule_package_pam_runtime_installed" role="full" time="2026-05-22T23:14:41+05:30" severity="medium" weight="1.000000">
      <result>pass</result>
      <check system="http://oval.mitre.org/XMLSchema/oval-definitions-5">
        <check-content-ref name="oval:ssg-package_pam_runtime_installed:def:1" href="ssg-ubuntu2404-oval.xml"/>
      </check>
    </rule-result>
    <rule-result idref="xccdf_org.ssgproject.content_rule_accounts_password_pam_unix_enabled" role="full" time="2026-05-22T23:14:41+05:30" severity="medium" weight="1.000000">
      <result>pass</result>
      <check system="http://oval.mitre.org/XMLSchema/oval-definitions-5">
        <check-content-ref name="oval:ssg-accounts_password_pam_unix_enabled:def:1" href="ssg-ubuntu2404-oval.xml"/>
      </check>
    </rule-result>
    <rule-result idref="xccdf_org.ssgproject.content_rule_accounts_password_pam_pwhistory_enabled" role="full" time="2026-05-22T23:14:41+05:30" severity="medium" weight="1.000000">
      <result>pass</result>
      <check system="http://oval.mitre.org/XMLSchema/oval-definitions-5">
        <check-content-ref name="oval:ssg-accounts_password_pam_pwhistory_enabled:def:1" href="ssg-ubuntu2404-oval.xml"/>
      </check>
    </rule-result>
    <rule-result idref="xccdf_org.ssgproject.content_rule_accounts_password_pam_pwhistory_enforce_root" role="full" time="2026-05-22T23:14:41+05:30" severity="medium" weight="1.000000">
      <result>pass</result>
      <check system="http://oval.mitre.org/XMLSchema/oval-definitions-5">
        <check-content-ref name="oval:ssg-accounts_password_pam_pwhistory_enforce_root:def:1" href="ssg-ubuntu2404-oval.xml"/>
      </check>
    </rule-result>
    <rule-result idref="xccdf_org.ssgproject.content_rule_accounts_password_pam_pwhistory_remember" role="full" time="2026-05-22T23:14:41+05:30" severity="medium" weight="1.000000">
      <result>pass</result>
      <check system="http://oval.mitre.org/XMLSchema/oval-definitions-5">
        <check-export export-name="oval:ssg-var_password_pam_remember:var:1" value-id="xccdf_org.ssgproject.content_value_var_password_pam_remember"/>
        <check-content-ref name="oval:ssg-accounts_password_pam_pwhistory_remember:def:1" href="ssg-ubuntu2404-oval.xml"/>
      </check>
    </rule-result>
    <rule-result idref="xccdf_org.ssgproject.content_rule_accounts_password_pam_pwhistory_use_authtok" role="full" time="2026-05-22T23:14:41+05:30" severity="medium" weight="1.000000">
      <result>pass</result>
      <check system="http://oval.mitre.org/XMLSchema/oval-definitions-5">
        <check-content-ref name="oval:ssg-accounts_password_pam_pwhistory_use_authtok:def:1" href="ssg-ubuntu2404-oval.xml"/>
      </check>
    </rule-result>
    <rule-result idref="xccdf_org.ssgproject.content_rule_accounts_password_pam_unix_authtok" role="full" time="2026-05-22T23:14:41+05:30" severity="medium" weight="1.000000">
      <result>pass</result>
      <check system="http://oval.mitre.org/XMLSchema/oval-definitions-5">
        <check-content-ref name="oval:ssg-accounts_password_pam_unix_authtok:def:1" href="ssg-ubuntu2404-oval.xml"/>
      </check>
    </rule-result>
    <rule-result idref="xccdf_org.ssgproject.content_rule_accounts_passwords_pam_faillock_deny" role="full" time="2026-05-22T23:14:41+05:30" severity="medium" weight="1.000000">
      <result>pass</result>
      <check system="http://oval.mitre.org/XMLSchema/oval-definitions-5">
        <check-export export-name="oval:ssg-var_accounts_passwords_pam_faillock_deny:var:1" value-id="xccdf_org.ssgproject.content_value_var_accounts_passwords_pam_faillock_deny"/>
        <check-content-ref name="oval:ssg-accounts_passwords_pam_faillock_deny:def:1" href="ssg-ubuntu2404-oval.xml"/>
      </check>
    </rule-result>
    <rule-result idref="xccdf_org.ssgproject.content_rule_accounts_passwords_pam_faillock_enabled" role="full" time="2026-05-22T23:14:41+05:30" severity="medium" weight="1.000000">
      <result>pass</result>
      <check system="http://oval.mitre.org/XMLSchema/oval-definitions-5">
        <check-content-ref name="oval:ssg-accounts_passwords_pam_faillock_enabled:def:1" href="ssg-ubuntu2404-oval.xml"/>
      </check>
    </rule-result>
    <rule-result idref="xccdf_org.ssgproject.content_rule_accounts_passwords_pam_faillock_root_unlock_time" role="full" time="2026-05-22T23:14:41+05:30" severity="medium" weight="1.000000">
      <result>notselected</result>
    </rule-result>
    <rule-result idref="xccdf_org.ssgproject.content_rule_accounts_passwords_pam_faillock_unlock_time" role="full" time="2026-05-22T23:14:41+05:30" severity="medium" weight="1.000000">
      <result>pass</result>
      <check system="http://oval.mitre.org/XMLSchema/oval-definitions-5">
        <check-export export-name="oval:ssg-var_accounts_passwords_pam_faillock_unlock_time:var:1" value-id="xccdf_org.ssgproject.content_value_var_accounts_passwords_pam_faillock_unlock_time"/>
        <check-content-ref name="oval:ssg-accounts_passwords_pam_faillock_unlock_time:def:1" href="ssg-ubuntu2404-oval.xml"/>
      </check>
    </rule-result>
    <rule-result idref="xccdf_org.ssgproject.content_rule_accounts_password_pam_dcredit" role="full" time="2026-05-22T23:14:41+05:30" severity="medium" weight="1.000000">
      <result>pass</result>
      <check system="http://oval.mitre.org/XMLSchema/oval-definitions-5">
        <check-export export-name="oval:ssg-var_password_pam_dcredit:var:1" value-id="xccdf_org.ssgproject.content_value_var_password_pam_dcredit"/>
        <check-content-ref name="oval:ssg-accounts_password_pam_dcredit:def:1" href="ssg-ubuntu2404-oval.xml"/>
      </check>
    </rule-result>
    <rule-result idref="xccdf_org.ssgproject.content_rule_accounts_password_pam_dictcheck" role="full" time="2026-05-22T23:14:41+05:30" severity="medium" weight="1.000000">
      <result>pass</result>
      <check system="http://oval.mitre.org/XMLSchema/oval-definitions-5">
        <check-export export-name="oval:ssg-var_password_pam_dictcheck:var:1" value-id="xccdf_org.ssgproject.content_value_var_password_pam_dictcheck"/>
        <check-content-ref name="oval:ssg-accounts_password_pam_dictcheck:def:1" href="ssg-ubuntu2404-oval.xml"/>
      </check>
    </rule-result>
    <rule-result idref="xccdf_org.ssgproject.content_rule_accounts_password_pam_difok" role="full" time="2026-05-22T23:14:41+05:30" severity="medium" weight="1.000000">
      <result>pass</result>
      <check system="http://oval.mitre.org/XMLSchema/oval-definitions-5">
        <check-export export-name="oval:ssg-var_password_pam_difok:var:1" value-id="xccdf_org.ssgproject.content_value_var_password_pam_difok"/>
        <check-content-ref name="oval:ssg-accounts_password_pam_difok:def:1" href="ssg-ubuntu2404-oval.xml"/>
      </check>
    </rule-result>
    <rule-result idref="xccdf_org.ssgproject.content_rule_accounts_password_pam_enforce_root" role="full" time="2026-05-22T23:14:41+05:30" severity="medium" weight="1.000000">
      <result>pass</result>
      <check system="http://oval.mitre.org/XMLSchema/oval-definitions-5">
        <check-content-ref name="oval:ssg-accounts_password_pam_enforce_root:def:1" href="ssg-ubuntu2404-oval.xml"/>
      </check>
    </rule-result>
    <rule-result idref="xccdf_org.ssgproject.content_rule_accounts_password_pam_enforcing" role="full" time="2026-05-22T23:14:41+05:30" severity="medium" weight="1.000000">
      <result>pass</result>
      <check system="http://oval.mitre.org/XMLSchema/oval-definitions-5">
        <check-export export-name="oval:ssg-var_password_pam_enforcing:var:1" value-id="xccdf_org.ssgproject.content_value_var_password_pam_enforcing"/>
        <check-content-ref name="oval:ssg-accounts_password_pam_enforcing:def:1" href="ssg-ubuntu2404-oval.xml"/>
      </check>
    </rule-result>
    <rule-result idref="xccdf_org.ssgproject.content_rule_accounts_password_pam_lcredit" role="full" time="2026-05-22T23:14:41+05:30" severity="medium" weight="1.000000">
      <result>pass</result>
      <check system="http://oval.mitre.org/XMLSchema/oval-definitions-5">
        <check-export export-name="oval:ssg-var_password_pam_lcredit:var:1" value-id="xccdf_org.ssgproject.content_value_var_password_pam_lcredit"/>
        <check-content-ref name="oval:ssg-accounts_password_pam_lcredit:def:1" href="ssg-ubuntu2404-oval.xml"/>
      </check>
    </rule-result>
    <rule-result idref="xccdf_org.ssgproject.content_rule_accounts_password_pam_maxrepeat" role="full" time="2026-05-22T23:14:41+05:30" severity="medium" weight="1.000000">
      <result>pass</result>
      <check system="http://oval.mitre.org/XMLSchema/oval-definitions-5">
        <check-export export-name="oval:ssg-var_password_pam_maxrepeat:var:1" value-id="xccdf_org.ssgproject.content_value_var_password_pam_maxrepeat"/>
        <check-content-ref name="oval:ssg-accounts_password_pam_maxrepeat:def:1" href="ssg-ubuntu2404-oval.xml"/>
      </check>
    </rule-result>
    <rule-result idref="xccdf_org.ssgproject.content_rule_accounts_password_pam_maxsequence" role="full" time="2026-05-22T23:14:41+05:30" severity="medium" weight="1.000000">
      <result>pass</result>
      <check system="http://oval.mitre.org/XMLSchema/oval-definitions-5">
        <check-export export-name="oval:ssg-var_password_pam_maxsequence:var:1" value-id="xccdf_org.ssgproject.content_value_var_password_pam_maxsequence"/>
        <check-content-ref name="oval:ssg-accounts_password_pam_maxsequence:def:1" href="ssg-ubuntu2404-oval.xml"/>
      </check>
    </rule-result>
    <rule-result idref="xccdf_org.ssgproject.content_rule_accounts_password_pam_minclass" role="full" time="2026-05-22T23:14:41+05:30" severity="medium" weight="1.000000">
      <result>pass</result>
      <check system="http://oval.mitre.org/XMLSchema/oval-definitions-5">
        <check-export export-name="oval:ssg-var_password_pam_minclass:var:1" value-id="xccdf_org.ssgproject.content_value_var_password_pam_minclass"/>
        <check-content-ref name="oval:ssg-accounts_password_pam_minclass:def:1" href="ssg-ubuntu2404-oval.xml"/>
      </check>
    </rule-result>
    <rule-result idref="xccdf_org.ssgproject.content_rule_accounts_password_pam_minlen" role="full" time="2026-05-22T23:14:41+05:30" severity="medium" weight="1.000000">
      <result>pass</result>
      <check system="http://oval.mitre.org/XMLSchema/oval-definitions-5">
        <check-export export-name="oval:ssg-var_password_pam_minlen:var:1" value-id="xccdf_org.ssgproject.content_value_var_password_pam_minlen"/>
        <check-content-ref name="oval:ssg-accounts_password_pam_minlen:def:1" href="ssg-ubuntu2404-oval.xml"/>
      </check>
    </rule-result>
    <rule-result idref="xccdf_org.ssgproject.content_rule_accounts_password_pam_ocredit" role="full" time="2026-05-22T23:14:41+05:30" severity="medium" weight="1.000000">
      <result>pass</result>
      <check system="http://oval.mitre.org/XMLSchema/oval-definitions-5">
        <check-export export-name="oval:ssg-var_password_pam_ocredit:var:1" value-id="xccdf_org.ssgproject.content_value_var_password_pam_ocredit"/>
        <check-content-ref name="oval:ssg-accounts_password_pam_ocredit:def:1" href="ssg-ubuntu2404-oval.xml"/>
      </check>
    </rule-result>
    <rule-result idref="xccdf_org.ssgproject.content_rule_accounts_password_pam_pwquality_enabled" role="full" time="2026-05-22T23:14:41+05:30" severity="medium" weight="1.000000">
      <result>pass</result>
      <check system="http://oval.mitre.org/XMLSchema/oval-definitions-5">
        <check-content-ref name="oval:ssg-accounts_password_pam_pwquality_enabled:def:1" href="ssg-ubuntu2404-oval.xml"/>
      </check>
    </rule-result>
    <rule-result idref="xccdf_org.ssgproject.content_rule_accounts_password_pam_ucredit" role="full" time="2026-05-22T23:14:41+05:30" severity="medium" weight="1.000000">
      <result>pass</result>
      <check system="http://oval.mitre.org/XMLSchema/oval-definitions-5">
        <check-export export-name="oval:ssg-var_password_pam_ucredit:var:1" value-id="xccdf_org.ssgproject.content_value_var_password_pam_ucredit"/>
        <check-content-ref name="oval:ssg-accounts_password_pam_ucredit:def:1" href="ssg-ubuntu2404-oval.xml"/>
      </check>
    </rule-result>
    <rule-result idref="xccdf_org.ssgproject.content_rule_set_password_hashing_algorithm_logindefs" role="full" time="2026-05-22T23:14:41+05:30" severity="medium" weight="1.000000">
      <result>pass</result>
      <check system="http://oval.mitre.org/XMLSchema/oval-definitions-5">
        <check-export export-name="oval:ssg-var_password_hashing_algorithm:var:1" value-id="xccdf_org.ssgproject.content_value_var_password_hashing_algorithm"/>
        <check-content-ref name="oval:ssg-set_password_hashing_algorithm_logindefs:def:1" href="ssg-ubuntu2404-oval.xml"/>
      </check>
    </rule-result>
    <rule-result idref="xccdf_org.ssgproject.content_rule_set_password_hashing_algorithm_systemauth" role="full" time="2026-05-22T23:14:41+05:30" severity="medium" weight="1.000000">
      <result>pass</result>
      <check system="http://oval.mitre.org/XMLSchema/oval-definitions-5">
        <check-export export-name="oval:ssg-var_password_hashing_algorithm_pam:var:1" value-id="xccdf_org.ssgproject.content_value_var_password_hashing_algorithm_pam"/>
        <check-content-ref name="oval:ssg-set_password_hashing_algorithm_systemauth:def:1" href="ssg-ubuntu2404-oval.xml"/>
      </check>
    </rule-result>
    <rule-result idref="xccdf_org.ssgproject.content_rule_account_unique_id" role="full" time="2026-05-22T23:14:41+05:30" severity="medium" weight="1.000000">
      <result>pass</result>
      <check system="http://oval.mitre.org/XMLSchema/oval-definitions-5">
        <check-content-ref name="oval:ssg-account_unique_id:def:1" href="ssg-ubuntu2404-oval.xml"/>
      </check>
    </rule-result>
    <rule-result idref="xccdf_org.ssgproject.content_rule_group_unique_id" role="full" time="2026-05-22T23:14:41+05:30" severity="medium" weight="1.000000">
      <result>pass</result>
      <check system="http://oval.mitre.org/XMLSchema/oval-definitions-5">
        <check-content-ref name="oval:ssg-group_unique_id:def:1" href="ssg-ubuntu2404-oval.xml"/>
      </check>
    </rule-result>
    <rule-result idref="xccdf_org.ssgproject.content_rule_group_unique_name" role="full" time="2026-05-22T23:14:41+05:30" severity="medium" weight="1.000000">
      <result>pass</result>
      <check system="http://oval.mitre.org/XMLSchema/oval-definitions-5">
        <check-content-ref name="oval:ssg-group_unique_name:def:1" href="ssg-ubuntu2404-oval.xml"/>
      </check>
    </rule-result>
    <rule-result idref="xccdf_org.ssgproject.content_rule_no_nologin_in_shells" role="full" time="2026-05-22T23:14:41+05:30" severity="medium" weight="1.000000">
      <result>notselected</result>
    </rule-result>
    <rule-result idref="xccdf_org.ssgproject.content_rule_account_disable_post_pw_expiration" role="full" time="2026-05-22T23:14:41+05:30" severity="medium" weight="1.000000">
      <result>pass</result>
      <check system="http://oval.mitre.org/XMLSchema/oval-definitions-5">
        <check-export export-name="oval:ssg-var_account_disable_post_pw_expiration:var:1" value-id="xccdf_org.ssgproject.content_value_var_account_disable_post_pw_expiration"/>
        <check-content-ref name="oval:ssg-account_disable_post_pw_expiration:def:1" href="ssg-ubuntu2404-oval.xml"/>
      </check>
    </rule-result>
    <rule-result idref="xccdf_org.ssgproject.content_rule_account_unique_name" role="full" time="2026-05-22T23:14:41+05:30" severity="medium" weight="1.000000">
      <result>pass</result>
      <check system="http://oval.mitre.org/XMLSchema/oval-definitions-5">
        <check-content-ref name="oval:ssg-account_unique_name:def:1" href="ssg-ubuntu2404-oval.xml"/>
      </check>
    </rule-result>
    <rule-result idref="xccdf_org.ssgproject.content_rule_ensure_shadow_group_empty" role="full" time="2026-05-22T23:14:41+05:30" severity="medium" weight="1.000000">
      <result>pass</result>
      <check system="http://oval.mitre.org/XMLSchema/oval-definitions-5">
        <check-content-ref name="oval:ssg-ensure_shadow_group_empty:def:1" href="ssg-ubuntu2404-oval.xml"/>
      </check>
    </rule-result>
    <rule-result idref="xccdf_org.ssgproject.content_rule_accounts_maximum_age_login_defs" role="full" time="2026-05-22T23:14:41+05:30" severity="medium" weight="1.000000">
      <result>pass</result>
      <check system="http://oval.mitre.org/XMLSchema/oval-definitions-5">
        <check-export export-name="oval:ssg-var_accounts_maximum_age_login_defs:var:1" value-id="xccdf_org.ssgproject.content_value_var_accounts_maximum_age_login_defs"/>
        <check-content-ref name="oval:ssg-accounts_maximum_age_login_defs:def:1" href="ssg-ubuntu2404-oval.xml"/>
      </check>
    </rule-result>
    <rule-result idref="xccdf_org.ssgproject.content_rule_accounts_minimum_age_login_defs" role="full" time="2026-05-22T23:14:41+05:30" severity="medium" weight="1.000000">
      <result>notselected</result>
    </rule-result>
    <rule-result idref="xccdf_org.ssgproject.content_rule_accounts_password_set_max_life_existing" role="full" time="2026-05-22T23:14:41+05:30" severity="medium" weight="1.000000">
      <result>pass</result>
      <check system="http://oval.mitre.org/XMLSchema/oval-definitions-5">
        <check-export export-name="oval:ssg-var_accounts_minimum_age_login_defs:var:1" value-id="xccdf_org.ssgproject.content_value_var_accounts_minimum_age_login_defs"/>
        <check-export export-name="oval:ssg-var_accounts_maximum_age_login_defs:var:1" value-id="xccdf_org.ssgproject.content_value_var_accounts_maximum_age_login_defs"/>
        <check-content-ref name="oval:ssg-accounts_password_set_max_life_existing:def:1" href="ssg-ubuntu2404-oval.xml"/>
      </check>
    </rule-result>
    <rule-result idref="xccdf_org.ssgproject.content_rule_accounts_password_set_min_life_existing" role="full" time="2026-05-22T23:14:41+05:30" severity="medium" weight="1.000000">
      <result>notselected</result>
    </rule-result>
    <rule-result idref="xccdf_org.ssgproject.content_rule_accounts_password_warn_age_login_defs" role="full" time="2026-05-22T23:14:41+05:30" severity="medium" weight="1.000000">
      <result>pass</result>
      <check system="http://oval.mitre.org/XMLSchema/oval-definitions-5">
        <check-export export-name="oval:ssg-var_accounts_password_warn_age_login_defs:var:1" value-id="xccdf_org.ssgproject.content_value_var_accounts_password_warn_age_login_defs"/>
        <check-content-ref name="oval:ssg-accounts_password_warn_age_login_defs:def:1" href="ssg-ubuntu2404-oval.xml"/>
      </check>
    </rule-result>
    <rule-result idref="xccdf_org.ssgproject.content_rule_accounts_password_all_shadowed" role="full" time="2026-05-22T23:14:41+05:30" severity="medium" weight="1.000000">
      <result>pass</result>
      <check system="http://oval.mitre.org/XMLSchema/oval-definitions-5">
        <check-content-ref name="oval:ssg-accounts_password_all_shadowed:def:1" href="ssg-ubuntu2404-oval.xml"/>
      </check>
    </rule-result>
    <rule-result idref="xccdf_org.ssgproject.content_rule_accounts_password_last_change_is_in_past" role="full" time="2026-05-22T23:14:41+05:30" severity="medium" weight="1.000000">
      <result>pass</result>
      <check system="http://oval.mitre.org/XMLSchema/oval-definitions-5">
        <check-content-ref name="oval:ssg-accounts_password_last_change_is_in_past:def:1" href="ssg-ubuntu2404-oval.xml"/>
      </check>
    </rule-result>
    <rule-result idref="xccdf_org.ssgproject.content_rule_accounts_password_pam_unix_no_remember" role="full" time="2026-05-22T23:14:41+05:30" severity="medium" weight="1.000000">
      <result>pass</result>
      <check system="http://oval.mitre.org/XMLSchema/oval-definitions-5">
        <check-content-ref name="oval:ssg-accounts_password_pam_unix_no_remember:def:1" href="ssg-ubuntu2404-oval.xml"/>
      </check>
    </rule-result>
    <rule-result idref="xccdf_org.ssgproject.content_rule_gid_passwd_group_same" role="full" time="2026-05-22T23:14:41+05:30" severity="low" weight="1.000000">
      <result>pass</result>
      <check system="http://oval.mitre.org/XMLSchema/oval-definitions-5">
        <check-content-ref name="oval:ssg-gid_passwd_group_same:def:1" href="ssg-ubuntu2404-oval.xml"/>
      </check>
    </rule-result>
    <rule-result idref="xccdf_org.ssgproject.content_rule_no_empty_passwords" role="full" time="2026-05-22T23:14:41+05:30" severity="high" weight="1.000000">
      <result>notselected</result>
    </rule-result>
    <rule-result idref="xccdf_org.ssgproject.content_rule_no_empty_passwords_etc_shadow" role="full" time="2026-05-22T23:14:41+05:30" severity="high" weight="1.000000">
      <result>pass</result>
      <check system="http://oval.mitre.org/XMLSchema/oval-definitions-5">
        <check-content-ref name="oval:ssg-no_empty_passwords_etc_shadow:def:1" href="ssg-ubuntu2404-oval.xml"/>
      </check>
    </rule-result>
    <rule-result idref="xccdf_org.ssgproject.content_rule_no_empty_passwords_unix" role="full" time="2026-05-22T23:14:41+05:30" severity="high" weight="1.000000">
      <result>pass</result>
      <check system="http://oval.mitre.org/XMLSchema/oval-definitions-5">
        <check-content-ref name="oval:ssg-no_empty_passwords_unix:def:1" href="ssg-ubuntu2404-oval.xml"/>
      </check>
    </rule-result>
    <rule-result idref="xccdf_org.ssgproject.content_rule_no_forward_files" role="full" time="2026-05-22T23:14:41+05:30" severity="medium" weight="1.000000">
      <result>pass</result>
      <check system="http://oval.mitre.org/XMLSchema/oval-definitions-5">
        <check-content-ref name="oval:ssg-no_forward_files:def:1" href="ssg-ubuntu2404-oval.xml"/>
      </check>
    </rule-result>
    <rule-result idref="xccdf_org.ssgproject.content_rule_no_netrc_files" role="full" time="2026-05-22T23:14:41+05:30" severity="medium" weight="1.000000">
      <result>pass</result>
      <check system="http://oval.mitre.org/XMLSchema/oval-definitions-5">
        <check-content-ref name="oval:ssg-no_netrc_files:def:1" href="ssg-ubuntu2404-oval.xml"/>
      </check>
    </rule-result>
    <rule-result idref="xccdf_org.ssgproject.content_rule_accounts_no_uid_except_zero" role="full" time="2026-05-22T23:14:41+05:30" severity="high" weight="1.000000">
      <result>pass</result>
      <check system="http://oval.mitre.org/XMLSchema/oval-definitions-5">
        <check-content-ref name="oval:ssg-accounts_no_uid_except_zero:def:1" href="ssg-ubuntu2404-oval.xml"/>
      </check>
    </rule-result>
    <rule-result idref="xccdf_org.ssgproject.content_rule_accounts_root_gid_zero" role="full" time="2026-05-22T23:14:41+05:30" severity="high" weight="1.000000">
      <result>pass</result>
      <check system="http://oval.mitre.org/XMLSchema/oval-definitions-5">
        <check-content-ref name="oval:ssg-accounts_root_gid_zero:def:1" href="ssg-ubuntu2404-oval.xml"/>
      </check>
    </rule-result>
    <rule-result idref="xccdf_org.ssgproject.content_rule_ensure_pam_wheel_group_empty" role="full" time="2026-05-22T23:14:41+05:30" severity="medium" weight="1.000000">
      <result>pass</result>
      <check system="http://oval.mitre.org/XMLSchema/oval-definitions-5">
        <check-export export-name="oval:ssg-var_pam_wheel_group_for_su:var:1" value-id="xccdf_org.ssgproject.content_value_var_pam_wheel_group_for_su"/>
        <check-content-ref name="oval:ssg-ensure_pam_wheel_group_empty:def:1" href="ssg-ubuntu2404-oval.xml"/>
      </check>
    </rule-result>
    <rule-result idref="xccdf_org.ssgproject.content_rule_ensure_root_access_controlled" role="full" time="2026-05-22T23:14:41+05:30" severity="medium" weight="1.000000">
      <result>pass</result>
      <check system="http://oval.mitre.org/XMLSchema/oval-definitions-5">
        <check-content-ref name="oval:ssg-ensure_root_access_controlled:def:1" href="ssg-ubuntu2404-oval.xml"/>
      </check>
    </rule-result>
    <rule-result idref="xccdf_org.ssgproject.content_rule_groups_no_zero_gid_except_root" role="full" time="2026-05-22T23:14:41+05:30" severity="high" weight="1.000000">
      <result>pass</result>
      <check system="http://oval.mitre.org/XMLSchema/oval-definitions-5">
        <check-content-ref name="oval:ssg-groups_no_zero_gid_except_root:def:1" href="ssg-ubuntu2404-oval.xml"/>
      </check>
    </rule-result>
    <rule-result idref="xccdf_org.ssgproject.content_rule_no_invalid_shell_accounts_unlocked" role="full" time="2026-05-22T23:14:41+05:30" severity="medium" weight="1.000000">
      <result>pass</result>
      <check system="http://oval.mitre.org/XMLSchema/oval-definitions-5">
        <check-content-ref name="oval:ssg-no_invalid_shell_accounts_unlocked:def:1" href="ssg-ubuntu2404-oval.xml"/>
      </check>
    </rule-result>
    <rule-result idref="xccdf_org.ssgproject.content_rule_no_shelllogin_for_systemaccounts" role="full" time="2026-05-22T23:14:41+05:30" severity="medium" weight="1.000000">
      <result>pass</result>
      <check system="http://oval.mitre.org/XMLSchema/oval-definitions-5">
        <check-content-ref name="oval:ssg-no_shelllogin_for_systemaccounts:def:1" href="ssg-ubuntu2404-oval.xml"/>
      </check>
    </rule-result>
    <rule-result idref="xccdf_org.ssgproject.content_rule_use_pam_wheel_group_for_su" role="full" time="2026-05-22T23:14:41+05:30" severity="medium" weight="1.000000">
      <result>pass</result>
      <check system="http://oval.mitre.org/XMLSchema/oval-definitions-5">
        <check-export export-name="oval:ssg-var_pam_wheel_group_for_su:var:1" value-id="xccdf_org.ssgproject.content_value_var_pam_wheel_group_for_su"/>
        <check-content-ref name="oval:ssg-use_pam_wheel_group_for_su:def:1" href="ssg-ubuntu2404-oval.xml"/>
      </check>
    </rule-result>
    <rule-result idref="xccdf_org.ssgproject.content_rule_accounts_tmout" role="full" time="2026-05-22T23:14:41+05:30" severity="medium" weight="1.000000">
      <result>pass</result>
      <check system="http://oval.mitre.org/XMLSchema/oval-definitions-5">
        <check-export export-name="oval:ssg-var_accounts_tmout:var:1" value-id="xccdf_org.ssgproject.content_value_var_accounts_tmout"/>
        <check-content-ref name="oval:ssg-accounts_tmout:def:1" href="ssg-ubuntu2404-oval.xml"/>
      </check>
    </rule-result>
    <rule-result idref="xccdf_org.ssgproject.content_rule_accounts_user_dot_group_ownership" role="full" time="2026-05-22T23:14:41+05:30" severity="medium" weight="1.000000">
      <result>pass</result>
      <check system="http://oval.mitre.org/XMLSchema/oval-definitions-5">
        <check-content-ref name="oval:ssg-accounts_user_dot_group_ownership:def:1" href="ssg-ubuntu2404-oval.xml"/>
      </check>
    </rule-result>
    <rule-result idref="xccdf_org.ssgproject.content_rule_accounts_user_dot_user_ownership" role="full" time="2026-05-22T23:14:41+05:30" severity="medium" weight="1.000000">
      <result>pass</result>
      <check system="http://oval.mitre.org/XMLSchema/oval-definitions-5">
        <check-content-ref name="oval:ssg-accounts_user_dot_user_ownership:def:1" href="ssg-ubuntu2404-oval.xml"/>
      </check>
    </rule-result>
    <rule-result idref="xccdf_org.ssgproject.content_rule_accounts_user_interactive_home_directory_exists" role="full" time="2026-05-22T23:14:41+05:30" severity="medium" weight="1.000000">
      <result>pass</result>
      <check system="http://oval.mitre.org/XMLSchema/oval-definitions-5">
        <check-content-ref name="oval:ssg-accounts_user_interactive_home_directory_exists:def:1" href="ssg-ubuntu2404-oval.xml"/>
      </check>
    </rule-result>
    <rule-result idref="xccdf_org.ssgproject.content_rule_file_groupownership_home_directories" role="full" time="2026-05-22T23:14:41+05:30" severity="medium" weight="1.000000">
      <result>pass</result>
      <check system="http://oval.mitre.org/XMLSchema/oval-definitions-5">
        <check-content-ref name="oval:ssg-file_groupownership_home_directories:def:1" href="ssg-ubuntu2404-oval.xml"/>
      </check>
    </rule-result>
    <rule-result idref="xccdf_org.ssgproject.content_rule_file_ownership_home_directories" role="full" time="2026-05-22T23:14:41+05:30" severity="medium" weight="1.000000">
      <result>pass</result>
      <check system="http://oval.mitre.org/XMLSchema/oval-definitions-5">
        <check-content-ref name="oval:ssg-file_ownership_home_directories:def:1" href="ssg-ubuntu2404-oval.xml"/>
      </check>
    </rule-result>
    <rule-result idref="xccdf_org.ssgproject.content_rule_file_permission_user_bash_history" role="full" time="2026-05-22T23:14:41+05:30" severity="medium" weight="1.000000">
      <result>pass</result>
      <check system="http://oval.mitre.org/XMLSchema/oval-definitions-5">
        <check-content-ref name="oval:ssg-file_permission_user_bash_history:def:1" href="ssg-ubuntu2404-oval.xml"/>
      </check>
    </rule-result>
    <rule-result idref="xccdf_org.ssgproject.content_rule_file_permission_user_init_files" role="full" time="2026-05-22T23:14:41+05:30" severity="medium" weight="1.000000">
      <result>pass</result>
      <check system="http://oval.mitre.org/XMLSchema/oval-definitions-5">
        <check-export export-name="oval:ssg-var_user_initialization_files_regex:var:1" value-id="xccdf_org.ssgproject.content_value_var_user_initialization_files_regex"/>
        <check-content-ref name="oval:ssg-file_permission_user_init_files:def:1" href="ssg-ubuntu2404-oval.xml"/>
      </check>
    </rule-result>
    <rule-result idref="xccdf_org.ssgproject.content_rule_file_permissions_home_directories" role="full" time="2026-05-22T23:14:41+05:30" severity="medium" weight="1.000000">
      <result>pass</result>
      <check system="http://oval.mitre.org/XMLSchema/oval-definitions-5">
        <check-content-ref name="oval:ssg-file_permissions_home_directories:def:1" href="ssg-ubuntu2404-oval.xml"/>
      </check>
    </rule-result>
    <rule-result idref="xccdf_org.ssgproject.content_rule_accounts_root_path_dirs_no_write" role="full" time="2026-05-22T23:14:41+05:30" severity="medium" weight="1.000000">
      <result>pass</result>
      <check system="http://oval.mitre.org/XMLSchema/oval-definitions-5">
        <check-content-ref name="oval:ssg-accounts_root_path_dirs_no_write:def:1" href="ssg-ubuntu2404-oval.xml"/>
      </check>
    </rule-result>
    <rule-result idref="xccdf_org.ssgproject.content_rule_no_dirs_unowned_by_root" role="full" time="2026-05-22T23:14:41+05:30" severity="medium" weight="1.000000">
      <result>pass</result>
      <check system="http://oval.mitre.org/XMLSchema/oval-definitions-5">
        <check-content-ref name="oval:ssg-no_dirs_unowned_by_root:def:1" href="ssg-ubuntu2404-oval.xml"/>
      </check>
    </rule-result>
    <rule-result idref="xccdf_org.ssgproject.content_rule_root_path_all_dirs" role="full" time="2026-05-22T23:14:41+05:30" severity="medium" weight="1.000000">
      <result>pass</result>
      <check system="http://oval.mitre.org/XMLSchema/oval-definitions-5">
        <check-content-ref name="oval:ssg-root_path_all_dirs:def:1" href="ssg-ubuntu2404-oval.xml"/>
      </check>
    </rule-result>
    <rule-result idref="xccdf_org.ssgproject.content_rule_root_path_no_dot" role="full" time="2026-05-22T23:14:41+05:30" severity="unknown" weight="1.000000">
      <result>pass</result>
      <check system="http://oval.mitre.org/XMLSchema/oval-definitions-5">
        <check-content-ref name="oval:ssg-root_path_no_dot:def:1" href="ssg-ubuntu2404-oval.xml"/>
      </check>
    </rule-result>
    <rule-result idref="xccdf_org.ssgproject.content_rule_accounts_umask_etc_bashrc" role="full" time="2026-05-22T23:14:41+05:30" severity="medium" weight="1.000000">
      <result>pass</result>
      <check system="http://oval.mitre.org/XMLSchema/oval-definitions-5">
        <check-export export-name="oval:ssg-var_accounts_user_umask:var:1" value-id="xccdf_org.ssgproject.content_value_var_accounts_user_umask"/>
        <check-content-ref name="oval:ssg-accounts_umask_etc_bashrc:def:1" href="ssg-ubuntu2404-oval.xml"/>
      </check>
    </rule-result>
    <rule-result idref="xccdf_org.ssgproject.content_rule_accounts_umask_etc_login_defs" role="full" time="2026-05-22T23:14:41+05:30" severity="medium" weight="1.000000">
      <result>pass</result>
      <check system="http://oval.mitre.org/XMLSchema/oval-definitions-5">
        <check-export export-name="oval:ssg-var_accounts_user_umask:var:1" value-id="xccdf_org.ssgproject.content_value_var_accounts_user_umask"/>
        <check-content-ref name="oval:ssg-accounts_umask_etc_login_defs:def:1" href="ssg-ubuntu2404-oval.xml"/>
      </check>
    </rule-result>
    <rule-result idref="xccdf_org.ssgproject.content_rule_accounts_umask_etc_profile" role="full" time="2026-05-22T23:14:41+05:30" severity="medium" weight="1.000000">
      <result>pass</result>
      <check system="http://oval.mitre.org/XMLSchema/oval-definitions-5">
        <check-export export-name="oval:ssg-var_accounts_user_umask:var:1" value-id="xccdf_org.ssgproject.content_value_var_accounts_user_umask"/>
        <check-content-ref name="oval:ssg-accounts_umask_etc_profile:def:1" href="ssg-ubuntu2404-oval.xml"/>
      </check>
    </rule-result>
    <rule-result idref="xccdf_org.ssgproject.content_rule_accounts_umask_root" role="full" time="2026-05-22T23:14:41+05:30" severity="medium" weight="1.000000">
      <result>pass</result>
      <check system="http://oval.mitre.org/XMLSchema/oval-definitions-5">
        <check-content-ref name="oval:ssg-accounts_umask_root:def:1" href="ssg-ubuntu2404-oval.xml"/>
      </check>
    </rule-result>
    <rule-result idref="xccdf_org.ssgproject.content_rule_package_apparmor-utils_installed" role="full" time="2026-05-22T23:14:41+05:30" severity="medium" weight="1.000000">
      <result>pass</result>
      <check system="http://oval.mitre.org/XMLSchema/oval-definitions-5">
        <check-content-ref name="oval:ssg-package_apparmor-utils_installed:def:1" href="ssg-ubuntu2404-oval.xml"/>
      </check>
    </rule-result>
    <rule-result idref="xccdf_org.ssgproject.content_rule_package_apparmor_installed" role="full" time="2026-05-22T23:14:41+05:30" severity="medium" weight="1.000000">
      <result>pass</result>
      <check system="http://oval.mitre.org/XMLSchema/oval-definitions-5">
        <check-content-ref name="oval:ssg-package_apparmor_installed:def:1" href="ssg-ubuntu2404-oval.xml"/>
      </check>
    </rule-result>
    <rule-result idref="xccdf_org.ssgproject.content_rule_all_apparmor_profiles_enforced" role="full" time="2026-05-22T23:14:41+05:30" severity="medium" weight="1.000000">
      <result>notselected</result>
    </rule-result>
    <rule-result idref="xccdf_org.ssgproject.content_rule_all_apparmor_profiles_in_enforce_complain_mode" role="full" time="2026-05-22T23:14:42+05:30" severity="medium" weight="1.000000">
      <result>pass</result>
      <check system="http://oval.mitre.org/XMLSchema/oval-definitions-5">
        <check-content-ref name="oval:ssg-all_apparmor_profiles_in_enforce_complain_mode:def:1" href="ssg-ubuntu2404-oval.xml"/>
      </check>
    </rule-result>
    <rule-result idref="xccdf_org.ssgproject.content_rule_grub2_enable_apparmor" role="full" time="2026-05-22T23:14:42+05:30" severity="medium" weight="1.000000">
      <result>pass</result>
      <check system="http://oval.mitre.org/XMLSchema/oval-definitions-5">
        <check-content-ref name="oval:ssg-grub2_enable_apparmor:def:1" href="ssg-ubuntu2404-oval.xml"/>
      </check>
    </rule-result>
    <rule-result idref="xccdf_org.ssgproject.content_rule_file_owner_grub2_cfg" role="full" time="2026-05-22T23:14:42+05:30" severity="medium" weight="1.000000">
      <result>notapplicable</result>
    </rule-result>
    <rule-result idref="xccdf_org.ssgproject.content_rule_file_permissions_grub2_cfg" role="full" time="2026-05-22T23:14:42+05:30" severity="medium" weight="1.000000">
      <result>notapplicable</result>
    </rule-result>
    <rule-result idref="xccdf_org.ssgproject.content_rule_grub2_password" role="full" time="2026-05-22T23:14:42+05:30" severity="high" weight="1.000000">
      <result>notapplicable</result>
    </rule-result>
    <rule-result idref="xccdf_org.ssgproject.content_rule_grub2_uefi_password" role="full" time="2026-05-22T23:14:42+05:30" severity="high" weight="1.000000">
      <result>fail</result>
      <check system="http://oval.mitre.org/XMLSchema/oval-definitions-5">
        <check-content-ref name="oval:ssg-grub2_uefi_password:def:1" href="ssg-ubuntu2404-oval.xml"/>
      </check>
    </rule-result>
    <rule-result idref="xccdf_org.ssgproject.content_rule_zipl_audit_argument" role="full" time="2026-05-22T23:14:42+05:30" severity="medium" weight="1.000000">
      <result>notselected</result>
    </rule-result>
    <rule-result idref="xccdf_org.ssgproject.content_rule_zipl_audit_backlog_limit_argument" role="full" time="2026-05-22T23:14:42+05:30" severity="medium" weight="1.000000">
      <result>notselected</result>
    </rule-result>
    <rule-result idref="xccdf_org.ssgproject.content_rule_package_rsyslog_installed" role="full" time="2026-05-22T23:14:42+05:30" severity="medium" weight="1.000000">
      <result>pass</result>
      <check system="http://oval.mitre.org/XMLSchema/oval-definitions-5">
        <check-content-ref name="oval:ssg-package_rsyslog_installed:def:1" href="ssg-ubuntu2404-oval.xml"/>
      </check>
    </rule-result>
    <rule-result idref="xccdf_org.ssgproject.content_rule_service_rsyslog_enabled" role="full" time="2026-05-22T23:14:44+05:30" severity="medium" weight="1.000000">
      <result>pass</result>
      <check system="http://oval.mitre.org/XMLSchema/oval-definitions-5">
        <check-content-ref name="oval:ssg-service_rsyslog_enabled:def:1" href="ssg-ubuntu2404-oval.xml"/>
      </check>
    </rule-result>
    <rule-result idref="xccdf_org.ssgproject.content_rule_logging_services_active" role="full" time="2026-05-22T23:14:44+05:30" severity="medium" weight="1.000000">
      <result>pass</result>
      <check system="http://oval.mitre.org/XMLSchema/oval-definitions-5">
        <check-content-ref name="oval:ssg-logging_services_active:def:1" href="ssg-ubuntu2404-oval.xml"/>
      </check>
    </rule-result>
    <rule-result idref="xccdf_org.ssgproject.content_rule_rsyslog_filecreatemode" role="full" time="2026-05-22T23:14:44+05:30" severity="medium" weight="1.000000">
      <result>pass</result>
      <check system="http://oval.mitre.org/XMLSchema/oval-definitions-5">
        <check-content-ref name="oval:ssg-rsyslog_filecreatemode:def:1" href="ssg-ubuntu2404-oval.xml"/>
      </check>
    </rule-result>
    <rule-result idref="xccdf_org.ssgproject.content_rule_package_systemd-journal-remote_installed" role="full" time="2026-05-22T23:14:44+05:30" severity="medium" weight="1.000000">
      <result>pass</result>
      <check system="http://oval.mitre.org/XMLSchema/oval-definitions-5">
        <check-content-ref name="oval:ssg-package_systemd-journal-remote_installed:def:1" href="ssg-ubuntu2404-oval.xml"/>
      </check>
    </rule-result>
    <rule-result idref="xccdf_org.ssgproject.content_rule_service_systemd-journal-upload_enabled" role="full" time="2026-05-22T23:14:46+05:30" severity="medium" weight="1.000000">
      <result>fail</result>
      <check system="http://oval.mitre.org/XMLSchema/oval-definitions-5">
        <check-content-ref name="oval:ssg-service_systemd-journal-upload_enabled:def:1" href="ssg-ubuntu2404-oval.xml"/>
      </check>
    </rule-result>
    <rule-result idref="xccdf_org.ssgproject.content_rule_service_systemd-journald_enabled" role="full" time="2026-05-22T23:14:48+05:30" severity="medium" weight="1.000000">
      <result>pass</result>
      <check system="http://oval.mitre.org/XMLSchema/oval-definitions-5">
        <check-content-ref name="oval:ssg-service_systemd-journald_enabled:def:1" href="ssg-ubuntu2404-oval.xml"/>
      </check>
    </rule-result>
    <rule-result idref="xccdf_org.ssgproject.content_rule_journald_compress" role="full" time="2026-05-22T23:14:48+05:30" severity="medium" weight="1.000000">
      <result>pass</result>
      <check system="http://oval.mitre.org/XMLSchema/oval-definitions-5">
        <check-content-ref name="oval:ssg-journald_compress:def:1" href="ssg-ubuntu2404-oval.xml"/>
      </check>
    </rule-result>
    <rule-result idref="xccdf_org.ssgproject.content_rule_journald_disable_forward_to_syslog" role="full" time="2026-05-22T23:14:48+05:30" severity="medium" weight="1.000000">
      <result>fail</result>
      <check system="http://oval.mitre.org/XMLSchema/oval-definitions-5">
        <check-content-ref name="oval:ssg-journald_disable_forward_to_syslog:def:1" href="ssg-ubuntu2404-oval.xml"/>
      </check>
    </rule-result>
    <rule-result idref="xccdf_org.ssgproject.content_rule_journald_forward_to_syslog" role="full" time="2026-05-22T23:14:48+05:30" severity="medium" weight="1.000000">
      <result>pass</result>
      <check system="http://oval.mitre.org/XMLSchema/oval-definitions-5">
        <check-content-ref name="oval:ssg-journald_forward_to_syslog:def:1" href="ssg-ubuntu2404-oval.xml"/>
      </check>
    </rule-result>
    <rule-result idref="xccdf_org.ssgproject.content_rule_journald_storage" role="full" time="2026-05-22T23:14:48+05:30" severity="medium" weight="1.000000">
      <result>pass</result>
      <check system="http://oval.mitre.org/XMLSchema/oval-definitions-5">
        <check-content-ref name="oval:ssg-journald_storage:def:1" href="ssg-ubuntu2404-oval.xml"/>
      </check>
    </rule-result>
    <rule-result idref="xccdf_org.ssgproject.content_rule_socket_systemd-journal-remote_disabled" role="full" time="2026-05-22T23:14:49+05:30" severity="medium" weight="1.000000">
      <result>fail</result>
      <check system="http://oval.mitre.org/XMLSchema/oval-definitions-5">
        <check-content-ref name="oval:ssg-socket_systemd-journal-remote_disabled:def:1" href="ssg-ubuntu2404-oval.xml"/>
      </check>
    </rule-result>
    <rule-result idref="xccdf_org.ssgproject.content_rule_systemd_journal_upload_server_tls" role="full" time="2026-05-22T23:14:49+05:30" severity="medium" weight="1.000000">
      <result>pass</result>
      <check system="http://oval.mitre.org/XMLSchema/oval-definitions-5">
        <check-export export-name="oval:ssg-var_journal_upload_server_trusted_certificate_file:var:1" value-id="xccdf_org.ssgproject.content_value_var_journal_upload_server_trusted_certificate_file"/>
        <check-export export-name="oval:ssg-var_journal_upload_server_key_file:var:1" value-id="xccdf_org.ssgproject.content_value_var_journal_upload_server_key_file"/>
        <check-export export-name="oval:ssg-var_journal_upload_server_certificate_file:var:1" value-id="xccdf_org.ssgproject.content_value_var_journal_upload_server_certificate_file"/>
        <check-content-ref name="oval:ssg-systemd_journal_upload_server_tls:def:1" href="ssg-ubuntu2404-oval.xml"/>
      </check>
    </rule-result>
    <rule-result idref="xccdf_org.ssgproject.content_rule_systemd_journal_upload_url" role="full" time="2026-05-22T23:14:49+05:30" severity="medium" weight="1.000000">
      <result>pass</result>
      <check system="http://oval.mitre.org/XMLSchema/oval-definitions-5">
        <check-export export-name="oval:ssg-var_journal_upload_url:var:1" value-id="xccdf_org.ssgproject.content_value_var_journal_upload_url"/>
        <check-content-ref name="oval:ssg-systemd_journal_upload_url:def:1" href="ssg-ubuntu2404-oval.xml"/>
      </check>
    </rule-result>
    <rule-result idref="xccdf_org.ssgproject.content_rule_rsyslog_nolisten" role="full" time="2026-05-22T23:14:49+05:30" severity="medium" weight="1.000000">
      <result>pass</result>
      <check system="http://oval.mitre.org/XMLSchema/oval-definitions-5">
        <check-content-ref name="oval:ssg-rsyslog_nolisten:def:1" href="ssg-ubuntu2404-oval.xml"/>
      </check>
    </rule-result>
    <rule-result idref="xccdf_org.ssgproject.content_rule_rsyslog_remote_loghost" role="full" time="2026-05-22T23:14:49+05:30" severity="medium" weight="1.000000">
      <result>notselected</result>
    </rule-result>
    <rule-result idref="xccdf_org.ssgproject.content_rule_firewall_single_service_active" role="full" time="2026-05-22T23:14:50+05:30" severity="medium" weight="1.000000">
      <result>fail</result>
      <check system="http://oval.mitre.org/XMLSchema/oval-definitions-5">
        <check-content-ref name="oval:ssg-firewall_single_service_active:def:1" href="ssg-ubuntu2404-oval.xml"/>
      </check>
    </rule-result>
    <rule-result idref="xccdf_org.ssgproject.content_rule_package_iptables-persistent_installed" role="full" time="2026-05-22T23:14:50+05:30" severity="medium" weight="1.000000">
      <result>pass</result>
      <check system="http://oval.mitre.org/XMLSchema/oval-definitions-5">
        <check-content-ref name="oval:ssg-package_iptables-persistent_installed:def:1" href="ssg-ubuntu2404-oval.xml"/>
      </check>
    </rule-result>
    <rule-result idref="xccdf_org.ssgproject.content_rule_package_iptables_installed" role="full" time="2026-05-22T23:14:51+05:30" severity="medium" weight="1.000000">
      <result>notapplicable</result>
    </rule-result>
    <rule-result idref="xccdf_org.ssgproject.content_rule_package_iptables-persistent_removed" role="full" time="2026-05-22T23:14:51+05:30" severity="medium" weight="1.000000">
      <result>notapplicable</result>
    </rule-result>
    <rule-result idref="xccdf_org.ssgproject.content_rule_set_ip6tables_default_rule" role="full" time="2026-05-22T23:14:51+05:30" severity="medium" weight="1.000000">
      <result>notapplicable</result>
    </rule-result>
    <rule-result idref="xccdf_org.ssgproject.content_rule_set_ipv6_loopback_traffic" role="full" time="2026-05-22T23:14:51+05:30" severity="medium" weight="1.000000">
      <result>notapplicable</result>
    </rule-result>
    <rule-result idref="xccdf_org.ssgproject.content_rule_set_loopback_traffic" role="full" time="2026-05-22T23:14:51+05:30" severity="medium" weight="1.000000">
      <result>notapplicable</result>
    </rule-result>
    <rule-result idref="xccdf_org.ssgproject.content_rule_ip6tables_rules_for_open_ports" role="full" time="2026-05-22T23:14:51+05:30" severity="medium" weight="1.000000">
      <result>notapplicable</result>
    </rule-result>
    <rule-result idref="xccdf_org.ssgproject.content_rule_iptables_rules_for_open_ports" role="full" time="2026-05-22T23:14:51+05:30" severity="medium" weight="1.000000">
      <result>notapplicable</result>
    </rule-result>
    <rule-result idref="xccdf_org.ssgproject.content_rule_set_iptables_default_rule" role="full" time="2026-05-22T23:14:51+05:30" severity="medium" weight="1.000000">
      <result>notapplicable</result>
    </rule-result>
    <rule-result idref="xccdf_org.ssgproject.content_rule_sysctl_net_ipv6_conf_all_accept_ra" role="full" time="2026-05-22T23:14:51+05:30" severity="medium" weight="1.000000">
      <result>pass</result>
      <check system="http://oval.mitre.org/XMLSchema/oval-definitions-5">
        <check-export export-name="oval:ssg-sysctl_net_ipv6_conf_all_accept_ra_value:var:1" value-id="xccdf_org.ssgproject.content_value_sysctl_net_ipv6_conf_all_accept_ra_value"/>
        <check-content-ref name="oval:ssg-sysctl_net_ipv6_conf_all_accept_ra:def:1" href="ssg-ubuntu2404-oval.xml"/>
      </check>
    </rule-result>
    <rule-result idref="xccdf_org.ssgproject.content_rule_sysctl_net_ipv6_conf_all_accept_redirects" role="full" time="2026-05-22T23:14:51+05:30" severity="medium" weight="1.000000">
      <result>pass</result>
      <check system="http://oval.mitre.org/XMLSchema/oval-definitions-5">
        <check-export export-name="oval:ssg-sysctl_net_ipv6_conf_all_accept_redirects_value:var:1" value-id="xccdf_org.ssgproject.content_value_sysctl_net_ipv6_conf_all_accept_redirects_value"/>
        <check-content-ref name="oval:ssg-sysctl_net_ipv6_conf_all_accept_redirects:def:1" href="ssg-ubuntu2404-oval.xml"/>
      </check>
    </rule-result>
    <rule-result idref="xccdf_org.ssgproject.content_rule_sysctl_net_ipv6_conf_all_accept_source_route" role="full" time="2026-05-22T23:14:51+05:30" severity="medium" weight="1.000000">
      <result>pass</result>
      <check system="http://oval.mitre.org/XMLSchema/oval-definitions-5">
        <check-export export-name="oval:ssg-sysctl_net_ipv6_conf_all_accept_source_route_value:var:1" value-id="xccdf_org.ssgproject.content_value_sysctl_net_ipv6_conf_all_accept_source_route_value"/>
        <check-content-ref name="oval:ssg-sysctl_net_ipv6_conf_all_accept_source_route:def:1" href="ssg-ubuntu2404-oval.xml"/>
      </check>
    </rule-result>
    <rule-result idref="xccdf_org.ssgproject.content_rule_sysctl_net_ipv6_conf_all_forwarding" role="full" time="2026-05-22T23:14:51+05:30" severity="medium" weight="1.000000">
      <result>pass</result>
      <check system="http://oval.mitre.org/XMLSchema/oval-definitions-5">
        <check-export export-name="oval:ssg-sysctl_net_ipv6_conf_all_forwarding_value:var:1" value-id="xccdf_org.ssgproject.content_value_sysctl_net_ipv6_conf_all_forwarding_value"/>
        <check-content-ref name="oval:ssg-sysctl_net_ipv6_conf_all_forwarding:def:1" href="ssg-ubuntu2404-oval.xml"/>
      </check>
    </rule-result>
    <rule-result idref="xccdf_org.ssgproject.content_rule_sysctl_net_ipv6_conf_default_accept_ra" role="full" time="2026-05-22T23:14:51+05:30" severity="medium" weight="1.000000">
      <result>pass</result>
      <check system="http://oval.mitre.org/XMLSchema/oval-definitions-5">
        <check-export export-name="oval:ssg-sysctl_net_ipv6_conf_default_accept_ra_value:var:1" value-id="xccdf_org.ssgproject.content_value_sysctl_net_ipv6_conf_default_accept_ra_value"/>
        <check-content-ref name="oval:ssg-sysctl_net_ipv6_conf_default_accept_ra:def:1" href="ssg-ubuntu2404-oval.xml"/>
      </check>
    </rule-result>
    <rule-result idref="xccdf_org.ssgproject.content_rule_sysctl_net_ipv6_conf_default_accept_redirects" role="full" time="2026-05-22T23:14:51+05:30" severity="medium" weight="1.000000">
      <result>pass</result>
      <check system="http://oval.mitre.org/XMLSchema/oval-definitions-5">
        <check-export export-name="oval:ssg-sysctl_net_ipv6_conf_default_accept_redirects_value:var:1" value-id="xccdf_org.ssgproject.content_value_sysctl_net_ipv6_conf_default_accept_redirects_value"/>
        <check-content-ref name="oval:ssg-sysctl_net_ipv6_conf_default_accept_redirects:def:1" href="ssg-ubuntu2404-oval.xml"/>
      </check>
    </rule-result>
    <rule-result idref="xccdf_org.ssgproject.content_rule_sysctl_net_ipv6_conf_default_accept_source_route" role="full" time="2026-05-22T23:14:52+05:30" severity="medium" weight="1.000000">
      <result>pass</result>
      <check system="http://oval.mitre.org/XMLSchema/oval-definitions-5">
        <check-export export-name="oval:ssg-sysctl_net_ipv6_conf_default_accept_source_route_value:var:1" value-id="xccdf_org.ssgproject.content_value_sysctl_net_ipv6_conf_default_accept_source_route_value"/>
        <check-content-ref name="oval:ssg-sysctl_net_ipv6_conf_default_accept_source_route:def:1" href="ssg-ubuntu2404-oval.xml"/>
      </check>
    </rule-result>
    <rule-result idref="xccdf_org.ssgproject.content_rule_sysctl_net_ipv4_conf_all_accept_redirects" role="full" time="2026-05-22T23:14:52+05:30" severity="medium" weight="1.000000">
      <result>pass</result>
      <check system="http://oval.mitre.org/XMLSchema/oval-definitions-5">
        <check-export export-name="oval:ssg-sysctl_net_ipv4_conf_all_accept_redirects_value:var:1" value-id="xccdf_org.ssgproject.content_value_sysctl_net_ipv4_conf_all_accept_redirects_value"/>
        <check-content-ref name="oval:ssg-sysctl_net_ipv4_conf_all_accept_redirects:def:1" href="ssg-ubuntu2404-oval.xml"/>
      </check>
    </rule-result>
    <rule-result idref="xccdf_org.ssgproject.content_rule_sysctl_net_ipv4_conf_all_accept_source_route" role="full" time="2026-05-22T23:14:52+05:30" severity="medium" weight="1.000000">
      <result>pass</result>
      <check system="http://oval.mitre.org/XMLSchema/oval-definitions-5">
        <check-export export-name="oval:ssg-sysctl_net_ipv4_conf_all_accept_source_route_value:var:1" value-id="xccdf_org.ssgproject.content_value_sysctl_net_ipv4_conf_all_accept_source_route_value"/>
        <check-content-ref name="oval:ssg-sysctl_net_ipv4_conf_all_accept_source_route:def:1" href="ssg-ubuntu2404-oval.xml"/>
      </check>
    </rule-result>
    <rule-result idref="xccdf_org.ssgproject.content_rule_sysctl_net_ipv4_conf_all_log_martians" role="full" time="2026-05-22T23:14:52+05:30" severity="unknown" weight="1.000000">
      <result>pass</result>
      <check system="http://oval.mitre.org/XMLSchema/oval-definitions-5">
        <check-export export-name="oval:ssg-sysctl_net_ipv4_conf_all_log_martians_value:var:1" value-id="xccdf_org.ssgproject.content_value_sysctl_net_ipv4_conf_all_log_martians_value"/>
        <check-content-ref name="oval:ssg-sysctl_net_ipv4_conf_all_log_martians:def:1" href="ssg-ubuntu2404-oval.xml"/>
      </check>
    </rule-result>
    <rule-result idref="xccdf_org.ssgproject.content_rule_sysctl_net_ipv4_conf_all_rp_filter" role="full" time="2026-05-22T23:14:52+05:30" severity="medium" weight="1.000000">
      <result>pass</result>
      <check system="http://oval.mitre.org/XMLSchema/oval-definitions-5">
        <check-export export-name="oval:ssg-sysctl_net_ipv4_conf_all_rp_filter_value:var:1" value-id="xccdf_org.ssgproject.content_value_sysctl_net_ipv4_conf_all_rp_filter_value"/>
        <check-content-ref name="oval:ssg-sysctl_net_ipv4_conf_all_rp_filter:def:1" href="ssg-ubuntu2404-oval.xml"/>
      </check>
    </rule-result>
    <rule-result idref="xccdf_org.ssgproject.content_rule_sysctl_net_ipv4_conf_all_secure_redirects" role="full" time="2026-05-22T23:14:52+05:30" severity="medium" weight="1.000000">
      <result>pass</result>
      <check system="http://oval.mitre.org/XMLSchema/oval-definitions-5">
        <check-export export-name="oval:ssg-sysctl_net_ipv4_conf_all_secure_redirects_value:var:1" value-id="xccdf_org.ssgproject.content_value_sysctl_net_ipv4_conf_all_secure_redirects_value"/>
        <check-content-ref name="oval:ssg-sysctl_net_ipv4_conf_all_secure_redirects:def:1" href="ssg-ubuntu2404-oval.xml"/>
      </check>
    </rule-result>
    <rule-result idref="xccdf_org.ssgproject.content_rule_sysctl_net_ipv4_conf_default_accept_redirects" role="full" time="2026-05-22T23:14:52+05:30" severity="medium" weight="1.000000">
      <result>pass</result>
      <check system="http://oval.mitre.org/XMLSchema/oval-definitions-5">
        <check-export export-name="oval:ssg-sysctl_net_ipv4_conf_default_accept_redirects_value:var:1" value-id="xccdf_org.ssgproject.content_value_sysctl_net_ipv4_conf_default_accept_redirects_value"/>
        <check-content-ref name="oval:ssg-sysctl_net_ipv4_conf_default_accept_redirects:def:1" href="ssg-ubuntu2404-oval.xml"/>
      </check>
    </rule-result>
    <rule-result idref="xccdf_org.ssgproject.content_rule_sysctl_net_ipv4_conf_default_accept_source_route" role="full" time="2026-05-22T23:14:52+05:30" severity="medium" weight="1.000000">
      <result>pass</result>
      <check system="http://oval.mitre.org/XMLSchema/oval-definitions-5">
        <check-export export-name="oval:ssg-sysctl_net_ipv4_conf_default_accept_source_route_value:var:1" value-id="xccdf_org.ssgproject.content_value_sysctl_net_ipv4_conf_default_accept_source_route_value"/>
        <check-content-ref name="oval:ssg-sysctl_net_ipv4_conf_default_accept_source_route:def:1" href="ssg-ubuntu2404-oval.xml"/>
      </check>
    </rule-result>
    <rule-result idref="xccdf_org.ssgproject.content_rule_sysctl_net_ipv4_conf_default_log_martians" role="full" time="2026-05-22T23:14:52+05:30" severity="unknown" weight="1.000000">
      <result>pass</result>
      <check system="http://oval.mitre.org/XMLSchema/oval-definitions-5">
        <check-export export-name="oval:ssg-sysctl_net_ipv4_conf_default_log_martians_value:var:1" value-id="xccdf_org.ssgproject.content_value_sysctl_net_ipv4_conf_default_log_martians_value"/>
        <check-content-ref name="oval:ssg-sysctl_net_ipv4_conf_default_log_martians:def:1" href="ssg-ubuntu2404-oval.xml"/>
      </check>
    </rule-result>
    <rule-result idref="xccdf_org.ssgproject.content_rule_sysctl_net_ipv4_conf_default_rp_filter" role="full" time="2026-05-22T23:14:52+05:30" severity="medium" weight="1.000000">
      <result>pass</result>
      <check system="http://oval.mitre.org/XMLSchema/oval-definitions-5">
        <check-export export-name="oval:ssg-sysctl_net_ipv4_conf_default_rp_filter_value:var:1" value-id="xccdf_org.ssgproject.content_value_sysctl_net_ipv4_conf_default_rp_filter_value"/>
        <check-content-ref name="oval:ssg-sysctl_net_ipv4_conf_default_rp_filter:def:1" href="ssg-ubuntu2404-oval.xml"/>
      </check>
    </rule-result>
    <rule-result idref="xccdf_org.ssgproject.content_rule_sysctl_net_ipv4_conf_default_secure_redirects" role="full" time="2026-05-22T23:14:52+05:30" severity="medium" weight="1.000000">
      <result>pass</result>
      <check system="http://oval.mitre.org/XMLSchema/oval-definitions-5">
        <check-export export-name="oval:ssg-sysctl_net_ipv4_conf_default_secure_redirects_value:var:1" value-id="xccdf_org.ssgproject.content_value_sysctl_net_ipv4_conf_default_secure_redirects_value"/>
        <check-content-ref name="oval:ssg-sysctl_net_ipv4_conf_default_secure_redirects:def:1" href="ssg-ubuntu2404-oval.xml"/>
      </check>
    </rule-result>
    <rule-result idref="xccdf_org.ssgproject.content_rule_sysctl_net_ipv4_icmp_echo_ignore_broadcasts" role="full" time="2026-05-22T23:14:52+05:30" severity="medium" weight="1.000000">
      <result>pass</result>
      <check system="http://oval.mitre.org/XMLSchema/oval-definitions-5">
        <check-export export-name="oval:ssg-sysctl_net_ipv4_icmp_echo_ignore_broadcasts_value:var:1" value-id="xccdf_org.ssgproject.content_value_sysctl_net_ipv4_icmp_echo_ignore_broadcasts_value"/>
        <check-content-ref name="oval:ssg-sysctl_net_ipv4_icmp_echo_ignore_broadcasts:def:1" href="ssg-ubuntu2404-oval.xml"/>
      </check>
    </rule-result>
    <rule-result idref="xccdf_org.ssgproject.content_rule_sysctl_net_ipv4_icmp_ignore_bogus_error_responses" role="full" time="2026-05-22T23:14:52+05:30" severity="unknown" weight="1.000000">
      <result>pass</result>
      <check system="http://oval.mitre.org/XMLSchema/oval-definitions-5">
        <check-export export-name="oval:ssg-sysctl_net_ipv4_icmp_ignore_bogus_error_responses_value:var:1" value-id="xccdf_org.ssgproject.content_value_sysctl_net_ipv4_icmp_ignore_bogus_error_responses_value"/>
        <check-content-ref name="oval:ssg-sysctl_net_ipv4_icmp_ignore_bogus_error_responses:def:1" href="ssg-ubuntu2404-oval.xml"/>
      </check>
    </rule-result>
    <rule-result idref="xccdf_org.ssgproject.content_rule_sysctl_net_ipv4_tcp_syncookies" role="full" time="2026-05-22T23:14:52+05:30" severity="medium" weight="1.000000">
      <result>pass</result>
      <check system="http://oval.mitre.org/XMLSchema/oval-definitions-5">
        <check-export export-name="oval:ssg-sysctl_net_ipv4_tcp_syncookies_value:var:1" value-id="xccdf_org.ssgproject.content_value_sysctl_net_ipv4_tcp_syncookies_value"/>
        <check-content-ref name="oval:ssg-sysctl_net_ipv4_tcp_syncookies:def:1" href="ssg-ubuntu2404-oval.xml"/>
      </check>
    </rule-result>
    <rule-result idref="xccdf_org.ssgproject.content_rule_sysctl_net_ipv4_conf_all_send_redirects" role="full" time="2026-05-22T23:14:52+05:30" severity="medium" weight="1.000000">
      <result>pass</result>
      <check system="http://oval.mitre.org/XMLSchema/oval-definitions-5">
        <check-content-ref name="oval:ssg-sysctl_net_ipv4_conf_all_send_redirects:def:1" href="ssg-ubuntu2404-oval.xml"/>
      </check>
    </rule-result>
    <rule-result idref="xccdf_org.ssgproject.content_rule_sysctl_net_ipv4_conf_default_send_redirects" role="full" time="2026-05-22T23:14:52+05:30" severity="medium" weight="1.000000">
      <result>pass</result>
      <check system="http://oval.mitre.org/XMLSchema/oval-definitions-5">
        <check-content-ref name="oval:ssg-sysctl_net_ipv4_conf_default_send_redirects:def:1" href="ssg-ubuntu2404-oval.xml"/>
      </check>
    </rule-result>
    <rule-result idref="xccdf_org.ssgproject.content_rule_sysctl_net_ipv4_ip_forward" role="full" time="2026-05-22T23:14:52+05:30" severity="medium" weight="1.000000">
      <result>pass</result>
      <check system="http://oval.mitre.org/XMLSchema/oval-definitions-5">
        <check-content-ref name="oval:ssg-sysctl_net_ipv4_ip_forward:def:1" href="ssg-ubuntu2404-oval.xml"/>
      </check>
    </rule-result>
    <rule-result idref="xccdf_org.ssgproject.content_rule_package_nftables_installed" role="full" time="2026-05-22T23:14:54+05:30" severity="medium" weight="1.000000">
      <result>notapplicable</result>
    </rule-result>
    <rule-result idref="xccdf_org.ssgproject.content_rule_service_nftables_enabled" role="full" time="2026-05-22T23:14:57+05:30" severity="medium" weight="1.000000">
      <result>pass</result>
      <check system="http://oval.mitre.org/XMLSchema/oval-definitions-5">
        <check-export export-name="oval:ssg-var_network_filtering_service:var:1" value-id="xccdf_org.ssgproject.content_value_var_network_filtering_service"/>
        <check-content-ref name="oval:ssg-service_nftables_enabled:def:1" href="ssg-ubuntu2404-oval.xml"/>
      </check>
    </rule-result>
    <rule-result idref="xccdf_org.ssgproject.content_rule_service_nftables_disabled" role="full" time="2026-05-22T23:14:57+05:30" severity="medium" weight="1.000000">
      <result>notapplicable</result>
    </rule-result>
    <rule-result idref="xccdf_org.ssgproject.content_rule_nftables_ensure_default_deny_policy" role="full" time="2026-05-22T23:14:58+05:30" severity="medium" weight="1.000000">
      <result>notchecked</result>
      <message severity="info">No candidate or applicable check found.</message>
    </rule-result>
    <rule-result idref="xccdf_org.ssgproject.content_rule_nftables_rules_permanent" role="full" time="2026-05-22T23:14:58+05:30" severity="medium" weight="1.000000">
      <result>notselected</result>
    </rule-result>
    <rule-result idref="xccdf_org.ssgproject.content_rule_set_nftables_base_chain" role="full" time="2026-05-22T23:14:58+05:30" severity="medium" weight="1.000000">
      <result>notchecked</result>
      <message severity="info">No candidate or applicable check found.</message>
    </rule-result>
    <rule-result idref="xccdf_org.ssgproject.content_rule_set_nftables_loopback_traffic" role="full" time="2026-05-22T23:14:58+05:30" severity="medium" weight="1.000000">
      <result>notchecked</result>
      <message severity="info">No candidate or applicable check found.</message>
    </rule-result>
    <rule-result idref="xccdf_org.ssgproject.content_rule_set_nftables_table" role="full" time="2026-05-22T23:14:58+05:30" severity="medium" weight="1.000000">
      <result>notchecked</result>
      <message severity="info">No candidate or applicable check found.</message>
    </rule-result>
    <rule-result idref="xccdf_org.ssgproject.content_rule_package_ufw_installed" role="full" time="2026-05-22T23:14:58+05:30" severity="medium" weight="1.000000">
      <result>pass</result>
      <check system="http://oval.mitre.org/XMLSchema/oval-definitions-5">
        <check-export export-name="oval:ssg-var_network_filtering_service:var:1" value-id="xccdf_org.ssgproject.content_value_var_network_filtering_service"/>
        <check-content-ref name="oval:ssg-package_ufw_installed:def:1" href="ssg-ubuntu2404-oval.xml"/>
      </check>
    </rule-result>
    <rule-result idref="xccdf_org.ssgproject.content_rule_package_ufw_removed" role="full" time="2026-05-22T23:14:58+05:30" severity="medium" weight="1.000000">
      <result>pass</result>
      <check system="http://oval.mitre.org/XMLSchema/oval-definitions-5">
        <check-export export-name="oval:ssg-var_network_filtering_service:var:1" value-id="xccdf_org.ssgproject.content_value_var_network_filtering_service"/>
        <check-content-ref name="oval:ssg-package_ufw_removed:def:1" href="ssg-ubuntu2404-oval.xml"/>
      </check>
    </rule-result>
    <rule-result idref="xccdf_org.ssgproject.content_rule_service_ufw_enabled" role="full" time="2026-05-22T23:14:58+05:30" severity="medium" weight="1.000000">
      <result>notapplicable</result>
    </rule-result>
    <rule-result idref="xccdf_org.ssgproject.content_rule_check_ufw_active" role="full" time="2026-05-22T23:14:58+05:30" severity="medium" weight="1.000000">
      <result>notapplicable</result>
    </rule-result>
    <rule-result idref="xccdf_org.ssgproject.content_rule_set_ufw_default_rule" role="full" time="2026-05-22T23:14:58+05:30" severity="medium" weight="1.000000">
      <result>notapplicable</result>
    </rule-result>
    <rule-result idref="xccdf_org.ssgproject.content_rule_set_ufw_loopback_traffic" role="full" time="2026-05-22T23:14:58+05:30" severity="medium" weight="1.000000">
      <result>notapplicable</result>
    </rule-result>
    <rule-result idref="xccdf_org.ssgproject.content_rule_ufw_rules_for_open_ports" role="full" time="2026-05-22T23:14:58+05:30" severity="medium" weight="1.000000">
      <result>notapplicable</result>
    </rule-result>
    <rule-result idref="xccdf_org.ssgproject.content_rule_kernel_module_dccp_disabled" role="full" time="2026-05-22T23:14:58+05:30" severity="medium" weight="1.000000">
      <result>notselected</result>
    </rule-result>
    <rule-result idref="xccdf_org.ssgproject.content_rule_kernel_module_rds_disabled" role="full" time="2026-05-22T23:14:58+05:30" severity="low" weight="1.000000">
      <result>notselected</result>
    </rule-result>
    <rule-result idref="xccdf_org.ssgproject.content_rule_kernel_module_sctp_disabled" role="full" time="2026-05-22T23:14:58+05:30" severity="medium" weight="1.000000">
      <result>notselected</result>
    </rule-result>
    <rule-result idref="xccdf_org.ssgproject.content_rule_kernel_module_tipc_disabled" role="full" time="2026-05-22T23:14:58+05:30" severity="low" weight="1.000000">
      <result>notselected</result>
    </rule-result>
    <rule-result idref="xccdf_org.ssgproject.content_rule_service_bluetooth_disabled" role="full" time="2026-05-22T23:14:58+05:30" severity="medium" weight="1.000000">
      <result>notselected</result>
    </rule-result>
    <rule-result idref="xccdf_org.ssgproject.content_rule_wireless_disable_interfaces" role="full" time="2026-05-22T23:14:58+05:30" severity="medium" weight="1.000000">
      <result>notselected</result>
    </rule-result>
    <rule-result idref="xccdf_org.ssgproject.content_rule_file_permissions_unauthorized_world_writable" role="full" time="2026-05-22T23:14:58+05:30" severity="medium" weight="1.000000">
      <result>notchecked</result>
      <message severity="info">No candidate or applicable check found.</message>
    </rule-result>
    <rule-result idref="xccdf_org.ssgproject.content_rule_file_permissions_ungroupowned" role="full" time="2026-05-22T23:14:58+05:30" severity="medium" weight="1.000000">
      <result>notchecked</result>
      <message severity="info">No candidate or applicable check found.</message>
    </rule-result>
    <rule-result idref="xccdf_org.ssgproject.content_rule_no_files_unowned_by_user" role="full" time="2026-05-22T23:14:58+05:30" severity="medium" weight="1.000000">
      <result>notchecked</result>
      <message severity="info">No candidate or applicable check found.</message>
    </rule-result>
    <rule-result idref="xccdf_org.ssgproject.content_rule_permissions_local_var_log" role="full" time="2026-05-22T23:14:58+05:30" severity="medium" weight="1.000000">
      <result>notselected</result>
    </rule-result>
    <rule-result idref="xccdf_org.ssgproject.content_rule_file_groupowner_backup_etc_group" role="full" time="2026-05-22T23:14:58+05:30" severity="medium" weight="1.000000">
      <result>pass</result>
      <check system="http://oval.mitre.org/XMLSchema/oval-definitions-5">
        <check-content-ref name="oval:ssg-file_groupowner_backup_etc_group:def:1" href="ssg-ubuntu2404-oval.xml"/>
      </check>
    </rule-result>
    <rule-result idref="xccdf_org.ssgproject.content_rule_file_groupowner_backup_etc_gshadow" role="full" time="2026-05-22T23:14:58+05:30" severity="medium" weight="1.000000">
      <result>pass</result>
      <check system="http://oval.mitre.org/XMLSchema/oval-definitions-5">
        <check-content-ref name="oval:ssg-file_groupowner_backup_etc_gshadow:def:1" href="ssg-ubuntu2404-oval.xml"/>
      </check>
    </rule-result>
    <rule-result idref="xccdf_org.ssgproject.content_rule_file_groupowner_backup_etc_passwd" role="full" time="2026-05-22T23:14:58+05:30" severity="medium" weight="1.000000">
      <result>pass</result>
      <check system="http://oval.mitre.org/XMLSchema/oval-definitions-5">
        <check-content-ref name="oval:ssg-file_groupowner_backup_etc_passwd:def:1" href="ssg-ubuntu2404-oval.xml"/>
      </check>
    </rule-result>
    <rule-result idref="xccdf_org.ssgproject.content_rule_file_groupowner_backup_etc_shadow" role="full" time="2026-05-22T23:14:58+05:30" severity="medium" weight="1.000000">
      <result>pass</result>
      <check system="http://oval.mitre.org/XMLSchema/oval-definitions-5">
        <check-content-ref name="oval:ssg-file_groupowner_backup_etc_shadow:def:1" href="ssg-ubuntu2404-oval.xml"/>
      </check>
    </rule-result>
    <rule-result idref="xccdf_org.ssgproject.content_rule_file_groupowner_etc_group" role="full" time="2026-05-22T23:14:58+05:30" severity="medium" weight="1.000000">
      <result>pass</result>
      <check system="http://oval.mitre.org/XMLSchema/oval-definitions-5">
        <check-content-ref name="oval:ssg-file_groupowner_etc_group:def:1" href="ssg-ubuntu2404-oval.xml"/>
      </check>
    </rule-result>
    <rule-result idref="xccdf_org.ssgproject.content_rule_file_groupowner_etc_gshadow" role="full" time="2026-05-22T23:14:58+05:30" severity="medium" weight="1.000000">
      <result>pass</result>
      <check system="http://oval.mitre.org/XMLSchema/oval-definitions-5">
        <check-content-ref name="oval:ssg-file_groupowner_etc_gshadow:def:1" href="ssg-ubuntu2404-oval.xml"/>
      </check>
    </rule-result>
    <rule-result idref="xccdf_org.ssgproject.content_rule_file_groupowner_etc_passwd" role="full" time="2026-05-22T23:14:58+05:30" severity="medium" weight="1.000000">
      <result>pass</result>
      <check system="http://oval.mitre.org/XMLSchema/oval-definitions-5">
        <check-content-ref name="oval:ssg-file_groupowner_etc_passwd:def:1" href="ssg-ubuntu2404-oval.xml"/>
      </check>
    </rule-result>
    <rule-result idref="xccdf_org.ssgproject.content_rule_file_groupowner_etc_security_opasswd" role="full" time="2026-05-22T23:14:58+05:30" severity="medium" weight="1.000000">
      <result>pass</result>
      <check system="http://oval.mitre.org/XMLSchema/oval-definitions-5">
        <check-content-ref name="oval:ssg-file_groupowner_etc_security_opasswd:def:1" href="ssg-ubuntu2404-oval.xml"/>
      </check>
    </rule-result>
    <rule-result idref="xccdf_org.ssgproject.content_rule_file_groupowner_etc_security_opasswd_old" role="full" time="2026-05-22T23:14:58+05:30" severity="medium" weight="1.000000">
      <result>pass</result>
      <check system="http://oval.mitre.org/XMLSchema/oval-definitions-5">
        <check-content-ref name="oval:ssg-file_groupowner_etc_security_opasswd_old:def:1" href="ssg-ubuntu2404-oval.xml"/>
      </check>
    </rule-result>
    <rule-result idref="xccdf_org.ssgproject.content_rule_file_groupowner_etc_shadow" role="full" time="2026-05-22T23:14:58+05:30" severity="medium" weight="1.000000">
      <result>pass</result>
      <check system="http://oval.mitre.org/XMLSchema/oval-definitions-5">
        <check-content-ref name="oval:ssg-file_groupowner_etc_shadow:def:1" href="ssg-ubuntu2404-oval.xml"/>
      </check>
    </rule-result>
    <rule-result idref="xccdf_org.ssgproject.content_rule_file_groupowner_etc_shells" role="full" time="2026-05-22T23:14:58+05:30" severity="medium" weight="1.000000">
      <result>pass</result>
      <check system="http://oval.mitre.org/XMLSchema/oval-definitions-5">
        <check-content-ref name="oval:ssg-file_groupowner_etc_shells:def:1" href="ssg-ubuntu2404-oval.xml"/>
      </check>
    </rule-result>
    <rule-result idref="xccdf_org.ssgproject.content_rule_file_owner_backup_etc_group" role="full" time="2026-05-22T23:14:58+05:30" severity="medium" weight="1.000000">
      <result>pass</result>
      <check system="http://oval.mitre.org/XMLSchema/oval-definitions-5">
        <check-content-ref name="oval:ssg-file_owner_backup_etc_group:def:1" href="ssg-ubuntu2404-oval.xml"/>
      </check>
    </rule-result>
    <rule-result idref="xccdf_org.ssgproject.content_rule_file_owner_backup_etc_gshadow" role="full" time="2026-05-22T23:14:58+05:30" severity="medium" weight="1.000000">
      <result>pass</result>
      <check system="http://oval.mitre.org/XMLSchema/oval-definitions-5">
        <check-content-ref name="oval:ssg-file_owner_backup_etc_gshadow:def:1" href="ssg-ubuntu2404-oval.xml"/>
      </check>
    </rule-result>
    <rule-result idref="xccdf_org.ssgproject.content_rule_file_owner_backup_etc_passwd" role="full" time="2026-05-22T23:14:58+05:30" severity="medium" weight="1.000000">
      <result>pass</result>
      <check system="http://oval.mitre.org/XMLSchema/oval-definitions-5">
        <check-content-ref name="oval:ssg-file_owner_backup_etc_passwd:def:1" href="ssg-ubuntu2404-oval.xml"/>
      </check>
    </rule-result>
    <rule-result idref="xccdf_org.ssgproject.content_rule_file_owner_backup_etc_shadow" role="full" time="2026-05-22T23:14:58+05:30" severity="medium" weight="1.000000">
      <result>pass</result>
      <check system="http://oval.mitre.org/XMLSchema/oval-definitions-5">
        <check-content-ref name="oval:ssg-file_owner_backup_etc_shadow:def:1" href="ssg-ubuntu2404-oval.xml"/>
      </check>
    </rule-result>
    <rule-result idref="xccdf_org.ssgproject.content_rule_file_owner_etc_group" role="full" time="2026-05-22T23:14:58+05:30" severity="medium" weight="1.000000">
      <result>pass</result>
      <check system="http://oval.mitre.org/XMLSchema/oval-definitions-5">
        <check-content-ref name="oval:ssg-file_owner_etc_group:def:1" href="ssg-ubuntu2404-oval.xml"/>
      </check>
    </rule-result>
    <rule-result idref="xccdf_org.ssgproject.content_rule_file_owner_etc_gshadow" role="full" time="2026-05-22T23:14:58+05:30" severity="medium" weight="1.000000">
      <result>pass</result>
      <check system="http://oval.mitre.org/XMLSchema/oval-definitions-5">
        <check-content-ref name="oval:ssg-file_owner_etc_gshadow:def:1" href="ssg-ubuntu2404-oval.xml"/>
      </check>
    </rule-result>
    <rule-result idref="xccdf_org.ssgproject.content_rule_file_owner_etc_passwd" role="full" time="2026-05-22T23:14:58+05:30" severity="medium" weight="1.000000">
      <result>pass</result>
      <check system="http://oval.mitre.org/XMLSchema/oval-definitions-5">
        <check-content-ref name="oval:ssg-file_owner_etc_passwd:def:1" href="ssg-ubuntu2404-oval.xml"/>
      </check>
    </rule-result>
    <rule-result idref="xccdf_org.ssgproject.content_rule_file_owner_etc_security_opasswd" role="full" time="2026-05-22T23:14:58+05:30" severity="medium" weight="1.000000">
      <result>pass</result>
      <check system="http://oval.mitre.org/XMLSchema/oval-definitions-5">
        <check-content-ref name="oval:ssg-file_owner_etc_security_opasswd:def:1" href="ssg-ubuntu2404-oval.xml"/>
      </check>
    </rule-result>
    <rule-result idref="xccdf_org.ssgproject.content_rule_file_owner_etc_security_opasswd_old" role="full" time="2026-05-22T23:14:58+05:30" severity="medium" weight="1.000000">
      <result>pass</result>
      <check system="http://oval.mitre.org/XMLSchema/oval-definitions-5">
        <check-content-ref name="oval:ssg-file_owner_etc_security_opasswd_old:def:1" href="ssg-ubuntu2404-oval.xml"/>
      </check>
    </rule-result>
    <rule-result idref="xccdf_org.ssgproject.content_rule_file_owner_etc_shadow" role="full" time="2026-05-22T23:14:58+05:30" severity="medium" weight="1.000000">
      <result>pass</result>
      <check system="http://oval.mitre.org/XMLSchema/oval-definitions-5">
        <check-content-ref name="oval:ssg-file_owner_etc_shadow:def:1" href="ssg-ubuntu2404-oval.xml"/>
      </check>
    </rule-result>
    <rule-result idref="xccdf_org.ssgproject.content_rule_file_owner_etc_shells" role="full" time="2026-05-22T23:14:58+05:30" severity="medium" weight="1.000000">
      <result>pass</result>
      <check system="http://oval.mitre.org/XMLSchema/oval-definitions-5">
        <check-content-ref name="oval:ssg-file_owner_etc_shells:def:1" href="ssg-ubuntu2404-oval.xml"/>
      </check>
    </rule-result>
    <rule-result idref="xccdf_org.ssgproject.content_rule_file_permissions_backup_etc_group" role="full" time="2026-05-22T23:14:58+05:30" severity="medium" weight="1.000000">
      <result>pass</result>
      <check system="http://oval.mitre.org/XMLSchema/oval-definitions-5">
        <check-content-ref name="oval:ssg-file_permissions_backup_etc_group:def:1" href="ssg-ubuntu2404-oval.xml"/>
      </check>
    </rule-result>
    <rule-result idref="xccdf_org.ssgproject.content_rule_file_permissions_backup_etc_gshadow" role="full" time="2026-05-22T23:14:58+05:30" severity="medium" weight="1.000000">
      <result>pass</result>
      <check system="http://oval.mitre.org/XMLSchema/oval-definitions-5">
        <check-content-ref name="oval:ssg-file_permissions_backup_etc_gshadow:def:1" href="ssg-ubuntu2404-oval.xml"/>
      </check>
    </rule-result>
    <rule-result idref="xccdf_org.ssgproject.content_rule_file_permissions_backup_etc_passwd" role="full" time="2026-05-22T23:14:58+05:30" severity="medium" weight="1.000000">
      <result>pass</result>
      <check system="http://oval.mitre.org/XMLSchema/oval-definitions-5">
        <check-content-ref name="oval:ssg-file_permissions_backup_etc_passwd:def:1" href="ssg-ubuntu2404-oval.xml"/>
      </check>
    </rule-result>
    <rule-result idref="xccdf_org.ssgproject.content_rule_file_permissions_backup_etc_shadow" role="full" time="2026-05-22T23:14:58+05:30" severity="medium" weight="1.000000">
      <result>pass</result>
      <check system="http://oval.mitre.org/XMLSchema/oval-definitions-5">
        <check-content-ref name="oval:ssg-file_permissions_backup_etc_shadow:def:1" href="ssg-ubuntu2404-oval.xml"/>
      </check>
    </rule-result>
    <rule-result idref="xccdf_org.ssgproject.content_rule_file_permissions_etc_group" role="full" time="2026-05-22T23:14:58+05:30" severity="medium" weight="1.000000">
      <result>pass</result>
      <check system="http://oval.mitre.org/XMLSchema/oval-definitions-5">
        <check-content-ref name="oval:ssg-file_permissions_etc_group:def:1" href="ssg-ubuntu2404-oval.xml"/>
      </check>
    </rule-result>
    <rule-result idref="xccdf_org.ssgproject.content_rule_file_permissions_etc_gshadow" role="full" time="2026-05-22T23:14:58+05:30" severity="medium" weight="1.000000">
      <result>pass</result>
      <check system="http://oval.mitre.org/XMLSchema/oval-definitions-5">
        <check-content-ref name="oval:ssg-file_permissions_etc_gshadow:def:1" href="ssg-ubuntu2404-oval.xml"/>
      </check>
    </rule-result>
    <rule-result idref="xccdf_org.ssgproject.content_rule_file_permissions_etc_passwd" role="full" time="2026-05-22T23:14:58+05:30" severity="medium" weight="1.000000">
      <result>pass</result>
      <check system="http://oval.mitre.org/XMLSchema/oval-definitions-5">
        <check-content-ref name="oval:ssg-file_permissions_etc_passwd:def:1" href="ssg-ubuntu2404-oval.xml"/>
      </check>
    </rule-result>
    <rule-result idref="xccdf_org.ssgproject.content_rule_file_permissions_etc_security_opasswd" role="full" time="2026-05-22T23:14:58+05:30" severity="medium" weight="1.000000">
      <result>pass</result>
      <check system="http://oval.mitre.org/XMLSchema/oval-definitions-5">
        <check-content-ref name="oval:ssg-file_permissions_etc_security_opasswd:def:1" href="ssg-ubuntu2404-oval.xml"/>
      </check>
    </rule-result>
    <rule-result idref="xccdf_org.ssgproject.content_rule_file_permissions_etc_security_opasswd_old" role="full" time="2026-05-22T23:14:58+05:30" severity="medium" weight="1.000000">
      <result>pass</result>
      <check system="http://oval.mitre.org/XMLSchema/oval-definitions-5">
        <check-content-ref name="oval:ssg-file_permissions_etc_security_opasswd_old:def:1" href="ssg-ubuntu2404-oval.xml"/>
      </check>
    </rule-result>
    <rule-result idref="xccdf_org.ssgproject.content_rule_file_permissions_etc_shadow" role="full" time="2026-05-22T23:14:58+05:30" severity="medium" weight="1.000000">
      <result>pass</result>
      <check system="http://oval.mitre.org/XMLSchema/oval-definitions-5">
        <check-content-ref name="oval:ssg-file_permissions_etc_shadow:def:1" href="ssg-ubuntu2404-oval.xml"/>
      </check>
    </rule-result>
    <rule-result idref="xccdf_org.ssgproject.content_rule_file_permissions_etc_shells" role="full" time="2026-05-22T23:14:58+05:30" severity="medium" weight="1.000000">
      <result>pass</result>
      <check system="http://oval.mitre.org/XMLSchema/oval-definitions-5">
        <check-content-ref name="oval:ssg-file_permissions_etc_shells:def:1" href="ssg-ubuntu2404-oval.xml"/>
      </check>
    </rule-result>
    <rule-result idref="xccdf_org.ssgproject.content_rule_package_autofs_removed" role="full" time="2026-05-22T23:14:58+05:30" severity="low" weight="1.000000">
      <result>notselected</result>
    </rule-result>
    <rule-result idref="xccdf_org.ssgproject.content_rule_service_autofs_disabled" role="full" time="2026-05-22T23:14:58+05:30" severity="medium" weight="1.000000">
      <result>notselected</result>
    </rule-result>
    <rule-result idref="xccdf_org.ssgproject.content_rule_kernel_module_cramfs_disabled" role="full" time="2026-05-22T23:14:58+05:30" severity="low" weight="1.000000">
      <result>pass</result>
      <check system="http://oval.mitre.org/XMLSchema/oval-definitions-5">
        <check-content-ref name="oval:ssg-kernel_module_cramfs_disabled:def:1" href="ssg-ubuntu2404-oval.xml"/>
      </check>
    </rule-result>
    <rule-result idref="xccdf_org.ssgproject.content_rule_kernel_module_freevxfs_disabled" role="full" time="2026-05-22T23:14:58+05:30" severity="low" weight="1.000000">
      <result>pass</result>
      <check system="http://oval.mitre.org/XMLSchema/oval-definitions-5">
        <check-content-ref name="oval:ssg-kernel_module_freevxfs_disabled:def:1" href="ssg-ubuntu2404-oval.xml"/>
      </check>
    </rule-result>
    <rule-result idref="xccdf_org.ssgproject.content_rule_kernel_module_hfs_disabled" role="full" time="2026-05-22T23:14:58+05:30" severity="low" weight="1.000000">
      <result>pass</result>
      <check system="http://oval.mitre.org/XMLSchema/oval-definitions-5">
        <check-content-ref name="oval:ssg-kernel_module_hfs_disabled:def:1" href="ssg-ubuntu2404-oval.xml"/>
      </check>
    </rule-result>
    <rule-result idref="xccdf_org.ssgproject.content_rule_kernel_module_hfsplus_disabled" role="full" time="2026-05-22T23:14:58+05:30" severity="low" weight="1.000000">
      <result>pass</result>
      <check system="http://oval.mitre.org/XMLSchema/oval-definitions-5">
        <check-content-ref name="oval:ssg-kernel_module_hfsplus_disabled:def:1" href="ssg-ubuntu2404-oval.xml"/>
      </check>
    </rule-result>
    <rule-result idref="xccdf_org.ssgproject.content_rule_kernel_module_jffs2_disabled" role="full" time="2026-05-22T23:14:58+05:30" severity="low" weight="1.000000">
      <result>pass</result>
      <check system="http://oval.mitre.org/XMLSchema/oval-definitions-5">
        <check-content-ref name="oval:ssg-kernel_module_jffs2_disabled:def:1" href="ssg-ubuntu2404-oval.xml"/>
      </check>
    </rule-result>
    <rule-result idref="xccdf_org.ssgproject.content_rule_kernel_module_overlayfs_disabled" role="full" time="2026-05-22T23:14:58+05:30" severity="low" weight="1.000000">
      <result>notselected</result>
    </rule-result>
    <rule-result idref="xccdf_org.ssgproject.content_rule_kernel_module_squashfs_disabled" role="full" time="2026-05-22T23:14:58+05:30" severity="low" weight="1.000000">
      <result>notselected</result>
    </rule-result>
    <rule-result idref="xccdf_org.ssgproject.content_rule_kernel_module_udf_disabled" role="full" time="2026-05-22T23:14:58+05:30" severity="low" weight="1.000000">
      <result>notselected</result>
    </rule-result>
    <rule-result idref="xccdf_org.ssgproject.content_rule_kernel_module_usb-storage_disabled" role="full" time="2026-05-22T23:14:58+05:30" severity="medium" weight="1.000000">
      <result>notselected</result>
    </rule-result>
    <rule-result idref="xccdf_org.ssgproject.content_rule_mount_option_dev_shm_nodev" role="full" time="2026-05-22T23:14:58+05:30" severity="medium" weight="1.000000">
      <result>pass</result>
      <check system="http://oval.mitre.org/XMLSchema/oval-definitions-5">
        <check-content-ref name="oval:ssg-mount_option_dev_shm_nodev:def:1" href="ssg-ubuntu2404-oval.xml"/>
      </check>
    </rule-result>
    <rule-result idref="xccdf_org.ssgproject.content_rule_mount_option_dev_shm_noexec" role="full" time="2026-05-22T23:14:58+05:30" severity="medium" weight="1.000000">
      <result>pass</result>
      <check system="http://oval.mitre.org/XMLSchema/oval-definitions-5">
        <check-content-ref name="oval:ssg-mount_option_dev_shm_noexec:def:1" href="ssg-ubuntu2404-oval.xml"/>
      </check>
    </rule-result>
    <rule-result idref="xccdf_org.ssgproject.content_rule_mount_option_dev_shm_nosuid" role="full" time="2026-05-22T23:14:58+05:30" severity="medium" weight="1.000000">
      <result>pass</result>
      <check system="http://oval.mitre.org/XMLSchema/oval-definitions-5">
        <check-content-ref name="oval:ssg-mount_option_dev_shm_nosuid:def:1" href="ssg-ubuntu2404-oval.xml"/>
      </check>
    </rule-result>
    <rule-result idref="xccdf_org.ssgproject.content_rule_mount_option_home_nodev" role="full" time="2026-05-22T23:14:58+05:30" severity="unknown" weight="1.000000">
      <result>notapplicable</result>
    </rule-result>
    <rule-result idref="xccdf_org.ssgproject.content_rule_mount_option_home_nosuid" role="full" time="2026-05-22T23:14:58+05:30" severity="medium" weight="1.000000">
      <result>notapplicable</result>
    </rule-result>
    <rule-result idref="xccdf_org.ssgproject.content_rule_mount_option_tmp_nodev" role="full" time="2026-05-22T23:14:58+05:30" severity="medium" weight="1.000000">
      <result>notapplicable</result>
    </rule-result>
    <rule-result idref="xccdf_org.ssgproject.content_rule_mount_option_tmp_noexec" role="full" time="2026-05-22T23:14:58+05:30" severity="medium" weight="1.000000">
      <result>notapplicable</result>
    </rule-result>
    <rule-result idref="xccdf_org.ssgproject.content_rule_mount_option_tmp_nosuid" role="full" time="2026-05-22T23:14:58+05:30" severity="medium" weight="1.000000">
      <result>notapplicable</result>
    </rule-result>
    <rule-result idref="xccdf_org.ssgproject.content_rule_mount_option_var_log_audit_nodev" role="full" time="2026-05-22T23:14:58+05:30" severity="medium" weight="1.000000">
      <result>notapplicable</result>
    </rule-result>
    <rule-result idref="xccdf_org.ssgproject.content_rule_mount_option_var_log_audit_noexec" role="full" time="2026-05-22T23:14:58+05:30" severity="medium" weight="1.000000">
      <result>notapplicable</result>
    </rule-result>
    <rule-result idref="xccdf_org.ssgproject.content_rule_mount_option_var_log_audit_nosuid" role="full" time="2026-05-22T23:14:58+05:30" severity="medium" weight="1.000000">
      <result>notapplicable</result>
    </rule-result>
    <rule-result idref="xccdf_org.ssgproject.content_rule_mount_option_var_log_nodev" role="full" time="2026-05-22T23:14:58+05:30" severity="medium" weight="1.000000">
      <result>notapplicable</result>
    </rule-result>
    <rule-result idref="xccdf_org.ssgproject.content_rule_mount_option_var_log_noexec" role="full" time="2026-05-22T23:14:58+05:30" severity="medium" weight="1.000000">
      <result>notapplicable</result>
    </rule-result>
    <rule-result idref="xccdf_org.ssgproject.content_rule_mount_option_var_log_nosuid" role="full" time="2026-05-22T23:14:58+05:30" severity="medium" weight="1.000000">
      <result>notapplicable</result>
    </rule-result>
    <rule-result idref="xccdf_org.ssgproject.content_rule_mount_option_var_nodev" role="full" time="2026-05-22T23:14:58+05:30" severity="medium" weight="1.000000">
      <result>notapplicable</result>
    </rule-result>
    <rule-result idref="xccdf_org.ssgproject.content_rule_mount_option_var_nosuid" role="full" time="2026-05-22T23:14:58+05:30" severity="medium" weight="1.000000">
      <result>notapplicable</result>
    </rule-result>
    <rule-result idref="xccdf_org.ssgproject.content_rule_mount_option_var_tmp_nodev" role="full" time="2026-05-22T23:14:58+05:30" severity="medium" weight="1.000000">
      <result>notapplicable</result>
    </rule-result>
    <rule-result idref="xccdf_org.ssgproject.content_rule_mount_option_var_tmp_noexec" role="full" time="2026-05-22T23:14:58+05:30" severity="medium" weight="1.000000">
      <result>notapplicable</result>
    </rule-result>
    <rule-result idref="xccdf_org.ssgproject.content_rule_mount_option_var_tmp_nosuid" role="full" time="2026-05-22T23:14:58+05:30" severity="medium" weight="1.000000">
      <result>notapplicable</result>
    </rule-result>
    <rule-result idref="xccdf_org.ssgproject.content_rule_sysctl_kernel_yama_ptrace_scope" role="full" time="2026-05-22T23:14:58+05:30" severity="medium" weight="1.000000">
      <result>pass</result>
      <check system="http://oval.mitre.org/XMLSchema/oval-definitions-5">
        <check-content-ref name="oval:ssg-sysctl_kernel_yama_ptrace_scope:def:1" href="ssg-ubuntu2404-oval.xml"/>
      </check>
    </rule-result>
    <rule-result idref="xccdf_org.ssgproject.content_rule_disable_users_coredumps" role="full" time="2026-05-22T23:14:58+05:30" severity="medium" weight="1.000000">
      <result>pass</result>
      <check system="http://oval.mitre.org/XMLSchema/oval-definitions-5">
        <check-content-ref name="oval:ssg-disable_users_coredumps:def:1" href="ssg-ubuntu2404-oval.xml"/>
      </check>
    </rule-result>
    <rule-result idref="xccdf_org.ssgproject.content_rule_sysctl_fs_suid_dumpable" role="full" time="2026-05-22T23:14:58+05:30" severity="medium" weight="1.000000">
      <result>pass</result>
      <check system="http://oval.mitre.org/XMLSchema/oval-definitions-5">
        <check-content-ref name="oval:ssg-sysctl_fs_suid_dumpable:def:1" href="ssg-ubuntu2404-oval.xml"/>
      </check>
    </rule-result>
    <rule-result idref="xccdf_org.ssgproject.content_rule_sysctl_kernel_randomize_va_space" role="full" time="2026-05-22T23:14:58+05:30" severity="medium" weight="1.000000">
      <result>pass</result>
      <check system="http://oval.mitre.org/XMLSchema/oval-definitions-5">
        <check-content-ref name="oval:ssg-sysctl_kernel_randomize_va_space:def:1" href="ssg-ubuntu2404-oval.xml"/>
      </check>
    </rule-result>
    <rule-result idref="xccdf_org.ssgproject.content_rule_service_apport_disabled" role="full" time="2026-05-22T23:14:59+05:30" severity="unknown" weight="1.000000">
      <result>pass</result>
      <check system="http://oval.mitre.org/XMLSchema/oval-definitions-5">
        <check-content-ref name="oval:ssg-service_apport_disabled:def:1" href="ssg-ubuntu2404-oval.xml"/>
      </check>
    </rule-result>
    <rule-result idref="xccdf_org.ssgproject.content_rule_package_avahi_removed" role="full" time="2026-05-22T23:14:59+05:30" severity="medium" weight="1.000000">
      <result>notselected</result>
    </rule-result>
    <rule-result idref="xccdf_org.ssgproject.content_rule_service_avahi-daemon_disabled" role="full" time="2026-05-22T23:14:59+05:30" severity="medium" weight="1.000000">
      <result>notselected</result>
    </rule-result>
    <rule-result idref="xccdf_org.ssgproject.content_rule_package_cron_installed" role="full" time="2026-05-22T23:14:59+05:30" severity="medium" weight="1.000000">
      <result>pass</result>
      <check system="http://oval.mitre.org/XMLSchema/oval-definitions-5">
        <check-content-ref name="oval:ssg-package_cron_installed:def:1" href="ssg-ubuntu2404-oval.xml"/>
      </check>
    </rule-result>
    <rule-result idref="xccdf_org.ssgproject.content_rule_service_cron_enabled" role="full" time="2026-05-22T23:15:02+05:30" severity="medium" weight="1.000000">
      <result>pass</result>
      <check system="http://oval.mitre.org/XMLSchema/oval-definitions-5">
        <check-content-ref name="oval:ssg-service_cron_enabled:def:1" href="ssg-ubuntu2404-oval.xml"/>
      </check>
    </rule-result>
    <rule-result idref="xccdf_org.ssgproject.content_rule_file_groupowner_cron_d" role="full" time="2026-05-22T23:15:02+05:30" severity="medium" weight="1.000000">
      <result>pass</result>
      <check system="http://oval.mitre.org/XMLSchema/oval-definitions-5">
        <check-content-ref name="oval:ssg-file_groupowner_cron_d:def:1" href="ssg-ubuntu2404-oval.xml"/>
      </check>
    </rule-result>
    <rule-result idref="xccdf_org.ssgproject.content_rule_file_groupowner_cron_daily" role="full" time="2026-05-22T23:15:02+05:30" severity="medium" weight="1.000000">
      <result>pass</result>
      <check system="http://oval.mitre.org/XMLSchema/oval-definitions-5">
        <check-content-ref name="oval:ssg-file_groupowner_cron_daily:def:1" href="ssg-ubuntu2404-oval.xml"/>
      </check>
    </rule-result>
    <rule-result idref="xccdf_org.ssgproject.content_rule_file_groupowner_cron_hourly" role="full" time="2026-05-22T23:15:02+05:30" severity="medium" weight="1.000000">
      <result>pass</result>
      <check system="http://oval.mitre.org/XMLSchema/oval-definitions-5">
        <check-content-ref name="oval:ssg-file_groupowner_cron_hourly:def:1" href="ssg-ubuntu2404-oval.xml"/>
      </check>
    </rule-result>
    <rule-result idref="xccdf_org.ssgproject.content_rule_file_groupowner_cron_monthly" role="full" time="2026-05-22T23:15:02+05:30" severity="medium" weight="1.000000">
      <result>pass</result>
      <check system="http://oval.mitre.org/XMLSchema/oval-definitions-5">
        <check-content-ref name="oval:ssg-file_groupowner_cron_monthly:def:1" href="ssg-ubuntu2404-oval.xml"/>
      </check>
    </rule-result>
    <rule-result idref="xccdf_org.ssgproject.content_rule_file_groupowner_cron_weekly" role="full" time="2026-05-22T23:15:02+05:30" severity="medium" weight="1.000000">
      <result>pass</result>
      <check system="http://oval.mitre.org/XMLSchema/oval-definitions-5">
        <check-content-ref name="oval:ssg-file_groupowner_cron_weekly:def:1" href="ssg-ubuntu2404-oval.xml"/>
      </check>
    </rule-result>
    <rule-result idref="xccdf_org.ssgproject.content_rule_file_groupowner_crontab" role="full" time="2026-05-22T23:15:02+05:30" severity="medium" weight="1.000000">
      <result>pass</result>
      <check system="http://oval.mitre.org/XMLSchema/oval-definitions-5">
        <check-content-ref name="oval:ssg-file_groupowner_crontab:def:1" href="ssg-ubuntu2404-oval.xml"/>
      </check>
    </rule-result>
    <rule-result idref="xccdf_org.ssgproject.content_rule_file_owner_cron_d" role="full" time="2026-05-22T23:15:02+05:30" severity="medium" weight="1.000000">
      <result>pass</result>
      <check system="http://oval.mitre.org/XMLSchema/oval-definitions-5">
        <check-content-ref name="oval:ssg-file_owner_cron_d:def:1" href="ssg-ubuntu2404-oval.xml"/>
      </check>
    </rule-result>
    <rule-result idref="xccdf_org.ssgproject.content_rule_file_owner_cron_daily" role="full" time="2026-05-22T23:15:02+05:30" severity="medium" weight="1.000000">
      <result>pass</result>
      <check system="http://oval.mitre.org/XMLSchema/oval-definitions-5">
        <check-content-ref name="oval:ssg-file_owner_cron_daily:def:1" href="ssg-ubuntu2404-oval.xml"/>
      </check>
    </rule-result>
    <rule-result idref="xccdf_org.ssgproject.content_rule_file_owner_cron_hourly" role="full" time="2026-05-22T23:15:02+05:30" severity="medium" weight="1.000000">
      <result>pass</result>
      <check system="http://oval.mitre.org/XMLSchema/oval-definitions-5">
        <check-content-ref name="oval:ssg-file_owner_cron_hourly:def:1" href="ssg-ubuntu2404-oval.xml"/>
      </check>
    </rule-result>
    <rule-result idref="xccdf_org.ssgproject.content_rule_file_owner_cron_monthly" role="full" time="2026-05-22T23:15:02+05:30" severity="medium" weight="1.000000">
      <result>pass</result>
      <check system="http://oval.mitre.org/XMLSchema/oval-definitions-5">
        <check-content-ref name="oval:ssg-file_owner_cron_monthly:def:1" href="ssg-ubuntu2404-oval.xml"/>
      </check>
    </rule-result>
    <rule-result idref="xccdf_org.ssgproject.content_rule_file_owner_cron_weekly" role="full" time="2026-05-22T23:15:02+05:30" severity="medium" weight="1.000000">
      <result>pass</result>
      <check system="http://oval.mitre.org/XMLSchema/oval-definitions-5">
        <check-content-ref name="oval:ssg-file_owner_cron_weekly:def:1" href="ssg-ubuntu2404-oval.xml"/>
      </check>
    </rule-result>
    <rule-result idref="xccdf_org.ssgproject.content_rule_file_owner_crontab" role="full" time="2026-05-22T23:15:02+05:30" severity="medium" weight="1.000000">
      <result>pass</result>
      <check system="http://oval.mitre.org/XMLSchema/oval-definitions-5">
        <check-content-ref name="oval:ssg-file_owner_crontab:def:1" href="ssg-ubuntu2404-oval.xml"/>
      </check>
    </rule-result>
    <rule-result idref="xccdf_org.ssgproject.content_rule_file_permissions_cron_d" role="full" time="2026-05-22T23:15:02+05:30" severity="medium" weight="1.000000">
      <result>pass</result>
      <check system="http://oval.mitre.org/XMLSchema/oval-definitions-5">
        <check-content-ref name="oval:ssg-file_permissions_cron_d:def:1" href="ssg-ubuntu2404-oval.xml"/>
      </check>
    </rule-result>
    <rule-result idref="xccdf_org.ssgproject.content_rule_file_permissions_cron_daily" role="full" time="2026-05-22T23:15:02+05:30" severity="medium" weight="1.000000">
      <result>pass</result>
      <check system="http://oval.mitre.org/XMLSchema/oval-definitions-5">
        <check-content-ref name="oval:ssg-file_permissions_cron_daily:def:1" href="ssg-ubuntu2404-oval.xml"/>
      </check>
    </rule-result>
    <rule-result idref="xccdf_org.ssgproject.content_rule_file_permissions_cron_hourly" role="full" time="2026-05-22T23:15:02+05:30" severity="medium" weight="1.000000">
      <result>pass</result>
      <check system="http://oval.mitre.org/XMLSchema/oval-definitions-5">
        <check-content-ref name="oval:ssg-file_permissions_cron_hourly:def:1" href="ssg-ubuntu2404-oval.xml"/>
      </check>
    </rule-result>
    <rule-result idref="xccdf_org.ssgproject.content_rule_file_permissions_cron_monthly" role="full" time="2026-05-22T23:15:02+05:30" severity="medium" weight="1.000000">
      <result>pass</result>
      <check system="http://oval.mitre.org/XMLSchema/oval-definitions-5">
        <check-content-ref name="oval:ssg-file_permissions_cron_monthly:def:1" href="ssg-ubuntu2404-oval.xml"/>
      </check>
    </rule-result>
    <rule-result idref="xccdf_org.ssgproject.content_rule_file_permissions_cron_weekly" role="full" time="2026-05-22T23:15:02+05:30" severity="medium" weight="1.000000">
      <result>pass</result>
      <check system="http://oval.mitre.org/XMLSchema/oval-definitions-5">
        <check-content-ref name="oval:ssg-file_permissions_cron_weekly:def:1" href="ssg-ubuntu2404-oval.xml"/>
      </check>
    </rule-result>
    <rule-result idref="xccdf_org.ssgproject.content_rule_file_permissions_crontab" role="full" time="2026-05-22T23:15:02+05:30" severity="medium" weight="1.000000">
      <result>pass</result>
      <check system="http://oval.mitre.org/XMLSchema/oval-definitions-5">
        <check-content-ref name="oval:ssg-file_permissions_crontab:def:1" href="ssg-ubuntu2404-oval.xml"/>
      </check>
    </rule-result>
    <rule-result idref="xccdf_org.ssgproject.content_rule_file_at_allow_exists" role="full" time="2026-05-22T23:15:02+05:30" severity="medium" weight="1.000000">
      <result>pass</result>
      <check system="http://oval.mitre.org/XMLSchema/oval-definitions-5">
        <check-content-ref name="oval:ssg-file_at_allow_exists:def:1" href="ssg-ubuntu2404-oval.xml"/>
      </check>
    </rule-result>
    <rule-result idref="xccdf_org.ssgproject.content_rule_file_cron_allow_exists" role="full" time="2026-05-22T23:15:02+05:30" severity="medium" weight="1.000000">
      <result>pass</result>
      <check system="http://oval.mitre.org/XMLSchema/oval-definitions-5">
        <check-content-ref name="oval:ssg-file_cron_allow_exists:def:1" href="ssg-ubuntu2404-oval.xml"/>
      </check>
    </rule-result>
    <rule-result idref="xccdf_org.ssgproject.content_rule_file_cron_deny_not_exist" role="full" time="2026-05-22T23:15:02+05:30" severity="medium" weight="1.000000">
      <result>pass</result>
      <check system="http://oval.mitre.org/XMLSchema/oval-definitions-5">
        <check-content-ref name="oval:ssg-file_cron_deny_not_exist:def:1" href="ssg-ubuntu2404-oval.xml"/>
      </check>
    </rule-result>
    <rule-result idref="xccdf_org.ssgproject.content_rule_file_groupowner_at_allow" role="full" time="2026-05-22T23:15:02+05:30" severity="medium" weight="1.000000">
      <result>pass</result>
      <check system="http://oval.mitre.org/XMLSchema/oval-definitions-5">
        <check-content-ref name="oval:ssg-file_groupowner_at_allow:def:1" href="ssg-ubuntu2404-oval.xml"/>
      </check>
    </rule-result>
    <rule-result idref="xccdf_org.ssgproject.content_rule_file_groupowner_at_deny" role="full" time="2026-05-22T23:15:02+05:30" severity="medium" weight="1.000000">
      <result>pass</result>
      <check system="http://oval.mitre.org/XMLSchema/oval-definitions-5">
        <check-content-ref name="oval:ssg-file_groupowner_at_deny:def:1" href="ssg-ubuntu2404-oval.xml"/>
      </check>
    </rule-result>
    <rule-result idref="xccdf_org.ssgproject.content_rule_file_groupowner_cron_allow" role="full" time="2026-05-22T23:15:02+05:30" severity="medium" weight="1.000000">
      <result>fail</result>
      <check system="http://oval.mitre.org/XMLSchema/oval-definitions-5">
        <check-content-ref name="oval:ssg-file_groupowner_cron_allow:def:1" href="ssg-ubuntu2404-oval.xml"/>
      </check>
    </rule-result>
    <rule-result idref="xccdf_org.ssgproject.content_rule_file_owner_at_allow" role="full" time="2026-05-22T23:15:02+05:30" severity="medium" weight="1.000000">
      <result>pass</result>
      <check system="http://oval.mitre.org/XMLSchema/oval-definitions-5">
        <check-content-ref name="oval:ssg-file_owner_at_allow:def:1" href="ssg-ubuntu2404-oval.xml"/>
      </check>
    </rule-result>
    <rule-result idref="xccdf_org.ssgproject.content_rule_file_owner_at_deny" role="full" time="2026-05-22T23:15:02+05:30" severity="medium" weight="1.000000">
      <result>pass</result>
      <check system="http://oval.mitre.org/XMLSchema/oval-definitions-5">
        <check-content-ref name="oval:ssg-file_owner_at_deny:def:1" href="ssg-ubuntu2404-oval.xml"/>
      </check>
    </rule-result>
    <rule-result idref="xccdf_org.ssgproject.content_rule_file_owner_cron_allow" role="full" time="2026-05-22T23:15:02+05:30" severity="medium" weight="1.000000">
      <result>pass</result>
      <check system="http://oval.mitre.org/XMLSchema/oval-definitions-5">
        <check-content-ref name="oval:ssg-file_owner_cron_allow:def:1" href="ssg-ubuntu2404-oval.xml"/>
      </check>
    </rule-result>
    <rule-result idref="xccdf_org.ssgproject.content_rule_file_permissions_at_allow" role="full" time="2026-05-22T23:15:02+05:30" severity="medium" weight="1.000000">
      <result>pass</result>
      <check system="http://oval.mitre.org/XMLSchema/oval-definitions-5">
        <check-content-ref name="oval:ssg-file_permissions_at_allow:def:1" href="ssg-ubuntu2404-oval.xml"/>
      </check>
    </rule-result>
    <rule-result idref="xccdf_org.ssgproject.content_rule_file_permissions_at_deny" role="full" time="2026-05-22T23:15:02+05:30" severity="medium" weight="1.000000">
      <result>pass</result>
      <check system="http://oval.mitre.org/XMLSchema/oval-definitions-5">
        <check-content-ref name="oval:ssg-file_permissions_at_deny:def:1" href="ssg-ubuntu2404-oval.xml"/>
      </check>
    </rule-result>
    <rule-result idref="xccdf_org.ssgproject.content_rule_file_permissions_cron_allow" role="full" time="2026-05-22T23:15:02+05:30" severity="medium" weight="1.000000">
      <result>pass</result>
      <check system="http://oval.mitre.org/XMLSchema/oval-definitions-5">
        <check-content-ref name="oval:ssg-file_permissions_cron_allow:def:1" href="ssg-ubuntu2404-oval.xml"/>
      </check>
    </rule-result>
    <rule-result idref="xccdf_org.ssgproject.content_rule_package_nis_removed" role="full" time="2026-05-22T23:15:02+05:30" severity="low" weight="1.000000">
      <result>pass</result>
      <check system="http://oval.mitre.org/XMLSchema/oval-definitions-5">
        <check-content-ref name="oval:ssg-package_nis_removed:def:1" href="ssg-ubuntu2404-oval.xml"/>
      </check>
    </rule-result>
    <rule-result idref="xccdf_org.ssgproject.content_rule_package_dhcp_removed" role="full" time="2026-05-22T23:15:02+05:30" severity="medium" weight="1.000000">
      <result>pass</result>
      <check system="http://oval.mitre.org/XMLSchema/oval-definitions-5">
        <check-content-ref name="oval:ssg-package_dhcp_removed:def:1" href="ssg-ubuntu2404-oval.xml"/>
      </check>
    </rule-result>
    <rule-result idref="xccdf_org.ssgproject.content_rule_service_dhcpd6_disabled" role="full" time="2026-05-22T23:15:03+05:30" severity="medium" weight="1.000000">
      <result>pass</result>
      <check system="http://oval.mitre.org/XMLSchema/oval-definitions-5">
        <check-content-ref name="oval:ssg-service_dhcpd6_disabled:def:1" href="ssg-ubuntu2404-oval.xml"/>
      </check>
    </rule-result>
    <rule-result idref="xccdf_org.ssgproject.content_rule_service_dhcpd_disabled" role="full" time="2026-05-22T23:15:04+05:30" severity="medium" weight="1.000000">
      <result>pass</result>
      <check system="http://oval.mitre.org/XMLSchema/oval-definitions-5">
        <check-content-ref name="oval:ssg-service_dhcpd_disabled:def:1" href="ssg-ubuntu2404-oval.xml"/>
      </check>
    </rule-result>
    <rule-result idref="xccdf_org.ssgproject.content_rule_package_dnsmasq_removed" role="full" time="2026-05-22T23:15:04+05:30" severity="low" weight="1.000000">
      <result>pass</result>
      <check system="http://oval.mitre.org/XMLSchema/oval-definitions-5">
        <check-content-ref name="oval:ssg-package_dnsmasq_removed:def:1" href="ssg-ubuntu2404-oval.xml"/>
      </check>
    </rule-result>
    <rule-result idref="xccdf_org.ssgproject.content_rule_service_dnsmasq_disabled" role="full" time="2026-05-22T23:15:07+05:30" severity="medium" weight="1.000000">
      <result>pass</result>
      <check system="http://oval.mitre.org/XMLSchema/oval-definitions-5">
        <check-content-ref name="oval:ssg-service_dnsmasq_disabled:def:1" href="ssg-ubuntu2404-oval.xml"/>
      </check>
    </rule-result>
    <rule-result idref="xccdf_org.ssgproject.content_rule_package_bind_removed" role="full" time="2026-05-22T23:15:07+05:30" severity="low" weight="1.000000">
      <result>pass</result>
      <check system="http://oval.mitre.org/XMLSchema/oval-definitions-5">
        <check-content-ref name="oval:ssg-package_bind_removed:def:1" href="ssg-ubuntu2404-oval.xml"/>
      </check>
    </rule-result>
    <rule-result idref="xccdf_org.ssgproject.content_rule_service_named_disabled" role="full" time="2026-05-22T23:15:09+05:30" severity="medium" weight="1.000000">
      <result>pass</result>
      <check system="http://oval.mitre.org/XMLSchema/oval-definitions-5">
        <check-content-ref name="oval:ssg-service_named_disabled:def:1" href="ssg-ubuntu2404-oval.xml"/>
      </check>
    </rule-result>
    <rule-result idref="xccdf_org.ssgproject.content_rule_package_ftp_removed" role="full" time="2026-05-22T23:15:09+05:30" severity="low" weight="1.000000">
      <result>pass</result>
      <check system="http://oval.mitre.org/XMLSchema/oval-definitions-5">
        <check-content-ref name="oval:ssg-package_ftp_removed:def:1" href="ssg-ubuntu2404-oval.xml"/>
      </check>
    </rule-result>
    <rule-result idref="xccdf_org.ssgproject.content_rule_package_tnftp_removed" role="full" time="2026-05-22T23:15:09+05:30" severity="low" weight="1.000000">
      <result>pass</result>
      <check system="http://oval.mitre.org/XMLSchema/oval-definitions-5">
        <check-content-ref name="oval:ssg-package_tnftp_removed:def:1" href="ssg-ubuntu2404-oval.xml"/>
      </check>
    </rule-result>
    <rule-result idref="xccdf_org.ssgproject.content_rule_package_vsftpd_removed" role="full" time="2026-05-22T23:15:09+05:30" severity="high" weight="1.000000">
      <result>pass</result>
      <check system="http://oval.mitre.org/XMLSchema/oval-definitions-5">
        <check-content-ref name="oval:ssg-package_vsftpd_removed:def:1" href="ssg-ubuntu2404-oval.xml"/>
      </check>
    </rule-result>
    <rule-result idref="xccdf_org.ssgproject.content_rule_service_vsftpd_disabled" role="full" time="2026-05-22T23:15:11+05:30" severity="medium" weight="1.000000">
      <result>pass</result>
      <check system="http://oval.mitre.org/XMLSchema/oval-definitions-5">
        <check-content-ref name="oval:ssg-service_vsftpd_disabled:def:1" href="ssg-ubuntu2404-oval.xml"/>
      </check>
    </rule-result>
    <rule-result idref="xccdf_org.ssgproject.content_rule_package_httpd_removed" role="full" time="2026-05-22T23:15:11+05:30" severity="unknown" weight="1.000000">
      <result>pass</result>
      <check system="http://oval.mitre.org/XMLSchema/oval-definitions-5">
        <check-content-ref name="oval:ssg-package_httpd_removed:def:1" href="ssg-ubuntu2404-oval.xml"/>
      </check>
    </rule-result>
    <rule-result idref="xccdf_org.ssgproject.content_rule_service_httpd_disabled" role="full" time="2026-05-22T23:15:12+05:30" severity="unknown" weight="1.000000">
      <result>pass</result>
      <check system="http://oval.mitre.org/XMLSchema/oval-definitions-5">
        <check-content-ref name="oval:ssg-service_httpd_disabled:def:1" href="ssg-ubuntu2404-oval.xml"/>
      </check>
    </rule-result>
    <rule-result idref="xccdf_org.ssgproject.content_rule_package_nginx_removed" role="full" time="2026-05-22T23:15:12+05:30" severity="unknown" weight="1.000000">
      <result>pass</result>
      <check system="http://oval.mitre.org/XMLSchema/oval-definitions-5">
        <check-content-ref name="oval:ssg-package_nginx_removed:def:1" href="ssg-ubuntu2404-oval.xml"/>
      </check>
    </rule-result>
    <rule-result idref="xccdf_org.ssgproject.content_rule_service_nginx_disabled" role="full" time="2026-05-22T23:15:13+05:30" severity="unknown" weight="1.000000">
      <result>pass</result>
      <check system="http://oval.mitre.org/XMLSchema/oval-definitions-5">
        <check-content-ref name="oval:ssg-service_nginx_disabled:def:1" href="ssg-ubuntu2404-oval.xml"/>
      </check>
    </rule-result>
    <rule-result idref="xccdf_org.ssgproject.content_rule_package_dovecot_removed" role="full" time="2026-05-22T23:15:13+05:30" severity="unknown" weight="1.000000">
      <result>pass</result>
      <check system="http://oval.mitre.org/XMLSchema/oval-definitions-5">
        <check-content-ref name="oval:ssg-package_dovecot_removed:def:1" href="ssg-ubuntu2404-oval.xml"/>
      </check>
    </rule-result>
    <rule-result idref="xccdf_org.ssgproject.content_rule_service_dovecot_disabled" role="full" time="2026-05-22T23:15:15+05:30" severity="unknown" weight="1.000000">
      <result>pass</result>
      <check system="http://oval.mitre.org/XMLSchema/oval-definitions-5">
        <check-content-ref name="oval:ssg-service_dovecot_disabled:def:1" href="ssg-ubuntu2404-oval.xml"/>
      </check>
    </rule-result>
    <rule-result idref="xccdf_org.ssgproject.content_rule_package_openldap-clients_removed" role="full" time="2026-05-22T23:15:15+05:30" severity="low" weight="1.000000">
      <result>pass</result>
      <check system="http://oval.mitre.org/XMLSchema/oval-definitions-5">
        <check-content-ref name="oval:ssg-package_openldap-clients_removed:def:1" href="ssg-ubuntu2404-oval.xml"/>
      </check>
    </rule-result>
    <rule-result idref="xccdf_org.ssgproject.content_rule_package_openldap-servers_removed" role="full" time="2026-05-22T23:15:15+05:30" severity="low" weight="1.000000">
      <result>pass</result>
      <check system="http://oval.mitre.org/XMLSchema/oval-definitions-5">
        <check-content-ref name="oval:ssg-package_openldap-servers_removed:def:1" href="ssg-ubuntu2404-oval.xml"/>
      </check>
    </rule-result>
    <rule-result idref="xccdf_org.ssgproject.content_rule_service_slapd_disabled" role="full" time="2026-05-22T23:15:16+05:30" severity="medium" weight="1.000000">
      <result>pass</result>
      <check system="http://oval.mitre.org/XMLSchema/oval-definitions-5">
        <check-content-ref name="oval:ssg-service_slapd_disabled:def:1" href="ssg-ubuntu2404-oval.xml"/>
      </check>
    </rule-result>
    <rule-result idref="xccdf_org.ssgproject.content_rule_has_nonlocal_mta" role="full" time="2026-05-22T23:15:16+05:30" severity="medium" weight="1.000000">
      <result>fail</result>
      <check system="http://oval.mitre.org/XMLSchema/oval-definitions-5">
        <check-content-ref name="oval:ssg-has_nonlocal_mta:def:1" href="ssg-ubuntu2404-oval.xml"/>
      </check>
    </rule-result>
    <rule-result idref="xccdf_org.ssgproject.content_rule_postfix_network_listening_disabled" role="full" time="2026-05-22T23:15:18+05:30" severity="medium" weight="1.000000">
      <result>fail</result>
      <check system="http://oval.mitre.org/XMLSchema/oval-definitions-5">
        <check-export export-name="oval:ssg-var_postfix_inet_interfaces:var:1" value-id="xccdf_org.ssgproject.content_value_var_postfix_inet_interfaces"/>
        <check-content-ref name="oval:ssg-postfix_network_listening_disabled:def:1" href="ssg-ubuntu2404-oval.xml"/>
      </check>
    </rule-result>
    <rule-result idref="xccdf_org.ssgproject.content_rule_package_nfs-kernel-server_removed" role="full" time="2026-05-22T23:15:18+05:30" severity="low" weight="1.000000">
      <result>pass</result>
      <check system="http://oval.mitre.org/XMLSchema/oval-definitions-5">
        <check-content-ref name="oval:ssg-package_nfs-kernel-server_removed:def:1" href="ssg-ubuntu2404-oval.xml"/>
      </check>
    </rule-result>
    <rule-result idref="xccdf_org.ssgproject.content_rule_package_rpcbind_removed" role="full" time="2026-05-22T23:15:18+05:30" severity="low" weight="1.000000">
      <result>pass</result>
      <check system="http://oval.mitre.org/XMLSchema/oval-definitions-5">
        <check-content-ref name="oval:ssg-package_rpcbind_removed:def:1" href="ssg-ubuntu2404-oval.xml"/>
      </check>
    </rule-result>
    <rule-result idref="xccdf_org.ssgproject.content_rule_service_rpcbind_disabled" role="full" time="2026-05-22T23:15:19+05:30" severity="low" weight="1.000000">
      <result>pass</result>
      <check system="http://oval.mitre.org/XMLSchema/oval-definitions-5">
        <check-content-ref name="oval:ssg-service_rpcbind_disabled:def:1" href="ssg-ubuntu2404-oval.xml"/>
      </check>
    </rule-result>
    <rule-result idref="xccdf_org.ssgproject.content_rule_service_nfs_disabled" role="full" time="2026-05-22T23:15:20+05:30" severity="unknown" weight="1.000000">
      <result>pass</result>
      <check system="http://oval.mitre.org/XMLSchema/oval-definitions-5">
        <check-content-ref name="oval:ssg-service_nfs_disabled:def:1" href="ssg-ubuntu2404-oval.xml"/>
      </check>
    </rule-result>
    <rule-result idref="xccdf_org.ssgproject.content_rule_package_chrony_installed" role="full" time="2026-05-22T23:15:20+05:30" severity="medium" weight="1.000000">
      <result>pass</result>
      <check system="http://oval.mitre.org/XMLSchema/oval-definitions-5">
        <check-export export-name="oval:ssg-var_timesync_service:var:1" value-id="xccdf_org.ssgproject.content_value_var_timesync_service"/>
        <check-content-ref name="oval:ssg-package_chrony_installed:def:1" href="ssg-ubuntu2404-oval.xml"/>
      </check>
    </rule-result>
    <rule-result idref="xccdf_org.ssgproject.content_rule_package_timesyncd_installed" role="full" time="2026-05-22T23:15:20+05:30" severity="high" weight="1.000000">
      <result>pass</result>
      <check system="http://oval.mitre.org/XMLSchema/oval-definitions-5">
        <check-export export-name="oval:ssg-var_timesync_service:var:1" value-id="xccdf_org.ssgproject.content_value_var_timesync_service"/>
        <check-content-ref name="oval:ssg-package_timesyncd_installed:def:1" href="ssg-ubuntu2404-oval.xml"/>
      </check>
    </rule-result>
    <rule-result idref="xccdf_org.ssgproject.content_rule_service_chronyd_enabled" role="full" time="2026-05-22T23:15:20+05:30" severity="medium" weight="1.000000">
      <result>notapplicable</result>
    </rule-result>
    <rule-result idref="xccdf_org.ssgproject.content_rule_service_timesyncd_enabled" role="full" time="2026-05-22T23:15:22+05:30" severity="high" weight="1.000000">
      <result>pass</result>
      <check system="http://oval.mitre.org/XMLSchema/oval-definitions-5">
        <check-export export-name="oval:ssg-var_timesync_service:var:1" value-id="xccdf_org.ssgproject.content_value_var_timesync_service"/>
        <check-content-ref name="oval:ssg-service_timesyncd_enabled:def:1" href="ssg-ubuntu2404-oval.xml"/>
      </check>
    </rule-result>
    <rule-result idref="xccdf_org.ssgproject.content_rule_service_chronyd_disabled" role="full" time="2026-05-22T23:15:22+05:30" severity="medium" weight="1.000000">
      <result>notapplicable</result>
    </rule-result>
    <rule-result idref="xccdf_org.ssgproject.content_rule_service_timesyncd_disabled" role="full" time="2026-05-22T23:15:23+05:30" severity="medium" weight="1.000000">
      <result>pass</result>
      <check system="http://oval.mitre.org/XMLSchema/oval-definitions-5">
        <check-export export-name="oval:ssg-var_timesync_service:var:1" value-id="xccdf_org.ssgproject.content_value_var_timesync_service"/>
        <check-content-ref name="oval:ssg-service_timesyncd_disabled:def:1" href="ssg-ubuntu2404-oval.xml"/>
      </check>
    </rule-result>
    <rule-result idref="xccdf_org.ssgproject.content_rule_chronyd_configure_pool_and_server" role="full" time="2026-05-22T23:15:23+05:30" severity="medium" weight="1.000000">
      <result>notapplicable</result>
    </rule-result>
    <rule-result idref="xccdf_org.ssgproject.content_rule_chronyd_run_as_chrony_user" role="full" time="2026-05-22T23:15:23+05:30" severity="medium" weight="1.000000">
      <result>notapplicable</result>
    </rule-result>
    <rule-result idref="xccdf_org.ssgproject.content_rule_ntp_single_service_active" role="full" time="2026-05-22T23:15:24+05:30" severity="medium" weight="1.000000">
      <result>pass</result>
      <check system="http://oval.mitre.org/XMLSchema/oval-definitions-5">
        <check-content-ref name="oval:ssg-ntp_single_service_active:def:1" href="ssg-ubuntu2404-oval.xml"/>
      </check>
    </rule-result>
    <rule-result idref="xccdf_org.ssgproject.content_rule_service_timesyncd_configured" role="full" time="2026-05-22T23:15:24+05:30" severity="medium" weight="1.000000">
      <result>pass</result>
      <check system="http://oval.mitre.org/XMLSchema/oval-definitions-5">
        <check-export export-name="oval:ssg-var_multiple_time_servers:var:1" value-id="xccdf_org.ssgproject.content_value_var_multiple_time_servers"/>
        <check-content-ref name="oval:ssg-service_timesyncd_configured:def:1" href="ssg-ubuntu2404-oval.xml"/>
      </check>
    </rule-result>
    <rule-result idref="xccdf_org.ssgproject.content_rule_package_rsync_removed" role="full" time="2026-05-22T23:15:24+05:30" severity="medium" weight="1.000000">
      <result>pass</result>
      <check system="http://oval.mitre.org/XMLSchema/oval-definitions-5">
        <check-content-ref name="oval:ssg-package_rsync_removed:def:1" href="ssg-ubuntu2404-oval.xml"/>
      </check>
    </rule-result>
    <rule-result idref="xccdf_org.ssgproject.content_rule_service_rsyncd_disabled" role="full" time="2026-05-22T23:15:25+05:30" severity="medium" weight="1.000000">
      <result>pass</result>
      <check system="http://oval.mitre.org/XMLSchema/oval-definitions-5">
        <check-content-ref name="oval:ssg-service_rsyncd_disabled:def:1" href="ssg-ubuntu2404-oval.xml"/>
      </check>
    </rule-result>
    <rule-result idref="xccdf_org.ssgproject.content_rule_package_xinetd_removed" role="full" time="2026-05-22T23:15:25+05:30" severity="low" weight="1.000000">
      <result>pass</result>
      <check system="http://oval.mitre.org/XMLSchema/oval-definitions-5">
        <check-content-ref name="oval:ssg-package_xinetd_removed:def:1" href="ssg-ubuntu2404-oval.xml"/>
      </check>
    </rule-result>
    <rule-result idref="xccdf_org.ssgproject.content_rule_service_xinetd_disabled" role="full" time="2026-05-22T23:15:26+05:30" severity="medium" weight="1.000000">
      <result>pass</result>
      <check system="http://oval.mitre.org/XMLSchema/oval-definitions-5">
        <check-content-ref name="oval:ssg-service_xinetd_disabled:def:1" href="ssg-ubuntu2404-oval.xml"/>
      </check>
    </rule-result>
    <rule-result idref="xccdf_org.ssgproject.content_rule_package_ypserv_removed" role="full" time="2026-05-22T23:15:26+05:30" severity="high" weight="1.000000">
      <result>pass</result>
      <check system="http://oval.mitre.org/XMLSchema/oval-definitions-5">
        <check-content-ref name="oval:ssg-package_ypserv_removed:def:1" href="ssg-ubuntu2404-oval.xml"/>
      </check>
    </rule-result>
    <rule-result idref="xccdf_org.ssgproject.content_rule_service_ypserv_disabled" role="full" time="2026-05-22T23:15:27+05:30" severity="medium" weight="1.000000">
      <result>pass</result>
      <check system="http://oval.mitre.org/XMLSchema/oval-definitions-5">
        <check-content-ref name="oval:ssg-service_ypserv_disabled:def:1" href="ssg-ubuntu2404-oval.xml"/>
      </check>
    </rule-result>
    <rule-result idref="xccdf_org.ssgproject.content_rule_package_rsh_removed" role="full" time="2026-05-22T23:15:27+05:30" severity="unknown" weight="1.000000">
      <result>pass</result>
      <check system="http://oval.mitre.org/XMLSchema/oval-definitions-5">
        <check-content-ref name="oval:ssg-package_rsh_removed:def:1" href="ssg-ubuntu2404-oval.xml"/>
      </check>
    </rule-result>
    <rule-result idref="xccdf_org.ssgproject.content_rule_no_rsh_trust_files" role="full" time="2026-05-22T23:15:27+05:30" severity="high" weight="1.000000">
      <result>notapplicable</result>
    </rule-result>
    <rule-result idref="xccdf_org.ssgproject.content_rule_package_talk_removed" role="full" time="2026-05-22T23:15:27+05:30" severity="medium" weight="1.000000">
      <result>pass</result>
      <check system="http://oval.mitre.org/XMLSchema/oval-definitions-5">
        <check-content-ref name="oval:ssg-package_talk_removed:def:1" href="ssg-ubuntu2404-oval.xml"/>
      </check>
    </rule-result>
    <rule-result idref="xccdf_org.ssgproject.content_rule_package_telnet_removed" role="full" time="2026-05-22T23:15:27+05:30" severity="low" weight="1.000000">
      <result>pass</result>
      <check system="http://oval.mitre.org/XMLSchema/oval-definitions-5">
        <check-content-ref name="oval:ssg-package_telnet_removed:def:1" href="ssg-ubuntu2404-oval.xml"/>
      </check>
    </rule-result>
    <rule-result idref="xccdf_org.ssgproject.content_rule_package_tftp-server_removed" role="full" time="2026-05-22T23:15:27+05:30" severity="high" weight="1.000000">
      <result>pass</result>
      <check system="http://oval.mitre.org/XMLSchema/oval-definitions-5">
        <check-content-ref name="oval:ssg-package_tftp-server_removed:def:1" href="ssg-ubuntu2404-oval.xml"/>
      </check>
    </rule-result>
    <rule-result idref="xccdf_org.ssgproject.content_rule_service_tftp_disabled" role="full" time="2026-05-22T23:15:29+05:30" severity="high" weight="1.000000">
      <result>pass</result>
      <check system="http://oval.mitre.org/XMLSchema/oval-definitions-5">
        <check-content-ref name="oval:ssg-service_tftp_disabled:def:1" href="ssg-ubuntu2404-oval.xml"/>
      </check>
    </rule-result>
    <rule-result idref="xccdf_org.ssgproject.content_rule_package_cups_removed" role="full" time="2026-05-22T23:15:29+05:30" severity="unknown" weight="1.000000">
      <result>notselected</result>
    </rule-result>
    <rule-result idref="xccdf_org.ssgproject.content_rule_service_cups_disabled" role="full" time="2026-05-22T23:15:29+05:30" severity="unknown" weight="1.000000">
      <result>notselected</result>
    </rule-result>
    <rule-result idref="xccdf_org.ssgproject.content_rule_package_squid_removed" role="full" time="2026-05-22T23:15:29+05:30" severity="unknown" weight="1.000000">
      <result>pass</result>
      <check system="http://oval.mitre.org/XMLSchema/oval-definitions-5">
        <check-content-ref name="oval:ssg-package_squid_removed:def:1" href="ssg-ubuntu2404-oval.xml"/>
      </check>
    </rule-result>
    <rule-result idref="xccdf_org.ssgproject.content_rule_service_squid_disabled" role="full" time="2026-05-22T23:15:29+05:30" severity="unknown" weight="1.000000">
      <result>notapplicable</result>
    </rule-result>
    <rule-result idref="xccdf_org.ssgproject.content_rule_package_samba_removed" role="full" time="2026-05-22T23:15:29+05:30" severity="unknown" weight="1.000000">
      <result>pass</result>
      <check system="http://oval.mitre.org/XMLSchema/oval-definitions-5">
        <check-content-ref name="oval:ssg-package_samba_removed:def:1" href="ssg-ubuntu2404-oval.xml"/>
      </check>
    </rule-result>
    <rule-result idref="xccdf_org.ssgproject.content_rule_service_smb_disabled" role="full" time="2026-05-22T23:15:30+05:30" severity="low" weight="1.000000">
      <result>pass</result>
      <check system="http://oval.mitre.org/XMLSchema/oval-definitions-5">
        <check-content-ref name="oval:ssg-service_smb_disabled:def:1" href="ssg-ubuntu2404-oval.xml"/>
      </check>
    </rule-result>
    <rule-result idref="xccdf_org.ssgproject.content_rule_package_net-snmp_removed" role="full" time="2026-05-22T23:15:30+05:30" severity="unknown" weight="1.000000">
      <result>pass</result>
      <check system="http://oval.mitre.org/XMLSchema/oval-definitions-5">
        <check-content-ref name="oval:ssg-package_net-snmp_removed:def:1" href="ssg-ubuntu2404-oval.xml"/>
      </check>
    </rule-result>
    <rule-result idref="xccdf_org.ssgproject.content_rule_service_snmpd_disabled" role="full" time="2026-05-22T23:15:30+05:30" severity="low" weight="1.000000">
      <result>notapplicable</result>
    </rule-result>
    <rule-result idref="xccdf_org.ssgproject.content_rule_file_groupowner_sshd_config" role="full" time="2026-05-22T23:15:30+05:30" severity="medium" weight="1.000000">
      <result>pass</result>
      <check system="http://oval.mitre.org/XMLSchema/oval-definitions-5">
        <check-content-ref name="oval:ssg-file_groupowner_sshd_config:def:1" href="ssg-ubuntu2404-oval.xml"/>
      </check>
    </rule-result>
    <rule-result idref="xccdf_org.ssgproject.content_rule_file_owner_sshd_config" role="full" time="2026-05-22T23:15:30+05:30" severity="medium" weight="1.000000">
      <result>pass</result>
      <check system="http://oval.mitre.org/XMLSchema/oval-definitions-5">
        <check-content-ref name="oval:ssg-file_owner_sshd_config:def:1" href="ssg-ubuntu2404-oval.xml"/>
      </check>
    </rule-result>
    <rule-result idref="xccdf_org.ssgproject.content_rule_file_permissions_sshd_config" role="full" time="2026-05-22T23:15:30+05:30" severity="medium" weight="1.000000">
      <result>pass</result>
      <check system="http://oval.mitre.org/XMLSchema/oval-definitions-5">
        <check-content-ref name="oval:ssg-file_permissions_sshd_config:def:1" href="ssg-ubuntu2404-oval.xml"/>
      </check>
    </rule-result>
    <rule-result idref="xccdf_org.ssgproject.content_rule_file_permissions_sshd_private_key" role="full" time="2026-05-22T23:15:30+05:30" severity="medium" weight="1.000000">
      <result>pass</result>
      <check system="http://oval.mitre.org/XMLSchema/oval-definitions-5">
        <check-content-ref name="oval:ssg-file_permissions_sshd_private_key:def:1" href="ssg-ubuntu2404-oval.xml"/>
      </check>
    </rule-result>
    <rule-result idref="xccdf_org.ssgproject.content_rule_file_permissions_sshd_pub_key" role="full" time="2026-05-22T23:15:30+05:30" severity="medium" weight="1.000000">
      <result>pass</result>
      <check system="http://oval.mitre.org/XMLSchema/oval-definitions-5">
        <check-content-ref name="oval:ssg-file_permissions_sshd_pub_key:def:1" href="ssg-ubuntu2404-oval.xml"/>
      </check>
    </rule-result>
    <rule-result idref="xccdf_org.ssgproject.content_rule_sshd_set_keepalive" role="full" time="2026-05-22T23:15:30+05:30" severity="medium" weight="1.000000">
      <result>pass</result>
      <check system="http://oval.mitre.org/XMLSchema/oval-definitions-5">
        <check-export export-name="oval:ssg-var_sshd_set_keepalive:var:1" value-id="xccdf_org.ssgproject.content_value_var_sshd_set_keepalive"/>
        <check-export export-name="oval:ssg-sshd_required:var:1" value-id="xccdf_org.ssgproject.content_value_sshd_required"/>
        <check-content-ref name="oval:ssg-sshd_set_keepalive:def:1" href="ssg-ubuntu2404-oval.xml"/>
      </check>
    </rule-result>
    <rule-result idref="xccdf_org.ssgproject.content_rule_sshd_set_idle_timeout" role="full" time="2026-05-22T23:15:30+05:30" severity="medium" weight="1.000000">
      <result>pass</result>
      <check system="http://oval.mitre.org/XMLSchema/oval-definitions-5">
        <check-export export-name="oval:ssg-var_sshd_set_keepalive:var:1" value-id="xccdf_org.ssgproject.content_value_var_sshd_set_keepalive"/>
        <check-export export-name="oval:ssg-sshd_required:var:1" value-id="xccdf_org.ssgproject.content_value_sshd_required"/>
        <check-export export-name="oval:ssg-sshd_idle_timeout_value:var:1" value-id="xccdf_org.ssgproject.content_value_sshd_idle_timeout_value"/>
        <check-content-ref name="oval:ssg-sshd_set_idle_timeout:def:1" href="ssg-ubuntu2404-oval.xml"/>
      </check>
    </rule-result>
    <rule-result idref="xccdf_org.ssgproject.content_rule_disable_host_auth" role="full" time="2026-05-22T23:15:30+05:30" severity="medium" weight="1.000000">
      <result>pass</result>
      <check system="http://oval.mitre.org/XMLSchema/oval-definitions-5">
        <check-export export-name="oval:ssg-sshd_required:var:1" value-id="xccdf_org.ssgproject.content_value_sshd_required"/>
        <check-content-ref name="oval:ssg-disable_host_auth:def:1" href="ssg-ubuntu2404-oval.xml"/>
      </check>
    </rule-result>
    <rule-result idref="xccdf_org.ssgproject.content_rule_sshd_disable_empty_passwords" role="full" time="2026-05-22T23:15:30+05:30" severity="high" weight="1.000000">
      <result>pass</result>
      <check system="http://oval.mitre.org/XMLSchema/oval-definitions-5">
        <check-export export-name="oval:ssg-sshd_required:var:1" value-id="xccdf_org.ssgproject.content_value_sshd_required"/>
        <check-content-ref name="oval:ssg-sshd_disable_empty_passwords:def:1" href="ssg-ubuntu2404-oval.xml"/>
      </check>
    </rule-result>
    <rule-result idref="xccdf_org.ssgproject.content_rule_sshd_disable_forwarding" role="full" time="2026-05-22T23:15:30+05:30" severity="medium" weight="1.000000">
      <result>pass</result>
      <check system="http://oval.mitre.org/XMLSchema/oval-definitions-5">
        <check-export export-name="oval:ssg-sshd_required:var:1" value-id="xccdf_org.ssgproject.content_value_sshd_required"/>
        <check-content-ref name="oval:ssg-sshd_disable_forwarding:def:1" href="ssg-ubuntu2404-oval.xml"/>
      </check>
    </rule-result>
    <rule-result idref="xccdf_org.ssgproject.content_rule_sshd_disable_gssapi_auth" role="full" time="2026-05-22T23:15:30+05:30" severity="medium" weight="1.000000">
      <result>pass</result>
      <check system="http://oval.mitre.org/XMLSchema/oval-definitions-5">
        <check-export export-name="oval:ssg-sshd_required:var:1" value-id="xccdf_org.ssgproject.content_value_sshd_required"/>
        <check-content-ref name="oval:ssg-sshd_disable_gssapi_auth:def:1" href="ssg-ubuntu2404-oval.xml"/>
      </check>
    </rule-result>
    <rule-result idref="xccdf_org.ssgproject.content_rule_sshd_disable_rhosts" role="full" time="2026-05-22T23:15:30+05:30" severity="medium" weight="1.000000">
      <result>pass</result>
      <check system="http://oval.mitre.org/XMLSchema/oval-definitions-5">
        <check-export export-name="oval:ssg-sshd_required:var:1" value-id="xccdf_org.ssgproject.content_value_sshd_required"/>
        <check-content-ref name="oval:ssg-sshd_disable_rhosts:def:1" href="ssg-ubuntu2404-oval.xml"/>
      </check>
    </rule-result>
    <rule-result idref="xccdf_org.ssgproject.content_rule_sshd_disable_root_login" role="full" time="2026-05-22T23:15:30+05:30" severity="medium" weight="1.000000">
      <result>pass</result>
      <check system="http://oval.mitre.org/XMLSchema/oval-definitions-5">
        <check-export export-name="oval:ssg-sshd_required:var:1" value-id="xccdf_org.ssgproject.content_value_sshd_required"/>
        <check-content-ref name="oval:ssg-sshd_disable_root_login:def:1" href="ssg-ubuntu2404-oval.xml"/>
      </check>
    </rule-result>
    <rule-result idref="xccdf_org.ssgproject.content_rule_sshd_do_not_permit_user_env" role="full" time="2026-05-22T23:15:30+05:30" severity="medium" weight="1.000000">
      <result>pass</result>
      <check system="http://oval.mitre.org/XMLSchema/oval-definitions-5">
        <check-export export-name="oval:ssg-sshd_required:var:1" value-id="xccdf_org.ssgproject.content_value_sshd_required"/>
        <check-content-ref name="oval:ssg-sshd_do_not_permit_user_env:def:1" href="ssg-ubuntu2404-oval.xml"/>
      </check>
    </rule-result>
    <rule-result idref="xccdf_org.ssgproject.content_rule_sshd_enable_pam" role="full" time="2026-05-22T23:15:30+05:30" severity="medium" weight="1.000000">
      <result>pass</result>
      <check system="http://oval.mitre.org/XMLSchema/oval-definitions-5">
        <check-export export-name="oval:ssg-sshd_required:var:1" value-id="xccdf_org.ssgproject.content_value_sshd_required"/>
        <check-content-ref name="oval:ssg-sshd_enable_pam:def:1" href="ssg-ubuntu2404-oval.xml"/>
      </check>
    </rule-result>
    <rule-result idref="xccdf_org.ssgproject.content_rule_sshd_enable_warning_banner_net" role="full" time="2026-05-22T23:15:30+05:30" severity="medium" weight="1.000000">
      <result>pass</result>
      <check system="http://oval.mitre.org/XMLSchema/oval-definitions-5">
        <check-export export-name="oval:ssg-sshd_required:var:1" value-id="xccdf_org.ssgproject.content_value_sshd_required"/>
        <check-content-ref name="oval:ssg-sshd_enable_warning_banner_net:def:1" href="ssg-ubuntu2404-oval.xml"/>
      </check>
    </rule-result>
    <rule-result idref="xccdf_org.ssgproject.content_rule_sshd_limit_user_access" role="full" time="2026-05-22T23:15:30+05:30" severity="unknown" weight="1.000000">
      <result>fail</result>
      <check system="http://oval.mitre.org/XMLSchema/oval-definitions-5">
        <check-content-ref name="oval:ssg-sshd_limit_user_access:def:1" href="ssg-ubuntu2404-oval.xml"/>
      </check>
    </rule-result>
    <rule-result idref="xccdf_org.ssgproject.content_rule_sshd_set_login_grace_time" role="full" time="2026-05-22T23:15:30+05:30" severity="medium" weight="1.000000">
      <result>pass</result>
      <check system="http://oval.mitre.org/XMLSchema/oval-definitions-5">
        <check-export export-name="oval:ssg-var_sshd_set_login_grace_time:var:1" value-id="xccdf_org.ssgproject.content_value_var_sshd_set_login_grace_time"/>
        <check-export export-name="oval:ssg-sshd_required:var:1" value-id="xccdf_org.ssgproject.content_value_sshd_required"/>
        <check-content-ref name="oval:ssg-sshd_set_login_grace_time:def:1" href="ssg-ubuntu2404-oval.xml"/>
      </check>
    </rule-result>
    <rule-result idref="xccdf_org.ssgproject.content_rule_sshd_set_loglevel_info" role="full" time="2026-05-22T23:15:30+05:30" severity="low" weight="1.000000">
      <result>pass</result>
      <check system="http://oval.mitre.org/XMLSchema/oval-definitions-5">
        <check-export export-name="oval:ssg-sshd_required:var:1" value-id="xccdf_org.ssgproject.content_value_sshd_required"/>
        <check-content-ref name="oval:ssg-sshd_set_loglevel_info:def:1" href="ssg-ubuntu2404-oval.xml"/>
      </check>
    </rule-result>
    <rule-result idref="xccdf_org.ssgproject.content_rule_sshd_set_max_auth_tries" role="full" time="2026-05-22T23:15:30+05:30" severity="medium" weight="1.000000">
      <result>pass</result>
      <check system="http://oval.mitre.org/XMLSchema/oval-definitions-5">
        <check-export export-name="oval:ssg-sshd_required:var:1" value-id="xccdf_org.ssgproject.content_value_sshd_required"/>
        <check-export export-name="oval:ssg-sshd_max_auth_tries_value:var:1" value-id="xccdf_org.ssgproject.content_value_sshd_max_auth_tries_value"/>
        <check-content-ref name="oval:ssg-sshd_set_max_auth_tries:def:1" href="ssg-ubuntu2404-oval.xml"/>
      </check>
    </rule-result>
    <rule-result idref="xccdf_org.ssgproject.content_rule_sshd_set_max_sessions" role="full" time="2026-05-22T23:15:30+05:30" severity="medium" weight="1.000000">
      <result>pass</result>
      <check system="http://oval.mitre.org/XMLSchema/oval-definitions-5">
        <check-export export-name="oval:ssg-var_sshd_max_sessions:var:1" value-id="xccdf_org.ssgproject.content_value_var_sshd_max_sessions"/>
        <check-export export-name="oval:ssg-sshd_required:var:1" value-id="xccdf_org.ssgproject.content_value_sshd_required"/>
        <check-content-ref name="oval:ssg-sshd_set_max_sessions:def:1" href="ssg-ubuntu2404-oval.xml"/>
      </check>
    </rule-result>
    <rule-result idref="xccdf_org.ssgproject.content_rule_sshd_set_maxstartups" role="full" time="2026-05-22T23:15:30+05:30" severity="medium" weight="1.000000">
      <result>pass</result>
      <check system="http://oval.mitre.org/XMLSchema/oval-definitions-5">
        <check-export export-name="oval:ssg-var_sshd_set_maxstartups:var:1" value-id="xccdf_org.ssgproject.content_value_var_sshd_set_maxstartups"/>
        <check-export export-name="oval:ssg-sshd_required:var:1" value-id="xccdf_org.ssgproject.content_value_sshd_required"/>
        <check-content-ref name="oval:ssg-sshd_set_maxstartups:def:1" href="ssg-ubuntu2404-oval.xml"/>
      </check>
    </rule-result>
    <rule-result idref="xccdf_org.ssgproject.content_rule_sshd_use_strong_ciphers" role="full" time="2026-05-22T23:15:30+05:30" severity="medium" weight="1.000000">
      <result>pass</result>
      <check system="http://oval.mitre.org/XMLSchema/oval-definitions-5">
        <check-export export-name="oval:ssg-sshd_required:var:1" value-id="xccdf_org.ssgproject.content_value_sshd_required"/>
        <check-content-ref name="oval:ssg-sshd_use_strong_ciphers:def:1" href="ssg-ubuntu2404-oval.xml"/>
      </check>
    </rule-result>
    <rule-result idref="xccdf_org.ssgproject.content_rule_sshd_use_strong_kex" role="full" time="2026-05-22T23:15:30+05:30" severity="medium" weight="1.000000">
      <result>pass</result>
      <check system="http://oval.mitre.org/XMLSchema/oval-definitions-5">
        <check-export export-name="oval:ssg-sshd_strong_kex:var:1" value-id="xccdf_org.ssgproject.content_value_sshd_strong_kex"/>
        <check-export export-name="oval:ssg-sshd_required:var:1" value-id="xccdf_org.ssgproject.content_value_sshd_required"/>
        <check-content-ref name="oval:ssg-sshd_use_strong_kex:def:1" href="ssg-ubuntu2404-oval.xml"/>
      </check>
    </rule-result>
    <rule-result idref="xccdf_org.ssgproject.content_rule_sshd_use_strong_macs" role="full" time="2026-05-22T23:15:30+05:30" severity="medium" weight="1.000000">
      <result>pass</result>
      <check system="http://oval.mitre.org/XMLSchema/oval-definitions-5">
        <check-export export-name="oval:ssg-sshd_strong_macs:var:1" value-id="xccdf_org.ssgproject.content_value_sshd_strong_macs"/>
        <check-export export-name="oval:ssg-sshd_required:var:1" value-id="xccdf_org.ssgproject.content_value_sshd_required"/>
        <check-content-ref name="oval:ssg-sshd_use_strong_macs:def:1" href="ssg-ubuntu2404-oval.xml"/>
      </check>
    </rule-result>
    <rule-result idref="xccdf_org.ssgproject.content_rule_package_xorg-x11-server-common_removed" role="full" time="2026-05-22T23:15:30+05:30" severity="medium" weight="1.000000">
      <result>notselected</result>
    </rule-result>
    <rule-result idref="xccdf_org.ssgproject.content_rule_package_audit-audispd-plugins_installed" role="full" time="2026-05-22T23:15:30+05:30" severity="medium" weight="1.000000">
      <result>notselected</result>
    </rule-result>
    <rule-result idref="xccdf_org.ssgproject.content_rule_package_audit_installed" role="full" time="2026-05-22T23:15:30+05:30" severity="medium" weight="1.000000">
      <result>notselected</result>
    </rule-result>
    <rule-result idref="xccdf_org.ssgproject.content_rule_service_auditd_enabled" role="full" time="2026-05-22T23:15:30+05:30" severity="medium" weight="1.000000">
      <result>notselected</result>
    </rule-result>
    <rule-result idref="xccdf_org.ssgproject.content_rule_grub2_audit_argument" role="full" time="2026-05-22T23:15:30+05:30" severity="low" weight="1.000000">
      <result>notselected</result>
    </rule-result>
    <rule-result idref="xccdf_org.ssgproject.content_rule_grub2_audit_backlog_limit_argument" role="full" time="2026-05-22T23:15:30+05:30" severity="low" weight="1.000000">
      <result>notselected</result>
    </rule-result>
    <rule-result idref="xccdf_org.ssgproject.content_rule_audit_rules_immutable" role="full" time="2026-05-22T23:15:30+05:30" severity="medium" weight="1.000000">
      <result>notselected</result>
    </rule-result>
    <rule-result idref="xccdf_org.ssgproject.content_rule_audit_rules_mac_modification_etc_apparmor" role="full" time="2026-05-22T23:15:30+05:30" severity="medium" weight="1.000000">
      <result>notselected</result>
    </rule-result>
    <rule-result idref="xccdf_org.ssgproject.content_rule_audit_rules_mac_modification_etc_apparmor_d" role="full" time="2026-05-22T23:15:30+05:30" severity="medium" weight="1.000000">
      <result>notselected</result>
    </rule-result>
    <rule-result idref="xccdf_org.ssgproject.content_rule_audit_rules_media_export" role="full" time="2026-05-22T23:15:30+05:30" severity="medium" weight="1.000000">
      <result>notselected</result>
    </rule-result>
    <rule-result idref="xccdf_org.ssgproject.content_rule_audit_rules_networkconfig_modification" role="full" time="2026-05-22T23:15:30+05:30" severity="medium" weight="1.000000">
      <result>notselected</result>
    </rule-result>
    <rule-result idref="xccdf_org.ssgproject.content_rule_audit_rules_session_events" role="full" time="2026-05-22T23:15:30+05:30" severity="medium" weight="1.000000">
      <result>notselected</result>
    </rule-result>
    <rule-result idref="xccdf_org.ssgproject.content_rule_audit_rules_suid_privilege_function" role="full" time="2026-05-22T23:15:30+05:30" severity="medium" weight="1.000000">
      <result>notselected</result>
    </rule-result>
    <rule-result idref="xccdf_org.ssgproject.content_rule_audit_rules_sysadmin_actions" role="full" time="2026-05-22T23:15:30+05:30" severity="medium" weight="1.000000">
      <result>notselected</result>
    </rule-result>
    <rule-result idref="xccdf_org.ssgproject.content_rule_audit_rules_usergroup_modification_group" role="full" time="2026-05-22T23:15:30+05:30" severity="medium" weight="1.000000">
      <result>notselected</result>
    </rule-result>
    <rule-result idref="xccdf_org.ssgproject.content_rule_audit_rules_usergroup_modification_gshadow" role="full" time="2026-05-22T23:15:30+05:30" severity="medium" weight="1.000000">
      <result>notselected</result>
    </rule-result>
    <rule-result idref="xccdf_org.ssgproject.content_rule_audit_rules_usergroup_modification_nsswitch_conf" role="full" time="2026-05-22T23:15:30+05:30" severity="medium" weight="1.000000">
      <result>notselected</result>
    </rule-result>
    <rule-result idref="xccdf_org.ssgproject.content_rule_audit_rules_usergroup_modification_opasswd" role="full" time="2026-05-22T23:15:30+05:30" severity="medium" weight="1.000000">
      <result>notselected</result>
    </rule-result>
    <rule-result idref="xccdf_org.ssgproject.content_rule_audit_rules_usergroup_modification_pam_conf" role="full" time="2026-05-22T23:15:30+05:30" severity="medium" weight="1.000000">
      <result>notselected</result>
    </rule-result>
    <rule-result idref="xccdf_org.ssgproject.content_rule_audit_rules_usergroup_modification_pamd" role="full" time="2026-05-22T23:15:30+05:30" severity="medium" weight="1.000000">
      <result>notselected</result>
    </rule-result>
    <rule-result idref="xccdf_org.ssgproject.content_rule_audit_rules_usergroup_modification_passwd" role="full" time="2026-05-22T23:15:30+05:30" severity="medium" weight="1.000000">
      <result>notselected</result>
    </rule-result>
    <rule-result idref="xccdf_org.ssgproject.content_rule_audit_rules_usergroup_modification_shadow" role="full" time="2026-05-22T23:15:30+05:30" severity="medium" weight="1.000000">
      <result>notselected</result>
    </rule-result>
    <rule-result idref="xccdf_org.ssgproject.content_rule_audit_sudo_log_events" role="full" time="2026-05-22T23:15:30+05:30" severity="medium" weight="1.000000">
      <result>notselected</result>
    </rule-result>
    <rule-result idref="xccdf_org.ssgproject.content_rule_directory_permissions_var_log_audit" role="full" time="2026-05-22T23:15:30+05:30" severity="medium" weight="1.000000">
      <result>notselected</result>
    </rule-result>
    <rule-result idref="xccdf_org.ssgproject.content_rule_file_group_ownership_var_log_audit" role="full" time="2026-05-22T23:15:30+05:30" severity="medium" weight="1.000000">
      <result>notselected</result>
    </rule-result>
    <rule-result idref="xccdf_org.ssgproject.content_rule_file_groupownership_audit_configuration" role="full" time="2026-05-22T23:15:30+05:30" severity="medium" weight="1.000000">
      <result>notselected</result>
    </rule-result>
    <rule-result idref="xccdf_org.ssgproject.content_rule_file_ownership_audit_configuration" role="full" time="2026-05-22T23:15:30+05:30" severity="medium" weight="1.000000">
      <result>notselected</result>
    </rule-result>
    <rule-result idref="xccdf_org.ssgproject.content_rule_file_ownership_var_log_audit_stig" role="full" time="2026-05-22T23:15:30+05:30" severity="medium" weight="1.000000">
      <result>notselected</result>
    </rule-result>
    <rule-result idref="xccdf_org.ssgproject.content_rule_file_permissions_var_log_audit" role="full" time="2026-05-22T23:15:30+05:30" severity="medium" weight="1.000000">
      <result>notselected</result>
    </rule-result>
    <rule-result idref="xccdf_org.ssgproject.content_rule_audit_rules_dac_modification_chmod" role="full" time="2026-05-22T23:15:30+05:30" severity="medium" weight="1.000000">
      <result>notselected</result>
    </rule-result>
    <rule-result idref="xccdf_org.ssgproject.content_rule_audit_rules_dac_modification_chown" role="full" time="2026-05-22T23:15:30+05:30" severity="medium" weight="1.000000">
      <result>notselected</result>
    </rule-result>
    <rule-result idref="xccdf_org.ssgproject.content_rule_audit_rules_dac_modification_fchmod" role="full" time="2026-05-22T23:15:30+05:30" severity="medium" weight="1.000000">
      <result>notselected</result>
    </rule-result>
    <rule-result idref="xccdf_org.ssgproject.content_rule_audit_rules_dac_modification_fchmodat" role="full" time="2026-05-22T23:15:30+05:30" severity="medium" weight="1.000000">
      <result>notselected</result>
    </rule-result>
    <rule-result idref="xccdf_org.ssgproject.content_rule_audit_rules_dac_modification_fchown" role="full" time="2026-05-22T23:15:30+05:30" severity="medium" weight="1.000000">
      <result>notselected</result>
    </rule-result>
    <rule-result idref="xccdf_org.ssgproject.content_rule_audit_rules_dac_modification_fchownat" role="full" time="2026-05-22T23:15:30+05:30" severity="medium" weight="1.000000">
      <result>notselected</result>
    </rule-result>
    <rule-result idref="xccdf_org.ssgproject.content_rule_audit_rules_dac_modification_fremovexattr" role="full" time="2026-05-22T23:15:30+05:30" severity="medium" weight="1.000000">
      <result>notselected</result>
    </rule-result>
    <rule-result idref="xccdf_org.ssgproject.content_rule_audit_rules_dac_modification_fsetxattr" role="full" time="2026-05-22T23:15:30+05:30" severity="medium" weight="1.000000">
      <result>notselected</result>
    </rule-result>
    <rule-result idref="xccdf_org.ssgproject.content_rule_audit_rules_dac_modification_lchown" role="full" time="2026-05-22T23:15:30+05:30" severity="medium" weight="1.000000">
      <result>notselected</result>
    </rule-result>
    <rule-result idref="xccdf_org.ssgproject.content_rule_audit_rules_dac_modification_lremovexattr" role="full" time="2026-05-22T23:15:30+05:30" severity="medium" weight="1.000000">
      <result>notselected</result>
    </rule-result>
    <rule-result idref="xccdf_org.ssgproject.content_rule_audit_rules_dac_modification_lsetxattr" role="full" time="2026-05-22T23:15:30+05:30" severity="medium" weight="1.000000">
      <result>notselected</result>
    </rule-result>
    <rule-result idref="xccdf_org.ssgproject.content_rule_audit_rules_dac_modification_removexattr" role="full" time="2026-05-22T23:15:30+05:30" severity="medium" weight="1.000000">
      <result>notselected</result>
    </rule-result>
    <rule-result idref="xccdf_org.ssgproject.content_rule_audit_rules_dac_modification_setxattr" role="full" time="2026-05-22T23:15:30+05:30" severity="medium" weight="1.000000">
      <result>notselected</result>
    </rule-result>
    <rule-result idref="xccdf_org.ssgproject.content_rule_audit_rules_execution_chacl" role="full" time="2026-05-22T23:15:30+05:30" severity="medium" weight="1.000000">
      <result>notselected</result>
    </rule-result>
    <rule-result idref="xccdf_org.ssgproject.content_rule_audit_rules_execution_setfacl" role="full" time="2026-05-22T23:15:30+05:30" severity="medium" weight="1.000000">
      <result>notselected</result>
    </rule-result>
    <rule-result idref="xccdf_org.ssgproject.content_rule_audit_rules_execution_chcon" role="full" time="2026-05-22T23:15:30+05:30" severity="medium" weight="1.000000">
      <result>notselected</result>
    </rule-result>
    <rule-result idref="xccdf_org.ssgproject.content_rule_audit_rules_file_deletion_events_rename" role="full" time="2026-05-22T23:15:30+05:30" severity="medium" weight="1.000000">
      <result>notselected</result>
    </rule-result>
    <rule-result idref="xccdf_org.ssgproject.content_rule_audit_rules_file_deletion_events_renameat" role="full" time="2026-05-22T23:15:30+05:30" severity="medium" weight="1.000000">
      <result>notselected</result>
    </rule-result>
    <rule-result idref="xccdf_org.ssgproject.content_rule_audit_rules_file_deletion_events_unlink" role="full" time="2026-05-22T23:15:30+05:30" severity="medium" weight="1.000000">
      <result>notselected</result>
    </rule-result>
    <rule-result idref="xccdf_org.ssgproject.content_rule_audit_rules_file_deletion_events_unlinkat" role="full" time="2026-05-22T23:15:30+05:30" severity="medium" weight="1.000000">
      <result>notselected</result>
    </rule-result>
    <rule-result idref="xccdf_org.ssgproject.content_rule_audit_rules_unsuccessful_file_modification_creat" role="full" time="2026-05-22T23:15:30+05:30" severity="medium" weight="1.000000">
      <result>notselected</result>
    </rule-result>
    <rule-result idref="xccdf_org.ssgproject.content_rule_audit_rules_unsuccessful_file_modification_ftruncate" role="full" time="2026-05-22T23:15:30+05:30" severity="medium" weight="1.000000">
      <result>notselected</result>
    </rule-result>
    <rule-result idref="xccdf_org.ssgproject.content_rule_audit_rules_unsuccessful_file_modification_open" role="full" time="2026-05-22T23:15:30+05:30" severity="medium" weight="1.000000">
      <result>notselected</result>
    </rule-result>
    <rule-result idref="xccdf_org.ssgproject.content_rule_audit_rules_unsuccessful_file_modification_openat" role="full" time="2026-05-22T23:15:30+05:30" severity="medium" weight="1.000000">
      <result>notselected</result>
    </rule-result>
    <rule-result idref="xccdf_org.ssgproject.content_rule_audit_rules_unsuccessful_file_modification_truncate" role="full" time="2026-05-22T23:15:30+05:30" severity="medium" weight="1.000000">
      <result>notselected</result>
    </rule-result>
    <rule-result idref="xccdf_org.ssgproject.content_rule_audit_rules_kernel_module_loading_delete" role="full" time="2026-05-22T23:15:30+05:30" severity="medium" weight="1.000000">
      <result>notselected</result>
    </rule-result>
    <rule-result idref="xccdf_org.ssgproject.content_rule_audit_rules_kernel_module_loading_init" role="full" time="2026-05-22T23:15:30+05:30" severity="medium" weight="1.000000">
      <result>notselected</result>
    </rule-result>
    <rule-result idref="xccdf_org.ssgproject.content_rule_audit_rules_login_events_faillock" role="full" time="2026-05-22T23:15:30+05:30" severity="medium" weight="1.000000">
      <result>notselected</result>
    </rule-result>
    <rule-result idref="xccdf_org.ssgproject.content_rule_audit_rules_login_events_lastlog" role="full" time="2026-05-22T23:15:30+05:30" severity="medium" weight="1.000000">
      <result>notselected</result>
    </rule-result>
    <rule-result idref="xccdf_org.ssgproject.content_rule_audit_rules_privileged_commands" role="full" time="2026-05-22T23:15:30+05:30" severity="medium" weight="1.000000">
      <result>notselected</result>
    </rule-result>
    <rule-result idref="xccdf_org.ssgproject.content_rule_audit_rules_privileged_commands_insmod" role="full" time="2026-05-22T23:15:30+05:30" severity="medium" weight="1.000000">
      <result>notselected</result>
    </rule-result>
    <rule-result idref="xccdf_org.ssgproject.content_rule_audit_rules_privileged_commands_modprobe" role="full" time="2026-05-22T23:15:30+05:30" severity="medium" weight="1.000000">
      <result>notselected</result>
    </rule-result>
    <rule-result idref="xccdf_org.ssgproject.content_rule_audit_rules_privileged_commands_rmmod" role="full" time="2026-05-22T23:15:30+05:30" severity="medium" weight="1.000000">
      <result>notselected</result>
    </rule-result>
    <rule-result idref="xccdf_org.ssgproject.content_rule_audit_rules_privileged_commands_usermod" role="full" time="2026-05-22T23:15:30+05:30" severity="medium" weight="1.000000">
      <result>notselected</result>
    </rule-result>
    <rule-result idref="xccdf_org.ssgproject.content_rule_audit_rules_time_adjtimex" role="full" time="2026-05-22T23:15:30+05:30" severity="medium" weight="1.000000">
      <result>notselected</result>
    </rule-result>
    <rule-result idref="xccdf_org.ssgproject.content_rule_audit_rules_time_clock_settime" role="full" time="2026-05-22T23:15:30+05:30" severity="medium" weight="1.000000">
      <result>notselected</result>
    </rule-result>
    <rule-result idref="xccdf_org.ssgproject.content_rule_audit_rules_time_settimeofday" role="full" time="2026-05-22T23:15:30+05:30" severity="medium" weight="1.000000">
      <result>notselected</result>
    </rule-result>
    <rule-result idref="xccdf_org.ssgproject.content_rule_audit_rules_time_watch_localtime" role="full" time="2026-05-22T23:15:30+05:30" severity="medium" weight="1.000000">
      <result>notselected</result>
    </rule-result>
    <rule-result idref="xccdf_org.ssgproject.content_rule_auditd_data_disk_error_action" role="full" time="2026-05-22T23:15:30+05:30" severity="medium" weight="1.000000">
      <result>notselected</result>
    </rule-result>
    <rule-result idref="xccdf_org.ssgproject.content_rule_auditd_data_disk_full_action" role="full" time="2026-05-22T23:15:30+05:30" severity="medium" weight="1.000000">
      <result>notselected</result>
    </rule-result>
    <rule-result idref="xccdf_org.ssgproject.content_rule_auditd_data_retention_action_mail_acct" role="full" time="2026-05-22T23:15:30+05:30" severity="medium" weight="1.000000">
      <result>notselected</result>
    </rule-result>
    <rule-result idref="xccdf_org.ssgproject.content_rule_auditd_data_retention_admin_space_left_action" role="full" time="2026-05-22T23:15:30+05:30" severity="medium" weight="1.000000">
      <result>notselected</result>
    </rule-result>
    <rule-result idref="xccdf_org.ssgproject.content_rule_auditd_data_retention_max_log_file" role="full" time="2026-05-22T23:15:30+05:30" severity="medium" weight="1.000000">
      <result>notselected</result>
    </rule-result>
    <rule-result idref="xccdf_org.ssgproject.content_rule_auditd_data_retention_max_log_file_action" role="full" time="2026-05-22T23:15:30+05:30" severity="medium" weight="1.000000">
      <result>notselected</result>
    </rule-result>
    <rule-result idref="xccdf_org.ssgproject.content_rule_auditd_data_retention_space_left_action" role="full" time="2026-05-22T23:15:30+05:30" severity="medium" weight="1.000000">
      <result>notselected</result>
    </rule-result>
    <rule-result idref="xccdf_org.ssgproject.content_rule_file_groupownership_audit_binaries" role="full" time="2026-05-22T23:15:30+05:30" severity="medium" weight="1.000000">
      <result>notselected</result>
    </rule-result>
    <rule-result idref="xccdf_org.ssgproject.content_rule_file_ownership_audit_binaries" role="full" time="2026-05-22T23:15:30+05:30" severity="medium" weight="1.000000">
      <result>notselected</result>
    </rule-result>
    <rule-result idref="xccdf_org.ssgproject.content_rule_file_permissions_audit_binaries" role="full" time="2026-05-22T23:15:30+05:30" severity="medium" weight="1.000000">
      <result>notselected</result>
    </rule-result>
    <rule-result idref="xccdf_org.ssgproject.content_rule_file_permissions_etc_audit_auditd" role="full" time="2026-05-22T23:15:30+05:30" severity="medium" weight="1.000000">
      <result>notselected</result>
    </rule-result>
    <rule-result idref="xccdf_org.ssgproject.content_rule_file_permissions_etc_audit_rules" role="full" time="2026-05-22T23:15:30+05:30" severity="medium" weight="1.000000">
      <result>notselected</result>
    </rule-result>
    <rule-result idref="xccdf_org.ssgproject.content_rule_file_permissions_etc_audit_rulesd" role="full" time="2026-05-22T23:15:30+05:30" severity="medium" weight="1.000000">
      <result>notselected</result>
    </rule-result>
    <score system="urn:xccdf:scoring:default" maximum="100.000000">87.439308</score>
  </TestResult>
</Benchmark>
